PKT t=7124 TX ua=95 mt=P len=0
PKT t=7152 RX ua=95 mt=R len=7
PKT t=7157 TX ua=95 mt=P len=0
PKT t=7166 RX ua=95 mt=R len=7
PKT t=7171 TX ua=95 mt=P len=0
PKT t=7180 RX ua=95 mt=R len=7
PKT t=7185 TX ua=95 mt=P len=0
PKT t=7194 RX ua=95 mt=R len=7
PKT t=7199 TX ua=95 mt=P len=0
PKT t=7208 RX ua=95 mt=R len=7
PKT t=7213 TX ua=95 mt=P len=0
PKT t=7222 RX ua=95 mt=R len=7
PKT t=7227 TX ua=95 mt=P len=0
PKT t=7256 RX ua=95 mt=R len=7
PKT t=7261 TX ua=95 mt=P len=0
PKT t=7270 RX ua=95 mt=R len=7
PKT t=7275 TX ua=95 mt=P len=0
PKT t=7284 RX ua=95 mt=R len=7
PKT t=7289 TX ua=95 mt=P len=0
PKT t=7306 RX ua=95 mt=R len=7
PKT t=7311 TX ua=95 mt=P len=0
PKT t=7320 RX ua=95 mt=R len=7
PKT t=7325 TX ua=95 mt=P len=0
PKT t=7356 RX ua=95 mt=R len=7
PKT t=7361 TX ua=95 mt=T len=7
PKT t=7373 TX ua=95 mt=P len=0
PKT t=7383 RX ua=95 mt=R len=7
PKT t=7388 TX ua=95 mt=P len=0
PKT t=7398 RX ua=95 mt=R len=7
PKT t=7403 TX ua=95 mt=P len=0
PKT t=7413 RX ua=95 mt=R len=7
PKT t=7418 TX ua=95 mt=P len=0
PKT t=7428 RX ua=95 mt=R len=7
PKT t=7433 TX ua=95 mt=P len=0
PKT t=7462 RX ua=95 mt=R len=7
PKT t=7467 TX ua=95 mt=P len=0
PKT t=7477 RX ua=95 mt=R len=7
PKT t=7482 TX ua=95 mt=P len=0
PKT t=7492 RX ua=95 mt=R len=7
PKT t=7497 TX ua=95 mt=P len=0
PKT t=7507 RX ua=95 mt=R len=7
PKT t=7512 TX ua=95 mt=P len=0
PKT t=7522 RX ua=95 mt=R len=7
PKT t=7527 TX ua=95 mt=P len=0
PKT t=7537 RX ua=95 mt=R len=7
PKT t=7542 TX ua=95 mt=P len=0
PKT t=7572 RX ua=95 mt=R len=7
PKT t=7577 TX ua=95 mt=P len=0
PKT t=7587 RX ua=95 mt=R len=7
PKT t=7592 TX ua=95 mt=P len=0
PKT t=7602 RX ua=95 mt=R len=7
PKT t=7607 TX ua=95 mt=T len=7
PKT t=7619 TX ua=95 mt=P len=0
PKT t=7628 RX ua=95 mt=R len=7
PKT t=7633 TX ua=95 mt=P len=0
PKT t=7642 RX ua=95 mt=R len=7
PKT t=7647 TX ua=95 mt=P len=0
PKT t=7677 RX ua=95 mt=R len=7
PKT t=7682 TX ua=95 mt=P len=0
PKT t=7691 RX ua=95 mt=R len=7
PKT t=7696 TX ua=95 mt=P len=0
PKT t=7705 RX ua=95 mt=R len=7
PKT t=7710 TX ua=95 mt=P len=0
PKT t=7719 RX ua=95 mt=R len=7
PKT t=7724 TX ua=95 mt=P len=0
PKT t=7733 RX ua=95 mt=R len=7
PKT t=7738 TX ua=95 mt=P len=0
PKT t=7747 RX ua=95 mt=R len=7
PKT t=7752 TX ua=95 mt=P len=0
PKT t=7781 RX ua=95 mt=R len=7
PKT t=7786 TX ua=95 mt=P len=0
PKT t=7795 RX ua=95 mt=R len=7
PKT t=7806 TX ua=95 mt=P len=0
PKT t=7815 RX ua=95 mt=R len=7
PKT t=7820 TX ua=95 mt=P len=0
PKT t=7829 RX ua=95 mt=R len=7
PKT t=7834 TX ua=95 mt=P len=0
PKT t=7843 RX ua=95 mt=R len=7
PKT t=7848 TX ua=95 mt=P len=0
PKT t=7881 RX ua=95 mt=R len=7
PKT t=7886 TX ua=95 mt=T len=7
PKT t=7898 TX ua=95 mt=P len=0
PKT t=7907 RX ua=95 mt=R len=7
PKT t=7912 TX ua=95 mt=P len=0
PKT t=7921 RX ua=95 mt=R len=7
PKT t=7926 TX ua=95 mt=P len=0
PKT t=7935 RX ua=95 mt=R len=7
PKT t=7940 TX ua=95 mt=P len=0
PKT t=7949 RX ua=95 mt=R len=7
PKT t=7954 TX ua=95 mt=P len=0
PKT t=7983 RX ua=95 mt=R len=7
PKT t=7988 TX ua=95 mt=P len=0
PKT t=7997 RX ua=95 mt=R len=7
PKT t=8002 TX ua=95 mt=P len=0
PKT t=8011 RX ua=95 mt=R len=7
PKT t=8016 TX ua=95 mt=P len=0
PKT t=8025 RX ua=95 mt=R len=7
PKT t=8030 TX ua=95 mt=P len=0
PKT t=8039 RX ua=95 mt=R len=7
PKT t=8044 TX ua=95 mt=P len=0
PKT t=8056 RX ua=95 mt=R len=7
PKT t=8061 TX ua=95 mt=P len=0
PKT t=8087 RX ua=95 mt=R len=7
PKT t=8092 TX ua=95 mt=P len=0
PKT t=8101 RX ua=95 mt=R len=7
PKT t=8106 TX ua=95 mt=T len=7
PKT t=8118 TX ua=95 mt=P len=0
PKT t=8127 RX ua=95 mt=R len=7
PKT t=8132 TX ua=95 mt=P len=0
PKT t=8141 RX ua=95 mt=R len=7
PKT t=8146 TX ua=95 mt=P len=0
PKT t=8155 RX ua=95 mt=R len=7
PKT t=8160 TX ua=95 mt=P len=0
PKT t=8189 RX ua=95 mt=R len=7
PKT t=8194 TX ua=95 mt=P len=0
PKT t=8203 RX ua=95 mt=R len=7
PKT t=8208 TX ua=95 mt=P len=0
PKT t=8217 RX ua=95 mt=R len=7
PKT t=8222 TX ua=95 mt=P len=0
PKT t=8231 RX ua=95 mt=R len=7
PKT t=8236 TX ua=95 mt=P len=0
PKT t=8245 RX ua=95 mt=R len=7
PKT t=8250 TX ua=95 mt=P len=0
PKT t=8259 RX ua=95 mt=R len=7
PKT t=8264 TX ua=95 mt=P len=0
PKT t=8293 RX ua=95 mt=R len=7
PKT t=8306 TX ua=95 mt=P len=0
PKT t=8315 RX ua=95 mt=R len=7
PKT t=8320 TX ua=95 mt=P len=0
PKT t=8329 RX ua=95 mt=R len=7
PKT t=8334 TX ua=95 mt=P len=0
PKT t=8343 RX ua=95 mt=R len=7
PKT t=8348 TX ua=95 mt=P len=0
PKT t=8357 RX ua=95 mt=R len=7
PKT t=8362 TX ua=95 mt=T len=7
PKT t=8374 TX ua=95 mt=P len=0
PKT t=8395 RX ua=95 mt=R len=7
PKT t=8399 TX ua=95 mt=P len=0
PKT t=8408 RX ua=95 mt=R len=7
PKT t=8413 TX ua=95 mt=P len=0
PKT t=8422 RX ua=95 mt=R len=7
PKT t=8427 TX ua=95 mt=P len=0
PKT t=8436 RX ua=95 mt=R len=7
PKT t=8441 TX ua=95 mt=P len=0
PKT t=8450 RX ua=95 mt=R len=7
PKT t=8455 TX ua=95 mt=P len=0
PKT t=8464 RX ua=95 mt=R len=7
PKT t=8469 TX ua=95 mt=P len=0
PKT t=8498 RX ua=95 mt=R len=7
PKT t=8503 TX ua=95 mt=P len=0
PKT t=8512 RX ua=95 mt=R len=7
PKT t=8517 TX ua=95 mt=P len=0
PKT t=8526 RX ua=95 mt=R len=7
PKT t=8531 TX ua=95 mt=P len=0
PKT t=8540 RX ua=95 mt=R len=7
PKT t=8545 TX ua=95 mt=P len=0
PKT t=8556 RX ua=95 mt=R len=7
PKT t=8811 TX ua=96 mt=P len=0
PKT t=9069 TX ua=95 mt=P len=0
PKT t=9078 RX ua=95 mt=R len=7
PKT t=9083 TX ua=95 mt=T len=7
PKT t=9095 TX ua=95 mt=P len=0
PKT t=9104 RX ua=95 mt=R len=7
PKT t=9109 TX ua=95 mt=T len=7
PKT t=9121 TX ua=95 mt=P len=0
PKT t=9130 RX ua=95 mt=R len=7
PKT t=9135 TX ua=95 mt=P len=0
PKT t=9144 RX ua=95 mt=R len=7
PKT t=9149 TX ua=95 mt=P len=0
PKT t=9158 RX ua=95 mt=R len=7
PKT t=9163 TX ua=95 mt=P len=0
PKT t=9172 RX ua=95 mt=R len=7
PKT t=9177 TX ua=95 mt=P len=0
PKT t=9206 RX ua=95 mt=R len=7
PKT t=9211 TX ua=95 mt=P len=0
PKT t=9220 RX ua=95 mt=R len=7
PKT t=9225 TX ua=95 mt=P len=0
PKT t=9234 RX ua=95 mt=R len=7
PKT t=9239 TX ua=95 mt=P len=0
PKT t=9248 RX ua=95 mt=R len=7
PKT t=9253 TX ua=95 mt=P len=0
PKT t=9262 RX ua=95 mt=R len=7
PKT t=9267 TX ua=95 mt=P len=0
PKT t=9276 RX ua=95 mt=R len=7
PKT t=9281 TX ua=95 mt=P len=0
PKT t=9310 RX ua=95 mt=R len=7
PKT t=9315 TX ua=95 mt=P len=0
PKT t=9324 RX ua=95 mt=R len=7
PKT t=9329 TX ua=95 mt=P len=0
PKT t=9338 RX ua=95 mt=R len=7
PKT t=9343 TX ua=95 mt=P len=0
PKT t=9352 RX ua=95 mt=R len=7
PKT t=9357 TX ua=95 mt=T len=7
PKT t=9369 TX ua=95 mt=P len=0
PKT t=9379 RX ua=95 mt=R len=7
PKT t=9384 TX ua=95 mt=P len=0
PKT t=9413 RX ua=95 mt=R len=7
PKT t=9418 TX ua=95 mt=P len=0
PKT t=9428 RX ua=95 mt=R len=7
PKT t=9433 TX ua=95 mt=P len=0
PKT t=9443 RX ua=95 mt=R len=7
PKT t=9448 TX ua=95 mt=P len=0
PKT t=9458 RX ua=95 mt=R len=7
PKT t=9463 TX ua=95 mt=P len=0
PKT t=9473 RX ua=95 mt=R len=7
PKT t=9478 TX ua=95 mt=P len=0
PKT t=9488 RX ua=95 mt=R len=7
PKT t=9493 TX ua=95 mt=P len=0
PKT t=9522 RX ua=95 mt=R len=7
PKT t=9527 TX ua=95 mt=P len=0
PKT t=9537 RX ua=95 mt=R len=7
PKT t=9542 TX ua=95 mt=P len=0
PKT t=9556 RX ua=95 mt=R len=7
PKT t=9561 TX ua=95 mt=P len=0
PKT t=9571 RX ua=95 mt=R len=7
PKT t=9576 TX ua=95 mt=P len=0
PKT t=9586 RX ua=95 mt=R len=7
PKT t=9591 TX ua=95 mt=P len=0
PKT t=9621 RX ua=95 mt=R len=7
PKT t=9626 TX ua=95 mt=T len=7
PKT t=9638 TX ua=95 mt=P len=0
PKT t=9647 RX ua=95 mt=R len=7
PKT t=9652 TX ua=95 mt=P len=0
PKT t=9661 RX ua=95 mt=R len=7
PKT t=9666 TX ua=95 mt=P len=0
PKT t=9675 RX ua=95 mt=R len=7
PKT t=9680 TX ua=95 mt=P len=0
PKT t=9689 RX ua=95 mt=R len=7
PKT t=9694 TX ua=95 mt=P len=0
PKT t=9724 RX ua=95 mt=R len=7
PKT t=9729 TX ua=95 mt=P len=0
PKT t=9738 RX ua=95 mt=R len=7
PKT t=9743 TX ua=95 mt=P len=0
PKT t=9752 RX ua=95 mt=R len=7
PKT t=9757 TX ua=95 mt=P len=0
PKT t=9766 RX ua=95 mt=R len=7
PKT t=9771 TX ua=95 mt=P len=0
PKT t=9780 RX ua=95 mt=R len=7
PKT t=9785 TX ua=95 mt=P len=0
PKT t=9794 RX ua=95 mt=R len=7
PKT t=9806 TX ua=95 mt=P len=0
PKT t=9828 RX ua=95 mt=R len=7
PKT t=9833 TX ua=95 mt=P len=0
PKT t=9842 RX ua=95 mt=R len=7
PKT t=9847 TX ua=95 mt=P len=0
PKT t=9856 RX ua=95 mt=R len=7
PKT t=9861 TX ua=95 mt=T len=7
PKT t=9873 TX ua=95 mt=P len=0
PKT t=9882 RX ua=95 mt=R len=7
PKT t=9887 TX ua=95 mt=P len=0
PKT t=9896 RX ua=95 mt=R len=7
PKT t=9901 TX ua=95 mt=P len=0
PKT t=9930 RX ua=95 mt=R len=7
PKT t=9935 TX ua=95 mt=P len=0
PKT t=9944 RX ua=95 mt=R len=7
PKT t=9949 TX ua=95 mt=P len=0
PKT t=9958 RX ua=95 mt=R len=7
PKT t=9963 TX ua=95 mt=P len=0
PKT t=9972 RX ua=95 mt=R len=7
PKT t=9977 TX ua=95 mt=P len=0
PKT t=9986 RX ua=95 mt=R len=7
PKT t=9991 TX ua=95 mt=P len=0
PKT t=10000 RX ua=95 mt=R len=7
PKT t=10009 TX ua=95 mt=P len=0
PKT t=10034 RX ua=95 mt=R len=7
PKT t=10039 TX ua=95 mt=P len=0
PKT t=10056 RX ua=95 mt=R len=7
PKT t=10061 TX ua=95 mt=P len=0
PKT t=10070 RX ua=95 mt=R len=7
PKT t=10075 TX ua=95 mt=P len=0
PKT t=10084 RX ua=95 mt=R len=7
PKT t=10089 TX ua=95 mt=P len=0
PKT t=10098 RX ua=95 mt=R len=7
PKT t=10103 TX ua=95 mt=T len=7
PKT t=10116 TX ua=95 mt=P len=0
PKT t=10140 RX ua=95 mt=R len=7
PKT t=10145 TX ua=95 mt=T len=7
PKT t=10158 TX ua=95 mt=P len=0
PKT t=10167 RX ua=95 mt=R len=7
PKT t=10172 TX ua=95 mt=P len=0
PKT t=10181 RX ua=95 mt=R len=7
PKT t=10186 TX ua=95 mt=P len=0
PKT t=10195 RX ua=95 mt=R len=7
PKT t=10200 TX ua=95 mt=P len=0
PKT t=10209 RX ua=95 mt=R len=7
PKT t=10214 TX ua=95 mt=P len=0
PKT t=10243 RX ua=95 mt=R len=7
PKT t=10248 TX ua=95 mt=P len=0
PKT t=10257 RX ua=95 mt=R len=7
PKT t=10262 TX ua=95 mt=P len=0
PKT t=10271 RX ua=95 mt=R len=7
PKT t=10276 TX ua=95 mt=P len=0
PKT t=10285 RX ua=95 mt=R len=7
PKT t=10290 TX ua=95 mt=P len=0
PKT t=10306 RX ua=95 mt=R len=7
PKT t=10311 TX ua=95 mt=P len=0
PKT t=10343 RX ua=95 mt=R len=7
PKT t=10348 TX ua=95 mt=P len=0
PKT t=10357 RX ua=95 mt=R len=7
PKT t=10362 TX ua=95 mt=T len=7
PKT t=10375 TX ua=95 mt=P len=0
PKT t=10384 RX ua=95 mt=R len=7
PKT t=10389 TX ua=95 mt=P len=0
PKT t=10398 RX ua=95 mt=R len=7
PKT t=10403 TX ua=95 mt=P len=0
PKT t=10412 RX ua=95 mt=R len=7
PKT t=10417 TX ua=95 mt=P len=0
PKT t=10446 RX ua=95 mt=R len=7
PKT t=10451 TX ua=95 mt=P len=0
PKT t=10460 RX ua=95 mt=R len=7
PKT t=10465 TX ua=95 mt=P len=0
PKT t=10474 RX ua=95 mt=R len=7
PKT t=10479 TX ua=95 mt=P len=0
PKT t=10488 RX ua=95 mt=R len=7
PKT t=10493 TX ua=95 mt=P len=0
PKT t=10502 RX ua=95 mt=R len=7
PKT t=10507 TX ua=95 mt=P len=0
PKT t=10516 RX ua=95 mt=R len=7
PKT t=10521 TX ua=95 mt=P len=0
PKT t=10556 RX ua=95 mt=R len=7
PKT t=10561 TX ua=95 mt=P len=0
PKT t=10570 RX ua=95 mt=R len=7
PKT t=10575 TX ua=95 mt=P len=0
PKT t=10584 RX ua=95 mt=R len=7
PKT t=10589 TX ua=95 mt=P len=0
PKT t=10598 RX ua=95 mt=R len=7
PKT t=10603 TX ua=95 mt=T len=7
PKT t=10616 TX ua=95 mt=P len=0
PKT t=10625 RX ua=95 mt=R len=7
PKT t=10630 TX ua=95 mt=P len=0
PKT t=10659 RX ua=95 mt=R len=7
PKT t=10664 TX ua=95 mt=P len=0
PKT t=10673 RX ua=95 mt=R len=7
PKT t=10678 TX ua=95 mt=P len=0
PKT t=10687 RX ua=95 mt=R len=7
PKT t=10692 TX ua=95 mt=P len=0
PKT t=10701 RX ua=95 mt=R len=7
PKT t=10706 TX ua=95 mt=P len=0
PKT t=10715 RX ua=95 mt=R len=7
PKT t=10720 TX ua=95 mt=P len=0
PKT t=10729 RX ua=95 mt=R len=7
PKT t=10734 TX ua=95 mt=P len=0
PKT t=10763 RX ua=95 mt=R len=7
PKT t=10768 TX ua=95 mt=P len=0
PKT t=10777 RX ua=95 mt=R len=7
PKT t=10782 TX ua=95 mt=P len=0
PKT t=10791 RX ua=95 mt=R len=7
PKT t=10796 TX ua=95 mt=P len=0
PKT t=10806 RX ua=95 mt=R len=7
PKT t=11061 TX ua=96 mt=I len=13
PKT t=11569 TX ua=96 mt=T len=4
PKT t=11580 TX ua=95 mt=P len=0
PKT t=11589 RX ua=95 mt=R len=7
PKT t=11594 TX ua=95 mt=T len=7
PKT t=11606 TX ua=95 mt=P len=0
PKT t=11616 RX ua=95 mt=R len=7
PKT t=11621 TX ua=95 mt=P len=0
PKT t=11631 RX ua=95 mt=R len=7
PKT t=11636 TX ua=95 mt=P len=0
PKT t=11665 RX ua=95 mt=R len=7
PKT t=11670 TX ua=95 mt=P len=0
PKT t=11680 RX ua=95 mt=R len=7
PKT t=11685 TX ua=95 mt=P len=0
PKT t=11695 RX ua=95 mt=R len=7
PKT t=11700 TX ua=95 mt=P len=0
PKT t=11710 RX ua=95 mt=R len=7
PKT t=11715 TX ua=95 mt=P len=0
PKT t=11725 RX ua=95 mt=R len=7
PKT t=11730 TX ua=95 mt=P len=0
PKT t=11740 RX ua=95 mt=R len=7
PKT t=11745 TX ua=95 mt=P len=0
PKT t=11774 RX ua=95 mt=R len=7
PKT t=11779 TX ua=95 mt=P len=0
PKT t=11789 RX ua=95 mt=R len=7
PKT t=11794 TX ua=95 mt=P len=0
PKT t=11806 RX ua=95 mt=R len=7
PKT t=11811 TX ua=95 mt=P len=0
PKT t=11821 RX ua=95 mt=R len=7
PKT t=11826 TX ua=95 mt=P len=0
PKT t=11836 RX ua=95 mt=R len=7
PKT t=11841 TX ua=95 mt=P len=0
PKT t=11873 RX ua=95 mt=R len=7
PKT t=11878 TX ua=95 mt=T len=7
PKT t=11890 TX ua=95 mt=P len=0
PKT t=11899 RX ua=95 mt=R len=7
PKT t=11904 TX ua=95 mt=P len=0
PKT t=11913 RX ua=95 mt=R len=7
PKT t=11918 TX ua=95 mt=P len=0
PKT t=11927 RX ua=95 mt=R len=7
PKT t=11932 TX ua=95 mt=P len=0
PKT t=11941 RX ua=95 mt=R len=7
PKT t=11946 TX ua=95 mt=P len=0
PKT t=11976 RX ua=95 mt=R len=7
PKT t=11981 TX ua=95 mt=P len=0
PKT t=11990 RX ua=95 mt=R len=7
PKT t=11995 TX ua=95 mt=P len=0
PKT t=12004 RX ua=95 mt=R len=7
PKT t=12010 TX ua=95 mt=P len=0
PKT t=12019 RX ua=95 mt=R len=7
PKT t=12024 TX ua=95 mt=P len=0
PKT t=12033 RX ua=95 mt=R len=7
PKT t=12038 TX ua=95 mt=P len=0
PKT t=12056 RX ua=95 mt=R len=7
PKT t=12061 TX ua=95 mt=P len=0
PKT t=12082 RX ua=95 mt=R len=7
PKT t=12087 TX ua=95 mt=P len=0
PKT t=12096 RX ua=95 mt=R len=7
PKT t=12101 TX ua=95 mt=T len=7
PKT t=12113 TX ua=95 mt=P len=0
PKT t=12122 RX ua=95 mt=R len=7
PKT t=12127 TX ua=95 mt=P len=0
PKT t=12136 RX ua=95 mt=R len=7
PKT t=12141 TX ua=95 mt=P len=0
PKT t=12150 RX ua=95 mt=R len=7
PKT t=12155 TX ua=95 mt=P len=0
PKT t=12184 RX ua=95 mt=R len=7
PKT t=12189 TX ua=95 mt=P len=0
PKT t=12198 RX ua=95 mt=R len=7
PKT t=12203 TX ua=95 mt=P len=0
PKT t=12212 RX ua=95 mt=R len=7
PKT t=12217 TX ua=95 mt=P len=0
PKT t=12226 RX ua=95 mt=R len=7
PKT t=12231 TX ua=95 mt=P len=0
PKT t=12240 RX ua=95 mt=R len=7
PKT t=12245 TX ua=95 mt=P len=0
PKT t=12254 RX ua=95 mt=R len=7
PKT t=12259 TX ua=95 mt=P len=0
PKT t=12288 RX ua=95 mt=R len=7
PKT t=12293 TX ua=95 mt=P len=0
PKT t=12306 RX ua=95 mt=R len=7
PKT t=12311 TX ua=95 mt=P len=0
PKT t=12320 RX ua=95 mt=R len=7
PKT t=12325 TX ua=95 mt=P len=0
PKT t=12334 RX ua=95 mt=R len=7
PKT t=12339 TX ua=95 mt=P len=0
PKT t=12348 RX ua=95 mt=R len=7
PKT t=12353 TX ua=95 mt=T len=7
PKT t=12365 TX ua=95 mt=P len=0
PKT t=12393 RX ua=95 mt=R len=7
PKT t=12398 TX ua=95 mt=P len=0
PKT t=12407 RX ua=95 mt=R len=7
PKT t=12412 TX ua=95 mt=P len=0
PKT t=12421 RX ua=95 mt=R len=7
PKT t=12426 TX ua=95 mt=P len=0
PKT t=12435 RX ua=95 mt=R len=7
PKT t=12440 TX ua=95 mt=P len=0
PKT t=12449 RX ua=95 mt=R len=7
PKT t=12454 TX ua=95 mt=P len=0
PKT t=12463 RX ua=95 mt=R len=7
PKT t=12468 TX ua=95 mt=P len=0
PKT t=12497 RX ua=95 mt=R len=7
PKT t=12502 TX ua=95 mt=P len=0
PKT t=12511 RX ua=95 mt=R len=7
PKT t=12516 TX ua=95 mt=P len=0
PKT t=12525 RX ua=95 mt=R len=7
PKT t=12530 TX ua=95 mt=P len=0
PKT t=12539 RX ua=95 mt=R len=7
PKT t=12544 TX ua=95 mt=P len=0
PKT t=12556 RX ua=95 mt=R len=7
PKT t=12561 TX ua=95 mt=P len=0
PKT t=12570 RX ua=95 mt=R len=7
PKT t=12575 TX ua=95 mt=P len=0
PKT t=12604 RX ua=95 mt=R len=7
PKT t=12609 TX ua=95 mt=T len=7
PKT t=12621 TX ua=95 mt=P len=0
PKT t=12630 RX ua=95 mt=R len=7
PKT t=12635 TX ua=95 mt=P len=0
PKT t=12644 RX ua=95 mt=R len=7
PKT t=12649 TX ua=95 mt=P len=0
PKT t=12658 RX ua=95 mt=R len=7
PKT t=12663 TX ua=95 mt=P len=0
PKT t=12672 RX ua=95 mt=R len=7
PKT t=12677 TX ua=95 mt=P len=0
PKT t=12706 RX ua=95 mt=R len=7
PKT t=12711 TX ua=95 mt=P len=0
PKT t=12720 RX ua=95 mt=R len=7
PKT t=12725 TX ua=95 mt=P len=0
PKT t=12734 RX ua=95 mt=R len=7
PKT t=12739 TX ua=95 mt=P len=0
PKT t=12748 RX ua=95 mt=R len=7
PKT t=12753 TX ua=95 mt=P len=0
PKT t=12762 RX ua=95 mt=R len=7
PKT t=12767 TX ua=95 mt=P len=0
PKT t=12776 RX ua=95 mt=R len=7
PKT t=12781 TX ua=95 mt=P len=0
PKT t=12810 RX ua=95 mt=R len=7
PKT t=12815 TX ua=95 mt=P len=0
PKT t=12824 RX ua=95 mt=R len=7
PKT t=12829 TX ua=95 mt=P len=0
PKT t=12838 RX ua=95 mt=R len=7
PKT t=12843 TX ua=95 mt=P len=0
PKT t=12852 RX ua=95 mt=R len=7
PKT t=12857 TX ua=95 mt=T len=7
PKT t=12869 TX ua=95 mt=P len=0
PKT t=12878 RX ua=95 mt=R len=7
PKT t=12883 TX ua=95 mt=P len=0
PKT t=12912 RX ua=95 mt=R len=7
PKT t=12917 TX ua=95 mt=P len=0
PKT t=12926 RX ua=95 mt=R len=7
PKT t=12931 TX ua=95 mt=P len=0
PKT t=12940 RX ua=95 mt=R len=7
PKT t=12945 TX ua=95 mt=P len=0
PKT t=12954 RX ua=95 mt=R len=7
PKT t=12959 TX ua=95 mt=P len=0
PKT t=12968 RX ua=95 mt=R len=7
PKT t=12973 TX ua=95 mt=P len=0
PKT t=12982 RX ua=95 mt=R len=7
PKT t=12987 TX ua=95 mt=P len=0
PKT t=13016 RX ua=95 mt=R len=7
PKT t=13021 TX ua=95 mt=P len=0
PKT t=13030 RX ua=95 mt=R len=7
PKT t=13035 TX ua=95 mt=P len=0
PKT t=13044 RX ua=95 mt=R len=7
PKT t=13056 TX ua=95 mt=P len=0
PKT t=13065 RX ua=95 mt=R len=7
PKT t=13070 TX ua=95 mt=P len=0
PKT t=13079 RX ua=95 mt=R len=7
PKT t=13084 TX ua=95 mt=P len=0
PKT t=13117 RX ua=95 mt=R len=7
PKT t=13122 TX ua=95 mt=T len=7
PKT t=13135 TX ua=95 mt=P len=0
PKT t=13144 RX ua=95 mt=R len=7
PKT t=13149 TX ua=95 mt=P len=0
PKT t=13158 RX ua=95 mt=R len=7
PKT t=13163 TX ua=95 mt=P len=0
PKT t=13172 RX ua=95 mt=R len=7
PKT t=13177 TX ua=95 mt=P len=0
PKT t=13186 RX ua=95 mt=R len=7
PKT t=13191 TX ua=95 mt=P len=0
PKT t=13220 RX ua=95 mt=R len=7
PKT t=13225 TX ua=95 mt=P len=0
PKT t=13234 RX ua=95 mt=R len=7
PKT t=13239 TX ua=95 mt=P len=0
PKT t=13248 RX ua=95 mt=R len=7
PKT t=13253 TX ua=95 mt=P len=0
PKT t=13262 RX ua=95 mt=R len=7
PKT t=13267 TX ua=95 mt=P len=0
PKT t=13276 RX ua=95 mt=R len=7
PKT t=13281 TX ua=95 mt=P len=0
PKT t=13290 RX ua=95 mt=R len=7
PKT t=13295 TX ua=95 mt=P len=0
PKT t=13324 RX ua=95 mt=R len=7
PKT t=13329 TX ua=95 mt=P len=0
PKT t=13338 RX ua=95 mt=R len=7
PKT t=13343 TX ua=95 mt=P len=0
PKT t=13352 RX ua=95 mt=R len=7
PKT t=13357 TX ua=95 mt=T len=7
PKT t=13370 TX ua=95 mt=P len=0
PKT t=13380 RX ua=95 mt=R len=7
PKT t=13385 TX ua=95 mt=P len=0
PKT t=13395 RX ua=95 mt=R len=7
PKT t=13400 TX ua=95 mt=P len=0
PKT t=13429 RX ua=95 mt=R len=7
PKT t=13434 TX ua=95 mt=P len=0
PKT t=13444 RX ua=95 mt=R len=7
PKT t=13449 TX ua=95 mt=P len=0
PKT t=13459 RX ua=95 mt=R len=7
PKT t=13464 TX ua=95 mt=P len=0
PKT t=13474 RX ua=95 mt=R len=7
PKT t=13479 TX ua=95 mt=P len=0
PKT t=13489 RX ua=95 mt=R len=7
PKT t=13494 TX ua=95 mt=P len=0
PKT t=13504 RX ua=95 mt=R len=7
PKT t=13509 TX ua=95 mt=P len=0
PKT t=13538 RX ua=95 mt=R len=7
PKT t=13543 TX ua=95 mt=P len=0
PKT t=13556 RX ua=95 mt=R len=7
PKT t=13561 TX ua=95 mt=P len=0
PKT t=13571 RX ua=95 mt=R len=7
PKT t=13576 TX ua=95 mt=P len=0
PKT t=13586 RX ua=95 mt=R len=7
PKT t=13591 TX ua=95 mt=P len=0
PKT t=13601 RX ua=95 mt=R len=7
PKT t=13606 TX ua=95 mt=T len=7
PKT t=13619 TX ua=95 mt=P len=0
PKT t=13639 RX ua=95 mt=R len=7
PKT t=13644 TX ua=95 mt=P len=0
PKT t=13653 RX ua=95 mt=R len=7
PKT t=13658 TX ua=95 mt=P len=0
PKT t=13667 RX ua=95 mt=R len=7
PKT t=13672 TX ua=95 mt=P len=0
PKT t=13681 RX ua=95 mt=R len=7
PKT t=13686 TX ua=95 mt=P len=0
PKT t=13695 RX ua=95 mt=R len=7
PKT t=13700 TX ua=95 mt=P len=0
PKT t=13709 RX ua=95 mt=R len=7
PKT t=13714 TX ua=95 mt=P len=0
PKT t=13743 RX ua=95 mt=R len=7
PKT t=13748 TX ua=95 mt=P len=0
PKT t=13757 RX ua=95 mt=R len=7
PKT t=13762 TX ua=95 mt=P len=0
PKT t=13771 RX ua=95 mt=R len=7
PKT t=13776 TX ua=95 mt=P len=0
PKT t=13785 RX ua=95 mt=R len=7
PKT t=13790 TX ua=95 mt=P len=0
PKT t=13806 RX ua=95 mt=R len=7
PKT t=13811 TX ua=95 mt=P len=0
PKT t=13843 RX ua=95 mt=R len=7
PKT t=13848 TX ua=95 mt=P len=0
PKT t=13857 RX ua=95 mt=R len=7
PKT t=13862 TX ua=95 mt=T len=7
PKT t=13875 TX ua=95 mt=P len=0
PKT t=13884 RX ua=95 mt=R len=7
PKT t=13889 TX ua=95 mt=P len=0
PKT t=13898 RX ua=95 mt=R len=7
PKT t=13903 TX ua=95 mt=P len=0
PKT t=13912 RX ua=95 mt=R len=7
PKT t=13917 TX ua=95 mt=P len=0
PKT t=13946 RX ua=95 mt=R len=7
PKT t=13951 TX ua=95 mt=P len=0
PKT t=13960 RX ua=95 mt=R len=7
PKT t=13965 TX ua=95 mt=P len=0
PKT t=13974 RX ua=95 mt=R len=7
PKT t=13979 TX ua=95 mt=P len=0
PKT t=13988 RX ua=95 mt=R len=7
PKT t=13993 TX ua=95 mt=P len=0
PKT t=14002 RX ua=95 mt=R len=7
PKT t=14011 TX ua=95 mt=P len=0
PKT t=14020 RX ua=95 mt=R len=7
PKT t=14025 TX ua=95 mt=P len=0
PKT t=14056 RX ua=95 mt=R len=7
PKT t=14061 TX ua=95 mt=P len=0
PKT t=14070 RX ua=95 mt=R len=7
PKT t=14075 TX ua=95 mt=P len=0
PKT t=14084 RX ua=95 mt=R len=7
PKT t=14089 TX ua=95 mt=P len=0
PKT t=14098 RX ua=95 mt=R len=7
PKT t=14103 TX ua=95 mt=T len=7
PKT t=14115 TX ua=95 mt=P len=0
PKT t=14124 RX ua=95 mt=R len=7
PKT t=14129 TX ua=95 mt=P len=0
PKT t=14163 RX ua=95 mt=R len=7
PKT t=14168 TX ua=95 mt=P len=0
PKT t=14177 RX ua=95 mt=R len=7
PKT t=14182 TX ua=95 mt=P len=0
PKT t=14191 RX ua=95 mt=R len=7
PKT t=14196 TX ua=95 mt=P len=0
PKT t=14205 RX ua=95 mt=R len=7
PKT t=14210 TX ua=95 mt=P len=0
PKT t=14219 RX ua=95 mt=R len=7
PKT t=14224 TX ua=95 mt=P len=0
PKT t=14233 RX ua=95 mt=R len=7
PKT t=14238 TX ua=95 mt=P len=0
PKT t=14267 RX ua=95 mt=R len=7
PKT t=14272 TX ua=95 mt=P len=0
PKT t=14281 RX ua=95 mt=R len=7
PKT t=14286 TX ua=95 mt=P len=0
PKT t=14295 RX ua=95 mt=R len=7
PKT t=14306 TX ua=95 mt=P len=0
PKT t=14315 RX ua=95 mt=R len=7
PKT t=14320 TX ua=95 mt=P len=0
PKT t=14329 RX ua=95 mt=R len=7
PKT t=14334 TX ua=95 mt=P len=0
PKT t=14367 RX ua=95 mt=R len=7
PKT t=14372 TX ua=95 mt=T len=7
PKT t=14384 TX ua=95 mt=P len=0
PKT t=14393 RX ua=95 mt=R len=7
PKT t=14398 TX ua=95 mt=P len=0
PKT t=14407 RX ua=95 mt=R len=7
PKT t=14412 TX ua=95 mt=P len=0
PKT t=14421 RX ua=95 mt=R len=7
PKT t=14426 TX ua=95 mt=P len=0
PKT t=14435 RX ua=95 mt=R len=7
PKT t=14440 TX ua=95 mt=P len=0
PKT t=14469 RX ua=95 mt=R len=7
PKT t=14474 TX ua=95 mt=P len=0
PKT t=14483 RX ua=95 mt=R len=7
PKT t=14488 TX ua=95 mt=P len=0
PKT t=14497 RX ua=95 mt=R len=7
PKT t=14502 TX ua=95 mt=P len=0
PKT t=14511 RX ua=95 mt=R len=7
PKT t=14516 TX ua=95 mt=P len=0
PKT t=14525 RX ua=95 mt=R len=7
PKT t=14530 TX ua=95 mt=P len=0
PKT t=14539 RX ua=95 mt=R len=7
PKT t=14544 TX ua=95 mt=P len=0
PKT t=14573 RX ua=95 mt=R len=7
PKT t=14578 TX ua=95 mt=P len=0
PKT t=14587 RX ua=95 mt=R len=7
PKT t=14592 TX ua=95 mt=P len=0
PKT t=14601 RX ua=95 mt=R len=7
PKT t=14606 TX ua=95 mt=T len=7
PKT t=14618 TX ua=95 mt=P len=0
PKT t=14627 RX ua=95 mt=R len=7
PKT t=14632 TX ua=95 mt=P len=0
PKT t=14641 RX ua=95 mt=R len=7
PKT t=14646 TX ua=95 mt=P len=0
PKT t=14675 RX ua=95 mt=R len=7
PKT t=14680 TX ua=95 mt=P len=0
PKT t=14689 RX ua=95 mt=R len=7
PKT t=14694 TX ua=95 mt=P len=0
PKT t=14703 RX ua=95 mt=R len=7
PKT t=14708 TX ua=95 mt=P len=0
PKT t=14717 RX ua=95 mt=R len=7
PKT t=14722 TX ua=95 mt=P len=0
PKT t=14731 RX ua=95 mt=R len=7
PKT t=14736 TX ua=95 mt=P len=0
PKT t=14745 RX ua=95 mt=R len=7
PKT t=14750 TX ua=95 mt=P len=0
PKT t=14779 RX ua=95 mt=R len=7
PKT t=14784 TX ua=95 mt=P len=0
PKT t=14793 RX ua=95 mt=R len=7
PKT t=14806 TX ua=95 mt=P len=0
PKT t=14815 RX ua=95 mt=R len=7
PKT t=14820 TX ua=95 mt=P len=0
PKT t=14829 RX ua=95 mt=R len=7
PKT t=14834 TX ua=95 mt=P len=0
PKT t=14843 RX ua=95 mt=R len=7
PKT t=14848 TX ua=95 mt=P len=0
PKT t=14879 RX ua=95 mt=R len=7
PKT t=14884 TX ua=95 mt=T len=7
PKT t=14896 TX ua=95 mt=P len=0
PKT t=14905 RX ua=95 mt=R len=7
PKT t=14910 TX ua=95 mt=P len=0
PKT t=14919 RX ua=95 mt=R len=7
PKT t=14924 TX ua=95 mt=P len=0
PKT t=14933 RX ua=95 mt=R len=7
PKT t=14938 TX ua=95 mt=P len=0
PKT t=14947 RX ua=95 mt=R len=7
PKT t=14952 TX ua=95 mt=P len=0
PKT t=14981 RX ua=95 mt=R len=7
PKT t=14986 TX ua=95 mt=P len=0
PKT t=14995 RX ua=95 mt=R len=7
PKT t=15000 TX ua=95 mt=P len=0
PKT t=15009 RX ua=95 mt=R len=7
PKT t=15014 TX ua=95 mt=P len=0
PKT t=15023 RX ua=95 mt=R len=7
PKT t=15028 TX ua=95 mt=P len=0
PKT t=15037 RX ua=95 mt=R len=7
PKT t=15042 TX ua=95 mt=P len=0
PKT t=15056 RX ua=95 mt=R len=7
PKT t=15061 TX ua=95 mt=P len=0
PKT t=15085 RX ua=95 mt=R len=7
PKT t=15090 TX ua=95 mt=P len=0
PKT t=15099 RX ua=95 mt=R len=7
PKT t=15104 TX ua=95 mt=T len=7
PKT t=15116 TX ua=95 mt=P len=0
PKT t=15125 RX ua=95 mt=R len=7
PKT t=15130 TX ua=95 mt=P len=0
PKT t=15139 RX ua=95 mt=R len=7
PKT t=15144 TX ua=95 mt=P len=0
PKT t=15153 RX ua=95 mt=R len=7
PKT t=15158 TX ua=95 mt=P len=0
PKT t=15187 RX ua=95 mt=R len=7
PKT t=15192 TX ua=95 mt=P len=0
PKT t=15201 RX ua=95 mt=R len=7
PKT t=15206 TX ua=95 mt=P len=0
PKT t=15215 RX ua=95 mt=R len=7
PKT t=15220 TX ua=95 mt=P len=0
PKT t=15229 RX ua=95 mt=R len=7
PKT t=15234 TX ua=95 mt=P len=0
PKT t=15243 RX ua=95 mt=R len=7
PKT t=15248 TX ua=95 mt=P len=0
PKT t=15257 RX ua=95 mt=R len=7
PKT t=15262 TX ua=95 mt=P len=0
PKT t=15291 RX ua=95 mt=R len=7
PKT t=15296 TX ua=95 mt=P len=0
PKT t=15306 RX ua=95 mt=R len=7
PKT t=15561 TX ua=96 mt=P len=0
PKT t=15819 TX ua=95 mt=P len=0
PKT t=15828 RX ua=95 mt=R len=7
PKT t=15833 TX ua=95 mt=T len=7
PKT t=15845 TX ua=95 mt=P len=0
PKT t=15854 RX ua=95 mt=R len=7
PKT t=15859 TX ua=95 mt=T len=7
PKT t=15871 TX ua=95 mt=P len=0
PKT t=15893 RX ua=95 mt=R len=7
PKT t=15898 TX ua=95 mt=P len=0
PKT t=15907 RX ua=95 mt=R len=7
PKT t=15912 TX ua=95 mt=P len=0
PKT t=15921 RX ua=95 mt=R len=7
PKT t=15926 TX ua=95 mt=P len=0
PKT t=15935 RX ua=95 mt=R len=7
PKT t=15940 TX ua=95 mt=P len=0
PKT t=15949 RX ua=95 mt=R len=7
PKT t=15954 TX ua=95 mt=P len=0
PKT t=15963 RX ua=95 mt=R len=7
PKT t=15968 TX ua=95 mt=P len=0
PKT t=15997 RX ua=95 mt=R len=7
PKT t=16002 TX ua=95 mt=P len=0
PKT t=16012 RX ua=95 mt=R len=7
PKT t=16017 TX ua=95 mt=P len=0
PKT t=16026 RX ua=95 mt=R len=7
PKT t=16031 TX ua=95 mt=P len=0
PKT t=16040 RX ua=95 mt=R len=7
PKT t=16045 TX ua=95 mt=P len=0
PKT t=16056 RX ua=95 mt=R len=7
PKT t=16311 TX ua=96 mt=P len=0
PKT t=16569 TX ua=95 mt=P len=0
PKT t=16578 RX ua=95 mt=R len=7
PKT t=16583 TX ua=95 mt=T len=7
PKT t=16595 TX ua=95 mt=P len=0
PKT t=16604 RX ua=95 mt=R len=7
PKT t=16609 TX ua=95 mt=T len=7
PKT t=16621 TX ua=95 mt=P len=0
PKT t=16630 RX ua=95 mt=R len=7
PKT t=16635 TX ua=95 mt=P len=0
PKT t=16644 RX ua=95 mt=R len=7
PKT t=16649 TX ua=95 mt=P len=0
PKT t=16658 RX ua=95 mt=R len=7
PKT t=16663 TX ua=95 mt=P len=0
PKT t=16672 RX ua=95 mt=R len=7
PKT t=16677 TX ua=95 mt=P len=0
PKT t=16707 RX ua=95 mt=R len=7
PKT t=16712 TX ua=95 mt=P len=0
PKT t=16721 RX ua=95 mt=R len=7
PKT t=16726 TX ua=95 mt=P len=0
PKT t=16735 RX ua=95 mt=R len=7
PKT t=16740 TX ua=95 mt=P len=0
PKT t=16749 RX ua=95 mt=R len=7
PKT t=16754 TX ua=95 mt=P len=0
PKT t=16763 RX ua=95 mt=R len=7
PKT t=16768 TX ua=95 mt=P len=0
PKT t=16777 RX ua=95 mt=R len=7
PKT t=16782 TX ua=95 mt=P len=0
PKT t=16811 RX ua=95 mt=R len=7
PKT t=16816 TX ua=95 mt=P len=0
PKT t=16826 RX ua=95 mt=R len=7
PKT t=16831 TX ua=95 mt=P len=0
PKT t=16840 RX ua=95 mt=R len=7
PKT t=16845 TX ua=95 mt=P len=0
PKT t=16854 RX ua=95 mt=R len=7
PKT t=16859 TX ua=95 mt=T len=7
PKT t=16871 TX ua=95 mt=P len=0
PKT t=16880 RX ua=95 mt=R len=7
PKT t=16885 TX ua=95 mt=P len=0
PKT t=16914 RX ua=95 mt=R len=7
PKT t=16919 TX ua=95 mt=P len=0
PKT t=16928 RX ua=95 mt=R len=7
PKT t=16933 TX ua=95 mt=P len=0
PKT t=16942 RX ua=95 mt=R len=7
PKT t=16947 TX ua=95 mt=P len=0
PKT t=16956 RX ua=95 mt=R len=7
PKT t=16961 TX ua=95 mt=P len=0
PKT t=16970 RX ua=95 mt=R len=7
PKT t=16975 TX ua=95 mt=P len=0
PKT t=16984 RX ua=95 mt=R len=7
PKT t=16989 TX ua=95 mt=P len=0
PKT t=17018 RX ua=95 mt=R len=7
PKT t=17023 TX ua=95 mt=P len=0
PKT t=17032 RX ua=95 mt=R len=7
PKT t=17037 TX ua=95 mt=P len=0
PKT t=17046 RX ua=95 mt=R len=7
PKT t=17056 TX ua=95 mt=P len=0
PKT t=17065 RX ua=95 mt=R len=7
PKT t=17070 TX ua=95 mt=P len=0
PKT t=17079 RX ua=95 mt=R len=7
PKT t=17084 TX ua=95 mt=P len=0
PKT t=17093 RX ua=95 mt=R len=7
PKT t=17098 TX ua=95 mt=P len=0
PKT t=17127 RX ua=95 mt=R len=7
PKT t=17132 TX ua=95 mt=T len=7
PKT t=17144 TX ua=95 mt=P len=0
PKT t=17153 RX ua=95 mt=R len=7
PKT t=17158 TX ua=95 mt=P len=0
PKT t=17167 RX ua=95 mt=R len=7
PKT t=17172 TX ua=95 mt=P len=0
PKT t=17181 RX ua=95 mt=R len=7
PKT t=17186 TX ua=95 mt=P len=0
PKT t=17195 RX ua=95 mt=R len=7
PKT t=17200 TX ua=95 mt=P len=0
PKT t=17229 RX ua=95 mt=R len=7
PKT t=17234 TX ua=95 mt=P len=0
PKT t=17243 RX ua=95 mt=R len=7
PKT t=17248 TX ua=95 mt=P len=0
PKT t=17258 RX ua=95 mt=R len=7
PKT t=17263 TX ua=95 mt=P len=0
PKT t=17272 RX ua=95 mt=R len=7
PKT t=17277 TX ua=95 mt=P len=0
PKT t=17286 RX ua=95 mt=R len=7
PKT t=17291 TX ua=95 mt=P len=0
PKT t=17306 RX ua=95 mt=R len=7
PKT t=17311 TX ua=95 mt=P len=0
PKT t=17334 RX ua=95 mt=R len=7
PKT t=17339 TX ua=95 mt=P len=0
PKT t=17348 RX ua=95 mt=R len=7
PKT t=17353 TX ua=95 mt=T len=7
PKT t=17365 TX ua=95 mt=P len=0
PKT t=17375 RX ua=95 mt=R len=7
PKT t=17380 TX ua=95 mt=P len=0
PKT t=17390 RX ua=95 mt=R len=7
PKT t=17395 TX ua=95 mt=P len=0
PKT t=17405 RX ua=95 mt=R len=7
PKT t=17410 TX ua=95 mt=P len=0
PKT t=17439 RX ua=95 mt=R len=7
PKT t=17444 TX ua=95 mt=P len=0
PKT t=17454 RX ua=95 mt=R len=7
PKT t=17459 TX ua=95 mt=P len=0
PKT t=17469 RX ua=95 mt=R len=7
PKT t=17474 TX ua=95 mt=P len=0
PKT t=17484 RX ua=95 mt=R len=7
PKT t=17489 TX ua=95 mt=P len=0
PKT t=17499 RX ua=95 mt=R len=7
PKT t=17504 TX ua=95 mt=P len=0
PKT t=17514 RX ua=95 mt=R len=7
PKT t=17519 TX ua=95 mt=P len=0
PKT t=17556 RX ua=95 mt=R len=7
PKT t=17561 TX ua=95 mt=P len=0
PKT t=17571 RX ua=95 mt=R len=7
PKT t=17576 TX ua=95 mt=P len=0
PKT t=17586 RX ua=95 mt=R len=7
PKT t=17591 TX ua=95 mt=P len=0
PKT t=17601 RX ua=95 mt=R len=7
PKT t=17606 TX ua=95 mt=T len=7
PKT t=17618 TX ua=95 mt=P len=0
PKT t=17647 RX ua=95 mt=R len=7
PKT t=17652 TX ua=95 mt=P len=0
PKT t=17661 RX ua=95 mt=R len=7
PKT t=17666 TX ua=95 mt=P len=0
PKT t=17675 RX ua=95 mt=R len=7
PKT t=17680 TX ua=95 mt=P len=0
PKT t=17689 RX ua=95 mt=R len=7
PKT t=17694 TX ua=95 mt=P len=0
PKT t=17703 RX ua=95 mt=R len=7
PKT t=17708 TX ua=95 mt=P len=0
PKT t=17717 RX ua=95 mt=R len=7
PKT t=17722 TX ua=95 mt=P len=0
PKT t=17751 RX ua=95 mt=R len=7
PKT t=17756 TX ua=95 mt=P len=0
PKT t=17765 RX ua=95 mt=R len=7
PKT t=17770 TX ua=95 mt=P len=0
PKT t=17779 RX ua=95 mt=R len=7
PKT t=17784 TX ua=95 mt=P len=0
PKT t=17793 RX ua=95 mt=R len=7
PKT t=17806 TX ua=95 mt=P len=0
PKT t=17815 RX ua=95 mt=R len=7
PKT t=17820 TX ua=95 mt=P len=0
PKT t=17851 RX ua=95 mt=R len=7
PKT t=17856 TX ua=95 mt=T len=7
PKT t=17868 TX ua=95 mt=P len=0
PKT t=17877 RX ua=95 mt=R len=7
PKT t=17882 TX ua=95 mt=P len=0
PKT t=17891 RX ua=95 mt=R len=7
PKT t=17896 TX ua=95 mt=P len=0
PKT t=17905 RX ua=95 mt=R len=7
PKT t=17910 TX ua=95 mt=P len=0
PKT t=17919 RX ua=95 mt=R len=7
PKT t=17924 TX ua=95 mt=P len=0
PKT t=17954 RX ua=95 mt=R len=7
PKT t=17959 TX ua=95 mt=P len=0
PKT t=17968 RX ua=95 mt=R len=7
PKT t=17973 TX ua=95 mt=P len=0
PKT t=17982 RX ua=95 mt=R len=7
PKT t=17987 TX ua=95 mt=P len=0
PKT t=17996 RX ua=95 mt=R len=7
PKT t=18001 TX ua=95 mt=P len=0
PKT t=18013 RX ua=95 mt=R len=7
PKT t=18018 TX ua=95 mt=P len=0
PKT t=18027 RX ua=95 mt=R len=7
PKT t=18032 TX ua=95 mt=P len=0
PKT t=18062 RX ua=95 mt=R len=7
PKT t=18067 TX ua=95 mt=P len=0
PKT t=18076 RX ua=95 mt=R len=7
PKT t=18081 TX ua=95 mt=P len=0
PKT t=18090 RX ua=95 mt=R len=7
PKT t=18095 TX ua=95 mt=P len=0
PKT t=18104 RX ua=95 mt=R len=7
PKT t=18109 TX ua=95 mt=T len=7
PKT t=18122 TX ua=95 mt=P len=0
PKT t=18131 RX ua=95 mt=R len=7
PKT t=18136 TX ua=95 mt=T len=7
PKT t=18149 TX ua=95 mt=P len=0
PKT t=18172 RX ua=95 mt=R len=7
PKT t=18177 TX ua=95 mt=P len=0
PKT t=18186 RX ua=95 mt=R len=7
PKT t=18191 TX ua=95 mt=P len=0
PKT t=18200 RX ua=95 mt=R len=7
PKT t=18205 TX ua=95 mt=P len=0
PKT t=18214 RX ua=95 mt=R len=7
PKT t=18219 TX ua=95 mt=P len=0
PKT t=18228 RX ua=95 mt=R len=7
PKT t=18233 TX ua=95 mt=P len=0
PKT t=18265 RX ua=95 mt=R len=7
PKT t=18270 TX ua=95 mt=P len=0
PKT t=18279 RX ua=95 mt=R len=7
PKT t=18284 TX ua=95 mt=P len=0
PKT t=18293 RX ua=95 mt=R len=7
PKT t=18306 TX ua=95 mt=P len=0
PKT t=18315 RX ua=95 mt=R len=7
PKT t=18320 TX ua=95 mt=P len=0
PKT t=18329 RX ua=95 mt=R len=7
PKT t=18334 TX ua=95 mt=P len=0
PKT t=18365 RX ua=95 mt=R len=7
PKT t=18370 TX ua=95 mt=T len=7
PKT t=18383 TX ua=95 mt=P len=0
PKT t=18392 RX ua=95 mt=R len=7
PKT t=18397 TX ua=95 mt=P len=0
PKT t=18406 RX ua=95 mt=R len=7
PKT t=18411 TX ua=95 mt=P len=0
PKT t=18420 RX ua=95 mt=R len=7
PKT t=18425 TX ua=95 mt=P len=0
PKT t=18434 RX ua=95 mt=R len=7
PKT t=18439 TX ua=95 mt=P len=0
PKT t=18468 RX ua=95 mt=R len=7
PKT t=18473 TX ua=95 mt=P len=0
PKT t=18482 RX ua=95 mt=R len=7
PKT t=18487 TX ua=95 mt=P len=0
PKT t=18496 RX ua=95 mt=R len=7
PKT t=18501 TX ua=95 mt=P len=0
PKT t=18510 RX ua=95 mt=R len=7
PKT t=18515 TX ua=95 mt=P len=0
PKT t=18524 RX ua=95 mt=R len=7
PKT t=18529 TX ua=95 mt=P len=0
PKT t=18538 RX ua=95 mt=R len=7
PKT t=18543 TX ua=95 mt=P len=0
PKT t=18572 RX ua=95 mt=R len=7
PKT t=18577 TX ua=95 mt=P len=0
PKT t=18586 RX ua=95 mt=R len=7
PKT t=18591 TX ua=95 mt=P len=0
PKT t=18600 RX ua=95 mt=R len=7
PKT t=18605 TX ua=95 mt=T len=7
PKT t=18618 TX ua=95 mt=P len=0
PKT t=18627 RX ua=95 mt=R len=7
PKT t=18632 TX ua=95 mt=P len=0
PKT t=18641 RX ua=95 mt=R len=7
PKT t=18646 TX ua=95 mt=P len=0
PKT t=18676 RX ua=95 mt=R len=7
PKT t=18681 TX ua=95 mt=P len=0
PKT t=18690 RX ua=95 mt=R len=7
PKT t=18695 TX ua=95 mt=P len=0
PKT t=18704 RX ua=95 mt=R len=7
PKT t=18709 TX ua=95 mt=P len=0
PKT t=18718 RX ua=95 mt=R len=7
PKT t=18723 TX ua=95 mt=P len=0
PKT t=18732 RX ua=95 mt=R len=7
PKT t=18737 TX ua=95 mt=P len=0
PKT t=18746 RX ua=95 mt=R len=7
PKT t=18751 TX ua=95 mt=P len=0
PKT t=18780 RX ua=95 mt=R len=7
PKT t=18785 TX ua=95 mt=P len=0
PKT t=18794 RX ua=95 mt=R len=7
PKT t=18806 TX ua=95 mt=P len=0
PKT t=18815 RX ua=95 mt=R len=7
PKT t=18820 TX ua=95 mt=P len=0
PKT t=18829 RX ua=95 mt=R len=7
PKT t=18834 TX ua=95 mt=P len=0
PKT t=18843 RX ua=95 mt=R len=7
PKT t=18848 TX ua=95 mt=P len=0
PKT t=18880 RX ua=95 mt=R len=7
PKT t=18885 TX ua=95 mt=T len=7
PKT t=18898 TX ua=95 mt=P len=0
PKT t=18907 RX ua=95 mt=R len=7
PKT t=18912 TX ua=95 mt=P len=0
PKT t=18921 RX ua=95 mt=R len=7
PKT t=18926 TX ua=95 mt=P len=0
PKT t=18936 RX ua=95 mt=R len=7
PKT t=18941 TX ua=95 mt=P len=0
PKT t=18950 RX ua=95 mt=R len=7
PKT t=18955 TX ua=95 mt=P len=0
PKT t=18984 RX ua=95 mt=R len=7
PKT t=18989 TX ua=95 mt=P len=0
PKT t=18998 RX ua=95 mt=R len=7
PKT t=19003 TX ua=95 mt=P len=0
PKT t=19012 RX ua=95 mt=R len=7
PKT t=19017 TX ua=95 mt=P len=0
PKT t=19026 RX ua=95 mt=R len=7
PKT t=19031 TX ua=95 mt=P len=0
PKT t=19040 RX ua=95 mt=R len=7
PKT t=19045 TX ua=95 mt=P len=0
PKT t=19056 RX ua=95 mt=R len=7
PKT t=19311 TX ua=96 mt=P len=0
PKT t=19569 TX ua=95 mt=P len=0
PKT t=19579 RX ua=95 mt=R len=7
PKT t=19584 TX ua=95 mt=T len=7
PKT t=19596 TX ua=95 mt=P len=0
PKT t=19606 RX ua=95 mt=R len=7
PKT t=19611 TX ua=95 mt=T len=7
PKT t=19623 TX ua=95 mt=P len=0
PKT t=19632 RX ua=95 mt=R len=7
PKT t=19637 TX ua=95 mt=P len=0
PKT t=19646 RX ua=95 mt=R len=7
PKT t=19651 TX ua=95 mt=P len=0
PKT t=19660 RX ua=95 mt=R len=7
PKT t=19665 TX ua=95 mt=P len=0
PKT t=19694 RX ua=95 mt=R len=7
PKT t=19699 TX ua=95 mt=P len=0
PKT t=19708 RX ua=95 mt=R len=7
PKT t=19713 TX ua=95 mt=P len=0
PKT t=19722 RX ua=95 mt=R len=7
PKT t=19727 TX ua=95 mt=P len=0
PKT t=19736 RX ua=95 mt=R len=7
PKT t=19741 TX ua=95 mt=P len=0
PKT t=19750 RX ua=95 mt=R len=7
PKT t=19755 TX ua=95 mt=P len=0
PKT t=19764 RX ua=95 mt=R len=7
PKT t=19769 TX ua=95 mt=P len=0
PKT t=19806 RX ua=95 mt=R len=7
PKT t=19811 TX ua=95 mt=P len=0
PKT t=19820 RX ua=95 mt=R len=7
PKT t=19825 TX ua=95 mt=P len=0
PKT t=19834 RX ua=95 mt=R len=7
PKT t=19839 TX ua=95 mt=P len=0
PKT t=19848 RX ua=95 mt=R len=7
PKT t=19853 TX ua=95 mt=T len=7
PKT t=19865 TX ua=95 mt=P len=0
PKT t=19898 RX ua=95 mt=R len=7
PKT t=19903 TX ua=95 mt=P len=0
PKT t=19912 RX ua=95 mt=R len=7
PKT t=19917 TX ua=95 mt=P len=0
PKT t=19926 RX ua=95 mt=R len=7
PKT t=19931 TX ua=95 mt=P len=0
PKT t=19941 RX ua=95 mt=R len=7
PKT t=19945 TX ua=95 mt=P len=0
PKT t=19954 RX ua=95 mt=R len=7
PKT t=19959 TX ua=95 mt=P len=0
PKT t=19968 RX ua=95 mt=R len=7
PKT t=19973 TX ua=95 mt=P len=0
PKT t=20002 RX ua=95 mt=R len=7
PKT t=20007 TX ua=95 mt=P len=0
PKT t=20016 RX ua=95 mt=R len=7
PKT t=20021 TX ua=95 mt=P len=0
PKT t=20030 RX ua=95 mt=R len=7
PKT t=20035 TX ua=95 mt=P len=0
PKT t=20044 RX ua=95 mt=R len=7
PKT t=20056 TX ua=95 mt=P len=0
PKT t=20065 RX ua=95 mt=R len=7
PKT t=20070 TX ua=95 mt=P len=0
PKT t=20102 RX ua=95 mt=R len=7
PKT t=20107 TX ua=95 mt=T len=7
PKT t=20119 TX ua=95 mt=P len=0
PKT t=20128 RX ua=95 mt=R len=7
PKT t=20133 TX ua=95 mt=P len=0
PKT t=20142 RX ua=95 mt=R len=7
PKT t=20147 TX ua=95 mt=P len=0
PKT t=20157 RX ua=95 mt=R len=7
PKT t=20162 TX ua=95 mt=P len=0
PKT t=20171 RX ua=95 mt=R len=7
PKT t=20176 TX ua=95 mt=P len=0
PKT t=20205 RX ua=95 mt=R len=7
PKT t=20210 TX ua=95 mt=P len=0
PKT t=20219 RX ua=95 mt=R len=7
PKT t=20224 TX ua=95 mt=P len=0
PKT t=20233 RX ua=95 mt=R len=7
PKT t=20238 TX ua=95 mt=P len=0
PKT t=20247 RX ua=95 mt=R len=7
PKT t=20252 TX ua=95 mt=P len=0
PKT t=20261 RX ua=95 mt=R len=7
PKT t=20266 TX ua=95 mt=P len=0
PKT t=20275 RX ua=95 mt=R len=7
PKT t=20280 TX ua=95 mt=P len=0
PKT t=20309 RX ua=95 mt=R len=7
PKT t=20314 TX ua=95 mt=P len=0
PKT t=20323 RX ua=95 mt=R len=7
PKT t=20328 TX ua=95 mt=P len=0
PKT t=20337 RX ua=95 mt=R len=7
PKT t=20342 TX ua=95 mt=P len=0
PKT t=20351 RX ua=95 mt=R len=7
PKT t=20356 TX ua=95 mt=T len=7
PKT t=20368 TX ua=95 mt=P len=0
PKT t=20377 RX ua=95 mt=R len=7
PKT t=20382 TX ua=95 mt=P len=0
PKT t=20411 RX ua=95 mt=R len=7
PKT t=20416 TX ua=95 mt=P len=0
PKT t=20425 RX ua=95 mt=R len=7
PKT t=20430 TX ua=95 mt=P len=0
PKT t=20439 RX ua=95 mt=R len=7
PKT t=20444 TX ua=95 mt=P len=0
PKT t=20453 RX ua=95 mt=R len=7
PKT t=20458 TX ua=95 mt=P len=0
PKT t=20467 RX ua=95 mt=R len=7
PKT t=20472 TX ua=95 mt=P len=0
PKT t=20481 RX ua=95 mt=R len=7
PKT t=20486 TX ua=95 mt=P len=0
PKT t=20515 RX ua=95 mt=R len=7
PKT t=20520 TX ua=95 mt=P len=0
PKT t=20529 RX ua=95 mt=R len=7
PKT t=20534 TX ua=95 mt=P len=0
PKT t=20543 RX ua=95 mt=R len=7
PKT t=20556 TX ua=95 mt=P len=0
PKT t=20565 RX ua=95 mt=R len=7
PKT t=20570 TX ua=95 mt=P len=0
PKT t=20579 RX ua=95 mt=R len=7
PKT t=20584 TX ua=95 mt=P len=0
PKT t=20615 RX ua=95 mt=R len=7
PKT t=20620 TX ua=95 mt=T len=7
PKT t=20632 TX ua=95 mt=P len=0
PKT t=20641 RX ua=95 mt=R len=7
PKT t=20646 TX ua=95 mt=P len=0
PKT t=20655 RX ua=95 mt=R len=7
PKT t=20660 TX ua=95 mt=P len=0
PKT t=20669 RX ua=95 mt=R len=7
PKT t=20674 TX ua=95 mt=P len=0
PKT t=20683 RX ua=95 mt=R len=7
PKT t=20688 TX ua=95 mt=P len=0
PKT t=20717 RX ua=95 mt=R len=7
PKT t=20722 TX ua=95 mt=P len=0
PKT t=20731 RX ua=95 mt=R len=7
PKT t=20736 TX ua=95 mt=P len=0
PKT t=20745 RX ua=95 mt=R len=7
PKT t=20750 TX ua=95 mt=P len=0
PKT t=20759 RX ua=95 mt=R len=7
PKT t=20764 TX ua=95 mt=P len=0
PKT t=20773 RX ua=95 mt=R len=7
PKT t=20778 TX ua=95 mt=P len=0
PKT t=20787 RX ua=95 mt=R len=7
PKT t=20792 TX ua=95 mt=P len=0
PKT t=20821 RX ua=95 mt=R len=7
PKT t=20826 TX ua=95 mt=P len=0
PKT t=20835 RX ua=95 mt=R len=7
PKT t=20840 TX ua=95 mt=P len=0
PKT t=20849 RX ua=95 mt=R len=7
PKT t=20854 TX ua=95 mt=T len=7
PKT t=20866 TX ua=95 mt=P len=0
PKT t=20875 RX ua=95 mt=R len=7
PKT t=20880 TX ua=95 mt=P len=0
PKT t=20889 RX ua=95 mt=R len=7
PKT t=20894 TX ua=95 mt=P len=0
PKT t=20923 RX ua=95 mt=R len=7
PKT t=20928 TX ua=95 mt=P len=0
PKT t=20937 RX ua=95 mt=R len=7
PKT t=20942 TX ua=95 mt=P len=0
PKT t=20951 RX ua=95 mt=R len=7
PKT t=20956 TX ua=95 mt=P len=0
PKT t=20965 RX ua=95 mt=R len=7
PKT t=20970 TX ua=95 mt=P len=0
PKT t=20979 RX ua=95 mt=R len=7
PKT t=20984 TX ua=95 mt=P len=0
PKT t=20993 RX ua=95 mt=R len=7
PKT t=20998 TX ua=95 mt=P len=0
PKT t=21027 RX ua=95 mt=R len=7
PKT t=21032 TX ua=95 mt=P len=0
PKT t=21041 RX ua=95 mt=R len=7
PKT t=21046 TX ua=95 mt=P len=0
PKT t=21056 RX ua=95 mt=R len=7
PKT t=21311 TX ua=96 mt=P len=0
PKT t=21569 TX ua=95 mt=P len=0
PKT t=21578 RX ua=95 mt=R len=7
PKT t=21583 TX ua=95 mt=T len=7
PKT t=21596 TX ua=95 mt=P len=0
PKT t=21627 RX ua=95 mt=R len=7
PKT t=21632 TX ua=95 mt=T len=7
PKT t=21645 TX ua=95 mt=P len=0
PKT t=21654 RX ua=95 mt=R len=7
PKT t=21659 TX ua=95 mt=P len=0
PKT t=21668 RX ua=95 mt=R len=7
PKT t=21673 TX ua=95 mt=P len=0
PKT t=21682 RX ua=95 mt=R len=7
PKT t=21687 TX ua=95 mt=P len=0
PKT t=21696 RX ua=95 mt=R len=7
PKT t=21701 TX ua=95 mt=P len=0
PKT t=21730 RX ua=95 mt=R len=7
PKT t=21735 TX ua=95 mt=P len=0
PKT t=21744 RX ua=95 mt=R len=7
PKT t=21749 TX ua=95 mt=P len=0
PKT t=21758 RX ua=95 mt=R len=7
PKT t=21763 TX ua=95 mt=P len=0
PKT t=21772 RX ua=95 mt=R len=7
PKT t=21777 TX ua=95 mt=P len=0
PKT t=21786 RX ua=95 mt=R len=7
PKT t=21791 TX ua=95 mt=P len=0
PKT t=21806 RX ua=95 mt=R len=7
PKT t=21811 TX ua=95 mt=P len=0
PKT t=21835 RX ua=95 mt=R len=7
PKT t=21839 TX ua=95 mt=P len=0
PKT t=21848 RX ua=95 mt=R len=7
PKT t=21853 TX ua=95 mt=T len=7
PKT t=21866 TX ua=95 mt=P len=0
PKT t=21875 RX ua=95 mt=R len=7
PKT t=21880 TX ua=95 mt=P len=0
PKT t=21889 RX ua=95 mt=R len=7
PKT t=21894 TX ua=95 mt=P len=0
PKT t=21903 RX ua=95 mt=R len=7
PKT t=21908 TX ua=95 mt=P len=0
PKT t=21938 RX ua=95 mt=R len=7
PKT t=21943 TX ua=95 mt=P len=0
PKT t=21952 RX ua=95 mt=R len=7
PKT t=21957 TX ua=95 mt=P len=0
PKT t=21966 RX ua=95 mt=R len=7
PKT t=21971 TX ua=95 mt=P len=0
PKT t=21980 RX ua=95 mt=R len=7
PKT t=21985 TX ua=95 mt=P len=0
PKT t=21994 RX ua=95 mt=R len=7
PKT t=21999 TX ua=95 mt=P len=0
PKT t=22008 RX ua=95 mt=R len=7
PKT t=22015 TX ua=95 mt=P len=0
PKT t=22042 RX ua=95 mt=R len=7
PKT t=22047 TX ua=95 mt=P len=0
PKT t=22057 RX ua=95 mt=R len=7
PKT t=22312 TX ua=96 mt=P len=0
PKT t=22570 TX ua=95 mt=P len=0
PKT t=22579 RX ua=95 mt=R len=7
PKT t=22584 TX ua=95 mt=T len=7
PKT t=22596 TX ua=95 mt=P len=0
PKT t=22605 RX ua=95 mt=R len=7
PKT t=22610 TX ua=95 mt=T len=7
PKT t=22622 TX ua=95 mt=P len=0
PKT t=22644 RX ua=95 mt=R len=7
PKT t=22649 TX ua=95 mt=P len=0
PKT t=22658 RX ua=95 mt=R len=7
PKT t=22663 TX ua=95 mt=P len=0
PKT t=22672 RX ua=95 mt=R len=7
PKT t=22677 TX ua=95 mt=P len=0
PKT t=22686 RX ua=95 mt=R len=7
PKT t=22691 TX ua=95 mt=P len=0
PKT t=22700 RX ua=95 mt=R len=7
PKT t=22705 TX ua=95 mt=P len=0
PKT t=22714 RX ua=95 mt=R len=7
PKT t=22719 TX ua=95 mt=P len=0
PKT t=22748 RX ua=95 mt=R len=7
PKT t=22753 TX ua=95 mt=P len=0
PKT t=22762 RX ua=95 mt=R len=7
PKT t=22767 TX ua=95 mt=P len=0
PKT t=22776 RX ua=95 mt=R len=7
PKT t=22781 TX ua=95 mt=P len=0
PKT t=22790 RX ua=95 mt=R len=7
PKT t=22795 TX ua=95 mt=P len=0
PKT t=22806 RX ua=95 mt=R len=7
PKT t=23061 TX ua=96 mt=P len=0
PKT t=23319 TX ua=95 mt=P len=0
PKT t=23328 RX ua=95 mt=R len=7
PKT t=23333 TX ua=95 mt=T len=7
PKT t=23345 TX ua=95 mt=P len=0
PKT t=23354 RX ua=95 mt=R len=7
PKT t=23359 TX ua=95 mt=T len=7
PKT t=23371 TX ua=95 mt=P len=0
PKT t=23381 RX ua=95 mt=R len=7
PKT t=23386 TX ua=95 mt=P len=0
PKT t=23396 RX ua=95 mt=R len=7
PKT t=23401 TX ua=95 mt=P len=0
PKT t=23411 RX ua=95 mt=R len=7
PKT t=23416 TX ua=95 mt=P len=0
PKT t=23448 RX ua=95 mt=R len=7
PKT t=23453 TX ua=95 mt=P len=0
PKT t=23463 RX ua=95 mt=R len=7
PKT t=23468 TX ua=95 mt=P len=0
PKT t=23478 RX ua=95 mt=R len=7
PKT t=23483 TX ua=95 mt=P len=0
PKT t=23493 RX ua=95 mt=R len=7
PKT t=23498 TX ua=95 mt=P len=0
PKT t=23508 RX ua=95 mt=R len=7
PKT t=23513 TX ua=95 mt=P len=0
PKT t=23523 RX ua=95 mt=R len=7
PKT t=23528 TX ua=95 mt=P len=0
PKT t=23557 RX ua=95 mt=R len=7
PKT t=23562 TX ua=95 mt=P len=0
PKT t=23572 RX ua=95 mt=R len=7
PKT t=23577 TX ua=95 mt=P len=0
PKT t=23587 RX ua=95 mt=R len=7
PKT t=23592 TX ua=95 mt=P len=0
PKT t=23602 RX ua=95 mt=R len=7
PKT t=23607 TX ua=95 mt=T len=7
PKT t=23619 TX ua=95 mt=P len=0
PKT t=23628 RX ua=95 mt=R len=7
PKT t=23633 TX ua=95 mt=P len=0
PKT t=23662 RX ua=95 mt=R len=7
PKT t=23667 TX ua=95 mt=P len=0
PKT t=23676 RX ua=95 mt=R len=7
PKT t=23681 TX ua=95 mt=P len=0
PKT t=23690 RX ua=95 mt=R len=7
PKT t=23695 TX ua=95 mt=P len=0
PKT t=23704 RX ua=95 mt=R len=7
PKT t=23709 TX ua=95 mt=P len=0
PKT t=23718 RX ua=95 mt=R len=7
PKT t=23723 TX ua=95 mt=P len=0
PKT t=23732 RX ua=95 mt=R len=7
PKT t=23737 TX ua=95 mt=P len=0
PKT t=23766 RX ua=95 mt=R len=7
PKT t=23771 TX ua=95 mt=P len=0
PKT t=23780 RX ua=95 mt=R len=7
PKT t=23785 TX ua=95 mt=P len=0
PKT t=23794 RX ua=95 mt=R len=7
PKT t=23806 TX ua=95 mt=P len=0
PKT t=23815 RX ua=95 mt=R len=7
PKT t=23820 TX ua=95 mt=P len=0
PKT t=23829 RX ua=95 mt=R len=7
PKT t=23834 TX ua=95 mt=P len=0
PKT t=23866 RX ua=95 mt=R len=7
PKT t=23871 TX ua=95 mt=T len=7
PKT t=23883 TX ua=95 mt=P len=0
PKT t=23892 RX ua=95 mt=R len=7
PKT t=23897 TX ua=95 mt=P len=0
PKT t=23906 RX ua=95 mt=R len=7
PKT t=23911 TX ua=95 mt=P len=0
PKT t=23920 RX ua=95 mt=R len=7
PKT t=23925 TX ua=95 mt=P len=0
PKT t=23935 RX ua=95 mt=R len=7
PKT t=23940 TX ua=95 mt=P len=0
PKT t=23969 RX ua=95 mt=R len=7
PKT t=23974 TX ua=95 mt=P len=0
PKT t=23983 RX ua=95 mt=R len=7
PKT t=23988 TX ua=95 mt=P len=0
PKT t=23997 RX ua=95 mt=R len=7
PKT t=24002 TX ua=95 mt=P len=0
PKT t=24011 RX ua=95 mt=R len=7
PKT t=24016 TX ua=95 mt=P len=0
PKT t=24025 RX ua=95 mt=R len=7
PKT t=24030 TX ua=95 mt=P len=0
PKT t=24039 RX ua=95 mt=R len=7
PKT t=24044 TX ua=95 mt=P len=0
PKT t=24073 RX ua=95 mt=R len=7
PKT t=24078 TX ua=95 mt=P len=0
PKT t=24087 RX ua=95 mt=R len=7
PKT t=24092 TX ua=95 mt=P len=0
PKT t=24101 RX ua=95 mt=R len=7
PKT t=24106 TX ua=95 mt=T len=7
PKT t=24118 TX ua=95 mt=P len=0
PKT t=24127 RX ua=95 mt=R len=7
PKT t=24132 TX ua=95 mt=P len=0
PKT t=24141 RX ua=95 mt=R len=7
PKT t=24146 TX ua=95 mt=P len=0
PKT t=24180 RX ua=95 mt=R len=7
PKT t=24185 TX ua=95 mt=P len=0
PKT t=24194 RX ua=95 mt=R len=7
PKT t=24199 TX ua=95 mt=P len=0
PKT t=24208 RX ua=95 mt=R len=7
PKT t=24213 TX ua=95 mt=P len=0
PKT t=24222 RX ua=95 mt=R len=7
PKT t=24227 TX ua=95 mt=P len=0
PKT t=24236 RX ua=95 mt=R len=7
PKT t=24241 TX ua=95 mt=P len=0
PKT t=24250 RX ua=95 mt=R len=7
PKT t=24255 TX ua=95 mt=P len=0
PKT t=24284 RX ua=95 mt=R len=7
PKT t=24289 TX ua=95 mt=P len=0
PKT t=24306 RX ua=95 mt=R len=7
PKT t=24311 TX ua=95 mt=P len=0
PKT t=24320 RX ua=95 mt=R len=7
PKT t=24325 TX ua=95 mt=P len=0
PKT t=24334 RX ua=95 mt=R len=7
PKT t=24339 TX ua=95 mt=P len=0
PKT t=24348 RX ua=95 mt=R len=7
PKT t=24353 TX ua=95 mt=T len=7
PKT t=24365 TX ua=95 mt=P len=0
PKT t=24386 RX ua=95 mt=R len=7
PKT t=24391 TX ua=95 mt=P len=0
PKT t=24400 RX ua=95 mt=R len=7
PKT t=24405 TX ua=95 mt=P len=0
PKT t=24414 RX ua=95 mt=R len=7
PKT t=24419 TX ua=95 mt=P len=0
PKT t=24428 RX ua=95 mt=R len=7
PKT t=24433 TX ua=95 mt=P len=0
PKT t=24442 RX ua=95 mt=R len=7
PKT t=24447 TX ua=95 mt=P len=0
PKT t=24456 RX ua=95 mt=R len=7
PKT t=24461 TX ua=95 mt=P len=0
PKT t=24490 RX ua=95 mt=R len=7
PKT t=24495 TX ua=95 mt=P len=0
PKT t=24504 RX ua=95 mt=R len=7
PKT t=24509 TX ua=95 mt=P len=0
PKT t=24518 RX ua=95 mt=R len=7
PKT t=24523 TX ua=95 mt=P len=0
PKT t=24532 RX ua=95 mt=R len=7
PKT t=24537 TX ua=95 mt=P len=0
PKT t=24546 RX ua=95 mt=R len=7
PKT t=24556 TX ua=95 mt=P len=0
PKT t=24565 RX ua=95 mt=R len=7
PKT t=24570 TX ua=95 mt=P len=0
PKT t=24599 RX ua=95 mt=R len=7
PKT t=24604 TX ua=95 mt=T len=7
PKT t=24616 TX ua=95 mt=P len=0
PKT t=24625 RX ua=95 mt=R len=7
PKT t=24630 TX ua=95 mt=P len=0
PKT t=24639 RX ua=95 mt=R len=7
PKT t=24644 TX ua=95 mt=P len=0
PKT t=24653 RX ua=95 mt=R len=7
PKT t=24658 TX ua=95 mt=P len=0
PKT t=24667 RX ua=95 mt=R len=7
PKT t=24672 TX ua=95 mt=P len=0
PKT t=24701 RX ua=95 mt=R len=7
PKT t=24706 TX ua=95 mt=P len=0
PKT t=24715 RX ua=95 mt=R len=7
PKT t=24720 TX ua=95 mt=P len=0
PKT t=24729 RX ua=95 mt=R len=7
PKT t=24734 TX ua=95 mt=P len=0
PKT t=24743 RX ua=95 mt=R len=7
PKT t=24748 TX ua=95 mt=P len=0
PKT t=24757 RX ua=95 mt=R len=7
PKT t=24762 TX ua=95 mt=P len=0
PKT t=24771 RX ua=95 mt=R len=7
PKT t=24776 TX ua=95 mt=P len=0
PKT t=24806 RX ua=95 mt=R len=7
PKT t=24811 TX ua=95 mt=P len=0
PKT t=24820 RX ua=95 mt=R len=7
PKT t=24825 TX ua=95 mt=P len=0
PKT t=24834 RX ua=95 mt=R len=7
PKT t=24839 TX ua=95 mt=P len=0
PKT t=24848 RX ua=95 mt=R len=7
PKT t=24853 TX ua=95 mt=T len=7
PKT t=24865 TX ua=95 mt=P len=0
PKT t=24874 RX ua=95 mt=R len=7
PKT t=24879 TX ua=95 mt=P len=0
PKT t=24908 RX ua=95 mt=R len=7
PKT t=24913 TX ua=95 mt=P len=0
PKT t=24922 RX ua=95 mt=R len=7
PKT t=24927 TX ua=95 mt=P len=0
PKT t=24936 RX ua=95 mt=R len=7
PKT t=24941 TX ua=95 mt=P len=0
PKT t=24950 RX ua=95 mt=R len=7
PKT t=24955 TX ua=95 mt=P len=0
PKT t=24964 RX ua=95 mt=R len=7
PKT t=24969 TX ua=95 mt=P len=0
PKT t=24978 RX ua=95 mt=R len=7
PKT t=24983 TX ua=95 mt=P len=0
PKT t=25012 RX ua=95 mt=R len=7
PKT t=25017 TX ua=95 mt=P len=0
PKT t=25026 RX ua=95 mt=R len=7
PKT t=25031 TX ua=95 mt=P len=0
PKT t=25040 RX ua=95 mt=R len=7
PKT t=25045 TX ua=95 mt=P len=0
PKT t=25056 RX ua=95 mt=R len=7
PKT t=25311 TX ua=96 mt=P len=0
PKT t=25569 TX ua=95 mt=P len=0
PKT t=25578 RX ua=95 mt=R len=7
PKT t=25583 TX ua=95 mt=T len=7
PKT t=25595 TX ua=95 mt=P len=0
PKT t=25615 RX ua=95 mt=R len=7
PKT t=25620 TX ua=95 mt=T len=7
PKT t=25632 TX ua=95 mt=P len=0
PKT t=25641 RX ua=95 mt=R len=7
PKT t=25646 TX ua=95 mt=P len=0
PKT t=25655 RX ua=95 mt=R len=7
PKT t=25660 TX ua=95 mt=P len=0
PKT t=25669 RX ua=95 mt=R len=7
PKT t=25674 TX ua=95 mt=P len=0
PKT t=25683 RX ua=95 mt=R len=7
PKT t=25688 TX ua=95 mt=P len=0
PKT t=25717 RX ua=95 mt=R len=7
PKT t=25722 TX ua=95 mt=P len=0
PKT t=25731 RX ua=95 mt=R len=7
PKT t=25736 TX ua=95 mt=P len=0
PKT t=25745 RX ua=95 mt=R len=7
PKT t=25750 TX ua=95 mt=P len=0
PKT t=25759 RX ua=95 mt=R len=7
PKT t=25764 TX ua=95 mt=P len=0
PKT t=25773 RX ua=95 mt=R len=7
PKT t=25778 TX ua=95 mt=P len=0
PKT t=25787 RX ua=95 mt=R len=7
PKT t=25792 TX ua=95 mt=P len=0
PKT t=25821 RX ua=95 mt=R len=7
PKT t=25826 TX ua=95 mt=P len=0
PKT t=25835 RX ua=95 mt=R len=7
PKT t=25840 TX ua=95 mt=P len=0
PKT t=25849 RX ua=95 mt=R len=7
PKT t=25854 TX ua=95 mt=T len=7
PKT t=25866 TX ua=95 mt=P len=0
PKT t=25875 RX ua=95 mt=R len=7
PKT t=25880 TX ua=95 mt=P len=0
PKT t=25889 RX ua=95 mt=R len=7
PKT t=25894 TX ua=95 mt=P len=0
PKT t=25923 RX ua=95 mt=R len=7
PKT t=25928 TX ua=95 mt=P len=0
PKT t=25937 RX ua=95 mt=R len=7
PKT t=25942 TX ua=95 mt=P len=0
PKT t=25951 RX ua=95 mt=R len=7
PKT t=25956 TX ua=95 mt=P len=0
PKT t=25965 RX ua=95 mt=R len=7
PKT t=25970 TX ua=95 mt=P len=0
PKT t=25979 RX ua=95 mt=R len=7
PKT t=25984 TX ua=95 mt=P len=0
PKT t=25993 RX ua=95 mt=R len=7
PKT t=25998 TX ua=95 mt=P len=0
PKT t=26027 RX ua=95 mt=R len=7
PKT t=26032 TX ua=95 mt=P len=0
PKT t=26042 RX ua=95 mt=R len=7
PKT t=26047 TX ua=95 mt=P len=0
PKT t=26057 RX ua=95 mt=R len=7
PKT t=26312 TX ua=96 mt=P len=0
PKT t=26570 TX ua=95 mt=P len=0
PKT t=26579 RX ua=95 mt=R len=7
PKT t=26584 TX ua=95 mt=T len=7
PKT t=26597 TX ua=95 mt=P len=0
PKT t=26627 RX ua=95 mt=R len=7
PKT t=26632 TX ua=95 mt=T len=7
PKT t=26645 TX ua=95 mt=P len=0
PKT t=26654 RX ua=95 mt=R len=7
PKT t=26659 TX ua=95 mt=P len=0
PKT t=26668 RX ua=95 mt=R len=7
PKT t=26673 TX ua=95 mt=P len=0
PKT t=26682 RX ua=95 mt=R len=7
PKT t=26687 TX ua=95 mt=P len=0
PKT t=26696 RX ua=95 mt=R len=7
PKT t=26701 TX ua=95 mt=P len=0
PKT t=26730 RX ua=95 mt=R len=7
PKT t=26735 TX ua=95 mt=P len=0
PKT t=26744 RX ua=95 mt=R len=7
PKT t=26749 TX ua=95 mt=P len=0
PKT t=26758 RX ua=95 mt=R len=7
PKT t=26763 TX ua=95 mt=P len=0
PKT t=26772 RX ua=95 mt=R len=7
PKT t=26777 TX ua=95 mt=P len=0
PKT t=26786 RX ua=95 mt=R len=7
PKT t=26791 TX ua=95 mt=P len=0
PKT t=26806 RX ua=95 mt=R len=7
PKT t=26811 TX ua=95 mt=P len=0
PKT t=26834 RX ua=95 mt=R len=7
PKT t=26839 TX ua=95 mt=P len=0
PKT t=26848 RX ua=95 mt=R len=7
PKT t=26853 TX ua=95 mt=T len=7
PKT t=26866 TX ua=95 mt=P len=0
PKT t=26875 RX ua=95 mt=R len=7
PKT t=26880 TX ua=95 mt=P len=0
PKT t=26889 RX ua=95 mt=R len=7
PKT t=26894 TX ua=95 mt=P len=0
PKT t=26903 RX ua=95 mt=R len=7
PKT t=26908 TX ua=95 mt=P len=0
PKT t=26937 RX ua=95 mt=R len=7
PKT t=26942 TX ua=95 mt=P len=0
PKT t=26951 RX ua=95 mt=R len=7
PKT t=26956 TX ua=95 mt=P len=0
PKT t=26965 RX ua=95 mt=R len=7
PKT t=26970 TX ua=95 mt=P len=0
PKT t=26979 RX ua=95 mt=R len=7
PKT t=26984 TX ua=95 mt=P len=0
PKT t=26993 RX ua=95 mt=R len=7
PKT t=26998 TX ua=95 mt=P len=0
PKT t=27007 RX ua=95 mt=R len=7
PKT t=27012 TX ua=95 mt=P len=0
PKT t=27041 RX ua=95 mt=R len=7
PKT t=27046 TX ua=95 mt=P len=0
PKT t=27056 RX ua=95 mt=R len=7
PKT t=27311 TX ua=96 mt=P len=0
PKT t=27569 TX ua=95 mt=P len=0
PKT t=27578 RX ua=95 mt=R len=7
PKT t=27583 TX ua=95 mt=T len=7
PKT t=27595 TX ua=95 mt=P len=0
PKT t=27605 RX ua=95 mt=R len=7
PKT t=27610 TX ua=95 mt=T len=7
PKT t=27622 TX ua=95 mt=P len=0
PKT t=27643 RX ua=95 mt=R len=7
PKT t=27648 TX ua=95 mt=P len=0
PKT t=27657 RX ua=95 mt=R len=7
PKT t=27662 TX ua=95 mt=P len=0
PKT t=27671 RX ua=95 mt=R len=7
PKT t=27676 TX ua=95 mt=P len=0
PKT t=27685 RX ua=95 mt=R len=7
PKT t=27690 TX ua=95 mt=P len=0
PKT t=27699 RX ua=95 mt=R len=7
PKT t=27704 TX ua=95 mt=P len=0
PKT t=27713 RX ua=95 mt=R len=7
PKT t=27718 TX ua=95 mt=P len=0
PKT t=27747 RX ua=95 mt=R len=7
PKT t=27752 TX ua=95 mt=P len=0
PKT t=27761 RX ua=95 mt=R len=7
PKT t=27766 TX ua=95 mt=P len=0
PKT t=27775 RX ua=95 mt=R len=7
PKT t=27780 TX ua=95 mt=P len=0
PKT t=27789 RX ua=95 mt=R len=7
PKT t=27794 TX ua=95 mt=P len=0
PKT t=27806 RX ua=95 mt=R len=7
PKT t=27811 TX ua=95 mt=P len=0
PKT t=27820 RX ua=95 mt=R len=7
PKT t=27825 TX ua=95 mt=P len=0
PKT t=27854 RX ua=95 mt=R len=7
PKT t=27859 TX ua=95 mt=T len=7
PKT t=27871 TX ua=95 mt=P len=0
PKT t=27880 RX ua=95 mt=R len=7
PKT t=27885 TX ua=95 mt=P len=0
PKT t=27894 RX ua=95 mt=R len=7
PKT t=27899 TX ua=95 mt=P len=0
PKT t=27908 RX ua=95 mt=R len=7
PKT t=27913 TX ua=95 mt=P len=0
PKT t=27922 RX ua=95 mt=R len=7
PKT t=27927 TX ua=95 mt=P len=0
PKT t=27956 RX ua=95 mt=R len=7
PKT t=27961 TX ua=95 mt=P len=0
PKT t=27970 RX ua=95 mt=R len=7
PKT t=27975 TX ua=95 mt=P len=0
PKT t=27984 RX ua=95 mt=R len=7
PKT t=27989 TX ua=95 mt=P len=0
PKT t=27998 RX ua=95 mt=R len=7
PKT t=28003 TX ua=95 mt=P len=0
PKT t=28012 RX ua=95 mt=R len=7
PKT t=28018 TX ua=95 mt=P len=0
PKT t=28027 RX ua=95 mt=R len=7
PKT t=28032 TX ua=95 mt=P len=0
PKT t=28061 RX ua=95 mt=R len=7
PKT t=28066 TX ua=95 mt=P len=0
PKT t=28075 RX ua=95 mt=R len=7
PKT t=28080 TX ua=95 mt=P len=0
PKT t=28089 RX ua=95 mt=R len=7
PKT t=28094 TX ua=95 mt=P len=0
PKT t=28103 RX ua=95 mt=R len=7
PKT t=28108 TX ua=95 mt=T len=7
PKT t=28120 TX ua=95 mt=P len=0
PKT t=28129 RX ua=95 mt=R len=7
PKT t=28134 TX ua=95 mt=P len=0
PKT t=28163 RX ua=95 mt=R len=7
PKT t=28168 TX ua=95 mt=P len=0
PKT t=28177 RX ua=95 mt=R len=7
PKT t=28182 TX ua=95 mt=P len=0
PKT t=28191 RX ua=95 mt=R len=7
PKT t=28196 TX ua=95 mt=P len=0
PKT t=28205 RX ua=95 mt=R len=7
PKT t=28210 TX ua=95 mt=P len=0
PKT t=28219 RX ua=95 mt=R len=7
PKT t=28224 TX ua=95 mt=P len=0
PKT t=28233 RX ua=95 mt=R len=7
PKT t=28238 TX ua=95 mt=P len=0
PKT t=28267 RX ua=95 mt=R len=7
PKT t=28272 TX ua=95 mt=P len=0
PKT t=28281 RX ua=95 mt=R len=7
PKT t=28286 TX ua=95 mt=P len=0
PKT t=28295 RX ua=95 mt=R len=7
PKT t=28306 TX ua=95 mt=P len=0
PKT t=28315 RX ua=95 mt=R len=7
PKT t=28320 TX ua=95 mt=P len=0
PKT t=28329 RX ua=95 mt=R len=7
PKT t=28334 TX ua=95 mt=P len=0
PKT t=28367 RX ua=95 mt=R len=7
PKT t=28372 TX ua=95 mt=T len=7
PKT t=28384 TX ua=95 mt=P len=0
PKT t=28393 RX ua=95 mt=R len=7
PKT t=28398 TX ua=95 mt=P len=0
PKT t=28407 RX ua=95 mt=R len=7
PKT t=28412 TX ua=95 mt=P len=0
PKT t=28421 RX ua=95 mt=R len=7
PKT t=28426 TX ua=95 mt=P len=0
PKT t=28435 RX ua=95 mt=R len=7
PKT t=28440 TX ua=95 mt=P len=0
PKT t=28469 RX ua=95 mt=R len=7
PKT t=28474 TX ua=95 mt=P len=0
PKT t=28483 RX ua=95 mt=R len=7
PKT t=28488 TX ua=95 mt=P len=0
PKT t=28497 RX ua=95 mt=R len=7
PKT t=28502 TX ua=95 mt=P len=0
PKT t=28511 RX ua=95 mt=R len=7
PKT t=28516 TX ua=95 mt=P len=0
PKT t=28525 RX ua=95 mt=R len=7
PKT t=28530 TX ua=95 mt=P len=0
PKT t=28539 RX ua=95 mt=R len=7
PKT t=28544 TX ua=95 mt=P len=0
PKT t=28574 RX ua=95 mt=R len=7
PKT t=28579 TX ua=95 mt=P len=0
PKT t=28588 RX ua=95 mt=R len=7
PKT t=28593 TX ua=95 mt=P len=0
PKT t=28602 RX ua=95 mt=R len=7
PKT t=28607 TX ua=95 mt=T len=7
PKT t=28619 TX ua=95 mt=P len=0
PKT t=28628 RX ua=95 mt=R len=7
PKT t=28633 TX ua=95 mt=P len=0
PKT t=28642 RX ua=95 mt=R len=7
PKT t=28647 TX ua=95 mt=P len=0
PKT t=28676 RX ua=95 mt=R len=7
PKT t=28681 TX ua=95 mt=P len=0
PKT t=28690 RX ua=95 mt=R len=7
PKT t=28695 TX ua=95 mt=P len=0
PKT t=28704 RX ua=95 mt=R len=7
PKT t=28709 TX ua=95 mt=P len=0
PKT t=28718 RX ua=95 mt=R len=7
PKT t=28723 TX ua=95 mt=P len=0
PKT t=28732 RX ua=95 mt=R len=7
PKT t=28737 TX ua=95 mt=P len=0
PKT t=28746 RX ua=95 mt=R len=7
PKT t=28751 TX ua=95 mt=P len=0
PKT t=28780 RX ua=95 mt=R len=7
PKT t=28785 TX ua=95 mt=P len=0
PKT t=28794 RX ua=95 mt=R len=7
PKT t=28806 TX ua=95 mt=P len=0
PKT t=28815 RX ua=95 mt=R len=7
PKT t=28820 TX ua=95 mt=P len=0
PKT t=28829 RX ua=95 mt=R len=7
PKT t=28834 TX ua=95 mt=P len=0
PKT t=28843 RX ua=95 mt=R len=7
PKT t=28848 TX ua=95 mt=P len=0
PKT t=28880 RX ua=95 mt=R len=7
PKT t=28885 TX ua=95 mt=T len=7
PKT t=28897 TX ua=95 mt=P len=0
PKT t=28906 RX ua=95 mt=R len=7
PKT t=28911 TX ua=95 mt=P len=0
PKT t=28920 RX ua=95 mt=R len=7
PKT t=28925 TX ua=95 mt=P len=0
PKT t=28934 RX ua=95 mt=R len=7
PKT t=28939 TX ua=95 mt=P len=0
PKT t=28948 RX ua=95 mt=R len=7
PKT t=28953 TX ua=95 mt=P len=0
PKT t=28982 RX ua=95 mt=R len=7
PKT t=28987 TX ua=95 mt=P len=0
PKT t=28996 RX ua=95 mt=R len=7
PKT t=29001 TX ua=95 mt=P len=0
PKT t=29010 RX ua=95 mt=R len=7
PKT t=29015 TX ua=95 mt=P len=0
PKT t=29024 RX ua=95 mt=R len=7
PKT t=29029 TX ua=95 mt=P len=0
PKT t=29038 RX ua=95 mt=R len=7
PKT t=29043 TX ua=95 mt=P len=0
PKT t=29056 RX ua=95 mt=R len=7
PKT t=29061 TX ua=95 mt=P len=0
PKT t=29086 RX ua=95 mt=R len=7
PKT t=29091 TX ua=95 mt=P len=0
PKT t=29100 RX ua=95 mt=R len=7
PKT t=29105 TX ua=95 mt=T len=7
PKT t=29118 TX ua=95 mt=P len=0
PKT t=29127 RX ua=95 mt=R len=7
PKT t=29132 TX ua=95 mt=P len=0
PKT t=29141 RX ua=95 mt=R len=7
PKT t=29146 TX ua=95 mt=P len=0
PKT t=29155 RX ua=95 mt=R len=7
PKT t=29160 TX ua=95 mt=P len=0
PKT t=29189 RX ua=95 mt=R len=7
PKT t=29194 TX ua=95 mt=P len=0
PKT t=29203 RX ua=95 mt=R len=7
PKT t=29208 TX ua=95 mt=P len=0
PKT t=29217 RX ua=95 mt=R len=7
PKT t=29222 TX ua=95 mt=P len=0
PKT t=29231 RX ua=95 mt=R len=7
PKT t=29236 TX ua=95 mt=P len=0
PKT t=29245 RX ua=95 mt=R len=7
PKT t=29250 TX ua=95 mt=P len=0
PKT t=29259 RX ua=95 mt=R len=7
PKT t=29264 TX ua=95 mt=P len=0
PKT t=29293 RX ua=95 mt=R len=7
PKT t=29306 TX ua=95 mt=P len=0
PKT t=29315 RX ua=95 mt=R len=7
PKT t=29320 TX ua=95 mt=P len=0
PKT t=29329 RX ua=95 mt=R len=7
PKT t=29334 TX ua=95 mt=P len=0
PKT t=29343 RX ua=95 mt=R len=7
PKT t=29348 TX ua=95 mt=P len=0
PKT t=29357 RX ua=95 mt=R len=7
PKT t=29362 TX ua=95 mt=T len=7
PKT t=29375 TX ua=95 mt=P len=0
PKT t=29395 RX ua=95 mt=R len=7
PKT t=29400 TX ua=95 mt=P len=0
PKT t=29410 RX ua=95 mt=R len=7
PKT t=29415 TX ua=95 mt=P len=0
PKT t=29425 RX ua=95 mt=R len=7
PKT t=29430 TX ua=95 mt=P len=0
PKT t=29440 RX ua=95 mt=R len=7
PKT t=29445 TX ua=95 mt=P len=0
PKT t=29455 RX ua=95 mt=R len=7
PKT t=29460 TX ua=95 mt=P len=0
PKT t=29493 RX ua=95 mt=R len=7
PKT t=29498 TX ua=95 mt=P len=0
PKT t=29508 RX ua=95 mt=R len=7
PKT t=29513 TX ua=95 mt=P len=0
PKT t=29523 RX ua=95 mt=R len=7
PKT t=29528 TX ua=95 mt=P len=0
PKT t=29538 RX ua=95 mt=R len=7
PKT t=29543 TX ua=95 mt=P len=0
PKT t=29556 RX ua=95 mt=R len=7
PKT t=29561 TX ua=95 mt=P len=0
PKT t=29593 RX ua=95 mt=R len=7
PKT t=29598 TX ua=95 mt=P len=0
PKT t=29608 RX ua=95 mt=R len=7
PKT t=29613 TX ua=95 mt=T len=7
PKT t=29626 TX ua=95 mt=P len=0
PKT t=29635 RX ua=95 mt=R len=7
PKT t=29640 TX ua=95 mt=P len=0
PKT t=29649 RX ua=95 mt=R len=7
PKT t=29654 TX ua=95 mt=P len=0
PKT t=29663 RX ua=95 mt=R len=7
PKT t=29668 TX ua=95 mt=P len=0
PKT t=29698 RX ua=95 mt=R len=7
PKT t=29703 TX ua=95 mt=P len=0
PKT t=29712 RX ua=95 mt=R len=7
PKT t=29717 TX ua=95 mt=P len=0
PKT t=29726 RX ua=95 mt=R len=7
PKT t=29731 TX ua=95 mt=P len=0
PKT t=29740 RX ua=95 mt=R len=7
PKT t=29745 TX ua=95 mt=P len=0
PKT t=29754 RX ua=95 mt=R len=7
PKT t=29759 TX ua=95 mt=P len=0
PKT t=29768 RX ua=95 mt=R len=7
PKT t=29773 TX ua=95 mt=P len=0
PKT t=29806 RX ua=95 mt=R len=7
PKT t=29811 TX ua=95 mt=P len=0
PKT t=29820 RX ua=95 mt=R len=7
PKT t=29825 TX ua=95 mt=P len=0
PKT t=29834 RX ua=95 mt=R len=7
PKT t=29839 TX ua=95 mt=P len=0
PKT t=29848 RX ua=95 mt=R len=7
PKT t=29853 TX ua=95 mt=T len=7
PKT t=29866 TX ua=95 mt=P len=0
PKT t=29875 RX ua=95 mt=R len=7
PKT t=29880 TX ua=95 mt=P len=0
PKT t=29909 RX ua=95 mt=R len=7
PKT t=29914 TX ua=95 mt=P len=0
PKT t=29923 RX ua=95 mt=R len=7
PKT t=29928 TX ua=95 mt=P len=0
PKT t=29937 RX ua=95 mt=R len=7
PKT t=29942 TX ua=95 mt=P len=0
PKT t=29951 RX ua=95 mt=R len=7
PKT t=29956 TX ua=95 mt=P len=0
PKT t=29965 RX ua=95 mt=R len=7
PKT t=29970 TX ua=95 mt=P len=0
PKT t=29979 RX ua=95 mt=R len=7
PKT t=29984 TX ua=95 mt=P len=0
PKT t=30013 RX ua=95 mt=R len=7
PKT t=30019 TX ua=95 mt=P len=0
PKT t=30028 RX ua=95 mt=R len=7
PKT t=30033 TX ua=95 mt=P len=0
PKT t=30042 RX ua=95 mt=R len=7
PKT t=30047 TX ua=95 mt=P len=0
PKT t=30057 RX ua=95 mt=R len=7
PKT t=30312 TX ua=96 mt=P len=0
PKT t=30570 TX ua=95 mt=P len=0
PKT t=30579 RX ua=95 mt=R len=7
PKT t=30584 TX ua=95 mt=T len=7
PKT t=30596 TX ua=95 mt=P len=0
PKT t=30618 RX ua=95 mt=R len=7
PKT t=30623 TX ua=95 mt=T len=7
PKT t=30635 TX ua=95 mt=P len=0
PKT t=30644 RX ua=95 mt=R len=7
PKT t=30649 TX ua=95 mt=P len=0
PKT t=30658 RX ua=95 mt=R len=7
PKT t=30663 TX ua=95 mt=P len=0
PKT t=30672 RX ua=95 mt=R len=7
PKT t=30677 TX ua=95 mt=P len=0
PKT t=30686 RX ua=95 mt=R len=7
PKT t=30691 TX ua=95 mt=P len=0
PKT t=30720 RX ua=95 mt=R len=7
PKT t=30725 TX ua=95 mt=P len=0
PKT t=30734 RX ua=95 mt=R len=7
PKT t=30739 TX ua=95 mt=P len=0
PKT t=30748 RX ua=95 mt=R len=7
PKT t=30753 TX ua=95 mt=P len=0
PKT t=30762 RX ua=95 mt=R len=7
PKT t=30767 TX ua=95 mt=P len=0
PKT t=30776 RX ua=95 mt=R len=7
PKT t=30781 TX ua=95 mt=P len=0
PKT t=30790 RX ua=95 mt=R len=7
PKT t=30795 TX ua=95 mt=P len=0
PKT t=30824 RX ua=95 mt=R len=7
PKT t=30829 TX ua=95 mt=P len=0
PKT t=30838 RX ua=95 mt=R len=7
PKT t=30843 TX ua=95 mt=P len=0
PKT t=30852 RX ua=95 mt=R len=7
PKT t=30857 TX ua=95 mt=T len=7
PKT t=30869 TX ua=95 mt=P len=0
PKT t=30878 RX ua=95 mt=R len=7
PKT t=30883 TX ua=95 mt=P len=0
PKT t=30892 RX ua=95 mt=R len=7
PKT t=30897 TX ua=95 mt=P len=0
PKT t=30926 RX ua=95 mt=R len=7
PKT t=30931 TX ua=95 mt=P len=0
PKT t=30940 RX ua=95 mt=R len=7
PKT t=30945 TX ua=95 mt=P len=0
PKT t=30954 RX ua=95 mt=R len=7
PKT t=30959 TX ua=95 mt=P len=0
PKT t=30968 RX ua=95 mt=R len=7
PKT t=30973 TX ua=95 mt=P len=0
PKT t=30982 RX ua=95 mt=R len=7
PKT t=30987 TX ua=95 mt=P len=0
PKT t=30996 RX ua=95 mt=R len=7
PKT t=31001 TX ua=95 mt=P len=0
PKT t=31030 RX ua=95 mt=R len=7
PKT t=31035 TX ua=95 mt=P len=0
PKT t=31044 RX ua=95 mt=R len=7
PKT t=31056 TX ua=95 mt=P len=0
PKT t=31065 RX ua=95 mt=R len=7
PKT t=31070 TX ua=95 mt=P len=0
PKT t=31079 RX ua=95 mt=R len=7
PKT t=31084 TX ua=95 mt=P len=0
PKT t=31093 RX ua=95 mt=R len=7
PKT t=31098 TX ua=95 mt=P len=0
PKT t=31130 RX ua=95 mt=R len=7
PKT t=31135 TX ua=95 mt=T len=7
PKT t=31147 TX ua=95 mt=P len=0
PKT t=31156 RX ua=95 mt=R len=7
PKT t=31161 TX ua=95 mt=P len=0
PKT t=31170 RX ua=95 mt=R len=7
PKT t=31175 TX ua=95 mt=P len=0
PKT t=31184 RX ua=95 mt=R len=7
PKT t=31189 TX ua=95 mt=P len=0
PKT t=31198 RX ua=95 mt=R len=7
PKT t=31203 TX ua=95 mt=P len=0
PKT t=31232 RX ua=95 mt=R len=7
PKT t=31237 TX ua=95 mt=P len=0
PKT t=31246 RX ua=95 mt=R len=7
PKT t=31251 TX ua=95 mt=P len=0
PKT t=31260 RX ua=95 mt=R len=7
PKT t=31265 TX ua=95 mt=P len=0
PKT t=31274 RX ua=95 mt=R len=7
PKT t=31279 TX ua=95 mt=P len=0
PKT t=31288 RX ua=95 mt=R len=7
PKT t=31293 TX ua=95 mt=P len=0
PKT t=31306 RX ua=95 mt=R len=7
PKT t=31311 TX ua=95 mt=P len=0
PKT t=31336 RX ua=95 mt=R len=7
PKT t=31341 TX ua=95 mt=P len=0
PKT t=31350 RX ua=95 mt=R len=7
PKT t=31355 TX ua=95 mt=T len=7
PKT t=31367 TX ua=95 mt=P len=0
PKT t=31377 RX ua=95 mt=R len=7
PKT t=31382 TX ua=95 mt=P len=0
PKT t=31392 RX ua=95 mt=R len=7
PKT t=31397 TX ua=95 mt=P len=0
PKT t=31407 RX ua=95 mt=R len=7
PKT t=31412 TX ua=95 mt=P len=0
PKT t=31441 RX ua=95 mt=R len=7
PKT t=31446 TX ua=95 mt=P len=0
PKT t=31456 RX ua=95 mt=R len=7
PKT t=31461 TX ua=95 mt=P len=0
PKT t=31471 RX ua=95 mt=R len=7
PKT t=31476 TX ua=95 mt=P len=0
PKT t=31486 RX ua=95 mt=R len=7
PKT t=31491 TX ua=95 mt=P len=0
PKT t=31501 RX ua=95 mt=R len=7
PKT t=31506 TX ua=95 mt=P len=0
PKT t=31516 RX ua=95 mt=R len=7
PKT t=31521 TX ua=95 mt=P len=0
PKT t=31556 RX ua=95 mt=R len=7
PKT t=31561 TX ua=95 mt=P len=0
PKT t=31571 RX ua=95 mt=R len=7
PKT t=31576 TX ua=95 mt=P len=0
PKT t=31586 RX ua=95 mt=R len=7
PKT t=31591 TX ua=95 mt=P len=0
PKT t=31601 RX ua=95 mt=R len=7
PKT t=31606 TX ua=95 mt=T len=7
PKT t=31618 TX ua=95 mt=P len=0
PKT t=31649 RX ua=95 mt=R len=7
PKT t=31654 TX ua=95 mt=P len=0
PKT t=31663 RX ua=95 mt=R len=7
PKT t=31668 TX ua=95 mt=P len=0
PKT t=31677 RX ua=95 mt=R len=7
PKT t=31682 TX ua=95 mt=P len=0
PKT t=31691 RX ua=95 mt=R len=7
PKT t=31696 TX ua=95 mt=P len=0
PKT t=31705 RX ua=95 mt=R len=7
PKT t=31710 TX ua=95 mt=P len=0
PKT t=31719 RX ua=95 mt=R len=7
PKT t=31724 TX ua=95 mt=P len=0
PKT t=31753 RX ua=95 mt=R len=7
PKT t=31758 TX ua=95 mt=P len=0
PKT t=31767 RX ua=95 mt=R len=7
PKT t=31772 TX ua=95 mt=P len=0
PKT t=31781 RX ua=95 mt=R len=7
PKT t=31786 TX ua=95 mt=P len=0
PKT t=31795 RX ua=95 mt=R len=7
PKT t=31806 TX ua=95 mt=P len=0
PKT t=31815 RX ua=95 mt=R len=7
PKT t=31820 TX ua=95 mt=P len=0
PKT t=31854 RX ua=95 mt=R len=7
PKT t=31859 TX ua=95 mt=T len=7
PKT t=31871 TX ua=95 mt=P len=0
PKT t=31880 RX ua=95 mt=R len=7
PKT t=31885 TX ua=95 mt=P len=0
PKT t=31894 RX ua=95 mt=R len=7
PKT t=31899 TX ua=95 mt=P len=0
PKT t=31908 RX ua=95 mt=R len=7
PKT t=31913 TX ua=95 mt=P len=0
PKT t=31922 RX ua=95 mt=R len=7
PKT t=31927 TX ua=95 mt=P len=0
PKT t=31956 RX ua=95 mt=R len=7
PKT t=31961 TX ua=95 mt=P len=0
PKT t=31970 RX ua=95 mt=R len=7
PKT t=31975 TX ua=95 mt=P len=0
PKT t=31984 RX ua=95 mt=R len=7
PKT t=31989 TX ua=95 mt=P len=0
PKT t=31998 RX ua=95 mt=R len=7
PKT t=32003 TX ua=95 mt=P len=0
PKT t=32012 RX ua=95 mt=R len=7
PKT t=32020 TX ua=95 mt=P len=0
PKT t=32029 RX ua=95 mt=R len=7
PKT t=32034 TX ua=95 mt=P len=0
PKT t=32063 RX ua=95 mt=R len=7
PKT t=32068 TX ua=95 mt=P len=0
PKT t=32077 RX ua=95 mt=R len=7
PKT t=32082 TX ua=95 mt=P len=0
PKT t=32091 RX ua=95 mt=R len=7
PKT t=32096 TX ua=95 mt=P len=0
PKT t=32105 RX ua=95 mt=R len=7
PKT t=32110 TX ua=95 mt=T len=7
PKT t=32122 TX ua=95 mt=P len=0
PKT t=32131 RX ua=95 mt=R len=7
PKT t=32136 TX ua=95 mt=P len=0
PKT t=32165 RX ua=95 mt=R len=7
PKT t=32170 TX ua=95 mt=P len=0
PKT t=32179 RX ua=95 mt=R len=7
PKT t=32184 TX ua=95 mt=P len=0
PKT t=32193 RX ua=95 mt=R len=7
PKT t=32198 TX ua=95 mt=P len=0
PKT t=32207 RX ua=95 mt=R len=7
PKT t=32212 TX ua=95 mt=P len=0
PKT t=32221 RX ua=95 mt=R len=7
PKT t=32226 TX ua=95 mt=P len=0
PKT t=32235 RX ua=95 mt=R len=7
PKT t=32240 TX ua=95 mt=P len=0
PKT t=32269 RX ua=95 mt=R len=7
PKT t=32274 TX ua=95 mt=P len=0
PKT t=32283 RX ua=95 mt=R len=7
PKT t=32288 TX ua=95 mt=P len=0
PKT t=32306 RX ua=95 mt=R len=7
PKT t=32311 TX ua=95 mt=P len=0
PKT t=32320 RX ua=95 mt=R len=7
PKT t=32325 TX ua=95 mt=P len=0
PKT t=32334 RX ua=95 mt=R len=7
PKT t=32339 TX ua=95 mt=P len=0
PKT t=32369 RX ua=95 mt=R len=7
PKT t=32374 TX ua=95 mt=T len=7
PKT t=32386 TX ua=95 mt=P len=0
PKT t=32395 RX ua=95 mt=R len=7
PKT t=32400 TX ua=95 mt=P len=0
PKT t=32409 RX ua=95 mt=R len=7
PKT t=32414 TX ua=95 mt=P len=0
PKT t=32423 RX ua=95 mt=R len=7
PKT t=32428 TX ua=95 mt=P len=0
PKT t=32437 RX ua=95 mt=R len=7
PKT t=32442 TX ua=95 mt=P len=0
PKT t=32471 RX ua=95 mt=R len=7
PKT t=32476 TX ua=95 mt=P len=0
PKT t=32485 RX ua=95 mt=R len=7
PKT t=32490 TX ua=95 mt=P len=0
PKT t=32499 RX ua=95 mt=R len=7
PKT t=32504 TX ua=95 mt=P len=0
PKT t=32513 RX ua=95 mt=R len=7
PKT t=32518 TX ua=95 mt=P len=0
PKT t=32527 RX ua=95 mt=R len=7
PKT t=32532 TX ua=95 mt=P len=0
PKT t=32541 RX ua=95 mt=R len=7
PKT t=32546 TX ua=95 mt=P len=0
PKT t=32575 RX ua=95 mt=R len=7
PKT t=32580 TX ua=95 mt=P len=0
PKT t=32589 RX ua=95 mt=R len=7
PKT t=32594 TX ua=95 mt=P len=0
PKT t=32603 RX ua=95 mt=R len=7
PKT t=32608 TX ua=95 mt=T len=7
PKT t=32620 TX ua=95 mt=P len=0
PKT t=32629 RX ua=95 mt=R len=7
PKT t=32634 TX ua=95 mt=P len=0
PKT t=32643 RX ua=95 mt=R len=7
PKT t=32648 TX ua=95 mt=P len=0
PKT t=32677 RX ua=95 mt=R len=7
PKT t=32682 TX ua=95 mt=P len=0
PKT t=32691 RX ua=95 mt=R len=7
PKT t=32696 TX ua=95 mt=P len=0
PKT t=32705 RX ua=95 mt=R len=7
PKT t=32710 TX ua=95 mt=P len=0
PKT t=32719 RX ua=95 mt=R len=7
PKT t=32724 TX ua=95 mt=P len=0
PKT t=32733 RX ua=95 mt=R len=7
PKT t=32738 TX ua=95 mt=P len=0
PKT t=32747 RX ua=95 mt=R len=7
PKT t=32752 TX ua=95 mt=P len=0
PKT t=32781 RX ua=95 mt=R len=7
PKT t=32786 TX ua=95 mt=P len=0
PKT t=32795 RX ua=95 mt=R len=7
PKT t=32806 TX ua=95 mt=P len=0
PKT t=32815 RX ua=95 mt=R len=7
PKT t=32820 TX ua=95 mt=P len=0
PKT t=32829 RX ua=95 mt=R len=7
PKT t=32834 TX ua=95 mt=P len=0
PKT t=32843 RX ua=95 mt=R len=7
PKT t=32848 TX ua=95 mt=P len=0
PKT t=32881 RX ua=95 mt=R len=7
PKT t=32886 TX ua=95 mt=T len=7
PKT t=32898 TX ua=95 mt=P len=0
PKT t=32907 RX ua=95 mt=R len=7
PKT t=32912 TX ua=95 mt=P len=0
PKT t=32921 RX ua=95 mt=R len=7
PKT t=32926 TX ua=95 mt=P len=0
PKT t=32935 RX ua=95 mt=R len=7
PKT t=32940 TX ua=95 mt=P len=0
PKT t=32949 RX ua=95 mt=R len=7
PKT t=32954 TX ua=95 mt=P len=0
PKT t=32983 RX ua=95 mt=R len=7
PKT t=32988 TX ua=95 mt=P len=0
PKT t=32997 RX ua=95 mt=R len=7
PKT t=33002 TX ua=95 mt=P len=0
PKT t=33011 RX ua=95 mt=R len=7
PKT t=33016 TX ua=95 mt=P len=0
PKT t=33025 RX ua=95 mt=R len=7
PKT t=33030 TX ua=95 mt=P len=0
PKT t=33039 RX ua=95 mt=R len=7
PKT t=33044 TX ua=95 mt=P len=0
PKT t=33056 RX ua=95 mt=R len=7
PKT t=33061 TX ua=95 mt=P len=0
PKT t=33087 RX ua=95 mt=R len=7
PKT t=33092 TX ua=95 mt=P len=0
PKT t=33101 RX ua=95 mt=R len=7
PKT t=33106 TX ua=95 mt=T len=7
PKT t=33118 TX ua=95 mt=P len=0
PKT t=33127 RX ua=95 mt=R len=7
PKT t=33132 TX ua=95 mt=P len=0
PKT t=33141 RX ua=95 mt=R len=7
PKT t=33146 TX ua=95 mt=P len=0
PKT t=33155 RX ua=95 mt=R len=7
PKT t=33160 TX ua=95 mt=P len=0
PKT t=33189 RX ua=95 mt=R len=7
PKT t=33194 TX ua=95 mt=P len=0
PKT t=33203 RX ua=95 mt=R len=7
PKT t=33208 TX ua=95 mt=P len=0
PKT t=33217 RX ua=95 mt=R len=7
PKT t=33222 TX ua=95 mt=P len=0
PKT t=33231 RX ua=95 mt=R len=7
PKT t=33236 TX ua=95 mt=P len=0
PKT t=33245 RX ua=95 mt=R len=7
PKT t=33250 TX ua=95 mt=P len=0
PKT t=33259 RX ua=95 mt=R len=7
PKT t=33264 TX ua=95 mt=P len=0
PKT t=33293 RX ua=95 mt=R len=7
PKT t=33306 TX ua=95 mt=P len=0
PKT t=33315 RX ua=95 mt=R len=7
PKT t=33320 TX ua=95 mt=P len=0
PKT t=33329 RX ua=95 mt=R len=7
PKT t=33334 TX ua=95 mt=P len=0
PKT t=33343 RX ua=95 mt=R len=7
PKT t=33348 TX ua=95 mt=P len=0
PKT t=33357 RX ua=95 mt=R len=7
PKT t=33362 TX ua=95 mt=T len=7
PKT t=33374 TX ua=95 mt=P len=0
PKT t=33395 RX ua=95 mt=R len=7
PKT t=33400 TX ua=95 mt=P len=0
PKT t=33410 RX ua=95 mt=R len=7
PKT t=33415 TX ua=95 mt=P len=0
PKT t=33425 RX ua=95 mt=R len=7
PKT t=33430 TX ua=95 mt=P len=0
PKT t=33440 RX ua=95 mt=R len=7
PKT t=33445 TX ua=95 mt=P len=0
PKT t=33455 RX ua=95 mt=R len=7
PKT t=33460 TX ua=95 mt=P len=0
PKT t=33493 RX ua=95 mt=R len=7
PKT t=33498 TX ua=95 mt=P len=0
PKT t=33508 RX ua=95 mt=R len=7
PKT t=33513 TX ua=95 mt=P len=0
PKT t=33523 RX ua=95 mt=R len=7
PKT t=33528 TX ua=95 mt=P len=0
PKT t=33538 RX ua=95 mt=R len=7
PKT t=33543 TX ua=95 mt=P len=0
PKT t=33556 RX ua=95 mt=R len=7
PKT t=33561 TX ua=95 mt=P len=0
PKT t=33593 RX ua=95 mt=R len=7
PKT t=33598 TX ua=95 mt=P len=0
PKT t=33608 RX ua=95 mt=R len=7
PKT t=33613 TX ua=95 mt=T len=7
PKT t=33625 TX ua=95 mt=P len=0
PKT t=33634 RX ua=95 mt=R len=7
PKT t=33639 TX ua=95 mt=P len=0
PKT t=33648 RX ua=95 mt=R len=7
PKT t=33653 TX ua=95 mt=P len=0
PKT t=33662 RX ua=95 mt=R len=7
PKT t=33667 TX ua=95 mt=P len=0
PKT t=33696 RX ua=95 mt=R len=7
PKT t=33701 TX ua=95 mt=P len=0
PKT t=33710 RX ua=95 mt=R len=7
PKT t=33715 TX ua=95 mt=P len=0
PKT t=33724 RX ua=95 mt=R len=7
PKT t=33729 TX ua=95 mt=P len=0
PKT t=33738 RX ua=95 mt=R len=7
PKT t=33743 TX ua=95 mt=P len=0
PKT t=33752 RX ua=95 mt=R len=7
PKT t=33757 TX ua=95 mt=P len=0
PKT t=33766 RX ua=95 mt=R len=7
PKT t=33771 TX ua=95 mt=P len=0
PKT t=33806 RX ua=95 mt=R len=7
PKT t=33811 TX ua=95 mt=P len=0
PKT t=33820 RX ua=95 mt=R len=7
PKT t=33825 TX ua=95 mt=P len=0
PKT t=33834 RX ua=95 mt=R len=7
PKT t=33839 TX ua=95 mt=P len=0
PKT t=33848 RX ua=95 mt=R len=7
PKT t=33853 TX ua=95 mt=T len=7
PKT t=33865 TX ua=95 mt=P len=0
PKT t=33874 RX ua=95 mt=R len=7
PKT t=33879 TX ua=95 mt=P len=0
PKT t=33908 RX ua=95 mt=R len=7
PKT t=33913 TX ua=95 mt=P len=0
PKT t=33922 RX ua=95 mt=R len=7
PKT t=33927 TX ua=95 mt=P len=0
PKT t=33936 RX ua=95 mt=R len=7
PKT t=33941 TX ua=95 mt=P len=0
PKT t=33950 RX ua=95 mt=R len=7
PKT t=33955 TX ua=95 mt=P len=0
PKT t=33964 RX ua=95 mt=R len=7
PKT t=33969 TX ua=95 mt=P len=0
PKT t=33978 RX ua=95 mt=R len=7
PKT t=33983 TX ua=95 mt=P len=0
PKT t=34012 RX ua=95 mt=R len=7
PKT t=34021 TX ua=95 mt=P len=0
PKT t=34030 RX ua=95 mt=R len=7
PKT t=34035 TX ua=95 mt=P len=0
PKT t=34044 RX ua=95 mt=R len=7
PKT t=34056 TX ua=95 mt=P len=0
PKT t=34065 RX ua=95 mt=R len=7
PKT t=34070 TX ua=95 mt=P len=0
PKT t=34079 RX ua=95 mt=R len=7
PKT t=34084 TX ua=95 mt=P len=0
PKT t=34113 RX ua=95 mt=R len=7
PKT t=34118 TX ua=95 mt=T len=7
PKT t=34131 TX ua=95 mt=P len=0
PKT t=34140 RX ua=95 mt=R len=7
PKT t=34145 TX ua=95 mt=T len=7
PKT t=34158 TX ua=95 mt=P len=0
PKT t=34167 RX ua=95 mt=R len=7
PKT t=34172 TX ua=95 mt=P len=0
PKT t=34181 RX ua=95 mt=R len=7
PKT t=34186 TX ua=95 mt=P len=0
PKT t=34220 RX ua=95 mt=R len=7
PKT t=34225 TX ua=95 mt=P len=0
PKT t=34234 RX ua=95 mt=R len=7
PKT t=34239 TX ua=95 mt=P len=0
PKT t=34248 RX ua=95 mt=R len=7
PKT t=34253 TX ua=95 mt=P len=0
PKT t=34262 RX ua=95 mt=R len=7
PKT t=34267 TX ua=95 mt=P len=0
PKT t=34276 RX ua=95 mt=R len=7
PKT t=34281 TX ua=95 mt=P len=0
PKT t=34290 RX ua=95 mt=R len=7
PKT t=34295 TX ua=95 mt=P len=0
PKT t=34324 RX ua=95 mt=R len=7
PKT t=34329 TX ua=95 mt=P len=0
PKT t=34338 RX ua=95 mt=R len=7
PKT t=34343 TX ua=95 mt=P len=0
PKT t=34352 RX ua=95 mt=R len=7
PKT t=34357 TX ua=95 mt=T len=7
PKT t=34370 TX ua=95 mt=P len=0
PKT t=34379 RX ua=95 mt=R len=7
PKT t=34384 TX ua=95 mt=P len=0
PKT t=34393 RX ua=95 mt=R len=7
PKT t=34398 TX ua=95 mt=P len=0
PKT t=34427 RX ua=95 mt=R len=7
PKT t=34432 TX ua=95 mt=P len=0
PKT t=34441 RX ua=95 mt=R len=7
PKT t=34446 TX ua=95 mt=P len=0
PKT t=34455 RX ua=95 mt=R len=7
PKT t=34460 TX ua=95 mt=P len=0
PKT t=34469 RX ua=95 mt=R len=7
PKT t=34474 TX ua=95 mt=P len=0
PKT t=34483 RX ua=95 mt=R len=7
PKT t=34488 TX ua=95 mt=P len=0
PKT t=34497 RX ua=95 mt=R len=7
PKT t=34502 TX ua=95 mt=P len=0
PKT t=34532 RX ua=95 mt=R len=7
PKT t=34537 TX ua=95 mt=P len=0
PKT t=34547 RX ua=95 mt=R len=7
PKT t=34557 TX ua=95 mt=P len=0
PKT t=34567 RX ua=95 mt=R len=7
PKT t=34572 TX ua=95 mt=P len=0
PKT t=34581 RX ua=95 mt=R len=7
PKT t=34586 TX ua=95 mt=P len=0
PKT t=34595 RX ua=95 mt=R len=7
PKT t=34600 TX ua=95 mt=T len=7
PKT t=34613 TX ua=95 mt=P len=0
PKT t=34633 RX ua=95 mt=R len=7
PKT t=34638 TX ua=95 mt=P len=0
PKT t=34647 RX ua=95 mt=R len=7
PKT t=34652 TX ua=95 mt=P len=0
PKT t=34661 RX ua=95 mt=R len=7
PKT t=34666 TX ua=95 mt=P len=0
PKT t=34675 RX ua=95 mt=R len=7
PKT t=34680 TX ua=95 mt=P len=0
PKT t=34689 RX ua=95 mt=R len=7
PKT t=34694 TX ua=95 mt=P len=0
PKT t=34703 RX ua=95 mt=R len=7
PKT t=34708 TX ua=95 mt=P len=0
PKT t=34737 RX ua=95 mt=R len=7
PKT t=34742 TX ua=95 mt=P len=0
PKT t=34751 RX ua=95 mt=R len=7
PKT t=34756 TX ua=95 mt=P len=0
PKT t=34765 RX ua=95 mt=R len=7
PKT t=34770 TX ua=95 mt=P len=0
PKT t=34779 RX ua=95 mt=R len=7
PKT t=34784 TX ua=95 mt=P len=0
PKT t=34793 RX ua=95 mt=R len=7
PKT t=34806 TX ua=95 mt=P len=0
PKT t=34837 RX ua=95 mt=R len=7
PKT t=34842 TX ua=95 mt=P len=0
PKT t=34851 RX ua=95 mt=R len=7
PKT t=34856 TX ua=95 mt=T len=7
PKT t=34869 TX ua=95 mt=P len=0
PKT t=34878 RX ua=95 mt=R len=7
PKT t=34883 TX ua=95 mt=P len=0
PKT t=34892 RX ua=95 mt=R len=7
PKT t=34897 TX ua=95 mt=P len=0
PKT t=34906 RX ua=95 mt=R len=7
PKT t=34911 TX ua=95 mt=P len=0
PKT t=34940 RX ua=95 mt=R len=7
PKT t=34945 TX ua=95 mt=P len=0
PKT t=34954 RX ua=95 mt=R len=7
PKT t=34959 TX ua=95 mt=P len=0
PKT t=34968 RX ua=95 mt=R len=7
PKT t=34973 TX ua=95 mt=P len=0
PKT t=34982 RX ua=95 mt=R len=7
PKT t=34987 TX ua=95 mt=P len=0
PKT t=34996 RX ua=95 mt=R len=7
PKT t=35001 TX ua=95 mt=P len=0
PKT t=35010 RX ua=95 mt=R len=7
PKT t=35015 TX ua=95 mt=P len=0
PKT t=35045 RX ua=95 mt=R len=7
PKT t=35056 TX ua=95 mt=P len=0
PKT t=35066 RX ua=95 mt=R len=7
PKT t=35071 TX ua=95 mt=P len=0
PKT t=35080 RX ua=95 mt=R len=7
PKT t=35085 TX ua=95 mt=P len=0
PKT t=35094 RX ua=95 mt=R len=7
PKT t=35099 TX ua=95 mt=T len=7
PKT t=35111 TX ua=95 mt=P len=0
PKT t=35144 RX ua=95 mt=R len=7
PKT t=35149 TX ua=95 mt=P len=0
PKT t=35158 RX ua=95 mt=R len=7
PKT t=35163 TX ua=95 mt=P len=0
PKT t=35172 RX ua=95 mt=R len=7
PKT t=35177 TX ua=95 mt=P len=0
PKT t=35186 RX ua=95 mt=R len=7
PKT t=35191 TX ua=95 mt=P len=0
PKT t=35200 RX ua=95 mt=R len=7
PKT t=35205 TX ua=95 mt=P len=0
PKT t=35214 RX ua=95 mt=R len=7
PKT t=35219 TX ua=95 mt=P len=0
PKT t=35249 RX ua=95 mt=R len=7
PKT t=35254 TX ua=95 mt=P len=0
PKT t=35263 RX ua=95 mt=R len=7
PKT t=35268 TX ua=95 mt=P len=0
PKT t=35278 RX ua=95 mt=R len=7
PKT t=35283 TX ua=95 mt=P len=0
PKT t=35292 RX ua=95 mt=R len=7
PKT t=35297 TX ua=95 mt=P len=0
PKT t=35307 RX ua=95 mt=R len=7
PKT t=35562 TX ua=96 mt=P len=0
PKT t=35820 TX ua=95 mt=P len=0
PKT t=35830 RX ua=95 mt=R len=7
PKT t=35835 TX ua=95 mt=T len=7
PKT t=35847 TX ua=95 mt=P len=0
PKT t=35856 RX ua=95 mt=R len=7
PKT t=35861 TX ua=95 mt=T len=7
PKT t=35873 TX ua=95 mt=P len=0
PKT t=35882 RX ua=95 mt=R len=7
PKT t=35887 TX ua=95 mt=P len=0
PKT t=35896 RX ua=95 mt=R len=7
PKT t=35901 TX ua=95 mt=P len=0
PKT t=35910 RX ua=95 mt=R len=7
PKT t=35915 TX ua=95 mt=P len=0
PKT t=35948 RX ua=95 mt=R len=7
PKT t=35953 TX ua=95 mt=P len=0
PKT t=35962 RX ua=95 mt=R len=7
PKT t=35967 TX ua=95 mt=P len=0
PKT t=35976 RX ua=95 mt=R len=7
PKT t=35981 TX ua=95 mt=P len=0
PKT t=35990 RX ua=95 mt=R len=7
PKT t=35995 TX ua=95 mt=P len=0
PKT t=36004 RX ua=95 mt=R len=7
PKT t=36009 TX ua=95 mt=P len=0
PKT t=36022 RX ua=95 mt=R len=7
PKT t=36027 TX ua=95 mt=P len=0
PKT t=36056 RX ua=95 mt=R len=7
PKT t=36061 TX ua=95 mt=P len=0
PKT t=36070 RX ua=95 mt=R len=7
PKT t=36075 TX ua=95 mt=P len=0
PKT t=36084 RX ua=95 mt=R len=7
PKT t=36089 TX ua=95 mt=P len=0
PKT t=36098 RX ua=95 mt=R len=7
PKT t=36103 TX ua=95 mt=T len=7
PKT t=36115 TX ua=95 mt=P len=0
PKT t=36124 RX ua=95 mt=R len=7
PKT t=36129 TX ua=95 mt=P len=0
PKT t=36158 RX ua=95 mt=R len=7
PKT t=36163 TX ua=95 mt=P len=0
PKT t=36172 RX ua=95 mt=R len=7
PKT t=36177 TX ua=95 mt=P len=0
PKT t=36186 RX ua=95 mt=R len=7
PKT t=36191 TX ua=95 mt=P len=0
PKT t=36200 RX ua=95 mt=R len=7
PKT t=36205 TX ua=95 mt=P len=0
PKT t=36214 RX ua=95 mt=R len=7
PKT t=36219 TX ua=95 mt=P len=0
PKT t=36228 RX ua=95 mt=R len=7
PKT t=36233 TX ua=95 mt=P len=0
PKT t=36262 RX ua=95 mt=R len=7
PKT t=36267 TX ua=95 mt=P len=0
PKT t=36276 RX ua=95 mt=R len=7
PKT t=36281 TX ua=95 mt=P len=0
PKT t=36290 RX ua=95 mt=R len=7
PKT t=36295 TX ua=95 mt=P len=0
PKT t=36306 RX ua=95 mt=R len=7
PKT t=36561 TX ua=96 mt=P len=0
PKT t=36819 TX ua=95 mt=P len=0
PKT t=36828 RX ua=95 mt=R len=7
PKT t=36833 TX ua=95 mt=T len=7
PKT t=36845 TX ua=95 mt=P len=0
PKT t=36864 RX ua=95 mt=R len=7
PKT t=36869 TX ua=95 mt=T len=7
PKT t=36881 TX ua=95 mt=P len=0
PKT t=36890 RX ua=95 mt=R len=7
PKT t=36895 TX ua=95 mt=P len=0
PKT t=36904 RX ua=95 mt=R len=7
PKT t=36909 TX ua=95 mt=P len=0
PKT t=36918 RX ua=95 mt=R len=7
PKT t=36923 TX ua=95 mt=P len=0
PKT t=36932 RX ua=95 mt=R len=7
PKT t=36937 TX ua=95 mt=P len=0
PKT t=36966 RX ua=95 mt=R len=7
PKT t=36971 TX ua=95 mt=P len=0
PKT t=36980 RX ua=95 mt=R len=7
PKT t=36985 TX ua=95 mt=P len=0
PKT t=36994 RX ua=95 mt=R len=7
PKT t=36999 TX ua=95 mt=P len=0
PKT t=37008 RX ua=95 mt=R len=7
PKT t=37013 TX ua=95 mt=P len=0
PKT t=37022 RX ua=95 mt=R len=7
PKT t=37027 TX ua=95 mt=P len=0
PKT t=37036 RX ua=95 mt=R len=7
PKT t=37041 TX ua=95 mt=P len=0
PKT t=37070 RX ua=95 mt=R len=7
PKT t=37075 TX ua=95 mt=P len=0
PKT t=37084 RX ua=95 mt=R len=7
PKT t=37089 TX ua=95 mt=P len=0
PKT t=37098 RX ua=95 mt=R len=7
PKT t=37103 TX ua=95 mt=T len=7
PKT t=37116 TX ua=95 mt=P len=0
PKT t=37125 RX ua=95 mt=R len=7
PKT t=37130 TX ua=95 mt=P len=0
PKT t=37139 RX ua=95 mt=R len=7
PKT t=37144 TX ua=95 mt=P len=0
PKT t=37173 RX ua=95 mt=R len=7
PKT t=37178 TX ua=95 mt=P len=0
PKT t=37187 RX ua=95 mt=R len=7
PKT t=37192 TX ua=95 mt=P len=0
PKT t=37201 RX ua=95 mt=R len=7
PKT t=37206 TX ua=95 mt=P len=0
PKT t=37215 RX ua=95 mt=R len=7
PKT t=37220 TX ua=95 mt=P len=0
PKT t=37229 RX ua=95 mt=R len=7
PKT t=37234 TX ua=95 mt=P len=0
PKT t=37243 RX ua=95 mt=R len=7
PKT t=37248 TX ua=95 mt=P len=0
PKT t=37277 RX ua=95 mt=R len=7
PKT t=37282 TX ua=95 mt=P len=0
PKT t=37291 RX ua=95 mt=R len=7
PKT t=37296 TX ua=95 mt=P len=0
PKT t=37306 RX ua=95 mt=R len=7
