PKT t=7115 RX ua=95 mt=R len=7
PKT t=7120 TX ua=95 mt=T len=7
PKT t=7132 TX ua=95 mt=P len=0
PKT t=7163 RX ua=95 mt=R len=7
PKT t=7168 TX ua=95 mt=P len=0
PKT t=7177 RX ua=95 mt=R len=7
PKT t=7182 TX ua=95 mt=P len=0
PKT t=7191 RX ua=95 mt=R len=7
PKT t=7196 TX ua=95 mt=P len=0
PKT t=7205 RX ua=95 mt=R len=7
PKT t=7210 TX ua=95 mt=P len=0
PKT t=7219 RX ua=95 mt=R len=7
PKT t=7224 TX ua=95 mt=P len=0
PKT t=7233 RX ua=95 mt=R len=7
PKT t=7238 TX ua=95 mt=P len=0
PKT t=7267 RX ua=95 mt=R len=7
PKT t=7272 TX ua=95 mt=P len=0
PKT t=7281 RX ua=95 mt=R len=7
PKT t=7286 TX ua=95 mt=P len=0
PKT t=7295 RX ua=95 mt=R len=7
PKT t=7300 TX ua=95 mt=P len=0
PKT t=7309 RX ua=95 mt=R len=7
PKT t=7314 TX ua=95 mt=P len=0
PKT t=7323 RX ua=95 mt=R len=7
PKT t=7328 TX ua=95 mt=P len=0
PKT t=7337 RX ua=95 mt=R len=7
PKT t=7342 TX ua=95 mt=P len=0
PKT t=7371 RX ua=95 mt=R len=7
PKT t=7376 TX ua=95 mt=T len=7
PKT t=7388 TX ua=95 mt=P len=0
PKT t=7406 RX ua=95 mt=R len=7
PKT t=7411 TX ua=95 mt=P len=0
PKT t=7421 RX ua=95 mt=R len=7
PKT t=7426 TX ua=95 mt=P len=0
PKT t=7436 RX ua=95 mt=R len=7
PKT t=7441 TX ua=95 mt=P len=0
PKT t=7472 RX ua=95 mt=R len=7
PKT t=7477 TX ua=95 mt=P len=0
PKT t=7487 RX ua=95 mt=R len=7
PKT t=7492 TX ua=95 mt=P len=0
PKT t=7502 RX ua=95 mt=R len=7
PKT t=7507 TX ua=95 mt=P len=0
PKT t=7517 RX ua=95 mt=R len=7
PKT t=7522 TX ua=95 mt=P len=0
PKT t=7532 RX ua=95 mt=R len=7
PKT t=7537 TX ua=95 mt=P len=0
PKT t=7556 RX ua=95 mt=R len=7
PKT t=7561 TX ua=95 mt=P len=0
PKT t=7581 RX ua=95 mt=R len=7
PKT t=7586 TX ua=95 mt=P len=0
PKT t=7596 RX ua=95 mt=R len=7
PKT t=7601 TX ua=95 mt=P len=0
PKT t=7611 RX ua=95 mt=R len=7
PKT t=7616 TX ua=95 mt=T len=7
PKT t=7628 TX ua=95 mt=P len=0
PKT t=7637 RX ua=95 mt=R len=7
PKT t=7642 TX ua=95 mt=P len=0
PKT t=7651 RX ua=95 mt=R len=7
PKT t=7656 TX ua=95 mt=P len=0
PKT t=7685 RX ua=95 mt=R len=7
PKT t=7690 TX ua=95 mt=P len=0
PKT t=7706 RX ua=95 mt=R len=7
PKT t=7711 TX ua=95 mt=P len=0
PKT t=7720 RX ua=95 mt=R len=7
PKT t=7725 TX ua=95 mt=P len=0
PKT t=7734 RX ua=95 mt=R len=7
PKT t=7739 TX ua=95 mt=P len=0
PKT t=7748 RX ua=95 mt=R len=7
PKT t=7753 TX ua=95 mt=P len=0
PKT t=7785 RX ua=95 mt=R len=7
PKT t=7790 TX ua=95 mt=P len=0
PKT t=7799 RX ua=95 mt=R len=7
PKT t=7804 TX ua=95 mt=P len=0
PKT t=7814 RX ua=95 mt=R len=7
PKT t=7819 TX ua=95 mt=P len=0
PKT t=7828 RX ua=95 mt=R len=7
PKT t=7833 TX ua=95 mt=P len=0
PKT t=7842 RX ua=95 mt=R len=7
PKT t=7847 TX ua=95 mt=P len=0
PKT t=7857 RX ua=95 mt=R len=7
PKT t=8112 TX ua=96 mt=I len=13
PKT t=8620 TX ua=96 mt=T len=4
PKT t=8631 TX ua=95 mt=P len=0
PKT t=8640 RX ua=95 mt=R len=7
PKT t=8645 TX ua=95 mt=T len=7
PKT t=8657 TX ua=95 mt=P len=0
PKT t=8690 RX ua=95 mt=R len=7
PKT t=8695 TX ua=95 mt=P len=0
PKT t=8704 RX ua=95 mt=R len=7
PKT t=8709 TX ua=95 mt=P len=0
PKT t=8718 RX ua=95 mt=R len=7
PKT t=8723 TX ua=95 mt=P len=0
PKT t=8732 RX ua=95 mt=R len=7
PKT t=8737 TX ua=95 mt=P len=0
PKT t=8746 RX ua=95 mt=R len=7
PKT t=8756 TX ua=95 mt=P len=0
PKT t=8765 RX ua=95 mt=R len=7
PKT t=8770 TX ua=95 mt=P len=0
PKT t=8799 RX ua=95 mt=R len=7
PKT t=8804 TX ua=95 mt=P len=0
PKT t=8813 RX ua=95 mt=R len=7
PKT t=8818 TX ua=95 mt=P len=0
PKT t=8827 RX ua=95 mt=R len=7
PKT t=8832 TX ua=95 mt=P len=0
PKT t=8841 RX ua=95 mt=R len=7
PKT t=8846 TX ua=95 mt=P len=0
PKT t=8855 RX ua=95 mt=R len=7
PKT t=8860 TX ua=95 mt=T len=7
PKT t=8872 TX ua=95 mt=P len=0
PKT t=8906 RX ua=95 mt=R len=7
PKT t=8911 TX ua=95 mt=P len=0
PKT t=8920 RX ua=95 mt=R len=7
PKT t=8925 TX ua=95 mt=P len=0
PKT t=8934 RX ua=95 mt=R len=7
PKT t=8939 TX ua=95 mt=P len=0
PKT t=8948 RX ua=95 mt=R len=7
PKT t=8953 TX ua=95 mt=P len=0
PKT t=8962 RX ua=95 mt=R len=7
PKT t=8967 TX ua=95 mt=P len=0
PKT t=9000 RX ua=95 mt=R len=7
PKT t=9005 TX ua=95 mt=P len=0
PKT t=9014 RX ua=95 mt=R len=7
PKT t=9019 TX ua=95 mt=P len=0
PKT t=9028 RX ua=95 mt=R len=7
PKT t=9033 TX ua=95 mt=P len=0
PKT t=9042 RX ua=95 mt=R len=7
PKT t=9047 TX ua=95 mt=P len=0
PKT t=9057 RX ua=95 mt=R len=7
PKT t=9312 TX ua=96 mt=P len=0
PKT t=9570 TX ua=95 mt=P len=0
PKT t=9579 RX ua=95 mt=R len=7
PKT t=9584 TX ua=95 mt=T len=7
PKT t=9596 TX ua=95 mt=P len=0
PKT t=9606 RX ua=95 mt=R len=7
PKT t=9611 TX ua=95 mt=T len=7
PKT t=9623 TX ua=95 mt=P len=0
PKT t=9632 RX ua=95 mt=R len=7
PKT t=9637 TX ua=95 mt=P len=0
PKT t=9646 RX ua=95 mt=R len=7
PKT t=9656 TX ua=95 mt=P len=0
PKT t=9665 RX ua=95 mt=R len=7
PKT t=9670 TX ua=95 mt=P len=0
PKT t=9700 RX ua=95 mt=R len=7
PKT t=9705 TX ua=95 mt=P len=0
PKT t=9714 RX ua=95 mt=R len=7
PKT t=9719 TX ua=95 mt=P len=0
PKT t=9728 RX ua=95 mt=R len=7
PKT t=9733 TX ua=95 mt=P len=0
PKT t=9742 RX ua=95 mt=R len=7
PKT t=9747 TX ua=95 mt=P len=0
PKT t=9756 RX ua=95 mt=R len=7
PKT t=9761 TX ua=95 mt=P len=0
PKT t=9770 RX ua=95 mt=R len=7
PKT t=9775 TX ua=95 mt=P len=0
PKT t=9806 RX ua=95 mt=R len=7
PKT t=9811 TX ua=95 mt=P len=0
PKT t=9820 RX ua=95 mt=R len=7
PKT t=9825 TX ua=95 mt=P len=0
PKT t=9834 RX ua=95 mt=R len=7
PKT t=9839 TX ua=95 mt=P len=0
PKT t=9848 RX ua=95 mt=R len=7
PKT t=9853 TX ua=95 mt=P len=0
PKT t=9862 RX ua=95 mt=R len=7
PKT t=9867 TX ua=95 mt=T len=7
PKT t=9879 TX ua=95 mt=P len=0
PKT t=9907 RX ua=95 mt=R len=7
PKT t=9912 TX ua=95 mt=P len=0
PKT t=9921 RX ua=95 mt=R len=7
PKT t=9926 TX ua=95 mt=P len=0
PKT t=9935 RX ua=95 mt=R len=7
PKT t=9940 TX ua=95 mt=P len=0
PKT t=9956 RX ua=95 mt=R len=7
PKT t=9961 TX ua=95 mt=P len=0
PKT t=9970 RX ua=95 mt=R len=7
PKT t=9975 TX ua=95 mt=P len=0
PKT t=10007 RX ua=95 mt=R len=7
PKT t=10014 TX ua=95 mt=P len=0
PKT t=10023 RX ua=95 mt=R len=7
PKT t=10028 TX ua=95 mt=P len=0
PKT t=10037 RX ua=95 mt=R len=7
PKT t=10042 TX ua=95 mt=P len=0
PKT t=10051 RX ua=95 mt=R len=7
PKT t=10056 TX ua=95 mt=P len=0
PKT t=10065 RX ua=95 mt=R len=7
PKT t=10070 TX ua=95 mt=P len=0
PKT t=10079 RX ua=95 mt=R len=7
PKT t=10084 TX ua=95 mt=P len=0
PKT t=10113 RX ua=95 mt=R len=7
PKT t=10118 TX ua=95 mt=T len=7
PKT t=10131 TX ua=95 mt=P len=0
PKT t=10140 RX ua=95 mt=R len=7
PKT t=10145 TX ua=95 mt=T len=7
PKT t=10158 TX ua=95 mt=P len=0
PKT t=10167 RX ua=95 mt=R len=7
PKT t=10172 TX ua=95 mt=P len=0
PKT t=10181 RX ua=95 mt=R len=7
PKT t=10186 TX ua=95 mt=P len=0
PKT t=10215 RX ua=95 mt=R len=7
PKT t=10220 TX ua=95 mt=P len=0
PKT t=10229 RX ua=95 mt=R len=7
PKT t=10234 TX ua=95 mt=P len=0
PKT t=10243 RX ua=95 mt=R len=7
PKT t=10256 TX ua=95 mt=P len=0
PKT t=10265 RX ua=95 mt=R len=7
PKT t=10270 TX ua=95 mt=P len=0
PKT t=10279 RX ua=95 mt=R len=7
PKT t=10284 TX ua=95 mt=P len=0
PKT t=10315 RX ua=95 mt=R len=7
PKT t=10320 TX ua=95 mt=P len=0
PKT t=10329 RX ua=95 mt=R len=7
PKT t=10334 TX ua=95 mt=P len=0
PKT t=10343 RX ua=95 mt=R len=7
PKT t=10348 TX ua=95 mt=P len=0
PKT t=10357 RX ua=95 mt=R len=7
PKT t=10362 TX ua=95 mt=T len=7
PKT t=10375 TX ua=95 mt=P len=0
PKT t=10384 RX ua=95 mt=R len=7
PKT t=10389 TX ua=95 mt=P len=0
PKT t=10418 RX ua=95 mt=R len=7
PKT t=10423 TX ua=95 mt=P len=0
PKT t=10432 RX ua=95 mt=R len=7
PKT t=10437 TX ua=95 mt=P len=0
PKT t=10446 RX ua=95 mt=R len=7
PKT t=10451 TX ua=95 mt=P len=0
PKT t=10460 RX ua=95 mt=R len=7
PKT t=10465 TX ua=95 mt=P len=0
PKT t=10474 RX ua=95 mt=R len=7
PKT t=10479 TX ua=95 mt=P len=0
PKT t=10488 RX ua=95 mt=R len=7
PKT t=10493 TX ua=95 mt=P len=0
PKT t=10523 RX ua=95 mt=R len=7
PKT t=10528 TX ua=95 mt=P len=0
PKT t=10537 RX ua=95 mt=R len=7
PKT t=10542 TX ua=95 mt=P len=0
PKT t=10556 RX ua=95 mt=R len=7
PKT t=10561 TX ua=95 mt=P len=0
PKT t=10570 RX ua=95 mt=R len=7
PKT t=10575 TX ua=95 mt=P len=0
PKT t=10584 RX ua=95 mt=R len=7
PKT t=10589 TX ua=95 mt=P len=0
PKT t=10622 RX ua=95 mt=R len=7
PKT t=10627 TX ua=95 mt=T len=7
PKT t=10640 TX ua=95 mt=P len=0
PKT t=10649 RX ua=95 mt=R len=7
PKT t=10654 TX ua=95 mt=P len=0
PKT t=10663 RX ua=95 mt=R len=7
PKT t=10668 TX ua=95 mt=P len=0
PKT t=10677 RX ua=95 mt=R len=7
PKT t=10682 TX ua=95 mt=P len=0
PKT t=10691 RX ua=95 mt=R len=7
PKT t=10696 TX ua=95 mt=P len=0
PKT t=10725 RX ua=95 mt=R len=7
PKT t=10730 TX ua=95 mt=P len=0
PKT t=10739 RX ua=95 mt=R len=7
PKT t=10744 TX ua=95 mt=P len=0
PKT t=10753 RX ua=95 mt=R len=7
PKT t=10758 TX ua=95 mt=P len=0
PKT t=10767 RX ua=95 mt=R len=7
PKT t=10772 TX ua=95 mt=P len=0
PKT t=10781 RX ua=95 mt=R len=7
PKT t=10786 TX ua=95 mt=P len=0
PKT t=10795 RX ua=95 mt=R len=7
PKT t=10800 TX ua=95 mt=P len=0
PKT t=10829 RX ua=95 mt=R len=7
PKT t=10834 TX ua=95 mt=P len=0
PKT t=10843 RX ua=95 mt=R len=7
PKT t=10856 TX ua=95 mt=P len=0
PKT t=10865 RX ua=95 mt=R len=7
PKT t=10870 TX ua=95 mt=T len=7
PKT t=10883 TX ua=95 mt=P len=0
PKT t=10892 RX ua=95 mt=R len=7
PKT t=10897 TX ua=95 mt=P len=0
PKT t=10929 RX ua=95 mt=R len=7
PKT t=10934 TX ua=95 mt=P len=0
PKT t=10943 RX ua=95 mt=R len=7
PKT t=10948 TX ua=95 mt=P len=0
PKT t=10957 RX ua=95 mt=R len=7
PKT t=10962 TX ua=95 mt=P len=0
PKT t=10971 RX ua=95 mt=R len=7
PKT t=10976 TX ua=95 mt=P len=0
PKT t=10985 RX ua=95 mt=R len=7
PKT t=10990 TX ua=95 mt=P len=0
PKT t=11006 RX ua=95 mt=R len=7
PKT t=11011 TX ua=95 mt=P len=0
PKT t=11033 RX ua=95 mt=R len=7
PKT t=11038 TX ua=95 mt=P len=0
PKT t=11047 RX ua=95 mt=R len=7
PKT t=11052 TX ua=95 mt=P len=0
PKT t=11061 RX ua=95 mt=R len=7
PKT t=11066 TX ua=95 mt=P len=0
PKT t=11075 RX ua=95 mt=R len=7
PKT t=11080 TX ua=95 mt=P len=0
PKT t=11090 RX ua=95 mt=R len=7
PKT t=11095 TX ua=95 mt=P len=0
PKT t=11104 RX ua=95 mt=R len=7
PKT t=11109 TX ua=95 mt=T len=7
PKT t=11121 TX ua=95 mt=P len=0
PKT t=11140 RX ua=95 mt=R len=7
PKT t=11145 TX ua=95 mt=P len=0
PKT t=11156 RX ua=95 mt=R len=7
PKT t=11411 TX ua=96 mt=P len=0
PKT t=11669 TX ua=95 mt=P len=0
PKT t=11679 RX ua=95 mt=R len=7
PKT t=11684 TX ua=95 mt=T len=7
PKT t=11696 TX ua=95 mt=P len=0
PKT t=11705 RX ua=95 mt=R len=7
PKT t=11710 TX ua=95 mt=P len=0
PKT t=11740 RX ua=95 mt=R len=7
PKT t=11745 TX ua=95 mt=P len=0
PKT t=11756 RX ua=95 mt=R len=7
PKT t=12015 TX ua=96 mt=P len=0
PKT t=12273 TX ua=95 mt=P len=0
PKT t=12282 RX ua=95 mt=R len=7
PKT t=12287 TX ua=95 mt=T len=7
PKT t=12299 TX ua=95 mt=P len=0
PKT t=12308 RX ua=95 mt=R len=7
PKT t=12313 TX ua=95 mt=P len=0
PKT t=12342 RX ua=95 mt=R len=7
PKT t=12347 TX ua=95 mt=P len=0
PKT t=12357 RX ua=95 mt=R len=7
PKT t=12612 TX ua=96 mt=P len=0
PKT t=12870 TX ua=95 mt=P len=0
PKT t=12879 RX ua=95 mt=R len=7
PKT t=12884 TX ua=95 mt=T len=7
PKT t=12896 TX ua=95 mt=P len=0
PKT t=12905 RX ua=95 mt=R len=7
PKT t=12910 TX ua=95 mt=P len=0
PKT t=12942 RX ua=95 mt=R len=7
PKT t=12947 TX ua=95 mt=P len=0
PKT t=12957 RX ua=95 mt=R len=7
PKT t=13212 TX ua=96 mt=P len=0
PKT t=13470 TX ua=95 mt=P len=0
PKT t=13479 RX ua=95 mt=R len=7
PKT t=13484 TX ua=95 mt=T len=7
PKT t=13497 TX ua=95 mt=P len=0
PKT t=13507 RX ua=95 mt=R len=7
PKT t=13512 TX ua=95 mt=P len=0
PKT t=13542 RX ua=95 mt=R len=7
PKT t=13547 TX ua=95 mt=P len=0
PKT t=13557 RX ua=95 mt=R len=7
PKT t=13812 TX ua=96 mt=P len=0
PKT t=14070 TX ua=95 mt=P len=0
PKT t=14080 RX ua=95 mt=R len=7
PKT t=14085 TX ua=95 mt=T len=7
PKT t=14098 TX ua=95 mt=P len=0
PKT t=14107 RX ua=95 mt=R len=7
PKT t=14112 TX ua=95 mt=T len=7
PKT t=14124 TX ua=95 mt=P len=0
PKT t=14156 RX ua=95 mt=R len=7
PKT t=14161 TX ua=95 mt=P len=0
PKT t=14170 RX ua=95 mt=R len=7
PKT t=14175 TX ua=95 mt=P len=0
PKT t=14184 RX ua=95 mt=R len=7
PKT t=14189 TX ua=95 mt=P len=0
PKT t=14198 RX ua=95 mt=R len=7
PKT t=14203 TX ua=95 mt=P len=0
PKT t=14212 RX ua=95 mt=R len=7
PKT t=14217 TX ua=95 mt=P len=0
PKT t=14246 RX ua=95 mt=R len=7
PKT t=14251 TX ua=95 mt=P len=0
PKT t=14260 RX ua=95 mt=R len=7
PKT t=14265 TX ua=95 mt=P len=0
PKT t=14274 RX ua=95 mt=R len=7
PKT t=14279 TX ua=95 mt=P len=0
PKT t=14288 RX ua=95 mt=R len=7
PKT t=14293 TX ua=95 mt=P len=0
PKT t=14306 RX ua=95 mt=R len=7
PKT t=14311 TX ua=95 mt=P len=0
PKT t=14320 RX ua=95 mt=R len=7
PKT t=14325 TX ua=95 mt=P len=0
PKT t=14354 RX ua=95 mt=R len=7
PKT t=14359 TX ua=95 mt=T len=7
PKT t=14371 TX ua=95 mt=P len=0
PKT t=14380 RX ua=95 mt=R len=7
PKT t=14385 TX ua=95 mt=P len=0
PKT t=14394 RX ua=95 mt=R len=7
PKT t=14399 TX ua=95 mt=P len=0
PKT t=14408 RX ua=95 mt=R len=7
PKT t=14413 TX ua=95 mt=P len=0
PKT t=14422 RX ua=95 mt=R len=7
PKT t=14427 TX ua=95 mt=P len=0
PKT t=14456 RX ua=95 mt=R len=7
PKT t=14461 TX ua=95 mt=P len=0
PKT t=14470 RX ua=95 mt=R len=7
PKT t=14475 TX ua=95 mt=P len=0
PKT t=14484 RX ua=95 mt=R len=7
PKT t=14489 TX ua=95 mt=P len=0
PKT t=14498 RX ua=95 mt=R len=7
PKT t=14503 TX ua=95 mt=P len=0
PKT t=14512 RX ua=95 mt=R len=7
PKT t=14517 TX ua=95 mt=P len=0
PKT t=14526 RX ua=95 mt=R len=7
PKT t=14531 TX ua=95 mt=P len=0
PKT t=14560 RX ua=95 mt=R len=7
PKT t=14565 TX ua=95 mt=P len=0
PKT t=14574 RX ua=95 mt=R len=7
PKT t=14579 TX ua=95 mt=P len=0
PKT t=14588 RX ua=95 mt=R len=7
PKT t=14593 TX ua=95 mt=P len=0
PKT t=14606 RX ua=95 mt=R len=7
PKT t=14611 TX ua=95 mt=T len=7
PKT t=14623 TX ua=95 mt=P len=0
PKT t=14632 RX ua=95 mt=R len=7
PKT t=14637 TX ua=95 mt=P len=0
PKT t=14666 RX ua=95 mt=R len=7
PKT t=14671 TX ua=95 mt=P len=0
PKT t=14680 RX ua=95 mt=R len=7
PKT t=14685 TX ua=95 mt=P len=0
PKT t=14694 RX ua=95 mt=R len=7
PKT t=14699 TX ua=95 mt=P len=0
PKT t=14708 RX ua=95 mt=R len=7
PKT t=14713 TX ua=95 mt=P len=0
PKT t=14722 RX ua=95 mt=R len=7
PKT t=14727 TX ua=95 mt=P len=0
PKT t=14736 RX ua=95 mt=R len=7
PKT t=14741 TX ua=95 mt=P len=0
PKT t=14770 RX ua=95 mt=R len=7
PKT t=14775 TX ua=95 mt=P len=0
PKT t=14784 RX ua=95 mt=R len=7
PKT t=14789 TX ua=95 mt=P len=0
PKT t=14798 RX ua=95 mt=R len=7
PKT t=14803 TX ua=95 mt=P len=0
PKT t=14812 RX ua=95 mt=R len=7
PKT t=14817 TX ua=95 mt=P len=0
PKT t=14826 RX ua=95 mt=R len=7
PKT t=14831 TX ua=95 mt=P len=0
PKT t=14840 RX ua=95 mt=R len=7
PKT t=14845 TX ua=95 mt=P len=0
PKT t=14874 RX ua=95 mt=R len=7
PKT t=14879 TX ua=95 mt=T len=7
PKT t=14891 TX ua=95 mt=P len=0
PKT t=14906 RX ua=95 mt=R len=7
PKT t=14911 TX ua=95 mt=P len=0
PKT t=14920 RX ua=95 mt=R len=7
PKT t=14925 TX ua=95 mt=P len=0
PKT t=14934 RX ua=95 mt=R len=7
PKT t=14939 TX ua=95 mt=P len=0
PKT t=14948 RX ua=95 mt=R len=7
PKT t=14953 TX ua=95 mt=P len=0
PKT t=14982 RX ua=95 mt=R len=7
PKT t=14987 TX ua=95 mt=P len=0
PKT t=14996 RX ua=95 mt=R len=7
PKT t=15001 TX ua=95 mt=P len=0
PKT t=15010 RX ua=95 mt=R len=7
PKT t=15015 TX ua=95 mt=P len=0
PKT t=15024 RX ua=95 mt=R len=7
PKT t=15029 TX ua=95 mt=P len=0
PKT t=15038 RX ua=95 mt=R len=7
PKT t=15043 TX ua=95 mt=P len=0
PKT t=15056 RX ua=95 mt=R len=7
PKT t=15061 TX ua=95 mt=P len=0
PKT t=15086 RX ua=95 mt=R len=7
PKT t=15091 TX ua=95 mt=P len=0
PKT t=15100 RX ua=95 mt=R len=7
PKT t=15105 TX ua=95 mt=P len=0
PKT t=15114 RX ua=95 mt=R len=7
PKT t=15119 TX ua=95 mt=T len=7
PKT t=15131 TX ua=95 mt=P len=0
PKT t=15140 RX ua=95 mt=R len=7
PKT t=15145 TX ua=95 mt=P len=0
PKT t=15154 RX ua=95 mt=R len=7
PKT t=15159 TX ua=95 mt=P len=0
PKT t=15188 RX ua=95 mt=R len=7
PKT t=15193 TX ua=95 mt=P len=0
PKT t=15206 RX ua=95 mt=R len=7
PKT t=15211 TX ua=95 mt=P len=0
PKT t=15220 RX ua=95 mt=R len=7
PKT t=15225 TX ua=95 mt=P len=0
PKT t=15234 RX ua=95 mt=R len=7
PKT t=15239 TX ua=95 mt=P len=0
PKT t=15248 RX ua=95 mt=R len=7
PKT t=15253 TX ua=95 mt=P len=0
PKT t=15262 RX ua=95 mt=R len=7
PKT t=15267 TX ua=95 mt=P len=0
PKT t=15296 RX ua=95 mt=R len=7
PKT t=15301 TX ua=95 mt=P len=0
PKT t=15310 RX ua=95 mt=R len=7
PKT t=15315 TX ua=95 mt=P len=0
PKT t=15324 RX ua=95 mt=R len=7
PKT t=15329 TX ua=95 mt=P len=0
PKT t=15338 RX ua=95 mt=R len=7
PKT t=15343 TX ua=95 mt=P len=0
PKT t=15356 RX ua=95 mt=R len=7
PKT t=15361 TX ua=95 mt=T len=7
PKT t=15373 TX ua=95 mt=P len=0
PKT t=15401 RX ua=95 mt=R len=7
PKT t=15406 TX ua=95 mt=P len=0
PKT t=15416 RX ua=95 mt=R len=7
PKT t=15421 TX ua=95 mt=P len=0
PKT t=15431 RX ua=95 mt=R len=7
PKT t=15436 TX ua=95 mt=P len=0
PKT t=15446 RX ua=95 mt=R len=7
PKT t=15451 TX ua=95 mt=P len=0
PKT t=15461 RX ua=95 mt=R len=7
PKT t=15466 TX ua=95 mt=P len=0
PKT t=15476 RX ua=95 mt=R len=7
PKT t=15481 TX ua=95 mt=P len=0
PKT t=15510 RX ua=95 mt=R len=7
PKT t=15515 TX ua=95 mt=P len=0
PKT t=15525 RX ua=95 mt=R len=7
PKT t=15530 TX ua=95 mt=P len=0
PKT t=15540 RX ua=95 mt=R len=7
PKT t=15545 TX ua=95 mt=P len=0
PKT t=15555 RX ua=95 mt=R len=7
PKT t=15560 TX ua=95 mt=P len=0
PKT t=15570 RX ua=95 mt=R len=7
PKT t=15575 TX ua=95 mt=P len=0
PKT t=15585 RX ua=95 mt=R len=7
PKT t=15590 TX ua=95 mt=P len=0
PKT t=15619 RX ua=95 mt=R len=7
PKT t=15624 TX ua=95 mt=T len=7
PKT t=15636 TX ua=95 mt=P len=0
PKT t=15645 RX ua=95 mt=R len=7
PKT t=15656 TX ua=95 mt=P len=0
PKT t=15665 RX ua=95 mt=R len=7
PKT t=15670 TX ua=95 mt=P len=0
PKT t=15679 RX ua=95 mt=R len=7
PKT t=15684 TX ua=95 mt=P len=0
PKT t=15693 RX ua=95 mt=R len=7
PKT t=15698 TX ua=95 mt=P len=0
PKT t=15727 RX ua=95 mt=R len=7
PKT t=15732 TX ua=95 mt=P len=0
PKT t=15741 RX ua=95 mt=R len=7
PKT t=15746 TX ua=95 mt=P len=0
PKT t=15755 RX ua=95 mt=R len=7
PKT t=15760 TX ua=95 mt=P len=0
PKT t=15769 RX ua=95 mt=R len=7
PKT t=15774 TX ua=95 mt=P len=0
PKT t=15783 RX ua=95 mt=R len=7
PKT t=15788 TX ua=95 mt=P len=0
PKT t=15806 RX ua=95 mt=R len=7
PKT t=15811 TX ua=95 mt=P len=0
PKT t=15831 RX ua=95 mt=R len=7
PKT t=15836 TX ua=95 mt=P len=0
PKT t=15845 RX ua=95 mt=R len=7
PKT t=15850 TX ua=95 mt=P len=0
PKT t=15859 RX ua=95 mt=R len=7
PKT t=15864 TX ua=95 mt=T len=7
PKT t=15876 TX ua=95 mt=P len=0
PKT t=15885 RX ua=95 mt=R len=7
PKT t=15890 TX ua=95 mt=P len=0
PKT t=15899 RX ua=95 mt=R len=7
PKT t=15904 TX ua=95 mt=P len=0
PKT t=15933 RX ua=95 mt=R len=7
PKT t=15938 TX ua=95 mt=P len=0
PKT t=15956 RX ua=95 mt=R len=7
PKT t=15961 TX ua=95 mt=P len=0
PKT t=15970 RX ua=95 mt=R len=7
PKT t=15975 TX ua=95 mt=P len=0
PKT t=15984 RX ua=95 mt=R len=7
PKT t=15989 TX ua=95 mt=P len=0
PKT t=15998 RX ua=95 mt=R len=7
PKT t=16003 TX ua=95 mt=P len=0
PKT t=16033 RX ua=95 mt=R len=7
PKT t=16038 TX ua=95 mt=P len=0
PKT t=16047 RX ua=95 mt=R len=7
PKT t=16052 TX ua=95 mt=P len=0
PKT t=16061 RX ua=95 mt=R len=7
PKT t=16066 TX ua=95 mt=P len=0
PKT t=16075 RX ua=95 mt=R len=7
PKT t=16080 TX ua=95 mt=P len=0
PKT t=16089 RX ua=95 mt=R len=7
PKT t=16094 TX ua=95 mt=P len=0
PKT t=16106 RX ua=95 mt=R len=7
PKT t=16111 TX ua=95 mt=T len=7
PKT t=16123 TX ua=95 mt=P len=0
PKT t=16139 RX ua=95 mt=R len=7
PKT t=16144 TX ua=95 mt=P len=0
PKT t=16153 RX ua=95 mt=R len=7
PKT t=16158 TX ua=95 mt=P len=0
PKT t=16167 RX ua=95 mt=R len=7
PKT t=16172 TX ua=95 mt=P len=0
PKT t=16181 RX ua=95 mt=R len=7
PKT t=16186 TX ua=95 mt=P len=0
PKT t=16195 RX ua=95 mt=R len=7
PKT t=16200 TX ua=95 mt=P len=0
PKT t=16209 RX ua=95 mt=R len=7
PKT t=16214 TX ua=95 mt=P len=0
PKT t=16244 RX ua=95 mt=R len=7
PKT t=16256 TX ua=95 mt=P len=0
PKT t=16265 RX ua=95 mt=R len=7
PKT t=16270 TX ua=95 mt=P len=0
PKT t=16279 RX ua=95 mt=R len=7
PKT t=16284 TX ua=95 mt=P len=0
PKT t=16293 RX ua=95 mt=R len=7
PKT t=16298 TX ua=95 mt=P len=0
PKT t=16307 RX ua=95 mt=R len=7
PKT t=16312 TX ua=95 mt=P len=0
PKT t=16343 RX ua=95 mt=R len=7
PKT t=16348 TX ua=95 mt=P len=0
PKT t=16357 RX ua=95 mt=R len=7
PKT t=16362 TX ua=95 mt=T len=7
PKT t=16374 TX ua=95 mt=P len=0
PKT t=16383 RX ua=95 mt=R len=7
PKT t=16388 TX ua=95 mt=P len=0
PKT t=16406 RX ua=95 mt=R len=7
PKT t=16411 TX ua=95 mt=P len=0
PKT t=16443 RX ua=95 mt=R len=7
PKT t=16448 TX ua=95 mt=P len=0
PKT t=16457 RX ua=95 mt=R len=7
PKT t=16462 TX ua=95 mt=P len=0
PKT t=16471 RX ua=95 mt=R len=7
PKT t=16476 TX ua=95 mt=P len=0
PKT t=16485 RX ua=95 mt=R len=7
PKT t=16490 TX ua=95 mt=P len=0
PKT t=16499 RX ua=95 mt=R len=7
PKT t=16504 TX ua=95 mt=P len=0
PKT t=16513 RX ua=95 mt=R len=7
PKT t=16518 TX ua=95 mt=P len=0
PKT t=16556 RX ua=95 mt=R len=7
PKT t=16561 TX ua=95 mt=P len=0
PKT t=16570 RX ua=95 mt=R len=7
PKT t=16575 TX ua=95 mt=P len=0
PKT t=16584 RX ua=95 mt=R len=7
PKT t=16589 TX ua=95 mt=P len=0
PKT t=16598 RX ua=95 mt=R len=7
PKT t=16603 TX ua=95 mt=P len=0
PKT t=16612 RX ua=95 mt=R len=7
PKT t=16617 TX ua=95 mt=T len=7
PKT t=16629 TX ua=95 mt=P len=0
PKT t=16650 RX ua=95 mt=R len=7
PKT t=16654 TX ua=95 mt=P len=0
PKT t=16663 RX ua=95 mt=R len=7
PKT t=16668 TX ua=95 mt=P len=0
PKT t=16677 RX ua=95 mt=R len=7
PKT t=16682 TX ua=95 mt=P len=0
PKT t=16691 RX ua=95 mt=R len=7
PKT t=16696 TX ua=95 mt=P len=0
PKT t=16706 RX ua=95 mt=R len=7
PKT t=16961 TX ua=96 mt=P len=0
PKT t=17219 TX ua=95 mt=P len=0
PKT t=17228 RX ua=95 mt=R len=7
PKT t=17233 TX ua=95 mt=T len=7
PKT t=17245 TX ua=95 mt=P len=0
PKT t=17254 RX ua=95 mt=R len=7
PKT t=17259 TX ua=95 mt=P len=0
PKT t=17268 RX ua=95 mt=R len=7
PKT t=17273 TX ua=95 mt=P len=0
PKT t=17282 RX ua=95 mt=R len=7
PKT t=17287 TX ua=95 mt=P len=0
PKT t=17296 RX ua=95 mt=R len=7
PKT t=17306 TX ua=95 mt=P len=0
PKT t=17315 RX ua=95 mt=R len=7
PKT t=17320 TX ua=95 mt=P len=0
PKT t=17349 RX ua=95 mt=R len=7
PKT t=17354 TX ua=95 mt=P len=0
PKT t=17363 RX ua=95 mt=R len=7
PKT t=17368 TX ua=95 mt=T len=7
PKT t=17380 TX ua=95 mt=P len=0
PKT t=17390 RX ua=95 mt=R len=7
PKT t=17395 TX ua=95 mt=P len=0
PKT t=17405 RX ua=95 mt=R len=7
PKT t=17410 TX ua=95 mt=P len=0
PKT t=17420 RX ua=95 mt=R len=7
PKT t=17425 TX ua=95 mt=P len=0
PKT t=17456 RX ua=95 mt=R len=7
PKT t=17461 TX ua=95 mt=P len=0
PKT t=17471 RX ua=95 mt=R len=7
PKT t=17476 TX ua=95 mt=P len=0
PKT t=17486 RX ua=95 mt=R len=7
PKT t=17491 TX ua=95 mt=P len=0
PKT t=17501 RX ua=95 mt=R len=7
PKT t=17506 TX ua=95 mt=P len=0
PKT t=17516 RX ua=95 mt=R len=7
PKT t=17521 TX ua=95 mt=P len=0
PKT t=17553 RX ua=95 mt=R len=7
PKT t=17558 TX ua=95 mt=P len=0
PKT t=17568 RX ua=95 mt=R len=7
PKT t=17573 TX ua=95 mt=P len=0
PKT t=17583 RX ua=95 mt=R len=7
PKT t=17588 TX ua=95 mt=P len=0
PKT t=17606 RX ua=95 mt=R len=7
PKT t=17611 TX ua=95 mt=T len=7
PKT t=17623 TX ua=95 mt=P len=0
PKT t=17653 RX ua=95 mt=R len=7
PKT t=17658 TX ua=95 mt=P len=0
PKT t=17667 RX ua=95 mt=R len=7
PKT t=17672 TX ua=95 mt=P len=0
PKT t=17681 RX ua=95 mt=R len=7
PKT t=17686 TX ua=95 mt=P len=0
PKT t=17695 RX ua=95 mt=R len=7
PKT t=17700 TX ua=95 mt=P len=0
PKT t=17709 RX ua=95 mt=R len=7
PKT t=17714 TX ua=95 mt=P len=0
PKT t=17723 RX ua=95 mt=R len=7
PKT t=17728 TX ua=95 mt=P len=0
PKT t=17757 RX ua=95 mt=R len=7
PKT t=17762 TX ua=95 mt=P len=0
PKT t=17771 RX ua=95 mt=R len=7
PKT t=17776 TX ua=95 mt=P len=0
PKT t=17785 RX ua=95 mt=R len=7
PKT t=17790 TX ua=95 mt=P len=0
PKT t=17799 RX ua=95 mt=R len=7
PKT t=17804 TX ua=95 mt=P len=0
PKT t=17813 RX ua=95 mt=R len=7
PKT t=17818 TX ua=95 mt=P len=0
PKT t=17827 RX ua=95 mt=R len=7
PKT t=17832 TX ua=95 mt=P len=0
PKT t=17861 RX ua=95 mt=R len=7
PKT t=17866 TX ua=95 mt=T len=7
PKT t=17878 TX ua=95 mt=P len=0
PKT t=17887 RX ua=95 mt=R len=7
PKT t=17892 TX ua=95 mt=P len=0
PKT t=17906 RX ua=95 mt=R len=7
PKT t=17911 TX ua=95 mt=P len=0
PKT t=17920 RX ua=95 mt=R len=7
PKT t=17925 TX ua=95 mt=P len=0
PKT t=17934 RX ua=95 mt=R len=7
PKT t=17939 TX ua=95 mt=P len=0
PKT t=17968 RX ua=95 mt=R len=7
PKT t=17973 TX ua=95 mt=P len=0
PKT t=17982 RX ua=95 mt=R len=7
PKT t=17987 TX ua=95 mt=P len=0
PKT t=17996 RX ua=95 mt=R len=7
PKT t=18001 TX ua=95 mt=P len=0
PKT t=18010 RX ua=95 mt=R len=7
PKT t=18018 TX ua=95 mt=P len=0
PKT t=18027 RX ua=95 mt=R len=7
PKT t=18032 TX ua=95 mt=P len=0
PKT t=18041 RX ua=95 mt=R len=7
PKT t=18046 TX ua=95 mt=P len=0
PKT t=18075 RX ua=95 mt=R len=7
PKT t=18080 TX ua=95 mt=P len=0
PKT t=18089 RX ua=95 mt=R len=7
PKT t=18094 TX ua=95 mt=P len=0
PKT t=18103 RX ua=95 mt=R len=7
PKT t=18108 TX ua=95 mt=T len=7
PKT t=18121 TX ua=95 mt=P len=0
PKT t=18130 RX ua=95 mt=R len=7
PKT t=18135 TX ua=95 mt=T len=7
PKT t=18148 TX ua=95 mt=P len=0
PKT t=18180 RX ua=95 mt=R len=7
PKT t=18185 TX ua=95 mt=P len=0
PKT t=18194 RX ua=95 mt=R len=7
PKT t=18206 TX ua=95 mt=P len=0
PKT t=18215 RX ua=95 mt=R len=7
PKT t=18220 TX ua=95 mt=P len=0
PKT t=18229 RX ua=95 mt=R len=7
PKT t=18234 TX ua=95 mt=P len=0
PKT t=18243 RX ua=95 mt=R len=7
PKT t=18248 TX ua=95 mt=P len=0
PKT t=18277 RX ua=95 mt=R len=7
PKT t=18282 TX ua=95 mt=P len=0
PKT t=18291 RX ua=95 mt=R len=7
PKT t=18296 TX ua=95 mt=P len=0
PKT t=18305 RX ua=95 mt=R len=7
PKT t=18310 TX ua=95 mt=P len=0
PKT t=18319 RX ua=95 mt=R len=7
PKT t=18324 TX ua=95 mt=P len=0
PKT t=18333 RX ua=95 mt=R len=7
PKT t=18338 TX ua=95 mt=P len=0
PKT t=18356 RX ua=95 mt=R len=7
PKT t=18361 TX ua=95 mt=T len=7
PKT t=18374 TX ua=95 mt=P len=0
PKT t=18383 RX ua=95 mt=R len=7
PKT t=18388 TX ua=95 mt=P len=0
PKT t=18397 RX ua=95 mt=R len=7
PKT t=18402 TX ua=95 mt=P len=0
PKT t=18411 RX ua=95 mt=R len=7
PKT t=18416 TX ua=95 mt=P len=0
PKT t=18425 RX ua=95 mt=R len=7
PKT t=18430 TX ua=95 mt=P len=0
PKT t=18439 RX ua=95 mt=R len=7
PKT t=18444 TX ua=95 mt=P len=0
PKT t=18453 RX ua=95 mt=R len=7
PKT t=18458 TX ua=95 mt=P len=0
PKT t=18487 RX ua=95 mt=R len=7
PKT t=18492 TX ua=95 mt=P len=0
PKT t=18506 RX ua=95 mt=R len=7
PKT t=18511 TX ua=95 mt=P len=0
PKT t=18520 RX ua=95 mt=R len=7
PKT t=18525 TX ua=95 mt=P len=0
PKT t=18534 RX ua=95 mt=R len=7
PKT t=18539 TX ua=95 mt=P len=0
PKT t=18548 RX ua=95 mt=R len=7
PKT t=18553 TX ua=95 mt=P len=0
PKT t=18562 RX ua=95 mt=R len=7
PKT t=18567 TX ua=95 mt=P len=0
PKT t=18596 RX ua=95 mt=R len=7
PKT t=18601 TX ua=95 mt=P len=0
PKT t=18610 RX ua=95 mt=R len=7
PKT t=18615 TX ua=95 mt=T len=7
PKT t=18628 TX ua=95 mt=P len=0
PKT t=18637 RX ua=95 mt=R len=7
PKT t=18642 TX ua=95 mt=P len=0
PKT t=18656 RX ua=95 mt=R len=7
PKT t=18661 TX ua=95 mt=P len=0
PKT t=18670 RX ua=95 mt=R len=7
PKT t=18675 TX ua=95 mt=P len=0
PKT t=18704 RX ua=95 mt=R len=7
PKT t=18709 TX ua=95 mt=P len=0
PKT t=18718 RX ua=95 mt=R len=7
PKT t=18723 TX ua=95 mt=P len=0
PKT t=18732 RX ua=95 mt=R len=7
PKT t=18737 TX ua=95 mt=P len=0
PKT t=18746 RX ua=95 mt=R len=7
PKT t=18751 TX ua=95 mt=P len=0
PKT t=18760 RX ua=95 mt=R len=7
PKT t=18765 TX ua=95 mt=P len=0
PKT t=18774 RX ua=95 mt=R len=7
PKT t=18779 TX ua=95 mt=P len=0
PKT t=18808 RX ua=95 mt=R len=7
PKT t=18813 TX ua=95 mt=P len=0
PKT t=18822 RX ua=95 mt=R len=7
PKT t=18827 TX ua=95 mt=P len=0
PKT t=18836 RX ua=95 mt=R len=7
PKT t=18841 TX ua=95 mt=P len=0
PKT t=18850 RX ua=95 mt=R len=7
PKT t=18855 TX ua=95 mt=P len=0
PKT t=18864 RX ua=95 mt=R len=7
PKT t=18869 TX ua=95 mt=T len=7
PKT t=18882 TX ua=95 mt=P len=0
PKT t=18909 RX ua=95 mt=R len=7
PKT t=18914 TX ua=95 mt=P len=0
PKT t=18923 RX ua=95 mt=R len=7
PKT t=18928 TX ua=95 mt=P len=0
PKT t=18937 RX ua=95 mt=R len=7
PKT t=18942 TX ua=95 mt=P len=0
PKT t=18956 RX ua=95 mt=R len=7
PKT t=18961 TX ua=95 mt=P len=0
PKT t=18970 RX ua=95 mt=R len=7
PKT t=18975 TX ua=95 mt=P len=0
PKT t=18984 RX ua=95 mt=R len=7
PKT t=18989 TX ua=95 mt=P len=0
PKT t=19018 RX ua=95 mt=R len=7
PKT t=19023 TX ua=95 mt=P len=0
PKT t=19032 RX ua=95 mt=R len=7
PKT t=19037 TX ua=95 mt=P len=0
PKT t=19046 RX ua=95 mt=R len=7
PKT t=19051 TX ua=95 mt=P len=0
PKT t=19060 RX ua=95 mt=R len=7
PKT t=19065 TX ua=95 mt=P len=0
PKT t=19074 RX ua=95 mt=R len=7
PKT t=19079 TX ua=95 mt=P len=0
PKT t=19088 RX ua=95 mt=R len=7
PKT t=19093 TX ua=95 mt=P len=0
PKT t=19122 RX ua=95 mt=R len=7
PKT t=19127 TX ua=95 mt=T len=7
PKT t=19139 TX ua=95 mt=P len=0
PKT t=19148 RX ua=95 mt=R len=7
PKT t=19153 TX ua=95 mt=P len=0
PKT t=19162 RX ua=95 mt=R len=7
PKT t=19167 TX ua=95 mt=P len=0
PKT t=19176 RX ua=95 mt=R len=7
PKT t=19181 TX ua=95 mt=P len=0
PKT t=19190 RX ua=95 mt=R len=7
PKT t=19195 TX ua=95 mt=P len=0
PKT t=19224 RX ua=95 mt=R len=7
PKT t=19229 TX ua=95 mt=P len=0
PKT t=19238 RX ua=95 mt=R len=7
PKT t=19243 TX ua=95 mt=P len=0
PKT t=19256 RX ua=95 mt=R len=7
PKT t=19261 TX ua=95 mt=P len=0
PKT t=19270 RX ua=95 mt=R len=7
PKT t=19275 TX ua=95 mt=P len=0
PKT t=19284 RX ua=95 mt=R len=7
PKT t=19289 TX ua=95 mt=P len=0
PKT t=19298 RX ua=95 mt=R len=7
PKT t=19303 TX ua=95 mt=P len=0
PKT t=19332 RX ua=95 mt=R len=7
PKT t=19337 TX ua=95 mt=P len=0
PKT t=19346 RX ua=95 mt=R len=7
PKT t=19351 TX ua=95 mt=P len=0
PKT t=19360 RX ua=95 mt=R len=7
PKT t=19365 TX ua=95 mt=T len=7
PKT t=19377 TX ua=95 mt=P len=0
PKT t=19387 RX ua=95 mt=R len=7
PKT t=19392 TX ua=95 mt=P len=0
PKT t=19406 RX ua=95 mt=R len=7
PKT t=19411 TX ua=95 mt=P len=0
PKT t=19436 RX ua=95 mt=R len=7
PKT t=19441 TX ua=95 mt=P len=0
PKT t=19451 RX ua=95 mt=R len=7
PKT t=19456 TX ua=95 mt=P len=0
PKT t=19466 RX ua=95 mt=R len=7
PKT t=19471 TX ua=95 mt=P len=0
PKT t=19481 RX ua=95 mt=R len=7
PKT t=19486 TX ua=95 mt=P len=0
PKT t=19496 RX ua=95 mt=R len=7
PKT t=19501 TX ua=95 mt=P len=0
PKT t=19511 RX ua=95 mt=R len=7
PKT t=19516 TX ua=95 mt=P len=0
PKT t=19545 RX ua=95 mt=R len=7
PKT t=19556 TX ua=95 mt=P len=0
PKT t=19566 RX ua=95 mt=R len=7
PKT t=19571 TX ua=95 mt=P len=0
PKT t=19581 RX ua=95 mt=R len=7
PKT t=19586 TX ua=95 mt=P len=0
PKT t=19596 RX ua=95 mt=R len=7
PKT t=19601 TX ua=95 mt=P len=0
PKT t=19611 RX ua=95 mt=R len=7
PKT t=19616 TX ua=95 mt=T len=7
PKT t=19628 TX ua=95 mt=P len=0
PKT t=19646 RX ua=95 mt=R len=7
PKT t=19651 TX ua=95 mt=P len=0
PKT t=19660 RX ua=95 mt=R len=7
PKT t=19665 TX ua=95 mt=P len=0
PKT t=19674 RX ua=95 mt=R len=7
PKT t=19679 TX ua=95 mt=P len=0
PKT t=19688 RX ua=95 mt=R len=7
PKT t=19693 TX ua=95 mt=P len=0
PKT t=19706 RX ua=95 mt=R len=7
PKT t=19711 TX ua=95 mt=P len=0
PKT t=19744 RX ua=95 mt=R len=7
PKT t=19749 TX ua=95 mt=P len=0
PKT t=19758 RX ua=95 mt=R len=7
PKT t=19763 TX ua=95 mt=P len=0
PKT t=19772 RX ua=95 mt=R len=7
PKT t=19777 TX ua=95 mt=P len=0
PKT t=19786 RX ua=95 mt=R len=7
PKT t=19791 TX ua=95 mt=P len=0
PKT t=19800 RX ua=95 mt=R len=7
PKT t=19805 TX ua=95 mt=P len=0
PKT t=19814 RX ua=95 mt=R len=7
PKT t=19819 TX ua=95 mt=P len=0
PKT t=19856 RX ua=95 mt=R len=7
PKT t=19861 TX ua=95 mt=T len=7
PKT t=19873 TX ua=95 mt=P len=0
PKT t=19882 RX ua=95 mt=R len=7
PKT t=19887 TX ua=95 mt=P len=0
PKT t=19897 RX ua=95 mt=R len=7
PKT t=19902 TX ua=95 mt=P len=0
PKT t=19911 RX ua=95 mt=R len=7
PKT t=19916 TX ua=95 mt=P len=0
PKT t=19948 RX ua=95 mt=R len=7
PKT t=19953 TX ua=95 mt=P len=0
PKT t=19962 RX ua=95 mt=R len=7
PKT t=19967 TX ua=95 mt=P len=0
PKT t=19976 RX ua=95 mt=R len=7
PKT t=19981 TX ua=95 mt=P len=0
PKT t=19990 RX ua=95 mt=R len=7
PKT t=19995 TX ua=95 mt=P len=0
PKT t=20006 RX ua=95 mt=R len=7
PKT t=20261 TX ua=96 mt=P len=0
PKT t=20519 TX ua=95 mt=P len=0
PKT t=20528 RX ua=95 mt=R len=7
PKT t=20533 TX ua=95 mt=T len=7
PKT t=20545 TX ua=95 mt=P len=0
PKT t=20554 RX ua=95 mt=R len=7
PKT t=20559 TX ua=95 mt=P len=0
PKT t=20568 RX ua=95 mt=R len=7
PKT t=20573 TX ua=95 mt=P len=0
PKT t=20582 RX ua=95 mt=R len=7
PKT t=20587 TX ua=95 mt=P len=0
PKT t=20596 RX ua=95 mt=R len=7
PKT t=20606 TX ua=95 mt=P len=0
PKT t=20615 RX ua=95 mt=R len=7
PKT t=20620 TX ua=95 mt=T len=7
PKT t=20632 TX ua=95 mt=P len=0
PKT t=20651 RX ua=95 mt=R len=7
PKT t=20656 TX ua=95 mt=P len=0
PKT t=20665 RX ua=95 mt=R len=7
PKT t=20670 TX ua=95 mt=P len=0
PKT t=20679 RX ua=95 mt=R len=7
PKT t=20684 TX ua=95 mt=P len=0
PKT t=20693 RX ua=95 mt=R len=7
PKT t=20698 TX ua=95 mt=P len=0
PKT t=20708 RX ua=95 mt=R len=7
PKT t=20712 TX ua=95 mt=P len=0
PKT t=20721 RX ua=95 mt=R len=7
PKT t=20726 TX ua=95 mt=P len=0
PKT t=20756 RX ua=95 mt=R len=7
PKT t=20761 TX ua=95 mt=P len=0
PKT t=20770 RX ua=95 mt=R len=7
PKT t=20775 TX ua=95 mt=P len=0
PKT t=20784 RX ua=95 mt=R len=7
PKT t=20789 TX ua=95 mt=P len=0
PKT t=20798 RX ua=95 mt=R len=7
PKT t=20803 TX ua=95 mt=P len=0
PKT t=20812 RX ua=95 mt=R len=7
PKT t=20817 TX ua=95 mt=P len=0
PKT t=20826 RX ua=95 mt=R len=7
PKT t=20831 TX ua=95 mt=P len=0
PKT t=20860 RX ua=95 mt=R len=7
PKT t=20865 TX ua=95 mt=T len=7
PKT t=20877 TX ua=95 mt=P len=0
PKT t=20886 RX ua=95 mt=R len=7
PKT t=20891 TX ua=95 mt=P len=0
PKT t=20906 RX ua=95 mt=R len=7
PKT t=20911 TX ua=95 mt=P len=0
PKT t=20920 RX ua=95 mt=R len=7
PKT t=20925 TX ua=95 mt=P len=0
PKT t=20934 RX ua=95 mt=R len=7
PKT t=20939 TX ua=95 mt=P len=0
PKT t=20968 RX ua=95 mt=R len=7
PKT t=20973 TX ua=95 mt=P len=0
PKT t=20982 RX ua=95 mt=R len=7
PKT t=20987 TX ua=95 mt=P len=0
PKT t=20996 RX ua=95 mt=R len=7
PKT t=21001 TX ua=95 mt=P len=0
PKT t=21010 RX ua=95 mt=R len=7
PKT t=21015 TX ua=95 mt=P len=0
PKT t=21024 RX ua=95 mt=R len=7
PKT t=21029 TX ua=95 mt=P len=0
PKT t=21038 RX ua=95 mt=R len=7
PKT t=21043 TX ua=95 mt=P len=0
PKT t=21072 RX ua=95 mt=R len=7
PKT t=21077 TX ua=95 mt=P len=0
PKT t=21086 RX ua=95 mt=R len=7
PKT t=21091 TX ua=95 mt=P len=0
PKT t=21100 RX ua=95 mt=R len=7
PKT t=21105 TX ua=95 mt=P len=0
PKT t=21114 RX ua=95 mt=R len=7
PKT t=21119 TX ua=95 mt=T len=7
PKT t=21132 TX ua=95 mt=P len=0
PKT t=21141 RX ua=95 mt=R len=7
PKT t=21146 TX ua=95 mt=P len=0
PKT t=21175 RX ua=95 mt=R len=7
PKT t=21180 TX ua=95 mt=P len=0
PKT t=21189 RX ua=95 mt=R len=7
PKT t=21194 TX ua=95 mt=P len=0
PKT t=21206 RX ua=95 mt=R len=7
PKT t=21211 TX ua=95 mt=P len=0
PKT t=21220 RX ua=95 mt=R len=7
PKT t=21225 TX ua=95 mt=P len=0
PKT t=21234 RX ua=95 mt=R len=7
PKT t=21239 TX ua=95 mt=P len=0
PKT t=21248 RX ua=95 mt=R len=7
PKT t=21253 TX ua=95 mt=P len=0
PKT t=21283 RX ua=95 mt=R len=7
PKT t=21288 TX ua=95 mt=P len=0
PKT t=21297 RX ua=95 mt=R len=7
PKT t=21302 TX ua=95 mt=P len=0
PKT t=21311 RX ua=95 mt=R len=7
PKT t=21316 TX ua=95 mt=P len=0
PKT t=21325 RX ua=95 mt=R len=7
PKT t=21330 TX ua=95 mt=P len=0
PKT t=21339 RX ua=95 mt=R len=7
PKT t=21344 TX ua=95 mt=P len=0
PKT t=21356 RX ua=95 mt=R len=7
PKT t=21361 TX ua=95 mt=T len=7
PKT t=21374 TX ua=95 mt=P len=0
PKT t=21389 RX ua=95 mt=R len=7
PKT t=21394 TX ua=95 mt=P len=0
PKT t=21404 RX ua=95 mt=R len=7
PKT t=21409 TX ua=95 mt=P len=0
PKT t=21419 RX ua=95 mt=R len=7
PKT t=21424 TX ua=95 mt=P len=0
PKT t=21434 RX ua=95 mt=R len=7
PKT t=21439 TX ua=95 mt=P len=0
PKT t=21449 RX ua=95 mt=R len=7
PKT t=21454 TX ua=95 mt=P len=0
PKT t=21488 RX ua=95 mt=R len=7
PKT t=21493 TX ua=95 mt=P len=0
PKT t=21506 RX ua=95 mt=R len=7
PKT t=21511 TX ua=95 mt=P len=0
PKT t=21521 RX ua=95 mt=R len=7
PKT t=21526 TX ua=95 mt=P len=0
PKT t=21536 RX ua=95 mt=R len=7
PKT t=21541 TX ua=95 mt=P len=0
PKT t=21551 RX ua=95 mt=R len=7
PKT t=21556 TX ua=95 mt=P len=0
PKT t=21588 RX ua=95 mt=R len=7
PKT t=21593 TX ua=95 mt=P len=0
PKT t=21603 RX ua=95 mt=R len=7
PKT t=21608 TX ua=95 mt=T len=7
PKT t=21621 TX ua=95 mt=P len=0
PKT t=21630 RX ua=95 mt=R len=7
PKT t=21635 TX ua=95 mt=P len=0
PKT t=21644 RX ua=95 mt=R len=7
PKT t=21656 TX ua=95 mt=P len=0
PKT t=21687 RX ua=95 mt=R len=7
PKT t=21692 TX ua=95 mt=P len=0
PKT t=21701 RX ua=95 mt=R len=7
PKT t=21706 TX ua=95 mt=P len=0
PKT t=21715 RX ua=95 mt=R len=7
PKT t=21720 TX ua=95 mt=P len=0
PKT t=21729 RX ua=95 mt=R len=7
PKT t=21734 TX ua=95 mt=P len=0
PKT t=21743 RX ua=95 mt=R len=7
PKT t=21748 TX ua=95 mt=P len=0
PKT t=21757 RX ua=95 mt=R len=7
PKT t=21762 TX ua=95 mt=P len=0
PKT t=21791 RX ua=95 mt=R len=7
PKT t=21796 TX ua=95 mt=P len=0
PKT t=21806 RX ua=95 mt=R len=7
PKT t=22061 TX ua=96 mt=P len=0
PKT t=22319 TX ua=95 mt=P len=0
PKT t=22328 RX ua=95 mt=R len=7
PKT t=22333 TX ua=95 mt=T len=7
PKT t=22345 TX ua=95 mt=P len=0
PKT t=22354 RX ua=95 mt=R len=7
PKT t=22359 TX ua=95 mt=T len=7
PKT t=22371 TX ua=95 mt=P len=0
PKT t=22393 RX ua=95 mt=R len=7
PKT t=22406 TX ua=95 mt=P len=0
PKT t=22415 RX ua=95 mt=R len=7
PKT t=22420 TX ua=95 mt=P len=0
PKT t=22430 RX ua=95 mt=R len=7
PKT t=22435 TX ua=95 mt=P len=0
PKT t=22444 RX ua=95 mt=R len=7
PKT t=22449 TX ua=95 mt=P len=0
PKT t=22458 RX ua=95 mt=R len=7
PKT t=22463 TX ua=95 mt=P len=0
PKT t=22492 RX ua=95 mt=R len=7
PKT t=22497 TX ua=95 mt=P len=0
PKT t=22506 RX ua=95 mt=R len=7
PKT t=22511 TX ua=95 mt=P len=0
PKT t=22520 RX ua=95 mt=R len=7
PKT t=22525 TX ua=95 mt=P len=0
PKT t=22534 RX ua=95 mt=R len=7
PKT t=22539 TX ua=95 mt=P len=0
PKT t=22556 RX ua=95 mt=R len=7
PKT t=22561 TX ua=95 mt=P len=0
PKT t=22593 RX ua=95 mt=R len=7
PKT t=22598 TX ua=95 mt=P len=0
PKT t=22607 RX ua=95 mt=R len=7
PKT t=22612 TX ua=95 mt=T len=7
PKT t=22624 TX ua=95 mt=P len=0
PKT t=22633 RX ua=95 mt=R len=7
PKT t=22638 TX ua=95 mt=P len=0
PKT t=22647 RX ua=95 mt=R len=7
PKT t=22652 TX ua=95 mt=P len=0
PKT t=22661 RX ua=95 mt=R len=7
PKT t=22666 TX ua=95 mt=P len=0
PKT t=22695 RX ua=95 mt=R len=7
PKT t=22706 TX ua=95 mt=P len=0
PKT t=22715 RX ua=95 mt=R len=7
PKT t=22720 TX ua=95 mt=P len=0
PKT t=22729 RX ua=95 mt=R len=7
PKT t=22734 TX ua=95 mt=P len=0
PKT t=22743 RX ua=95 mt=R len=7
PKT t=22748 TX ua=95 mt=P len=0
PKT t=22757 RX ua=95 mt=R len=7
PKT t=22762 TX ua=95 mt=P len=0
PKT t=22795 RX ua=95 mt=R len=7
PKT t=22800 TX ua=95 mt=P len=0
PKT t=22809 RX ua=95 mt=R len=7
PKT t=22814 TX ua=95 mt=P len=0
PKT t=22823 RX ua=95 mt=R len=7
PKT t=22828 TX ua=95 mt=P len=0
PKT t=22837 RX ua=95 mt=R len=7
PKT t=22842 TX ua=95 mt=P len=0
PKT t=22856 RX ua=95 mt=R len=7
PKT t=22861 TX ua=95 mt=T len=7
PKT t=22873 TX ua=95 mt=P len=0
PKT t=22901 RX ua=95 mt=R len=7
PKT t=22906 TX ua=95 mt=P len=0
PKT t=22915 RX ua=95 mt=R len=7
PKT t=22920 TX ua=95 mt=P len=0
PKT t=22929 RX ua=95 mt=R len=7
PKT t=22934 TX ua=95 mt=P len=0
PKT t=22943 RX ua=95 mt=R len=7
PKT t=22948 TX ua=95 mt=P len=0
PKT t=22957 RX ua=95 mt=R len=7
PKT t=22962 TX ua=95 mt=P len=0
PKT t=22971 RX ua=95 mt=R len=7
PKT t=22976 TX ua=95 mt=P len=0
PKT t=23006 RX ua=95 mt=R len=7
PKT t=23011 TX ua=95 mt=P len=0
PKT t=23020 RX ua=95 mt=R len=7
PKT t=23025 TX ua=95 mt=P len=0
PKT t=23034 RX ua=95 mt=R len=7
PKT t=23039 TX ua=95 mt=P len=0
PKT t=23048 RX ua=95 mt=R len=7
PKT t=23053 TX ua=95 mt=P len=0
PKT t=23062 RX ua=95 mt=R len=7
PKT t=23067 TX ua=95 mt=P len=0
PKT t=23076 RX ua=95 mt=R len=7
PKT t=23081 TX ua=95 mt=P len=0
PKT t=23110 RX ua=95 mt=R len=7
PKT t=23115 TX ua=95 mt=T len=7
PKT t=23127 TX ua=95 mt=P len=0
PKT t=23136 RX ua=95 mt=R len=7
PKT t=23141 TX ua=95 mt=P len=0
PKT t=23156 RX ua=95 mt=R len=7
PKT t=23161 TX ua=95 mt=P len=0
PKT t=23170 RX ua=95 mt=R len=7
PKT t=23175 TX ua=95 mt=P len=0
PKT t=23184 RX ua=95 mt=R len=7
PKT t=23189 TX ua=95 mt=P len=0
PKT t=23218 RX ua=95 mt=R len=7
PKT t=23223 TX ua=95 mt=P len=0
PKT t=23232 RX ua=95 mt=R len=7
PKT t=23237 TX ua=95 mt=P len=0
PKT t=23246 RX ua=95 mt=R len=7
PKT t=23251 TX ua=95 mt=P len=0
PKT t=23260 RX ua=95 mt=R len=7
PKT t=23265 TX ua=95 mt=P len=0
PKT t=23275 RX ua=95 mt=R len=7
PKT t=23280 TX ua=95 mt=P len=0
PKT t=23289 RX ua=95 mt=R len=7
PKT t=23294 TX ua=95 mt=P len=0
PKT t=23323 RX ua=95 mt=R len=7
PKT t=23328 TX ua=95 mt=P len=0
PKT t=23337 RX ua=95 mt=R len=7
PKT t=23342 TX ua=95 mt=P len=0
PKT t=23351 RX ua=95 mt=R len=7
PKT t=23356 TX ua=95 mt=P len=0
PKT t=23365 RX ua=95 mt=R len=7
PKT t=23370 TX ua=95 mt=T len=7
PKT t=23382 TX ua=95 mt=P len=0
PKT t=23392 RX ua=95 mt=R len=7
PKT t=23397 TX ua=95 mt=P len=0
PKT t=23426 RX ua=95 mt=R len=7
PKT t=23431 TX ua=95 mt=P len=0
PKT t=23441 RX ua=95 mt=R len=7
PKT t=23446 TX ua=95 mt=P len=0
PKT t=23456 RX ua=95 mt=R len=7
PKT t=23711 TX ua=96 mt=P len=0
PKT t=23969 TX ua=95 mt=P len=0
PKT t=23979 RX ua=95 mt=R len=7
PKT t=23984 TX ua=95 mt=T len=7
PKT t=23996 TX ua=95 mt=P len=0
PKT t=24025 RX ua=95 mt=R len=7
PKT t=24030 TX ua=95 mt=P len=0
PKT t=24039 RX ua=95 mt=R len=7
PKT t=24044 TX ua=95 mt=P len=0
PKT t=24056 RX ua=95 mt=R len=7
PKT t=24061 TX ua=95 mt=P len=0
PKT t=24070 RX ua=95 mt=R len=7
PKT t=24075 TX ua=95 mt=P len=0
PKT t=24084 RX ua=95 mt=R len=7
PKT t=24089 TX ua=95 mt=P len=0
PKT t=24098 RX ua=95 mt=R len=7
PKT t=24103 TX ua=95 mt=P len=0
PKT t=24132 RX ua=95 mt=R len=7
PKT t=24137 TX ua=95 mt=T len=7
PKT t=24149 TX ua=95 mt=P len=0
PKT t=24158 RX ua=95 mt=R len=7
PKT t=24163 TX ua=95 mt=P len=0
PKT t=24172 RX ua=95 mt=R len=7
PKT t=24177 TX ua=95 mt=P len=0
PKT t=24186 RX ua=95 mt=R len=7
PKT t=24191 TX ua=95 mt=P len=0
PKT t=24206 RX ua=95 mt=R len=7
PKT t=24211 TX ua=95 mt=P len=0
PKT t=24234 RX ua=95 mt=R len=7
PKT t=24239 TX ua=95 mt=P len=0
PKT t=24248 RX ua=95 mt=R len=7
PKT t=24253 TX ua=95 mt=P len=0
PKT t=24262 RX ua=95 mt=R len=7
PKT t=24267 TX ua=95 mt=P len=0
PKT t=24276 RX ua=95 mt=R len=7
PKT t=24281 TX ua=95 mt=P len=0
PKT t=24290 RX ua=95 mt=R len=7
PKT t=24295 TX ua=95 mt=P len=0
PKT t=24304 RX ua=95 mt=R len=7
PKT t=24309 TX ua=95 mt=P len=0
PKT t=24338 RX ua=95 mt=R len=7
PKT t=24343 TX ua=95 mt=P len=0
PKT t=24356 RX ua=95 mt=R len=7
PKT t=24361 TX ua=95 mt=T len=7
PKT t=24373 TX ua=95 mt=P len=0
PKT t=24382 RX ua=95 mt=R len=7
PKT t=24387 TX ua=95 mt=P len=0
PKT t=24396 RX ua=95 mt=R len=7
PKT t=24401 TX ua=95 mt=P len=0
PKT t=24410 RX ua=95 mt=R len=7
PKT t=24415 TX ua=95 mt=P len=0
PKT t=24446 RX ua=95 mt=R len=7
PKT t=24451 TX ua=95 mt=P len=0
PKT t=24460 RX ua=95 mt=R len=7
PKT t=24465 TX ua=95 mt=P len=0
PKT t=24474 RX ua=95 mt=R len=7
PKT t=24479 TX ua=95 mt=P len=0
PKT t=24488 RX ua=95 mt=R len=7
PKT t=24493 TX ua=95 mt=P len=0
PKT t=24506 RX ua=95 mt=R len=7
PKT t=24511 TX ua=95 mt=P len=0
PKT t=24544 RX ua=95 mt=R len=7
PKT t=24549 TX ua=95 mt=P len=0
PKT t=24558 RX ua=95 mt=R len=7
PKT t=24563 TX ua=95 mt=P len=0
PKT t=24572 RX ua=95 mt=R len=7
PKT t=24577 TX ua=95 mt=P len=0
PKT t=24586 RX ua=95 mt=R len=7
PKT t=24591 TX ua=95 mt=P len=0
PKT t=24600 RX ua=95 mt=R len=7
PKT t=24605 TX ua=95 mt=P len=0
PKT t=24614 RX ua=95 mt=R len=7
PKT t=24619 TX ua=95 mt=T len=7
PKT t=24631 TX ua=95 mt=P len=0
PKT t=24656 RX ua=95 mt=R len=7
PKT t=24661 TX ua=95 mt=P len=0
PKT t=24670 RX ua=95 mt=R len=7
PKT t=24675 TX ua=95 mt=P len=0
PKT t=24684 RX ua=95 mt=R len=7
PKT t=24689 TX ua=95 mt=P len=0
PKT t=24698 RX ua=95 mt=R len=7
PKT t=24703 TX ua=95 mt=P len=0
PKT t=24712 RX ua=95 mt=R len=7
PKT t=24717 TX ua=95 mt=P len=0
PKT t=24748 RX ua=95 mt=R len=7
PKT t=24753 TX ua=95 mt=P len=0
PKT t=24762 RX ua=95 mt=R len=7
PKT t=24767 TX ua=95 mt=P len=0
PKT t=24776 RX ua=95 mt=R len=7
PKT t=24781 TX ua=95 mt=P len=0
PKT t=24790 RX ua=95 mt=R len=7
PKT t=24795 TX ua=95 mt=P len=0
PKT t=24806 RX ua=95 mt=R len=7
PKT t=25061 TX ua=96 mt=P len=0
PKT t=25319 TX ua=95 mt=P len=0
PKT t=25328 RX ua=95 mt=R len=7
PKT t=25333 TX ua=95 mt=T len=7
PKT t=25345 TX ua=95 mt=P len=0
PKT t=25354 RX ua=95 mt=R len=7
PKT t=25359 TX ua=95 mt=T len=7
PKT t=25371 TX ua=95 mt=P len=0
PKT t=25381 RX ua=95 mt=R len=7
PKT t=25386 TX ua=95 mt=P len=0
PKT t=25396 RX ua=95 mt=R len=7
PKT t=25406 TX ua=95 mt=P len=0
PKT t=25416 RX ua=95 mt=R len=7
PKT t=25421 TX ua=95 mt=P len=0
PKT t=25451 RX ua=95 mt=R len=7
PKT t=25456 TX ua=95 mt=P len=0
PKT t=25466 RX ua=95 mt=R len=7
PKT t=25471 TX ua=95 mt=P len=0
PKT t=25481 RX ua=95 mt=R len=7
PKT t=25486 TX ua=95 mt=P len=0
PKT t=25496 RX ua=95 mt=R len=7
PKT t=25501 TX ua=95 mt=P len=0
PKT t=25511 RX ua=95 mt=R len=7
PKT t=25516 TX ua=95 mt=P len=0
PKT t=25556 RX ua=95 mt=R len=7
PKT t=25561 TX ua=95 mt=P len=0
PKT t=25571 RX ua=95 mt=R len=7
PKT t=25576 TX ua=95 mt=P len=0
PKT t=25586 RX ua=95 mt=R len=7
PKT t=25591 TX ua=95 mt=P len=0
PKT t=25601 RX ua=95 mt=R len=7
PKT t=25606 TX ua=95 mt=P len=0
PKT t=25616 RX ua=95 mt=R len=7
PKT t=25621 TX ua=95 mt=T len=7
PKT t=25633 TX ua=95 mt=P len=0
PKT t=25652 RX ua=95 mt=R len=7
PKT t=25656 TX ua=95 mt=P len=0
PKT t=25665 RX ua=95 mt=R len=7
PKT t=25670 TX ua=95 mt=P len=0
PKT t=25679 RX ua=95 mt=R len=7
PKT t=25684 TX ua=95 mt=P len=0
PKT t=25693 RX ua=95 mt=R len=7
PKT t=25706 TX ua=95 mt=P len=0
PKT t=25715 RX ua=95 mt=R len=7
PKT t=25720 TX ua=95 mt=P len=0
PKT t=25749 RX ua=95 mt=R len=7
PKT t=25754 TX ua=95 mt=P len=0
PKT t=25763 RX ua=95 mt=R len=7
PKT t=25768 TX ua=95 mt=P len=0
PKT t=25777 RX ua=95 mt=R len=7
PKT t=25782 TX ua=95 mt=P len=0
PKT t=25791 RX ua=95 mt=R len=7
PKT t=25796 TX ua=95 mt=P len=0
PKT t=25805 RX ua=95 mt=R len=7
PKT t=25810 TX ua=95 mt=P len=0
PKT t=25819 RX ua=95 mt=R len=7
PKT t=25824 TX ua=95 mt=P len=0
PKT t=25856 RX ua=95 mt=R len=7
PKT t=25861 TX ua=95 mt=T len=7
PKT t=25873 TX ua=95 mt=P len=0
PKT t=25882 RX ua=95 mt=R len=7
PKT t=25887 TX ua=95 mt=P len=0
PKT t=25896 RX ua=95 mt=R len=7
PKT t=25901 TX ua=95 mt=P len=0
PKT t=25910 RX ua=95 mt=R len=7
PKT t=25915 TX ua=95 mt=P len=0
PKT t=25924 RX ua=95 mt=R len=7
PKT t=25929 TX ua=95 mt=P len=0
PKT t=25958 RX ua=95 mt=R len=7
PKT t=25963 TX ua=95 mt=P len=0
PKT t=25972 RX ua=95 mt=R len=7
PKT t=25977 TX ua=95 mt=P len=0
PKT t=25986 RX ua=95 mt=R len=7
PKT t=25991 TX ua=95 mt=P len=0
PKT t=26006 RX ua=95 mt=R len=7
PKT t=26011 TX ua=95 mt=P len=0
PKT t=26022 RX ua=95 mt=R len=7
PKT t=26027 TX ua=95 mt=P len=0
PKT t=26058 RX ua=95 mt=R len=7
PKT t=26063 TX ua=95 mt=P len=0
PKT t=26072 RX ua=95 mt=R len=7
PKT t=26077 TX ua=95 mt=P len=0
PKT t=26086 RX ua=95 mt=R len=7
PKT t=26091 TX ua=95 mt=P len=0
PKT t=26100 RX ua=95 mt=R len=7
PKT t=26105 TX ua=95 mt=P len=0
PKT t=26114 RX ua=95 mt=R len=7
PKT t=26119 TX ua=95 mt=T len=7
PKT t=26132 TX ua=95 mt=P len=0
PKT t=26159 RX ua=95 mt=R len=7
PKT t=26164 TX ua=95 mt=T len=7
PKT t=26177 TX ua=95 mt=P len=0
PKT t=26186 RX ua=95 mt=R len=7
PKT t=26191 TX ua=95 mt=P len=0
PKT t=26200 RX ua=95 mt=R len=7
PKT t=26205 TX ua=95 mt=P len=0
PKT t=26214 RX ua=95 mt=R len=7
PKT t=26219 TX ua=95 mt=P len=0
PKT t=26228 RX ua=95 mt=R len=7
PKT t=26233 TX ua=95 mt=P len=0
PKT t=26262 RX ua=95 mt=R len=7
PKT t=26267 TX ua=95 mt=P len=0
PKT t=26276 RX ua=95 mt=R len=7
PKT t=26281 TX ua=95 mt=P len=0
PKT t=26290 RX ua=95 mt=R len=7
PKT t=26295 TX ua=95 mt=P len=0
PKT t=26306 RX ua=95 mt=R len=7
PKT t=26561 TX ua=96 mt=P len=0
PKT t=26819 TX ua=95 mt=P len=0
PKT t=26828 RX ua=95 mt=R len=7
PKT t=26833 TX ua=95 mt=T len=7
PKT t=26846 TX ua=95 mt=P len=0
PKT t=26864 RX ua=95 mt=R len=7
PKT t=26869 TX ua=95 mt=T len=7
PKT t=26882 TX ua=95 mt=P len=0
PKT t=26891 RX ua=95 mt=R len=7
PKT t=26896 TX ua=95 mt=P len=0
PKT t=26906 RX ua=95 mt=R len=7
PKT t=27161 TX ua=96 mt=P len=0
PKT t=27419 TX ua=95 mt=P len=0
PKT t=27428 RX ua=95 mt=R len=7
PKT t=27433 TX ua=95 mt=T len=7
PKT t=27445 TX ua=95 mt=P len=0
PKT t=27465 RX ua=95 mt=R len=7
PKT t=27470 TX ua=95 mt=P len=0
PKT t=27480 RX ua=95 mt=R len=7
PKT t=27485 TX ua=95 mt=P len=0
PKT t=27495 RX ua=95 mt=R len=7
PKT t=27506 TX ua=95 mt=P len=0
PKT t=27516 RX ua=95 mt=R len=7
PKT t=27521 TX ua=95 mt=P len=0
PKT t=27531 RX ua=95 mt=R len=7
PKT t=27536 TX ua=95 mt=P len=0
PKT t=27566 RX ua=95 mt=R len=7
PKT t=27571 TX ua=95 mt=P len=0
PKT t=27581 RX ua=95 mt=R len=7
PKT t=27586 TX ua=95 mt=P len=0
PKT t=27596 RX ua=95 mt=R len=7
PKT t=27601 TX ua=95 mt=P len=0
PKT t=27611 RX ua=95 mt=R len=7
PKT t=27616 TX ua=95 mt=T len=7
PKT t=27628 TX ua=95 mt=P len=0
PKT t=27637 RX ua=95 mt=R len=7
PKT t=27642 TX ua=95 mt=P len=0
PKT t=27671 RX ua=95 mt=R len=7
PKT t=27676 TX ua=95 mt=P len=0
PKT t=27685 RX ua=95 mt=R len=7
PKT t=27690 TX ua=95 mt=P len=0
PKT t=27699 RX ua=95 mt=R len=7
PKT t=27704 TX ua=95 mt=P len=0
PKT t=27713 RX ua=95 mt=R len=7
PKT t=27718 TX ua=95 mt=P len=0
PKT t=27727 RX ua=95 mt=R len=7
PKT t=27732 TX ua=95 mt=P len=0
PKT t=27741 RX ua=95 mt=R len=7
PKT t=27746 TX ua=95 mt=P len=0
PKT t=27775 RX ua=95 mt=R len=7
PKT t=27780 TX ua=95 mt=P len=0
PKT t=27789 RX ua=95 mt=R len=7
PKT t=27794 TX ua=95 mt=P len=0
PKT t=27806 RX ua=95 mt=R len=7
PKT t=27811 TX ua=95 mt=P len=0
PKT t=27820 RX ua=95 mt=R len=7
PKT t=27825 TX ua=95 mt=P len=0
PKT t=27834 RX ua=95 mt=R len=7
PKT t=27839 TX ua=95 mt=P len=0
PKT t=27848 RX ua=95 mt=R len=7
PKT t=27853 TX ua=95 mt=P len=0
PKT t=27882 RX ua=95 mt=R len=7
PKT t=27887 TX ua=95 mt=T len=7
PKT t=27899 TX ua=95 mt=P len=0
PKT t=27908 RX ua=95 mt=R len=7
PKT t=27913 TX ua=95 mt=P len=0
PKT t=27922 RX ua=95 mt=R len=7
PKT t=27927 TX ua=95 mt=P len=0
PKT t=27936 RX ua=95 mt=R len=7
PKT t=27941 TX ua=95 mt=P len=0
PKT t=27956 RX ua=95 mt=R len=7
PKT t=27961 TX ua=95 mt=P len=0
PKT t=27984 RX ua=95 mt=R len=7
PKT t=27989 TX ua=95 mt=P len=0
PKT t=27998 RX ua=95 mt=R len=7
PKT t=28003 TX ua=95 mt=P len=0
PKT t=28012 RX ua=95 mt=R len=7
PKT t=28017 TX ua=95 mt=P len=0
PKT t=28026 RX ua=95 mt=R len=7
PKT t=28031 TX ua=95 mt=P len=0
PKT t=28040 RX ua=95 mt=R len=7
PKT t=28045 TX ua=95 mt=P len=0
PKT t=28054 RX ua=95 mt=R len=7
PKT t=28059 TX ua=95 mt=P len=0
PKT t=28088 RX ua=95 mt=R len=7
PKT t=28093 TX ua=95 mt=P len=0
PKT t=28106 RX ua=95 mt=R len=7
PKT t=28111 TX ua=95 mt=T len=7
PKT t=28123 TX ua=95 mt=P len=0
PKT t=28132 RX ua=95 mt=R len=7
PKT t=28137 TX ua=95 mt=P len=0
PKT t=28146 RX ua=95 mt=R len=7
PKT t=28151 TX ua=95 mt=P len=0
PKT t=28160 RX ua=95 mt=R len=7
PKT t=28165 TX ua=95 mt=P len=0
PKT t=28198 RX ua=95 mt=R len=7
PKT t=28203 TX ua=95 mt=P len=0
PKT t=28212 RX ua=95 mt=R len=7
PKT t=28217 TX ua=95 mt=P len=0
PKT t=28226 RX ua=95 mt=R len=7
PKT t=28231 TX ua=95 mt=P len=0
PKT t=28240 RX ua=95 mt=R len=7
PKT t=28245 TX ua=95 mt=P len=0
PKT t=28256 RX ua=95 mt=R len=7
PKT t=28511 TX ua=96 mt=P len=0
PKT t=28769 TX ua=95 mt=P len=0
PKT t=28779 RX ua=95 mt=R len=7
PKT t=28783 TX ua=95 mt=T len=7
PKT t=28795 TX ua=95 mt=P len=0
PKT t=28804 RX ua=95 mt=R len=7
PKT t=28809 TX ua=95 mt=P len=0
PKT t=28818 RX ua=95 mt=R len=7
PKT t=28823 TX ua=95 mt=P len=0
PKT t=28833 RX ua=95 mt=R len=7
PKT t=28838 TX ua=95 mt=P len=0
PKT t=28856 RX ua=95 mt=R len=7
PKT t=28861 TX ua=95 mt=T len=7
PKT t=28873 TX ua=95 mt=P len=0
PKT t=28896 RX ua=95 mt=R len=7
PKT t=28901 TX ua=95 mt=P len=0
PKT t=28910 RX ua=95 mt=R len=7
PKT t=28915 TX ua=95 mt=P len=0
PKT t=28924 RX ua=95 mt=R len=7
PKT t=28929 TX ua=95 mt=P len=0
PKT t=28938 RX ua=95 mt=R len=7
PKT t=28943 TX ua=95 mt=P len=0
PKT t=28952 RX ua=95 mt=R len=7
PKT t=28957 TX ua=95 mt=P len=0
PKT t=28966 RX ua=95 mt=R len=7
PKT t=28971 TX ua=95 mt=P len=0
PKT t=29006 RX ua=95 mt=R len=7
PKT t=29011 TX ua=95 mt=P len=0
PKT t=29020 RX ua=95 mt=R len=7
PKT t=29025 TX ua=95 mt=P len=0
PKT t=29034 RX ua=95 mt=R len=7
PKT t=29039 TX ua=95 mt=P len=0
PKT t=29048 RX ua=95 mt=R len=7
PKT t=29053 TX ua=95 mt=P len=0
PKT t=29062 RX ua=95 mt=R len=7
PKT t=29067 TX ua=95 mt=P len=0
PKT t=29100 RX ua=95 mt=R len=7
PKT t=29105 TX ua=95 mt=P len=0
PKT t=29115 RX ua=95 mt=R len=7
PKT t=29120 TX ua=95 mt=T len=7
PKT t=29133 TX ua=95 mt=P len=0
PKT t=29142 RX ua=95 mt=R len=7
PKT t=29147 TX ua=95 mt=P len=0
PKT t=29157 RX ua=95 mt=R len=7
PKT t=29412 TX ua=96 mt=P len=0
PKT t=29670 TX ua=95 mt=P len=0
PKT t=29679 RX ua=95 mt=R len=7
PKT t=29684 TX ua=95 mt=T len=7
PKT t=29697 TX ua=95 mt=P len=0
PKT t=29706 RX ua=95 mt=R len=7
PKT t=29711 TX ua=95 mt=P len=0
PKT t=29720 RX ua=95 mt=R len=7
PKT t=29725 TX ua=95 mt=P len=0
PKT t=29734 RX ua=95 mt=R len=7
PKT t=29739 TX ua=95 mt=P len=0
PKT t=29756 RX ua=95 mt=R len=7
PKT t=29761 TX ua=95 mt=P len=0
PKT t=29770 RX ua=95 mt=R len=7
PKT t=29775 TX ua=95 mt=P len=0
PKT t=29804 RX ua=95 mt=R len=7
PKT t=29809 TX ua=95 mt=P len=0
PKT t=29818 RX ua=95 mt=R len=7
PKT t=29823 TX ua=95 mt=P len=0
PKT t=29832 RX ua=95 mt=R len=7
PKT t=29837 TX ua=95 mt=P len=0
PKT t=29846 RX ua=95 mt=R len=7
PKT t=29851 TX ua=95 mt=P len=0
PKT t=29860 RX ua=95 mt=R len=7
PKT t=29865 TX ua=95 mt=T len=7
PKT t=29878 TX ua=95 mt=P len=0
PKT t=29906 RX ua=95 mt=R len=7
PKT t=29911 TX ua=95 mt=P len=0
PKT t=29920 RX ua=95 mt=R len=7
PKT t=29925 TX ua=95 mt=P len=0
PKT t=29934 RX ua=95 mt=R len=7
PKT t=29939 TX ua=95 mt=P len=0
PKT t=29948 RX ua=95 mt=R len=7
PKT t=29953 TX ua=95 mt=P len=0
PKT t=29962 RX ua=95 mt=R len=7
PKT t=29967 TX ua=95 mt=P len=0
PKT t=29976 RX ua=95 mt=R len=7
PKT t=29981 TX ua=95 mt=P len=0
PKT t=30010 RX ua=95 mt=R len=7
PKT t=30015 TX ua=95 mt=P len=0
PKT t=30024 RX ua=95 mt=R len=7
PKT t=30029 TX ua=95 mt=P len=0
PKT t=30038 RX ua=95 mt=R len=7
PKT t=30043 TX ua=95 mt=P len=0
PKT t=30056 RX ua=95 mt=R len=7
PKT t=30061 TX ua=95 mt=P len=0
PKT t=30070 RX ua=95 mt=R len=7
PKT t=30075 TX ua=95 mt=P len=0
PKT t=30084 RX ua=95 mt=R len=7
PKT t=30089 TX ua=95 mt=P len=0
PKT t=30118 RX ua=95 mt=R len=7
PKT t=30123 TX ua=95 mt=T len=7
PKT t=30135 TX ua=95 mt=P len=0
PKT t=30144 RX ua=95 mt=R len=7
PKT t=30149 TX ua=95 mt=P len=0
PKT t=30158 RX ua=95 mt=R len=7
PKT t=30163 TX ua=95 mt=P len=0
PKT t=30172 RX ua=95 mt=R len=7
PKT t=30177 TX ua=95 mt=P len=0
PKT t=30186 RX ua=95 mt=R len=7
PKT t=30191 TX ua=95 mt=P len=0
PKT t=30224 RX ua=95 mt=R len=7
PKT t=30229 TX ua=95 mt=P len=0
PKT t=30238 RX ua=95 mt=R len=7
PKT t=30243 TX ua=95 mt=P len=0
PKT t=30252 RX ua=95 mt=R len=7
PKT t=30257 TX ua=95 mt=P len=0
PKT t=30266 RX ua=95 mt=R len=7
PKT t=30271 TX ua=95 mt=P len=0
PKT t=30280 RX ua=95 mt=R len=7
PKT t=30285 TX ua=95 mt=P len=0
PKT t=30294 RX ua=95 mt=R len=7
PKT t=30299 TX ua=95 mt=P len=0
PKT t=30328 RX ua=95 mt=R len=7
PKT t=30333 TX ua=95 mt=P len=0
PKT t=30342 RX ua=95 mt=R len=7
PKT t=30347 TX ua=95 mt=P len=0
PKT t=30357 RX ua=95 mt=R len=7
PKT t=30612 TX ua=96 mt=P len=0
PKT t=30870 TX ua=95 mt=P len=0
PKT t=30879 RX ua=95 mt=R len=7
PKT t=30884 TX ua=95 mt=T len=7
PKT t=30896 TX ua=95 mt=P len=0
PKT t=30928 RX ua=95 mt=R len=7
PKT t=30933 TX ua=95 mt=P len=0
PKT t=30942 RX ua=95 mt=R len=7
PKT t=30947 TX ua=95 mt=P len=0
PKT t=30957 RX ua=95 mt=R len=7
PKT t=30962 TX ua=95 mt=P len=0
PKT t=30971 RX ua=95 mt=R len=7
PKT t=30976 TX ua=95 mt=P len=0
PKT t=30985 RX ua=95 mt=R len=7
PKT t=30990 TX ua=95 mt=P len=0
PKT t=30999 RX ua=95 mt=R len=7
PKT t=31004 TX ua=95 mt=P len=0
PKT t=31033 RX ua=95 mt=R len=7
PKT t=31038 TX ua=95 mt=P len=0
PKT t=31047 RX ua=95 mt=R len=7
PKT t=31052 TX ua=95 mt=P len=0
PKT t=31061 RX ua=95 mt=R len=7
PKT t=31066 TX ua=95 mt=P len=0
PKT t=31075 RX ua=95 mt=R len=7
PKT t=31080 TX ua=95 mt=P len=0
PKT t=31089 RX ua=95 mt=R len=7
PKT t=31094 TX ua=95 mt=P len=0
PKT t=31106 RX ua=95 mt=R len=7
PKT t=31111 TX ua=95 mt=T len=7
PKT t=31123 TX ua=95 mt=P len=0
PKT t=31139 RX ua=95 mt=R len=7
PKT t=31144 TX ua=95 mt=P len=0
PKT t=31153 RX ua=95 mt=R len=7
PKT t=31158 TX ua=95 mt=P len=0
PKT t=31167 RX ua=95 mt=R len=7
PKT t=31172 TX ua=95 mt=P len=0
PKT t=31181 RX ua=95 mt=R len=7
PKT t=31186 TX ua=95 mt=P len=0
PKT t=31195 RX ua=95 mt=R len=7
PKT t=31200 TX ua=95 mt=P len=0
PKT t=31209 RX ua=95 mt=R len=7
PKT t=31214 TX ua=95 mt=P len=0
PKT t=31243 RX ua=95 mt=R len=7
PKT t=31256 TX ua=95 mt=P len=0
PKT t=31265 RX ua=95 mt=R len=7
PKT t=31270 TX ua=95 mt=P len=0
PKT t=31279 RX ua=95 mt=R len=7
PKT t=31284 TX ua=95 mt=P len=0
PKT t=31293 RX ua=95 mt=R len=7
PKT t=31298 TX ua=95 mt=P len=0
PKT t=31307 RX ua=95 mt=R len=7
PKT t=31312 TX ua=95 mt=P len=0
PKT t=31342 RX ua=95 mt=R len=7
PKT t=31347 TX ua=95 mt=P len=0
PKT t=31356 RX ua=95 mt=R len=7
PKT t=31361 TX ua=95 mt=T len=7
PKT t=31373 TX ua=95 mt=P len=0
PKT t=31383 RX ua=95 mt=R len=7
PKT t=31388 TX ua=95 mt=P len=0
PKT t=31406 RX ua=95 mt=R len=7
PKT t=31411 TX ua=95 mt=P len=0
PKT t=31442 RX ua=95 mt=R len=7
PKT t=31447 TX ua=95 mt=P len=0
PKT t=31457 RX ua=95 mt=R len=7
PKT t=31462 TX ua=95 mt=P len=0
PKT t=31472 RX ua=95 mt=R len=7
PKT t=31477 TX ua=95 mt=P len=0
PKT t=31487 RX ua=95 mt=R len=7
PKT t=31492 TX ua=95 mt=P len=0
PKT t=31502 RX ua=95 mt=R len=7
PKT t=31507 TX ua=95 mt=P len=0
PKT t=31517 RX ua=95 mt=R len=7
PKT t=31522 TX ua=95 mt=P len=0
PKT t=31556 RX ua=95 mt=R len=7
PKT t=31561 TX ua=95 mt=P len=0
PKT t=31571 RX ua=95 mt=R len=7
PKT t=31576 TX ua=95 mt=P len=0
PKT t=31586 RX ua=95 mt=R len=7
PKT t=31591 TX ua=95 mt=P len=0
PKT t=31601 RX ua=95 mt=R len=7
PKT t=31606 TX ua=95 mt=P len=0
PKT t=31616 RX ua=95 mt=R len=7
PKT t=31621 TX ua=95 mt=T len=7
PKT t=31633 TX ua=95 mt=P len=0
PKT t=31652 RX ua=95 mt=R len=7
PKT t=31657 TX ua=95 mt=P len=0
PKT t=31666 RX ua=95 mt=R len=7
PKT t=31671 TX ua=95 mt=P len=0
PKT t=31680 RX ua=95 mt=R len=7
PKT t=31685 TX ua=95 mt=P len=0
PKT t=31694 RX ua=95 mt=R len=7
PKT t=31706 TX ua=95 mt=P len=0
PKT t=31715 RX ua=95 mt=R len=7
PKT t=31720 TX ua=95 mt=P len=0
PKT t=31750 RX ua=95 mt=R len=7
PKT t=31755 TX ua=95 mt=P len=0
PKT t=31764 RX ua=95 mt=R len=7
PKT t=31769 TX ua=95 mt=P len=0
PKT t=31778 RX ua=95 mt=R len=7
PKT t=31783 TX ua=95 mt=P len=0
PKT t=31792 RX ua=95 mt=R len=7
PKT t=31797 TX ua=95 mt=P len=0
PKT t=31806 RX ua=95 mt=R len=7
PKT t=31811 TX ua=95 mt=P len=0
PKT t=31820 RX ua=95 mt=R len=7
PKT t=31825 TX ua=95 mt=P len=0
PKT t=31856 RX ua=95 mt=R len=7
PKT t=31861 TX ua=95 mt=T len=7
PKT t=31873 TX ua=95 mt=P len=0
PKT t=31882 RX ua=95 mt=R len=7
PKT t=31887 TX ua=95 mt=P len=0
PKT t=31896 RX ua=95 mt=R len=7
PKT t=31901 TX ua=95 mt=P len=0
PKT t=31910 RX ua=95 mt=R len=7
PKT t=31915 TX ua=95 mt=P len=0
PKT t=31924 RX ua=95 mt=R len=7
PKT t=31929 TX ua=95 mt=P len=0
PKT t=31958 RX ua=95 mt=R len=7
PKT t=31963 TX ua=95 mt=P len=0
PKT t=31972 RX ua=95 mt=R len=7
PKT t=31977 TX ua=95 mt=P len=0
PKT t=31986 RX ua=95 mt=R len=7
PKT t=31991 TX ua=95 mt=P len=0
PKT t=32006 RX ua=95 mt=R len=7
PKT t=32011 TX ua=95 mt=P len=0
PKT t=32020 RX ua=95 mt=R len=7
PKT t=32025 TX ua=95 mt=P len=0
PKT t=32058 RX ua=95 mt=R len=7
PKT t=32063 TX ua=95 mt=P len=0
PKT t=32072 RX ua=95 mt=R len=7
PKT t=32077 TX ua=95 mt=P len=0
PKT t=32086 RX ua=95 mt=R len=7
PKT t=32091 TX ua=95 mt=P len=0
PKT t=32100 RX ua=95 mt=R len=7
PKT t=32105 TX ua=95 mt=P len=0
PKT t=32114 RX ua=95 mt=R len=7
PKT t=32119 TX ua=95 mt=T len=7
PKT t=32131 TX ua=95 mt=P len=0
PKT t=32159 RX ua=95 mt=R len=7
PKT t=32164 TX ua=95 mt=P len=0
PKT t=32173 RX ua=95 mt=R len=7
PKT t=32178 TX ua=95 mt=P len=0
PKT t=32187 RX ua=95 mt=R len=7
PKT t=32192 TX ua=95 mt=P len=0
PKT t=32201 RX ua=95 mt=R len=7
PKT t=32206 TX ua=95 mt=P len=0
PKT t=32215 RX ua=95 mt=R len=7
PKT t=32220 TX ua=95 mt=P len=0
PKT t=32229 RX ua=95 mt=R len=7
PKT t=32234 TX ua=95 mt=P len=0
PKT t=32263 RX ua=95 mt=R len=7
PKT t=32268 TX ua=95 mt=P len=0
PKT t=32277 RX ua=95 mt=R len=7
PKT t=32282 TX ua=95 mt=P len=0
PKT t=32291 RX ua=95 mt=R len=7
PKT t=32296 TX ua=95 mt=P len=0
PKT t=32306 RX ua=95 mt=R len=7
PKT t=32561 TX ua=96 mt=P len=0
PKT t=32819 TX ua=95 mt=P len=0
PKT t=32828 RX ua=95 mt=R len=7
PKT t=32833 TX ua=95 mt=T len=7
PKT t=32845 TX ua=95 mt=P len=0
PKT t=32864 RX ua=95 mt=R len=7
PKT t=32869 TX ua=95 mt=T len=7
PKT t=32881 TX ua=95 mt=P len=0
PKT t=32890 RX ua=95 mt=R len=7
PKT t=32895 TX ua=95 mt=P len=0
PKT t=32906 RX ua=95 mt=R len=7
PKT t=33161 TX ua=96 mt=P len=0
PKT t=33419 TX ua=95 mt=P len=0
PKT t=33428 RX ua=95 mt=R len=7
PKT t=33433 TX ua=95 mt=T len=7
PKT t=33445 TX ua=95 mt=P len=0
PKT t=33465 RX ua=95 mt=R len=7
PKT t=33470 TX ua=95 mt=P len=0
PKT t=33480 RX ua=95 mt=R len=7
PKT t=33485 TX ua=95 mt=P len=0
PKT t=33495 RX ua=95 mt=R len=7
PKT t=33506 TX ua=95 mt=P len=0
PKT t=33516 RX ua=95 mt=R len=7
PKT t=33521 TX ua=95 mt=P len=0
PKT t=33531 RX ua=95 mt=R len=7
PKT t=33536 TX ua=95 mt=P len=0
PKT t=33565 RX ua=95 mt=R len=7
PKT t=33570 TX ua=95 mt=P len=0
PKT t=33580 RX ua=95 mt=R len=7
PKT t=33585 TX ua=95 mt=P len=0
PKT t=33595 RX ua=95 mt=R len=7
PKT t=33600 TX ua=95 mt=P len=0
PKT t=33610 RX ua=95 mt=R len=7
PKT t=33615 TX ua=95 mt=T len=7
PKT t=33627 TX ua=95 mt=P len=0
PKT t=33636 RX ua=95 mt=R len=7
PKT t=33641 TX ua=95 mt=P len=0
PKT t=33670 RX ua=95 mt=R len=7
PKT t=33675 TX ua=95 mt=P len=0
PKT t=33684 RX ua=95 mt=R len=7
PKT t=33689 TX ua=95 mt=P len=0
PKT t=33698 RX ua=95 mt=R len=7
PKT t=33703 TX ua=95 mt=P len=0
PKT t=33712 RX ua=95 mt=R len=7
PKT t=33717 TX ua=95 mt=P len=0
PKT t=33726 RX ua=95 mt=R len=7
PKT t=33731 TX ua=95 mt=P len=0
PKT t=33740 RX ua=95 mt=R len=7
PKT t=33745 TX ua=95 mt=P len=0
PKT t=33774 RX ua=95 mt=R len=7
PKT t=33779 TX ua=95 mt=P len=0
PKT t=33788 RX ua=95 mt=R len=7
PKT t=33793 TX ua=95 mt=P len=0
PKT t=33806 RX ua=95 mt=R len=7
PKT t=33811 TX ua=95 mt=P len=0
PKT t=33820 RX ua=95 mt=R len=7
PKT t=33825 TX ua=95 mt=P len=0
PKT t=33834 RX ua=95 mt=R len=7
PKT t=33839 TX ua=95 mt=P len=0
PKT t=33848 RX ua=95 mt=R len=7
PKT t=33853 TX ua=95 mt=P len=0
PKT t=33882 RX ua=95 mt=R len=7
PKT t=33887 TX ua=95 mt=T len=7
PKT t=33899 TX ua=95 mt=P len=0
PKT t=33908 RX ua=95 mt=R len=7
PKT t=33913 TX ua=95 mt=P len=0
PKT t=33922 RX ua=95 mt=R len=7
PKT t=33927 TX ua=95 mt=P len=0
PKT t=33936 RX ua=95 mt=R len=7
PKT t=33941 TX ua=95 mt=P len=0
PKT t=33956 RX ua=95 mt=R len=7
PKT t=33961 TX ua=95 mt=P len=0
PKT t=33984 RX ua=95 mt=R len=7
PKT t=33989 TX ua=95 mt=P len=0
PKT t=33998 RX ua=95 mt=R len=7
PKT t=34003 TX ua=95 mt=P len=0
PKT t=34012 RX ua=95 mt=R len=7
PKT t=34017 TX ua=95 mt=P len=0
PKT t=34026 RX ua=95 mt=R len=7
PKT t=34031 TX ua=95 mt=P len=0
PKT t=34040 RX ua=95 mt=R len=7
PKT t=34045 TX ua=95 mt=P len=0
PKT t=34054 RX ua=95 mt=R len=7
PKT t=34059 TX ua=95 mt=P len=0
PKT t=34088 RX ua=95 mt=R len=7
PKT t=34093 TX ua=95 mt=P len=0
PKT t=34106 RX ua=95 mt=R len=7
PKT t=34111 TX ua=95 mt=T len=7
PKT t=34124 TX ua=95 mt=P len=0
PKT t=34133 RX ua=95 mt=R len=7
PKT t=34138 TX ua=95 mt=T len=7
PKT t=34151 TX ua=95 mt=P len=0
PKT t=34160 RX ua=95 mt=R len=7
PKT t=34165 TX ua=95 mt=P len=0
PKT t=34194 RX ua=95 mt=R len=7
PKT t=34199 TX ua=95 mt=P len=0
PKT t=34208 RX ua=95 mt=R len=7
PKT t=34213 TX ua=95 mt=P len=0
PKT t=34222 RX ua=95 mt=R len=7
PKT t=34227 TX ua=95 mt=P len=0
PKT t=34236 RX ua=95 mt=R len=7
PKT t=34241 TX ua=95 mt=P len=0
PKT t=34256 RX ua=95 mt=R len=7
PKT t=34261 TX ua=95 mt=P len=0
PKT t=34293 RX ua=95 mt=R len=7
PKT t=34298 TX ua=95 mt=P len=0
PKT t=34307 RX ua=95 mt=R len=7
PKT t=34312 TX ua=95 mt=P len=0
PKT t=34321 RX ua=95 mt=R len=7
PKT t=34326 TX ua=95 mt=P len=0
PKT t=34335 RX ua=95 mt=R len=7
PKT t=34340 TX ua=95 mt=P len=0
PKT t=34349 RX ua=95 mt=R len=7
PKT t=34354 TX ua=95 mt=P len=0
PKT t=34363 RX ua=95 mt=R len=7
PKT t=34368 TX ua=95 mt=T len=7
PKT t=34381 TX ua=95 mt=P len=0
PKT t=34406 RX ua=95 mt=R len=7
PKT t=34411 TX ua=95 mt=P len=0
PKT t=34420 RX ua=95 mt=R len=7
PKT t=34425 TX ua=95 mt=P len=0
PKT t=34434 RX ua=95 mt=R len=7
PKT t=34439 TX ua=95 mt=P len=0
PKT t=34448 RX ua=95 mt=R len=7
PKT t=34453 TX ua=95 mt=P len=0
PKT t=34462 RX ua=95 mt=R len=7
PKT t=34467 TX ua=95 mt=P len=0
PKT t=34496 RX ua=95 mt=R len=7
PKT t=34501 TX ua=95 mt=P len=0
PKT t=34510 RX ua=95 mt=R len=7
PKT t=34515 TX ua=95 mt=P len=0
PKT t=34524 RX ua=95 mt=R len=7
PKT t=34529 TX ua=95 mt=P len=0
PKT t=34538 RX ua=95 mt=R len=7
PKT t=34543 TX ua=95 mt=P len=0
PKT t=34556 RX ua=95 mt=R len=7
PKT t=34561 TX ua=95 mt=P len=0
PKT t=34570 RX ua=95 mt=R len=7
PKT t=34575 TX ua=95 mt=P len=0
PKT t=34604 RX ua=95 mt=R len=7
PKT t=34609 TX ua=95 mt=T len=7
PKT t=34622 TX ua=95 mt=P len=0
PKT t=34631 RX ua=95 mt=R len=7
PKT t=34636 TX ua=95 mt=P len=0
PKT t=34645 RX ua=95 mt=R len=7
PKT t=34650 TX ua=95 mt=P len=0
PKT t=34659 RX ua=95 mt=R len=7
PKT t=34664 TX ua=95 mt=P len=0
PKT t=34673 RX ua=95 mt=R len=7
PKT t=34678 TX ua=95 mt=P len=0
PKT t=34707 RX ua=95 mt=R len=7
PKT t=34712 TX ua=95 mt=P len=0
PKT t=34721 RX ua=95 mt=R len=7
PKT t=34726 TX ua=95 mt=P len=0
PKT t=34735 RX ua=95 mt=R len=7
PKT t=34740 TX ua=95 mt=P len=0
PKT t=34749 RX ua=95 mt=R len=7
PKT t=34754 TX ua=95 mt=P len=0
PKT t=34763 RX ua=95 mt=R len=7
PKT t=34768 TX ua=95 mt=P len=0
PKT t=34777 RX ua=95 mt=R len=7
PKT t=34782 TX ua=95 mt=P len=0
PKT t=34811 RX ua=95 mt=R len=7
PKT t=34816 TX ua=95 mt=P len=0
PKT t=34825 RX ua=95 mt=R len=7
PKT t=34830 TX ua=95 mt=P len=0
PKT t=34839 RX ua=95 mt=R len=7
PKT t=34844 TX ua=95 mt=P len=0
PKT t=34856 RX ua=95 mt=R len=7
PKT t=34861 TX ua=95 mt=T len=7
PKT t=34874 TX ua=95 mt=P len=0
PKT t=34883 RX ua=95 mt=R len=7
PKT t=34888 TX ua=95 mt=P len=0
PKT t=34917 RX ua=95 mt=R len=7
PKT t=34922 TX ua=95 mt=P len=0
PKT t=34931 RX ua=95 mt=R len=7
PKT t=34936 TX ua=95 mt=P len=0
PKT t=34945 RX ua=95 mt=R len=7
PKT t=34950 TX ua=95 mt=P len=0
PKT t=34959 RX ua=95 mt=R len=7
PKT t=34964 TX ua=95 mt=P len=0
PKT t=34973 RX ua=95 mt=R len=7
PKT t=34978 TX ua=95 mt=P len=0
PKT t=34987 RX ua=95 mt=R len=7
PKT t=34992 TX ua=95 mt=P len=0
PKT t=35021 RX ua=95 mt=R len=7
PKT t=35026 TX ua=95 mt=P len=0
PKT t=35035 RX ua=95 mt=R len=7
PKT t=35040 TX ua=95 mt=P len=0
PKT t=35049 RX ua=95 mt=R len=7
PKT t=35054 TX ua=95 mt=P len=0
PKT t=35063 RX ua=95 mt=R len=7
PKT t=35068 TX ua=95 mt=P len=0
PKT t=35077 RX ua=95 mt=R len=7
PKT t=35082 TX ua=95 mt=P len=0
PKT t=35091 RX ua=95 mt=R len=7
PKT t=35096 TX ua=95 mt=P len=0
PKT t=35125 RX ua=95 mt=R len=7
PKT t=35130 TX ua=95 mt=T len=7
PKT t=35142 TX ua=95 mt=P len=0
PKT t=35156 RX ua=95 mt=R len=7
PKT t=35161 TX ua=95 mt=P len=0
PKT t=35170 RX ua=95 mt=R len=7
PKT t=35175 TX ua=95 mt=P len=0
PKT t=35184 RX ua=95 mt=R len=7
PKT t=35189 TX ua=95 mt=P len=0
PKT t=35198 RX ua=95 mt=R len=7
PKT t=35203 TX ua=95 mt=P len=0
PKT t=35232 RX ua=95 mt=R len=7
PKT t=35237 TX ua=95 mt=P len=0
PKT t=35246 RX ua=95 mt=R len=7
PKT t=35251 TX ua=95 mt=P len=0
PKT t=35260 RX ua=95 mt=R len=7
PKT t=35265 TX ua=95 mt=P len=0
PKT t=35274 RX ua=95 mt=R len=7
PKT t=35279 TX ua=95 mt=P len=0
PKT t=35288 RX ua=95 mt=R len=7
PKT t=35293 TX ua=95 mt=P len=0
PKT t=35306 RX ua=95 mt=R len=7
PKT t=35311 TX ua=95 mt=P len=0
PKT t=35336 RX ua=95 mt=R len=7
PKT t=35341 TX ua=95 mt=P len=0
PKT t=35350 RX ua=95 mt=R len=7
PKT t=35355 TX ua=95 mt=P len=0
PKT t=35364 RX ua=95 mt=R len=7
PKT t=35369 TX ua=95 mt=T len=7
PKT t=35381 TX ua=95 mt=P len=0
PKT t=35391 RX ua=95 mt=R len=7
PKT t=35396 TX ua=95 mt=P len=0
PKT t=35406 RX ua=95 mt=R len=7
PKT t=35411 TX ua=95 mt=P len=0
PKT t=35440 RX ua=95 mt=R len=7
PKT t=35445 TX ua=95 mt=P len=0
PKT t=35456 RX ua=95 mt=R len=7
PKT t=35711 TX ua=96 mt=P len=0
PKT t=35969 TX ua=95 mt=P len=0
PKT t=35979 RX ua=95 mt=R len=7
PKT t=35984 TX ua=95 mt=T len=7
PKT t=35996 TX ua=95 mt=P len=0
PKT t=36005 RX ua=95 mt=R len=7
PKT t=36010 TX ua=95 mt=P len=0
PKT t=36039 RX ua=95 mt=R len=7
PKT t=36044 TX ua=95 mt=P len=0
PKT t=36056 RX ua=95 mt=R len=7
PKT t=36061 TX ua=95 mt=P len=0
PKT t=36070 RX ua=95 mt=R len=7
PKT t=36075 TX ua=95 mt=P len=0
PKT t=36084 RX ua=95 mt=R len=7
PKT t=36089 TX ua=95 mt=P len=0
PKT t=36098 RX ua=95 mt=R len=7
PKT t=36103 TX ua=95 mt=P len=0
PKT t=36112 RX ua=95 mt=R len=7
PKT t=36117 TX ua=95 mt=T len=7
PKT t=36129 TX ua=95 mt=P len=0
PKT t=36148 RX ua=95 mt=R len=7
PKT t=36153 TX ua=95 mt=P len=0
PKT t=36162 RX ua=95 mt=R len=7
PKT t=36167 TX ua=95 mt=P len=0
PKT t=36177 RX ua=95 mt=R len=7
PKT t=36182 TX ua=95 mt=P len=0
PKT t=36191 RX ua=95 mt=R len=7
PKT t=36196 TX ua=95 mt=P len=0
PKT t=36206 RX ua=95 mt=R len=7
PKT t=36461 TX ua=96 mt=P len=0
PKT t=36719 TX ua=95 mt=P len=0
PKT t=36728 RX ua=95 mt=R len=7
PKT t=36733 TX ua=95 mt=T len=7
PKT t=36745 TX ua=95 mt=P len=0
PKT t=36754 RX ua=95 mt=R len=7
PKT t=36759 TX ua=95 mt=P len=0
PKT t=36768 RX ua=95 mt=R len=7
PKT t=36773 TX ua=95 mt=P len=0
PKT t=36782 RX ua=95 mt=R len=7
PKT t=36787 TX ua=95 mt=P len=0
PKT t=36796 RX ua=95 mt=R len=7
PKT t=36806 TX ua=95 mt=P len=0
PKT t=36815 RX ua=95 mt=R len=7
PKT t=36820 TX ua=95 mt=P len=0
PKT t=36849 RX ua=95 mt=R len=7
PKT t=36854 TX ua=95 mt=P len=0
PKT t=36863 RX ua=95 mt=R len=7
PKT t=36868 TX ua=95 mt=T len=7
PKT t=36880 TX ua=95 mt=P len=0
PKT t=36889 RX ua=95 mt=R len=7
PKT t=36894 TX ua=95 mt=P len=0
PKT t=36903 RX ua=95 mt=R len=7
PKT t=36908 TX ua=95 mt=P len=0
PKT t=36917 RX ua=95 mt=R len=7
PKT t=36922 TX ua=95 mt=P len=0
PKT t=36956 RX ua=95 mt=R len=7
PKT t=36961 TX ua=95 mt=P len=0
PKT t=36970 RX ua=95 mt=R len=7
PKT t=36975 TX ua=95 mt=P len=0
PKT t=36984 RX ua=95 mt=R len=7
PKT t=36989 TX ua=95 mt=P len=0
PKT t=36998 RX ua=95 mt=R len=7
PKT t=37003 TX ua=95 mt=P len=0
PKT t=37012 RX ua=95 mt=R len=7
PKT t=37017 TX ua=95 mt=P len=0
PKT t=37050 RX ua=95 mt=R len=7
PKT t=37055 TX ua=95 mt=P len=0
PKT t=37064 RX ua=95 mt=R len=7
PKT t=37069 TX ua=95 mt=P len=0
PKT t=37078 RX ua=95 mt=R len=7
PKT t=37083 TX ua=95 mt=P len=0
PKT t=37092 RX ua=95 mt=R len=7
PKT t=37097 TX ua=95 mt=P len=0
PKT t=37107 RX ua=95 mt=R len=7
PKT t=37362 TX ua=96 mt=P len=0
