PKT t=7126 TX ua=95 mt=P len=0
PKT t=7135 RX ua=95 mt=R len=7
PKT t=7140 TX ua=95 mt=P len=0
PKT t=7149 RX ua=95 mt=R len=7
PKT t=7154 TX ua=95 mt=P len=0
PKT t=7163 RX ua=95 mt=R len=7
PKT t=7168 TX ua=95 mt=P len=0
PKT t=7177 RX ua=95 mt=R len=7
PKT t=7182 TX ua=95 mt=P len=0
PKT t=7211 RX ua=95 mt=R len=7
PKT t=7216 TX ua=95 mt=P len=0
PKT t=7225 RX ua=95 mt=R len=7
PKT t=7230 TX ua=95 mt=P len=0
PKT t=7239 RX ua=95 mt=R len=7
PKT t=7244 TX ua=95 mt=P len=0
PKT t=7256 RX ua=95 mt=R len=7
PKT t=7261 TX ua=95 mt=P len=0
PKT t=7270 RX ua=95 mt=R len=7
PKT t=7275 TX ua=95 mt=P len=0
PKT t=7284 RX ua=95 mt=R len=7
PKT t=7289 TX ua=95 mt=P len=0
PKT t=7318 RX ua=95 mt=R len=7
PKT t=7323 TX ua=95 mt=P len=0
PKT t=7332 RX ua=95 mt=R len=7
PKT t=7337 TX ua=95 mt=P len=0
PKT t=7346 RX ua=95 mt=R len=7
PKT t=7351 TX ua=95 mt=P len=0
PKT t=7360 RX ua=95 mt=R len=7
PKT t=7365 TX ua=95 mt=T len=7
PKT t=7377 TX ua=95 mt=P len=0
PKT t=7387 RX ua=95 mt=R len=7
PKT t=7392 TX ua=95 mt=P len=0
PKT t=7421 RX ua=95 mt=R len=7
PKT t=7426 TX ua=95 mt=P len=0
PKT t=7436 RX ua=95 mt=R len=7
PKT t=7441 TX ua=95 mt=P len=0
PKT t=7451 RX ua=95 mt=R len=7
PKT t=7456 TX ua=95 mt=P len=0
PKT t=7466 RX ua=95 mt=R len=7
PKT t=7471 TX ua=95 mt=P len=0
PKT t=7481 RX ua=95 mt=R len=7
PKT t=7486 TX ua=95 mt=P len=0
PKT t=7496 RX ua=95 mt=R len=7
PKT t=7501 TX ua=95 mt=P len=0
PKT t=7530 RX ua=95 mt=R len=7
PKT t=7535 TX ua=95 mt=P len=0
PKT t=7545 RX ua=95 mt=R len=7
PKT t=7556 TX ua=95 mt=P len=0
PKT t=7566 RX ua=95 mt=R len=7
PKT t=7571 TX ua=95 mt=P len=0
PKT t=7581 RX ua=95 mt=R len=7
PKT t=7586 TX ua=95 mt=P len=0
PKT t=7596 RX ua=95 mt=R len=7
PKT t=7601 TX ua=95 mt=P len=0
PKT t=7630 RX ua=95 mt=R len=7
PKT t=7635 TX ua=95 mt=T len=7
PKT t=7647 TX ua=95 mt=P len=0
PKT t=7656 RX ua=95 mt=R len=7
PKT t=7661 TX ua=95 mt=P len=0
PKT t=7670 RX ua=95 mt=R len=7
PKT t=7675 TX ua=95 mt=P len=0
PKT t=7684 RX ua=95 mt=R len=7
PKT t=7689 TX ua=95 mt=P len=0
PKT t=7698 RX ua=95 mt=R len=7
PKT t=7703 TX ua=95 mt=P len=0
PKT t=7732 RX ua=95 mt=R len=7
PKT t=7737 TX ua=95 mt=P len=0
PKT t=7746 RX ua=95 mt=R len=7
PKT t=7751 TX ua=95 mt=P len=0
PKT t=7760 RX ua=95 mt=R len=7
PKT t=7765 TX ua=95 mt=P len=0
PKT t=7774 RX ua=95 mt=R len=7
PKT t=7779 TX ua=95 mt=P len=0
PKT t=7788 RX ua=95 mt=R len=7
PKT t=7793 TX ua=95 mt=P len=0
PKT t=7802 RX ua=95 mt=R len=7
PKT t=7807 TX ua=95 mt=P len=0
PKT t=7836 RX ua=95 mt=R len=7
PKT t=7841 TX ua=95 mt=P len=0
PKT t=7856 RX ua=95 mt=R len=7
PKT t=7861 TX ua=95 mt=T len=7
PKT t=7873 TX ua=95 mt=P len=0
PKT t=7882 RX ua=95 mt=R len=7
PKT t=7887 TX ua=95 mt=P len=0
PKT t=7896 RX ua=95 mt=R len=7
PKT t=7901 TX ua=95 mt=P len=0
PKT t=7910 RX ua=95 mt=R len=7
PKT t=7915 TX ua=95 mt=P len=0
PKT t=7944 RX ua=95 mt=R len=7
PKT t=7949 TX ua=95 mt=P len=0
PKT t=7958 RX ua=95 mt=R len=7
PKT t=7963 TX ua=95 mt=P len=0
PKT t=7972 RX ua=95 mt=R len=7
PKT t=7977 TX ua=95 mt=P len=0
PKT t=7986 RX ua=95 mt=R len=7
PKT t=7991 TX ua=95 mt=P len=0
PKT t=8000 RX ua=95 mt=R len=7
PKT t=8008 TX ua=95 mt=P len=0
PKT t=8017 RX ua=95 mt=R len=7
PKT t=8022 TX ua=95 mt=P len=0
PKT t=8051 RX ua=95 mt=R len=7
PKT t=8056 TX ua=95 mt=P len=0
PKT t=8065 RX ua=95 mt=R len=7
PKT t=8070 TX ua=95 mt=P len=0
PKT t=8079 RX ua=95 mt=R len=7
PKT t=8084 TX ua=95 mt=P len=0
PKT t=8093 RX ua=95 mt=R len=7
PKT t=8098 TX ua=95 mt=P len=0
PKT t=8107 RX ua=95 mt=R len=7
PKT t=8112 TX ua=95 mt=T len=7
PKT t=8124 TX ua=95 mt=P len=0
PKT t=8156 RX ua=95 mt=R len=7
PKT t=8161 TX ua=95 mt=P len=0
PKT t=8170 RX ua=95 mt=R len=7
PKT t=8175 TX ua=95 mt=P len=0
PKT t=8184 RX ua=95 mt=R len=7
PKT t=8189 TX ua=95 mt=P len=0
PKT t=8198 RX ua=95 mt=R len=7
PKT t=8203 TX ua=95 mt=P len=0
PKT t=8212 RX ua=95 mt=R len=7
PKT t=8217 TX ua=95 mt=P len=0
PKT t=8226 RX ua=95 mt=R len=7
PKT t=8231 TX ua=95 mt=P len=0
PKT t=8260 RX ua=95 mt=R len=7
PKT t=8265 TX ua=95 mt=P len=0
PKT t=8274 RX ua=95 mt=R len=7
PKT t=8279 TX ua=95 mt=P len=0
PKT t=8288 RX ua=95 mt=R len=7
PKT t=8293 TX ua=95 mt=P len=0
PKT t=8302 RX ua=95 mt=R len=7
PKT t=8307 TX ua=95 mt=P len=0
PKT t=8316 RX ua=95 mt=R len=7
PKT t=8321 TX ua=95 mt=P len=0
PKT t=8330 RX ua=95 mt=R len=7
PKT t=8335 TX ua=95 mt=P len=0
PKT t=8364 RX ua=95 mt=R len=7
PKT t=8369 TX ua=95 mt=T len=7
PKT t=8381 TX ua=95 mt=P len=0
PKT t=8390 RX ua=95 mt=R len=7
PKT t=8395 TX ua=95 mt=P len=0
PKT t=8404 RX ua=95 mt=R len=7
PKT t=8409 TX ua=95 mt=P len=0
PKT t=8418 RX ua=95 mt=R len=7
PKT t=8423 TX ua=95 mt=P len=0
PKT t=8432 RX ua=95 mt=R len=7
PKT t=8437 TX ua=95 mt=P len=0
PKT t=8466 RX ua=95 mt=R len=7
PKT t=8471 TX ua=95 mt=P len=0
PKT t=8480 RX ua=95 mt=R len=7
PKT t=8485 TX ua=95 mt=P len=0
PKT t=8494 RX ua=95 mt=R len=7
PKT t=8499 TX ua=95 mt=P len=0
PKT t=8508 RX ua=95 mt=R len=7
PKT t=8513 TX ua=95 mt=P len=0
PKT t=8522 RX ua=95 mt=R len=7
PKT t=8527 TX ua=95 mt=P len=0
PKT t=8536 RX ua=95 mt=R len=7
PKT t=8541 TX ua=95 mt=P len=0
PKT t=8570 RX ua=95 mt=R len=7
PKT t=8575 TX ua=95 mt=P len=0
PKT t=8584 RX ua=95 mt=R len=7
PKT t=8589 TX ua=95 mt=P len=0
PKT t=8598 RX ua=95 mt=R len=7
PKT t=8603 TX ua=95 mt=P len=0
PKT t=8612 RX ua=95 mt=R len=7
PKT t=8617 TX ua=95 mt=T len=7
PKT t=8629 TX ua=95 mt=P len=0
PKT t=8638 RX ua=95 mt=R len=7
PKT t=8643 TX ua=95 mt=P len=0
PKT t=8672 RX ua=95 mt=R len=7
PKT t=8677 TX ua=95 mt=P len=0
PKT t=8686 RX ua=95 mt=R len=7
PKT t=8691 TX ua=95 mt=P len=0
PKT t=8700 RX ua=95 mt=R len=7
PKT t=8705 TX ua=95 mt=P len=0
PKT t=8714 RX ua=95 mt=R len=7
PKT t=8719 TX ua=95 mt=P len=0
PKT t=8728 RX ua=95 mt=R len=7
PKT t=8733 TX ua=95 mt=P len=0
PKT t=8742 RX ua=95 mt=R len=7
PKT t=8747 TX ua=95 mt=P len=0
PKT t=8776 RX ua=95 mt=R len=7
PKT t=8781 TX ua=95 mt=P len=0
PKT t=8790 RX ua=95 mt=R len=7
PKT t=8795 TX ua=95 mt=P len=0
PKT t=8804 RX ua=95 mt=R len=7
PKT t=8809 TX ua=95 mt=P len=0
PKT t=8818 RX ua=95 mt=R len=7
PKT t=8823 TX ua=95 mt=P len=0
PKT t=8832 RX ua=95 mt=R len=7
PKT t=8837 TX ua=95 mt=P len=0
PKT t=8846 RX ua=95 mt=R len=7
PKT t=8851 TX ua=95 mt=P len=0
PKT t=8880 RX ua=95 mt=R len=7
PKT t=8885 TX ua=95 mt=T len=7
PKT t=8897 TX ua=95 mt=P len=0
PKT t=8906 RX ua=95 mt=R len=7
PKT t=8911 TX ua=95 mt=P len=0
PKT t=8920 RX ua=95 mt=R len=7
PKT t=8925 TX ua=95 mt=P len=0
PKT t=8934 RX ua=95 mt=R len=7
PKT t=8939 TX ua=95 mt=P len=0
PKT t=8948 RX ua=95 mt=R len=7
PKT t=8953 TX ua=95 mt=P len=0
PKT t=8982 RX ua=95 mt=R len=7
PKT t=8987 TX ua=95 mt=P len=0
PKT t=8996 RX ua=95 mt=R len=7
PKT t=9001 TX ua=95 mt=P len=0
PKT t=9010 RX ua=95 mt=R len=7
PKT t=9015 TX ua=95 mt=P len=0
PKT t=9024 RX ua=95 mt=R len=7
PKT t=9029 TX ua=95 mt=P len=0
PKT t=9038 RX ua=95 mt=R len=7
PKT t=9043 TX ua=95 mt=P len=0
PKT t=9056 RX ua=95 mt=R len=7
PKT t=9061 TX ua=95 mt=P len=0
PKT t=9086 RX ua=95 mt=R len=7
PKT t=9091 TX ua=95 mt=P len=0
PKT t=9100 RX ua=95 mt=R len=7
PKT t=9105 TX ua=95 mt=T len=7
PKT t=9117 TX ua=95 mt=P len=0
PKT t=9126 RX ua=95 mt=R len=7
PKT t=9131 TX ua=95 mt=P len=0
PKT t=9140 RX ua=95 mt=R len=7
PKT t=9145 TX ua=95 mt=P len=0
PKT t=9154 RX ua=95 mt=R len=7
PKT t=9159 TX ua=95 mt=P len=0
PKT t=9188 RX ua=95 mt=R len=7
PKT t=9193 TX ua=95 mt=P len=0
PKT t=9202 RX ua=95 mt=R len=7
PKT t=9207 TX ua=95 mt=P len=0
PKT t=9216 RX ua=95 mt=R len=7
PKT t=9221 TX ua=95 mt=P len=0
PKT t=9230 RX ua=95 mt=R len=7
PKT t=9235 TX ua=95 mt=P len=0
PKT t=9244 RX ua=95 mt=R len=7
PKT t=9249 TX ua=95 mt=P len=0
PKT t=9258 RX ua=95 mt=R len=7
PKT t=9263 TX ua=95 mt=P len=0
PKT t=9292 RX ua=95 mt=R len=7
PKT t=9297 TX ua=95 mt=P len=0
PKT t=9306 RX ua=95 mt=R len=7
PKT t=9311 TX ua=95 mt=P len=0
PKT t=9320 RX ua=95 mt=R len=7
PKT t=9325 TX ua=95 mt=P len=0
PKT t=9334 RX ua=95 mt=R len=7
PKT t=9339 TX ua=95 mt=P len=0
PKT t=9356 RX ua=95 mt=R len=7
PKT t=9361 TX ua=95 mt=T len=7
PKT t=9373 TX ua=95 mt=P len=0
PKT t=9394 RX ua=95 mt=R len=7
PKT t=9399 TX ua=95 mt=P len=0
PKT t=9409 RX ua=95 mt=R len=7
PKT t=9414 TX ua=95 mt=P len=0
PKT t=9424 RX ua=95 mt=R len=7
PKT t=9429 TX ua=95 mt=P len=0
PKT t=9439 RX ua=95 mt=R len=7
PKT t=9444 TX ua=95 mt=P len=0
PKT t=9454 RX ua=95 mt=R len=7
PKT t=9459 TX ua=95 mt=P len=0
PKT t=9492 RX ua=95 mt=R len=7
PKT t=9497 TX ua=95 mt=P len=0
PKT t=9507 RX ua=95 mt=R len=7
PKT t=9512 TX ua=95 mt=P len=0
PKT t=9522 RX ua=95 mt=R len=7
PKT t=9527 TX ua=95 mt=P len=0
PKT t=9537 RX ua=95 mt=R len=7
PKT t=9542 TX ua=95 mt=P len=0
PKT t=9552 RX ua=95 mt=R len=7
PKT t=9557 TX ua=95 mt=P len=0
PKT t=9567 RX ua=95 mt=R len=7
PKT t=9572 TX ua=95 mt=P len=0
PKT t=9601 RX ua=95 mt=R len=7
PKT t=9606 TX ua=95 mt=P len=0
PKT t=9616 RX ua=95 mt=R len=7
PKT t=9621 TX ua=95 mt=T len=7
PKT t=9633 TX ua=95 mt=P len=0
PKT t=9642 RX ua=95 mt=R len=7
PKT t=9647 TX ua=95 mt=P len=0
PKT t=9657 RX ua=95 mt=R len=7
PKT t=9912 TX ua=96 mt=I len=13
PKT t=10420 TX ua=96 mt=T len=4
PKT t=10431 TX ua=95 mt=P len=0
PKT t=10440 RX ua=95 mt=R len=7
PKT t=10445 TX ua=95 mt=T len=7
PKT t=10458 TX ua=95 mt=P len=0
PKT t=10467 RX ua=95 mt=R len=7
PKT t=10472 TX ua=95 mt=T len=7
PKT t=10485 TX ua=95 mt=P len=0
PKT t=10503 RX ua=95 mt=R len=7
PKT t=10508 TX ua=95 mt=P len=0
PKT t=10517 RX ua=95 mt=R len=7
PKT t=10522 TX ua=95 mt=P len=0
PKT t=10531 RX ua=95 mt=R len=7
PKT t=10536 TX ua=95 mt=P len=0
PKT t=10545 RX ua=95 mt=R len=7
PKT t=10556 TX ua=95 mt=P len=0
PKT t=10565 RX ua=95 mt=R len=7
PKT t=10570 TX ua=95 mt=P len=0
PKT t=10601 RX ua=95 mt=R len=7
PKT t=10606 TX ua=95 mt=P len=0
PKT t=10615 RX ua=95 mt=R len=7
PKT t=10620 TX ua=95 mt=T len=7
PKT t=10633 TX ua=95 mt=P len=0
PKT t=10642 RX ua=95 mt=R len=7
PKT t=10647 TX ua=95 mt=P len=0
PKT t=10656 RX ua=95 mt=R len=7
PKT t=10661 TX ua=95 mt=P len=0
PKT t=10670 RX ua=95 mt=R len=7
PKT t=10675 TX ua=95 mt=P len=0
PKT t=10704 RX ua=95 mt=R len=7
PKT t=10709 TX ua=95 mt=P len=0
PKT t=10718 RX ua=95 mt=R len=7
PKT t=10723 TX ua=95 mt=P len=0
PKT t=10732 RX ua=95 mt=R len=7
PKT t=10737 TX ua=95 mt=P len=0
PKT t=10747 RX ua=95 mt=R len=7
PKT t=10752 TX ua=95 mt=P len=0
PKT t=10761 RX ua=95 mt=R len=7
PKT t=10766 TX ua=95 mt=P len=0
PKT t=10775 RX ua=95 mt=R len=7
PKT t=10780 TX ua=95 mt=P len=0
PKT t=10811 RX ua=95 mt=R len=7
PKT t=10816 TX ua=95 mt=P len=0
PKT t=10825 RX ua=95 mt=R len=7
PKT t=10830 TX ua=95 mt=P len=0
PKT t=10839 RX ua=95 mt=R len=7
PKT t=10844 TX ua=95 mt=P len=0
PKT t=10856 RX ua=95 mt=R len=7
PKT t=10861 TX ua=95 mt=T len=7
PKT t=10874 TX ua=95 mt=P len=0
PKT t=10883 RX ua=95 mt=R len=7
PKT t=10888 TX ua=95 mt=P len=0
PKT t=10917 RX ua=95 mt=R len=7
PKT t=10922 TX ua=95 mt=P len=0
PKT t=10931 RX ua=95 mt=R len=7
PKT t=10936 TX ua=95 mt=P len=0
PKT t=10945 RX ua=95 mt=R len=7
PKT t=10950 TX ua=95 mt=P len=0
PKT t=10959 RX ua=95 mt=R len=7
PKT t=10964 TX ua=95 mt=P len=0
PKT t=10973 RX ua=95 mt=R len=7
PKT t=10978 TX ua=95 mt=P len=0
PKT t=10987 RX ua=95 mt=R len=7
PKT t=10992 TX ua=95 mt=P len=0
PKT t=11021 RX ua=95 mt=R len=7
PKT t=11026 TX ua=95 mt=P len=0
PKT t=11035 RX ua=95 mt=R len=7
PKT t=11040 TX ua=95 mt=P len=0
PKT t=11049 RX ua=95 mt=R len=7
PKT t=11054 TX ua=95 mt=P len=0
PKT t=11064 RX ua=95 mt=R len=7
PKT t=11069 TX ua=95 mt=P len=0
PKT t=11078 RX ua=95 mt=R len=7
PKT t=11083 TX ua=95 mt=P len=0
PKT t=11092 RX ua=95 mt=R len=7
PKT t=11097 TX ua=95 mt=P len=0
PKT t=11127 RX ua=95 mt=R len=7
PKT t=11131 TX ua=95 mt=T len=7
PKT t=11143 TX ua=95 mt=P len=0
PKT t=11156 RX ua=95 mt=R len=7
PKT t=11161 TX ua=95 mt=P len=0
PKT t=11170 RX ua=95 mt=R len=7
PKT t=11175 TX ua=95 mt=P len=0
PKT t=11184 RX ua=95 mt=R len=7
PKT t=11189 TX ua=95 mt=P len=0
PKT t=11198 RX ua=95 mt=R len=7
PKT t=11203 TX ua=95 mt=P len=0
PKT t=11232 RX ua=95 mt=R len=7
PKT t=11237 TX ua=95 mt=P len=0
PKT t=11246 RX ua=95 mt=R len=7
PKT t=11251 TX ua=95 mt=P len=0
PKT t=11260 RX ua=95 mt=R len=7
PKT t=11265 TX ua=95 mt=P len=0
PKT t=11274 RX ua=95 mt=R len=7
PKT t=11279 TX ua=95 mt=P len=0
PKT t=11288 RX ua=95 mt=R len=7
PKT t=11293 TX ua=95 mt=P len=0
PKT t=11302 RX ua=95 mt=R len=7
PKT t=11307 TX ua=95 mt=P len=0
PKT t=11336 RX ua=95 mt=R len=7
PKT t=11341 TX ua=95 mt=P len=0
PKT t=11350 RX ua=95 mt=R len=7
PKT t=11355 TX ua=95 mt=P len=0
PKT t=11364 RX ua=95 mt=R len=7
PKT t=11369 TX ua=95 mt=T len=7
PKT t=11381 TX ua=95 mt=P len=0
PKT t=11391 RX ua=95 mt=R len=7
PKT t=11396 TX ua=95 mt=P len=0
PKT t=11406 RX ua=95 mt=R len=7
PKT t=11411 TX ua=95 mt=P len=0
PKT t=11440 RX ua=95 mt=R len=7
PKT t=11445 TX ua=95 mt=P len=0
PKT t=11456 RX ua=95 mt=R len=7
PKT t=11711 TX ua=96 mt=P len=0
PKT t=11969 TX ua=95 mt=P len=0
PKT t=11979 RX ua=95 mt=R len=7
PKT t=11984 TX ua=95 mt=T len=7
PKT t=11996 TX ua=95 mt=P len=0
PKT t=12005 RX ua=95 mt=R len=7
PKT t=12010 TX ua=95 mt=P len=0
PKT t=12039 RX ua=95 mt=R len=7
PKT t=12044 TX ua=95 mt=P len=0
PKT t=12056 RX ua=95 mt=R len=7
PKT t=12061 TX ua=95 mt=P len=0
PKT t=12070 RX ua=95 mt=R len=7
PKT t=12075 TX ua=95 mt=P len=0
PKT t=12084 RX ua=95 mt=R len=7
PKT t=12089 TX ua=95 mt=P len=0
PKT t=12098 RX ua=95 mt=R len=7
PKT t=12103 TX ua=95 mt=T len=7
PKT t=12115 TX ua=95 mt=P len=0
PKT t=12148 RX ua=95 mt=R len=7
PKT t=12153 TX ua=95 mt=P len=0
PKT t=12162 RX ua=95 mt=R len=7
PKT t=12167 TX ua=95 mt=P len=0
PKT t=12176 RX ua=95 mt=R len=7
PKT t=12181 TX ua=95 mt=P len=0
PKT t=12190 RX ua=95 mt=R len=7
PKT t=12195 TX ua=95 mt=P len=0
PKT t=12204 RX ua=95 mt=R len=7
PKT t=12209 TX ua=95 mt=P len=0
PKT t=12218 RX ua=95 mt=R len=7
PKT t=12223 TX ua=95 mt=P len=0
PKT t=12252 RX ua=95 mt=R len=7
PKT t=12257 TX ua=95 mt=P len=0
PKT t=12266 RX ua=95 mt=R len=7
PKT t=12271 TX ua=95 mt=P len=0
PKT t=12280 RX ua=95 mt=R len=7
PKT t=12285 TX ua=95 mt=P len=0
PKT t=12294 RX ua=95 mt=R len=7
PKT t=12299 TX ua=95 mt=P len=0
PKT t=12308 RX ua=95 mt=R len=7
PKT t=12313 TX ua=95 mt=P len=0
PKT t=12322 RX ua=95 mt=R len=7
PKT t=12327 TX ua=95 mt=P len=0
PKT t=12356 RX ua=95 mt=R len=7
PKT t=12361 TX ua=95 mt=T len=7
PKT t=12373 TX ua=95 mt=P len=0
PKT t=12382 RX ua=95 mt=R len=7
PKT t=12387 TX ua=95 mt=P len=0
PKT t=12396 RX ua=95 mt=R len=7
PKT t=12401 TX ua=95 mt=P len=0
PKT t=12410 RX ua=95 mt=R len=7
PKT t=12415 TX ua=95 mt=P len=0
PKT t=12424 RX ua=95 mt=R len=7
PKT t=12429 TX ua=95 mt=P len=0
PKT t=12459 RX ua=95 mt=R len=7
PKT t=12464 TX ua=95 mt=P len=0
PKT t=12473 RX ua=95 mt=R len=7
PKT t=12478 TX ua=95 mt=P len=0
PKT t=12487 RX ua=95 mt=R len=7
PKT t=12492 TX ua=95 mt=P len=0
PKT t=12501 RX ua=95 mt=R len=7
PKT t=12506 TX ua=95 mt=P len=0
PKT t=12516 RX ua=95 mt=R len=7
PKT t=12521 TX ua=95 mt=P len=0
PKT t=12530 RX ua=95 mt=R len=7
PKT t=12535 TX ua=95 mt=P len=0
PKT t=12564 RX ua=95 mt=R len=7
PKT t=12569 TX ua=95 mt=P len=0
PKT t=12578 RX ua=95 mt=R len=7
PKT t=12583 TX ua=95 mt=P len=0
PKT t=12592 RX ua=95 mt=R len=7
PKT t=12597 TX ua=95 mt=P len=0
PKT t=12606 RX ua=95 mt=R len=7
PKT t=12611 TX ua=95 mt=T len=7
PKT t=12623 TX ua=95 mt=P len=0
PKT t=12632 RX ua=95 mt=R len=7
PKT t=12637 TX ua=95 mt=P len=0
PKT t=12666 RX ua=95 mt=R len=7
PKT t=12671 TX ua=95 mt=P len=0
PKT t=12680 RX ua=95 mt=R len=7
PKT t=12685 TX ua=95 mt=P len=0
PKT t=12694 RX ua=95 mt=R len=7
PKT t=12699 TX ua=95 mt=P len=0
PKT t=12708 RX ua=95 mt=R len=7
PKT t=12713 TX ua=95 mt=P len=0
PKT t=12722 RX ua=95 mt=R len=7
PKT t=12727 TX ua=95 mt=P len=0
PKT t=12737 RX ua=95 mt=R len=7
PKT t=12742 TX ua=95 mt=P len=0
PKT t=12770 RX ua=95 mt=R len=7
PKT t=12775 TX ua=95 mt=P len=0
PKT t=12784 RX ua=95 mt=R len=7
PKT t=12789 TX ua=95 mt=P len=0
PKT t=12798 RX ua=95 mt=R len=7
PKT t=12803 TX ua=95 mt=P len=0
PKT t=12812 RX ua=95 mt=R len=7
PKT t=12817 TX ua=95 mt=P len=0
PKT t=12826 RX ua=95 mt=R len=7
PKT t=12831 TX ua=95 mt=P len=0
PKT t=12840 RX ua=95 mt=R len=7
PKT t=12845 TX ua=95 mt=P len=0
PKT t=12874 RX ua=95 mt=R len=7
PKT t=12879 TX ua=95 mt=T len=7
PKT t=12891 TX ua=95 mt=P len=0
PKT t=12900 RX ua=95 mt=R len=7
PKT t=12905 TX ua=95 mt=P len=0
PKT t=12914 RX ua=95 mt=R len=7
PKT t=12919 TX ua=95 mt=P len=0
PKT t=12928 RX ua=95 mt=R len=7
PKT t=12933 TX ua=95 mt=P len=0
PKT t=12942 RX ua=95 mt=R len=7
PKT t=12947 TX ua=95 mt=P len=0
PKT t=12976 RX ua=95 mt=R len=7
PKT t=12981 TX ua=95 mt=P len=0
PKT t=12990 RX ua=95 mt=R len=7
PKT t=12995 TX ua=95 mt=P len=0
PKT t=13004 RX ua=95 mt=R len=7
PKT t=13009 TX ua=95 mt=P len=0
PKT t=13018 RX ua=95 mt=R len=7
PKT t=13023 TX ua=95 mt=P len=0
PKT t=13032 RX ua=95 mt=R len=7
PKT t=13037 TX ua=95 mt=P len=0
PKT t=13046 RX ua=95 mt=R len=7
PKT t=13051 TX ua=95 mt=P len=0
PKT t=13081 RX ua=95 mt=R len=7
PKT t=13086 TX ua=95 mt=P len=0
PKT t=13095 RX ua=95 mt=R len=7
PKT t=13100 TX ua=95 mt=T len=7
PKT t=13113 TX ua=95 mt=P len=0
PKT t=13122 RX ua=95 mt=R len=7
PKT t=13127 TX ua=95 mt=P len=0
PKT t=13136 RX ua=95 mt=R len=7
PKT t=13141 TX ua=95 mt=P len=0
PKT t=13150 RX ua=95 mt=R len=7
PKT t=13155 TX ua=95 mt=P len=0
PKT t=13185 RX ua=95 mt=R len=7
PKT t=13190 TX ua=95 mt=P len=0
PKT t=13199 RX ua=95 mt=R len=7
PKT t=13204 TX ua=95 mt=P len=0
PKT t=13213 RX ua=95 mt=R len=7
PKT t=13218 TX ua=95 mt=P len=0
PKT t=13227 RX ua=95 mt=R len=7
PKT t=13232 TX ua=95 mt=P len=0
PKT t=13241 RX ua=95 mt=R len=7
PKT t=13246 TX ua=95 mt=P len=0
PKT t=13256 RX ua=95 mt=R len=7
PKT t=13511 TX ua=96 mt=P len=0
PKT t=13769 TX ua=95 mt=P len=0
PKT t=13778 RX ua=95 mt=R len=7
PKT t=13783 TX ua=95 mt=T len=7
PKT t=13796 TX ua=95 mt=P len=0
PKT t=13805 RX ua=95 mt=R len=7
PKT t=13810 TX ua=95 mt=P len=0
PKT t=13819 RX ua=95 mt=R len=7
PKT t=13824 TX ua=95 mt=P len=0
PKT t=13833 RX ua=95 mt=R len=7
PKT t=13838 TX ua=95 mt=P len=0
PKT t=13856 RX ua=95 mt=R len=7
PKT t=13861 TX ua=95 mt=T len=7
PKT t=13874 TX ua=95 mt=P len=0
PKT t=13891 RX ua=95 mt=R len=7
PKT t=13896 TX ua=95 mt=P len=0
PKT t=13905 RX ua=95 mt=R len=7
PKT t=13910 TX ua=95 mt=P len=0
PKT t=13919 RX ua=95 mt=R len=7
PKT t=13924 TX ua=95 mt=P len=0
PKT t=13933 RX ua=95 mt=R len=7
PKT t=13938 TX ua=95 mt=P len=0
PKT t=13947 RX ua=95 mt=R len=7
PKT t=13952 TX ua=95 mt=P len=0
PKT t=13961 RX ua=95 mt=R len=7
PKT t=13966 TX ua=95 mt=P len=0
PKT t=13996 RX ua=95 mt=R len=7
PKT t=14001 TX ua=95 mt=P len=0
PKT t=14011 RX ua=95 mt=R len=7
PKT t=14016 TX ua=95 mt=P len=0
PKT t=14025 RX ua=95 mt=R len=7
PKT t=14030 TX ua=95 mt=P len=0
PKT t=14039 RX ua=95 mt=R len=7
PKT t=14044 TX ua=95 mt=P len=0
PKT t=14053 RX ua=95 mt=R len=7
PKT t=14058 TX ua=95 mt=P len=0
PKT t=14067 RX ua=95 mt=R len=7
PKT t=14072 TX ua=95 mt=P len=0
PKT t=14101 RX ua=95 mt=R len=7
PKT t=14106 TX ua=95 mt=T len=7
PKT t=14118 TX ua=95 mt=P len=0
PKT t=14127 RX ua=95 mt=R len=7
PKT t=14132 TX ua=95 mt=P len=0
PKT t=14141 RX ua=95 mt=R len=7
PKT t=14146 TX ua=95 mt=P len=0
PKT t=14156 RX ua=95 mt=R len=7
PKT t=14411 TX ua=96 mt=P len=0
PKT t=14669 TX ua=95 mt=P len=0
PKT t=14678 RX ua=95 mt=R len=7
PKT t=14683 TX ua=95 mt=T len=7
PKT t=14695 TX ua=95 mt=P len=0
PKT t=14704 RX ua=95 mt=R len=7
PKT t=14709 TX ua=95 mt=P len=0
PKT t=14718 RX ua=95 mt=R len=7
PKT t=14723 TX ua=95 mt=P len=0
PKT t=14732 RX ua=95 mt=R len=7
PKT t=14737 TX ua=95 mt=P len=0
PKT t=14746 RX ua=95 mt=R len=7
PKT t=14756 TX ua=95 mt=P len=0
PKT t=14765 RX ua=95 mt=R len=7
PKT t=14770 TX ua=95 mt=P len=0
PKT t=14801 RX ua=95 mt=R len=7
PKT t=14806 TX ua=95 mt=P len=0
PKT t=14815 RX ua=95 mt=R len=7
PKT t=14820 TX ua=95 mt=P len=0
PKT t=14829 RX ua=95 mt=R len=7
PKT t=14834 TX ua=95 mt=P len=0
PKT t=14843 RX ua=95 mt=R len=7
PKT t=14848 TX ua=95 mt=P len=0
PKT t=14857 RX ua=95 mt=R len=7
PKT t=14862 TX ua=95 mt=T len=7
PKT t=14874 TX ua=95 mt=P len=0
PKT t=14902 RX ua=95 mt=R len=7
PKT t=14907 TX ua=95 mt=P len=0
PKT t=14916 RX ua=95 mt=R len=7
PKT t=14921 TX ua=95 mt=P len=0
PKT t=14930 RX ua=95 mt=R len=7
PKT t=14935 TX ua=95 mt=P len=0
PKT t=14944 RX ua=95 mt=R len=7
PKT t=14949 TX ua=95 mt=P len=0
PKT t=14958 RX ua=95 mt=R len=7
PKT t=14963 TX ua=95 mt=P len=0
PKT t=14972 RX ua=95 mt=R len=7
PKT t=14977 TX ua=95 mt=P len=0
PKT t=15006 RX ua=95 mt=R len=7
PKT t=15011 TX ua=95 mt=P len=0
PKT t=15020 RX ua=95 mt=R len=7
PKT t=15025 TX ua=95 mt=P len=0
PKT t=15034 RX ua=95 mt=R len=7
PKT t=15039 TX ua=95 mt=P len=0
PKT t=15056 RX ua=95 mt=R len=7
PKT t=15061 TX ua=95 mt=P len=0
PKT t=15070 RX ua=95 mt=R len=7
PKT t=15075 TX ua=95 mt=P len=0
PKT t=15106 RX ua=95 mt=R len=7
PKT t=15111 TX ua=95 mt=T len=7
PKT t=15123 TX ua=95 mt=P len=0
PKT t=15132 RX ua=95 mt=R len=7
PKT t=15137 TX ua=95 mt=P len=0
PKT t=15146 RX ua=95 mt=R len=7
PKT t=15151 TX ua=95 mt=P len=0
PKT t=15160 RX ua=95 mt=R len=7
PKT t=15165 TX ua=95 mt=P len=0
PKT t=15174 RX ua=95 mt=R len=7
PKT t=15179 TX ua=95 mt=P len=0
PKT t=15208 RX ua=95 mt=R len=7
PKT t=15213 TX ua=95 mt=P len=0
PKT t=15222 RX ua=95 mt=R len=7
PKT t=15227 TX ua=95 mt=P len=0
PKT t=15236 RX ua=95 mt=R len=7
PKT t=15241 TX ua=95 mt=P len=0
PKT t=15250 RX ua=95 mt=R len=7
PKT t=15255 TX ua=95 mt=P len=0
PKT t=15264 RX ua=95 mt=R len=7
PKT t=15269 TX ua=95 mt=P len=0
PKT t=15278 RX ua=95 mt=R len=7
PKT t=15283 TX ua=95 mt=P len=0
PKT t=15312 RX ua=95 mt=R len=7
PKT t=15317 TX ua=95 mt=P len=0
PKT t=15326 RX ua=95 mt=R len=7
PKT t=15331 TX ua=95 mt=P len=0
PKT t=15340 RX ua=95 mt=R len=7
PKT t=15345 TX ua=95 mt=P len=0
PKT t=15356 RX ua=95 mt=R len=7
PKT t=15611 TX ua=96 mt=P len=0
PKT t=15869 TX ua=95 mt=P len=0
PKT t=15878 RX ua=95 mt=R len=7
PKT t=15883 TX ua=95 mt=T len=7
PKT t=15895 TX ua=95 mt=P len=0
PKT t=15914 RX ua=95 mt=R len=7
PKT t=15919 TX ua=95 mt=P len=0
PKT t=15928 RX ua=95 mt=R len=7
PKT t=15933 TX ua=95 mt=P len=0
PKT t=15942 RX ua=95 mt=R len=7
PKT t=15947 TX ua=95 mt=P len=0
PKT t=15957 RX ua=95 mt=R len=7
PKT t=16212 TX ua=96 mt=P len=0
PKT t=16470 TX ua=95 mt=P len=0
PKT t=16479 RX ua=95 mt=R len=7
PKT t=16484 TX ua=95 mt=T len=7
PKT t=16496 TX ua=95 mt=P len=0
PKT t=16515 RX ua=95 mt=R len=7
PKT t=16520 TX ua=95 mt=P len=0
PKT t=16529 RX ua=95 mt=R len=7
PKT t=16534 TX ua=95 mt=P len=0
PKT t=16543 RX ua=95 mt=R len=7
PKT t=16556 TX ua=95 mt=P len=0
PKT t=16565 RX ua=95 mt=R len=7
PKT t=16570 TX ua=95 mt=P len=0
PKT t=16579 RX ua=95 mt=R len=7
PKT t=16584 TX ua=95 mt=P len=0
PKT t=16613 RX ua=95 mt=R len=7
PKT t=16618 TX ua=95 mt=T len=7
PKT t=16630 TX ua=95 mt=P len=0
PKT t=16639 RX ua=95 mt=R len=7
PKT t=16644 TX ua=95 mt=P len=0
PKT t=16653 RX ua=95 mt=R len=7
PKT t=16658 TX ua=95 mt=P len=0
PKT t=16667 RX ua=95 mt=R len=7
PKT t=16672 TX ua=95 mt=P len=0
PKT t=16681 RX ua=95 mt=R len=7
PKT t=16686 TX ua=95 mt=P len=0
PKT t=16715 RX ua=95 mt=R len=7
PKT t=16720 TX ua=95 mt=P len=0
PKT t=16729 RX ua=95 mt=R len=7
PKT t=16734 TX ua=95 mt=P len=0
PKT t=16743 RX ua=95 mt=R len=7
PKT t=16748 TX ua=95 mt=P len=0
PKT t=16757 RX ua=95 mt=R len=7
PKT t=16762 TX ua=95 mt=P len=0
PKT t=16771 RX ua=95 mt=R len=7
PKT t=16776 TX ua=95 mt=P len=0
PKT t=16785 RX ua=95 mt=R len=7
PKT t=16790 TX ua=95 mt=P len=0
PKT t=16819 RX ua=95 mt=R len=7
PKT t=16824 TX ua=95 mt=P len=0
PKT t=16833 RX ua=95 mt=R len=7
PKT t=16838 TX ua=95 mt=P len=0
PKT t=16856 RX ua=95 mt=R len=7
PKT t=16861 TX ua=95 mt=T len=7
PKT t=16873 TX ua=95 mt=P len=0
PKT t=16882 RX ua=95 mt=R len=7
PKT t=16887 TX ua=95 mt=P len=0
PKT t=16919 RX ua=95 mt=R len=7
PKT t=16924 TX ua=95 mt=P len=0
PKT t=16933 RX ua=95 mt=R len=7
PKT t=16938 TX ua=95 mt=P len=0
PKT t=16947 RX ua=95 mt=R len=7
PKT t=16952 TX ua=95 mt=P len=0
PKT t=16961 RX ua=95 mt=R len=7
PKT t=16966 TX ua=95 mt=P len=0
PKT t=16975 RX ua=95 mt=R len=7
PKT t=16980 TX ua=95 mt=P len=0
PKT t=16989 RX ua=95 mt=R len=7
PKT t=16994 TX ua=95 mt=P len=0
PKT t=17023 RX ua=95 mt=R len=7
PKT t=17028 TX ua=95 mt=P len=0
PKT t=17037 RX ua=95 mt=R len=7
PKT t=17042 TX ua=95 mt=P len=0
PKT t=17051 RX ua=95 mt=R len=7
PKT t=17056 TX ua=95 mt=P len=0
PKT t=17065 RX ua=95 mt=R len=7
PKT t=17070 TX ua=95 mt=P len=0
PKT t=17079 RX ua=95 mt=R len=7
PKT t=17084 TX ua=95 mt=P len=0
PKT t=17093 RX ua=95 mt=R len=7
PKT t=17098 TX ua=95 mt=P len=0
PKT t=17127 RX ua=95 mt=R len=7
PKT t=17132 TX ua=95 mt=T len=7
PKT t=17144 TX ua=95 mt=P len=0
PKT t=17156 RX ua=95 mt=R len=7
PKT t=17161 TX ua=95 mt=P len=0
PKT t=17170 RX ua=95 mt=R len=7
PKT t=17175 TX ua=95 mt=P len=0
PKT t=17184 RX ua=95 mt=R len=7
PKT t=17189 TX ua=95 mt=P len=0
PKT t=17198 RX ua=95 mt=R len=7
PKT t=17203 TX ua=95 mt=P len=0
PKT t=17232 RX ua=95 mt=R len=7
PKT t=17237 TX ua=95 mt=P len=0
PKT t=17246 RX ua=95 mt=R len=7
PKT t=17251 TX ua=95 mt=P len=0
PKT t=17260 RX ua=95 mt=R len=7
PKT t=17265 TX ua=95 mt=P len=0
PKT t=17274 RX ua=95 mt=R len=7
PKT t=17279 TX ua=95 mt=P len=0
PKT t=17288 RX ua=95 mt=R len=7
PKT t=17293 TX ua=95 mt=P len=0
PKT t=17302 RX ua=95 mt=R len=7
PKT t=17307 TX ua=95 mt=P len=0
PKT t=17337 RX ua=95 mt=R len=7
PKT t=17342 TX ua=95 mt=P len=0
PKT t=17351 RX ua=95 mt=R len=7
PKT t=17356 TX ua=95 mt=P len=0
PKT t=17365 RX ua=95 mt=R len=7
PKT t=17370 TX ua=95 mt=T len=7
PKT t=17382 TX ua=95 mt=P len=0
PKT t=17392 RX ua=95 mt=R len=7
PKT t=17397 TX ua=95 mt=P len=0
PKT t=17407 RX ua=95 mt=R len=7
PKT t=17412 TX ua=95 mt=P len=0
PKT t=17441 RX ua=95 mt=R len=7
PKT t=17446 TX ua=95 mt=P len=0
PKT t=17456 RX ua=95 mt=R len=7
PKT t=17711 TX ua=96 mt=P len=0
PKT t=17969 TX ua=95 mt=P len=0
PKT t=17979 RX ua=95 mt=R len=7
PKT t=17984 TX ua=95 mt=T len=7
PKT t=17996 TX ua=95 mt=P len=0
PKT t=18005 RX ua=95 mt=R len=7
PKT t=18013 TX ua=95 mt=P len=0
PKT t=18040 RX ua=95 mt=R len=7
PKT t=18045 TX ua=95 mt=P len=0
PKT t=18056 RX ua=95 mt=R len=7
PKT t=18311 TX ua=96 mt=P len=0
PKT t=18569 TX ua=95 mt=P len=0
PKT t=18578 RX ua=95 mt=R len=7
PKT t=18583 TX ua=95 mt=T len=7
PKT t=18596 TX ua=95 mt=P len=0
PKT t=18605 RX ua=95 mt=R len=7
PKT t=18610 TX ua=95 mt=T len=7
PKT t=18623 TX ua=95 mt=P len=0
PKT t=18642 RX ua=95 mt=R len=7
PKT t=18647 TX ua=95 mt=P len=0
PKT t=18657 RX ua=95 mt=R len=7
PKT t=18912 TX ua=96 mt=P len=0
PKT t=19170 TX ua=95 mt=P len=0
PKT t=19179 RX ua=95 mt=R len=7
PKT t=19184 TX ua=95 mt=T len=7
PKT t=19196 TX ua=95 mt=P len=0
PKT t=19205 RX ua=95 mt=R len=7
PKT t=19210 TX ua=95 mt=P len=0
PKT t=19240 RX ua=95 mt=R len=7
PKT t=19245 TX ua=95 mt=P len=0
PKT t=19256 RX ua=95 mt=R len=7
PKT t=19511 TX ua=96 mt=P len=0
PKT t=19769 TX ua=95 mt=P len=0
PKT t=19778 RX ua=95 mt=R len=7
PKT t=19783 TX ua=95 mt=T len=7
PKT t=19795 TX ua=95 mt=P len=0
PKT t=19804 RX ua=95 mt=R len=7
PKT t=19809 TX ua=95 mt=P len=0
PKT t=19840 RX ua=95 mt=R len=7
PKT t=19845 TX ua=95 mt=P len=0
PKT t=19856 RX ua=95 mt=R len=7
PKT t=20111 TX ua=96 mt=P len=0
PKT t=20369 TX ua=95 mt=P len=0
PKT t=20378 RX ua=95 mt=R len=7
PKT t=20383 TX ua=95 mt=T len=7
PKT t=20395 TX ua=95 mt=P len=0
PKT t=20404 RX ua=95 mt=R len=7
PKT t=20409 TX ua=95 mt=P len=0
PKT t=20440 RX ua=95 mt=R len=7
PKT t=20445 TX ua=95 mt=P len=0
PKT t=20456 RX ua=95 mt=R len=7
PKT t=20711 TX ua=96 mt=P len=0
PKT t=20969 TX ua=95 mt=P len=0
PKT t=20978 RX ua=95 mt=R len=7
PKT t=20983 TX ua=95 mt=T len=7
PKT t=20995 TX ua=95 mt=P len=0
PKT t=21004 RX ua=95 mt=R len=7
PKT t=21009 TX ua=95 mt=P len=0
PKT t=21040 RX ua=95 mt=R len=7
PKT t=21045 TX ua=95 mt=P len=0
PKT t=21056 RX ua=95 mt=R len=7
PKT t=21311 TX ua=96 mt=P len=0
PKT t=21569 TX ua=95 mt=P len=0
PKT t=21578 RX ua=95 mt=R len=7
PKT t=21583 TX ua=95 mt=T len=7
PKT t=21596 TX ua=95 mt=P len=0
PKT t=21606 RX ua=95 mt=R len=7
PKT t=21611 TX ua=95 mt=T len=7
PKT t=21624 TX ua=95 mt=P len=0
PKT t=21642 RX ua=95 mt=R len=7
PKT t=21647 TX ua=95 mt=P len=0
PKT t=21657 RX ua=95 mt=R len=7
PKT t=21912 TX ua=96 mt=P len=0
PKT t=22170 TX ua=95 mt=P len=0
PKT t=22179 RX ua=95 mt=R len=7
PKT t=22184 TX ua=95 mt=T len=7
PKT t=22196 TX ua=95 mt=P len=0
PKT t=22205 RX ua=95 mt=R len=7
PKT t=22210 TX ua=95 mt=P len=0
PKT t=22240 RX ua=95 mt=R len=7
PKT t=22245 TX ua=95 mt=P len=0
PKT t=22256 RX ua=95 mt=R len=7
PKT t=22511 TX ua=96 mt=P len=0
PKT t=22769 TX ua=95 mt=P len=0
PKT t=22778 RX ua=95 mt=R len=7
PKT t=22783 TX ua=95 mt=T len=7
PKT t=22795 TX ua=95 mt=P len=0
PKT t=22804 RX ua=95 mt=R len=7
PKT t=22809 TX ua=95 mt=P len=0
PKT t=22840 RX ua=95 mt=R len=7
PKT t=22845 TX ua=95 mt=P len=0
PKT t=22856 RX ua=95 mt=R len=7
PKT t=23111 TX ua=96 mt=P len=0
PKT t=23369 TX ua=95 mt=P len=0
PKT t=23378 RX ua=95 mt=R len=7
PKT t=23383 TX ua=95 mt=T len=7
PKT t=23395 TX ua=95 mt=P len=0
PKT t=23405 RX ua=95 mt=R len=7
PKT t=23410 TX ua=95 mt=P len=0
PKT t=23440 RX ua=95 mt=R len=7
PKT t=23445 TX ua=95 mt=P len=0
PKT t=23456 RX ua=95 mt=R len=7
PKT t=23711 TX ua=96 mt=P len=0
PKT t=23969 TX ua=95 mt=P len=0
PKT t=23979 RX ua=95 mt=R len=7
PKT t=23984 TX ua=95 mt=T len=7
PKT t=23996 TX ua=95 mt=P len=0
PKT t=24005 RX ua=95 mt=R len=7
PKT t=24010 TX ua=95 mt=P len=0
PKT t=24040 RX ua=95 mt=R len=7
PKT t=24045 TX ua=95 mt=P len=0
PKT t=24056 RX ua=95 mt=R len=7
PKT t=24311 TX ua=96 mt=P len=0
PKT t=24569 TX ua=95 mt=P len=0
PKT t=24578 RX ua=95 mt=R len=7
PKT t=24583 TX ua=95 mt=T len=7
PKT t=24595 TX ua=95 mt=P len=0
PKT t=24604 RX ua=95 mt=R len=7
PKT t=24609 TX ua=95 mt=T len=7
PKT t=24621 TX ua=95 mt=P len=0
PKT t=24642 RX ua=95 mt=R len=7
PKT t=24647 TX ua=95 mt=P len=0
PKT t=24657 RX ua=95 mt=R len=7
PKT t=24912 TX ua=96 mt=P len=0
PKT t=25170 TX ua=95 mt=P len=0
PKT t=25179 RX ua=95 mt=R len=7
PKT t=25184 TX ua=95 mt=T len=7
PKT t=25196 TX ua=95 mt=P len=0
PKT t=25205 RX ua=95 mt=R len=7
PKT t=25210 TX ua=95 mt=P len=0
PKT t=25240 RX ua=95 mt=R len=7
PKT t=25245 TX ua=95 mt=P len=0
PKT t=25256 RX ua=95 mt=R len=7
PKT t=25511 TX ua=96 mt=P len=0
PKT t=25769 TX ua=95 mt=P len=0
PKT t=25778 RX ua=95 mt=R len=7
PKT t=25783 TX ua=95 mt=T len=7
PKT t=25795 TX ua=95 mt=P len=0
PKT t=25804 RX ua=95 mt=R len=7
PKT t=25809 TX ua=95 mt=P len=0
PKT t=25840 RX ua=95 mt=R len=7
PKT t=25845 TX ua=95 mt=P len=0
PKT t=25856 RX ua=95 mt=R len=7
PKT t=26111 TX ua=96 mt=P len=0
PKT t=26369 TX ua=95 mt=P len=0
PKT t=26378 RX ua=95 mt=R len=7
PKT t=26383 TX ua=95 mt=T len=7
PKT t=26396 TX ua=95 mt=P len=0
PKT t=26405 RX ua=95 mt=R len=7
PKT t=26410 TX ua=95 mt=T len=7
PKT t=26423 TX ua=95 mt=P len=0
PKT t=26442 RX ua=95 mt=R len=7
PKT t=26447 TX ua=95 mt=P len=0
PKT t=26457 RX ua=95 mt=R len=7
PKT t=26712 TX ua=96 mt=P len=0
PKT t=26970 TX ua=95 mt=P len=0
PKT t=26979 RX ua=95 mt=R len=7
PKT t=26984 TX ua=95 mt=T len=7
PKT t=26997 TX ua=95 mt=P len=0
PKT t=27006 RX ua=95 mt=R len=7
PKT t=27011 TX ua=95 mt=P len=0
PKT t=27040 RX ua=95 mt=R len=7
PKT t=27045 TX ua=95 mt=P len=0
PKT t=27056 RX ua=95 mt=R len=7
PKT t=27311 TX ua=96 mt=P len=0
PKT t=27569 TX ua=95 mt=P len=0
PKT t=27578 RX ua=95 mt=R len=7
PKT t=27583 TX ua=95 mt=T len=7
PKT t=27595 TX ua=95 mt=P len=0
PKT t=27605 RX ua=95 mt=R len=7
PKT t=27610 TX ua=95 mt=T len=7
PKT t=27622 TX ua=95 mt=P len=0
PKT t=27643 RX ua=95 mt=R len=7
PKT t=27656 TX ua=95 mt=P len=0
PKT t=27665 RX ua=95 mt=R len=7
PKT t=27670 TX ua=95 mt=P len=0
PKT t=27679 RX ua=95 mt=R len=7
PKT t=27684 TX ua=95 mt=P len=0
PKT t=27693 RX ua=95 mt=R len=7
PKT t=27698 TX ua=95 mt=P len=0
PKT t=27707 RX ua=95 mt=R len=7
PKT t=27712 TX ua=95 mt=P len=0
PKT t=27741 RX ua=95 mt=R len=7
PKT t=27746 TX ua=95 mt=P len=0
PKT t=27755 RX ua=95 mt=R len=7
PKT t=27760 TX ua=95 mt=P len=0
PKT t=27769 RX ua=95 mt=R len=7
PKT t=27774 TX ua=95 mt=P len=0
PKT t=27783 RX ua=95 mt=R len=7
PKT t=27788 TX ua=95 mt=P len=0
PKT t=27797 RX ua=95 mt=R len=7
PKT t=27802 TX ua=95 mt=P len=0
PKT t=27811 RX ua=95 mt=R len=7
PKT t=27816 TX ua=95 mt=P len=0
PKT t=27846 RX ua=95 mt=R len=7
PKT t=27851 TX ua=95 mt=P len=0
PKT t=27860 RX ua=95 mt=R len=7
PKT t=27865 TX ua=95 mt=T len=7
PKT t=27877 TX ua=95 mt=P len=0
PKT t=27886 RX ua=95 mt=R len=7
PKT t=27891 TX ua=95 mt=P len=0
PKT t=27900 RX ua=95 mt=R len=7
PKT t=27905 TX ua=95 mt=P len=0
PKT t=27914 RX ua=95 mt=R len=7
PKT t=27919 TX ua=95 mt=P len=0
PKT t=27956 RX ua=95 mt=R len=7
PKT t=27961 TX ua=95 mt=P len=0
PKT t=27970 RX ua=95 mt=R len=7
PKT t=27975 TX ua=95 mt=P len=0
PKT t=27984 RX ua=95 mt=R len=7
PKT t=27989 TX ua=95 mt=P len=0
PKT t=27998 RX ua=95 mt=R len=7
PKT t=28003 TX ua=95 mt=P len=0
PKT t=28012 RX ua=95 mt=R len=7
PKT t=28018 TX ua=95 mt=P len=0
PKT t=28048 RX ua=95 mt=R len=7
PKT t=28053 TX ua=95 mt=P len=0
PKT t=28062 RX ua=95 mt=R len=7
PKT t=28067 TX ua=95 mt=P len=0
PKT t=28076 RX ua=95 mt=R len=7
PKT t=28081 TX ua=95 mt=P len=0
PKT t=28090 RX ua=95 mt=R len=7
PKT t=28095 TX ua=95 mt=P len=0
PKT t=28104 RX ua=95 mt=R len=7
PKT t=28109 TX ua=95 mt=T len=7
PKT t=28121 TX ua=95 mt=P len=0
PKT t=28149 RX ua=95 mt=R len=7
PKT t=28154 TX ua=95 mt=P len=0
PKT t=28163 RX ua=95 mt=R len=7
PKT t=28168 TX ua=95 mt=P len=0
PKT t=28177 RX ua=95 mt=R len=7
PKT t=28182 TX ua=95 mt=P len=0
PKT t=28191 RX ua=95 mt=R len=7
PKT t=28196 TX ua=95 mt=P len=0
PKT t=28205 RX ua=95 mt=R len=7
PKT t=28210 TX ua=95 mt=P len=0
PKT t=28219 RX ua=95 mt=R len=7
PKT t=28224 TX ua=95 mt=P len=0
PKT t=28256 RX ua=95 mt=R len=7
PKT t=28261 TX ua=95 mt=P len=0
PKT t=28271 RX ua=95 mt=R len=7
PKT t=28275 TX ua=95 mt=P len=0
PKT t=28284 RX ua=95 mt=R len=7
PKT t=28289 TX ua=95 mt=P len=0
PKT t=28298 RX ua=95 mt=R len=7
PKT t=28303 TX ua=95 mt=P len=0
PKT t=28312 RX ua=95 mt=R len=7
PKT t=28317 TX ua=95 mt=P len=0
PKT t=28326 RX ua=95 mt=R len=7
PKT t=28331 TX ua=95 mt=P len=0
PKT t=28360 RX ua=95 mt=R len=7
PKT t=28365 TX ua=95 mt=T len=7
PKT t=28377 TX ua=95 mt=P len=0
PKT t=28386 RX ua=95 mt=R len=7
PKT t=28391 TX ua=95 mt=P len=0
PKT t=28400 RX ua=95 mt=R len=7
PKT t=28405 TX ua=95 mt=P len=0
PKT t=28414 RX ua=95 mt=R len=7
PKT t=28419 TX ua=95 mt=P len=0
PKT t=28428 RX ua=95 mt=R len=7
PKT t=28433 TX ua=95 mt=P len=0
PKT t=28462 RX ua=95 mt=R len=7
PKT t=28467 TX ua=95 mt=P len=0
PKT t=28476 RX ua=95 mt=R len=7
PKT t=28481 TX ua=95 mt=P len=0
PKT t=28490 RX ua=95 mt=R len=7
PKT t=28495 TX ua=95 mt=P len=0
PKT t=28504 RX ua=95 mt=R len=7
PKT t=28509 TX ua=95 mt=P len=0
PKT t=28518 RX ua=95 mt=R len=7
PKT t=28523 TX ua=95 mt=P len=0
PKT t=28533 RX ua=95 mt=R len=7
PKT t=28538 TX ua=95 mt=P len=0
PKT t=28567 RX ua=95 mt=R len=7
PKT t=28572 TX ua=95 mt=P len=0
PKT t=28581 RX ua=95 mt=R len=7
PKT t=28586 TX ua=95 mt=P len=0
PKT t=28596 RX ua=95 mt=R len=7
PKT t=28600 TX ua=95 mt=P len=0
PKT t=28609 RX ua=95 mt=R len=7
PKT t=28614 TX ua=95 mt=T len=7
PKT t=28626 TX ua=95 mt=P len=0
PKT t=28635 RX ua=95 mt=R len=7
PKT t=28640 TX ua=95 mt=P len=0
PKT t=28669 RX ua=95 mt=R len=7
PKT t=28674 TX ua=95 mt=P len=0
PKT t=28684 RX ua=95 mt=R len=7
PKT t=28689 TX ua=95 mt=P len=0
PKT t=28698 RX ua=95 mt=R len=7
PKT t=28703 TX ua=95 mt=P len=0
PKT t=28712 RX ua=95 mt=R len=7
PKT t=28717 TX ua=95 mt=P len=0
PKT t=28726 RX ua=95 mt=R len=7
PKT t=28731 TX ua=95 mt=P len=0
PKT t=28740 RX ua=95 mt=R len=7
PKT t=28745 TX ua=95 mt=P len=0
PKT t=28774 RX ua=95 mt=R len=7
PKT t=28779 TX ua=95 mt=P len=0
PKT t=28788 RX ua=95 mt=R len=7
PKT t=28793 TX ua=95 mt=P len=0
PKT t=28802 RX ua=95 mt=R len=7
PKT t=28807 TX ua=95 mt=P len=0
PKT t=28816 RX ua=95 mt=R len=7
PKT t=28821 TX ua=95 mt=P len=0
PKT t=28830 RX ua=95 mt=R len=7
PKT t=28835 TX ua=95 mt=P len=0
PKT t=28845 RX ua=95 mt=R len=7
PKT t=28856 TX ua=95 mt=P len=0
PKT t=28879 RX ua=95 mt=R len=7
PKT t=28884 TX ua=95 mt=T len=7
PKT t=28896 TX ua=95 mt=P len=0
PKT t=28905 RX ua=95 mt=R len=7
PKT t=28910 TX ua=95 mt=P len=0
PKT t=28919 RX ua=95 mt=R len=7
PKT t=28924 TX ua=95 mt=P len=0
PKT t=28933 RX ua=95 mt=R len=7
PKT t=28938 TX ua=95 mt=P len=0
PKT t=28947 RX ua=95 mt=R len=7
PKT t=28952 TX ua=95 mt=P len=0
PKT t=28982 RX ua=95 mt=R len=7
PKT t=28987 TX ua=95 mt=P len=0
PKT t=28996 RX ua=95 mt=R len=7
PKT t=29001 TX ua=95 mt=P len=0
PKT t=29010 RX ua=95 mt=R len=7
PKT t=29015 TX ua=95 mt=P len=0
PKT t=29024 RX ua=95 mt=R len=7
PKT t=29029 TX ua=95 mt=P len=0
PKT t=29038 RX ua=95 mt=R len=7
PKT t=29043 TX ua=95 mt=P len=0
PKT t=29052 RX ua=95 mt=R len=7
PKT t=29057 TX ua=95 mt=P len=0
PKT t=29086 RX ua=95 mt=R len=7
PKT t=29091 TX ua=95 mt=P len=0
PKT t=29100 RX ua=95 mt=R len=7
PKT t=29105 TX ua=95 mt=T len=7
PKT t=29118 TX ua=95 mt=P len=0
PKT t=29127 RX ua=95 mt=R len=7
PKT t=29132 TX ua=95 mt=P len=0
PKT t=29141 RX ua=95 mt=R len=7
PKT t=29146 TX ua=95 mt=P len=0
PKT t=29156 RX ua=95 mt=R len=7
PKT t=29411 TX ua=96 mt=P len=0
PKT t=29669 TX ua=95 mt=P len=0
PKT t=29678 RX ua=95 mt=R len=7
PKT t=29683 TX ua=95 mt=T len=7
PKT t=29696 TX ua=95 mt=P len=0
PKT t=29705 RX ua=95 mt=R len=7
PKT t=29710 TX ua=95 mt=P len=0
PKT t=29719 RX ua=95 mt=R len=7
PKT t=29724 TX ua=95 mt=P len=0
PKT t=29733 RX ua=95 mt=R len=7
PKT t=29738 TX ua=95 mt=P len=0
PKT t=29756 RX ua=95 mt=R len=7
PKT t=29761 TX ua=95 mt=P len=0
PKT t=29790 RX ua=95 mt=R len=7
PKT t=29795 TX ua=95 mt=P len=0
PKT t=29804 RX ua=95 mt=R len=7
PKT t=29809 TX ua=95 mt=P len=0
PKT t=29818 RX ua=95 mt=R len=7
PKT t=29823 TX ua=95 mt=P len=0
PKT t=29832 RX ua=95 mt=R len=7
PKT t=29837 TX ua=95 mt=P len=0
PKT t=29846 RX ua=95 mt=R len=7
PKT t=29851 TX ua=95 mt=P len=0
PKT t=29860 RX ua=95 mt=R len=7
PKT t=29865 TX ua=95 mt=T len=7
PKT t=29878 TX ua=95 mt=P len=0
PKT t=29896 RX ua=95 mt=R len=7
PKT t=29901 TX ua=95 mt=P len=0
PKT t=29910 RX ua=95 mt=R len=7
PKT t=29915 TX ua=95 mt=P len=0
PKT t=29924 RX ua=95 mt=R len=7
PKT t=29929 TX ua=95 mt=P len=0
PKT t=29938 RX ua=95 mt=R len=7
PKT t=29943 TX ua=95 mt=P len=0
PKT t=29952 RX ua=95 mt=R len=7
PKT t=29957 TX ua=95 mt=P len=0
PKT t=29967 RX ua=95 mt=R len=7
PKT t=29972 TX ua=95 mt=P len=0
PKT t=30001 RX ua=95 mt=R len=7
PKT t=30006 TX ua=95 mt=P len=0
PKT t=30019 RX ua=95 mt=R len=7
PKT t=30024 TX ua=95 mt=P len=0
PKT t=30033 RX ua=95 mt=R len=7
PKT t=30038 TX ua=95 mt=P len=0
PKT t=30056 RX ua=95 mt=R len=7
PKT t=30061 TX ua=95 mt=P len=0
PKT t=30070 RX ua=95 mt=R len=7
PKT t=30075 TX ua=95 mt=P len=0
PKT t=30104 RX ua=95 mt=R len=7
PKT t=30109 TX ua=95 mt=T len=7
PKT t=30121 TX ua=95 mt=P len=0
PKT t=30130 RX ua=95 mt=R len=7
PKT t=30135 TX ua=95 mt=P len=0
PKT t=30144 RX ua=95 mt=R len=7
PKT t=30149 TX ua=95 mt=P len=0
PKT t=30158 RX ua=95 mt=R len=7
PKT t=30163 TX ua=95 mt=P len=0
PKT t=30172 RX ua=95 mt=R len=7
PKT t=30177 TX ua=95 mt=P len=0
PKT t=30206 RX ua=95 mt=R len=7
PKT t=30211 TX ua=95 mt=P len=0
PKT t=30220 RX ua=95 mt=R len=7
PKT t=30225 TX ua=95 mt=P len=0
PKT t=30234 RX ua=95 mt=R len=7
PKT t=30239 TX ua=95 mt=P len=0
PKT t=30248 RX ua=95 mt=R len=7
PKT t=30253 TX ua=95 mt=P len=0
PKT t=30262 RX ua=95 mt=R len=7
PKT t=30267 TX ua=95 mt=P len=0
PKT t=30276 RX ua=95 mt=R len=7
PKT t=30281 TX ua=95 mt=P len=0
PKT t=30310 RX ua=95 mt=R len=7
PKT t=30315 TX ua=95 mt=P len=0
PKT t=30324 RX ua=95 mt=R len=7
PKT t=30329 TX ua=95 mt=P len=0
PKT t=30338 RX ua=95 mt=R len=7
PKT t=30343 TX ua=95 mt=P len=0
PKT t=30356 RX ua=95 mt=R len=7
PKT t=30361 TX ua=95 mt=T len=7
PKT t=30373 TX ua=95 mt=P len=0
PKT t=30382 RX ua=95 mt=R len=7
PKT t=30387 TX ua=95 mt=P len=0
PKT t=30416 RX ua=95 mt=R len=7
PKT t=30421 TX ua=95 mt=P len=0
PKT t=30430 RX ua=95 mt=R len=7
PKT t=30435 TX ua=95 mt=P len=0
PKT t=30444 RX ua=95 mt=R len=7
PKT t=30449 TX ua=95 mt=P len=0
PKT t=30458 RX ua=95 mt=R len=7
PKT t=30463 TX ua=95 mt=P len=0
PKT t=30472 RX ua=95 mt=R len=7
PKT t=30477 TX ua=95 mt=P len=0
PKT t=30486 RX ua=95 mt=R len=7
PKT t=30491 TX ua=95 mt=P len=0
PKT t=30520 RX ua=95 mt=R len=7
PKT t=30525 TX ua=95 mt=P len=0
PKT t=30534 RX ua=95 mt=R len=7
PKT t=30539 TX ua=95 mt=P len=0
PKT t=30548 RX ua=95 mt=R len=7
PKT t=30553 TX ua=95 mt=P len=0
PKT t=30562 RX ua=95 mt=R len=7
PKT t=30567 TX ua=95 mt=P len=0
PKT t=30576 RX ua=95 mt=R len=7
PKT t=30581 TX ua=95 mt=P len=0
PKT t=30590 RX ua=95 mt=R len=7
PKT t=30595 TX ua=95 mt=P len=0
PKT t=30624 RX ua=95 mt=R len=7
PKT t=30629 TX ua=95 mt=T len=7
PKT t=30641 TX ua=95 mt=P len=0
PKT t=30656 RX ua=95 mt=R len=7
PKT t=30661 TX ua=95 mt=P len=0
PKT t=30670 RX ua=95 mt=R len=7
PKT t=30675 TX ua=95 mt=P len=0
PKT t=30684 RX ua=95 mt=R len=7
PKT t=30689 TX ua=95 mt=P len=0
PKT t=30698 RX ua=95 mt=R len=7
PKT t=30703 TX ua=95 mt=P len=0
PKT t=30732 RX ua=95 mt=R len=7
PKT t=30737 TX ua=95 mt=P len=0
PKT t=30746 RX ua=95 mt=R len=7
PKT t=30751 TX ua=95 mt=P len=0
PKT t=30760 RX ua=95 mt=R len=7
PKT t=30765 TX ua=95 mt=P len=0
PKT t=30774 RX ua=95 mt=R len=7
PKT t=30779 TX ua=95 mt=P len=0
PKT t=30788 RX ua=95 mt=R len=7
PKT t=30793 TX ua=95 mt=P len=0
PKT t=30802 RX ua=95 mt=R len=7
PKT t=30807 TX ua=95 mt=P len=0
PKT t=30836 RX ua=95 mt=R len=7
PKT t=30841 TX ua=95 mt=P len=0
PKT t=30850 RX ua=95 mt=R len=7
PKT t=30855 TX ua=95 mt=P len=0
PKT t=30864 RX ua=95 mt=R len=7
PKT t=30869 TX ua=95 mt=T len=7
PKT t=30881 TX ua=95 mt=P len=0
PKT t=30890 RX ua=95 mt=R len=7
PKT t=30895 TX ua=95 mt=P len=0
PKT t=30904 RX ua=95 mt=R len=7
PKT t=30909 TX ua=95 mt=P len=0
PKT t=30938 RX ua=95 mt=R len=7
PKT t=30943 TX ua=95 mt=P len=0
PKT t=30956 RX ua=95 mt=R len=7
PKT t=30961 TX ua=95 mt=P len=0
PKT t=30970 RX ua=95 mt=R len=7
PKT t=30975 TX ua=95 mt=P len=0
PKT t=30984 RX ua=95 mt=R len=7
PKT t=30989 TX ua=95 mt=P len=0
PKT t=30998 RX ua=95 mt=R len=7
PKT t=31003 TX ua=95 mt=P len=0
PKT t=31012 RX ua=95 mt=R len=7
PKT t=31017 TX ua=95 mt=P len=0
PKT t=31046 RX ua=95 mt=R len=7
PKT t=31051 TX ua=95 mt=P len=0
PKT t=31060 RX ua=95 mt=R len=7
PKT t=31065 TX ua=95 mt=P len=0
PKT t=31074 RX ua=95 mt=R len=7
PKT t=31079 TX ua=95 mt=P len=0
PKT t=31088 RX ua=95 mt=R len=7
PKT t=31093 TX ua=95 mt=P len=0
PKT t=31102 RX ua=95 mt=R len=7
PKT t=31107 TX ua=95 mt=T len=7
PKT t=31119 TX ua=95 mt=P len=0
PKT t=31147 RX ua=95 mt=R len=7
PKT t=31152 TX ua=95 mt=P len=0
PKT t=31161 RX ua=95 mt=R len=7
PKT t=31166 TX ua=95 mt=P len=0
PKT t=31175 RX ua=95 mt=R len=7
PKT t=31180 TX ua=95 mt=P len=0
PKT t=31189 RX ua=95 mt=R len=7
PKT t=31194 TX ua=95 mt=P len=0
PKT t=31203 RX ua=95 mt=R len=7
PKT t=31208 TX ua=95 mt=P len=0
PKT t=31217 RX ua=95 mt=R len=7
PKT t=31222 TX ua=95 mt=P len=0
PKT t=31256 RX ua=95 mt=R len=7
PKT t=31261 TX ua=95 mt=P len=0
PKT t=31270 RX ua=95 mt=R len=7
PKT t=31275 TX ua=95 mt=P len=0
PKT t=31284 RX ua=95 mt=R len=7
PKT t=31289 TX ua=95 mt=P len=0
PKT t=31298 RX ua=95 mt=R len=7
PKT t=31303 TX ua=95 mt=P len=0
PKT t=31312 RX ua=95 mt=R len=7
PKT t=31317 TX ua=95 mt=P len=0
PKT t=31326 RX ua=95 mt=R len=7
PKT t=31331 TX ua=95 mt=P len=0
PKT t=31360 RX ua=95 mt=R len=7
PKT t=31365 TX ua=95 mt=T len=7
PKT t=31377 TX ua=95 mt=P len=0
PKT t=31387 RX ua=95 mt=R len=7
PKT t=31392 TX ua=95 mt=P len=0
PKT t=31402 RX ua=95 mt=R len=7
PKT t=31407 TX ua=95 mt=P len=0
PKT t=31417 RX ua=95 mt=R len=7
PKT t=31422 TX ua=95 mt=P len=0
PKT t=31432 RX ua=95 mt=R len=7
PKT t=31437 TX ua=95 mt=P len=0
PKT t=31466 RX ua=95 mt=R len=7
PKT t=31471 TX ua=95 mt=P len=0
PKT t=31481 RX ua=95 mt=R len=7
PKT t=31486 TX ua=95 mt=P len=0
PKT t=31496 RX ua=95 mt=R len=7
PKT t=31501 TX ua=95 mt=P len=0
PKT t=31511 RX ua=95 mt=R len=7
PKT t=31516 TX ua=95 mt=P len=0
PKT t=31526 RX ua=95 mt=R len=7
PKT t=31531 TX ua=95 mt=P len=0
PKT t=31541 RX ua=95 mt=R len=7
PKT t=31546 TX ua=95 mt=P len=0
PKT t=31575 RX ua=95 mt=R len=7
PKT t=31580 TX ua=95 mt=P len=0
PKT t=31590 RX ua=95 mt=R len=7
PKT t=31595 TX ua=95 mt=P len=0
PKT t=31605 RX ua=95 mt=R len=7
PKT t=31610 TX ua=95 mt=T len=7
PKT t=31622 TX ua=95 mt=P len=0
PKT t=31631 RX ua=95 mt=R len=7
PKT t=31636 TX ua=95 mt=P len=0
PKT t=31645 RX ua=95 mt=R len=7
PKT t=31650 TX ua=95 mt=P len=0
PKT t=31679 RX ua=95 mt=R len=7
PKT t=31684 TX ua=95 mt=P len=0
PKT t=31693 RX ua=95 mt=R len=7
PKT t=31698 TX ua=95 mt=P len=0
PKT t=31707 RX ua=95 mt=R len=7
PKT t=31712 TX ua=95 mt=P len=0
PKT t=31721 RX ua=95 mt=R len=7
PKT t=31726 TX ua=95 mt=P len=0
PKT t=31735 RX ua=95 mt=R len=7
PKT t=31740 TX ua=95 mt=P len=0
PKT t=31749 RX ua=95 mt=R len=7
PKT t=31754 TX ua=95 mt=P len=0
PKT t=31784 RX ua=95 mt=R len=7
PKT t=31789 TX ua=95 mt=P len=0
PKT t=31798 RX ua=95 mt=R len=7
PKT t=31803 TX ua=95 mt=P len=0
PKT t=31812 RX ua=95 mt=R len=7
PKT t=31817 TX ua=95 mt=P len=0
PKT t=31826 RX ua=95 mt=R len=7
PKT t=31831 TX ua=95 mt=P len=0
PKT t=31840 RX ua=95 mt=R len=7
PKT t=31845 TX ua=95 mt=P len=0
PKT t=31856 RX ua=95 mt=R len=7
PKT t=32111 TX ua=96 mt=P len=0
PKT t=32369 TX ua=95 mt=P len=0
PKT t=32378 RX ua=95 mt=R len=7
PKT t=32383 TX ua=95 mt=T len=7
PKT t=32395 TX ua=95 mt=P len=0
PKT t=32404 RX ua=95 mt=R len=7
PKT t=32409 TX ua=95 mt=P len=0
PKT t=32418 RX ua=95 mt=R len=7
PKT t=32423 TX ua=95 mt=P len=0
PKT t=32432 RX ua=95 mt=R len=7
PKT t=32437 TX ua=95 mt=P len=0
PKT t=32446 RX ua=95 mt=R len=7
PKT t=32456 TX ua=95 mt=P len=0
PKT t=32488 RX ua=95 mt=R len=7
PKT t=32493 TX ua=95 mt=P len=0
PKT t=32502 RX ua=95 mt=R len=7
PKT t=32507 TX ua=95 mt=P len=0
PKT t=32516 RX ua=95 mt=R len=7
PKT t=32521 TX ua=95 mt=P len=0
PKT t=32530 RX ua=95 mt=R len=7
PKT t=32535 TX ua=95 mt=P len=0
PKT t=32544 RX ua=95 mt=R len=7
PKT t=32549 TX ua=95 mt=P len=0
PKT t=32558 RX ua=95 mt=R len=7
PKT t=32563 TX ua=95 mt=P len=0
PKT t=32592 RX ua=95 mt=R len=7
PKT t=32597 TX ua=95 mt=P len=0
PKT t=32606 RX ua=95 mt=R len=7
PKT t=32611 TX ua=95 mt=T len=7
PKT t=32623 TX ua=95 mt=P len=0
PKT t=32632 RX ua=95 mt=R len=7
PKT t=32637 TX ua=95 mt=P len=0
PKT t=32646 RX ua=95 mt=R len=7
PKT t=32651 TX ua=95 mt=P len=0
PKT t=32660 RX ua=95 mt=R len=7
PKT t=32665 TX ua=95 mt=P len=0
PKT t=32694 RX ua=95 mt=R len=7
PKT t=32699 TX ua=95 mt=P len=0
PKT t=32708 RX ua=95 mt=R len=7
PKT t=32713 TX ua=95 mt=P len=0
PKT t=32722 RX ua=95 mt=R len=7
PKT t=32727 TX ua=95 mt=P len=0
PKT t=32736 RX ua=95 mt=R len=7
PKT t=32741 TX ua=95 mt=P len=0
PKT t=32756 RX ua=95 mt=R len=7
PKT t=32761 TX ua=95 mt=P len=0
PKT t=32793 RX ua=95 mt=R len=7
PKT t=32798 TX ua=95 mt=P len=0
PKT t=32807 RX ua=95 mt=R len=7
PKT t=32812 TX ua=95 mt=P len=0
PKT t=32821 RX ua=95 mt=R len=7
PKT t=32826 TX ua=95 mt=P len=0
PKT t=32835 RX ua=95 mt=R len=7
PKT t=32840 TX ua=95 mt=P len=0
PKT t=32849 RX ua=95 mt=R len=7
PKT t=32854 TX ua=95 mt=P len=0
PKT t=32863 RX ua=95 mt=R len=7
PKT t=32868 TX ua=95 mt=T len=7
PKT t=32880 TX ua=95 mt=P len=0
PKT t=32899 RX ua=95 mt=R len=7
PKT t=32904 TX ua=95 mt=P len=0
PKT t=32913 RX ua=95 mt=R len=7
PKT t=32918 TX ua=95 mt=P len=0
PKT t=32927 RX ua=95 mt=R len=7
PKT t=32932 TX ua=95 mt=P len=0
PKT t=32941 RX ua=95 mt=R len=7
PKT t=32946 TX ua=95 mt=P len=0
PKT t=32955 RX ua=95 mt=R len=7
PKT t=32960 TX ua=95 mt=P len=0
PKT t=32969 RX ua=95 mt=R len=7
PKT t=32974 TX ua=95 mt=P len=0
PKT t=33003 RX ua=95 mt=R len=7
PKT t=33008 TX ua=95 mt=P len=0
PKT t=33017 RX ua=95 mt=R len=7
PKT t=33022 TX ua=95 mt=P len=0
PKT t=33031 RX ua=95 mt=R len=7
PKT t=33036 TX ua=95 mt=P len=0
PKT t=33045 RX ua=95 mt=R len=7
PKT t=33056 TX ua=95 mt=P len=0
PKT t=33065 RX ua=95 mt=R len=7
PKT t=33070 TX ua=95 mt=P len=0
PKT t=33102 RX ua=95 mt=R len=7
PKT t=33107 TX ua=95 mt=T len=7
PKT t=33119 TX ua=95 mt=P len=0
PKT t=33128 RX ua=95 mt=R len=7
PKT t=33133 TX ua=95 mt=P len=0
PKT t=33142 RX ua=95 mt=R len=7
PKT t=33147 TX ua=95 mt=P len=0
PKT t=33156 RX ua=95 mt=R len=7
PKT t=33161 TX ua=95 mt=P len=0
PKT t=33170 RX ua=95 mt=R len=7
PKT t=33175 TX ua=95 mt=P len=0
PKT t=33204 RX ua=95 mt=R len=7
PKT t=33209 TX ua=95 mt=P len=0
PKT t=33218 RX ua=95 mt=R len=7
PKT t=33223 TX ua=95 mt=P len=0
PKT t=33232 RX ua=95 mt=R len=7
PKT t=33237 TX ua=95 mt=P len=0
PKT t=33246 RX ua=95 mt=R len=7
PKT t=33251 TX ua=95 mt=P len=0
PKT t=33260 RX ua=95 mt=R len=7
PKT t=33265 TX ua=95 mt=P len=0
PKT t=33274 RX ua=95 mt=R len=7
PKT t=33279 TX ua=95 mt=P len=0
PKT t=33308 RX ua=95 mt=R len=7
PKT t=33313 TX ua=95 mt=P len=0
PKT t=33322 RX ua=95 mt=R len=7
PKT t=33327 TX ua=95 mt=P len=0
PKT t=33336 RX ua=95 mt=R len=7
PKT t=33341 TX ua=95 mt=P len=0
PKT t=33356 RX ua=95 mt=R len=7
PKT t=33361 TX ua=95 mt=T len=7
PKT t=33373 TX ua=95 mt=P len=0
PKT t=33383 RX ua=95 mt=R len=7
PKT t=33388 TX ua=95 mt=P len=0
PKT t=33417 RX ua=95 mt=R len=7
PKT t=33422 TX ua=95 mt=P len=0
PKT t=33432 RX ua=95 mt=R len=7
PKT t=33437 TX ua=95 mt=P len=0
PKT t=33447 RX ua=95 mt=R len=7
PKT t=33452 TX ua=95 mt=P len=0
PKT t=33462 RX ua=95 mt=R len=7
PKT t=33467 TX ua=95 mt=P len=0
PKT t=33477 RX ua=95 mt=R len=7
PKT t=33482 TX ua=95 mt=P len=0
PKT t=33492 RX ua=95 mt=R len=7
PKT t=33497 TX ua=95 mt=P len=0
PKT t=33526 RX ua=95 mt=R len=7
PKT t=33531 TX ua=95 mt=P len=0
PKT t=33541 RX ua=95 mt=R len=7
PKT t=33546 TX ua=95 mt=P len=0
PKT t=33556 RX ua=95 mt=R len=7
PKT t=33561 TX ua=95 mt=P len=0
PKT t=33571 RX ua=95 mt=R len=7
PKT t=33576 TX ua=95 mt=P len=0
PKT t=33586 RX ua=95 mt=R len=7
PKT t=33591 TX ua=95 mt=P len=0
PKT t=33601 RX ua=95 mt=R len=7
PKT t=33606 TX ua=95 mt=P len=0
PKT t=33635 RX ua=95 mt=R len=7
PKT t=33640 TX ua=95 mt=T len=7
PKT t=33656 TX ua=95 mt=P len=0
PKT t=33665 RX ua=95 mt=R len=7
PKT t=33670 TX ua=95 mt=P len=0
PKT t=33679 RX ua=95 mt=R len=7
PKT t=33684 TX ua=95 mt=P len=0
PKT t=33693 RX ua=95 mt=R len=7
PKT t=33698 TX ua=95 mt=P len=0
PKT t=33707 RX ua=95 mt=R len=7
PKT t=33712 TX ua=95 mt=P len=0
PKT t=33741 RX ua=95 mt=R len=7
PKT t=33746 TX ua=95 mt=P len=0
PKT t=33755 RX ua=95 mt=R len=7
PKT t=33760 TX ua=95 mt=P len=0
PKT t=33769 RX ua=95 mt=R len=7
PKT t=33774 TX ua=95 mt=P len=0
PKT t=33783 RX ua=95 mt=R len=7
PKT t=33788 TX ua=95 mt=P len=0
PKT t=33797 RX ua=95 mt=R len=7
PKT t=33802 TX ua=95 mt=P len=0
PKT t=33811 RX ua=95 mt=R len=7
PKT t=33816 TX ua=95 mt=P len=0
PKT t=33847 RX ua=95 mt=R len=7
PKT t=33852 TX ua=95 mt=P len=0
PKT t=33861 RX ua=95 mt=R len=7
PKT t=33866 TX ua=95 mt=T len=7
PKT t=33878 TX ua=95 mt=P len=0
PKT t=33887 RX ua=95 mt=R len=7
PKT t=33892 TX ua=95 mt=P len=0
PKT t=33901 RX ua=95 mt=R len=7
PKT t=33906 TX ua=95 mt=P len=0
PKT t=33915 RX ua=95 mt=R len=7
PKT t=33920 TX ua=95 mt=P len=0
PKT t=33956 RX ua=95 mt=R len=7
PKT t=33961 TX ua=95 mt=P len=0
PKT t=33970 RX ua=95 mt=R len=7
PKT t=33975 TX ua=95 mt=P len=0
PKT t=33984 RX ua=95 mt=R len=7
PKT t=33989 TX ua=95 mt=P len=0
PKT t=33998 RX ua=95 mt=R len=7
PKT t=34003 TX ua=95 mt=P len=0
PKT t=34012 RX ua=95 mt=R len=7
PKT t=34021 TX ua=95 mt=P len=0
PKT t=34048 RX ua=95 mt=R len=7
PKT t=34053 TX ua=95 mt=P len=0
PKT t=34063 RX ua=95 mt=R len=7
PKT t=34068 TX ua=95 mt=P len=0
PKT t=34077 RX ua=95 mt=R len=7
PKT t=34082 TX ua=95 mt=P len=0
PKT t=34091 RX ua=95 mt=R len=7
PKT t=34096 TX ua=95 mt=P len=0
PKT t=34105 RX ua=95 mt=R len=7
PKT t=34110 TX ua=95 mt=T len=7
PKT t=34123 TX ua=95 mt=P len=0
PKT t=34150 RX ua=95 mt=R len=7
PKT t=34155 TX ua=95 mt=T len=7
PKT t=34168 TX ua=95 mt=P len=0
PKT t=34177 RX ua=95 mt=R len=7
PKT t=34182 TX ua=95 mt=P len=0
PKT t=34191 RX ua=95 mt=R len=7
PKT t=34196 TX ua=95 mt=P len=0
PKT t=34205 RX ua=95 mt=R len=7
PKT t=34210 TX ua=95 mt=P len=0
PKT t=34219 RX ua=95 mt=R len=7
PKT t=34224 TX ua=95 mt=P len=0
PKT t=34256 RX ua=95 mt=R len=7
PKT t=34261 TX ua=95 mt=P len=0
PKT t=34270 RX ua=95 mt=R len=7
PKT t=34275 TX ua=95 mt=P len=0
PKT t=34284 RX ua=95 mt=R len=7
PKT t=34289 TX ua=95 mt=P len=0
PKT t=34298 RX ua=95 mt=R len=7
PKT t=34303 TX ua=95 mt=P len=0
PKT t=34312 RX ua=95 mt=R len=7
PKT t=34317 TX ua=95 mt=P len=0
PKT t=34326 RX ua=95 mt=R len=7
PKT t=34331 TX ua=95 mt=P len=0
PKT t=34360 RX ua=95 mt=R len=7
PKT t=34365 TX ua=95 mt=T len=7
PKT t=34378 TX ua=95 mt=P len=0
PKT t=34387 RX ua=95 mt=R len=7
PKT t=34392 TX ua=95 mt=P len=0
PKT t=34401 RX ua=95 mt=R len=7
PKT t=34406 TX ua=95 mt=P len=0
PKT t=34415 RX ua=95 mt=R len=7
PKT t=34420 TX ua=95 mt=P len=0
PKT t=34429 RX ua=95 mt=R len=7
PKT t=34434 TX ua=95 mt=P len=0
PKT t=34463 RX ua=95 mt=R len=7
PKT t=34468 TX ua=95 mt=P len=0
PKT t=34477 RX ua=95 mt=R len=7
PKT t=34482 TX ua=95 mt=P len=0
PKT t=34491 RX ua=95 mt=R len=7
PKT t=34496 TX ua=95 mt=P len=0
PKT t=34505 RX ua=95 mt=R len=7
PKT t=34510 TX ua=95 mt=P len=0
PKT t=34519 RX ua=95 mt=R len=7
PKT t=34524 TX ua=95 mt=P len=0
PKT t=34533 RX ua=95 mt=R len=7
PKT t=34538 TX ua=95 mt=P len=0
PKT t=34567 RX ua=95 mt=R len=7
PKT t=34572 TX ua=95 mt=P len=0
PKT t=34581 RX ua=95 mt=R len=7
PKT t=34586 TX ua=95 mt=P len=0
PKT t=34595 RX ua=95 mt=R len=7
PKT t=34600 TX ua=95 mt=P len=0
PKT t=34609 RX ua=95 mt=R len=7
PKT t=34614 TX ua=95 mt=T len=7
PKT t=34627 TX ua=95 mt=P len=0
PKT t=34636 RX ua=95 mt=R len=7
PKT t=34641 TX ua=95 mt=P len=0
PKT t=34670 RX ua=95 mt=R len=7
PKT t=34675 TX ua=95 mt=P len=0
PKT t=34684 RX ua=95 mt=R len=7
PKT t=34689 TX ua=95 mt=P len=0
PKT t=34698 RX ua=95 mt=R len=7
PKT t=34703 TX ua=95 mt=P len=0
PKT t=34712 RX ua=95 mt=R len=7
PKT t=34717 TX ua=95 mt=P len=0
PKT t=34726 RX ua=95 mt=R len=7
PKT t=34731 TX ua=95 mt=P len=0
PKT t=34740 RX ua=95 mt=R len=7
PKT t=34745 TX ua=95 mt=P len=0
PKT t=34775 RX ua=95 mt=R len=7
PKT t=34780 TX ua=95 mt=P len=0
PKT t=34789 RX ua=95 mt=R len=7
PKT t=34794 TX ua=95 mt=P len=0
PKT t=34803 RX ua=95 mt=R len=7
PKT t=34808 TX ua=95 mt=P len=0
PKT t=34817 RX ua=95 mt=R len=7
PKT t=34822 TX ua=95 mt=P len=0
PKT t=34831 RX ua=95 mt=R len=7
PKT t=34836 TX ua=95 mt=P len=0
PKT t=34846 RX ua=95 mt=R len=7
PKT t=34856 TX ua=95 mt=P len=0
PKT t=34880 RX ua=95 mt=R len=7
PKT t=34885 TX ua=95 mt=T len=7
PKT t=34898 TX ua=95 mt=P len=0
PKT t=34907 RX ua=95 mt=R len=7
PKT t=34912 TX ua=95 mt=P len=0
PKT t=34921 RX ua=95 mt=R len=7
PKT t=34926 TX ua=95 mt=P len=0
PKT t=34935 RX ua=95 mt=R len=7
PKT t=34940 TX ua=95 mt=P len=0
PKT t=34949 RX ua=95 mt=R len=7
PKT t=34954 TX ua=95 mt=P len=0
PKT t=34983 RX ua=95 mt=R len=7
PKT t=34988 TX ua=95 mt=P len=0
PKT t=34997 RX ua=95 mt=R len=7
PKT t=35002 TX ua=95 mt=P len=0
PKT t=35011 RX ua=95 mt=R len=7
PKT t=35016 TX ua=95 mt=P len=0
PKT t=35025 RX ua=95 mt=R len=7
PKT t=35030 TX ua=95 mt=P len=0
PKT t=35039 RX ua=95 mt=R len=7
PKT t=35044 TX ua=95 mt=P len=0
PKT t=35053 RX ua=95 mt=R len=7
PKT t=35058 TX ua=95 mt=P len=0
PKT t=35087 RX ua=95 mt=R len=7
PKT t=35092 TX ua=95 mt=P len=0
PKT t=35101 RX ua=95 mt=R len=7
PKT t=35106 TX ua=95 mt=T len=7
PKT t=35118 TX ua=95 mt=P len=0
PKT t=35127 RX ua=95 mt=R len=7
PKT t=35132 TX ua=95 mt=P len=0
PKT t=35141 RX ua=95 mt=R len=7
PKT t=35146 TX ua=95 mt=P len=0
PKT t=35156 RX ua=95 mt=R len=7
PKT t=35411 TX ua=96 mt=P len=0
PKT t=35669 TX ua=95 mt=P len=0
PKT t=35678 RX ua=95 mt=R len=7
PKT t=35683 TX ua=95 mt=T len=7
PKT t=35695 TX ua=95 mt=P len=0
PKT t=35704 RX ua=95 mt=R len=7
PKT t=35709 TX ua=95 mt=P len=0
PKT t=35718 RX ua=95 mt=R len=7
PKT t=35723 TX ua=95 mt=P len=0
PKT t=35732 RX ua=95 mt=R len=7
PKT t=35737 TX ua=95 mt=P len=0
PKT t=35746 RX ua=95 mt=R len=7
PKT t=35756 TX ua=95 mt=P len=0
PKT t=35788 RX ua=95 mt=R len=7
PKT t=35793 TX ua=95 mt=P len=0
PKT t=35802 RX ua=95 mt=R len=7
PKT t=35807 TX ua=95 mt=P len=0
PKT t=35816 RX ua=95 mt=R len=7
PKT t=35821 TX ua=95 mt=P len=0
PKT t=35830 RX ua=95 mt=R len=7
PKT t=35835 TX ua=95 mt=P len=0
PKT t=35844 RX ua=95 mt=R len=7
PKT t=35849 TX ua=95 mt=P len=0
PKT t=35858 RX ua=95 mt=R len=7
PKT t=35863 TX ua=95 mt=T len=7
PKT t=35875 TX ua=95 mt=P len=0
PKT t=35894 RX ua=95 mt=R len=7
PKT t=35899 TX ua=95 mt=P len=0
PKT t=35908 RX ua=95 mt=R len=7
PKT t=35913 TX ua=95 mt=P len=0
PKT t=35922 RX ua=95 mt=R len=7
PKT t=35927 TX ua=95 mt=P len=0
PKT t=35936 RX ua=95 mt=R len=7
PKT t=35941 TX ua=95 mt=P len=0
PKT t=35950 RX ua=95 mt=R len=7
PKT t=35955 TX ua=95 mt=P len=0
PKT t=35964 RX ua=95 mt=R len=7
PKT t=35969 TX ua=95 mt=P len=0
PKT t=35998 RX ua=95 mt=R len=7
PKT t=36003 TX ua=95 mt=P len=0
PKT t=36012 RX ua=95 mt=R len=7
PKT t=36017 TX ua=95 mt=P len=0
PKT t=36026 RX ua=95 mt=R len=7
PKT t=36031 TX ua=95 mt=P len=0
PKT t=36040 RX ua=95 mt=R len=7
PKT t=36045 TX ua=95 mt=P len=0
PKT t=36056 RX ua=95 mt=R len=7
PKT t=36311 TX ua=96 mt=P len=0
PKT t=36569 TX ua=95 mt=P len=0
PKT t=36578 RX ua=95 mt=R len=7
PKT t=36583 TX ua=95 mt=T len=7
PKT t=36595 TX ua=95 mt=P len=0
PKT t=36604 RX ua=95 mt=R len=7
PKT t=36609 TX ua=95 mt=T len=7
PKT t=36621 TX ua=95 mt=P len=0
PKT t=36630 RX ua=95 mt=R len=7
PKT t=36635 TX ua=95 mt=P len=0
PKT t=36644 RX ua=95 mt=R len=7
PKT t=36656 TX ua=95 mt=P len=0
PKT t=36665 RX ua=95 mt=R len=7
PKT t=36670 TX ua=95 mt=P len=0
PKT t=36700 RX ua=95 mt=R len=7
PKT t=36705 TX ua=95 mt=P len=0
PKT t=36714 RX ua=95 mt=R len=7
PKT t=36719 TX ua=95 mt=P len=0
PKT t=36728 RX ua=95 mt=R len=7
PKT t=36733 TX ua=95 mt=P len=0
PKT t=36742 RX ua=95 mt=R len=7
PKT t=36747 TX ua=95 mt=P len=0
PKT t=36756 RX ua=95 mt=R len=7
PKT t=36761 TX ua=95 mt=P len=0
PKT t=36770 RX ua=95 mt=R len=7
PKT t=36775 TX ua=95 mt=P len=0
PKT t=36804 RX ua=95 mt=R len=7
PKT t=36809 TX ua=95 mt=P len=0
PKT t=36818 RX ua=95 mt=R len=7
PKT t=36823 TX ua=95 mt=P len=0
PKT t=36832 RX ua=95 mt=R len=7
PKT t=36837 TX ua=95 mt=P len=0
PKT t=36846 RX ua=95 mt=R len=7
PKT t=36851 TX ua=95 mt=P len=0
PKT t=36860 RX ua=95 mt=R len=7
PKT t=36865 TX ua=95 mt=T len=7
PKT t=36877 TX ua=95 mt=P len=0
PKT t=36905 RX ua=95 mt=R len=7
PKT t=36910 TX ua=95 mt=P len=0
PKT t=36919 RX ua=95 mt=R len=7
PKT t=36924 TX ua=95 mt=P len=0
PKT t=36933 RX ua=95 mt=R len=7
PKT t=36938 TX ua=95 mt=P len=0
PKT t=36956 RX ua=95 mt=R len=7
PKT t=36961 TX ua=95 mt=P len=0
PKT t=36970 RX ua=95 mt=R len=7
PKT t=36975 TX ua=95 mt=P len=0
PKT t=37004 RX ua=95 mt=R len=7
PKT t=37009 TX ua=95 mt=P len=0
PKT t=37018 RX ua=95 mt=R len=7
PKT t=37023 TX ua=95 mt=P len=0
PKT t=37032 RX ua=95 mt=R len=7
PKT t=37037 TX ua=95 mt=P len=0
PKT t=37046 RX ua=95 mt=R len=7
PKT t=37051 TX ua=95 mt=P len=0
PKT t=37060 RX ua=95 mt=R len=7
PKT t=37065 TX ua=95 mt=P len=0
PKT t=37074 RX ua=95 mt=R len=7
PKT t=37079 TX ua=95 mt=P len=0
PKT t=37108 RX ua=95 mt=R len=7
PKT t=37113 TX ua=95 mt=T len=7
PKT t=37126 TX ua=95 mt=P len=0
PKT t=37135 RX ua=95 mt=R len=7
PKT t=37140 TX ua=95 mt=P len=0
PKT t=37149 RX ua=95 mt=R len=7
PKT t=37154 TX ua=95 mt=P len=0
PKT t=37163 RX ua=95 mt=R len=7
PKT t=37168 TX ua=95 mt=P len=0
PKT t=37177 RX ua=95 mt=R len=7
PKT t=37182 TX ua=95 mt=P len=0
PKT t=37211 RX ua=95 mt=R len=7
PKT t=37216 TX ua=95 mt=P len=0
PKT t=37225 RX ua=95 mt=R len=7
PKT t=37230 TX ua=95 mt=P len=0
PKT t=37239 RX ua=95 mt=R len=7
PKT t=37244 TX ua=95 mt=P len=0
PKT t=37256 RX ua=95 mt=R len=7
PKT t=37261 TX ua=95 mt=P len=0
PKT t=37270 RX ua=95 mt=R len=7
PKT t=37275 TX ua=95 mt=P len=0
PKT t=37284 RX ua=95 mt=R len=7
PKT t=37289 TX ua=95 mt=P len=0
PKT t=37318 RX ua=95 mt=R len=7
PKT t=37323 TX ua=95 mt=P len=0
PKT t=37332 RX ua=95 mt=R len=7
PKT t=37337 TX ua=95 mt=P len=0
PKT t=37346 RX ua=95 mt=R len=7
PKT t=37351 TX ua=95 mt=P len=0
PKT t=37360 RX ua=95 mt=R len=7
