PKT t=7121 TX ua=95 mt=P len=0
PKT t=7130 RX ua=95 mt=R len=7
PKT t=7135 TX ua=95 mt=P len=0
PKT t=7144 RX ua=95 mt=R len=7
PKT t=7149 TX ua=95 mt=P len=0
PKT t=7158 RX ua=95 mt=R len=7
PKT t=7163 TX ua=95 mt=P len=0
PKT t=7172 RX ua=95 mt=R len=7
PKT t=7177 TX ua=95 mt=P len=0
PKT t=7206 RX ua=95 mt=R len=7
PKT t=7211 TX ua=95 mt=P len=0
PKT t=7220 RX ua=95 mt=R len=7
PKT t=7225 TX ua=95 mt=P len=0
PKT t=7234 RX ua=95 mt=R len=7
PKT t=7239 TX ua=95 mt=P len=0
PKT t=7248 RX ua=95 mt=R len=7
PKT t=7253 TX ua=95 mt=P len=0
PKT t=7262 RX ua=95 mt=R len=7
PKT t=7267 TX ua=95 mt=P len=0
PKT t=7276 RX ua=95 mt=R len=7
PKT t=7281 TX ua=95 mt=P len=0
PKT t=7310 RX ua=95 mt=R len=7
PKT t=7315 TX ua=95 mt=P len=0
PKT t=7324 RX ua=95 mt=R len=7
PKT t=7329 TX ua=95 mt=P len=0
PKT t=7338 RX ua=95 mt=R len=7
PKT t=7343 TX ua=95 mt=P len=0
PKT t=7352 RX ua=95 mt=R len=7
PKT t=7357 TX ua=95 mt=T len=7
PKT t=7369 TX ua=95 mt=P len=0
PKT t=7379 RX ua=95 mt=R len=7
PKT t=7384 TX ua=95 mt=P len=0
PKT t=7413 RX ua=95 mt=R len=7
PKT t=7418 TX ua=95 mt=P len=0
PKT t=7428 RX ua=95 mt=R len=7
PKT t=7433 TX ua=95 mt=P len=0
PKT t=7443 RX ua=95 mt=R len=7
PKT t=7448 TX ua=95 mt=P len=0
PKT t=7458 RX ua=95 mt=R len=7
PKT t=7463 TX ua=95 mt=P len=0
PKT t=7473 RX ua=95 mt=R len=7
PKT t=7478 TX ua=95 mt=P len=0
PKT t=7488 RX ua=95 mt=R len=7
PKT t=7493 TX ua=95 mt=P len=0
PKT t=7523 RX ua=95 mt=R len=7
PKT t=7528 TX ua=95 mt=P len=0
PKT t=7538 RX ua=95 mt=R len=7
PKT t=7543 TX ua=95 mt=P len=0
PKT t=7556 RX ua=95 mt=R len=7
PKT t=7561 TX ua=95 mt=P len=0
PKT t=7571 RX ua=95 mt=R len=7
PKT t=7576 TX ua=95 mt=P len=0
PKT t=7586 RX ua=95 mt=R len=7
PKT t=7591 TX ua=95 mt=P len=0
PKT t=7622 RX ua=95 mt=R len=7
PKT t=7627 TX ua=95 mt=T len=7
PKT t=7639 TX ua=95 mt=P len=0
PKT t=7648 RX ua=95 mt=R len=7
PKT t=7653 TX ua=95 mt=P len=0
PKT t=7662 RX ua=95 mt=R len=7
PKT t=7667 TX ua=95 mt=P len=0
PKT t=7676 RX ua=95 mt=R len=7
PKT t=7681 TX ua=95 mt=P len=0
PKT t=7690 RX ua=95 mt=R len=7
PKT t=7695 TX ua=95 mt=P len=0
PKT t=7724 RX ua=95 mt=R len=7
PKT t=7729 TX ua=95 mt=P len=0
PKT t=7738 RX ua=95 mt=R len=7
PKT t=7743 TX ua=95 mt=P len=0
PKT t=7752 RX ua=95 mt=R len=7
PKT t=7757 TX ua=95 mt=P len=0
PKT t=7766 RX ua=95 mt=R len=7
PKT t=7771 TX ua=95 mt=P len=0
PKT t=7780 RX ua=95 mt=R len=7
PKT t=7785 TX ua=95 mt=P len=0
PKT t=7794 RX ua=95 mt=R len=7
PKT t=7799 TX ua=95 mt=P len=0
PKT t=7828 RX ua=95 mt=R len=7
PKT t=7833 TX ua=95 mt=P len=0
PKT t=7842 RX ua=95 mt=R len=7
PKT t=7847 TX ua=95 mt=P len=0
PKT t=7856 RX ua=95 mt=R len=7
PKT t=7861 TX ua=95 mt=T len=7
PKT t=7873 TX ua=95 mt=P len=0
PKT t=7882 RX ua=95 mt=R len=7
PKT t=7887 TX ua=95 mt=P len=0
PKT t=7896 RX ua=95 mt=R len=7
PKT t=7901 TX ua=95 mt=P len=0
PKT t=7930 RX ua=95 mt=R len=7
PKT t=7935 TX ua=95 mt=P len=0
PKT t=7944 RX ua=95 mt=R len=7
PKT t=7949 TX ua=95 mt=P len=0
PKT t=7958 RX ua=95 mt=R len=7
PKT t=7963 TX ua=95 mt=P len=0
PKT t=7972 RX ua=95 mt=R len=7
PKT t=7977 TX ua=95 mt=P len=0
PKT t=7986 RX ua=95 mt=R len=7
PKT t=7991 TX ua=95 mt=P len=0
PKT t=8000 RX ua=95 mt=R len=7
PKT t=8008 TX ua=95 mt=P len=0
PKT t=8034 RX ua=95 mt=R len=7
PKT t=8039 TX ua=95 mt=P len=0
PKT t=8056 RX ua=95 mt=R len=7
PKT t=8061 TX ua=95 mt=P len=0
PKT t=8070 RX ua=95 mt=R len=7
PKT t=8075 TX ua=95 mt=P len=0
PKT t=8084 RX ua=95 mt=R len=7
PKT t=8089 TX ua=95 mt=P len=0
PKT t=8098 RX ua=95 mt=R len=7
PKT t=8103 TX ua=95 mt=T len=7
PKT t=8115 TX ua=95 mt=P len=0
PKT t=8139 RX ua=95 mt=R len=7
PKT t=8144 TX ua=95 mt=P len=0
PKT t=8153 RX ua=95 mt=R len=7
PKT t=8158 TX ua=95 mt=P len=0
PKT t=8167 RX ua=95 mt=R len=7
PKT t=8172 TX ua=95 mt=P len=0
PKT t=8181 RX ua=95 mt=R len=7
PKT t=8186 TX ua=95 mt=P len=0
PKT t=8195 RX ua=95 mt=R len=7
PKT t=8200 TX ua=95 mt=P len=0
PKT t=8233 RX ua=95 mt=R len=7
PKT t=8238 TX ua=95 mt=P len=0
PKT t=8247 RX ua=95 mt=R len=7
PKT t=8252 TX ua=95 mt=P len=0
PKT t=8261 RX ua=95 mt=R len=7
PKT t=8266 TX ua=95 mt=P len=0
PKT t=8275 RX ua=95 mt=R len=7
PKT t=8280 TX ua=95 mt=P len=0
PKT t=8289 RX ua=95 mt=R len=7
PKT t=8294 TX ua=95 mt=P len=0
PKT t=8303 RX ua=95 mt=R len=7
PKT t=8308 TX ua=95 mt=P len=0
PKT t=8337 RX ua=95 mt=R len=7
PKT t=8342 TX ua=95 mt=P len=0
PKT t=8351 RX ua=95 mt=R len=7
PKT t=8356 TX ua=95 mt=T len=7
PKT t=8368 TX ua=95 mt=P len=0
PKT t=8377 RX ua=95 mt=R len=7
PKT t=8382 TX ua=95 mt=P len=0
PKT t=8391 RX ua=95 mt=R len=7
PKT t=8396 TX ua=95 mt=P len=0
PKT t=8405 RX ua=95 mt=R len=7
PKT t=8410 TX ua=95 mt=P len=0
PKT t=8439 RX ua=95 mt=R len=7
PKT t=8444 TX ua=95 mt=P len=0
PKT t=8453 RX ua=95 mt=R len=7
PKT t=8458 TX ua=95 mt=P len=0
PKT t=8467 RX ua=95 mt=R len=7
PKT t=8472 TX ua=95 mt=P len=0
PKT t=8481 RX ua=95 mt=R len=7
PKT t=8486 TX ua=95 mt=P len=0
PKT t=8495 RX ua=95 mt=R len=7
PKT t=8500 TX ua=95 mt=P len=0
PKT t=8509 RX ua=95 mt=R len=7
PKT t=8514 TX ua=95 mt=P len=0
PKT t=8543 RX ua=95 mt=R len=7
PKT t=8556 TX ua=95 mt=P len=0
PKT t=8565 RX ua=95 mt=R len=7
PKT t=8570 TX ua=95 mt=P len=0
PKT t=8579 RX ua=95 mt=R len=7
PKT t=8584 TX ua=95 mt=P len=0
PKT t=8593 RX ua=95 mt=R len=7
PKT t=8598 TX ua=95 mt=P len=0
PKT t=8607 RX ua=95 mt=R len=7
PKT t=8612 TX ua=95 mt=T len=7
PKT t=8624 TX ua=95 mt=P len=0
PKT t=8645 RX ua=95 mt=R len=7
PKT t=8650 TX ua=95 mt=P len=0
PKT t=8659 RX ua=95 mt=R len=7
PKT t=8664 TX ua=95 mt=P len=0
PKT t=8673 RX ua=95 mt=R len=7
PKT t=8678 TX ua=95 mt=P len=0
PKT t=8687 RX ua=95 mt=R len=7
PKT t=8692 TX ua=95 mt=P len=0
PKT t=8701 RX ua=95 mt=R len=7
PKT t=8706 TX ua=95 mt=P len=0
PKT t=8715 RX ua=95 mt=R len=7
PKT t=8720 TX ua=95 mt=P len=0
PKT t=8749 RX ua=95 mt=R len=7
PKT t=8754 TX ua=95 mt=P len=0
PKT t=8763 RX ua=95 mt=R len=7
PKT t=8768 TX ua=95 mt=P len=0
PKT t=8777 RX ua=95 mt=R len=7
PKT t=8782 TX ua=95 mt=P len=0
PKT t=8791 RX ua=95 mt=R len=7
PKT t=8796 TX ua=95 mt=P len=0
PKT t=8805 RX ua=95 mt=R len=7
PKT t=8810 TX ua=95 mt=P len=0
PKT t=8819 RX ua=95 mt=R len=7
PKT t=8824 TX ua=95 mt=P len=0
PKT t=8853 RX ua=95 mt=R len=7
PKT t=8858 TX ua=95 mt=T len=7
PKT t=8870 TX ua=95 mt=P len=0
PKT t=8879 RX ua=95 mt=R len=7
PKT t=8884 TX ua=95 mt=P len=0
PKT t=8893 RX ua=95 mt=R len=7
PKT t=8898 TX ua=95 mt=P len=0
PKT t=8907 RX ua=95 mt=R len=7
PKT t=8912 TX ua=95 mt=P len=0
PKT t=8921 RX ua=95 mt=R len=7
PKT t=8926 TX ua=95 mt=P len=0
PKT t=8956 RX ua=95 mt=R len=7
PKT t=8960 TX ua=95 mt=P len=0
PKT t=8969 RX ua=95 mt=R len=7
PKT t=8974 TX ua=95 mt=P len=0
PKT t=8983 RX ua=95 mt=R len=7
PKT t=8988 TX ua=95 mt=P len=0
PKT t=8997 RX ua=95 mt=R len=7
PKT t=9002 TX ua=95 mt=P len=0
PKT t=9011 RX ua=95 mt=R len=7
PKT t=9016 TX ua=95 mt=P len=0
PKT t=9025 RX ua=95 mt=R len=7
PKT t=9030 TX ua=95 mt=P len=0
PKT t=9059 RX ua=95 mt=R len=7
PKT t=9064 TX ua=96 mt=P len=0
PKT t=9322 TX ua=95 mt=P len=0
PKT t=9331 RX ua=95 mt=R len=7
PKT t=9336 TX ua=95 mt=T len=7
PKT t=9348 TX ua=95 mt=P len=0
PKT t=9367 RX ua=95 mt=R len=7
PKT t=9372 TX ua=95 mt=T len=7
PKT t=9384 TX ua=95 mt=P len=0
PKT t=9394 RX ua=95 mt=R len=7
PKT t=9399 TX ua=95 mt=P len=0
PKT t=9409 RX ua=95 mt=R len=7
PKT t=9414 TX ua=95 mt=P len=0
PKT t=9424 RX ua=95 mt=R len=7
PKT t=9429 TX ua=95 mt=P len=0
PKT t=9439 RX ua=95 mt=R len=7
PKT t=9444 TX ua=95 mt=P len=0
PKT t=9473 RX ua=95 mt=R len=7
PKT t=9478 TX ua=95 mt=P len=0
PKT t=9488 RX ua=95 mt=R len=7
PKT t=9493 TX ua=95 mt=P len=0
PKT t=9503 RX ua=95 mt=R len=7
PKT t=9508 TX ua=95 mt=P len=0
PKT t=9518 RX ua=95 mt=R len=7
PKT t=9523 TX ua=95 mt=P len=0
PKT t=9533 RX ua=95 mt=R len=7
PKT t=9538 TX ua=95 mt=P len=0
PKT t=9556 RX ua=95 mt=R len=7
PKT t=9561 TX ua=95 mt=P len=0
PKT t=9582 RX ua=95 mt=R len=7
PKT t=9587 TX ua=95 mt=P len=0
PKT t=9597 RX ua=95 mt=R len=7
PKT t=9602 TX ua=95 mt=T len=7
PKT t=9614 TX ua=95 mt=P len=0
PKT t=9623 RX ua=95 mt=R len=7
PKT t=9628 TX ua=95 mt=P len=0
PKT t=9637 RX ua=95 mt=R len=7
PKT t=9642 TX ua=95 mt=P len=0
PKT t=9651 RX ua=95 mt=R len=7
PKT t=9656 TX ua=95 mt=P len=0
PKT t=9685 RX ua=95 mt=R len=7
PKT t=9690 TX ua=95 mt=P len=0
PKT t=9699 RX ua=95 mt=R len=7
PKT t=9704 TX ua=95 mt=P len=0
PKT t=9713 RX ua=95 mt=R len=7
PKT t=9718 TX ua=95 mt=P len=0
PKT t=9727 RX ua=95 mt=R len=7
PKT t=9732 TX ua=95 mt=P len=0
PKT t=9741 RX ua=95 mt=R len=7
PKT t=9746 TX ua=95 mt=P len=0
PKT t=9755 RX ua=95 mt=R len=7
PKT t=9760 TX ua=95 mt=P len=0
PKT t=9789 RX ua=95 mt=R len=7
PKT t=9794 TX ua=95 mt=P len=0
PKT t=9803 RX ua=95 mt=R len=7
PKT t=9808 TX ua=95 mt=P len=0
PKT t=9817 RX ua=95 mt=R len=7
PKT t=9822 TX ua=95 mt=P len=0
PKT t=9831 RX ua=95 mt=R len=7
PKT t=9836 TX ua=95 mt=P len=0
PKT t=9845 RX ua=95 mt=R len=7
PKT t=9850 TX ua=95 mt=T len=7
PKT t=9862 TX ua=95 mt=P len=0
PKT t=9890 RX ua=95 mt=R len=7
PKT t=9895 TX ua=95 mt=P len=0
PKT t=9904 RX ua=95 mt=R len=7
PKT t=9909 TX ua=95 mt=P len=0
PKT t=9918 RX ua=95 mt=R len=7
PKT t=9923 TX ua=95 mt=P len=0
PKT t=9932 RX ua=95 mt=R len=7
PKT t=9937 TX ua=95 mt=P len=0
PKT t=9946 RX ua=95 mt=R len=7
PKT t=9951 TX ua=95 mt=P len=0
PKT t=9960 RX ua=95 mt=R len=7
PKT t=9965 TX ua=95 mt=P len=0
PKT t=9995 RX ua=95 mt=R len=7
PKT t=9999 TX ua=95 mt=P len=0
PKT t=10009 RX ua=95 mt=R len=7
PKT t=10014 TX ua=95 mt=P len=0
PKT t=10023 RX ua=95 mt=R len=7
PKT t=10028 TX ua=95 mt=P len=0
PKT t=10037 RX ua=95 mt=R len=7
PKT t=10042 TX ua=95 mt=P len=0
PKT t=10056 RX ua=95 mt=R len=7
PKT t=10061 TX ua=95 mt=P len=0
PKT t=10093 RX ua=95 mt=R len=7
PKT t=10098 TX ua=95 mt=P len=0
PKT t=10107 RX ua=95 mt=R len=7
PKT t=10112 TX ua=95 mt=T len=7
PKT t=10125 TX ua=95 mt=P len=0
PKT t=10134 RX ua=95 mt=R len=7
PKT t=10139 TX ua=95 mt=T len=7
PKT t=10152 TX ua=95 mt=P len=0
PKT t=10161 RX ua=95 mt=R len=7
PKT t=10166 TX ua=95 mt=P len=0
PKT t=10195 RX ua=95 mt=R len=7
PKT t=10200 TX ua=95 mt=P len=0
PKT t=10210 RX ua=95 mt=R len=7
PKT t=10215 TX ua=95 mt=P len=0
PKT t=10224 RX ua=95 mt=R len=7
PKT t=10229 TX ua=95 mt=P len=0
PKT t=10238 RX ua=95 mt=R len=7
PKT t=10243 TX ua=95 mt=P len=0
PKT t=10252 RX ua=95 mt=R len=7
PKT t=10257 TX ua=95 mt=P len=0
PKT t=10266 RX ua=95 mt=R len=7
PKT t=10271 TX ua=95 mt=P len=0
PKT t=10300 RX ua=95 mt=R len=7
PKT t=10305 TX ua=95 mt=P len=0
PKT t=10314 RX ua=95 mt=R len=7
PKT t=10319 TX ua=95 mt=P len=0
PKT t=10328 RX ua=95 mt=R len=7
PKT t=10333 TX ua=95 mt=P len=0
PKT t=10342 RX ua=95 mt=R len=7
PKT t=10347 TX ua=95 mt=P len=0
PKT t=10356 RX ua=95 mt=R len=7
PKT t=10361 TX ua=95 mt=T len=7
PKT t=10374 TX ua=95 mt=P len=0
PKT t=10402 RX ua=95 mt=R len=7
PKT t=10406 TX ua=95 mt=P len=0
PKT t=10415 RX ua=95 mt=R len=7
PKT t=10420 TX ua=95 mt=P len=0
PKT t=10429 RX ua=95 mt=R len=7
PKT t=10434 TX ua=95 mt=P len=0
PKT t=10443 RX ua=95 mt=R len=7
PKT t=10448 TX ua=95 mt=P len=0
PKT t=10457 RX ua=95 mt=R len=7
PKT t=10462 TX ua=95 mt=P len=0
PKT t=10471 RX ua=95 mt=R len=7
PKT t=10476 TX ua=95 mt=P len=0
PKT t=10505 RX ua=95 mt=R len=7
PKT t=10510 TX ua=95 mt=P len=0
PKT t=10519 RX ua=95 mt=R len=7
PKT t=10524 TX ua=95 mt=P len=0
PKT t=10533 RX ua=95 mt=R len=7
PKT t=10538 TX ua=95 mt=P len=0
PKT t=10556 RX ua=95 mt=R len=7
PKT t=10561 TX ua=95 mt=P len=0
PKT t=10570 RX ua=95 mt=R len=7
PKT t=10575 TX ua=95 mt=P len=0
PKT t=10604 RX ua=95 mt=R len=7
PKT t=10609 TX ua=95 mt=T len=7
PKT t=10622 TX ua=95 mt=P len=0
PKT t=10631 RX ua=95 mt=R len=7
PKT t=10636 TX ua=95 mt=P len=0
PKT t=10645 RX ua=95 mt=R len=7
PKT t=10650 TX ua=95 mt=P len=0
PKT t=10659 RX ua=95 mt=R len=7
PKT t=10664 TX ua=95 mt=P len=0
PKT t=10673 RX ua=95 mt=R len=7
PKT t=10678 TX ua=95 mt=P len=0
PKT t=10707 RX ua=95 mt=R len=7
PKT t=10712 TX ua=95 mt=P len=0
PKT t=10721 RX ua=95 mt=R len=7
PKT t=10726 TX ua=95 mt=P len=0
PKT t=10735 RX ua=95 mt=R len=7
PKT t=10740 TX ua=95 mt=P len=0
PKT t=10749 RX ua=95 mt=R len=7
PKT t=10754 TX ua=95 mt=P len=0
PKT t=10763 RX ua=95 mt=R len=7
PKT t=10768 TX ua=95 mt=P len=0
PKT t=10777 RX ua=95 mt=R len=7
PKT t=10782 TX ua=95 mt=P len=0
PKT t=10811 RX ua=95 mt=R len=7
PKT t=10816 TX ua=95 mt=P len=0
PKT t=10825 RX ua=95 mt=R len=7
PKT t=10830 TX ua=95 mt=P len=0
PKT t=10839 RX ua=95 mt=R len=7
PKT t=10844 TX ua=95 mt=P len=0
PKT t=10853 RX ua=95 mt=R len=7
PKT t=10858 TX ua=95 mt=T len=7
PKT t=10871 TX ua=95 mt=P len=0
PKT t=10880 RX ua=95 mt=R len=7
PKT t=10885 TX ua=95 mt=P len=0
PKT t=10915 RX ua=95 mt=R len=7
PKT t=10920 TX ua=95 mt=P len=0
PKT t=10929 RX ua=95 mt=R len=7
PKT t=10934 TX ua=95 mt=P len=0
PKT t=10943 RX ua=95 mt=R len=7
PKT t=10948 TX ua=95 mt=P len=0
PKT t=10957 RX ua=95 mt=R len=7
PKT t=10962 TX ua=95 mt=P len=0
PKT t=10971 RX ua=95 mt=R len=7
PKT t=10976 TX ua=95 mt=P len=0
PKT t=10985 RX ua=95 mt=R len=7
PKT t=10990 TX ua=95 mt=P len=0
PKT t=11019 RX ua=95 mt=R len=7
PKT t=11024 TX ua=95 mt=P len=0
PKT t=11033 RX ua=95 mt=R len=7
PKT t=11038 TX ua=95 mt=P len=0
PKT t=11056 RX ua=95 mt=R len=7
PKT t=11061 TX ua=95 mt=P len=0
PKT t=11070 RX ua=95 mt=R len=7
PKT t=11075 TX ua=95 mt=P len=0
PKT t=11084 RX ua=95 mt=R len=7
PKT t=11089 TX ua=95 mt=P len=0
PKT t=11118 RX ua=95 mt=R len=7
PKT t=11123 TX ua=95 mt=T len=7
PKT t=11135 TX ua=95 mt=P len=0
PKT t=11144 RX ua=95 mt=R len=7
PKT t=11149 TX ua=95 mt=P len=0
PKT t=11158 RX ua=95 mt=R len=7
PKT t=11163 TX ua=95 mt=P len=0
PKT t=11172 RX ua=95 mt=R len=7
PKT t=11177 TX ua=95 mt=P len=0
PKT t=11186 RX ua=95 mt=R len=7
PKT t=11191 TX ua=95 mt=P len=0
PKT t=11221 RX ua=95 mt=R len=7
PKT t=11226 TX ua=95 mt=P len=0
PKT t=11236 RX ua=95 mt=R len=7
PKT t=11241 TX ua=95 mt=P len=0
PKT t=11250 RX ua=95 mt=R len=7
PKT t=11255 TX ua=95 mt=P len=0
PKT t=11264 RX ua=95 mt=R len=7
PKT t=11269 TX ua=95 mt=P len=0
PKT t=11278 RX ua=95 mt=R len=7
PKT t=11283 TX ua=95 mt=P len=0
PKT t=11292 RX ua=95 mt=R len=7
PKT t=11297 TX ua=95 mt=P len=0
PKT t=11326 RX ua=95 mt=R len=7
PKT t=11331 TX ua=95 mt=P len=0
PKT t=11340 RX ua=95 mt=R len=7
PKT t=11345 TX ua=95 mt=P len=0
PKT t=11354 RX ua=95 mt=R len=7
PKT t=11359 TX ua=95 mt=T len=7
PKT t=11371 TX ua=95 mt=P len=0
PKT t=11381 RX ua=95 mt=R len=7
PKT t=11386 TX ua=95 mt=P len=0
PKT t=11396 RX ua=95 mt=R len=7
PKT t=11401 TX ua=95 mt=P len=0
PKT t=11430 RX ua=95 mt=R len=7
PKT t=11435 TX ua=95 mt=P len=0
PKT t=11445 RX ua=95 mt=R len=7
PKT t=11450 TX ua=95 mt=P len=0
PKT t=11460 RX ua=95 mt=R len=7
PKT t=11465 TX ua=95 mt=P len=0
PKT t=11475 RX ua=95 mt=R len=7
PKT t=11480 TX ua=95 mt=P len=0
PKT t=11490 RX ua=95 mt=R len=7
PKT t=11495 TX ua=95 mt=P len=0
PKT t=11505 RX ua=95 mt=R len=7
PKT t=11510 TX ua=95 mt=P len=0
PKT t=11539 RX ua=95 mt=R len=7
PKT t=11544 TX ua=95 mt=P len=0
PKT t=11556 RX ua=95 mt=R len=7
PKT t=11561 TX ua=95 mt=P len=0
PKT t=11571 RX ua=95 mt=R len=7
PKT t=11576 TX ua=95 mt=P len=0
PKT t=11586 RX ua=95 mt=R len=7
PKT t=11591 TX ua=95 mt=P len=0
PKT t=11601 RX ua=95 mt=R len=7
PKT t=11606 TX ua=95 mt=T len=7
PKT t=11618 TX ua=95 mt=P len=0
PKT t=11640 RX ua=95 mt=R len=7
PKT t=11645 TX ua=95 mt=P len=0
PKT t=11654 RX ua=95 mt=R len=7
PKT t=11659 TX ua=95 mt=P len=0
PKT t=11668 RX ua=95 mt=R len=7
PKT t=11673 TX ua=95 mt=P len=0
PKT t=11682 RX ua=95 mt=R len=7
PKT t=11687 TX ua=95 mt=P len=0
PKT t=11696 RX ua=95 mt=R len=7
PKT t=11701 TX ua=95 mt=P len=0
PKT t=11710 RX ua=95 mt=R len=7
PKT t=11715 TX ua=95 mt=P len=0
PKT t=11744 RX ua=95 mt=R len=7
PKT t=11749 TX ua=95 mt=P len=0
PKT t=11758 RX ua=95 mt=R len=7
PKT t=11763 TX ua=95 mt=P len=0
PKT t=11772 RX ua=95 mt=R len=7
PKT t=11777 TX ua=95 mt=P len=0
PKT t=11786 RX ua=95 mt=R len=7
PKT t=11791 TX ua=95 mt=P len=0
PKT t=11800 RX ua=95 mt=R len=7
PKT t=11805 TX ua=95 mt=P len=0
PKT t=11814 RX ua=95 mt=R len=7
PKT t=11819 TX ua=95 mt=P len=0
PKT t=11848 RX ua=95 mt=R len=7
PKT t=11853 TX ua=95 mt=T len=7
PKT t=11865 TX ua=95 mt=P len=0
PKT t=11874 RX ua=95 mt=R len=7
PKT t=11879 TX ua=95 mt=P len=0
PKT t=11888 RX ua=95 mt=R len=7
PKT t=11893 TX ua=95 mt=P len=0
PKT t=11902 RX ua=95 mt=R len=7
PKT t=11907 TX ua=95 mt=P len=0
PKT t=11916 RX ua=95 mt=R len=7
PKT t=11921 TX ua=95 mt=P len=0
PKT t=11950 RX ua=95 mt=R len=7
PKT t=11955 TX ua=95 mt=P len=0
PKT t=11964 RX ua=95 mt=R len=7
PKT t=11969 TX ua=95 mt=P len=0
PKT t=11978 RX ua=95 mt=R len=7
PKT t=11983 TX ua=95 mt=P len=0
PKT t=11992 RX ua=95 mt=R len=7
PKT t=11997 TX ua=95 mt=P len=0
PKT t=12010 RX ua=95 mt=R len=7
PKT t=12015 TX ua=95 mt=P len=0
PKT t=12024 RX ua=95 mt=R len=7
PKT t=12029 TX ua=95 mt=P len=0
PKT t=12058 RX ua=95 mt=R len=7
PKT t=12063 TX ua=95 mt=P len=0
PKT t=12072 RX ua=95 mt=R len=7
PKT t=12077 TX ua=95 mt=P len=0
PKT t=12086 RX ua=95 mt=R len=7
PKT t=12091 TX ua=95 mt=P len=0
PKT t=12100 RX ua=95 mt=R len=7
PKT t=12105 TX ua=95 mt=T len=7
PKT t=12117 TX ua=95 mt=P len=0
PKT t=12126 RX ua=95 mt=R len=7
PKT t=12131 TX ua=95 mt=P len=0
PKT t=12165 RX ua=95 mt=R len=7
PKT t=12170 TX ua=95 mt=P len=0
PKT t=12179 RX ua=95 mt=R len=7
PKT t=12184 TX ua=95 mt=P len=0
PKT t=12193 RX ua=95 mt=R len=7
PKT t=12198 TX ua=95 mt=P len=0
PKT t=12207 RX ua=95 mt=R len=7
PKT t=12212 TX ua=95 mt=P len=0
PKT t=12221 RX ua=95 mt=R len=7
PKT t=12226 TX ua=95 mt=P len=0
PKT t=12259 RX ua=95 mt=R len=7
PKT t=12264 TX ua=95 mt=P len=0
PKT t=12273 RX ua=95 mt=R len=7
PKT t=12278 TX ua=95 mt=P len=0
PKT t=12287 RX ua=95 mt=R len=7
PKT t=12292 TX ua=95 mt=P len=0
PKT t=12301 RX ua=95 mt=R len=7
PKT t=12306 TX ua=95 mt=P len=0
PKT t=12315 RX ua=95 mt=R len=7
PKT t=12320 TX ua=95 mt=P len=0
PKT t=12329 RX ua=95 mt=R len=7
PKT t=12334 TX ua=95 mt=P len=0
PKT t=12363 RX ua=95 mt=R len=7
PKT t=12368 TX ua=95 mt=T len=7
PKT t=12380 TX ua=95 mt=P len=0
PKT t=12389 RX ua=95 mt=R len=7
PKT t=12394 TX ua=95 mt=P len=0
PKT t=12403 RX ua=95 mt=R len=7
PKT t=12408 TX ua=95 mt=P len=0
PKT t=12417 RX ua=95 mt=R len=7
PKT t=12422 TX ua=95 mt=P len=0
PKT t=12431 RX ua=95 mt=R len=7
PKT t=12436 TX ua=95 mt=P len=0
PKT t=12465 RX ua=95 mt=R len=7
PKT t=12470 TX ua=95 mt=P len=0
PKT t=12479 RX ua=95 mt=R len=7
PKT t=12484 TX ua=95 mt=P len=0
PKT t=12493 RX ua=95 mt=R len=7
PKT t=12498 TX ua=95 mt=P len=0
PKT t=12507 RX ua=95 mt=R len=7
PKT t=12512 TX ua=95 mt=P len=0
PKT t=12521 RX ua=95 mt=R len=7
PKT t=12526 TX ua=95 mt=P len=0
PKT t=12535 RX ua=95 mt=R len=7
PKT t=12540 TX ua=95 mt=P len=0
PKT t=12569 RX ua=95 mt=R len=7
PKT t=12574 TX ua=95 mt=P len=0
PKT t=12583 RX ua=95 mt=R len=7
PKT t=12588 TX ua=95 mt=P len=0
PKT t=12597 RX ua=95 mt=R len=7
PKT t=12602 TX ua=95 mt=T len=7
PKT t=12614 TX ua=95 mt=P len=0
PKT t=12623 RX ua=95 mt=R len=7
PKT t=12628 TX ua=95 mt=P len=0
PKT t=12637 RX ua=95 mt=R len=7
PKT t=12642 TX ua=95 mt=P len=0
PKT t=12671 RX ua=95 mt=R len=7
PKT t=12676 TX ua=95 mt=P len=0
PKT t=12685 RX ua=95 mt=R len=7
PKT t=12690 TX ua=95 mt=P len=0
PKT t=12699 RX ua=95 mt=R len=7
PKT t=12704 TX ua=95 mt=P len=0
PKT t=12713 RX ua=95 mt=R len=7
PKT t=12718 TX ua=95 mt=P len=0
PKT t=12727 RX ua=95 mt=R len=7
PKT t=12732 TX ua=95 mt=P len=0
PKT t=12741 RX ua=95 mt=R len=7
PKT t=12746 TX ua=95 mt=P len=0
PKT t=12775 RX ua=95 mt=R len=7
PKT t=12780 TX ua=95 mt=P len=0
PKT t=12789 RX ua=95 mt=R len=7
PKT t=12794 TX ua=95 mt=P len=0
PKT t=12803 RX ua=95 mt=R len=7
PKT t=12808 TX ua=95 mt=P len=0
PKT t=12817 RX ua=95 mt=R len=7
PKT t=12822 TX ua=95 mt=P len=0
PKT t=12831 RX ua=95 mt=R len=7
PKT t=12836 TX ua=95 mt=P len=0
PKT t=12845 RX ua=95 mt=R len=7
PKT t=12850 TX ua=95 mt=T len=7
PKT t=12862 TX ua=95 mt=P len=0
PKT t=12881 RX ua=95 mt=R len=7
PKT t=12886 TX ua=95 mt=P len=0
PKT t=12895 RX ua=95 mt=R len=7
PKT t=12900 TX ua=95 mt=P len=0
PKT t=12909 RX ua=95 mt=R len=7
PKT t=12914 TX ua=95 mt=P len=0
PKT t=12923 RX ua=95 mt=R len=7
PKT t=12928 TX ua=95 mt=P len=0
PKT t=12937 RX ua=95 mt=R len=7
PKT t=12942 TX ua=95 mt=P len=0
PKT t=12951 RX ua=95 mt=R len=7
PKT t=12956 TX ua=95 mt=P len=0
PKT t=12985 RX ua=95 mt=R len=7
PKT t=12990 TX ua=95 mt=P len=0
PKT t=12999 RX ua=95 mt=R len=7
PKT t=13004 TX ua=95 mt=P len=0
PKT t=13013 RX ua=95 mt=R len=7
PKT t=13018 TX ua=95 mt=P len=0
PKT t=13027 RX ua=95 mt=R len=7
PKT t=13032 TX ua=95 mt=P len=0
PKT t=13041 RX ua=95 mt=R len=7
PKT t=13046 TX ua=95 mt=P len=0
PKT t=13056 RX ua=95 mt=R len=7
PKT t=13311 TX ua=96 mt=I len=13
PKT t=13819 TX ua=96 mt=T len=4
PKT t=13830 TX ua=95 mt=P len=0
PKT t=13839 RX ua=95 mt=R len=7
PKT t=13844 TX ua=95 mt=T len=7
PKT t=13857 TX ua=95 mt=P len=0
PKT t=13889 RX ua=95 mt=R len=7
PKT t=13894 TX ua=95 mt=P len=0
PKT t=13903 RX ua=95 mt=R len=7
PKT t=13908 TX ua=95 mt=P len=0
PKT t=13917 RX ua=95 mt=R len=7
PKT t=13922 TX ua=95 mt=P len=0
PKT t=13931 RX ua=95 mt=R len=7
PKT t=13936 TX ua=95 mt=P len=0
PKT t=13945 RX ua=95 mt=R len=7
PKT t=13950 TX ua=95 mt=P len=0
PKT t=13959 RX ua=95 mt=R len=7
PKT t=13964 TX ua=95 mt=P len=0
PKT t=13993 RX ua=95 mt=R len=7
PKT t=13998 TX ua=95 mt=P len=0
PKT t=14011 RX ua=95 mt=R len=7
PKT t=14016 TX ua=95 mt=P len=0
PKT t=14025 RX ua=95 mt=R len=7
PKT t=14030 TX ua=95 mt=P len=0
PKT t=14039 RX ua=95 mt=R len=7
PKT t=14044 TX ua=95 mt=P len=0
PKT t=14056 RX ua=95 mt=R len=7
PKT t=14061 TX ua=95 mt=P len=0
PKT t=14092 RX ua=95 mt=R len=7
PKT t=14097 TX ua=95 mt=P len=0
PKT t=14106 RX ua=95 mt=R len=7
PKT t=14111 TX ua=95 mt=T len=7
PKT t=14123 TX ua=95 mt=P len=0
PKT t=14132 RX ua=95 mt=R len=7
PKT t=14137 TX ua=95 mt=P len=0
PKT t=14146 RX ua=95 mt=R len=7
PKT t=14151 TX ua=95 mt=P len=0
PKT t=14160 RX ua=95 mt=R len=7
PKT t=14165 TX ua=95 mt=P len=0
PKT t=14199 RX ua=95 mt=R len=7
PKT t=14204 TX ua=95 mt=P len=0
PKT t=14213 RX ua=95 mt=R len=7
PKT t=14218 TX ua=95 mt=P len=0
PKT t=14227 RX ua=95 mt=R len=7
PKT t=14232 TX ua=95 mt=P len=0
PKT t=14241 RX ua=95 mt=R len=7
PKT t=14246 TX ua=95 mt=P len=0
PKT t=14255 RX ua=95 mt=R len=7
PKT t=14260 TX ua=95 mt=P len=0
PKT t=14293 RX ua=95 mt=R len=7
PKT t=14298 TX ua=95 mt=P len=0
PKT t=14307 RX ua=95 mt=R len=7
PKT t=14312 TX ua=95 mt=P len=0
PKT t=14321 RX ua=95 mt=R len=7
PKT t=14326 TX ua=95 mt=P len=0
PKT t=14335 RX ua=95 mt=R len=7
PKT t=14340 TX ua=95 mt=P len=0
PKT t=14349 RX ua=95 mt=R len=7
PKT t=14354 TX ua=95 mt=T len=7
PKT t=14366 TX ua=95 mt=P len=0
PKT t=14394 RX ua=95 mt=R len=7
PKT t=14399 TX ua=95 mt=P len=0
PKT t=14408 RX ua=95 mt=R len=7
PKT t=14413 TX ua=95 mt=P len=0
PKT t=14422 RX ua=95 mt=R len=7
PKT t=14427 TX ua=95 mt=P len=0
PKT t=14436 RX ua=95 mt=R len=7
PKT t=14441 TX ua=95 mt=P len=0
PKT t=14450 RX ua=95 mt=R len=7
PKT t=14455 TX ua=95 mt=P len=0
PKT t=14464 RX ua=95 mt=R len=7
PKT t=14469 TX ua=95 mt=P len=0
PKT t=14498 RX ua=95 mt=R len=7
PKT t=14503 TX ua=95 mt=P len=0
PKT t=14512 RX ua=95 mt=R len=7
PKT t=14517 TX ua=95 mt=P len=0
PKT t=14526 RX ua=95 mt=R len=7
PKT t=14531 TX ua=95 mt=P len=0
PKT t=14540 RX ua=95 mt=R len=7
PKT t=14545 TX ua=95 mt=P len=0
PKT t=14556 RX ua=95 mt=R len=7
PKT t=14811 TX ua=96 mt=P len=0
PKT t=15069 TX ua=95 mt=P len=0
PKT t=15078 RX ua=95 mt=R len=7
PKT t=15083 TX ua=95 mt=T len=7
PKT t=15095 TX ua=95 mt=P len=0
PKT t=15104 RX ua=95 mt=R len=7
PKT t=15109 TX ua=95 mt=T len=7
PKT t=15121 TX ua=95 mt=P len=0
PKT t=15130 RX ua=95 mt=R len=7
PKT t=15135 TX ua=95 mt=P len=0
PKT t=15144 RX ua=95 mt=R len=7
PKT t=15149 TX ua=95 mt=P len=0
PKT t=15158 RX ua=95 mt=R len=7
PKT t=15163 TX ua=95 mt=P len=0
PKT t=15172 RX ua=95 mt=R len=7
PKT t=15177 TX ua=95 mt=P len=0
PKT t=15208 RX ua=95 mt=R len=7
PKT t=15213 TX ua=95 mt=P len=0
PKT t=15222 RX ua=95 mt=R len=7
PKT t=15227 TX ua=95 mt=P len=0
PKT t=15236 RX ua=95 mt=R len=7
PKT t=15241 TX ua=95 mt=P len=0
PKT t=15250 RX ua=95 mt=R len=7
PKT t=15255 TX ua=95 mt=P len=0
PKT t=15264 RX ua=95 mt=R len=7
PKT t=15269 TX ua=95 mt=P len=0
PKT t=15278 RX ua=95 mt=R len=7
PKT t=15283 TX ua=95 mt=P len=0
PKT t=15313 RX ua=95 mt=R len=7
PKT t=15318 TX ua=95 mt=P len=0
PKT t=15327 RX ua=95 mt=R len=7
PKT t=15332 TX ua=95 mt=P len=0
PKT t=15341 RX ua=95 mt=R len=7
PKT t=15346 TX ua=95 mt=P len=0
PKT t=15355 RX ua=95 mt=R len=7
PKT t=15360 TX ua=95 mt=T len=7
PKT t=15372 TX ua=95 mt=P len=0
PKT t=15382 RX ua=95 mt=R len=7
PKT t=15387 TX ua=95 mt=P len=0
PKT t=15416 RX ua=95 mt=R len=7
PKT t=15421 TX ua=95 mt=P len=0
PKT t=15431 RX ua=95 mt=R len=7
PKT t=15436 TX ua=95 mt=P len=0
PKT t=15446 RX ua=95 mt=R len=7
PKT t=15451 TX ua=95 mt=P len=0
PKT t=15461 RX ua=95 mt=R len=7
PKT t=15466 TX ua=95 mt=P len=0
PKT t=15476 RX ua=95 mt=R len=7
PKT t=15481 TX ua=95 mt=P len=0
PKT t=15491 RX ua=95 mt=R len=7
PKT t=15496 TX ua=95 mt=P len=0
PKT t=15526 RX ua=95 mt=R len=7
PKT t=15531 TX ua=95 mt=P len=0
PKT t=15541 RX ua=95 mt=R len=7
PKT t=15546 TX ua=95 mt=P len=0
PKT t=15556 RX ua=95 mt=R len=7
PKT t=15811 TX ua=96 mt=P len=0
PKT t=16069 TX ua=95 mt=P len=0
PKT t=16079 RX ua=95 mt=R len=7
PKT t=16084 TX ua=95 mt=T len=7
PKT t=16096 TX ua=95 mt=P len=0
PKT t=16125 RX ua=95 mt=R len=7
PKT t=16130 TX ua=95 mt=T len=7
PKT t=16142 TX ua=95 mt=P len=0
PKT t=16151 RX ua=95 mt=R len=7
PKT t=16156 TX ua=95 mt=P len=0
PKT t=16165 RX ua=95 mt=R len=7
PKT t=16170 TX ua=95 mt=P len=0
PKT t=16179 RX ua=95 mt=R len=7
PKT t=16184 TX ua=95 mt=P len=0
PKT t=16193 RX ua=95 mt=R len=7
PKT t=16198 TX ua=95 mt=P len=0
PKT t=16232 RX ua=95 mt=R len=7
PKT t=16237 TX ua=95 mt=P len=0
PKT t=16246 RX ua=95 mt=R len=7
PKT t=16251 TX ua=95 mt=P len=0
PKT t=16260 RX ua=95 mt=R len=7
PKT t=16265 TX ua=95 mt=P len=0
PKT t=16274 RX ua=95 mt=R len=7
PKT t=16279 TX ua=95 mt=P len=0
PKT t=16288 RX ua=95 mt=R len=7
PKT t=16293 TX ua=95 mt=P len=0
PKT t=16326 RX ua=95 mt=R len=7
PKT t=16331 TX ua=95 mt=P len=0
PKT t=16341 RX ua=95 mt=R len=7
PKT t=16346 TX ua=95 mt=P len=0
PKT t=16355 RX ua=95 mt=R len=7
PKT t=16360 TX ua=95 mt=T len=7
PKT t=16372 TX ua=95 mt=P len=0
PKT t=16381 RX ua=95 mt=R len=7
PKT t=16386 TX ua=95 mt=P len=0
PKT t=16395 RX ua=95 mt=R len=7
PKT t=16400 TX ua=95 mt=P len=0
PKT t=16430 RX ua=95 mt=R len=7
PKT t=16435 TX ua=95 mt=P len=0
PKT t=16444 RX ua=95 mt=R len=7
PKT t=16449 TX ua=95 mt=P len=0
PKT t=16458 RX ua=95 mt=R len=7
PKT t=16463 TX ua=95 mt=P len=0
PKT t=16472 RX ua=95 mt=R len=7
PKT t=16477 TX ua=95 mt=P len=0
PKT t=16486 RX ua=95 mt=R len=7
PKT t=16491 TX ua=95 mt=P len=0
PKT t=16500 RX ua=95 mt=R len=7
PKT t=16505 TX ua=95 mt=P len=0
PKT t=16534 RX ua=95 mt=R len=7
PKT t=16539 TX ua=95 mt=P len=0
PKT t=16556 RX ua=95 mt=R len=7
PKT t=16561 TX ua=95 mt=P len=0
PKT t=16570 RX ua=95 mt=R len=7
PKT t=16575 TX ua=95 mt=P len=0
PKT t=16584 RX ua=95 mt=R len=7
PKT t=16589 TX ua=95 mt=P len=0
PKT t=16598 RX ua=95 mt=R len=7
PKT t=16603 TX ua=95 mt=T len=7
PKT t=16615 TX ua=95 mt=P len=0
PKT t=16635 RX ua=95 mt=R len=7
PKT t=16640 TX ua=95 mt=P len=0
PKT t=16649 RX ua=95 mt=R len=7
PKT t=16654 TX ua=95 mt=P len=0
PKT t=16663 RX ua=95 mt=R len=7
PKT t=16668 TX ua=95 mt=P len=0
PKT t=16677 RX ua=95 mt=R len=7
PKT t=16682 TX ua=95 mt=P len=0
PKT t=16691 RX ua=95 mt=R len=7
PKT t=16696 TX ua=95 mt=P len=0
PKT t=16705 RX ua=95 mt=R len=7
PKT t=16710 TX ua=95 mt=P len=0
PKT t=16739 RX ua=95 mt=R len=7
PKT t=16744 TX ua=95 mt=P len=0
PKT t=16753 RX ua=95 mt=R len=7
PKT t=16758 TX ua=95 mt=P len=0
PKT t=16767 RX ua=95 mt=R len=7
PKT t=16772 TX ua=95 mt=P len=0
PKT t=16781 RX ua=95 mt=R len=7
PKT t=16786 TX ua=95 mt=P len=0
PKT t=16795 RX ua=95 mt=R len=7
PKT t=16800 TX ua=95 mt=P len=0
PKT t=16809 RX ua=95 mt=R len=7
PKT t=16814 TX ua=95 mt=P len=0
PKT t=16843 RX ua=95 mt=R len=7
PKT t=16848 TX ua=95 mt=P len=0
PKT t=16857 RX ua=95 mt=R len=7
PKT t=16862 TX ua=95 mt=T len=7
PKT t=16874 TX ua=95 mt=P len=0
PKT t=16883 RX ua=95 mt=R len=7
PKT t=16888 TX ua=95 mt=P len=0
PKT t=16897 RX ua=95 mt=R len=7
PKT t=16902 TX ua=95 mt=P len=0
PKT t=16911 RX ua=95 mt=R len=7
PKT t=16916 TX ua=95 mt=P len=0
PKT t=16945 RX ua=95 mt=R len=7
PKT t=16950 TX ua=95 mt=P len=0
PKT t=16959 RX ua=95 mt=R len=7
PKT t=16964 TX ua=95 mt=P len=0
PKT t=16973 RX ua=95 mt=R len=7
PKT t=16978 TX ua=95 mt=P len=0
PKT t=16987 RX ua=95 mt=R len=7
PKT t=16992 TX ua=95 mt=P len=0
PKT t=17001 RX ua=95 mt=R len=7
PKT t=17006 TX ua=95 mt=P len=0
PKT t=17015 RX ua=95 mt=R len=7
PKT t=17020 TX ua=95 mt=P len=0
PKT t=17056 RX ua=95 mt=R len=7
PKT t=17061 TX ua=95 mt=P len=0
PKT t=17070 RX ua=95 mt=R len=7
PKT t=17075 TX ua=95 mt=P len=0
PKT t=17084 RX ua=95 mt=R len=7
PKT t=17089 TX ua=95 mt=P len=0
PKT t=17098 RX ua=95 mt=R len=7
PKT t=17103 TX ua=95 mt=T len=7
PKT t=17115 TX ua=95 mt=P len=0
PKT t=17148 RX ua=95 mt=R len=7
PKT t=17153 TX ua=95 mt=P len=0
PKT t=17162 RX ua=95 mt=R len=7
PKT t=17167 TX ua=95 mt=P len=0
PKT t=17176 RX ua=95 mt=R len=7
PKT t=17181 TX ua=95 mt=P len=0
PKT t=17190 RX ua=95 mt=R len=7
PKT t=17195 TX ua=95 mt=P len=0
PKT t=17204 RX ua=95 mt=R len=7
PKT t=17209 TX ua=95 mt=P len=0
PKT t=17218 RX ua=95 mt=R len=7
PKT t=17223 TX ua=95 mt=P len=0
PKT t=17252 RX ua=95 mt=R len=7
PKT t=17257 TX ua=95 mt=P len=0
PKT t=17266 RX ua=95 mt=R len=7
PKT t=17271 TX ua=95 mt=P len=0
PKT t=17280 RX ua=95 mt=R len=7
PKT t=17285 TX ua=95 mt=P len=0
PKT t=17294 RX ua=95 mt=R len=7
PKT t=17299 TX ua=95 mt=P len=0
PKT t=17308 RX ua=95 mt=R len=7
PKT t=17313 TX ua=95 mt=P len=0
PKT t=17322 RX ua=95 mt=R len=7
PKT t=17327 TX ua=95 mt=P len=0
PKT t=17356 RX ua=95 mt=R len=7
PKT t=17361 TX ua=95 mt=T len=7
PKT t=17373 TX ua=95 mt=P len=0
PKT t=17383 RX ua=95 mt=R len=7
PKT t=17388 TX ua=95 mt=P len=0
PKT t=17398 RX ua=95 mt=R len=7
PKT t=17403 TX ua=95 mt=P len=0
PKT t=17413 RX ua=95 mt=R len=7
PKT t=17418 TX ua=95 mt=P len=0
PKT t=17428 RX ua=95 mt=R len=7
PKT t=17433 TX ua=95 mt=P len=0
PKT t=17463 RX ua=95 mt=R len=7
PKT t=17468 TX ua=95 mt=P len=0
PKT t=17478 RX ua=95 mt=R len=7
PKT t=17483 TX ua=95 mt=P len=0
PKT t=17493 RX ua=95 mt=R len=7
PKT t=17498 TX ua=95 mt=P len=0
PKT t=17508 RX ua=95 mt=R len=7
PKT t=17513 TX ua=95 mt=P len=0
PKT t=17523 RX ua=95 mt=R len=7
PKT t=17528 TX ua=95 mt=P len=0
PKT t=17562 RX ua=95 mt=R len=7
PKT t=17567 TX ua=95 mt=P len=0
PKT t=17577 RX ua=95 mt=R len=7
PKT t=17582 TX ua=95 mt=P len=0
PKT t=17592 RX ua=95 mt=R len=7
PKT t=17597 TX ua=95 mt=P len=0
PKT t=17607 RX ua=95 mt=R len=7
PKT t=17612 TX ua=95 mt=T len=7
PKT t=17624 TX ua=95 mt=P len=0
PKT t=17633 RX ua=95 mt=R len=7
PKT t=17638 TX ua=95 mt=P len=0
PKT t=17667 RX ua=95 mt=R len=7
PKT t=17672 TX ua=95 mt=P len=0
PKT t=17681 RX ua=95 mt=R len=7
PKT t=17686 TX ua=95 mt=P len=0
PKT t=17695 RX ua=95 mt=R len=7
PKT t=17700 TX ua=95 mt=P len=0
PKT t=17709 RX ua=95 mt=R len=7
PKT t=17714 TX ua=95 mt=P len=0
PKT t=17723 RX ua=95 mt=R len=7
PKT t=17728 TX ua=95 mt=P len=0
PKT t=17737 RX ua=95 mt=R len=7
PKT t=17742 TX ua=95 mt=P len=0
PKT t=17771 RX ua=95 mt=R len=7
PKT t=17776 TX ua=95 mt=P len=0
PKT t=17785 RX ua=95 mt=R len=7
PKT t=17790 TX ua=95 mt=P len=0
PKT t=17799 RX ua=95 mt=R len=7
PKT t=17804 TX ua=95 mt=P len=0
PKT t=17813 RX ua=95 mt=R len=7
PKT t=17818 TX ua=95 mt=P len=0
PKT t=17827 RX ua=95 mt=R len=7
PKT t=17832 TX ua=95 mt=P len=0
PKT t=17841 RX ua=95 mt=R len=7
PKT t=17846 TX ua=95 mt=P len=0
PKT t=17875 RX ua=95 mt=R len=7
PKT t=17880 TX ua=95 mt=T len=7
PKT t=17892 TX ua=95 mt=P len=0
PKT t=17901 RX ua=95 mt=R len=7
PKT t=17906 TX ua=95 mt=P len=0
PKT t=17915 RX ua=95 mt=R len=7
PKT t=17920 TX ua=95 mt=P len=0
PKT t=17929 RX ua=95 mt=R len=7
PKT t=17934 TX ua=95 mt=P len=0
PKT t=17943 RX ua=95 mt=R len=7
PKT t=17948 TX ua=95 mt=P len=0
PKT t=17977 RX ua=95 mt=R len=7
PKT t=17982 TX ua=95 mt=P len=0
PKT t=17991 RX ua=95 mt=R len=7
PKT t=17996 TX ua=95 mt=P len=0
PKT t=18005 RX ua=95 mt=R len=7
PKT t=18013 TX ua=95 mt=P len=0
PKT t=18022 RX ua=95 mt=R len=7
PKT t=18027 TX ua=95 mt=P len=0
PKT t=18036 RX ua=95 mt=R len=7
PKT t=18041 TX ua=95 mt=P len=0
PKT t=18056 RX ua=95 mt=R len=7
PKT t=18061 TX ua=95 mt=P len=0
PKT t=18084 RX ua=95 mt=R len=7
PKT t=18089 TX ua=95 mt=P len=0
PKT t=18098 RX ua=95 mt=R len=7
PKT t=18103 TX ua=95 mt=T len=7
PKT t=18116 TX ua=95 mt=P len=0
PKT t=18125 RX ua=95 mt=R len=7
PKT t=18130 TX ua=95 mt=T len=7
PKT t=18143 TX ua=95 mt=P len=0
PKT t=18152 RX ua=95 mt=R len=7
PKT t=18157 TX ua=95 mt=P len=0
PKT t=18186 RX ua=95 mt=R len=7
PKT t=18191 TX ua=95 mt=P len=0
PKT t=18200 RX ua=95 mt=R len=7
PKT t=18205 TX ua=95 mt=P len=0
PKT t=18214 RX ua=95 mt=R len=7
PKT t=18219 TX ua=95 mt=P len=0
PKT t=18228 RX ua=95 mt=R len=7
PKT t=18233 TX ua=95 mt=P len=0
PKT t=18242 RX ua=95 mt=R len=7
PKT t=18247 TX ua=95 mt=P len=0
PKT t=18256 RX ua=95 mt=R len=7
PKT t=18261 TX ua=95 mt=P len=0
PKT t=18290 RX ua=95 mt=R len=7
PKT t=18295 TX ua=95 mt=P len=0
PKT t=18304 RX ua=95 mt=R len=7
PKT t=18309 TX ua=95 mt=P len=0
PKT t=18318 RX ua=95 mt=R len=7
PKT t=18323 TX ua=95 mt=P len=0
PKT t=18332 RX ua=95 mt=R len=7
PKT t=18337 TX ua=95 mt=P len=0
PKT t=18346 RX ua=95 mt=R len=7
PKT t=18351 TX ua=95 mt=T len=7
PKT t=18364 TX ua=95 mt=P len=0
PKT t=18391 RX ua=95 mt=R len=7
PKT t=18396 TX ua=95 mt=P len=0
PKT t=18405 RX ua=95 mt=R len=7
PKT t=18410 TX ua=95 mt=P len=0
PKT t=18419 RX ua=95 mt=R len=7
PKT t=18424 TX ua=95 mt=P len=0
PKT t=18433 RX ua=95 mt=R len=7
PKT t=18438 TX ua=95 mt=P len=0
PKT t=18447 RX ua=95 mt=R len=7
PKT t=18452 TX ua=95 mt=P len=0
PKT t=18461 RX ua=95 mt=R len=7
PKT t=18466 TX ua=95 mt=P len=0
PKT t=18495 RX ua=95 mt=R len=7
PKT t=18500 TX ua=95 mt=P len=0
PKT t=18509 RX ua=95 mt=R len=7
PKT t=18514 TX ua=95 mt=P len=0
PKT t=18523 RX ua=95 mt=R len=7
PKT t=18528 TX ua=95 mt=P len=0
PKT t=18537 RX ua=95 mt=R len=7
PKT t=18542 TX ua=95 mt=P len=0
PKT t=18556 RX ua=95 mt=R len=7
PKT t=18561 TX ua=95 mt=P len=0
PKT t=18595 RX ua=95 mt=R len=7
PKT t=18600 TX ua=95 mt=T len=7
PKT t=18613 TX ua=95 mt=P len=0
PKT t=18622 RX ua=95 mt=R len=7
PKT t=18627 TX ua=95 mt=P len=0
PKT t=18636 RX ua=95 mt=R len=7
PKT t=18641 TX ua=95 mt=P len=0
PKT t=18650 RX ua=95 mt=R len=7
PKT t=18655 TX ua=95 mt=P len=0
PKT t=18664 RX ua=95 mt=R len=7
PKT t=18669 TX ua=95 mt=P len=0
PKT t=18699 RX ua=95 mt=R len=7
PKT t=18704 TX ua=95 mt=P len=0
PKT t=18713 RX ua=95 mt=R len=7
PKT t=18718 TX ua=95 mt=P len=0
PKT t=18727 RX ua=95 mt=R len=7
PKT t=18732 TX ua=95 mt=P len=0
PKT t=18741 RX ua=95 mt=R len=7
PKT t=18746 TX ua=95 mt=P len=0
PKT t=18755 RX ua=95 mt=R len=7
PKT t=18760 TX ua=95 mt=P len=0
PKT t=18769 RX ua=95 mt=R len=7
PKT t=18774 TX ua=95 mt=P len=0
PKT t=18803 RX ua=95 mt=R len=7
PKT t=18808 TX ua=95 mt=P len=0
PKT t=18817 RX ua=95 mt=R len=7
PKT t=18822 TX ua=95 mt=P len=0
PKT t=18831 RX ua=95 mt=R len=7
PKT t=18836 TX ua=95 mt=P len=0
PKT t=18845 RX ua=95 mt=R len=7
PKT t=18850 TX ua=95 mt=T len=7
PKT t=18863 TX ua=95 mt=P len=0
PKT t=18872 RX ua=95 mt=R len=7
PKT t=18877 TX ua=95 mt=P len=0
PKT t=18906 RX ua=95 mt=R len=7
PKT t=18911 TX ua=95 mt=P len=0
PKT t=18920 RX ua=95 mt=R len=7
PKT t=18925 TX ua=95 mt=P len=0
PKT t=18934 RX ua=95 mt=R len=7
PKT t=18939 TX ua=95 mt=P len=0
PKT t=18948 RX ua=95 mt=R len=7
PKT t=18953 TX ua=95 mt=P len=0
PKT t=18962 RX ua=95 mt=R len=7
PKT t=18967 TX ua=95 mt=P len=0
PKT t=18976 RX ua=95 mt=R len=7
PKT t=18981 TX ua=95 mt=P len=0
PKT t=19010 RX ua=95 mt=R len=7
PKT t=19015 TX ua=95 mt=P len=0
PKT t=19024 RX ua=95 mt=R len=7
PKT t=19029 TX ua=95 mt=P len=0
PKT t=19038 RX ua=95 mt=R len=7
PKT t=19043 TX ua=95 mt=P len=0
PKT t=19056 RX ua=95 mt=R len=7
PKT t=19061 TX ua=95 mt=P len=0
PKT t=19070 RX ua=95 mt=R len=7
PKT t=19075 TX ua=95 mt=P len=0
PKT t=19084 RX ua=95 mt=R len=7
PKT t=19089 TX ua=95 mt=P len=0
PKT t=19118 RX ua=95 mt=R len=7
PKT t=19123 TX ua=95 mt=T len=7
PKT t=19135 TX ua=95 mt=P len=0
PKT t=19144 RX ua=95 mt=R len=7
PKT t=19149 TX ua=95 mt=P len=0
PKT t=19158 RX ua=95 mt=R len=7
PKT t=19163 TX ua=95 mt=P len=0
PKT t=19172 RX ua=95 mt=R len=7
PKT t=19177 TX ua=95 mt=P len=0
PKT t=19186 RX ua=95 mt=R len=7
PKT t=19191 TX ua=95 mt=P len=0
PKT t=19220 RX ua=95 mt=R len=7
PKT t=19225 TX ua=95 mt=P len=0
PKT t=19234 RX ua=95 mt=R len=7
PKT t=19239 TX ua=95 mt=P len=0
PKT t=19248 RX ua=95 mt=R len=7
PKT t=19253 TX ua=95 mt=P len=0
PKT t=19262 RX ua=95 mt=R len=7
PKT t=19267 TX ua=95 mt=P len=0
PKT t=19276 RX ua=95 mt=R len=7
PKT t=19281 TX ua=95 mt=P len=0
PKT t=19290 RX ua=95 mt=R len=7
PKT t=19295 TX ua=95 mt=P len=0
PKT t=19324 RX ua=95 mt=R len=7
PKT t=19329 TX ua=95 mt=P len=0
PKT t=19338 RX ua=95 mt=R len=7
PKT t=19343 TX ua=95 mt=P len=0
PKT t=19352 RX ua=95 mt=R len=7
PKT t=19357 TX ua=95 mt=T len=7
PKT t=19369 TX ua=95 mt=P len=0
PKT t=19379 RX ua=95 mt=R len=7
PKT t=19384 TX ua=95 mt=P len=0
PKT t=19394 RX ua=95 mt=R len=7
PKT t=19399 TX ua=95 mt=P len=0
PKT t=19428 RX ua=95 mt=R len=7
PKT t=19433 TX ua=95 mt=P len=0
PKT t=19443 RX ua=95 mt=R len=7
PKT t=19448 TX ua=95 mt=P len=0
PKT t=19458 RX ua=95 mt=R len=7
PKT t=19463 TX ua=95 mt=P len=0
PKT t=19473 RX ua=95 mt=R len=7
PKT t=19478 TX ua=95 mt=P len=0
PKT t=19488 RX ua=95 mt=R len=7
PKT t=19493 TX ua=95 mt=P len=0
PKT t=19503 RX ua=95 mt=R len=7
PKT t=19508 TX ua=95 mt=P len=0
PKT t=19537 RX ua=95 mt=R len=7
PKT t=19542 TX ua=95 mt=P len=0
PKT t=19556 RX ua=95 mt=R len=7
PKT t=19561 TX ua=95 mt=P len=0
PKT t=19571 RX ua=95 mt=R len=7
PKT t=19576 TX ua=95 mt=P len=0
PKT t=19586 RX ua=95 mt=R len=7
PKT t=19591 TX ua=95 mt=P len=0
PKT t=19601 RX ua=95 mt=R len=7
PKT t=19606 TX ua=95 mt=T len=7
PKT t=19618 TX ua=95 mt=P len=0
PKT t=19638 RX ua=95 mt=R len=7
PKT t=19643 TX ua=95 mt=P len=0
PKT t=19652 RX ua=95 mt=R len=7
PKT t=19657 TX ua=95 mt=P len=0
PKT t=19666 RX ua=95 mt=R len=7
PKT t=19671 TX ua=95 mt=P len=0
PKT t=19680 RX ua=95 mt=R len=7
PKT t=19685 TX ua=95 mt=P len=0
PKT t=19694 RX ua=95 mt=R len=7
PKT t=19699 TX ua=95 mt=P len=0
PKT t=19709 RX ua=95 mt=R len=7
PKT t=19714 TX ua=95 mt=P len=0
PKT t=19743 RX ua=95 mt=R len=7
PKT t=19748 TX ua=95 mt=P len=0
PKT t=19757 RX ua=95 mt=R len=7
PKT t=19762 TX ua=95 mt=P len=0
PKT t=19771 RX ua=95 mt=R len=7
PKT t=19776 TX ua=95 mt=P len=0
PKT t=19785 RX ua=95 mt=R len=7
PKT t=19790 TX ua=95 mt=P len=0
PKT t=19799 RX ua=95 mt=R len=7
PKT t=19804 TX ua=95 mt=P len=0
PKT t=19813 RX ua=95 mt=R len=7
PKT t=19818 TX ua=95 mt=P len=0
PKT t=19847 RX ua=95 mt=R len=7
PKT t=19852 TX ua=95 mt=T len=7
PKT t=19864 TX ua=95 mt=P len=0
PKT t=19873 RX ua=95 mt=R len=7
PKT t=19878 TX ua=95 mt=P len=0
PKT t=19887 RX ua=95 mt=R len=7
PKT t=19892 TX ua=95 mt=P len=0
PKT t=19901 RX ua=95 mt=R len=7
PKT t=19906 TX ua=95 mt=P len=0
PKT t=19915 RX ua=95 mt=R len=7
PKT t=19920 TX ua=95 mt=P len=0
PKT t=19949 RX ua=95 mt=R len=7
PKT t=19954 TX ua=95 mt=P len=0
PKT t=19963 RX ua=95 mt=R len=7
PKT t=19968 TX ua=95 mt=P len=0
PKT t=19977 RX ua=95 mt=R len=7
PKT t=19982 TX ua=95 mt=P len=0
PKT t=19991 RX ua=95 mt=R len=7
PKT t=19996 TX ua=95 mt=P len=0
PKT t=20005 RX ua=95 mt=R len=7
PKT t=20014 TX ua=95 mt=P len=0
PKT t=20023 RX ua=95 mt=R len=7
PKT t=20028 TX ua=95 mt=P len=0
PKT t=20057 RX ua=95 mt=R len=7
PKT t=20062 TX ua=95 mt=P len=0
PKT t=20071 RX ua=95 mt=R len=7
PKT t=20076 TX ua=95 mt=P len=0
PKT t=20085 RX ua=95 mt=R len=7
PKT t=20090 TX ua=95 mt=P len=0
PKT t=20099 RX ua=95 mt=R len=7
PKT t=20104 TX ua=95 mt=T len=7
PKT t=20116 TX ua=95 mt=P len=0
PKT t=20125 RX ua=95 mt=R len=7
PKT t=20130 TX ua=95 mt=P len=0
PKT t=20159 RX ua=95 mt=R len=7
PKT t=20164 TX ua=95 mt=P len=0
PKT t=20173 RX ua=95 mt=R len=7
PKT t=20178 TX ua=95 mt=P len=0
PKT t=20187 RX ua=95 mt=R len=7
PKT t=20192 TX ua=95 mt=P len=0
PKT t=20201 RX ua=95 mt=R len=7
PKT t=20206 TX ua=95 mt=P len=0
PKT t=20215 RX ua=95 mt=R len=7
PKT t=20220 TX ua=95 mt=P len=0
PKT t=20229 RX ua=95 mt=R len=7
PKT t=20234 TX ua=95 mt=P len=0
PKT t=20267 RX ua=95 mt=R len=7
PKT t=20272 TX ua=95 mt=P len=0
PKT t=20281 RX ua=95 mt=R len=7
PKT t=20286 TX ua=95 mt=P len=0
PKT t=20295 RX ua=95 mt=R len=7
PKT t=20300 TX ua=95 mt=P len=0
PKT t=20309 RX ua=95 mt=R len=7
PKT t=20314 TX ua=95 mt=P len=0
PKT t=20323 RX ua=95 mt=R len=7
PKT t=20328 TX ua=95 mt=P len=0
PKT t=20337 RX ua=95 mt=R len=7
PKT t=20342 TX ua=95 mt=P len=0
PKT t=20371 RX ua=95 mt=R len=7
PKT t=20376 TX ua=95 mt=T len=7
PKT t=20388 TX ua=95 mt=P len=0
PKT t=20397 RX ua=95 mt=R len=7
PKT t=20402 TX ua=95 mt=P len=0
PKT t=20411 RX ua=95 mt=R len=7
PKT t=20416 TX ua=95 mt=P len=0
PKT t=20425 RX ua=95 mt=R len=7
PKT t=20430 TX ua=95 mt=P len=0
PKT t=20439 RX ua=95 mt=R len=7
PKT t=20444 TX ua=95 mt=P len=0
PKT t=20473 RX ua=95 mt=R len=7
PKT t=20478 TX ua=95 mt=P len=0
PKT t=20487 RX ua=95 mt=R len=7
PKT t=20492 TX ua=95 mt=P len=0
PKT t=20501 RX ua=95 mt=R len=7
PKT t=20506 TX ua=95 mt=P len=0
PKT t=20515 RX ua=95 mt=R len=7
PKT t=20520 TX ua=95 mt=P len=0
PKT t=20529 RX ua=95 mt=R len=7
PKT t=20534 TX ua=95 mt=P len=0
PKT t=20543 RX ua=95 mt=R len=7
PKT t=20556 TX ua=95 mt=P len=0
PKT t=20577 RX ua=95 mt=R len=7
PKT t=20582 TX ua=95 mt=P len=0
PKT t=20591 RX ua=95 mt=R len=7
PKT t=20596 TX ua=95 mt=P len=0
PKT t=20605 RX ua=95 mt=R len=7
PKT t=20610 TX ua=95 mt=T len=7
PKT t=20622 TX ua=95 mt=P len=0
PKT t=20631 RX ua=95 mt=R len=7
PKT t=20636 TX ua=95 mt=P len=0
PKT t=20645 RX ua=95 mt=R len=7
PKT t=20650 TX ua=95 mt=P len=0
PKT t=20679 RX ua=95 mt=R len=7
PKT t=20684 TX ua=95 mt=P len=0
PKT t=20693 RX ua=95 mt=R len=7
PKT t=20698 TX ua=95 mt=P len=0
PKT t=20707 RX ua=95 mt=R len=7
PKT t=20712 TX ua=95 mt=P len=0
PKT t=20721 RX ua=95 mt=R len=7
PKT t=20726 TX ua=95 mt=P len=0
PKT t=20735 RX ua=95 mt=R len=7
PKT t=20740 TX ua=95 mt=P len=0
PKT t=20749 RX ua=95 mt=R len=7
PKT t=20754 TX ua=95 mt=P len=0
PKT t=20783 RX ua=95 mt=R len=7
PKT t=20788 TX ua=95 mt=P len=0
PKT t=20797 RX ua=95 mt=R len=7
PKT t=20802 TX ua=95 mt=P len=0
PKT t=20811 RX ua=95 mt=R len=7
PKT t=20816 TX ua=95 mt=P len=0
PKT t=20825 RX ua=95 mt=R len=7
PKT t=20830 TX ua=95 mt=P len=0
PKT t=20839 RX ua=95 mt=R len=7
PKT t=20844 TX ua=95 mt=P len=0
PKT t=20853 RX ua=95 mt=R len=7
PKT t=20858 TX ua=95 mt=T len=7
PKT t=20870 TX ua=95 mt=P len=0
PKT t=20889 RX ua=95 mt=R len=7
PKT t=20894 TX ua=95 mt=P len=0
PKT t=20903 RX ua=95 mt=R len=7
PKT t=20908 TX ua=95 mt=P len=0
PKT t=20917 RX ua=95 mt=R len=7
PKT t=20922 TX ua=95 mt=P len=0
PKT t=20931 RX ua=95 mt=R len=7
PKT t=20936 TX ua=95 mt=P len=0
PKT t=20945 RX ua=95 mt=R len=7
PKT t=20950 TX ua=95 mt=P len=0
PKT t=20959 RX ua=95 mt=R len=7
PKT t=20964 TX ua=95 mt=P len=0
PKT t=20993 RX ua=95 mt=R len=7
PKT t=20998 TX ua=95 mt=P len=0
PKT t=21007 RX ua=95 mt=R len=7
PKT t=21012 TX ua=95 mt=P len=0
PKT t=21021 RX ua=95 mt=R len=7
PKT t=21026 TX ua=95 mt=P len=0
PKT t=21035 RX ua=95 mt=R len=7
PKT t=21040 TX ua=95 mt=P len=0
PKT t=21056 RX ua=95 mt=R len=7
PKT t=21061 TX ua=95 mt=P len=0
PKT t=21092 RX ua=95 mt=R len=7
PKT t=21097 TX ua=95 mt=P len=0
PKT t=21106 RX ua=95 mt=R len=7
PKT t=21111 TX ua=95 mt=T len=7
PKT t=21124 TX ua=95 mt=P len=0
PKT t=21133 RX ua=95 mt=R len=7
PKT t=21138 TX ua=95 mt=P len=0
PKT t=21147 RX ua=95 mt=R len=7
PKT t=21152 TX ua=95 mt=P len=0
PKT t=21161 RX ua=95 mt=R len=7
PKT t=21166 TX ua=95 mt=P len=0
PKT t=21195 RX ua=95 mt=R len=7
PKT t=21200 TX ua=95 mt=P len=0
PKT t=21209 RX ua=95 mt=R len=7
PKT t=21214 TX ua=95 mt=P len=0
PKT t=21223 RX ua=95 mt=R len=7
PKT t=21228 TX ua=95 mt=P len=0
PKT t=21237 RX ua=95 mt=R len=7
PKT t=21242 TX ua=95 mt=P len=0
PKT t=21251 RX ua=95 mt=R len=7
PKT t=21256 TX ua=95 mt=P len=0
PKT t=21265 RX ua=95 mt=R len=7
PKT t=21270 TX ua=95 mt=P len=0
PKT t=21299 RX ua=95 mt=R len=7
PKT t=21304 TX ua=95 mt=P len=0
PKT t=21313 RX ua=95 mt=R len=7
PKT t=21318 TX ua=95 mt=P len=0
PKT t=21327 RX ua=95 mt=R len=7
PKT t=21332 TX ua=95 mt=P len=0
PKT t=21341 RX ua=95 mt=R len=7
PKT t=21346 TX ua=95 mt=P len=0
PKT t=21355 RX ua=95 mt=R len=7
PKT t=21360 TX ua=95 mt=T len=7
PKT t=21373 TX ua=95 mt=P len=0
PKT t=21401 RX ua=95 mt=R len=7
PKT t=21406 TX ua=95 mt=P len=0
PKT t=21416 RX ua=95 mt=R len=7
PKT t=21421 TX ua=95 mt=P len=0
PKT t=21431 RX ua=95 mt=R len=7
PKT t=21436 TX ua=95 mt=P len=0
PKT t=21446 RX ua=95 mt=R len=7
PKT t=21451 TX ua=95 mt=P len=0
PKT t=21461 RX ua=95 mt=R len=7
PKT t=21466 TX ua=95 mt=P len=0
PKT t=21476 RX ua=95 mt=R len=7
PKT t=21481 TX ua=95 mt=P len=0
PKT t=21510 RX ua=95 mt=R len=7
PKT t=21515 TX ua=95 mt=P len=0
PKT t=21525 RX ua=95 mt=R len=7
PKT t=21530 TX ua=95 mt=P len=0
PKT t=21540 RX ua=95 mt=R len=7
PKT t=21545 TX ua=95 mt=P len=0
PKT t=21556 RX ua=95 mt=R len=7
PKT t=21811 TX ua=96 mt=P len=0
PKT t=22069 TX ua=95 mt=P len=0
PKT t=22079 RX ua=95 mt=R len=7
PKT t=22084 TX ua=95 mt=T len=7
PKT t=22097 TX ua=95 mt=P len=0
PKT t=22115 RX ua=95 mt=R len=7
PKT t=22120 TX ua=95 mt=T len=7
PKT t=22132 TX ua=95 mt=P len=0
PKT t=22141 RX ua=95 mt=R len=7
PKT t=22146 TX ua=95 mt=P len=0
PKT t=22155 RX ua=95 mt=R len=7
PKT t=22160 TX ua=95 mt=P len=0
PKT t=22169 RX ua=95 mt=R len=7
PKT t=22174 TX ua=95 mt=P len=0
PKT t=22183 RX ua=95 mt=R len=7
PKT t=22188 TX ua=95 mt=P len=0
PKT t=22217 RX ua=95 mt=R len=7
PKT t=22222 TX ua=95 mt=P len=0
PKT t=22231 RX ua=95 mt=R len=7
PKT t=22236 TX ua=95 mt=P len=0
PKT t=22245 RX ua=95 mt=R len=7
PKT t=22250 TX ua=95 mt=P len=0
PKT t=22259 RX ua=95 mt=R len=7
PKT t=22264 TX ua=95 mt=P len=0
PKT t=22273 RX ua=95 mt=R len=7
PKT t=22278 TX ua=95 mt=P len=0
PKT t=22287 RX ua=95 mt=R len=7
PKT t=22292 TX ua=95 mt=P len=0
PKT t=22321 RX ua=95 mt=R len=7
PKT t=22326 TX ua=95 mt=P len=0
PKT t=22335 RX ua=95 mt=R len=7
PKT t=22340 TX ua=95 mt=P len=0
PKT t=22349 RX ua=95 mt=R len=7
PKT t=22354 TX ua=95 mt=T len=7
PKT t=22366 TX ua=95 mt=P len=0
PKT t=22375 RX ua=95 mt=R len=7
PKT t=22380 TX ua=95 mt=P len=0
PKT t=22389 RX ua=95 mt=R len=7
PKT t=22394 TX ua=95 mt=P len=0
PKT t=22423 RX ua=95 mt=R len=7
PKT t=22428 TX ua=95 mt=P len=0
PKT t=22437 RX ua=95 mt=R len=7
PKT t=22442 TX ua=95 mt=P len=0
PKT t=22451 RX ua=95 mt=R len=7
PKT t=22456 TX ua=95 mt=P len=0
PKT t=22465 RX ua=95 mt=R len=7
PKT t=22470 TX ua=95 mt=P len=0
PKT t=22479 RX ua=95 mt=R len=7
PKT t=22484 TX ua=95 mt=P len=0
PKT t=22493 RX ua=95 mt=R len=7
PKT t=22498 TX ua=95 mt=P len=0
PKT t=22527 RX ua=95 mt=R len=7
PKT t=22532 TX ua=95 mt=P len=0
PKT t=22541 RX ua=95 mt=R len=7
PKT t=22546 TX ua=95 mt=P len=0
PKT t=22556 RX ua=95 mt=R len=7
PKT t=22811 TX ua=96 mt=P len=0
PKT t=23069 TX ua=95 mt=P len=0
PKT t=23078 RX ua=95 mt=R len=7
PKT t=23083 TX ua=95 mt=T len=7
PKT t=23095 TX ua=95 mt=P len=0
PKT t=23126 RX ua=95 mt=R len=7
PKT t=23131 TX ua=95 mt=T len=7
PKT t=23143 TX ua=95 mt=P len=0
PKT t=23152 RX ua=95 mt=R len=7
PKT t=23157 TX ua=95 mt=P len=0
PKT t=23166 RX ua=95 mt=R len=7
PKT t=23171 TX ua=95 mt=P len=0
PKT t=23180 RX ua=95 mt=R len=7
PKT t=23185 TX ua=95 mt=P len=0
PKT t=23194 RX ua=95 mt=R len=7
PKT t=23199 TX ua=95 mt=P len=0
PKT t=23228 RX ua=95 mt=R len=7
PKT t=23233 TX ua=95 mt=P len=0
PKT t=23242 RX ua=95 mt=R len=7
PKT t=23247 TX ua=95 mt=P len=0
PKT t=23256 RX ua=95 mt=R len=7
PKT t=23261 TX ua=95 mt=P len=0
PKT t=23270 RX ua=95 mt=R len=7
PKT t=23275 TX ua=95 mt=P len=0
PKT t=23284 RX ua=95 mt=R len=7
PKT t=23289 TX ua=95 mt=P len=0
PKT t=23298 RX ua=95 mt=R len=7
PKT t=23303 TX ua=95 mt=P len=0
PKT t=23333 RX ua=95 mt=R len=7
PKT t=23337 TX ua=95 mt=P len=0
PKT t=23346 RX ua=95 mt=R len=7
PKT t=23351 TX ua=95 mt=T len=7
PKT t=23363 TX ua=95 mt=P len=0
PKT t=23373 RX ua=95 mt=R len=7
PKT t=23378 TX ua=95 mt=P len=0
PKT t=23388 RX ua=95 mt=R len=7
PKT t=23393 TX ua=95 mt=P len=0
PKT t=23403 RX ua=95 mt=R len=7
PKT t=23408 TX ua=95 mt=P len=0
PKT t=23437 RX ua=95 mt=R len=7
PKT t=23442 TX ua=95 mt=P len=0
PKT t=23452 RX ua=95 mt=R len=7
PKT t=23457 TX ua=95 mt=P len=0
PKT t=23467 RX ua=95 mt=R len=7
PKT t=23472 TX ua=95 mt=P len=0
PKT t=23482 RX ua=95 mt=R len=7
PKT t=23487 TX ua=95 mt=P len=0
PKT t=23497 RX ua=95 mt=R len=7
PKT t=23502 TX ua=95 mt=P len=0
PKT t=23512 RX ua=95 mt=R len=7
PKT t=23517 TX ua=95 mt=P len=0
PKT t=23546 RX ua=95 mt=R len=7
PKT t=23556 TX ua=95 mt=P len=0
PKT t=23566 RX ua=95 mt=R len=7
PKT t=23571 TX ua=95 mt=P len=0
PKT t=23581 RX ua=95 mt=R len=7
PKT t=23586 TX ua=95 mt=P len=0
PKT t=23596 RX ua=95 mt=R len=7
PKT t=23601 TX ua=95 mt=T len=7
PKT t=23613 TX ua=95 mt=P len=0
PKT t=23645 RX ua=95 mt=R len=7
PKT t=23650 TX ua=95 mt=P len=0
PKT t=23659 RX ua=95 mt=R len=7
PKT t=23664 TX ua=95 mt=P len=0
PKT t=23673 RX ua=95 mt=R len=7
PKT t=23678 TX ua=95 mt=P len=0
PKT t=23687 RX ua=95 mt=R len=7
PKT t=23692 TX ua=95 mt=P len=0
PKT t=23701 RX ua=95 mt=R len=7
PKT t=23706 TX ua=95 mt=P len=0
PKT t=23715 RX ua=95 mt=R len=7
PKT t=23720 TX ua=95 mt=P len=0
PKT t=23749 RX ua=95 mt=R len=7
PKT t=23754 TX ua=95 mt=P len=0
PKT t=23763 RX ua=95 mt=R len=7
PKT t=23768 TX ua=95 mt=P len=0
PKT t=23777 RX ua=95 mt=R len=7
PKT t=23782 TX ua=95 mt=P len=0
PKT t=23791 RX ua=95 mt=R len=7
PKT t=23796 TX ua=95 mt=P len=0
PKT t=23805 RX ua=95 mt=R len=7
PKT t=23810 TX ua=95 mt=P len=0
PKT t=23819 RX ua=95 mt=R len=7
PKT t=23824 TX ua=95 mt=P len=0
PKT t=23853 RX ua=95 mt=R len=7
PKT t=23858 TX ua=95 mt=T len=7
PKT t=23870 TX ua=95 mt=P len=0
PKT t=23879 RX ua=95 mt=R len=7
PKT t=23884 TX ua=95 mt=P len=0
PKT t=23893 RX ua=95 mt=R len=7
PKT t=23898 TX ua=95 mt=P len=0
PKT t=23907 RX ua=95 mt=R len=7
PKT t=23912 TX ua=95 mt=P len=0
PKT t=23921 RX ua=95 mt=R len=7
PKT t=23926 TX ua=95 mt=P len=0
PKT t=23955 RX ua=95 mt=R len=7
PKT t=23960 TX ua=95 mt=P len=0
PKT t=23969 RX ua=95 mt=R len=7
PKT t=23974 TX ua=95 mt=P len=0
PKT t=23983 RX ua=95 mt=R len=7
PKT t=23988 TX ua=95 mt=P len=0
PKT t=23997 RX ua=95 mt=R len=7
PKT t=24002 TX ua=95 mt=P len=0
PKT t=24011 RX ua=95 mt=R len=7
PKT t=24016 TX ua=95 mt=P len=0
PKT t=24025 RX ua=95 mt=R len=7
PKT t=24030 TX ua=95 mt=P len=0
PKT t=24059 RX ua=95 mt=R len=7
PKT t=24064 TX ua=95 mt=P len=0
PKT t=24073 RX ua=95 mt=R len=7
PKT t=24078 TX ua=95 mt=P len=0
PKT t=24087 RX ua=95 mt=R len=7
PKT t=24092 TX ua=95 mt=P len=0
PKT t=24101 RX ua=95 mt=R len=7
PKT t=24106 TX ua=95 mt=T len=7
PKT t=24118 TX ua=95 mt=P len=0
PKT t=24127 RX ua=95 mt=R len=7
PKT t=24132 TX ua=95 mt=P len=0
PKT t=24161 RX ua=95 mt=R len=7
PKT t=24166 TX ua=95 mt=P len=0
PKT t=24175 RX ua=95 mt=R len=7
PKT t=24180 TX ua=95 mt=P len=0
PKT t=24189 RX ua=95 mt=R len=7
PKT t=24194 TX ua=95 mt=P len=0
PKT t=24203 RX ua=95 mt=R len=7
PKT t=24208 TX ua=95 mt=P len=0
PKT t=24217 RX ua=95 mt=R len=7
PKT t=24222 TX ua=95 mt=P len=0
PKT t=24231 RX ua=95 mt=R len=7
PKT t=24236 TX ua=95 mt=P len=0
PKT t=24265 RX ua=95 mt=R len=7
PKT t=24270 TX ua=95 mt=P len=0
PKT t=24279 RX ua=95 mt=R len=7
PKT t=24284 TX ua=95 mt=P len=0
PKT t=24293 RX ua=95 mt=R len=7
PKT t=24298 TX ua=95 mt=P len=0
PKT t=24307 RX ua=95 mt=R len=7
PKT t=24312 TX ua=95 mt=P len=0
PKT t=24321 RX ua=95 mt=R len=7
PKT t=24326 TX ua=95 mt=P len=0
PKT t=24335 RX ua=95 mt=R len=7
PKT t=24340 TX ua=95 mt=P len=0
PKT t=24369 RX ua=95 mt=R len=7
PKT t=24374 TX ua=95 mt=T len=7
PKT t=24386 TX ua=95 mt=P len=0
PKT t=24395 RX ua=95 mt=R len=7
PKT t=24400 TX ua=95 mt=P len=0
PKT t=24409 RX ua=95 mt=R len=7
PKT t=24414 TX ua=95 mt=P len=0
PKT t=24423 RX ua=95 mt=R len=7
PKT t=24428 TX ua=95 mt=P len=0
PKT t=24437 RX ua=95 mt=R len=7
PKT t=24442 TX ua=95 mt=P len=0
PKT t=24471 RX ua=95 mt=R len=7
PKT t=24476 TX ua=95 mt=P len=0
PKT t=24485 RX ua=95 mt=R len=7
PKT t=24490 TX ua=95 mt=P len=0
PKT t=24499 RX ua=95 mt=R len=7
PKT t=24504 TX ua=95 mt=P len=0
PKT t=24513 RX ua=95 mt=R len=7
PKT t=24518 TX ua=95 mt=P len=0
PKT t=24527 RX ua=95 mt=R len=7
PKT t=24532 TX ua=95 mt=P len=0
PKT t=24541 RX ua=95 mt=R len=7
PKT t=24546 TX ua=95 mt=P len=0
PKT t=24575 RX ua=95 mt=R len=7
PKT t=24580 TX ua=95 mt=P len=0
PKT t=24589 RX ua=95 mt=R len=7
PKT t=24594 TX ua=95 mt=P len=0
PKT t=24603 RX ua=95 mt=R len=7
PKT t=24608 TX ua=95 mt=T len=7
PKT t=24620 TX ua=95 mt=P len=0
PKT t=24629 RX ua=95 mt=R len=7
PKT t=24634 TX ua=95 mt=P len=0
PKT t=24643 RX ua=95 mt=R len=7
PKT t=24648 TX ua=95 mt=P len=0
PKT t=24677 RX ua=95 mt=R len=7
PKT t=24682 TX ua=95 mt=P len=0
PKT t=24691 RX ua=95 mt=R len=7
PKT t=24696 TX ua=95 mt=P len=0
PKT t=24705 RX ua=95 mt=R len=7
PKT t=24710 TX ua=95 mt=P len=0
PKT t=24719 RX ua=95 mt=R len=7
PKT t=24724 TX ua=95 mt=P len=0
PKT t=24733 RX ua=95 mt=R len=7
PKT t=24738 TX ua=95 mt=P len=0
PKT t=24747 RX ua=95 mt=R len=7
PKT t=24752 TX ua=95 mt=P len=0
PKT t=24781 RX ua=95 mt=R len=7
PKT t=24786 TX ua=95 mt=P len=0
PKT t=24795 RX ua=95 mt=R len=7
PKT t=24800 TX ua=95 mt=P len=0
PKT t=24809 RX ua=95 mt=R len=7
PKT t=24814 TX ua=95 mt=P len=0
PKT t=24823 RX ua=95 mt=R len=7
PKT t=24828 TX ua=95 mt=P len=0
PKT t=24837 RX ua=95 mt=R len=7
PKT t=24842 TX ua=95 mt=P len=0
PKT t=24851 RX ua=95 mt=R len=7
PKT t=24856 TX ua=95 mt=T len=7
PKT t=24868 TX ua=95 mt=P len=0
PKT t=24887 RX ua=95 mt=R len=7
PKT t=24892 TX ua=95 mt=P len=0
PKT t=24901 RX ua=95 mt=R len=7
PKT t=24906 TX ua=95 mt=P len=0
PKT t=24915 RX ua=95 mt=R len=7
PKT t=24920 TX ua=95 mt=P len=0
PKT t=24929 RX ua=95 mt=R len=7
PKT t=24934 TX ua=95 mt=P len=0
PKT t=24943 RX ua=95 mt=R len=7
PKT t=24948 TX ua=95 mt=P len=0
PKT t=24957 RX ua=95 mt=R len=7
PKT t=24962 TX ua=95 mt=P len=0
PKT t=24991 RX ua=95 mt=R len=7
PKT t=24996 TX ua=95 mt=P len=0
PKT t=25005 RX ua=95 mt=R len=7
PKT t=25010 TX ua=95 mt=P len=0
PKT t=25019 RX ua=95 mt=R len=7
PKT t=25024 TX ua=95 mt=P len=0
PKT t=25033 RX ua=95 mt=R len=7
PKT t=25038 TX ua=95 mt=P len=0
PKT t=25056 RX ua=95 mt=R len=7
PKT t=25061 TX ua=95 mt=P len=0
PKT t=25090 RX ua=95 mt=R len=7
PKT t=25095 TX ua=95 mt=P len=0
PKT t=25104 RX ua=95 mt=R len=7
PKT t=25109 TX ua=95 mt=T len=7
PKT t=25121 TX ua=95 mt=P len=0
PKT t=25130 RX ua=95 mt=R len=7
PKT t=25135 TX ua=95 mt=P len=0
PKT t=25144 RX ua=95 mt=R len=7
PKT t=25149 TX ua=95 mt=P len=0
PKT t=25158 RX ua=95 mt=R len=7
PKT t=25163 TX ua=95 mt=P len=0
PKT t=25192 RX ua=95 mt=R len=7
PKT t=25197 TX ua=95 mt=P len=0
PKT t=25206 RX ua=95 mt=R len=7
PKT t=25211 TX ua=95 mt=P len=0
PKT t=25220 RX ua=95 mt=R len=7
PKT t=25225 TX ua=95 mt=P len=0
PKT t=25235 RX ua=95 mt=R len=7
PKT t=25240 TX ua=95 mt=P len=0
PKT t=25249 RX ua=95 mt=R len=7
PKT t=25254 TX ua=95 mt=P len=0
PKT t=25263 RX ua=95 mt=R len=7
PKT t=25268 TX ua=95 mt=P len=0
PKT t=25297 RX ua=95 mt=R len=7
PKT t=25302 TX ua=95 mt=P len=0
PKT t=25311 RX ua=95 mt=R len=7
PKT t=25316 TX ua=95 mt=P len=0
PKT t=25325 RX ua=95 mt=R len=7
PKT t=25330 TX ua=95 mt=P len=0
PKT t=25339 RX ua=95 mt=R len=7
PKT t=25344 TX ua=95 mt=P len=0
PKT t=25353 RX ua=95 mt=R len=7
PKT t=25358 TX ua=95 mt=T len=7
PKT t=25370 TX ua=95 mt=P len=0
PKT t=25398 RX ua=95 mt=R len=7
PKT t=25403 TX ua=95 mt=P len=0
PKT t=25413 RX ua=95 mt=R len=7
PKT t=25418 TX ua=95 mt=P len=0
PKT t=25428 RX ua=95 mt=R len=7
PKT t=25433 TX ua=95 mt=P len=0
PKT t=25443 RX ua=95 mt=R len=7
PKT t=25448 TX ua=95 mt=P len=0
PKT t=25458 RX ua=95 mt=R len=7
PKT t=25463 TX ua=95 mt=P len=0
PKT t=25473 RX ua=95 mt=R len=7
PKT t=25478 TX ua=95 mt=P len=0
PKT t=25507 RX ua=95 mt=R len=7
PKT t=25512 TX ua=95 mt=P len=0
PKT t=25522 RX ua=95 mt=R len=7
PKT t=25527 TX ua=95 mt=P len=0
PKT t=25537 RX ua=95 mt=R len=7
PKT t=25542 TX ua=95 mt=P len=0
PKT t=25556 RX ua=95 mt=R len=7
PKT t=25561 TX ua=95 mt=P len=0
PKT t=25571 RX ua=95 mt=R len=7
PKT t=25576 TX ua=95 mt=P len=0
PKT t=25607 RX ua=95 mt=R len=7
PKT t=25611 TX ua=95 mt=T len=7
PKT t=25623 TX ua=95 mt=P len=0
PKT t=25632 RX ua=95 mt=R len=7
PKT t=25637 TX ua=95 mt=P len=0
PKT t=25646 RX ua=95 mt=R len=7
PKT t=25651 TX ua=95 mt=P len=0
PKT t=25660 RX ua=95 mt=R len=7
PKT t=25665 TX ua=95 mt=P len=0
PKT t=25674 RX ua=95 mt=R len=7
PKT t=25679 TX ua=95 mt=P len=0
PKT t=25708 RX ua=95 mt=R len=7
PKT t=25713 TX ua=95 mt=P len=0
PKT t=25722 RX ua=95 mt=R len=7
PKT t=25727 TX ua=95 mt=P len=0
PKT t=25736 RX ua=95 mt=R len=7
PKT t=25741 TX ua=95 mt=P len=0
PKT t=25750 RX ua=95 mt=R len=7
PKT t=25755 TX ua=95 mt=P len=0
PKT t=25764 RX ua=95 mt=R len=7
PKT t=25769 TX ua=95 mt=P len=0
PKT t=25778 RX ua=95 mt=R len=7
PKT t=25783 TX ua=95 mt=P len=0
PKT t=25812 RX ua=95 mt=R len=7
PKT t=25817 TX ua=95 mt=P len=0
PKT t=25826 RX ua=95 mt=R len=7
PKT t=25831 TX ua=95 mt=P len=0
PKT t=25840 RX ua=95 mt=R len=7
PKT t=25845 TX ua=95 mt=P len=0
PKT t=25854 RX ua=95 mt=R len=7
PKT t=25859 TX ua=95 mt=T len=7
PKT t=25871 TX ua=95 mt=P len=0
PKT t=25880 RX ua=95 mt=R len=7
PKT t=25885 TX ua=95 mt=P len=0
PKT t=25914 RX ua=95 mt=R len=7
PKT t=25919 TX ua=95 mt=P len=0
PKT t=25928 RX ua=95 mt=R len=7
PKT t=25933 TX ua=95 mt=P len=0
PKT t=25942 RX ua=95 mt=R len=7
PKT t=25947 TX ua=95 mt=P len=0
PKT t=25956 RX ua=95 mt=R len=7
PKT t=25961 TX ua=95 mt=P len=0
PKT t=25970 RX ua=95 mt=R len=7
PKT t=25975 TX ua=95 mt=P len=0
PKT t=25984 RX ua=95 mt=R len=7
PKT t=25989 TX ua=95 mt=P len=0
PKT t=26018 RX ua=95 mt=R len=7
PKT t=26023 TX ua=95 mt=P len=0
PKT t=26032 RX ua=95 mt=R len=7
PKT t=26037 TX ua=95 mt=P len=0
PKT t=26046 RX ua=95 mt=R len=7
PKT t=26056 TX ua=95 mt=P len=0
PKT t=26065 RX ua=95 mt=R len=7
PKT t=26070 TX ua=95 mt=P len=0
PKT t=26079 RX ua=95 mt=R len=7
PKT t=26084 TX ua=95 mt=P len=0
PKT t=26117 RX ua=95 mt=R len=7
PKT t=26122 TX ua=95 mt=T len=7
PKT t=26135 TX ua=95 mt=P len=0
PKT t=26144 RX ua=95 mt=R len=7
PKT t=26149 TX ua=95 mt=T len=7
PKT t=26162 TX ua=95 mt=P len=0
PKT t=26171 RX ua=95 mt=R len=7
PKT t=26176 TX ua=95 mt=P len=0
PKT t=26185 RX ua=95 mt=R len=7
PKT t=26190 TX ua=95 mt=P len=0
PKT t=26219 RX ua=95 mt=R len=7
PKT t=26224 TX ua=95 mt=P len=0
PKT t=26233 RX ua=95 mt=R len=7
PKT t=26238 TX ua=95 mt=P len=0
PKT t=26247 RX ua=95 mt=R len=7
PKT t=26252 TX ua=95 mt=P len=0
PKT t=26261 RX ua=95 mt=R len=7
PKT t=26266 TX ua=95 mt=P len=0
PKT t=26277 RX ua=95 mt=R len=7
PKT t=26282 TX ua=95 mt=P len=0
PKT t=26291 RX ua=95 mt=R len=7
PKT t=26296 TX ua=95 mt=P len=0
PKT t=26325 RX ua=95 mt=R len=7
PKT t=26330 TX ua=95 mt=P len=0
PKT t=26339 RX ua=95 mt=R len=7
PKT t=26344 TX ua=95 mt=P len=0
PKT t=26353 RX ua=95 mt=R len=7
PKT t=26358 TX ua=95 mt=T len=7
PKT t=26371 TX ua=95 mt=P len=0
PKT t=26380 RX ua=95 mt=R len=7
PKT t=26385 TX ua=95 mt=P len=0
PKT t=26394 RX ua=95 mt=R len=7
PKT t=26399 TX ua=95 mt=P len=0
PKT t=26428 RX ua=95 mt=R len=7
PKT t=26433 TX ua=95 mt=P len=0
PKT t=26442 RX ua=95 mt=R len=7
PKT t=26447 TX ua=95 mt=P len=0
PKT t=26456 RX ua=95 mt=R len=7
PKT t=26461 TX ua=95 mt=P len=0
PKT t=26470 RX ua=95 mt=R len=7
PKT t=26475 TX ua=95 mt=P len=0
PKT t=26484 RX ua=95 mt=R len=7
PKT t=26489 TX ua=95 mt=P len=0
PKT t=26498 RX ua=95 mt=R len=7
PKT t=26503 TX ua=95 mt=P len=0
PKT t=26532 RX ua=95 mt=R len=7
PKT t=26537 TX ua=95 mt=P len=0
PKT t=26546 RX ua=95 mt=R len=7
PKT t=26556 TX ua=95 mt=P len=0
PKT t=26565 RX ua=95 mt=R len=7
PKT t=26570 TX ua=95 mt=P len=0
PKT t=26579 RX ua=95 mt=R len=7
PKT t=26584 TX ua=95 mt=P len=0
PKT t=26593 RX ua=95 mt=R len=7
PKT t=26598 TX ua=95 mt=P len=0
PKT t=26631 RX ua=95 mt=R len=7
PKT t=26636 TX ua=95 mt=T len=7
PKT t=26649 TX ua=95 mt=P len=0
PKT t=26658 RX ua=95 mt=R len=7
PKT t=26663 TX ua=95 mt=P len=0
PKT t=26672 RX ua=95 mt=R len=7
PKT t=26677 TX ua=95 mt=P len=0
PKT t=26686 RX ua=95 mt=R len=7
PKT t=26691 TX ua=95 mt=P len=0
PKT t=26700 RX ua=95 mt=R len=7
PKT t=26705 TX ua=95 mt=P len=0
PKT t=26734 RX ua=95 mt=R len=7
PKT t=26739 TX ua=95 mt=P len=0
PKT t=26748 RX ua=95 mt=R len=7
PKT t=26753 TX ua=95 mt=P len=0
PKT t=26762 RX ua=95 mt=R len=7
PKT t=26767 TX ua=95 mt=P len=0
PKT t=26777 RX ua=95 mt=R len=7
PKT t=26782 TX ua=95 mt=P len=0
PKT t=26791 RX ua=95 mt=R len=7
PKT t=26796 TX ua=95 mt=P len=0
PKT t=26806 RX ua=95 mt=R len=7
PKT t=26811 TX ua=95 mt=P len=0
PKT t=26840 RX ua=95 mt=R len=7
PKT t=26845 TX ua=95 mt=P len=0
PKT t=26854 RX ua=95 mt=R len=7
PKT t=26859 TX ua=95 mt=T len=7
PKT t=26872 TX ua=95 mt=P len=0
PKT t=26881 RX ua=95 mt=R len=7
PKT t=26886 TX ua=95 mt=P len=0
PKT t=26895 RX ua=95 mt=R len=7
PKT t=26900 TX ua=95 mt=P len=0
PKT t=26909 RX ua=95 mt=R len=7
PKT t=26914 TX ua=95 mt=P len=0
PKT t=26944 RX ua=95 mt=R len=7
PKT t=26949 TX ua=95 mt=P len=0
PKT t=26958 RX ua=95 mt=R len=7
PKT t=26963 TX ua=95 mt=P len=0
PKT t=26972 RX ua=95 mt=R len=7
PKT t=26977 TX ua=95 mt=P len=0
PKT t=26986 RX ua=95 mt=R len=7
PKT t=26991 TX ua=95 mt=P len=0
PKT t=27000 RX ua=95 mt=R len=7
PKT t=27005 TX ua=95 mt=P len=0
PKT t=27014 RX ua=95 mt=R len=7
PKT t=27019 TX ua=95 mt=P len=0
PKT t=27056 RX ua=95 mt=R len=7
PKT t=27061 TX ua=95 mt=P len=0
PKT t=27070 RX ua=95 mt=R len=7
PKT t=27075 TX ua=95 mt=P len=0
PKT t=27084 RX ua=95 mt=R len=7
PKT t=27089 TX ua=95 mt=P len=0
PKT t=27098 RX ua=95 mt=R len=7
PKT t=27103 TX ua=95 mt=T len=7
PKT t=27115 TX ua=95 mt=P len=0
PKT t=27148 RX ua=95 mt=R len=7
PKT t=27153 TX ua=95 mt=P len=0
PKT t=27162 RX ua=95 mt=R len=7
PKT t=27167 TX ua=95 mt=P len=0
PKT t=27176 RX ua=95 mt=R len=7
PKT t=27181 TX ua=95 mt=P len=0
PKT t=27190 RX ua=95 mt=R len=7
PKT t=27195 TX ua=95 mt=P len=0
PKT t=27204 RX ua=95 mt=R len=7
PKT t=27209 TX ua=95 mt=P len=0
PKT t=27218 RX ua=95 mt=R len=7
PKT t=27223 TX ua=95 mt=P len=0
PKT t=27252 RX ua=95 mt=R len=7
PKT t=27257 TX ua=95 mt=P len=0
PKT t=27266 RX ua=95 mt=R len=7
PKT t=27271 TX ua=95 mt=P len=0
PKT t=27281 RX ua=95 mt=R len=7
PKT t=27286 TX ua=95 mt=P len=0
PKT t=27295 RX ua=95 mt=R len=7
PKT t=27300 TX ua=95 mt=P len=0
PKT t=27309 RX ua=95 mt=R len=7
PKT t=27314 TX ua=95 mt=P len=0
PKT t=27323 RX ua=95 mt=R len=7
PKT t=27328 TX ua=95 mt=P len=0
PKT t=27357 RX ua=95 mt=R len=7
PKT t=27362 TX ua=95 mt=T len=7
PKT t=27374 TX ua=95 mt=P len=0
PKT t=27385 RX ua=95 mt=R len=7
PKT t=27389 TX ua=95 mt=P len=0
PKT t=27399 RX ua=95 mt=R len=7
PKT t=27404 TX ua=95 mt=P len=0
PKT t=27414 RX ua=95 mt=R len=7
PKT t=27419 TX ua=95 mt=P len=0
PKT t=27429 RX ua=95 mt=R len=7
PKT t=27434 TX ua=95 mt=P len=0
PKT t=27463 RX ua=95 mt=R len=7
PKT t=27468 TX ua=95 mt=P len=0
PKT t=27478 RX ua=95 mt=R len=7
PKT t=27483 TX ua=95 mt=P len=0
PKT t=27493 RX ua=95 mt=R len=7
PKT t=27498 TX ua=95 mt=P len=0
PKT t=27508 RX ua=95 mt=R len=7
PKT t=27513 TX ua=95 mt=P len=0
PKT t=27523 RX ua=95 mt=R len=7
PKT t=27528 TX ua=95 mt=P len=0
PKT t=27538 RX ua=95 mt=R len=7
PKT t=27543 TX ua=95 mt=P len=0
PKT t=27572 RX ua=95 mt=R len=7
PKT t=27577 TX ua=95 mt=P len=0
PKT t=27587 RX ua=95 mt=R len=7
PKT t=27592 TX ua=95 mt=P len=0
PKT t=27602 RX ua=95 mt=R len=7
PKT t=27607 TX ua=95 mt=T len=7
PKT t=27619 TX ua=95 mt=P len=0
PKT t=27628 RX ua=95 mt=R len=7
PKT t=27633 TX ua=95 mt=P len=0
PKT t=27642 RX ua=95 mt=R len=7
PKT t=27647 TX ua=95 mt=P len=0
PKT t=27676 RX ua=95 mt=R len=7
PKT t=27681 TX ua=95 mt=P len=0
PKT t=27690 RX ua=95 mt=R len=7
PKT t=27695 TX ua=95 mt=P len=0
PKT t=27704 RX ua=95 mt=R len=7
PKT t=27709 TX ua=95 mt=P len=0
PKT t=27718 RX ua=95 mt=R len=7
PKT t=27723 TX ua=95 mt=P len=0
PKT t=27732 RX ua=95 mt=R len=7
PKT t=27737 TX ua=95 mt=P len=0
PKT t=27746 RX ua=95 mt=R len=7
PKT t=27751 TX ua=95 mt=P len=0
PKT t=27780 RX ua=95 mt=R len=7
PKT t=27785 TX ua=95 mt=P len=0
PKT t=27794 RX ua=95 mt=R len=7
PKT t=27799 TX ua=95 mt=P len=0
PKT t=27808 RX ua=95 mt=R len=7
PKT t=27813 TX ua=95 mt=P len=0
PKT t=27822 RX ua=95 mt=R len=7
PKT t=27827 TX ua=95 mt=P len=0
PKT t=27836 RX ua=95 mt=R len=7
PKT t=27841 TX ua=95 mt=P len=0
PKT t=27850 RX ua=95 mt=R len=7
PKT t=27855 TX ua=95 mt=T len=7
PKT t=27867 TX ua=95 mt=P len=0
PKT t=27886 RX ua=95 mt=R len=7
PKT t=27891 TX ua=95 mt=P len=0
PKT t=27901 RX ua=95 mt=R len=7
PKT t=27906 TX ua=95 mt=P len=0
PKT t=27915 RX ua=95 mt=R len=7
PKT t=27920 TX ua=95 mt=P len=0
PKT t=27929 RX ua=95 mt=R len=7
PKT t=27934 TX ua=95 mt=P len=0
PKT t=27943 RX ua=95 mt=R len=7
PKT t=27948 TX ua=95 mt=P len=0
PKT t=27957 RX ua=95 mt=R len=7
PKT t=27962 TX ua=95 mt=P len=0
PKT t=27991 RX ua=95 mt=R len=7
PKT t=27996 TX ua=95 mt=P len=0
PKT t=28005 RX ua=95 mt=R len=7
PKT t=28010 TX ua=95 mt=P len=0
PKT t=28019 RX ua=95 mt=R len=7
PKT t=28024 TX ua=95 mt=P len=0
PKT t=28033 RX ua=95 mt=R len=7
PKT t=28038 TX ua=95 mt=P len=0
PKT t=28056 RX ua=95 mt=R len=7
PKT t=28061 TX ua=95 mt=P len=0
PKT t=28091 RX ua=95 mt=R len=7
PKT t=28096 TX ua=95 mt=P len=0
PKT t=28106 RX ua=95 mt=R len=7
PKT t=28110 TX ua=95 mt=T len=7
PKT t=28122 TX ua=95 mt=P len=0
PKT t=28131 RX ua=95 mt=R len=7
PKT t=28136 TX ua=95 mt=P len=0
PKT t=28145 RX ua=95 mt=R len=7
PKT t=28150 TX ua=95 mt=P len=0
PKT t=28159 RX ua=95 mt=R len=7
PKT t=28164 TX ua=95 mt=P len=0
PKT t=28193 RX ua=95 mt=R len=7
PKT t=28198 TX ua=95 mt=P len=0
PKT t=28207 RX ua=95 mt=R len=7
PKT t=28212 TX ua=95 mt=P len=0
PKT t=28221 RX ua=95 mt=R len=7
PKT t=28226 TX ua=95 mt=P len=0
PKT t=28235 RX ua=95 mt=R len=7
PKT t=28240 TX ua=95 mt=P len=0
PKT t=28249 RX ua=95 mt=R len=7
PKT t=28254 TX ua=95 mt=P len=0
PKT t=28263 RX ua=95 mt=R len=7
PKT t=28268 TX ua=95 mt=P len=0
PKT t=28301 RX ua=95 mt=R len=7
PKT t=28306 TX ua=95 mt=P len=0
PKT t=28315 RX ua=95 mt=R len=7
PKT t=28320 TX ua=95 mt=P len=0
PKT t=28329 RX ua=95 mt=R len=7
PKT t=28334 TX ua=95 mt=P len=0
PKT t=28343 RX ua=95 mt=R len=7
PKT t=28348 TX ua=95 mt=P len=0
PKT t=28357 RX ua=95 mt=R len=7
PKT t=28362 TX ua=95 mt=T len=7
PKT t=28374 TX ua=95 mt=P len=0
PKT t=28402 RX ua=95 mt=R len=7
PKT t=28407 TX ua=95 mt=P len=0
PKT t=28416 RX ua=95 mt=R len=7
PKT t=28421 TX ua=95 mt=P len=0
PKT t=28430 RX ua=95 mt=R len=7
PKT t=28435 TX ua=95 mt=P len=0
PKT t=28444 RX ua=95 mt=R len=7
PKT t=28449 TX ua=95 mt=P len=0
PKT t=28459 RX ua=95 mt=R len=7
PKT t=28464 TX ua=95 mt=P len=0
PKT t=28473 RX ua=95 mt=R len=7
PKT t=28478 TX ua=95 mt=P len=0
PKT t=28507 RX ua=95 mt=R len=7
PKT t=28512 TX ua=95 mt=P len=0
PKT t=28521 RX ua=95 mt=R len=7
PKT t=28526 TX ua=95 mt=P len=0
PKT t=28535 RX ua=95 mt=R len=7
PKT t=28540 TX ua=95 mt=P len=0
PKT t=28556 RX ua=95 mt=R len=7
PKT t=28561 TX ua=95 mt=P len=0
PKT t=28570 RX ua=95 mt=R len=7
PKT t=28575 TX ua=95 mt=P len=0
PKT t=28607 RX ua=95 mt=R len=7
PKT t=28612 TX ua=95 mt=T len=7
PKT t=28624 TX ua=95 mt=P len=0
PKT t=28633 RX ua=95 mt=R len=7
PKT t=28638 TX ua=95 mt=P len=0
PKT t=28647 RX ua=95 mt=R len=7
PKT t=28652 TX ua=95 mt=P len=0
PKT t=28661 RX ua=95 mt=R len=7
PKT t=28666 TX ua=95 mt=P len=0
PKT t=28675 RX ua=95 mt=R len=7
PKT t=28680 TX ua=95 mt=P len=0
PKT t=28709 RX ua=95 mt=R len=7
PKT t=28714 TX ua=95 mt=P len=0
PKT t=28723 RX ua=95 mt=R len=7
PKT t=28728 TX ua=95 mt=P len=0
PKT t=28737 RX ua=95 mt=R len=7
PKT t=28742 TX ua=95 mt=P len=0
PKT t=28751 RX ua=95 mt=R len=7
PKT t=28756 TX ua=95 mt=P len=0
PKT t=28765 RX ua=95 mt=R len=7
PKT t=28770 TX ua=95 mt=P len=0
PKT t=28779 RX ua=95 mt=R len=7
PKT t=28784 TX ua=95 mt=P len=0
PKT t=28813 RX ua=95 mt=R len=7
PKT t=28818 TX ua=95 mt=P len=0
PKT t=28827 RX ua=95 mt=R len=7
PKT t=28832 TX ua=95 mt=P len=0
PKT t=28841 RX ua=95 mt=R len=7
PKT t=28846 TX ua=95 mt=P len=0
PKT t=28855 RX ua=95 mt=R len=7
PKT t=28860 TX ua=95 mt=T len=7
PKT t=28872 TX ua=95 mt=P len=0
PKT t=28881 RX ua=95 mt=R len=7
PKT t=28886 TX ua=95 mt=P len=0
PKT t=28915 RX ua=95 mt=R len=7
PKT t=28920 TX ua=95 mt=P len=0
PKT t=28929 RX ua=95 mt=R len=7
PKT t=28934 TX ua=95 mt=P len=0
PKT t=28945 RX ua=95 mt=R len=7
PKT t=28949 TX ua=95 mt=P len=0
PKT t=28958 RX ua=95 mt=R len=7
PKT t=28963 TX ua=95 mt=P len=0
PKT t=28972 RX ua=95 mt=R len=7
PKT t=28977 TX ua=95 mt=P len=0
PKT t=28986 RX ua=95 mt=R len=7
PKT t=28991 TX ua=95 mt=P len=0
PKT t=29020 RX ua=95 mt=R len=7
PKT t=29025 TX ua=95 mt=P len=0
PKT t=29034 RX ua=95 mt=R len=7
PKT t=29039 TX ua=95 mt=P len=0
PKT t=29056 RX ua=95 mt=R len=7
PKT t=29061 TX ua=95 mt=P len=0
PKT t=29070 RX ua=95 mt=R len=7
PKT t=29075 TX ua=95 mt=P len=0
PKT t=29084 RX ua=95 mt=R len=7
PKT t=29089 TX ua=95 mt=P len=0
PKT t=29119 RX ua=95 mt=R len=7
PKT t=29124 TX ua=95 mt=T len=7
PKT t=29137 TX ua=95 mt=P len=0
PKT t=29146 RX ua=95 mt=R len=7
PKT t=29151 TX ua=95 mt=P len=0
PKT t=29160 RX ua=95 mt=R len=7
PKT t=29165 TX ua=95 mt=P len=0
PKT t=29174 RX ua=95 mt=R len=7
PKT t=29179 TX ua=95 mt=P len=0
PKT t=29188 RX ua=95 mt=R len=7
PKT t=29193 TX ua=95 mt=P len=0
PKT t=29222 RX ua=95 mt=R len=7
PKT t=29227 TX ua=95 mt=P len=0
PKT t=29236 RX ua=95 mt=R len=7
PKT t=29241 TX ua=95 mt=P len=0
PKT t=29250 RX ua=95 mt=R len=7
PKT t=29255 TX ua=95 mt=P len=0
PKT t=29264 RX ua=95 mt=R len=7
PKT t=29269 TX ua=95 mt=P len=0
PKT t=29278 RX ua=95 mt=R len=7
PKT t=29283 TX ua=95 mt=P len=0
PKT t=29292 RX ua=95 mt=R len=7
PKT t=29297 TX ua=95 mt=P len=0
PKT t=29326 RX ua=95 mt=R len=7
PKT t=29331 TX ua=95 mt=P len=0
PKT t=29340 RX ua=95 mt=R len=7
PKT t=29345 TX ua=95 mt=P len=0
PKT t=29354 RX ua=95 mt=R len=7
PKT t=29359 TX ua=95 mt=T len=7
PKT t=29372 TX ua=95 mt=P len=0
PKT t=29382 RX ua=95 mt=R len=7
PKT t=29387 TX ua=95 mt=P len=0
PKT t=29397 RX ua=95 mt=R len=7
PKT t=29402 TX ua=95 mt=P len=0
PKT t=29431 RX ua=95 mt=R len=7
PKT t=29436 TX ua=95 mt=P len=0
PKT t=29446 RX ua=95 mt=R len=7
PKT t=29451 TX ua=95 mt=P len=0
PKT t=29461 RX ua=95 mt=R len=7
PKT t=29466 TX ua=95 mt=P len=0
PKT t=29476 RX ua=95 mt=R len=7
PKT t=29481 TX ua=95 mt=P len=0
PKT t=29491 RX ua=95 mt=R len=7
PKT t=29496 TX ua=95 mt=P len=0
PKT t=29506 RX ua=95 mt=R len=7
PKT t=29511 TX ua=95 mt=P len=0
PKT t=29540 RX ua=95 mt=R len=7
PKT t=29545 TX ua=95 mt=P len=0
PKT t=29556 RX ua=95 mt=R len=7
PKT t=29811 TX ua=96 mt=P len=0
PKT t=30069 TX ua=95 mt=P len=0
PKT t=30079 RX ua=95 mt=R len=7
PKT t=30084 TX ua=95 mt=T len=7
PKT t=30097 TX ua=95 mt=P len=0
PKT t=30106 RX ua=95 mt=R len=7
PKT t=30111 TX ua=95 mt=T len=7
PKT t=30123 TX ua=95 mt=P len=0
PKT t=30142 RX ua=95 mt=R len=7
PKT t=30147 TX ua=95 mt=P len=0
PKT t=30156 RX ua=95 mt=R len=7
PKT t=30161 TX ua=95 mt=P len=0
PKT t=30170 RX ua=95 mt=R len=7
PKT t=30175 TX ua=95 mt=P len=0
PKT t=30184 RX ua=95 mt=R len=7
PKT t=30189 TX ua=95 mt=P len=0
PKT t=30198 RX ua=95 mt=R len=7
PKT t=30203 TX ua=95 mt=P len=0
PKT t=30212 RX ua=95 mt=R len=7
PKT t=30217 TX ua=95 mt=P len=0
PKT t=30246 RX ua=95 mt=R len=7
PKT t=30251 TX ua=95 mt=P len=0
PKT t=30260 RX ua=95 mt=R len=7
PKT t=30265 TX ua=95 mt=P len=0
PKT t=30274 RX ua=95 mt=R len=7
PKT t=30279 TX ua=95 mt=P len=0
PKT t=30288 RX ua=95 mt=R len=7
PKT t=30293 TX ua=95 mt=P len=0
PKT t=30302 RX ua=95 mt=R len=7
PKT t=30307 TX ua=95 mt=P len=0
PKT t=30316 RX ua=95 mt=R len=7
PKT t=30321 TX ua=95 mt=P len=0
PKT t=30350 RX ua=95 mt=R len=7
PKT t=30355 TX ua=95 mt=T len=7
PKT t=30367 TX ua=95 mt=P len=0
PKT t=30376 RX ua=95 mt=R len=7
PKT t=30381 TX ua=95 mt=P len=0
PKT t=30390 RX ua=95 mt=R len=7
PKT t=30395 TX ua=95 mt=P len=0
PKT t=30404 RX ua=95 mt=R len=7
PKT t=30409 TX ua=95 mt=P len=0
PKT t=30418 RX ua=95 mt=R len=7
PKT t=30423 TX ua=95 mt=P len=0
PKT t=30452 RX ua=95 mt=R len=7
PKT t=30457 TX ua=95 mt=P len=0
PKT t=30466 RX ua=95 mt=R len=7
PKT t=30471 TX ua=95 mt=P len=0
PKT t=30480 RX ua=95 mt=R len=7
PKT t=30485 TX ua=95 mt=P len=0
PKT t=30494 RX ua=95 mt=R len=7
PKT t=30499 TX ua=95 mt=P len=0
PKT t=30508 RX ua=95 mt=R len=7
PKT t=30513 TX ua=95 mt=P len=0
PKT t=30522 RX ua=95 mt=R len=7
PKT t=30527 TX ua=95 mt=P len=0
PKT t=30556 RX ua=95 mt=R len=7
PKT t=30561 TX ua=95 mt=P len=0
PKT t=30570 RX ua=95 mt=R len=7
PKT t=30575 TX ua=95 mt=P len=0
PKT t=30584 RX ua=95 mt=R len=7
PKT t=30589 TX ua=95 mt=P len=0
PKT t=30598 RX ua=95 mt=R len=7
PKT t=30603 TX ua=95 mt=T len=7
PKT t=30615 TX ua=95 mt=P len=0
PKT t=30624 RX ua=95 mt=R len=7
PKT t=30629 TX ua=95 mt=P len=0
PKT t=30658 RX ua=95 mt=R len=7
PKT t=30663 TX ua=95 mt=P len=0
PKT t=30672 RX ua=95 mt=R len=7
PKT t=30677 TX ua=95 mt=P len=0
PKT t=30686 RX ua=95 mt=R len=7
PKT t=30691 TX ua=95 mt=P len=0
PKT t=30700 RX ua=95 mt=R len=7
PKT t=30705 TX ua=95 mt=P len=0
PKT t=30714 RX ua=95 mt=R len=7
PKT t=30719 TX ua=95 mt=P len=0
PKT t=30728 RX ua=95 mt=R len=7
PKT t=30733 TX ua=95 mt=P len=0
PKT t=30763 RX ua=95 mt=R len=7
PKT t=30768 TX ua=95 mt=P len=0
PKT t=30777 RX ua=95 mt=R len=7
PKT t=30782 TX ua=95 mt=P len=0
PKT t=30791 RX ua=95 mt=R len=7
PKT t=30796 TX ua=95 mt=P len=0
PKT t=30805 RX ua=95 mt=R len=7
PKT t=30810 TX ua=95 mt=P len=0
PKT t=30819 RX ua=95 mt=R len=7
PKT t=30824 TX ua=95 mt=P len=0
PKT t=30833 RX ua=95 mt=R len=7
PKT t=30838 TX ua=95 mt=P len=0
PKT t=30867 RX ua=95 mt=R len=7
PKT t=30872 TX ua=95 mt=T len=7
PKT t=30884 TX ua=95 mt=P len=0
PKT t=30893 RX ua=95 mt=R len=7
PKT t=30898 TX ua=95 mt=P len=0
PKT t=30907 RX ua=95 mt=R len=7
PKT t=30912 TX ua=95 mt=P len=0
PKT t=30921 RX ua=95 mt=R len=7
PKT t=30926 TX ua=95 mt=P len=0
PKT t=30935 RX ua=95 mt=R len=7
PKT t=30940 TX ua=95 mt=P len=0
PKT t=30970 RX ua=95 mt=R len=7
PKT t=30975 TX ua=95 mt=P len=0
PKT t=30984 RX ua=95 mt=R len=7
PKT t=30989 TX ua=95 mt=P len=0
PKT t=30998 RX ua=95 mt=R len=7
PKT t=31003 TX ua=95 mt=P len=0
PKT t=31012 RX ua=95 mt=R len=7
PKT t=31017 TX ua=95 mt=P len=0
PKT t=31026 RX ua=95 mt=R len=7
PKT t=31031 TX ua=95 mt=P len=0
PKT t=31040 RX ua=95 mt=R len=7
PKT t=31045 TX ua=95 mt=P len=0
PKT t=31074 RX ua=95 mt=R len=7
PKT t=31079 TX ua=95 mt=P len=0
PKT t=31088 RX ua=95 mt=R len=7
PKT t=31093 TX ua=95 mt=P len=0
PKT t=31102 RX ua=95 mt=R len=7
PKT t=31107 TX ua=95 mt=T len=7
PKT t=31119 TX ua=95 mt=P len=0
PKT t=31128 RX ua=95 mt=R len=7
PKT t=31133 TX ua=95 mt=P len=0
PKT t=31142 RX ua=95 mt=R len=7
PKT t=31147 TX ua=95 mt=P len=0
PKT t=31176 RX ua=95 mt=R len=7
PKT t=31181 TX ua=95 mt=P len=0
PKT t=31190 RX ua=95 mt=R len=7
PKT t=31195 TX ua=95 mt=P len=0
PKT t=31204 RX ua=95 mt=R len=7
PKT t=31209 TX ua=95 mt=P len=0
PKT t=31218 RX ua=95 mt=R len=7
PKT t=31223 TX ua=95 mt=P len=0
PKT t=31232 RX ua=95 mt=R len=7
PKT t=31237 TX ua=95 mt=P len=0
PKT t=31246 RX ua=95 mt=R len=7
PKT t=31251 TX ua=95 mt=P len=0
PKT t=31280 RX ua=95 mt=R len=7
PKT t=31285 TX ua=95 mt=P len=0
PKT t=31294 RX ua=95 mt=R len=7
PKT t=31299 TX ua=95 mt=P len=0
PKT t=31308 RX ua=95 mt=R len=7
PKT t=31313 TX ua=95 mt=P len=0
PKT t=31322 RX ua=95 mt=R len=7
PKT t=31327 TX ua=95 mt=P len=0
PKT t=31336 RX ua=95 mt=R len=7
PKT t=31341 TX ua=95 mt=P len=0
PKT t=31350 RX ua=95 mt=R len=7
PKT t=31355 TX ua=95 mt=T len=7
PKT t=31367 TX ua=95 mt=P len=0
PKT t=31386 RX ua=95 mt=R len=7
PKT t=31391 TX ua=95 mt=P len=0
PKT t=31401 RX ua=95 mt=R len=7
PKT t=31406 TX ua=95 mt=P len=0
PKT t=31416 RX ua=95 mt=R len=7
PKT t=31421 TX ua=95 mt=P len=0
PKT t=31431 RX ua=95 mt=R len=7
PKT t=31436 TX ua=95 mt=P len=0
PKT t=31446 RX ua=95 mt=R len=7
PKT t=31451 TX ua=95 mt=P len=0
PKT t=31484 RX ua=95 mt=R len=7
PKT t=31489 TX ua=95 mt=P len=0
PKT t=31499 RX ua=95 mt=R len=7
PKT t=31504 TX ua=95 mt=P len=0
PKT t=31514 RX ua=95 mt=R len=7
PKT t=31519 TX ua=95 mt=P len=0
PKT t=31529 RX ua=95 mt=R len=7
PKT t=31534 TX ua=95 mt=P len=0
PKT t=31544 RX ua=95 mt=R len=7
PKT t=31556 TX ua=95 mt=P len=0
PKT t=31584 RX ua=95 mt=R len=7
PKT t=31589 TX ua=95 mt=P len=0
PKT t=31599 RX ua=95 mt=R len=7
PKT t=31604 TX ua=95 mt=T len=7
PKT t=31616 TX ua=95 mt=P len=0
PKT t=31625 RX ua=95 mt=R len=7
PKT t=31630 TX ua=95 mt=P len=0
PKT t=31639 RX ua=95 mt=R len=7
PKT t=31644 TX ua=95 mt=P len=0
PKT t=31653 RX ua=95 mt=R len=7
PKT t=31658 TX ua=95 mt=P len=0
PKT t=31687 RX ua=95 mt=R len=7
PKT t=31692 TX ua=95 mt=P len=0
PKT t=31701 RX ua=95 mt=R len=7
PKT t=31706 TX ua=95 mt=P len=0
PKT t=31715 RX ua=95 mt=R len=7
PKT t=31720 TX ua=95 mt=P len=0
PKT t=31729 RX ua=95 mt=R len=7
PKT t=31734 TX ua=95 mt=P len=0
PKT t=31743 RX ua=95 mt=R len=7
PKT t=31748 TX ua=95 mt=P len=0
PKT t=31757 RX ua=95 mt=R len=7
PKT t=31762 TX ua=95 mt=P len=0
PKT t=31791 RX ua=95 mt=R len=7
PKT t=31796 TX ua=95 mt=P len=0
PKT t=31805 RX ua=95 mt=R len=7
PKT t=31810 TX ua=95 mt=P len=0
PKT t=31819 RX ua=95 mt=R len=7
PKT t=31824 TX ua=95 mt=P len=0
PKT t=31833 RX ua=95 mt=R len=7
PKT t=31838 TX ua=95 mt=P len=0
PKT t=31847 RX ua=95 mt=R len=7
PKT t=31852 TX ua=95 mt=T len=7
PKT t=31864 TX ua=95 mt=P len=0
PKT t=31892 RX ua=95 mt=R len=7
PKT t=31897 TX ua=95 mt=P len=0
PKT t=31906 RX ua=95 mt=R len=7
PKT t=31911 TX ua=95 mt=P len=0
PKT t=31920 RX ua=95 mt=R len=7
PKT t=31925 TX ua=95 mt=P len=0
PKT t=31934 RX ua=95 mt=R len=7
PKT t=31939 TX ua=95 mt=P len=0
PKT t=31948 RX ua=95 mt=R len=7
PKT t=31953 TX ua=95 mt=P len=0
PKT t=31962 RX ua=95 mt=R len=7
PKT t=31967 TX ua=95 mt=P len=0
PKT t=31996 RX ua=95 mt=R len=7
PKT t=32001 TX ua=95 mt=P len=0
PKT t=32010 RX ua=95 mt=R len=7
PKT t=32015 TX ua=95 mt=P len=0
PKT t=32024 RX ua=95 mt=R len=7
PKT t=32029 TX ua=95 mt=P len=0
PKT t=32038 RX ua=95 mt=R len=7
PKT t=32043 TX ua=95 mt=P len=0
PKT t=32056 RX ua=95 mt=R len=7
PKT t=32061 TX ua=95 mt=P len=0
PKT t=32070 RX ua=95 mt=R len=7
PKT t=32075 TX ua=95 mt=P len=0
PKT t=32104 RX ua=95 mt=R len=7
PKT t=32109 TX ua=95 mt=T len=7
PKT t=32121 TX ua=95 mt=P len=0
PKT t=32130 RX ua=95 mt=R len=7
PKT t=32135 TX ua=95 mt=P len=0
PKT t=32144 RX ua=95 mt=R len=7
PKT t=32149 TX ua=95 mt=P len=0
PKT t=32158 RX ua=95 mt=R len=7
PKT t=32163 TX ua=95 mt=P len=0
PKT t=32172 RX ua=95 mt=R len=7
PKT t=32177 TX ua=95 mt=P len=0
PKT t=32206 RX ua=95 mt=R len=7
PKT t=32211 TX ua=95 mt=P len=0
PKT t=32220 RX ua=95 mt=R len=7
PKT t=32225 TX ua=95 mt=P len=0
PKT t=32234 RX ua=95 mt=R len=7
PKT t=32239 TX ua=95 mt=P len=0
PKT t=32248 RX ua=95 mt=R len=7
PKT t=32253 TX ua=95 mt=P len=0
PKT t=32262 RX ua=95 mt=R len=7
PKT t=32267 TX ua=95 mt=P len=0
PKT t=32276 RX ua=95 mt=R len=7
PKT t=32281 TX ua=95 mt=P len=0
PKT t=32314 RX ua=95 mt=R len=7
PKT t=32319 TX ua=95 mt=P len=0
PKT t=32328 RX ua=95 mt=R len=7
PKT t=32333 TX ua=95 mt=P len=0
PKT t=32342 RX ua=95 mt=R len=7
PKT t=32347 TX ua=95 mt=P len=0
PKT t=32356 RX ua=95 mt=R len=7
PKT t=32361 TX ua=95 mt=T len=7
PKT t=32373 TX ua=95 mt=P len=0
PKT t=32382 RX ua=95 mt=R len=7
PKT t=32387 TX ua=95 mt=P len=0
PKT t=32416 RX ua=95 mt=R len=7
PKT t=32421 TX ua=95 mt=P len=0
PKT t=32430 RX ua=95 mt=R len=7
PKT t=32435 TX ua=95 mt=P len=0
PKT t=32444 RX ua=95 mt=R len=7
PKT t=32449 TX ua=95 mt=P len=0
PKT t=32458 RX ua=95 mt=R len=7
PKT t=32463 TX ua=95 mt=P len=0
PKT t=32472 RX ua=95 mt=R len=7
PKT t=32477 TX ua=95 mt=P len=0
PKT t=32486 RX ua=95 mt=R len=7
PKT t=32491 TX ua=95 mt=P len=0
PKT t=32520 RX ua=95 mt=R len=7
PKT t=32525 TX ua=95 mt=P len=0
PKT t=32534 RX ua=95 mt=R len=7
PKT t=32539 TX ua=95 mt=P len=0
PKT t=32556 RX ua=95 mt=R len=7
PKT t=32561 TX ua=95 mt=P len=0
PKT t=32570 RX ua=95 mt=R len=7
PKT t=32575 TX ua=95 mt=P len=0
PKT t=32584 RX ua=95 mt=R len=7
PKT t=32589 TX ua=95 mt=P len=0
PKT t=32619 RX ua=95 mt=R len=7
PKT t=32624 TX ua=95 mt=T len=7
PKT t=32636 TX ua=95 mt=P len=0
PKT t=32645 RX ua=95 mt=R len=7
PKT t=32650 TX ua=95 mt=P len=0
PKT t=32659 RX ua=95 mt=R len=7
PKT t=32664 TX ua=95 mt=P len=0
PKT t=32673 RX ua=95 mt=R len=7
PKT t=32678 TX ua=95 mt=P len=0
PKT t=32687 RX ua=95 mt=R len=7
PKT t=32692 TX ua=95 mt=P len=0
PKT t=32721 RX ua=95 mt=R len=7
PKT t=32726 TX ua=95 mt=P len=0
PKT t=32735 RX ua=95 mt=R len=7
PKT t=32740 TX ua=95 mt=P len=0
PKT t=32749 RX ua=95 mt=R len=7
PKT t=32754 TX ua=95 mt=P len=0
PKT t=32764 RX ua=95 mt=R len=7
PKT t=32768 TX ua=95 mt=P len=0
PKT t=32777 RX ua=95 mt=R len=7
PKT t=32782 TX ua=95 mt=P len=0
PKT t=32791 RX ua=95 mt=R len=7
PKT t=32796 TX ua=95 mt=P len=0
PKT t=32825 RX ua=95 mt=R len=7
PKT t=32830 TX ua=95 mt=P len=0
PKT t=32839 RX ua=95 mt=R len=7
PKT t=32844 TX ua=95 mt=P len=0
PKT t=32854 RX ua=95 mt=R len=7
PKT t=32859 TX ua=95 mt=T len=7
PKT t=32871 TX ua=95 mt=P len=0
PKT t=32880 RX ua=95 mt=R len=7
PKT t=32885 TX ua=95 mt=P len=0
PKT t=32894 RX ua=95 mt=R len=7
PKT t=32899 TX ua=95 mt=P len=0
PKT t=32928 RX ua=95 mt=R len=7
PKT t=32933 TX ua=95 mt=P len=0
PKT t=32942 RX ua=95 mt=R len=7
PKT t=32947 TX ua=95 mt=P len=0
PKT t=32956 RX ua=95 mt=R len=7
PKT t=32961 TX ua=95 mt=P len=0
PKT t=32970 RX ua=95 mt=R len=7
PKT t=32975 TX ua=95 mt=P len=0
PKT t=32984 RX ua=95 mt=R len=7
PKT t=32989 TX ua=95 mt=P len=0
PKT t=32998 RX ua=95 mt=R len=7
PKT t=33003 TX ua=95 mt=P len=0
PKT t=33034 RX ua=95 mt=R len=7
PKT t=33039 TX ua=95 mt=P len=0
PKT t=33056 RX ua=95 mt=R len=7
PKT t=33061 TX ua=95 mt=P len=0
PKT t=33070 RX ua=95 mt=R len=7
PKT t=33075 TX ua=95 mt=P len=0
PKT t=33084 RX ua=95 mt=R len=7
PKT t=33089 TX ua=95 mt=P len=0
PKT t=33098 RX ua=95 mt=R len=7
PKT t=33103 TX ua=95 mt=T len=7
PKT t=33115 TX ua=95 mt=P len=0
PKT t=33134 RX ua=95 mt=R len=7
PKT t=33139 TX ua=95 mt=P len=0
PKT t=33148 RX ua=95 mt=R len=7
PKT t=33153 TX ua=95 mt=P len=0
PKT t=33162 RX ua=95 mt=R len=7
PKT t=33167 TX ua=95 mt=P len=0
PKT t=33176 RX ua=95 mt=R len=7
PKT t=33181 TX ua=95 mt=P len=0
PKT t=33190 RX ua=95 mt=R len=7
PKT t=33195 TX ua=95 mt=P len=0
PKT t=33204 RX ua=95 mt=R len=7
PKT t=33209 TX ua=95 mt=P len=0
PKT t=33238 RX ua=95 mt=R len=7
PKT t=33243 TX ua=95 mt=P len=0
PKT t=33252 RX ua=95 mt=R len=7
PKT t=33257 TX ua=95 mt=P len=0
PKT t=33266 RX ua=95 mt=R len=7
PKT t=33271 TX ua=95 mt=P len=0
PKT t=33280 RX ua=95 mt=R len=7
PKT t=33285 TX ua=95 mt=P len=0
PKT t=33294 RX ua=95 mt=R len=7
PKT t=33299 TX ua=95 mt=P len=0
PKT t=33308 RX ua=95 mt=R len=7
PKT t=33313 TX ua=95 mt=P len=0
PKT t=33342 RX ua=95 mt=R len=7
PKT t=33347 TX ua=95 mt=P len=0
PKT t=33356 RX ua=95 mt=R len=7
PKT t=33361 TX ua=95 mt=T len=7
PKT t=33373 TX ua=95 mt=P len=0
PKT t=33383 RX ua=95 mt=R len=7
PKT t=33388 TX ua=95 mt=P len=0
PKT t=33398 RX ua=95 mt=R len=7
PKT t=33403 TX ua=95 mt=P len=0
PKT t=33413 RX ua=95 mt=R len=7
PKT t=33418 TX ua=95 mt=P len=0
PKT t=33447 RX ua=95 mt=R len=7
PKT t=33452 TX ua=95 mt=P len=0
PKT t=33462 RX ua=95 mt=R len=7
PKT t=33467 TX ua=95 mt=P len=0
PKT t=33477 RX ua=95 mt=R len=7
PKT t=33482 TX ua=95 mt=P len=0
PKT t=33492 RX ua=95 mt=R len=7
PKT t=33497 TX ua=95 mt=P len=0
PKT t=33507 RX ua=95 mt=R len=7
PKT t=33512 TX ua=95 mt=P len=0
PKT t=33522 RX ua=95 mt=R len=7
PKT t=33527 TX ua=95 mt=P len=0
PKT t=33556 RX ua=95 mt=R len=7
PKT t=33561 TX ua=95 mt=P len=0
PKT t=33571 RX ua=95 mt=R len=7
PKT t=33576 TX ua=95 mt=P len=0
PKT t=33586 RX ua=95 mt=R len=7
PKT t=33591 TX ua=95 mt=P len=0
PKT t=33601 RX ua=95 mt=R len=7
PKT t=33606 TX ua=95 mt=T len=7
PKT t=33618 TX ua=95 mt=P len=0
PKT t=33627 RX ua=95 mt=R len=7
PKT t=33632 TX ua=95 mt=P len=0
PKT t=33661 RX ua=95 mt=R len=7
PKT t=33666 TX ua=95 mt=P len=0
PKT t=33675 RX ua=95 mt=R len=7
PKT t=33680 TX ua=95 mt=P len=0
PKT t=33689 RX ua=95 mt=R len=7
PKT t=33694 TX ua=95 mt=P len=0
PKT t=33703 RX ua=95 mt=R len=7
PKT t=33708 TX ua=95 mt=P len=0
PKT t=33717 RX ua=95 mt=R len=7
PKT t=33722 TX ua=95 mt=P len=0
PKT t=33731 RX ua=95 mt=R len=7
PKT t=33736 TX ua=95 mt=P len=0
PKT t=33765 RX ua=95 mt=R len=7
PKT t=33770 TX ua=95 mt=P len=0
PKT t=33779 RX ua=95 mt=R len=7
PKT t=33784 TX ua=95 mt=P len=0
PKT t=33793 RX ua=95 mt=R len=7
PKT t=33798 TX ua=95 mt=P len=0
PKT t=33807 RX ua=95 mt=R len=7
PKT t=33812 TX ua=95 mt=P len=0
PKT t=33821 RX ua=95 mt=R len=7
PKT t=33826 TX ua=95 mt=P len=0
PKT t=33835 RX ua=95 mt=R len=7
PKT t=33840 TX ua=95 mt=P len=0
PKT t=33869 RX ua=95 mt=R len=7
PKT t=33874 TX ua=95 mt=T len=7
PKT t=33886 TX ua=95 mt=P len=0
PKT t=33895 RX ua=95 mt=R len=7
PKT t=33900 TX ua=95 mt=P len=0
PKT t=33909 RX ua=95 mt=R len=7
PKT t=33914 TX ua=95 mt=P len=0
PKT t=33923 RX ua=95 mt=R len=7
PKT t=33928 TX ua=95 mt=P len=0
PKT t=33937 RX ua=95 mt=R len=7
PKT t=33942 TX ua=95 mt=P len=0
PKT t=33971 RX ua=95 mt=R len=7
PKT t=33976 TX ua=95 mt=P len=0
PKT t=33985 RX ua=95 mt=R len=7
PKT t=33990 TX ua=95 mt=P len=0
PKT t=33999 RX ua=95 mt=R len=7
PKT t=34004 TX ua=95 mt=P len=0
PKT t=34013 RX ua=95 mt=R len=7
PKT t=34021 TX ua=95 mt=P len=0
PKT t=34030 RX ua=95 mt=R len=7
PKT t=34035 TX ua=95 mt=P len=0
PKT t=34044 RX ua=95 mt=R len=7
PKT t=34056 TX ua=95 mt=P len=0
PKT t=34078 RX ua=95 mt=R len=7
PKT t=34083 TX ua=95 mt=P len=0
PKT t=34092 RX ua=95 mt=R len=7
PKT t=34097 TX ua=95 mt=P len=0
PKT t=34106 RX ua=95 mt=R len=7
PKT t=34111 TX ua=95 mt=T len=7
PKT t=34124 TX ua=95 mt=P len=0
PKT t=34133 RX ua=95 mt=R len=7
PKT t=34138 TX ua=95 mt=T len=7
PKT t=34151 TX ua=95 mt=P len=0
PKT t=34179 RX ua=95 mt=R len=7
PKT t=34184 TX ua=95 mt=P len=0
PKT t=34193 RX ua=95 mt=R len=7
PKT t=34198 TX ua=95 mt=P len=0
PKT t=34207 RX ua=95 mt=R len=7
PKT t=34212 TX ua=95 mt=P len=0
PKT t=34221 RX ua=95 mt=R len=7
PKT t=34226 TX ua=95 mt=P len=0
PKT t=34235 RX ua=95 mt=R len=7
PKT t=34240 TX ua=95 mt=P len=0
PKT t=34249 RX ua=95 mt=R len=7
PKT t=34254 TX ua=95 mt=P len=0
PKT t=34283 RX ua=95 mt=R len=7
PKT t=34288 TX ua=95 mt=P len=0
PKT t=34297 RX ua=95 mt=R len=7
PKT t=34302 TX ua=95 mt=P len=0
PKT t=34311 RX ua=95 mt=R len=7
PKT t=34316 TX ua=95 mt=P len=0
PKT t=34325 RX ua=95 mt=R len=7
PKT t=34330 TX ua=95 mt=P len=0
PKT t=34339 RX ua=95 mt=R len=7
PKT t=34344 TX ua=95 mt=P len=0
PKT t=34353 RX ua=95 mt=R len=7
PKT t=34358 TX ua=95 mt=T len=7
PKT t=34371 TX ua=95 mt=P len=0
PKT t=34389 RX ua=95 mt=R len=7
PKT t=34394 TX ua=95 mt=P len=0
PKT t=34403 RX ua=95 mt=R len=7
PKT t=34408 TX ua=95 mt=P len=0
PKT t=34417 RX ua=95 mt=R len=7
PKT t=34422 TX ua=95 mt=P len=0
PKT t=34431 RX ua=95 mt=R len=7
PKT t=34436 TX ua=95 mt=P len=0
PKT t=34445 RX ua=95 mt=R len=7
PKT t=34450 TX ua=95 mt=P len=0
PKT t=34459 RX ua=95 mt=R len=7
PKT t=34464 TX ua=95 mt=P len=0
PKT t=34493 RX ua=95 mt=R len=7
PKT t=34498 TX ua=95 mt=P len=0
PKT t=34507 RX ua=95 mt=R len=7
PKT t=34512 TX ua=95 mt=P len=0
PKT t=34521 RX ua=95 mt=R len=7
PKT t=34526 TX ua=95 mt=P len=0
PKT t=34535 RX ua=95 mt=R len=7
PKT t=34540 TX ua=95 mt=P len=0
PKT t=34556 RX ua=95 mt=R len=7
PKT t=34561 TX ua=95 mt=P len=0
PKT t=34592 RX ua=95 mt=R len=7
PKT t=34597 TX ua=95 mt=P len=0
PKT t=34606 RX ua=95 mt=R len=7
PKT t=34611 TX ua=95 mt=T len=7
PKT t=34624 TX ua=95 mt=P len=0
PKT t=34633 RX ua=95 mt=R len=7
PKT t=34638 TX ua=95 mt=P len=0
PKT t=34647 RX ua=95 mt=R len=7
PKT t=34652 TX ua=95 mt=P len=0
PKT t=34661 RX ua=95 mt=R len=7
PKT t=34666 TX ua=95 mt=P len=0
PKT t=34695 RX ua=95 mt=R len=7
PKT t=34700 TX ua=95 mt=P len=0
PKT t=34709 RX ua=95 mt=R len=7
PKT t=34714 TX ua=95 mt=P len=0
PKT t=34723 RX ua=95 mt=R len=7
PKT t=34728 TX ua=95 mt=P len=0
PKT t=34737 RX ua=95 mt=R len=7
PKT t=34742 TX ua=95 mt=P len=0
PKT t=34751 RX ua=95 mt=R len=7
PKT t=34756 TX ua=95 mt=P len=0
PKT t=34765 RX ua=95 mt=R len=7
PKT t=34770 TX ua=95 mt=P len=0
PKT t=34799 RX ua=95 mt=R len=7
PKT t=34804 TX ua=95 mt=P len=0
PKT t=34813 RX ua=95 mt=R len=7
PKT t=34818 TX ua=95 mt=P len=0
PKT t=34827 RX ua=95 mt=R len=7
PKT t=34832 TX ua=95 mt=P len=0
PKT t=34841 RX ua=95 mt=R len=7
PKT t=34846 TX ua=95 mt=P len=0
PKT t=34855 RX ua=95 mt=R len=7
PKT t=34860 TX ua=95 mt=T len=7
PKT t=34873 TX ua=95 mt=P len=0
PKT t=34900 RX ua=95 mt=R len=7
PKT t=34905 TX ua=95 mt=P len=0
PKT t=34914 RX ua=95 mt=R len=7
PKT t=34919 TX ua=95 mt=P len=0
PKT t=34928 RX ua=95 mt=R len=7
PKT t=34933 TX ua=95 mt=P len=0
PKT t=34942 RX ua=95 mt=R len=7
PKT t=34947 TX ua=95 mt=P len=0
PKT t=34956 RX ua=95 mt=R len=7
PKT t=34961 TX ua=95 mt=P len=0
PKT t=34970 RX ua=95 mt=R len=7
PKT t=34975 TX ua=95 mt=P len=0
PKT t=35004 RX ua=95 mt=R len=7
PKT t=35009 TX ua=95 mt=P len=0
PKT t=35018 RX ua=95 mt=R len=7
PKT t=35023 TX ua=95 mt=P len=0
PKT t=35032 RX ua=95 mt=R len=7
PKT t=35037 TX ua=95 mt=P len=0
PKT t=35046 RX ua=95 mt=R len=7
PKT t=35056 TX ua=95 mt=P len=0
PKT t=35065 RX ua=95 mt=R len=7
PKT t=35070 TX ua=95 mt=P len=0
PKT t=35103 RX ua=95 mt=R len=7
PKT t=35108 TX ua=95 mt=T len=7
PKT t=35120 TX ua=95 mt=P len=0
PKT t=35130 RX ua=95 mt=R len=7
PKT t=35135 TX ua=95 mt=P len=0
PKT t=35144 RX ua=95 mt=R len=7
PKT t=35149 TX ua=95 mt=P len=0
PKT t=35158 RX ua=95 mt=R len=7
PKT t=35163 TX ua=95 mt=P len=0
PKT t=35172 RX ua=95 mt=R len=7
PKT t=35177 TX ua=95 mt=P len=0
PKT t=35206 RX ua=95 mt=R len=7
PKT t=35211 TX ua=95 mt=P len=0
PKT t=35220 RX ua=95 mt=R len=7
PKT t=35225 TX ua=95 mt=P len=0
PKT t=35234 RX ua=95 mt=R len=7
PKT t=35239 TX ua=95 mt=P len=0
PKT t=35248 RX ua=95 mt=R len=7
PKT t=35253 TX ua=95 mt=P len=0
PKT t=35262 RX ua=95 mt=R len=7
PKT t=35267 TX ua=95 mt=P len=0
PKT t=35276 RX ua=95 mt=R len=7
PKT t=35281 TX ua=95 mt=P len=0
PKT t=35310 RX ua=95 mt=R len=7
PKT t=35315 TX ua=95 mt=P len=0
PKT t=35324 RX ua=95 mt=R len=7
PKT t=35329 TX ua=95 mt=P len=0
PKT t=35338 RX ua=95 mt=R len=7
PKT t=35343 TX ua=95 mt=P len=0
PKT t=35352 RX ua=95 mt=R len=7
PKT t=35357 TX ua=95 mt=T len=7
PKT t=35369 TX ua=95 mt=P len=0
PKT t=35379 RX ua=95 mt=R len=7
PKT t=35384 TX ua=95 mt=P len=0
PKT t=35413 RX ua=95 mt=R len=7
PKT t=35418 TX ua=95 mt=P len=0
PKT t=35428 RX ua=95 mt=R len=7
PKT t=35433 TX ua=95 mt=P len=0
PKT t=35443 RX ua=95 mt=R len=7
PKT t=35448 TX ua=95 mt=P len=0
PKT t=35458 RX ua=95 mt=R len=7
PKT t=35463 TX ua=95 mt=P len=0
PKT t=35473 RX ua=95 mt=R len=7
PKT t=35478 TX ua=95 mt=P len=0
PKT t=35488 RX ua=95 mt=R len=7
PKT t=35493 TX ua=95 mt=P len=0
PKT t=35522 RX ua=95 mt=R len=7
PKT t=35527 TX ua=95 mt=P len=0
PKT t=35537 RX ua=95 mt=R len=7
PKT t=35542 TX ua=95 mt=P len=0
PKT t=35556 RX ua=95 mt=R len=7
PKT t=35561 TX ua=95 mt=P len=0
PKT t=35571 RX ua=95 mt=R len=7
PKT t=35576 TX ua=95 mt=P len=0
PKT t=35586 RX ua=95 mt=R len=7
PKT t=35591 TX ua=95 mt=P len=0
PKT t=35622 RX ua=95 mt=R len=7
PKT t=35627 TX ua=95 mt=T len=7
PKT t=35639 TX ua=95 mt=P len=0
PKT t=35648 RX ua=95 mt=R len=7
PKT t=35653 TX ua=95 mt=P len=0
PKT t=35662 RX ua=95 mt=R len=7
PKT t=35667 TX ua=95 mt=P len=0
PKT t=35676 RX ua=95 mt=R len=7
PKT t=35681 TX ua=95 mt=P len=0
PKT t=35690 RX ua=95 mt=R len=7
PKT t=35695 TX ua=95 mt=P len=0
PKT t=35724 RX ua=95 mt=R len=7
PKT t=35729 TX ua=95 mt=P len=0
PKT t=35738 RX ua=95 mt=R len=7
PKT t=35743 TX ua=95 mt=P len=0
PKT t=35752 RX ua=95 mt=R len=7
PKT t=35757 TX ua=95 mt=P len=0
PKT t=35766 RX ua=95 mt=R len=7
PKT t=35771 TX ua=95 mt=P len=0
PKT t=35780 RX ua=95 mt=R len=7
PKT t=35785 TX ua=95 mt=P len=0
PKT t=35794 RX ua=95 mt=R len=7
PKT t=35799 TX ua=95 mt=P len=0
PKT t=35828 RX ua=95 mt=R len=7
PKT t=35833 TX ua=95 mt=P len=0
PKT t=35842 RX ua=95 mt=R len=7
PKT t=35847 TX ua=95 mt=P len=0
PKT t=35856 RX ua=95 mt=R len=7
PKT t=35861 TX ua=95 mt=T len=7
PKT t=35873 TX ua=95 mt=P len=0
PKT t=35882 RX ua=95 mt=R len=7
PKT t=35887 TX ua=95 mt=P len=0
PKT t=35896 RX ua=95 mt=R len=7
PKT t=35901 TX ua=95 mt=P len=0
PKT t=35930 RX ua=95 mt=R len=7
PKT t=35935 TX ua=95 mt=P len=0
PKT t=35944 RX ua=95 mt=R len=7
PKT t=35949 TX ua=95 mt=P len=0
PKT t=35958 RX ua=95 mt=R len=7
PKT t=35963 TX ua=95 mt=P len=0
PKT t=35972 RX ua=95 mt=R len=7
PKT t=35977 TX ua=95 mt=P len=0
PKT t=35986 RX ua=95 mt=R len=7
PKT t=35991 TX ua=95 mt=P len=0
PKT t=36000 RX ua=95 mt=R len=7
PKT t=36005 TX ua=95 mt=P len=0
PKT t=36034 RX ua=95 mt=R len=7
PKT t=36039 TX ua=95 mt=P len=0
PKT t=36056 RX ua=95 mt=R len=7
PKT t=36061 TX ua=95 mt=P len=0
PKT t=36070 RX ua=95 mt=R len=7
PKT t=36075 TX ua=95 mt=P len=0
PKT t=36084 RX ua=95 mt=R len=7
PKT t=36089 TX ua=95 mt=P len=0
PKT t=36098 RX ua=95 mt=R len=7
PKT t=36103 TX ua=95 mt=T len=7
PKT t=36115 TX ua=95 mt=P len=0
PKT t=36135 RX ua=95 mt=R len=7
PKT t=36140 TX ua=95 mt=P len=0
PKT t=36149 RX ua=95 mt=R len=7
PKT t=36154 TX ua=95 mt=P len=0
PKT t=36163 RX ua=95 mt=R len=7
PKT t=36168 TX ua=95 mt=P len=0
PKT t=36177 RX ua=95 mt=R len=7
PKT t=36182 TX ua=95 mt=P len=0
PKT t=36191 RX ua=95 mt=R len=7
PKT t=36196 TX ua=95 mt=P len=0
PKT t=36205 RX ua=95 mt=R len=7
PKT t=36210 TX ua=95 mt=P len=0
PKT t=36239 RX ua=95 mt=R len=7
PKT t=36244 TX ua=95 mt=P len=0
PKT t=36253 RX ua=95 mt=R len=7
PKT t=36258 TX ua=95 mt=P len=0
PKT t=36267 RX ua=95 mt=R len=7
PKT t=36272 TX ua=95 mt=P len=0
PKT t=36281 RX ua=95 mt=R len=7
PKT t=36286 TX ua=95 mt=P len=0
PKT t=36295 RX ua=95 mt=R len=7
PKT t=36300 TX ua=95 mt=P len=0
PKT t=36309 RX ua=95 mt=R len=7
PKT t=36314 TX ua=95 mt=P len=0
PKT t=36347 RX ua=95 mt=R len=7
PKT t=36352 TX ua=95 mt=T len=7
PKT t=36364 TX ua=95 mt=P len=0
PKT t=36373 RX ua=95 mt=R len=7
PKT t=36378 TX ua=95 mt=P len=0
PKT t=36387 RX ua=95 mt=R len=7
PKT t=36392 TX ua=95 mt=P len=0
PKT t=36401 RX ua=95 mt=R len=7
PKT t=36406 TX ua=95 mt=P len=0
PKT t=36415 RX ua=95 mt=R len=7
PKT t=36420 TX ua=95 mt=P len=0
PKT t=36449 RX ua=95 mt=R len=7
PKT t=36454 TX ua=95 mt=P len=0
PKT t=36463 RX ua=95 mt=R len=7
PKT t=36468 TX ua=95 mt=P len=0
PKT t=36477 RX ua=95 mt=R len=7
PKT t=36482 TX ua=95 mt=P len=0
PKT t=36491 RX ua=95 mt=R len=7
PKT t=36496 TX ua=95 mt=P len=0
PKT t=36505 RX ua=95 mt=R len=7
PKT t=36510 TX ua=95 mt=P len=0
PKT t=36519 RX ua=95 mt=R len=7
PKT t=36524 TX ua=95 mt=P len=0
PKT t=36556 RX ua=95 mt=R len=7
PKT t=36561 TX ua=95 mt=P len=0
PKT t=36570 RX ua=95 mt=R len=7
PKT t=36575 TX ua=95 mt=P len=0
PKT t=36584 RX ua=95 mt=R len=7
PKT t=36589 TX ua=95 mt=P len=0
PKT t=36598 RX ua=95 mt=R len=7
PKT t=36603 TX ua=95 mt=T len=7
PKT t=36615 TX ua=95 mt=P len=0
PKT t=36624 RX ua=95 mt=R len=7
PKT t=36629 TX ua=95 mt=P len=0
PKT t=36658 RX ua=95 mt=R len=7
PKT t=36663 TX ua=95 mt=P len=0
PKT t=36672 RX ua=95 mt=R len=7
PKT t=36677 TX ua=95 mt=P len=0
PKT t=36686 RX ua=95 mt=R len=7
PKT t=36691 TX ua=95 mt=P len=0
PKT t=36700 RX ua=95 mt=R len=7
PKT t=36705 TX ua=95 mt=P len=0
PKT t=36714 RX ua=95 mt=R len=7
PKT t=36719 TX ua=95 mt=P len=0
PKT t=36728 RX ua=95 mt=R len=7
PKT t=36733 TX ua=95 mt=P len=0
PKT t=36762 RX ua=95 mt=R len=7
PKT t=36767 TX ua=95 mt=P len=0
PKT t=36776 RX ua=95 mt=R len=7
PKT t=36781 TX ua=95 mt=P len=0
PKT t=36790 RX ua=95 mt=R len=7
PKT t=36795 TX ua=95 mt=P len=0
PKT t=36804 RX ua=95 mt=R len=7
PKT t=36809 TX ua=95 mt=P len=0
PKT t=36818 RX ua=95 mt=R len=7
PKT t=36823 TX ua=95 mt=P len=0
PKT t=36832 RX ua=95 mt=R len=7
PKT t=36837 TX ua=95 mt=P len=0
PKT t=36866 RX ua=95 mt=R len=7
PKT t=36871 TX ua=95 mt=T len=7
PKT t=36883 TX ua=95 mt=P len=0
PKT t=36892 RX ua=95 mt=R len=7
PKT t=36897 TX ua=95 mt=P len=0
PKT t=36906 RX ua=95 mt=R len=7
PKT t=36911 TX ua=95 mt=P len=0
PKT t=36920 RX ua=95 mt=R len=7
PKT t=36925 TX ua=95 mt=P len=0
PKT t=36934 RX ua=95 mt=R len=7
PKT t=36939 TX ua=95 mt=P len=0
PKT t=36968 RX ua=95 mt=R len=7
PKT t=36973 TX ua=95 mt=P len=0
PKT t=36982 RX ua=95 mt=R len=7
PKT t=36987 TX ua=95 mt=P len=0
PKT t=36996 RX ua=95 mt=R len=7
PKT t=37001 TX ua=95 mt=P len=0
PKT t=37010 RX ua=95 mt=R len=7
PKT t=37015 TX ua=95 mt=P len=0
PKT t=37025 RX ua=95 mt=R len=7
PKT t=37029 TX ua=95 mt=P len=0
PKT t=37038 RX ua=95 mt=R len=7
PKT t=37043 TX ua=95 mt=P len=0
PKT t=37072 RX ua=95 mt=R len=7
PKT t=37077 TX ua=95 mt=P len=0
PKT t=37086 RX ua=95 mt=R len=7
PKT t=37091 TX ua=95 mt=P len=0
PKT t=37100 RX ua=95 mt=R len=7
PKT t=37105 TX ua=95 mt=T len=7
PKT t=37118 TX ua=95 mt=P len=0
PKT t=37127 RX ua=95 mt=R len=7
PKT t=37132 TX ua=95 mt=P len=0
PKT t=37141 RX ua=95 mt=R len=7
PKT t=37146 TX ua=95 mt=P len=0
PKT t=37175 RX ua=95 mt=R len=7
PKT t=37180 TX ua=95 mt=P len=0
PKT t=37189 RX ua=95 mt=R len=7
PKT t=37194 TX ua=95 mt=P len=0
PKT t=37204 RX ua=95 mt=R len=7
PKT t=37209 TX ua=95 mt=P len=0
PKT t=37218 RX ua=95 mt=R len=7
PKT t=37223 TX ua=95 mt=P len=0
PKT t=37232 RX ua=95 mt=R len=7
PKT t=37237 TX ua=95 mt=P len=0
PKT t=37246 RX ua=95 mt=R len=7
PKT t=37251 TX ua=95 mt=P len=0
PKT t=37280 RX ua=95 mt=R len=7
