PKT t=7113 TX ua=95 mt=P len=0
PKT t=7122 RX ua=95 mt=R len=7
PKT t=7127 TX ua=95 mt=P len=0
PKT t=7136 RX ua=95 mt=R len=7
PKT t=7141 TX ua=95 mt=P len=0
PKT t=7150 RX ua=95 mt=R len=7
PKT t=7155 TX ua=95 mt=P len=0
PKT t=7164 RX ua=95 mt=R len=7
PKT t=7169 TX ua=95 mt=P len=0
PKT t=7198 RX ua=95 mt=R len=7
PKT t=7203 TX ua=95 mt=P len=0
PKT t=7212 RX ua=95 mt=R len=7
PKT t=7217 TX ua=95 mt=P len=0
PKT t=7226 RX ua=95 mt=R len=7
PKT t=7231 TX ua=95 mt=P len=0
PKT t=7240 RX ua=95 mt=R len=7
PKT t=7245 TX ua=95 mt=P len=0
PKT t=7256 RX ua=95 mt=R len=7
PKT t=7511 TX ua=96 mt=I len=13
PKT t=8019 TX ua=96 mt=T len=4
PKT t=8030 TX ua=95 mt=P len=0
PKT t=8039 RX ua=95 mt=R len=7
PKT t=8044 TX ua=95 mt=T len=7
PKT t=8063 TX ua=95 mt=P len=0
PKT t=8072 RX ua=95 mt=R len=7
PKT t=8077 TX ua=95 mt=P len=0
PKT t=8107 RX ua=95 mt=R len=7
PKT t=8112 TX ua=95 mt=T len=7
PKT t=8124 TX ua=95 mt=P len=0
PKT t=8133 RX ua=95 mt=R len=7
PKT t=8138 TX ua=95 mt=P len=0
PKT t=8147 RX ua=95 mt=R len=7
PKT t=8152 TX ua=95 mt=P len=0
PKT t=8161 RX ua=95 mt=R len=7
PKT t=8166 TX ua=95 mt=P len=0
PKT t=8175 RX ua=95 mt=R len=7
PKT t=8180 TX ua=95 mt=P len=0
PKT t=8216 RX ua=95 mt=R len=7
PKT t=8221 TX ua=95 mt=P len=0
PKT t=8230 RX ua=95 mt=R len=7
PKT t=8235 TX ua=95 mt=P len=0
PKT t=8244 RX ua=95 mt=R len=7
PKT t=8249 TX ua=95 mt=P len=0
PKT t=8258 RX ua=95 mt=R len=7
PKT t=8263 TX ua=95 mt=P len=0
PKT t=8272 RX ua=95 mt=R len=7
PKT t=8277 TX ua=95 mt=P len=0
PKT t=8308 RX ua=95 mt=R len=7
PKT t=8313 TX ua=95 mt=P len=0
PKT t=8322 RX ua=95 mt=R len=7
PKT t=8327 TX ua=95 mt=P len=0
PKT t=8336 RX ua=95 mt=R len=7
PKT t=8341 TX ua=95 mt=P len=0
PKT t=8350 RX ua=95 mt=R len=7
PKT t=8355 TX ua=95 mt=P len=0
PKT t=8364 RX ua=95 mt=R len=7
PKT t=8376 TX ua=95 mt=T len=7
PKT t=8388 TX ua=95 mt=P len=0
PKT t=8410 RX ua=95 mt=R len=7
PKT t=8415 TX ua=95 mt=P len=0
PKT t=8424 RX ua=95 mt=R len=7
PKT t=8429 TX ua=95 mt=P len=0
PKT t=8438 RX ua=95 mt=R len=7
PKT t=8443 TX ua=95 mt=P len=0
PKT t=8452 RX ua=95 mt=R len=7
PKT t=8457 TX ua=95 mt=P len=0
PKT t=8466 RX ua=95 mt=R len=7
PKT t=8471 TX ua=95 mt=P len=0
PKT t=8480 RX ua=95 mt=R len=7
PKT t=8485 TX ua=95 mt=P len=0
PKT t=8514 RX ua=95 mt=R len=7
PKT t=8519 TX ua=95 mt=P len=0
PKT t=8536 RX ua=95 mt=R len=7
PKT t=8541 TX ua=95 mt=P len=0
PKT t=8550 RX ua=95 mt=R len=7
PKT t=8555 TX ua=95 mt=P len=0
PKT t=8564 RX ua=95 mt=R len=7
PKT t=8569 TX ua=95 mt=P len=0
PKT t=8578 RX ua=95 mt=R len=7
PKT t=8583 TX ua=95 mt=P len=0
PKT t=8614 RX ua=95 mt=R len=7
PKT t=8619 TX ua=95 mt=T len=7
PKT t=8631 TX ua=95 mt=P len=0
PKT t=8640 RX ua=95 mt=R len=7
PKT t=8645 TX ua=95 mt=P len=0
PKT t=8654 RX ua=95 mt=R len=7
PKT t=8659 TX ua=95 mt=P len=0
PKT t=8668 RX ua=95 mt=R len=7
PKT t=8673 TX ua=95 mt=P len=0
PKT t=8682 RX ua=95 mt=R len=7
PKT t=8687 TX ua=95 mt=P len=0
PKT t=8716 RX ua=95 mt=R len=7
PKT t=8721 TX ua=95 mt=P len=0
PKT t=8730 RX ua=95 mt=R len=7
PKT t=8735 TX ua=95 mt=P len=0
PKT t=8744 RX ua=95 mt=R len=7
PKT t=8749 TX ua=95 mt=P len=0
PKT t=8758 RX ua=95 mt=R len=7
PKT t=8763 TX ua=95 mt=P len=0
PKT t=8772 RX ua=95 mt=R len=7
PKT t=8777 TX ua=95 mt=P len=0
PKT t=8786 RX ua=95 mt=R len=7
PKT t=8791 TX ua=95 mt=P len=0
PKT t=8820 RX ua=95 mt=R len=7
PKT t=8825 TX ua=95 mt=P len=0
PKT t=8834 RX ua=95 mt=R len=7
PKT t=8839 TX ua=95 mt=P len=0
PKT t=8856 RX ua=95 mt=R len=7
PKT t=8861 TX ua=95 mt=T len=7
PKT t=8873 TX ua=95 mt=P len=0
PKT t=8882 RX ua=95 mt=R len=7
PKT t=8887 TX ua=95 mt=P len=0
PKT t=8919 RX ua=95 mt=R len=7
PKT t=8924 TX ua=95 mt=P len=0
PKT t=8933 RX ua=95 mt=R len=7
PKT t=8938 TX ua=95 mt=P len=0
PKT t=8947 RX ua=95 mt=R len=7
PKT t=8952 TX ua=95 mt=P len=0
PKT t=8961 RX ua=95 mt=R len=7
PKT t=8966 TX ua=95 mt=P len=0
PKT t=8975 RX ua=95 mt=R len=7
PKT t=8980 TX ua=95 mt=P len=0
PKT t=8989 RX ua=95 mt=R len=7
PKT t=8994 TX ua=95 mt=P len=0
PKT t=9023 RX ua=95 mt=R len=7
PKT t=9028 TX ua=95 mt=P len=0
PKT t=9037 RX ua=95 mt=R len=7
PKT t=9042 TX ua=95 mt=P len=0
PKT t=9051 RX ua=95 mt=R len=7
PKT t=9056 TX ua=95 mt=P len=0
PKT t=9065 RX ua=95 mt=R len=7
PKT t=9070 TX ua=95 mt=P len=0
PKT t=9079 RX ua=95 mt=R len=7
PKT t=9084 TX ua=95 mt=P len=0
PKT t=9093 RX ua=95 mt=R len=7
PKT t=9098 TX ua=95 mt=P len=0
PKT t=9127 RX ua=95 mt=R len=7
PKT t=9132 TX ua=95 mt=T len=7
PKT t=9144 TX ua=95 mt=P len=0
PKT t=9153 RX ua=95 mt=R len=7
PKT t=9158 TX ua=95 mt=P len=0
PKT t=9176 RX ua=95 mt=R len=7
PKT t=9181 TX ua=95 mt=P len=0
PKT t=9190 RX ua=95 mt=R len=7
PKT t=9195 TX ua=95 mt=P len=0
PKT t=9227 RX ua=95 mt=R len=7
PKT t=9232 TX ua=95 mt=P len=0
PKT t=9241 RX ua=95 mt=R len=7
PKT t=9246 TX ua=95 mt=P len=0
PKT t=9255 RX ua=95 mt=R len=7
PKT t=9260 TX ua=95 mt=P len=0
PKT t=9269 RX ua=95 mt=R len=7
PKT t=9274 TX ua=95 mt=P len=0
PKT t=9283 RX ua=95 mt=R len=7
PKT t=9288 TX ua=95 mt=P len=0
PKT t=9297 RX ua=95 mt=R len=7
PKT t=9302 TX ua=95 mt=P len=0
PKT t=9336 RX ua=95 mt=R len=7
PKT t=9341 TX ua=95 mt=P len=0
PKT t=9350 RX ua=95 mt=R len=7
PKT t=9355 TX ua=95 mt=P len=0
PKT t=9364 RX ua=95 mt=R len=7
PKT t=9369 TX ua=95 mt=T len=7
PKT t=9381 TX ua=95 mt=P len=0
PKT t=9392 RX ua=95 mt=R len=7
PKT t=9397 TX ua=95 mt=P len=0
PKT t=9431 RX ua=95 mt=R len=7
PKT t=9436 TX ua=95 mt=P len=0
PKT t=9446 RX ua=95 mt=R len=7
PKT t=9451 TX ua=95 mt=P len=0
PKT t=9461 RX ua=95 mt=R len=7
PKT t=9466 TX ua=95 mt=P len=0
PKT t=9476 RX ua=95 mt=R len=7
PKT t=9481 TX ua=95 mt=P len=0
PKT t=9496 RX ua=95 mt=R len=7
PKT t=9501 TX ua=95 mt=P len=0
PKT t=9531 RX ua=95 mt=R len=7
PKT t=9535 TX ua=95 mt=P len=0
PKT t=9545 RX ua=95 mt=R len=7
PKT t=9550 TX ua=95 mt=P len=0
PKT t=9560 RX ua=95 mt=R len=7
PKT t=9565 TX ua=95 mt=P len=0
PKT t=9575 RX ua=95 mt=R len=7
PKT t=9580 TX ua=95 mt=P len=0
PKT t=9590 RX ua=95 mt=R len=7
PKT t=9595 TX ua=95 mt=P len=0
PKT t=9605 RX ua=95 mt=R len=7
PKT t=9610 TX ua=95 mt=T len=7
PKT t=9622 TX ua=95 mt=P len=0
PKT t=9640 RX ua=95 mt=R len=7
PKT t=9645 TX ua=95 mt=P len=0
PKT t=9656 RX ua=95 mt=R len=7
PKT t=9911 TX ua=96 mt=P len=0
PKT t=10169 TX ua=95 mt=P len=0
PKT t=10178 RX ua=95 mt=R len=7
PKT t=10183 TX ua=95 mt=T len=7
PKT t=10196 TX ua=95 mt=P len=0
PKT t=10205 RX ua=95 mt=R len=7
PKT t=10210 TX ua=95 mt=T len=7
PKT t=10223 TX ua=95 mt=P len=0
PKT t=10241 RX ua=95 mt=R len=7
PKT t=10246 TX ua=95 mt=P len=0
PKT t=10255 RX ua=95 mt=R len=7
PKT t=10260 TX ua=95 mt=P len=0
PKT t=10269 RX ua=95 mt=R len=7
PKT t=10274 TX ua=95 mt=P len=0
PKT t=10283 RX ua=95 mt=R len=7
PKT t=10296 TX ua=95 mt=P len=0
PKT t=10305 RX ua=95 mt=R len=7
PKT t=10310 TX ua=95 mt=P len=0
PKT t=10339 RX ua=95 mt=R len=7
PKT t=10344 TX ua=95 mt=P len=0
PKT t=10353 RX ua=95 mt=R len=7
PKT t=10358 TX ua=95 mt=T len=7
PKT t=10371 TX ua=95 mt=P len=0
PKT t=10380 RX ua=95 mt=R len=7
PKT t=10385 TX ua=95 mt=P len=0
PKT t=10394 RX ua=95 mt=R len=7
PKT t=10399 TX ua=95 mt=P len=0
PKT t=10408 RX ua=95 mt=R len=7
PKT t=10413 TX ua=95 mt=P len=0
PKT t=10442 RX ua=95 mt=R len=7
PKT t=10447 TX ua=95 mt=P len=0
PKT t=10457 RX ua=95 mt=R len=7
PKT t=10712 TX ua=96 mt=P len=0
PKT t=10970 TX ua=95 mt=P len=0
PKT t=10979 RX ua=95 mt=R len=7
PKT t=10984 TX ua=95 mt=T len=7
PKT t=10997 TX ua=95 mt=P len=0
PKT t=11006 RX ua=95 mt=R len=7
PKT t=11011 TX ua=95 mt=P len=0
PKT t=11041 RX ua=95 mt=R len=7
PKT t=11046 TX ua=95 mt=P len=0
PKT t=11055 RX ua=95 mt=R len=7
PKT t=11060 TX ua=95 mt=P len=0
PKT t=11069 RX ua=95 mt=R len=7
PKT t=11074 TX ua=95 mt=P len=0
PKT t=11083 RX ua=95 mt=R len=7
PKT t=11096 TX ua=95 mt=P len=0
PKT t=11105 RX ua=95 mt=R len=7
PKT t=11110 TX ua=95 mt=T len=7
PKT t=11122 TX ua=95 mt=P len=0
PKT t=11143 RX ua=95 mt=R len=7
PKT t=11148 TX ua=95 mt=P len=0
PKT t=11157 RX ua=95 mt=R len=7
PKT t=11162 TX ua=95 mt=P len=0
PKT t=11171 RX ua=95 mt=R len=7
PKT t=11176 TX ua=95 mt=P len=0
PKT t=11185 RX ua=95 mt=R len=7
PKT t=11190 TX ua=95 mt=P len=0
PKT t=11199 RX ua=95 mt=R len=7
PKT t=11204 TX ua=95 mt=P len=0
PKT t=11213 RX ua=95 mt=R len=7
PKT t=11218 TX ua=95 mt=P len=0
PKT t=11256 RX ua=95 mt=R len=7
PKT t=11261 TX ua=95 mt=P len=0
PKT t=11270 RX ua=95 mt=R len=7
PKT t=11275 TX ua=95 mt=P len=0
PKT t=11284 RX ua=95 mt=R len=7
PKT t=11289 TX ua=95 mt=P len=0
PKT t=11298 RX ua=95 mt=R len=7
PKT t=11303 TX ua=95 mt=P len=0
PKT t=11312 RX ua=95 mt=R len=7
PKT t=11317 TX ua=95 mt=P len=0
PKT t=11346 RX ua=95 mt=R len=7
PKT t=11351 TX ua=95 mt=P len=0
PKT t=11360 RX ua=95 mt=R len=7
PKT t=11365 TX ua=95 mt=T len=7
PKT t=11377 TX ua=95 mt=P len=0
PKT t=11387 RX ua=95 mt=R len=7
PKT t=11392 TX ua=95 mt=P len=0
PKT t=11402 RX ua=95 mt=R len=7
PKT t=11407 TX ua=95 mt=P len=0
PKT t=11417 RX ua=95 mt=R len=7
PKT t=11672 TX ua=96 mt=P len=0
PKT t=11930 TX ua=95 mt=P len=0
PKT t=11940 RX ua=95 mt=R len=7
PKT t=11945 TX ua=95 mt=T len=7
PKT t=11957 TX ua=95 mt=P len=0
PKT t=11966 RX ua=95 mt=R len=7
PKT t=11971 TX ua=95 mt=P len=0
PKT t=11980 RX ua=95 mt=R len=7
PKT t=11985 TX ua=95 mt=P len=0
PKT t=11994 RX ua=95 mt=R len=7
PKT t=11999 TX ua=95 mt=P len=0
PKT t=12010 RX ua=95 mt=R len=7
PKT t=12015 TX ua=95 mt=P len=0
PKT t=12024 RX ua=95 mt=R len=7
PKT t=12029 TX ua=95 mt=P len=0
PKT t=12058 RX ua=95 mt=R len=7
PKT t=12063 TX ua=95 mt=P len=0
PKT t=12072 RX ua=95 mt=R len=7
PKT t=12077 TX ua=95 mt=P len=0
PKT t=12086 RX ua=95 mt=R len=7
PKT t=12091 TX ua=95 mt=P len=0
PKT t=12100 RX ua=95 mt=R len=7
PKT t=12105 TX ua=95 mt=T len=7
PKT t=12117 TX ua=95 mt=P len=0
PKT t=12126 RX ua=95 mt=R len=7
PKT t=12131 TX ua=95 mt=P len=0
PKT t=12164 RX ua=95 mt=R len=7
PKT t=12169 TX ua=95 mt=P len=0
PKT t=12178 RX ua=95 mt=R len=7
PKT t=12183 TX ua=95 mt=P len=0
PKT t=12192 RX ua=95 mt=R len=7
PKT t=12197 TX ua=95 mt=P len=0
PKT t=12206 RX ua=95 mt=R len=7
PKT t=12216 TX ua=95 mt=P len=0
PKT t=12225 RX ua=95 mt=R len=7
PKT t=12230 TX ua=95 mt=P len=0
PKT t=12259 RX ua=95 mt=R len=7
PKT t=12264 TX ua=95 mt=P len=0
PKT t=12273 RX ua=95 mt=R len=7
PKT t=12278 TX ua=95 mt=P len=0
PKT t=12287 RX ua=95 mt=R len=7
PKT t=12292 TX ua=95 mt=P len=0
PKT t=12301 RX ua=95 mt=R len=7
PKT t=12306 TX ua=95 mt=P len=0
PKT t=12315 RX ua=95 mt=R len=7
PKT t=12320 TX ua=95 mt=P len=0
PKT t=12329 RX ua=95 mt=R len=7
PKT t=12334 TX ua=95 mt=P len=0
PKT t=12363 RX ua=95 mt=R len=7
PKT t=12376 TX ua=95 mt=T len=7
PKT t=12388 TX ua=95 mt=P len=0
PKT t=12397 RX ua=95 mt=R len=7
PKT t=12402 TX ua=95 mt=P len=0
PKT t=12411 RX ua=95 mt=R len=7
PKT t=12416 TX ua=95 mt=P len=0
PKT t=12425 RX ua=95 mt=R len=7
PKT t=12430 TX ua=95 mt=P len=0
PKT t=12462 RX ua=95 mt=R len=7
PKT t=12467 TX ua=95 mt=P len=0
PKT t=12476 RX ua=95 mt=R len=7
PKT t=12481 TX ua=95 mt=P len=0
PKT t=12490 RX ua=95 mt=R len=7
PKT t=12495 TX ua=95 mt=P len=0
PKT t=12504 RX ua=95 mt=R len=7
PKT t=12509 TX ua=95 mt=P len=0
PKT t=12518 RX ua=95 mt=R len=7
PKT t=12523 TX ua=95 mt=P len=0
PKT t=12536 RX ua=95 mt=R len=7
PKT t=12541 TX ua=95 mt=P len=0
PKT t=12566 RX ua=95 mt=R len=7
PKT t=12571 TX ua=95 mt=P len=0
PKT t=12580 RX ua=95 mt=R len=7
PKT t=12585 TX ua=95 mt=P len=0
PKT t=12594 RX ua=95 mt=R len=7
PKT t=12599 TX ua=95 mt=P len=0
PKT t=12608 RX ua=95 mt=R len=7
PKT t=12613 TX ua=95 mt=T len=7
PKT t=12625 TX ua=95 mt=P len=0
PKT t=12634 RX ua=95 mt=R len=7
PKT t=12639 TX ua=95 mt=P len=0
PKT t=12668 RX ua=95 mt=R len=7
PKT t=12673 TX ua=95 mt=P len=0
PKT t=12682 RX ua=95 mt=R len=7
PKT t=12687 TX ua=95 mt=P len=0
PKT t=12697 RX ua=95 mt=R len=7
PKT t=12952 TX ua=96 mt=P len=0
PKT t=13210 TX ua=95 mt=P len=0
PKT t=13219 RX ua=95 mt=R len=7
PKT t=13224 TX ua=95 mt=T len=7
PKT t=13237 TX ua=95 mt=P len=0
PKT t=13267 RX ua=95 mt=R len=7
PKT t=13272 TX ua=95 mt=P len=0
PKT t=13281 RX ua=95 mt=R len=7
PKT t=13286 TX ua=95 mt=P len=0
PKT t=13295 RX ua=95 mt=R len=7
PKT t=13300 TX ua=95 mt=P len=0
PKT t=13309 RX ua=95 mt=R len=7
PKT t=13314 TX ua=95 mt=P len=0
PKT t=13323 RX ua=95 mt=R len=7
PKT t=13336 TX ua=95 mt=P len=0
PKT t=13367 RX ua=95 mt=R len=7
PKT t=13372 TX ua=95 mt=T len=7
PKT t=13385 TX ua=95 mt=P len=0
PKT t=13395 RX ua=95 mt=R len=7
PKT t=13400 TX ua=95 mt=P len=0
PKT t=13410 RX ua=95 mt=R len=7
PKT t=13415 TX ua=95 mt=P len=0
PKT t=13425 RX ua=95 mt=R len=7
PKT t=13430 TX ua=95 mt=P len=0
PKT t=13440 RX ua=95 mt=R len=7
PKT t=13445 TX ua=95 mt=P len=0
PKT t=13474 RX ua=95 mt=R len=7
PKT t=13479 TX ua=95 mt=P len=0
PKT t=13496 RX ua=95 mt=R len=7
PKT t=13501 TX ua=95 mt=P len=0
PKT t=13511 RX ua=95 mt=R len=7
PKT t=13516 TX ua=95 mt=P len=0
PKT t=13526 RX ua=95 mt=R len=7
PKT t=13531 TX ua=95 mt=P len=0
PKT t=13541 RX ua=95 mt=R len=7
PKT t=13546 TX ua=95 mt=P len=0
PKT t=13575 RX ua=95 mt=R len=7
PKT t=13580 TX ua=95 mt=P len=0
PKT t=13590 RX ua=95 mt=R len=7
PKT t=13595 TX ua=95 mt=P len=0
PKT t=13605 RX ua=95 mt=R len=7
PKT t=13610 TX ua=95 mt=T len=7
PKT t=13623 TX ua=95 mt=P len=0
PKT t=13632 RX ua=95 mt=R len=7
PKT t=13637 TX ua=95 mt=P len=0
PKT t=13646 RX ua=95 mt=R len=7
PKT t=13656 TX ua=95 mt=P len=0
PKT t=13680 RX ua=95 mt=R len=7
PKT t=13685 TX ua=95 mt=P len=0
PKT t=13694 RX ua=95 mt=R len=7
PKT t=13699 TX ua=95 mt=P len=0
PKT t=13708 RX ua=95 mt=R len=7
PKT t=13713 TX ua=95 mt=P len=0
PKT t=13722 RX ua=95 mt=R len=7
PKT t=13727 TX ua=95 mt=P len=0
PKT t=13736 RX ua=95 mt=R len=7
PKT t=13741 TX ua=95 mt=P len=0
PKT t=13750 RX ua=95 mt=R len=7
PKT t=13755 TX ua=95 mt=P len=0
PKT t=13784 RX ua=95 mt=R len=7
PKT t=13789 TX ua=95 mt=P len=0
PKT t=13798 RX ua=95 mt=R len=7
PKT t=13803 TX ua=95 mt=P len=0
PKT t=13816 RX ua=95 mt=R len=7
PKT t=13821 TX ua=95 mt=P len=0
PKT t=13830 RX ua=95 mt=R len=7
PKT t=13835 TX ua=95 mt=P len=0
PKT t=13844 RX ua=95 mt=R len=7
PKT t=13849 TX ua=95 mt=P len=0
PKT t=13858 RX ua=95 mt=R len=7
PKT t=13863 TX ua=95 mt=T len=7
PKT t=13876 TX ua=95 mt=P len=0
PKT t=13894 RX ua=95 mt=R len=7
PKT t=13899 TX ua=95 mt=P len=0
PKT t=13908 RX ua=95 mt=R len=7
PKT t=13913 TX ua=95 mt=P len=0
PKT t=13922 RX ua=95 mt=R len=7
PKT t=13927 TX ua=95 mt=P len=0
PKT t=13936 RX ua=95 mt=R len=7
PKT t=13941 TX ua=95 mt=P len=0
PKT t=13950 RX ua=95 mt=R len=7
PKT t=13955 TX ua=95 mt=P len=0
PKT t=13964 RX ua=95 mt=R len=7
PKT t=13976 TX ua=95 mt=P len=0
PKT t=13998 RX ua=95 mt=R len=7
PKT t=14003 TX ua=95 mt=P len=0
PKT t=14012 RX ua=95 mt=R len=7
PKT t=14017 TX ua=95 mt=P len=0
PKT t=14026 RX ua=95 mt=R len=7
PKT t=14031 TX ua=95 mt=P len=0
PKT t=14040 RX ua=95 mt=R len=7
PKT t=14045 TX ua=95 mt=P len=0
PKT t=14054 RX ua=95 mt=R len=7
PKT t=14059 TX ua=95 mt=P len=0
PKT t=14068 RX ua=95 mt=R len=7
PKT t=14073 TX ua=95 mt=P len=0
PKT t=14102 RX ua=95 mt=R len=7
PKT t=14107 TX ua=95 mt=T len=7
PKT t=14119 TX ua=95 mt=P len=0
PKT t=14136 RX ua=95 mt=R len=7
PKT t=14141 TX ua=95 mt=P len=0
PKT t=14150 RX ua=95 mt=R len=7
PKT t=14155 TX ua=95 mt=P len=0
PKT t=14165 RX ua=95 mt=R len=7
PKT t=14170 TX ua=95 mt=P len=0
PKT t=14201 RX ua=95 mt=R len=7
PKT t=14206 TX ua=95 mt=P len=0
PKT t=14215 RX ua=95 mt=R len=7
PKT t=14220 TX ua=95 mt=P len=0
PKT t=14229 RX ua=95 mt=R len=7
PKT t=14234 TX ua=95 mt=P len=0
PKT t=14243 RX ua=95 mt=R len=7
PKT t=14248 TX ua=95 mt=P len=0
PKT t=14257 RX ua=95 mt=R len=7
PKT t=14262 TX ua=95 mt=P len=0
PKT t=14271 RX ua=95 mt=R len=7
PKT t=14276 TX ua=95 mt=P len=0
PKT t=14305 RX ua=95 mt=R len=7
PKT t=14310 TX ua=95 mt=P len=0
PKT t=14319 RX ua=95 mt=R len=7
PKT t=14324 TX ua=95 mt=P len=0
PKT t=14333 RX ua=95 mt=R len=7
PKT t=14338 TX ua=95 mt=P len=0
PKT t=14347 RX ua=95 mt=R len=7
PKT t=14352 TX ua=95 mt=P len=0
PKT t=14361 RX ua=95 mt=R len=7
PKT t=14366 TX ua=95 mt=T len=7
PKT t=14378 TX ua=95 mt=P len=0
PKT t=14406 RX ua=95 mt=R len=7
PKT t=14411 TX ua=95 mt=P len=0
PKT t=14420 RX ua=95 mt=R len=7
PKT t=14425 TX ua=95 mt=P len=0
PKT t=14434 RX ua=95 mt=R len=7
PKT t=14439 TX ua=95 mt=P len=0
PKT t=14456 RX ua=95 mt=R len=7
PKT t=14461 TX ua=95 mt=P len=0
PKT t=14470 RX ua=95 mt=R len=7
PKT t=14475 TX ua=95 mt=P len=0
PKT t=14505 RX ua=95 mt=R len=7
PKT t=14510 TX ua=95 mt=P len=0
PKT t=14519 RX ua=95 mt=R len=7
PKT t=14524 TX ua=95 mt=P len=0
PKT t=14533 RX ua=95 mt=R len=7
PKT t=14538 TX ua=95 mt=P len=0
PKT t=14547 RX ua=95 mt=R len=7
PKT t=14552 TX ua=95 mt=P len=0
PKT t=14561 RX ua=95 mt=R len=7
PKT t=14566 TX ua=95 mt=P len=0
PKT t=14575 RX ua=95 mt=R len=7
PKT t=14580 TX ua=95 mt=P len=0
PKT t=14616 RX ua=95 mt=R len=7
PKT t=14621 TX ua=95 mt=T len=7
PKT t=14633 TX ua=95 mt=P len=0
PKT t=14642 RX ua=95 mt=R len=7
PKT t=14647 TX ua=95 mt=P len=0
PKT t=14656 RX ua=95 mt=R len=7
PKT t=14661 TX ua=95 mt=P len=0
PKT t=14670 RX ua=95 mt=R len=7
PKT t=14675 TX ua=95 mt=P len=0
PKT t=14708 RX ua=95 mt=R len=7
PKT t=14713 TX ua=95 mt=P len=0
PKT t=14722 RX ua=95 mt=R len=7
PKT t=14727 TX ua=95 mt=P len=0
PKT t=14736 RX ua=95 mt=R len=7
PKT t=14741 TX ua=95 mt=P len=0
PKT t=14750 RX ua=95 mt=R len=7
PKT t=14755 TX ua=95 mt=P len=0
PKT t=14764 RX ua=95 mt=R len=7
PKT t=14776 TX ua=95 mt=P len=0
PKT t=14808 RX ua=95 mt=R len=7
PKT t=14813 TX ua=95 mt=P len=0
PKT t=14822 RX ua=95 mt=R len=7
PKT t=14827 TX ua=95 mt=P len=0
PKT t=14836 RX ua=95 mt=R len=7
PKT t=14841 TX ua=95 mt=P len=0
PKT t=14850 RX ua=95 mt=R len=7
PKT t=14855 TX ua=95 mt=P len=0
PKT t=14864 RX ua=95 mt=R len=7
PKT t=14869 TX ua=95 mt=T len=7
PKT t=14881 TX ua=95 mt=P len=0
PKT t=14909 RX ua=95 mt=R len=7
PKT t=14914 TX ua=95 mt=P len=0
PKT t=14923 RX ua=95 mt=R len=7
PKT t=14936 TX ua=95 mt=P len=0
PKT t=14945 RX ua=95 mt=R len=7
PKT t=14950 TX ua=95 mt=P len=0
PKT t=14959 RX ua=95 mt=R len=7
PKT t=14964 TX ua=95 mt=P len=0
PKT t=14973 RX ua=95 mt=R len=7
PKT t=14978 TX ua=95 mt=P len=0
PKT t=15008 RX ua=95 mt=R len=7
PKT t=15013 TX ua=95 mt=P len=0
PKT t=15022 RX ua=95 mt=R len=7
PKT t=15027 TX ua=95 mt=P len=0
PKT t=15036 RX ua=95 mt=R len=7
PKT t=15041 TX ua=95 mt=P len=0
PKT t=15050 RX ua=95 mt=R len=7
PKT t=15055 TX ua=95 mt=P len=0
PKT t=15064 RX ua=95 mt=R len=7
PKT t=15069 TX ua=95 mt=P len=0
PKT t=15078 RX ua=95 mt=R len=7
PKT t=15083 TX ua=95 mt=P len=0
PKT t=15112 RX ua=95 mt=R len=7
PKT t=15117 TX ua=95 mt=T len=7
PKT t=15129 TX ua=95 mt=P len=0
PKT t=15138 RX ua=95 mt=R len=7
PKT t=15143 TX ua=95 mt=P len=0
PKT t=15152 RX ua=95 mt=R len=7
PKT t=15157 TX ua=95 mt=P len=0
PKT t=15166 RX ua=95 mt=R len=7
PKT t=15171 TX ua=95 mt=P len=0
PKT t=15180 RX ua=95 mt=R len=7
PKT t=15185 TX ua=95 mt=P len=0
PKT t=15214 RX ua=95 mt=R len=7
PKT t=15219 TX ua=95 mt=P len=0
PKT t=15228 RX ua=95 mt=R len=7
PKT t=15233 TX ua=95 mt=P len=0
PKT t=15242 RX ua=95 mt=R len=7
PKT t=15247 TX ua=95 mt=P len=0
PKT t=15257 RX ua=95 mt=R len=7
PKT t=15512 TX ua=96 mt=P len=0
PKT t=15770 TX ua=95 mt=P len=0
PKT t=15779 RX ua=95 mt=R len=7
PKT t=15784 TX ua=95 mt=T len=7
PKT t=15796 TX ua=95 mt=P len=0
PKT t=15815 RX ua=95 mt=R len=7
PKT t=15820 TX ua=95 mt=P len=0
PKT t=15829 RX ua=95 mt=R len=7
PKT t=15834 TX ua=95 mt=P len=0
PKT t=15843 RX ua=95 mt=R len=7
PKT t=15848 TX ua=95 mt=P len=0
PKT t=15857 RX ua=95 mt=R len=7
PKT t=15862 TX ua=95 mt=T len=7
PKT t=15874 TX ua=95 mt=P len=0
PKT t=15883 RX ua=95 mt=R len=7
PKT t=15896 TX ua=95 mt=P len=0
PKT t=15917 RX ua=95 mt=R len=7
PKT t=15922 TX ua=95 mt=P len=0
PKT t=15931 RX ua=95 mt=R len=7
PKT t=15936 TX ua=95 mt=P len=0
PKT t=15945 RX ua=95 mt=R len=7
PKT t=15950 TX ua=95 mt=P len=0
PKT t=15959 RX ua=95 mt=R len=7
PKT t=15964 TX ua=95 mt=P len=0
PKT t=15973 RX ua=95 mt=R len=7
PKT t=15978 TX ua=95 mt=P len=0
PKT t=15987 RX ua=95 mt=R len=7
PKT t=15992 TX ua=95 mt=P len=0
PKT t=16021 RX ua=95 mt=R len=7
PKT t=16026 TX ua=95 mt=P len=0
PKT t=16035 RX ua=95 mt=R len=7
PKT t=16040 TX ua=95 mt=P len=0
PKT t=16056 RX ua=95 mt=R len=7
PKT t=16061 TX ua=95 mt=P len=0
PKT t=16070 RX ua=95 mt=R len=7
PKT t=16075 TX ua=95 mt=P len=0
PKT t=16084 RX ua=95 mt=R len=7
PKT t=16089 TX ua=95 mt=P len=0
PKT t=16121 RX ua=95 mt=R len=7
PKT t=16126 TX ua=95 mt=T len=7
PKT t=16138 TX ua=95 mt=P len=0
PKT t=16147 RX ua=95 mt=R len=7
PKT t=16152 TX ua=95 mt=P len=0
PKT t=16161 RX ua=95 mt=R len=7
PKT t=16166 TX ua=95 mt=P len=0
PKT t=16175 RX ua=95 mt=R len=7
PKT t=16180 TX ua=95 mt=P len=0
PKT t=16189 RX ua=95 mt=R len=7
PKT t=16194 TX ua=95 mt=P len=0
PKT t=16223 RX ua=95 mt=R len=7
PKT t=16228 TX ua=95 mt=P len=0
PKT t=16237 RX ua=95 mt=R len=7
PKT t=16242 TX ua=95 mt=P len=0
PKT t=16251 RX ua=95 mt=R len=7
PKT t=16256 TX ua=95 mt=P len=0
PKT t=16265 RX ua=95 mt=R len=7
PKT t=16270 TX ua=95 mt=P len=0
PKT t=16279 RX ua=95 mt=R len=7
PKT t=16284 TX ua=95 mt=P len=0
PKT t=16293 RX ua=95 mt=R len=7
PKT t=16298 TX ua=95 mt=P len=0
PKT t=16327 RX ua=95 mt=R len=7
PKT t=16332 TX ua=95 mt=P len=0
PKT t=16341 RX ua=95 mt=R len=7
PKT t=16346 TX ua=95 mt=P len=0
PKT t=16355 RX ua=95 mt=R len=7
PKT t=16360 TX ua=95 mt=T len=7
PKT t=16376 TX ua=95 mt=P len=0
PKT t=16385 RX ua=95 mt=R len=7
PKT t=16390 TX ua=95 mt=P len=0
PKT t=16399 RX ua=95 mt=R len=7
PKT t=16404 TX ua=95 mt=P len=0
PKT t=16433 RX ua=95 mt=R len=7
PKT t=16438 TX ua=95 mt=P len=0
PKT t=16447 RX ua=95 mt=R len=7
PKT t=16452 TX ua=95 mt=P len=0
PKT t=16461 RX ua=95 mt=R len=7
PKT t=16466 TX ua=95 mt=P len=0
PKT t=16475 RX ua=95 mt=R len=7
PKT t=16480 TX ua=95 mt=P len=0
PKT t=16489 RX ua=95 mt=R len=7
PKT t=16494 TX ua=95 mt=P len=0
PKT t=16503 RX ua=95 mt=R len=7
PKT t=16508 TX ua=95 mt=P len=0
PKT t=16537 RX ua=95 mt=R len=7
PKT t=16542 TX ua=95 mt=P len=0
PKT t=16551 RX ua=95 mt=R len=7
PKT t=16556 TX ua=95 mt=P len=0
PKT t=16565 RX ua=95 mt=R len=7
PKT t=16570 TX ua=95 mt=P len=0
PKT t=16579 RX ua=95 mt=R len=7
PKT t=16584 TX ua=95 mt=P len=0
PKT t=16593 RX ua=95 mt=R len=7
PKT t=16598 TX ua=95 mt=P len=0
PKT t=16607 RX ua=95 mt=R len=7
PKT t=16612 TX ua=95 mt=T len=7
PKT t=16624 TX ua=95 mt=P len=0
PKT t=16643 RX ua=95 mt=R len=7
PKT t=16648 TX ua=95 mt=P len=0
PKT t=16657 RX ua=95 mt=R len=7
PKT t=16662 TX ua=95 mt=P len=0
PKT t=16671 RX ua=95 mt=R len=7
PKT t=16676 TX ua=95 mt=P len=0
PKT t=16685 RX ua=95 mt=R len=7
PKT t=16696 TX ua=95 mt=P len=0
PKT t=16705 RX ua=95 mt=R len=7
PKT t=16710 TX ua=95 mt=P len=0
PKT t=16740 RX ua=95 mt=R len=7
PKT t=16745 TX ua=95 mt=P len=0
PKT t=16754 RX ua=95 mt=R len=7
PKT t=16759 TX ua=95 mt=P len=0
PKT t=16768 RX ua=95 mt=R len=7
PKT t=16773 TX ua=95 mt=P len=0
PKT t=16782 RX ua=95 mt=R len=7
PKT t=16787 TX ua=95 mt=P len=0
PKT t=16796 RX ua=95 mt=R len=7
PKT t=16801 TX ua=95 mt=P len=0
PKT t=16810 RX ua=95 mt=R len=7
PKT t=16815 TX ua=95 mt=P len=0
PKT t=16844 RX ua=95 mt=R len=7
PKT t=16856 TX ua=95 mt=P len=0
PKT t=16865 RX ua=95 mt=R len=7
PKT t=16870 TX ua=95 mt=T len=7
PKT t=16882 TX ua=95 mt=P len=0
PKT t=16891 RX ua=95 mt=R len=7
PKT t=16896 TX ua=95 mt=P len=0
PKT t=16905 RX ua=95 mt=R len=7
PKT t=16910 TX ua=95 mt=P len=0
PKT t=16943 RX ua=95 mt=R len=7
PKT t=16948 TX ua=95 mt=P len=0
PKT t=16957 RX ua=95 mt=R len=7
PKT t=16962 TX ua=95 mt=P len=0
PKT t=16971 RX ua=95 mt=R len=7
PKT t=16976 TX ua=95 mt=P len=0
PKT t=16985 RX ua=95 mt=R len=7
PKT t=16990 TX ua=95 mt=P len=0
PKT t=16999 RX ua=95 mt=R len=7
PKT t=17004 TX ua=95 mt=P len=0
PKT t=17016 RX ua=95 mt=R len=7
PKT t=17021 TX ua=95 mt=P len=0
PKT t=17047 RX ua=95 mt=R len=7
PKT t=17052 TX ua=95 mt=P len=0
PKT t=17061 RX ua=95 mt=R len=7
PKT t=17066 TX ua=95 mt=P len=0
PKT t=17075 RX ua=95 mt=R len=7
PKT t=17080 TX ua=95 mt=P len=0
PKT t=17089 RX ua=95 mt=R len=7
PKT t=17094 TX ua=95 mt=P len=0
PKT t=17103 RX ua=95 mt=R len=7
PKT t=17108 TX ua=95 mt=T len=7
PKT t=17120 TX ua=95 mt=P len=0
PKT t=17148 RX ua=95 mt=R len=7
PKT t=17153 TX ua=95 mt=P len=0
PKT t=17162 RX ua=95 mt=R len=7
PKT t=17167 TX ua=95 mt=P len=0
PKT t=17177 RX ua=95 mt=R len=7
PKT t=17432 TX ua=96 mt=P len=0
PKT t=17690 TX ua=95 mt=P len=0
PKT t=17699 RX ua=95 mt=R len=7
PKT t=17704 TX ua=95 mt=T len=7
PKT t=17716 TX ua=95 mt=P len=0
PKT t=17747 RX ua=95 mt=R len=7
PKT t=17752 TX ua=95 mt=P len=0
PKT t=17761 RX ua=95 mt=R len=7
PKT t=17766 TX ua=95 mt=P len=0
PKT t=17775 RX ua=95 mt=R len=7
PKT t=17780 TX ua=95 mt=P len=0
PKT t=17789 RX ua=95 mt=R len=7
PKT t=17794 TX ua=95 mt=P len=0
PKT t=17803 RX ua=95 mt=R len=7
PKT t=17816 TX ua=95 mt=P len=0
PKT t=17847 RX ua=95 mt=R len=7
PKT t=17852 TX ua=95 mt=P len=0
PKT t=17861 RX ua=95 mt=R len=7
PKT t=17866 TX ua=95 mt=T len=7
PKT t=17878 TX ua=95 mt=P len=0
PKT t=17887 RX ua=95 mt=R len=7
PKT t=17892 TX ua=95 mt=P len=0
PKT t=17901 RX ua=95 mt=R len=7
PKT t=17906 TX ua=95 mt=P len=0
PKT t=17915 RX ua=95 mt=R len=7
PKT t=17920 TX ua=95 mt=P len=0
PKT t=17949 RX ua=95 mt=R len=7
PKT t=17954 TX ua=95 mt=P len=0
PKT t=17963 RX ua=95 mt=R len=7
PKT t=17976 TX ua=95 mt=P len=0
PKT t=17985 RX ua=95 mt=R len=7
PKT t=17990 TX ua=95 mt=P len=0
PKT t=17999 RX ua=95 mt=R len=7
PKT t=18004 TX ua=95 mt=P len=0
PKT t=18013 RX ua=95 mt=R len=7
PKT t=18018 TX ua=95 mt=P len=0
PKT t=18048 RX ua=95 mt=R len=7
PKT t=18053 TX ua=95 mt=P len=0
PKT t=18062 RX ua=95 mt=R len=7
PKT t=18067 TX ua=95 mt=P len=0
PKT t=18076 RX ua=95 mt=R len=7
PKT t=18081 TX ua=95 mt=P len=0
PKT t=18090 RX ua=95 mt=R len=7
PKT t=18095 TX ua=95 mt=P len=0
PKT t=18104 RX ua=95 mt=R len=7
PKT t=18109 TX ua=95 mt=T len=7
PKT t=18122 TX ua=95 mt=P len=0
PKT t=18150 RX ua=95 mt=R len=7
PKT t=18155 TX ua=95 mt=T len=7
PKT t=18168 TX ua=95 mt=P len=0
PKT t=18177 RX ua=95 mt=R len=7
PKT t=18182 TX ua=95 mt=P len=0
PKT t=18191 RX ua=95 mt=R len=7
PKT t=18196 TX ua=95 mt=P len=0
PKT t=18205 RX ua=95 mt=R len=7
PKT t=18210 TX ua=95 mt=P len=0
PKT t=18219 RX ua=95 mt=R len=7
PKT t=18224 TX ua=95 mt=P len=0
PKT t=18253 RX ua=95 mt=R len=7
PKT t=18258 TX ua=95 mt=P len=0
PKT t=18267 RX ua=95 mt=R len=7
PKT t=18272 TX ua=95 mt=P len=0
PKT t=18281 RX ua=95 mt=R len=7
PKT t=18286 TX ua=95 mt=P len=0
PKT t=18296 RX ua=95 mt=R len=7
PKT t=18551 TX ua=96 mt=P len=0
PKT t=18809 TX ua=95 mt=P len=0
PKT t=18818 RX ua=95 mt=R len=7
PKT t=18823 TX ua=95 mt=T len=7
PKT t=18836 TX ua=95 mt=P len=0
PKT t=18854 RX ua=95 mt=R len=7
PKT t=18859 TX ua=95 mt=T len=7
PKT t=18872 TX ua=95 mt=P len=0
PKT t=18881 RX ua=95 mt=R len=7
PKT t=18886 TX ua=95 mt=P len=0
PKT t=18895 RX ua=95 mt=R len=7
PKT t=18900 TX ua=95 mt=P len=0
PKT t=18909 RX ua=95 mt=R len=7
PKT t=18914 TX ua=95 mt=P len=0
PKT t=18923 RX ua=95 mt=R len=7
PKT t=18936 TX ua=95 mt=P len=0
PKT t=18957 RX ua=95 mt=R len=7
PKT t=18962 TX ua=95 mt=P len=0
PKT t=18971 RX ua=95 mt=R len=7
PKT t=18976 TX ua=95 mt=P len=0
PKT t=18985 RX ua=95 mt=R len=7
PKT t=18990 TX ua=95 mt=P len=0
PKT t=18999 RX ua=95 mt=R len=7
PKT t=19004 TX ua=95 mt=P len=0
PKT t=19013 RX ua=95 mt=R len=7
PKT t=19018 TX ua=95 mt=P len=0
PKT t=19027 RX ua=95 mt=R len=7
PKT t=19032 TX ua=95 mt=P len=0
PKT t=19061 RX ua=95 mt=R len=7
PKT t=19066 TX ua=95 mt=P len=0
PKT t=19075 RX ua=95 mt=R len=7
PKT t=19080 TX ua=95 mt=P len=0
PKT t=19096 RX ua=95 mt=R len=7
PKT t=19101 TX ua=95 mt=T len=7
PKT t=19113 TX ua=95 mt=P len=0
PKT t=19122 RX ua=95 mt=R len=7
PKT t=19127 TX ua=95 mt=P len=0
PKT t=19160 RX ua=95 mt=R len=7
PKT t=19165 TX ua=95 mt=P len=0
PKT t=19174 RX ua=95 mt=R len=7
PKT t=19179 TX ua=95 mt=P len=0
PKT t=19188 RX ua=95 mt=R len=7
PKT t=19193 TX ua=95 mt=P len=0
PKT t=19202 RX ua=95 mt=R len=7
PKT t=19207 TX ua=95 mt=P len=0
PKT t=19216 RX ua=95 mt=R len=7
PKT t=19221 TX ua=95 mt=P len=0
PKT t=19230 RX ua=95 mt=R len=7
PKT t=19235 TX ua=95 mt=P len=0
PKT t=19264 RX ua=95 mt=R len=7
PKT t=19269 TX ua=95 mt=P len=0
PKT t=19278 RX ua=95 mt=R len=7
PKT t=19283 TX ua=95 mt=P len=0
PKT t=19292 RX ua=95 mt=R len=7
PKT t=19297 TX ua=95 mt=P len=0
PKT t=19306 RX ua=95 mt=R len=7
PKT t=19311 TX ua=95 mt=P len=0
PKT t=19320 RX ua=95 mt=R len=7
PKT t=19325 TX ua=95 mt=P len=0
PKT t=19334 RX ua=95 mt=R len=7
PKT t=19339 TX ua=95 mt=P len=0
PKT t=19368 RX ua=95 mt=R len=7
PKT t=19373 TX ua=95 mt=T len=7
PKT t=19385 TX ua=95 mt=P len=0
PKT t=19395 RX ua=95 mt=R len=7
PKT t=19400 TX ua=95 mt=P len=0
PKT t=19416 RX ua=95 mt=R len=7
PKT t=19421 TX ua=95 mt=P len=0
PKT t=19431 RX ua=95 mt=R len=7
PKT t=19436 TX ua=95 mt=P len=0
PKT t=19467 RX ua=95 mt=R len=7
PKT t=19472 TX ua=95 mt=P len=0
PKT t=19482 RX ua=95 mt=R len=7
PKT t=19487 TX ua=95 mt=P len=0
PKT t=19497 RX ua=95 mt=R len=7
PKT t=19502 TX ua=95 mt=P len=0
PKT t=19512 RX ua=95 mt=R len=7
PKT t=19517 TX ua=95 mt=P len=0
PKT t=19527 RX ua=95 mt=R len=7
PKT t=19532 TX ua=95 mt=P len=0
PKT t=19542 RX ua=95 mt=R len=7
PKT t=19547 TX ua=95 mt=P len=0
PKT t=19576 RX ua=95 mt=R len=7
PKT t=19581 TX ua=95 mt=P len=0
PKT t=19591 RX ua=95 mt=R len=7
PKT t=19596 TX ua=95 mt=P len=0
PKT t=19606 RX ua=95 mt=R len=7
PKT t=19611 TX ua=95 mt=T len=7
PKT t=19623 TX ua=95 mt=P len=0
PKT t=19632 RX ua=95 mt=R len=7
PKT t=19637 TX ua=95 mt=P len=0
PKT t=19646 RX ua=95 mt=R len=7
PKT t=19651 TX ua=95 mt=P len=0
PKT t=19680 RX ua=95 mt=R len=7
PKT t=19685 TX ua=95 mt=P len=0
PKT t=19694 RX ua=95 mt=R len=7
PKT t=19699 TX ua=95 mt=P len=0
PKT t=19708 RX ua=95 mt=R len=7
PKT t=19713 TX ua=95 mt=P len=0
PKT t=19722 RX ua=95 mt=R len=7
PKT t=19727 TX ua=95 mt=P len=0
PKT t=19737 RX ua=95 mt=R len=7
PKT t=19992 TX ua=96 mt=P len=0
PKT t=20250 TX ua=95 mt=P len=0
PKT t=20260 RX ua=95 mt=R len=7
PKT t=20265 TX ua=95 mt=T len=7
PKT t=20277 TX ua=95 mt=P len=0
PKT t=20287 RX ua=95 mt=R len=7
PKT t=20292 TX ua=95 mt=P len=0
PKT t=20301 RX ua=95 mt=R len=7
PKT t=20306 TX ua=95 mt=P len=0
PKT t=20315 RX ua=95 mt=R len=7
PKT t=20320 TX ua=95 mt=P len=0
PKT t=20329 RX ua=95 mt=R len=7
PKT t=20334 TX ua=95 mt=P len=0
PKT t=20343 RX ua=95 mt=R len=7
PKT t=20348 TX ua=95 mt=P len=0
PKT t=20382 RX ua=95 mt=R len=7
PKT t=20387 TX ua=95 mt=T len=7
PKT t=20399 TX ua=95 mt=P len=0
PKT t=20408 RX ua=95 mt=R len=7
PKT t=20413 TX ua=95 mt=P len=0
PKT t=20422 RX ua=95 mt=R len=7
PKT t=20427 TX ua=95 mt=P len=0
PKT t=20436 RX ua=95 mt=R len=7
PKT t=20441 TX ua=95 mt=P len=0
PKT t=20450 RX ua=95 mt=R len=7
PKT t=20455 TX ua=95 mt=P len=0
PKT t=20484 RX ua=95 mt=R len=7
PKT t=20489 TX ua=95 mt=P len=0
PKT t=20498 RX ua=95 mt=R len=7
PKT t=20503 TX ua=95 mt=P len=0
PKT t=20512 RX ua=95 mt=R len=7
PKT t=20517 TX ua=95 mt=P len=0
PKT t=20526 RX ua=95 mt=R len=7
PKT t=20536 TX ua=95 mt=P len=0
PKT t=20545 RX ua=95 mt=R len=7
PKT t=20550 TX ua=95 mt=P len=0
PKT t=20584 RX ua=95 mt=R len=7
PKT t=20589 TX ua=95 mt=P len=0
PKT t=20598 RX ua=95 mt=R len=7
PKT t=20603 TX ua=95 mt=P len=0
PKT t=20612 RX ua=95 mt=R len=7
PKT t=20617 TX ua=95 mt=T len=7
PKT t=20629 TX ua=95 mt=P len=0
PKT t=20638 RX ua=95 mt=R len=7
PKT t=20643 TX ua=95 mt=P len=0
PKT t=20652 RX ua=95 mt=R len=7
PKT t=20657 TX ua=95 mt=P len=0
PKT t=20686 RX ua=95 mt=R len=7
PKT t=20696 TX ua=95 mt=P len=0
PKT t=20705 RX ua=95 mt=R len=7
PKT t=20710 TX ua=95 mt=P len=0
PKT t=20719 RX ua=95 mt=R len=7
PKT t=20724 TX ua=95 mt=P len=0
PKT t=20733 RX ua=95 mt=R len=7
PKT t=20738 TX ua=95 mt=P len=0
PKT t=20747 RX ua=95 mt=R len=7
PKT t=20752 TX ua=95 mt=P len=0
PKT t=20785 RX ua=95 mt=R len=7
PKT t=20790 TX ua=95 mt=P len=0
PKT t=20799 RX ua=95 mt=R len=7
PKT t=20804 TX ua=95 mt=P len=0
PKT t=20813 RX ua=95 mt=R len=7
PKT t=20818 TX ua=95 mt=P len=0
PKT t=20827 RX ua=95 mt=R len=7
PKT t=20832 TX ua=95 mt=P len=0
PKT t=20841 RX ua=95 mt=R len=7
PKT t=20846 TX ua=95 mt=P len=0
PKT t=20856 RX ua=95 mt=R len=7
PKT t=21111 TX ua=96 mt=P len=0
PKT t=21369 TX ua=95 mt=P len=0
PKT t=21378 RX ua=95 mt=R len=7
PKT t=21383 TX ua=95 mt=T len=7
PKT t=21396 TX ua=95 mt=P len=0
PKT t=21407 RX ua=95 mt=R len=7
PKT t=21412 TX ua=95 mt=P len=0
PKT t=21422 RX ua=95 mt=R len=7
PKT t=21427 TX ua=95 mt=P len=0
PKT t=21437 RX ua=95 mt=R len=7
PKT t=21442 TX ua=95 mt=P len=0
PKT t=21452 RX ua=95 mt=R len=7
PKT t=21457 TX ua=95 mt=P len=0
PKT t=21496 RX ua=95 mt=R len=7
PKT t=21501 TX ua=95 mt=P len=0
PKT t=21511 RX ua=95 mt=R len=7
PKT t=21516 TX ua=95 mt=P len=0
PKT t=21526 RX ua=95 mt=R len=7
PKT t=21531 TX ua=95 mt=P len=0
PKT t=21541 RX ua=95 mt=R len=7
PKT t=21546 TX ua=95 mt=P len=0
PKT t=21556 RX ua=95 mt=R len=7
PKT t=21561 TX ua=95 mt=P len=0
PKT t=21590 RX ua=95 mt=R len=7
PKT t=21595 TX ua=95 mt=P len=0
PKT t=21605 RX ua=95 mt=R len=7
PKT t=21610 TX ua=95 mt=T len=7
PKT t=21623 TX ua=95 mt=P len=0
PKT t=21632 RX ua=95 mt=R len=7
PKT t=21637 TX ua=95 mt=P len=0
PKT t=21646 RX ua=95 mt=R len=7
PKT t=21656 TX ua=95 mt=P len=0
PKT t=21689 RX ua=95 mt=R len=7
PKT t=21694 TX ua=95 mt=P len=0
PKT t=21703 RX ua=95 mt=R len=7
PKT t=21708 TX ua=95 mt=P len=0
PKT t=21717 RX ua=95 mt=R len=7
PKT t=21722 TX ua=95 mt=P len=0
PKT t=21731 RX ua=95 mt=R len=7
PKT t=21736 TX ua=95 mt=P len=0
PKT t=21745 RX ua=95 mt=R len=7
PKT t=21750 TX ua=95 mt=P len=0
PKT t=21759 RX ua=95 mt=R len=7
PKT t=21764 TX ua=95 mt=P len=0
PKT t=21793 RX ua=95 mt=R len=7
PKT t=21798 TX ua=95 mt=P len=0
PKT t=21816 RX ua=95 mt=R len=7
PKT t=21821 TX ua=95 mt=P len=0
PKT t=21830 RX ua=95 mt=R len=7
PKT t=21835 TX ua=95 mt=P len=0
PKT t=21844 RX ua=95 mt=R len=7
PKT t=21849 TX ua=95 mt=P len=0
PKT t=21858 RX ua=95 mt=R len=7
PKT t=21863 TX ua=95 mt=T len=7
PKT t=21876 TX ua=95 mt=P len=0
PKT t=21894 RX ua=95 mt=R len=7
PKT t=21899 TX ua=95 mt=P len=0
PKT t=21908 RX ua=95 mt=R len=7
PKT t=21913 TX ua=95 mt=P len=0
PKT t=21922 RX ua=95 mt=R len=7
PKT t=21927 TX ua=95 mt=P len=0
PKT t=21936 RX ua=95 mt=R len=7
PKT t=21941 TX ua=95 mt=P len=0
PKT t=21950 RX ua=95 mt=R len=7
PKT t=21955 TX ua=95 mt=P len=0
PKT t=21964 RX ua=95 mt=R len=7
PKT t=21976 TX ua=95 mt=P len=0
PKT t=21998 RX ua=95 mt=R len=7
PKT t=22003 TX ua=95 mt=P len=0
PKT t=22015 RX ua=95 mt=R len=7
PKT t=22020 TX ua=95 mt=P len=0
PKT t=22029 RX ua=95 mt=R len=7
PKT t=22034 TX ua=95 mt=P len=0
PKT t=22043 RX ua=95 mt=R len=7
PKT t=22048 TX ua=95 mt=P len=0
PKT t=22057 RX ua=95 mt=R len=7
PKT t=22062 TX ua=95 mt=P len=0
PKT t=22071 RX ua=95 mt=R len=7
PKT t=22076 TX ua=95 mt=P len=0
PKT t=22105 RX ua=95 mt=R len=7
PKT t=22110 TX ua=95 mt=T len=7
PKT t=22122 TX ua=95 mt=P len=0
PKT t=22136 RX ua=95 mt=R len=7
PKT t=22141 TX ua=95 mt=P len=0
PKT t=22150 RX ua=95 mt=R len=7
PKT t=22155 TX ua=95 mt=P len=0
PKT t=22164 RX ua=95 mt=R len=7
PKT t=22169 TX ua=95 mt=P len=0
PKT t=22178 RX ua=95 mt=R len=7
PKT t=22183 TX ua=95 mt=P len=0
PKT t=22212 RX ua=95 mt=R len=7
PKT t=22217 TX ua=95 mt=P len=0
PKT t=22226 RX ua=95 mt=R len=7
PKT t=22231 TX ua=95 mt=P len=0
PKT t=22240 RX ua=95 mt=R len=7
PKT t=22245 TX ua=95 mt=P len=0
PKT t=22254 RX ua=95 mt=R len=7
PKT t=22259 TX ua=95 mt=P len=0
PKT t=22268 RX ua=95 mt=R len=7
PKT t=22273 TX ua=95 mt=P len=0
PKT t=22282 RX ua=95 mt=R len=7
PKT t=22287 TX ua=95 mt=P len=0
PKT t=22317 RX ua=95 mt=R len=7
PKT t=22322 TX ua=95 mt=P len=0
PKT t=22331 RX ua=95 mt=R len=7
PKT t=22336 TX ua=95 mt=P len=0
PKT t=22345 RX ua=95 mt=R len=7
PKT t=22350 TX ua=95 mt=P len=0
PKT t=22359 RX ua=95 mt=R len=7
PKT t=22364 TX ua=95 mt=T len=7
PKT t=22376 TX ua=95 mt=P len=0
PKT t=22385 RX ua=95 mt=R len=7
PKT t=22390 TX ua=95 mt=P len=0
PKT t=22419 RX ua=95 mt=R len=7
PKT t=22424 TX ua=95 mt=P len=0
PKT t=22433 RX ua=95 mt=R len=7
PKT t=22438 TX ua=95 mt=P len=0
PKT t=22456 RX ua=95 mt=R len=7
PKT t=22461 TX ua=95 mt=P len=0
PKT t=22470 RX ua=95 mt=R len=7
PKT t=22475 TX ua=95 mt=P len=0
PKT t=22484 RX ua=95 mt=R len=7
PKT t=22489 TX ua=95 mt=P len=0
PKT t=22518 RX ua=95 mt=R len=7
PKT t=22523 TX ua=95 mt=P len=0
PKT t=22534 RX ua=95 mt=R len=7
PKT t=22538 TX ua=95 mt=P len=0
PKT t=22547 RX ua=95 mt=R len=7
PKT t=22552 TX ua=95 mt=P len=0
PKT t=22561 RX ua=95 mt=R len=7
PKT t=22566 TX ua=95 mt=P len=0
PKT t=22575 RX ua=95 mt=R len=7
PKT t=22580 TX ua=95 mt=P len=0
PKT t=22589 RX ua=95 mt=R len=7
PKT t=22594 TX ua=95 mt=P len=0
PKT t=22623 RX ua=95 mt=R len=7
PKT t=22628 TX ua=95 mt=T len=7
PKT t=22640 TX ua=95 mt=P len=0
PKT t=22649 RX ua=95 mt=R len=7
PKT t=22654 TX ua=95 mt=P len=0
PKT t=22663 RX ua=95 mt=R len=7
PKT t=22668 TX ua=95 mt=P len=0
PKT t=22677 RX ua=95 mt=R len=7
PKT t=22682 TX ua=95 mt=P len=0
PKT t=22691 RX ua=95 mt=R len=7
PKT t=22696 TX ua=95 mt=P len=0
PKT t=22725 RX ua=95 mt=R len=7
PKT t=22730 TX ua=95 mt=P len=0
PKT t=22739 RX ua=95 mt=R len=7
PKT t=22744 TX ua=95 mt=P len=0
PKT t=22753 RX ua=95 mt=R len=7
PKT t=22758 TX ua=95 mt=P len=0
PKT t=22776 RX ua=95 mt=R len=7
PKT t=22781 TX ua=95 mt=P len=0
PKT t=22790 RX ua=95 mt=R len=7
PKT t=22795 TX ua=95 mt=P len=0
PKT t=22824 RX ua=95 mt=R len=7
PKT t=22829 TX ua=95 mt=P len=0
PKT t=22838 RX ua=95 mt=R len=7
PKT t=22843 TX ua=95 mt=P len=0
PKT t=22852 RX ua=95 mt=R len=7
PKT t=22857 TX ua=95 mt=T len=7
PKT t=22869 TX ua=95 mt=P len=0
PKT t=22878 RX ua=95 mt=R len=7
PKT t=22883 TX ua=95 mt=P len=0
PKT t=22892 RX ua=95 mt=R len=7
PKT t=22897 TX ua=95 mt=P len=0
PKT t=22926 RX ua=95 mt=R len=7
PKT t=22936 TX ua=95 mt=P len=0
PKT t=22945 RX ua=95 mt=R len=7
PKT t=22950 TX ua=95 mt=P len=0
PKT t=22959 RX ua=95 mt=R len=7
PKT t=22964 TX ua=95 mt=P len=0
PKT t=22973 RX ua=95 mt=R len=7
PKT t=22978 TX ua=95 mt=P len=0
PKT t=22987 RX ua=95 mt=R len=7
PKT t=22992 TX ua=95 mt=P len=0
PKT t=23025 RX ua=95 mt=R len=7
PKT t=23030 TX ua=95 mt=P len=0
PKT t=23039 RX ua=95 mt=R len=7
PKT t=23044 TX ua=95 mt=P len=0
PKT t=23053 RX ua=95 mt=R len=7
PKT t=23058 TX ua=95 mt=P len=0
PKT t=23067 RX ua=95 mt=R len=7
PKT t=23072 TX ua=95 mt=P len=0
PKT t=23081 RX ua=95 mt=R len=7
PKT t=23086 TX ua=95 mt=P len=0
PKT t=23096 RX ua=95 mt=R len=7
PKT t=23351 TX ua=96 mt=P len=0
PKT t=23609 TX ua=95 mt=P len=0
PKT t=23618 RX ua=95 mt=R len=7
PKT t=23623 TX ua=95 mt=T len=7
PKT t=23635 TX ua=95 mt=P len=0
PKT t=23644 RX ua=95 mt=R len=7
PKT t=23649 TX ua=95 mt=P len=0
PKT t=23659 RX ua=95 mt=R len=7
PKT t=23664 TX ua=95 mt=P len=0
PKT t=23673 RX ua=95 mt=R len=7
PKT t=23678 TX ua=95 mt=P len=0
PKT t=23687 RX ua=95 mt=R len=7
PKT t=23692 TX ua=95 mt=P len=0
PKT t=23701 RX ua=95 mt=R len=7
PKT t=23706 TX ua=95 mt=P len=0
PKT t=23736 RX ua=95 mt=R len=7
PKT t=23741 TX ua=95 mt=P len=0
PKT t=23750 RX ua=95 mt=R len=7
PKT t=23755 TX ua=95 mt=P len=0
PKT t=23764 RX ua=95 mt=R len=7
PKT t=23769 TX ua=95 mt=P len=0
PKT t=23778 RX ua=95 mt=R len=7
PKT t=23783 TX ua=95 mt=P len=0
PKT t=23792 RX ua=95 mt=R len=7
PKT t=23797 TX ua=95 mt=P len=0
PKT t=23806 RX ua=95 mt=R len=7
PKT t=23811 TX ua=95 mt=P len=0
PKT t=23840 RX ua=95 mt=R len=7
PKT t=23845 TX ua=95 mt=P len=0
PKT t=23854 RX ua=95 mt=R len=7
PKT t=23859 TX ua=95 mt=T len=7
PKT t=23871 TX ua=95 mt=P len=0
PKT t=23880 RX ua=95 mt=R len=7
PKT t=23885 TX ua=95 mt=P len=0
PKT t=23896 RX ua=95 mt=R len=7
PKT t=24151 TX ua=96 mt=P len=0
PKT t=24409 TX ua=95 mt=P len=0
PKT t=24419 RX ua=95 mt=R len=7
PKT t=24424 TX ua=95 mt=T len=7
PKT t=24436 TX ua=95 mt=P len=0
PKT t=24445 RX ua=95 mt=R len=7
PKT t=24450 TX ua=95 mt=P len=0
PKT t=24459 RX ua=95 mt=R len=7
PKT t=24464 TX ua=95 mt=P len=0
PKT t=24473 RX ua=95 mt=R len=7
PKT t=24478 TX ua=95 mt=P len=0
PKT t=24487 RX ua=95 mt=R len=7
PKT t=24492 TX ua=95 mt=P len=0
PKT t=24501 RX ua=95 mt=R len=7
PKT t=24506 TX ua=95 mt=P len=0
PKT t=24540 RX ua=95 mt=R len=7
PKT t=24544 TX ua=95 mt=P len=0
PKT t=24553 RX ua=95 mt=R len=7
PKT t=24558 TX ua=95 mt=P len=0
PKT t=24567 RX ua=95 mt=R len=7
PKT t=24572 TX ua=95 mt=P len=0
PKT t=24581 RX ua=95 mt=R len=7
PKT t=24586 TX ua=95 mt=P len=0
PKT t=24595 RX ua=95 mt=R len=7
PKT t=24600 TX ua=95 mt=P len=0
PKT t=24609 RX ua=95 mt=R len=7
PKT t=24614 TX ua=95 mt=T len=7
PKT t=24626 TX ua=95 mt=P len=0
PKT t=24645 RX ua=95 mt=R len=7
PKT t=24650 TX ua=95 mt=P len=0
PKT t=24659 RX ua=95 mt=R len=7
PKT t=24664 TX ua=95 mt=P len=0
PKT t=24673 RX ua=95 mt=R len=7
PKT t=24678 TX ua=95 mt=P len=0
PKT t=24696 RX ua=95 mt=R len=7
PKT t=24701 TX ua=95 mt=P len=0
PKT t=24710 RX ua=95 mt=R len=7
PKT t=24715 TX ua=95 mt=P len=0
PKT t=24744 RX ua=95 mt=R len=7
PKT t=24749 TX ua=95 mt=P len=0
PKT t=24758 RX ua=95 mt=R len=7
PKT t=24763 TX ua=95 mt=P len=0
PKT t=24772 RX ua=95 mt=R len=7
PKT t=24777 TX ua=95 mt=P len=0
PKT t=24787 RX ua=95 mt=R len=7
PKT t=24792 TX ua=95 mt=P len=0
PKT t=24801 RX ua=95 mt=R len=7
PKT t=24806 TX ua=95 mt=P len=0
PKT t=24815 RX ua=95 mt=R len=7
PKT t=24820 TX ua=95 mt=P len=0
PKT t=24856 RX ua=95 mt=R len=7
PKT t=24861 TX ua=95 mt=T len=7
PKT t=24873 TX ua=95 mt=P len=0
PKT t=24882 RX ua=95 mt=R len=7
PKT t=24887 TX ua=95 mt=P len=0
PKT t=24896 RX ua=95 mt=R len=7
PKT t=24901 TX ua=95 mt=P len=0
PKT t=24910 RX ua=95 mt=R len=7
PKT t=24915 TX ua=95 mt=P len=0
PKT t=24948 RX ua=95 mt=R len=7
PKT t=24953 TX ua=95 mt=P len=0
PKT t=24962 RX ua=95 mt=R len=7
PKT t=24967 TX ua=95 mt=P len=0
PKT t=24976 RX ua=95 mt=R len=7
PKT t=24981 TX ua=95 mt=P len=0
PKT t=24990 RX ua=95 mt=R len=7
PKT t=24995 TX ua=95 mt=P len=0
PKT t=25004 RX ua=95 mt=R len=7
PKT t=25016 TX ua=95 mt=P len=0
PKT t=25048 RX ua=95 mt=R len=7
PKT t=25053 TX ua=95 mt=P len=0
PKT t=25062 RX ua=95 mt=R len=7
PKT t=25067 TX ua=95 mt=P len=0
PKT t=25076 RX ua=95 mt=R len=7
PKT t=25081 TX ua=95 mt=P len=0
PKT t=25090 RX ua=95 mt=R len=7
PKT t=25095 TX ua=95 mt=P len=0
PKT t=25104 RX ua=95 mt=R len=7
PKT t=25109 TX ua=95 mt=T len=7
PKT t=25121 TX ua=95 mt=P len=0
PKT t=25150 RX ua=95 mt=R len=7
PKT t=25155 TX ua=95 mt=P len=0
PKT t=25164 RX ua=95 mt=R len=7
PKT t=25176 TX ua=95 mt=P len=0
PKT t=25185 RX ua=95 mt=R len=7
PKT t=25190 TX ua=95 mt=P len=0
PKT t=25199 RX ua=95 mt=R len=7
PKT t=25204 TX ua=95 mt=P len=0
PKT t=25213 RX ua=95 mt=R len=7
PKT t=25218 TX ua=95 mt=P len=0
PKT t=25249 RX ua=95 mt=R len=7
PKT t=25254 TX ua=95 mt=P len=0
PKT t=25263 RX ua=95 mt=R len=7
PKT t=25268 TX ua=95 mt=P len=0
PKT t=25277 RX ua=95 mt=R len=7
PKT t=25282 TX ua=95 mt=P len=0
PKT t=25291 RX ua=95 mt=R len=7
PKT t=25296 TX ua=95 mt=P len=0
PKT t=25305 RX ua=95 mt=R len=7
PKT t=25310 TX ua=95 mt=P len=0
PKT t=25319 RX ua=95 mt=R len=7
PKT t=25324 TX ua=95 mt=P len=0
PKT t=25353 RX ua=95 mt=R len=7
PKT t=25358 TX ua=95 mt=T len=7
PKT t=25370 TX ua=95 mt=P len=0
PKT t=25380 RX ua=95 mt=R len=7
PKT t=25385 TX ua=95 mt=P len=0
PKT t=25395 RX ua=95 mt=R len=7
PKT t=25400 TX ua=95 mt=P len=0
PKT t=25410 RX ua=95 mt=R len=7
PKT t=25415 TX ua=95 mt=P len=0
PKT t=25425 RX ua=95 mt=R len=7
PKT t=25430 TX ua=95 mt=P len=0
PKT t=25459 RX ua=95 mt=R len=7
PKT t=25464 TX ua=95 mt=P len=0
PKT t=25474 RX ua=95 mt=R len=7
PKT t=25479 TX ua=95 mt=P len=0
PKT t=25496 RX ua=95 mt=R len=7
PKT t=25501 TX ua=95 mt=P len=0
PKT t=25511 RX ua=95 mt=R len=7
PKT t=25516 TX ua=95 mt=P len=0
PKT t=25526 RX ua=95 mt=R len=7
PKT t=25531 TX ua=95 mt=P len=0
PKT t=25560 RX ua=95 mt=R len=7
PKT t=25565 TX ua=95 mt=P len=0
PKT t=25575 RX ua=95 mt=R len=7
PKT t=25580 TX ua=95 mt=P len=0
PKT t=25590 RX ua=95 mt=R len=7
PKT t=25595 TX ua=95 mt=P len=0
PKT t=25605 RX ua=95 mt=R len=7
PKT t=25610 TX ua=95 mt=T len=7
PKT t=25622 TX ua=95 mt=P len=0
PKT t=25631 RX ua=95 mt=R len=7
PKT t=25636 TX ua=95 mt=P len=0
PKT t=25665 RX ua=95 mt=R len=7
PKT t=25670 TX ua=95 mt=P len=0
PKT t=25679 RX ua=95 mt=R len=7
PKT t=25684 TX ua=95 mt=P len=0
PKT t=25693 RX ua=95 mt=R len=7
PKT t=25698 TX ua=95 mt=P len=0
PKT t=25707 RX ua=95 mt=R len=7
PKT t=25712 TX ua=95 mt=P len=0
PKT t=25721 RX ua=95 mt=R len=7
PKT t=25726 TX ua=95 mt=P len=0
PKT t=25735 RX ua=95 mt=R len=7
PKT t=25740 TX ua=95 mt=P len=0
PKT t=25769 RX ua=95 mt=R len=7
PKT t=25774 TX ua=95 mt=P len=0
PKT t=25783 RX ua=95 mt=R len=7
PKT t=25788 TX ua=95 mt=P len=0
PKT t=25797 RX ua=95 mt=R len=7
PKT t=25802 TX ua=95 mt=P len=0
PKT t=25816 RX ua=95 mt=R len=7
PKT t=25821 TX ua=95 mt=P len=0
PKT t=25830 RX ua=95 mt=R len=7
PKT t=25835 TX ua=95 mt=P len=0
PKT t=25868 RX ua=95 mt=R len=7
PKT t=25873 TX ua=95 mt=T len=7
PKT t=25885 TX ua=95 mt=P len=0
PKT t=25894 RX ua=95 mt=R len=7
PKT t=25899 TX ua=95 mt=P len=0
PKT t=25908 RX ua=95 mt=R len=7
PKT t=25913 TX ua=95 mt=P len=0
PKT t=25922 RX ua=95 mt=R len=7
PKT t=25927 TX ua=95 mt=P len=0
PKT t=25936 RX ua=95 mt=R len=7
PKT t=25941 TX ua=95 mt=P len=0
PKT t=25976 RX ua=95 mt=R len=7
PKT t=25981 TX ua=95 mt=P len=0
PKT t=25990 RX ua=95 mt=R len=7
PKT t=25995 TX ua=95 mt=P len=0
PKT t=26004 RX ua=95 mt=R len=7
PKT t=26009 TX ua=95 mt=P len=0
PKT t=26018 RX ua=95 mt=R len=7
PKT t=26023 TX ua=95 mt=P len=0
PKT t=26032 RX ua=95 mt=R len=7
PKT t=26037 TX ua=95 mt=P len=0
PKT t=26069 RX ua=95 mt=R len=7
PKT t=26074 TX ua=95 mt=P len=0
PKT t=26083 RX ua=95 mt=R len=7
PKT t=26088 TX ua=95 mt=P len=0
PKT t=26097 RX ua=95 mt=R len=7
PKT t=26102 TX ua=95 mt=T len=7
PKT t=26115 TX ua=95 mt=P len=0
PKT t=26124 RX ua=95 mt=R len=7
PKT t=26136 TX ua=95 mt=T len=7
PKT t=26149 TX ua=95 mt=P len=0
PKT t=26171 RX ua=95 mt=R len=7
PKT t=26176 TX ua=95 mt=P len=0
PKT t=26185 RX ua=95 mt=R len=7
PKT t=26190 TX ua=95 mt=P len=0
PKT t=26199 RX ua=95 mt=R len=7
PKT t=26204 TX ua=95 mt=P len=0
PKT t=26213 RX ua=95 mt=R len=7
PKT t=26218 TX ua=95 mt=P len=0
PKT t=26227 RX ua=95 mt=R len=7
PKT t=26232 TX ua=95 mt=P len=0
PKT t=26242 RX ua=95 mt=R len=7
PKT t=26247 TX ua=95 mt=P len=0
PKT t=26276 RX ua=95 mt=R len=7
PKT t=26281 TX ua=95 mt=P len=0
PKT t=26296 RX ua=95 mt=R len=7
PKT t=26301 TX ua=95 mt=P len=0
PKT t=26310 RX ua=95 mt=R len=7
PKT t=26315 TX ua=95 mt=P len=0
PKT t=26324 RX ua=95 mt=R len=7
PKT t=26329 TX ua=95 mt=P len=0
PKT t=26338 RX ua=95 mt=R len=7
PKT t=26343 TX ua=95 mt=P len=0
PKT t=26375 RX ua=95 mt=R len=7
PKT t=26380 TX ua=95 mt=T len=7
PKT t=26393 TX ua=95 mt=P len=0
PKT t=26402 RX ua=95 mt=R len=7
PKT t=26407 TX ua=95 mt=P len=0
PKT t=26416 RX ua=95 mt=R len=7
PKT t=26421 TX ua=95 mt=P len=0
PKT t=26430 RX ua=95 mt=R len=7
PKT t=26435 TX ua=95 mt=P len=0
PKT t=26444 RX ua=95 mt=R len=7
PKT t=26456 TX ua=95 mt=P len=0
PKT t=26478 RX ua=95 mt=R len=7
PKT t=26483 TX ua=95 mt=P len=0
PKT t=26492 RX ua=95 mt=R len=7
PKT t=26497 TX ua=95 mt=P len=0
PKT t=26506 RX ua=95 mt=R len=7
PKT t=26511 TX ua=95 mt=P len=0
PKT t=26520 RX ua=95 mt=R len=7
PKT t=26525 TX ua=95 mt=P len=0
PKT t=26534 RX ua=95 mt=R len=7
PKT t=26539 TX ua=95 mt=P len=0
PKT t=26548 RX ua=95 mt=R len=7
PKT t=26553 TX ua=95 mt=P len=0
PKT t=26582 RX ua=95 mt=R len=7
PKT t=26587 TX ua=95 mt=P len=0
PKT t=26596 RX ua=95 mt=R len=7
PKT t=26601 TX ua=95 mt=P len=0
PKT t=26616 RX ua=95 mt=R len=7
PKT t=26621 TX ua=95 mt=T len=7
PKT t=26634 TX ua=95 mt=P len=0
PKT t=26643 RX ua=95 mt=R len=7
PKT t=26648 TX ua=95 mt=P len=0
PKT t=26681 RX ua=95 mt=R len=7
PKT t=26686 TX ua=95 mt=P len=0
PKT t=26695 RX ua=95 mt=R len=7
PKT t=26700 TX ua=95 mt=P len=0
PKT t=26709 RX ua=95 mt=R len=7
PKT t=26714 TX ua=95 mt=P len=0
PKT t=26723 RX ua=95 mt=R len=7
PKT t=26728 TX ua=95 mt=P len=0
PKT t=26737 RX ua=95 mt=R len=7
PKT t=26742 TX ua=95 mt=P len=0
PKT t=26751 RX ua=95 mt=R len=7
PKT t=26756 TX ua=95 mt=P len=0
PKT t=26785 RX ua=95 mt=R len=7
PKT t=26790 TX ua=95 mt=P len=0
PKT t=26799 RX ua=95 mt=R len=7
PKT t=26804 TX ua=95 mt=P len=0
PKT t=26813 RX ua=95 mt=R len=7
PKT t=26818 TX ua=95 mt=P len=0
PKT t=26827 RX ua=95 mt=R len=7
PKT t=26832 TX ua=95 mt=P len=0
PKT t=26841 RX ua=95 mt=R len=7
PKT t=26846 TX ua=95 mt=P len=0
PKT t=26855 RX ua=95 mt=R len=7
PKT t=26860 TX ua=95 mt=T len=7
PKT t=26873 TX ua=95 mt=P len=0
PKT t=26891 RX ua=95 mt=R len=7
PKT t=26896 TX ua=95 mt=P len=0
PKT t=26905 RX ua=95 mt=R len=7
PKT t=26910 TX ua=95 mt=P len=0
PKT t=26919 RX ua=95 mt=R len=7
PKT t=26924 TX ua=95 mt=P len=0
PKT t=26936 RX ua=95 mt=R len=7
PKT t=26941 TX ua=95 mt=P len=0
PKT t=26950 RX ua=95 mt=R len=7
PKT t=26955 TX ua=95 mt=P len=0
PKT t=26988 RX ua=95 mt=R len=7
PKT t=26993 TX ua=95 mt=P len=0
PKT t=27002 RX ua=95 mt=R len=7
PKT t=27007 TX ua=95 mt=P len=0
PKT t=27016 RX ua=95 mt=R len=7
PKT t=27021 TX ua=95 mt=P len=0
PKT t=27030 RX ua=95 mt=R len=7
PKT t=27035 TX ua=95 mt=P len=0
PKT t=27044 RX ua=95 mt=R len=7
PKT t=27049 TX ua=95 mt=P len=0
PKT t=27058 RX ua=95 mt=R len=7
PKT t=27063 TX ua=95 mt=P len=0
PKT t=27096 RX ua=95 mt=R len=7
PKT t=27101 TX ua=95 mt=T len=7
PKT t=27113 TX ua=95 mt=P len=0
PKT t=27122 RX ua=95 mt=R len=7
PKT t=27127 TX ua=95 mt=P len=0
PKT t=27136 RX ua=95 mt=R len=7
PKT t=27141 TX ua=95 mt=P len=0
PKT t=27150 RX ua=95 mt=R len=7
PKT t=27155 TX ua=95 mt=P len=0
PKT t=27164 RX ua=95 mt=R len=7
PKT t=27169 TX ua=95 mt=P len=0
PKT t=27198 RX ua=95 mt=R len=7
PKT t=27203 TX ua=95 mt=P len=0
PKT t=27212 RX ua=95 mt=R len=7
PKT t=27217 TX ua=95 mt=P len=0
PKT t=27226 RX ua=95 mt=R len=7
PKT t=27231 TX ua=95 mt=P len=0
PKT t=27240 RX ua=95 mt=R len=7
PKT t=27245 TX ua=95 mt=P len=0
PKT t=27256 RX ua=95 mt=R len=7
PKT t=27511 TX ua=96 mt=P len=0
PKT t=27769 TX ua=95 mt=P len=0
PKT t=27778 RX ua=95 mt=R len=7
PKT t=27783 TX ua=95 mt=T len=7
PKT t=27795 TX ua=95 mt=P len=0
PKT t=27804 RX ua=95 mt=R len=7
PKT t=27809 TX ua=95 mt=P len=0
PKT t=27818 RX ua=95 mt=R len=7
PKT t=27823 TX ua=95 mt=P len=0
PKT t=27832 RX ua=95 mt=R len=7
PKT t=27837 TX ua=95 mt=P len=0
PKT t=27846 RX ua=95 mt=R len=7
PKT t=27851 TX ua=95 mt=P len=0
PKT t=27860 RX ua=95 mt=R len=7
PKT t=27865 TX ua=95 mt=T len=7
PKT t=27877 TX ua=95 mt=P len=0
PKT t=27899 RX ua=95 mt=R len=7
PKT t=27904 TX ua=95 mt=P len=0
PKT t=27913 RX ua=95 mt=R len=7
PKT t=27918 TX ua=95 mt=P len=0
PKT t=27927 RX ua=95 mt=R len=7
PKT t=27932 TX ua=95 mt=P len=0
PKT t=27941 RX ua=95 mt=R len=7
PKT t=27946 TX ua=95 mt=P len=0
PKT t=27955 RX ua=95 mt=R len=7
PKT t=27960 TX ua=95 mt=P len=0
PKT t=27969 RX ua=95 mt=R len=7
PKT t=27974 TX ua=95 mt=P len=0
PKT t=28003 RX ua=95 mt=R len=7
PKT t=28008 TX ua=95 mt=P len=0
PKT t=28018 RX ua=95 mt=R len=7
PKT t=28023 TX ua=95 mt=P len=0
PKT t=28032 RX ua=95 mt=R len=7
PKT t=28037 TX ua=95 mt=P len=0
PKT t=28046 RX ua=95 mt=R len=7
PKT t=28056 TX ua=95 mt=P len=0
PKT t=28065 RX ua=95 mt=R len=7
PKT t=28070 TX ua=95 mt=P len=0
PKT t=28102 RX ua=95 mt=R len=7
PKT t=28107 TX ua=95 mt=T len=7
PKT t=28119 TX ua=95 mt=P len=0
PKT t=28128 RX ua=95 mt=R len=7
PKT t=28133 TX ua=95 mt=P len=0
PKT t=28142 RX ua=95 mt=R len=7
PKT t=28147 TX ua=95 mt=P len=0
PKT t=28156 RX ua=95 mt=R len=7
PKT t=28161 TX ua=95 mt=P len=0
PKT t=28170 RX ua=95 mt=R len=7
PKT t=28175 TX ua=95 mt=P len=0
PKT t=28216 RX ua=95 mt=R len=7
PKT t=28221 TX ua=95 mt=P len=0
PKT t=28230 RX ua=95 mt=R len=7
PKT t=28235 TX ua=95 mt=P len=0
PKT t=28244 RX ua=95 mt=R len=7
PKT t=28249 TX ua=95 mt=P len=0
PKT t=28258 RX ua=95 mt=R len=7
PKT t=28263 TX ua=95 mt=P len=0
PKT t=28272 RX ua=95 mt=R len=7
PKT t=28277 TX ua=95 mt=P len=0
PKT t=28306 RX ua=95 mt=R len=7
PKT t=28311 TX ua=95 mt=P len=0
PKT t=28320 RX ua=95 mt=R len=7
PKT t=28325 TX ua=95 mt=P len=0
PKT t=28334 RX ua=95 mt=R len=7
PKT t=28339 TX ua=95 mt=P len=0
PKT t=28348 RX ua=95 mt=R len=7
PKT t=28353 TX ua=95 mt=P len=0
PKT t=28362 RX ua=95 mt=R len=7
PKT t=28367 TX ua=95 mt=T len=7
PKT t=28384 TX ua=95 mt=P len=0
PKT t=28407 RX ua=95 mt=R len=7
PKT t=28412 TX ua=95 mt=P len=0
PKT t=28421 RX ua=95 mt=R len=7
PKT t=28426 TX ua=95 mt=P len=0
PKT t=28435 RX ua=95 mt=R len=7
PKT t=28440 TX ua=95 mt=P len=0
PKT t=28449 RX ua=95 mt=R len=7
PKT t=28454 TX ua=95 mt=P len=0
PKT t=28463 RX ua=95 mt=R len=7
PKT t=28468 TX ua=95 mt=P len=0
PKT t=28477 RX ua=95 mt=R len=7
PKT t=28482 TX ua=95 mt=P len=0
PKT t=28511 RX ua=95 mt=R len=7
PKT t=28516 TX ua=95 mt=P len=0
PKT t=28525 RX ua=95 mt=R len=7
PKT t=28536 TX ua=95 mt=P len=0
PKT t=28545 RX ua=95 mt=R len=7
PKT t=28550 TX ua=95 mt=P len=0
PKT t=28559 RX ua=95 mt=R len=7
PKT t=28564 TX ua=95 mt=P len=0
PKT t=28573 RX ua=95 mt=R len=7
PKT t=28578 TX ua=95 mt=P len=0
PKT t=28610 RX ua=95 mt=R len=7
PKT t=28615 TX ua=95 mt=T len=7
PKT t=28627 TX ua=95 mt=P len=0
PKT t=28636 RX ua=95 mt=R len=7
PKT t=28641 TX ua=95 mt=P len=0
PKT t=28650 RX ua=95 mt=R len=7
PKT t=28655 TX ua=95 mt=P len=0
PKT t=28664 RX ua=95 mt=R len=7
PKT t=28669 TX ua=95 mt=P len=0
PKT t=28678 RX ua=95 mt=R len=7
PKT t=28683 TX ua=95 mt=P len=0
PKT t=28712 RX ua=95 mt=R len=7
PKT t=28717 TX ua=95 mt=P len=0
PKT t=28726 RX ua=95 mt=R len=7
PKT t=28731 TX ua=95 mt=P len=0
PKT t=28740 RX ua=95 mt=R len=7
PKT t=28745 TX ua=95 mt=P len=0
PKT t=28754 RX ua=95 mt=R len=7
PKT t=28759 TX ua=95 mt=P len=0
PKT t=28768 RX ua=95 mt=R len=7
PKT t=28773 TX ua=95 mt=P len=0
PKT t=28782 RX ua=95 mt=R len=7
PKT t=28787 TX ua=95 mt=P len=0
PKT t=28816 RX ua=95 mt=R len=7
PKT t=28821 TX ua=95 mt=P len=0
PKT t=28830 RX ua=95 mt=R len=7
PKT t=28835 TX ua=95 mt=P len=0
PKT t=28844 RX ua=95 mt=R len=7
PKT t=28856 TX ua=95 mt=P len=0
PKT t=28865 RX ua=95 mt=R len=7
PKT t=28870 TX ua=95 mt=T len=7
PKT t=28882 TX ua=95 mt=P len=0
PKT t=28915 RX ua=95 mt=R len=7
PKT t=28920 TX ua=95 mt=P len=0
PKT t=28929 RX ua=95 mt=R len=7
PKT t=28934 TX ua=95 mt=P len=0
PKT t=28943 RX ua=95 mt=R len=7
PKT t=28948 TX ua=95 mt=P len=0
PKT t=28957 RX ua=95 mt=R len=7
PKT t=28962 TX ua=95 mt=P len=0
PKT t=28971 RX ua=95 mt=R len=7
PKT t=28976 TX ua=95 mt=P len=0
PKT t=28985 RX ua=95 mt=R len=7
PKT t=28990 TX ua=95 mt=P len=0
PKT t=29019 RX ua=95 mt=R len=7
PKT t=29024 TX ua=95 mt=P len=0
PKT t=29033 RX ua=95 mt=R len=7
PKT t=29038 TX ua=95 mt=P len=0
PKT t=29047 RX ua=95 mt=R len=7
PKT t=29052 TX ua=95 mt=P len=0
PKT t=29061 RX ua=95 mt=R len=7
PKT t=29066 TX ua=95 mt=P len=0
PKT t=29075 RX ua=95 mt=R len=7
PKT t=29080 TX ua=95 mt=P len=0
PKT t=29089 RX ua=95 mt=R len=7
PKT t=29094 TX ua=95 mt=P len=0
PKT t=29123 RX ua=95 mt=R len=7
PKT t=29128 TX ua=95 mt=T len=7
PKT t=29141 TX ua=95 mt=P len=0
PKT t=29150 RX ua=95 mt=R len=7
PKT t=29155 TX ua=95 mt=P len=0
PKT t=29164 RX ua=95 mt=R len=7
PKT t=29176 TX ua=95 mt=P len=0
PKT t=29185 RX ua=95 mt=R len=7
PKT t=29190 TX ua=95 mt=P len=0
PKT t=29222 RX ua=95 mt=R len=7
PKT t=29227 TX ua=95 mt=P len=0
PKT t=29236 RX ua=95 mt=R len=7
PKT t=29241 TX ua=95 mt=P len=0
PKT t=29250 RX ua=95 mt=R len=7
PKT t=29255 TX ua=95 mt=P len=0
PKT t=29264 RX ua=95 mt=R len=7
PKT t=29269 TX ua=95 mt=P len=0
PKT t=29278 RX ua=95 mt=R len=7
PKT t=29283 TX ua=95 mt=P len=0
PKT t=29292 RX ua=95 mt=R len=7
PKT t=29297 TX ua=95 mt=P len=0
PKT t=29326 RX ua=95 mt=R len=7
PKT t=29336 TX ua=95 mt=P len=0
PKT t=29345 RX ua=95 mt=R len=7
PKT t=29350 TX ua=95 mt=P len=0
PKT t=29359 RX ua=95 mt=R len=7
PKT t=29364 TX ua=95 mt=T len=7
PKT t=29377 TX ua=95 mt=P len=0
PKT t=29387 RX ua=95 mt=R len=7
PKT t=29392 TX ua=95 mt=P len=0
PKT t=29426 RX ua=95 mt=R len=7
PKT t=29430 TX ua=95 mt=P len=0
PKT t=29440 RX ua=95 mt=R len=7
PKT t=29445 TX ua=95 mt=P len=0
PKT t=29455 RX ua=95 mt=R len=7
PKT t=29460 TX ua=95 mt=P len=0
PKT t=29470 RX ua=95 mt=R len=7
PKT t=29475 TX ua=95 mt=P len=0
PKT t=29485 RX ua=95 mt=R len=7
PKT t=29496 TX ua=95 mt=P len=0
PKT t=29526 RX ua=95 mt=R len=7
PKT t=29530 TX ua=95 mt=P len=0
PKT t=29540 RX ua=95 mt=R len=7
PKT t=29545 TX ua=95 mt=P len=0
PKT t=29555 RX ua=95 mt=R len=7
PKT t=29560 TX ua=95 mt=P len=0
PKT t=29570 RX ua=95 mt=R len=7
PKT t=29575 TX ua=95 mt=P len=0
PKT t=29585 RX ua=95 mt=R len=7
PKT t=29590 TX ua=95 mt=P len=0
PKT t=29600 RX ua=95 mt=R len=7
PKT t=29605 TX ua=95 mt=P len=0
PKT t=29634 RX ua=95 mt=R len=7
PKT t=29639 TX ua=95 mt=T len=7
PKT t=29656 TX ua=95 mt=P len=0
PKT t=29665 RX ua=95 mt=R len=7
PKT t=29670 TX ua=95 mt=P len=0
PKT t=29679 RX ua=95 mt=R len=7
PKT t=29684 TX ua=95 mt=P len=0
PKT t=29693 RX ua=95 mt=R len=7
PKT t=29698 TX ua=95 mt=P len=0
PKT t=29707 RX ua=95 mt=R len=7
PKT t=29712 TX ua=95 mt=P len=0
PKT t=29741 RX ua=95 mt=R len=7
PKT t=29746 TX ua=95 mt=P len=0
PKT t=29755 RX ua=95 mt=R len=7
PKT t=29760 TX ua=95 mt=P len=0
PKT t=29770 RX ua=95 mt=R len=7
PKT t=29775 TX ua=95 mt=P len=0
PKT t=29784 RX ua=95 mt=R len=7
PKT t=29789 TX ua=95 mt=P len=0
PKT t=29798 RX ua=95 mt=R len=7
PKT t=29803 TX ua=95 mt=P len=0
PKT t=29816 RX ua=95 mt=R len=7
PKT t=29821 TX ua=95 mt=P len=0
PKT t=29846 RX ua=95 mt=R len=7
PKT t=29851 TX ua=95 mt=P len=0
PKT t=29860 RX ua=95 mt=R len=7
PKT t=29865 TX ua=95 mt=T len=7
PKT t=29878 TX ua=95 mt=P len=0
PKT t=29887 RX ua=95 mt=R len=7
PKT t=29892 TX ua=95 mt=P len=0
PKT t=29901 RX ua=95 mt=R len=7
PKT t=29906 TX ua=95 mt=P len=0
PKT t=29915 RX ua=95 mt=R len=7
PKT t=29920 TX ua=95 mt=P len=0
PKT t=29949 RX ua=95 mt=R len=7
PKT t=29954 TX ua=95 mt=P len=0
PKT t=29963 RX ua=95 mt=R len=7
PKT t=29976 TX ua=95 mt=P len=0
PKT t=29985 RX ua=95 mt=R len=7
PKT t=29990 TX ua=95 mt=P len=0
PKT t=29999 RX ua=95 mt=R len=7
PKT t=30004 TX ua=95 mt=P len=0
PKT t=30013 RX ua=95 mt=R len=7
PKT t=30019 TX ua=95 mt=P len=0
PKT t=30048 RX ua=95 mt=R len=7
PKT t=30053 TX ua=95 mt=P len=0
PKT t=30062 RX ua=95 mt=R len=7
PKT t=30067 TX ua=95 mt=P len=0
PKT t=30076 RX ua=95 mt=R len=7
PKT t=30081 TX ua=95 mt=P len=0
PKT t=30090 RX ua=95 mt=R len=7
PKT t=30095 TX ua=95 mt=P len=0
PKT t=30104 RX ua=95 mt=R len=7
PKT t=30109 TX ua=95 mt=T len=7
PKT t=30121 TX ua=95 mt=P len=0
PKT t=30149 RX ua=95 mt=R len=7
PKT t=30154 TX ua=95 mt=P len=0
PKT t=30163 RX ua=95 mt=R len=7
PKT t=30168 TX ua=95 mt=P len=0
PKT t=30177 RX ua=95 mt=R len=7
PKT t=30182 TX ua=95 mt=P len=0
PKT t=30191 RX ua=95 mt=R len=7
PKT t=30196 TX ua=95 mt=P len=0
PKT t=30205 RX ua=95 mt=R len=7
PKT t=30210 TX ua=95 mt=P len=0
PKT t=30219 RX ua=95 mt=R len=7
PKT t=30224 TX ua=95 mt=P len=0
PKT t=30253 RX ua=95 mt=R len=7
PKT t=30258 TX ua=95 mt=P len=0
PKT t=30267 RX ua=95 mt=R len=7
PKT t=30272 TX ua=95 mt=P len=0
PKT t=30281 RX ua=95 mt=R len=7
PKT t=30286 TX ua=95 mt=P len=0
PKT t=30296 RX ua=95 mt=R len=7
PKT t=30551 TX ua=96 mt=P len=0
PKT t=30809 TX ua=95 mt=P len=0
PKT t=30818 RX ua=95 mt=R len=7
PKT t=30823 TX ua=95 mt=T len=7
PKT t=30835 TX ua=95 mt=P len=0
PKT t=30855 RX ua=95 mt=R len=7
PKT t=30860 TX ua=95 mt=T len=7
PKT t=30872 TX ua=95 mt=P len=0
PKT t=30881 RX ua=95 mt=R len=7
PKT t=30886 TX ua=95 mt=P len=0
PKT t=30895 RX ua=95 mt=R len=7
PKT t=30900 TX ua=95 mt=P len=0
PKT t=30909 RX ua=95 mt=R len=7
PKT t=30914 TX ua=95 mt=P len=0
PKT t=30923 RX ua=95 mt=R len=7
PKT t=30936 TX ua=95 mt=P len=0
PKT t=30957 RX ua=95 mt=R len=7
PKT t=30962 TX ua=95 mt=P len=0
PKT t=30971 RX ua=95 mt=R len=7
PKT t=30976 TX ua=95 mt=P len=0
PKT t=30985 RX ua=95 mt=R len=7
PKT t=30990 TX ua=95 mt=P len=0
PKT t=30999 RX ua=95 mt=R len=7
PKT t=31004 TX ua=95 mt=P len=0
PKT t=31013 RX ua=95 mt=R len=7
PKT t=31018 TX ua=95 mt=P len=0
PKT t=31027 RX ua=95 mt=R len=7
PKT t=31032 TX ua=95 mt=P len=0
PKT t=31061 RX ua=95 mt=R len=7
PKT t=31066 TX ua=95 mt=P len=0
PKT t=31075 RX ua=95 mt=R len=7
PKT t=31080 TX ua=95 mt=P len=0
PKT t=31096 RX ua=95 mt=R len=7
PKT t=31101 TX ua=95 mt=T len=7
PKT t=31113 TX ua=95 mt=P len=0
PKT t=31122 RX ua=95 mt=R len=7
PKT t=31127 TX ua=95 mt=P len=0
PKT t=31160 RX ua=95 mt=R len=7
PKT t=31165 TX ua=95 mt=P len=0
PKT t=31174 RX ua=95 mt=R len=7
PKT t=31179 TX ua=95 mt=P len=0
PKT t=31188 RX ua=95 mt=R len=7
PKT t=31193 TX ua=95 mt=P len=0
PKT t=31202 RX ua=95 mt=R len=7
PKT t=31207 TX ua=95 mt=P len=0
PKT t=31216 RX ua=95 mt=R len=7
PKT t=31221 TX ua=95 mt=P len=0
PKT t=31230 RX ua=95 mt=R len=7
PKT t=31235 TX ua=95 mt=P len=0
PKT t=31264 RX ua=95 mt=R len=7
PKT t=31269 TX ua=95 mt=P len=0
PKT t=31278 RX ua=95 mt=R len=7
PKT t=31283 TX ua=95 mt=P len=0
PKT t=31292 RX ua=95 mt=R len=7
PKT t=31297 TX ua=95 mt=P len=0
PKT t=31306 RX ua=95 mt=R len=7
PKT t=31311 TX ua=95 mt=P len=0
PKT t=31320 RX ua=95 mt=R len=7
PKT t=31325 TX ua=95 mt=P len=0
PKT t=31335 RX ua=95 mt=R len=7
PKT t=31340 TX ua=95 mt=P len=0
PKT t=31368 RX ua=95 mt=R len=7
PKT t=31373 TX ua=95 mt=T len=7
PKT t=31385 TX ua=95 mt=P len=0
PKT t=31395 RX ua=95 mt=R len=7
PKT t=31400 TX ua=95 mt=P len=0
PKT t=31416 RX ua=95 mt=R len=7
PKT t=31421 TX ua=95 mt=P len=0
PKT t=31431 RX ua=95 mt=R len=7
PKT t=31436 TX ua=95 mt=P len=0
PKT t=31470 RX ua=95 mt=R len=7
PKT t=31475 TX ua=95 mt=P len=0
PKT t=31485 RX ua=95 mt=R len=7
PKT t=31490 TX ua=95 mt=P len=0
PKT t=31500 RX ua=95 mt=R len=7
PKT t=31505 TX ua=95 mt=P len=0
PKT t=31515 RX ua=95 mt=R len=7
PKT t=31520 TX ua=95 mt=P len=0
PKT t=31530 RX ua=95 mt=R len=7
PKT t=31535 TX ua=95 mt=P len=0
PKT t=31576 RX ua=95 mt=R len=7
PKT t=31581 TX ua=95 mt=P len=0
PKT t=31591 RX ua=95 mt=R len=7
PKT t=31596 TX ua=95 mt=P len=0
PKT t=31606 RX ua=95 mt=R len=7
PKT t=31611 TX ua=95 mt=T len=7
PKT t=31623 TX ua=95 mt=P len=0
PKT t=31632 RX ua=95 mt=R len=7
PKT t=31637 TX ua=95 mt=P len=0
PKT t=31668 RX ua=95 mt=R len=7
PKT t=31673 TX ua=95 mt=P len=0
PKT t=31682 RX ua=95 mt=R len=7
PKT t=31687 TX ua=95 mt=P len=0
PKT t=31696 RX ua=95 mt=R len=7
PKT t=31701 TX ua=95 mt=P len=0
PKT t=31710 RX ua=95 mt=R len=7
PKT t=31715 TX ua=95 mt=P len=0
PKT t=31724 RX ua=95 mt=R len=7
PKT t=31736 TX ua=95 mt=P len=0
PKT t=31768 RX ua=95 mt=R len=7
PKT t=31773 TX ua=95 mt=P len=0
PKT t=31782 RX ua=95 mt=R len=7
PKT t=31787 TX ua=95 mt=P len=0
PKT t=31796 RX ua=95 mt=R len=7
PKT t=31801 TX ua=95 mt=P len=0
PKT t=31810 RX ua=95 mt=R len=7
PKT t=31815 TX ua=95 mt=P len=0
PKT t=31824 RX ua=95 mt=R len=7
PKT t=31829 TX ua=95 mt=P len=0
PKT t=31838 RX ua=95 mt=R len=7
PKT t=31843 TX ua=95 mt=P len=0
PKT t=31872 RX ua=95 mt=R len=7
PKT t=31877 TX ua=95 mt=T len=7
PKT t=31896 TX ua=95 mt=P len=0
PKT t=31905 RX ua=95 mt=R len=7
PKT t=31910 TX ua=95 mt=P len=0
PKT t=31919 RX ua=95 mt=R len=7
PKT t=31924 TX ua=95 mt=P len=0
PKT t=31933 RX ua=95 mt=R len=7
PKT t=31938 TX ua=95 mt=P len=0
PKT t=31971 RX ua=95 mt=R len=7
PKT t=31976 TX ua=95 mt=P len=0
PKT t=31985 RX ua=95 mt=R len=7
PKT t=31990 TX ua=95 mt=P len=0
PKT t=31999 RX ua=95 mt=R len=7
PKT t=32004 TX ua=95 mt=P len=0
PKT t=32013 RX ua=95 mt=R len=7
PKT t=32020 TX ua=95 mt=P len=0
PKT t=32029 RX ua=95 mt=R len=7
PKT t=32034 TX ua=95 mt=P len=0
PKT t=32043 RX ua=95 mt=R len=7
PKT t=32056 TX ua=95 mt=P len=0
PKT t=32077 RX ua=95 mt=R len=7
PKT t=32082 TX ua=95 mt=P len=0
PKT t=32091 RX ua=95 mt=R len=7
PKT t=32096 TX ua=95 mt=P len=0
PKT t=32105 RX ua=95 mt=R len=7
PKT t=32110 TX ua=95 mt=T len=7
PKT t=32122 TX ua=95 mt=P len=0
PKT t=32131 RX ua=95 mt=R len=7
PKT t=32136 TX ua=95 mt=P len=0
PKT t=32145 RX ua=95 mt=R len=7
PKT t=32150 TX ua=95 mt=P len=0
PKT t=32179 RX ua=95 mt=R len=7
PKT t=32184 TX ua=95 mt=P len=0
PKT t=32193 RX ua=95 mt=R len=7
PKT t=32198 TX ua=95 mt=P len=0
PKT t=32216 RX ua=95 mt=R len=7
PKT t=32221 TX ua=95 mt=P len=0
PKT t=32230 RX ua=95 mt=R len=7
PKT t=32235 TX ua=95 mt=P len=0
PKT t=32244 RX ua=95 mt=R len=7
PKT t=32249 TX ua=95 mt=P len=0
PKT t=32278 RX ua=95 mt=R len=7
PKT t=32283 TX ua=95 mt=P len=0
PKT t=32292 RX ua=95 mt=R len=7
PKT t=32297 TX ua=95 mt=P len=0
PKT t=32306 RX ua=95 mt=R len=7
PKT t=32311 TX ua=95 mt=P len=0
PKT t=32320 RX ua=95 mt=R len=7
PKT t=32325 TX ua=95 mt=P len=0
PKT t=32334 RX ua=95 mt=R len=7
PKT t=32339 TX ua=95 mt=P len=0
PKT t=32348 RX ua=95 mt=R len=7
PKT t=32353 TX ua=95 mt=P len=0
PKT t=32382 RX ua=95 mt=R len=7
PKT t=32387 TX ua=95 mt=T len=7
PKT t=32399 TX ua=95 mt=P len=0
PKT t=32408 RX ua=95 mt=R len=7
PKT t=32413 TX ua=95 mt=P len=0
PKT t=32422 RX ua=95 mt=R len=7
PKT t=32427 TX ua=95 mt=P len=0
PKT t=32436 RX ua=95 mt=R len=7
PKT t=32441 TX ua=95 mt=P len=0
PKT t=32450 RX ua=95 mt=R len=7
PKT t=32455 TX ua=95 mt=P len=0
PKT t=32485 RX ua=95 mt=R len=7
PKT t=32490 TX ua=95 mt=P len=0
PKT t=32499 RX ua=95 mt=R len=7
PKT t=32504 TX ua=95 mt=P len=0
PKT t=32513 RX ua=95 mt=R len=7
PKT t=32518 TX ua=95 mt=P len=0
PKT t=32536 RX ua=95 mt=R len=7
PKT t=32541 TX ua=95 mt=P len=0
PKT t=32550 RX ua=95 mt=R len=7
PKT t=32555 TX ua=95 mt=P len=0
PKT t=32584 RX ua=95 mt=R len=7
PKT t=32589 TX ua=95 mt=P len=0
PKT t=32598 RX ua=95 mt=R len=7
PKT t=32603 TX ua=95 mt=P len=0
PKT t=32612 RX ua=95 mt=R len=7
PKT t=32617 TX ua=95 mt=T len=7
PKT t=32629 TX ua=95 mt=P len=0
PKT t=32638 RX ua=95 mt=R len=7
PKT t=32643 TX ua=95 mt=P len=0
PKT t=32652 RX ua=95 mt=R len=7
PKT t=32657 TX ua=95 mt=P len=0
PKT t=32686 RX ua=95 mt=R len=7
PKT t=32696 TX ua=95 mt=P len=0
PKT t=32705 RX ua=95 mt=R len=7
PKT t=32710 TX ua=95 mt=P len=0
PKT t=32719 RX ua=95 mt=R len=7
PKT t=32724 TX ua=95 mt=P len=0
PKT t=32733 RX ua=95 mt=R len=7
PKT t=32738 TX ua=95 mt=P len=0
PKT t=32748 RX ua=95 mt=R len=7
PKT t=32752 TX ua=95 mt=P len=0
PKT t=32785 RX ua=95 mt=R len=7
PKT t=32790 TX ua=95 mt=P len=0
PKT t=32799 RX ua=95 mt=R len=7
PKT t=32804 TX ua=95 mt=P len=0
PKT t=32813 RX ua=95 mt=R len=7
PKT t=32818 TX ua=95 mt=P len=0
PKT t=32827 RX ua=95 mt=R len=7
PKT t=32832 TX ua=95 mt=P len=0
PKT t=32841 RX ua=95 mt=R len=7
PKT t=32846 TX ua=95 mt=P len=0
PKT t=32856 RX ua=95 mt=R len=7
PKT t=33111 TX ua=96 mt=P len=0
PKT t=33369 TX ua=95 mt=P len=0
PKT t=33378 RX ua=95 mt=R len=7
PKT t=33383 TX ua=95 mt=T len=7
PKT t=33395 TX ua=95 mt=P len=0
PKT t=33405 RX ua=95 mt=R len=7
PKT t=33410 TX ua=95 mt=P len=0
PKT t=33420 RX ua=95 mt=R len=7
PKT t=33425 TX ua=95 mt=P len=0
PKT t=33435 RX ua=95 mt=R len=7
PKT t=33440 TX ua=95 mt=P len=0
PKT t=33450 RX ua=95 mt=R len=7
PKT t=33455 TX ua=95 mt=P len=0
PKT t=33496 RX ua=95 mt=R len=7
PKT t=33501 TX ua=95 mt=P len=0
PKT t=33511 RX ua=95 mt=R len=7
PKT t=33516 TX ua=95 mt=P len=0
PKT t=33526 RX ua=95 mt=R len=7
PKT t=33531 TX ua=95 mt=P len=0
PKT t=33541 RX ua=95 mt=R len=7
PKT t=33546 TX ua=95 mt=P len=0
PKT t=33556 RX ua=95 mt=R len=7
PKT t=33561 TX ua=95 mt=P len=0
PKT t=33590 RX ua=95 mt=R len=7
PKT t=33595 TX ua=95 mt=P len=0
PKT t=33605 RX ua=95 mt=R len=7
PKT t=33610 TX ua=95 mt=T len=7
PKT t=33622 TX ua=95 mt=P len=0
PKT t=33631 RX ua=95 mt=R len=7
PKT t=33636 TX ua=95 mt=P len=0
PKT t=33645 RX ua=95 mt=R len=7
PKT t=33656 TX ua=95 mt=P len=0
PKT t=33689 RX ua=95 mt=R len=7
PKT t=33694 TX ua=95 mt=P len=0
PKT t=33703 RX ua=95 mt=R len=7
PKT t=33708 TX ua=95 mt=P len=0
PKT t=33717 RX ua=95 mt=R len=7
PKT t=33722 TX ua=95 mt=P len=0
PKT t=33731 RX ua=95 mt=R len=7
PKT t=33736 TX ua=95 mt=P len=0
PKT t=33745 RX ua=95 mt=R len=7
PKT t=33750 TX ua=95 mt=P len=0
PKT t=33759 RX ua=95 mt=R len=7
PKT t=33764 TX ua=95 mt=P len=0
PKT t=33793 RX ua=95 mt=R len=7
PKT t=33798 TX ua=95 mt=P len=0
PKT t=33816 RX ua=95 mt=R len=7
PKT t=33821 TX ua=95 mt=P len=0
PKT t=33830 RX ua=95 mt=R len=7
PKT t=33835 TX ua=95 mt=P len=0
PKT t=33844 RX ua=95 mt=R len=7
PKT t=33849 TX ua=95 mt=P len=0
PKT t=33858 RX ua=95 mt=R len=7
PKT t=33863 TX ua=95 mt=T len=7
PKT t=33875 TX ua=95 mt=P len=0
PKT t=33894 RX ua=95 mt=R len=7
PKT t=33899 TX ua=95 mt=P len=0
PKT t=33908 RX ua=95 mt=R len=7
PKT t=33913 TX ua=95 mt=P len=0
PKT t=33922 RX ua=95 mt=R len=7
PKT t=33927 TX ua=95 mt=P len=0
PKT t=33936 RX ua=95 mt=R len=7
PKT t=33941 TX ua=95 mt=P len=0
PKT t=33950 RX ua=95 mt=R len=7
PKT t=33955 TX ua=95 mt=P len=0
PKT t=33964 RX ua=95 mt=R len=7
PKT t=33976 TX ua=95 mt=P len=0
PKT t=33998 RX ua=95 mt=R len=7
PKT t=34003 TX ua=95 mt=P len=0
PKT t=34012 RX ua=95 mt=R len=7
PKT t=34021 TX ua=95 mt=P len=0
PKT t=34030 RX ua=95 mt=R len=7
PKT t=34035 TX ua=95 mt=P len=0
PKT t=34044 RX ua=95 mt=R len=7
PKT t=34049 TX ua=95 mt=P len=0
PKT t=34058 RX ua=95 mt=R len=7
PKT t=34063 TX ua=95 mt=P len=0
PKT t=34072 RX ua=95 mt=R len=7
PKT t=34077 TX ua=95 mt=P len=0
PKT t=34106 RX ua=95 mt=R len=7
PKT t=34111 TX ua=95 mt=T len=7
PKT t=34124 TX ua=95 mt=P len=0
PKT t=34136 RX ua=95 mt=R len=7
PKT t=34141 TX ua=95 mt=T len=7
PKT t=34154 TX ua=95 mt=P len=0
PKT t=34163 RX ua=95 mt=R len=7
PKT t=34168 TX ua=95 mt=P len=0
PKT t=34177 RX ua=95 mt=R len=7
PKT t=34182 TX ua=95 mt=P len=0
PKT t=34211 RX ua=95 mt=R len=7
PKT t=34216 TX ua=95 mt=P len=0
PKT t=34225 RX ua=95 mt=R len=7
PKT t=34230 TX ua=95 mt=P len=0
PKT t=34239 RX ua=95 mt=R len=7
PKT t=34244 TX ua=95 mt=P len=0
PKT t=34253 RX ua=95 mt=R len=7
PKT t=34258 TX ua=95 mt=P len=0
PKT t=34267 RX ua=95 mt=R len=7
PKT t=34272 TX ua=95 mt=P len=0
PKT t=34281 RX ua=95 mt=R len=7
PKT t=34286 TX ua=95 mt=P len=0
PKT t=34315 RX ua=95 mt=R len=7
PKT t=34320 TX ua=95 mt=P len=0
PKT t=34329 RX ua=95 mt=R len=7
PKT t=34334 TX ua=95 mt=P len=0
PKT t=34343 RX ua=95 mt=R len=7
PKT t=34348 TX ua=95 mt=P len=0
PKT t=34357 RX ua=95 mt=R len=7
PKT t=34362 TX ua=95 mt=T len=7
PKT t=34375 TX ua=95 mt=P len=0
PKT t=34384 RX ua=95 mt=R len=7
PKT t=34389 TX ua=95 mt=P len=0
PKT t=34418 RX ua=95 mt=R len=7
PKT t=34423 TX ua=95 mt=P len=0
PKT t=34432 RX ua=95 mt=R len=7
PKT t=34437 TX ua=95 mt=P len=0
PKT t=34446 RX ua=95 mt=R len=7
PKT t=34456 TX ua=95 mt=P len=0
PKT t=34465 RX ua=95 mt=R len=7
PKT t=34470 TX ua=95 mt=P len=0
PKT t=34479 RX ua=95 mt=R len=7
PKT t=34484 TX ua=95 mt=P len=0
PKT t=34517 RX ua=95 mt=R len=7
PKT t=34522 TX ua=95 mt=P len=0
PKT t=34531 RX ua=95 mt=R len=7
PKT t=34536 TX ua=95 mt=P len=0
PKT t=34545 RX ua=95 mt=R len=7
PKT t=34550 TX ua=95 mt=P len=0
PKT t=34559 RX ua=95 mt=R len=7
PKT t=34564 TX ua=95 mt=P len=0
PKT t=34573 RX ua=95 mt=R len=7
PKT t=34578 TX ua=95 mt=P len=0
PKT t=34587 RX ua=95 mt=R len=7
PKT t=34592 TX ua=95 mt=P len=0
PKT t=34621 RX ua=95 mt=R len=7
PKT t=34626 TX ua=95 mt=T len=7
PKT t=34639 TX ua=95 mt=P len=0
PKT t=34648 RX ua=95 mt=R len=7
PKT t=34653 TX ua=95 mt=P len=0
PKT t=34662 RX ua=95 mt=R len=7
PKT t=34667 TX ua=95 mt=P len=0
PKT t=34676 RX ua=95 mt=R len=7
PKT t=34681 TX ua=95 mt=P len=0
PKT t=34690 RX ua=95 mt=R len=7
PKT t=34695 TX ua=95 mt=P len=0
PKT t=34725 RX ua=95 mt=R len=7
PKT t=34730 TX ua=95 mt=P len=0
PKT t=34739 RX ua=95 mt=R len=7
PKT t=34744 TX ua=95 mt=P len=0
PKT t=34753 RX ua=95 mt=R len=7
PKT t=34758 TX ua=95 mt=P len=0
PKT t=34776 RX ua=95 mt=R len=7
PKT t=34781 TX ua=95 mt=P len=0
PKT t=34790 RX ua=95 mt=R len=7
PKT t=34795 TX ua=95 mt=P len=0
PKT t=34824 RX ua=95 mt=R len=7
PKT t=34829 TX ua=95 mt=P len=0
PKT t=34838 RX ua=95 mt=R len=7
PKT t=34843 TX ua=95 mt=P len=0
PKT t=34852 RX ua=95 mt=R len=7
PKT t=34857 TX ua=95 mt=T len=7
PKT t=34870 TX ua=95 mt=P len=0
PKT t=34879 RX ua=95 mt=R len=7
PKT t=34884 TX ua=95 mt=P len=0
PKT t=34893 RX ua=95 mt=R len=7
PKT t=34898 TX ua=95 mt=P len=0
PKT t=34936 RX ua=95 mt=R len=7
PKT t=34941 TX ua=95 mt=P len=0
PKT t=34950 RX ua=95 mt=R len=7
PKT t=34955 TX ua=95 mt=P len=0
PKT t=34964 RX ua=95 mt=R len=7
PKT t=34969 TX ua=95 mt=P len=0
PKT t=34978 RX ua=95 mt=R len=7
PKT t=34983 TX ua=95 mt=P len=0
PKT t=34992 RX ua=95 mt=R len=7
PKT t=34997 TX ua=95 mt=P len=0
PKT t=35026 RX ua=95 mt=R len=7
PKT t=35031 TX ua=95 mt=P len=0
PKT t=35040 RX ua=95 mt=R len=7
PKT t=35045 TX ua=95 mt=P len=0
PKT t=35054 RX ua=95 mt=R len=7
PKT t=35059 TX ua=95 mt=P len=0
PKT t=35068 RX ua=95 mt=R len=7
PKT t=35073 TX ua=95 mt=P len=0
PKT t=35082 RX ua=95 mt=R len=7
PKT t=35087 TX ua=95 mt=P len=0
PKT t=35097 RX ua=95 mt=R len=7
PKT t=35352 TX ua=96 mt=P len=0
PKT t=35610 TX ua=95 mt=P len=0
PKT t=35619 RX ua=95 mt=R len=7
PKT t=35624 TX ua=95 mt=T len=7
PKT t=35636 TX ua=95 mt=P len=0
PKT t=35645 RX ua=95 mt=R len=7
PKT t=35650 TX ua=95 mt=P len=0
PKT t=35659 RX ua=95 mt=R len=7
PKT t=35664 TX ua=95 mt=P len=0
PKT t=35673 RX ua=95 mt=R len=7
PKT t=35678 TX ua=95 mt=P len=0
PKT t=35687 RX ua=95 mt=R len=7
PKT t=35692 TX ua=95 mt=P len=0
PKT t=35701 RX ua=95 mt=R len=7
PKT t=35706 TX ua=95 mt=P len=0
PKT t=35736 RX ua=95 mt=R len=7
PKT t=35741 TX ua=95 mt=P len=0
PKT t=35750 RX ua=95 mt=R len=7
PKT t=35755 TX ua=95 mt=P len=0
PKT t=35764 RX ua=95 mt=R len=7
PKT t=35769 TX ua=95 mt=P len=0
PKT t=35778 RX ua=95 mt=R len=7
PKT t=35783 TX ua=95 mt=P len=0
PKT t=35792 RX ua=95 mt=R len=7
PKT t=35797 TX ua=95 mt=P len=0
PKT t=35806 RX ua=95 mt=R len=7
PKT t=35811 TX ua=95 mt=P len=0
PKT t=35840 RX ua=95 mt=R len=7
PKT t=35845 TX ua=95 mt=P len=0
PKT t=35854 RX ua=95 mt=R len=7
PKT t=35859 TX ua=95 mt=T len=7
PKT t=35871 TX ua=95 mt=P len=0
PKT t=35880 RX ua=95 mt=R len=7
PKT t=35885 TX ua=95 mt=P len=0
PKT t=35896 RX ua=95 mt=R len=7
PKT t=36151 TX ua=96 mt=P len=0
PKT t=36409 TX ua=95 mt=P len=0
PKT t=36418 RX ua=95 mt=R len=7
PKT t=36423 TX ua=95 mt=T len=7
PKT t=36435 TX ua=95 mt=P len=0
PKT t=36444 RX ua=95 mt=R len=7
PKT t=36449 TX ua=95 mt=P len=0
PKT t=36458 RX ua=95 mt=R len=7
PKT t=36463 TX ua=95 mt=P len=0
PKT t=36472 RX ua=95 mt=R len=7
PKT t=36477 TX ua=95 mt=P len=0
PKT t=36486 RX ua=95 mt=R len=7
PKT t=36491 TX ua=95 mt=P len=0
PKT t=36500 RX ua=95 mt=R len=7
PKT t=36505 TX ua=95 mt=P len=0
PKT t=36514 RX ua=95 mt=R len=7
PKT t=36519 TX ua=95 mt=P len=0
PKT t=36548 RX ua=95 mt=R len=7
PKT t=36553 TX ua=95 mt=P len=0
PKT t=36562 RX ua=95 mt=R len=7
PKT t=36567 TX ua=95 mt=P len=0
PKT t=36576 RX ua=95 mt=R len=7
PKT t=36581 TX ua=95 mt=P len=0
PKT t=36590 RX ua=95 mt=R len=7
PKT t=36595 TX ua=95 mt=P len=0
PKT t=36604 RX ua=95 mt=R len=7
PKT t=36609 TX ua=95 mt=T len=7
PKT t=36621 TX ua=95 mt=P len=0
PKT t=36649 RX ua=95 mt=R len=7
PKT t=36654 TX ua=95 mt=P len=0
PKT t=36663 RX ua=95 mt=R len=7
PKT t=36668 TX ua=95 mt=P len=0
PKT t=36677 RX ua=95 mt=R len=7
PKT t=36682 TX ua=95 mt=P len=0
PKT t=36696 RX ua=95 mt=R len=7
PKT t=36701 TX ua=95 mt=P len=0
PKT t=36710 RX ua=95 mt=R len=7
PKT t=36715 TX ua=95 mt=P len=0
PKT t=36748 RX ua=95 mt=R len=7
PKT t=36753 TX ua=95 mt=P len=0
PKT t=36762 RX ua=95 mt=R len=7
PKT t=36767 TX ua=95 mt=P len=0
PKT t=36776 RX ua=95 mt=R len=7
PKT t=36781 TX ua=95 mt=P len=0
PKT t=36790 RX ua=95 mt=R len=7
PKT t=36795 TX ua=95 mt=P len=0
PKT t=36804 RX ua=95 mt=R len=7
PKT t=36809 TX ua=95 mt=P len=0
PKT t=36818 RX ua=95 mt=R len=7
PKT t=36823 TX ua=95 mt=P len=0
PKT t=36856 RX ua=95 mt=R len=7
PKT t=36861 TX ua=95 mt=T len=7
PKT t=36873 TX ua=95 mt=P len=0
PKT t=36882 RX ua=95 mt=R len=7
PKT t=36887 TX ua=95 mt=P len=0
PKT t=36896 RX ua=95 mt=R len=7
PKT t=36901 TX ua=95 mt=P len=0
PKT t=36910 RX ua=95 mt=R len=7
PKT t=36915 TX ua=95 mt=P len=0
PKT t=36924 RX ua=95 mt=R len=7
PKT t=36929 TX ua=95 mt=P len=0
PKT t=36958 RX ua=95 mt=R len=7
PKT t=36963 TX ua=95 mt=P len=0
PKT t=36972 RX ua=95 mt=R len=7
PKT t=36977 TX ua=95 mt=P len=0
PKT t=36986 RX ua=95 mt=R len=7
PKT t=36991 TX ua=95 mt=P len=0
PKT t=37000 RX ua=95 mt=R len=7
PKT t=37005 TX ua=95 mt=P len=0
PKT t=37016 RX ua=95 mt=R len=7
PKT t=37271 TX ua=96 mt=P len=0
