PKT t=7197 TX ua=95 mt=P len=0
PKT t=7206 RX ua=95 mt=R len=7
PKT t=7211 TX ua=95 mt=P len=0
PKT t=7220 RX ua=95 mt=R len=7
PKT t=7225 TX ua=95 mt=P len=0
PKT t=7234 RX ua=95 mt=R len=7
PKT t=7239 TX ua=95 mt=T len=7
PKT t=7251 TX ua=95 mt=P len=0
PKT t=7260 RX ua=95 mt=R len=7
PKT t=7265 TX ua=95 mt=P len=0
PKT t=7294 RX ua=95 mt=R len=7
PKT t=7299 TX ua=95 mt=P len=0
PKT t=7308 RX ua=95 mt=R len=7
PKT t=7313 TX ua=95 mt=P len=0
PKT t=7322 RX ua=95 mt=R len=7
PKT t=7327 TX ua=95 mt=P len=0
PKT t=7336 RX ua=95 mt=R len=7
PKT t=7341 TX ua=95 mt=P len=0
PKT t=7350 RX ua=95 mt=R len=7
PKT t=7355 TX ua=95 mt=P len=0
PKT t=7364 RX ua=95 mt=R len=7
PKT t=7369 TX ua=95 mt=P len=0
PKT t=7398 RX ua=95 mt=R len=7
PKT t=7403 TX ua=95 mt=P len=0
PKT t=7412 RX ua=95 mt=R len=7
PKT t=7417 TX ua=95 mt=P len=0
PKT t=7426 RX ua=95 mt=R len=7
PKT t=7431 TX ua=95 mt=P len=0
PKT t=7440 RX ua=95 mt=R len=7
PKT t=7445 TX ua=95 mt=P len=0
PKT t=7454 RX ua=95 mt=R len=7
PKT t=7459 TX ua=95 mt=P len=0
PKT t=7468 RX ua=95 mt=R len=7
PKT t=7473 TX ua=95 mt=P len=0
PKT t=7502 RX ua=95 mt=R len=7
PKT t=7507 TX ua=95 mt=T len=7
PKT t=7519 TX ua=95 mt=P len=0
PKT t=7529 RX ua=95 mt=R len=7
PKT t=7534 TX ua=95 mt=P len=0
PKT t=7544 RX ua=95 mt=R len=7
PKT t=7549 TX ua=95 mt=P len=0
PKT t=7559 RX ua=95 mt=R len=7
PKT t=7564 TX ua=95 mt=P len=0
PKT t=7574 RX ua=95 mt=R len=7
PKT t=7579 TX ua=95 mt=P len=0
PKT t=7608 RX ua=95 mt=R len=7
PKT t=7613 TX ua=95 mt=P len=0
PKT t=7623 RX ua=95 mt=R len=7
PKT t=7628 TX ua=95 mt=P len=0
PKT t=7638 RX ua=95 mt=R len=7
PKT t=7643 TX ua=95 mt=P len=0
PKT t=7653 RX ua=95 mt=R len=7
PKT t=7658 TX ua=95 mt=P len=0
PKT t=7668 RX ua=95 mt=R len=7
PKT t=7673 TX ua=95 mt=P len=0
PKT t=7707 RX ua=95 mt=R len=7
PKT t=7712 TX ua=95 mt=P len=0
PKT t=7722 RX ua=95 mt=R len=7
PKT t=7727 TX ua=95 mt=P len=0
PKT t=7737 RX ua=95 mt=R len=7
PKT t=7742 TX ua=95 mt=T len=7
PKT t=7754 TX ua=95 mt=P len=0
PKT t=7763 RX ua=95 mt=R len=7
PKT t=7768 TX ua=95 mt=P len=0
PKT t=7777 RX ua=95 mt=R len=7
PKT t=7782 TX ua=95 mt=P len=0
PKT t=7811 RX ua=95 mt=R len=7
PKT t=7816 TX ua=95 mt=P len=0
PKT t=7825 RX ua=95 mt=R len=7
PKT t=7830 TX ua=95 mt=P len=0
PKT t=7839 RX ua=95 mt=R len=7
PKT t=7844 TX ua=95 mt=P len=0
PKT t=7853 RX ua=95 mt=R len=7
PKT t=7858 TX ua=95 mt=P len=0
PKT t=7867 RX ua=95 mt=R len=7
PKT t=7872 TX ua=95 mt=P len=0
PKT t=7881 RX ua=95 mt=R len=7
PKT t=7886 TX ua=95 mt=P len=0
PKT t=7915 RX ua=95 mt=R len=7
PKT t=7920 TX ua=95 mt=P len=0
PKT t=7929 RX ua=95 mt=R len=7
PKT t=7934 TX ua=95 mt=P len=0
PKT t=7943 RX ua=95 mt=R len=7
PKT t=7948 TX ua=95 mt=P len=0
PKT t=7957 RX ua=95 mt=R len=7
PKT t=7962 TX ua=95 mt=P len=0
PKT t=7971 RX ua=95 mt=R len=7
PKT t=7976 TX ua=95 mt=P len=0
PKT t=7985 RX ua=95 mt=R len=7
PKT t=7990 TX ua=95 mt=T len=7
PKT t=8002 TX ua=95 mt=P len=0
PKT t=8021 RX ua=95 mt=R len=7
PKT t=8026 TX ua=95 mt=P len=0
PKT t=8035 RX ua=95 mt=R len=7
PKT t=8040 TX ua=95 mt=P len=0
PKT t=8298 TX ua=96 mt=I len=13
PKT t=8806 TX ua=96 mt=T len=4
PKT t=8817 TX ua=95 mt=P len=0
PKT t=8826 RX ua=95 mt=R len=7
PKT t=8831 TX ua=95 mt=T len=7
PKT t=8843 TX ua=95 mt=P len=0
PKT t=8852 RX ua=95 mt=R len=7
PKT t=8857 TX ua=95 mt=P len=0
PKT t=8866 RX ua=95 mt=R len=7
PKT t=8871 TX ua=95 mt=P len=0
PKT t=8880 RX ua=95 mt=R len=7
PKT t=8885 TX ua=95 mt=P len=0
PKT t=8919 RX ua=95 mt=R len=7
PKT t=8924 TX ua=95 mt=P len=0
PKT t=8933 RX ua=95 mt=R len=7
PKT t=8938 TX ua=95 mt=P len=0
PKT t=8947 RX ua=95 mt=R len=7
PKT t=8952 TX ua=95 mt=P len=0
PKT t=8961 RX ua=95 mt=R len=7
PKT t=8966 TX ua=95 mt=P len=0
PKT t=8975 RX ua=95 mt=R len=7
PKT t=8980 TX ua=95 mt=P len=0
PKT t=8989 RX ua=95 mt=R len=7
PKT t=8994 TX ua=95 mt=T len=7
PKT t=9006 TX ua=95 mt=P len=0
PKT t=9025 RX ua=95 mt=R len=7
PKT t=9030 TX ua=95 mt=P len=0
PKT t=9039 RX ua=95 mt=R len=7
PKT t=9044 TX ua=95 mt=P len=0
PKT t=9196 RX ua=95 mt=R len=7
PKT t=9201 TX ua=95 mt=P len=0
PKT t=9223 RX ua=95 mt=R len=7
PKT t=9228 TX ua=95 mt=P len=0
PKT t=9237 RX ua=95 mt=R len=7
PKT t=9242 TX ua=95 mt=T len=7
PKT t=9254 TX ua=95 mt=P len=0
PKT t=9263 RX ua=95 mt=R len=7
PKT t=9268 TX ua=95 mt=P len=0
PKT t=9277 RX ua=95 mt=R len=7
PKT t=9282 TX ua=95 mt=P len=0
PKT t=9291 RX ua=95 mt=R len=7
PKT t=9296 TX ua=95 mt=P len=0
PKT t=9325 RX ua=95 mt=R len=7
PKT t=9330 TX ua=95 mt=P len=0
PKT t=9339 RX ua=95 mt=R len=7
PKT t=9344 TX ua=95 mt=P len=0
PKT t=9353 RX ua=95 mt=R len=7
PKT t=9358 TX ua=95 mt=P len=0
PKT t=9367 RX ua=95 mt=R len=7
PKT t=9372 TX ua=95 mt=P len=0
PKT t=9381 RX ua=95 mt=R len=7
PKT t=9386 TX ua=95 mt=P len=0
PKT t=9395 RX ua=95 mt=R len=7
PKT t=9400 TX ua=95 mt=P len=0
PKT t=9429 RX ua=95 mt=R len=7
PKT t=9434 TX ua=95 mt=P len=0
PKT t=9443 RX ua=95 mt=R len=7
PKT t=9448 TX ua=95 mt=P len=0
PKT t=9458 RX ua=95 mt=R len=7
PKT t=9463 TX ua=95 mt=P len=0
PKT t=9472 RX ua=95 mt=R len=7
PKT t=9477 TX ua=95 mt=P len=0
PKT t=9486 RX ua=95 mt=R len=7
PKT t=9491 TX ua=95 mt=T len=7
PKT t=9503 TX ua=95 mt=P len=0
PKT t=9531 RX ua=95 mt=R len=7
PKT t=9536 TX ua=95 mt=P len=0
PKT t=9546 RX ua=95 mt=R len=7
PKT t=9551 TX ua=95 mt=P len=0
PKT t=9561 RX ua=95 mt=R len=7
PKT t=9566 TX ua=95 mt=P len=0
PKT t=9576 RX ua=95 mt=R len=7
PKT t=9581 TX ua=95 mt=P len=0
PKT t=9591 RX ua=95 mt=R len=7
PKT t=9596 TX ua=95 mt=P len=0
PKT t=9606 RX ua=95 mt=R len=7
PKT t=9611 TX ua=95 mt=P len=0
PKT t=9640 RX ua=95 mt=R len=7
PKT t=9645 TX ua=95 mt=P len=0
PKT t=9655 RX ua=95 mt=R len=7
PKT t=9660 TX ua=95 mt=P len=0
PKT t=9670 RX ua=95 mt=R len=7
PKT t=9675 TX ua=95 mt=P len=0
PKT t=9685 RX ua=95 mt=R len=7
PKT t=9690 TX ua=95 mt=P len=0
PKT t=9700 RX ua=95 mt=R len=7
PKT t=9705 TX ua=95 mt=P len=0
PKT t=9739 RX ua=95 mt=R len=7
PKT t=9744 TX ua=95 mt=T len=7
PKT t=9756 TX ua=95 mt=P len=0
PKT t=9765 RX ua=95 mt=R len=7
PKT t=9770 TX ua=95 mt=P len=0
PKT t=9779 RX ua=95 mt=R len=7
PKT t=9784 TX ua=95 mt=P len=0
PKT t=9793 RX ua=95 mt=R len=7
PKT t=9798 TX ua=95 mt=P len=0
PKT t=9807 RX ua=95 mt=R len=7
PKT t=9812 TX ua=95 mt=P len=0
PKT t=9841 RX ua=95 mt=R len=7
PKT t=9846 TX ua=95 mt=P len=0
PKT t=9855 RX ua=95 mt=R len=7
PKT t=9860 TX ua=95 mt=P len=0
PKT t=9869 RX ua=95 mt=R len=7
PKT t=9874 TX ua=95 mt=P len=0
PKT t=9883 RX ua=95 mt=R len=7
PKT t=9888 TX ua=95 mt=P len=0
PKT t=9897 RX ua=95 mt=R len=7
PKT t=9902 TX ua=95 mt=P len=0
PKT t=9911 RX ua=95 mt=R len=7
PKT t=9916 TX ua=95 mt=P len=0
PKT t=9945 RX ua=95 mt=R len=7
PKT t=9950 TX ua=95 mt=P len=0
PKT t=9959 RX ua=95 mt=R len=7
PKT t=9964 TX ua=95 mt=P len=0
PKT t=9973 RX ua=95 mt=R len=7
PKT t=9978 TX ua=95 mt=P len=0
PKT t=9987 RX ua=95 mt=R len=7
PKT t=9992 TX ua=95 mt=T len=7
PKT t=10004 TX ua=95 mt=P len=0
PKT t=10013 RX ua=95 mt=R len=7
PKT t=10018 TX ua=95 mt=P len=0
PKT t=10276 TX ua=96 mt=P len=0
PKT t=10534 TX ua=95 mt=P len=0
PKT t=10543 RX ua=95 mt=R len=7
PKT t=10548 TX ua=95 mt=T len=7
PKT t=10561 TX ua=95 mt=P len=0
PKT t=10570 RX ua=95 mt=R len=7
PKT t=10575 TX ua=95 mt=T len=7
PKT t=10588 TX ua=95 mt=P len=0
PKT t=10597 RX ua=95 mt=R len=7
PKT t=10602 TX ua=95 mt=P len=0
PKT t=10611 RX ua=95 mt=R len=7
PKT t=10616 TX ua=95 mt=P len=0
PKT t=10650 RX ua=95 mt=R len=7
PKT t=10655 TX ua=95 mt=P len=0
PKT t=10664 RX ua=95 mt=R len=7
PKT t=10669 TX ua=95 mt=P len=0
PKT t=10678 RX ua=95 mt=R len=7
PKT t=10683 TX ua=95 mt=P len=0
PKT t=10692 RX ua=95 mt=R len=7
PKT t=10697 TX ua=95 mt=P len=0
PKT t=10706 RX ua=95 mt=R len=7
PKT t=10711 TX ua=95 mt=P len=0
PKT t=10720 RX ua=95 mt=R len=7
PKT t=10725 TX ua=95 mt=P len=0
PKT t=10754 RX ua=95 mt=R len=7
PKT t=10759 TX ua=95 mt=T len=7
PKT t=10772 TX ua=95 mt=P len=0
PKT t=10781 RX ua=95 mt=R len=7
PKT t=10786 TX ua=95 mt=P len=0
PKT t=10795 RX ua=95 mt=R len=7
PKT t=10800 TX ua=95 mt=P len=0
PKT t=10809 RX ua=95 mt=R len=7
PKT t=10814 TX ua=95 mt=P len=0
PKT t=10823 RX ua=95 mt=R len=7
PKT t=10828 TX ua=95 mt=P len=0
PKT t=10857 RX ua=95 mt=R len=7
PKT t=10862 TX ua=95 mt=P len=0
PKT t=10871 RX ua=95 mt=R len=7
PKT t=10876 TX ua=95 mt=P len=0
PKT t=10885 RX ua=95 mt=R len=7
PKT t=10890 TX ua=95 mt=P len=0
PKT t=10899 RX ua=95 mt=R len=7
PKT t=10904 TX ua=95 mt=P len=0
PKT t=10913 RX ua=95 mt=R len=7
PKT t=10918 TX ua=95 mt=P len=0
PKT t=10927 RX ua=95 mt=R len=7
PKT t=10932 TX ua=95 mt=P len=0
PKT t=10961 RX ua=95 mt=R len=7
PKT t=10966 TX ua=95 mt=P len=0
PKT t=10975 RX ua=95 mt=R len=7
PKT t=10980 TX ua=95 mt=P len=0
PKT t=10989 RX ua=95 mt=R len=7
PKT t=10994 TX ua=95 mt=T len=7
PKT t=11007 TX ua=95 mt=P len=0
PKT t=11016 RX ua=95 mt=R len=7
PKT t=11021 TX ua=95 mt=P len=0
PKT t=11030 RX ua=95 mt=R len=7
PKT t=11035 TX ua=95 mt=P len=0
PKT t=11196 RX ua=95 mt=R len=7
PKT t=11201 TX ua=95 mt=P len=0
PKT t=11210 RX ua=95 mt=R len=7
PKT t=11215 TX ua=95 mt=P len=0
PKT t=11224 RX ua=95 mt=R len=7
PKT t=11229 TX ua=95 mt=P len=0
PKT t=11238 RX ua=95 mt=R len=7
PKT t=11243 TX ua=95 mt=T len=7
PKT t=11255 TX ua=95 mt=P len=0
PKT t=11275 RX ua=95 mt=R len=7
PKT t=11280 TX ua=95 mt=P len=0
PKT t=11289 RX ua=95 mt=R len=7
PKT t=11294 TX ua=95 mt=P len=0
PKT t=11303 RX ua=95 mt=R len=7
PKT t=11308 TX ua=95 mt=P len=0
PKT t=11317 RX ua=95 mt=R len=7
PKT t=11322 TX ua=95 mt=P len=0
PKT t=11331 RX ua=95 mt=R len=7
PKT t=11336 TX ua=95 mt=P len=0
PKT t=11345 RX ua=95 mt=R len=7
PKT t=11350 TX ua=95 mt=P len=0
PKT t=11381 RX ua=95 mt=R len=7
PKT t=11385 TX ua=95 mt=P len=0
PKT t=11394 RX ua=95 mt=R len=7
PKT t=11399 TX ua=95 mt=P len=0
PKT t=11408 RX ua=95 mt=R len=7
PKT t=11413 TX ua=95 mt=P len=0
PKT t=11422 RX ua=95 mt=R len=7
PKT t=11427 TX ua=95 mt=P len=0
PKT t=11436 RX ua=95 mt=R len=7
PKT t=11441 TX ua=95 mt=P len=0
PKT t=11450 RX ua=95 mt=R len=7
PKT t=11455 TX ua=95 mt=P len=0
PKT t=11484 RX ua=95 mt=R len=7
PKT t=11489 TX ua=95 mt=T len=7
PKT t=11501 TX ua=95 mt=P len=0
PKT t=11511 RX ua=95 mt=R len=7
PKT t=11516 TX ua=95 mt=P len=0
PKT t=11526 RX ua=95 mt=R len=7
PKT t=11531 TX ua=95 mt=P len=0
PKT t=11541 RX ua=95 mt=R len=7
PKT t=11546 TX ua=95 mt=P len=0
PKT t=11556 RX ua=95 mt=R len=7
PKT t=11561 TX ua=95 mt=P len=0
PKT t=11590 RX ua=95 mt=R len=7
PKT t=11595 TX ua=95 mt=P len=0
PKT t=11605 RX ua=95 mt=R len=7
PKT t=11610 TX ua=95 mt=P len=0
PKT t=11620 RX ua=95 mt=R len=7
PKT t=11625 TX ua=95 mt=P len=0
PKT t=11635 RX ua=95 mt=R len=7
PKT t=11640 TX ua=95 mt=P len=0
PKT t=11650 RX ua=95 mt=R len=7
PKT t=11655 TX ua=95 mt=P len=0
PKT t=11689 RX ua=95 mt=R len=7
PKT t=11694 TX ua=95 mt=P len=0
PKT t=11704 RX ua=95 mt=R len=7
PKT t=11709 TX ua=95 mt=P len=0
PKT t=11719 RX ua=95 mt=R len=7
PKT t=11724 TX ua=95 mt=P len=0
PKT t=11734 RX ua=95 mt=R len=7
PKT t=11739 TX ua=95 mt=T len=7
PKT t=11751 TX ua=95 mt=P len=0
PKT t=11760 RX ua=95 mt=R len=7
PKT t=11765 TX ua=95 mt=P len=0
PKT t=11794 RX ua=95 mt=R len=7
PKT t=11799 TX ua=95 mt=P len=0
PKT t=11808 RX ua=95 mt=R len=7
PKT t=11813 TX ua=95 mt=P len=0
PKT t=11822 RX ua=95 mt=R len=7
PKT t=11827 TX ua=95 mt=P len=0
PKT t=11836 RX ua=95 mt=R len=7
PKT t=11841 TX ua=95 mt=P len=0
PKT t=11850 RX ua=95 mt=R len=7
PKT t=11855 TX ua=95 mt=P len=0
PKT t=11864 RX ua=95 mt=R len=7
PKT t=11869 TX ua=95 mt=P len=0
PKT t=11898 RX ua=95 mt=R len=7
PKT t=11903 TX ua=95 mt=P len=0
PKT t=11912 RX ua=95 mt=R len=7
PKT t=11917 TX ua=95 mt=P len=0
PKT t=11926 RX ua=95 mt=R len=7
PKT t=11931 TX ua=95 mt=P len=0
PKT t=11940 RX ua=95 mt=R len=7
PKT t=11945 TX ua=95 mt=P len=0
PKT t=11954 RX ua=95 mt=R len=7
PKT t=11959 TX ua=95 mt=P len=0
PKT t=11968 RX ua=95 mt=R len=7
PKT t=11973 TX ua=95 mt=P len=0
PKT t=12002 RX ua=95 mt=R len=7
PKT t=12010 TX ua=95 mt=T len=7
PKT t=12022 TX ua=95 mt=P len=0
PKT t=12031 RX ua=95 mt=R len=7
PKT t=12036 TX ua=95 mt=P len=0
PKT t=12045 RX ua=95 mt=R len=7
PKT t=12196 TX ua=95 mt=P len=0
PKT t=12205 RX ua=95 mt=R len=7
PKT t=12210 TX ua=95 mt=P len=0
PKT t=12219 RX ua=95 mt=R len=7
PKT t=12224 TX ua=95 mt=P len=0
PKT t=12234 RX ua=95 mt=R len=7
PKT t=12239 TX ua=95 mt=T len=7
PKT t=12251 TX ua=95 mt=P len=0
PKT t=12260 RX ua=95 mt=R len=7
PKT t=12265 TX ua=95 mt=P len=0
PKT t=12274 RX ua=95 mt=R len=7
PKT t=12279 TX ua=95 mt=P len=0
PKT t=12308 RX ua=95 mt=R len=7
PKT t=12313 TX ua=95 mt=P len=0
PKT t=12322 RX ua=95 mt=R len=7
PKT t=12327 TX ua=95 mt=P len=0
PKT t=12336 RX ua=95 mt=R len=7
PKT t=12341 TX ua=95 mt=P len=0
PKT t=12351 RX ua=95 mt=R len=7
PKT t=12356 TX ua=95 mt=P len=0
PKT t=12365 RX ua=95 mt=R len=7
PKT t=12370 TX ua=95 mt=P len=0
PKT t=12379 RX ua=95 mt=R len=7
PKT t=12384 TX ua=95 mt=P len=0
PKT t=12413 RX ua=95 mt=R len=7
PKT t=12418 TX ua=95 mt=P len=0
PKT t=12427 RX ua=95 mt=R len=7
PKT t=12432 TX ua=95 mt=P len=0
PKT t=12441 RX ua=95 mt=R len=7
PKT t=12446 TX ua=95 mt=P len=0
PKT t=12455 RX ua=95 mt=R len=7
PKT t=12460 TX ua=95 mt=P len=0
PKT t=12469 RX ua=95 mt=R len=7
PKT t=12474 TX ua=95 mt=P len=0
PKT t=12483 RX ua=95 mt=R len=7
PKT t=12488 TX ua=95 mt=P len=0
PKT t=12517 RX ua=95 mt=R len=7
PKT t=12522 TX ua=95 mt=T len=7
PKT t=12534 TX ua=95 mt=P len=0
PKT t=12543 RX ua=95 mt=R len=7
PKT t=12548 TX ua=95 mt=P len=0
PKT t=12557 RX ua=95 mt=R len=7
PKT t=12562 TX ua=95 mt=P len=0
PKT t=12571 RX ua=95 mt=R len=7
PKT t=12576 TX ua=95 mt=P len=0
PKT t=12585 RX ua=95 mt=R len=7
PKT t=12590 TX ua=95 mt=P len=0
PKT t=12619 RX ua=95 mt=R len=7
PKT t=12624 TX ua=95 mt=P len=0
PKT t=12633 RX ua=95 mt=R len=7
PKT t=12638 TX ua=95 mt=P len=0
PKT t=12647 RX ua=95 mt=R len=7
PKT t=12652 TX ua=95 mt=P len=0
PKT t=12661 RX ua=95 mt=R len=7
PKT t=12666 TX ua=95 mt=P len=0
PKT t=12675 RX ua=95 mt=R len=7
PKT t=12680 TX ua=95 mt=P len=0
PKT t=12689 RX ua=95 mt=R len=7
PKT t=12694 TX ua=95 mt=P len=0
PKT t=12723 RX ua=95 mt=R len=7
PKT t=12728 TX ua=95 mt=P len=0
PKT t=12737 RX ua=95 mt=R len=7
PKT t=12742 TX ua=95 mt=T len=7
PKT t=12754 TX ua=95 mt=P len=0
PKT t=12763 RX ua=95 mt=R len=7
PKT t=12768 TX ua=95 mt=P len=0
PKT t=12777 RX ua=95 mt=R len=7
PKT t=12782 TX ua=95 mt=P len=0
PKT t=12791 RX ua=95 mt=R len=7
PKT t=12796 TX ua=95 mt=P len=0
PKT t=12825 RX ua=95 mt=R len=7
PKT t=12830 TX ua=95 mt=P len=0
PKT t=12839 RX ua=95 mt=R len=7
PKT t=12844 TX ua=95 mt=P len=0
PKT t=12853 RX ua=95 mt=R len=7
PKT t=12858 TX ua=95 mt=P len=0
PKT t=12867 RX ua=95 mt=R len=7
PKT t=12872 TX ua=95 mt=P len=0
PKT t=12881 RX ua=95 mt=R len=7
PKT t=12886 TX ua=95 mt=P len=0
PKT t=12895 RX ua=95 mt=R len=7
PKT t=12900 TX ua=95 mt=P len=0
PKT t=12929 RX ua=95 mt=R len=7
PKT t=12934 TX ua=95 mt=P len=0
PKT t=12943 RX ua=95 mt=R len=7
PKT t=12948 TX ua=95 mt=P len=0
PKT t=12957 RX ua=95 mt=R len=7
PKT t=12962 TX ua=95 mt=P len=0
PKT t=12971 RX ua=95 mt=R len=7
PKT t=12976 TX ua=95 mt=P len=0
PKT t=12985 RX ua=95 mt=R len=7
PKT t=12990 TX ua=95 mt=T len=7
PKT t=13002 TX ua=95 mt=P len=0
PKT t=13030 RX ua=95 mt=R len=7
PKT t=13035 TX ua=95 mt=P len=0
PKT t=13044 RX ua=95 mt=R len=7
PKT t=13196 TX ua=95 mt=P len=0
PKT t=13230 RX ua=95 mt=R len=7
PKT t=13235 TX ua=95 mt=P len=0
PKT t=13244 RX ua=95 mt=R len=7
PKT t=13249 TX ua=95 mt=T len=7
PKT t=13262 TX ua=95 mt=P len=0
PKT t=13271 RX ua=95 mt=R len=7
PKT t=13276 TX ua=95 mt=P len=0
PKT t=13285 RX ua=95 mt=R len=7
PKT t=13290 TX ua=95 mt=P len=0
PKT t=13299 RX ua=95 mt=R len=7
PKT t=13304 TX ua=95 mt=P len=0
PKT t=13334 RX ua=95 mt=R len=7
PKT t=13339 TX ua=95 mt=P len=0
PKT t=13348 RX ua=95 mt=R len=7
PKT t=13353 TX ua=95 mt=P len=0
PKT t=13362 RX ua=95 mt=R len=7
PKT t=13367 TX ua=95 mt=P len=0
PKT t=13376 RX ua=95 mt=R len=7
PKT t=13381 TX ua=95 mt=P len=0
PKT t=13390 RX ua=95 mt=R len=7
PKT t=13395 TX ua=95 mt=P len=0
PKT t=13404 RX ua=95 mt=R len=7
PKT t=13409 TX ua=95 mt=P len=0
PKT t=13438 RX ua=95 mt=R len=7
PKT t=13443 TX ua=95 mt=P len=0
PKT t=13452 RX ua=95 mt=R len=7
PKT t=13457 TX ua=95 mt=P len=0
PKT t=13466 RX ua=95 mt=R len=7
PKT t=13471 TX ua=95 mt=P len=0
PKT t=13480 RX ua=95 mt=R len=7
PKT t=13485 TX ua=95 mt=P len=0
PKT t=13494 RX ua=95 mt=R len=7
PKT t=13499 TX ua=95 mt=T len=7
PKT t=13512 TX ua=95 mt=P len=0
PKT t=13540 RX ua=95 mt=R len=7
PKT t=13545 TX ua=95 mt=P len=0
PKT t=13555 RX ua=95 mt=R len=7
PKT t=13560 TX ua=95 mt=P len=0
PKT t=13570 RX ua=95 mt=R len=7
PKT t=13575 TX ua=95 mt=P len=0
PKT t=13585 RX ua=95 mt=R len=7
PKT t=13590 TX ua=95 mt=P len=0
PKT t=13600 RX ua=95 mt=R len=7
PKT t=13605 TX ua=95 mt=P len=0
PKT t=13639 RX ua=95 mt=R len=7
PKT t=13644 TX ua=95 mt=P len=0
PKT t=13654 RX ua=95 mt=R len=7
PKT t=13659 TX ua=95 mt=P len=0
PKT t=13669 RX ua=95 mt=R len=7
PKT t=13674 TX ua=95 mt=P len=0
PKT t=13684 RX ua=95 mt=R len=7
PKT t=13689 TX ua=95 mt=P len=0
PKT t=13699 RX ua=95 mt=R len=7
PKT t=13704 TX ua=95 mt=P len=0
PKT t=13714 RX ua=95 mt=R len=7
PKT t=13719 TX ua=95 mt=P len=0
PKT t=13748 RX ua=95 mt=R len=7
PKT t=13753 TX ua=95 mt=T len=7
PKT t=13766 TX ua=95 mt=P len=0
PKT t=13775 RX ua=95 mt=R len=7
PKT t=13780 TX ua=95 mt=P len=0
PKT t=13789 RX ua=95 mt=R len=7
PKT t=13794 TX ua=95 mt=P len=0
PKT t=13803 RX ua=95 mt=R len=7
PKT t=13808 TX ua=95 mt=P len=0
PKT t=13817 RX ua=95 mt=R len=7
PKT t=13822 TX ua=95 mt=P len=0
PKT t=13851 RX ua=95 mt=R len=7
PKT t=13856 TX ua=95 mt=P len=0
PKT t=13865 RX ua=95 mt=R len=7
PKT t=13870 TX ua=95 mt=P len=0
PKT t=13879 RX ua=95 mt=R len=7
PKT t=13884 TX ua=95 mt=P len=0
PKT t=13893 RX ua=95 mt=R len=7
PKT t=13898 TX ua=95 mt=P len=0
PKT t=13907 RX ua=95 mt=R len=7
PKT t=13912 TX ua=95 mt=P len=0
PKT t=13921 RX ua=95 mt=R len=7
PKT t=13926 TX ua=95 mt=P len=0
PKT t=13955 RX ua=95 mt=R len=7
PKT t=13960 TX ua=95 mt=P len=0
PKT t=13969 RX ua=95 mt=R len=7
PKT t=13974 TX ua=95 mt=P len=0
PKT t=13983 RX ua=95 mt=R len=7
PKT t=13988 TX ua=95 mt=P len=0
PKT t=13997 RX ua=95 mt=R len=7
PKT t=14002 TX ua=95 mt=T len=7
PKT t=14018 TX ua=95 mt=P len=0
PKT t=14027 RX ua=95 mt=R len=7
PKT t=14032 TX ua=95 mt=P len=0
PKT t=14196 RX ua=95 mt=R len=7
PKT t=14201 TX ua=95 mt=P len=0
PKT t=14210 RX ua=95 mt=R len=7
PKT t=14215 TX ua=95 mt=P len=0
PKT t=14224 RX ua=95 mt=R len=7
PKT t=14229 TX ua=95 mt=P len=0
PKT t=14262 RX ua=95 mt=R len=7
PKT t=14266 TX ua=95 mt=T len=7
PKT t=14278 TX ua=95 mt=P len=0
PKT t=14287 RX ua=95 mt=R len=7
PKT t=14292 TX ua=95 mt=P len=0
PKT t=14301 RX ua=95 mt=R len=7
PKT t=14306 TX ua=95 mt=P len=0
PKT t=14315 RX ua=95 mt=R len=7
PKT t=14320 TX ua=95 mt=P len=0
PKT t=14329 RX ua=95 mt=R len=7
PKT t=14334 TX ua=95 mt=P len=0
PKT t=14363 RX ua=95 mt=R len=7
PKT t=14368 TX ua=95 mt=P len=0
PKT t=14377 RX ua=95 mt=R len=7
PKT t=14382 TX ua=95 mt=P len=0
PKT t=14391 RX ua=95 mt=R len=7
PKT t=14396 TX ua=95 mt=P len=0
PKT t=14405 RX ua=95 mt=R len=7
PKT t=14410 TX ua=95 mt=P len=0
PKT t=14419 RX ua=95 mt=R len=7
PKT t=14424 TX ua=95 mt=P len=0
PKT t=14433 RX ua=95 mt=R len=7
PKT t=14438 TX ua=95 mt=P len=0
PKT t=14467 RX ua=95 mt=R len=7
PKT t=14472 TX ua=95 mt=P len=0
PKT t=14481 RX ua=95 mt=R len=7
PKT t=14486 TX ua=95 mt=P len=0
PKT t=14495 RX ua=95 mt=R len=7
PKT t=14500 TX ua=95 mt=T len=7
PKT t=14512 TX ua=95 mt=P len=0
PKT t=14521 RX ua=95 mt=R len=7
PKT t=14526 TX ua=95 mt=P len=0
PKT t=14535 RX ua=95 mt=R len=7
PKT t=14540 TX ua=95 mt=P len=0
PKT t=14569 RX ua=95 mt=R len=7
PKT t=14574 TX ua=95 mt=P len=0
PKT t=14583 RX ua=95 mt=R len=7
PKT t=14588 TX ua=95 mt=P len=0
PKT t=14597 RX ua=95 mt=R len=7
PKT t=14602 TX ua=95 mt=P len=0
PKT t=14611 RX ua=95 mt=R len=7
PKT t=14616 TX ua=95 mt=P len=0
PKT t=14625 RX ua=95 mt=R len=7
PKT t=14630 TX ua=95 mt=P len=0
PKT t=14639 RX ua=95 mt=R len=7
PKT t=14644 TX ua=95 mt=P len=0
PKT t=14673 RX ua=95 mt=R len=7
PKT t=14678 TX ua=95 mt=P len=0
PKT t=14688 RX ua=95 mt=R len=7
PKT t=14693 TX ua=95 mt=P len=0
PKT t=14702 RX ua=95 mt=R len=7
PKT t=14707 TX ua=95 mt=P len=0
PKT t=14717 RX ua=95 mt=R len=7
PKT t=14721 TX ua=95 mt=P len=0
PKT t=14730 RX ua=95 mt=R len=7
PKT t=14735 TX ua=95 mt=P len=0
PKT t=14744 RX ua=95 mt=R len=7
PKT t=14749 TX ua=95 mt=T len=7
PKT t=14761 TX ua=95 mt=P len=0
PKT t=14780 RX ua=95 mt=R len=7
PKT t=14785 TX ua=95 mt=P len=0
PKT t=14794 RX ua=95 mt=R len=7
PKT t=14799 TX ua=95 mt=P len=0
PKT t=14808 RX ua=95 mt=R len=7
PKT t=14813 TX ua=95 mt=P len=0
PKT t=14822 RX ua=95 mt=R len=7
PKT t=14827 TX ua=95 mt=P len=0
PKT t=14836 RX ua=95 mt=R len=7
PKT t=14841 TX ua=95 mt=P len=0
PKT t=14850 RX ua=95 mt=R len=7
PKT t=14855 TX ua=95 mt=P len=0
PKT t=14884 RX ua=95 mt=R len=7
PKT t=14889 TX ua=95 mt=P len=0
PKT t=14898 RX ua=95 mt=R len=7
PKT t=14903 TX ua=95 mt=P len=0
PKT t=14912 RX ua=95 mt=R len=7
PKT t=14917 TX ua=95 mt=P len=0
PKT t=14926 RX ua=95 mt=R len=7
PKT t=14931 TX ua=95 mt=P len=0
PKT t=14940 RX ua=95 mt=R len=7
PKT t=14945 TX ua=95 mt=P len=0
PKT t=14954 RX ua=95 mt=R len=7
PKT t=14959 TX ua=95 mt=P len=0
PKT t=14988 RX ua=95 mt=R len=7
PKT t=14993 TX ua=95 mt=T len=7
PKT t=15005 TX ua=95 mt=P len=0
PKT t=15014 RX ua=95 mt=R len=7
PKT t=15019 TX ua=95 mt=P len=0
PKT t=15028 RX ua=95 mt=R len=7
PKT t=15033 TX ua=95 mt=P len=0
PKT t=15042 RX ua=95 mt=R len=7
PKT t=15047 TX ua=95 mt=P len=0
PKT t=15197 RX ua=95 mt=R len=7
PKT t=15452 TX ua=96 mt=P len=0
PKT t=15710 TX ua=95 mt=P len=0
PKT t=15719 RX ua=95 mt=R len=7
PKT t=15724 TX ua=95 mt=T len=7
PKT t=15736 TX ua=95 mt=P len=0
PKT t=15746 RX ua=95 mt=R len=7
PKT t=15751 TX ua=95 mt=T len=7
PKT t=15763 TX ua=95 mt=P len=0
PKT t=15791 RX ua=95 mt=R len=7
PKT t=15796 TX ua=95 mt=P len=0
PKT t=15805 RX ua=95 mt=R len=7
PKT t=15810 TX ua=95 mt=P len=0
PKT t=15819 RX ua=95 mt=R len=7
PKT t=15824 TX ua=95 mt=P len=0
PKT t=15833 RX ua=95 mt=R len=7
PKT t=15838 TX ua=95 mt=P len=0
PKT t=15847 RX ua=95 mt=R len=7
PKT t=15852 TX ua=95 mt=P len=0
PKT t=15861 RX ua=95 mt=R len=7
PKT t=15866 TX ua=95 mt=P len=0
PKT t=15895 RX ua=95 mt=R len=7
PKT t=15900 TX ua=95 mt=P len=0
PKT t=15909 RX ua=95 mt=R len=7
PKT t=15914 TX ua=95 mt=P len=0
PKT t=15923 RX ua=95 mt=R len=7
PKT t=15928 TX ua=95 mt=P len=0
PKT t=15937 RX ua=95 mt=R len=7
PKT t=15942 TX ua=95 mt=P len=0
PKT t=15951 RX ua=95 mt=R len=7
PKT t=15956 TX ua=95 mt=P len=0
PKT t=15965 RX ua=95 mt=R len=7
PKT t=15970 TX ua=95 mt=P len=0
PKT t=15999 RX ua=95 mt=R len=7
PKT t=16004 TX ua=95 mt=T len=7
PKT t=16019 TX ua=95 mt=P len=0
PKT t=16028 RX ua=95 mt=R len=7
PKT t=16033 TX ua=95 mt=P len=0
PKT t=16042 RX ua=95 mt=R len=7
PKT t=16047 TX ua=95 mt=P len=0
PKT t=16197 RX ua=95 mt=R len=7
PKT t=16452 TX ua=96 mt=P len=0
PKT t=16710 TX ua=95 mt=P len=0
PKT t=16719 RX ua=95 mt=R len=7
PKT t=16724 TX ua=95 mt=T len=7
PKT t=16736 TX ua=95 mt=P len=0
PKT t=16745 RX ua=95 mt=R len=7
PKT t=16750 TX ua=95 mt=T len=7
PKT t=16762 TX ua=95 mt=P len=0
PKT t=16771 RX ua=95 mt=R len=7
PKT t=16776 TX ua=95 mt=P len=0
PKT t=16805 RX ua=95 mt=R len=7
PKT t=16810 TX ua=95 mt=P len=0
PKT t=16819 RX ua=95 mt=R len=7
PKT t=16824 TX ua=95 mt=P len=0
PKT t=16833 RX ua=95 mt=R len=7
PKT t=16838 TX ua=95 mt=P len=0
PKT t=16847 RX ua=95 mt=R len=7
PKT t=16852 TX ua=95 mt=P len=0
PKT t=16861 RX ua=95 mt=R len=7
PKT t=16866 TX ua=95 mt=P len=0
PKT t=16875 RX ua=95 mt=R len=7
PKT t=16880 TX ua=95 mt=P len=0
PKT t=16909 RX ua=95 mt=R len=7
PKT t=16914 TX ua=95 mt=P len=0
PKT t=16923 RX ua=95 mt=R len=7
PKT t=16928 TX ua=95 mt=P len=0
PKT t=16937 RX ua=95 mt=R len=7
PKT t=16942 TX ua=95 mt=P len=0
PKT t=16951 RX ua=95 mt=R len=7
PKT t=16956 TX ua=95 mt=P len=0
PKT t=16965 RX ua=95 mt=R len=7
PKT t=16970 TX ua=95 mt=P len=0
PKT t=16979 RX ua=95 mt=R len=7
PKT t=16984 TX ua=95 mt=P len=0
PKT t=17013 RX ua=95 mt=R len=7
PKT t=17018 TX ua=95 mt=T len=7
PKT t=17030 TX ua=95 mt=P len=0
PKT t=17039 RX ua=95 mt=R len=7
PKT t=17044 TX ua=95 mt=P len=0
PKT t=17196 RX ua=95 mt=R len=7
PKT t=17201 TX ua=95 mt=P len=0
PKT t=17213 RX ua=95 mt=R len=7
PKT t=17218 TX ua=95 mt=P len=0
PKT t=17227 RX ua=95 mt=R len=7
PKT t=17232 TX ua=95 mt=P len=0
PKT t=17241 RX ua=95 mt=R len=7
PKT t=17246 TX ua=95 mt=T len=7
PKT t=17258 TX ua=95 mt=P len=0
PKT t=17267 RX ua=95 mt=R len=7
PKT t=17272 TX ua=95 mt=P len=0
PKT t=17281 RX ua=95 mt=R len=7
PKT t=17286 TX ua=95 mt=P len=0
PKT t=17315 RX ua=95 mt=R len=7
PKT t=17320 TX ua=95 mt=P len=0
PKT t=17329 RX ua=95 mt=R len=7
PKT t=17334 TX ua=95 mt=P len=0
PKT t=17343 RX ua=95 mt=R len=7
PKT t=17348 TX ua=95 mt=P len=0
PKT t=17357 RX ua=95 mt=R len=7
PKT t=17362 TX ua=95 mt=P len=0
PKT t=17371 RX ua=95 mt=R len=7
PKT t=17376 TX ua=95 mt=P len=0
PKT t=17385 RX ua=95 mt=R len=7
PKT t=17390 TX ua=95 mt=P len=0
PKT t=17419 RX ua=95 mt=R len=7
PKT t=17424 TX ua=95 mt=P len=0
PKT t=17433 RX ua=95 mt=R len=7
PKT t=17438 TX ua=95 mt=P len=0
PKT t=17447 RX ua=95 mt=R len=7
PKT t=17452 TX ua=95 mt=P len=0
PKT t=17461 RX ua=95 mt=R len=7
PKT t=17466 TX ua=95 mt=P len=0
PKT t=17475 RX ua=95 mt=R len=7
PKT t=17480 TX ua=95 mt=P len=0
PKT t=17489 RX ua=95 mt=R len=7
PKT t=17494 TX ua=95 mt=T len=7
PKT t=17506 TX ua=95 mt=P len=0
PKT t=17525 RX ua=95 mt=R len=7
PKT t=17530 TX ua=95 mt=P len=0
PKT t=17540 RX ua=95 mt=R len=7
PKT t=17545 TX ua=95 mt=P len=0
PKT t=17555 RX ua=95 mt=R len=7
PKT t=17560 TX ua=95 mt=P len=0
PKT t=17570 RX ua=95 mt=R len=7
PKT t=17575 TX ua=95 mt=P len=0
PKT t=17585 RX ua=95 mt=R len=7
PKT t=17590 TX ua=95 mt=P len=0
PKT t=17624 RX ua=95 mt=R len=7
PKT t=17629 TX ua=95 mt=P len=0
PKT t=17639 RX ua=95 mt=R len=7
PKT t=17644 TX ua=95 mt=P len=0
PKT t=17654 RX ua=95 mt=R len=7
PKT t=17659 TX ua=95 mt=P len=0
PKT t=17669 RX ua=95 mt=R len=7
PKT t=17674 TX ua=95 mt=P len=0
PKT t=17684 RX ua=95 mt=R len=7
PKT t=17689 TX ua=95 mt=P len=0
PKT t=17699 RX ua=95 mt=R len=7
PKT t=17704 TX ua=95 mt=P len=0
PKT t=17733 RX ua=95 mt=R len=7
PKT t=17738 TX ua=95 mt=P len=0
PKT t=17748 RX ua=95 mt=R len=7
PKT t=17753 TX ua=95 mt=T len=7
PKT t=17765 TX ua=95 mt=P len=0
PKT t=17774 RX ua=95 mt=R len=7
PKT t=17779 TX ua=95 mt=P len=0
PKT t=17788 RX ua=95 mt=R len=7
PKT t=17793 TX ua=95 mt=P len=0
PKT t=17802 RX ua=95 mt=R len=7
PKT t=17807 TX ua=95 mt=P len=0
PKT t=17836 RX ua=95 mt=R len=7
PKT t=17841 TX ua=95 mt=P len=0
PKT t=17850 RX ua=95 mt=R len=7
PKT t=17855 TX ua=95 mt=P len=0
PKT t=17864 RX ua=95 mt=R len=7
PKT t=17869 TX ua=95 mt=P len=0
PKT t=17878 RX ua=95 mt=R len=7
PKT t=17883 TX ua=95 mt=P len=0
PKT t=17892 RX ua=95 mt=R len=7
PKT t=17897 TX ua=95 mt=P len=0
PKT t=17906 RX ua=95 mt=R len=7
PKT t=17911 TX ua=95 mt=P len=0
PKT t=17940 RX ua=95 mt=R len=7
PKT t=17945 TX ua=95 mt=P len=0
PKT t=17954 RX ua=95 mt=R len=7
PKT t=17959 TX ua=95 mt=P len=0
PKT t=17968 RX ua=95 mt=R len=7
PKT t=17973 TX ua=95 mt=P len=0
PKT t=17982 RX ua=95 mt=R len=7
PKT t=17987 TX ua=95 mt=P len=0
PKT t=17996 RX ua=95 mt=R len=7
PKT t=18001 TX ua=95 mt=T len=7
PKT t=18013 TX ua=95 mt=P len=0
PKT t=18041 RX ua=95 mt=R len=7
PKT t=18046 TX ua=95 mt=P len=0
PKT t=18196 RX ua=95 mt=R len=7
PKT t=18451 TX ua=96 mt=P len=0
PKT t=18709 TX ua=95 mt=P len=0
PKT t=18718 RX ua=95 mt=R len=7
PKT t=18723 TX ua=95 mt=T len=7
PKT t=18736 TX ua=95 mt=P len=0
PKT t=18745 RX ua=95 mt=R len=7
PKT t=18750 TX ua=95 mt=T len=7
PKT t=18763 TX ua=95 mt=P len=0
PKT t=18772 RX ua=95 mt=R len=7
PKT t=18777 TX ua=95 mt=P len=0
PKT t=18786 RX ua=95 mt=R len=7
PKT t=18791 TX ua=95 mt=P len=0
PKT t=18800 RX ua=95 mt=R len=7
PKT t=18805 TX ua=95 mt=P len=0
PKT t=18814 RX ua=95 mt=R len=7
PKT t=18819 TX ua=95 mt=P len=0
PKT t=18848 RX ua=95 mt=R len=7
PKT t=18853 TX ua=95 mt=P len=0
PKT t=18863 RX ua=95 mt=R len=7
PKT t=18868 TX ua=95 mt=P len=0
PKT t=18877 RX ua=95 mt=R len=7
PKT t=18882 TX ua=95 mt=P len=0
PKT t=18891 RX ua=95 mt=R len=7
PKT t=18896 TX ua=95 mt=P len=0
PKT t=18905 RX ua=95 mt=R len=7
PKT t=18910 TX ua=95 mt=P len=0
PKT t=18919 RX ua=95 mt=R len=7
PKT t=18924 TX ua=95 mt=P len=0
PKT t=18953 RX ua=95 mt=R len=7
PKT t=18958 TX ua=95 mt=P len=0
PKT t=18967 RX ua=95 mt=R len=7
PKT t=18972 TX ua=95 mt=P len=0
PKT t=18981 RX ua=95 mt=R len=7
PKT t=18986 TX ua=95 mt=P len=0
PKT t=18995 RX ua=95 mt=R len=7
PKT t=19000 TX ua=95 mt=T len=7
PKT t=19013 TX ua=95 mt=P len=0
PKT t=19022 RX ua=95 mt=R len=7
PKT t=19027 TX ua=95 mt=P len=0
PKT t=19196 RX ua=95 mt=R len=7
PKT t=19201 TX ua=95 mt=P len=0
PKT t=19210 RX ua=95 mt=R len=7
PKT t=19215 TX ua=95 mt=P len=0
PKT t=19224 RX ua=95 mt=R len=7
PKT t=19229 TX ua=95 mt=P len=0
PKT t=19258 RX ua=95 mt=R len=7
PKT t=19263 TX ua=95 mt=T len=7
PKT t=19275 TX ua=95 mt=P len=0
PKT t=19284 RX ua=95 mt=R len=7
PKT t=19289 TX ua=95 mt=P len=0
PKT t=19298 RX ua=95 mt=R len=7
PKT t=19303 TX ua=95 mt=P len=0
PKT t=19312 RX ua=95 mt=R len=7
PKT t=19317 TX ua=95 mt=P len=0
PKT t=19327 RX ua=95 mt=R len=7
PKT t=19332 TX ua=95 mt=P len=0
PKT t=19361 RX ua=95 mt=R len=7
PKT t=19366 TX ua=95 mt=P len=0
PKT t=19375 RX ua=95 mt=R len=7
PKT t=19380 TX ua=95 mt=P len=0
PKT t=19389 RX ua=95 mt=R len=7
PKT t=19394 TX ua=95 mt=P len=0
PKT t=19403 RX ua=95 mt=R len=7
PKT t=19408 TX ua=95 mt=P len=0
PKT t=19417 RX ua=95 mt=R len=7
PKT t=19422 TX ua=95 mt=P len=0
PKT t=19431 RX ua=95 mt=R len=7
PKT t=19436 TX ua=95 mt=P len=0
PKT t=19465 RX ua=95 mt=R len=7
PKT t=19470 TX ua=95 mt=P len=0
PKT t=19480 RX ua=95 mt=R len=7
PKT t=19485 TX ua=95 mt=P len=0
PKT t=19494 RX ua=95 mt=R len=7
PKT t=19499 TX ua=95 mt=T len=7
PKT t=19511 TX ua=95 mt=P len=0
PKT t=19521 RX ua=95 mt=R len=7
PKT t=19526 TX ua=95 mt=P len=0
PKT t=19536 RX ua=95 mt=R len=7
PKT t=19541 TX ua=95 mt=P len=0
PKT t=19570 RX ua=95 mt=R len=7
PKT t=19575 TX ua=95 mt=P len=0
PKT t=19585 RX ua=95 mt=R len=7
PKT t=19590 TX ua=95 mt=P len=0
PKT t=19600 RX ua=95 mt=R len=7
PKT t=19605 TX ua=95 mt=P len=0
PKT t=19615 RX ua=95 mt=R len=7
PKT t=19620 TX ua=95 mt=P len=0
PKT t=19630 RX ua=95 mt=R len=7
PKT t=19635 TX ua=95 mt=P len=0
PKT t=19645 RX ua=95 mt=R len=7
PKT t=19650 TX ua=95 mt=P len=0
PKT t=19679 RX ua=95 mt=R len=7
PKT t=19684 TX ua=95 mt=P len=0
PKT t=19694 RX ua=95 mt=R len=7
PKT t=19699 TX ua=95 mt=P len=0
PKT t=19709 RX ua=95 mt=R len=7
PKT t=19714 TX ua=95 mt=P len=0
PKT t=19724 RX ua=95 mt=R len=7
PKT t=19729 TX ua=95 mt=P len=0
PKT t=19739 RX ua=95 mt=R len=7
PKT t=19744 TX ua=95 mt=T len=7
PKT t=19756 TX ua=95 mt=P len=0
PKT t=19784 RX ua=95 mt=R len=7
PKT t=19789 TX ua=95 mt=P len=0
PKT t=19798 RX ua=95 mt=R len=7
PKT t=19803 TX ua=95 mt=P len=0
PKT t=19812 RX ua=95 mt=R len=7
PKT t=19817 TX ua=95 mt=P len=0
PKT t=19826 RX ua=95 mt=R len=7
PKT t=19831 TX ua=95 mt=P len=0
PKT t=19840 RX ua=95 mt=R len=7
PKT t=19845 TX ua=95 mt=P len=0
PKT t=19854 RX ua=95 mt=R len=7
PKT t=19859 TX ua=95 mt=P len=0
PKT t=19888 RX ua=95 mt=R len=7
PKT t=19893 TX ua=95 mt=P len=0
PKT t=19902 RX ua=95 mt=R len=7
PKT t=19907 TX ua=95 mt=P len=0
PKT t=19916 RX ua=95 mt=R len=7
PKT t=19921 TX ua=95 mt=P len=0
PKT t=19930 RX ua=95 mt=R len=7
PKT t=19935 TX ua=95 mt=P len=0
PKT t=19944 RX ua=95 mt=R len=7
PKT t=19949 TX ua=95 mt=P len=0
PKT t=19958 RX ua=95 mt=R len=7
PKT t=19963 TX ua=95 mt=P len=0
PKT t=19993 RX ua=95 mt=R len=7
PKT t=19998 TX ua=95 mt=T len=7
PKT t=20014 TX ua=95 mt=P len=0
PKT t=20023 RX ua=95 mt=R len=7
PKT t=20028 TX ua=95 mt=P len=0
PKT t=20037 RX ua=95 mt=R len=7
PKT t=20042 TX ua=95 mt=P len=0
PKT t=20196 RX ua=95 mt=R len=7
PKT t=20201 TX ua=95 mt=P len=0
PKT t=20210 RX ua=95 mt=R len=7
PKT t=20215 TX ua=95 mt=P len=0
PKT t=20224 RX ua=95 mt=R len=7
PKT t=20229 TX ua=95 mt=P len=0
PKT t=20238 RX ua=95 mt=R len=7
PKT t=20243 TX ua=95 mt=T len=7
PKT t=20255 TX ua=95 mt=P len=0
PKT t=20264 RX ua=95 mt=R len=7
PKT t=20269 TX ua=95 mt=P len=0
PKT t=20298 RX ua=95 mt=R len=7
PKT t=20303 TX ua=95 mt=P len=0
PKT t=20312 RX ua=95 mt=R len=7
PKT t=20317 TX ua=95 mt=P len=0
PKT t=20326 RX ua=95 mt=R len=7
PKT t=20331 TX ua=95 mt=P len=0
PKT t=20340 RX ua=95 mt=R len=7
PKT t=20345 TX ua=95 mt=P len=0
PKT t=20354 RX ua=95 mt=R len=7
PKT t=20359 TX ua=95 mt=P len=0
PKT t=20368 RX ua=95 mt=R len=7
PKT t=20373 TX ua=95 mt=P len=0
PKT t=20402 RX ua=95 mt=R len=7
PKT t=20407 TX ua=95 mt=P len=0
PKT t=20416 RX ua=95 mt=R len=7
PKT t=20421 TX ua=95 mt=P len=0
PKT t=20432 RX ua=95 mt=R len=7
PKT t=20437 TX ua=95 mt=P len=0
PKT t=20446 RX ua=95 mt=R len=7
PKT t=20451 TX ua=95 mt=P len=0
PKT t=20460 RX ua=95 mt=R len=7
PKT t=20465 TX ua=95 mt=P len=0
PKT t=20474 RX ua=95 mt=R len=7
PKT t=20479 TX ua=95 mt=P len=0
PKT t=20508 RX ua=95 mt=R len=7
PKT t=20513 TX ua=95 mt=T len=7
PKT t=20525 TX ua=95 mt=P len=0
PKT t=20534 RX ua=95 mt=R len=7
PKT t=20539 TX ua=95 mt=P len=0
PKT t=20548 RX ua=95 mt=R len=7
PKT t=20553 TX ua=95 mt=P len=0
PKT t=20562 RX ua=95 mt=R len=7
PKT t=20567 TX ua=95 mt=P len=0
PKT t=20576 RX ua=95 mt=R len=7
PKT t=20581 TX ua=95 mt=P len=0
PKT t=20610 RX ua=95 mt=R len=7
PKT t=20615 TX ua=95 mt=P len=0
PKT t=20624 RX ua=95 mt=R len=7
PKT t=20629 TX ua=95 mt=P len=0
PKT t=20638 RX ua=95 mt=R len=7
PKT t=20643 TX ua=95 mt=P len=0
PKT t=20652 RX ua=95 mt=R len=7
PKT t=20657 TX ua=95 mt=P len=0
PKT t=20666 RX ua=95 mt=R len=7
PKT t=20671 TX ua=95 mt=P len=0
PKT t=20680 RX ua=95 mt=R len=7
PKT t=20685 TX ua=95 mt=P len=0
PKT t=20714 RX ua=95 mt=R len=7
PKT t=20719 TX ua=95 mt=P len=0
PKT t=20728 RX ua=95 mt=R len=7
PKT t=20733 TX ua=95 mt=P len=0
PKT t=20742 RX ua=95 mt=R len=7
PKT t=20747 TX ua=95 mt=T len=7
PKT t=20759 TX ua=95 mt=P len=0
PKT t=20768 RX ua=95 mt=R len=7
PKT t=20773 TX ua=95 mt=P len=0
PKT t=20782 RX ua=95 mt=R len=7
PKT t=20787 TX ua=95 mt=P len=0
PKT t=20816 RX ua=95 mt=R len=7
PKT t=20821 TX ua=95 mt=P len=0
PKT t=20830 RX ua=95 mt=R len=7
PKT t=20835 TX ua=95 mt=P len=0
PKT t=20844 RX ua=95 mt=R len=7
PKT t=20849 TX ua=95 mt=P len=0
PKT t=20858 RX ua=95 mt=R len=7
PKT t=20863 TX ua=95 mt=P len=0
PKT t=20872 RX ua=95 mt=R len=7
PKT t=20877 TX ua=95 mt=P len=0
PKT t=20886 RX ua=95 mt=R len=7
PKT t=20891 TX ua=95 mt=P len=0
PKT t=20920 RX ua=95 mt=R len=7
PKT t=20925 TX ua=95 mt=P len=0
PKT t=20934 RX ua=95 mt=R len=7
PKT t=20939 TX ua=95 mt=P len=0
PKT t=20948 RX ua=95 mt=R len=7
PKT t=20953 TX ua=95 mt=P len=0
PKT t=20962 RX ua=95 mt=R len=7
PKT t=20967 TX ua=95 mt=P len=0
PKT t=20976 RX ua=95 mt=R len=7
PKT t=20981 TX ua=95 mt=P len=0
PKT t=20990 RX ua=95 mt=R len=7
PKT t=20995 TX ua=95 mt=T len=7
PKT t=21007 TX ua=95 mt=P len=0
PKT t=21026 RX ua=95 mt=R len=7
PKT t=21031 TX ua=95 mt=P len=0
PKT t=21040 RX ua=95 mt=R len=7
PKT t=21045 TX ua=95 mt=P len=0
PKT t=21196 RX ua=95 mt=R len=7
PKT t=21451 TX ua=96 mt=P len=0
PKT t=21709 TX ua=95 mt=P len=0
PKT t=21719 RX ua=95 mt=R len=7
PKT t=21723 TX ua=95 mt=T len=7
PKT t=21736 TX ua=95 mt=P len=0
PKT t=21746 RX ua=95 mt=R len=7
PKT t=21751 TX ua=95 mt=T len=7
PKT t=21764 TX ua=95 mt=P len=0
PKT t=21773 RX ua=95 mt=R len=7
PKT t=21778 TX ua=95 mt=P len=0
PKT t=21787 RX ua=95 mt=R len=7
PKT t=21792 TX ua=95 mt=P len=0
PKT t=21824 RX ua=95 mt=R len=7
PKT t=21829 TX ua=95 mt=P len=0
PKT t=21838 RX ua=95 mt=R len=7
PKT t=21843 TX ua=95 mt=P len=0
PKT t=21852 RX ua=95 mt=R len=7
PKT t=21857 TX ua=95 mt=P len=0
PKT t=21866 RX ua=95 mt=R len=7
PKT t=21871 TX ua=95 mt=P len=0
PKT t=21880 RX ua=95 mt=R len=7
PKT t=21885 TX ua=95 mt=P len=0
PKT t=21894 RX ua=95 mt=R len=7
PKT t=21899 TX ua=95 mt=P len=0
PKT t=21928 RX ua=95 mt=R len=7
PKT t=21933 TX ua=95 mt=P len=0
PKT t=21942 RX ua=95 mt=R len=7
PKT t=21947 TX ua=95 mt=P len=0
PKT t=21956 RX ua=95 mt=R len=7
PKT t=21961 TX ua=95 mt=P len=0
PKT t=21970 RX ua=95 mt=R len=7
PKT t=21975 TX ua=95 mt=P len=0
PKT t=21984 RX ua=95 mt=R len=7
PKT t=21989 TX ua=95 mt=T len=7
PKT t=22002 TX ua=95 mt=P len=0
PKT t=22029 RX ua=95 mt=R len=7
PKT t=22034 TX ua=95 mt=P len=0
PKT t=22043 RX ua=95 mt=R len=7
PKT t=22196 TX ua=95 mt=P len=0
PKT t=22229 RX ua=95 mt=R len=7
PKT t=22234 TX ua=95 mt=P len=0
PKT t=22244 RX ua=95 mt=R len=7
PKT t=22249 TX ua=95 mt=T len=7
PKT t=22261 TX ua=95 mt=P len=0
PKT t=22270 RX ua=95 mt=R len=7
PKT t=22275 TX ua=95 mt=P len=0
PKT t=22284 RX ua=95 mt=R len=7
PKT t=22289 TX ua=95 mt=P len=0
PKT t=22298 RX ua=95 mt=R len=7
PKT t=22303 TX ua=95 mt=P len=0
PKT t=22332 RX ua=95 mt=R len=7
PKT t=22337 TX ua=95 mt=P len=0
PKT t=22346 RX ua=95 mt=R len=7
PKT t=22351 TX ua=95 mt=P len=0
PKT t=22360 RX ua=95 mt=R len=7
PKT t=22365 TX ua=95 mt=P len=0
PKT t=22374 RX ua=95 mt=R len=7
PKT t=22379 TX ua=95 mt=P len=0
PKT t=22388 RX ua=95 mt=R len=7
PKT t=22393 TX ua=95 mt=P len=0
PKT t=22402 RX ua=95 mt=R len=7
PKT t=22407 TX ua=95 mt=P len=0
PKT t=22436 RX ua=95 mt=R len=7
PKT t=22441 TX ua=95 mt=P len=0
PKT t=22450 RX ua=95 mt=R len=7
PKT t=22455 TX ua=95 mt=P len=0
PKT t=22464 RX ua=95 mt=R len=7
PKT t=22469 TX ua=95 mt=P len=0
PKT t=22478 RX ua=95 mt=R len=7
PKT t=22483 TX ua=95 mt=P len=0
PKT t=22492 RX ua=95 mt=R len=7
PKT t=22497 TX ua=95 mt=T len=7
PKT t=22509 TX ua=95 mt=P len=0
PKT t=22537 RX ua=95 mt=R len=7
PKT t=22542 TX ua=95 mt=P len=0
PKT t=22551 RX ua=95 mt=R len=7
PKT t=22556 TX ua=95 mt=P len=0
PKT t=22565 RX ua=95 mt=R len=7
PKT t=22570 TX ua=95 mt=P len=0
PKT t=22579 RX ua=95 mt=R len=7
PKT t=22584 TX ua=95 mt=P len=0
PKT t=22593 RX ua=95 mt=R len=7
PKT t=22598 TX ua=95 mt=P len=0
PKT t=22607 RX ua=95 mt=R len=7
PKT t=22612 TX ua=95 mt=P len=0
PKT t=22641 RX ua=95 mt=R len=7
PKT t=22646 TX ua=95 mt=P len=0
PKT t=22655 RX ua=95 mt=R len=7
PKT t=22660 TX ua=95 mt=P len=0
PKT t=22669 RX ua=95 mt=R len=7
PKT t=22674 TX ua=95 mt=P len=0
PKT t=22683 RX ua=95 mt=R len=7
PKT t=22688 TX ua=95 mt=P len=0
PKT t=22697 RX ua=95 mt=R len=7
PKT t=22702 TX ua=95 mt=P len=0
PKT t=22711 RX ua=95 mt=R len=7
PKT t=22716 TX ua=95 mt=P len=0
PKT t=22745 RX ua=95 mt=R len=7
PKT t=22750 TX ua=95 mt=T len=7
PKT t=22762 TX ua=95 mt=P len=0
PKT t=22771 RX ua=95 mt=R len=7
PKT t=22776 TX ua=95 mt=P len=0
PKT t=22785 RX ua=95 mt=R len=7
PKT t=22790 TX ua=95 mt=P len=0
PKT t=22799 RX ua=95 mt=R len=7
PKT t=22804 TX ua=95 mt=P len=0
PKT t=22813 RX ua=95 mt=R len=7
PKT t=22818 TX ua=95 mt=P len=0
PKT t=22847 RX ua=95 mt=R len=7
PKT t=22852 TX ua=95 mt=P len=0
PKT t=22861 RX ua=95 mt=R len=7
PKT t=22866 TX ua=95 mt=P len=0
PKT t=22875 RX ua=95 mt=R len=7
PKT t=22880 TX ua=95 mt=P len=0
PKT t=22889 RX ua=95 mt=R len=7
PKT t=22894 TX ua=95 mt=P len=0
PKT t=22903 RX ua=95 mt=R len=7
PKT t=22908 TX ua=95 mt=P len=0
PKT t=22917 RX ua=95 mt=R len=7
PKT t=22922 TX ua=95 mt=P len=0
PKT t=22951 RX ua=95 mt=R len=7
PKT t=22956 TX ua=95 mt=P len=0
PKT t=22965 RX ua=95 mt=R len=7
PKT t=22970 TX ua=95 mt=P len=0
PKT t=22979 RX ua=95 mt=R len=7
PKT t=22984 TX ua=95 mt=P len=0
PKT t=22993 RX ua=95 mt=R len=7
PKT t=22998 TX ua=95 mt=T len=7
PKT t=23010 TX ua=95 mt=P len=0
PKT t=23019 RX ua=95 mt=R len=7
PKT t=23024 TX ua=95 mt=P len=0
PKT t=23196 RX ua=95 mt=R len=7
PKT t=23201 TX ua=95 mt=P len=0
PKT t=23210 RX ua=95 mt=R len=7
PKT t=23215 TX ua=95 mt=P len=0
PKT t=23224 RX ua=95 mt=R len=7
PKT t=23229 TX ua=95 mt=P len=0
PKT t=23258 RX ua=95 mt=R len=7
PKT t=23263 TX ua=95 mt=T len=7
PKT t=23275 TX ua=95 mt=P len=0
PKT t=23284 RX ua=95 mt=R len=7
PKT t=23289 TX ua=95 mt=P len=0
PKT t=23298 RX ua=95 mt=R len=7
PKT t=23303 TX ua=95 mt=P len=0
PKT t=23312 RX ua=95 mt=R len=7
PKT t=23317 TX ua=95 mt=P len=0
PKT t=23326 RX ua=95 mt=R len=7
PKT t=23331 TX ua=95 mt=P len=0
PKT t=23360 RX ua=95 mt=R len=7
PKT t=23365 TX ua=95 mt=P len=0
PKT t=23374 RX ua=95 mt=R len=7
PKT t=23379 TX ua=95 mt=P len=0
PKT t=23388 RX ua=95 mt=R len=7
PKT t=23393 TX ua=95 mt=P len=0
PKT t=23402 RX ua=95 mt=R len=7
PKT t=23407 TX ua=95 mt=P len=0
PKT t=23416 RX ua=95 mt=R len=7
PKT t=23421 TX ua=95 mt=P len=0
PKT t=23430 RX ua=95 mt=R len=7
PKT t=23435 TX ua=95 mt=P len=0
PKT t=23464 RX ua=95 mt=R len=7
PKT t=23469 TX ua=95 mt=P len=0
PKT t=23478 RX ua=95 mt=R len=7
PKT t=23483 TX ua=95 mt=P len=0
PKT t=23492 RX ua=95 mt=R len=7
PKT t=23497 TX ua=95 mt=T len=7
PKT t=23509 TX ua=95 mt=P len=0
PKT t=23519 RX ua=95 mt=R len=7
PKT t=23524 TX ua=95 mt=P len=0
PKT t=23534 RX ua=95 mt=R len=7
PKT t=23539 TX ua=95 mt=P len=0
PKT t=23568 RX ua=95 mt=R len=7
PKT t=23573 TX ua=95 mt=P len=0
PKT t=23583 RX ua=95 mt=R len=7
PKT t=23588 TX ua=95 mt=P len=0
PKT t=23598 RX ua=95 mt=R len=7
PKT t=23603 TX ua=95 mt=P len=0
PKT t=23613 RX ua=95 mt=R len=7
PKT t=23618 TX ua=95 mt=P len=0
PKT t=23628 RX ua=95 mt=R len=7
PKT t=23633 TX ua=95 mt=P len=0
PKT t=23643 RX ua=95 mt=R len=7
PKT t=23648 TX ua=95 mt=P len=0
PKT t=23677 RX ua=95 mt=R len=7
PKT t=23682 TX ua=95 mt=P len=0
PKT t=23692 RX ua=95 mt=R len=7
PKT t=23697 TX ua=95 mt=P len=0
PKT t=23707 RX ua=95 mt=R len=7
PKT t=23712 TX ua=95 mt=P len=0
PKT t=23722 RX ua=95 mt=R len=7
PKT t=23727 TX ua=95 mt=P len=0
PKT t=23737 RX ua=95 mt=R len=7
PKT t=23742 TX ua=95 mt=T len=7
PKT t=23754 TX ua=95 mt=P len=0
PKT t=23782 RX ua=95 mt=R len=7
PKT t=23787 TX ua=95 mt=P len=0
PKT t=23797 RX ua=95 mt=R len=7
PKT t=23801 TX ua=95 mt=P len=0
PKT t=23810 RX ua=95 mt=R len=7
PKT t=23815 TX ua=95 mt=P len=0
PKT t=23824 RX ua=95 mt=R len=7
PKT t=23829 TX ua=95 mt=P len=0
PKT t=23838 RX ua=95 mt=R len=7
PKT t=23843 TX ua=95 mt=P len=0
PKT t=23852 RX ua=95 mt=R len=7
PKT t=23857 TX ua=95 mt=P len=0
PKT t=23886 RX ua=95 mt=R len=7
PKT t=23891 TX ua=95 mt=P len=0
PKT t=23900 RX ua=95 mt=R len=7
PKT t=23905 TX ua=95 mt=P len=0
PKT t=23914 RX ua=95 mt=R len=7
PKT t=23919 TX ua=95 mt=P len=0
PKT t=23928 RX ua=95 mt=R len=7
PKT t=23933 TX ua=95 mt=P len=0
PKT t=23942 RX ua=95 mt=R len=7
PKT t=23947 TX ua=95 mt=P len=0
PKT t=23956 RX ua=95 mt=R len=7
PKT t=23961 TX ua=95 mt=P len=0
PKT t=23990 RX ua=95 mt=R len=7
PKT t=23995 TX ua=95 mt=T len=7
PKT t=24007 TX ua=95 mt=P len=0
PKT t=24016 RX ua=95 mt=R len=7
PKT t=24021 TX ua=95 mt=P len=0
PKT t=24030 RX ua=95 mt=R len=7
PKT t=24035 TX ua=95 mt=P len=0
PKT t=24044 RX ua=95 mt=R len=7
PKT t=24196 TX ua=95 mt=P len=0
PKT t=24205 RX ua=95 mt=R len=7
PKT t=24210 TX ua=95 mt=P len=0
PKT t=24219 RX ua=95 mt=R len=7
PKT t=24224 TX ua=95 mt=P len=0
PKT t=24233 RX ua=95 mt=R len=7
PKT t=24238 TX ua=95 mt=P len=0
PKT t=24247 RX ua=95 mt=R len=7
PKT t=24252 TX ua=95 mt=T len=7
PKT t=24264 TX ua=95 mt=P len=0
PKT t=24292 RX ua=95 mt=R len=7
PKT t=24297 TX ua=95 mt=P len=0
PKT t=24306 RX ua=95 mt=R len=7
PKT t=24311 TX ua=95 mt=P len=0
PKT t=24320 RX ua=95 mt=R len=7
PKT t=24325 TX ua=95 mt=P len=0
PKT t=24334 RX ua=95 mt=R len=7
PKT t=24339 TX ua=95 mt=P len=0
PKT t=24348 RX ua=95 mt=R len=7
PKT t=24353 TX ua=95 mt=P len=0
PKT t=24362 RX ua=95 mt=R len=7
PKT t=24367 TX ua=95 mt=P len=0
PKT t=24397 RX ua=95 mt=R len=7
PKT t=24401 TX ua=95 mt=P len=0
PKT t=24410 RX ua=95 mt=R len=7
PKT t=24415 TX ua=95 mt=P len=0
PKT t=24424 RX ua=95 mt=R len=7
PKT t=24429 TX ua=95 mt=P len=0
PKT t=24438 RX ua=95 mt=R len=7
PKT t=24443 TX ua=95 mt=P len=0
PKT t=24452 RX ua=95 mt=R len=7
PKT t=24457 TX ua=95 mt=P len=0
PKT t=24466 RX ua=95 mt=R len=7
PKT t=24471 TX ua=95 mt=P len=0
PKT t=24500 RX ua=95 mt=R len=7
PKT t=24505 TX ua=95 mt=T len=7
PKT t=24517 TX ua=95 mt=P len=0
PKT t=24526 RX ua=95 mt=R len=7
PKT t=24531 TX ua=95 mt=P len=0
PKT t=24540 RX ua=95 mt=R len=7
PKT t=24545 TX ua=95 mt=P len=0
PKT t=24554 RX ua=95 mt=R len=7
PKT t=24559 TX ua=95 mt=P len=0
PKT t=24568 RX ua=95 mt=R len=7
PKT t=24573 TX ua=95 mt=P len=0
PKT t=24602 RX ua=95 mt=R len=7
PKT t=24607 TX ua=95 mt=P len=0
PKT t=24616 RX ua=95 mt=R len=7
PKT t=24621 TX ua=95 mt=P len=0
PKT t=24630 RX ua=95 mt=R len=7
PKT t=24635 TX ua=95 mt=P len=0
PKT t=24644 RX ua=95 mt=R len=7
PKT t=24649 TX ua=95 mt=P len=0
PKT t=24658 RX ua=95 mt=R len=7
PKT t=24663 TX ua=95 mt=P len=0
PKT t=24672 RX ua=95 mt=R len=7
PKT t=24677 TX ua=95 mt=P len=0
PKT t=24706 RX ua=95 mt=R len=7
PKT t=24711 TX ua=95 mt=P len=0
PKT t=24720 RX ua=95 mt=R len=7
PKT t=24725 TX ua=95 mt=P len=0
PKT t=24734 RX ua=95 mt=R len=7
PKT t=24739 TX ua=95 mt=T len=7
PKT t=24751 TX ua=95 mt=P len=0
PKT t=24760 RX ua=95 mt=R len=7
PKT t=24765 TX ua=95 mt=P len=0
PKT t=24774 RX ua=95 mt=R len=7
PKT t=24779 TX ua=95 mt=P len=0
PKT t=24808 RX ua=95 mt=R len=7
PKT t=24813 TX ua=95 mt=P len=0
PKT t=24822 RX ua=95 mt=R len=7
PKT t=24827 TX ua=95 mt=P len=0
PKT t=24836 RX ua=95 mt=R len=7
PKT t=24841 TX ua=95 mt=P len=0
PKT t=24850 RX ua=95 mt=R len=7
PKT t=24855 TX ua=95 mt=P len=0
PKT t=24864 RX ua=95 mt=R len=7
PKT t=24869 TX ua=95 mt=P len=0
PKT t=24878 RX ua=95 mt=R len=7
PKT t=24883 TX ua=95 mt=P len=0
PKT t=24912 RX ua=95 mt=R len=7
PKT t=24917 TX ua=95 mt=P len=0
PKT t=24926 RX ua=95 mt=R len=7
PKT t=24931 TX ua=95 mt=P len=0
PKT t=24940 RX ua=95 mt=R len=7
PKT t=24945 TX ua=95 mt=P len=0
PKT t=24954 RX ua=95 mt=R len=7
PKT t=24959 TX ua=95 mt=P len=0
PKT t=24968 RX ua=95 mt=R len=7
PKT t=24973 TX ua=95 mt=P len=0
PKT t=24982 RX ua=95 mt=R len=7
PKT t=24987 TX ua=95 mt=P len=0
PKT t=25016 RX ua=95 mt=R len=7
PKT t=25021 TX ua=95 mt=T len=7
PKT t=25033 TX ua=95 mt=P len=0
PKT t=25042 RX ua=95 mt=R len=7
PKT t=25047 TX ua=95 mt=P len=0
PKT t=25197 RX ua=95 mt=R len=7
PKT t=25452 TX ua=96 mt=P len=0
PKT t=25710 TX ua=95 mt=P len=0
PKT t=25720 RX ua=95 mt=R len=7
PKT t=25724 TX ua=95 mt=T len=7
PKT t=25736 TX ua=95 mt=P len=0
PKT t=25746 RX ua=95 mt=R len=7
PKT t=25751 TX ua=95 mt=T len=7
PKT t=25763 TX ua=95 mt=P len=0
PKT t=25772 RX ua=95 mt=R len=7
PKT t=25777 TX ua=95 mt=P len=0
PKT t=25786 RX ua=95 mt=R len=7
PKT t=25791 TX ua=95 mt=P len=0
PKT t=25820 RX ua=95 mt=R len=7
PKT t=25825 TX ua=95 mt=P len=0
PKT t=25834 RX ua=95 mt=R len=7
PKT t=25839 TX ua=95 mt=P len=0
PKT t=25848 RX ua=95 mt=R len=7
PKT t=25853 TX ua=95 mt=P len=0
PKT t=25862 RX ua=95 mt=R len=7
PKT t=25867 TX ua=95 mt=P len=0
PKT t=25876 RX ua=95 mt=R len=7
PKT t=25881 TX ua=95 mt=P len=0
PKT t=25890 RX ua=95 mt=R len=7
PKT t=25895 TX ua=95 mt=P len=0
PKT t=25924 RX ua=95 mt=R len=7
PKT t=25929 TX ua=95 mt=P len=0
PKT t=25938 RX ua=95 mt=R len=7
PKT t=25943 TX ua=95 mt=P len=0
PKT t=25952 RX ua=95 mt=R len=7
PKT t=25957 TX ua=95 mt=P len=0
PKT t=25966 RX ua=95 mt=R len=7
PKT t=25971 TX ua=95 mt=P len=0
PKT t=25980 RX ua=95 mt=R len=7
PKT t=25985 TX ua=95 mt=P len=0
PKT t=25994 RX ua=95 mt=R len=7
PKT t=25999 TX ua=95 mt=T len=7
PKT t=26011 TX ua=95 mt=P len=0
PKT t=26030 RX ua=95 mt=R len=7
PKT t=26035 TX ua=95 mt=P len=0
PKT t=26044 RX ua=95 mt=R len=7
PKT t=26196 TX ua=95 mt=P len=0
PKT t=26228 RX ua=95 mt=R len=7
PKT t=26233 TX ua=95 mt=P len=0
PKT t=26242 RX ua=95 mt=R len=7
PKT t=26247 TX ua=95 mt=T len=7
PKT t=26260 TX ua=95 mt=P len=0
PKT t=26269 RX ua=95 mt=R len=7
PKT t=26274 TX ua=95 mt=T len=7
PKT t=26287 TX ua=95 mt=P len=0
PKT t=26296 RX ua=95 mt=R len=7
PKT t=26301 TX ua=95 mt=P len=0
PKT t=26330 RX ua=95 mt=R len=7
PKT t=26335 TX ua=95 mt=P len=0
PKT t=26344 RX ua=95 mt=R len=7
PKT t=26349 TX ua=95 mt=P len=0
PKT t=26358 RX ua=95 mt=R len=7
PKT t=26363 TX ua=95 mt=P len=0
PKT t=26372 RX ua=95 mt=R len=7
PKT t=26377 TX ua=95 mt=P len=0
PKT t=26386 RX ua=95 mt=R len=7
PKT t=26391 TX ua=95 mt=P len=0
PKT t=26400 RX ua=95 mt=R len=7
PKT t=26405 TX ua=95 mt=P len=0
PKT t=26434 RX ua=95 mt=R len=7
PKT t=26439 TX ua=95 mt=P len=0
PKT t=26448 RX ua=95 mt=R len=7
PKT t=26453 TX ua=95 mt=P len=0
PKT t=26462 RX ua=95 mt=R len=7
PKT t=26467 TX ua=95 mt=P len=0
PKT t=26476 RX ua=95 mt=R len=7
PKT t=26481 TX ua=95 mt=P len=0
PKT t=26490 RX ua=95 mt=R len=7
PKT t=26495 TX ua=95 mt=T len=7
PKT t=26508 TX ua=95 mt=P len=0
PKT t=26535 RX ua=95 mt=R len=7
PKT t=26540 TX ua=95 mt=P len=0
PKT t=26549 RX ua=95 mt=R len=7
PKT t=26554 TX ua=95 mt=P len=0
PKT t=26563 RX ua=95 mt=R len=7
PKT t=26568 TX ua=95 mt=P len=0
PKT t=26577 RX ua=95 mt=R len=7
PKT t=26582 TX ua=95 mt=P len=0
PKT t=26591 RX ua=95 mt=R len=7
PKT t=26596 TX ua=95 mt=P len=0
PKT t=26605 RX ua=95 mt=R len=7
PKT t=26610 TX ua=95 mt=P len=0
PKT t=26639 RX ua=95 mt=R len=7
PKT t=26644 TX ua=95 mt=P len=0
PKT t=26653 RX ua=95 mt=R len=7
PKT t=26658 TX ua=95 mt=P len=0
PKT t=26667 RX ua=95 mt=R len=7
PKT t=26672 TX ua=95 mt=P len=0
PKT t=26681 RX ua=95 mt=R len=7
PKT t=26686 TX ua=95 mt=P len=0
PKT t=26695 RX ua=95 mt=R len=7
PKT t=26700 TX ua=95 mt=P len=0
PKT t=26709 RX ua=95 mt=R len=7
PKT t=26714 TX ua=95 mt=P len=0
PKT t=26743 RX ua=95 mt=R len=7
PKT t=26748 TX ua=95 mt=T len=7
PKT t=26761 TX ua=95 mt=P len=0
PKT t=26770 RX ua=95 mt=R len=7
PKT t=26775 TX ua=95 mt=P len=0
PKT t=26784 RX ua=95 mt=R len=7
PKT t=26789 TX ua=95 mt=P len=0
PKT t=26798 RX ua=95 mt=R len=7
PKT t=26803 TX ua=95 mt=P len=0
PKT t=26812 RX ua=95 mt=R len=7
PKT t=26817 TX ua=95 mt=P len=0
PKT t=26846 RX ua=95 mt=R len=7
PKT t=26851 TX ua=95 mt=P len=0
PKT t=26860 RX ua=95 mt=R len=7
PKT t=26865 TX ua=95 mt=P len=0
PKT t=26874 RX ua=95 mt=R len=7
PKT t=26879 TX ua=95 mt=P len=0
PKT t=26888 RX ua=95 mt=R len=7
PKT t=26893 TX ua=95 mt=P len=0
PKT t=26902 RX ua=95 mt=R len=7
PKT t=26907 TX ua=95 mt=P len=0
PKT t=26916 RX ua=95 mt=R len=7
PKT t=26921 TX ua=95 mt=P len=0
PKT t=26950 RX ua=95 mt=R len=7
PKT t=26955 TX ua=95 mt=P len=0
PKT t=26964 RX ua=95 mt=R len=7
PKT t=26969 TX ua=95 mt=P len=0
PKT t=26978 RX ua=95 mt=R len=7
PKT t=26983 TX ua=95 mt=P len=0
PKT t=26992 RX ua=95 mt=R len=7
PKT t=26997 TX ua=95 mt=T len=7
PKT t=27010 TX ua=95 mt=P len=0
PKT t=27019 RX ua=95 mt=R len=7
PKT t=27024 TX ua=95 mt=P len=0
PKT t=27196 RX ua=95 mt=R len=7
PKT t=27201 TX ua=95 mt=P len=0
PKT t=27210 RX ua=95 mt=R len=7
PKT t=27215 TX ua=95 mt=P len=0
PKT t=27224 RX ua=95 mt=R len=7
PKT t=27229 TX ua=95 mt=P len=0
PKT t=27258 RX ua=95 mt=R len=7
PKT t=27263 TX ua=95 mt=T len=7
PKT t=27275 TX ua=95 mt=P len=0
PKT t=27284 RX ua=95 mt=R len=7
PKT t=27289 TX ua=95 mt=P len=0
PKT t=27298 RX ua=95 mt=R len=7
PKT t=27303 TX ua=95 mt=P len=0
PKT t=27312 RX ua=95 mt=R len=7
PKT t=27317 TX ua=95 mt=P len=0
PKT t=27326 RX ua=95 mt=R len=7
PKT t=27331 TX ua=95 mt=P len=0
PKT t=27360 RX ua=95 mt=R len=7
PKT t=27365 TX ua=95 mt=P len=0
PKT t=27374 RX ua=95 mt=R len=7
PKT t=27379 TX ua=95 mt=P len=0
PKT t=27388 RX ua=95 mt=R len=7
PKT t=27393 TX ua=95 mt=P len=0
PKT t=27402 RX ua=95 mt=R len=7
PKT t=27407 TX ua=95 mt=P len=0
PKT t=27416 RX ua=95 mt=R len=7
PKT t=27421 TX ua=95 mt=P len=0
PKT t=27430 RX ua=95 mt=R len=7
PKT t=27435 TX ua=95 mt=P len=0
PKT t=27464 RX ua=95 mt=R len=7
PKT t=27469 TX ua=95 mt=P len=0
PKT t=27478 RX ua=95 mt=R len=7
PKT t=27483 TX ua=95 mt=P len=0
PKT t=27492 RX ua=95 mt=R len=7
PKT t=27497 TX ua=95 mt=T len=7
PKT t=27509 TX ua=95 mt=P len=0
PKT t=27519 RX ua=95 mt=R len=7
PKT t=27524 TX ua=95 mt=P len=0
PKT t=27534 RX ua=95 mt=R len=7
PKT t=27539 TX ua=95 mt=P len=0
PKT t=27568 RX ua=95 mt=R len=7
PKT t=27573 TX ua=95 mt=P len=0
PKT t=27583 RX ua=95 mt=R len=7
PKT t=27588 TX ua=95 mt=P len=0
PKT t=27598 RX ua=95 mt=R len=7
PKT t=27603 TX ua=95 mt=P len=0
PKT t=27613 RX ua=95 mt=R len=7
PKT t=27618 TX ua=95 mt=P len=0
PKT t=27628 RX ua=95 mt=R len=7
PKT t=27633 TX ua=95 mt=P len=0
PKT t=27643 RX ua=95 mt=R len=7
PKT t=27648 TX ua=95 mt=P len=0
PKT t=27677 RX ua=95 mt=R len=7
PKT t=27682 TX ua=95 mt=P len=0
PKT t=27692 RX ua=95 mt=R len=7
PKT t=27697 TX ua=95 mt=P len=0
PKT t=27707 RX ua=95 mt=R len=7
PKT t=27712 TX ua=95 mt=P len=0
PKT t=27722 RX ua=95 mt=R len=7
PKT t=27727 TX ua=95 mt=P len=0
PKT t=27737 RX ua=95 mt=R len=7
PKT t=27742 TX ua=95 mt=T len=7
PKT t=27754 TX ua=95 mt=P len=0
PKT t=27783 RX ua=95 mt=R len=7
PKT t=27788 TX ua=95 mt=P len=0
PKT t=27797 RX ua=95 mt=R len=7
PKT t=27802 TX ua=95 mt=P len=0
PKT t=27811 RX ua=95 mt=R len=7
PKT t=27816 TX ua=95 mt=P len=0
PKT t=27825 RX ua=95 mt=R len=7
PKT t=27830 TX ua=95 mt=P len=0
PKT t=27839 RX ua=95 mt=R len=7
PKT t=27844 TX ua=95 mt=P len=0
PKT t=27853 RX ua=95 mt=R len=7
PKT t=27858 TX ua=95 mt=P len=0
PKT t=27887 RX ua=95 mt=R len=7
PKT t=27892 TX ua=95 mt=P len=0
PKT t=27901 RX ua=95 mt=R len=7
PKT t=27906 TX ua=95 mt=P len=0
PKT t=27915 RX ua=95 mt=R len=7
PKT t=27920 TX ua=95 mt=P len=0
PKT t=27929 RX ua=95 mt=R len=7
PKT t=27934 TX ua=95 mt=P len=0
PKT t=27943 RX ua=95 mt=R len=7
PKT t=27948 TX ua=95 mt=P len=0
PKT t=27957 RX ua=95 mt=R len=7
PKT t=27962 TX ua=95 mt=P len=0
PKT t=27991 RX ua=95 mt=R len=7
PKT t=27996 TX ua=95 mt=T len=7
PKT t=28008 TX ua=95 mt=P len=0
PKT t=28018 RX ua=95 mt=R len=7
PKT t=28023 TX ua=95 mt=P len=0
PKT t=28032 RX ua=95 mt=R len=7
PKT t=28037 TX ua=95 mt=P len=0
PKT t=28046 RX ua=95 mt=R len=7
PKT t=28196 TX ua=95 mt=P len=0
PKT t=28205 RX ua=95 mt=R len=7
PKT t=28210 TX ua=95 mt=P len=0
PKT t=28219 RX ua=95 mt=R len=7
PKT t=28224 TX ua=95 mt=P len=0
PKT t=28233 RX ua=95 mt=R len=7
PKT t=28238 TX ua=95 mt=P len=0
PKT t=28247 RX ua=95 mt=R len=7
PKT t=28252 TX ua=95 mt=T len=7
PKT t=28264 TX ua=95 mt=P len=0
PKT t=28292 RX ua=95 mt=R len=7
PKT t=28297 TX ua=95 mt=P len=0
PKT t=28306 RX ua=95 mt=R len=7
PKT t=28311 TX ua=95 mt=P len=0
PKT t=28320 RX ua=95 mt=R len=7
PKT t=28325 TX ua=95 mt=P len=0
PKT t=28334 RX ua=95 mt=R len=7
PKT t=28339 TX ua=95 mt=P len=0
PKT t=28348 RX ua=95 mt=R len=7
PKT t=28353 TX ua=95 mt=P len=0
PKT t=28362 RX ua=95 mt=R len=7
PKT t=28367 TX ua=95 mt=P len=0
PKT t=28396 RX ua=95 mt=R len=7
PKT t=28401 TX ua=95 mt=P len=0
PKT t=28410 RX ua=95 mt=R len=7
PKT t=28415 TX ua=95 mt=P len=0
PKT t=28424 RX ua=95 mt=R len=7
PKT t=28429 TX ua=95 mt=P len=0
PKT t=28438 RX ua=95 mt=R len=7
PKT t=28443 TX ua=95 mt=P len=0
PKT t=28452 RX ua=95 mt=R len=7
PKT t=28457 TX ua=95 mt=P len=0
PKT t=28466 RX ua=95 mt=R len=7
PKT t=28471 TX ua=95 mt=P len=0
PKT t=28500 RX ua=95 mt=R len=7
PKT t=28505 TX ua=95 mt=T len=7
PKT t=28517 TX ua=95 mt=P len=0
PKT t=28526 RX ua=95 mt=R len=7
PKT t=28531 TX ua=95 mt=P len=0
PKT t=28540 RX ua=95 mt=R len=7
PKT t=28545 TX ua=95 mt=P len=0
PKT t=28554 RX ua=95 mt=R len=7
PKT t=28559 TX ua=95 mt=P len=0
PKT t=28568 RX ua=95 mt=R len=7
PKT t=28573 TX ua=95 mt=P len=0
PKT t=28602 RX ua=95 mt=R len=7
PKT t=28607 TX ua=95 mt=P len=0
PKT t=28616 RX ua=95 mt=R len=7
PKT t=28621 TX ua=95 mt=P len=0
PKT t=28630 RX ua=95 mt=R len=7
PKT t=28635 TX ua=95 mt=P len=0
PKT t=28644 RX ua=95 mt=R len=7
PKT t=28649 TX ua=95 mt=P len=0
PKT t=28658 RX ua=95 mt=R len=7
PKT t=28663 TX ua=95 mt=P len=0
PKT t=28672 RX ua=95 mt=R len=7
PKT t=28677 TX ua=95 mt=P len=0
PKT t=28706 RX ua=95 mt=R len=7
PKT t=28711 TX ua=95 mt=P len=0
PKT t=28720 RX ua=95 mt=R len=7
PKT t=28725 TX ua=95 mt=P len=0
PKT t=28734 RX ua=95 mt=R len=7
PKT t=28739 TX ua=95 mt=T len=7
PKT t=28751 TX ua=95 mt=P len=0
PKT t=28760 RX ua=95 mt=R len=7
PKT t=28765 TX ua=95 mt=P len=0
PKT t=28774 RX ua=95 mt=R len=7
PKT t=28779 TX ua=95 mt=P len=0
PKT t=28808 RX ua=95 mt=R len=7
PKT t=28813 TX ua=95 mt=P len=0
PKT t=28822 RX ua=95 mt=R len=7
PKT t=28827 TX ua=95 mt=P len=0
PKT t=28836 RX ua=95 mt=R len=7
PKT t=28841 TX ua=95 mt=P len=0
PKT t=28850 RX ua=95 mt=R len=7
PKT t=28855 TX ua=95 mt=P len=0
PKT t=28864 RX ua=95 mt=R len=7
PKT t=28869 TX ua=95 mt=P len=0
PKT t=28878 RX ua=95 mt=R len=7
PKT t=28883 TX ua=95 mt=P len=0
PKT t=28912 RX ua=95 mt=R len=7
PKT t=28917 TX ua=95 mt=P len=0
PKT t=28926 RX ua=95 mt=R len=7
PKT t=28931 TX ua=95 mt=P len=0
PKT t=28940 RX ua=95 mt=R len=7
PKT t=28945 TX ua=95 mt=P len=0
PKT t=28954 RX ua=95 mt=R len=7
PKT t=28959 TX ua=95 mt=P len=0
PKT t=28968 RX ua=95 mt=R len=7
PKT t=28973 TX ua=95 mt=P len=0
PKT t=28982 RX ua=95 mt=R len=7
PKT t=28987 TX ua=95 mt=P len=0
PKT t=29016 RX ua=95 mt=R len=7
PKT t=29021 TX ua=95 mt=T len=7
PKT t=29033 TX ua=95 mt=P len=0
PKT t=29042 RX ua=95 mt=R len=7
PKT t=29047 TX ua=95 mt=P len=0
PKT t=29197 RX ua=95 mt=R len=7
PKT t=29452 TX ua=96 mt=P len=0
PKT t=29710 TX ua=95 mt=P len=0
PKT t=29719 RX ua=95 mt=R len=7
PKT t=29724 TX ua=95 mt=T len=7
PKT t=29737 TX ua=95 mt=P len=0
PKT t=29747 RX ua=95 mt=R len=7
PKT t=29752 TX ua=95 mt=T len=7
PKT t=29765 TX ua=95 mt=P len=0
PKT t=29774 RX ua=95 mt=R len=7
PKT t=29779 TX ua=95 mt=P len=0
PKT t=29788 RX ua=95 mt=R len=7
PKT t=29793 TX ua=95 mt=P len=0
PKT t=29822 RX ua=95 mt=R len=7
PKT t=29827 TX ua=95 mt=P len=0
PKT t=29836 RX ua=95 mt=R len=7
PKT t=29841 TX ua=95 mt=P len=0
PKT t=29850 RX ua=95 mt=R len=7
PKT t=29855 TX ua=95 mt=P len=0
PKT t=29864 RX ua=95 mt=R len=7
PKT t=29869 TX ua=95 mt=P len=0
PKT t=29878 RX ua=95 mt=R len=7
PKT t=29883 TX ua=95 mt=P len=0
PKT t=29892 RX ua=95 mt=R len=7
PKT t=29897 TX ua=95 mt=P len=0
PKT t=29927 RX ua=95 mt=R len=7
PKT t=29932 TX ua=95 mt=P len=0
PKT t=29941 RX ua=95 mt=R len=7
PKT t=29946 TX ua=95 mt=P len=0
PKT t=29955 RX ua=95 mt=R len=7
PKT t=29960 TX ua=95 mt=P len=0
PKT t=29969 RX ua=95 mt=R len=7
PKT t=29974 TX ua=95 mt=P len=0
PKT t=29983 RX ua=95 mt=R len=7
PKT t=29988 TX ua=95 mt=P len=0
PKT t=29998 RX ua=95 mt=R len=7
PKT t=30002 TX ua=95 mt=T len=7
PKT t=30019 TX ua=95 mt=P len=0
PKT t=30033 RX ua=95 mt=R len=7
PKT t=30038 TX ua=95 mt=P len=0
PKT t=30296 TX ua=96 mt=P len=0
PKT t=30554 TX ua=95 mt=P len=0
PKT t=30563 RX ua=95 mt=R len=7
PKT t=30568 TX ua=95 mt=T len=7
PKT t=30580 TX ua=95 mt=P len=0
PKT t=30589 RX ua=95 mt=R len=7
PKT t=30594 TX ua=95 mt=P len=0
PKT t=30603 RX ua=95 mt=R len=7
PKT t=30608 TX ua=95 mt=P len=0
PKT t=30637 RX ua=95 mt=R len=7
PKT t=30642 TX ua=95 mt=P len=0
PKT t=30651 RX ua=95 mt=R len=7
PKT t=30656 TX ua=95 mt=P len=0
PKT t=30665 RX ua=95 mt=R len=7
PKT t=30670 TX ua=95 mt=P len=0
PKT t=30679 RX ua=95 mt=R len=7
PKT t=30684 TX ua=95 mt=P len=0
PKT t=30693 RX ua=95 mt=R len=7
PKT t=30698 TX ua=95 mt=P len=0
PKT t=30707 RX ua=95 mt=R len=7
PKT t=30712 TX ua=95 mt=P len=0
PKT t=30741 RX ua=95 mt=R len=7
PKT t=30746 TX ua=95 mt=T len=7
PKT t=30758 TX ua=95 mt=P len=0
PKT t=30767 RX ua=95 mt=R len=7
PKT t=30772 TX ua=95 mt=P len=0
PKT t=30781 RX ua=95 mt=R len=7
PKT t=30786 TX ua=95 mt=P len=0
PKT t=30795 RX ua=95 mt=R len=7
PKT t=30800 TX ua=95 mt=P len=0
PKT t=30809 RX ua=95 mt=R len=7
PKT t=30814 TX ua=95 mt=P len=0
PKT t=30843 RX ua=95 mt=R len=7
PKT t=30848 TX ua=95 mt=P len=0
PKT t=30857 RX ua=95 mt=R len=7
PKT t=30862 TX ua=95 mt=P len=0
PKT t=30871 RX ua=95 mt=R len=7
PKT t=30876 TX ua=95 mt=P len=0
PKT t=30885 RX ua=95 mt=R len=7
PKT t=30890 TX ua=95 mt=P len=0
PKT t=30899 RX ua=95 mt=R len=7
PKT t=30904 TX ua=95 mt=P len=0
PKT t=30913 RX ua=95 mt=R len=7
PKT t=30918 TX ua=95 mt=P len=0
PKT t=30947 RX ua=95 mt=R len=7
PKT t=30952 TX ua=95 mt=P len=0
PKT t=30961 RX ua=95 mt=R len=7
PKT t=30966 TX ua=95 mt=P len=0
PKT t=30975 RX ua=95 mt=R len=7
PKT t=30980 TX ua=95 mt=P len=0
PKT t=30989 RX ua=95 mt=R len=7
PKT t=30994 TX ua=95 mt=T len=7
PKT t=31006 TX ua=95 mt=P len=0
PKT t=31015 RX ua=95 mt=R len=7
PKT t=31020 TX ua=95 mt=P len=0
PKT t=31278 TX ua=96 mt=P len=0
PKT t=31536 TX ua=95 mt=P len=0
PKT t=31545 RX ua=95 mt=R len=7
PKT t=31550 TX ua=95 mt=T len=7
PKT t=31562 TX ua=95 mt=P len=0
PKT t=31572 RX ua=95 mt=R len=7
PKT t=31577 TX ua=95 mt=P len=0
PKT t=31587 RX ua=95 mt=R len=7
PKT t=31592 TX ua=95 mt=P len=0
PKT t=31602 RX ua=95 mt=R len=7
PKT t=31607 TX ua=95 mt=P len=0
PKT t=31617 RX ua=95 mt=R len=7
PKT t=31622 TX ua=95 mt=P len=0
PKT t=31651 RX ua=95 mt=R len=7
PKT t=31656 TX ua=95 mt=P len=0
PKT t=31666 RX ua=95 mt=R len=7
PKT t=31671 TX ua=95 mt=P len=0
PKT t=31681 RX ua=95 mt=R len=7
PKT t=31686 TX ua=95 mt=P len=0
PKT t=31696 RX ua=95 mt=R len=7
PKT t=31701 TX ua=95 mt=P len=0
PKT t=31711 RX ua=95 mt=R len=7
PKT t=31716 TX ua=95 mt=P len=0
PKT t=31726 RX ua=95 mt=R len=7
PKT t=31731 TX ua=95 mt=P len=0
PKT t=31760 RX ua=95 mt=R len=7
PKT t=31765 TX ua=95 mt=T len=7
PKT t=31777 TX ua=95 mt=P len=0
PKT t=31786 RX ua=95 mt=R len=7
PKT t=31791 TX ua=95 mt=P len=0
PKT t=31800 RX ua=95 mt=R len=7
PKT t=31805 TX ua=95 mt=P len=0
PKT t=31814 RX ua=95 mt=R len=7
PKT t=31819 TX ua=95 mt=P len=0
PKT t=31828 RX ua=95 mt=R len=7
PKT t=31833 TX ua=95 mt=P len=0
PKT t=31862 RX ua=95 mt=R len=7
PKT t=31867 TX ua=95 mt=P len=0
PKT t=31876 RX ua=95 mt=R len=7
PKT t=31881 TX ua=95 mt=P len=0
PKT t=31890 RX ua=95 mt=R len=7
PKT t=31895 TX ua=95 mt=P len=0
PKT t=31904 RX ua=95 mt=R len=7
PKT t=31909 TX ua=95 mt=P len=0
PKT t=31918 RX ua=95 mt=R len=7
PKT t=31923 TX ua=95 mt=P len=0
PKT t=31932 RX ua=95 mt=R len=7
PKT t=31937 TX ua=95 mt=P len=0
PKT t=31966 RX ua=95 mt=R len=7
PKT t=31971 TX ua=95 mt=P len=0
PKT t=31980 RX ua=95 mt=R len=7
PKT t=31985 TX ua=95 mt=P len=0
PKT t=31994 RX ua=95 mt=R len=7
PKT t=31999 TX ua=95 mt=T len=7
PKT t=32011 TX ua=95 mt=P len=0
PKT t=32020 RX ua=95 mt=R len=7
PKT t=32025 TX ua=95 mt=P len=0
PKT t=32034 RX ua=95 mt=R len=7
PKT t=32039 TX ua=95 mt=P len=0
PKT t=32196 RX ua=95 mt=R len=7
PKT t=32201 TX ua=95 mt=P len=0
PKT t=32210 RX ua=95 mt=R len=7
PKT t=32215 TX ua=95 mt=P len=0
PKT t=32224 RX ua=95 mt=R len=7
PKT t=32229 TX ua=95 mt=P len=0
PKT t=32238 RX ua=95 mt=R len=7
PKT t=32243 TX ua=95 mt=T len=7
PKT t=32255 TX ua=95 mt=P len=0
PKT t=32274 RX ua=95 mt=R len=7
PKT t=32279 TX ua=95 mt=P len=0
PKT t=32288 RX ua=95 mt=R len=7
PKT t=32293 TX ua=95 mt=P len=0
PKT t=32302 RX ua=95 mt=R len=7
PKT t=32307 TX ua=95 mt=P len=0
PKT t=32316 RX ua=95 mt=R len=7
PKT t=32321 TX ua=95 mt=P len=0
PKT t=32330 RX ua=95 mt=R len=7
PKT t=32335 TX ua=95 mt=P len=0
PKT t=32345 RX ua=95 mt=R len=7
PKT t=32349 TX ua=95 mt=P len=0
PKT t=32379 RX ua=95 mt=R len=7
PKT t=32384 TX ua=95 mt=P len=0
PKT t=32393 RX ua=95 mt=R len=7
PKT t=32398 TX ua=95 mt=P len=0
PKT t=32407 RX ua=95 mt=R len=7
PKT t=32412 TX ua=95 mt=P len=0
PKT t=32421 RX ua=95 mt=R len=7
PKT t=32426 TX ua=95 mt=P len=0
PKT t=32436 RX ua=95 mt=R len=7
PKT t=32441 TX ua=95 mt=P len=0
PKT t=32450 RX ua=95 mt=R len=7
PKT t=32455 TX ua=95 mt=P len=0
PKT t=32484 RX ua=95 mt=R len=7
PKT t=32489 TX ua=95 mt=T len=7
PKT t=32501 TX ua=95 mt=P len=0
PKT t=32510 RX ua=95 mt=R len=7
PKT t=32515 TX ua=95 mt=P len=0
PKT t=32524 RX ua=95 mt=R len=7
PKT t=32529 TX ua=95 mt=P len=0
PKT t=32538 RX ua=95 mt=R len=7
PKT t=32543 TX ua=95 mt=P len=0
PKT t=32552 RX ua=95 mt=R len=7
PKT t=32557 TX ua=95 mt=P len=0
PKT t=32586 RX ua=95 mt=R len=7
PKT t=32591 TX ua=95 mt=P len=0
PKT t=32600 RX ua=95 mt=R len=7
PKT t=32605 TX ua=95 mt=P len=0
PKT t=32614 RX ua=95 mt=R len=7
PKT t=32619 TX ua=95 mt=P len=0
PKT t=32628 RX ua=95 mt=R len=7
PKT t=32633 TX ua=95 mt=P len=0
PKT t=32642 RX ua=95 mt=R len=7
PKT t=32647 TX ua=95 mt=P len=0
PKT t=32656 RX ua=95 mt=R len=7
PKT t=32661 TX ua=95 mt=P len=0
PKT t=32690 RX ua=95 mt=R len=7
PKT t=32695 TX ua=95 mt=P len=0
PKT t=32704 RX ua=95 mt=R len=7
PKT t=32709 TX ua=95 mt=P len=0
PKT t=32718 RX ua=95 mt=R len=7
PKT t=32723 TX ua=95 mt=P len=0
PKT t=32732 RX ua=95 mt=R len=7
PKT t=32737 TX ua=95 mt=P len=0
PKT t=32746 RX ua=95 mt=R len=7
PKT t=32751 TX ua=95 mt=T len=7
PKT t=32763 TX ua=95 mt=P len=0
PKT t=32791 RX ua=95 mt=R len=7
PKT t=32796 TX ua=95 mt=P len=0
PKT t=32805 RX ua=95 mt=R len=7
PKT t=32810 TX ua=95 mt=P len=0
PKT t=32819 RX ua=95 mt=R len=7
PKT t=32824 TX ua=95 mt=P len=0
PKT t=32833 RX ua=95 mt=R len=7
PKT t=32838 TX ua=95 mt=P len=0
PKT t=32847 RX ua=95 mt=R len=7
PKT t=32852 TX ua=95 mt=P len=0
PKT t=32861 RX ua=95 mt=R len=7
PKT t=32866 TX ua=95 mt=P len=0
PKT t=32895 RX ua=95 mt=R len=7
PKT t=32900 TX ua=95 mt=P len=0
PKT t=32909 RX ua=95 mt=R len=7
PKT t=32914 TX ua=95 mt=P len=0
PKT t=32923 RX ua=95 mt=R len=7
PKT t=32928 TX ua=95 mt=P len=0
PKT t=32937 RX ua=95 mt=R len=7
PKT t=32942 TX ua=95 mt=P len=0
PKT t=32951 RX ua=95 mt=R len=7
PKT t=32956 TX ua=95 mt=P len=0
PKT t=32965 RX ua=95 mt=R len=7
PKT t=32970 TX ua=95 mt=P len=0
PKT t=33000 RX ua=95 mt=R len=7
PKT t=33005 TX ua=95 mt=T len=7
PKT t=33017 TX ua=95 mt=P len=0
PKT t=33026 RX ua=95 mt=R len=7
PKT t=33031 TX ua=95 mt=P len=0
PKT t=33040 RX ua=95 mt=R len=7
PKT t=33045 TX ua=95 mt=P len=0
PKT t=33196 RX ua=95 mt=R len=7
PKT t=33451 TX ua=96 mt=P len=0
PKT t=33709 TX ua=95 mt=P len=0
PKT t=33718 RX ua=95 mt=R len=7
PKT t=33723 TX ua=95 mt=T len=7
PKT t=33735 TX ua=95 mt=P len=0
PKT t=33745 RX ua=95 mt=R len=7
PKT t=33750 TX ua=95 mt=T len=7
PKT t=33762 TX ua=95 mt=P len=0
PKT t=33771 RX ua=95 mt=R len=7
PKT t=33776 TX ua=95 mt=P len=0
PKT t=33805 RX ua=95 mt=R len=7
PKT t=33810 TX ua=95 mt=P len=0
PKT t=33819 RX ua=95 mt=R len=7
PKT t=33824 TX ua=95 mt=P len=0
PKT t=33833 RX ua=95 mt=R len=7
PKT t=33838 TX ua=95 mt=P len=0
PKT t=33847 RX ua=95 mt=R len=7
PKT t=33852 TX ua=95 mt=P len=0
PKT t=33861 RX ua=95 mt=R len=7
PKT t=33866 TX ua=95 mt=P len=0
PKT t=33876 RX ua=95 mt=R len=7
PKT t=33881 TX ua=95 mt=P len=0
PKT t=33910 RX ua=95 mt=R len=7
PKT t=33915 TX ua=95 mt=P len=0
PKT t=33924 RX ua=95 mt=R len=7
PKT t=33929 TX ua=95 mt=P len=0
PKT t=33938 RX ua=95 mt=R len=7
PKT t=33943 TX ua=95 mt=P len=0
PKT t=33952 RX ua=95 mt=R len=7
PKT t=33957 TX ua=95 mt=P len=0
PKT t=33966 RX ua=95 mt=R len=7
PKT t=33971 TX ua=95 mt=P len=0
PKT t=33980 RX ua=95 mt=R len=7
PKT t=33985 TX ua=95 mt=P len=0
PKT t=34014 RX ua=95 mt=R len=7
PKT t=34021 TX ua=95 mt=T len=7
PKT t=34033 TX ua=95 mt=P len=0
PKT t=34042 RX ua=95 mt=R len=7
PKT t=34047 TX ua=95 mt=P len=0
PKT t=34197 RX ua=95 mt=R len=7
PKT t=34452 TX ua=96 mt=P len=0
PKT t=34710 TX ua=95 mt=P len=0
PKT t=34719 RX ua=95 mt=R len=7
PKT t=34724 TX ua=95 mt=T len=7
PKT t=34737 TX ua=95 mt=P len=0
PKT t=34746 RX ua=95 mt=R len=7
PKT t=34751 TX ua=95 mt=T len=7
PKT t=34764 TX ua=95 mt=P len=0
PKT t=34773 RX ua=95 mt=R len=7
PKT t=34778 TX ua=95 mt=P len=0
PKT t=34787 RX ua=95 mt=R len=7
PKT t=34792 TX ua=95 mt=P len=0
PKT t=34821 RX ua=95 mt=R len=7
PKT t=34826 TX ua=95 mt=P len=0
PKT t=34835 RX ua=95 mt=R len=7
PKT t=34840 TX ua=95 mt=P len=0
PKT t=34849 RX ua=95 mt=R len=7
PKT t=34854 TX ua=95 mt=P len=0
PKT t=34863 RX ua=95 mt=R len=7
PKT t=34868 TX ua=95 mt=P len=0
PKT t=34877 RX ua=95 mt=R len=7
PKT t=34882 TX ua=95 mt=P len=0
PKT t=34891 RX ua=95 mt=R len=7
PKT t=34896 TX ua=95 mt=P len=0
PKT t=34925 RX ua=95 mt=R len=7
PKT t=34930 TX ua=95 mt=P len=0
PKT t=34939 RX ua=95 mt=R len=7
PKT t=34944 TX ua=95 mt=P len=0
PKT t=34953 RX ua=95 mt=R len=7
PKT t=34958 TX ua=95 mt=P len=0
PKT t=34967 RX ua=95 mt=R len=7
PKT t=34972 TX ua=95 mt=P len=0
PKT t=34981 RX ua=95 mt=R len=7
PKT t=34986 TX ua=95 mt=P len=0
PKT t=34995 RX ua=95 mt=R len=7
PKT t=35000 TX ua=95 mt=T len=7
PKT t=35013 TX ua=95 mt=P len=0
PKT t=35031 RX ua=95 mt=R len=7
PKT t=35036 TX ua=95 mt=P len=0
PKT t=35045 RX ua=95 mt=R len=7
PKT t=35196 TX ua=95 mt=P len=0
PKT t=35230 RX ua=95 mt=R len=7
PKT t=35235 TX ua=95 mt=P len=0
PKT t=35244 RX ua=95 mt=R len=7
PKT t=35249 TX ua=95 mt=T len=7
PKT t=35261 TX ua=95 mt=P len=0
PKT t=35270 RX ua=95 mt=R len=7
PKT t=35275 TX ua=95 mt=P len=0
PKT t=35284 RX ua=95 mt=R len=7
PKT t=35289 TX ua=95 mt=P len=0
PKT t=35298 RX ua=95 mt=R len=7
PKT t=35303 TX ua=95 mt=P len=0
PKT t=35332 RX ua=95 mt=R len=7
PKT t=35337 TX ua=95 mt=P len=0
PKT t=35346 RX ua=95 mt=R len=7
PKT t=35351 TX ua=95 mt=P len=0
PKT t=35360 RX ua=95 mt=R len=7
PKT t=35365 TX ua=95 mt=P len=0
PKT t=35374 RX ua=95 mt=R len=7
PKT t=35379 TX ua=95 mt=P len=0
PKT t=35388 RX ua=95 mt=R len=7
PKT t=35393 TX ua=95 mt=P len=0
PKT t=35402 RX ua=95 mt=R len=7
PKT t=35407 TX ua=95 mt=P len=0
PKT t=35436 RX ua=95 mt=R len=7
PKT t=35441 TX ua=95 mt=P len=0
PKT t=35450 RX ua=95 mt=R len=7
PKT t=35455 TX ua=95 mt=P len=0
PKT t=35464 RX ua=95 mt=R len=7
PKT t=35469 TX ua=95 mt=P len=0
PKT t=35478 RX ua=95 mt=R len=7
PKT t=35483 TX ua=95 mt=P len=0
PKT t=35492 RX ua=95 mt=R len=7
PKT t=35497 TX ua=95 mt=T len=7
PKT t=35509 TX ua=95 mt=P len=0
PKT t=35537 RX ua=95 mt=R len=7
PKT t=35542 TX ua=95 mt=P len=0
PKT t=35552 RX ua=95 mt=R len=7
PKT t=35557 TX ua=95 mt=P len=0
PKT t=35567 RX ua=95 mt=R len=7
PKT t=35572 TX ua=95 mt=P len=0
PKT t=35582 RX ua=95 mt=R len=7
PKT t=35587 TX ua=95 mt=P len=0
PKT t=35597 RX ua=95 mt=R len=7
PKT t=35602 TX ua=95 mt=P len=0
PKT t=35612 RX ua=95 mt=R len=7
PKT t=35617 TX ua=95 mt=P len=0
PKT t=35646 RX ua=95 mt=R len=7
PKT t=35651 TX ua=95 mt=P len=0
PKT t=35661 RX ua=95 mt=R len=7
PKT t=35666 TX ua=95 mt=P len=0
PKT t=35676 RX ua=95 mt=R len=7
PKT t=35681 TX ua=95 mt=P len=0
PKT t=35691 RX ua=95 mt=R len=7
PKT t=35696 TX ua=95 mt=P len=0
PKT t=35706 RX ua=95 mt=R len=7
PKT t=35711 TX ua=95 mt=P len=0
PKT t=35721 RX ua=95 mt=R len=7
PKT t=35726 TX ua=95 mt=P len=0
PKT t=35755 RX ua=95 mt=R len=7
PKT t=35760 TX ua=95 mt=T len=7
PKT t=35772 TX ua=95 mt=P len=0
PKT t=35781 RX ua=95 mt=R len=7
PKT t=35786 TX ua=95 mt=P len=0
PKT t=35795 RX ua=95 mt=R len=7
PKT t=35800 TX ua=95 mt=P len=0
PKT t=35809 RX ua=95 mt=R len=7
PKT t=35814 TX ua=95 mt=P len=0
PKT t=35823 RX ua=95 mt=R len=7
PKT t=35828 TX ua=95 mt=P len=0
PKT t=35857 RX ua=95 mt=R len=7
PKT t=35862 TX ua=95 mt=P len=0
PKT t=35871 RX ua=95 mt=R len=7
PKT t=35876 TX ua=95 mt=P len=0
PKT t=35885 RX ua=95 mt=R len=7
PKT t=35890 TX ua=95 mt=P len=0
PKT t=35899 RX ua=95 mt=R len=7
PKT t=35904 TX ua=95 mt=P len=0
PKT t=35913 RX ua=95 mt=R len=7
PKT t=35918 TX ua=95 mt=P len=0
PKT t=35927 RX ua=95 mt=R len=7
PKT t=35932 TX ua=95 mt=P len=0
PKT t=35961 RX ua=95 mt=R len=7
PKT t=35966 TX ua=95 mt=P len=0
PKT t=35975 RX ua=95 mt=R len=7
PKT t=35980 TX ua=95 mt=P len=0
PKT t=35989 RX ua=95 mt=R len=7
PKT t=35994 TX ua=95 mt=T len=7
PKT t=36006 TX ua=95 mt=P len=0
PKT t=36015 RX ua=95 mt=R len=7
PKT t=36022 TX ua=95 mt=P len=0
PKT t=36031 RX ua=95 mt=R len=7
PKT t=36036 TX ua=95 mt=P len=0
PKT t=36196 RX ua=95 mt=R len=7
PKT t=36201 TX ua=95 mt=P len=0
PKT t=36210 RX ua=95 mt=R len=7
PKT t=36215 TX ua=95 mt=P len=0
PKT t=36224 RX ua=95 mt=R len=7
PKT t=36229 TX ua=95 mt=P len=0
PKT t=36238 RX ua=95 mt=R len=7
PKT t=36243 TX ua=95 mt=T len=7
PKT t=36255 TX ua=95 mt=P len=0
PKT t=36274 RX ua=95 mt=R len=7
PKT t=36279 TX ua=95 mt=P len=0
PKT t=36288 RX ua=95 mt=R len=7
PKT t=36293 TX ua=95 mt=P len=0
PKT t=36302 RX ua=95 mt=R len=7
PKT t=36307 TX ua=95 mt=P len=0
PKT t=36316 RX ua=95 mt=R len=7
PKT t=36321 TX ua=95 mt=P len=0
PKT t=36330 RX ua=95 mt=R len=7
PKT t=36335 TX ua=95 mt=P len=0
PKT t=36344 RX ua=95 mt=R len=7
PKT t=36349 TX ua=95 mt=P len=0
PKT t=36378 RX ua=95 mt=R len=7
PKT t=36383 TX ua=95 mt=P len=0
PKT t=36392 RX ua=95 mt=R len=7
PKT t=36397 TX ua=95 mt=P len=0
PKT t=36406 RX ua=95 mt=R len=7
PKT t=36411 TX ua=95 mt=P len=0
PKT t=36420 RX ua=95 mt=R len=7
PKT t=36425 TX ua=95 mt=P len=0
PKT t=36434 RX ua=95 mt=R len=7
PKT t=36439 TX ua=95 mt=P len=0
PKT t=36448 RX ua=95 mt=R len=7
PKT t=36453 TX ua=95 mt=P len=0
PKT t=36482 RX ua=95 mt=R len=7
PKT t=36487 TX ua=95 mt=P len=0
PKT t=36496 RX ua=95 mt=R len=7
PKT t=36501 TX ua=95 mt=T len=7
PKT t=36513 TX ua=95 mt=P len=0
PKT t=36522 RX ua=95 mt=R len=7
PKT t=36527 TX ua=95 mt=P len=0
PKT t=36536 RX ua=95 mt=R len=7
PKT t=36541 TX ua=95 mt=P len=0
PKT t=36550 RX ua=95 mt=R len=7
PKT t=36555 TX ua=95 mt=P len=0
PKT t=36585 RX ua=95 mt=R len=7
PKT t=36590 TX ua=95 mt=P len=0
PKT t=36599 RX ua=95 mt=R len=7
PKT t=36604 TX ua=95 mt=P len=0
PKT t=36613 RX ua=95 mt=R len=7
PKT t=36618 TX ua=95 mt=P len=0
PKT t=36627 RX ua=95 mt=R len=7
PKT t=36632 TX ua=95 mt=P len=0
PKT t=36641 RX ua=95 mt=R len=7
PKT t=36646 TX ua=95 mt=P len=0
PKT t=36655 RX ua=95 mt=R len=7
PKT t=36660 TX ua=95 mt=P len=0
PKT t=36690 RX ua=95 mt=R len=7
PKT t=36695 TX ua=95 mt=P len=0
PKT t=36704 RX ua=95 mt=R len=7
PKT t=36709 TX ua=95 mt=P len=0
PKT t=36718 RX ua=95 mt=R len=7
PKT t=36723 TX ua=95 mt=P len=0
PKT t=36732 RX ua=95 mt=R len=7
PKT t=36737 TX ua=95 mt=P len=0
PKT t=36746 RX ua=95 mt=R len=7
PKT t=36751 TX ua=95 mt=T len=7
PKT t=36763 TX ua=95 mt=P len=0
PKT t=36791 RX ua=95 mt=R len=7
PKT t=36796 TX ua=95 mt=P len=0
PKT t=36805 RX ua=95 mt=R len=7
PKT t=36810 TX ua=95 mt=P len=0
PKT t=36819 RX ua=95 mt=R len=7
PKT t=36824 TX ua=95 mt=P len=0
PKT t=36833 RX ua=95 mt=R len=7
PKT t=36838 TX ua=95 mt=P len=0
PKT t=36847 RX ua=95 mt=R len=7
PKT t=36852 TX ua=95 mt=P len=0
PKT t=36861 RX ua=95 mt=R len=7
PKT t=36866 TX ua=95 mt=P len=0
PKT t=36895 RX ua=95 mt=R len=7
PKT t=36900 TX ua=95 mt=P len=0
PKT t=36909 RX ua=95 mt=R len=7
PKT t=36914 TX ua=95 mt=P len=0
PKT t=36923 RX ua=95 mt=R len=7
PKT t=36928 TX ua=95 mt=P len=0
PKT t=36937 RX ua=95 mt=R len=7
PKT t=36942 TX ua=95 mt=P len=0
PKT t=36951 RX ua=95 mt=R len=7
PKT t=36956 TX ua=95 mt=P len=0
PKT t=36965 RX ua=95 mt=R len=7
PKT t=36970 TX ua=95 mt=P len=0
PKT t=36999 RX ua=95 mt=R len=7
PKT t=37004 TX ua=95 mt=T len=7
PKT t=37016 TX ua=95 mt=P len=0
PKT t=37025 RX ua=95 mt=R len=7
PKT t=37030 TX ua=95 mt=P len=0
PKT t=37039 RX ua=95 mt=R len=7
PKT t=37044 TX ua=95 mt=P len=0
PKT t=37196 RX ua=95 mt=R len=7
PKT t=37201 TX ua=95 mt=P len=0
PKT t=37210 RX ua=95 mt=R len=7
PKT t=37215 TX ua=95 mt=P len=0
PKT t=37224 RX ua=95 mt=R len=7
PKT t=37229 TX ua=95 mt=P len=0
PKT t=37238 RX ua=95 mt=R len=7
PKT t=37243 TX ua=95 mt=T len=7
PKT t=37256 TX ua=95 mt=P len=0
PKT t=37265 RX ua=95 mt=R len=7
PKT t=37270 TX ua=95 mt=P len=0
