PKT t=7174 TX ua=95 mt=P len=0
PKT t=7183 RX ua=95 mt=R len=7
PKT t=7188 TX ua=95 mt=T len=7
PKT t=7200 TX ua=95 mt=P len=0
PKT t=7229 RX ua=95 mt=R len=7
PKT t=7234 TX ua=95 mt=P len=0
PKT t=7243 RX ua=95 mt=R len=7
PKT t=7261 TX ua=95 mt=P len=0
PKT t=7270 RX ua=95 mt=R len=7
PKT t=7275 TX ua=95 mt=P len=0
PKT t=7284 RX ua=95 mt=R len=7
PKT t=7289 TX ua=95 mt=P len=0
PKT t=7298 RX ua=95 mt=R len=7
PKT t=7303 TX ua=95 mt=P len=0
PKT t=7332 RX ua=95 mt=R len=7
PKT t=7337 TX ua=95 mt=P len=0
PKT t=7346 RX ua=95 mt=R len=7
PKT t=7351 TX ua=95 mt=P len=0
PKT t=7360 RX ua=95 mt=R len=7
PKT t=7365 TX ua=95 mt=T len=7
PKT t=7377 TX ua=95 mt=P len=0
PKT t=7387 RX ua=95 mt=R len=7
PKT t=7392 TX ua=95 mt=P len=0
PKT t=7402 RX ua=95 mt=R len=7
PKT t=7407 TX ua=95 mt=P len=0
PKT t=7436 RX ua=95 mt=R len=7
PKT t=7441 TX ua=95 mt=P len=0
PKT t=7451 RX ua=95 mt=R len=7
PKT t=7456 TX ua=95 mt=P len=0
PKT t=7466 RX ua=95 mt=R len=7
PKT t=7471 TX ua=95 mt=P len=0
PKT t=7481 RX ua=95 mt=R len=7
PKT t=7486 TX ua=95 mt=P len=0
PKT t=7496 RX ua=95 mt=R len=7
PKT t=7501 TX ua=95 mt=P len=0
PKT t=7511 RX ua=95 mt=R len=7
PKT t=7516 TX ua=95 mt=P len=0
PKT t=7545 RX ua=95 mt=R len=7
PKT t=7561 TX ua=95 mt=P len=0
PKT t=7571 RX ua=95 mt=R len=7
PKT t=7576 TX ua=95 mt=P len=0
PKT t=7586 RX ua=95 mt=R len=7
PKT t=7591 TX ua=95 mt=P len=0
PKT t=7601 RX ua=95 mt=R len=7
PKT t=7606 TX ua=95 mt=P len=0
PKT t=7616 RX ua=95 mt=R len=7
PKT t=7621 TX ua=95 mt=T len=7
PKT t=7633 TX ua=95 mt=P len=0
PKT t=7651 RX ua=95 mt=R len=7
PKT t=7656 TX ua=95 mt=P len=0
PKT t=7665 RX ua=95 mt=R len=7
PKT t=7670 TX ua=95 mt=P len=0
PKT t=7679 RX ua=95 mt=R len=7
PKT t=7684 TX ua=95 mt=P len=0
PKT t=7693 RX ua=95 mt=R len=7
PKT t=7698 TX ua=95 mt=P len=0
PKT t=7708 RX ua=95 mt=R len=7
PKT t=7713 TX ua=95 mt=P len=0
PKT t=7722 RX ua=95 mt=R len=7
PKT t=7727 TX ua=95 mt=P len=0
PKT t=7756 RX ua=95 mt=R len=7
PKT t=7761 TX ua=95 mt=P len=0
PKT t=7770 RX ua=95 mt=R len=7
PKT t=7775 TX ua=95 mt=P len=0
PKT t=7784 RX ua=95 mt=R len=7
PKT t=7789 TX ua=95 mt=P len=0
PKT t=7798 RX ua=95 mt=R len=7
PKT t=7803 TX ua=95 mt=P len=0
PKT t=7812 RX ua=95 mt=R len=7
PKT t=7817 TX ua=95 mt=P len=0
PKT t=7826 RX ua=95 mt=R len=7
PKT t=7831 TX ua=95 mt=P len=0
PKT t=7861 RX ua=95 mt=R len=7
PKT t=7866 TX ua=95 mt=T len=7
PKT t=7878 TX ua=95 mt=P len=0
PKT t=7887 RX ua=95 mt=R len=7
PKT t=7892 TX ua=95 mt=P len=0
PKT t=7901 RX ua=95 mt=R len=7
PKT t=7906 TX ua=95 mt=P len=0
PKT t=7915 RX ua=95 mt=R len=7
PKT t=7920 TX ua=95 mt=P len=0
PKT t=7929 RX ua=95 mt=R len=7
PKT t=7934 TX ua=95 mt=P len=0
PKT t=7963 RX ua=95 mt=R len=7
PKT t=7968 TX ua=95 mt=P len=0
PKT t=7977 RX ua=95 mt=R len=7
PKT t=7982 TX ua=95 mt=P len=0
PKT t=7991 RX ua=95 mt=R len=7
PKT t=7996 TX ua=95 mt=P len=0
PKT t=8008 RX ua=95 mt=R len=7
PKT t=8013 TX ua=95 mt=P len=0
PKT t=8022 RX ua=95 mt=R len=7
PKT t=8027 TX ua=95 mt=P len=0
PKT t=8036 RX ua=95 mt=R len=7
PKT t=8041 TX ua=95 mt=P len=0
PKT t=8070 RX ua=95 mt=R len=7
PKT t=8075 TX ua=95 mt=P len=0
PKT t=8084 RX ua=95 mt=R len=7
PKT t=8089 TX ua=95 mt=P len=0
PKT t=8098 RX ua=95 mt=R len=7
PKT t=8103 TX ua=95 mt=P len=0
PKT t=8115 RX ua=95 mt=R len=7
PKT t=8120 TX ua=95 mt=T len=7
PKT t=8132 TX ua=95 mt=P len=0
PKT t=8141 RX ua=95 mt=R len=7
PKT t=8146 TX ua=95 mt=P len=0
PKT t=8175 RX ua=95 mt=R len=7
PKT t=8180 TX ua=95 mt=P len=0
PKT t=8189 RX ua=95 mt=R len=7
PKT t=8194 TX ua=95 mt=P len=0
PKT t=8203 RX ua=95 mt=R len=7
PKT t=8208 TX ua=95 mt=P len=0
PKT t=8217 RX ua=95 mt=R len=7
PKT t=8222 TX ua=95 mt=P len=0
PKT t=8231 RX ua=95 mt=R len=7
PKT t=8236 TX ua=95 mt=P len=0
PKT t=8245 RX ua=95 mt=R len=7
PKT t=8250 TX ua=95 mt=P len=0
PKT t=8280 RX ua=95 mt=R len=7
PKT t=8285 TX ua=95 mt=P len=0
PKT t=8294 RX ua=95 mt=R len=7
PKT t=8299 TX ua=95 mt=P len=0
PKT t=8308 RX ua=95 mt=R len=7
PKT t=8313 TX ua=95 mt=P len=0
PKT t=8322 RX ua=95 mt=R len=7
PKT t=8327 TX ua=95 mt=P len=0
PKT t=8336 RX ua=95 mt=R len=7
PKT t=8341 TX ua=95 mt=P len=0
PKT t=8350 RX ua=95 mt=R len=7
PKT t=8355 TX ua=95 mt=P len=0
PKT t=8384 RX ua=95 mt=R len=7
PKT t=8389 TX ua=95 mt=T len=7
PKT t=8401 TX ua=95 mt=P len=0
PKT t=8410 RX ua=95 mt=R len=7
PKT t=8415 TX ua=95 mt=P len=0
PKT t=8424 RX ua=95 mt=R len=7
PKT t=8429 TX ua=95 mt=P len=0
PKT t=8438 RX ua=95 mt=R len=7
PKT t=8443 TX ua=95 mt=P len=0
PKT t=8461 RX ua=95 mt=R len=7
PKT t=8466 TX ua=95 mt=P len=0
PKT t=8486 RX ua=95 mt=R len=7
PKT t=8491 TX ua=95 mt=P len=0
PKT t=8500 RX ua=95 mt=R len=7
PKT t=8505 TX ua=95 mt=P len=0
PKT t=8514 RX ua=95 mt=R len=7
PKT t=8519 TX ua=95 mt=P len=0
PKT t=8528 RX ua=95 mt=R len=7
PKT t=8533 TX ua=95 mt=P len=0
PKT t=8542 RX ua=95 mt=R len=7
PKT t=8547 TX ua=95 mt=P len=0
PKT t=8556 RX ua=95 mt=R len=7
PKT t=8561 TX ua=95 mt=P len=0
PKT t=8590 RX ua=95 mt=R len=7
PKT t=8595 TX ua=95 mt=P len=0
PKT t=8604 RX ua=95 mt=R len=7
PKT t=8609 TX ua=95 mt=P len=0
PKT t=8618 RX ua=95 mt=R len=7
PKT t=8623 TX ua=95 mt=T len=7
PKT t=8635 TX ua=95 mt=P len=0
PKT t=8644 RX ua=95 mt=R len=7
PKT t=8649 TX ua=95 mt=P len=0
PKT t=8658 RX ua=95 mt=R len=7
PKT t=8663 TX ua=95 mt=P len=0
PKT t=8692 RX ua=95 mt=R len=7
PKT t=8697 TX ua=95 mt=P len=0
PKT t=8706 RX ua=95 mt=R len=7
PKT t=8711 TX ua=95 mt=P len=0
PKT t=8720 RX ua=95 mt=R len=7
PKT t=8725 TX ua=95 mt=P len=0
PKT t=8734 RX ua=95 mt=R len=7
PKT t=8739 TX ua=95 mt=P len=0
PKT t=8761 RX ua=95 mt=R len=7
PKT t=8766 TX ua=95 mt=P len=0
PKT t=8792 RX ua=95 mt=R len=7
PKT t=8797 TX ua=95 mt=P len=0
PKT t=8806 RX ua=95 mt=R len=7
PKT t=8811 TX ua=95 mt=P len=0
PKT t=8820 RX ua=95 mt=R len=7
PKT t=8825 TX ua=95 mt=P len=0
PKT t=8834 RX ua=95 mt=R len=7
PKT t=8839 TX ua=95 mt=P len=0
PKT t=8848 RX ua=95 mt=R len=7
PKT t=8853 TX ua=95 mt=P len=0
PKT t=8862 RX ua=95 mt=R len=7
PKT t=8867 TX ua=95 mt=T len=7
PKT t=8879 TX ua=95 mt=P len=0
PKT t=8898 RX ua=95 mt=R len=7
PKT t=8903 TX ua=95 mt=P len=0
PKT t=8912 RX ua=95 mt=R len=7
PKT t=8917 TX ua=95 mt=P len=0
PKT t=8926 RX ua=95 mt=R len=7
PKT t=8931 TX ua=95 mt=P len=0
PKT t=8940 RX ua=95 mt=R len=7
PKT t=8945 TX ua=95 mt=P len=0
PKT t=8954 RX ua=95 mt=R len=7
PKT t=8959 TX ua=95 mt=P len=0
PKT t=8968 RX ua=95 mt=R len=7
PKT t=8973 TX ua=95 mt=P len=0
PKT t=9002 RX ua=95 mt=R len=7
PKT t=9007 TX ua=95 mt=P len=0
PKT t=9016 RX ua=95 mt=R len=7
PKT t=9021 TX ua=95 mt=P len=0
PKT t=9030 RX ua=95 mt=R len=7
PKT t=9035 TX ua=95 mt=P len=0
PKT t=9044 RX ua=95 mt=R len=7
PKT t=9061 TX ua=95 mt=P len=0
PKT t=9070 RX ua=95 mt=R len=7
PKT t=9075 TX ua=95 mt=P len=0
PKT t=9105 RX ua=95 mt=R len=7
PKT t=9110 TX ua=95 mt=T len=7
PKT t=9122 TX ua=95 mt=P len=0
PKT t=9131 RX ua=95 mt=R len=7
PKT t=9136 TX ua=95 mt=P len=0
PKT t=9145 RX ua=95 mt=R len=7
PKT t=9150 TX ua=95 mt=P len=0
PKT t=9159 RX ua=95 mt=R len=7
PKT t=9164 TX ua=95 mt=P len=0
PKT t=9173 RX ua=95 mt=R len=7
PKT t=9178 TX ua=95 mt=P len=0
PKT t=9207 RX ua=95 mt=R len=7
PKT t=9212 TX ua=95 mt=P len=0
PKT t=9221 RX ua=95 mt=R len=7
PKT t=9226 TX ua=95 mt=P len=0
PKT t=9235 RX ua=95 mt=R len=7
PKT t=9240 TX ua=95 mt=P len=0
PKT t=9250 RX ua=95 mt=R len=7
PKT t=9255 TX ua=95 mt=P len=0
PKT t=9264 RX ua=95 mt=R len=7
PKT t=9269 TX ua=95 mt=P len=0
PKT t=9278 RX ua=95 mt=R len=7
PKT t=9283 TX ua=95 mt=P len=0
PKT t=9312 RX ua=95 mt=R len=7
PKT t=9317 TX ua=95 mt=P len=0
PKT t=9326 RX ua=95 mt=R len=7
PKT t=9331 TX ua=95 mt=P len=0
PKT t=9340 RX ua=95 mt=R len=7
PKT t=9345 TX ua=95 mt=P len=0
PKT t=9361 RX ua=95 mt=R len=7
PKT t=9616 TX ua=96 mt=I len=13
PKT t=10124 TX ua=96 mt=T len=4
PKT t=10135 TX ua=95 mt=P len=0
PKT t=10144 RX ua=95 mt=R len=7
PKT t=10149 TX ua=95 mt=T len=7
PKT t=10162 TX ua=95 mt=P len=0
PKT t=10171 RX ua=95 mt=R len=7
PKT t=10176 TX ua=95 mt=T len=7
PKT t=10189 TX ua=95 mt=P len=0
PKT t=10216 RX ua=95 mt=R len=7
PKT t=10221 TX ua=95 mt=P len=0
PKT t=10230 RX ua=95 mt=R len=7
PKT t=10235 TX ua=95 mt=P len=0
PKT t=10244 RX ua=95 mt=R len=7
PKT t=10261 TX ua=95 mt=P len=0
PKT t=10270 RX ua=95 mt=R len=7
PKT t=10275 TX ua=95 mt=P len=0
PKT t=10284 RX ua=95 mt=R len=7
PKT t=10289 TX ua=95 mt=P len=0
PKT t=10318 RX ua=95 mt=R len=7
PKT t=10323 TX ua=95 mt=P len=0
PKT t=10332 RX ua=95 mt=R len=7
PKT t=10337 TX ua=95 mt=P len=0
PKT t=10346 RX ua=95 mt=R len=7
PKT t=10351 TX ua=95 mt=P len=0
PKT t=10360 RX ua=95 mt=R len=7
PKT t=10365 TX ua=95 mt=T len=7
PKT t=10378 TX ua=95 mt=P len=0
PKT t=10387 RX ua=95 mt=R len=7
PKT t=10392 TX ua=95 mt=P len=0
PKT t=10421 RX ua=95 mt=R len=7
PKT t=10426 TX ua=95 mt=P len=0
PKT t=10435 RX ua=95 mt=R len=7
PKT t=10440 TX ua=95 mt=P len=0
PKT t=10449 RX ua=95 mt=R len=7
PKT t=10454 TX ua=95 mt=P len=0
PKT t=10463 RX ua=95 mt=R len=7
PKT t=10468 TX ua=95 mt=P len=0
PKT t=10477 RX ua=95 mt=R len=7
PKT t=10482 TX ua=95 mt=P len=0
PKT t=10491 RX ua=95 mt=R len=7
PKT t=10496 TX ua=95 mt=P len=0
PKT t=10525 RX ua=95 mt=R len=7
PKT t=10530 TX ua=95 mt=P len=0
PKT t=10539 RX ua=95 mt=R len=7
PKT t=10544 TX ua=95 mt=P len=0
PKT t=10561 RX ua=95 mt=R len=7
PKT t=10566 TX ua=95 mt=P len=0
PKT t=10575 RX ua=95 mt=R len=7
PKT t=10580 TX ua=95 mt=P len=0
PKT t=10589 RX ua=95 mt=R len=7
PKT t=10594 TX ua=95 mt=P len=0
PKT t=10625 RX ua=95 mt=R len=7
PKT t=10629 TX ua=95 mt=T len=7
PKT t=10642 TX ua=95 mt=P len=0
PKT t=10651 RX ua=95 mt=R len=7
PKT t=10656 TX ua=95 mt=P len=0
PKT t=10665 RX ua=95 mt=R len=7
PKT t=10670 TX ua=95 mt=P len=0
PKT t=10679 RX ua=95 mt=R len=7
PKT t=10684 TX ua=95 mt=P len=0
PKT t=10693 RX ua=95 mt=R len=7
PKT t=10698 TX ua=95 mt=P len=0
PKT t=10727 RX ua=95 mt=R len=7
PKT t=10732 TX ua=95 mt=P len=0
PKT t=10741 RX ua=95 mt=R len=7
PKT t=10746 TX ua=95 mt=P len=0
PKT t=10755 RX ua=95 mt=R len=7
PKT t=10760 TX ua=95 mt=P len=0
PKT t=10769 RX ua=95 mt=R len=7
PKT t=10774 TX ua=95 mt=P len=0
PKT t=10783 RX ua=95 mt=R len=7
PKT t=10788 TX ua=95 mt=P len=0
PKT t=10797 RX ua=95 mt=R len=7
PKT t=10802 TX ua=95 mt=P len=0
PKT t=10831 RX ua=95 mt=R len=7
PKT t=10836 TX ua=95 mt=P len=0
PKT t=10845 RX ua=95 mt=R len=7
PKT t=10861 TX ua=95 mt=P len=0
PKT t=10870 RX ua=95 mt=R len=7
PKT t=10875 TX ua=95 mt=T len=7
PKT t=10888 TX ua=95 mt=P len=0
PKT t=10897 RX ua=95 mt=R len=7
PKT t=10902 TX ua=95 mt=P len=0
PKT t=10931 RX ua=95 mt=R len=7
PKT t=10936 TX ua=95 mt=P len=0
PKT t=10945 RX ua=95 mt=R len=7
PKT t=10950 TX ua=95 mt=P len=0
PKT t=10959 RX ua=95 mt=R len=7
PKT t=10964 TX ua=95 mt=P len=0
PKT t=10973 RX ua=95 mt=R len=7
PKT t=10978 TX ua=95 mt=P len=0
PKT t=10987 RX ua=95 mt=R len=7
PKT t=10992 TX ua=95 mt=P len=0
PKT t=11001 RX ua=95 mt=R len=7
PKT t=11006 TX ua=95 mt=P len=0
PKT t=11035 RX ua=95 mt=R len=7
PKT t=11040 TX ua=95 mt=P len=0
PKT t=11049 RX ua=95 mt=R len=7
PKT t=11054 TX ua=95 mt=P len=0
PKT t=11063 RX ua=95 mt=R len=7
PKT t=11068 TX ua=95 mt=P len=0
PKT t=11077 RX ua=95 mt=R len=7
PKT t=11082 TX ua=95 mt=P len=0
PKT t=11091 RX ua=95 mt=R len=7
PKT t=11096 TX ua=95 mt=P len=0
PKT t=11105 RX ua=95 mt=R len=7
PKT t=11110 TX ua=95 mt=T len=7
PKT t=11122 TX ua=95 mt=P len=0
PKT t=11141 RX ua=95 mt=R len=7
PKT t=11146 TX ua=95 mt=P len=0
PKT t=11161 RX ua=95 mt=R len=7
PKT t=11416 TX ua=96 mt=P len=0
PKT t=11674 TX ua=95 mt=P len=0
PKT t=11683 RX ua=95 mt=R len=7
PKT t=11688 TX ua=95 mt=T len=7
PKT t=11700 TX ua=95 mt=P len=0
PKT t=11709 RX ua=95 mt=R len=7
PKT t=11714 TX ua=95 mt=P len=0
PKT t=11743 RX ua=95 mt=R len=7
PKT t=11761 TX ua=95 mt=P len=0
PKT t=11770 RX ua=95 mt=R len=7
PKT t=11775 TX ua=95 mt=P len=0
PKT t=11784 RX ua=95 mt=R len=7
PKT t=11789 TX ua=95 mt=P len=0
PKT t=11798 RX ua=95 mt=R len=7
PKT t=11803 TX ua=95 mt=P len=0
PKT t=11812 RX ua=95 mt=R len=7
PKT t=11817 TX ua=95 mt=P len=0
PKT t=11846 RX ua=95 mt=R len=7
PKT t=11851 TX ua=95 mt=P len=0
PKT t=11860 RX ua=95 mt=R len=7
PKT t=11865 TX ua=95 mt=T len=7
PKT t=11877 TX ua=95 mt=P len=0
PKT t=11886 RX ua=95 mt=R len=7
PKT t=11891 TX ua=95 mt=P len=0
PKT t=11900 RX ua=95 mt=R len=7
PKT t=11905 TX ua=95 mt=P len=0
PKT t=11914 RX ua=95 mt=R len=7
PKT t=11919 TX ua=95 mt=P len=0
PKT t=11948 RX ua=95 mt=R len=7
PKT t=11953 TX ua=95 mt=P len=0
PKT t=11962 RX ua=95 mt=R len=7
PKT t=11967 TX ua=95 mt=P len=0
PKT t=11976 RX ua=95 mt=R len=7
PKT t=11981 TX ua=95 mt=P len=0
PKT t=11990 RX ua=95 mt=R len=7
PKT t=11995 TX ua=95 mt=P len=0
PKT t=12004 RX ua=95 mt=R len=7
PKT t=12010 TX ua=95 mt=P len=0
PKT t=12019 RX ua=95 mt=R len=7
PKT t=12024 TX ua=95 mt=P len=0
PKT t=12061 RX ua=95 mt=R len=7
PKT t=12066 TX ua=95 mt=P len=0
PKT t=12075 RX ua=95 mt=R len=7
PKT t=12080 TX ua=95 mt=P len=0
PKT t=12089 RX ua=95 mt=R len=7
PKT t=12094 TX ua=95 mt=P len=0
PKT t=12103 RX ua=95 mt=R len=7
PKT t=12108 TX ua=95 mt=T len=7
PKT t=12120 TX ua=95 mt=P len=0
PKT t=12153 RX ua=95 mt=R len=7
PKT t=12158 TX ua=95 mt=P len=0
PKT t=12167 RX ua=95 mt=R len=7
PKT t=12172 TX ua=95 mt=P len=0
PKT t=12181 RX ua=95 mt=R len=7
PKT t=12186 TX ua=95 mt=P len=0
PKT t=12195 RX ua=95 mt=R len=7
PKT t=12200 TX ua=95 mt=P len=0
PKT t=12209 RX ua=95 mt=R len=7
PKT t=12214 TX ua=95 mt=P len=0
PKT t=12223 RX ua=95 mt=R len=7
PKT t=12228 TX ua=95 mt=P len=0
PKT t=12257 RX ua=95 mt=R len=7
PKT t=12262 TX ua=95 mt=P len=0
PKT t=12271 RX ua=95 mt=R len=7
PKT t=12276 TX ua=95 mt=P len=0
PKT t=12285 RX ua=95 mt=R len=7
PKT t=12290 TX ua=95 mt=P len=0
PKT t=12299 RX ua=95 mt=R len=7
PKT t=12304 TX ua=95 mt=P len=0
PKT t=12313 RX ua=95 mt=R len=7
PKT t=12318 TX ua=95 mt=P len=0
PKT t=12327 RX ua=95 mt=R len=7
PKT t=12332 TX ua=95 mt=P len=0
PKT t=12361 RX ua=95 mt=R len=7
PKT t=12366 TX ua=95 mt=T len=7
PKT t=12378 TX ua=95 mt=P len=0
PKT t=12387 RX ua=95 mt=R len=7
PKT t=12392 TX ua=95 mt=P len=0
PKT t=12401 RX ua=95 mt=R len=7
PKT t=12406 TX ua=95 mt=P len=0
PKT t=12415 RX ua=95 mt=R len=7
PKT t=12420 TX ua=95 mt=P len=0
PKT t=12429 RX ua=95 mt=R len=7
PKT t=12434 TX ua=95 mt=P len=0
PKT t=12463 RX ua=95 mt=R len=7
PKT t=12468 TX ua=95 mt=P len=0
PKT t=12477 RX ua=95 mt=R len=7
PKT t=12482 TX ua=95 mt=P len=0
PKT t=12491 RX ua=95 mt=R len=7
PKT t=12496 TX ua=95 mt=P len=0
PKT t=12505 RX ua=95 mt=R len=7
PKT t=12510 TX ua=95 mt=P len=0
PKT t=12519 RX ua=95 mt=R len=7
PKT t=12524 TX ua=95 mt=P len=0
PKT t=12533 RX ua=95 mt=R len=7
PKT t=12538 TX ua=95 mt=P len=0
PKT t=12567 RX ua=95 mt=R len=7
PKT t=12572 TX ua=95 mt=P len=0
PKT t=12581 RX ua=95 mt=R len=7
PKT t=12586 TX ua=95 mt=P len=0
PKT t=12595 RX ua=95 mt=R len=7
PKT t=12600 TX ua=95 mt=P len=0
PKT t=12609 RX ua=95 mt=R len=7
PKT t=12614 TX ua=95 mt=T len=7
PKT t=12626 TX ua=95 mt=P len=0
PKT t=12635 RX ua=95 mt=R len=7
PKT t=12640 TX ua=95 mt=P len=0
PKT t=12669 RX ua=95 mt=R len=7
PKT t=12674 TX ua=95 mt=P len=0
PKT t=12683 RX ua=95 mt=R len=7
PKT t=12688 TX ua=95 mt=P len=0
PKT t=12697 RX ua=95 mt=R len=7
PKT t=12702 TX ua=95 mt=P len=0
PKT t=12711 RX ua=95 mt=R len=7
PKT t=12716 TX ua=95 mt=P len=0
PKT t=12725 RX ua=95 mt=R len=7
PKT t=12730 TX ua=95 mt=P len=0
PKT t=12739 RX ua=95 mt=R len=7
PKT t=12744 TX ua=95 mt=P len=0
PKT t=12773 RX ua=95 mt=R len=7
PKT t=12778 TX ua=95 mt=P len=0
PKT t=12787 RX ua=95 mt=R len=7
PKT t=12792 TX ua=95 mt=P len=0
PKT t=12801 RX ua=95 mt=R len=7
PKT t=12806 TX ua=95 mt=P len=0
PKT t=12815 RX ua=95 mt=R len=7
PKT t=12820 TX ua=95 mt=P len=0
PKT t=12829 RX ua=95 mt=R len=7
PKT t=12834 TX ua=95 mt=P len=0
PKT t=12843 RX ua=95 mt=R len=7
PKT t=12848 TX ua=95 mt=P len=0
PKT t=12877 RX ua=95 mt=R len=7
PKT t=12882 TX ua=95 mt=T len=7
PKT t=12894 TX ua=95 mt=P len=0
PKT t=12903 RX ua=95 mt=R len=7
PKT t=12908 TX ua=95 mt=P len=0
PKT t=12917 RX ua=95 mt=R len=7
PKT t=12922 TX ua=95 mt=P len=0
PKT t=12931 RX ua=95 mt=R len=7
PKT t=12936 TX ua=95 mt=P len=0
PKT t=12945 RX ua=95 mt=R len=7
PKT t=12961 TX ua=95 mt=P len=0
PKT t=12979 RX ua=95 mt=R len=7
PKT t=12984 TX ua=95 mt=P len=0
PKT t=12993 RX ua=95 mt=R len=7
PKT t=12998 TX ua=95 mt=P len=0
PKT t=13007 RX ua=95 mt=R len=7
PKT t=13012 TX ua=95 mt=P len=0
PKT t=13021 RX ua=95 mt=R len=7
PKT t=13026 TX ua=95 mt=P len=0
PKT t=13035 RX ua=95 mt=R len=7
PKT t=13040 TX ua=95 mt=P len=0
PKT t=13049 RX ua=95 mt=R len=7
PKT t=13054 TX ua=95 mt=P len=0
PKT t=13083 RX ua=95 mt=R len=7
PKT t=13088 TX ua=95 mt=P len=0
PKT t=13097 RX ua=95 mt=R len=7
PKT t=13102 TX ua=95 mt=P len=0
PKT t=13111 RX ua=95 mt=R len=7
PKT t=13116 TX ua=95 mt=T len=7
PKT t=13129 TX ua=95 mt=P len=0
PKT t=13138 RX ua=95 mt=R len=7
PKT t=13143 TX ua=95 mt=P len=0
PKT t=13152 RX ua=95 mt=R len=7
PKT t=13157 TX ua=95 mt=P len=0
PKT t=13186 RX ua=95 mt=R len=7
PKT t=13191 TX ua=95 mt=P len=0
PKT t=13200 RX ua=95 mt=R len=7
PKT t=13205 TX ua=95 mt=P len=0
PKT t=13214 RX ua=95 mt=R len=7
PKT t=13219 TX ua=95 mt=P len=0
PKT t=13228 RX ua=95 mt=R len=7
PKT t=13233 TX ua=95 mt=P len=0
PKT t=13242 RX ua=95 mt=R len=7
PKT t=13247 TX ua=95 mt=P len=0
PKT t=13262 RX ua=95 mt=R len=7
PKT t=13517 TX ua=96 mt=P len=0
PKT t=13775 TX ua=95 mt=P len=0
PKT t=13784 RX ua=95 mt=R len=7
PKT t=13789 TX ua=95 mt=T len=7
PKT t=13802 TX ua=95 mt=P len=0
PKT t=13811 RX ua=95 mt=R len=7
PKT t=13816 TX ua=95 mt=P len=0
PKT t=13825 RX ua=95 mt=R len=7
PKT t=13830 TX ua=95 mt=P len=0
PKT t=13839 RX ua=95 mt=R len=7
PKT t=13844 TX ua=95 mt=P len=0
PKT t=13861 RX ua=95 mt=R len=7
PKT t=13866 TX ua=95 mt=T len=7
PKT t=13879 TX ua=95 mt=P len=0
PKT t=13892 RX ua=95 mt=R len=7
PKT t=13897 TX ua=95 mt=P len=0
PKT t=13906 RX ua=95 mt=R len=7
PKT t=13911 TX ua=95 mt=P len=0
PKT t=13920 RX ua=95 mt=R len=7
PKT t=13925 TX ua=95 mt=P len=0
PKT t=13934 RX ua=95 mt=R len=7
PKT t=13939 TX ua=95 mt=P len=0
PKT t=13948 RX ua=95 mt=R len=7
PKT t=13953 TX ua=95 mt=P len=0
PKT t=13962 RX ua=95 mt=R len=7
PKT t=13967 TX ua=95 mt=P len=0
PKT t=13996 RX ua=95 mt=R len=7
PKT t=14001 TX ua=95 mt=P len=0
PKT t=14011 RX ua=95 mt=R len=7
PKT t=14016 TX ua=95 mt=P len=0
PKT t=14025 RX ua=95 mt=R len=7
PKT t=14030 TX ua=95 mt=P len=0
PKT t=14039 RX ua=95 mt=R len=7
PKT t=14044 TX ua=95 mt=P len=0
PKT t=14053 RX ua=95 mt=R len=7
PKT t=14058 TX ua=95 mt=P len=0
PKT t=14067 RX ua=95 mt=R len=7
PKT t=14072 TX ua=95 mt=P len=0
PKT t=14101 RX ua=95 mt=R len=7
PKT t=14106 TX ua=95 mt=T len=7
PKT t=14118 TX ua=95 mt=P len=0
PKT t=14127 RX ua=95 mt=R len=7
PKT t=14132 TX ua=95 mt=P len=0
PKT t=14141 RX ua=95 mt=R len=7
PKT t=14146 TX ua=95 mt=P len=0
PKT t=14161 RX ua=95 mt=R len=7
PKT t=14416 TX ua=96 mt=P len=0
PKT t=14674 TX ua=95 mt=P len=0
PKT t=14683 RX ua=95 mt=R len=7
PKT t=14688 TX ua=95 mt=T len=7
PKT t=14700 TX ua=95 mt=P len=0
PKT t=14709 RX ua=95 mt=R len=7
PKT t=14714 TX ua=95 mt=P len=0
PKT t=14723 RX ua=95 mt=R len=7
PKT t=14728 TX ua=95 mt=P len=0
PKT t=14737 RX ua=95 mt=R len=7
PKT t=14742 TX ua=95 mt=P len=0
PKT t=14761 RX ua=95 mt=R len=7
PKT t=14766 TX ua=95 mt=P len=0
PKT t=14775 RX ua=95 mt=R len=7
PKT t=14780 TX ua=95 mt=P len=0
PKT t=14809 RX ua=95 mt=R len=7
PKT t=14814 TX ua=95 mt=P len=0
PKT t=14823 RX ua=95 mt=R len=7
PKT t=14828 TX ua=95 mt=P len=0
PKT t=14837 RX ua=95 mt=R len=7
PKT t=14842 TX ua=95 mt=P len=0
PKT t=14851 RX ua=95 mt=R len=7
PKT t=14856 TX ua=95 mt=P len=0
PKT t=14865 RX ua=95 mt=R len=7
PKT t=14870 TX ua=95 mt=T len=7
PKT t=14882 TX ua=95 mt=P len=0
PKT t=14910 RX ua=95 mt=R len=7
PKT t=14915 TX ua=95 mt=P len=0
PKT t=14924 RX ua=95 mt=R len=7
PKT t=14929 TX ua=95 mt=P len=0
PKT t=14938 RX ua=95 mt=R len=7
PKT t=14943 TX ua=95 mt=P len=0
PKT t=14952 RX ua=95 mt=R len=7
PKT t=14957 TX ua=95 mt=P len=0
PKT t=14966 RX ua=95 mt=R len=7
PKT t=14971 TX ua=95 mt=P len=0
PKT t=14980 RX ua=95 mt=R len=7
PKT t=14985 TX ua=95 mt=P len=0
PKT t=15014 RX ua=95 mt=R len=7
PKT t=15019 TX ua=95 mt=P len=0
PKT t=15028 RX ua=95 mt=R len=7
PKT t=15033 TX ua=95 mt=P len=0
PKT t=15042 RX ua=95 mt=R len=7
PKT t=15047 TX ua=95 mt=P len=0
PKT t=15062 RX ua=95 mt=R len=7
PKT t=15317 TX ua=96 mt=P len=0
PKT t=15575 TX ua=95 mt=P len=0
PKT t=15584 RX ua=95 mt=R len=7
PKT t=15589 TX ua=95 mt=T len=7
PKT t=15601 TX ua=95 mt=P len=0
PKT t=15620 RX ua=95 mt=R len=7
PKT t=15625 TX ua=95 mt=T len=7
PKT t=15637 TX ua=95 mt=P len=0
PKT t=15646 RX ua=95 mt=R len=7
PKT t=15661 TX ua=95 mt=P len=0
PKT t=15670 RX ua=95 mt=R len=7
PKT t=15675 TX ua=95 mt=P len=0
PKT t=15684 RX ua=95 mt=R len=7
PKT t=15689 TX ua=95 mt=P len=0
PKT t=15718 RX ua=95 mt=R len=7
PKT t=15723 TX ua=95 mt=P len=0
PKT t=15732 RX ua=95 mt=R len=7
PKT t=15737 TX ua=95 mt=P len=0
PKT t=15746 RX ua=95 mt=R len=7
PKT t=15751 TX ua=95 mt=P len=0
PKT t=15760 RX ua=95 mt=R len=7
PKT t=15765 TX ua=95 mt=P len=0
PKT t=15774 RX ua=95 mt=R len=7
PKT t=15779 TX ua=95 mt=P len=0
PKT t=15788 RX ua=95 mt=R len=7
PKT t=15793 TX ua=95 mt=P len=0
PKT t=15822 RX ua=95 mt=R len=7
PKT t=15827 TX ua=95 mt=P len=0
PKT t=15836 RX ua=95 mt=R len=7
PKT t=15841 TX ua=95 mt=P len=0
PKT t=15850 RX ua=95 mt=R len=7
PKT t=15855 TX ua=95 mt=P len=0
PKT t=15864 RX ua=95 mt=R len=7
PKT t=15869 TX ua=95 mt=T len=7
PKT t=15881 TX ua=95 mt=P len=0
PKT t=15890 RX ua=95 mt=R len=7
PKT t=15895 TX ua=95 mt=P len=0
PKT t=15924 RX ua=95 mt=R len=7
PKT t=15929 TX ua=95 mt=P len=0
PKT t=15938 RX ua=95 mt=R len=7
PKT t=15943 TX ua=95 mt=P len=0
PKT t=15961 RX ua=95 mt=R len=7
PKT t=15966 TX ua=95 mt=P len=0
PKT t=15975 RX ua=95 mt=R len=7
PKT t=15980 TX ua=95 mt=P len=0
PKT t=15989 RX ua=95 mt=R len=7
PKT t=15994 TX ua=95 mt=P len=0
PKT t=16024 RX ua=95 mt=R len=7
PKT t=16029 TX ua=95 mt=P len=0
PKT t=16038 RX ua=95 mt=R len=7
PKT t=16043 TX ua=95 mt=P len=0
PKT t=16052 RX ua=95 mt=R len=7
PKT t=16057 TX ua=95 mt=P len=0
PKT t=16066 RX ua=95 mt=R len=7
PKT t=16071 TX ua=95 mt=P len=0
PKT t=16080 RX ua=95 mt=R len=7
PKT t=16085 TX ua=95 mt=P len=0
PKT t=16094 RX ua=95 mt=R len=7
PKT t=16099 TX ua=95 mt=P len=0
PKT t=16133 RX ua=95 mt=R len=7
PKT t=16138 TX ua=95 mt=T len=7
PKT t=16150 TX ua=95 mt=P len=0
PKT t=16159 RX ua=95 mt=R len=7
PKT t=16164 TX ua=95 mt=P len=0
PKT t=16173 RX ua=95 mt=R len=7
PKT t=16178 TX ua=95 mt=P len=0
PKT t=16187 RX ua=95 mt=R len=7
PKT t=16192 TX ua=95 mt=P len=0
PKT t=16201 RX ua=95 mt=R len=7
PKT t=16206 TX ua=95 mt=P len=0
PKT t=16235 RX ua=95 mt=R len=7
PKT t=16240 TX ua=95 mt=P len=0
PKT t=16261 RX ua=95 mt=R len=7
PKT t=16266 TX ua=95 mt=P len=0
PKT t=16275 RX ua=95 mt=R len=7
PKT t=16280 TX ua=95 mt=P len=0
PKT t=16289 RX ua=95 mt=R len=7
PKT t=16294 TX ua=95 mt=P len=0
PKT t=16303 RX ua=95 mt=R len=7
PKT t=16308 TX ua=95 mt=P len=0
PKT t=16337 RX ua=95 mt=R len=7
PKT t=16342 TX ua=95 mt=P len=0
PKT t=16351 RX ua=95 mt=R len=7
PKT t=16356 TX ua=95 mt=P len=0
PKT t=16365 RX ua=95 mt=R len=7
PKT t=16370 TX ua=95 mt=T len=7
PKT t=16382 TX ua=95 mt=P len=0
PKT t=16391 RX ua=95 mt=R len=7
PKT t=16396 TX ua=95 mt=P len=0
PKT t=16405 RX ua=95 mt=R len=7
PKT t=16410 TX ua=95 mt=P len=0
PKT t=16439 RX ua=95 mt=R len=7
PKT t=16444 TX ua=95 mt=P len=0
PKT t=16453 RX ua=95 mt=R len=7
PKT t=16458 TX ua=95 mt=P len=0
PKT t=16467 RX ua=95 mt=R len=7
PKT t=16472 TX ua=95 mt=P len=0
PKT t=16481 RX ua=95 mt=R len=7
PKT t=16486 TX ua=95 mt=P len=0
PKT t=16495 RX ua=95 mt=R len=7
PKT t=16500 TX ua=95 mt=P len=0
PKT t=16509 RX ua=95 mt=R len=7
PKT t=16514 TX ua=95 mt=P len=0
PKT t=16543 RX ua=95 mt=R len=7
PKT t=16561 TX ua=95 mt=P len=0
PKT t=16570 RX ua=95 mt=R len=7
PKT t=16575 TX ua=95 mt=P len=0
PKT t=16584 RX ua=95 mt=R len=7
PKT t=16589 TX ua=95 mt=P len=0
PKT t=16598 RX ua=95 mt=R len=7
PKT t=16603 TX ua=95 mt=P len=0
PKT t=16612 RX ua=95 mt=R len=7
PKT t=16617 TX ua=95 mt=T len=7
PKT t=16629 TX ua=95 mt=P len=0
PKT t=16648 RX ua=95 mt=R len=7
PKT t=16653 TX ua=95 mt=P len=0
PKT t=16662 RX ua=95 mt=R len=7
PKT t=16667 TX ua=95 mt=P len=0
PKT t=16676 RX ua=95 mt=R len=7
PKT t=16681 TX ua=95 mt=P len=0
PKT t=16690 RX ua=95 mt=R len=7
PKT t=16695 TX ua=95 mt=P len=0
PKT t=16704 RX ua=95 mt=R len=7
PKT t=16709 TX ua=95 mt=P len=0
PKT t=16718 RX ua=95 mt=R len=7
PKT t=16723 TX ua=95 mt=P len=0
PKT t=16752 RX ua=95 mt=R len=7
PKT t=16757 TX ua=95 mt=P len=0
PKT t=16766 RX ua=95 mt=R len=7
PKT t=16771 TX ua=95 mt=P len=0
PKT t=16780 RX ua=95 mt=R len=7
PKT t=16785 TX ua=95 mt=P len=0
PKT t=16794 RX ua=95 mt=R len=7
PKT t=16799 TX ua=95 mt=P len=0
PKT t=16808 RX ua=95 mt=R len=7
PKT t=16813 TX ua=95 mt=P len=0
PKT t=16822 RX ua=95 mt=R len=7
PKT t=16827 TX ua=95 mt=P len=0
PKT t=16861 RX ua=95 mt=R len=7
PKT t=16866 TX ua=95 mt=T len=7
PKT t=16878 TX ua=95 mt=P len=0
PKT t=16887 RX ua=95 mt=R len=7
PKT t=16892 TX ua=95 mt=P len=0
PKT t=16901 RX ua=95 mt=R len=7
PKT t=16906 TX ua=95 mt=P len=0
PKT t=16915 RX ua=95 mt=R len=7
PKT t=16920 TX ua=95 mt=P len=0
PKT t=16929 RX ua=95 mt=R len=7
PKT t=16934 TX ua=95 mt=P len=0
PKT t=16963 RX ua=95 mt=R len=7
PKT t=16968 TX ua=95 mt=P len=0
PKT t=16977 RX ua=95 mt=R len=7
PKT t=16982 TX ua=95 mt=P len=0
PKT t=16991 RX ua=95 mt=R len=7
PKT t=16996 TX ua=95 mt=P len=0
PKT t=17005 RX ua=95 mt=R len=7
PKT t=17010 TX ua=95 mt=P len=0
PKT t=17019 RX ua=95 mt=R len=7
PKT t=17024 TX ua=95 mt=P len=0
PKT t=17033 RX ua=95 mt=R len=7
PKT t=17038 TX ua=95 mt=P len=0
PKT t=17067 RX ua=95 mt=R len=7
PKT t=17072 TX ua=95 mt=P len=0
PKT t=17081 RX ua=95 mt=R len=7
PKT t=17086 TX ua=95 mt=P len=0
PKT t=17095 RX ua=95 mt=R len=7
PKT t=17100 TX ua=95 mt=P len=0
PKT t=17109 RX ua=95 mt=R len=7
PKT t=17114 TX ua=95 mt=T len=7
PKT t=17126 TX ua=95 mt=P len=0
PKT t=17135 RX ua=95 mt=R len=7
PKT t=17140 TX ua=95 mt=P len=0
PKT t=17169 RX ua=95 mt=R len=7
PKT t=17174 TX ua=95 mt=P len=0
PKT t=17183 RX ua=95 mt=R len=7
PKT t=17188 TX ua=95 mt=P len=0
PKT t=17197 RX ua=95 mt=R len=7
PKT t=17202 TX ua=95 mt=P len=0
PKT t=17211 RX ua=95 mt=R len=7
PKT t=17216 TX ua=95 mt=P len=0
PKT t=17225 RX ua=95 mt=R len=7
PKT t=17230 TX ua=95 mt=P len=0
PKT t=17239 RX ua=95 mt=R len=7
PKT t=17244 TX ua=95 mt=P len=0
PKT t=17273 RX ua=95 mt=R len=7
PKT t=17278 TX ua=95 mt=P len=0
PKT t=17287 RX ua=95 mt=R len=7
PKT t=17292 TX ua=95 mt=P len=0
PKT t=17301 RX ua=95 mt=R len=7
PKT t=17306 TX ua=95 mt=P len=0
PKT t=17315 RX ua=95 mt=R len=7
PKT t=17320 TX ua=95 mt=P len=0
PKT t=17329 RX ua=95 mt=R len=7
PKT t=17334 TX ua=95 mt=P len=0
PKT t=17343 RX ua=95 mt=R len=7
PKT t=17348 TX ua=95 mt=P len=0
PKT t=17377 RX ua=95 mt=R len=7
PKT t=17382 TX ua=95 mt=T len=7
PKT t=17394 TX ua=95 mt=P len=0
PKT t=17404 RX ua=95 mt=R len=7
PKT t=17409 TX ua=95 mt=P len=0
PKT t=17419 RX ua=95 mt=R len=7
PKT t=17424 TX ua=95 mt=P len=0
PKT t=17434 RX ua=95 mt=R len=7
PKT t=17439 TX ua=95 mt=P len=0
PKT t=17461 RX ua=95 mt=R len=7
PKT t=17466 TX ua=95 mt=P len=0
PKT t=17483 RX ua=95 mt=R len=7
PKT t=17488 TX ua=95 mt=P len=0
PKT t=17498 RX ua=95 mt=R len=7
PKT t=17503 TX ua=95 mt=P len=0
PKT t=17513 RX ua=95 mt=R len=7
PKT t=17518 TX ua=95 mt=P len=0
PKT t=17528 RX ua=95 mt=R len=7
PKT t=17533 TX ua=95 mt=P len=0
PKT t=17543 RX ua=95 mt=R len=7
PKT t=17548 TX ua=95 mt=P len=0
PKT t=17558 RX ua=95 mt=R len=7
PKT t=17563 TX ua=95 mt=P len=0
PKT t=17592 RX ua=95 mt=R len=7
PKT t=17597 TX ua=95 mt=P len=0
PKT t=17607 RX ua=95 mt=R len=7
PKT t=17612 TX ua=95 mt=T len=7
PKT t=17624 TX ua=95 mt=P len=0
PKT t=17633 RX ua=95 mt=R len=7
PKT t=17638 TX ua=95 mt=P len=0
PKT t=17647 RX ua=95 mt=R len=7
PKT t=17652 TX ua=95 mt=P len=0
PKT t=17661 RX ua=95 mt=R len=7
PKT t=17666 TX ua=95 mt=P len=0
PKT t=17695 RX ua=95 mt=R len=7
PKT t=17700 TX ua=95 mt=P len=0
PKT t=17709 RX ua=95 mt=R len=7
PKT t=17714 TX ua=95 mt=P len=0
PKT t=17723 RX ua=95 mt=R len=7
PKT t=17728 TX ua=95 mt=P len=0
PKT t=17737 RX ua=95 mt=R len=7
PKT t=17742 TX ua=95 mt=P len=0
PKT t=17761 RX ua=95 mt=R len=7
PKT t=17766 TX ua=95 mt=P len=0
PKT t=17795 RX ua=95 mt=R len=7
PKT t=17800 TX ua=95 mt=P len=0
PKT t=17809 RX ua=95 mt=R len=7
PKT t=17814 TX ua=95 mt=P len=0
PKT t=17823 RX ua=95 mt=R len=7
PKT t=17828 TX ua=95 mt=P len=0
PKT t=17837 RX ua=95 mt=R len=7
PKT t=17842 TX ua=95 mt=P len=0
PKT t=17851 RX ua=95 mt=R len=7
PKT t=17856 TX ua=95 mt=P len=0
PKT t=17865 RX ua=95 mt=R len=7
PKT t=17870 TX ua=95 mt=T len=7
PKT t=17882 TX ua=95 mt=P len=0
PKT t=17901 RX ua=95 mt=R len=7
PKT t=17906 TX ua=95 mt=P len=0
PKT t=17915 RX ua=95 mt=R len=7
PKT t=17920 TX ua=95 mt=P len=0
PKT t=17929 RX ua=95 mt=R len=7
PKT t=17934 TX ua=95 mt=P len=0
PKT t=17943 RX ua=95 mt=R len=7
PKT t=17948 TX ua=95 mt=P len=0
PKT t=17957 RX ua=95 mt=R len=7
PKT t=17962 TX ua=95 mt=P len=0
PKT t=17971 RX ua=95 mt=R len=7
PKT t=17976 TX ua=95 mt=P len=0
PKT t=18006 RX ua=95 mt=R len=7
PKT t=18013 TX ua=95 mt=P len=0
PKT t=18022 RX ua=95 mt=R len=7
PKT t=18027 TX ua=95 mt=P len=0
PKT t=18036 RX ua=95 mt=R len=7
PKT t=18041 TX ua=95 mt=P len=0
PKT t=18061 RX ua=95 mt=R len=7
PKT t=18066 TX ua=95 mt=P len=0
PKT t=18075 RX ua=95 mt=R len=7
PKT t=18080 TX ua=95 mt=P len=0
PKT t=18109 RX ua=95 mt=R len=7
PKT t=18114 TX ua=95 mt=T len=7
PKT t=18127 TX ua=95 mt=P len=0
PKT t=18136 RX ua=95 mt=R len=7
PKT t=18141 TX ua=95 mt=T len=7
PKT t=18154 TX ua=95 mt=P len=0
PKT t=18163 RX ua=95 mt=R len=7
PKT t=18168 TX ua=95 mt=P len=0
PKT t=18177 RX ua=95 mt=R len=7
PKT t=18182 TX ua=95 mt=P len=0
PKT t=18211 RX ua=95 mt=R len=7
PKT t=18216 TX ua=95 mt=P len=0
PKT t=18225 RX ua=95 mt=R len=7
PKT t=18230 TX ua=95 mt=P len=0
PKT t=18239 RX ua=95 mt=R len=7
PKT t=18244 TX ua=95 mt=P len=0
PKT t=18253 RX ua=95 mt=R len=7
PKT t=18258 TX ua=95 mt=P len=0
PKT t=18267 RX ua=95 mt=R len=7
PKT t=18272 TX ua=95 mt=P len=0
PKT t=18281 RX ua=95 mt=R len=7
PKT t=18286 TX ua=95 mt=P len=0
PKT t=18315 RX ua=95 mt=R len=7
PKT t=18320 TX ua=95 mt=P len=0
PKT t=18329 RX ua=95 mt=R len=7
PKT t=18334 TX ua=95 mt=P len=0
PKT t=18343 RX ua=95 mt=R len=7
PKT t=18361 TX ua=95 mt=P len=0
PKT t=18370 RX ua=95 mt=R len=7
PKT t=18375 TX ua=95 mt=T len=7
PKT t=18388 TX ua=95 mt=P len=0
PKT t=18415 RX ua=95 mt=R len=7
PKT t=18420 TX ua=95 mt=P len=0
PKT t=18429 RX ua=95 mt=R len=7
PKT t=18434 TX ua=95 mt=P len=0
PKT t=18443 RX ua=95 mt=R len=7
PKT t=18448 TX ua=95 mt=P len=0
PKT t=18457 RX ua=95 mt=R len=7
PKT t=18462 TX ua=95 mt=P len=0
PKT t=18471 RX ua=95 mt=R len=7
PKT t=18476 TX ua=95 mt=P len=0
PKT t=18485 RX ua=95 mt=R len=7
PKT t=18490 TX ua=95 mt=P len=0
PKT t=18519 RX ua=95 mt=R len=7
PKT t=18524 TX ua=95 mt=P len=0
PKT t=18533 RX ua=95 mt=R len=7
PKT t=18538 TX ua=95 mt=P len=0
PKT t=18547 RX ua=95 mt=R len=7
PKT t=18552 TX ua=95 mt=P len=0
PKT t=18561 RX ua=95 mt=R len=7
PKT t=18566 TX ua=95 mt=P len=0
PKT t=18575 RX ua=95 mt=R len=7
PKT t=18580 TX ua=95 mt=P len=0
PKT t=18589 RX ua=95 mt=R len=7
PKT t=18594 TX ua=95 mt=P len=0
PKT t=18623 RX ua=95 mt=R len=7
PKT t=18628 TX ua=95 mt=T len=7
PKT t=18641 TX ua=95 mt=P len=0
PKT t=18661 RX ua=95 mt=R len=7
PKT t=18666 TX ua=95 mt=P len=0
PKT t=18675 RX ua=95 mt=R len=7
PKT t=18680 TX ua=95 mt=P len=0
PKT t=18689 RX ua=95 mt=R len=7
PKT t=18694 TX ua=95 mt=P len=0
PKT t=18723 RX ua=95 mt=R len=7
PKT t=18728 TX ua=95 mt=P len=0
PKT t=18737 RX ua=95 mt=R len=7
PKT t=18742 TX ua=95 mt=P len=0
PKT t=18751 RX ua=95 mt=R len=7
PKT t=18756 TX ua=95 mt=P len=0
PKT t=18765 RX ua=95 mt=R len=7
PKT t=18770 TX ua=95 mt=P len=0
PKT t=18779 RX ua=95 mt=R len=7
PKT t=18784 TX ua=95 mt=P len=0
PKT t=18793 RX ua=95 mt=R len=7
PKT t=18798 TX ua=95 mt=P len=0
PKT t=18827 RX ua=95 mt=R len=7
PKT t=18832 TX ua=95 mt=P len=0
PKT t=18842 RX ua=95 mt=R len=7
PKT t=18847 TX ua=95 mt=P len=0
PKT t=18856 RX ua=95 mt=R len=7
PKT t=18861 TX ua=95 mt=P len=0
PKT t=18870 RX ua=95 mt=R len=7
PKT t=18875 TX ua=95 mt=T len=7
PKT t=18888 TX ua=95 mt=P len=0
PKT t=18897 RX ua=95 mt=R len=7
PKT t=18902 TX ua=95 mt=P len=0
PKT t=18931 RX ua=95 mt=R len=7
PKT t=18936 TX ua=95 mt=P len=0
PKT t=18945 RX ua=95 mt=R len=7
PKT t=18961 TX ua=95 mt=P len=0
PKT t=18970 RX ua=95 mt=R len=7
PKT t=18975 TX ua=95 mt=P len=0
PKT t=18984 RX ua=95 mt=R len=7
PKT t=18989 TX ua=95 mt=P len=0
PKT t=18998 RX ua=95 mt=R len=7
PKT t=19003 TX ua=95 mt=P len=0
PKT t=19032 RX ua=95 mt=R len=7
PKT t=19037 TX ua=95 mt=P len=0
PKT t=19046 RX ua=95 mt=R len=7
PKT t=19051 TX ua=95 mt=P len=0
PKT t=19060 RX ua=95 mt=R len=7
PKT t=19065 TX ua=95 mt=P len=0
PKT t=19074 RX ua=95 mt=R len=7
PKT t=19079 TX ua=95 mt=P len=0
PKT t=19088 RX ua=95 mt=R len=7
PKT t=19093 TX ua=95 mt=P len=0
PKT t=19102 RX ua=95 mt=R len=7
PKT t=19107 TX ua=95 mt=T len=7
PKT t=19119 TX ua=95 mt=P len=0
PKT t=19138 RX ua=95 mt=R len=7
PKT t=19143 TX ua=95 mt=P len=0
PKT t=19152 RX ua=95 mt=R len=7
PKT t=19157 TX ua=95 mt=P len=0
PKT t=19166 RX ua=95 mt=R len=7
PKT t=19171 TX ua=95 mt=P len=0
PKT t=19180 RX ua=95 mt=R len=7
PKT t=19185 TX ua=95 mt=P len=0
PKT t=19194 RX ua=95 mt=R len=7
PKT t=19199 TX ua=95 mt=P len=0
PKT t=19208 RX ua=95 mt=R len=7
PKT t=19213 TX ua=95 mt=P len=0
PKT t=19242 RX ua=95 mt=R len=7
PKT t=19247 TX ua=95 mt=P len=0
PKT t=19262 RX ua=95 mt=R len=7
PKT t=19517 TX ua=96 mt=P len=0
PKT t=19775 TX ua=95 mt=P len=0
PKT t=19784 RX ua=95 mt=R len=7
PKT t=19789 TX ua=95 mt=T len=7
PKT t=19801 TX ua=95 mt=P len=0
PKT t=19810 RX ua=95 mt=R len=7
PKT t=19815 TX ua=95 mt=P len=0
PKT t=19844 RX ua=95 mt=R len=7
PKT t=19861 TX ua=95 mt=P len=0
PKT t=19870 RX ua=95 mt=R len=7
PKT t=19875 TX ua=95 mt=T len=7
PKT t=19887 TX ua=95 mt=P len=0
PKT t=19896 RX ua=95 mt=R len=7
PKT t=19901 TX ua=95 mt=P len=0
PKT t=19911 RX ua=95 mt=R len=7
PKT t=19916 TX ua=95 mt=P len=0
PKT t=19945 RX ua=95 mt=R len=7
PKT t=19950 TX ua=95 mt=P len=0
PKT t=19959 RX ua=95 mt=R len=7
PKT t=19964 TX ua=95 mt=P len=0
PKT t=19973 RX ua=95 mt=R len=7
PKT t=19978 TX ua=95 mt=P len=0
PKT t=19987 RX ua=95 mt=R len=7
PKT t=19992 TX ua=95 mt=P len=0
PKT t=20001 RX ua=95 mt=R len=7
PKT t=20006 TX ua=95 mt=P len=0
PKT t=20015 RX ua=95 mt=R len=7
PKT t=20020 TX ua=95 mt=P len=0
PKT t=20049 RX ua=95 mt=R len=7
PKT t=20054 TX ua=95 mt=P len=0
PKT t=20063 RX ua=95 mt=R len=7
PKT t=20068 TX ua=95 mt=P len=0
PKT t=20077 RX ua=95 mt=R len=7
PKT t=20082 TX ua=95 mt=P len=0
PKT t=20091 RX ua=95 mt=R len=7
PKT t=20096 TX ua=95 mt=P len=0
PKT t=20105 RX ua=95 mt=R len=7
PKT t=20110 TX ua=95 mt=T len=7
PKT t=20122 TX ua=95 mt=P len=0
PKT t=20161 RX ua=95 mt=R len=7
PKT t=20166 TX ua=95 mt=P len=0
PKT t=20175 RX ua=95 mt=R len=7
PKT t=20180 TX ua=95 mt=P len=0
PKT t=20189 RX ua=95 mt=R len=7
PKT t=20194 TX ua=95 mt=P len=0
PKT t=20203 RX ua=95 mt=R len=7
PKT t=20208 TX ua=95 mt=P len=0
PKT t=20217 RX ua=95 mt=R len=7
PKT t=20222 TX ua=95 mt=P len=0
PKT t=20251 RX ua=95 mt=R len=7
PKT t=20256 TX ua=95 mt=P len=0
PKT t=20265 RX ua=95 mt=R len=7
PKT t=20270 TX ua=95 mt=P len=0
PKT t=20279 RX ua=95 mt=R len=7
PKT t=20284 TX ua=95 mt=P len=0
PKT t=20293 RX ua=95 mt=R len=7
PKT t=20298 TX ua=95 mt=P len=0
PKT t=20307 RX ua=95 mt=R len=7
PKT t=20312 TX ua=95 mt=P len=0
PKT t=20321 RX ua=95 mt=R len=7
PKT t=20326 TX ua=95 mt=P len=0
PKT t=20355 RX ua=95 mt=R len=7
PKT t=20360 TX ua=95 mt=P len=0
PKT t=20369 RX ua=95 mt=R len=7
PKT t=20374 TX ua=95 mt=T len=7
PKT t=20386 TX ua=95 mt=P len=0
PKT t=20395 RX ua=95 mt=R len=7
PKT t=20400 TX ua=95 mt=P len=0
PKT t=20409 RX ua=95 mt=R len=7
PKT t=20414 TX ua=95 mt=P len=0
PKT t=20423 RX ua=95 mt=R len=7
PKT t=20428 TX ua=95 mt=P len=0
PKT t=20461 RX ua=95 mt=R len=7
PKT t=20466 TX ua=95 mt=P len=0
PKT t=20475 RX ua=95 mt=R len=7
PKT t=20480 TX ua=95 mt=P len=0
PKT t=20489 RX ua=95 mt=R len=7
PKT t=20494 TX ua=95 mt=P len=0
PKT t=20503 RX ua=95 mt=R len=7
PKT t=20508 TX ua=95 mt=P len=0
PKT t=20517 RX ua=95 mt=R len=7
PKT t=20522 TX ua=95 mt=P len=0
PKT t=20531 RX ua=95 mt=R len=7
PKT t=20536 TX ua=95 mt=P len=0
PKT t=20565 RX ua=95 mt=R len=7
PKT t=20570 TX ua=95 mt=P len=0
PKT t=20579 RX ua=95 mt=R len=7
PKT t=20584 TX ua=95 mt=P len=0
PKT t=20593 RX ua=95 mt=R len=7
PKT t=20598 TX ua=95 mt=P len=0
PKT t=20607 RX ua=95 mt=R len=7
PKT t=20612 TX ua=95 mt=T len=7
PKT t=20624 TX ua=95 mt=P len=0
PKT t=20633 RX ua=95 mt=R len=7
PKT t=20638 TX ua=95 mt=P len=0
PKT t=20667 RX ua=95 mt=R len=7
PKT t=20672 TX ua=95 mt=P len=0
PKT t=20681 RX ua=95 mt=R len=7
PKT t=20686 TX ua=95 mt=P len=0
PKT t=20695 RX ua=95 mt=R len=7
PKT t=20700 TX ua=95 mt=P len=0
PKT t=20709 RX ua=95 mt=R len=7
PKT t=20714 TX ua=95 mt=P len=0
PKT t=20723 RX ua=95 mt=R len=7
PKT t=20728 TX ua=95 mt=P len=0
PKT t=20737 RX ua=95 mt=R len=7
PKT t=20742 TX ua=95 mt=P len=0
PKT t=20771 RX ua=95 mt=R len=7
PKT t=20776 TX ua=95 mt=P len=0
PKT t=20785 RX ua=95 mt=R len=7
PKT t=20790 TX ua=95 mt=P len=0
PKT t=20799 RX ua=95 mt=R len=7
PKT t=20804 TX ua=95 mt=P len=0
PKT t=20813 RX ua=95 mt=R len=7
PKT t=20818 TX ua=95 mt=P len=0
PKT t=20827 RX ua=95 mt=R len=7
PKT t=20832 TX ua=95 mt=P len=0
PKT t=20841 RX ua=95 mt=R len=7
PKT t=20846 TX ua=95 mt=P len=0
PKT t=20875 RX ua=95 mt=R len=7
PKT t=20880 TX ua=95 mt=T len=7
PKT t=20892 TX ua=95 mt=P len=0
PKT t=20901 RX ua=95 mt=R len=7
PKT t=20906 TX ua=95 mt=P len=0
PKT t=20915 RX ua=95 mt=R len=7
PKT t=20920 TX ua=95 mt=P len=0
PKT t=20929 RX ua=95 mt=R len=7
PKT t=20934 TX ua=95 mt=P len=0
PKT t=20943 RX ua=95 mt=R len=7
PKT t=20948 TX ua=95 mt=P len=0
PKT t=20977 RX ua=95 mt=R len=7
PKT t=20982 TX ua=95 mt=P len=0
PKT t=20991 RX ua=95 mt=R len=7
PKT t=20996 TX ua=95 mt=P len=0
PKT t=21005 RX ua=95 mt=R len=7
PKT t=21010 TX ua=95 mt=P len=0
PKT t=21019 RX ua=95 mt=R len=7
PKT t=21024 TX ua=95 mt=P len=0
PKT t=21033 RX ua=95 mt=R len=7
PKT t=21038 TX ua=95 mt=P len=0
PKT t=21061 RX ua=95 mt=R len=7
PKT t=21066 TX ua=95 mt=P len=0
PKT t=21081 RX ua=95 mt=R len=7
PKT t=21086 TX ua=95 mt=P len=0
PKT t=21095 RX ua=95 mt=R len=7
PKT t=21100 TX ua=95 mt=P len=0
PKT t=21109 RX ua=95 mt=R len=7
PKT t=21114 TX ua=95 mt=T len=7
PKT t=21127 TX ua=95 mt=P len=0
PKT t=21136 RX ua=95 mt=R len=7
PKT t=21141 TX ua=95 mt=P len=0
PKT t=21150 RX ua=95 mt=R len=7
PKT t=21155 TX ua=95 mt=P len=0
PKT t=21184 RX ua=95 mt=R len=7
PKT t=21189 TX ua=95 mt=P len=0
PKT t=21198 RX ua=95 mt=R len=7
PKT t=21203 TX ua=95 mt=P len=0
PKT t=21212 RX ua=95 mt=R len=7
PKT t=21217 TX ua=95 mt=P len=0
PKT t=21226 RX ua=95 mt=R len=7
PKT t=21231 TX ua=95 mt=P len=0
PKT t=21240 RX ua=95 mt=R len=7
PKT t=21245 TX ua=95 mt=P len=0
PKT t=21254 RX ua=95 mt=R len=7
PKT t=21259 TX ua=95 mt=P len=0
PKT t=21288 RX ua=95 mt=R len=7
PKT t=21293 TX ua=95 mt=P len=0
PKT t=21302 RX ua=95 mt=R len=7
PKT t=21307 TX ua=95 mt=P len=0
PKT t=21316 RX ua=95 mt=R len=7
PKT t=21321 TX ua=95 mt=P len=0
PKT t=21330 RX ua=95 mt=R len=7
PKT t=21335 TX ua=95 mt=P len=0
PKT t=21344 RX ua=95 mt=R len=7
PKT t=21361 TX ua=95 mt=P len=0
PKT t=21388 RX ua=95 mt=R len=7
PKT t=21393 TX ua=95 mt=T len=7
PKT t=21406 TX ua=95 mt=P len=0
PKT t=21416 RX ua=95 mt=R len=7
PKT t=21421 TX ua=95 mt=P len=0
PKT t=21431 RX ua=95 mt=R len=7
PKT t=21436 TX ua=95 mt=P len=0
PKT t=21446 RX ua=95 mt=R len=7
PKT t=21451 TX ua=95 mt=P len=0
PKT t=21461 RX ua=95 mt=R len=7
PKT t=21466 TX ua=95 mt=P len=0
PKT t=21495 RX ua=95 mt=R len=7
PKT t=21500 TX ua=95 mt=P len=0
PKT t=21510 RX ua=95 mt=R len=7
PKT t=21515 TX ua=95 mt=P len=0
PKT t=21525 RX ua=95 mt=R len=7
PKT t=21530 TX ua=95 mt=P len=0
PKT t=21540 RX ua=95 mt=R len=7
PKT t=21545 TX ua=95 mt=P len=0
PKT t=21555 RX ua=95 mt=R len=7
PKT t=21560 TX ua=95 mt=P len=0
PKT t=21570 RX ua=95 mt=R len=7
PKT t=21575 TX ua=95 mt=P len=0
PKT t=21604 RX ua=95 mt=R len=7
PKT t=21609 TX ua=95 mt=P len=0
PKT t=21619 RX ua=95 mt=R len=7
PKT t=21624 TX ua=95 mt=T len=7
PKT t=21637 TX ua=95 mt=P len=0
PKT t=21646 RX ua=95 mt=R len=7
PKT t=21661 TX ua=95 mt=P len=0
PKT t=21670 RX ua=95 mt=R len=7
PKT t=21675 TX ua=95 mt=P len=0
PKT t=21704 RX ua=95 mt=R len=7
PKT t=21709 TX ua=95 mt=P len=0
PKT t=21718 RX ua=95 mt=R len=7
PKT t=21723 TX ua=95 mt=P len=0
PKT t=21732 RX ua=95 mt=R len=7
PKT t=21737 TX ua=95 mt=P len=0
PKT t=21746 RX ua=95 mt=R len=7
PKT t=21751 TX ua=95 mt=P len=0
PKT t=21760 RX ua=95 mt=R len=7
PKT t=21765 TX ua=95 mt=P len=0
PKT t=21774 RX ua=95 mt=R len=7
PKT t=21779 TX ua=95 mt=P len=0
PKT t=21808 RX ua=95 mt=R len=7
PKT t=21813 TX ua=95 mt=P len=0
PKT t=21822 RX ua=95 mt=R len=7
PKT t=21827 TX ua=95 mt=P len=0
PKT t=21836 RX ua=95 mt=R len=7
PKT t=21841 TX ua=95 mt=P len=0
PKT t=21850 RX ua=95 mt=R len=7
PKT t=21855 TX ua=95 mt=P len=0
PKT t=21864 RX ua=95 mt=R len=7
PKT t=21869 TX ua=95 mt=T len=7
PKT t=21882 TX ua=95 mt=P len=0
PKT t=21909 RX ua=95 mt=R len=7
PKT t=21914 TX ua=95 mt=P len=0
PKT t=21923 RX ua=95 mt=R len=7
PKT t=21928 TX ua=95 mt=P len=0
PKT t=21937 RX ua=95 mt=R len=7
PKT t=21942 TX ua=95 mt=P len=0
PKT t=21961 RX ua=95 mt=R len=7
PKT t=21966 TX ua=95 mt=P len=0
PKT t=21975 RX ua=95 mt=R len=7
PKT t=21980 TX ua=95 mt=P len=0
PKT t=22009 RX ua=95 mt=R len=7
PKT t=22015 TX ua=95 mt=P len=0
PKT t=22024 RX ua=95 mt=R len=7
PKT t=22029 TX ua=95 mt=P len=0
PKT t=22039 RX ua=95 mt=R len=7
PKT t=22044 TX ua=95 mt=P len=0
PKT t=22053 RX ua=95 mt=R len=7
PKT t=22058 TX ua=95 mt=P len=0
PKT t=22067 RX ua=95 mt=R len=7
PKT t=22072 TX ua=95 mt=P len=0
PKT t=22081 RX ua=95 mt=R len=7
PKT t=22086 TX ua=95 mt=P len=0
PKT t=22115 RX ua=95 mt=R len=7
PKT t=22120 TX ua=95 mt=T len=7
PKT t=22132 TX ua=95 mt=P len=0
PKT t=22141 RX ua=95 mt=R len=7
PKT t=22146 TX ua=95 mt=P len=0
PKT t=22155 RX ua=95 mt=R len=7
PKT t=22160 TX ua=95 mt=P len=0
PKT t=22169 RX ua=95 mt=R len=7
PKT t=22174 TX ua=95 mt=P len=0
PKT t=22183 RX ua=95 mt=R len=7
PKT t=22188 TX ua=95 mt=P len=0
PKT t=22217 RX ua=95 mt=R len=7
PKT t=22222 TX ua=95 mt=P len=0
PKT t=22231 RX ua=95 mt=R len=7
PKT t=22236 TX ua=95 mt=P len=0
PKT t=22245 RX ua=95 mt=R len=7
PKT t=22261 TX ua=95 mt=P len=0
PKT t=22270 RX ua=95 mt=R len=7
PKT t=22275 TX ua=95 mt=P len=0
PKT t=22284 RX ua=95 mt=R len=7
PKT t=22289 TX ua=95 mt=P len=0
PKT t=22318 RX ua=95 mt=R len=7
PKT t=22323 TX ua=95 mt=P len=0
PKT t=22332 RX ua=95 mt=R len=7
PKT t=22337 TX ua=95 mt=P len=0
PKT t=22346 RX ua=95 mt=R len=7
PKT t=22351 TX ua=95 mt=P len=0
PKT t=22360 RX ua=95 mt=R len=7
PKT t=22365 TX ua=95 mt=T len=7
PKT t=22377 TX ua=95 mt=P len=0
PKT t=22386 RX ua=95 mt=R len=7
PKT t=22391 TX ua=95 mt=P len=0
PKT t=22420 RX ua=95 mt=R len=7
PKT t=22425 TX ua=95 mt=P len=0
PKT t=22434 RX ua=95 mt=R len=7
PKT t=22439 TX ua=95 mt=P len=0
PKT t=22448 RX ua=95 mt=R len=7
PKT t=22453 TX ua=95 mt=P len=0
PKT t=22462 RX ua=95 mt=R len=7
PKT t=22467 TX ua=95 mt=P len=0
PKT t=22476 RX ua=95 mt=R len=7
PKT t=22481 TX ua=95 mt=P len=0
PKT t=22490 RX ua=95 mt=R len=7
PKT t=22495 TX ua=95 mt=P len=0
PKT t=22525 RX ua=95 mt=R len=7
PKT t=22530 TX ua=95 mt=P len=0
PKT t=22539 RX ua=95 mt=R len=7
PKT t=22544 TX ua=95 mt=P len=0
PKT t=22561 RX ua=95 mt=R len=7
PKT t=22566 TX ua=95 mt=P len=0
PKT t=22575 RX ua=95 mt=R len=7
PKT t=22580 TX ua=95 mt=P len=0
PKT t=22589 RX ua=95 mt=R len=7
PKT t=22594 TX ua=95 mt=P len=0
PKT t=22624 RX ua=95 mt=R len=7
PKT t=22629 TX ua=95 mt=T len=7
PKT t=22641 TX ua=95 mt=P len=0
PKT t=22650 RX ua=95 mt=R len=7
PKT t=22655 TX ua=95 mt=P len=0
PKT t=22664 RX ua=95 mt=R len=7
PKT t=22669 TX ua=95 mt=P len=0
PKT t=22678 RX ua=95 mt=R len=7
PKT t=22683 TX ua=95 mt=P len=0
PKT t=22692 RX ua=95 mt=R len=7
PKT t=22697 TX ua=95 mt=P len=0
PKT t=22726 RX ua=95 mt=R len=7
PKT t=22731 TX ua=95 mt=P len=0
PKT t=22741 RX ua=95 mt=R len=7
PKT t=22746 TX ua=95 mt=P len=0
PKT t=22755 RX ua=95 mt=R len=7
PKT t=22760 TX ua=95 mt=P len=0
PKT t=22769 RX ua=95 mt=R len=7
PKT t=22774 TX ua=95 mt=P len=0
PKT t=22783 RX ua=95 mt=R len=7
PKT t=22788 TX ua=95 mt=P len=0
PKT t=22797 RX ua=95 mt=R len=7
PKT t=22802 TX ua=95 mt=P len=0
PKT t=22831 RX ua=95 mt=R len=7
PKT t=22836 TX ua=95 mt=P len=0
PKT t=22845 RX ua=95 mt=R len=7
PKT t=22861 TX ua=95 mt=P len=0
PKT t=22870 RX ua=95 mt=R len=7
PKT t=22875 TX ua=95 mt=T len=7
PKT t=22887 TX ua=95 mt=P len=0
PKT t=22896 RX ua=95 mt=R len=7
PKT t=22901 TX ua=95 mt=P len=0
PKT t=22931 RX ua=95 mt=R len=7
PKT t=22936 TX ua=95 mt=P len=0
PKT t=22945 RX ua=95 mt=R len=7
PKT t=22950 TX ua=95 mt=P len=0
PKT t=22959 RX ua=95 mt=R len=7
PKT t=22964 TX ua=95 mt=P len=0
PKT t=22973 RX ua=95 mt=R len=7
PKT t=22978 TX ua=95 mt=P len=0
PKT t=22987 RX ua=95 mt=R len=7
PKT t=22992 TX ua=95 mt=P len=0
PKT t=23001 RX ua=95 mt=R len=7
PKT t=23006 TX ua=95 mt=P len=0
PKT t=23036 RX ua=95 mt=R len=7
PKT t=23040 TX ua=95 mt=P len=0
PKT t=23049 RX ua=95 mt=R len=7
PKT t=23054 TX ua=95 mt=P len=0
PKT t=23063 RX ua=95 mt=R len=7
PKT t=23068 TX ua=95 mt=P len=0
PKT t=23077 RX ua=95 mt=R len=7
PKT t=23082 TX ua=95 mt=P len=0
PKT t=23091 RX ua=95 mt=R len=7
PKT t=23096 TX ua=95 mt=P len=0
PKT t=23105 RX ua=95 mt=R len=7
PKT t=23110 TX ua=95 mt=T len=7
PKT t=23122 TX ua=95 mt=P len=0
PKT t=23141 RX ua=95 mt=R len=7
PKT t=23146 TX ua=95 mt=P len=0
PKT t=23161 RX ua=95 mt=R len=7
PKT t=23416 TX ua=96 mt=P len=0
PKT t=23674 TX ua=95 mt=P len=0
PKT t=23683 RX ua=95 mt=R len=7
PKT t=23688 TX ua=95 mt=T len=7
PKT t=23700 TX ua=95 mt=P len=0
PKT t=23709 RX ua=95 mt=R len=7
PKT t=23714 TX ua=95 mt=P len=0
PKT t=23743 RX ua=95 mt=R len=7
PKT t=23761 TX ua=95 mt=P len=0
PKT t=23770 RX ua=95 mt=R len=7
PKT t=23775 TX ua=95 mt=P len=0
PKT t=23784 RX ua=95 mt=R len=7
PKT t=23789 TX ua=95 mt=P len=0
PKT t=23798 RX ua=95 mt=R len=7
PKT t=23803 TX ua=95 mt=P len=0
PKT t=23812 RX ua=95 mt=R len=7
PKT t=23817 TX ua=95 mt=P len=0
PKT t=23846 RX ua=95 mt=R len=7
PKT t=23851 TX ua=95 mt=P len=0
PKT t=23860 RX ua=95 mt=R len=7
PKT t=23865 TX ua=95 mt=T len=7
PKT t=23877 TX ua=95 mt=P len=0
PKT t=23886 RX ua=95 mt=R len=7
PKT t=23891 TX ua=95 mt=P len=0
PKT t=23900 RX ua=95 mt=R len=7
PKT t=23905 TX ua=95 mt=P len=0
PKT t=23914 RX ua=95 mt=R len=7
PKT t=23919 TX ua=95 mt=P len=0
PKT t=23948 RX ua=95 mt=R len=7
PKT t=23953 TX ua=95 mt=P len=0
PKT t=23962 RX ua=95 mt=R len=7
PKT t=23967 TX ua=95 mt=P len=0
PKT t=23976 RX ua=95 mt=R len=7
PKT t=23981 TX ua=95 mt=P len=0
PKT t=23990 RX ua=95 mt=R len=7
PKT t=23995 TX ua=95 mt=P len=0
PKT t=24004 RX ua=95 mt=R len=7
PKT t=24009 TX ua=95 mt=P len=0
PKT t=24018 RX ua=95 mt=R len=7
PKT t=24023 TX ua=95 mt=P len=0
PKT t=24061 RX ua=95 mt=R len=7
PKT t=24066 TX ua=95 mt=P len=0
PKT t=24075 RX ua=95 mt=R len=7
PKT t=24080 TX ua=95 mt=P len=0
PKT t=24089 RX ua=95 mt=R len=7
PKT t=24094 TX ua=95 mt=P len=0
PKT t=24103 RX ua=95 mt=R len=7
PKT t=24108 TX ua=95 mt=T len=7
PKT t=24120 TX ua=95 mt=P len=0
PKT t=24157 RX ua=95 mt=R len=7
PKT t=24162 TX ua=95 mt=P len=0
PKT t=24171 RX ua=95 mt=R len=7
PKT t=24176 TX ua=95 mt=P len=0
PKT t=24185 RX ua=95 mt=R len=7
PKT t=24190 TX ua=95 mt=P len=0
PKT t=24199 RX ua=95 mt=R len=7
PKT t=24204 TX ua=95 mt=P len=0
PKT t=24213 RX ua=95 mt=R len=7
PKT t=24218 TX ua=95 mt=P len=0
PKT t=24227 RX ua=95 mt=R len=7
PKT t=24232 TX ua=95 mt=P len=0
PKT t=24262 RX ua=95 mt=R len=7
PKT t=24267 TX ua=95 mt=P len=0
PKT t=24276 RX ua=95 mt=R len=7
PKT t=24281 TX ua=95 mt=P len=0
PKT t=24290 RX ua=95 mt=R len=7
PKT t=24295 TX ua=95 mt=P len=0
PKT t=24304 RX ua=95 mt=R len=7
PKT t=24309 TX ua=95 mt=P len=0
PKT t=24318 RX ua=95 mt=R len=7
PKT t=24323 TX ua=95 mt=P len=0
PKT t=24332 RX ua=95 mt=R len=7
PKT t=24337 TX ua=95 mt=P len=0
PKT t=24367 RX ua=95 mt=R len=7
PKT t=24372 TX ua=95 mt=T len=7
PKT t=24384 TX ua=95 mt=P len=0
PKT t=24393 RX ua=95 mt=R len=7
PKT t=24398 TX ua=95 mt=P len=0
PKT t=24407 RX ua=95 mt=R len=7
PKT t=24412 TX ua=95 mt=P len=0
PKT t=24421 RX ua=95 mt=R len=7
PKT t=24426 TX ua=95 mt=P len=0
PKT t=24435 RX ua=95 mt=R len=7
PKT t=24440 TX ua=95 mt=P len=0
PKT t=24469 RX ua=95 mt=R len=7
PKT t=24474 TX ua=95 mt=P len=0
PKT t=24483 RX ua=95 mt=R len=7
PKT t=24488 TX ua=95 mt=P len=0
PKT t=24497 RX ua=95 mt=R len=7
PKT t=24502 TX ua=95 mt=P len=0
PKT t=24511 RX ua=95 mt=R len=7
PKT t=24516 TX ua=95 mt=P len=0
PKT t=24525 RX ua=95 mt=R len=7
PKT t=24530 TX ua=95 mt=P len=0
PKT t=24539 RX ua=95 mt=R len=7
PKT t=24544 TX ua=95 mt=P len=0
PKT t=24573 RX ua=95 mt=R len=7
PKT t=24578 TX ua=95 mt=P len=0
PKT t=24587 RX ua=95 mt=R len=7
PKT t=24592 TX ua=95 mt=P len=0
PKT t=24601 RX ua=95 mt=R len=7
PKT t=24606 TX ua=95 mt=P len=0
PKT t=24615 RX ua=95 mt=R len=7
PKT t=24620 TX ua=95 mt=T len=7
PKT t=24632 TX ua=95 mt=P len=0
PKT t=24641 RX ua=95 mt=R len=7
PKT t=24646 TX ua=95 mt=P len=0
PKT t=24675 RX ua=95 mt=R len=7
PKT t=24680 TX ua=95 mt=P len=0
PKT t=24689 RX ua=95 mt=R len=7
PKT t=24694 TX ua=95 mt=P len=0
PKT t=24703 RX ua=95 mt=R len=7
PKT t=24708 TX ua=95 mt=P len=0
PKT t=24717 RX ua=95 mt=R len=7
PKT t=24722 TX ua=95 mt=P len=0
PKT t=24731 RX ua=95 mt=R len=7
PKT t=24736 TX ua=95 mt=P len=0
PKT t=24745 RX ua=95 mt=R len=7
PKT t=24750 TX ua=95 mt=P len=0
PKT t=24779 RX ua=95 mt=R len=7
PKT t=24784 TX ua=95 mt=P len=0
PKT t=24793 RX ua=95 mt=R len=7
PKT t=24798 TX ua=95 mt=P len=0
PKT t=24807 RX ua=95 mt=R len=7
PKT t=24812 TX ua=95 mt=P len=0
PKT t=24821 RX ua=95 mt=R len=7
PKT t=24826 TX ua=95 mt=P len=0
PKT t=24835 RX ua=95 mt=R len=7
PKT t=24840 TX ua=95 mt=P len=0
PKT t=24849 RX ua=95 mt=R len=7
PKT t=24854 TX ua=95 mt=P len=0
PKT t=24883 RX ua=95 mt=R len=7
PKT t=24888 TX ua=95 mt=T len=7
PKT t=24900 TX ua=95 mt=P len=0
PKT t=24909 RX ua=95 mt=R len=7
PKT t=24914 TX ua=95 mt=P len=0
PKT t=24923 RX ua=95 mt=R len=7
PKT t=24928 TX ua=95 mt=P len=0
PKT t=24937 RX ua=95 mt=R len=7
PKT t=24942 TX ua=95 mt=P len=0
PKT t=24961 RX ua=95 mt=R len=7
PKT t=24966 TX ua=95 mt=P len=0
PKT t=24985 RX ua=95 mt=R len=7
PKT t=24990 TX ua=95 mt=P len=0
PKT t=24999 RX ua=95 mt=R len=7
PKT t=25004 TX ua=95 mt=P len=0
PKT t=25013 RX ua=95 mt=R len=7
PKT t=25018 TX ua=95 mt=P len=0
PKT t=25027 RX ua=95 mt=R len=7
PKT t=25032 TX ua=95 mt=P len=0
PKT t=25041 RX ua=95 mt=R len=7
PKT t=25046 TX ua=95 mt=P len=0
PKT t=25055 RX ua=95 mt=R len=7
PKT t=25060 TX ua=95 mt=P len=0
PKT t=25089 RX ua=95 mt=R len=7
PKT t=25094 TX ua=95 mt=P len=0
PKT t=25103 RX ua=95 mt=R len=7
PKT t=25108 TX ua=95 mt=T len=7
PKT t=25120 TX ua=95 mt=P len=0
PKT t=25129 RX ua=95 mt=R len=7
PKT t=25134 TX ua=95 mt=P len=0
PKT t=25143 RX ua=95 mt=R len=7
PKT t=25148 TX ua=95 mt=P len=0
PKT t=25157 RX ua=95 mt=R len=7
PKT t=25162 TX ua=95 mt=P len=0
PKT t=25191 RX ua=95 mt=R len=7
PKT t=25196 TX ua=95 mt=P len=0
PKT t=25205 RX ua=95 mt=R len=7
PKT t=25210 TX ua=95 mt=P len=0
PKT t=25219 RX ua=95 mt=R len=7
PKT t=25224 TX ua=95 mt=P len=0
PKT t=25233 RX ua=95 mt=R len=7
PKT t=25238 TX ua=95 mt=P len=0
PKT t=25261 RX ua=95 mt=R len=7
PKT t=25266 TX ua=95 mt=P len=0
PKT t=25292 RX ua=95 mt=R len=7
PKT t=25297 TX ua=95 mt=P len=0
PKT t=25306 RX ua=95 mt=R len=7
PKT t=25311 TX ua=95 mt=P len=0
PKT t=25320 RX ua=95 mt=R len=7
PKT t=25325 TX ua=95 mt=P len=0
PKT t=25334 RX ua=95 mt=R len=7
PKT t=25339 TX ua=95 mt=P len=0
PKT t=25348 RX ua=95 mt=R len=7
PKT t=25353 TX ua=95 mt=P len=0
PKT t=25362 RX ua=95 mt=R len=7
PKT t=25367 TX ua=95 mt=T len=7
PKT t=25379 TX ua=95 mt=P len=0
PKT t=25399 RX ua=95 mt=R len=7
PKT t=25404 TX ua=95 mt=P len=0
PKT t=25414 RX ua=95 mt=R len=7
PKT t=25419 TX ua=95 mt=P len=0
PKT t=25429 RX ua=95 mt=R len=7
PKT t=25434 TX ua=95 mt=P len=0
PKT t=25444 RX ua=95 mt=R len=7
PKT t=25449 TX ua=95 mt=P len=0
PKT t=25459 RX ua=95 mt=R len=7
PKT t=25464 TX ua=95 mt=P len=0
PKT t=25496 RX ua=95 mt=R len=7
PKT t=25501 TX ua=95 mt=P len=0
PKT t=25511 RX ua=95 mt=R len=7
PKT t=25516 TX ua=95 mt=P len=0
PKT t=25526 RX ua=95 mt=R len=7
PKT t=25531 TX ua=95 mt=P len=0
PKT t=25541 RX ua=95 mt=R len=7
PKT t=25546 TX ua=95 mt=P len=0
PKT t=25561 RX ua=95 mt=R len=7
PKT t=25816 TX ua=96 mt=P len=0
PKT t=26074 TX ua=95 mt=P len=0
PKT t=26084 RX ua=95 mt=R len=7
PKT t=26089 TX ua=95 mt=T len=7
PKT t=26101 TX ua=95 mt=P len=0
PKT t=26110 RX ua=95 mt=R len=7
PKT t=26115 TX ua=95 mt=T len=7
PKT t=26128 TX ua=95 mt=P len=0
PKT t=26137 RX ua=95 mt=R len=7
PKT t=26142 TX ua=95 mt=T len=7
PKT t=26168 TX ua=95 mt=P len=0
PKT t=26196 RX ua=95 mt=R len=7
PKT t=26201 TX ua=95 mt=P len=0
PKT t=26210 RX ua=95 mt=R len=7
PKT t=26215 TX ua=95 mt=P len=0
PKT t=26224 RX ua=95 mt=R len=7
PKT t=26229 TX ua=95 mt=P len=0
PKT t=26238 RX ua=95 mt=R len=7
PKT t=26243 TX ua=95 mt=P len=0
PKT t=26252 RX ua=95 mt=R len=7
PKT t=26257 TX ua=95 mt=P len=0
PKT t=26266 RX ua=95 mt=R len=7
PKT t=26271 TX ua=95 mt=P len=0
PKT t=26300 RX ua=95 mt=R len=7
PKT t=26305 TX ua=95 mt=P len=0
PKT t=26314 RX ua=95 mt=R len=7
PKT t=26319 TX ua=95 mt=P len=0
PKT t=26328 RX ua=95 mt=R len=7
PKT t=26333 TX ua=95 mt=P len=0
PKT t=26343 RX ua=95 mt=R len=7
PKT t=26348 TX ua=95 mt=P len=0
PKT t=26357 RX ua=95 mt=R len=7
PKT t=26362 TX ua=95 mt=T len=7
PKT t=26375 TX ua=95 mt=P len=0
PKT t=26403 RX ua=95 mt=R len=7
PKT t=26408 TX ua=95 mt=P len=0
PKT t=26417 RX ua=95 mt=R len=7
PKT t=26422 TX ua=95 mt=P len=0
PKT t=26431 RX ua=95 mt=R len=7
PKT t=26436 TX ua=95 mt=P len=0
PKT t=26445 RX ua=95 mt=R len=7
PKT t=26461 TX ua=95 mt=P len=0
PKT t=26470 RX ua=95 mt=R len=7
PKT t=26475 TX ua=95 mt=P len=0
PKT t=26504 RX ua=95 mt=R len=7
PKT t=26509 TX ua=95 mt=P len=0
PKT t=26518 RX ua=95 mt=R len=7
PKT t=26523 TX ua=95 mt=P len=0
PKT t=26532 RX ua=95 mt=R len=7
PKT t=26537 TX ua=95 mt=P len=0
PKT t=26546 RX ua=95 mt=R len=7
PKT t=26551 TX ua=95 mt=P len=0
PKT t=26560 RX ua=95 mt=R len=7
PKT t=26565 TX ua=95 mt=P len=0
PKT t=26574 RX ua=95 mt=R len=7
PKT t=26579 TX ua=95 mt=P len=0
PKT t=26608 RX ua=95 mt=R len=7
PKT t=26613 TX ua=95 mt=T len=7
PKT t=26626 TX ua=95 mt=P len=0
PKT t=26635 RX ua=95 mt=R len=7
PKT t=26640 TX ua=95 mt=P len=0
PKT t=26649 RX ua=95 mt=R len=7
PKT t=26654 TX ua=95 mt=P len=0
PKT t=26663 RX ua=95 mt=R len=7
PKT t=26668 TX ua=95 mt=P len=0
PKT t=26677 RX ua=95 mt=R len=7
PKT t=26682 TX ua=95 mt=P len=0
PKT t=26711 RX ua=95 mt=R len=7
PKT t=26716 TX ua=95 mt=P len=0
PKT t=26725 RX ua=95 mt=R len=7
PKT t=26730 TX ua=95 mt=P len=0
PKT t=26739 RX ua=95 mt=R len=7
PKT t=26744 TX ua=95 mt=P len=0
PKT t=26761 RX ua=95 mt=R len=7
PKT t=26766 TX ua=95 mt=P len=0
PKT t=26775 RX ua=95 mt=R len=7
PKT t=26780 TX ua=95 mt=P len=0
PKT t=26811 RX ua=95 mt=R len=7
PKT t=26816 TX ua=95 mt=P len=0
PKT t=26825 RX ua=95 mt=R len=7
PKT t=26830 TX ua=95 mt=P len=0
PKT t=26839 RX ua=95 mt=R len=7
PKT t=26844 TX ua=95 mt=P len=0
PKT t=26853 RX ua=95 mt=R len=7
PKT t=26858 TX ua=95 mt=P len=0
PKT t=26867 RX ua=95 mt=R len=7
PKT t=26872 TX ua=95 mt=T len=7
PKT t=26885 TX ua=95 mt=P len=0
PKT t=26913 RX ua=95 mt=R len=7
PKT t=26918 TX ua=95 mt=P len=0
PKT t=26927 RX ua=95 mt=R len=7
PKT t=26932 TX ua=95 mt=P len=0
PKT t=26941 RX ua=95 mt=R len=7
PKT t=26946 TX ua=95 mt=P len=0
PKT t=26955 RX ua=95 mt=R len=7
PKT t=26960 TX ua=95 mt=P len=0
PKT t=26969 RX ua=95 mt=R len=7
PKT t=26974 TX ua=95 mt=P len=0
PKT t=26983 RX ua=95 mt=R len=7
PKT t=26988 TX ua=95 mt=P len=0
PKT t=27017 RX ua=95 mt=R len=7
PKT t=27022 TX ua=95 mt=P len=0
PKT t=27031 RX ua=95 mt=R len=7
PKT t=27036 TX ua=95 mt=P len=0
PKT t=27045 RX ua=95 mt=R len=7
PKT t=27061 TX ua=95 mt=P len=0
PKT t=27070 RX ua=95 mt=R len=7
PKT t=27075 TX ua=95 mt=P len=0
PKT t=27084 RX ua=95 mt=R len=7
PKT t=27089 TX ua=95 mt=P len=0
PKT t=27118 RX ua=95 mt=R len=7
PKT t=27123 TX ua=95 mt=T len=7
PKT t=27135 TX ua=95 mt=P len=0
PKT t=27144 RX ua=95 mt=R len=7
PKT t=27149 TX ua=95 mt=P len=0
PKT t=27158 RX ua=95 mt=R len=7
PKT t=27163 TX ua=95 mt=P len=0
PKT t=27172 RX ua=95 mt=R len=7
PKT t=27177 TX ua=95 mt=P len=0
PKT t=27186 RX ua=95 mt=R len=7
PKT t=27191 TX ua=95 mt=P len=0
PKT t=27220 RX ua=95 mt=R len=7
PKT t=27225 TX ua=95 mt=P len=0
PKT t=27234 RX ua=95 mt=R len=7
PKT t=27239 TX ua=95 mt=P len=0
PKT t=27248 RX ua=95 mt=R len=7
PKT t=27253 TX ua=95 mt=P len=0
PKT t=27262 RX ua=95 mt=R len=7
PKT t=27267 TX ua=95 mt=P len=0
PKT t=27276 RX ua=95 mt=R len=7
PKT t=27281 TX ua=95 mt=P len=0
PKT t=27290 RX ua=95 mt=R len=7
PKT t=27295 TX ua=95 mt=P len=0
PKT t=27324 RX ua=95 mt=R len=7
PKT t=27329 TX ua=95 mt=P len=0
PKT t=27338 RX ua=95 mt=R len=7
PKT t=27343 TX ua=95 mt=P len=0
PKT t=27361 RX ua=95 mt=R len=7
PKT t=27366 TX ua=95 mt=T len=7
PKT t=27378 TX ua=95 mt=P len=0
PKT t=27388 RX ua=95 mt=R len=7
PKT t=27393 TX ua=95 mt=P len=0
PKT t=27424 RX ua=95 mt=R len=7
PKT t=27429 TX ua=95 mt=P len=0
PKT t=27439 RX ua=95 mt=R len=7
PKT t=27444 TX ua=95 mt=P len=0
PKT t=27454 RX ua=95 mt=R len=7
PKT t=27459 TX ua=95 mt=P len=0
PKT t=27469 RX ua=95 mt=R len=7
PKT t=27474 TX ua=95 mt=P len=0
PKT t=27484 RX ua=95 mt=R len=7
PKT t=27489 TX ua=95 mt=P len=0
PKT t=27499 RX ua=95 mt=R len=7
PKT t=27504 TX ua=95 mt=P len=0
PKT t=27533 RX ua=95 mt=R len=7
PKT t=27538 TX ua=95 mt=P len=0
PKT t=27548 RX ua=95 mt=R len=7
PKT t=27553 TX ua=95 mt=P len=0
PKT t=27563 RX ua=95 mt=R len=7
PKT t=27568 TX ua=95 mt=P len=0
PKT t=27578 RX ua=95 mt=R len=7
PKT t=27583 TX ua=95 mt=P len=0
PKT t=27593 RX ua=95 mt=R len=7
PKT t=27598 TX ua=95 mt=P len=0
PKT t=27608 RX ua=95 mt=R len=7
PKT t=27613 TX ua=95 mt=T len=7
PKT t=27625 TX ua=95 mt=P len=0
PKT t=27643 RX ua=95 mt=R len=7
PKT t=27661 TX ua=95 mt=P len=0
PKT t=27670 RX ua=95 mt=R len=7
PKT t=27675 TX ua=95 mt=P len=0
PKT t=27684 RX ua=95 mt=R len=7
PKT t=27689 TX ua=95 mt=P len=0
PKT t=27698 RX ua=95 mt=R len=7
PKT t=27703 TX ua=95 mt=P len=0
PKT t=27712 RX ua=95 mt=R len=7
PKT t=27717 TX ua=95 mt=P len=0
PKT t=27746 RX ua=95 mt=R len=7
PKT t=27751 TX ua=95 mt=P len=0
PKT t=27760 RX ua=95 mt=R len=7
PKT t=27765 TX ua=95 mt=P len=0
PKT t=27774 RX ua=95 mt=R len=7
PKT t=27779 TX ua=95 mt=P len=0
PKT t=27788 RX ua=95 mt=R len=7
PKT t=27793 TX ua=95 mt=P len=0
PKT t=27802 RX ua=95 mt=R len=7
PKT t=27807 TX ua=95 mt=P len=0
PKT t=27816 RX ua=95 mt=R len=7
PKT t=27821 TX ua=95 mt=P len=0
PKT t=27850 RX ua=95 mt=R len=7
PKT t=27855 TX ua=95 mt=P len=0
PKT t=27864 RX ua=95 mt=R len=7
PKT t=27869 TX ua=95 mt=T len=7
PKT t=27881 TX ua=95 mt=P len=0
PKT t=27890 RX ua=95 mt=R len=7
PKT t=27895 TX ua=95 mt=P len=0
PKT t=27904 RX ua=95 mt=R len=7
PKT t=27909 TX ua=95 mt=P len=0
PKT t=27918 RX ua=95 mt=R len=7
PKT t=27923 TX ua=95 mt=P len=0
PKT t=27961 RX ua=95 mt=R len=7
PKT t=27966 TX ua=95 mt=P len=0
PKT t=27975 RX ua=95 mt=R len=7
PKT t=27980 TX ua=95 mt=P len=0
PKT t=27989 RX ua=95 mt=R len=7
PKT t=27994 TX ua=95 mt=P len=0
PKT t=28003 RX ua=95 mt=R len=7
PKT t=28008 TX ua=95 mt=P len=0
PKT t=28018 RX ua=95 mt=R len=7
PKT t=28023 TX ua=95 mt=P len=0
PKT t=28052 RX ua=95 mt=R len=7
PKT t=28057 TX ua=95 mt=P len=0
PKT t=28066 RX ua=95 mt=R len=7
PKT t=28071 TX ua=95 mt=P len=0
PKT t=28080 RX ua=95 mt=R len=7
PKT t=28085 TX ua=95 mt=P len=0
PKT t=28094 RX ua=95 mt=R len=7
PKT t=28099 TX ua=95 mt=P len=0
PKT t=28108 RX ua=95 mt=R len=7
PKT t=28113 TX ua=95 mt=T len=7
PKT t=28125 TX ua=95 mt=P len=0
PKT t=28153 RX ua=95 mt=R len=7
PKT t=28158 TX ua=95 mt=P len=0
PKT t=28167 RX ua=95 mt=R len=7
PKT t=28172 TX ua=95 mt=P len=0
PKT t=28181 RX ua=95 mt=R len=7
PKT t=28186 TX ua=95 mt=P len=0
PKT t=28195 RX ua=95 mt=R len=7
PKT t=28200 TX ua=95 mt=P len=0
PKT t=28209 RX ua=95 mt=R len=7
PKT t=28214 TX ua=95 mt=P len=0
PKT t=28223 RX ua=95 mt=R len=7
PKT t=28228 TX ua=95 mt=P len=0
PKT t=28261 RX ua=95 mt=R len=7
PKT t=28266 TX ua=95 mt=P len=0
PKT t=28275 RX ua=95 mt=R len=7
PKT t=28280 TX ua=95 mt=P len=0
PKT t=28289 RX ua=95 mt=R len=7
PKT t=28294 TX ua=95 mt=P len=0
PKT t=28303 RX ua=95 mt=R len=7
PKT t=28308 TX ua=95 mt=P len=0
PKT t=28317 RX ua=95 mt=R len=7
PKT t=28322 TX ua=95 mt=P len=0
PKT t=28331 RX ua=95 mt=R len=7
PKT t=28336 TX ua=95 mt=P len=0
PKT t=28366 RX ua=95 mt=R len=7
PKT t=28371 TX ua=95 mt=T len=7
PKT t=28383 TX ua=95 mt=P len=0
PKT t=28392 RX ua=95 mt=R len=7
PKT t=28397 TX ua=95 mt=P len=0
PKT t=28406 RX ua=95 mt=R len=7
PKT t=28411 TX ua=95 mt=P len=0
PKT t=28420 RX ua=95 mt=R len=7
PKT t=28425 TX ua=95 mt=P len=0
PKT t=28434 RX ua=95 mt=R len=7
PKT t=28439 TX ua=95 mt=P len=0
PKT t=28468 RX ua=95 mt=R len=7
PKT t=28473 TX ua=95 mt=P len=0
PKT t=28482 RX ua=95 mt=R len=7
PKT t=28487 TX ua=95 mt=P len=0
PKT t=28496 RX ua=95 mt=R len=7
PKT t=28501 TX ua=95 mt=P len=0
PKT t=28510 RX ua=95 mt=R len=7
PKT t=28515 TX ua=95 mt=P len=0
PKT t=28524 RX ua=95 mt=R len=7
PKT t=28529 TX ua=95 mt=P len=0
PKT t=28538 RX ua=95 mt=R len=7
PKT t=28543 TX ua=95 mt=P len=0
PKT t=28572 RX ua=95 mt=R len=7
PKT t=28577 TX ua=95 mt=P len=0
PKT t=28586 RX ua=95 mt=R len=7
PKT t=28591 TX ua=95 mt=P len=0
PKT t=28600 RX ua=95 mt=R len=7
PKT t=28605 TX ua=95 mt=P len=0
PKT t=28614 RX ua=95 mt=R len=7
PKT t=28619 TX ua=95 mt=T len=7
PKT t=28631 TX ua=95 mt=P len=0
PKT t=28640 RX ua=95 mt=R len=7
PKT t=28645 TX ua=95 mt=P len=0
PKT t=28674 RX ua=95 mt=R len=7
PKT t=28679 TX ua=95 mt=P len=0
PKT t=28688 RX ua=95 mt=R len=7
PKT t=28693 TX ua=95 mt=P len=0
PKT t=28702 RX ua=95 mt=R len=7
PKT t=28707 TX ua=95 mt=P len=0
PKT t=28716 RX ua=95 mt=R len=7
PKT t=28721 TX ua=95 mt=P len=0
PKT t=28730 RX ua=95 mt=R len=7
PKT t=28735 TX ua=95 mt=P len=0
PKT t=28744 RX ua=95 mt=R len=7
PKT t=28749 TX ua=95 mt=P len=0
PKT t=28778 RX ua=95 mt=R len=7
PKT t=28783 TX ua=95 mt=P len=0
PKT t=28792 RX ua=95 mt=R len=7
PKT t=28797 TX ua=95 mt=P len=0
PKT t=28806 RX ua=95 mt=R len=7
PKT t=28811 TX ua=95 mt=P len=0
PKT t=28820 RX ua=95 mt=R len=7
PKT t=28825 TX ua=95 mt=P len=0
PKT t=28834 RX ua=95 mt=R len=7
PKT t=28839 TX ua=95 mt=P len=0
PKT t=28861 RX ua=95 mt=R len=7
PKT t=28866 TX ua=95 mt=T len=7
PKT t=28878 TX ua=95 mt=P len=0
PKT t=28887 RX ua=95 mt=R len=7
PKT t=28892 TX ua=95 mt=P len=0
PKT t=28901 RX ua=95 mt=R len=7
PKT t=28906 TX ua=95 mt=P len=0
PKT t=28915 RX ua=95 mt=R len=7
PKT t=28920 TX ua=95 mt=P len=0
PKT t=28929 RX ua=95 mt=R len=7
PKT t=28934 TX ua=95 mt=P len=0
PKT t=28943 RX ua=95 mt=R len=7
PKT t=28948 TX ua=95 mt=P len=0
PKT t=28957 RX ua=95 mt=R len=7
PKT t=28962 TX ua=95 mt=P len=0
PKT t=28991 RX ua=95 mt=R len=7
PKT t=28996 TX ua=95 mt=P len=0
PKT t=29005 RX ua=95 mt=R len=7
PKT t=29010 TX ua=95 mt=P len=0
PKT t=29019 RX ua=95 mt=R len=7
PKT t=29024 TX ua=95 mt=P len=0
PKT t=29033 RX ua=95 mt=R len=7
PKT t=29038 TX ua=95 mt=P len=0
PKT t=29047 RX ua=95 mt=R len=7
PKT t=29052 TX ua=95 mt=P len=0
PKT t=29062 RX ua=95 mt=R len=7
PKT t=29067 TX ua=95 mt=P len=0
PKT t=29096 RX ua=95 mt=R len=7
PKT t=29101 TX ua=95 mt=P len=0
PKT t=29110 RX ua=95 mt=R len=7
PKT t=29115 TX ua=95 mt=T len=7
PKT t=29128 TX ua=95 mt=P len=0
PKT t=29137 RX ua=95 mt=R len=7
PKT t=29142 TX ua=95 mt=P len=0
PKT t=29161 RX ua=95 mt=R len=7
PKT t=29166 TX ua=95 mt=P len=0
PKT t=29196 RX ua=95 mt=R len=7
PKT t=29201 TX ua=95 mt=P len=0
PKT t=29210 RX ua=95 mt=R len=7
PKT t=29215 TX ua=95 mt=P len=0
PKT t=29224 RX ua=95 mt=R len=7
PKT t=29229 TX ua=95 mt=P len=0
PKT t=29238 RX ua=95 mt=R len=7
PKT t=29243 TX ua=95 mt=P len=0
PKT t=29252 RX ua=95 mt=R len=7
PKT t=29257 TX ua=95 mt=P len=0
PKT t=29266 RX ua=95 mt=R len=7
PKT t=29271 TX ua=95 mt=P len=0
PKT t=29301 RX ua=95 mt=R len=7
PKT t=29306 TX ua=95 mt=P len=0
PKT t=29315 RX ua=95 mt=R len=7
PKT t=29320 TX ua=95 mt=P len=0
PKT t=29329 RX ua=95 mt=R len=7
PKT t=29334 TX ua=95 mt=P len=0
PKT t=29343 RX ua=95 mt=R len=7
PKT t=29348 TX ua=95 mt=P len=0
PKT t=29357 RX ua=95 mt=R len=7
PKT t=29362 TX ua=95 mt=T len=7
PKT t=29375 TX ua=95 mt=P len=0
PKT t=29403 RX ua=95 mt=R len=7
PKT t=29408 TX ua=95 mt=P len=0
PKT t=29418 RX ua=95 mt=R len=7
PKT t=29423 TX ua=95 mt=P len=0
PKT t=29433 RX ua=95 mt=R len=7
PKT t=29438 TX ua=95 mt=P len=0
PKT t=29461 RX ua=95 mt=R len=7
PKT t=29466 TX ua=95 mt=P len=0
PKT t=29476 RX ua=95 mt=R len=7
PKT t=29481 TX ua=95 mt=P len=0
PKT t=29510 RX ua=95 mt=R len=7
PKT t=29515 TX ua=95 mt=P len=0
PKT t=29525 RX ua=95 mt=R len=7
PKT t=29530 TX ua=95 mt=P len=0
PKT t=29540 RX ua=95 mt=R len=7
PKT t=29545 TX ua=95 mt=P len=0
PKT t=29555 RX ua=95 mt=R len=7
PKT t=29560 TX ua=95 mt=P len=0
PKT t=29570 RX ua=95 mt=R len=7
PKT t=29575 TX ua=95 mt=P len=0
PKT t=29585 RX ua=95 mt=R len=7
PKT t=29590 TX ua=95 mt=P len=0
PKT t=29619 RX ua=95 mt=R len=7
PKT t=29624 TX ua=95 mt=T len=7
PKT t=29637 TX ua=95 mt=P len=0
PKT t=29646 RX ua=95 mt=R len=7
PKT t=29651 TX ua=95 mt=P len=0
PKT t=29660 RX ua=95 mt=R len=7
PKT t=29665 TX ua=95 mt=P len=0
PKT t=29674 RX ua=95 mt=R len=7
PKT t=29679 TX ua=95 mt=P len=0
PKT t=29688 RX ua=95 mt=R len=7
PKT t=29693 TX ua=95 mt=P len=0
PKT t=29722 RX ua=95 mt=R len=7
PKT t=29727 TX ua=95 mt=P len=0
PKT t=29736 RX ua=95 mt=R len=7
PKT t=29741 TX ua=95 mt=P len=0
PKT t=29761 RX ua=95 mt=R len=7
PKT t=29766 TX ua=95 mt=P len=0
PKT t=29775 RX ua=95 mt=R len=7
PKT t=29780 TX ua=95 mt=P len=0
PKT t=29789 RX ua=95 mt=R len=7
PKT t=29794 TX ua=95 mt=P len=0
PKT t=29823 RX ua=95 mt=R len=7
PKT t=29828 TX ua=95 mt=P len=0
PKT t=29837 RX ua=95 mt=R len=7
PKT t=29842 TX ua=95 mt=P len=0
PKT t=29851 RX ua=95 mt=R len=7
PKT t=29856 TX ua=95 mt=P len=0
PKT t=29865 RX ua=95 mt=R len=7
PKT t=29870 TX ua=95 mt=T len=7
PKT t=29883 TX ua=95 mt=P len=0
PKT t=29892 RX ua=95 mt=R len=7
PKT t=29897 TX ua=95 mt=P len=0
PKT t=29926 RX ua=95 mt=R len=7
PKT t=29931 TX ua=95 mt=P len=0
PKT t=29940 RX ua=95 mt=R len=7
PKT t=29945 TX ua=95 mt=P len=0
PKT t=29954 RX ua=95 mt=R len=7
PKT t=29959 TX ua=95 mt=P len=0
PKT t=29968 RX ua=95 mt=R len=7
PKT t=29973 TX ua=95 mt=P len=0
PKT t=29982 RX ua=95 mt=R len=7
PKT t=29987 TX ua=95 mt=P len=0
PKT t=29996 RX ua=95 mt=R len=7
PKT t=30001 TX ua=95 mt=P len=0
PKT t=30030 RX ua=95 mt=R len=7
PKT t=30035 TX ua=95 mt=P len=0
PKT t=30044 RX ua=95 mt=R len=7
PKT t=30061 TX ua=95 mt=P len=0
PKT t=30070 RX ua=95 mt=R len=7
PKT t=30075 TX ua=95 mt=P len=0
PKT t=30084 RX ua=95 mt=R len=7
PKT t=30089 TX ua=95 mt=P len=0
PKT t=30098 RX ua=95 mt=R len=7
PKT t=30103 TX ua=95 mt=P len=0
PKT t=30132 RX ua=95 mt=R len=7
PKT t=30137 TX ua=95 mt=T len=7
PKT t=30149 TX ua=95 mt=P len=0
PKT t=30158 RX ua=95 mt=R len=7
PKT t=30163 TX ua=95 mt=P len=0
PKT t=30172 RX ua=95 mt=R len=7
PKT t=30177 TX ua=95 mt=P len=0
PKT t=30186 RX ua=95 mt=R len=7
PKT t=30191 TX ua=95 mt=P len=0
PKT t=30200 RX ua=95 mt=R len=7
PKT t=30205 TX ua=95 mt=P len=0
PKT t=30234 RX ua=95 mt=R len=7
PKT t=30239 TX ua=95 mt=P len=0
PKT t=30248 RX ua=95 mt=R len=7
PKT t=30253 TX ua=95 mt=P len=0
PKT t=30262 RX ua=95 mt=R len=7
PKT t=30267 TX ua=95 mt=P len=0
PKT t=30276 RX ua=95 mt=R len=7
PKT t=30281 TX ua=95 mt=P len=0
PKT t=30290 RX ua=95 mt=R len=7
PKT t=30295 TX ua=95 mt=P len=0
PKT t=30304 RX ua=95 mt=R len=7
PKT t=30309 TX ua=95 mt=P len=0
PKT t=30338 RX ua=95 mt=R len=7
PKT t=30343 TX ua=95 mt=P len=0
PKT t=30361 RX ua=95 mt=R len=7
PKT t=30366 TX ua=95 mt=T len=7
PKT t=30378 TX ua=95 mt=P len=0
PKT t=30387 RX ua=95 mt=R len=7
PKT t=30392 TX ua=95 mt=P len=0
PKT t=30401 RX ua=95 mt=R len=7
PKT t=30406 TX ua=95 mt=P len=0
PKT t=30438 RX ua=95 mt=R len=7
PKT t=30443 TX ua=95 mt=P len=0
PKT t=30452 RX ua=95 mt=R len=7
PKT t=30457 TX ua=95 mt=P len=0
PKT t=30466 RX ua=95 mt=R len=7
PKT t=30471 TX ua=95 mt=P len=0
PKT t=30480 RX ua=95 mt=R len=7
PKT t=30485 TX ua=95 mt=P len=0
PKT t=30494 RX ua=95 mt=R len=7
PKT t=30499 TX ua=95 mt=P len=0
PKT t=30508 RX ua=95 mt=R len=7
PKT t=30513 TX ua=95 mt=P len=0
PKT t=30542 RX ua=95 mt=R len=7
PKT t=30547 TX ua=95 mt=P len=0
PKT t=30556 RX ua=95 mt=R len=7
PKT t=30561 TX ua=95 mt=P len=0
PKT t=30570 RX ua=95 mt=R len=7
PKT t=30575 TX ua=95 mt=P len=0
PKT t=30584 RX ua=95 mt=R len=7
PKT t=30589 TX ua=95 mt=P len=0
PKT t=30598 RX ua=95 mt=R len=7
PKT t=30603 TX ua=95 mt=P len=0
PKT t=30612 RX ua=95 mt=R len=7
PKT t=30617 TX ua=95 mt=T len=7
PKT t=30629 TX ua=95 mt=P len=0
PKT t=30661 RX ua=95 mt=R len=7
PKT t=30666 TX ua=95 mt=P len=0
PKT t=30675 RX ua=95 mt=R len=7
PKT t=30680 TX ua=95 mt=P len=0
PKT t=30689 RX ua=95 mt=R len=7
PKT t=30694 TX ua=95 mt=P len=0
PKT t=30703 RX ua=95 mt=R len=7
PKT t=30708 TX ua=95 mt=P len=0
PKT t=30717 RX ua=95 mt=R len=7
PKT t=30722 TX ua=95 mt=P len=0
PKT t=30751 RX ua=95 mt=R len=7
PKT t=30756 TX ua=95 mt=P len=0
PKT t=30765 RX ua=95 mt=R len=7
PKT t=30770 TX ua=95 mt=P len=0
PKT t=30779 RX ua=95 mt=R len=7
PKT t=30784 TX ua=95 mt=P len=0
PKT t=30793 RX ua=95 mt=R len=7
PKT t=30798 TX ua=95 mt=P len=0
PKT t=30807 RX ua=95 mt=R len=7
PKT t=30812 TX ua=95 mt=P len=0
PKT t=30821 RX ua=95 mt=R len=7
PKT t=30826 TX ua=95 mt=P len=0
PKT t=30855 RX ua=95 mt=R len=7
PKT t=30860 TX ua=95 mt=P len=0
PKT t=30869 RX ua=95 mt=R len=7
PKT t=30874 TX ua=95 mt=T len=7
PKT t=30886 TX ua=95 mt=P len=0
PKT t=30895 RX ua=95 mt=R len=7
PKT t=30900 TX ua=95 mt=P len=0
PKT t=30909 RX ua=95 mt=R len=7
PKT t=30914 TX ua=95 mt=P len=0
PKT t=30923 RX ua=95 mt=R len=7
PKT t=30928 TX ua=95 mt=P len=0
PKT t=30961 RX ua=95 mt=R len=7
PKT t=30966 TX ua=95 mt=P len=0
PKT t=30975 RX ua=95 mt=R len=7
PKT t=30980 TX ua=95 mt=P len=0
PKT t=30989 RX ua=95 mt=R len=7
PKT t=30994 TX ua=95 mt=P len=0
PKT t=31003 RX ua=95 mt=R len=7
PKT t=31008 TX ua=95 mt=P len=0
PKT t=31017 RX ua=95 mt=R len=7
PKT t=31022 TX ua=95 mt=P len=0
PKT t=31031 RX ua=95 mt=R len=7
PKT t=31036 TX ua=95 mt=P len=0
PKT t=31065 RX ua=95 mt=R len=7
PKT t=31070 TX ua=95 mt=P len=0
PKT t=31079 RX ua=95 mt=R len=7
PKT t=31084 TX ua=95 mt=P len=0
PKT t=31093 RX ua=95 mt=R len=7
PKT t=31098 TX ua=95 mt=P len=0
PKT t=31107 RX ua=95 mt=R len=7
PKT t=31112 TX ua=95 mt=T len=7
PKT t=31124 TX ua=95 mt=P len=0
PKT t=31133 RX ua=95 mt=R len=7
PKT t=31138 TX ua=95 mt=P len=0
PKT t=31167 RX ua=95 mt=R len=7
PKT t=31172 TX ua=95 mt=P len=0
PKT t=31181 RX ua=95 mt=R len=7
PKT t=31186 TX ua=95 mt=P len=0
PKT t=31195 RX ua=95 mt=R len=7
PKT t=31200 TX ua=95 mt=P len=0
PKT t=31209 RX ua=95 mt=R len=7
PKT t=31214 TX ua=95 mt=P len=0
PKT t=31223 RX ua=95 mt=R len=7
PKT t=31228 TX ua=95 mt=P len=0
PKT t=31237 RX ua=95 mt=R len=7
PKT t=31242 TX ua=95 mt=P len=0
PKT t=31271 RX ua=95 mt=R len=7
PKT t=31276 TX ua=95 mt=P len=0
PKT t=31285 RX ua=95 mt=R len=7
PKT t=31290 TX ua=95 mt=P len=0
PKT t=31299 RX ua=95 mt=R len=7
PKT t=31304 TX ua=95 mt=P len=0
PKT t=31314 RX ua=95 mt=R len=7
PKT t=31319 TX ua=95 mt=P len=0
PKT t=31328 RX ua=95 mt=R len=7
PKT t=31333 TX ua=95 mt=P len=0
PKT t=31342 RX ua=95 mt=R len=7
PKT t=31347 TX ua=95 mt=P len=0
PKT t=31376 RX ua=95 mt=R len=7
PKT t=31381 TX ua=95 mt=T len=7
PKT t=31393 TX ua=95 mt=P len=0
PKT t=31403 RX ua=95 mt=R len=7
PKT t=31408 TX ua=95 mt=P len=0
PKT t=31418 RX ua=95 mt=R len=7
PKT t=31423 TX ua=95 mt=P len=0
PKT t=31433 RX ua=95 mt=R len=7
PKT t=31438 TX ua=95 mt=P len=0
PKT t=31448 RX ua=95 mt=R len=7
PKT t=31453 TX ua=95 mt=P len=0
PKT t=31482 RX ua=95 mt=R len=7
PKT t=31487 TX ua=95 mt=P len=0
PKT t=31497 RX ua=95 mt=R len=7
PKT t=31502 TX ua=95 mt=P len=0
PKT t=31512 RX ua=95 mt=R len=7
PKT t=31517 TX ua=95 mt=P len=0
PKT t=31527 RX ua=95 mt=R len=7
PKT t=31532 TX ua=95 mt=P len=0
PKT t=31542 RX ua=95 mt=R len=7
PKT t=31547 TX ua=95 mt=P len=0
PKT t=31562 RX ua=95 mt=R len=7
PKT t=31817 TX ua=96 mt=P len=0
PKT t=32075 TX ua=95 mt=P len=0
PKT t=32085 RX ua=95 mt=R len=7
PKT t=32090 TX ua=95 mt=T len=7
PKT t=32102 TX ua=95 mt=P len=0
PKT t=32111 RX ua=95 mt=R len=7
PKT t=32116 TX ua=95 mt=T len=7
PKT t=32128 TX ua=95 mt=P len=0
PKT t=32137 RX ua=95 mt=R len=7
PKT t=32142 TX ua=95 mt=P len=0
PKT t=32161 RX ua=95 mt=R len=7
PKT t=32166 TX ua=95 mt=P len=0
PKT t=32194 RX ua=95 mt=R len=7
PKT t=32199 TX ua=95 mt=P len=0
PKT t=32208 RX ua=95 mt=R len=7
PKT t=32213 TX ua=95 mt=P len=0
PKT t=32222 RX ua=95 mt=R len=7
PKT t=32227 TX ua=95 mt=P len=0
PKT t=32236 RX ua=95 mt=R len=7
PKT t=32241 TX ua=95 mt=P len=0
PKT t=32250 RX ua=95 mt=R len=7
PKT t=32255 TX ua=95 mt=P len=0
PKT t=32264 RX ua=95 mt=R len=7
PKT t=32269 TX ua=95 mt=P len=0
PKT t=32298 RX ua=95 mt=R len=7
PKT t=32303 TX ua=95 mt=P len=0
PKT t=32312 RX ua=95 mt=R len=7
PKT t=32317 TX ua=95 mt=P len=0
PKT t=32326 RX ua=95 mt=R len=7
PKT t=32331 TX ua=95 mt=P len=0
PKT t=32340 RX ua=95 mt=R len=7
PKT t=32345 TX ua=95 mt=P len=0
PKT t=32354 RX ua=95 mt=R len=7
PKT t=32359 TX ua=95 mt=P len=0
PKT t=32368 RX ua=95 mt=R len=7
PKT t=32373 TX ua=95 mt=T len=7
PKT t=32385 TX ua=95 mt=P len=0
PKT t=32404 RX ua=95 mt=R len=7
PKT t=32409 TX ua=95 mt=P len=0
PKT t=32418 RX ua=95 mt=R len=7
PKT t=32423 TX ua=95 mt=P len=0
PKT t=32432 RX ua=95 mt=R len=7
PKT t=32437 TX ua=95 mt=P len=0
PKT t=32446 RX ua=95 mt=R len=7
PKT t=32461 TX ua=95 mt=P len=0
PKT t=32470 RX ua=95 mt=R len=7
PKT t=32475 TX ua=95 mt=P len=0
PKT t=32504 RX ua=95 mt=R len=7
PKT t=32509 TX ua=95 mt=P len=0
PKT t=32518 RX ua=95 mt=R len=7
PKT t=32523 TX ua=95 mt=P len=0
PKT t=32532 RX ua=95 mt=R len=7
PKT t=32537 TX ua=95 mt=P len=0
PKT t=32546 RX ua=95 mt=R len=7
PKT t=32551 TX ua=95 mt=P len=0
PKT t=32560 RX ua=95 mt=R len=7
PKT t=32565 TX ua=95 mt=P len=0
PKT t=32574 RX ua=95 mt=R len=7
PKT t=32579 TX ua=95 mt=P len=0
PKT t=32608 RX ua=95 mt=R len=7
PKT t=32613 TX ua=95 mt=T len=7
PKT t=32625 TX ua=95 mt=P len=0
PKT t=32634 RX ua=95 mt=R len=7
PKT t=32639 TX ua=95 mt=P len=0
PKT t=32648 RX ua=95 mt=R len=7
PKT t=32653 TX ua=95 mt=P len=0
PKT t=32662 RX ua=95 mt=R len=7
PKT t=32667 TX ua=95 mt=P len=0
PKT t=32676 RX ua=95 mt=R len=7
PKT t=32681 TX ua=95 mt=P len=0
PKT t=32710 RX ua=95 mt=R len=7
PKT t=32715 TX ua=95 mt=P len=0
PKT t=32724 RX ua=95 mt=R len=7
PKT t=32729 TX ua=95 mt=P len=0
PKT t=32738 RX ua=95 mt=R len=7
PKT t=32743 TX ua=95 mt=P len=0
PKT t=32761 RX ua=95 mt=R len=7
PKT t=32766 TX ua=95 mt=P len=0
PKT t=32775 RX ua=95 mt=R len=7
PKT t=32780 TX ua=95 mt=P len=0
PKT t=32810 RX ua=95 mt=R len=7
PKT t=32815 TX ua=95 mt=P len=0
PKT t=32824 RX ua=95 mt=R len=7
PKT t=32829 TX ua=95 mt=P len=0
PKT t=32838 RX ua=95 mt=R len=7
PKT t=32843 TX ua=95 mt=P len=0
PKT t=32852 RX ua=95 mt=R len=7
PKT t=32857 TX ua=95 mt=P len=0
PKT t=32866 RX ua=95 mt=R len=7
PKT t=32871 TX ua=95 mt=T len=7
PKT t=32883 TX ua=95 mt=P len=0
PKT t=32911 RX ua=95 mt=R len=7
PKT t=32916 TX ua=95 mt=P len=0
PKT t=32925 RX ua=95 mt=R len=7
PKT t=32930 TX ua=95 mt=P len=0
PKT t=32939 RX ua=95 mt=R len=7
PKT t=32944 TX ua=95 mt=P len=0
PKT t=32953 RX ua=95 mt=R len=7
PKT t=32958 TX ua=95 mt=P len=0
PKT t=32967 RX ua=95 mt=R len=7
PKT t=32972 TX ua=95 mt=P len=0
PKT t=32981 RX ua=95 mt=R len=7
PKT t=32986 TX ua=95 mt=P len=0
PKT t=33015 RX ua=95 mt=R len=7
PKT t=33020 TX ua=95 mt=P len=0
PKT t=33029 RX ua=95 mt=R len=7
PKT t=33034 TX ua=95 mt=P len=0
PKT t=33043 RX ua=95 mt=R len=7
PKT t=33061 TX ua=95 mt=P len=0
PKT t=33070 RX ua=95 mt=R len=7
PKT t=33075 TX ua=95 mt=P len=0
PKT t=33084 RX ua=95 mt=R len=7
PKT t=33089 TX ua=95 mt=P len=0
PKT t=33118 RX ua=95 mt=R len=7
PKT t=33123 TX ua=95 mt=T len=7
PKT t=33135 TX ua=95 mt=P len=0
PKT t=33144 RX ua=95 mt=R len=7
PKT t=33149 TX ua=95 mt=P len=0
PKT t=33158 RX ua=95 mt=R len=7
PKT t=33163 TX ua=95 mt=P len=0
PKT t=33172 RX ua=95 mt=R len=7
PKT t=33177 TX ua=95 mt=P len=0
PKT t=33186 RX ua=95 mt=R len=7
PKT t=33191 TX ua=95 mt=P len=0
PKT t=33220 RX ua=95 mt=R len=7
PKT t=33225 TX ua=95 mt=P len=0
PKT t=33234 RX ua=95 mt=R len=7
PKT t=33239 TX ua=95 mt=P len=0
PKT t=33248 RX ua=95 mt=R len=7
PKT t=33253 TX ua=95 mt=P len=0
PKT t=33262 RX ua=95 mt=R len=7
PKT t=33267 TX ua=95 mt=P len=0
PKT t=33276 RX ua=95 mt=R len=7
PKT t=33281 TX ua=95 mt=P len=0
PKT t=33290 RX ua=95 mt=R len=7
PKT t=33295 TX ua=95 mt=P len=0
PKT t=33324 RX ua=95 mt=R len=7
PKT t=33329 TX ua=95 mt=P len=0
PKT t=33339 RX ua=95 mt=R len=7
PKT t=33344 TX ua=95 mt=P len=0
PKT t=33361 RX ua=95 mt=R len=7
PKT t=33366 TX ua=95 mt=T len=7
PKT t=33378 TX ua=95 mt=P len=0
PKT t=33388 RX ua=95 mt=R len=7
PKT t=33393 TX ua=95 mt=P len=0
PKT t=33424 RX ua=95 mt=R len=7
PKT t=33429 TX ua=95 mt=P len=0
PKT t=33439 RX ua=95 mt=R len=7
PKT t=33444 TX ua=95 mt=P len=0
PKT t=33454 RX ua=95 mt=R len=7
PKT t=33459 TX ua=95 mt=P len=0
PKT t=33469 RX ua=95 mt=R len=7
PKT t=33474 TX ua=95 mt=P len=0
PKT t=33484 RX ua=95 mt=R len=7
PKT t=33489 TX ua=95 mt=P len=0
PKT t=33499 RX ua=95 mt=R len=7
PKT t=33504 TX ua=95 mt=P len=0
PKT t=33533 RX ua=95 mt=R len=7
PKT t=33538 TX ua=95 mt=P len=0
PKT t=33548 RX ua=95 mt=R len=7
PKT t=33553 TX ua=95 mt=P len=0
PKT t=33563 RX ua=95 mt=R len=7
PKT t=33568 TX ua=95 mt=P len=0
PKT t=33578 RX ua=95 mt=R len=7
PKT t=33583 TX ua=95 mt=P len=0
PKT t=33593 RX ua=95 mt=R len=7
PKT t=33598 TX ua=95 mt=P len=0
PKT t=33608 RX ua=95 mt=R len=7
PKT t=33613 TX ua=95 mt=T len=7
PKT t=33625 TX ua=95 mt=P len=0
PKT t=33643 RX ua=95 mt=R len=7
PKT t=33661 TX ua=95 mt=P len=0
PKT t=33670 RX ua=95 mt=R len=7
PKT t=33675 TX ua=95 mt=P len=0
PKT t=33684 RX ua=95 mt=R len=7
PKT t=33689 TX ua=95 mt=P len=0
PKT t=33698 RX ua=95 mt=R len=7
PKT t=33703 TX ua=95 mt=P len=0
PKT t=33712 RX ua=95 mt=R len=7
PKT t=33717 TX ua=95 mt=P len=0
PKT t=33746 RX ua=95 mt=R len=7
PKT t=33751 TX ua=95 mt=P len=0
PKT t=33760 RX ua=95 mt=R len=7
PKT t=33765 TX ua=95 mt=P len=0
PKT t=33774 RX ua=95 mt=R len=7
PKT t=33779 TX ua=95 mt=P len=0
PKT t=33788 RX ua=95 mt=R len=7
PKT t=33793 TX ua=95 mt=P len=0
PKT t=33802 RX ua=95 mt=R len=7
PKT t=33807 TX ua=95 mt=P len=0
PKT t=33816 RX ua=95 mt=R len=7
PKT t=33821 TX ua=95 mt=P len=0
PKT t=33850 RX ua=95 mt=R len=7
PKT t=33855 TX ua=95 mt=P len=0
PKT t=33864 RX ua=95 mt=R len=7
PKT t=33869 TX ua=95 mt=T len=7
PKT t=33881 TX ua=95 mt=P len=0
PKT t=33890 RX ua=95 mt=R len=7
PKT t=33895 TX ua=95 mt=P len=0
PKT t=33904 RX ua=95 mt=R len=7
PKT t=33909 TX ua=95 mt=P len=0
PKT t=33918 RX ua=95 mt=R len=7
PKT t=33923 TX ua=95 mt=P len=0
PKT t=33961 RX ua=95 mt=R len=7
PKT t=33966 TX ua=95 mt=P len=0
PKT t=33975 RX ua=95 mt=R len=7
PKT t=33980 TX ua=95 mt=P len=0
PKT t=33989 RX ua=95 mt=R len=7
PKT t=33994 TX ua=95 mt=P len=0
PKT t=34003 RX ua=95 mt=R len=7
PKT t=34008 TX ua=95 mt=P len=0
PKT t=34021 RX ua=95 mt=R len=7
PKT t=34026 TX ua=95 mt=P len=0
PKT t=34052 RX ua=95 mt=R len=7
PKT t=34057 TX ua=95 mt=P len=0
PKT t=34066 RX ua=95 mt=R len=7
PKT t=34071 TX ua=95 mt=P len=0
PKT t=34080 RX ua=95 mt=R len=7
PKT t=34085 TX ua=95 mt=P len=0
PKT t=34094 RX ua=95 mt=R len=7
PKT t=34099 TX ua=95 mt=P len=0
PKT t=34108 RX ua=95 mt=R len=7
PKT t=34113 TX ua=95 mt=T len=7
PKT t=34126 TX ua=95 mt=P len=0
PKT t=34153 RX ua=95 mt=R len=7
PKT t=34158 TX ua=95 mt=T len=7
PKT t=34171 TX ua=95 mt=P len=0
PKT t=34180 RX ua=95 mt=R len=7
PKT t=34185 TX ua=95 mt=P len=0
PKT t=34195 RX ua=95 mt=R len=7
PKT t=34200 TX ua=95 mt=P len=0
PKT t=34209 RX ua=95 mt=R len=7
PKT t=34214 TX ua=95 mt=P len=0
PKT t=34223 RX ua=95 mt=R len=7
PKT t=34228 TX ua=95 mt=P len=0
PKT t=34261 RX ua=95 mt=R len=7
PKT t=34266 TX ua=95 mt=P len=0
PKT t=34275 RX ua=95 mt=R len=7
PKT t=34280 TX ua=95 mt=P len=0
PKT t=34289 RX ua=95 mt=R len=7
PKT t=34294 TX ua=95 mt=P len=0
PKT t=34303 RX ua=95 mt=R len=7
PKT t=34308 TX ua=95 mt=P len=0
PKT t=34317 RX ua=95 mt=R len=7
PKT t=34322 TX ua=95 mt=P len=0
PKT t=34331 RX ua=95 mt=R len=7
PKT t=34336 TX ua=95 mt=P len=0
PKT t=34365 RX ua=95 mt=R len=7
PKT t=34370 TX ua=95 mt=T len=7
PKT t=34383 TX ua=95 mt=P len=0
PKT t=34392 RX ua=95 mt=R len=7
PKT t=34397 TX ua=95 mt=P len=0
PKT t=34406 RX ua=95 mt=R len=7
PKT t=34411 TX ua=95 mt=P len=0
PKT t=34420 RX ua=95 mt=R len=7
PKT t=34425 TX ua=95 mt=P len=0
PKT t=34434 RX ua=95 mt=R len=7
PKT t=34439 TX ua=95 mt=P len=0
PKT t=34468 RX ua=95 mt=R len=7
PKT t=34473 TX ua=95 mt=P len=0
PKT t=34482 RX ua=95 mt=R len=7
PKT t=34487 TX ua=95 mt=P len=0
PKT t=34496 RX ua=95 mt=R len=7
PKT t=34501 TX ua=95 mt=P len=0
PKT t=34510 RX ua=95 mt=R len=7
PKT t=34515 TX ua=95 mt=P len=0
PKT t=34524 RX ua=95 mt=R len=7
PKT t=34529 TX ua=95 mt=P len=0
PKT t=34538 RX ua=95 mt=R len=7
PKT t=34543 TX ua=95 mt=P len=0
PKT t=34572 RX ua=95 mt=R len=7
PKT t=34577 TX ua=95 mt=P len=0
PKT t=34586 RX ua=95 mt=R len=7
PKT t=34591 TX ua=95 mt=P len=0
PKT t=34600 RX ua=95 mt=R len=7
PKT t=34605 TX ua=95 mt=P len=0
PKT t=34614 RX ua=95 mt=R len=7
PKT t=34619 TX ua=95 mt=T len=7
PKT t=34632 TX ua=95 mt=P len=0
PKT t=34641 RX ua=95 mt=R len=7
PKT t=34646 TX ua=95 mt=P len=0
PKT t=34675 RX ua=95 mt=R len=7
PKT t=34680 TX ua=95 mt=P len=0
PKT t=34689 RX ua=95 mt=R len=7
PKT t=34694 TX ua=95 mt=P len=0
PKT t=34703 RX ua=95 mt=R len=7
PKT t=34708 TX ua=95 mt=P len=0
PKT t=34717 RX ua=95 mt=R len=7
PKT t=34722 TX ua=95 mt=P len=0
PKT t=34731 RX ua=95 mt=R len=7
PKT t=34736 TX ua=95 mt=P len=0
PKT t=34745 RX ua=95 mt=R len=7
PKT t=34750 TX ua=95 mt=P len=0
PKT t=34779 RX ua=95 mt=R len=7
PKT t=34784 TX ua=95 mt=P len=0
PKT t=34793 RX ua=95 mt=R len=7
PKT t=34798 TX ua=95 mt=P len=0
PKT t=34807 RX ua=95 mt=R len=7
PKT t=34812 TX ua=95 mt=P len=0
PKT t=34821 RX ua=95 mt=R len=7
PKT t=34826 TX ua=95 mt=P len=0
PKT t=34835 RX ua=95 mt=R len=7
PKT t=34840 TX ua=95 mt=P len=0
PKT t=34861 RX ua=95 mt=R len=7
PKT t=34866 TX ua=95 mt=T len=7
PKT t=34879 TX ua=95 mt=P len=0
PKT t=34888 RX ua=95 mt=R len=7
PKT t=34893 TX ua=95 mt=P len=0
PKT t=34902 RX ua=95 mt=R len=7
PKT t=34907 TX ua=95 mt=P len=0
PKT t=34916 RX ua=95 mt=R len=7
PKT t=34921 TX ua=95 mt=P len=0
PKT t=34930 RX ua=95 mt=R len=7
PKT t=34935 TX ua=95 mt=P len=0
PKT t=34944 RX ua=95 mt=R len=7
PKT t=34949 TX ua=95 mt=P len=0
PKT t=34958 RX ua=95 mt=R len=7
PKT t=34963 TX ua=95 mt=P len=0
PKT t=34992 RX ua=95 mt=R len=7
PKT t=34997 TX ua=95 mt=P len=0
PKT t=35006 RX ua=95 mt=R len=7
PKT t=35011 TX ua=95 mt=P len=0
PKT t=35020 RX ua=95 mt=R len=7
PKT t=35025 TX ua=95 mt=P len=0
PKT t=35034 RX ua=95 mt=R len=7
PKT t=35039 TX ua=95 mt=P len=0
PKT t=35048 RX ua=95 mt=R len=7
PKT t=35053 TX ua=95 mt=P len=0
PKT t=35062 RX ua=95 mt=R len=7
PKT t=35067 TX ua=95 mt=P len=0
PKT t=35096 RX ua=95 mt=R len=7
PKT t=35101 TX ua=95 mt=P len=0
PKT t=35110 RX ua=95 mt=R len=7
PKT t=35115 TX ua=95 mt=T len=7
PKT t=35127 TX ua=95 mt=P len=0
PKT t=35136 RX ua=95 mt=R len=7
PKT t=35141 TX ua=95 mt=P len=0
PKT t=35161 RX ua=95 mt=R len=7
PKT t=35166 TX ua=95 mt=P len=0
PKT t=35196 RX ua=95 mt=R len=7
PKT t=35201 TX ua=95 mt=P len=0
PKT t=35210 RX ua=95 mt=R len=7
PKT t=35215 TX ua=95 mt=P len=0
PKT t=35224 RX ua=95 mt=R len=7
PKT t=35229 TX ua=95 mt=P len=0
PKT t=35238 RX ua=95 mt=R len=7
PKT t=35243 TX ua=95 mt=P len=0
PKT t=35252 RX ua=95 mt=R len=7
PKT t=35257 TX ua=95 mt=P len=0
PKT t=35266 RX ua=95 mt=R len=7
PKT t=35271 TX ua=95 mt=P len=0
PKT t=35300 RX ua=95 mt=R len=7
PKT t=35305 TX ua=95 mt=P len=0
PKT t=35314 RX ua=95 mt=R len=7
PKT t=35319 TX ua=95 mt=P len=0
PKT t=35328 RX ua=95 mt=R len=7
PKT t=35333 TX ua=95 mt=P len=0
PKT t=35342 RX ua=95 mt=R len=7
PKT t=35347 TX ua=95 mt=P len=0
PKT t=35356 RX ua=95 mt=R len=7
PKT t=35361 TX ua=95 mt=P len=0
PKT t=35370 RX ua=95 mt=R len=7
PKT t=35375 TX ua=95 mt=T len=7
PKT t=35387 TX ua=95 mt=P len=0
PKT t=35406 RX ua=95 mt=R len=7
PKT t=35411 TX ua=95 mt=P len=0
PKT t=35421 RX ua=95 mt=R len=7
PKT t=35426 TX ua=95 mt=P len=0
PKT t=35436 RX ua=95 mt=R len=7
PKT t=35441 TX ua=95 mt=P len=0
PKT t=35461 RX ua=95 mt=R len=7
PKT t=35466 TX ua=95 mt=P len=0
PKT t=35476 RX ua=95 mt=R len=7
PKT t=35481 TX ua=95 mt=P len=0
PKT t=35510 RX ua=95 mt=R len=7
PKT t=35515 TX ua=95 mt=P len=0
PKT t=35525 RX ua=95 mt=R len=7
PKT t=35530 TX ua=95 mt=P len=0
PKT t=35540 RX ua=95 mt=R len=7
PKT t=35545 TX ua=95 mt=P len=0
PKT t=35555 RX ua=95 mt=R len=7
PKT t=35560 TX ua=95 mt=P len=0
PKT t=35570 RX ua=95 mt=R len=7
PKT t=35575 TX ua=95 mt=P len=0
PKT t=35585 RX ua=95 mt=R len=7
PKT t=35590 TX ua=95 mt=P len=0
PKT t=35619 RX ua=95 mt=R len=7
PKT t=35624 TX ua=95 mt=T len=7
PKT t=35636 TX ua=95 mt=P len=0
PKT t=35645 RX ua=95 mt=R len=7
PKT t=35650 TX ua=95 mt=P len=0
PKT t=35659 RX ua=95 mt=R len=7
PKT t=35664 TX ua=95 mt=P len=0
PKT t=35673 RX ua=95 mt=R len=7
PKT t=35678 TX ua=95 mt=P len=0
PKT t=35687 RX ua=95 mt=R len=7
PKT t=35692 TX ua=95 mt=P len=0
PKT t=35722 RX ua=95 mt=R len=7
PKT t=35727 TX ua=95 mt=P len=0
PKT t=35736 RX ua=95 mt=R len=7
PKT t=35741 TX ua=95 mt=P len=0
PKT t=35761 RX ua=95 mt=R len=7
PKT t=35766 TX ua=95 mt=P len=0
PKT t=35775 RX ua=95 mt=R len=7
PKT t=35780 TX ua=95 mt=P len=0
PKT t=35789 RX ua=95 mt=R len=7
PKT t=35794 TX ua=95 mt=P len=0
PKT t=35823 RX ua=95 mt=R len=7
PKT t=35828 TX ua=95 mt=P len=0
PKT t=35837 RX ua=95 mt=R len=7
PKT t=35842 TX ua=95 mt=P len=0
PKT t=35851 RX ua=95 mt=R len=7
PKT t=35856 TX ua=95 mt=P len=0
PKT t=35865 RX ua=95 mt=R len=7
PKT t=35870 TX ua=95 mt=T len=7
PKT t=35882 TX ua=95 mt=P len=0
PKT t=35891 RX ua=95 mt=R len=7
PKT t=35896 TX ua=95 mt=P len=0
PKT t=35925 RX ua=95 mt=R len=7
PKT t=35930 TX ua=95 mt=P len=0
PKT t=35939 RX ua=95 mt=R len=7
PKT t=35944 TX ua=95 mt=P len=0
PKT t=35953 RX ua=95 mt=R len=7
PKT t=35958 TX ua=95 mt=P len=0
PKT t=35967 RX ua=95 mt=R len=7
PKT t=35972 TX ua=95 mt=P len=0
PKT t=35981 RX ua=95 mt=R len=7
PKT t=35986 TX ua=95 mt=P len=0
PKT t=35995 RX ua=95 mt=R len=7
PKT t=36000 TX ua=95 mt=P len=0
PKT t=36029 RX ua=95 mt=R len=7
PKT t=36034 TX ua=95 mt=P len=0
PKT t=36043 RX ua=95 mt=R len=7
PKT t=36061 TX ua=95 mt=P len=0
PKT t=36070 RX ua=95 mt=R len=7
PKT t=36075 TX ua=95 mt=P len=0
PKT t=36084 RX ua=95 mt=R len=7
PKT t=36089 TX ua=95 mt=P len=0
PKT t=36098 RX ua=95 mt=R len=7
PKT t=36103 TX ua=95 mt=P len=0
PKT t=36132 RX ua=95 mt=R len=7
PKT t=36137 TX ua=95 mt=T len=7
PKT t=36149 TX ua=95 mt=P len=0
PKT t=36158 RX ua=95 mt=R len=7
PKT t=36163 TX ua=95 mt=P len=0
PKT t=36172 RX ua=95 mt=R len=7
PKT t=36177 TX ua=95 mt=P len=0
PKT t=36186 RX ua=95 mt=R len=7
PKT t=36191 TX ua=95 mt=P len=0
PKT t=36200 RX ua=95 mt=R len=7
PKT t=36205 TX ua=95 mt=P len=0
PKT t=36234 RX ua=95 mt=R len=7
PKT t=36239 TX ua=95 mt=P len=0
PKT t=36248 RX ua=95 mt=R len=7
PKT t=36253 TX ua=95 mt=P len=0
PKT t=36262 RX ua=95 mt=R len=7
PKT t=36267 TX ua=95 mt=P len=0
PKT t=36276 RX ua=95 mt=R len=7
PKT t=36281 TX ua=95 mt=P len=0
PKT t=36290 RX ua=95 mt=R len=7
PKT t=36295 TX ua=95 mt=P len=0
PKT t=36304 RX ua=95 mt=R len=7
PKT t=36309 TX ua=95 mt=P len=0
PKT t=36338 RX ua=95 mt=R len=7
PKT t=36343 TX ua=95 mt=P len=0
PKT t=36361 RX ua=95 mt=R len=7
PKT t=36366 TX ua=95 mt=T len=7
PKT t=36378 TX ua=95 mt=P len=0
PKT t=36387 RX ua=95 mt=R len=7
PKT t=36392 TX ua=95 mt=P len=0
PKT t=36401 RX ua=95 mt=R len=7
PKT t=36406 TX ua=95 mt=P len=0
PKT t=36438 RX ua=95 mt=R len=7
PKT t=36443 TX ua=95 mt=P len=0
PKT t=36452 RX ua=95 mt=R len=7
PKT t=36457 TX ua=95 mt=P len=0
PKT t=36466 RX ua=95 mt=R len=7
PKT t=36471 TX ua=95 mt=P len=0
PKT t=36480 RX ua=95 mt=R len=7
PKT t=36485 TX ua=95 mt=P len=0
PKT t=36494 RX ua=95 mt=R len=7
PKT t=36499 TX ua=95 mt=P len=0
PKT t=36508 RX ua=95 mt=R len=7
PKT t=36513 TX ua=95 mt=P len=0
PKT t=36542 RX ua=95 mt=R len=7
PKT t=36547 TX ua=95 mt=P len=0
PKT t=36556 RX ua=95 mt=R len=7
PKT t=36561 TX ua=95 mt=P len=0
PKT t=36570 RX ua=95 mt=R len=7
PKT t=36575 TX ua=95 mt=P len=0
PKT t=36584 RX ua=95 mt=R len=7
PKT t=36589 TX ua=95 mt=P len=0
PKT t=36598 RX ua=95 mt=R len=7
PKT t=36603 TX ua=95 mt=P len=0
PKT t=36612 RX ua=95 mt=R len=7
PKT t=36617 TX ua=95 mt=T len=7
PKT t=36629 TX ua=95 mt=P len=0
PKT t=36661 RX ua=95 mt=R len=7
PKT t=36666 TX ua=95 mt=P len=0
PKT t=36675 RX ua=95 mt=R len=7
PKT t=36680 TX ua=95 mt=P len=0
PKT t=36689 RX ua=95 mt=R len=7
PKT t=36694 TX ua=95 mt=P len=0
PKT t=36703 RX ua=95 mt=R len=7
PKT t=36708 TX ua=95 mt=P len=0
PKT t=36717 RX ua=95 mt=R len=7
PKT t=36722 TX ua=95 mt=P len=0
PKT t=36751 RX ua=95 mt=R len=7
PKT t=36756 TX ua=95 mt=P len=0
PKT t=36765 RX ua=95 mt=R len=7
PKT t=36770 TX ua=95 mt=P len=0
PKT t=36779 RX ua=95 mt=R len=7
PKT t=36784 TX ua=95 mt=P len=0
PKT t=36793 RX ua=95 mt=R len=7
PKT t=36798 TX ua=95 mt=P len=0
PKT t=36807 RX ua=95 mt=R len=7
PKT t=36812 TX ua=95 mt=P len=0
PKT t=36821 RX ua=95 mt=R len=7
PKT t=36826 TX ua=95 mt=P len=0
PKT t=36855 RX ua=95 mt=R len=7
PKT t=36860 TX ua=95 mt=P len=0
PKT t=36869 RX ua=95 mt=R len=7
PKT t=36874 TX ua=95 mt=T len=7
PKT t=36886 TX ua=95 mt=P len=0
PKT t=36895 RX ua=95 mt=R len=7
PKT t=36900 TX ua=95 mt=P len=0
PKT t=36909 RX ua=95 mt=R len=7
PKT t=36914 TX ua=95 mt=P len=0
PKT t=36923 RX ua=95 mt=R len=7
PKT t=36928 TX ua=95 mt=P len=0
PKT t=36961 RX ua=95 mt=R len=7
PKT t=36966 TX ua=95 mt=P len=0
PKT t=36975 RX ua=95 mt=R len=7
PKT t=36980 TX ua=95 mt=P len=0
PKT t=36989 RX ua=95 mt=R len=7
PKT t=36994 TX ua=95 mt=P len=0
PKT t=37003 RX ua=95 mt=R len=7
PKT t=37008 TX ua=95 mt=P len=0
PKT t=37017 RX ua=95 mt=R len=7
PKT t=37022 TX ua=95 mt=P len=0
PKT t=37031 RX ua=95 mt=R len=7
PKT t=37036 TX ua=95 mt=P len=0
PKT t=37065 RX ua=95 mt=R len=7
PKT t=37070 TX ua=95 mt=P len=0
PKT t=37079 RX ua=95 mt=R len=7
PKT t=37084 TX ua=95 mt=P len=0
PKT t=37093 RX ua=95 mt=R len=7
PKT t=37098 TX ua=95 mt=P len=0
PKT t=37107 RX ua=95 mt=R len=7
PKT t=37112 TX ua=95 mt=T len=7
PKT t=37125 TX ua=95 mt=P len=0
PKT t=37134 RX ua=95 mt=R len=7
PKT t=37139 TX ua=95 mt=P len=0
PKT t=37169 RX ua=95 mt=R len=7
PKT t=37174 TX ua=95 mt=P len=0
PKT t=37183 RX ua=95 mt=R len=7
PKT t=37188 TX ua=95 mt=P len=0
PKT t=37197 RX ua=95 mt=R len=7
PKT t=37202 TX ua=95 mt=P len=0
PKT t=37211 RX ua=95 mt=R len=7
PKT t=37216 TX ua=95 mt=P len=0
PKT t=37225 RX ua=95 mt=R len=7
PKT t=37230 TX ua=95 mt=P len=0
PKT t=37239 RX ua=95 mt=R len=7
PKT t=37244 TX ua=95 mt=P len=0
PKT t=37273 RX ua=95 mt=R len=7
PKT t=37278 TX ua=95 mt=P len=0
PKT t=37287 RX ua=95 mt=R len=7
