PKT t=7131 RX ua=95 mt=R len=7
PKT t=7136 TX ua=95 mt=P len=0
PKT t=7145 RX ua=95 mt=R len=7
PKT t=7150 TX ua=95 mt=T len=7
PKT t=7162 TX ua=95 mt=P len=0
PKT t=7181 RX ua=95 mt=R len=7
PKT t=7186 TX ua=95 mt=P len=0
PKT t=7201 RX ua=95 mt=R len=7
PKT t=7456 TX ua=96 mt=P len=0
PKT t=7714 TX ua=95 mt=P len=0
PKT t=7723 RX ua=95 mt=R len=7
PKT t=7728 TX ua=95 mt=T len=7
PKT t=7740 TX ua=95 mt=P len=0
PKT t=7761 RX ua=95 mt=R len=7
PKT t=7766 TX ua=95 mt=P len=0
PKT t=7783 RX ua=95 mt=R len=7
PKT t=7788 TX ua=95 mt=P len=0
PKT t=7797 RX ua=95 mt=R len=7
PKT t=7802 TX ua=95 mt=P len=0
PKT t=7811 RX ua=95 mt=R len=7
PKT t=7816 TX ua=95 mt=P len=0
PKT t=7825 RX ua=95 mt=R len=7
PKT t=7830 TX ua=95 mt=P len=0
PKT t=7839 RX ua=95 mt=R len=7
PKT t=7844 TX ua=95 mt=P len=0
PKT t=7853 RX ua=95 mt=R len=7
PKT t=7858 TX ua=95 mt=P len=0
PKT t=7901 RX ua=95 mt=R len=7
PKT t=7906 TX ua=95 mt=T len=7
PKT t=7918 TX ua=95 mt=P len=0
PKT t=7927 RX ua=95 mt=R len=7
PKT t=7932 TX ua=95 mt=P len=0
PKT t=7941 RX ua=95 mt=R len=7
PKT t=7946 TX ua=95 mt=P len=0
PKT t=7955 RX ua=95 mt=R len=7
PKT t=7960 TX ua=95 mt=P len=0
PKT t=7989 RX ua=95 mt=R len=7
PKT t=7994 TX ua=95 mt=P len=0
PKT t=8003 RX ua=95 mt=R len=7
PKT t=8008 TX ua=95 mt=P len=0
PKT t=8017 RX ua=95 mt=R len=7
PKT t=8022 TX ua=95 mt=P len=0
PKT t=8041 RX ua=95 mt=R len=7
PKT t=8046 TX ua=95 mt=P len=0
PKT t=8055 RX ua=95 mt=R len=7
PKT t=8060 TX ua=95 mt=P len=0
PKT t=8089 RX ua=95 mt=R len=7
PKT t=8094 TX ua=95 mt=P len=0
PKT t=8103 RX ua=95 mt=R len=7
PKT t=8108 TX ua=95 mt=T len=7
PKT t=8120 TX ua=95 mt=P len=0
PKT t=8129 RX ua=95 mt=R len=7
PKT t=8134 TX ua=95 mt=P len=0
PKT t=8143 RX ua=95 mt=R len=7
PKT t=8148 TX ua=95 mt=P len=0
PKT t=8157 RX ua=95 mt=R len=7
PKT t=8162 TX ua=95 mt=T len=7
PKT t=8186 TX ua=95 mt=P len=0
PKT t=8195 RX ua=95 mt=R len=7
PKT t=8200 TX ua=95 mt=P len=0
PKT t=8209 RX ua=95 mt=R len=7
PKT t=8214 TX ua=95 mt=P len=0
PKT t=8223 RX ua=95 mt=R len=7
PKT t=8228 TX ua=95 mt=P len=0
PKT t=8237 RX ua=95 mt=R len=7
PKT t=8242 TX ua=95 mt=P len=0
PKT t=8251 RX ua=95 mt=R len=7
PKT t=8256 TX ua=95 mt=P len=0
PKT t=8265 RX ua=95 mt=R len=7
PKT t=8270 TX ua=95 mt=P len=0
PKT t=8299 RX ua=95 mt=R len=7
PKT t=8304 TX ua=95 mt=P len=0
PKT t=8321 RX ua=95 mt=R len=7
PKT t=8326 TX ua=95 mt=P len=0
PKT t=8336 RX ua=95 mt=R len=7
PKT t=8341 TX ua=95 mt=P len=0
PKT t=8350 RX ua=95 mt=R len=7
PKT t=8355 TX ua=95 mt=P len=0
PKT t=8364 RX ua=95 mt=R len=7
PKT t=8369 TX ua=95 mt=P len=0
PKT t=8399 RX ua=95 mt=R len=7
PKT t=8404 TX ua=95 mt=T len=7
PKT t=8416 TX ua=95 mt=P len=0
PKT t=8425 RX ua=95 mt=R len=7
PKT t=8430 TX ua=95 mt=P len=0
PKT t=8439 RX ua=95 mt=R len=7
PKT t=8444 TX ua=95 mt=P len=0
PKT t=8461 RX ua=95 mt=R len=7
PKT t=8466 TX ua=95 mt=P len=0
PKT t=8499 RX ua=95 mt=R len=7
PKT t=8503 TX ua=95 mt=P len=0
PKT t=8512 RX ua=95 mt=R len=7
PKT t=8517 TX ua=95 mt=P len=0
PKT t=8526 RX ua=95 mt=R len=7
PKT t=8531 TX ua=95 mt=P len=0
PKT t=8540 RX ua=95 mt=R len=7
PKT t=8545 TX ua=95 mt=P len=0
PKT t=8554 RX ua=95 mt=R len=7
PKT t=8559 TX ua=95 mt=P len=0
PKT t=8568 RX ua=95 mt=R len=7
PKT t=8573 TX ua=95 mt=P len=0
PKT t=8602 RX ua=95 mt=R len=7
PKT t=8607 TX ua=95 mt=P len=0
PKT t=8616 RX ua=95 mt=R len=7
PKT t=8621 TX ua=95 mt=P len=0
PKT t=8630 RX ua=95 mt=R len=7
PKT t=8635 TX ua=95 mt=P len=0
PKT t=8644 RX ua=95 mt=R len=7
PKT t=8649 TX ua=95 mt=P len=0
PKT t=8658 RX ua=95 mt=R len=7
PKT t=8663 TX ua=95 mt=T len=7
PKT t=8675 TX ua=95 mt=P len=0
PKT t=8703 RX ua=95 mt=R len=7
PKT t=8708 TX ua=95 mt=P len=0
PKT t=8717 RX ua=95 mt=R len=7
PKT t=8722 TX ua=95 mt=P len=0
PKT t=8741 RX ua=95 mt=R len=7
PKT t=8746 TX ua=95 mt=P len=0
PKT t=8755 RX ua=95 mt=R len=7
PKT t=8760 TX ua=95 mt=P len=0
PKT t=8769 RX ua=95 mt=R len=7
PKT t=8774 TX ua=95 mt=P len=0
PKT t=8803 RX ua=95 mt=R len=7
PKT t=8808 TX ua=95 mt=P len=0
PKT t=8817 RX ua=95 mt=R len=7
PKT t=8822 TX ua=95 mt=P len=0
PKT t=8831 RX ua=95 mt=R len=7
PKT t=8836 TX ua=95 mt=P len=0
PKT t=8845 RX ua=95 mt=R len=7
PKT t=8850 TX ua=95 mt=P len=0
PKT t=8859 RX ua=95 mt=R len=7
PKT t=8864 TX ua=95 mt=P len=0
PKT t=8881 RX ua=95 mt=R len=7
PKT t=8886 TX ua=95 mt=P len=0
PKT t=8907 RX ua=95 mt=R len=7
PKT t=8912 TX ua=95 mt=T len=7
PKT t=8924 TX ua=95 mt=P len=0
PKT t=8933 RX ua=95 mt=R len=7
PKT t=8938 TX ua=95 mt=P len=0
PKT t=8947 RX ua=95 mt=R len=7
PKT t=8952 TX ua=95 mt=P len=0
PKT t=8961 RX ua=95 mt=R len=7
PKT t=8966 TX ua=95 mt=P len=0
PKT t=8975 RX ua=95 mt=R len=7
PKT t=8980 TX ua=95 mt=P len=0
PKT t=9021 RX ua=95 mt=R len=7
PKT t=9026 TX ua=95 mt=P len=0
PKT t=9035 RX ua=95 mt=R len=7
PKT t=9040 TX ua=95 mt=P len=0
PKT t=9049 RX ua=95 mt=R len=7
PKT t=9054 TX ua=95 mt=P len=0
PKT t=9063 RX ua=95 mt=R len=7
PKT t=9068 TX ua=95 mt=P len=0
PKT t=9077 RX ua=95 mt=R len=7
PKT t=9082 TX ua=95 mt=P len=0
PKT t=9111 RX ua=95 mt=R len=7
PKT t=9116 TX ua=95 mt=T len=7
PKT t=9128 TX ua=95 mt=P len=0
PKT t=9137 RX ua=95 mt=R len=7
PKT t=9142 TX ua=95 mt=P len=0
PKT t=9161 RX ua=95 mt=R len=7
PKT t=9166 TX ua=95 mt=T len=7
PKT t=9178 TX ua=95 mt=P len=0
PKT t=9211 RX ua=95 mt=R len=7
PKT t=9215 TX ua=95 mt=P len=0
PKT t=9224 RX ua=95 mt=R len=7
PKT t=9229 TX ua=95 mt=P len=0
PKT t=9238 RX ua=95 mt=R len=7
PKT t=9243 TX ua=95 mt=P len=0
PKT t=9252 RX ua=95 mt=R len=7
PKT t=9257 TX ua=95 mt=P len=0
PKT t=9266 RX ua=95 mt=R len=7
PKT t=9271 TX ua=95 mt=P len=0
PKT t=9280 RX ua=95 mt=R len=7
PKT t=9285 TX ua=95 mt=P len=0
PKT t=9314 RX ua=95 mt=R len=7
PKT t=9319 TX ua=95 mt=P len=0
PKT t=9328 RX ua=95 mt=R len=7
PKT t=9333 TX ua=95 mt=P len=0
PKT t=9342 RX ua=95 mt=R len=7
PKT t=9347 TX ua=95 mt=P len=0
PKT t=9356 RX ua=95 mt=R len=7
PKT t=9361 TX ua=95 mt=P len=0
PKT t=9370 RX ua=95 mt=R len=7
PKT t=9375 TX ua=95 mt=P len=0
PKT t=9384 RX ua=95 mt=R len=7
PKT t=9389 TX ua=95 mt=P len=0
PKT t=9418 RX ua=95 mt=R len=7
PKT t=9423 TX ua=95 mt=T len=7
PKT t=9448 TX ua=95 mt=P len=0
PKT t=9458 RX ua=95 mt=R len=7
PKT t=9463 TX ua=95 mt=P len=0
PKT t=9473 RX ua=95 mt=R len=7
PKT t=9478 TX ua=95 mt=P len=0
PKT t=9488 RX ua=95 mt=R len=7
PKT t=9493 TX ua=95 mt=P len=0
PKT t=9522 RX ua=95 mt=R len=7
PKT t=9527 TX ua=95 mt=P len=0
PKT t=9537 RX ua=95 mt=R len=7
PKT t=9542 TX ua=95 mt=P len=0
PKT t=9552 RX ua=95 mt=R len=7
PKT t=9557 TX ua=95 mt=P len=0
PKT t=9581 RX ua=95 mt=R len=7
PKT t=9586 TX ua=95 mt=P len=0
PKT t=9596 RX ua=95 mt=R len=7
PKT t=9601 TX ua=95 mt=P len=0
PKT t=9630 RX ua=95 mt=R len=7
PKT t=9635 TX ua=95 mt=P len=0
PKT t=9645 RX ua=95 mt=R len=7
PKT t=9650 TX ua=95 mt=P len=0
PKT t=9660 RX ua=95 mt=R len=7
PKT t=9665 TX ua=95 mt=T len=7
PKT t=9677 TX ua=95 mt=P len=0
PKT t=9686 RX ua=95 mt=R len=7
PKT t=9691 TX ua=95 mt=P len=0
PKT t=9700 RX ua=95 mt=R len=7
PKT t=9705 TX ua=95 mt=P len=0
PKT t=9734 RX ua=95 mt=R len=7
PKT t=9739 TX ua=95 mt=P len=0
PKT t=9748 RX ua=95 mt=R len=7
PKT t=9753 TX ua=95 mt=P len=0
PKT t=9762 RX ua=95 mt=R len=7
PKT t=9767 TX ua=95 mt=P len=0
PKT t=9776 RX ua=95 mt=R len=7
PKT t=9781 TX ua=95 mt=P len=0
PKT t=9790 RX ua=95 mt=R len=7
PKT t=9795 TX ua=95 mt=P len=0
PKT t=9804 RX ua=95 mt=R len=7
PKT t=9809 TX ua=95 mt=P len=0
PKT t=9838 RX ua=95 mt=R len=7
PKT t=9843 TX ua=95 mt=P len=0
PKT t=9861 RX ua=95 mt=R len=7
PKT t=9866 TX ua=95 mt=P len=0
PKT t=9875 RX ua=95 mt=R len=7
PKT t=9880 TX ua=95 mt=P len=0
PKT t=9889 RX ua=95 mt=R len=7
PKT t=9894 TX ua=95 mt=P len=0
PKT t=9903 RX ua=95 mt=R len=7
PKT t=9908 TX ua=95 mt=P len=0
PKT t=9938 RX ua=95 mt=R len=7
PKT t=9942 TX ua=95 mt=T len=7
PKT t=9954 TX ua=95 mt=P len=0
PKT t=9963 RX ua=95 mt=R len=7
PKT t=9968 TX ua=95 mt=P len=0
PKT t=9977 RX ua=95 mt=R len=7
PKT t=9982 TX ua=95 mt=P len=0
PKT t=10001 RX ua=95 mt=R len=7
PKT t=10009 TX ua=95 mt=P len=0
PKT t=10037 RX ua=95 mt=R len=7
PKT t=10042 TX ua=95 mt=P len=0
PKT t=10051 RX ua=95 mt=R len=7
PKT t=10056 TX ua=95 mt=P len=0
PKT t=10065 RX ua=95 mt=R len=7
PKT t=10070 TX ua=95 mt=P len=0
PKT t=10079 RX ua=95 mt=R len=7
PKT t=10084 TX ua=95 mt=P len=0
PKT t=10093 RX ua=95 mt=R len=7
PKT t=10098 TX ua=95 mt=P len=0
PKT t=10107 RX ua=95 mt=R len=7
PKT t=10112 TX ua=95 mt=T len=7
PKT t=10125 TX ua=95 mt=P len=0
PKT t=10147 RX ua=95 mt=R len=7
PKT t=10152 TX ua=95 mt=T len=7
PKT t=10165 TX ua=95 mt=T len=7
PKT t=10178 TX ua=95 mt=P len=0
PKT t=10187 RX ua=95 mt=R len=7
PKT t=10192 TX ua=95 mt=P len=0
PKT t=10201 RX ua=95 mt=R len=7
PKT t=10206 TX ua=95 mt=P len=0
PKT t=10215 RX ua=95 mt=R len=7
PKT t=10220 TX ua=95 mt=P len=0
PKT t=10249 RX ua=95 mt=R len=7
PKT t=10254 TX ua=95 mt=P len=0
PKT t=10263 RX ua=95 mt=R len=7
PKT t=10281 TX ua=95 mt=P len=0
PKT t=10290 RX ua=95 mt=R len=7
PKT t=10295 TX ua=95 mt=P len=0
PKT t=10304 RX ua=95 mt=R len=7
PKT t=10309 TX ua=95 mt=P len=0
PKT t=10318 RX ua=95 mt=R len=7
PKT t=10323 TX ua=95 mt=P len=0
PKT t=10352 RX ua=95 mt=R len=7
PKT t=10357 TX ua=95 mt=P len=0
PKT t=10366 RX ua=95 mt=R len=7
PKT t=10371 TX ua=95 mt=P len=0
PKT t=10380 RX ua=95 mt=R len=7
PKT t=10385 TX ua=95 mt=P len=0
PKT t=10394 RX ua=95 mt=R len=7
PKT t=10399 TX ua=95 mt=P len=0
PKT t=10421 RX ua=95 mt=R len=7
PKT t=10426 TX ua=95 mt=T len=7
PKT t=10439 TX ua=95 mt=P len=0
PKT t=10453 RX ua=95 mt=R len=7
PKT t=10458 TX ua=95 mt=P len=0
PKT t=10467 RX ua=95 mt=R len=7
PKT t=10472 TX ua=95 mt=P len=0
PKT t=10481 RX ua=95 mt=R len=7
PKT t=10486 TX ua=95 mt=P len=0
PKT t=10495 RX ua=95 mt=R len=7
PKT t=10500 TX ua=95 mt=P len=0
PKT t=10509 RX ua=95 mt=R len=7
PKT t=10514 TX ua=95 mt=P len=0
PKT t=10523 RX ua=95 mt=R len=7
PKT t=10528 TX ua=95 mt=P len=0
PKT t=10561 RX ua=95 mt=R len=7
PKT t=10566 TX ua=95 mt=P len=0
PKT t=10575 RX ua=95 mt=R len=7
PKT t=10580 TX ua=95 mt=P len=0
PKT t=10589 RX ua=95 mt=R len=7
PKT t=10594 TX ua=95 mt=P len=0
PKT t=10603 RX ua=95 mt=R len=7
PKT t=10608 TX ua=95 mt=P len=0
PKT t=10617 RX ua=95 mt=R len=7
PKT t=10622 TX ua=95 mt=P len=0
PKT t=10631 RX ua=95 mt=R len=7
PKT t=10636 TX ua=95 mt=P len=0
PKT t=10665 RX ua=95 mt=R len=7
PKT t=10670 TX ua=95 mt=P len=0
PKT t=10679 RX ua=95 mt=R len=7
PKT t=10684 TX ua=95 mt=T len=7
PKT t=10708 TX ua=95 mt=P len=0
PKT t=10717 RX ua=95 mt=R len=7
PKT t=10722 TX ua=95 mt=P len=0
PKT t=10731 RX ua=95 mt=R len=7
PKT t=10736 TX ua=95 mt=P len=0
PKT t=10765 RX ua=95 mt=R len=7
PKT t=10770 TX ua=95 mt=P len=0
PKT t=10779 RX ua=95 mt=R len=7
PKT t=10784 TX ua=95 mt=P len=0
PKT t=10793 RX ua=95 mt=R len=7
PKT t=10798 TX ua=95 mt=P len=0
PKT t=10807 RX ua=95 mt=R len=7
PKT t=10812 TX ua=95 mt=P len=0
PKT t=10821 RX ua=95 mt=R len=7
PKT t=10826 TX ua=95 mt=P len=0
PKT t=10841 RX ua=95 mt=R len=7
PKT t=11096 TX ua=96 mt=I len=13
PKT t=11604 TX ua=96 mt=T len=4
PKT t=11615 TX ua=95 mt=P len=0
PKT t=11624 RX ua=95 mt=R len=7
PKT t=11629 TX ua=95 mt=T len=7
PKT t=11641 TX ua=95 mt=P len=0
PKT t=11681 RX ua=95 mt=R len=7
PKT t=11686 TX ua=95 mt=T len=7
PKT t=11698 TX ua=95 mt=P len=0
PKT t=11707 RX ua=95 mt=R len=7
PKT t=11712 TX ua=95 mt=P len=0
PKT t=11721 RX ua=95 mt=R len=7
PKT t=11726 TX ua=95 mt=P len=0
PKT t=11735 RX ua=95 mt=R len=7
PKT t=11740 TX ua=95 mt=P len=0
PKT t=11769 RX ua=95 mt=R len=7
PKT t=11774 TX ua=95 mt=P len=0
PKT t=11783 RX ua=95 mt=R len=7
PKT t=11788 TX ua=95 mt=P len=0
PKT t=11797 RX ua=95 mt=R len=7
PKT t=11802 TX ua=95 mt=P len=0
PKT t=11821 RX ua=95 mt=R len=7
PKT t=11826 TX ua=95 mt=P len=0
PKT t=11835 RX ua=95 mt=R len=7
PKT t=11840 TX ua=95 mt=P len=0
PKT t=11869 RX ua=95 mt=R len=7
PKT t=11874 TX ua=95 mt=P len=0
PKT t=11883 RX ua=95 mt=R len=7
PKT t=11888 TX ua=95 mt=P len=0
PKT t=11897 RX ua=95 mt=R len=7
PKT t=11902 TX ua=95 mt=P len=0
PKT t=11911 RX ua=95 mt=R len=7
PKT t=11916 TX ua=95 mt=P len=0
PKT t=11925 RX ua=95 mt=R len=7
PKT t=11930 TX ua=95 mt=P len=0
PKT t=11939 RX ua=95 mt=R len=7
PKT t=11944 TX ua=95 mt=T len=7
PKT t=11968 TX ua=95 mt=P len=0
PKT t=11977 RX ua=95 mt=R len=7
PKT t=11982 TX ua=95 mt=P len=0
PKT t=11991 RX ua=95 mt=R len=7
PKT t=11996 TX ua=95 mt=P len=0
PKT t=12005 RX ua=95 mt=R len=7
PKT t=12010 TX ua=95 mt=P len=0
PKT t=12019 RX ua=95 mt=R len=7
PKT t=12024 TX ua=95 mt=P len=0
PKT t=12033 RX ua=95 mt=R len=7
PKT t=12038 TX ua=95 mt=P len=0
PKT t=12047 RX ua=95 mt=R len=7
PKT t=12052 TX ua=95 mt=P len=0
PKT t=12081 RX ua=95 mt=R len=7
PKT t=12086 TX ua=95 mt=P len=0
PKT t=12101 RX ua=95 mt=R len=7
PKT t=12356 TX ua=96 mt=P len=0
PKT t=12614 TX ua=95 mt=P len=0
PKT t=12623 RX ua=95 mt=R len=7
PKT t=12628 TX ua=95 mt=T len=7
PKT t=12640 TX ua=95 mt=P len=0
PKT t=12661 RX ua=95 mt=R len=7
PKT t=12666 TX ua=95 mt=P len=0
PKT t=12683 RX ua=95 mt=R len=7
PKT t=12688 TX ua=95 mt=T len=7
PKT t=12700 TX ua=95 mt=P len=0
PKT t=12709 RX ua=95 mt=R len=7
PKT t=12714 TX ua=95 mt=P len=0
PKT t=12723 RX ua=95 mt=R len=7
PKT t=12728 TX ua=95 mt=P len=0
PKT t=12737 RX ua=95 mt=R len=7
PKT t=12742 TX ua=95 mt=P len=0
PKT t=12751 RX ua=95 mt=R len=7
PKT t=12756 TX ua=95 mt=P len=0
PKT t=12785 RX ua=95 mt=R len=7
PKT t=12801 TX ua=95 mt=P len=0
PKT t=12810 RX ua=95 mt=R len=7
PKT t=12815 TX ua=95 mt=P len=0
PKT t=12824 RX ua=95 mt=R len=7
PKT t=12829 TX ua=95 mt=P len=0
PKT t=12838 RX ua=95 mt=R len=7
PKT t=12843 TX ua=95 mt=P len=0
PKT t=12852 RX ua=95 mt=R len=7
PKT t=12857 TX ua=95 mt=P len=0
PKT t=12886 RX ua=95 mt=R len=7
PKT t=12891 TX ua=95 mt=P len=0
PKT t=12900 RX ua=95 mt=R len=7
PKT t=12905 TX ua=95 mt=P len=0
PKT t=12914 RX ua=95 mt=R len=7
PKT t=12919 TX ua=95 mt=P len=0
PKT t=12941 RX ua=95 mt=R len=7
PKT t=12946 TX ua=95 mt=T len=7
PKT t=12958 TX ua=95 mt=P len=0
PKT t=12986 RX ua=95 mt=R len=7
PKT t=12991 TX ua=95 mt=P len=0
PKT t=13000 RX ua=95 mt=R len=7
PKT t=13005 TX ua=95 mt=P len=0
PKT t=13014 RX ua=95 mt=R len=7
PKT t=13019 TX ua=95 mt=P len=0
PKT t=13028 RX ua=95 mt=R len=7
PKT t=13033 TX ua=95 mt=P len=0
PKT t=13042 RX ua=95 mt=R len=7
PKT t=13047 TX ua=95 mt=P len=0
PKT t=13056 RX ua=95 mt=R len=7
PKT t=13061 TX ua=95 mt=P len=0
PKT t=13090 RX ua=95 mt=R len=7
PKT t=13095 TX ua=95 mt=P len=0
PKT t=13104 RX ua=95 mt=R len=7
PKT t=13109 TX ua=95 mt=T len=7
PKT t=13122 TX ua=95 mt=P len=0
PKT t=13131 RX ua=95 mt=R len=7
PKT t=13136 TX ua=95 mt=P len=0
PKT t=13145 RX ua=95 mt=R len=7
PKT t=13150 TX ua=95 mt=P len=0
PKT t=13159 RX ua=95 mt=R len=7
PKT t=13164 TX ua=95 mt=P len=0
PKT t=13193 RX ua=95 mt=R len=7
PKT t=13198 TX ua=95 mt=T len=7
PKT t=13221 TX ua=95 mt=P len=0
PKT t=13230 RX ua=95 mt=R len=7
PKT t=13235 TX ua=95 mt=P len=0
PKT t=13244 RX ua=95 mt=R len=7
PKT t=13249 TX ua=95 mt=P len=0
PKT t=13258 RX ua=95 mt=R len=7
PKT t=13263 TX ua=95 mt=P len=0
PKT t=13293 RX ua=95 mt=R len=7
PKT t=13298 TX ua=95 mt=P len=0
PKT t=13307 RX ua=95 mt=R len=7
PKT t=13312 TX ua=95 mt=P len=0
PKT t=13321 RX ua=95 mt=R len=7
PKT t=13326 TX ua=95 mt=P len=0
PKT t=13335 RX ua=95 mt=R len=7
PKT t=13340 TX ua=95 mt=P len=0
PKT t=13361 RX ua=95 mt=R len=7
PKT t=13366 TX ua=95 mt=P len=0
PKT t=13393 RX ua=95 mt=R len=7
PKT t=13398 TX ua=95 mt=P len=0
PKT t=13407 RX ua=95 mt=R len=7
PKT t=13412 TX ua=95 mt=P len=0
PKT t=13421 RX ua=95 mt=R len=7
PKT t=13426 TX ua=95 mt=P len=0
PKT t=13435 RX ua=95 mt=R len=7
PKT t=13440 TX ua=95 mt=P len=0
PKT t=13449 RX ua=95 mt=R len=7
PKT t=13454 TX ua=95 mt=T len=7
PKT t=13467 TX ua=95 mt=P len=0
PKT t=13501 RX ua=95 mt=R len=7
PKT t=13506 TX ua=95 mt=P len=0
PKT t=13516 RX ua=95 mt=R len=7
PKT t=13521 TX ua=95 mt=P len=0
PKT t=13531 RX ua=95 mt=R len=7
PKT t=13536 TX ua=95 mt=P len=0
PKT t=13546 RX ua=95 mt=R len=7
PKT t=13551 TX ua=95 mt=P len=0
PKT t=13561 RX ua=95 mt=R len=7
PKT t=13566 TX ua=95 mt=P len=0
PKT t=13595 RX ua=95 mt=R len=7
PKT t=13600 TX ua=95 mt=P len=0
PKT t=13610 RX ua=95 mt=R len=7
PKT t=13615 TX ua=95 mt=P len=0
PKT t=13625 RX ua=95 mt=R len=7
PKT t=13641 TX ua=95 mt=P len=0
PKT t=13651 RX ua=95 mt=R len=7
PKT t=13656 TX ua=95 mt=P len=0
PKT t=13666 RX ua=95 mt=R len=7
PKT t=13671 TX ua=95 mt=P len=0
PKT t=13700 RX ua=95 mt=R len=7
PKT t=13705 TX ua=95 mt=T len=7
PKT t=13718 TX ua=95 mt=P len=0
PKT t=13727 RX ua=95 mt=R len=7
PKT t=13732 TX ua=95 mt=P len=0
PKT t=13741 RX ua=95 mt=R len=7
PKT t=13746 TX ua=95 mt=P len=0
PKT t=13755 RX ua=95 mt=R len=7
PKT t=13760 TX ua=95 mt=P len=0
PKT t=13781 RX ua=95 mt=R len=7
PKT t=13786 TX ua=95 mt=P len=0
PKT t=13803 RX ua=95 mt=R len=7
PKT t=13808 TX ua=95 mt=P len=0
PKT t=13817 RX ua=95 mt=R len=7
PKT t=13822 TX ua=95 mt=P len=0
PKT t=13831 RX ua=95 mt=R len=7
PKT t=13836 TX ua=95 mt=P len=0
PKT t=13845 RX ua=95 mt=R len=7
PKT t=13850 TX ua=95 mt=P len=0
PKT t=13859 RX ua=95 mt=R len=7
PKT t=13864 TX ua=95 mt=P len=0
PKT t=13873 RX ua=95 mt=R len=7
PKT t=13878 TX ua=95 mt=P len=0
PKT t=13921 RX ua=95 mt=R len=7
PKT t=13926 TX ua=95 mt=P len=0
PKT t=13935 RX ua=95 mt=R len=7
PKT t=13940 TX ua=95 mt=P len=0
PKT t=13949 RX ua=95 mt=R len=7
PKT t=13954 TX ua=95 mt=T len=7
PKT t=13967 TX ua=95 mt=P len=0
PKT t=13976 RX ua=95 mt=R len=7
PKT t=13981 TX ua=95 mt=P len=0
PKT t=14011 RX ua=95 mt=R len=7
PKT t=14016 TX ua=95 mt=P len=0
PKT t=14025 RX ua=95 mt=R len=7
PKT t=14030 TX ua=95 mt=P len=0
PKT t=14039 RX ua=95 mt=R len=7
PKT t=14044 TX ua=95 mt=P len=0
PKT t=14061 RX ua=95 mt=R len=7
PKT t=14066 TX ua=95 mt=P len=0
PKT t=14075 RX ua=95 mt=R len=7
PKT t=14080 TX ua=95 mt=P len=0
PKT t=14110 RX ua=95 mt=R len=7
PKT t=14114 TX ua=95 mt=T len=7
PKT t=14126 TX ua=95 mt=P len=0
PKT t=14135 RX ua=95 mt=R len=7
PKT t=14140 TX ua=95 mt=P len=0
PKT t=14149 RX ua=95 mt=R len=7
PKT t=14154 TX ua=95 mt=P len=0
PKT t=14163 RX ua=95 mt=R len=7
PKT t=14168 TX ua=95 mt=P len=0
PKT t=14177 RX ua=95 mt=R len=7
PKT t=14182 TX ua=95 mt=P len=0
PKT t=14211 RX ua=95 mt=R len=7
PKT t=14216 TX ua=95 mt=T len=7
PKT t=14228 TX ua=95 mt=P len=0
PKT t=14237 RX ua=95 mt=R len=7
PKT t=14242 TX ua=95 mt=P len=0
PKT t=14251 RX ua=95 mt=R len=7
PKT t=14256 TX ua=95 mt=P len=0
PKT t=14265 RX ua=95 mt=R len=7
PKT t=14270 TX ua=95 mt=P len=0
PKT t=14279 RX ua=95 mt=R len=7
PKT t=14284 TX ua=95 mt=P len=0
PKT t=14314 RX ua=95 mt=R len=7
PKT t=14319 TX ua=95 mt=P len=0
PKT t=14341 RX ua=95 mt=R len=7
PKT t=14346 TX ua=95 mt=P len=0
PKT t=14355 RX ua=95 mt=R len=7
PKT t=14360 TX ua=95 mt=P len=0
PKT t=14369 RX ua=95 mt=R len=7
PKT t=14374 TX ua=95 mt=P len=0
PKT t=14383 RX ua=95 mt=R len=7
PKT t=14388 TX ua=95 mt=P len=0
PKT t=14417 RX ua=95 mt=R len=7
PKT t=14422 TX ua=95 mt=P len=0
PKT t=14431 RX ua=95 mt=R len=7
PKT t=14436 TX ua=95 mt=P len=0
PKT t=14445 RX ua=95 mt=R len=7
PKT t=14450 TX ua=95 mt=P len=0
PKT t=14459 RX ua=95 mt=R len=7
PKT t=14464 TX ua=95 mt=T len=7
PKT t=14488 TX ua=95 mt=P len=0
PKT t=14517 RX ua=95 mt=R len=7
PKT t=14522 TX ua=95 mt=P len=0
PKT t=14531 RX ua=95 mt=R len=7
PKT t=14536 TX ua=95 mt=P len=0
PKT t=14545 RX ua=95 mt=R len=7
PKT t=14550 TX ua=95 mt=P len=0
PKT t=14559 RX ua=95 mt=R len=7
PKT t=14564 TX ua=95 mt=P len=0
PKT t=14573 RX ua=95 mt=R len=7
PKT t=14578 TX ua=95 mt=P len=0
PKT t=14587 RX ua=95 mt=R len=7
PKT t=14592 TX ua=95 mt=P len=0
PKT t=14621 RX ua=95 mt=R len=7
PKT t=14626 TX ua=95 mt=P len=0
PKT t=14635 RX ua=95 mt=R len=7
PKT t=14640 TX ua=95 mt=P len=0
PKT t=14649 RX ua=95 mt=R len=7
PKT t=14654 TX ua=95 mt=P len=0
PKT t=14663 RX ua=95 mt=R len=7
PKT t=14668 TX ua=95 mt=P len=0
PKT t=14677 RX ua=95 mt=R len=7
PKT t=14682 TX ua=95 mt=P len=0
PKT t=14691 RX ua=95 mt=R len=7
PKT t=14696 TX ua=95 mt=P len=0
PKT t=14725 RX ua=95 mt=R len=7
PKT t=14730 TX ua=95 mt=T len=7
PKT t=14742 TX ua=95 mt=P len=0
PKT t=14761 RX ua=95 mt=R len=7
PKT t=14766 TX ua=95 mt=P len=0
PKT t=14775 RX ua=95 mt=R len=7
PKT t=14780 TX ua=95 mt=P len=0
PKT t=14789 RX ua=95 mt=R len=7
PKT t=14794 TX ua=95 mt=P len=0
PKT t=14825 RX ua=95 mt=R len=7
PKT t=14830 TX ua=95 mt=P len=0
PKT t=14839 RX ua=95 mt=R len=7
PKT t=14844 TX ua=95 mt=P len=0
PKT t=14853 RX ua=95 mt=R len=7
PKT t=14858 TX ua=95 mt=P len=0
PKT t=14867 RX ua=95 mt=R len=7
PKT t=14872 TX ua=95 mt=P len=0
PKT t=14881 RX ua=95 mt=R len=7
PKT t=14886 TX ua=95 mt=P len=0
PKT t=14901 RX ua=95 mt=R len=7
PKT t=15156 TX ua=96 mt=P len=0
PKT t=15414 TX ua=95 mt=P len=0
PKT t=15423 RX ua=95 mt=R len=7
PKT t=15428 TX ua=95 mt=T len=7
PKT t=15440 TX ua=95 mt=P len=0
PKT t=15461 RX ua=95 mt=R len=7
PKT t=15466 TX ua=95 mt=T len=7
PKT t=15478 TX ua=95 mt=P len=0
PKT t=15488 RX ua=95 mt=R len=7
PKT t=15493 TX ua=95 mt=P len=0
PKT t=15503 RX ua=95 mt=R len=7
PKT t=15508 TX ua=95 mt=P len=0
PKT t=15537 RX ua=95 mt=R len=7
PKT t=15542 TX ua=95 mt=P len=0
PKT t=15552 RX ua=95 mt=R len=7
PKT t=15557 TX ua=95 mt=P len=0
PKT t=15567 RX ua=95 mt=R len=7
PKT t=15572 TX ua=95 mt=P len=0
PKT t=15582 RX ua=95 mt=R len=7
PKT t=15587 TX ua=95 mt=P len=0
PKT t=15602 RX ua=95 mt=R len=7
PKT t=15857 TX ua=96 mt=P len=0
PKT t=16115 TX ua=95 mt=P len=0
PKT t=16125 RX ua=95 mt=R len=7
PKT t=16130 TX ua=95 mt=T len=7
PKT t=16142 TX ua=95 mt=P len=0
PKT t=16161 RX ua=95 mt=R len=7
PKT t=16166 TX ua=95 mt=P len=0
PKT t=16175 RX ua=95 mt=R len=7
PKT t=16180 TX ua=95 mt=P len=0
PKT t=16189 RX ua=95 mt=R len=7
PKT t=16194 TX ua=95 mt=P len=0
PKT t=16203 RX ua=95 mt=R len=7
PKT t=16208 TX ua=95 mt=P len=0
PKT t=16237 RX ua=95 mt=R len=7
PKT t=16242 TX ua=95 mt=T len=7
PKT t=16254 TX ua=95 mt=P len=0
PKT t=16263 RX ua=95 mt=R len=7
PKT t=16268 TX ua=95 mt=P len=0
PKT t=16277 RX ua=95 mt=R len=7
PKT t=16282 TX ua=95 mt=P len=0
PKT t=16301 RX ua=95 mt=R len=7
PKT t=16306 TX ua=95 mt=P len=0
PKT t=16337 RX ua=95 mt=R len=7
PKT t=16342 TX ua=95 mt=P len=0
PKT t=16351 RX ua=95 mt=R len=7
PKT t=16356 TX ua=95 mt=P len=0
PKT t=16365 RX ua=95 mt=R len=7
PKT t=16370 TX ua=95 mt=P len=0
PKT t=16379 RX ua=95 mt=R len=7
PKT t=16384 TX ua=95 mt=P len=0
PKT t=16393 RX ua=95 mt=R len=7
PKT t=16398 TX ua=95 mt=P len=0
PKT t=16407 RX ua=95 mt=R len=7
PKT t=16412 TX ua=95 mt=P len=0
PKT t=16441 RX ua=95 mt=R len=7
PKT t=16446 TX ua=95 mt=P len=0
PKT t=16455 RX ua=95 mt=R len=7
PKT t=16460 TX ua=95 mt=P len=0
PKT t=16469 RX ua=95 mt=R len=7
PKT t=16474 TX ua=95 mt=T len=7
PKT t=16486 TX ua=95 mt=P len=0
PKT t=16495 RX ua=95 mt=R len=7
PKT t=16500 TX ua=95 mt=P len=0
PKT t=16509 RX ua=95 mt=R len=7
PKT t=16514 TX ua=95 mt=P len=0
PKT t=16543 RX ua=95 mt=R len=7
PKT t=16548 TX ua=95 mt=P len=0
PKT t=16557 RX ua=95 mt=R len=7
PKT t=16562 TX ua=95 mt=P len=0
PKT t=16581 RX ua=95 mt=R len=7
PKT t=16586 TX ua=95 mt=P len=0
PKT t=16595 RX ua=95 mt=R len=7
PKT t=16600 TX ua=95 mt=P len=0
PKT t=16609 RX ua=95 mt=R len=7
PKT t=16614 TX ua=95 mt=P len=0
PKT t=16643 RX ua=95 mt=R len=7
PKT t=16648 TX ua=95 mt=P len=0
PKT t=16657 RX ua=95 mt=R len=7
PKT t=16662 TX ua=95 mt=P len=0
PKT t=16671 RX ua=95 mt=R len=7
PKT t=16676 TX ua=95 mt=P len=0
PKT t=16685 RX ua=95 mt=R len=7
PKT t=16690 TX ua=95 mt=P len=0
PKT t=16699 RX ua=95 mt=R len=7
PKT t=16704 TX ua=95 mt=P len=0
PKT t=16721 RX ua=95 mt=R len=7
PKT t=16726 TX ua=95 mt=T len=7
PKT t=16738 TX ua=95 mt=P len=0
PKT t=16749 RX ua=95 mt=R len=7
PKT t=16754 TX ua=95 mt=P len=0
PKT t=16763 RX ua=95 mt=R len=7
PKT t=16768 TX ua=95 mt=P len=0
PKT t=16777 RX ua=95 mt=R len=7
PKT t=16782 TX ua=95 mt=P len=0
PKT t=16791 RX ua=95 mt=R len=7
PKT t=16796 TX ua=95 mt=P len=0
PKT t=16805 RX ua=95 mt=R len=7
PKT t=16810 TX ua=95 mt=P len=0
PKT t=16819 RX ua=95 mt=R len=7
PKT t=16824 TX ua=95 mt=P len=0
PKT t=16861 RX ua=95 mt=R len=7
PKT t=16866 TX ua=95 mt=P len=0
PKT t=16875 RX ua=95 mt=R len=7
PKT t=16880 TX ua=95 mt=P len=0
PKT t=16889 RX ua=95 mt=R len=7
PKT t=16894 TX ua=95 mt=P len=0
PKT t=16903 RX ua=95 mt=R len=7
PKT t=16908 TX ua=95 mt=P len=0
PKT t=16917 RX ua=95 mt=R len=7
PKT t=16922 TX ua=95 mt=P len=0
PKT t=16953 RX ua=95 mt=R len=7
PKT t=16958 TX ua=95 mt=P len=0
PKT t=16967 RX ua=95 mt=R len=7
PKT t=16972 TX ua=95 mt=T len=7
PKT t=16984 TX ua=95 mt=P len=0
PKT t=17001 RX ua=95 mt=R len=7
PKT t=17006 TX ua=95 mt=P len=0
PKT t=17015 RX ua=95 mt=R len=7
PKT t=17020 TX ua=95 mt=P len=0
PKT t=17053 RX ua=95 mt=R len=7
PKT t=17057 TX ua=95 mt=P len=0
PKT t=17066 RX ua=95 mt=R len=7
PKT t=17071 TX ua=95 mt=P len=0
PKT t=17080 RX ua=95 mt=R len=7
PKT t=17085 TX ua=95 mt=P len=0
PKT t=17094 RX ua=95 mt=R len=7
PKT t=17099 TX ua=95 mt=P len=0
PKT t=17108 RX ua=95 mt=R len=7
PKT t=17113 TX ua=95 mt=T len=7
PKT t=17125 TX ua=95 mt=P len=0
PKT t=17153 RX ua=95 mt=R len=7
PKT t=17158 TX ua=95 mt=P len=0
PKT t=17167 RX ua=95 mt=R len=7
PKT t=17172 TX ua=95 mt=P len=0
PKT t=17181 RX ua=95 mt=R len=7
PKT t=17186 TX ua=95 mt=P len=0
PKT t=17195 RX ua=95 mt=R len=7
PKT t=17200 TX ua=95 mt=P len=0
PKT t=17209 RX ua=95 mt=R len=7
PKT t=17214 TX ua=95 mt=P len=0
PKT t=17223 RX ua=95 mt=R len=7
PKT t=17228 TX ua=95 mt=T len=7
PKT t=17240 TX ua=95 mt=P len=0
PKT t=17259 RX ua=95 mt=R len=7
PKT t=17264 TX ua=95 mt=P len=0
PKT t=17281 RX ua=95 mt=R len=7
PKT t=17286 TX ua=95 mt=P len=0
PKT t=17295 RX ua=95 mt=R len=7
PKT t=17300 TX ua=95 mt=P len=0
PKT t=17309 RX ua=95 mt=R len=7
PKT t=17314 TX ua=95 mt=P len=0
PKT t=17323 RX ua=95 mt=R len=7
PKT t=17328 TX ua=95 mt=P len=0
PKT t=17357 RX ua=95 mt=R len=7
PKT t=17362 TX ua=95 mt=P len=0
PKT t=17371 RX ua=95 mt=R len=7
PKT t=17376 TX ua=95 mt=P len=0
PKT t=17385 RX ua=95 mt=R len=7
PKT t=17390 TX ua=95 mt=P len=0
PKT t=17399 RX ua=95 mt=R len=7
PKT t=17404 TX ua=95 mt=P len=0
PKT t=17421 RX ua=95 mt=R len=7
PKT t=17426 TX ua=95 mt=P len=0
PKT t=17457 RX ua=95 mt=R len=7
PKT t=17461 TX ua=95 mt=P len=0
PKT t=17470 RX ua=95 mt=R len=7
PKT t=17475 TX ua=95 mt=T len=7
PKT t=17487 TX ua=95 mt=P len=0
PKT t=17497 RX ua=95 mt=R len=7
PKT t=17502 TX ua=95 mt=P len=0
PKT t=17512 RX ua=95 mt=R len=7
PKT t=17517 TX ua=95 mt=P len=0
PKT t=17527 RX ua=95 mt=R len=7
PKT t=17532 TX ua=95 mt=P len=0
PKT t=17561 RX ua=95 mt=R len=7
PKT t=17566 TX ua=95 mt=P len=0
PKT t=17576 RX ua=95 mt=R len=7
PKT t=17581 TX ua=95 mt=P len=0
PKT t=17591 RX ua=95 mt=R len=7
PKT t=17596 TX ua=95 mt=P len=0
PKT t=17606 RX ua=95 mt=R len=7
PKT t=17611 TX ua=95 mt=P len=0
PKT t=17621 RX ua=95 mt=R len=7
PKT t=17626 TX ua=95 mt=P len=0
PKT t=17660 RX ua=95 mt=R len=7
PKT t=17665 TX ua=95 mt=P len=0
PKT t=17675 RX ua=95 mt=R len=7
PKT t=17680 TX ua=95 mt=P len=0
PKT t=17701 RX ua=95 mt=R len=7
PKT t=17706 TX ua=95 mt=P len=0
PKT t=17716 RX ua=95 mt=R len=7
PKT t=17721 TX ua=95 mt=P len=0
PKT t=17731 RX ua=95 mt=R len=7
PKT t=17736 TX ua=95 mt=T len=7
PKT t=17748 TX ua=95 mt=P len=0
PKT t=17766 RX ua=95 mt=R len=7
PKT t=17771 TX ua=95 mt=P len=0
PKT t=17780 RX ua=95 mt=R len=7
PKT t=17785 TX ua=95 mt=P len=0
PKT t=17794 RX ua=95 mt=R len=7
PKT t=17799 TX ua=95 mt=P len=0
PKT t=17808 RX ua=95 mt=R len=7
PKT t=17813 TX ua=95 mt=P len=0
PKT t=17823 RX ua=95 mt=R len=7
PKT t=17841 TX ua=95 mt=P len=0
PKT t=17864 RX ua=95 mt=R len=7
PKT t=17869 TX ua=95 mt=P len=0
PKT t=17878 RX ua=95 mt=R len=7
PKT t=17883 TX ua=95 mt=P len=0
PKT t=17892 RX ua=95 mt=R len=7
PKT t=17897 TX ua=95 mt=P len=0
PKT t=17906 RX ua=95 mt=R len=7
PKT t=17911 TX ua=95 mt=P len=0
PKT t=17920 RX ua=95 mt=R len=7
PKT t=17925 TX ua=95 mt=P len=0
PKT t=17934 RX ua=95 mt=R len=7
PKT t=17939 TX ua=95 mt=P len=0
PKT t=17981 RX ua=95 mt=R len=7
PKT t=17986 TX ua=95 mt=T len=7
PKT t=17998 TX ua=95 mt=P len=0
PKT t=18007 RX ua=95 mt=R len=7
PKT t=18012 TX ua=95 mt=P len=0
PKT t=18021 RX ua=95 mt=R len=7
PKT t=18026 TX ua=95 mt=P len=0
PKT t=18035 RX ua=95 mt=R len=7
PKT t=18040 TX ua=95 mt=P len=0
PKT t=18069 RX ua=95 mt=R len=7
PKT t=18074 TX ua=95 mt=P len=0
PKT t=18083 RX ua=95 mt=R len=7
PKT t=18088 TX ua=95 mt=P len=0
PKT t=18097 RX ua=95 mt=R len=7
PKT t=18102 TX ua=95 mt=P len=0
PKT t=18121 RX ua=95 mt=R len=7
PKT t=18126 TX ua=95 mt=T len=7
PKT t=18139 TX ua=95 mt=P len=0
PKT t=18173 RX ua=95 mt=R len=7
PKT t=18178 TX ua=95 mt=T len=7
PKT t=18191 TX ua=95 mt=P len=0
PKT t=18200 RX ua=95 mt=R len=7
PKT t=18205 TX ua=95 mt=P len=0
PKT t=18214 RX ua=95 mt=R len=7
PKT t=18219 TX ua=95 mt=P len=0
PKT t=18228 RX ua=95 mt=R len=7
PKT t=18233 TX ua=95 mt=T len=7
PKT t=18246 TX ua=95 mt=P len=0
PKT t=18273 RX ua=95 mt=R len=7
PKT t=18278 TX ua=95 mt=P len=0
PKT t=18287 RX ua=95 mt=R len=7
PKT t=18292 TX ua=95 mt=P len=0
PKT t=18301 RX ua=95 mt=R len=7
PKT t=18306 TX ua=95 mt=P len=0
PKT t=18315 RX ua=95 mt=R len=7
PKT t=18320 TX ua=95 mt=P len=0
PKT t=18329 RX ua=95 mt=R len=7
PKT t=18334 TX ua=95 mt=P len=0
PKT t=18343 RX ua=95 mt=R len=7
PKT t=18348 TX ua=95 mt=P len=0
PKT t=18377 RX ua=95 mt=R len=7
PKT t=18382 TX ua=95 mt=P len=0
PKT t=18401 RX ua=95 mt=R len=7
PKT t=18406 TX ua=95 mt=P len=0
PKT t=18415 RX ua=95 mt=R len=7
PKT t=18420 TX ua=95 mt=P len=0
PKT t=18429 RX ua=95 mt=R len=7
PKT t=18434 TX ua=95 mt=P len=0
PKT t=18443 RX ua=95 mt=R len=7
PKT t=18448 TX ua=95 mt=P len=0
PKT t=18477 RX ua=95 mt=R len=7
PKT t=18482 TX ua=95 mt=T len=7
PKT t=18495 TX ua=95 mt=P len=0
PKT t=18504 RX ua=95 mt=R len=7
PKT t=18509 TX ua=95 mt=P len=0
PKT t=18518 RX ua=95 mt=R len=7
PKT t=18523 TX ua=95 mt=P len=0
PKT t=18541 RX ua=95 mt=R len=7
PKT t=18546 TX ua=95 mt=P len=0
PKT t=18577 RX ua=95 mt=R len=7
PKT t=18581 TX ua=95 mt=P len=0
PKT t=18590 RX ua=95 mt=R len=7
PKT t=18595 TX ua=95 mt=P len=0
PKT t=18604 RX ua=95 mt=R len=7
PKT t=18609 TX ua=95 mt=P len=0
PKT t=18618 RX ua=95 mt=R len=7
PKT t=18623 TX ua=95 mt=P len=0
PKT t=18632 RX ua=95 mt=R len=7
PKT t=18637 TX ua=95 mt=P len=0
PKT t=18646 RX ua=95 mt=R len=7
PKT t=18651 TX ua=95 mt=P len=0
PKT t=18681 RX ua=95 mt=R len=7
PKT t=18686 TX ua=95 mt=P len=0
PKT t=18695 RX ua=95 mt=R len=7
PKT t=18700 TX ua=95 mt=P len=0
PKT t=18710 RX ua=95 mt=R len=7
PKT t=18715 TX ua=95 mt=P len=0
PKT t=18724 RX ua=95 mt=R len=7
PKT t=18729 TX ua=95 mt=P len=0
PKT t=18738 RX ua=95 mt=R len=7
PKT t=18743 TX ua=95 mt=T len=7
PKT t=18756 TX ua=95 mt=P len=0
PKT t=18783 RX ua=95 mt=R len=7
PKT t=18788 TX ua=95 mt=P len=0
PKT t=18797 RX ua=95 mt=R len=7
PKT t=18802 TX ua=95 mt=P len=0
PKT t=18821 RX ua=95 mt=R len=7
PKT t=18826 TX ua=95 mt=P len=0
PKT t=18835 RX ua=95 mt=R len=7
PKT t=18840 TX ua=95 mt=P len=0
PKT t=18849 RX ua=95 mt=R len=7
PKT t=18854 TX ua=95 mt=P len=0
PKT t=18883 RX ua=95 mt=R len=7
PKT t=18888 TX ua=95 mt=P len=0
PKT t=18897 RX ua=95 mt=R len=7
PKT t=18902 TX ua=95 mt=P len=0
PKT t=18911 RX ua=95 mt=R len=7
PKT t=18916 TX ua=95 mt=P len=0
PKT t=18925 RX ua=95 mt=R len=7
PKT t=18930 TX ua=95 mt=P len=0
PKT t=18939 RX ua=95 mt=R len=7
PKT t=18944 TX ua=95 mt=P len=0
PKT t=18961 RX ua=95 mt=R len=7
PKT t=18966 TX ua=95 mt=P len=0
PKT t=18987 RX ua=95 mt=R len=7
PKT t=18992 TX ua=95 mt=T len=7
PKT t=19005 TX ua=95 mt=P len=0
PKT t=19014 RX ua=95 mt=R len=7
PKT t=19019 TX ua=95 mt=P len=0
PKT t=19028 RX ua=95 mt=R len=7
PKT t=19033 TX ua=95 mt=P len=0
PKT t=19042 RX ua=95 mt=R len=7
PKT t=19047 TX ua=95 mt=P len=0
PKT t=19056 RX ua=95 mt=R len=7
PKT t=19061 TX ua=95 mt=P len=0
PKT t=19101 RX ua=95 mt=R len=7
PKT t=19106 TX ua=95 mt=T len=7
PKT t=19118 TX ua=95 mt=P len=0
PKT t=19128 RX ua=95 mt=R len=7
PKT t=19133 TX ua=95 mt=P len=0
PKT t=19142 RX ua=95 mt=R len=7
PKT t=19147 TX ua=95 mt=P len=0
PKT t=19156 RX ua=95 mt=R len=7
PKT t=19161 TX ua=95 mt=P len=0
PKT t=19190 RX ua=95 mt=R len=7
PKT t=19195 TX ua=95 mt=P len=0
PKT t=19204 RX ua=95 mt=R len=7
PKT t=19209 TX ua=95 mt=P len=0
PKT t=19218 RX ua=95 mt=R len=7
PKT t=19223 TX ua=95 mt=P len=0
PKT t=19241 RX ua=95 mt=R len=7
PKT t=19246 TX ua=95 mt=T len=7
PKT t=19258 TX ua=95 mt=P len=0
PKT t=19290 RX ua=95 mt=R len=7
PKT t=19295 TX ua=95 mt=P len=0
PKT t=19304 RX ua=95 mt=R len=7
PKT t=19309 TX ua=95 mt=P len=0
PKT t=19318 RX ua=95 mt=R len=7
PKT t=19323 TX ua=95 mt=P len=0
PKT t=19332 RX ua=95 mt=R len=7
PKT t=19337 TX ua=95 mt=P len=0
PKT t=19346 RX ua=95 mt=R len=7
PKT t=19351 TX ua=95 mt=P len=0
PKT t=19360 RX ua=95 mt=R len=7
PKT t=19365 TX ua=95 mt=P len=0
PKT t=19395 RX ua=95 mt=R len=7
PKT t=19400 TX ua=95 mt=P len=0
PKT t=19409 RX ua=95 mt=R len=7
PKT t=19414 TX ua=95 mt=P len=0
PKT t=19423 RX ua=95 mt=R len=7
PKT t=19428 TX ua=95 mt=P len=0
PKT t=19437 RX ua=95 mt=R len=7
PKT t=19442 TX ua=95 mt=P len=0
PKT t=19451 RX ua=95 mt=R len=7
PKT t=19456 TX ua=95 mt=P len=0
PKT t=19465 RX ua=95 mt=R len=7
PKT t=19470 TX ua=95 mt=P len=0
PKT t=19499 RX ua=95 mt=R len=7
PKT t=19504 TX ua=95 mt=T len=7
PKT t=19528 TX ua=95 mt=P len=0
PKT t=19538 RX ua=95 mt=R len=7
PKT t=19543 TX ua=95 mt=P len=0
PKT t=19553 RX ua=95 mt=R len=7
PKT t=19558 TX ua=95 mt=P len=0
PKT t=19568 RX ua=95 mt=R len=7
PKT t=19573 TX ua=95 mt=P len=0
PKT t=19602 RX ua=95 mt=R len=7
PKT t=19607 TX ua=95 mt=P len=0
PKT t=19617 RX ua=95 mt=R len=7
PKT t=19622 TX ua=95 mt=P len=0
PKT t=19632 RX ua=95 mt=R len=7
PKT t=19637 TX ua=95 mt=P len=0
PKT t=19661 RX ua=95 mt=R len=7
PKT t=19666 TX ua=95 mt=P len=0
PKT t=19676 RX ua=95 mt=R len=7
PKT t=19681 TX ua=95 mt=P len=0
PKT t=19711 RX ua=95 mt=R len=7
PKT t=19715 TX ua=95 mt=P len=0
PKT t=19725 RX ua=95 mt=R len=7
PKT t=19730 TX ua=95 mt=P len=0
PKT t=19740 RX ua=95 mt=R len=7
PKT t=19745 TX ua=95 mt=T len=7
PKT t=19757 TX ua=95 mt=P len=0
PKT t=19766 RX ua=95 mt=R len=7
PKT t=19771 TX ua=95 mt=P len=0
PKT t=19780 RX ua=95 mt=R len=7
PKT t=19785 TX ua=95 mt=P len=0
PKT t=19814 RX ua=95 mt=R len=7
PKT t=19819 TX ua=95 mt=P len=0
PKT t=19828 RX ua=95 mt=R len=7
PKT t=19833 TX ua=95 mt=P len=0
PKT t=19842 RX ua=95 mt=R len=7
PKT t=19847 TX ua=95 mt=P len=0
PKT t=19856 RX ua=95 mt=R len=7
PKT t=19861 TX ua=95 mt=P len=0
PKT t=19870 RX ua=95 mt=R len=7
PKT t=19875 TX ua=95 mt=P len=0
PKT t=19884 RX ua=95 mt=R len=7
PKT t=19889 TX ua=95 mt=P len=0
PKT t=19918 RX ua=95 mt=R len=7
PKT t=19923 TX ua=95 mt=P len=0
PKT t=19941 RX ua=95 mt=R len=7
PKT t=19946 TX ua=95 mt=P len=0
PKT t=19955 RX ua=95 mt=R len=7
PKT t=19960 TX ua=95 mt=P len=0
PKT t=19969 RX ua=95 mt=R len=7
PKT t=19974 TX ua=95 mt=P len=0
PKT t=19983 RX ua=95 mt=R len=7
PKT t=19988 TX ua=95 mt=P len=0
PKT t=20018 RX ua=95 mt=R len=7
PKT t=20027 TX ua=95 mt=T len=7
PKT t=20039 TX ua=95 mt=P len=0
PKT t=20048 RX ua=95 mt=R len=7
PKT t=20053 TX ua=95 mt=P len=0
PKT t=20062 RX ua=95 mt=R len=7
PKT t=20067 TX ua=95 mt=P len=0
PKT t=20082 RX ua=95 mt=R len=7
PKT t=20337 TX ua=96 mt=P len=0
PKT t=20595 TX ua=95 mt=P len=0
PKT t=20604 RX ua=95 mt=R len=7
PKT t=20609 TX ua=95 mt=T len=7
PKT t=20621 TX ua=95 mt=P len=0
PKT t=20641 RX ua=95 mt=R len=7
PKT t=20646 TX ua=95 mt=P len=0
PKT t=20655 RX ua=95 mt=R len=7
PKT t=20660 TX ua=95 mt=P len=0
PKT t=20669 RX ua=95 mt=R len=7
PKT t=20674 TX ua=95 mt=P len=0
PKT t=20683 RX ua=95 mt=R len=7
PKT t=20688 TX ua=95 mt=P len=0
PKT t=20718 RX ua=95 mt=R len=7
PKT t=20723 TX ua=95 mt=P len=0
PKT t=20732 RX ua=95 mt=R len=7
PKT t=20737 TX ua=95 mt=P len=0
PKT t=20746 RX ua=95 mt=R len=7
PKT t=20751 TX ua=95 mt=P len=0
PKT t=20760 RX ua=95 mt=R len=7
PKT t=20765 TX ua=95 mt=T len=7
PKT t=20788 TX ua=95 mt=P len=0
PKT t=20818 RX ua=95 mt=R len=7
PKT t=20823 TX ua=95 mt=P len=0
PKT t=20832 RX ua=95 mt=R len=7
PKT t=20837 TX ua=95 mt=P len=0
PKT t=20846 RX ua=95 mt=R len=7
PKT t=20851 TX ua=95 mt=P len=0
PKT t=20860 RX ua=95 mt=R len=7
PKT t=20865 TX ua=95 mt=P len=0
PKT t=20874 RX ua=95 mt=R len=7
PKT t=20879 TX ua=95 mt=P len=0
PKT t=20888 RX ua=95 mt=R len=7
PKT t=20893 TX ua=95 mt=P len=0
PKT t=20922 RX ua=95 mt=R len=7
PKT t=20927 TX ua=95 mt=P len=0
PKT t=20936 RX ua=95 mt=R len=7
PKT t=20941 TX ua=95 mt=P len=0
PKT t=20950 RX ua=95 mt=R len=7
PKT t=20955 TX ua=95 mt=P len=0
PKT t=20964 RX ua=95 mt=R len=7
PKT t=20969 TX ua=95 mt=P len=0
PKT t=20978 RX ua=95 mt=R len=7
PKT t=20983 TX ua=95 mt=P len=0
PKT t=20992 RX ua=95 mt=R len=7
PKT t=20997 TX ua=95 mt=P len=0
PKT t=21026 RX ua=95 mt=R len=7
PKT t=21031 TX ua=95 mt=T len=7
PKT t=21043 TX ua=95 mt=P len=0
PKT t=21061 RX ua=95 mt=R len=7
PKT t=21066 TX ua=95 mt=P len=0
PKT t=21075 RX ua=95 mt=R len=7
PKT t=21080 TX ua=95 mt=P len=0
PKT t=21089 RX ua=95 mt=R len=7
PKT t=21094 TX ua=95 mt=P len=0
PKT t=21126 RX ua=95 mt=R len=7
PKT t=21131 TX ua=95 mt=T len=7
PKT t=21144 TX ua=95 mt=P len=0
PKT t=21153 RX ua=95 mt=R len=7
PKT t=21158 TX ua=95 mt=P len=0
PKT t=21167 RX ua=95 mt=R len=7
PKT t=21172 TX ua=95 mt=P len=0
PKT t=21181 RX ua=95 mt=R len=7
PKT t=21186 TX ua=95 mt=P len=0
PKT t=21201 RX ua=95 mt=R len=7
PKT t=21456 TX ua=96 mt=P len=0
PKT t=21714 TX ua=95 mt=P len=0
PKT t=21724 RX ua=95 mt=R len=7
PKT t=21728 TX ua=95 mt=T len=7
PKT t=21741 TX ua=95 mt=P len=0
PKT t=21761 RX ua=95 mt=R len=7
PKT t=21766 TX ua=95 mt=T len=7
PKT t=21779 TX ua=95 mt=P len=0
PKT t=21788 RX ua=95 mt=R len=7
PKT t=21793 TX ua=95 mt=P len=0
PKT t=21802 RX ua=95 mt=R len=7
PKT t=21807 TX ua=95 mt=P len=0
PKT t=21836 RX ua=95 mt=R len=7
PKT t=21841 TX ua=95 mt=P len=0
PKT t=21850 RX ua=95 mt=R len=7
PKT t=21855 TX ua=95 mt=P len=0
PKT t=21864 RX ua=95 mt=R len=7
PKT t=21869 TX ua=95 mt=P len=0
PKT t=21878 RX ua=95 mt=R len=7
PKT t=21883 TX ua=95 mt=P len=0
PKT t=21901 RX ua=95 mt=R len=7
PKT t=21906 TX ua=95 mt=P len=0
PKT t=21936 RX ua=95 mt=R len=7
PKT t=21941 TX ua=95 mt=P len=0
PKT t=21950 RX ua=95 mt=R len=7
PKT t=21955 TX ua=95 mt=P len=0
PKT t=21964 RX ua=95 mt=R len=7
PKT t=21969 TX ua=95 mt=P len=0
PKT t=21978 RX ua=95 mt=R len=7
PKT t=21983 TX ua=95 mt=P len=0
PKT t=21992 RX ua=95 mt=R len=7
PKT t=21997 TX ua=95 mt=P len=0
PKT t=22006 RX ua=95 mt=R len=7
PKT t=22011 TX ua=95 mt=P len=0
PKT t=22043 RX ua=95 mt=R len=7
PKT t=22048 TX ua=95 mt=T len=7
PKT t=22061 TX ua=95 mt=P len=0
PKT t=22070 RX ua=95 mt=R len=7
PKT t=22075 TX ua=95 mt=P len=0
PKT t=22084 RX ua=95 mt=R len=7
PKT t=22089 TX ua=95 mt=P len=0
PKT t=22098 RX ua=95 mt=R len=7
PKT t=22103 TX ua=95 mt=P len=0
PKT t=22112 RX ua=95 mt=R len=7
PKT t=22117 TX ua=95 mt=T len=7
PKT t=22129 TX ua=95 mt=P len=0
PKT t=22150 RX ua=95 mt=R len=7
PKT t=22155 TX ua=95 mt=P len=0
PKT t=22164 RX ua=95 mt=R len=7
PKT t=22182 TX ua=95 mt=P len=0
PKT t=22191 RX ua=95 mt=R len=7
PKT t=22196 TX ua=95 mt=P len=0
PKT t=22205 RX ua=95 mt=R len=7
PKT t=22210 TX ua=95 mt=P len=0
PKT t=22219 RX ua=95 mt=R len=7
PKT t=22224 TX ua=95 mt=P len=0
PKT t=22253 RX ua=95 mt=R len=7
PKT t=22258 TX ua=95 mt=P len=0
PKT t=22267 RX ua=95 mt=R len=7
PKT t=22272 TX ua=95 mt=T len=7
PKT t=22284 TX ua=95 mt=P len=0
PKT t=22293 RX ua=95 mt=R len=7
PKT t=22298 TX ua=95 mt=P len=0
PKT t=22307 RX ua=95 mt=R len=7
PKT t=22322 TX ua=95 mt=P len=0
PKT t=22353 RX ua=95 mt=R len=7
PKT t=22358 TX ua=95 mt=P len=0
PKT t=22367 RX ua=95 mt=R len=7
PKT t=22372 TX ua=95 mt=P len=0
PKT t=22381 RX ua=95 mt=R len=7
PKT t=22386 TX ua=95 mt=P len=0
PKT t=22395 RX ua=95 mt=R len=7
PKT t=22400 TX ua=95 mt=P len=0
PKT t=22409 RX ua=95 mt=R len=7
PKT t=22414 TX ua=95 mt=P len=0
PKT t=22423 RX ua=95 mt=R len=7
PKT t=22428 TX ua=95 mt=P len=0
PKT t=22462 RX ua=95 mt=R len=7
PKT t=22467 TX ua=95 mt=P len=0
PKT t=22476 RX ua=95 mt=R len=7
PKT t=22481 TX ua=95 mt=P len=0
PKT t=22490 RX ua=95 mt=R len=7
PKT t=22495 TX ua=95 mt=P len=0
PKT t=22504 RX ua=95 mt=R len=7
PKT t=22509 TX ua=95 mt=P len=0
PKT t=22518 RX ua=95 mt=R len=7
PKT t=22523 TX ua=95 mt=T len=7
PKT t=22535 TX ua=95 mt=P len=0
PKT t=22558 RX ua=95 mt=R len=7
PKT t=22563 TX ua=95 mt=P len=0
PKT t=22572 RX ua=95 mt=R len=7
PKT t=22577 TX ua=95 mt=P len=0
PKT t=22586 RX ua=95 mt=R len=7
PKT t=22602 TX ua=95 mt=P len=0
PKT t=22611 RX ua=95 mt=R len=7
PKT t=22616 TX ua=95 mt=P len=0
PKT t=22625 RX ua=95 mt=R len=7
PKT t=22630 TX ua=95 mt=P len=0
PKT t=22659 RX ua=95 mt=R len=7
PKT t=22664 TX ua=95 mt=P len=0
PKT t=22673 RX ua=95 mt=R len=7
PKT t=22678 TX ua=95 mt=P len=0
PKT t=22687 RX ua=95 mt=R len=7
PKT t=22692 TX ua=95 mt=P len=0
PKT t=22701 RX ua=95 mt=R len=7
PKT t=22706 TX ua=95 mt=P len=0
PKT t=22715 RX ua=95 mt=R len=7
PKT t=22720 TX ua=95 mt=P len=0
PKT t=22742 RX ua=95 mt=R len=7
PKT t=22747 TX ua=95 mt=P len=0
PKT t=22763 RX ua=95 mt=R len=7
PKT t=22768 TX ua=95 mt=T len=7
PKT t=22780 TX ua=95 mt=P len=0
PKT t=22789 RX ua=95 mt=R len=7
PKT t=22794 TX ua=95 mt=P len=0
PKT t=22803 RX ua=95 mt=R len=7
PKT t=22808 TX ua=95 mt=P len=0
PKT t=22817 RX ua=95 mt=R len=7
PKT t=22822 TX ua=95 mt=P len=0
PKT t=22831 RX ua=95 mt=R len=7
PKT t=22836 TX ua=95 mt=P len=0
PKT t=22865 RX ua=95 mt=R len=7
PKT t=22882 TX ua=95 mt=P len=0
PKT t=22891 RX ua=95 mt=R len=7
PKT t=22896 TX ua=95 mt=P len=0
PKT t=22905 RX ua=95 mt=R len=7
PKT t=22910 TX ua=95 mt=P len=0
PKT t=22919 RX ua=95 mt=R len=7
PKT t=22924 TX ua=95 mt=P len=0
PKT t=22933 RX ua=95 mt=R len=7
PKT t=22938 TX ua=95 mt=P len=0
PKT t=22967 RX ua=95 mt=R len=7
PKT t=22972 TX ua=95 mt=P len=0
PKT t=22981 RX ua=95 mt=R len=7
PKT t=22986 TX ua=95 mt=P len=0
PKT t=22995 RX ua=95 mt=R len=7
PKT t=23000 TX ua=95 mt=P len=0
PKT t=23022 RX ua=95 mt=R len=7
PKT t=23027 TX ua=95 mt=T len=7
PKT t=23039 TX ua=95 mt=P len=0
PKT t=23067 RX ua=95 mt=R len=7
PKT t=23072 TX ua=95 mt=P len=0
PKT t=23081 RX ua=95 mt=R len=7
PKT t=23086 TX ua=95 mt=P len=0
PKT t=23095 RX ua=95 mt=R len=7
PKT t=23100 TX ua=95 mt=P len=0
PKT t=23110 RX ua=95 mt=R len=7
PKT t=23115 TX ua=95 mt=T len=7
PKT t=23127 TX ua=95 mt=P len=0
PKT t=23136 RX ua=95 mt=R len=7
PKT t=23141 TX ua=95 mt=P len=0
PKT t=23170 RX ua=95 mt=R len=7
PKT t=23175 TX ua=95 mt=P len=0
PKT t=23184 RX ua=95 mt=R len=7
PKT t=23189 TX ua=95 mt=P len=0
PKT t=23198 RX ua=95 mt=R len=7
PKT t=23203 TX ua=95 mt=P len=0
PKT t=23212 RX ua=95 mt=R len=7
PKT t=23217 TX ua=95 mt=P len=0
PKT t=23226 RX ua=95 mt=R len=7
PKT t=23231 TX ua=95 mt=P len=0
PKT t=23240 RX ua=95 mt=R len=7
PKT t=23245 TX ua=95 mt=P len=0
PKT t=23274 RX ua=95 mt=R len=7
PKT t=23279 TX ua=95 mt=T len=7
PKT t=23302 TX ua=95 mt=P len=0
PKT t=23311 RX ua=95 mt=R len=7
PKT t=23316 TX ua=95 mt=P len=0
PKT t=23325 RX ua=95 mt=R len=7
PKT t=23330 TX ua=95 mt=P len=0
PKT t=23339 RX ua=95 mt=R len=7
PKT t=23344 TX ua=95 mt=P len=0
PKT t=23374 RX ua=95 mt=R len=7
PKT t=23379 TX ua=95 mt=P len=0
PKT t=23388 RX ua=95 mt=R len=7
PKT t=23393 TX ua=95 mt=P len=0
PKT t=23403 RX ua=95 mt=R len=7
PKT t=23408 TX ua=95 mt=P len=0
PKT t=23417 RX ua=95 mt=R len=7
PKT t=23422 TX ua=95 mt=P len=0
PKT t=23442 RX ua=95 mt=R len=7
PKT t=23447 TX ua=95 mt=P len=0
PKT t=23474 RX ua=95 mt=R len=7
PKT t=23479 TX ua=95 mt=P len=0
PKT t=23488 RX ua=95 mt=R len=7
PKT t=23493 TX ua=95 mt=P len=0
PKT t=23502 RX ua=95 mt=R len=7
PKT t=23507 TX ua=95 mt=P len=0
PKT t=23516 RX ua=95 mt=R len=7
PKT t=23521 TX ua=95 mt=P len=0
PKT t=23530 RX ua=95 mt=R len=7
PKT t=23535 TX ua=95 mt=T len=7
PKT t=23547 TX ua=95 mt=P len=0
PKT t=23582 RX ua=95 mt=R len=7
PKT t=23587 TX ua=95 mt=P len=0
PKT t=23597 RX ua=95 mt=R len=7
PKT t=23602 TX ua=95 mt=P len=0
PKT t=23612 RX ua=95 mt=R len=7
PKT t=23617 TX ua=95 mt=P len=0
PKT t=23627 RX ua=95 mt=R len=7
PKT t=23632 TX ua=95 mt=P len=0
PKT t=23642 RX ua=95 mt=R len=7
PKT t=23647 TX ua=95 mt=P len=0
PKT t=23676 RX ua=95 mt=R len=7
PKT t=23681 TX ua=95 mt=P len=0
PKT t=23691 RX ua=95 mt=R len=7
PKT t=23696 TX ua=95 mt=P len=0
PKT t=23706 RX ua=95 mt=R len=7
PKT t=23722 TX ua=95 mt=P len=0
PKT t=23732 RX ua=95 mt=R len=7
PKT t=23737 TX ua=95 mt=P len=0
PKT t=23747 RX ua=95 mt=R len=7
PKT t=23752 TX ua=95 mt=P len=0
PKT t=23781 RX ua=95 mt=R len=7
PKT t=23786 TX ua=95 mt=T len=7
PKT t=23798 TX ua=95 mt=P len=0
PKT t=23807 RX ua=95 mt=R len=7
PKT t=23812 TX ua=95 mt=P len=0
PKT t=23821 RX ua=95 mt=R len=7
PKT t=23826 TX ua=95 mt=P len=0
PKT t=23835 RX ua=95 mt=R len=7
PKT t=23840 TX ua=95 mt=P len=0
PKT t=23862 RX ua=95 mt=R len=7
PKT t=23867 TX ua=95 mt=P len=0
PKT t=23883 RX ua=95 mt=R len=7
PKT t=23888 TX ua=95 mt=P len=0
PKT t=23897 RX ua=95 mt=R len=7
PKT t=23902 TX ua=95 mt=P len=0
PKT t=23911 RX ua=95 mt=R len=7
PKT t=23916 TX ua=95 mt=P len=0
PKT t=23925 RX ua=95 mt=R len=7
PKT t=23930 TX ua=95 mt=P len=0
PKT t=23939 RX ua=95 mt=R len=7
PKT t=23944 TX ua=95 mt=P len=0
PKT t=23953 RX ua=95 mt=R len=7
PKT t=23958 TX ua=95 mt=P len=0
PKT t=23987 RX ua=95 mt=R len=7
PKT t=24002 TX ua=95 mt=P len=0
PKT t=24011 RX ua=95 mt=R len=7
PKT t=24016 TX ua=95 mt=P len=0
PKT t=24029 RX ua=95 mt=R len=7
PKT t=24034 TX ua=95 mt=T len=7
PKT t=24046 TX ua=95 mt=P len=0
PKT t=24055 RX ua=95 mt=R len=7
PKT t=24060 TX ua=95 mt=P len=0
PKT t=24089 RX ua=95 mt=R len=7
PKT t=24094 TX ua=95 mt=P len=0
PKT t=24103 RX ua=95 mt=R len=7
PKT t=24108 TX ua=95 mt=T len=7
PKT t=24120 TX ua=95 mt=P len=0
PKT t=24142 RX ua=95 mt=R len=7
PKT t=24147 TX ua=95 mt=P len=0
PKT t=24156 RX ua=95 mt=R len=7
PKT t=24161 TX ua=95 mt=P len=0
PKT t=24195 RX ua=95 mt=R len=7
PKT t=24200 TX ua=95 mt=P len=0
PKT t=24209 RX ua=95 mt=R len=7
PKT t=24214 TX ua=95 mt=P len=0
PKT t=24223 RX ua=95 mt=R len=7
PKT t=24228 TX ua=95 mt=P len=0
PKT t=24237 RX ua=95 mt=R len=7
PKT t=24242 TX ua=95 mt=P len=0
PKT t=24251 RX ua=95 mt=R len=7
PKT t=24256 TX ua=95 mt=P len=0
PKT t=24265 RX ua=95 mt=R len=7
PKT t=24282 TX ua=95 mt=P len=0
PKT t=24299 RX ua=95 mt=R len=7
PKT t=24304 TX ua=95 mt=T len=7
PKT t=24316 TX ua=95 mt=P len=0
PKT t=24325 RX ua=95 mt=R len=7
PKT t=24330 TX ua=95 mt=P len=0
PKT t=24339 RX ua=95 mt=R len=7
PKT t=24344 TX ua=95 mt=P len=0
PKT t=24353 RX ua=95 mt=R len=7
PKT t=24358 TX ua=95 mt=P len=0
PKT t=24367 RX ua=95 mt=R len=7
PKT t=24372 TX ua=95 mt=P len=0
PKT t=24401 RX ua=95 mt=R len=7
PKT t=24406 TX ua=95 mt=P len=0
PKT t=24422 RX ua=95 mt=R len=7
PKT t=24677 TX ua=96 mt=P len=0
PKT t=24935 TX ua=95 mt=P len=0
PKT t=24944 RX ua=95 mt=R len=7
PKT t=24949 TX ua=95 mt=T len=7
PKT t=24961 TX ua=95 mt=P len=0
PKT t=24982 RX ua=95 mt=R len=7
PKT t=24987 TX ua=95 mt=P len=0
PKT t=25004 RX ua=95 mt=R len=7
PKT t=25009 TX ua=95 mt=P len=0
PKT t=25018 RX ua=95 mt=R len=7
PKT t=25023 TX ua=95 mt=P len=0
PKT t=25032 RX ua=95 mt=R len=7
PKT t=25037 TX ua=95 mt=T len=7
PKT t=25049 TX ua=95 mt=P len=0
PKT t=25058 RX ua=95 mt=R len=7
PKT t=25063 TX ua=95 mt=P len=0
PKT t=25072 RX ua=95 mt=R len=7
PKT t=25077 TX ua=95 mt=P len=0
PKT t=25106 RX ua=95 mt=R len=7
PKT t=25122 TX ua=95 mt=T len=7
PKT t=25134 TX ua=95 mt=P len=0
PKT t=25143 RX ua=95 mt=R len=7
PKT t=25148 TX ua=95 mt=P len=0
PKT t=25157 RX ua=95 mt=R len=7
PKT t=25162 TX ua=95 mt=P len=0
PKT t=25171 RX ua=95 mt=R len=7
PKT t=25176 TX ua=95 mt=P len=0
PKT t=25206 RX ua=95 mt=R len=7
PKT t=25211 TX ua=95 mt=P len=0
PKT t=25220 RX ua=95 mt=R len=7
PKT t=25225 TX ua=95 mt=P len=0
PKT t=25234 RX ua=95 mt=R len=7
PKT t=25239 TX ua=95 mt=P len=0
PKT t=25262 RX ua=95 mt=R len=7
PKT t=25267 TX ua=95 mt=P len=0
PKT t=25276 RX ua=95 mt=R len=7
PKT t=25281 TX ua=95 mt=P len=0
PKT t=25310 RX ua=95 mt=R len=7
PKT t=25315 TX ua=95 mt=T len=7
PKT t=25327 TX ua=95 mt=P len=0
PKT t=25336 RX ua=95 mt=R len=7
PKT t=25341 TX ua=95 mt=P len=0
PKT t=25350 RX ua=95 mt=R len=7
PKT t=25355 TX ua=95 mt=P len=0
PKT t=25364 RX ua=95 mt=R len=7
PKT t=25369 TX ua=95 mt=P len=0
PKT t=25378 RX ua=95 mt=R len=7
PKT t=25383 TX ua=95 mt=P len=0
PKT t=25412 RX ua=95 mt=R len=7
PKT t=25417 TX ua=95 mt=P len=0
PKT t=25426 RX ua=95 mt=R len=7
PKT t=25431 TX ua=95 mt=P len=0
PKT t=25440 RX ua=95 mt=R len=7
PKT t=25445 TX ua=95 mt=P len=0
PKT t=25454 RX ua=95 mt=R len=7
PKT t=25459 TX ua=95 mt=P len=0
PKT t=25468 RX ua=95 mt=R len=7
PKT t=25473 TX ua=95 mt=P len=0
PKT t=25482 RX ua=95 mt=R len=7
PKT t=25487 TX ua=95 mt=P len=0
PKT t=25516 RX ua=95 mt=R len=7
PKT t=25521 TX ua=95 mt=P len=0
PKT t=25542 RX ua=95 mt=R len=7
PKT t=25547 TX ua=95 mt=T len=7
PKT t=25559 TX ua=95 mt=P len=0
PKT t=25569 RX ua=95 mt=R len=7
PKT t=25574 TX ua=95 mt=P len=0
PKT t=25584 RX ua=95 mt=R len=7
PKT t=25589 TX ua=95 mt=P len=0
PKT t=25618 RX ua=95 mt=R len=7
PKT t=25623 TX ua=95 mt=P len=0
PKT t=25633 RX ua=95 mt=R len=7
PKT t=25638 TX ua=95 mt=P len=0
PKT t=25648 RX ua=95 mt=R len=7
PKT t=25653 TX ua=95 mt=P len=0
PKT t=25663 RX ua=95 mt=R len=7
PKT t=25668 TX ua=95 mt=P len=0
PKT t=25683 RX ua=95 mt=R len=7
PKT t=25938 TX ua=96 mt=P len=0
PKT t=26196 TX ua=95 mt=P len=0
PKT t=26206 RX ua=95 mt=R len=7
PKT t=26211 TX ua=95 mt=T len=7
PKT t=26224 TX ua=95 mt=P len=0
PKT t=26242 RX ua=95 mt=R len=7
PKT t=26247 TX ua=95 mt=T len=7
PKT t=26260 TX ua=95 mt=P len=0
PKT t=26269 RX ua=95 mt=R len=7
PKT t=26274 TX ua=95 mt=P len=0
PKT t=26285 RX ua=95 mt=R len=7
PKT t=26290 TX ua=95 mt=P len=0
PKT t=26319 RX ua=95 mt=R len=7
PKT t=26324 TX ua=95 mt=T len=7
PKT t=26337 TX ua=95 mt=P len=0
PKT t=26346 RX ua=95 mt=R len=7
PKT t=26351 TX ua=95 mt=P len=0
PKT t=26360 RX ua=95 mt=R len=7
PKT t=26365 TX ua=95 mt=P len=0
PKT t=26382 RX ua=95 mt=R len=7
PKT t=26387 TX ua=95 mt=P len=0
PKT t=26418 RX ua=95 mt=R len=7
PKT t=26423 TX ua=95 mt=P len=0
PKT t=26432 RX ua=95 mt=R len=7
PKT t=26437 TX ua=95 mt=P len=0
PKT t=26446 RX ua=95 mt=R len=7
PKT t=26451 TX ua=95 mt=P len=0
PKT t=26460 RX ua=95 mt=R len=7
PKT t=26465 TX ua=95 mt=P len=0
PKT t=26474 RX ua=95 mt=R len=7
PKT t=26479 TX ua=95 mt=P len=0
PKT t=26488 RX ua=95 mt=R len=7
PKT t=26493 TX ua=95 mt=P len=0
PKT t=26522 RX ua=95 mt=R len=7
PKT t=26527 TX ua=95 mt=P len=0
PKT t=26536 RX ua=95 mt=R len=7
PKT t=26541 TX ua=95 mt=P len=0
PKT t=26550 RX ua=95 mt=R len=7
PKT t=26555 TX ua=95 mt=T len=7
PKT t=26568 TX ua=95 mt=P len=0
PKT t=26577 RX ua=95 mt=R len=7
PKT t=26582 TX ua=95 mt=P len=0
PKT t=26591 RX ua=95 mt=R len=7
PKT t=26596 TX ua=95 mt=P len=0
PKT t=26625 RX ua=95 mt=R len=7
PKT t=26630 TX ua=95 mt=P len=0
PKT t=26639 RX ua=95 mt=R len=7
PKT t=26644 TX ua=95 mt=P len=0
PKT t=26662 RX ua=95 mt=R len=7
PKT t=26667 TX ua=95 mt=P len=0
PKT t=26676 RX ua=95 mt=R len=7
PKT t=26681 TX ua=95 mt=P len=0
PKT t=26690 RX ua=95 mt=R len=7
PKT t=26695 TX ua=95 mt=P len=0
PKT t=26725 RX ua=95 mt=R len=7
PKT t=26730 TX ua=95 mt=P len=0
PKT t=26739 RX ua=95 mt=R len=7
PKT t=26744 TX ua=95 mt=P len=0
PKT t=26753 RX ua=95 mt=R len=7
PKT t=26758 TX ua=95 mt=P len=0
PKT t=26767 RX ua=95 mt=R len=7
PKT t=26772 TX ua=95 mt=P len=0
PKT t=26781 RX ua=95 mt=R len=7
PKT t=26786 TX ua=95 mt=P len=0
PKT t=26802 RX ua=95 mt=R len=7
PKT t=27057 TX ua=96 mt=P len=0
PKT t=27315 TX ua=95 mt=P len=0
PKT t=27324 RX ua=95 mt=R len=7
PKT t=27329 TX ua=95 mt=T len=7
PKT t=27341 TX ua=95 mt=P len=0
PKT t=27362 RX ua=95 mt=R len=7
PKT t=27367 TX ua=95 mt=P len=0
PKT t=27376 RX ua=95 mt=R len=7
PKT t=27381 TX ua=95 mt=P len=0
PKT t=27390 RX ua=95 mt=R len=7
PKT t=27395 TX ua=95 mt=P len=0
PKT t=27429 RX ua=95 mt=R len=7
PKT t=27434 TX ua=95 mt=P len=0
PKT t=27443 RX ua=95 mt=R len=7
PKT t=27448 TX ua=95 mt=P len=0
PKT t=27457 RX ua=95 mt=R len=7
PKT t=27462 TX ua=95 mt=P len=0
PKT t=27471 RX ua=95 mt=R len=7
PKT t=27476 TX ua=95 mt=P len=0
PKT t=27485 RX ua=95 mt=R len=7
PKT t=27502 TX ua=95 mt=P len=0
PKT t=27529 RX ua=95 mt=R len=7
PKT t=27534 TX ua=95 mt=P len=0
PKT t=27543 RX ua=95 mt=R len=7
PKT t=27548 TX ua=95 mt=P len=0
PKT t=27557 RX ua=95 mt=R len=7
PKT t=27562 TX ua=95 mt=T len=7
PKT t=27574 TX ua=95 mt=P len=0
PKT t=27584 RX ua=95 mt=R len=7
PKT t=27589 TX ua=95 mt=P len=0
PKT t=27599 RX ua=95 mt=R len=7
PKT t=27604 TX ua=95 mt=P len=0
PKT t=27642 RX ua=95 mt=R len=7
PKT t=27647 TX ua=95 mt=P len=0
PKT t=27657 RX ua=95 mt=R len=7
PKT t=27662 TX ua=95 mt=P len=0
PKT t=27672 RX ua=95 mt=R len=7
PKT t=27677 TX ua=95 mt=P len=0
PKT t=27687 RX ua=95 mt=R len=7
PKT t=27692 TX ua=95 mt=P len=0
PKT t=27702 RX ua=95 mt=R len=7
PKT t=27707 TX ua=95 mt=P len=0
PKT t=27736 RX ua=95 mt=R len=7
PKT t=27741 TX ua=95 mt=P len=0
PKT t=27751 RX ua=95 mt=R len=7
PKT t=27756 TX ua=95 mt=P len=0
PKT t=27766 RX ua=95 mt=R len=7
PKT t=27782 TX ua=95 mt=P len=0
PKT t=27792 RX ua=95 mt=R len=7
PKT t=27797 TX ua=95 mt=P len=0
PKT t=27807 RX ua=95 mt=R len=7
PKT t=27812 TX ua=95 mt=T len=7
PKT t=27824 TX ua=95 mt=P len=0
PKT t=27842 RX ua=95 mt=R len=7
PKT t=27847 TX ua=95 mt=P len=0
PKT t=27856 RX ua=95 mt=R len=7
PKT t=27861 TX ua=95 mt=P len=0
PKT t=27870 RX ua=95 mt=R len=7
PKT t=27875 TX ua=95 mt=P len=0
PKT t=27884 RX ua=95 mt=R len=7
PKT t=27889 TX ua=95 mt=P len=0
PKT t=27898 RX ua=95 mt=R len=7
PKT t=27903 TX ua=95 mt=P len=0
PKT t=27922 RX ua=95 mt=R len=7
PKT t=27927 TX ua=95 mt=P len=0
PKT t=27946 RX ua=95 mt=R len=7
PKT t=27951 TX ua=95 mt=P len=0
PKT t=27960 RX ua=95 mt=R len=7
PKT t=27965 TX ua=95 mt=P len=0
PKT t=27974 RX ua=95 mt=R len=7
PKT t=27979 TX ua=95 mt=P len=0
PKT t=27988 RX ua=95 mt=R len=7
PKT t=27993 TX ua=95 mt=P len=0
PKT t=28002 RX ua=95 mt=R len=7
PKT t=28007 TX ua=95 mt=P len=0
PKT t=28016 RX ua=95 mt=R len=7
PKT t=28021 TX ua=95 mt=P len=0
PKT t=28062 RX ua=95 mt=R len=7
PKT t=28067 TX ua=95 mt=T len=7
PKT t=28079 TX ua=95 mt=P len=0
PKT t=28088 RX ua=95 mt=R len=7
PKT t=28093 TX ua=95 mt=P len=0
PKT t=28102 RX ua=95 mt=R len=7
PKT t=28107 TX ua=95 mt=T len=7
PKT t=28119 TX ua=95 mt=P len=0
PKT t=28151 RX ua=95 mt=R len=7
PKT t=28156 TX ua=95 mt=P len=0
PKT t=28165 RX ua=95 mt=R len=7
PKT t=28170 TX ua=95 mt=P len=0
PKT t=28179 RX ua=95 mt=R len=7
PKT t=28184 TX ua=95 mt=P len=0
PKT t=28202 RX ua=95 mt=R len=7
PKT t=28207 TX ua=95 mt=P len=0
PKT t=28216 RX ua=95 mt=R len=7
PKT t=28221 TX ua=95 mt=P len=0
PKT t=28250 RX ua=95 mt=R len=7
PKT t=28255 TX ua=95 mt=P len=0
PKT t=28264 RX ua=95 mt=R len=7
PKT t=28269 TX ua=95 mt=P len=0
PKT t=28278 RX ua=95 mt=R len=7
PKT t=28283 TX ua=95 mt=P len=0
PKT t=28292 RX ua=95 mt=R len=7
PKT t=28297 TX ua=95 mt=P len=0
PKT t=28306 RX ua=95 mt=R len=7
PKT t=28311 TX ua=95 mt=P len=0
PKT t=28320 RX ua=95 mt=R len=7
PKT t=28325 TX ua=95 mt=T len=7
PKT t=28349 TX ua=95 mt=P len=0
PKT t=28358 RX ua=95 mt=R len=7
PKT t=28363 TX ua=95 mt=P len=0
PKT t=28372 RX ua=95 mt=R len=7
PKT t=28377 TX ua=95 mt=P len=0
PKT t=28386 RX ua=95 mt=R len=7
PKT t=28391 TX ua=95 mt=P len=0
PKT t=28400 RX ua=95 mt=R len=7
PKT t=28405 TX ua=95 mt=P len=0
PKT t=28414 RX ua=95 mt=R len=7
PKT t=28419 TX ua=95 mt=P len=0
PKT t=28428 RX ua=95 mt=R len=7
PKT t=28433 TX ua=95 mt=P len=0
PKT t=28462 RX ua=95 mt=R len=7
PKT t=28467 TX ua=95 mt=P len=0
PKT t=28482 RX ua=95 mt=R len=7
PKT t=28737 TX ua=96 mt=P len=0
PKT t=28995 TX ua=95 mt=P len=0
PKT t=29004 RX ua=95 mt=R len=7
PKT t=29009 TX ua=95 mt=T len=7
PKT t=29021 TX ua=95 mt=P len=0
PKT t=29042 RX ua=95 mt=R len=7
PKT t=29047 TX ua=95 mt=P len=0
PKT t=29064 RX ua=95 mt=R len=7
PKT t=29069 TX ua=95 mt=T len=7
PKT t=29081 TX ua=95 mt=P len=0
PKT t=29090 RX ua=95 mt=R len=7
PKT t=29095 TX ua=95 mt=P len=0
PKT t=29104 RX ua=95 mt=R len=7
PKT t=29109 TX ua=95 mt=T len=7
PKT t=29122 TX ua=95 mt=P len=0
PKT t=29131 RX ua=95 mt=R len=7
PKT t=29136 TX ua=95 mt=P len=0
PKT t=29165 RX ua=95 mt=R len=7
PKT t=29182 TX ua=95 mt=P len=0
PKT t=29191 RX ua=95 mt=R len=7
PKT t=29196 TX ua=95 mt=P len=0
PKT t=29205 RX ua=95 mt=R len=7
PKT t=29210 TX ua=95 mt=P len=0
PKT t=29219 RX ua=95 mt=R len=7
PKT t=29224 TX ua=95 mt=P len=0
PKT t=29233 RX ua=95 mt=R len=7
PKT t=29238 TX ua=95 mt=P len=0
PKT t=29267 RX ua=95 mt=R len=7
PKT t=29272 TX ua=95 mt=P len=0
PKT t=29281 RX ua=95 mt=R len=7
PKT t=29286 TX ua=95 mt=P len=0
PKT t=29295 RX ua=95 mt=R len=7
PKT t=29300 TX ua=95 mt=P len=0
PKT t=29322 RX ua=95 mt=R len=7
PKT t=29327 TX ua=95 mt=T len=7
PKT t=29340 TX ua=95 mt=P len=0
PKT t=29367 RX ua=95 mt=R len=7
PKT t=29372 TX ua=95 mt=P len=0
PKT t=29381 RX ua=95 mt=R len=7
PKT t=29386 TX ua=95 mt=P len=0
PKT t=29395 RX ua=95 mt=R len=7
PKT t=29400 TX ua=95 mt=P len=0
PKT t=29409 RX ua=95 mt=R len=7
PKT t=29414 TX ua=95 mt=P len=0
PKT t=29423 RX ua=95 mt=R len=7
PKT t=29428 TX ua=95 mt=P len=0
PKT t=29437 RX ua=95 mt=R len=7
PKT t=29442 TX ua=95 mt=P len=0
PKT t=29471 RX ua=95 mt=R len=7
PKT t=29476 TX ua=95 mt=P len=0
PKT t=29485 RX ua=95 mt=R len=7
PKT t=29490 TX ua=95 mt=P len=0
PKT t=29499 RX ua=95 mt=R len=7
PKT t=29504 TX ua=95 mt=P len=0
PKT t=29513 RX ua=95 mt=R len=7
PKT t=29518 TX ua=95 mt=P len=0
PKT t=29527 RX ua=95 mt=R len=7
PKT t=29532 TX ua=95 mt=P len=0
PKT t=29541 RX ua=95 mt=R len=7
PKT t=29546 TX ua=95 mt=P len=0
PKT t=29575 RX ua=95 mt=R len=7
PKT t=29580 TX ua=95 mt=T len=7
PKT t=29602 TX ua=95 mt=P len=0
PKT t=29612 RX ua=95 mt=R len=7
PKT t=29617 TX ua=95 mt=P len=0
PKT t=29627 RX ua=95 mt=R len=7
PKT t=29632 TX ua=95 mt=P len=0
PKT t=29642 RX ua=95 mt=R len=7
PKT t=29647 TX ua=95 mt=P len=0
PKT t=29676 RX ua=95 mt=R len=7
PKT t=29681 TX ua=95 mt=P len=0
PKT t=29691 RX ua=95 mt=R len=7
PKT t=29696 TX ua=95 mt=P len=0
PKT t=29706 RX ua=95 mt=R len=7
PKT t=29711 TX ua=95 mt=P len=0
PKT t=29721 RX ua=95 mt=R len=7
PKT t=29726 TX ua=95 mt=P len=0
PKT t=29742 RX ua=95 mt=R len=7
PKT t=29997 TX ua=96 mt=P len=0
PKT t=30255 TX ua=95 mt=P len=0
PKT t=30265 RX ua=95 mt=R len=7
PKT t=30270 TX ua=95 mt=T len=7
PKT t=30282 TX ua=95 mt=P len=0
PKT t=30302 RX ua=95 mt=R len=7
PKT t=30307 TX ua=95 mt=P len=0
PKT t=30316 RX ua=95 mt=R len=7
PKT t=30321 TX ua=95 mt=P len=0
PKT t=30330 RX ua=95 mt=R len=7
PKT t=30335 TX ua=95 mt=T len=7
PKT t=30347 TX ua=95 mt=P len=0
PKT t=30375 RX ua=95 mt=R len=7
PKT t=30380 TX ua=95 mt=P len=0
PKT t=30389 RX ua=95 mt=R len=7
PKT t=30394 TX ua=95 mt=P len=0
PKT t=30403 RX ua=95 mt=R len=7
PKT t=30408 TX ua=95 mt=P len=0
PKT t=30417 RX ua=95 mt=R len=7
PKT t=30422 TX ua=95 mt=P len=0
PKT t=30442 RX ua=95 mt=R len=7
PKT t=30447 TX ua=95 mt=P len=0
PKT t=30475 RX ua=95 mt=R len=7
PKT t=30480 TX ua=95 mt=P len=0
PKT t=30489 RX ua=95 mt=R len=7
PKT t=30494 TX ua=95 mt=P len=0
PKT t=30503 RX ua=95 mt=R len=7
PKT t=30508 TX ua=95 mt=P len=0
PKT t=30517 RX ua=95 mt=R len=7
PKT t=30522 TX ua=95 mt=P len=0
PKT t=30531 RX ua=95 mt=R len=7
PKT t=30536 TX ua=95 mt=P len=0
PKT t=30545 RX ua=95 mt=R len=7
PKT t=30550 TX ua=95 mt=P len=0
PKT t=30582 RX ua=95 mt=R len=7
PKT t=30587 TX ua=95 mt=T len=7
PKT t=30599 TX ua=95 mt=P len=0
PKT t=30608 RX ua=95 mt=R len=7
PKT t=30613 TX ua=95 mt=P len=0
PKT t=30622 RX ua=95 mt=R len=7
PKT t=30627 TX ua=95 mt=P len=0
PKT t=30636 RX ua=95 mt=R len=7
PKT t=30641 TX ua=95 mt=P len=0
PKT t=30650 RX ua=95 mt=R len=7
PKT t=30655 TX ua=95 mt=P len=0
PKT t=30684 RX ua=95 mt=R len=7
PKT t=30689 TX ua=95 mt=P len=0
PKT t=30698 RX ua=95 mt=R len=7
PKT t=30703 TX ua=95 mt=P len=0
PKT t=30722 RX ua=95 mt=R len=7
PKT t=30727 TX ua=95 mt=P len=0
PKT t=30736 RX ua=95 mt=R len=7
PKT t=30741 TX ua=95 mt=P len=0
PKT t=30750 RX ua=95 mt=R len=7
PKT t=30755 TX ua=95 mt=P len=0
PKT t=30784 RX ua=95 mt=R len=7
PKT t=30789 TX ua=95 mt=P len=0
PKT t=30798 RX ua=95 mt=R len=7
PKT t=30803 TX ua=95 mt=P len=0
PKT t=30812 RX ua=95 mt=R len=7
PKT t=30817 TX ua=95 mt=P len=0
PKT t=30826 RX ua=95 mt=R len=7
PKT t=30831 TX ua=95 mt=P len=0
PKT t=30840 RX ua=95 mt=R len=7
PKT t=30845 TX ua=95 mt=T len=7
PKT t=30869 TX ua=95 mt=P len=0
PKT t=30885 RX ua=95 mt=R len=7
PKT t=30890 TX ua=95 mt=P len=0
PKT t=30899 RX ua=95 mt=R len=7
PKT t=30904 TX ua=95 mt=P len=0
PKT t=30913 RX ua=95 mt=R len=7
PKT t=30918 TX ua=95 mt=P len=0
PKT t=30927 RX ua=95 mt=R len=7
PKT t=30932 TX ua=95 mt=P len=0
PKT t=30941 RX ua=95 mt=R len=7
PKT t=30946 TX ua=95 mt=P len=0
PKT t=30955 RX ua=95 mt=R len=7
PKT t=30960 TX ua=95 mt=P len=0
PKT t=31002 RX ua=95 mt=R len=7
PKT t=31007 TX ua=95 mt=P len=0
PKT t=31016 RX ua=95 mt=R len=7
PKT t=31021 TX ua=95 mt=P len=0
PKT t=31030 RX ua=95 mt=R len=7
PKT t=31035 TX ua=95 mt=P len=0
PKT t=31044 RX ua=95 mt=R len=7
PKT t=31049 TX ua=95 mt=P len=0
PKT t=31058 RX ua=95 mt=R len=7
PKT t=31063 TX ua=95 mt=P len=0
PKT t=31092 RX ua=95 mt=R len=7
PKT t=31097 TX ua=95 mt=T len=7
PKT t=31109 TX ua=95 mt=P len=0
PKT t=31118 RX ua=95 mt=R len=7
PKT t=31123 TX ua=95 mt=P len=0
PKT t=31142 RX ua=95 mt=R len=7
PKT t=31147 TX ua=95 mt=P len=0
PKT t=31156 RX ua=95 mt=R len=7
PKT t=31161 TX ua=95 mt=P len=0
PKT t=31192 RX ua=95 mt=R len=7
PKT t=31197 TX ua=95 mt=P len=0
PKT t=31206 RX ua=95 mt=R len=7
PKT t=31211 TX ua=95 mt=P len=0
PKT t=31220 RX ua=95 mt=R len=7
PKT t=31225 TX ua=95 mt=P len=0
PKT t=31234 RX ua=95 mt=R len=7
PKT t=31239 TX ua=95 mt=P len=0
PKT t=31248 RX ua=95 mt=R len=7
PKT t=31253 TX ua=95 mt=P len=0
PKT t=31262 RX ua=95 mt=R len=7
PKT t=31267 TX ua=95 mt=P len=0
PKT t=31296 RX ua=95 mt=R len=7
PKT t=31301 TX ua=95 mt=P len=0
PKT t=31310 RX ua=95 mt=R len=7
PKT t=31315 TX ua=95 mt=P len=0
PKT t=31324 RX ua=95 mt=R len=7
PKT t=31329 TX ua=95 mt=P len=0
PKT t=31338 RX ua=95 mt=R len=7
PKT t=31343 TX ua=95 mt=T len=7
PKT t=31355 TX ua=95 mt=P len=0
PKT t=31364 RX ua=95 mt=R len=7
PKT t=31369 TX ua=95 mt=P len=0
PKT t=31398 RX ua=95 mt=R len=7
PKT t=31403 TX ua=95 mt=P len=0
PKT t=31422 RX ua=95 mt=R len=7
PKT t=31427 TX ua=95 mt=P len=0
PKT t=31436 RX ua=95 mt=R len=7
PKT t=31441 TX ua=95 mt=P len=0
PKT t=31450 RX ua=95 mt=R len=7
PKT t=31455 TX ua=95 mt=P len=0
PKT t=31464 RX ua=95 mt=R len=7
PKT t=31469 TX ua=95 mt=P len=0
PKT t=31498 RX ua=95 mt=R len=7
PKT t=31503 TX ua=95 mt=P len=0
PKT t=31512 RX ua=95 mt=R len=7
PKT t=31517 TX ua=95 mt=P len=0
PKT t=31526 RX ua=95 mt=R len=7
PKT t=31531 TX ua=95 mt=P len=0
PKT t=31540 RX ua=95 mt=R len=7
PKT t=31545 TX ua=95 mt=P len=0
PKT t=31562 RX ua=95 mt=R len=7
PKT t=31567 TX ua=95 mt=P len=0
PKT t=31598 RX ua=95 mt=R len=7
PKT t=31603 TX ua=95 mt=T len=7
PKT t=31615 TX ua=95 mt=P len=0
PKT t=31625 RX ua=95 mt=R len=7
PKT t=31630 TX ua=95 mt=P len=0
PKT t=31640 RX ua=95 mt=R len=7
PKT t=31645 TX ua=95 mt=P len=0
PKT t=31655 RX ua=95 mt=R len=7
PKT t=31660 TX ua=95 mt=P len=0
PKT t=31670 RX ua=95 mt=R len=7
PKT t=31675 TX ua=95 mt=P len=0
PKT t=31704 RX ua=95 mt=R len=7
PKT t=31709 TX ua=95 mt=P len=0
PKT t=31719 RX ua=95 mt=R len=7
PKT t=31724 TX ua=95 mt=P len=0
PKT t=31734 RX ua=95 mt=R len=7
PKT t=31739 TX ua=95 mt=P len=0
PKT t=31749 RX ua=95 mt=R len=7
PKT t=31754 TX ua=95 mt=P len=0
PKT t=31764 RX ua=95 mt=R len=7
PKT t=31769 TX ua=95 mt=P len=0
PKT t=31779 RX ua=95 mt=R len=7
PKT t=31784 TX ua=95 mt=P len=0
PKT t=31813 RX ua=95 mt=R len=7
PKT t=31818 TX ua=95 mt=P len=0
PKT t=31842 RX ua=95 mt=R len=7
PKT t=31847 TX ua=95 mt=T len=7
PKT t=31859 TX ua=95 mt=P len=0
PKT t=31868 RX ua=95 mt=R len=7
PKT t=31873 TX ua=95 mt=P len=0
PKT t=31882 RX ua=95 mt=R len=7
PKT t=31887 TX ua=95 mt=P len=0
PKT t=31916 RX ua=95 mt=R len=7
PKT t=31921 TX ua=95 mt=P len=0
PKT t=31930 RX ua=95 mt=R len=7
PKT t=31935 TX ua=95 mt=P len=0
PKT t=31944 RX ua=95 mt=R len=7
PKT t=31949 TX ua=95 mt=P len=0
PKT t=31958 RX ua=95 mt=R len=7
PKT t=31963 TX ua=95 mt=P len=0
PKT t=31982 RX ua=95 mt=R len=7
PKT t=31987 TX ua=95 mt=P len=0
PKT t=32016 RX ua=95 mt=R len=7
PKT t=32021 TX ua=95 mt=P len=0
PKT t=32033 RX ua=95 mt=R len=7
PKT t=32038 TX ua=95 mt=P len=0
PKT t=32047 RX ua=95 mt=R len=7
PKT t=32052 TX ua=95 mt=P len=0
PKT t=32061 RX ua=95 mt=R len=7
PKT t=32066 TX ua=95 mt=P len=0
PKT t=32075 RX ua=95 mt=R len=7
PKT t=32080 TX ua=95 mt=P len=0
PKT t=32089 RX ua=95 mt=R len=7
PKT t=32094 TX ua=95 mt=T len=7
PKT t=32106 TX ua=95 mt=T len=7
PKT t=32129 TX ua=95 mt=P len=0
PKT t=32138 RX ua=95 mt=R len=7
PKT t=32143 TX ua=95 mt=P len=0
PKT t=32152 RX ua=95 mt=R len=7
PKT t=32157 TX ua=95 mt=P len=0
PKT t=32166 RX ua=95 mt=R len=7
PKT t=32171 TX ua=95 mt=P len=0
PKT t=32180 RX ua=95 mt=R len=7
PKT t=32185 TX ua=95 mt=P len=0
PKT t=32194 RX ua=95 mt=R len=7
PKT t=32199 TX ua=95 mt=P len=0
PKT t=32233 RX ua=95 mt=R len=7
PKT t=32238 TX ua=95 mt=P len=0
PKT t=32247 RX ua=95 mt=R len=7
PKT t=32262 TX ua=95 mt=P len=0
PKT t=32271 RX ua=95 mt=R len=7
PKT t=32276 TX ua=95 mt=P len=0
PKT t=32285 RX ua=95 mt=R len=7
PKT t=32290 TX ua=95 mt=P len=0
PKT t=32299 RX ua=95 mt=R len=7
PKT t=32304 TX ua=95 mt=P len=0
PKT t=32333 RX ua=95 mt=R len=7
PKT t=32338 TX ua=95 mt=P len=0
PKT t=32347 RX ua=95 mt=R len=7
PKT t=32352 TX ua=95 mt=T len=7
PKT t=32364 TX ua=95 mt=P len=0
PKT t=32373 RX ua=95 mt=R len=7
PKT t=32378 TX ua=95 mt=P len=0
PKT t=32387 RX ua=95 mt=R len=7
PKT t=32402 TX ua=95 mt=P len=0
PKT t=32433 RX ua=95 mt=R len=7
PKT t=32438 TX ua=95 mt=P len=0
PKT t=32447 RX ua=95 mt=R len=7
PKT t=32452 TX ua=95 mt=P len=0
PKT t=32461 RX ua=95 mt=R len=7
PKT t=32466 TX ua=95 mt=P len=0
PKT t=32475 RX ua=95 mt=R len=7
PKT t=32480 TX ua=95 mt=P len=0
PKT t=32489 RX ua=95 mt=R len=7
PKT t=32494 TX ua=95 mt=P len=0
PKT t=32503 RX ua=95 mt=R len=7
PKT t=32508 TX ua=95 mt=P len=0
PKT t=32542 RX ua=95 mt=R len=7
PKT t=32547 TX ua=95 mt=P len=0
PKT t=32556 RX ua=95 mt=R len=7
PKT t=32561 TX ua=95 mt=P len=0
PKT t=32570 RX ua=95 mt=R len=7
PKT t=32575 TX ua=95 mt=P len=0
PKT t=32585 RX ua=95 mt=R len=7
PKT t=32589 TX ua=95 mt=P len=0
PKT t=32598 RX ua=95 mt=R len=7
PKT t=32603 TX ua=95 mt=T len=7
PKT t=32615 TX ua=95 mt=P len=0
PKT t=32643 RX ua=95 mt=R len=7
PKT t=32648 TX ua=95 mt=P len=0
PKT t=32657 RX ua=95 mt=R len=7
PKT t=32662 TX ua=95 mt=P len=0
PKT t=32682 RX ua=95 mt=R len=7
PKT t=32687 TX ua=95 mt=P len=0
PKT t=32696 RX ua=95 mt=R len=7
PKT t=32701 TX ua=95 mt=P len=0
PKT t=32710 RX ua=95 mt=R len=7
PKT t=32715 TX ua=95 mt=P len=0
PKT t=32744 RX ua=95 mt=R len=7
PKT t=32749 TX ua=95 mt=P len=0
PKT t=32758 RX ua=95 mt=R len=7
PKT t=32763 TX ua=95 mt=P len=0
PKT t=32772 RX ua=95 mt=R len=7
PKT t=32777 TX ua=95 mt=P len=0
PKT t=32786 RX ua=95 mt=R len=7
PKT t=32791 TX ua=95 mt=P len=0
PKT t=32800 RX ua=95 mt=R len=7
PKT t=32805 TX ua=95 mt=P len=0
PKT t=32822 RX ua=95 mt=R len=7
PKT t=32827 TX ua=95 mt=P len=0
PKT t=32848 RX ua=95 mt=R len=7
PKT t=32853 TX ua=95 mt=T len=7
PKT t=32865 TX ua=95 mt=P len=0
PKT t=32874 RX ua=95 mt=R len=7
PKT t=32879 TX ua=95 mt=P len=0
PKT t=32888 RX ua=95 mt=R len=7
PKT t=32893 TX ua=95 mt=P len=0
PKT t=32902 RX ua=95 mt=R len=7
PKT t=32907 TX ua=95 mt=P len=0
PKT t=32916 RX ua=95 mt=R len=7
PKT t=32921 TX ua=95 mt=P len=0
PKT t=32962 RX ua=95 mt=R len=7
PKT t=32967 TX ua=95 mt=P len=0
PKT t=32976 RX ua=95 mt=R len=7
PKT t=32981 TX ua=95 mt=P len=0
PKT t=32990 RX ua=95 mt=R len=7
PKT t=32995 TX ua=95 mt=P len=0
PKT t=33004 RX ua=95 mt=R len=7
PKT t=33009 TX ua=95 mt=P len=0
PKT t=33018 RX ua=95 mt=R len=7
PKT t=33023 TX ua=95 mt=P len=0
PKT t=33052 RX ua=95 mt=R len=7
PKT t=33057 TX ua=95 mt=P len=0
PKT t=33066 RX ua=95 mt=R len=7
PKT t=33071 TX ua=95 mt=P len=0
PKT t=33080 RX ua=95 mt=R len=7
PKT t=33085 TX ua=95 mt=P len=0
PKT t=33102 RX ua=95 mt=R len=7
PKT t=33107 TX ua=95 mt=T len=7
PKT t=33119 TX ua=95 mt=P len=0
PKT t=33152 RX ua=95 mt=R len=7
PKT t=33157 TX ua=95 mt=P len=0
PKT t=33166 RX ua=95 mt=R len=7
PKT t=33171 TX ua=95 mt=P len=0
PKT t=33180 RX ua=95 mt=R len=7
PKT t=33185 TX ua=95 mt=P len=0
PKT t=33194 RX ua=95 mt=R len=7
PKT t=33199 TX ua=95 mt=P len=0
PKT t=33208 RX ua=95 mt=R len=7
PKT t=33213 TX ua=95 mt=P len=0
PKT t=33222 RX ua=95 mt=R len=7
PKT t=33227 TX ua=95 mt=P len=0
PKT t=33256 RX ua=95 mt=R len=7
PKT t=33261 TX ua=95 mt=P len=0
PKT t=33270 RX ua=95 mt=R len=7
PKT t=33275 TX ua=95 mt=P len=0
PKT t=33284 RX ua=95 mt=R len=7
PKT t=33289 TX ua=95 mt=P len=0
PKT t=33298 RX ua=95 mt=R len=7
PKT t=33303 TX ua=95 mt=P len=0
PKT t=33312 RX ua=95 mt=R len=7
PKT t=33317 TX ua=95 mt=P len=0
PKT t=33326 RX ua=95 mt=R len=7
PKT t=33331 TX ua=95 mt=P len=0
PKT t=33360 RX ua=95 mt=R len=7
PKT t=33365 TX ua=95 mt=T len=7
PKT t=33389 TX ua=95 mt=P len=0
PKT t=33398 RX ua=95 mt=R len=7
PKT t=33403 TX ua=95 mt=P len=0
PKT t=33412 RX ua=95 mt=R len=7
PKT t=33417 TX ua=95 mt=P len=0
PKT t=33426 RX ua=95 mt=R len=7
PKT t=33431 TX ua=95 mt=P len=0
PKT t=33460 RX ua=95 mt=R len=7
PKT t=33465 TX ua=95 mt=P len=0
PKT t=33474 RX ua=95 mt=R len=7
PKT t=33479 TX ua=95 mt=P len=0
PKT t=33488 RX ua=95 mt=R len=7
PKT t=33493 TX ua=95 mt=P len=0
PKT t=33502 RX ua=95 mt=R len=7
PKT t=33507 TX ua=95 mt=P len=0
PKT t=33522 RX ua=95 mt=R len=7
PKT t=33777 TX ua=96 mt=P len=0
PKT t=34039 TX ua=95 mt=P len=0
PKT t=34048 RX ua=95 mt=R len=7
PKT t=34053 TX ua=95 mt=T len=7
PKT t=34065 TX ua=95 mt=P len=0
PKT t=34082 RX ua=95 mt=R len=7
PKT t=34087 TX ua=95 mt=P len=0
PKT t=34096 RX ua=95 mt=R len=7
PKT t=34101 TX ua=95 mt=P len=0
PKT t=34110 RX ua=95 mt=R len=7
PKT t=34115 TX ua=95 mt=T len=7
PKT t=34128 TX ua=95 mt=P len=0
PKT t=34160 RX ua=95 mt=R len=7
PKT t=34165 TX ua=95 mt=T len=7
PKT t=34178 TX ua=95 mt=P len=0
PKT t=34187 RX ua=95 mt=R len=7
PKT t=34192 TX ua=95 mt=P len=0
PKT t=34201 RX ua=95 mt=R len=7
PKT t=34206 TX ua=95 mt=P len=0
PKT t=34222 RX ua=95 mt=R len=7
PKT t=34477 TX ua=96 mt=P len=0
PKT t=34735 TX ua=95 mt=P len=0
PKT t=34744 RX ua=95 mt=R len=7
PKT t=34749 TX ua=95 mt=T len=7
PKT t=34762 TX ua=95 mt=P len=0
PKT t=34782 RX ua=95 mt=R len=7
PKT t=34787 TX ua=95 mt=P len=0
PKT t=34796 RX ua=95 mt=R len=7
PKT t=34801 TX ua=95 mt=P len=0
PKT t=34810 RX ua=95 mt=R len=7
PKT t=34815 TX ua=95 mt=P len=0
PKT t=34824 RX ua=95 mt=R len=7
PKT t=34829 TX ua=95 mt=P len=0
PKT t=34860 RX ua=95 mt=R len=7
PKT t=34865 TX ua=95 mt=T len=7
PKT t=34878 TX ua=95 mt=P len=0
PKT t=34887 RX ua=95 mt=R len=7
PKT t=34892 TX ua=95 mt=P len=0
PKT t=34901 RX ua=95 mt=R len=7
PKT t=34906 TX ua=95 mt=P len=0
PKT t=34922 RX ua=95 mt=R len=7
PKT t=35177 TX ua=96 mt=P len=0
PKT t=35435 TX ua=95 mt=P len=0
PKT t=35444 RX ua=95 mt=R len=7
PKT t=35449 TX ua=95 mt=T len=7
PKT t=35461 TX ua=95 mt=P len=0
PKT t=35482 RX ua=95 mt=R len=7
PKT t=35487 TX ua=95 mt=P len=0
PKT t=35496 RX ua=95 mt=R len=7
PKT t=35501 TX ua=95 mt=P len=0
PKT t=35510 RX ua=95 mt=R len=7
PKT t=35515 TX ua=95 mt=P len=0
PKT t=35524 RX ua=95 mt=R len=7
PKT t=35529 TX ua=95 mt=P len=0
PKT t=35560 RX ua=95 mt=R len=7
PKT t=35565 TX ua=95 mt=P len=0
PKT t=35574 RX ua=95 mt=R len=7
PKT t=35579 TX ua=95 mt=P len=0
PKT t=35588 RX ua=95 mt=R len=7
PKT t=35593 TX ua=95 mt=P len=0
PKT t=35602 RX ua=95 mt=R len=7
PKT t=35607 TX ua=95 mt=P len=0
PKT t=35622 RX ua=95 mt=R len=7
PKT t=35877 TX ua=96 mt=P len=0
PKT t=36135 TX ua=95 mt=P len=0
PKT t=36144 RX ua=95 mt=R len=7
PKT t=36149 TX ua=95 mt=T len=7
PKT t=36161 TX ua=95 mt=P len=0
PKT t=36182 RX ua=95 mt=R len=7
PKT t=36187 TX ua=95 mt=P len=0
PKT t=36196 RX ua=95 mt=R len=7
PKT t=36201 TX ua=95 mt=P len=0
PKT t=36210 RX ua=95 mt=R len=7
PKT t=36215 TX ua=95 mt=P len=0
PKT t=36224 RX ua=95 mt=R len=7
PKT t=36229 TX ua=95 mt=P len=0
PKT t=36238 RX ua=95 mt=R len=7
PKT t=36243 TX ua=95 mt=P len=0
PKT t=36272 RX ua=95 mt=R len=7
PKT t=36277 TX ua=95 mt=P len=0
PKT t=36286 RX ua=95 mt=R len=7
PKT t=36291 TX ua=95 mt=P len=0
PKT t=36300 RX ua=95 mt=R len=7
PKT t=36305 TX ua=95 mt=P len=0
PKT t=36322 RX ua=95 mt=R len=7
PKT t=36327 TX ua=95 mt=P len=0
PKT t=36336 RX ua=95 mt=R len=7
PKT t=36341 TX ua=95 mt=P len=0
PKT t=36372 RX ua=95 mt=R len=7
PKT t=36377 TX ua=95 mt=T len=7
PKT t=36389 TX ua=95 mt=P len=0
PKT t=36398 RX ua=95 mt=R len=7
PKT t=36403 TX ua=95 mt=P len=0
PKT t=36412 RX ua=95 mt=R len=7
PKT t=36417 TX ua=95 mt=P len=0
PKT t=36426 RX ua=95 mt=R len=7
PKT t=36431 TX ua=95 mt=P len=0
PKT t=36440 RX ua=95 mt=R len=7
PKT t=36445 TX ua=95 mt=P len=0
PKT t=36474 RX ua=95 mt=R len=7
PKT t=36479 TX ua=95 mt=P len=0
PKT t=36488 RX ua=95 mt=R len=7
PKT t=36493 TX ua=95 mt=P len=0
PKT t=36502 RX ua=95 mt=R len=7
PKT t=36507 TX ua=95 mt=P len=0
PKT t=36516 RX ua=95 mt=R len=7
PKT t=36521 TX ua=95 mt=P len=0
PKT t=36530 RX ua=95 mt=R len=7
PKT t=36535 TX ua=95 mt=P len=0
PKT t=36544 RX ua=95 mt=R len=7
PKT t=36549 TX ua=95 mt=P len=0
PKT t=36578 RX ua=95 mt=R len=7
PKT t=36583 TX ua=95 mt=P len=0
PKT t=36602 RX ua=95 mt=R len=7
PKT t=36607 TX ua=95 mt=P len=0
PKT t=36616 RX ua=95 mt=R len=7
PKT t=36621 TX ua=95 mt=P len=0
PKT t=36630 RX ua=95 mt=R len=7
PKT t=36635 TX ua=95 mt=T len=7
PKT t=36647 TX ua=95 mt=P len=0
PKT t=36678 RX ua=95 mt=R len=7
PKT t=36683 TX ua=95 mt=P len=0
PKT t=36692 RX ua=95 mt=R len=7
PKT t=36697 TX ua=95 mt=P len=0
PKT t=36706 RX ua=95 mt=R len=7
PKT t=36711 TX ua=95 mt=P len=0
PKT t=36720 RX ua=95 mt=R len=7
PKT t=36725 TX ua=95 mt=P len=0
PKT t=36742 RX ua=95 mt=R len=7
PKT t=36747 TX ua=95 mt=P len=0
PKT t=36778 RX ua=95 mt=R len=7
PKT t=36783 TX ua=95 mt=P len=0
PKT t=36792 RX ua=95 mt=R len=7
PKT t=36797 TX ua=95 mt=P len=0
PKT t=36806 RX ua=95 mt=R len=7
PKT t=36811 TX ua=95 mt=P len=0
PKT t=36820 RX ua=95 mt=R len=7
PKT t=36825 TX ua=95 mt=P len=0
PKT t=36834 RX ua=95 mt=R len=7
PKT t=36839 TX ua=95 mt=P len=0
PKT t=36848 RX ua=95 mt=R len=7
PKT t=36853 TX ua=95 mt=P len=0
PKT t=36882 RX ua=95 mt=R len=7
PKT t=36887 TX ua=95 mt=T len=7
PKT t=36899 TX ua=95 mt=P len=0
PKT t=36908 RX ua=95 mt=R len=7
PKT t=36913 TX ua=95 mt=P len=0
PKT t=36922 RX ua=95 mt=R len=7
PKT t=36927 TX ua=95 mt=P len=0
PKT t=36936 RX ua=95 mt=R len=7
PKT t=36941 TX ua=95 mt=P len=0
PKT t=36950 RX ua=95 mt=R len=7
PKT t=36955 TX ua=95 mt=P len=0
PKT t=36984 RX ua=95 mt=R len=7
PKT t=36989 TX ua=95 mt=P len=0
PKT t=36998 RX ua=95 mt=R len=7
PKT t=37003 TX ua=95 mt=P len=0
PKT t=37022 RX ua=95 mt=R len=7
PKT t=37027 TX ua=95 mt=P len=0
PKT t=37036 RX ua=95 mt=R len=7
PKT t=37041 TX ua=95 mt=P len=0
PKT t=37050 RX ua=95 mt=R len=7
PKT t=37055 TX ua=95 mt=P len=0
PKT t=37084 RX ua=95 mt=R len=7
PKT t=37089 TX ua=95 mt=P len=0
PKT t=37098 RX ua=95 mt=R len=7
PKT t=37103 TX ua=95 mt=P len=0
PKT t=37112 RX ua=95 mt=R len=7
PKT t=37117 TX ua=95 mt=T len=7
PKT t=37130 TX ua=95 mt=P len=0
PKT t=37139 RX ua=95 mt=R len=7
PKT t=37144 TX ua=95 mt=T len=7
PKT t=37169 TX ua=95 mt=P len=0
PKT t=37184 RX ua=95 mt=R len=7
PKT t=37189 TX ua=95 mt=P len=0
PKT t=37198 RX ua=95 mt=R len=7
PKT t=37203 TX ua=95 mt=P len=0
PKT t=37212 RX ua=95 mt=R len=7
PKT t=37217 TX ua=95 mt=P len=0
PKT t=37226 RX ua=95 mt=R len=7
PKT t=37231 TX ua=95 mt=P len=0
PKT t=37240 RX ua=95 mt=R len=7
PKT t=37245 TX ua=95 mt=P len=0
PKT t=37254 RX ua=95 mt=R len=7
PKT t=37259 TX ua=95 mt=P len=0
PKT t=37302 RX ua=95 mt=R len=7
PKT t=37307 TX ua=95 mt=P len=0
PKT t=37316 RX ua=95 mt=R len=7
PKT t=37321 TX ua=95 mt=P len=0
PKT t=37330 RX ua=95 mt=R len=7
