PKT t=7134 TX ua=95 mt=P len=0
PKT t=7143 RX ua=95 mt=R len=7
PKT t=7148 TX ua=95 mt=T len=7
PKT t=7160 TX ua=95 mt=P len=0
PKT t=7188 RX ua=95 mt=R len=7
PKT t=7193 TX ua=95 mt=P len=0
PKT t=7202 RX ua=95 mt=R len=7
PKT t=7207 TX ua=95 mt=P len=0
PKT t=7216 RX ua=95 mt=R len=7
PKT t=7221 TX ua=95 mt=P len=0
PKT t=7230 RX ua=95 mt=R len=7
PKT t=7235 TX ua=95 mt=P len=0
PKT t=7244 RX ua=95 mt=R len=7
PKT t=7261 TX ua=95 mt=P len=0
PKT t=7288 RX ua=95 mt=R len=7
PKT t=7293 TX ua=95 mt=P len=0
PKT t=7302 RX ua=95 mt=R len=7
PKT t=7307 TX ua=95 mt=P len=0
PKT t=7316 RX ua=95 mt=R len=7
PKT t=7321 TX ua=95 mt=P len=0
PKT t=7330 RX ua=95 mt=R len=7
PKT t=7335 TX ua=95 mt=P len=0
PKT t=7344 RX ua=95 mt=R len=7
PKT t=7349 TX ua=95 mt=P len=0
PKT t=7358 RX ua=95 mt=R len=7
PKT t=7363 TX ua=95 mt=P len=0
PKT t=7392 RX ua=95 mt=R len=7
PKT t=7397 TX ua=95 mt=T len=7
PKT t=7421 TX ua=95 mt=P len=0
PKT t=7431 RX ua=95 mt=R len=7
PKT t=7436 TX ua=95 mt=P len=0
PKT t=7446 RX ua=95 mt=R len=7
PKT t=7451 TX ua=95 mt=P len=0
PKT t=7461 RX ua=95 mt=R len=7
PKT t=7466 TX ua=95 mt=P len=0
PKT t=7495 RX ua=95 mt=R len=7
PKT t=7500 TX ua=95 mt=P len=0
PKT t=7510 RX ua=95 mt=R len=7
PKT t=7515 TX ua=95 mt=P len=0
PKT t=7525 RX ua=95 mt=R len=7
PKT t=7530 TX ua=95 mt=P len=0
PKT t=7540 RX ua=95 mt=R len=7
PKT t=7545 TX ua=95 mt=P len=0
PKT t=7555 RX ua=95 mt=R len=7
PKT t=7560 TX ua=95 mt=P len=0
PKT t=7594 RX ua=95 mt=R len=7
PKT t=7599 TX ua=95 mt=P len=0
PKT t=7609 RX ua=95 mt=R len=7
PKT t=7614 TX ua=95 mt=P len=0
PKT t=7624 RX ua=95 mt=R len=7
PKT t=7629 TX ua=95 mt=T len=7
PKT t=7641 TX ua=95 mt=P len=0
PKT t=7650 RX ua=95 mt=R len=7
PKT t=7655 TX ua=95 mt=P len=0
PKT t=7664 RX ua=95 mt=R len=7
PKT t=7669 TX ua=95 mt=P len=0
PKT t=7698 RX ua=95 mt=R len=7
PKT t=7703 TX ua=95 mt=P len=0
PKT t=7712 RX ua=95 mt=R len=7
PKT t=7717 TX ua=95 mt=P len=0
PKT t=7726 RX ua=95 mt=R len=7
PKT t=7741 TX ua=95 mt=P len=0
PKT t=7750 RX ua=95 mt=R len=7
PKT t=7755 TX ua=95 mt=P len=0
PKT t=7764 RX ua=95 mt=R len=7
PKT t=7769 TX ua=95 mt=P len=0
PKT t=7798 RX ua=95 mt=R len=7
PKT t=7803 TX ua=95 mt=P len=0
PKT t=7812 RX ua=95 mt=R len=7
PKT t=7817 TX ua=95 mt=P len=0
PKT t=7826 RX ua=95 mt=R len=7
PKT t=7831 TX ua=95 mt=P len=0
PKT t=7840 RX ua=95 mt=R len=7
PKT t=7845 TX ua=95 mt=P len=0
PKT t=7854 RX ua=95 mt=R len=7
PKT t=7859 TX ua=95 mt=P len=0
PKT t=7868 RX ua=95 mt=R len=7
PKT t=7873 TX ua=95 mt=T len=7
PKT t=7885 TX ua=95 mt=P len=0
PKT t=7904 RX ua=95 mt=R len=7
PKT t=7909 TX ua=95 mt=P len=0
PKT t=7918 RX ua=95 mt=R len=7
PKT t=7923 TX ua=95 mt=P len=0
PKT t=7932 RX ua=95 mt=R len=7
PKT t=7937 TX ua=95 mt=P len=0
PKT t=7946 RX ua=95 mt=R len=7
PKT t=7951 TX ua=95 mt=P len=0
PKT t=7960 RX ua=95 mt=R len=7
PKT t=7965 TX ua=95 mt=P len=0
PKT t=7974 RX ua=95 mt=R len=7
PKT t=7979 TX ua=95 mt=P len=0
PKT t=8008 RX ua=95 mt=R len=7
PKT t=8013 TX ua=95 mt=P len=0
PKT t=8022 RX ua=95 mt=R len=7
PKT t=8027 TX ua=95 mt=P len=0
PKT t=8036 RX ua=95 mt=R len=7
PKT t=8041 TX ua=95 mt=P len=0
PKT t=8061 RX ua=95 mt=R len=7
PKT t=8066 TX ua=95 mt=P len=0
PKT t=8075 RX ua=95 mt=R len=7
PKT t=8080 TX ua=95 mt=P len=0
PKT t=8109 RX ua=95 mt=R len=7
PKT t=8114 TX ua=95 mt=T len=7
PKT t=8126 TX ua=95 mt=T len=7
PKT t=8138 TX ua=95 mt=P len=0
PKT t=8147 RX ua=95 mt=R len=7
PKT t=8152 TX ua=95 mt=P len=0
PKT t=8161 RX ua=95 mt=R len=7
PKT t=8166 TX ua=95 mt=P len=0
PKT t=8175 RX ua=95 mt=R len=7
PKT t=8180 TX ua=95 mt=P len=0
PKT t=8221 RX ua=95 mt=R len=7
PKT t=8226 TX ua=95 mt=P len=0
PKT t=8235 RX ua=95 mt=R len=7
PKT t=8240 TX ua=95 mt=P len=0
PKT t=8249 RX ua=95 mt=R len=7
PKT t=8254 TX ua=95 mt=P len=0
PKT t=8263 RX ua=95 mt=R len=7
PKT t=8268 TX ua=95 mt=P len=0
PKT t=8277 RX ua=95 mt=R len=7
PKT t=8282 TX ua=95 mt=P len=0
PKT t=8311 RX ua=95 mt=R len=7
PKT t=8316 TX ua=95 mt=P len=0
PKT t=8325 RX ua=95 mt=R len=7
PKT t=8330 TX ua=95 mt=P len=0
PKT t=8339 RX ua=95 mt=R len=7
PKT t=8344 TX ua=95 mt=P len=0
PKT t=8353 RX ua=95 mt=R len=7
PKT t=8358 TX ua=95 mt=P len=0
PKT t=8381 RX ua=95 mt=R len=7
PKT t=8386 TX ua=95 mt=T len=7
PKT t=8398 TX ua=95 mt=P len=0
PKT t=8412 RX ua=95 mt=R len=7
PKT t=8417 TX ua=95 mt=P len=0
PKT t=8426 RX ua=95 mt=R len=7
PKT t=8431 TX ua=95 mt=P len=0
PKT t=8440 RX ua=95 mt=R len=7
PKT t=8445 TX ua=95 mt=P len=0
PKT t=8454 RX ua=95 mt=R len=7
PKT t=8459 TX ua=95 mt=P len=0
PKT t=8468 RX ua=95 mt=R len=7
PKT t=8473 TX ua=95 mt=P len=0
PKT t=8482 RX ua=95 mt=R len=7
PKT t=8487 TX ua=95 mt=P len=0
PKT t=8517 RX ua=95 mt=R len=7
PKT t=8522 TX ua=95 mt=P len=0
PKT t=8541 RX ua=95 mt=R len=7
PKT t=8546 TX ua=95 mt=P len=0
PKT t=8555 RX ua=95 mt=R len=7
PKT t=8560 TX ua=95 mt=P len=0
PKT t=8569 RX ua=95 mt=R len=7
PKT t=8574 TX ua=95 mt=P len=0
PKT t=8583 RX ua=95 mt=R len=7
PKT t=8588 TX ua=95 mt=P len=0
PKT t=8617 RX ua=95 mt=R len=7
PKT t=8622 TX ua=95 mt=P len=0
PKT t=8631 RX ua=95 mt=R len=7
PKT t=8636 TX ua=95 mt=T len=7
PKT t=8648 TX ua=95 mt=P len=0
PKT t=8657 RX ua=95 mt=R len=7
PKT t=8662 TX ua=95 mt=P len=0
PKT t=8672 RX ua=95 mt=R len=7
PKT t=8677 TX ua=95 mt=P len=0
PKT t=8686 RX ua=95 mt=R len=7
PKT t=8701 TX ua=95 mt=P len=0
PKT t=8720 RX ua=95 mt=R len=7
PKT t=8725 TX ua=95 mt=P len=0
PKT t=8734 RX ua=95 mt=R len=7
PKT t=8739 TX ua=95 mt=P len=0
PKT t=8748 RX ua=95 mt=R len=7
PKT t=8753 TX ua=95 mt=P len=0
PKT t=8762 RX ua=95 mt=R len=7
PKT t=8767 TX ua=95 mt=P len=0
PKT t=8776 RX ua=95 mt=R len=7
PKT t=8781 TX ua=95 mt=P len=0
PKT t=8790 RX ua=95 mt=R len=7
PKT t=8795 TX ua=95 mt=P len=0
PKT t=8824 RX ua=95 mt=R len=7
PKT t=8829 TX ua=95 mt=P len=0
PKT t=8838 RX ua=95 mt=R len=7
PKT t=8843 TX ua=95 mt=P len=0
PKT t=8861 RX ua=95 mt=R len=7
PKT t=8866 TX ua=95 mt=P len=0
PKT t=8875 RX ua=95 mt=R len=7
PKT t=8880 TX ua=95 mt=P len=0
PKT t=8889 RX ua=95 mt=R len=7
PKT t=8894 TX ua=95 mt=T len=7
PKT t=8906 TX ua=95 mt=P len=0
PKT t=8926 RX ua=95 mt=R len=7
PKT t=8931 TX ua=95 mt=P len=0
PKT t=8940 RX ua=95 mt=R len=7
PKT t=8945 TX ua=95 mt=P len=0
PKT t=8954 RX ua=95 mt=R len=7
PKT t=8959 TX ua=95 mt=P len=0
PKT t=8968 RX ua=95 mt=R len=7
PKT t=8973 TX ua=95 mt=P len=0
PKT t=8982 RX ua=95 mt=R len=7
PKT t=8987 TX ua=95 mt=P len=0
PKT t=8996 RX ua=95 mt=R len=7
PKT t=9001 TX ua=95 mt=P len=0
PKT t=9030 RX ua=95 mt=R len=7
PKT t=9035 TX ua=95 mt=P len=0
PKT t=9044 RX ua=95 mt=R len=7
PKT t=9049 TX ua=95 mt=P len=0
PKT t=9058 RX ua=95 mt=R len=7
PKT t=9063 TX ua=95 mt=P len=0
PKT t=9072 RX ua=95 mt=R len=7
PKT t=9077 TX ua=95 mt=P len=0
PKT t=9086 RX ua=95 mt=R len=7
PKT t=9091 TX ua=95 mt=P len=0
PKT t=9100 RX ua=95 mt=R len=7
PKT t=9105 TX ua=95 mt=T len=7
PKT t=9117 TX ua=95 mt=P len=0
PKT t=9136 RX ua=95 mt=R len=7
PKT t=9141 TX ua=95 mt=T len=7
PKT t=9153 TX ua=95 mt=P len=0
PKT t=9162 RX ua=95 mt=R len=7
PKT t=9167 TX ua=95 mt=P len=0
PKT t=9182 RX ua=95 mt=R len=7
PKT t=9437 TX ua=96 mt=I len=13
PKT t=9945 TX ua=96 mt=T len=4
PKT t=9956 TX ua=95 mt=P len=0
PKT t=9966 RX ua=95 mt=R len=7
PKT t=9981 TX ua=95 mt=T len=7
PKT t=9993 TX ua=95 mt=P len=0
PKT t=10002 RX ua=95 mt=R len=7
PKT t=10009 TX ua=95 mt=P len=0
PKT t=10036 RX ua=95 mt=R len=7
PKT t=10041 TX ua=95 mt=P len=0
PKT t=10050 RX ua=95 mt=R len=7
PKT t=10055 TX ua=95 mt=P len=0
PKT t=10064 RX ua=95 mt=R len=7
PKT t=10069 TX ua=95 mt=P len=0
PKT t=10078 RX ua=95 mt=R len=7
PKT t=10083 TX ua=95 mt=P len=0
PKT t=10092 RX ua=95 mt=R len=7
PKT t=10097 TX ua=95 mt=P len=0
PKT t=10106 RX ua=95 mt=R len=7
PKT t=10111 TX ua=95 mt=T len=7
PKT t=10124 TX ua=95 mt=P len=0
PKT t=10147 RX ua=95 mt=R len=7
PKT t=10152 TX ua=95 mt=T len=7
PKT t=10165 TX ua=95 mt=P len=0
PKT t=10174 RX ua=95 mt=R len=7
PKT t=10179 TX ua=95 mt=P len=0
PKT t=10188 RX ua=95 mt=R len=7
PKT t=10193 TX ua=95 mt=P len=0
PKT t=10202 RX ua=95 mt=R len=7
PKT t=10207 TX ua=95 mt=P len=0
PKT t=10240 RX ua=95 mt=R len=7
PKT t=10245 TX ua=95 mt=P len=0
PKT t=10254 RX ua=95 mt=R len=7
PKT t=10259 TX ua=95 mt=P len=0
PKT t=10268 RX ua=95 mt=R len=7
PKT t=10273 TX ua=95 mt=P len=0
PKT t=10282 RX ua=95 mt=R len=7
PKT t=10287 TX ua=95 mt=P len=0
PKT t=10302 RX ua=95 mt=R len=7
PKT t=10557 TX ua=96 mt=P len=0
PKT t=10815 TX ua=95 mt=P len=0
PKT t=10825 RX ua=95 mt=R len=7
PKT t=10829 TX ua=95 mt=T len=7
PKT t=10842 TX ua=95 mt=P len=0
PKT t=10851 RX ua=95 mt=R len=7
PKT t=10856 TX ua=95 mt=P len=0
PKT t=10865 RX ua=95 mt=R len=7
PKT t=10870 TX ua=95 mt=P len=0
PKT t=10879 RX ua=95 mt=R len=7
PKT t=10884 TX ua=95 mt=P len=0
PKT t=10893 RX ua=95 mt=R len=7
PKT t=10898 TX ua=95 mt=T len=7
PKT t=10911 TX ua=95 mt=P len=0
PKT t=10941 RX ua=95 mt=R len=7
PKT t=10946 TX ua=95 mt=P len=0
PKT t=10955 RX ua=95 mt=R len=7
PKT t=10960 TX ua=95 mt=P len=0
PKT t=10969 RX ua=95 mt=R len=7
PKT t=10974 TX ua=95 mt=P len=0
PKT t=10983 RX ua=95 mt=R len=7
PKT t=10988 TX ua=95 mt=P len=0
PKT t=10997 RX ua=95 mt=R len=7
PKT t=11002 TX ua=95 mt=P len=0
PKT t=11011 RX ua=95 mt=R len=7
PKT t=11016 TX ua=95 mt=P len=0
PKT t=11045 RX ua=95 mt=R len=7
PKT t=11050 TX ua=95 mt=P len=0
PKT t=11059 RX ua=95 mt=R len=7
PKT t=11064 TX ua=95 mt=P len=0
PKT t=11073 RX ua=95 mt=R len=7
PKT t=11078 TX ua=95 mt=P len=0
PKT t=11101 RX ua=95 mt=R len=7
PKT t=11106 TX ua=95 mt=T len=7
PKT t=11118 TX ua=95 mt=P len=0
PKT t=11146 RX ua=95 mt=R len=7
PKT t=11151 TX ua=95 mt=T len=7
PKT t=11163 TX ua=95 mt=P len=0
PKT t=11172 RX ua=95 mt=R len=7
PKT t=11177 TX ua=95 mt=P len=0
PKT t=11186 RX ua=95 mt=R len=7
PKT t=11191 TX ua=95 mt=P len=0
PKT t=11200 RX ua=95 mt=R len=7
PKT t=11205 TX ua=95 mt=P len=0
PKT t=11214 RX ua=95 mt=R len=7
PKT t=11219 TX ua=95 mt=P len=0
PKT t=11261 RX ua=95 mt=R len=7
PKT t=11266 TX ua=95 mt=P len=0
PKT t=11275 RX ua=95 mt=R len=7
PKT t=11280 TX ua=95 mt=P len=0
PKT t=11289 RX ua=95 mt=R len=7
PKT t=11294 TX ua=95 mt=P len=0
PKT t=11303 RX ua=95 mt=R len=7
PKT t=11308 TX ua=95 mt=P len=0
PKT t=11317 RX ua=95 mt=R len=7
PKT t=11322 TX ua=95 mt=P len=0
PKT t=11351 RX ua=95 mt=R len=7
PKT t=11356 TX ua=95 mt=P len=0
PKT t=11365 RX ua=95 mt=R len=7
PKT t=11370 TX ua=95 mt=P len=0
PKT t=11379 RX ua=95 mt=R len=7
PKT t=11384 TX ua=95 mt=P len=0
PKT t=11393 RX ua=95 mt=R len=7
PKT t=11398 TX ua=95 mt=T len=7
PKT t=11421 TX ua=95 mt=P len=0
PKT t=11451 RX ua=95 mt=R len=7
PKT t=11456 TX ua=95 mt=P len=0
PKT t=11466 RX ua=95 mt=R len=7
PKT t=11471 TX ua=95 mt=P len=0
PKT t=11481 RX ua=95 mt=R len=7
PKT t=11486 TX ua=95 mt=P len=0
PKT t=11496 RX ua=95 mt=R len=7
PKT t=11501 TX ua=95 mt=P len=0
PKT t=11511 RX ua=95 mt=R len=7
PKT t=11516 TX ua=95 mt=P len=0
PKT t=11527 RX ua=95 mt=R len=7
PKT t=11531 TX ua=95 mt=P len=0
PKT t=11561 RX ua=95 mt=R len=7
PKT t=11566 TX ua=95 mt=P len=0
PKT t=11581 RX ua=95 mt=R len=7
PKT t=11836 TX ua=96 mt=P len=0
PKT t=12094 TX ua=95 mt=P len=0
PKT t=12104 RX ua=95 mt=R len=7
PKT t=12109 TX ua=95 mt=T len=7
PKT t=12121 TX ua=95 mt=P len=0
PKT t=12130 RX ua=95 mt=R len=7
PKT t=12135 TX ua=95 mt=P len=0
PKT t=12169 RX ua=95 mt=R len=7
PKT t=12174 TX ua=95 mt=T len=7
PKT t=12186 TX ua=95 mt=P len=0
PKT t=12195 RX ua=95 mt=R len=7
PKT t=12200 TX ua=95 mt=P len=0
PKT t=12221 RX ua=95 mt=R len=7
PKT t=12226 TX ua=95 mt=P len=0
PKT t=12235 RX ua=95 mt=R len=7
PKT t=12240 TX ua=95 mt=P len=0
PKT t=12269 RX ua=95 mt=R len=7
PKT t=12274 TX ua=95 mt=P len=0
PKT t=12283 RX ua=95 mt=R len=7
PKT t=12288 TX ua=95 mt=P len=0
PKT t=12297 RX ua=95 mt=R len=7
PKT t=12302 TX ua=95 mt=P len=0
PKT t=12311 RX ua=95 mt=R len=7
PKT t=12316 TX ua=95 mt=P len=0
PKT t=12325 RX ua=95 mt=R len=7
PKT t=12330 TX ua=95 mt=P len=0
PKT t=12339 RX ua=95 mt=R len=7
PKT t=12344 TX ua=95 mt=P len=0
PKT t=12381 RX ua=95 mt=R len=7
PKT t=12386 TX ua=95 mt=P len=0
PKT t=12395 RX ua=95 mt=R len=7
PKT t=12400 TX ua=95 mt=P len=0
PKT t=12409 RX ua=95 mt=R len=7
PKT t=12414 TX ua=95 mt=T len=7
PKT t=12426 TX ua=95 mt=P len=0
PKT t=12435 RX ua=95 mt=R len=7
PKT t=12440 TX ua=95 mt=P len=0
PKT t=12473 RX ua=95 mt=R len=7
PKT t=12478 TX ua=95 mt=P len=0
PKT t=12487 RX ua=95 mt=R len=7
PKT t=12492 TX ua=95 mt=P len=0
PKT t=12501 RX ua=95 mt=R len=7
PKT t=12506 TX ua=95 mt=P len=0
PKT t=12515 RX ua=95 mt=R len=7
PKT t=12520 TX ua=95 mt=P len=0
PKT t=12541 RX ua=95 mt=R len=7
PKT t=12546 TX ua=95 mt=P len=0
PKT t=12573 RX ua=95 mt=R len=7
PKT t=12578 TX ua=95 mt=P len=0
PKT t=12587 RX ua=95 mt=R len=7
PKT t=12592 TX ua=95 mt=P len=0
PKT t=12601 RX ua=95 mt=R len=7
PKT t=12606 TX ua=95 mt=P len=0
PKT t=12615 RX ua=95 mt=R len=7
PKT t=12620 TX ua=95 mt=P len=0
PKT t=12629 RX ua=95 mt=R len=7
PKT t=12634 TX ua=95 mt=P len=0
PKT t=12643 RX ua=95 mt=R len=7
PKT t=12648 TX ua=95 mt=P len=0
PKT t=12677 RX ua=95 mt=R len=7
PKT t=12682 TX ua=95 mt=T len=7
PKT t=12706 TX ua=95 mt=P len=0
PKT t=12715 RX ua=95 mt=R len=7
PKT t=12720 TX ua=95 mt=P len=0
PKT t=12729 RX ua=95 mt=R len=7
PKT t=12734 TX ua=95 mt=P len=0
PKT t=12743 RX ua=95 mt=R len=7
PKT t=12748 TX ua=95 mt=P len=0
PKT t=12777 RX ua=95 mt=R len=7
PKT t=12782 TX ua=95 mt=P len=0
PKT t=12791 RX ua=95 mt=R len=7
PKT t=12796 TX ua=95 mt=P len=0
PKT t=12805 RX ua=95 mt=R len=7
PKT t=12810 TX ua=95 mt=P len=0
PKT t=12819 RX ua=95 mt=R len=7
PKT t=12824 TX ua=95 mt=P len=0
PKT t=12833 RX ua=95 mt=R len=7
PKT t=12838 TX ua=95 mt=P len=0
PKT t=12861 RX ua=95 mt=R len=7
PKT t=12866 TX ua=95 mt=P len=0
PKT t=12881 RX ua=95 mt=R len=7
PKT t=12886 TX ua=95 mt=P len=0
PKT t=12895 RX ua=95 mt=R len=7
PKT t=12900 TX ua=95 mt=P len=0
PKT t=12909 RX ua=95 mt=R len=7
PKT t=12914 TX ua=95 mt=T len=7
PKT t=12926 TX ua=95 mt=P len=0
PKT t=12935 RX ua=95 mt=R len=7
PKT t=12940 TX ua=95 mt=P len=0
PKT t=12949 RX ua=95 mt=R len=7
PKT t=12954 TX ua=95 mt=P len=0
PKT t=12983 RX ua=95 mt=R len=7
PKT t=12988 TX ua=95 mt=P len=0
PKT t=12997 RX ua=95 mt=R len=7
PKT t=13002 TX ua=95 mt=P len=0
PKT t=13021 RX ua=95 mt=R len=7
PKT t=13026 TX ua=95 mt=P len=0
PKT t=13035 RX ua=95 mt=R len=7
PKT t=13040 TX ua=95 mt=P len=0
PKT t=13049 RX ua=95 mt=R len=7
PKT t=13054 TX ua=95 mt=P len=0
PKT t=13083 RX ua=95 mt=R len=7
PKT t=13088 TX ua=95 mt=P len=0
PKT t=13097 RX ua=95 mt=R len=7
PKT t=13102 TX ua=95 mt=P len=0
PKT t=13111 RX ua=95 mt=R len=7
PKT t=13116 TX ua=95 mt=T len=7
PKT t=13129 TX ua=95 mt=P len=0
PKT t=13138 RX ua=95 mt=R len=7
PKT t=13143 TX ua=95 mt=P len=0
PKT t=13152 RX ua=95 mt=R len=7
PKT t=13157 TX ua=95 mt=T len=7
PKT t=13181 TX ua=95 mt=P len=0
PKT t=13190 RX ua=95 mt=R len=7
PKT t=13195 TX ua=95 mt=P len=0
PKT t=13204 RX ua=95 mt=R len=7
PKT t=13209 TX ua=95 mt=P len=0
PKT t=13218 RX ua=95 mt=R len=7
PKT t=13223 TX ua=95 mt=P len=0
PKT t=13232 RX ua=95 mt=R len=7
PKT t=13237 TX ua=95 mt=P len=0
PKT t=13246 RX ua=95 mt=R len=7
PKT t=13251 TX ua=95 mt=P len=0
PKT t=13260 RX ua=95 mt=R len=7
PKT t=13265 TX ua=95 mt=P len=0
PKT t=13294 RX ua=95 mt=R len=7
PKT t=13299 TX ua=95 mt=P len=0
PKT t=13308 RX ua=95 mt=R len=7
PKT t=13313 TX ua=95 mt=P len=0
PKT t=13322 RX ua=95 mt=R len=7
PKT t=13327 TX ua=95 mt=P len=0
PKT t=13342 RX ua=95 mt=R len=7
PKT t=13597 TX ua=96 mt=P len=0
PKT t=13855 TX ua=95 mt=P len=0
PKT t=13864 RX ua=95 mt=R len=7
PKT t=13869 TX ua=95 mt=T len=7
PKT t=13882 TX ua=95 mt=P len=0
PKT t=13900 RX ua=95 mt=R len=7
PKT t=13905 TX ua=95 mt=P len=0
PKT t=13914 RX ua=95 mt=R len=7
PKT t=13919 TX ua=95 mt=T len=7
PKT t=13932 TX ua=95 mt=P len=0
PKT t=13941 RX ua=95 mt=R len=7
PKT t=13946 TX ua=95 mt=P len=0
PKT t=13955 RX ua=95 mt=R len=7
PKT t=13960 TX ua=95 mt=P len=0
PKT t=13981 RX ua=95 mt=R len=7
PKT t=13986 TX ua=95 mt=P len=0
PKT t=14003 RX ua=95 mt=R len=7
PKT t=14011 TX ua=95 mt=P len=0
PKT t=14021 RX ua=95 mt=R len=7
PKT t=14026 TX ua=95 mt=P len=0
PKT t=14035 RX ua=95 mt=R len=7
PKT t=14040 TX ua=95 mt=P len=0
PKT t=14049 RX ua=95 mt=R len=7
PKT t=14054 TX ua=95 mt=P len=0
PKT t=14063 RX ua=95 mt=R len=7
PKT t=14068 TX ua=95 mt=P len=0
PKT t=14077 RX ua=95 mt=R len=7
PKT t=14082 TX ua=95 mt=P len=0
PKT t=14111 RX ua=95 mt=R len=7
PKT t=14116 TX ua=95 mt=T len=7
PKT t=14141 TX ua=95 mt=P len=0
PKT t=14150 RX ua=95 mt=R len=7
PKT t=14155 TX ua=95 mt=P len=0
PKT t=14164 RX ua=95 mt=R len=7
PKT t=14169 TX ua=95 mt=T len=7
PKT t=14181 TX ua=95 mt=P len=0
PKT t=14211 RX ua=95 mt=R len=7
PKT t=14216 TX ua=95 mt=P len=0
PKT t=14225 RX ua=95 mt=R len=7
PKT t=14230 TX ua=95 mt=P len=0
PKT t=14239 RX ua=95 mt=R len=7
PKT t=14244 TX ua=95 mt=P len=0
PKT t=14253 RX ua=95 mt=R len=7
PKT t=14258 TX ua=95 mt=P len=0
PKT t=14267 RX ua=95 mt=R len=7
PKT t=14272 TX ua=95 mt=P len=0
PKT t=14281 RX ua=95 mt=R len=7
PKT t=14286 TX ua=95 mt=P len=0
PKT t=14315 RX ua=95 mt=R len=7
PKT t=14320 TX ua=95 mt=P len=0
PKT t=14329 RX ua=95 mt=R len=7
PKT t=14334 TX ua=95 mt=P len=0
PKT t=14343 RX ua=95 mt=R len=7
PKT t=14348 TX ua=95 mt=P len=0
PKT t=14357 RX ua=95 mt=R len=7
PKT t=14362 TX ua=95 mt=P len=0
PKT t=14371 RX ua=95 mt=R len=7
PKT t=14376 TX ua=95 mt=P len=0
PKT t=14385 RX ua=95 mt=R len=7
PKT t=14390 TX ua=95 mt=P len=0
PKT t=14419 RX ua=95 mt=R len=7
PKT t=14424 TX ua=95 mt=T len=7
PKT t=14436 TX ua=95 mt=P len=0
PKT t=14445 RX ua=95 mt=R len=7
PKT t=14461 TX ua=95 mt=P len=0
PKT t=14470 RX ua=95 mt=R len=7
PKT t=14475 TX ua=95 mt=P len=0
PKT t=14484 RX ua=95 mt=R len=7
PKT t=14489 TX ua=95 mt=P len=0
PKT t=14519 RX ua=95 mt=R len=7
PKT t=14524 TX ua=95 mt=P len=0
PKT t=14533 RX ua=95 mt=R len=7
PKT t=14538 TX ua=95 mt=P len=0
PKT t=14547 RX ua=95 mt=R len=7
PKT t=14552 TX ua=95 mt=P len=0
PKT t=14561 RX ua=95 mt=R len=7
PKT t=14566 TX ua=95 mt=P len=0
PKT t=14575 RX ua=95 mt=R len=7
PKT t=14580 TX ua=95 mt=P len=0
PKT t=14589 RX ua=95 mt=R len=7
PKT t=14594 TX ua=95 mt=P len=0
PKT t=14623 RX ua=95 mt=R len=7
PKT t=14628 TX ua=95 mt=P len=0
PKT t=14637 RX ua=95 mt=R len=7
PKT t=14642 TX ua=95 mt=P len=0
PKT t=14651 RX ua=95 mt=R len=7
PKT t=14656 TX ua=95 mt=P len=0
PKT t=14665 RX ua=95 mt=R len=7
PKT t=14670 TX ua=95 mt=T len=7
PKT t=14682 TX ua=95 mt=P len=0
PKT t=14691 RX ua=95 mt=R len=7
PKT t=14696 TX ua=95 mt=P len=0
PKT t=14725 RX ua=95 mt=R len=7
PKT t=14730 TX ua=95 mt=P len=0
PKT t=14739 RX ua=95 mt=R len=7
PKT t=14744 TX ua=95 mt=P len=0
PKT t=14753 RX ua=95 mt=R len=7
PKT t=14758 TX ua=95 mt=P len=0
PKT t=14781 RX ua=95 mt=R len=7
PKT t=14786 TX ua=95 mt=P len=0
PKT t=14795 RX ua=95 mt=R len=7
PKT t=14800 TX ua=95 mt=P len=0
PKT t=14829 RX ua=95 mt=R len=7
PKT t=14834 TX ua=95 mt=P len=0
PKT t=14843 RX ua=95 mt=R len=7
PKT t=14848 TX ua=95 mt=P len=0
PKT t=14857 RX ua=95 mt=R len=7
PKT t=14862 TX ua=95 mt=P len=0
PKT t=14871 RX ua=95 mt=R len=7
PKT t=14876 TX ua=95 mt=P len=0
PKT t=14885 RX ua=95 mt=R len=7
PKT t=14890 TX ua=95 mt=P len=0
PKT t=14899 RX ua=95 mt=R len=7
PKT t=14904 TX ua=95 mt=P len=0
PKT t=14941 RX ua=95 mt=R len=7
PKT t=14946 TX ua=95 mt=T len=7
PKT t=14958 TX ua=95 mt=P len=0
PKT t=14967 RX ua=95 mt=R len=7
PKT t=14972 TX ua=95 mt=P len=0
PKT t=14981 RX ua=95 mt=R len=7
PKT t=14986 TX ua=95 mt=P len=0
PKT t=14995 RX ua=95 mt=R len=7
PKT t=15000 TX ua=95 mt=P len=0
PKT t=15033 RX ua=95 mt=R len=7
PKT t=15038 TX ua=95 mt=P len=0
PKT t=15047 RX ua=95 mt=R len=7
PKT t=15052 TX ua=95 mt=P len=0
PKT t=15061 RX ua=95 mt=R len=7
PKT t=15066 TX ua=95 mt=P len=0
PKT t=15075 RX ua=95 mt=R len=7
PKT t=15080 TX ua=95 mt=P len=0
PKT t=15101 RX ua=95 mt=R len=7
PKT t=15106 TX ua=95 mt=T len=7
PKT t=15118 TX ua=95 mt=P len=0
PKT t=15134 RX ua=95 mt=R len=7
PKT t=15139 TX ua=95 mt=P len=0
PKT t=15148 RX ua=95 mt=R len=7
PKT t=15153 TX ua=95 mt=P len=0
PKT t=15162 RX ua=95 mt=R len=7
PKT t=15167 TX ua=95 mt=T len=7
PKT t=15179 TX ua=95 mt=P len=0
PKT t=15188 RX ua=95 mt=R len=7
PKT t=15193 TX ua=95 mt=P len=0
PKT t=15202 RX ua=95 mt=R len=7
PKT t=15207 TX ua=95 mt=P len=0
PKT t=15236 RX ua=95 mt=R len=7
PKT t=15241 TX ua=95 mt=P len=0
PKT t=15261 RX ua=95 mt=R len=7
PKT t=15266 TX ua=95 mt=P len=0
PKT t=15275 RX ua=95 mt=R len=7
PKT t=15280 TX ua=95 mt=P len=0
PKT t=15289 RX ua=95 mt=R len=7
PKT t=15294 TX ua=95 mt=P len=0
PKT t=15303 RX ua=95 mt=R len=7
PKT t=15308 TX ua=95 mt=P len=0
PKT t=15337 RX ua=95 mt=R len=7
PKT t=15342 TX ua=95 mt=P len=0
PKT t=15351 RX ua=95 mt=R len=7
PKT t=15356 TX ua=95 mt=P len=0
PKT t=15365 RX ua=95 mt=R len=7
PKT t=15370 TX ua=95 mt=P len=0
PKT t=15379 RX ua=95 mt=R len=7
PKT t=15384 TX ua=95 mt=P len=0
PKT t=15393 RX ua=95 mt=R len=7
PKT t=15398 TX ua=95 mt=P len=0
PKT t=15421 RX ua=95 mt=R len=7
PKT t=15426 TX ua=95 mt=T len=7
PKT t=15438 TX ua=95 mt=P len=0
PKT t=15448 RX ua=95 mt=R len=7
PKT t=15453 TX ua=95 mt=P len=0
PKT t=15463 RX ua=95 mt=R len=7
PKT t=15468 TX ua=95 mt=P len=0
PKT t=15478 RX ua=95 mt=R len=7
PKT t=15483 TX ua=95 mt=P len=0
PKT t=15493 RX ua=95 mt=R len=7
PKT t=15498 TX ua=95 mt=P len=0
PKT t=15508 RX ua=95 mt=R len=7
PKT t=15513 TX ua=95 mt=P len=0
PKT t=15542 RX ua=95 mt=R len=7
PKT t=15547 TX ua=95 mt=P len=0
PKT t=15557 RX ua=95 mt=R len=7
PKT t=15562 TX ua=95 mt=P len=0
PKT t=15581 RX ua=95 mt=R len=7
PKT t=15586 TX ua=95 mt=P len=0
PKT t=15596 RX ua=95 mt=R len=7
PKT t=15601 TX ua=95 mt=P len=0
PKT t=15611 RX ua=95 mt=R len=7
PKT t=15616 TX ua=95 mt=P len=0
PKT t=15645 RX ua=95 mt=R len=7
PKT t=15650 TX ua=95 mt=P len=0
PKT t=15660 RX ua=95 mt=R len=7
PKT t=15665 TX ua=95 mt=P len=0
PKT t=15675 RX ua=95 mt=R len=7
PKT t=15680 TX ua=95 mt=T len=7
PKT t=15692 TX ua=95 mt=P len=0
PKT t=15701 RX ua=95 mt=R len=7
PKT t=15706 TX ua=95 mt=P len=0
PKT t=15715 RX ua=95 mt=R len=7
PKT t=15720 TX ua=95 mt=P len=0
PKT t=15749 RX ua=95 mt=R len=7
PKT t=15754 TX ua=95 mt=P len=0
PKT t=15763 RX ua=95 mt=R len=7
PKT t=15768 TX ua=95 mt=P len=0
PKT t=15777 RX ua=95 mt=R len=7
PKT t=15782 TX ua=95 mt=P len=0
PKT t=15791 RX ua=95 mt=R len=7
PKT t=15796 TX ua=95 mt=P len=0
PKT t=15805 RX ua=95 mt=R len=7
PKT t=15810 TX ua=95 mt=P len=0
PKT t=15819 RX ua=95 mt=R len=7
PKT t=15824 TX ua=95 mt=P len=0
PKT t=15853 RX ua=95 mt=R len=7
PKT t=15858 TX ua=95 mt=P len=0
PKT t=15867 RX ua=95 mt=R len=7
PKT t=15872 TX ua=95 mt=P len=0
PKT t=15881 RX ua=95 mt=R len=7
PKT t=15886 TX ua=95 mt=P len=0
PKT t=15901 RX ua=95 mt=R len=7
PKT t=16156 TX ua=96 mt=P len=0
PKT t=16414 TX ua=95 mt=P len=0
PKT t=16423 RX ua=95 mt=R len=7
PKT t=16428 TX ua=95 mt=T len=7
PKT t=16440 TX ua=95 mt=P len=0
PKT t=16459 RX ua=95 mt=R len=7
PKT t=16464 TX ua=95 mt=P len=0
PKT t=16473 RX ua=95 mt=R len=7
PKT t=16478 TX ua=95 mt=P len=0
PKT t=16487 RX ua=95 mt=R len=7
PKT t=16492 TX ua=95 mt=P len=0
PKT t=16501 RX ua=95 mt=R len=7
PKT t=16506 TX ua=95 mt=P len=0
PKT t=16515 RX ua=95 mt=R len=7
PKT t=16520 TX ua=95 mt=P len=0
PKT t=16541 RX ua=95 mt=R len=7
PKT t=16546 TX ua=95 mt=P len=0
PKT t=16563 RX ua=95 mt=R len=7
PKT t=16568 TX ua=95 mt=P len=0
PKT t=16577 RX ua=95 mt=R len=7
PKT t=16582 TX ua=95 mt=P len=0
PKT t=16591 RX ua=95 mt=R len=7
PKT t=16596 TX ua=95 mt=P len=0
PKT t=16605 RX ua=95 mt=R len=7
PKT t=16610 TX ua=95 mt=P len=0
PKT t=16619 RX ua=95 mt=R len=7
PKT t=16624 TX ua=95 mt=P len=0
PKT t=16633 RX ua=95 mt=R len=7
PKT t=16638 TX ua=95 mt=P len=0
PKT t=16667 RX ua=95 mt=R len=7
PKT t=16672 TX ua=95 mt=T len=7
PKT t=16684 TX ua=95 mt=P len=0
PKT t=16701 RX ua=95 mt=R len=7
PKT t=16706 TX ua=95 mt=P len=0
PKT t=16715 RX ua=95 mt=R len=7
PKT t=16720 TX ua=95 mt=P len=0
PKT t=16729 RX ua=95 mt=R len=7
PKT t=16734 TX ua=95 mt=P len=0
PKT t=16767 RX ua=95 mt=R len=7
PKT t=16772 TX ua=95 mt=P len=0
PKT t=16781 RX ua=95 mt=R len=7
PKT t=16786 TX ua=95 mt=P len=0
PKT t=16795 RX ua=95 mt=R len=7
PKT t=16800 TX ua=95 mt=P len=0
PKT t=16809 RX ua=95 mt=R len=7
PKT t=16814 TX ua=95 mt=P len=0
PKT t=16823 RX ua=95 mt=R len=7
PKT t=16828 TX ua=95 mt=P len=0
PKT t=16837 RX ua=95 mt=R len=7
PKT t=16842 TX ua=95 mt=P len=0
PKT t=16871 RX ua=95 mt=R len=7
PKT t=16876 TX ua=95 mt=P len=0
PKT t=16885 RX ua=95 mt=R len=7
PKT t=16890 TX ua=95 mt=P len=0
PKT t=16899 RX ua=95 mt=R len=7
PKT t=16904 TX ua=95 mt=P len=0
PKT t=16913 RX ua=95 mt=R len=7
PKT t=16918 TX ua=95 mt=P len=0
PKT t=16927 RX ua=95 mt=R len=7
PKT t=16932 TX ua=95 mt=T len=7
PKT t=16944 TX ua=95 mt=P len=0
PKT t=16972 RX ua=95 mt=R len=7
PKT t=16977 TX ua=95 mt=P len=0
PKT t=16986 RX ua=95 mt=R len=7
PKT t=16991 TX ua=95 mt=P len=0
PKT t=17000 RX ua=95 mt=R len=7
PKT t=17005 TX ua=95 mt=P len=0
PKT t=17021 RX ua=95 mt=R len=7
PKT t=17276 TX ua=96 mt=P len=0
PKT t=17534 TX ua=95 mt=P len=0
PKT t=17543 RX ua=95 mt=R len=7
PKT t=17548 TX ua=95 mt=T len=7
PKT t=17560 TX ua=95 mt=P len=0
PKT t=17580 RX ua=95 mt=R len=7
PKT t=17584 TX ua=95 mt=P len=0
PKT t=17594 RX ua=95 mt=R len=7
PKT t=17599 TX ua=95 mt=P len=0
PKT t=17609 RX ua=95 mt=R len=7
PKT t=17614 TX ua=95 mt=P len=0
PKT t=17624 RX ua=95 mt=R len=7
PKT t=17629 TX ua=95 mt=P len=0
PKT t=17639 RX ua=95 mt=R len=7
PKT t=17644 TX ua=95 mt=P len=0
PKT t=17677 RX ua=95 mt=R len=7
PKT t=17682 TX ua=95 mt=T len=7
PKT t=17694 TX ua=95 mt=P len=0
PKT t=17703 RX ua=95 mt=R len=7
PKT t=17708 TX ua=95 mt=P len=0
PKT t=17717 RX ua=95 mt=R len=7
PKT t=17722 TX ua=95 mt=P len=0
PKT t=17731 RX ua=95 mt=R len=7
PKT t=17736 TX ua=95 mt=P len=0
PKT t=17745 RX ua=95 mt=R len=7
PKT t=17750 TX ua=95 mt=P len=0
PKT t=17779 RX ua=95 mt=R len=7
PKT t=17784 TX ua=95 mt=P len=0
PKT t=17793 RX ua=95 mt=R len=7
PKT t=17798 TX ua=95 mt=P len=0
PKT t=17821 RX ua=95 mt=R len=7
PKT t=17826 TX ua=95 mt=P len=0
PKT t=17835 RX ua=95 mt=R len=7
PKT t=17840 TX ua=95 mt=P len=0
PKT t=17849 RX ua=95 mt=R len=7
PKT t=17854 TX ua=95 mt=P len=0
PKT t=17883 RX ua=95 mt=R len=7
PKT t=17888 TX ua=95 mt=P len=0
PKT t=17897 RX ua=95 mt=R len=7
PKT t=17902 TX ua=95 mt=P len=0
PKT t=17911 RX ua=95 mt=R len=7
PKT t=17916 TX ua=95 mt=P len=0
PKT t=17925 RX ua=95 mt=R len=7
PKT t=17930 TX ua=95 mt=P len=0
PKT t=17939 RX ua=95 mt=R len=7
PKT t=17944 TX ua=95 mt=T len=7
PKT t=17956 TX ua=95 mt=P len=0
PKT t=17984 RX ua=95 mt=R len=7
PKT t=17989 TX ua=95 mt=P len=0
PKT t=17998 RX ua=95 mt=R len=7
PKT t=18003 TX ua=95 mt=P len=0
PKT t=18013 RX ua=95 mt=R len=7
PKT t=18018 TX ua=95 mt=P len=0
PKT t=18027 RX ua=95 mt=R len=7
PKT t=18032 TX ua=95 mt=P len=0
PKT t=18041 RX ua=95 mt=R len=7
PKT t=18046 TX ua=95 mt=P len=0
PKT t=18055 RX ua=95 mt=R len=7
PKT t=18060 TX ua=95 mt=P len=0
PKT t=18089 RX ua=95 mt=R len=7
PKT t=18094 TX ua=95 mt=P len=0
PKT t=18103 RX ua=95 mt=R len=7
PKT t=18108 TX ua=95 mt=T len=7
PKT t=18121 TX ua=95 mt=P len=0
PKT t=18141 RX ua=95 mt=R len=7
PKT t=18146 TX ua=95 mt=T len=7
PKT t=18159 TX ua=95 mt=P len=0
PKT t=18193 RX ua=95 mt=R len=7
PKT t=18198 TX ua=95 mt=T len=7
PKT t=18211 TX ua=95 mt=P len=0
PKT t=18220 RX ua=95 mt=R len=7
PKT t=18225 TX ua=95 mt=P len=0
PKT t=18234 RX ua=95 mt=R len=7
PKT t=18239 TX ua=95 mt=P len=0
PKT t=18248 RX ua=95 mt=R len=7
PKT t=18253 TX ua=95 mt=P len=0
PKT t=18262 RX ua=95 mt=R len=7
PKT t=18267 TX ua=95 mt=P len=0
PKT t=18301 RX ua=95 mt=R len=7
PKT t=18306 TX ua=95 mt=P len=0
PKT t=18315 RX ua=95 mt=R len=7
PKT t=18320 TX ua=95 mt=P len=0
PKT t=18329 RX ua=95 mt=R len=7
PKT t=18334 TX ua=95 mt=P len=0
PKT t=18343 RX ua=95 mt=R len=7
PKT t=18348 TX ua=95 mt=P len=0
PKT t=18357 RX ua=95 mt=R len=7
PKT t=18362 TX ua=95 mt=P len=0
PKT t=18371 RX ua=95 mt=R len=7
PKT t=18376 TX ua=95 mt=P len=0
PKT t=18405 RX ua=95 mt=R len=7
PKT t=18410 TX ua=95 mt=P len=0
PKT t=18419 RX ua=95 mt=R len=7
PKT t=18424 TX ua=95 mt=P len=0
PKT t=18433 RX ua=95 mt=R len=7
PKT t=18438 TX ua=95 mt=T len=7
PKT t=18461 TX ua=95 mt=P len=0
PKT t=18470 RX ua=95 mt=R len=7
PKT t=18475 TX ua=95 mt=P len=0
PKT t=18505 RX ua=95 mt=R len=7
PKT t=18510 TX ua=95 mt=P len=0
PKT t=18519 RX ua=95 mt=R len=7
PKT t=18524 TX ua=95 mt=P len=0
PKT t=18533 RX ua=95 mt=R len=7
PKT t=18538 TX ua=95 mt=P len=0
PKT t=18547 RX ua=95 mt=R len=7
PKT t=18552 TX ua=95 mt=P len=0
PKT t=18561 RX ua=95 mt=R len=7
PKT t=18566 TX ua=95 mt=P len=0
PKT t=18575 RX ua=95 mt=R len=7
PKT t=18580 TX ua=95 mt=P len=0
PKT t=18621 RX ua=95 mt=R len=7
PKT t=18626 TX ua=95 mt=P len=0
PKT t=18635 RX ua=95 mt=R len=7
PKT t=18640 TX ua=95 mt=P len=0
PKT t=18649 RX ua=95 mt=R len=7
PKT t=18654 TX ua=95 mt=P len=0
PKT t=18663 RX ua=95 mt=R len=7
PKT t=18668 TX ua=95 mt=P len=0
PKT t=18677 RX ua=95 mt=R len=7
PKT t=18682 TX ua=95 mt=T len=7
PKT t=18695 TX ua=95 mt=P len=0
PKT t=18713 RX ua=95 mt=R len=7
PKT t=18718 TX ua=95 mt=P len=0
PKT t=18727 RX ua=95 mt=R len=7
PKT t=18732 TX ua=95 mt=P len=0
PKT t=18741 RX ua=95 mt=R len=7
PKT t=18746 TX ua=95 mt=P len=0
PKT t=18755 RX ua=95 mt=R len=7
PKT t=18760 TX ua=95 mt=P len=0
PKT t=18781 RX ua=95 mt=R len=7
PKT t=18786 TX ua=95 mt=P len=0
PKT t=18811 RX ua=95 mt=R len=7
PKT t=18816 TX ua=95 mt=P len=0
PKT t=18825 RX ua=95 mt=R len=7
PKT t=18830 TX ua=95 mt=P len=0
PKT t=18839 RX ua=95 mt=R len=7
PKT t=18844 TX ua=95 mt=P len=0
PKT t=18853 RX ua=95 mt=R len=7
PKT t=18858 TX ua=95 mt=P len=0
PKT t=18867 RX ua=95 mt=R len=7
PKT t=18872 TX ua=95 mt=P len=0
PKT t=18881 RX ua=95 mt=R len=7
PKT t=18886 TX ua=95 mt=P len=0
PKT t=18915 RX ua=95 mt=R len=7
PKT t=18920 TX ua=95 mt=P len=0
PKT t=18941 RX ua=95 mt=R len=7
PKT t=18946 TX ua=95 mt=T len=7
PKT t=18959 TX ua=95 mt=P len=0
PKT t=18968 RX ua=95 mt=R len=7
PKT t=18973 TX ua=95 mt=P len=0
PKT t=18982 RX ua=95 mt=R len=7
PKT t=18987 TX ua=95 mt=P len=0
PKT t=19016 RX ua=95 mt=R len=7
PKT t=19021 TX ua=95 mt=P len=0
PKT t=19030 RX ua=95 mt=R len=7
PKT t=19035 TX ua=95 mt=P len=0
PKT t=19044 RX ua=95 mt=R len=7
PKT t=19049 TX ua=95 mt=P len=0
PKT t=19058 RX ua=95 mt=R len=7
PKT t=19063 TX ua=95 mt=P len=0
PKT t=19072 RX ua=95 mt=R len=7
PKT t=19077 TX ua=95 mt=P len=0
PKT t=19086 RX ua=95 mt=R len=7
PKT t=19101 TX ua=95 mt=P len=0
PKT t=19120 RX ua=95 mt=R len=7
PKT t=19125 TX ua=95 mt=T len=7
PKT t=19137 TX ua=95 mt=P len=0
PKT t=19146 RX ua=95 mt=R len=7
PKT t=19151 TX ua=95 mt=P len=0
PKT t=19160 RX ua=95 mt=R len=7
PKT t=19165 TX ua=95 mt=P len=0
PKT t=19174 RX ua=95 mt=R len=7
PKT t=19179 TX ua=95 mt=P len=0
PKT t=19188 RX ua=95 mt=R len=7
PKT t=19193 TX ua=95 mt=T len=7
PKT t=19205 TX ua=95 mt=P len=0
PKT t=19224 RX ua=95 mt=R len=7
PKT t=19229 TX ua=95 mt=P len=0
PKT t=19238 RX ua=95 mt=R len=7
PKT t=19243 TX ua=95 mt=P len=0
PKT t=19261 RX ua=95 mt=R len=7
PKT t=19266 TX ua=95 mt=P len=0
PKT t=19275 RX ua=95 mt=R len=7
PKT t=19280 TX ua=95 mt=P len=0
PKT t=19289 RX ua=95 mt=R len=7
PKT t=19294 TX ua=95 mt=P len=0
PKT t=19323 RX ua=95 mt=R len=7
PKT t=19328 TX ua=95 mt=P len=0
PKT t=19337 RX ua=95 mt=R len=7
PKT t=19342 TX ua=95 mt=P len=0
PKT t=19351 RX ua=95 mt=R len=7
PKT t=19356 TX ua=95 mt=P len=0
PKT t=19365 RX ua=95 mt=R len=7
PKT t=19370 TX ua=95 mt=P len=0
PKT t=19379 RX ua=95 mt=R len=7
PKT t=19384 TX ua=95 mt=P len=0
PKT t=19393 RX ua=95 mt=R len=7
PKT t=19398 TX ua=95 mt=P len=0
PKT t=19427 RX ua=95 mt=R len=7
PKT t=19432 TX ua=95 mt=P len=0
PKT t=19441 RX ua=95 mt=R len=7
PKT t=19446 TX ua=95 mt=T len=7
PKT t=19458 TX ua=95 mt=P len=0
PKT t=19468 RX ua=95 mt=R len=7
PKT t=19473 TX ua=95 mt=P len=0
PKT t=19483 RX ua=95 mt=R len=7
PKT t=19488 TX ua=95 mt=P len=0
PKT t=19498 RX ua=95 mt=R len=7
PKT t=19503 TX ua=95 mt=P len=0
PKT t=19532 RX ua=95 mt=R len=7
PKT t=19537 TX ua=95 mt=P len=0
PKT t=19547 RX ua=95 mt=R len=7
PKT t=19552 TX ua=95 mt=P len=0
PKT t=19562 RX ua=95 mt=R len=7
PKT t=19567 TX ua=95 mt=P len=0
PKT t=19582 RX ua=95 mt=R len=7
PKT t=19837 TX ua=96 mt=P len=0
PKT t=20095 TX ua=95 mt=P len=0
PKT t=20105 RX ua=95 mt=R len=7
PKT t=20110 TX ua=95 mt=T len=7
PKT t=20122 TX ua=95 mt=P len=0
PKT t=20140 RX ua=95 mt=R len=7
PKT t=20145 TX ua=95 mt=P len=0
PKT t=20154 RX ua=95 mt=R len=7
PKT t=20159 TX ua=95 mt=P len=0
PKT t=20168 RX ua=95 mt=R len=7
PKT t=20173 TX ua=95 mt=P len=0
PKT t=20182 RX ua=95 mt=R len=7
PKT t=20187 TX ua=95 mt=P len=0
PKT t=20196 RX ua=95 mt=R len=7
PKT t=20201 TX ua=95 mt=T len=7
PKT t=20226 TX ua=95 mt=P len=0
PKT t=20241 RX ua=95 mt=R len=7
PKT t=20246 TX ua=95 mt=P len=0
PKT t=20255 RX ua=95 mt=R len=7
PKT t=20260 TX ua=95 mt=P len=0
PKT t=20269 RX ua=95 mt=R len=7
PKT t=20274 TX ua=95 mt=P len=0
PKT t=20283 RX ua=95 mt=R len=7
PKT t=20288 TX ua=95 mt=P len=0
PKT t=20297 RX ua=95 mt=R len=7
PKT t=20302 TX ua=95 mt=P len=0
PKT t=20311 RX ua=95 mt=R len=7
PKT t=20316 TX ua=95 mt=P len=0
PKT t=20345 RX ua=95 mt=R len=7
PKT t=20350 TX ua=95 mt=P len=0
PKT t=20359 RX ua=95 mt=R len=7
PKT t=20364 TX ua=95 mt=P len=0
PKT t=20381 RX ua=95 mt=R len=7
PKT t=20386 TX ua=95 mt=P len=0
PKT t=20395 RX ua=95 mt=R len=7
PKT t=20400 TX ua=95 mt=P len=0
PKT t=20409 RX ua=95 mt=R len=7
PKT t=20414 TX ua=95 mt=P len=0
PKT t=20445 RX ua=95 mt=R len=7
PKT t=20450 TX ua=95 mt=T len=7
PKT t=20462 TX ua=95 mt=P len=0
PKT t=20471 RX ua=95 mt=R len=7
PKT t=20476 TX ua=95 mt=P len=0
PKT t=20485 RX ua=95 mt=R len=7
PKT t=20490 TX ua=95 mt=P len=0
PKT t=20499 RX ua=95 mt=R len=7
PKT t=20504 TX ua=95 mt=P len=0
PKT t=20513 RX ua=95 mt=R len=7
PKT t=20518 TX ua=95 mt=P len=0
PKT t=20547 RX ua=95 mt=R len=7
PKT t=20552 TX ua=95 mt=P len=0
PKT t=20561 RX ua=95 mt=R len=7
PKT t=20566 TX ua=95 mt=P len=0
PKT t=20575 RX ua=95 mt=R len=7
PKT t=20580 TX ua=95 mt=P len=0
PKT t=20589 RX ua=95 mt=R len=7
PKT t=20594 TX ua=95 mt=P len=0
PKT t=20603 RX ua=95 mt=R len=7
PKT t=20608 TX ua=95 mt=P len=0
PKT t=20617 RX ua=95 mt=R len=7
PKT t=20622 TX ua=95 mt=P len=0
PKT t=20651 RX ua=95 mt=R len=7
PKT t=20656 TX ua=95 mt=P len=0
PKT t=20665 RX ua=95 mt=R len=7
PKT t=20670 TX ua=95 mt=P len=0
PKT t=20679 RX ua=95 mt=R len=7
PKT t=20684 TX ua=95 mt=P len=0
PKT t=20701 RX ua=95 mt=R len=7
PKT t=20706 TX ua=95 mt=T len=7
PKT t=20718 TX ua=95 mt=P len=0
PKT t=20751 RX ua=95 mt=R len=7
PKT t=20756 TX ua=95 mt=P len=0
PKT t=20765 RX ua=95 mt=R len=7
PKT t=20770 TX ua=95 mt=P len=0
PKT t=20779 RX ua=95 mt=R len=7
PKT t=20784 TX ua=95 mt=P len=0
PKT t=20793 RX ua=95 mt=R len=7
PKT t=20798 TX ua=95 mt=P len=0
PKT t=20807 RX ua=95 mt=R len=7
PKT t=20812 TX ua=95 mt=P len=0
PKT t=20821 RX ua=95 mt=R len=7
PKT t=20826 TX ua=95 mt=P len=0
PKT t=20861 RX ua=95 mt=R len=7
PKT t=20866 TX ua=95 mt=P len=0
PKT t=20875 RX ua=95 mt=R len=7
PKT t=20880 TX ua=95 mt=P len=0
PKT t=20889 RX ua=95 mt=R len=7
PKT t=20894 TX ua=95 mt=P len=0
PKT t=20903 RX ua=95 mt=R len=7
PKT t=20908 TX ua=95 mt=P len=0
PKT t=20917 RX ua=95 mt=R len=7
PKT t=20922 TX ua=95 mt=P len=0
PKT t=20955 RX ua=95 mt=R len=7
PKT t=20960 TX ua=95 mt=T len=7
PKT t=20972 TX ua=95 mt=P len=0
PKT t=20981 RX ua=95 mt=R len=7
PKT t=20986 TX ua=95 mt=P len=0
PKT t=20995 RX ua=95 mt=R len=7
PKT t=21000 TX ua=95 mt=P len=0
PKT t=21021 RX ua=95 mt=R len=7
PKT t=21026 TX ua=95 mt=P len=0
PKT t=21055 RX ua=95 mt=R len=7
PKT t=21060 TX ua=95 mt=P len=0
PKT t=21069 RX ua=95 mt=R len=7
PKT t=21074 TX ua=95 mt=P len=0
PKT t=21083 RX ua=95 mt=R len=7
PKT t=21088 TX ua=95 mt=P len=0
PKT t=21097 RX ua=95 mt=R len=7
PKT t=21102 TX ua=95 mt=P len=0
PKT t=21111 RX ua=95 mt=R len=7
PKT t=21116 TX ua=95 mt=T len=7
PKT t=21129 TX ua=95 mt=P len=0
PKT t=21156 RX ua=95 mt=R len=7
PKT t=21161 TX ua=95 mt=P len=0
PKT t=21181 RX ua=95 mt=R len=7
PKT t=21186 TX ua=95 mt=P len=0
PKT t=21195 RX ua=95 mt=R len=7
PKT t=21200 TX ua=95 mt=P len=0
PKT t=21209 RX ua=95 mt=R len=7
PKT t=21214 TX ua=95 mt=T len=7
PKT t=21227 TX ua=95 mt=P len=0
PKT t=21256 RX ua=95 mt=R len=7
PKT t=21261 TX ua=95 mt=P len=0
PKT t=21270 RX ua=95 mt=R len=7
PKT t=21275 TX ua=95 mt=P len=0
PKT t=21284 RX ua=95 mt=R len=7
PKT t=21289 TX ua=95 mt=P len=0
PKT t=21298 RX ua=95 mt=R len=7
PKT t=21303 TX ua=95 mt=P len=0
PKT t=21312 RX ua=95 mt=R len=7
PKT t=21317 TX ua=95 mt=P len=0
PKT t=21326 RX ua=95 mt=R len=7
PKT t=21341 TX ua=95 mt=P len=0
PKT t=21360 RX ua=95 mt=R len=7
PKT t=21365 TX ua=95 mt=P len=0
PKT t=21374 RX ua=95 mt=R len=7
PKT t=21379 TX ua=95 mt=P len=0
PKT t=21388 RX ua=95 mt=R len=7
PKT t=21393 TX ua=95 mt=P len=0
PKT t=21402 RX ua=95 mt=R len=7
PKT t=21407 TX ua=95 mt=P len=0
PKT t=21416 RX ua=95 mt=R len=7
PKT t=21421 TX ua=95 mt=P len=0
PKT t=21430 RX ua=95 mt=R len=7
PKT t=21435 TX ua=95 mt=P len=0
PKT t=21464 RX ua=95 mt=R len=7
PKT t=21469 TX ua=95 mt=T len=7
PKT t=21482 TX ua=95 mt=P len=0
PKT t=21501 RX ua=95 mt=R len=7
PKT t=21506 TX ua=95 mt=P len=0
PKT t=21516 RX ua=95 mt=R len=7
PKT t=21521 TX ua=95 mt=P len=0
PKT t=21531 RX ua=95 mt=R len=7
PKT t=21536 TX ua=95 mt=P len=0
PKT t=21565 RX ua=95 mt=R len=7
PKT t=21570 TX ua=95 mt=P len=0
PKT t=21580 RX ua=95 mt=R len=7
PKT t=21585 TX ua=95 mt=P len=0
PKT t=21595 RX ua=95 mt=R len=7
PKT t=21600 TX ua=95 mt=P len=0
PKT t=21610 RX ua=95 mt=R len=7
PKT t=21615 TX ua=95 mt=P len=0
PKT t=21625 RX ua=95 mt=R len=7
PKT t=21630 TX ua=95 mt=P len=0
PKT t=21640 RX ua=95 mt=R len=7
PKT t=21645 TX ua=95 mt=P len=0
PKT t=21674 RX ua=95 mt=R len=7
PKT t=21679 TX ua=95 mt=P len=0
PKT t=21689 RX ua=95 mt=R len=7
PKT t=21694 TX ua=95 mt=P len=0
PKT t=21704 RX ua=95 mt=R len=7
PKT t=21709 TX ua=95 mt=T len=7
PKT t=21722 TX ua=95 mt=P len=0
PKT t=21731 RX ua=95 mt=R len=7
PKT t=21736 TX ua=95 mt=P len=0
PKT t=21745 RX ua=95 mt=R len=7
PKT t=21750 TX ua=95 mt=P len=0
PKT t=21779 RX ua=95 mt=R len=7
PKT t=21784 TX ua=95 mt=P len=0
PKT t=21793 RX ua=95 mt=R len=7
PKT t=21798 TX ua=95 mt=P len=0
PKT t=21821 RX ua=95 mt=R len=7
PKT t=21826 TX ua=95 mt=P len=0
PKT t=21835 RX ua=95 mt=R len=7
PKT t=21840 TX ua=95 mt=P len=0
PKT t=21849 RX ua=95 mt=R len=7
PKT t=21854 TX ua=95 mt=P len=0
PKT t=21883 RX ua=95 mt=R len=7
PKT t=21888 TX ua=95 mt=P len=0
PKT t=21897 RX ua=95 mt=R len=7
PKT t=21902 TX ua=95 mt=P len=0
PKT t=21911 RX ua=95 mt=R len=7
PKT t=21916 TX ua=95 mt=P len=0
PKT t=21925 RX ua=95 mt=R len=7
PKT t=21930 TX ua=95 mt=P len=0
PKT t=21940 RX ua=95 mt=R len=7
PKT t=21945 TX ua=95 mt=P len=0
PKT t=21954 RX ua=95 mt=R len=7
PKT t=21959 TX ua=95 mt=T len=7
PKT t=21981 TX ua=95 mt=P len=0
PKT t=21990 RX ua=95 mt=R len=7
PKT t=21995 TX ua=95 mt=P len=0
PKT t=22004 RX ua=95 mt=R len=7
PKT t=22009 TX ua=95 mt=P len=0
PKT t=22018 RX ua=95 mt=R len=7
PKT t=22023 TX ua=95 mt=P len=0
PKT t=22032 RX ua=95 mt=R len=7
PKT t=22037 TX ua=95 mt=P len=0
PKT t=22046 RX ua=95 mt=R len=7
PKT t=22051 TX ua=95 mt=P len=0
PKT t=22060 RX ua=95 mt=R len=7
PKT t=22065 TX ua=95 mt=P len=0
PKT t=22094 RX ua=95 mt=R len=7
PKT t=22099 TX ua=95 mt=P len=0
PKT t=22108 RX ua=95 mt=R len=7
PKT t=22113 TX ua=95 mt=T len=7
PKT t=22125 TX ua=95 mt=P len=0
PKT t=22141 RX ua=95 mt=R len=7
PKT t=22396 TX ua=96 mt=P len=0
PKT t=22654 TX ua=95 mt=P len=0
PKT t=22663 RX ua=95 mt=R len=7
PKT t=22668 TX ua=95 mt=T len=7
PKT t=22680 TX ua=95 mt=P len=0
PKT t=22699 RX ua=95 mt=R len=7
PKT t=22704 TX ua=95 mt=P len=0
PKT t=22713 RX ua=95 mt=R len=7
PKT t=22718 TX ua=95 mt=T len=7
PKT t=22730 TX ua=95 mt=P len=0
PKT t=22739 RX ua=95 mt=R len=7
PKT t=22744 TX ua=95 mt=P len=0
PKT t=22753 RX ua=95 mt=R len=7
PKT t=22758 TX ua=95 mt=P len=0
PKT t=22781 RX ua=95 mt=R len=7
PKT t=22786 TX ua=95 mt=P len=0
PKT t=22802 RX ua=95 mt=R len=7
PKT t=22807 TX ua=95 mt=P len=0
PKT t=22816 RX ua=95 mt=R len=7
PKT t=22821 TX ua=95 mt=P len=0
PKT t=22830 RX ua=95 mt=R len=7
PKT t=22835 TX ua=95 mt=P len=0
PKT t=22844 RX ua=95 mt=R len=7
PKT t=22849 TX ua=95 mt=P len=0
PKT t=22858 RX ua=95 mt=R len=7
PKT t=22863 TX ua=95 mt=P len=0
PKT t=22872 RX ua=95 mt=R len=7
PKT t=22877 TX ua=95 mt=P len=0
PKT t=22906 RX ua=95 mt=R len=7
PKT t=22911 TX ua=95 mt=P len=0
PKT t=22920 RX ua=95 mt=R len=7
PKT t=22925 TX ua=95 mt=P len=0
PKT t=22941 RX ua=95 mt=R len=7
PKT t=23196 TX ua=96 mt=P len=0
PKT t=23454 TX ua=95 mt=P len=0
PKT t=23463 RX ua=95 mt=R len=7
PKT t=23468 TX ua=95 mt=T len=7
PKT t=23480 TX ua=95 mt=P len=0
PKT t=23509 RX ua=95 mt=R len=7
PKT t=23514 TX ua=95 mt=P len=0
PKT t=23524 RX ua=95 mt=R len=7
PKT t=23529 TX ua=95 mt=P len=0
PKT t=23539 RX ua=95 mt=R len=7
PKT t=23544 TX ua=95 mt=P len=0
PKT t=23554 RX ua=95 mt=R len=7
PKT t=23559 TX ua=95 mt=P len=0
PKT t=23581 RX ua=95 mt=R len=7
PKT t=23586 TX ua=95 mt=P len=0
PKT t=23608 RX ua=95 mt=R len=7
PKT t=23613 TX ua=95 mt=P len=0
PKT t=23623 RX ua=95 mt=R len=7
PKT t=23628 TX ua=95 mt=P len=0
PKT t=23638 RX ua=95 mt=R len=7
PKT t=23643 TX ua=95 mt=P len=0
PKT t=23653 RX ua=95 mt=R len=7
PKT t=23658 TX ua=95 mt=P len=0
PKT t=23668 RX ua=95 mt=R len=7
PKT t=23673 TX ua=95 mt=P len=0
PKT t=23683 RX ua=95 mt=R len=7
PKT t=23688 TX ua=95 mt=P len=0
PKT t=23717 RX ua=95 mt=R len=7
PKT t=23722 TX ua=95 mt=T len=7
PKT t=23746 TX ua=95 mt=P len=0
PKT t=23755 RX ua=95 mt=R len=7
PKT t=23760 TX ua=95 mt=P len=0
PKT t=23769 RX ua=95 mt=R len=7
PKT t=23774 TX ua=95 mt=P len=0
PKT t=23783 RX ua=95 mt=R len=7
PKT t=23788 TX ua=95 mt=P len=0
PKT t=23817 RX ua=95 mt=R len=7
PKT t=23822 TX ua=95 mt=P len=0
PKT t=23831 RX ua=95 mt=R len=7
PKT t=23836 TX ua=95 mt=P len=0
PKT t=23845 RX ua=95 mt=R len=7
PKT t=23850 TX ua=95 mt=P len=0
PKT t=23859 RX ua=95 mt=R len=7
PKT t=23864 TX ua=95 mt=P len=0
PKT t=23873 RX ua=95 mt=R len=7
PKT t=23878 TX ua=95 mt=P len=0
PKT t=23901 RX ua=95 mt=R len=7
PKT t=23906 TX ua=95 mt=P len=0
PKT t=23921 RX ua=95 mt=R len=7
PKT t=23926 TX ua=95 mt=P len=0
PKT t=23935 RX ua=95 mt=R len=7
PKT t=23940 TX ua=95 mt=P len=0
PKT t=23950 RX ua=95 mt=R len=7
PKT t=23955 TX ua=95 mt=P len=0
PKT t=23964 RX ua=95 mt=R len=7
PKT t=23969 TX ua=95 mt=T len=7
PKT t=23981 TX ua=95 mt=P len=0
PKT t=23990 RX ua=95 mt=R len=7
PKT t=23995 TX ua=95 mt=P len=0
PKT t=24024 RX ua=95 mt=R len=7
PKT t=24029 TX ua=95 mt=P len=0
PKT t=24038 RX ua=95 mt=R len=7
PKT t=24043 TX ua=95 mt=P len=0
PKT t=24061 RX ua=95 mt=R len=7
PKT t=24066 TX ua=95 mt=P len=0
PKT t=24075 RX ua=95 mt=R len=7
PKT t=24080 TX ua=95 mt=P len=0
PKT t=24089 RX ua=95 mt=R len=7
PKT t=24094 TX ua=95 mt=P len=0
PKT t=24124 RX ua=95 mt=R len=7
PKT t=24129 TX ua=95 mt=T len=7
PKT t=24141 TX ua=95 mt=P len=0
PKT t=24150 RX ua=95 mt=R len=7
PKT t=24155 TX ua=95 mt=P len=0
PKT t=24164 RX ua=95 mt=R len=7
PKT t=24169 TX ua=95 mt=P len=0
PKT t=24178 RX ua=95 mt=R len=7
PKT t=24183 TX ua=95 mt=P len=0
PKT t=24193 RX ua=95 mt=R len=7
PKT t=24198 TX ua=95 mt=P len=0
PKT t=24231 RX ua=95 mt=R len=7
PKT t=24236 TX ua=95 mt=T len=7
PKT t=24248 TX ua=95 mt=P len=0
PKT t=24257 RX ua=95 mt=R len=7
PKT t=24262 TX ua=95 mt=P len=0
PKT t=24271 RX ua=95 mt=R len=7
PKT t=24276 TX ua=95 mt=P len=0
PKT t=24285 RX ua=95 mt=R len=7
PKT t=24290 TX ua=95 mt=P len=0
PKT t=24299 RX ua=95 mt=R len=7
PKT t=24304 TX ua=95 mt=P len=0
PKT t=24333 RX ua=95 mt=R len=7
PKT t=24338 TX ua=95 mt=P len=0
PKT t=24347 RX ua=95 mt=R len=7
PKT t=24352 TX ua=95 mt=P len=0
PKT t=24361 RX ua=95 mt=R len=7
PKT t=24366 TX ua=95 mt=P len=0
PKT t=24381 RX ua=95 mt=R len=7
PKT t=24636 TX ua=96 mt=P len=0
PKT t=24894 TX ua=95 mt=P len=0
PKT t=24903 RX ua=95 mt=R len=7
PKT t=24908 TX ua=95 mt=T len=7
PKT t=24920 TX ua=95 mt=P len=0
PKT t=24939 RX ua=95 mt=R len=7
PKT t=24944 TX ua=95 mt=P len=0
PKT t=24953 RX ua=95 mt=R len=7
PKT t=24958 TX ua=95 mt=P len=0
PKT t=24967 RX ua=95 mt=R len=7
PKT t=24972 TX ua=95 mt=T len=7
PKT t=24984 TX ua=95 mt=P len=0
PKT t=24993 RX ua=95 mt=R len=7
PKT t=24998 TX ua=95 mt=P len=0
PKT t=25021 RX ua=95 mt=R len=7
PKT t=25026 TX ua=95 mt=P len=0
PKT t=25041 RX ua=95 mt=R len=7
PKT t=25046 TX ua=95 mt=P len=0
PKT t=25055 RX ua=95 mt=R len=7
PKT t=25060 TX ua=95 mt=P len=0
PKT t=25069 RX ua=95 mt=R len=7
PKT t=25074 TX ua=95 mt=P len=0
PKT t=25083 RX ua=95 mt=R len=7
PKT t=25088 TX ua=95 mt=P len=0
PKT t=25097 RX ua=95 mt=R len=7
PKT t=25102 TX ua=95 mt=P len=0
PKT t=25111 RX ua=95 mt=R len=7
PKT t=25116 TX ua=95 mt=T len=7
PKT t=25128 TX ua=95 mt=P len=0
PKT t=25147 RX ua=95 mt=R len=7
PKT t=25152 TX ua=95 mt=P len=0
PKT t=25161 RX ua=95 mt=R len=7
PKT t=25166 TX ua=95 mt=P len=0
PKT t=25181 RX ua=95 mt=R len=7
PKT t=25436 TX ua=96 mt=P len=0
PKT t=25694 TX ua=95 mt=P len=0
PKT t=25703 RX ua=95 mt=R len=7
PKT t=25708 TX ua=95 mt=T len=7
PKT t=25720 TX ua=95 mt=P len=0
PKT t=25748 RX ua=95 mt=R len=7
PKT t=25753 TX ua=95 mt=T len=7
PKT t=25765 TX ua=95 mt=P len=0
PKT t=25774 RX ua=95 mt=R len=7
PKT t=25779 TX ua=95 mt=P len=0
PKT t=25788 RX ua=95 mt=R len=7
PKT t=25793 TX ua=95 mt=P len=0
PKT t=25802 RX ua=95 mt=R len=7
PKT t=25807 TX ua=95 mt=P len=0
PKT t=25822 RX ua=95 mt=R len=7
PKT t=26077 TX ua=96 mt=P len=0
PKT t=26335 TX ua=95 mt=P len=0
PKT t=26344 RX ua=95 mt=R len=7
PKT t=26349 TX ua=95 mt=T len=7
PKT t=26362 TX ua=95 mt=P len=0
PKT t=26371 RX ua=95 mt=R len=7
PKT t=26376 TX ua=95 mt=T len=7
PKT t=26389 TX ua=95 mt=P len=0
PKT t=26398 RX ua=95 mt=R len=7
PKT t=26403 TX ua=95 mt=P len=0
PKT t=26412 RX ua=95 mt=R len=7
PKT t=26417 TX ua=95 mt=P len=0
PKT t=26461 RX ua=95 mt=R len=7
PKT t=26466 TX ua=95 mt=P len=0
PKT t=26475 RX ua=95 mt=R len=7
PKT t=26480 TX ua=95 mt=P len=0
PKT t=26489 RX ua=95 mt=R len=7
PKT t=26494 TX ua=95 mt=T len=7
PKT t=26507 TX ua=95 mt=P len=0
PKT t=26516 RX ua=95 mt=R len=7
PKT t=26521 TX ua=95 mt=P len=0
PKT t=26550 RX ua=95 mt=R len=7
PKT t=26555 TX ua=95 mt=P len=0
PKT t=26564 RX ua=95 mt=R len=7
PKT t=26569 TX ua=95 mt=P len=0
PKT t=26578 RX ua=95 mt=R len=7
PKT t=26583 TX ua=95 mt=P len=0
PKT t=26592 RX ua=95 mt=R len=7
PKT t=26597 TX ua=95 mt=P len=0
PKT t=26606 RX ua=95 mt=R len=7
PKT t=26621 TX ua=95 mt=P len=0
PKT t=26650 RX ua=95 mt=R len=7
PKT t=26655 TX ua=95 mt=P len=0
PKT t=26664 RX ua=95 mt=R len=7
PKT t=26669 TX ua=95 mt=P len=0
PKT t=26678 RX ua=95 mt=R len=7
PKT t=26683 TX ua=95 mt=P len=0
PKT t=26692 RX ua=95 mt=R len=7
PKT t=26697 TX ua=95 mt=P len=0
PKT t=26706 RX ua=95 mt=R len=7
PKT t=26711 TX ua=95 mt=P len=0
PKT t=26720 RX ua=95 mt=R len=7
PKT t=26725 TX ua=95 mt=P len=0
PKT t=26754 RX ua=95 mt=R len=7
PKT t=26759 TX ua=95 mt=T len=7
PKT t=26781 TX ua=95 mt=P len=0
PKT t=26790 RX ua=95 mt=R len=7
PKT t=26795 TX ua=95 mt=P len=0
PKT t=26804 RX ua=95 mt=R len=7
PKT t=26809 TX ua=95 mt=P len=0
PKT t=26818 RX ua=95 mt=R len=7
PKT t=26823 TX ua=95 mt=P len=0
PKT t=26854 RX ua=95 mt=R len=7
PKT t=26859 TX ua=95 mt=P len=0
PKT t=26868 RX ua=95 mt=R len=7
PKT t=26873 TX ua=95 mt=P len=0
PKT t=26882 RX ua=95 mt=R len=7
PKT t=26887 TX ua=95 mt=P len=0
PKT t=26896 RX ua=95 mt=R len=7
PKT t=26901 TX ua=95 mt=P len=0
PKT t=26910 RX ua=95 mt=R len=7
PKT t=26915 TX ua=95 mt=P len=0
PKT t=26924 RX ua=95 mt=R len=7
PKT t=26941 TX ua=95 mt=P len=0
PKT t=26958 RX ua=95 mt=R len=7
PKT t=26963 TX ua=95 mt=P len=0
PKT t=26972 RX ua=95 mt=R len=7
PKT t=26977 TX ua=95 mt=P len=0
PKT t=26986 RX ua=95 mt=R len=7
PKT t=26991 TX ua=95 mt=T len=7
PKT t=27004 TX ua=95 mt=P len=0
PKT t=27013 RX ua=95 mt=R len=7
PKT t=27018 TX ua=95 mt=P len=0
PKT t=27027 RX ua=95 mt=R len=7
PKT t=27032 TX ua=95 mt=P len=0
PKT t=27061 RX ua=95 mt=R len=7
PKT t=27066 TX ua=95 mt=P len=0
PKT t=27075 RX ua=95 mt=R len=7
PKT t=27080 TX ua=95 mt=P len=0
PKT t=27101 RX ua=95 mt=R len=7
PKT t=27106 TX ua=95 mt=T len=7
PKT t=27118 TX ua=95 mt=P len=0
PKT t=27127 RX ua=95 mt=R len=7
PKT t=27132 TX ua=95 mt=P len=0
PKT t=27161 RX ua=95 mt=R len=7
PKT t=27166 TX ua=95 mt=P len=0
PKT t=27175 RX ua=95 mt=R len=7
PKT t=27180 TX ua=95 mt=P len=0
PKT t=27189 RX ua=95 mt=R len=7
PKT t=27194 TX ua=95 mt=P len=0
PKT t=27203 RX ua=95 mt=R len=7
PKT t=27208 TX ua=95 mt=P len=0
PKT t=27217 RX ua=95 mt=R len=7
PKT t=27222 TX ua=95 mt=P len=0
PKT t=27231 RX ua=95 mt=R len=7
PKT t=27236 TX ua=95 mt=T len=7
PKT t=27261 TX ua=95 mt=P len=0
PKT t=27270 RX ua=95 mt=R len=7
PKT t=27275 TX ua=95 mt=P len=0
PKT t=27284 RX ua=95 mt=R len=7
PKT t=27289 TX ua=95 mt=P len=0
PKT t=27298 RX ua=95 mt=R len=7
PKT t=27303 TX ua=95 mt=P len=0
PKT t=27312 RX ua=95 mt=R len=7
PKT t=27317 TX ua=95 mt=P len=0
PKT t=27326 RX ua=95 mt=R len=7
PKT t=27331 TX ua=95 mt=P len=0
PKT t=27340 RX ua=95 mt=R len=7
PKT t=27345 TX ua=95 mt=P len=0
PKT t=27374 RX ua=95 mt=R len=7
PKT t=27379 TX ua=95 mt=P len=0
PKT t=27388 RX ua=95 mt=R len=7
PKT t=27393 TX ua=95 mt=P len=0
PKT t=27402 RX ua=95 mt=R len=7
PKT t=27407 TX ua=95 mt=P len=0
PKT t=27422 RX ua=95 mt=R len=7
PKT t=27677 TX ua=96 mt=P len=0
PKT t=27935 TX ua=95 mt=P len=0
PKT t=27944 RX ua=95 mt=R len=7
PKT t=27949 TX ua=95 mt=T len=7
PKT t=27961 TX ua=95 mt=P len=0
PKT t=27980 RX ua=95 mt=R len=7
PKT t=27985 TX ua=95 mt=P len=0
PKT t=27994 RX ua=95 mt=R len=7
PKT t=27999 TX ua=95 mt=T len=7
PKT t=28011 TX ua=95 mt=P len=0
PKT t=28020 RX ua=95 mt=R len=7
PKT t=28025 TX ua=95 mt=P len=0
PKT t=28034 RX ua=95 mt=R len=7
PKT t=28039 TX ua=95 mt=P len=0
PKT t=28061 RX ua=95 mt=R len=7
PKT t=28066 TX ua=95 mt=P len=0
PKT t=28082 RX ua=95 mt=R len=7
PKT t=28087 TX ua=95 mt=P len=0
PKT t=28096 RX ua=95 mt=R len=7
PKT t=28101 TX ua=95 mt=P len=0
PKT t=28110 RX ua=95 mt=R len=7
PKT t=28115 TX ua=95 mt=T len=7
PKT t=28127 TX ua=95 mt=P len=0
PKT t=28136 RX ua=95 mt=R len=7
PKT t=28141 TX ua=95 mt=P len=0
PKT t=28150 RX ua=95 mt=R len=7
PKT t=28155 TX ua=95 mt=P len=0
PKT t=28184 RX ua=95 mt=R len=7
PKT t=28189 TX ua=95 mt=P len=0
PKT t=28198 RX ua=95 mt=R len=7
PKT t=28203 TX ua=95 mt=P len=0
PKT t=28221 RX ua=95 mt=R len=7
PKT t=28226 TX ua=95 mt=P len=0
PKT t=28235 RX ua=95 mt=R len=7
PKT t=28240 TX ua=95 mt=P len=0
PKT t=28249 RX ua=95 mt=R len=7
PKT t=28254 TX ua=95 mt=T len=7
PKT t=28266 TX ua=95 mt=P len=0
PKT t=28286 RX ua=95 mt=R len=7
PKT t=28291 TX ua=95 mt=P len=0
PKT t=28300 RX ua=95 mt=R len=7
PKT t=28305 TX ua=95 mt=P len=0
PKT t=28314 RX ua=95 mt=R len=7
PKT t=28319 TX ua=95 mt=P len=0
PKT t=28328 RX ua=95 mt=R len=7
PKT t=28333 TX ua=95 mt=P len=0
PKT t=28342 RX ua=95 mt=R len=7
PKT t=28347 TX ua=95 mt=P len=0
PKT t=28356 RX ua=95 mt=R len=7
PKT t=28361 TX ua=95 mt=P len=0
PKT t=28390 RX ua=95 mt=R len=7
PKT t=28395 TX ua=95 mt=P len=0
PKT t=28404 RX ua=95 mt=R len=7
PKT t=28409 TX ua=95 mt=P len=0
PKT t=28418 RX ua=95 mt=R len=7
PKT t=28423 TX ua=95 mt=P len=0
PKT t=28432 RX ua=95 mt=R len=7
PKT t=28437 TX ua=95 mt=P len=0
PKT t=28446 RX ua=95 mt=R len=7
PKT t=28451 TX ua=95 mt=P len=0
PKT t=28460 RX ua=95 mt=R len=7
PKT t=28465 TX ua=95 mt=P len=0
PKT t=28494 RX ua=95 mt=R len=7
PKT t=28499 TX ua=95 mt=T len=7
PKT t=28511 TX ua=95 mt=P len=0
PKT t=28520 RX ua=95 mt=R len=7
PKT t=28525 TX ua=95 mt=P len=0
PKT t=28541 RX ua=95 mt=R len=7
PKT t=28796 TX ua=96 mt=P len=0
PKT t=29054 TX ua=95 mt=P len=0
PKT t=29063 RX ua=95 mt=R len=7
PKT t=29068 TX ua=95 mt=T len=7
PKT t=29080 TX ua=95 mt=P len=0
PKT t=29099 RX ua=95 mt=R len=7
PKT t=29104 TX ua=95 mt=T len=7
PKT t=29117 TX ua=95 mt=P len=0
PKT t=29126 RX ua=95 mt=R len=7
PKT t=29131 TX ua=95 mt=P len=0
PKT t=29140 RX ua=95 mt=R len=7
PKT t=29145 TX ua=95 mt=P len=0
PKT t=29154 RX ua=95 mt=R len=7
PKT t=29159 TX ua=95 mt=P len=0
PKT t=29181 RX ua=95 mt=R len=7
PKT t=29186 TX ua=95 mt=P len=0
PKT t=29202 RX ua=95 mt=R len=7
PKT t=29207 TX ua=95 mt=P len=0
PKT t=29216 RX ua=95 mt=R len=7
PKT t=29221 TX ua=95 mt=P len=0
PKT t=29230 RX ua=95 mt=R len=7
PKT t=29235 TX ua=95 mt=P len=0
PKT t=29244 RX ua=95 mt=R len=7
PKT t=29249 TX ua=95 mt=T len=7
PKT t=29262 TX ua=95 mt=P len=0
PKT t=29271 RX ua=95 mt=R len=7
PKT t=29276 TX ua=95 mt=P len=0
PKT t=29305 RX ua=95 mt=R len=7
PKT t=29310 TX ua=95 mt=P len=0
PKT t=29319 RX ua=95 mt=R len=7
PKT t=29324 TX ua=95 mt=P len=0
PKT t=29341 RX ua=95 mt=R len=7
PKT t=29346 TX ua=95 mt=P len=0
PKT t=29355 RX ua=95 mt=R len=7
PKT t=29360 TX ua=95 mt=P len=0
PKT t=29369 RX ua=95 mt=R len=7
PKT t=29374 TX ua=95 mt=P len=0
PKT t=29405 RX ua=95 mt=R len=7
PKT t=29410 TX ua=95 mt=P len=0
PKT t=29419 RX ua=95 mt=R len=7
PKT t=29424 TX ua=95 mt=P len=0
PKT t=29433 RX ua=95 mt=R len=7
PKT t=29438 TX ua=95 mt=P len=0
PKT t=29447 RX ua=95 mt=R len=7
PKT t=29452 TX ua=95 mt=P len=0
PKT t=29461 RX ua=95 mt=R len=7
PKT t=29466 TX ua=95 mt=P len=0
PKT t=29475 RX ua=95 mt=R len=7
PKT t=29480 TX ua=95 mt=P len=0
PKT t=29509 RX ua=95 mt=R len=7
PKT t=29514 TX ua=95 mt=T len=7
PKT t=29527 TX ua=95 mt=P len=0
PKT t=29537 RX ua=95 mt=R len=7
PKT t=29542 TX ua=95 mt=P len=0
PKT t=29552 RX ua=95 mt=R len=7
PKT t=29557 TX ua=95 mt=P len=0
PKT t=29567 RX ua=95 mt=R len=7
PKT t=29572 TX ua=95 mt=P len=0
PKT t=29582 RX ua=95 mt=R len=7
PKT t=29587 TX ua=95 mt=P len=0
PKT t=29616 RX ua=95 mt=R len=7
PKT t=29621 TX ua=95 mt=P len=0
PKT t=29631 RX ua=95 mt=R len=7
PKT t=29636 TX ua=95 mt=P len=0
PKT t=29646 RX ua=95 mt=R len=7
PKT t=29661 TX ua=95 mt=P len=0
PKT t=29671 RX ua=95 mt=R len=7
PKT t=29676 TX ua=95 mt=P len=0
PKT t=29686 RX ua=95 mt=R len=7
PKT t=29691 TX ua=95 mt=P len=0
PKT t=29720 RX ua=95 mt=R len=7
PKT t=29725 TX ua=95 mt=P len=0
PKT t=29735 RX ua=95 mt=R len=7
PKT t=29740 TX ua=95 mt=P len=0
PKT t=29750 RX ua=95 mt=R len=7
PKT t=29755 TX ua=95 mt=T len=7
PKT t=29768 TX ua=95 mt=P len=0
PKT t=29777 RX ua=95 mt=R len=7
PKT t=29782 TX ua=95 mt=P len=0
PKT t=29791 RX ua=95 mt=R len=7
PKT t=29796 TX ua=95 mt=P len=0
PKT t=29825 RX ua=95 mt=R len=7
PKT t=29830 TX ua=95 mt=P len=0
PKT t=29839 RX ua=95 mt=R len=7
PKT t=29844 TX ua=95 mt=P len=0
PKT t=29853 RX ua=95 mt=R len=7
PKT t=29858 TX ua=95 mt=P len=0
PKT t=29867 RX ua=95 mt=R len=7
PKT t=29872 TX ua=95 mt=P len=0
PKT t=29881 RX ua=95 mt=R len=7
PKT t=29886 TX ua=95 mt=P len=0
PKT t=29895 RX ua=95 mt=R len=7
PKT t=29900 TX ua=95 mt=P len=0
PKT t=29929 RX ua=95 mt=R len=7
PKT t=29934 TX ua=95 mt=P len=0
PKT t=29943 RX ua=95 mt=R len=7
PKT t=29948 TX ua=95 mt=P len=0
PKT t=29957 RX ua=95 mt=R len=7
PKT t=29962 TX ua=95 mt=P len=0
PKT t=29981 RX ua=95 mt=R len=7
PKT t=29986 TX ua=95 mt=P len=0
PKT t=29995 RX ua=95 mt=R len=7
PKT t=30000 TX ua=95 mt=P len=0
PKT t=30029 RX ua=95 mt=R len=7
PKT t=30034 TX ua=95 mt=T len=7
PKT t=30047 TX ua=95 mt=P len=0
PKT t=30056 RX ua=95 mt=R len=7
PKT t=30061 TX ua=95 mt=P len=0
PKT t=30070 RX ua=95 mt=R len=7
PKT t=30075 TX ua=95 mt=P len=0
PKT t=30084 RX ua=95 mt=R len=7
PKT t=30089 TX ua=95 mt=P len=0
PKT t=30098 RX ua=95 mt=R len=7
PKT t=30103 TX ua=95 mt=P len=0
PKT t=30141 RX ua=95 mt=R len=7
PKT t=30146 TX ua=95 mt=T len=7
PKT t=30158 TX ua=95 mt=P len=0
PKT t=30167 RX ua=95 mt=R len=7
PKT t=30172 TX ua=95 mt=P len=0
PKT t=30181 RX ua=95 mt=R len=7
PKT t=30186 TX ua=95 mt=P len=0
PKT t=30195 RX ua=95 mt=R len=7
PKT t=30200 TX ua=95 mt=P len=0
PKT t=30236 RX ua=95 mt=R len=7
PKT t=30241 TX ua=95 mt=P len=0
PKT t=30250 RX ua=95 mt=R len=7
PKT t=30255 TX ua=95 mt=T len=7
PKT t=30267 TX ua=95 mt=P len=0
PKT t=30276 RX ua=95 mt=R len=7
PKT t=30281 TX ua=95 mt=P len=0
PKT t=30301 RX ua=95 mt=R len=7
PKT t=30306 TX ua=95 mt=P len=0
PKT t=30332 RX ua=95 mt=R len=7
PKT t=30337 TX ua=95 mt=P len=0
PKT t=30346 RX ua=95 mt=R len=7
PKT t=30351 TX ua=95 mt=P len=0
PKT t=30360 RX ua=95 mt=R len=7
PKT t=30365 TX ua=95 mt=P len=0
PKT t=30374 RX ua=95 mt=R len=7
PKT t=30379 TX ua=95 mt=P len=0
PKT t=30388 RX ua=95 mt=R len=7
PKT t=30393 TX ua=95 mt=P len=0
PKT t=30402 RX ua=95 mt=R len=7
PKT t=30407 TX ua=95 mt=P len=0
PKT t=30436 RX ua=95 mt=R len=7
PKT t=30441 TX ua=95 mt=P len=0
PKT t=30461 RX ua=95 mt=R len=7
PKT t=30466 TX ua=95 mt=P len=0
PKT t=30475 RX ua=95 mt=R len=7
PKT t=30480 TX ua=95 mt=P len=0
PKT t=30489 RX ua=95 mt=R len=7
PKT t=30494 TX ua=95 mt=P len=0
PKT t=30503 RX ua=95 mt=R len=7
PKT t=30508 TX ua=95 mt=T len=7
PKT t=30520 TX ua=95 mt=P len=0
PKT t=30539 RX ua=95 mt=R len=7
PKT t=30544 TX ua=95 mt=P len=0
PKT t=30553 RX ua=95 mt=R len=7
PKT t=30558 TX ua=95 mt=P len=0
PKT t=30567 RX ua=95 mt=R len=7
PKT t=30572 TX ua=95 mt=P len=0
PKT t=30581 RX ua=95 mt=R len=7
PKT t=30586 TX ua=95 mt=P len=0
PKT t=30595 RX ua=95 mt=R len=7
PKT t=30600 TX ua=95 mt=P len=0
PKT t=30621 RX ua=95 mt=R len=7
PKT t=30626 TX ua=95 mt=P len=0
PKT t=30643 RX ua=95 mt=R len=7
PKT t=30648 TX ua=95 mt=P len=0
PKT t=30657 RX ua=95 mt=R len=7
PKT t=30662 TX ua=95 mt=P len=0
PKT t=30671 RX ua=95 mt=R len=7
PKT t=30676 TX ua=95 mt=P len=0
PKT t=30685 RX ua=95 mt=R len=7
PKT t=30690 TX ua=95 mt=P len=0
PKT t=30699 RX ua=95 mt=R len=7
PKT t=30704 TX ua=95 mt=P len=0
PKT t=30714 RX ua=95 mt=R len=7
PKT t=30718 TX ua=95 mt=P len=0
PKT t=30748 RX ua=95 mt=R len=7
PKT t=30752 TX ua=95 mt=T len=7
PKT t=30764 TX ua=95 mt=P len=0
PKT t=30781 RX ua=95 mt=R len=7
PKT t=30786 TX ua=95 mt=P len=0
PKT t=30795 RX ua=95 mt=R len=7
PKT t=30800 TX ua=95 mt=P len=0
PKT t=30809 RX ua=95 mt=R len=7
PKT t=30814 TX ua=95 mt=P len=0
PKT t=30847 RX ua=95 mt=R len=7
PKT t=30852 TX ua=95 mt=P len=0
PKT t=30861 RX ua=95 mt=R len=7
PKT t=30866 TX ua=95 mt=P len=0
PKT t=30875 RX ua=95 mt=R len=7
PKT t=30880 TX ua=95 mt=P len=0
PKT t=30889 RX ua=95 mt=R len=7
PKT t=30894 TX ua=95 mt=P len=0
PKT t=30903 RX ua=95 mt=R len=7
PKT t=30908 TX ua=95 mt=P len=0
PKT t=30917 RX ua=95 mt=R len=7
PKT t=30922 TX ua=95 mt=P len=0
PKT t=30951 RX ua=95 mt=R len=7
PKT t=30956 TX ua=95 mt=P len=0
PKT t=30965 RX ua=95 mt=R len=7
PKT t=30970 TX ua=95 mt=P len=0
PKT t=30979 RX ua=95 mt=R len=7
PKT t=30984 TX ua=95 mt=P len=0
PKT t=30993 RX ua=95 mt=R len=7
PKT t=30998 TX ua=95 mt=P len=0
PKT t=31007 RX ua=95 mt=R len=7
PKT t=31012 TX ua=95 mt=T len=7
PKT t=31024 TX ua=95 mt=P len=0
PKT t=31052 RX ua=95 mt=R len=7
PKT t=31057 TX ua=95 mt=P len=0
PKT t=31066 RX ua=95 mt=R len=7
PKT t=31071 TX ua=95 mt=P len=0
PKT t=31080 RX ua=95 mt=R len=7
PKT t=31085 TX ua=95 mt=P len=0
PKT t=31101 RX ua=95 mt=R len=7
PKT t=31356 TX ua=96 mt=P len=0
PKT t=31614 TX ua=95 mt=P len=0
PKT t=31623 RX ua=95 mt=R len=7
PKT t=31628 TX ua=95 mt=T len=7
PKT t=31640 TX ua=95 mt=P len=0
PKT t=31659 RX ua=95 mt=R len=7
PKT t=31664 TX ua=95 mt=P len=0
PKT t=31674 RX ua=95 mt=R len=7
PKT t=31679 TX ua=95 mt=P len=0
PKT t=31689 RX ua=95 mt=R len=7
PKT t=31694 TX ua=95 mt=P len=0
PKT t=31704 RX ua=95 mt=R len=7
PKT t=31709 TX ua=95 mt=P len=0
PKT t=31719 RX ua=95 mt=R len=7
PKT t=31724 TX ua=95 mt=P len=0
PKT t=31757 RX ua=95 mt=R len=7
PKT t=31762 TX ua=95 mt=T len=7
PKT t=31774 TX ua=95 mt=P len=0
PKT t=31783 RX ua=95 mt=R len=7
PKT t=31788 TX ua=95 mt=P len=0
PKT t=31797 RX ua=95 mt=R len=7
PKT t=31802 TX ua=95 mt=P len=0
PKT t=31811 RX ua=95 mt=R len=7
PKT t=31816 TX ua=95 mt=P len=0
PKT t=31825 RX ua=95 mt=R len=7
PKT t=31830 TX ua=95 mt=P len=0
PKT t=31859 RX ua=95 mt=R len=7
PKT t=31864 TX ua=95 mt=P len=0
PKT t=31873 RX ua=95 mt=R len=7
PKT t=31878 TX ua=95 mt=P len=0
PKT t=31901 RX ua=95 mt=R len=7
PKT t=31906 TX ua=95 mt=P len=0
PKT t=31915 RX ua=95 mt=R len=7
PKT t=31920 TX ua=95 mt=P len=0
PKT t=31929 RX ua=95 mt=R len=7
PKT t=31934 TX ua=95 mt=P len=0
PKT t=31963 RX ua=95 mt=R len=7
PKT t=31968 TX ua=95 mt=P len=0
PKT t=31977 RX ua=95 mt=R len=7
PKT t=31982 TX ua=95 mt=P len=0
PKT t=31991 RX ua=95 mt=R len=7
PKT t=31996 TX ua=95 mt=P len=0
PKT t=32005 RX ua=95 mt=R len=7
PKT t=32010 TX ua=95 mt=P len=0
PKT t=32020 RX ua=95 mt=R len=7
PKT t=32025 TX ua=95 mt=T len=7
PKT t=32037 TX ua=95 mt=P len=0
PKT t=32065 RX ua=95 mt=R len=7
PKT t=32070 TX ua=95 mt=P len=0
PKT t=32079 RX ua=95 mt=R len=7
PKT t=32084 TX ua=95 mt=P len=0
PKT t=32093 RX ua=95 mt=R len=7
PKT t=32098 TX ua=95 mt=P len=0
PKT t=32107 RX ua=95 mt=R len=7
PKT t=32112 TX ua=95 mt=T len=7
PKT t=32124 TX ua=95 mt=P len=0
PKT t=32133 RX ua=95 mt=R len=7
PKT t=32138 TX ua=95 mt=P len=0
PKT t=32167 RX ua=95 mt=R len=7
PKT t=32172 TX ua=95 mt=P len=0
PKT t=32181 RX ua=95 mt=R len=7
PKT t=32186 TX ua=95 mt=P len=0
PKT t=32195 RX ua=95 mt=R len=7
PKT t=32200 TX ua=95 mt=P len=0
PKT t=32221 RX ua=95 mt=R len=7
PKT t=32226 TX ua=95 mt=P len=0
PKT t=32237 RX ua=95 mt=R len=7
PKT t=32242 TX ua=95 mt=P len=0
PKT t=32271 RX ua=95 mt=R len=7
PKT t=32276 TX ua=95 mt=T len=7
PKT t=32288 TX ua=95 mt=P len=0
PKT t=32297 RX ua=95 mt=R len=7
PKT t=32302 TX ua=95 mt=P len=0
PKT t=32311 RX ua=95 mt=R len=7
PKT t=32316 TX ua=95 mt=P len=0
PKT t=32325 RX ua=95 mt=R len=7
PKT t=32330 TX ua=95 mt=P len=0
PKT t=32339 RX ua=95 mt=R len=7
PKT t=32344 TX ua=95 mt=P len=0
PKT t=32381 RX ua=95 mt=R len=7
PKT t=32386 TX ua=95 mt=P len=0
PKT t=32395 RX ua=95 mt=R len=7
PKT t=32400 TX ua=95 mt=P len=0
PKT t=32409 RX ua=95 mt=R len=7
PKT t=32414 TX ua=95 mt=P len=0
PKT t=32423 RX ua=95 mt=R len=7
PKT t=32428 TX ua=95 mt=P len=0
PKT t=32437 RX ua=95 mt=R len=7
PKT t=32442 TX ua=95 mt=P len=0
PKT t=32473 RX ua=95 mt=R len=7
PKT t=32478 TX ua=95 mt=P len=0
PKT t=32487 RX ua=95 mt=R len=7
PKT t=32492 TX ua=95 mt=P len=0
PKT t=32501 RX ua=95 mt=R len=7
PKT t=32506 TX ua=95 mt=P len=0
PKT t=32515 RX ua=95 mt=R len=7
PKT t=32520 TX ua=95 mt=T len=7
PKT t=32541 TX ua=95 mt=P len=0
PKT t=32573 RX ua=95 mt=R len=7
PKT t=32578 TX ua=95 mt=P len=0
PKT t=32587 RX ua=95 mt=R len=7
PKT t=32592 TX ua=95 mt=P len=0
PKT t=32601 RX ua=95 mt=R len=7
PKT t=32606 TX ua=95 mt=P len=0
PKT t=32615 RX ua=95 mt=R len=7
PKT t=32620 TX ua=95 mt=P len=0
PKT t=32629 RX ua=95 mt=R len=7
PKT t=32634 TX ua=95 mt=P len=0
PKT t=32643 RX ua=95 mt=R len=7
PKT t=32648 TX ua=95 mt=P len=0
PKT t=32677 RX ua=95 mt=R len=7
PKT t=32682 TX ua=95 mt=P len=0
PKT t=32701 RX ua=95 mt=R len=7
PKT t=32706 TX ua=95 mt=P len=0
PKT t=32715 RX ua=95 mt=R len=7
PKT t=32720 TX ua=95 mt=P len=0
PKT t=32729 RX ua=95 mt=R len=7
PKT t=32734 TX ua=95 mt=P len=0
PKT t=32743 RX ua=95 mt=R len=7
PKT t=32748 TX ua=95 mt=P len=0
PKT t=32778 RX ua=95 mt=R len=7
PKT t=32783 TX ua=95 mt=T len=7
PKT t=32795 TX ua=95 mt=P len=0
PKT t=32804 RX ua=95 mt=R len=7
PKT t=32809 TX ua=95 mt=P len=0
PKT t=32818 RX ua=95 mt=R len=7
PKT t=32823 TX ua=95 mt=P len=0
PKT t=32832 RX ua=95 mt=R len=7
PKT t=32837 TX ua=95 mt=P len=0
PKT t=32846 RX ua=95 mt=R len=7
PKT t=32861 TX ua=95 mt=P len=0
PKT t=32880 RX ua=95 mt=R len=7
PKT t=32885 TX ua=95 mt=P len=0
PKT t=32894 RX ua=95 mt=R len=7
PKT t=32899 TX ua=95 mt=P len=0
PKT t=32908 RX ua=95 mt=R len=7
PKT t=32913 TX ua=95 mt=P len=0
PKT t=32922 RX ua=95 mt=R len=7
PKT t=32927 TX ua=95 mt=P len=0
PKT t=32936 RX ua=95 mt=R len=7
PKT t=32941 TX ua=95 mt=P len=0
PKT t=32950 RX ua=95 mt=R len=7
PKT t=32955 TX ua=95 mt=P len=0
PKT t=32984 RX ua=95 mt=R len=7
PKT t=32989 TX ua=95 mt=P len=0
PKT t=32998 RX ua=95 mt=R len=7
PKT t=33003 TX ua=95 mt=P len=0
PKT t=33021 RX ua=95 mt=R len=7
PKT t=33026 TX ua=95 mt=T len=7
PKT t=33038 TX ua=95 mt=P len=0
PKT t=33047 RX ua=95 mt=R len=7
PKT t=33052 TX ua=95 mt=P len=0
PKT t=33084 RX ua=95 mt=R len=7
PKT t=33089 TX ua=95 mt=P len=0
PKT t=33098 RX ua=95 mt=R len=7
PKT t=33103 TX ua=95 mt=P len=0
PKT t=33112 RX ua=95 mt=R len=7
PKT t=33117 TX ua=95 mt=T len=7
PKT t=33129 TX ua=95 mt=P len=0
PKT t=33138 RX ua=95 mt=R len=7
PKT t=33143 TX ua=95 mt=P len=0
PKT t=33152 RX ua=95 mt=R len=7
PKT t=33157 TX ua=95 mt=P len=0
PKT t=33186 RX ua=95 mt=R len=7
PKT t=33191 TX ua=95 mt=P len=0
PKT t=33200 RX ua=95 mt=R len=7
PKT t=33205 TX ua=95 mt=P len=0
PKT t=33214 RX ua=95 mt=R len=7
PKT t=33219 TX ua=95 mt=P len=0
PKT t=33228 RX ua=95 mt=R len=7
PKT t=33233 TX ua=95 mt=P len=0
PKT t=33242 RX ua=95 mt=R len=7
PKT t=33247 TX ua=95 mt=P len=0
PKT t=33256 RX ua=95 mt=R len=7
PKT t=33261 TX ua=95 mt=P len=0
PKT t=33290 RX ua=95 mt=R len=7
PKT t=33295 TX ua=95 mt=T len=7
PKT t=33307 TX ua=95 mt=P len=0
PKT t=33316 RX ua=95 mt=R len=7
PKT t=33321 TX ua=95 mt=P len=0
PKT t=33341 RX ua=95 mt=R len=7
PKT t=33346 TX ua=95 mt=P len=0
PKT t=33355 RX ua=95 mt=R len=7
PKT t=33360 TX ua=95 mt=P len=0
PKT t=33390 RX ua=95 mt=R len=7
PKT t=33395 TX ua=95 mt=P len=0
PKT t=33404 RX ua=95 mt=R len=7
PKT t=33409 TX ua=95 mt=P len=0
PKT t=33418 RX ua=95 mt=R len=7
PKT t=33423 TX ua=95 mt=P len=0
PKT t=33432 RX ua=95 mt=R len=7
PKT t=33437 TX ua=95 mt=P len=0
PKT t=33446 RX ua=95 mt=R len=7
PKT t=33451 TX ua=95 mt=P len=0
PKT t=33460 RX ua=95 mt=R len=7
PKT t=33465 TX ua=95 mt=P len=0
PKT t=33501 RX ua=95 mt=R len=7
PKT t=33506 TX ua=95 mt=P len=0
PKT t=33515 RX ua=95 mt=R len=7
PKT t=33520 TX ua=95 mt=P len=0
PKT t=33529 RX ua=95 mt=R len=7
PKT t=33534 TX ua=95 mt=T len=7
PKT t=33546 TX ua=95 mt=P len=0
PKT t=33556 RX ua=95 mt=R len=7
PKT t=33561 TX ua=95 mt=P len=0
PKT t=33594 RX ua=95 mt=R len=7
PKT t=33599 TX ua=95 mt=P len=0
PKT t=33609 RX ua=95 mt=R len=7
PKT t=33614 TX ua=95 mt=P len=0
PKT t=33624 RX ua=95 mt=R len=7
PKT t=33629 TX ua=95 mt=P len=0
PKT t=33639 RX ua=95 mt=R len=7
PKT t=33644 TX ua=95 mt=P len=0
PKT t=33661 RX ua=95 mt=R len=7
PKT t=33666 TX ua=95 mt=P len=0
PKT t=33694 RX ua=95 mt=R len=7
PKT t=33699 TX ua=95 mt=P len=0
PKT t=33709 RX ua=95 mt=R len=7
PKT t=33714 TX ua=95 mt=P len=0
PKT t=33724 RX ua=95 mt=R len=7
PKT t=33729 TX ua=95 mt=P len=0
PKT t=33739 RX ua=95 mt=R len=7
PKT t=33744 TX ua=95 mt=P len=0
PKT t=33754 RX ua=95 mt=R len=7
PKT t=33759 TX ua=95 mt=P len=0
PKT t=33769 RX ua=95 mt=R len=7
PKT t=33774 TX ua=95 mt=T len=7
PKT t=33786 TX ua=95 mt=P len=0
PKT t=33804 RX ua=95 mt=R len=7
PKT t=33821 TX ua=95 mt=P len=0
PKT t=33830 RX ua=95 mt=R len=7
PKT t=33835 TX ua=95 mt=P len=0
PKT t=33844 RX ua=95 mt=R len=7
PKT t=33849 TX ua=95 mt=P len=0
PKT t=33858 RX ua=95 mt=R len=7
PKT t=33863 TX ua=95 mt=P len=0
PKT t=33872 RX ua=95 mt=R len=7
PKT t=33877 TX ua=95 mt=P len=0
PKT t=33907 RX ua=95 mt=R len=7
PKT t=33912 TX ua=95 mt=P len=0
PKT t=33921 RX ua=95 mt=R len=7
PKT t=33926 TX ua=95 mt=P len=0
PKT t=33935 RX ua=95 mt=R len=7
PKT t=33940 TX ua=95 mt=P len=0
PKT t=33949 RX ua=95 mt=R len=7
PKT t=33954 TX ua=95 mt=P len=0
PKT t=33963 RX ua=95 mt=R len=7
PKT t=33981 TX ua=95 mt=P len=0
PKT t=34006 RX ua=95 mt=R len=7
PKT t=34011 TX ua=95 mt=P len=0
PKT t=34021 RX ua=95 mt=R len=7
PKT t=34026 TX ua=95 mt=T len=7
PKT t=34038 TX ua=95 mt=P len=0
PKT t=34047 RX ua=95 mt=R len=7
PKT t=34052 TX ua=95 mt=P len=0
PKT t=34061 RX ua=95 mt=R len=7
PKT t=34066 TX ua=95 mt=P len=0
PKT t=34075 RX ua=95 mt=R len=7
PKT t=34080 TX ua=95 mt=P len=0
PKT t=34109 RX ua=95 mt=R len=7
PKT t=34114 TX ua=95 mt=T len=7
PKT t=34127 TX ua=95 mt=P len=0
PKT t=34142 RX ua=95 mt=R len=7
PKT t=34397 TX ua=96 mt=P len=0
PKT t=34655 TX ua=95 mt=P len=0
PKT t=34664 RX ua=95 mt=R len=7
PKT t=34669 TX ua=95 mt=T len=7
PKT t=34682 TX ua=95 mt=P len=0
PKT t=34709 RX ua=95 mt=R len=7
PKT t=34714 TX ua=95 mt=P len=0
PKT t=34723 RX ua=95 mt=R len=7
PKT t=34728 TX ua=95 mt=P len=0
PKT t=34737 RX ua=95 mt=R len=7
PKT t=34742 TX ua=95 mt=P len=0
PKT t=34751 RX ua=95 mt=R len=7
PKT t=34756 TX ua=95 mt=P len=0
PKT t=34765 RX ua=95 mt=R len=7
PKT t=34781 TX ua=95 mt=P len=0
PKT t=34809 RX ua=95 mt=R len=7
PKT t=34814 TX ua=95 mt=T len=7
PKT t=34827 TX ua=95 mt=P len=0
PKT t=34836 RX ua=95 mt=R len=7
PKT t=34841 TX ua=95 mt=P len=0
PKT t=34850 RX ua=95 mt=R len=7
PKT t=34855 TX ua=95 mt=P len=0
PKT t=34864 RX ua=95 mt=R len=7
PKT t=34869 TX ua=95 mt=P len=0
PKT t=34878 RX ua=95 mt=R len=7
PKT t=34883 TX ua=95 mt=P len=0
PKT t=34912 RX ua=95 mt=R len=7
PKT t=34917 TX ua=95 mt=P len=0
PKT t=34926 RX ua=95 mt=R len=7
PKT t=34941 TX ua=95 mt=P len=0
PKT t=34950 RX ua=95 mt=R len=7
PKT t=34955 TX ua=95 mt=P len=0
PKT t=34964 RX ua=95 mt=R len=7
PKT t=34969 TX ua=95 mt=P len=0
PKT t=34978 RX ua=95 mt=R len=7
PKT t=34983 TX ua=95 mt=P len=0
PKT t=35013 RX ua=95 mt=R len=7
PKT t=35018 TX ua=95 mt=P len=0
PKT t=35027 RX ua=95 mt=R len=7
PKT t=35032 TX ua=95 mt=T len=7
PKT t=35045 TX ua=95 mt=P len=0
PKT t=35054 RX ua=95 mt=R len=7
PKT t=35059 TX ua=95 mt=P len=0
PKT t=35068 RX ua=95 mt=R len=7
PKT t=35073 TX ua=95 mt=P len=0
PKT t=35082 RX ua=95 mt=R len=7
PKT t=35087 TX ua=95 mt=P len=0
PKT t=35116 RX ua=95 mt=R len=7
PKT t=35121 TX ua=95 mt=T len=7
PKT t=35133 TX ua=95 mt=P len=0
PKT t=35142 RX ua=95 mt=R len=7
PKT t=35147 TX ua=95 mt=P len=0
PKT t=35156 RX ua=95 mt=R len=7
PKT t=35161 TX ua=95 mt=P len=0
PKT t=35170 RX ua=95 mt=R len=7
PKT t=35175 TX ua=95 mt=P len=0
PKT t=35184 RX ua=95 mt=R len=7
PKT t=35189 TX ua=95 mt=P len=0
PKT t=35218 RX ua=95 mt=R len=7
PKT t=35223 TX ua=95 mt=P len=0
PKT t=35232 RX ua=95 mt=R len=7
PKT t=35237 TX ua=95 mt=P len=0
PKT t=35246 RX ua=95 mt=R len=7
PKT t=35261 TX ua=95 mt=P len=0
PKT t=35270 RX ua=95 mt=R len=7
PKT t=35275 TX ua=95 mt=P len=0
PKT t=35284 RX ua=95 mt=R len=7
PKT t=35289 TX ua=95 mt=T len=7
PKT t=35301 TX ua=95 mt=P len=0
PKT t=35320 RX ua=95 mt=R len=7
PKT t=35325 TX ua=95 mt=P len=0
PKT t=35334 RX ua=95 mt=R len=7
PKT t=35339 TX ua=95 mt=P len=0
PKT t=35348 RX ua=95 mt=R len=7
PKT t=35353 TX ua=95 mt=P len=0
PKT t=35362 RX ua=95 mt=R len=7
PKT t=35367 TX ua=95 mt=P len=0
PKT t=35376 RX ua=95 mt=R len=7
PKT t=35381 TX ua=95 mt=P len=0
PKT t=35390 RX ua=95 mt=R len=7
PKT t=35395 TX ua=95 mt=P len=0
PKT t=35424 RX ua=95 mt=R len=7
PKT t=35429 TX ua=95 mt=P len=0
PKT t=35438 RX ua=95 mt=R len=7
PKT t=35443 TX ua=95 mt=P len=0
PKT t=35452 RX ua=95 mt=R len=7
PKT t=35457 TX ua=95 mt=P len=0
PKT t=35466 RX ua=95 mt=R len=7
PKT t=35471 TX ua=95 mt=P len=0
PKT t=35480 RX ua=95 mt=R len=7
PKT t=35485 TX ua=95 mt=P len=0
PKT t=35494 RX ua=95 mt=R len=7
PKT t=35499 TX ua=95 mt=P len=0
PKT t=35528 RX ua=95 mt=R len=7
PKT t=35533 TX ua=95 mt=T len=7
PKT t=35545 TX ua=95 mt=P len=0
PKT t=35555 RX ua=95 mt=R len=7
PKT t=35560 TX ua=95 mt=P len=0
PKT t=35581 RX ua=95 mt=R len=7
PKT t=35586 TX ua=95 mt=P len=0
PKT t=35596 RX ua=95 mt=R len=7
PKT t=35601 TX ua=95 mt=P len=0
PKT t=35630 RX ua=95 mt=R len=7
PKT t=35635 TX ua=95 mt=P len=0
PKT t=35645 RX ua=95 mt=R len=7
PKT t=35650 TX ua=95 mt=P len=0
PKT t=35660 RX ua=95 mt=R len=7
PKT t=35665 TX ua=95 mt=P len=0
PKT t=35675 RX ua=95 mt=R len=7
PKT t=35680 TX ua=95 mt=P len=0
PKT t=35690 RX ua=95 mt=R len=7
PKT t=35695 TX ua=95 mt=P len=0
PKT t=35705 RX ua=95 mt=R len=7
PKT t=35710 TX ua=95 mt=P len=0
PKT t=35741 RX ua=95 mt=R len=7
PKT t=35746 TX ua=95 mt=P len=0
PKT t=35756 RX ua=95 mt=R len=7
PKT t=35761 TX ua=95 mt=P len=0
PKT t=35771 RX ua=95 mt=R len=7
PKT t=35776 TX ua=95 mt=P len=0
PKT t=35786 RX ua=95 mt=R len=7
PKT t=35791 TX ua=95 mt=T len=7
PKT t=35803 TX ua=95 mt=P len=0
PKT t=35812 RX ua=95 mt=R len=7
PKT t=35817 TX ua=95 mt=P len=0
PKT t=35846 RX ua=95 mt=R len=7
PKT t=35851 TX ua=95 mt=P len=0
PKT t=35860 RX ua=95 mt=R len=7
PKT t=35865 TX ua=95 mt=P len=0
PKT t=35874 RX ua=95 mt=R len=7
PKT t=35879 TX ua=95 mt=P len=0
PKT t=35901 RX ua=95 mt=R len=7
PKT t=35906 TX ua=95 mt=P len=0
PKT t=35915 RX ua=95 mt=R len=7
PKT t=35920 TX ua=95 mt=P len=0
PKT t=35949 RX ua=95 mt=R len=7
PKT t=35954 TX ua=95 mt=P len=0
PKT t=35963 RX ua=95 mt=R len=7
PKT t=35968 TX ua=95 mt=P len=0
PKT t=35977 RX ua=95 mt=R len=7
PKT t=35982 TX ua=95 mt=P len=0
PKT t=35991 RX ua=95 mt=R len=7
PKT t=35996 TX ua=95 mt=P len=0
PKT t=36005 RX ua=95 mt=R len=7
PKT t=36010 TX ua=95 mt=P len=0
PKT t=36022 RX ua=95 mt=R len=7
PKT t=36027 TX ua=95 mt=P len=0
PKT t=36061 RX ua=95 mt=R len=7
PKT t=36066 TX ua=95 mt=T len=7
PKT t=36078 TX ua=95 mt=P len=0
PKT t=36087 RX ua=95 mt=R len=7
PKT t=36092 TX ua=95 mt=P len=0
PKT t=36101 RX ua=95 mt=R len=7
PKT t=36106 TX ua=95 mt=T len=7
PKT t=36118 TX ua=95 mt=P len=0
PKT t=36127 RX ua=95 mt=R len=7
PKT t=36132 TX ua=95 mt=P len=0
PKT t=36162 RX ua=95 mt=R len=7
PKT t=36167 TX ua=95 mt=P len=0
PKT t=36176 RX ua=95 mt=R len=7
PKT t=36181 TX ua=95 mt=P len=0
PKT t=36190 RX ua=95 mt=R len=7
PKT t=36195 TX ua=95 mt=P len=0
PKT t=36204 RX ua=95 mt=R len=7
PKT t=36221 TX ua=95 mt=P len=0
PKT t=36230 RX ua=95 mt=R len=7
PKT t=36235 TX ua=95 mt=P len=0
PKT t=36269 RX ua=95 mt=R len=7
PKT t=36274 TX ua=95 mt=P len=0
PKT t=36283 RX ua=95 mt=R len=7
PKT t=36288 TX ua=95 mt=T len=7
PKT t=36300 TX ua=95 mt=P len=0
PKT t=36309 RX ua=95 mt=R len=7
PKT t=36314 TX ua=95 mt=P len=0
PKT t=36323 RX ua=95 mt=R len=7
PKT t=36328 TX ua=95 mt=P len=0
PKT t=36337 RX ua=95 mt=R len=7
PKT t=36342 TX ua=95 mt=P len=0
PKT t=36381 RX ua=95 mt=R len=7
PKT t=36386 TX ua=95 mt=P len=0
PKT t=36395 RX ua=95 mt=R len=7
PKT t=36400 TX ua=95 mt=P len=0
PKT t=36409 RX ua=95 mt=R len=7
PKT t=36414 TX ua=95 mt=P len=0
PKT t=36423 RX ua=95 mt=R len=7
PKT t=36428 TX ua=95 mt=P len=0
PKT t=36437 RX ua=95 mt=R len=7
PKT t=36442 TX ua=95 mt=P len=0
PKT t=36471 RX ua=95 mt=R len=7
PKT t=36476 TX ua=95 mt=P len=0
PKT t=36485 RX ua=95 mt=R len=7
PKT t=36490 TX ua=95 mt=P len=0
PKT t=36499 RX ua=95 mt=R len=7
PKT t=36504 TX ua=95 mt=P len=0
PKT t=36513 RX ua=95 mt=R len=7
PKT t=36518 TX ua=95 mt=P len=0
PKT t=36541 RX ua=95 mt=R len=7
PKT t=36546 TX ua=95 mt=T len=7
PKT t=36558 TX ua=95 mt=P len=0
PKT t=36573 RX ua=95 mt=R len=7
PKT t=36578 TX ua=95 mt=P len=0
PKT t=36587 RX ua=95 mt=R len=7
PKT t=36592 TX ua=95 mt=P len=0
PKT t=36601 RX ua=95 mt=R len=7
PKT t=36606 TX ua=95 mt=P len=0
PKT t=36615 RX ua=95 mt=R len=7
PKT t=36620 TX ua=95 mt=P len=0
PKT t=36629 RX ua=95 mt=R len=7
PKT t=36634 TX ua=95 mt=P len=0
PKT t=36643 RX ua=95 mt=R len=7
PKT t=36648 TX ua=95 mt=P len=0
PKT t=36677 RX ua=95 mt=R len=7
PKT t=36682 TX ua=95 mt=P len=0
PKT t=36701 RX ua=95 mt=R len=7
PKT t=36706 TX ua=95 mt=P len=0
PKT t=36715 RX ua=95 mt=R len=7
PKT t=36720 TX ua=95 mt=P len=0
PKT t=36729 RX ua=95 mt=R len=7
PKT t=36734 TX ua=95 mt=P len=0
PKT t=36743 RX ua=95 mt=R len=7
PKT t=36748 TX ua=95 mt=P len=0
PKT t=36777 RX ua=95 mt=R len=7
PKT t=36782 TX ua=95 mt=P len=0
PKT t=36791 RX ua=95 mt=R len=7
PKT t=36796 TX ua=95 mt=T len=7
PKT t=36808 TX ua=95 mt=P len=0
PKT t=36817 RX ua=95 mt=R len=7
PKT t=36822 TX ua=95 mt=P len=0
PKT t=36831 RX ua=95 mt=R len=7
PKT t=36836 TX ua=95 mt=P len=0
PKT t=36845 RX ua=95 mt=R len=7
PKT t=36861 TX ua=95 mt=P len=0
PKT t=36879 RX ua=95 mt=R len=7
PKT t=36884 TX ua=95 mt=P len=0
PKT t=36893 RX ua=95 mt=R len=7
PKT t=36898 TX ua=95 mt=P len=0
PKT t=36907 RX ua=95 mt=R len=7
PKT t=36912 TX ua=95 mt=P len=0
PKT t=36921 RX ua=95 mt=R len=7
PKT t=36926 TX ua=95 mt=P len=0
PKT t=36935 RX ua=95 mt=R len=7
PKT t=36940 TX ua=95 mt=P len=0
PKT t=36949 RX ua=95 mt=R len=7
PKT t=36954 TX ua=95 mt=P len=0
PKT t=36983 RX ua=95 mt=R len=7
PKT t=36988 TX ua=95 mt=P len=0
PKT t=36997 RX ua=95 mt=R len=7
PKT t=37002 TX ua=95 mt=P len=0
PKT t=37021 RX ua=95 mt=R len=7
PKT t=37026 TX ua=95 mt=P len=0
PKT t=37035 RX ua=95 mt=R len=7
PKT t=37040 TX ua=95 mt=P len=0
PKT t=37049 RX ua=95 mt=R len=7
PKT t=37054 TX ua=95 mt=T len=7
PKT t=37066 TX ua=95 mt=P len=0
PKT t=37085 RX ua=95 mt=R len=7
PKT t=37090 TX ua=95 mt=P len=0
PKT t=37099 RX ua=95 mt=R len=7
PKT t=37104 TX ua=95 mt=T len=7
PKT t=37117 TX ua=95 mt=P len=0
PKT t=37126 RX ua=95 mt=R len=7
PKT t=37131 TX ua=95 mt=P len=0
PKT t=37140 RX ua=95 mt=R len=7
PKT t=37145 TX ua=95 mt=P len=0
PKT t=37154 RX ua=95 mt=R len=7
PKT t=37159 TX ua=95 mt=P len=0
PKT t=37188 RX ua=95 mt=R len=7
PKT t=37193 TX ua=95 mt=P len=0
PKT t=37202 RX ua=95 mt=R len=7
PKT t=37207 TX ua=95 mt=P len=0
PKT t=37216 RX ua=95 mt=R len=7
PKT t=37221 TX ua=95 mt=P len=0
PKT t=37230 RX ua=95 mt=R len=7
PKT t=37235 TX ua=95 mt=P len=0
PKT t=37244 RX ua=95 mt=R len=7
PKT t=37249 TX ua=95 mt=P len=0
PKT t=37258 RX ua=95 mt=R len=7
PKT t=37263 TX ua=95 mt=P len=0
PKT t=37292 RX ua=95 mt=R len=7
PKT t=37297 TX ua=95 mt=T len=7
PKT t=37310 TX ua=95 mt=P len=0
