PKT t=7329 TX ua=95 mt=P len=0
PKT t=7338 RX ua=95 mt=R len=7
PKT t=7343 TX ua=95 mt=T len=7
PKT t=7355 TX ua=95 mt=P len=0
PKT t=7364 RX ua=95 mt=R len=7
PKT t=7369 TX ua=95 mt=P len=0
PKT t=7378 RX ua=95 mt=R len=7
PKT t=7383 TX ua=95 mt=T len=7
PKT t=7395 TX ua=95 mt=P len=0
PKT t=7416 RX ua=95 mt=R len=7
PKT t=7671 TX ua=96 mt=I len=13
PKT t=8179 TX ua=96 mt=T len=4
PKT t=8190 TX ua=95 mt=P len=0
PKT t=8200 RX ua=95 mt=R len=7
PKT t=8205 TX ua=95 mt=T len=7
PKT t=8217 TX ua=95 mt=P len=0
PKT t=8248 RX ua=95 mt=R len=7
PKT t=8253 TX ua=95 mt=P len=0
PKT t=8262 RX ua=95 mt=R len=7
PKT t=8267 TX ua=95 mt=P len=0
PKT t=8276 RX ua=95 mt=R len=7
PKT t=8281 TX ua=95 mt=P len=0
PKT t=8290 RX ua=95 mt=R len=7
PKT t=8295 TX ua=95 mt=P len=0
PKT t=8316 RX ua=95 mt=R len=7
PKT t=8571 TX ua=96 mt=P len=0
PKT t=8829 TX ua=95 mt=P len=0
PKT t=8838 RX ua=95 mt=R len=7
PKT t=8843 TX ua=95 mt=T len=7
PKT t=8855 TX ua=95 mt=P len=0
PKT t=8864 RX ua=95 mt=R len=7
PKT t=8869 TX ua=95 mt=P len=0
PKT t=8878 RX ua=95 mt=R len=7
PKT t=8883 TX ua=95 mt=T len=7
PKT t=8895 TX ua=95 mt=P len=0
PKT t=8916 RX ua=95 mt=R len=7
PKT t=9171 TX ua=96 mt=P len=0
PKT t=9429 TX ua=95 mt=P len=0
PKT t=9438 RX ua=95 mt=R len=7
PKT t=9443 TX ua=95 mt=T len=7
PKT t=9455 TX ua=95 mt=P len=0
PKT t=9465 RX ua=95 mt=R len=7
PKT t=9470 TX ua=95 mt=P len=0
PKT t=9480 RX ua=95 mt=R len=7
PKT t=9485 TX ua=95 mt=P len=0
PKT t=9495 RX ua=95 mt=R len=7
PKT t=9516 TX ua=95 mt=P len=0
PKT t=9549 RX ua=95 mt=R len=7
PKT t=9553 TX ua=95 mt=P len=0
PKT t=9563 RX ua=95 mt=R len=7
PKT t=9568 TX ua=95 mt=P len=0
PKT t=9578 RX ua=95 mt=R len=7
PKT t=9583 TX ua=95 mt=P len=0
PKT t=9593 RX ua=95 mt=R len=7
PKT t=9598 TX ua=95 mt=P len=0
PKT t=9608 RX ua=95 mt=R len=7
PKT t=9613 TX ua=95 mt=P len=0
PKT t=9623 RX ua=95 mt=R len=7
PKT t=9628 TX ua=95 mt=T len=7
PKT t=9640 TX ua=95 mt=P len=0
PKT t=9666 RX ua=95 mt=R len=7
PKT t=9671 TX ua=95 mt=P len=0
PKT t=9680 RX ua=95 mt=R len=7
PKT t=9685 TX ua=95 mt=P len=0
PKT t=9694 RX ua=95 mt=R len=7
PKT t=9699 TX ua=95 mt=P len=0
PKT t=9708 RX ua=95 mt=R len=7
PKT t=9713 TX ua=95 mt=P len=0
PKT t=9722 RX ua=95 mt=R len=7
PKT t=9727 TX ua=95 mt=P len=0
PKT t=9756 RX ua=95 mt=R len=7
PKT t=9761 TX ua=95 mt=P len=0
PKT t=9770 RX ua=95 mt=R len=7
PKT t=9775 TX ua=95 mt=P len=0
PKT t=9784 RX ua=95 mt=R len=7
PKT t=9789 TX ua=95 mt=P len=0
PKT t=9816 RX ua=95 mt=R len=7
PKT t=9821 TX ua=95 mt=P len=0
PKT t=9830 RX ua=95 mt=R len=7
PKT t=9835 TX ua=95 mt=P len=0
PKT t=9864 RX ua=95 mt=R len=7
PKT t=9869 TX ua=95 mt=P len=0
PKT t=9878 RX ua=95 mt=R len=7
PKT t=9883 TX ua=95 mt=T len=7
PKT t=9895 TX ua=95 mt=P len=0
PKT t=9904 RX ua=95 mt=R len=7
PKT t=9909 TX ua=95 mt=P len=0
PKT t=9918 RX ua=95 mt=R len=7
PKT t=9923 TX ua=95 mt=P len=0
PKT t=9932 RX ua=95 mt=R len=7
PKT t=9937 TX ua=95 mt=P len=0
PKT t=9966 RX ua=95 mt=R len=7
PKT t=9971 TX ua=95 mt=P len=0
PKT t=9980 RX ua=95 mt=R len=7
PKT t=9985 TX ua=95 mt=P len=0
PKT t=9994 RX ua=95 mt=R len=7
PKT t=9999 TX ua=95 mt=P len=0
PKT t=10008 RX ua=95 mt=R len=7
PKT t=10013 TX ua=95 mt=P len=0
PKT t=10024 RX ua=95 mt=R len=7
PKT t=10029 TX ua=95 mt=P len=0
PKT t=10038 RX ua=95 mt=R len=7
PKT t=10043 TX ua=95 mt=P len=0
PKT t=10072 RX ua=95 mt=R len=7
PKT t=10077 TX ua=95 mt=P len=0
PKT t=10086 RX ua=95 mt=R len=7
PKT t=10091 TX ua=95 mt=P len=0
PKT t=10116 RX ua=95 mt=R len=7
PKT t=10121 TX ua=95 mt=P len=0
PKT t=10130 RX ua=95 mt=R len=7
PKT t=10135 TX ua=95 mt=T len=7
PKT t=10148 TX ua=95 mt=P len=0
PKT t=10175 RX ua=95 mt=R len=7
PKT t=10180 TX ua=95 mt=T len=7
PKT t=10193 TX ua=95 mt=P len=0
PKT t=10202 RX ua=95 mt=R len=7
PKT t=10207 TX ua=95 mt=P len=0
PKT t=10216 RX ua=95 mt=R len=7
PKT t=10221 TX ua=95 mt=P len=0
PKT t=10230 RX ua=95 mt=R len=7
PKT t=10235 TX ua=95 mt=P len=0
PKT t=10244 RX ua=95 mt=R len=7
PKT t=10266 TX ua=95 mt=P len=0
PKT t=10278 RX ua=95 mt=R len=7
PKT t=10283 TX ua=95 mt=P len=0
PKT t=10292 RX ua=95 mt=R len=7
PKT t=10297 TX ua=95 mt=P len=0
PKT t=10306 RX ua=95 mt=R len=7
PKT t=10311 TX ua=95 mt=P len=0
PKT t=10320 RX ua=95 mt=R len=7
PKT t=10325 TX ua=95 mt=P len=0
PKT t=10334 RX ua=95 mt=R len=7
PKT t=10339 TX ua=95 mt=P len=0
PKT t=10348 RX ua=95 mt=R len=7
PKT t=10353 TX ua=95 mt=P len=0
PKT t=10382 RX ua=95 mt=R len=7
PKT t=10387 TX ua=95 mt=T len=7
PKT t=10416 TX ua=95 mt=P len=0
PKT t=10425 RX ua=95 mt=R len=7
PKT t=10430 TX ua=95 mt=P len=0
PKT t=10439 RX ua=95 mt=R len=7
PKT t=10444 TX ua=95 mt=P len=0
PKT t=10453 RX ua=95 mt=R len=7
PKT t=10458 TX ua=95 mt=P len=0
PKT t=10487 RX ua=95 mt=R len=7
PKT t=10492 TX ua=95 mt=P len=0
PKT t=10501 RX ua=95 mt=R len=7
PKT t=10506 TX ua=95 mt=P len=0
PKT t=10515 RX ua=95 mt=R len=7
PKT t=10520 TX ua=95 mt=P len=0
PKT t=10529 RX ua=95 mt=R len=7
PKT t=10534 TX ua=95 mt=P len=0
PKT t=10543 RX ua=95 mt=R len=7
PKT t=10566 TX ua=95 mt=P len=0
PKT t=10586 RX ua=95 mt=R len=7
PKT t=10591 TX ua=95 mt=P len=0
PKT t=10600 RX ua=95 mt=R len=7
PKT t=10605 TX ua=95 mt=P len=0
PKT t=10614 RX ua=95 mt=R len=7
PKT t=10619 TX ua=95 mt=P len=0
PKT t=10628 RX ua=95 mt=R len=7
PKT t=10633 TX ua=95 mt=T len=7
PKT t=10646 TX ua=95 mt=P len=0
PKT t=10655 RX ua=95 mt=R len=7
PKT t=10660 TX ua=95 mt=P len=0
PKT t=10689 RX ua=95 mt=R len=7
PKT t=10694 TX ua=95 mt=P len=0
PKT t=10716 RX ua=95 mt=R len=7
PKT t=10721 TX ua=95 mt=P len=0
PKT t=10730 RX ua=95 mt=R len=7
PKT t=10735 TX ua=95 mt=P len=0
PKT t=10744 RX ua=95 mt=R len=7
PKT t=10749 TX ua=95 mt=P len=0
PKT t=10758 RX ua=95 mt=R len=7
PKT t=10763 TX ua=95 mt=P len=0
PKT t=10792 RX ua=95 mt=R len=7
PKT t=10797 TX ua=95 mt=P len=0
PKT t=10806 RX ua=95 mt=R len=7
PKT t=10811 TX ua=95 mt=P len=0
PKT t=10820 RX ua=95 mt=R len=7
PKT t=10825 TX ua=95 mt=P len=0
PKT t=10834 RX ua=95 mt=R len=7
PKT t=10839 TX ua=95 mt=P len=0
PKT t=10866 RX ua=95 mt=R len=7
PKT t=10871 TX ua=95 mt=P len=0
PKT t=10891 RX ua=95 mt=R len=7
PKT t=10896 TX ua=95 mt=T len=7
PKT t=10909 TX ua=95 mt=P len=0
PKT t=10918 RX ua=95 mt=R len=7
PKT t=10923 TX ua=95 mt=P len=0
PKT t=10932 RX ua=95 mt=R len=7
PKT t=10937 TX ua=95 mt=P len=0
PKT t=10946 RX ua=95 mt=R len=7
PKT t=10951 TX ua=95 mt=P len=0
PKT t=10960 RX ua=95 mt=R len=7
PKT t=10965 TX ua=95 mt=P len=0
PKT t=10994 RX ua=95 mt=R len=7
PKT t=11016 TX ua=95 mt=P len=0
PKT t=11025 RX ua=95 mt=R len=7
PKT t=11030 TX ua=95 mt=P len=0
PKT t=11039 RX ua=95 mt=R len=7
PKT t=11044 TX ua=95 mt=P len=0
PKT t=11053 RX ua=95 mt=R len=7
PKT t=11058 TX ua=95 mt=P len=0
PKT t=11067 RX ua=95 mt=R len=7
PKT t=11072 TX ua=95 mt=P len=0
PKT t=11102 RX ua=95 mt=R len=7
PKT t=11107 TX ua=95 mt=P len=0
PKT t=11116 RX ua=95 mt=R len=7
PKT t=11121 TX ua=95 mt=P len=0
PKT t=11130 RX ua=95 mt=R len=7
PKT t=11135 TX ua=95 mt=T len=7
PKT t=11147 TX ua=95 mt=P len=0
PKT t=11167 RX ua=95 mt=R len=7
PKT t=11422 TX ua=96 mt=P len=0
PKT t=11680 TX ua=95 mt=P len=0
PKT t=11689 RX ua=95 mt=R len=7
PKT t=11694 TX ua=95 mt=T len=7
PKT t=11706 TX ua=95 mt=P len=0
PKT t=11715 RX ua=95 mt=R len=7
PKT t=11720 TX ua=95 mt=P len=0
PKT t=11730 RX ua=95 mt=R len=7
PKT t=11735 TX ua=95 mt=P len=0
PKT t=11744 RX ua=95 mt=R len=7
PKT t=11766 TX ua=95 mt=P len=0
PKT t=11776 RX ua=95 mt=R len=7
PKT t=11781 TX ua=95 mt=P len=0
PKT t=11810 RX ua=95 mt=R len=7
PKT t=11815 TX ua=95 mt=P len=0
PKT t=11824 RX ua=95 mt=R len=7
PKT t=11829 TX ua=95 mt=P len=0
PKT t=11838 RX ua=95 mt=R len=7
PKT t=11843 TX ua=95 mt=P len=0
PKT t=11852 RX ua=95 mt=R len=7
PKT t=11857 TX ua=95 mt=P len=0
PKT t=11866 RX ua=95 mt=R len=7
PKT t=11871 TX ua=95 mt=P len=0
PKT t=11880 RX ua=95 mt=R len=7
PKT t=11885 TX ua=95 mt=T len=7
PKT t=11897 TX ua=95 mt=P len=0
PKT t=11917 RX ua=95 mt=R len=7
PKT t=12172 TX ua=96 mt=P len=0
PKT t=12430 TX ua=95 mt=P len=0
PKT t=12439 RX ua=95 mt=R len=7
PKT t=12444 TX ua=95 mt=T len=7
PKT t=12456 TX ua=95 mt=P len=0
PKT t=12465 RX ua=95 mt=R len=7
PKT t=12470 TX ua=95 mt=P len=0
PKT t=12479 RX ua=95 mt=R len=7
PKT t=12484 TX ua=95 mt=P len=0
PKT t=12516 RX ua=95 mt=R len=7
PKT t=12521 TX ua=95 mt=P len=0
PKT t=12531 RX ua=95 mt=R len=7
PKT t=12535 TX ua=95 mt=P len=0
PKT t=12544 RX ua=95 mt=R len=7
PKT t=12549 TX ua=95 mt=P len=0
PKT t=12558 RX ua=95 mt=R len=7
PKT t=12563 TX ua=95 mt=P len=0
PKT t=12572 RX ua=95 mt=R len=7
PKT t=12577 TX ua=95 mt=P len=0
PKT t=12586 RX ua=95 mt=R len=7
PKT t=12591 TX ua=95 mt=P len=0
PKT t=12620 RX ua=95 mt=R len=7
PKT t=12625 TX ua=95 mt=P len=0
PKT t=12634 RX ua=95 mt=R len=7
PKT t=12639 TX ua=95 mt=T len=7
PKT t=12666 TX ua=95 mt=P len=0
PKT t=12675 RX ua=95 mt=R len=7
PKT t=12680 TX ua=95 mt=P len=0
PKT t=12689 RX ua=95 mt=R len=7
PKT t=12694 TX ua=95 mt=P len=0
PKT t=12724 RX ua=95 mt=R len=7
PKT t=12729 TX ua=95 mt=P len=0
PKT t=12738 RX ua=95 mt=R len=7
PKT t=12743 TX ua=95 mt=P len=0
PKT t=12753 RX ua=95 mt=R len=7
PKT t=12758 TX ua=95 mt=P len=0
PKT t=12767 RX ua=95 mt=R len=7
PKT t=12772 TX ua=95 mt=P len=0
PKT t=12781 RX ua=95 mt=R len=7
PKT t=12786 TX ua=95 mt=P len=0
PKT t=12795 RX ua=95 mt=R len=7
PKT t=12816 TX ua=95 mt=P len=0
PKT t=12829 RX ua=95 mt=R len=7
PKT t=12834 TX ua=95 mt=P len=0
PKT t=12843 RX ua=95 mt=R len=7
PKT t=12848 TX ua=95 mt=P len=0
PKT t=12857 RX ua=95 mt=R len=7
PKT t=12862 TX ua=95 mt=P len=0
PKT t=12871 RX ua=95 mt=R len=7
PKT t=12876 TX ua=95 mt=P len=0
PKT t=12885 RX ua=95 mt=R len=7
PKT t=12890 TX ua=95 mt=T len=7
PKT t=12902 TX ua=95 mt=P len=0
PKT t=12930 RX ua=95 mt=R len=7
PKT t=12935 TX ua=95 mt=P len=0
PKT t=12944 RX ua=95 mt=R len=7
PKT t=12966 TX ua=95 mt=P len=0
PKT t=12975 RX ua=95 mt=R len=7
PKT t=12980 TX ua=95 mt=P len=0
PKT t=12989 RX ua=95 mt=R len=7
PKT t=12994 TX ua=95 mt=P len=0
PKT t=13003 RX ua=95 mt=R len=7
PKT t=13008 TX ua=95 mt=P len=0
PKT t=13037 RX ua=95 mt=R len=7
PKT t=13042 TX ua=95 mt=P len=0
PKT t=13051 RX ua=95 mt=R len=7
PKT t=13056 TX ua=95 mt=P len=0
PKT t=13065 RX ua=95 mt=R len=7
PKT t=13070 TX ua=95 mt=P len=0
PKT t=13079 RX ua=95 mt=R len=7
PKT t=13084 TX ua=95 mt=P len=0
PKT t=13093 RX ua=95 mt=R len=7
PKT t=13116 TX ua=95 mt=P len=0
PKT t=13136 RX ua=95 mt=R len=7
PKT t=13141 TX ua=95 mt=T len=7
PKT t=13154 TX ua=95 mt=P len=0
PKT t=13163 RX ua=95 mt=R len=7
PKT t=13168 TX ua=95 mt=P len=0
PKT t=13177 RX ua=95 mt=R len=7
PKT t=13182 TX ua=95 mt=P len=0
PKT t=13191 RX ua=95 mt=R len=7
PKT t=13196 TX ua=95 mt=P len=0
PKT t=13205 RX ua=95 mt=R len=7
PKT t=13210 TX ua=95 mt=P len=0
PKT t=13239 RX ua=95 mt=R len=7
PKT t=13244 TX ua=95 mt=P len=0
PKT t=13266 RX ua=95 mt=R len=7
PKT t=13271 TX ua=95 mt=P len=0
PKT t=13280 RX ua=95 mt=R len=7
PKT t=13285 TX ua=95 mt=P len=0
PKT t=13294 RX ua=95 mt=R len=7
PKT t=13299 TX ua=95 mt=P len=0
PKT t=13308 RX ua=95 mt=R len=7
PKT t=13313 TX ua=95 mt=P len=0
PKT t=13342 RX ua=95 mt=R len=7
PKT t=13347 TX ua=95 mt=P len=0
PKT t=13356 RX ua=95 mt=R len=7
PKT t=13361 TX ua=95 mt=P len=0
PKT t=13370 RX ua=95 mt=R len=7
PKT t=13375 TX ua=95 mt=P len=0
PKT t=13384 RX ua=95 mt=R len=7
PKT t=13389 TX ua=95 mt=T len=7
PKT t=13416 TX ua=95 mt=P len=0
PKT t=13442 RX ua=95 mt=R len=7
PKT t=13447 TX ua=95 mt=P len=0
PKT t=13457 RX ua=95 mt=R len=7
PKT t=13462 TX ua=95 mt=P len=0
PKT t=13472 RX ua=95 mt=R len=7
PKT t=13477 TX ua=95 mt=P len=0
PKT t=13487 RX ua=95 mt=R len=7
PKT t=13492 TX ua=95 mt=P len=0
PKT t=13502 RX ua=95 mt=R len=7
PKT t=13507 TX ua=95 mt=P len=0
PKT t=13517 RX ua=95 mt=R len=7
PKT t=13522 TX ua=95 mt=P len=0
PKT t=13566 RX ua=95 mt=R len=7
PKT t=13571 TX ua=95 mt=P len=0
PKT t=13581 RX ua=95 mt=R len=7
PKT t=13586 TX ua=95 mt=P len=0
PKT t=13596 RX ua=95 mt=R len=7
PKT t=13601 TX ua=95 mt=P len=0
PKT t=13611 RX ua=95 mt=R len=7
PKT t=13616 TX ua=95 mt=P len=0
PKT t=13626 RX ua=95 mt=R len=7
PKT t=13631 TX ua=95 mt=T len=7
PKT t=13644 TX ua=95 mt=P len=0
PKT t=13662 RX ua=95 mt=R len=7
PKT t=13667 TX ua=95 mt=P len=0
PKT t=13676 RX ua=95 mt=R len=7
PKT t=13681 TX ua=95 mt=P len=0
PKT t=13690 RX ua=95 mt=R len=7
PKT t=13695 TX ua=95 mt=P len=0
PKT t=13716 RX ua=95 mt=R len=7
PKT t=13971 TX ua=96 mt=P len=0
PKT t=14229 TX ua=95 mt=P len=0
PKT t=14238 RX ua=95 mt=R len=7
PKT t=14243 TX ua=95 mt=T len=7
PKT t=14255 TX ua=95 mt=P len=0
PKT t=14264 RX ua=95 mt=R len=7
PKT t=14269 TX ua=95 mt=P len=0
PKT t=14278 RX ua=95 mt=R len=7
PKT t=14283 TX ua=95 mt=P len=0
PKT t=14292 RX ua=95 mt=R len=7
PKT t=14297 TX ua=95 mt=P len=0
PKT t=14317 RX ua=95 mt=R len=7
PKT t=14572 TX ua=96 mt=P len=0
PKT t=14830 TX ua=95 mt=P len=0
PKT t=14839 RX ua=95 mt=R len=7
PKT t=14844 TX ua=95 mt=T len=7
PKT t=14856 TX ua=95 mt=P len=0
PKT t=14865 RX ua=95 mt=R len=7
PKT t=14870 TX ua=95 mt=P len=0
PKT t=14879 RX ua=95 mt=R len=7
PKT t=14884 TX ua=95 mt=T len=7
PKT t=14896 TX ua=95 mt=P len=0
PKT t=14916 RX ua=95 mt=R len=7
PKT t=15171 TX ua=96 mt=P len=0
PKT t=15429 TX ua=95 mt=P len=0
PKT t=15438 RX ua=95 mt=R len=7
PKT t=15443 TX ua=95 mt=T len=7
PKT t=15455 TX ua=95 mt=P len=0
PKT t=15465 RX ua=95 mt=R len=7
PKT t=15470 TX ua=95 mt=P len=0
PKT t=15480 RX ua=95 mt=R len=7
PKT t=15485 TX ua=95 mt=P len=0
PKT t=15495 RX ua=95 mt=R len=7
PKT t=15516 TX ua=95 mt=P len=0
PKT t=15526 RX ua=95 mt=R len=7
PKT t=15531 TX ua=95 mt=P len=0
PKT t=15560 RX ua=95 mt=R len=7
PKT t=15565 TX ua=95 mt=P len=0
PKT t=15575 RX ua=95 mt=R len=7
PKT t=15580 TX ua=95 mt=P len=0
PKT t=15590 RX ua=95 mt=R len=7
PKT t=15595 TX ua=95 mt=P len=0
PKT t=15605 RX ua=95 mt=R len=7
PKT t=15610 TX ua=95 mt=P len=0
PKT t=15620 RX ua=95 mt=R len=7
PKT t=15625 TX ua=95 mt=P len=0
PKT t=15635 RX ua=95 mt=R len=7
PKT t=15640 TX ua=95 mt=T len=7
PKT t=15666 TX ua=95 mt=P len=0
PKT t=15675 RX ua=95 mt=R len=7
PKT t=15680 TX ua=95 mt=P len=0
PKT t=15689 RX ua=95 mt=R len=7
PKT t=15694 TX ua=95 mt=P len=0
PKT t=15703 RX ua=95 mt=R len=7
PKT t=15708 TX ua=95 mt=P len=0
PKT t=15717 RX ua=95 mt=R len=7
PKT t=15722 TX ua=95 mt=P len=0
PKT t=15731 RX ua=95 mt=R len=7
PKT t=15736 TX ua=95 mt=P len=0
PKT t=15769 RX ua=95 mt=R len=7
PKT t=15774 TX ua=95 mt=P len=0
PKT t=15783 RX ua=95 mt=R len=7
PKT t=15788 TX ua=95 mt=P len=0
PKT t=15816 RX ua=95 mt=R len=7
PKT t=15821 TX ua=95 mt=P len=0
PKT t=15830 RX ua=95 mt=R len=7
PKT t=15835 TX ua=95 mt=P len=0
PKT t=15868 RX ua=95 mt=R len=7
PKT t=15873 TX ua=95 mt=P len=0
PKT t=15882 RX ua=95 mt=R len=7
PKT t=15887 TX ua=95 mt=T len=7
PKT t=15899 TX ua=95 mt=P len=0
PKT t=15908 RX ua=95 mt=R len=7
PKT t=15913 TX ua=95 mt=P len=0
PKT t=15922 RX ua=95 mt=R len=7
PKT t=15927 TX ua=95 mt=P len=0
PKT t=15936 RX ua=95 mt=R len=7
PKT t=15941 TX ua=95 mt=P len=0
PKT t=15970 RX ua=95 mt=R len=7
PKT t=15975 TX ua=95 mt=P len=0
PKT t=15984 RX ua=95 mt=R len=7
PKT t=15989 TX ua=95 mt=P len=0
PKT t=15998 RX ua=95 mt=R len=7
PKT t=16003 TX ua=95 mt=P len=0
PKT t=16012 RX ua=95 mt=R len=7
PKT t=16017 TX ua=95 mt=P len=0
PKT t=16027 RX ua=95 mt=R len=7
PKT t=16032 TX ua=95 mt=P len=0
PKT t=16041 RX ua=95 mt=R len=7
PKT t=16046 TX ua=95 mt=P len=0
PKT t=16075 RX ua=95 mt=R len=7
PKT t=16080 TX ua=95 mt=P len=0
PKT t=16089 RX ua=95 mt=R len=7
PKT t=16094 TX ua=95 mt=P len=0
PKT t=16116 RX ua=95 mt=R len=7
PKT t=16121 TX ua=95 mt=P len=0
PKT t=16130 RX ua=95 mt=R len=7
PKT t=16135 TX ua=95 mt=T len=7
PKT t=16147 TX ua=95 mt=P len=0
PKT t=16175 RX ua=95 mt=R len=7
PKT t=16180 TX ua=95 mt=P len=0
PKT t=16189 RX ua=95 mt=R len=7
PKT t=16194 TX ua=95 mt=P len=0
PKT t=16203 RX ua=95 mt=R len=7
PKT t=16208 TX ua=95 mt=P len=0
PKT t=16217 RX ua=95 mt=R len=7
PKT t=16222 TX ua=95 mt=P len=0
PKT t=16231 RX ua=95 mt=R len=7
PKT t=16236 TX ua=95 mt=P len=0
PKT t=16245 RX ua=95 mt=R len=7
PKT t=16266 TX ua=95 mt=P len=0
PKT t=16279 RX ua=95 mt=R len=7
PKT t=16284 TX ua=95 mt=P len=0
PKT t=16293 RX ua=95 mt=R len=7
PKT t=16298 TX ua=95 mt=P len=0
PKT t=16307 RX ua=95 mt=R len=7
PKT t=16312 TX ua=95 mt=P len=0
PKT t=16321 RX ua=95 mt=R len=7
PKT t=16326 TX ua=95 mt=P len=0
PKT t=16335 RX ua=95 mt=R len=7
PKT t=16340 TX ua=95 mt=P len=0
PKT t=16349 RX ua=95 mt=R len=7
PKT t=16354 TX ua=95 mt=P len=0
PKT t=16383 RX ua=95 mt=R len=7
PKT t=16388 TX ua=95 mt=T len=7
PKT t=16416 TX ua=95 mt=P len=0
PKT t=16425 RX ua=95 mt=R len=7
PKT t=16430 TX ua=95 mt=P len=0
PKT t=16439 RX ua=95 mt=R len=7
PKT t=16444 TX ua=95 mt=P len=0
PKT t=16453 RX ua=95 mt=R len=7
PKT t=16458 TX ua=95 mt=P len=0
PKT t=16487 RX ua=95 mt=R len=7
PKT t=16492 TX ua=95 mt=P len=0
PKT t=16501 RX ua=95 mt=R len=7
PKT t=16506 TX ua=95 mt=P len=0
PKT t=16515 RX ua=95 mt=R len=7
PKT t=16520 TX ua=95 mt=P len=0
PKT t=16529 RX ua=95 mt=R len=7
PKT t=16534 TX ua=95 mt=P len=0
PKT t=16543 RX ua=95 mt=R len=7
PKT t=16566 TX ua=95 mt=P len=0
PKT t=16586 RX ua=95 mt=R len=7
PKT t=16591 TX ua=95 mt=P len=0
PKT t=16600 RX ua=95 mt=R len=7
PKT t=16605 TX ua=95 mt=P len=0
PKT t=16614 RX ua=95 mt=R len=7
PKT t=16619 TX ua=95 mt=P len=0
PKT t=16628 RX ua=95 mt=R len=7
PKT t=16633 TX ua=95 mt=T len=7
PKT t=16645 TX ua=95 mt=P len=0
PKT t=16654 RX ua=95 mt=R len=7
PKT t=16659 TX ua=95 mt=P len=0
PKT t=16688 RX ua=95 mt=R len=7
PKT t=16693 TX ua=95 mt=P len=0
PKT t=16716 RX ua=95 mt=R len=7
PKT t=16721 TX ua=95 mt=P len=0
PKT t=16730 RX ua=95 mt=R len=7
PKT t=16735 TX ua=95 mt=P len=0
PKT t=16744 RX ua=95 mt=R len=7
PKT t=16749 TX ua=95 mt=P len=0
PKT t=16758 RX ua=95 mt=R len=7
PKT t=16763 TX ua=95 mt=P len=0
PKT t=16792 RX ua=95 mt=R len=7
PKT t=16797 TX ua=95 mt=P len=0
PKT t=16806 RX ua=95 mt=R len=7
PKT t=16811 TX ua=95 mt=P len=0
PKT t=16820 RX ua=95 mt=R len=7
PKT t=16825 TX ua=95 mt=P len=0
PKT t=16834 RX ua=95 mt=R len=7
PKT t=16839 TX ua=95 mt=P len=0
PKT t=16866 RX ua=95 mt=R len=7
PKT t=16871 TX ua=95 mt=P len=0
PKT t=16891 RX ua=95 mt=R len=7
PKT t=16896 TX ua=95 mt=T len=7
PKT t=16908 TX ua=95 mt=P len=0
PKT t=16917 RX ua=95 mt=R len=7
PKT t=16922 TX ua=95 mt=P len=0
PKT t=16931 RX ua=95 mt=R len=7
PKT t=16936 TX ua=95 mt=P len=0
PKT t=16945 RX ua=95 mt=R len=7
PKT t=16950 TX ua=95 mt=P len=0
PKT t=16959 RX ua=95 mt=R len=7
PKT t=16964 TX ua=95 mt=P len=0
PKT t=16993 RX ua=95 mt=R len=7
PKT t=17016 TX ua=95 mt=P len=0
PKT t=17025 RX ua=95 mt=R len=7
PKT t=17030 TX ua=95 mt=P len=0
PKT t=17039 RX ua=95 mt=R len=7
PKT t=17044 TX ua=95 mt=P len=0
PKT t=17053 RX ua=95 mt=R len=7
PKT t=17058 TX ua=95 mt=P len=0
PKT t=17067 RX ua=95 mt=R len=7
PKT t=17072 TX ua=95 mt=P len=0
PKT t=17101 RX ua=95 mt=R len=7
PKT t=17106 TX ua=95 mt=P len=0
PKT t=17115 RX ua=95 mt=R len=7
PKT t=17120 TX ua=95 mt=P len=0
PKT t=17129 RX ua=95 mt=R len=7
PKT t=17134 TX ua=95 mt=T len=7
PKT t=17146 TX ua=95 mt=P len=0
PKT t=17166 RX ua=95 mt=R len=7
PKT t=17421 TX ua=96 mt=P len=0
PKT t=17679 TX ua=95 mt=P len=0
PKT t=17688 RX ua=95 mt=R len=7
PKT t=17693 TX ua=95 mt=T len=7
PKT t=17705 TX ua=95 mt=P len=0
PKT t=17714 RX ua=95 mt=R len=7
PKT t=17719 TX ua=95 mt=P len=0
PKT t=17728 RX ua=95 mt=R len=7
PKT t=17733 TX ua=95 mt=P len=0
PKT t=17742 RX ua=95 mt=R len=7
PKT t=17747 TX ua=95 mt=P len=0
PKT t=17767 RX ua=95 mt=R len=7
PKT t=18022 TX ua=96 mt=P len=0
PKT t=18283 TX ua=95 mt=P len=0
PKT t=18292 RX ua=95 mt=R len=7
PKT t=18297 TX ua=95 mt=T len=7
PKT t=18310 TX ua=95 mt=P len=0
PKT t=18319 RX ua=95 mt=R len=7
PKT t=18324 TX ua=95 mt=T len=7
PKT t=18337 TX ua=95 mt=P len=0
PKT t=18346 RX ua=95 mt=R len=7
PKT t=18366 TX ua=95 mt=P len=0
PKT t=18375 RX ua=95 mt=R len=7
PKT t=18380 TX ua=95 mt=T len=7
PKT t=18393 TX ua=95 mt=P len=0
PKT t=18411 RX ua=95 mt=R len=7
PKT t=18416 TX ua=95 mt=P len=0
PKT t=18425 RX ua=95 mt=R len=7
PKT t=18430 TX ua=95 mt=P len=0
PKT t=18439 RX ua=95 mt=R len=7
PKT t=18444 TX ua=95 mt=P len=0
PKT t=18453 RX ua=95 mt=R len=7
PKT t=18458 TX ua=95 mt=P len=0
PKT t=18467 RX ua=95 mt=R len=7
PKT t=18472 TX ua=95 mt=P len=0
PKT t=18481 RX ua=95 mt=R len=7
PKT t=18486 TX ua=95 mt=P len=0
PKT t=18516 RX ua=95 mt=R len=7
PKT t=18521 TX ua=95 mt=P len=0
PKT t=18530 RX ua=95 mt=R len=7
PKT t=18535 TX ua=95 mt=P len=0
PKT t=18544 RX ua=95 mt=R len=7
PKT t=18549 TX ua=95 mt=P len=0
PKT t=18558 RX ua=95 mt=R len=7
PKT t=18563 TX ua=95 mt=P len=0
PKT t=18572 RX ua=95 mt=R len=7
PKT t=18577 TX ua=95 mt=P len=0
PKT t=18586 RX ua=95 mt=R len=7
PKT t=18591 TX ua=95 mt=P len=0
PKT t=18620 RX ua=95 mt=R len=7
PKT t=18625 TX ua=95 mt=P len=0
PKT t=18634 RX ua=95 mt=R len=7
PKT t=18639 TX ua=95 mt=T len=7
PKT t=18666 TX ua=95 mt=P len=0
PKT t=18675 RX ua=95 mt=R len=7
PKT t=18680 TX ua=95 mt=P len=0
PKT t=18689 RX ua=95 mt=R len=7
PKT t=18694 TX ua=95 mt=P len=0
PKT t=18724 RX ua=95 mt=R len=7
PKT t=18729 TX ua=95 mt=P len=0
PKT t=18738 RX ua=95 mt=R len=7
PKT t=18743 TX ua=95 mt=P len=0
PKT t=18752 RX ua=95 mt=R len=7
PKT t=18757 TX ua=95 mt=P len=0
PKT t=18766 RX ua=95 mt=R len=7
PKT t=18771 TX ua=95 mt=P len=0
PKT t=18780 RX ua=95 mt=R len=7
PKT t=18785 TX ua=95 mt=P len=0
PKT t=18794 RX ua=95 mt=R len=7
PKT t=18816 TX ua=95 mt=P len=0
PKT t=18828 RX ua=95 mt=R len=7
PKT t=18833 TX ua=95 mt=P len=0
PKT t=18842 RX ua=95 mt=R len=7
PKT t=18847 TX ua=95 mt=P len=0
PKT t=18856 RX ua=95 mt=R len=7
PKT t=18861 TX ua=95 mt=P len=0
PKT t=18870 RX ua=95 mt=R len=7
PKT t=18875 TX ua=95 mt=P len=0
PKT t=18885 RX ua=95 mt=R len=7
PKT t=18890 TX ua=95 mt=T len=7
PKT t=18903 TX ua=95 mt=P len=0
PKT t=18931 RX ua=95 mt=R len=7
PKT t=18936 TX ua=95 mt=P len=0
PKT t=18945 RX ua=95 mt=R len=7
PKT t=18966 TX ua=95 mt=P len=0
PKT t=18975 RX ua=95 mt=R len=7
PKT t=18980 TX ua=95 mt=P len=0
PKT t=18989 RX ua=95 mt=R len=7
PKT t=18994 TX ua=95 mt=P len=0
PKT t=19003 RX ua=95 mt=R len=7
PKT t=19008 TX ua=95 mt=P len=0
PKT t=19037 RX ua=95 mt=R len=7
PKT t=19042 TX ua=95 mt=P len=0
PKT t=19051 RX ua=95 mt=R len=7
PKT t=19056 TX ua=95 mt=P len=0
PKT t=19065 RX ua=95 mt=R len=7
PKT t=19070 TX ua=95 mt=P len=0
PKT t=19079 RX ua=95 mt=R len=7
PKT t=19084 TX ua=95 mt=P len=0
PKT t=19093 RX ua=95 mt=R len=7
PKT t=19116 TX ua=95 mt=P len=0
PKT t=19136 RX ua=95 mt=R len=7
PKT t=19141 TX ua=95 mt=T len=7
PKT t=19153 TX ua=95 mt=P len=0
PKT t=19162 RX ua=95 mt=R len=7
PKT t=19167 TX ua=95 mt=P len=0
PKT t=19176 RX ua=95 mt=R len=7
PKT t=19181 TX ua=95 mt=P len=0
PKT t=19190 RX ua=95 mt=R len=7
PKT t=19195 TX ua=95 mt=P len=0
PKT t=19204 RX ua=95 mt=R len=7
PKT t=19209 TX ua=95 mt=P len=0
PKT t=19238 RX ua=95 mt=R len=7
PKT t=19243 TX ua=95 mt=P len=0
PKT t=19266 RX ua=95 mt=R len=7
PKT t=19271 TX ua=95 mt=P len=0
PKT t=19280 RX ua=95 mt=R len=7
PKT t=19285 TX ua=95 mt=P len=0
PKT t=19294 RX ua=95 mt=R len=7
PKT t=19299 TX ua=95 mt=P len=0
PKT t=19308 RX ua=95 mt=R len=7
PKT t=19313 TX ua=95 mt=P len=0
PKT t=19342 RX ua=95 mt=R len=7
PKT t=19347 TX ua=95 mt=P len=0
PKT t=19356 RX ua=95 mt=R len=7
PKT t=19361 TX ua=95 mt=P len=0
PKT t=19370 RX ua=95 mt=R len=7
PKT t=19375 TX ua=95 mt=P len=0
PKT t=19384 RX ua=95 mt=R len=7
PKT t=19389 TX ua=95 mt=T len=7
PKT t=19416 TX ua=95 mt=P len=0
PKT t=19442 RX ua=95 mt=R len=7
PKT t=19447 TX ua=95 mt=P len=0
PKT t=19457 RX ua=95 mt=R len=7
PKT t=19462 TX ua=95 mt=P len=0
PKT t=19472 RX ua=95 mt=R len=7
PKT t=19477 TX ua=95 mt=P len=0
PKT t=19487 RX ua=95 mt=R len=7
PKT t=19492 TX ua=95 mt=P len=0
PKT t=19502 RX ua=95 mt=R len=7
PKT t=19507 TX ua=95 mt=P len=0
PKT t=19517 RX ua=95 mt=R len=7
PKT t=19522 TX ua=95 mt=P len=0
PKT t=19566 RX ua=95 mt=R len=7
PKT t=19571 TX ua=95 mt=P len=0
PKT t=19581 RX ua=95 mt=R len=7
PKT t=19586 TX ua=95 mt=P len=0
PKT t=19596 RX ua=95 mt=R len=7
PKT t=19601 TX ua=95 mt=P len=0
PKT t=19611 RX ua=95 mt=R len=7
PKT t=19616 TX ua=95 mt=P len=0
PKT t=19626 RX ua=95 mt=R len=7
PKT t=19631 TX ua=95 mt=T len=7
PKT t=19643 TX ua=95 mt=P len=0
PKT t=19661 RX ua=95 mt=R len=7
PKT t=19666 TX ua=95 mt=P len=0
PKT t=19675 RX ua=95 mt=R len=7
PKT t=19680 TX ua=95 mt=P len=0
PKT t=19689 RX ua=95 mt=R len=7
PKT t=19694 TX ua=95 mt=P len=0
PKT t=19716 RX ua=95 mt=R len=7
PKT t=19721 TX ua=95 mt=P len=0
PKT t=19730 RX ua=95 mt=R len=7
PKT t=19735 TX ua=95 mt=P len=0
PKT t=19764 RX ua=95 mt=R len=7
PKT t=19769 TX ua=95 mt=P len=0
PKT t=19778 RX ua=95 mt=R len=7
PKT t=19783 TX ua=95 mt=P len=0
PKT t=19792 RX ua=95 mt=R len=7
PKT t=19797 TX ua=95 mt=P len=0
PKT t=19806 RX ua=95 mt=R len=7
PKT t=19811 TX ua=95 mt=P len=0
PKT t=19820 RX ua=95 mt=R len=7
PKT t=19825 TX ua=95 mt=P len=0
PKT t=19834 RX ua=95 mt=R len=7
PKT t=19839 TX ua=95 mt=P len=0
PKT t=19868 RX ua=95 mt=R len=7
PKT t=19873 TX ua=95 mt=P len=0
PKT t=19882 RX ua=95 mt=R len=7
PKT t=19887 TX ua=95 mt=T len=7
PKT t=19899 TX ua=95 mt=P len=0
PKT t=19908 RX ua=95 mt=R len=7
PKT t=19913 TX ua=95 mt=P len=0
PKT t=19922 RX ua=95 mt=R len=7
PKT t=19927 TX ua=95 mt=P len=0
PKT t=19936 RX ua=95 mt=R len=7
PKT t=19941 TX ua=95 mt=P len=0
PKT t=19970 RX ua=95 mt=R len=7
PKT t=19975 TX ua=95 mt=P len=0
PKT t=19984 RX ua=95 mt=R len=7
PKT t=19989 TX ua=95 mt=P len=0
PKT t=20016 RX ua=95 mt=R len=7
PKT t=20021 TX ua=95 mt=P len=0
PKT t=20030 RX ua=95 mt=R len=7
PKT t=20035 TX ua=95 mt=P len=0
PKT t=20044 RX ua=95 mt=R len=7
PKT t=20049 TX ua=95 mt=P len=0
PKT t=20078 RX ua=95 mt=R len=7
PKT t=20083 TX ua=95 mt=P len=0
PKT t=20092 RX ua=95 mt=R len=7
PKT t=20097 TX ua=95 mt=P len=0
PKT t=20106 RX ua=95 mt=R len=7
PKT t=20111 TX ua=95 mt=P len=0
PKT t=20121 RX ua=95 mt=R len=7
PKT t=20126 TX ua=95 mt=P len=0
PKT t=20135 RX ua=95 mt=R len=7
PKT t=20140 TX ua=95 mt=T len=7
PKT t=20166 TX ua=95 mt=P len=0
PKT t=20180 RX ua=95 mt=R len=7
PKT t=20185 TX ua=95 mt=P len=0
PKT t=20194 RX ua=95 mt=R len=7
PKT t=20199 TX ua=95 mt=P len=0
PKT t=20208 RX ua=95 mt=R len=7
PKT t=20213 TX ua=95 mt=P len=0
PKT t=20222 RX ua=95 mt=R len=7
PKT t=20227 TX ua=95 mt=P len=0
PKT t=20236 RX ua=95 mt=R len=7
PKT t=20241 TX ua=95 mt=P len=0
PKT t=20250 RX ua=95 mt=R len=7
PKT t=20255 TX ua=95 mt=P len=0
PKT t=20284 RX ua=95 mt=R len=7
PKT t=20289 TX ua=95 mt=P len=0
PKT t=20316 RX ua=95 mt=R len=7
PKT t=20321 TX ua=95 mt=P len=0
PKT t=20330 RX ua=95 mt=R len=7
PKT t=20335 TX ua=95 mt=P len=0
PKT t=20344 RX ua=95 mt=R len=7
PKT t=20349 TX ua=95 mt=P len=0
PKT t=20358 RX ua=95 mt=R len=7
PKT t=20363 TX ua=95 mt=P len=0
PKT t=20392 RX ua=95 mt=R len=7
PKT t=20397 TX ua=95 mt=T len=7
PKT t=20409 TX ua=95 mt=P len=0
PKT t=20418 RX ua=95 mt=R len=7
PKT t=20423 TX ua=95 mt=P len=0
PKT t=20432 RX ua=95 mt=R len=7
PKT t=20437 TX ua=95 mt=P len=0
PKT t=20466 RX ua=95 mt=R len=7
PKT t=20471 TX ua=95 mt=P len=0
PKT t=20491 RX ua=95 mt=R len=7
PKT t=20496 TX ua=95 mt=P len=0
PKT t=20505 RX ua=95 mt=R len=7
PKT t=20510 TX ua=95 mt=P len=0
PKT t=20519 RX ua=95 mt=R len=7
PKT t=20524 TX ua=95 mt=P len=0
PKT t=20533 RX ua=95 mt=R len=7
PKT t=20538 TX ua=95 mt=P len=0
PKT t=20547 RX ua=95 mt=R len=7
PKT t=20552 TX ua=95 mt=P len=0
PKT t=20561 RX ua=95 mt=R len=7
PKT t=20566 TX ua=95 mt=P len=0
PKT t=20595 RX ua=95 mt=R len=7
PKT t=20616 TX ua=95 mt=P len=0
PKT t=20625 RX ua=95 mt=R len=7
PKT t=20630 TX ua=95 mt=T len=7
PKT t=20642 TX ua=95 mt=P len=0
PKT t=20651 RX ua=95 mt=R len=7
PKT t=20656 TX ua=95 mt=P len=0
PKT t=20665 RX ua=95 mt=R len=7
PKT t=20670 TX ua=95 mt=P len=0
PKT t=20699 RX ua=95 mt=R len=7
PKT t=20704 TX ua=95 mt=P len=0
PKT t=20713 RX ua=95 mt=R len=7
PKT t=20718 TX ua=95 mt=P len=0
PKT t=20727 RX ua=95 mt=R len=7
PKT t=20732 TX ua=95 mt=P len=0
PKT t=20741 RX ua=95 mt=R len=7
PKT t=20746 TX ua=95 mt=P len=0
PKT t=20766 RX ua=95 mt=R len=7
PKT t=21021 TX ua=96 mt=P len=0
PKT t=21279 TX ua=95 mt=P len=0
PKT t=21288 RX ua=95 mt=R len=7
PKT t=21293 TX ua=95 mt=T len=7
PKT t=21306 TX ua=95 mt=P len=0
PKT t=21315 RX ua=95 mt=R len=7
PKT t=21320 TX ua=95 mt=P len=0
PKT t=21329 RX ua=95 mt=R len=7
PKT t=21334 TX ua=95 mt=P len=0
PKT t=21343 RX ua=95 mt=R len=7
PKT t=21366 TX ua=95 mt=P len=0
PKT t=21398 RX ua=95 mt=R len=7
PKT t=21403 TX ua=95 mt=T len=7
PKT t=21416 TX ua=95 mt=P len=0
PKT t=21426 RX ua=95 mt=R len=7
PKT t=21431 TX ua=95 mt=P len=0
PKT t=21441 RX ua=95 mt=R len=7
PKT t=21446 TX ua=95 mt=P len=0
PKT t=21456 RX ua=95 mt=R len=7
PKT t=21461 TX ua=95 mt=P len=0
PKT t=21471 RX ua=95 mt=R len=7
PKT t=21476 TX ua=95 mt=P len=0
PKT t=21516 RX ua=95 mt=R len=7
PKT t=21521 TX ua=95 mt=P len=0
PKT t=21531 RX ua=95 mt=R len=7
PKT t=21536 TX ua=95 mt=P len=0
PKT t=21546 RX ua=95 mt=R len=7
PKT t=21551 TX ua=95 mt=P len=0
PKT t=21561 RX ua=95 mt=R len=7
PKT t=21566 TX ua=95 mt=P len=0
PKT t=21576 RX ua=95 mt=R len=7
PKT t=21581 TX ua=95 mt=P len=0
PKT t=21610 RX ua=95 mt=R len=7
PKT t=21615 TX ua=95 mt=P len=0
PKT t=21625 RX ua=95 mt=R len=7
PKT t=21630 TX ua=95 mt=T len=7
PKT t=21643 TX ua=95 mt=P len=0
PKT t=21666 RX ua=95 mt=R len=7
PKT t=21671 TX ua=95 mt=P len=0
PKT t=21680 RX ua=95 mt=R len=7
PKT t=21685 TX ua=95 mt=P len=0
PKT t=21714 RX ua=95 mt=R len=7
PKT t=21719 TX ua=95 mt=P len=0
PKT t=21728 RX ua=95 mt=R len=7
PKT t=21733 TX ua=95 mt=P len=0
PKT t=21742 RX ua=95 mt=R len=7
PKT t=21747 TX ua=95 mt=P len=0
PKT t=21756 RX ua=95 mt=R len=7
PKT t=21761 TX ua=95 mt=P len=0
PKT t=21770 RX ua=95 mt=R len=7
PKT t=21775 TX ua=95 mt=P len=0
PKT t=21784 RX ua=95 mt=R len=7
PKT t=21789 TX ua=95 mt=P len=0
PKT t=21818 RX ua=95 mt=R len=7
PKT t=21823 TX ua=95 mt=P len=0
PKT t=21832 RX ua=95 mt=R len=7
PKT t=21837 TX ua=95 mt=P len=0
PKT t=21846 RX ua=95 mt=R len=7
PKT t=21851 TX ua=95 mt=P len=0
PKT t=21860 RX ua=95 mt=R len=7
PKT t=21865 TX ua=95 mt=P len=0
PKT t=21874 RX ua=95 mt=R len=7
PKT t=21879 TX ua=95 mt=T len=7
PKT t=21892 TX ua=95 mt=P len=0
PKT t=21919 RX ua=95 mt=R len=7
PKT t=21924 TX ua=95 mt=P len=0
PKT t=21933 RX ua=95 mt=R len=7
PKT t=21938 TX ua=95 mt=P len=0
PKT t=21966 RX ua=95 mt=R len=7
PKT t=21971 TX ua=95 mt=P len=0
PKT t=21980 RX ua=95 mt=R len=7
PKT t=21985 TX ua=95 mt=P len=0
PKT t=21994 RX ua=95 mt=R len=7
PKT t=21999 TX ua=95 mt=P len=0
PKT t=22030 RX ua=95 mt=R len=7
PKT t=22035 TX ua=95 mt=P len=0
PKT t=22044 RX ua=95 mt=R len=7
PKT t=22049 TX ua=95 mt=P len=0
PKT t=22058 RX ua=95 mt=R len=7
PKT t=22063 TX ua=95 mt=P len=0
PKT t=22072 RX ua=95 mt=R len=7
PKT t=22077 TX ua=95 mt=P len=0
PKT t=22086 RX ua=95 mt=R len=7
PKT t=22091 TX ua=95 mt=P len=0
PKT t=22116 RX ua=95 mt=R len=7
PKT t=22121 TX ua=95 mt=P len=0
PKT t=22138 RX ua=95 mt=R len=7
PKT t=22143 TX ua=95 mt=T len=7
PKT t=22155 TX ua=95 mt=P len=0
PKT t=22164 RX ua=95 mt=R len=7
PKT t=22169 TX ua=95 mt=P len=0
PKT t=22178 RX ua=95 mt=R len=7
PKT t=22183 TX ua=95 mt=P len=0
PKT t=22192 RX ua=95 mt=R len=7
PKT t=22197 TX ua=95 mt=P len=0
PKT t=22206 RX ua=95 mt=R len=7
PKT t=22211 TX ua=95 mt=P len=0
PKT t=22240 RX ua=95 mt=R len=7
PKT t=22245 TX ua=95 mt=P len=0
PKT t=22266 RX ua=95 mt=R len=7
PKT t=22521 TX ua=96 mt=P len=0
PKT t=22779 TX ua=95 mt=P len=0
PKT t=22788 RX ua=95 mt=R len=7
PKT t=22793 TX ua=95 mt=T len=7
PKT t=22805 TX ua=95 mt=P len=0
PKT t=22814 RX ua=95 mt=R len=7
PKT t=22819 TX ua=95 mt=P len=0
PKT t=22866 RX ua=95 mt=R len=7
PKT t=22871 TX ua=95 mt=P len=0
PKT t=22880 RX ua=95 mt=R len=7
PKT t=22885 TX ua=95 mt=T len=7
PKT t=22897 TX ua=95 mt=P len=0
PKT t=22906 RX ua=95 mt=R len=7
PKT t=22911 TX ua=95 mt=P len=0
PKT t=22920 RX ua=95 mt=R len=7
PKT t=22925 TX ua=95 mt=P len=0
PKT t=22954 RX ua=95 mt=R len=7
PKT t=22959 TX ua=95 mt=P len=0
PKT t=22968 RX ua=95 mt=R len=7
PKT t=22973 TX ua=95 mt=P len=0
PKT t=22982 RX ua=95 mt=R len=7
PKT t=22987 TX ua=95 mt=P len=0
PKT t=22996 RX ua=95 mt=R len=7
PKT t=23016 TX ua=95 mt=P len=0
PKT t=23025 RX ua=95 mt=R len=7
PKT t=23030 TX ua=95 mt=P len=0
PKT t=23059 RX ua=95 mt=R len=7
PKT t=23064 TX ua=95 mt=P len=0
PKT t=23073 RX ua=95 mt=R len=7
PKT t=23078 TX ua=95 mt=P len=0
PKT t=23087 RX ua=95 mt=R len=7
PKT t=23092 TX ua=95 mt=P len=0
PKT t=23101 RX ua=95 mt=R len=7
PKT t=23106 TX ua=95 mt=P len=0
PKT t=23115 RX ua=95 mt=R len=7
PKT t=23120 TX ua=95 mt=P len=0
PKT t=23130 RX ua=95 mt=R len=7
PKT t=23134 TX ua=95 mt=T len=7
PKT t=23146 TX ua=95 mt=P len=0
PKT t=23166 RX ua=95 mt=R len=7
PKT t=23171 TX ua=95 mt=P len=0
PKT t=23180 RX ua=95 mt=R len=7
PKT t=23185 TX ua=95 mt=P len=0
PKT t=23194 RX ua=95 mt=R len=7
PKT t=23199 TX ua=95 mt=P len=0
PKT t=23208 RX ua=95 mt=R len=7
PKT t=23213 TX ua=95 mt=P len=0
PKT t=23222 RX ua=95 mt=R len=7
PKT t=23227 TX ua=95 mt=P len=0
PKT t=23236 RX ua=95 mt=R len=7
PKT t=23241 TX ua=95 mt=P len=0
PKT t=23270 RX ua=95 mt=R len=7
PKT t=23275 TX ua=95 mt=P len=0
PKT t=23284 RX ua=95 mt=R len=7
PKT t=23289 TX ua=95 mt=P len=0
PKT t=23316 RX ua=95 mt=R len=7
PKT t=23321 TX ua=95 mt=P len=0
PKT t=23330 RX ua=95 mt=R len=7
PKT t=23335 TX ua=95 mt=P len=0
PKT t=23344 RX ua=95 mt=R len=7
PKT t=23349 TX ua=95 mt=P len=0
PKT t=23378 RX ua=95 mt=R len=7
PKT t=23383 TX ua=95 mt=T len=7
PKT t=23395 TX ua=95 mt=P len=0
PKT t=23405 RX ua=95 mt=R len=7
PKT t=23410 TX ua=95 mt=P len=0
PKT t=23420 RX ua=95 mt=R len=7
PKT t=23425 TX ua=95 mt=P len=0
PKT t=23435 RX ua=95 mt=R len=7
PKT t=23440 TX ua=95 mt=P len=0
PKT t=23466 RX ua=95 mt=R len=7
PKT t=23471 TX ua=95 mt=P len=0
PKT t=23484 RX ua=95 mt=R len=7
PKT t=23489 TX ua=95 mt=P len=0
PKT t=23499 RX ua=95 mt=R len=7
PKT t=23504 TX ua=95 mt=P len=0
PKT t=23514 RX ua=95 mt=R len=7
PKT t=23519 TX ua=95 mt=P len=0
PKT t=23529 RX ua=95 mt=R len=7
PKT t=23534 TX ua=95 mt=P len=0
PKT t=23544 RX ua=95 mt=R len=7
PKT t=23549 TX ua=95 mt=P len=0
PKT t=23559 RX ua=95 mt=R len=7
PKT t=23564 TX ua=95 mt=P len=0
PKT t=23593 RX ua=95 mt=R len=7
PKT t=23616 TX ua=95 mt=P len=0
PKT t=23626 RX ua=95 mt=R len=7
PKT t=23631 TX ua=95 mt=T len=7
PKT t=23643 TX ua=95 mt=P len=0
PKT t=23652 RX ua=95 mt=R len=7
PKT t=23657 TX ua=95 mt=P len=0
PKT t=23666 RX ua=95 mt=R len=7
PKT t=23671 TX ua=95 mt=P len=0
PKT t=23700 RX ua=95 mt=R len=7
PKT t=23705 TX ua=95 mt=P len=0
PKT t=23714 RX ua=95 mt=R len=7
PKT t=23719 TX ua=95 mt=P len=0
PKT t=23728 RX ua=95 mt=R len=7
PKT t=23733 TX ua=95 mt=P len=0
PKT t=23742 RX ua=95 mt=R len=7
PKT t=23747 TX ua=95 mt=P len=0
PKT t=23767 RX ua=95 mt=R len=7
PKT t=24022 TX ua=96 mt=P len=0
PKT t=24280 TX ua=95 mt=P len=0
PKT t=24289 RX ua=95 mt=R len=7
PKT t=24294 TX ua=95 mt=T len=7
PKT t=24306 TX ua=95 mt=P len=0
PKT t=24315 RX ua=95 mt=R len=7
PKT t=24320 TX ua=95 mt=P len=0
PKT t=24329 RX ua=95 mt=R len=7
PKT t=24334 TX ua=95 mt=P len=0
PKT t=24343 RX ua=95 mt=R len=7
PKT t=24366 TX ua=95 mt=P len=0
PKT t=24399 RX ua=95 mt=R len=7
PKT t=24404 TX ua=95 mt=T len=7
PKT t=24416 TX ua=95 mt=P len=0
PKT t=24425 RX ua=95 mt=R len=7
PKT t=24430 TX ua=95 mt=P len=0
PKT t=24439 RX ua=95 mt=R len=7
PKT t=24444 TX ua=95 mt=P len=0
PKT t=24453 RX ua=95 mt=R len=7
PKT t=24458 TX ua=95 mt=P len=0
PKT t=24467 RX ua=95 mt=R len=7
PKT t=24472 TX ua=95 mt=P len=0
PKT t=24516 RX ua=95 mt=R len=7
PKT t=24521 TX ua=95 mt=P len=0
PKT t=24530 RX ua=95 mt=R len=7
PKT t=24535 TX ua=95 mt=P len=0
PKT t=24544 RX ua=95 mt=R len=7
PKT t=24549 TX ua=95 mt=P len=0
PKT t=24558 RX ua=95 mt=R len=7
PKT t=24563 TX ua=95 mt=P len=0
PKT t=24572 RX ua=95 mt=R len=7
PKT t=24577 TX ua=95 mt=P len=0
PKT t=24606 RX ua=95 mt=R len=7
PKT t=24611 TX ua=95 mt=P len=0
PKT t=24620 RX ua=95 mt=R len=7
PKT t=24625 TX ua=95 mt=P len=0
PKT t=24634 RX ua=95 mt=R len=7
PKT t=24639 TX ua=95 mt=T len=7
PKT t=24666 TX ua=95 mt=P len=0
PKT t=24675 RX ua=95 mt=R len=7
PKT t=24680 TX ua=95 mt=P len=0
PKT t=24709 RX ua=95 mt=R len=7
PKT t=24714 TX ua=95 mt=P len=0
PKT t=24723 RX ua=95 mt=R len=7
PKT t=24728 TX ua=95 mt=P len=0
PKT t=24737 RX ua=95 mt=R len=7
PKT t=24742 TX ua=95 mt=P len=0
PKT t=24751 RX ua=95 mt=R len=7
PKT t=24756 TX ua=95 mt=P len=0
PKT t=24765 RX ua=95 mt=R len=7
PKT t=24770 TX ua=95 mt=P len=0
PKT t=24779 RX ua=95 mt=R len=7
PKT t=24784 TX ua=95 mt=P len=0
PKT t=24816 RX ua=95 mt=R len=7
PKT t=24821 TX ua=95 mt=P len=0
PKT t=24830 RX ua=95 mt=R len=7
PKT t=24835 TX ua=95 mt=P len=0
PKT t=24844 RX ua=95 mt=R len=7
PKT t=24849 TX ua=95 mt=P len=0
PKT t=24858 RX ua=95 mt=R len=7
PKT t=24863 TX ua=95 mt=P len=0
PKT t=24872 RX ua=95 mt=R len=7
PKT t=24877 TX ua=95 mt=T len=7
PKT t=24889 TX ua=95 mt=P len=0
PKT t=24917 RX ua=95 mt=R len=7
PKT t=24922 TX ua=95 mt=P len=0
PKT t=24931 RX ua=95 mt=R len=7
PKT t=24936 TX ua=95 mt=P len=0
PKT t=24945 RX ua=95 mt=R len=7
PKT t=24966 TX ua=95 mt=P len=0
PKT t=24975 RX ua=95 mt=R len=7
PKT t=24980 TX ua=95 mt=P len=0
PKT t=24989 RX ua=95 mt=R len=7
PKT t=24994 TX ua=95 mt=P len=0
PKT t=25023 RX ua=95 mt=R len=7
PKT t=25028 TX ua=95 mt=P len=0
PKT t=25037 RX ua=95 mt=R len=7
PKT t=25042 TX ua=95 mt=P len=0
PKT t=25051 RX ua=95 mt=R len=7
PKT t=25056 TX ua=95 mt=P len=0
PKT t=25065 RX ua=95 mt=R len=7
PKT t=25070 TX ua=95 mt=P len=0
PKT t=25079 RX ua=95 mt=R len=7
PKT t=25084 TX ua=95 mt=P len=0
PKT t=25093 RX ua=95 mt=R len=7
PKT t=25116 TX ua=95 mt=P len=0
PKT t=25127 RX ua=95 mt=R len=7
PKT t=25132 TX ua=95 mt=T len=7
PKT t=25144 TX ua=95 mt=P len=0
PKT t=25153 RX ua=95 mt=R len=7
PKT t=25158 TX ua=95 mt=P len=0
PKT t=25167 RX ua=95 mt=R len=7
PKT t=25172 TX ua=95 mt=P len=0
PKT t=25181 RX ua=95 mt=R len=7
PKT t=25186 TX ua=95 mt=P len=0
PKT t=25195 RX ua=95 mt=R len=7
PKT t=25200 TX ua=95 mt=P len=0
PKT t=25229 RX ua=95 mt=R len=7
PKT t=25234 TX ua=95 mt=P len=0
PKT t=25243 RX ua=95 mt=R len=7
PKT t=25266 TX ua=95 mt=P len=0
PKT t=25275 RX ua=95 mt=R len=7
PKT t=25280 TX ua=95 mt=P len=0
PKT t=25289 RX ua=95 mt=R len=7
PKT t=25294 TX ua=95 mt=P len=0
PKT t=25303 RX ua=95 mt=R len=7
PKT t=25308 TX ua=95 mt=P len=0
PKT t=25337 RX ua=95 mt=R len=7
PKT t=25342 TX ua=95 mt=P len=0
PKT t=25351 RX ua=95 mt=R len=7
PKT t=25356 TX ua=95 mt=P len=0
PKT t=25365 RX ua=95 mt=R len=7
PKT t=25370 TX ua=95 mt=P len=0
PKT t=25379 RX ua=95 mt=R len=7
PKT t=25384 TX ua=95 mt=T len=7
PKT t=25396 TX ua=95 mt=P len=0
PKT t=25416 RX ua=95 mt=R len=7
PKT t=25671 TX ua=96 mt=P len=0
PKT t=25929 TX ua=95 mt=P len=0
PKT t=25939 RX ua=95 mt=R len=7
PKT t=25944 TX ua=95 mt=T len=7
PKT t=25956 TX ua=95 mt=P len=0
PKT t=25965 RX ua=95 mt=R len=7
PKT t=25970 TX ua=95 mt=P len=0
PKT t=25979 RX ua=95 mt=R len=7
PKT t=25984 TX ua=95 mt=P len=0
PKT t=25993 RX ua=95 mt=R len=7
PKT t=26016 TX ua=95 mt=P len=0
PKT t=26039 RX ua=95 mt=R len=7
PKT t=26044 TX ua=95 mt=P len=0
PKT t=26053 RX ua=95 mt=R len=7
PKT t=26058 TX ua=95 mt=P len=0
PKT t=26067 RX ua=95 mt=R len=7
PKT t=26072 TX ua=95 mt=P len=0
PKT t=26081 RX ua=95 mt=R len=7
PKT t=26086 TX ua=95 mt=P len=0
PKT t=26095 RX ua=95 mt=R len=7
PKT t=26100 TX ua=95 mt=P len=0
PKT t=26109 RX ua=95 mt=R len=7
PKT t=26114 TX ua=95 mt=P len=0
PKT t=26166 RX ua=95 mt=R len=7
PKT t=26171 TX ua=95 mt=T len=7
PKT t=26184 TX ua=95 mt=P len=0
PKT t=26193 RX ua=95 mt=R len=7
PKT t=26198 TX ua=95 mt=T len=7
PKT t=26211 TX ua=95 mt=P len=0
PKT t=26242 RX ua=95 mt=R len=7
PKT t=26247 TX ua=95 mt=P len=0
PKT t=26256 RX ua=95 mt=R len=7
PKT t=26261 TX ua=95 mt=P len=0
PKT t=26270 RX ua=95 mt=R len=7
PKT t=26275 TX ua=95 mt=P len=0
PKT t=26284 RX ua=95 mt=R len=7
PKT t=26289 TX ua=95 mt=P len=0
PKT t=26316 RX ua=95 mt=R len=7
PKT t=26321 TX ua=95 mt=P len=0
PKT t=26342 RX ua=95 mt=R len=7
PKT t=26347 TX ua=95 mt=P len=0
PKT t=26356 RX ua=95 mt=R len=7
PKT t=26361 TX ua=95 mt=P len=0
PKT t=26370 RX ua=95 mt=R len=7
PKT t=26375 TX ua=95 mt=P len=0
PKT t=26384 RX ua=95 mt=R len=7
PKT t=26389 TX ua=95 mt=T len=7
PKT t=26402 TX ua=95 mt=P len=0
PKT t=26411 RX ua=95 mt=R len=7
PKT t=26416 TX ua=95 mt=P len=0
PKT t=26445 RX ua=95 mt=R len=7
PKT t=26466 TX ua=95 mt=P len=0
PKT t=26475 RX ua=95 mt=R len=7
PKT t=26480 TX ua=95 mt=P len=0
PKT t=26489 RX ua=95 mt=R len=7
PKT t=26494 TX ua=95 mt=P len=0
PKT t=26503 RX ua=95 mt=R len=7
PKT t=26508 TX ua=95 mt=P len=0
PKT t=26517 RX ua=95 mt=R len=7
PKT t=26522 TX ua=95 mt=P len=0
PKT t=26551 RX ua=95 mt=R len=7
PKT t=26556 TX ua=95 mt=P len=0
PKT t=26565 RX ua=95 mt=R len=7
PKT t=26570 TX ua=95 mt=P len=0
PKT t=26579 RX ua=95 mt=R len=7
PKT t=26584 TX ua=95 mt=P len=0
PKT t=26593 RX ua=95 mt=R len=7
PKT t=26616 TX ua=95 mt=P len=0
PKT t=26625 RX ua=95 mt=R len=7
PKT t=26630 TX ua=95 mt=T len=7
PKT t=26643 TX ua=95 mt=P len=0
PKT t=26661 RX ua=95 mt=R len=7
PKT t=26666 TX ua=95 mt=P len=0
PKT t=26675 RX ua=95 mt=R len=7
PKT t=26680 TX ua=95 mt=P len=0
PKT t=26689 RX ua=95 mt=R len=7
PKT t=26694 TX ua=95 mt=P len=0
PKT t=26703 RX ua=95 mt=R len=7
PKT t=26708 TX ua=95 mt=P len=0
PKT t=26717 RX ua=95 mt=R len=7
PKT t=26722 TX ua=95 mt=P len=0
PKT t=26731 RX ua=95 mt=R len=7
PKT t=26736 TX ua=95 mt=P len=0
PKT t=26766 RX ua=95 mt=R len=7
PKT t=26771 TX ua=95 mt=P len=0
PKT t=26780 RX ua=95 mt=R len=7
PKT t=26785 TX ua=95 mt=P len=0
PKT t=26794 RX ua=95 mt=R len=7
PKT t=26799 TX ua=95 mt=P len=0
PKT t=26808 RX ua=95 mt=R len=7
PKT t=26813 TX ua=95 mt=P len=0
PKT t=26822 RX ua=95 mt=R len=7
PKT t=26827 TX ua=95 mt=P len=0
PKT t=26836 RX ua=95 mt=R len=7
PKT t=26841 TX ua=95 mt=P len=0
PKT t=26870 RX ua=95 mt=R len=7
PKT t=26875 TX ua=95 mt=P len=0
PKT t=26884 RX ua=95 mt=R len=7
PKT t=26889 TX ua=95 mt=T len=7
PKT t=26916 TX ua=95 mt=P len=0
PKT t=26925 RX ua=95 mt=R len=7
PKT t=26930 TX ua=95 mt=P len=0
PKT t=26939 RX ua=95 mt=R len=7
PKT t=26944 TX ua=95 mt=P len=0
PKT t=26973 RX ua=95 mt=R len=7
PKT t=26978 TX ua=95 mt=P len=0
PKT t=26987 RX ua=95 mt=R len=7
PKT t=26992 TX ua=95 mt=P len=0
PKT t=27001 RX ua=95 mt=R len=7
PKT t=27006 TX ua=95 mt=P len=0
PKT t=27015 RX ua=95 mt=R len=7
PKT t=27020 TX ua=95 mt=P len=0
PKT t=27029 RX ua=95 mt=R len=7
PKT t=27034 TX ua=95 mt=P len=0
PKT t=27043 RX ua=95 mt=R len=7
PKT t=27066 TX ua=95 mt=P len=0
PKT t=27077 RX ua=95 mt=R len=7
PKT t=27082 TX ua=95 mt=P len=0
PKT t=27091 RX ua=95 mt=R len=7
PKT t=27096 TX ua=95 mt=P len=0
PKT t=27105 RX ua=95 mt=R len=7
PKT t=27110 TX ua=95 mt=P len=0
PKT t=27119 RX ua=95 mt=R len=7
PKT t=27124 TX ua=95 mt=P len=0
PKT t=27133 RX ua=95 mt=R len=7
PKT t=27138 TX ua=95 mt=T len=7
PKT t=27150 TX ua=95 mt=P len=0
PKT t=27178 RX ua=95 mt=R len=7
PKT t=27183 TX ua=95 mt=P len=0
PKT t=27192 RX ua=95 mt=R len=7
PKT t=27197 TX ua=95 mt=P len=0
PKT t=27217 RX ua=95 mt=R len=7
PKT t=27472 TX ua=96 mt=P len=0
PKT t=27730 TX ua=95 mt=P len=0
PKT t=27739 RX ua=95 mt=R len=7
PKT t=27744 TX ua=95 mt=T len=7
PKT t=27756 TX ua=95 mt=P len=0
PKT t=27780 RX ua=95 mt=R len=7
PKT t=27785 TX ua=95 mt=P len=0
PKT t=27794 RX ua=95 mt=R len=7
PKT t=27816 TX ua=95 mt=P len=0
PKT t=27825 RX ua=95 mt=R len=7
PKT t=27830 TX ua=95 mt=P len=0
PKT t=27839 RX ua=95 mt=R len=7
PKT t=27844 TX ua=95 mt=P len=0
PKT t=27877 RX ua=95 mt=R len=7
PKT t=27882 TX ua=95 mt=T len=7
PKT t=27894 TX ua=95 mt=P len=0
PKT t=27903 RX ua=95 mt=R len=7
PKT t=27908 TX ua=95 mt=P len=0
PKT t=27917 RX ua=95 mt=R len=7
PKT t=27922 TX ua=95 mt=P len=0
PKT t=27931 RX ua=95 mt=R len=7
PKT t=27936 TX ua=95 mt=P len=0
PKT t=27945 RX ua=95 mt=R len=7
PKT t=27966 TX ua=95 mt=P len=0
PKT t=27979 RX ua=95 mt=R len=7
PKT t=27984 TX ua=95 mt=P len=0
PKT t=27993 RX ua=95 mt=R len=7
PKT t=27998 TX ua=95 mt=P len=0
PKT t=28007 RX ua=95 mt=R len=7
PKT t=28012 TX ua=95 mt=P len=0
PKT t=28021 RX ua=95 mt=R len=7
PKT t=28026 TX ua=95 mt=P len=0
PKT t=28035 RX ua=95 mt=R len=7
PKT t=28040 TX ua=95 mt=P len=0
PKT t=28049 RX ua=95 mt=R len=7
PKT t=28054 TX ua=95 mt=P len=0
PKT t=28083 RX ua=95 mt=R len=7
PKT t=28088 TX ua=95 mt=P len=0
PKT t=28116 RX ua=95 mt=R len=7
PKT t=28121 TX ua=95 mt=P len=0
PKT t=28130 RX ua=95 mt=R len=7
PKT t=28135 TX ua=95 mt=T len=7
PKT t=28147 TX ua=95 mt=P len=0
PKT t=28156 RX ua=95 mt=R len=7
PKT t=28161 TX ua=95 mt=P len=0
PKT t=28190 RX ua=95 mt=R len=7
PKT t=28195 TX ua=95 mt=P len=0
PKT t=28204 RX ua=95 mt=R len=7
PKT t=28209 TX ua=95 mt=P len=0
PKT t=28218 RX ua=95 mt=R len=7
PKT t=28223 TX ua=95 mt=P len=0
PKT t=28232 RX ua=95 mt=R len=7
PKT t=28237 TX ua=95 mt=P len=0
PKT t=28246 RX ua=95 mt=R len=7
PKT t=28266 TX ua=95 mt=P len=0
PKT t=28289 RX ua=95 mt=R len=7
PKT t=28294 TX ua=95 mt=P len=0
PKT t=28303 RX ua=95 mt=R len=7
PKT t=28308 TX ua=95 mt=P len=0
PKT t=28317 RX ua=95 mt=R len=7
PKT t=28322 TX ua=95 mt=P len=0
PKT t=28331 RX ua=95 mt=R len=7
PKT t=28336 TX ua=95 mt=P len=0
PKT t=28345 RX ua=95 mt=R len=7
PKT t=28350 TX ua=95 mt=P len=0
PKT t=28359 RX ua=95 mt=R len=7
PKT t=28364 TX ua=95 mt=P len=0
PKT t=28393 RX ua=95 mt=R len=7
PKT t=28416 TX ua=95 mt=T len=7
PKT t=28428 TX ua=95 mt=P len=0
PKT t=28437 RX ua=95 mt=R len=7
PKT t=28442 TX ua=95 mt=P len=0
PKT t=28451 RX ua=95 mt=R len=7
PKT t=28456 TX ua=95 mt=P len=0
PKT t=28465 RX ua=95 mt=R len=7
PKT t=28470 TX ua=95 mt=P len=0
PKT t=28499 RX ua=95 mt=R len=7
PKT t=28504 TX ua=95 mt=P len=0
PKT t=28513 RX ua=95 mt=R len=7
PKT t=28518 TX ua=95 mt=P len=0
PKT t=28527 RX ua=95 mt=R len=7
PKT t=28532 TX ua=95 mt=P len=0
PKT t=28541 RX ua=95 mt=R len=7
PKT t=28546 TX ua=95 mt=P len=0
PKT t=28566 RX ua=95 mt=R len=7
PKT t=28821 TX ua=96 mt=P len=0
PKT t=29079 TX ua=95 mt=P len=0
PKT t=29088 RX ua=95 mt=R len=7
PKT t=29093 TX ua=95 mt=T len=7
PKT t=29105 TX ua=95 mt=P len=0
PKT t=29114 RX ua=95 mt=R len=7
PKT t=29119 TX ua=95 mt=P len=0
PKT t=29128 RX ua=95 mt=R len=7
PKT t=29133 TX ua=95 mt=T len=7
PKT t=29146 TX ua=95 mt=P len=0
PKT t=29166 RX ua=95 mt=R len=7
PKT t=29421 TX ua=96 mt=P len=0
PKT t=29679 TX ua=95 mt=P len=0
PKT t=29688 RX ua=95 mt=R len=7
PKT t=29693 TX ua=95 mt=T len=7
PKT t=29706 TX ua=95 mt=P len=0
PKT t=29716 RX ua=95 mt=R len=7
PKT t=29721 TX ua=95 mt=P len=0
PKT t=29730 RX ua=95 mt=R len=7
PKT t=29735 TX ua=95 mt=P len=0
PKT t=29744 RX ua=95 mt=R len=7
PKT t=29766 TX ua=95 mt=P len=0
PKT t=29799 RX ua=95 mt=R len=7
PKT t=29804 TX ua=95 mt=P len=0
PKT t=29813 RX ua=95 mt=R len=7
PKT t=29818 TX ua=95 mt=P len=0
PKT t=29827 RX ua=95 mt=R len=7
PKT t=29832 TX ua=95 mt=P len=0
PKT t=29841 RX ua=95 mt=R len=7
PKT t=29846 TX ua=95 mt=P len=0
PKT t=29855 RX ua=95 mt=R len=7
PKT t=29860 TX ua=95 mt=P len=0
PKT t=29869 RX ua=95 mt=R len=7
PKT t=29874 TX ua=95 mt=P len=0
PKT t=29916 RX ua=95 mt=R len=7
PKT t=29921 TX ua=95 mt=T len=7
PKT t=29934 TX ua=95 mt=P len=0
PKT t=29943 RX ua=95 mt=R len=7
PKT t=29948 TX ua=95 mt=P len=0
PKT t=29957 RX ua=95 mt=R len=7
PKT t=29962 TX ua=95 mt=P len=0
PKT t=29971 RX ua=95 mt=R len=7
PKT t=29976 TX ua=95 mt=P len=0
PKT t=30005 RX ua=95 mt=R len=7
PKT t=30010 TX ua=95 mt=P len=0
PKT t=30019 RX ua=95 mt=R len=7
PKT t=30024 TX ua=95 mt=P len=0
PKT t=30034 RX ua=95 mt=R len=7
PKT t=30039 TX ua=95 mt=P len=0
PKT t=30066 RX ua=95 mt=R len=7
PKT t=30071 TX ua=95 mt=P len=0
PKT t=30104 RX ua=95 mt=R len=7
PKT t=30109 TX ua=95 mt=P len=0
PKT t=30119 RX ua=95 mt=R len=7
PKT t=30124 TX ua=95 mt=P len=0
PKT t=30133 RX ua=95 mt=R len=7
PKT t=30138 TX ua=95 mt=T len=7
PKT t=30150 TX ua=95 mt=P len=0
PKT t=30159 RX ua=95 mt=R len=7
PKT t=30164 TX ua=95 mt=P len=0
PKT t=30173 RX ua=95 mt=R len=7
PKT t=30178 TX ua=95 mt=P len=0
PKT t=30216 RX ua=95 mt=R len=7
PKT t=30221 TX ua=95 mt=P len=0
PKT t=30231 RX ua=95 mt=R len=7
PKT t=30236 TX ua=95 mt=P len=0
PKT t=30245 RX ua=95 mt=R len=7
PKT t=30250 TX ua=95 mt=P len=0
PKT t=30260 RX ua=95 mt=R len=7
PKT t=30265 TX ua=95 mt=P len=0
PKT t=30274 RX ua=95 mt=R len=7
PKT t=30279 TX ua=95 mt=P len=0
PKT t=30308 RX ua=95 mt=R len=7
PKT t=30313 TX ua=95 mt=P len=0
PKT t=30322 RX ua=95 mt=R len=7
PKT t=30327 TX ua=95 mt=P len=0
PKT t=30336 RX ua=95 mt=R len=7
PKT t=30341 TX ua=95 mt=P len=0
PKT t=30366 RX ua=95 mt=R len=7
PKT t=30371 TX ua=95 mt=P len=0
PKT t=30380 RX ua=95 mt=R len=7
PKT t=30385 TX ua=95 mt=T len=7
PKT t=30397 TX ua=95 mt=P len=0
PKT t=30416 RX ua=95 mt=R len=7
PKT t=30421 TX ua=95 mt=P len=0
PKT t=30430 RX ua=95 mt=R len=7
PKT t=30435 TX ua=95 mt=P len=0
PKT t=30444 RX ua=95 mt=R len=7
PKT t=30449 TX ua=95 mt=P len=0
PKT t=30458 RX ua=95 mt=R len=7
PKT t=30463 TX ua=95 mt=P len=0
PKT t=30472 RX ua=95 mt=R len=7
PKT t=30477 TX ua=95 mt=P len=0
PKT t=30486 RX ua=95 mt=R len=7
PKT t=30491 TX ua=95 mt=P len=0
PKT t=30520 RX ua=95 mt=R len=7
PKT t=30525 TX ua=95 mt=P len=0
PKT t=30534 RX ua=95 mt=R len=7
PKT t=30539 TX ua=95 mt=P len=0
PKT t=30548 RX ua=95 mt=R len=7
PKT t=30553 TX ua=95 mt=P len=0
PKT t=30562 RX ua=95 mt=R len=7
PKT t=30567 TX ua=95 mt=P len=0
PKT t=30576 RX ua=95 mt=R len=7
PKT t=30581 TX ua=95 mt=P len=0
PKT t=30590 RX ua=95 mt=R len=7
PKT t=30595 TX ua=95 mt=P len=0
PKT t=30624 RX ua=95 mt=R len=7
PKT t=30629 TX ua=95 mt=T len=7
PKT t=30641 TX ua=95 mt=P len=0
PKT t=30666 RX ua=95 mt=R len=7
PKT t=30671 TX ua=95 mt=P len=0
PKT t=30680 RX ua=95 mt=R len=7
PKT t=30685 TX ua=95 mt=P len=0
PKT t=30694 RX ua=95 mt=R len=7
PKT t=30699 TX ua=95 mt=P len=0
PKT t=30728 RX ua=95 mt=R len=7
PKT t=30733 TX ua=95 mt=P len=0
PKT t=30742 RX ua=95 mt=R len=7
PKT t=30747 TX ua=95 mt=P len=0
PKT t=30756 RX ua=95 mt=R len=7
PKT t=30761 TX ua=95 mt=P len=0
PKT t=30770 RX ua=95 mt=R len=7
PKT t=30775 TX ua=95 mt=P len=0
PKT t=30784 RX ua=95 mt=R len=7
PKT t=30789 TX ua=95 mt=P len=0
PKT t=30816 RX ua=95 mt=R len=7
PKT t=30821 TX ua=95 mt=P len=0
PKT t=30833 RX ua=95 mt=R len=7
PKT t=30838 TX ua=95 mt=P len=0
PKT t=30847 RX ua=95 mt=R len=7
PKT t=30852 TX ua=95 mt=P len=0
PKT t=30862 RX ua=95 mt=R len=7
PKT t=30866 TX ua=95 mt=P len=0
PKT t=30875 RX ua=95 mt=R len=7
PKT t=30880 TX ua=95 mt=T len=7
PKT t=30892 TX ua=95 mt=P len=0
PKT t=30901 RX ua=95 mt=R len=7
PKT t=30906 TX ua=95 mt=P len=0
PKT t=30935 RX ua=95 mt=R len=7
PKT t=30940 TX ua=95 mt=P len=0
PKT t=30966 RX ua=95 mt=R len=7
PKT t=30971 TX ua=95 mt=P len=0
PKT t=30980 RX ua=95 mt=R len=7
PKT t=30985 TX ua=95 mt=P len=0
PKT t=30994 RX ua=95 mt=R len=7
PKT t=30999 TX ua=95 mt=P len=0
PKT t=31008 RX ua=95 mt=R len=7
PKT t=31013 TX ua=95 mt=P len=0
PKT t=31043 RX ua=95 mt=R len=7
PKT t=31048 TX ua=95 mt=P len=0
PKT t=31057 RX ua=95 mt=R len=7
PKT t=31062 TX ua=95 mt=P len=0
PKT t=31071 RX ua=95 mt=R len=7
PKT t=31076 TX ua=95 mt=P len=0
PKT t=31085 RX ua=95 mt=R len=7
PKT t=31090 TX ua=95 mt=P len=0
PKT t=31116 RX ua=95 mt=R len=7
PKT t=31121 TX ua=95 mt=P len=0
PKT t=31142 RX ua=95 mt=R len=7
PKT t=31147 TX ua=95 mt=T len=7
PKT t=31159 TX ua=95 mt=P len=0
PKT t=31168 RX ua=95 mt=R len=7
PKT t=31173 TX ua=95 mt=P len=0
PKT t=31182 RX ua=95 mt=R len=7
PKT t=31187 TX ua=95 mt=P len=0
PKT t=31196 RX ua=95 mt=R len=7
PKT t=31201 TX ua=95 mt=P len=0
PKT t=31210 RX ua=95 mt=R len=7
PKT t=31215 TX ua=95 mt=P len=0
PKT t=31244 RX ua=95 mt=R len=7
PKT t=31266 TX ua=95 mt=P len=0
PKT t=31275 RX ua=95 mt=R len=7
PKT t=31280 TX ua=95 mt=P len=0
PKT t=31289 RX ua=95 mt=R len=7
PKT t=31294 TX ua=95 mt=P len=0
PKT t=31303 RX ua=95 mt=R len=7
PKT t=31308 TX ua=95 mt=P len=0
PKT t=31317 RX ua=95 mt=R len=7
PKT t=31322 TX ua=95 mt=P len=0
PKT t=31351 RX ua=95 mt=R len=7
PKT t=31356 TX ua=95 mt=P len=0
PKT t=31365 RX ua=95 mt=R len=7
PKT t=31370 TX ua=95 mt=P len=0
PKT t=31379 RX ua=95 mt=R len=7
PKT t=31384 TX ua=95 mt=T len=7
PKT t=31396 TX ua=95 mt=P len=0
PKT t=31416 RX ua=95 mt=R len=7
PKT t=31671 TX ua=96 mt=P len=0
PKT t=31929 TX ua=95 mt=P len=0
PKT t=31939 RX ua=95 mt=R len=7
PKT t=31944 TX ua=95 mt=T len=7
PKT t=31956 TX ua=95 mt=P len=0
PKT t=31965 RX ua=95 mt=R len=7
PKT t=31970 TX ua=95 mt=P len=0
PKT t=31979 RX ua=95 mt=R len=7
PKT t=31984 TX ua=95 mt=P len=0
PKT t=31993 RX ua=95 mt=R len=7
PKT t=32016 TX ua=95 mt=P len=0
PKT t=32025 RX ua=95 mt=R len=7
PKT t=32030 TX ua=95 mt=P len=0
PKT t=32059 RX ua=95 mt=R len=7
PKT t=32064 TX ua=95 mt=P len=0
PKT t=32073 RX ua=95 mt=R len=7
PKT t=32078 TX ua=95 mt=P len=0
PKT t=32088 RX ua=95 mt=R len=7
PKT t=32093 TX ua=95 mt=P len=0
PKT t=32102 RX ua=95 mt=R len=7
PKT t=32107 TX ua=95 mt=P len=0
PKT t=32116 RX ua=95 mt=R len=7
PKT t=32121 TX ua=95 mt=P len=0
PKT t=32130 RX ua=95 mt=R len=7
PKT t=32135 TX ua=95 mt=T len=7
PKT t=32147 TX ua=95 mt=P len=0
PKT t=32170 RX ua=95 mt=R len=7
PKT t=32175 TX ua=95 mt=P len=0
PKT t=32184 RX ua=95 mt=R len=7
PKT t=32189 TX ua=95 mt=P len=0
PKT t=32198 RX ua=95 mt=R len=7
PKT t=32203 TX ua=95 mt=P len=0
PKT t=32212 RX ua=95 mt=R len=7
PKT t=32217 TX ua=95 mt=P len=0
PKT t=32226 RX ua=95 mt=R len=7
PKT t=32231 TX ua=95 mt=P len=0
PKT t=32263 RX ua=95 mt=R len=7
PKT t=32268 TX ua=95 mt=P len=0
PKT t=32277 RX ua=95 mt=R len=7
PKT t=32282 TX ua=95 mt=P len=0
PKT t=32291 RX ua=95 mt=R len=7
PKT t=32296 TX ua=95 mt=P len=0
PKT t=32316 RX ua=95 mt=R len=7
PKT t=32571 TX ua=96 mt=P len=0
PKT t=32829 TX ua=95 mt=P len=0
PKT t=32838 RX ua=95 mt=R len=7
PKT t=32843 TX ua=95 mt=T len=7
PKT t=32855 TX ua=95 mt=P len=0
PKT t=32874 RX ua=95 mt=R len=7
PKT t=32879 TX ua=95 mt=T len=7
PKT t=32891 TX ua=95 mt=P len=0
PKT t=32916 RX ua=95 mt=R len=7
PKT t=32921 TX ua=95 mt=P len=0
PKT t=32930 RX ua=95 mt=R len=7
PKT t=32935 TX ua=95 mt=P len=0
PKT t=32944 RX ua=95 mt=R len=7
PKT t=32949 TX ua=95 mt=P len=0
PKT t=32978 RX ua=95 mt=R len=7
PKT t=32983 TX ua=95 mt=P len=0
PKT t=32992 RX ua=95 mt=R len=7
PKT t=32997 TX ua=95 mt=P len=0
PKT t=33006 RX ua=95 mt=R len=7
PKT t=33011 TX ua=95 mt=P len=0
PKT t=33020 RX ua=95 mt=R len=7
PKT t=33025 TX ua=95 mt=P len=0
PKT t=33034 RX ua=95 mt=R len=7
PKT t=33039 TX ua=95 mt=P len=0
PKT t=33066 RX ua=95 mt=R len=7
PKT t=33071 TX ua=95 mt=P len=0
PKT t=33082 RX ua=95 mt=R len=7
PKT t=33087 TX ua=95 mt=P len=0
PKT t=33096 RX ua=95 mt=R len=7
PKT t=33101 TX ua=95 mt=P len=0
PKT t=33110 RX ua=95 mt=R len=7
PKT t=33115 TX ua=95 mt=P len=0
PKT t=33124 RX ua=95 mt=R len=7
PKT t=33129 TX ua=95 mt=T len=7
PKT t=33141 TX ua=95 mt=P len=0
PKT t=33150 RX ua=95 mt=R len=7
PKT t=33155 TX ua=95 mt=P len=0
PKT t=33184 RX ua=95 mt=R len=7
PKT t=33189 TX ua=95 mt=P len=0
PKT t=33216 RX ua=95 mt=R len=7
PKT t=33221 TX ua=95 mt=P len=0
PKT t=33230 RX ua=95 mt=R len=7
PKT t=33235 TX ua=95 mt=P len=0
PKT t=33244 RX ua=95 mt=R len=7
PKT t=33249 TX ua=95 mt=P len=0
PKT t=33258 RX ua=95 mt=R len=7
PKT t=33263 TX ua=95 mt=P len=0
PKT t=33292 RX ua=95 mt=R len=7
PKT t=33297 TX ua=95 mt=P len=0
PKT t=33306 RX ua=95 mt=R len=7
PKT t=33311 TX ua=95 mt=P len=0
PKT t=33320 RX ua=95 mt=R len=7
PKT t=33325 TX ua=95 mt=P len=0
PKT t=33334 RX ua=95 mt=R len=7
PKT t=33339 TX ua=95 mt=P len=0
PKT t=33366 RX ua=95 mt=R len=7
PKT t=33371 TX ua=95 mt=P len=0
PKT t=33391 RX ua=95 mt=R len=7
PKT t=33396 TX ua=95 mt=T len=7
PKT t=33408 TX ua=95 mt=P len=0
PKT t=33418 RX ua=95 mt=R len=7
PKT t=33423 TX ua=95 mt=P len=0
PKT t=33433 RX ua=95 mt=R len=7
PKT t=33438 TX ua=95 mt=P len=0
PKT t=33448 RX ua=95 mt=R len=7
PKT t=33453 TX ua=95 mt=P len=0
PKT t=33463 RX ua=95 mt=R len=7
PKT t=33468 TX ua=95 mt=P len=0
PKT t=33516 RX ua=95 mt=R len=7
PKT t=33521 TX ua=95 mt=P len=0
PKT t=33531 RX ua=95 mt=R len=7
PKT t=33536 TX ua=95 mt=P len=0
PKT t=33546 RX ua=95 mt=R len=7
PKT t=33551 TX ua=95 mt=P len=0
PKT t=33561 RX ua=95 mt=R len=7
PKT t=33566 TX ua=95 mt=P len=0
PKT t=33597 RX ua=95 mt=R len=7
PKT t=33602 TX ua=95 mt=P len=0
PKT t=33612 RX ua=95 mt=R len=7
PKT t=33617 TX ua=95 mt=P len=0
PKT t=33627 RX ua=95 mt=R len=7
PKT t=33632 TX ua=95 mt=T len=7
PKT t=33644 TX ua=95 mt=P len=0
PKT t=33666 RX ua=95 mt=R len=7
PKT t=33671 TX ua=95 mt=P len=0
PKT t=33696 RX ua=95 mt=R len=7
PKT t=33701 TX ua=95 mt=P len=0
PKT t=33710 RX ua=95 mt=R len=7
PKT t=33715 TX ua=95 mt=P len=0
PKT t=33724 RX ua=95 mt=R len=7
PKT t=33729 TX ua=95 mt=P len=0
PKT t=33738 RX ua=95 mt=R len=7
PKT t=33743 TX ua=95 mt=P len=0
PKT t=33752 RX ua=95 mt=R len=7
PKT t=33757 TX ua=95 mt=P len=0
PKT t=33766 RX ua=95 mt=R len=7
PKT t=33771 TX ua=95 mt=P len=0
PKT t=33816 RX ua=95 mt=R len=7
PKT t=33821 TX ua=95 mt=P len=0
PKT t=33830 RX ua=95 mt=R len=7
PKT t=33835 TX ua=95 mt=P len=0
PKT t=33844 RX ua=95 mt=R len=7
PKT t=33849 TX ua=95 mt=P len=0
PKT t=33858 RX ua=95 mt=R len=7
PKT t=33863 TX ua=95 mt=P len=0
PKT t=33872 RX ua=95 mt=R len=7
PKT t=33877 TX ua=95 mt=T len=7
PKT t=33889 TX ua=95 mt=P len=0
PKT t=33908 RX ua=95 mt=R len=7
PKT t=33913 TX ua=95 mt=P len=0
PKT t=33922 RX ua=95 mt=R len=7
PKT t=33927 TX ua=95 mt=P len=0
PKT t=33937 RX ua=95 mt=R len=7
PKT t=33942 TX ua=95 mt=P len=0
PKT t=33966 RX ua=95 mt=R len=7
PKT t=33971 TX ua=95 mt=P len=0
PKT t=33980 RX ua=95 mt=R len=7
PKT t=33985 TX ua=95 mt=P len=0
PKT t=34014 RX ua=95 mt=R len=7
PKT t=34019 TX ua=95 mt=P len=0
PKT t=34028 RX ua=95 mt=R len=7
PKT t=34036 TX ua=95 mt=P len=0
PKT t=34045 RX ua=95 mt=R len=7
PKT t=34050 TX ua=95 mt=P len=0
PKT t=34059 RX ua=95 mt=R len=7
PKT t=34064 TX ua=95 mt=P len=0
PKT t=34073 RX ua=95 mt=R len=7
PKT t=34078 TX ua=95 mt=P len=0
PKT t=34087 RX ua=95 mt=R len=7
PKT t=34092 TX ua=95 mt=P len=0
PKT t=34121 RX ua=95 mt=R len=7
PKT t=34126 TX ua=95 mt=P len=0
PKT t=34135 RX ua=95 mt=R len=7
PKT t=34140 TX ua=95 mt=T len=7
PKT t=34153 TX ua=95 mt=P len=0
PKT t=34162 RX ua=95 mt=R len=7
PKT t=34167 TX ua=95 mt=T len=7
PKT t=34180 TX ua=95 mt=P len=0
PKT t=34189 RX ua=95 mt=R len=7
PKT t=34194 TX ua=95 mt=P len=0
PKT t=34223 RX ua=95 mt=R len=7
PKT t=34228 TX ua=95 mt=P len=0
PKT t=34237 RX ua=95 mt=R len=7
PKT t=34242 TX ua=95 mt=P len=0
PKT t=34266 RX ua=95 mt=R len=7
PKT t=34271 TX ua=95 mt=P len=0
PKT t=34280 RX ua=95 mt=R len=7
PKT t=34285 TX ua=95 mt=P len=0
PKT t=34294 RX ua=95 mt=R len=7
PKT t=34299 TX ua=95 mt=P len=0
PKT t=34328 RX ua=95 mt=R len=7
PKT t=34333 TX ua=95 mt=P len=0
PKT t=34342 RX ua=95 mt=R len=7
PKT t=34347 TX ua=95 mt=P len=0
PKT t=34356 RX ua=95 mt=R len=7
PKT t=34361 TX ua=95 mt=P len=0
PKT t=34370 RX ua=95 mt=R len=7
PKT t=34375 TX ua=95 mt=P len=0
PKT t=34384 RX ua=95 mt=R len=7
PKT t=34389 TX ua=95 mt=T len=7
PKT t=34416 TX ua=95 mt=P len=0
PKT t=34429 RX ua=95 mt=R len=7
PKT t=34434 TX ua=95 mt=P len=0
PKT t=34443 RX ua=95 mt=R len=7
PKT t=34448 TX ua=95 mt=P len=0
PKT t=34457 RX ua=95 mt=R len=7
PKT t=34462 TX ua=95 mt=P len=0
PKT t=34471 RX ua=95 mt=R len=7
PKT t=34476 TX ua=95 mt=P len=0
PKT t=34485 RX ua=95 mt=R len=7
PKT t=34490 TX ua=95 mt=P len=0
PKT t=34499 RX ua=95 mt=R len=7
PKT t=34504 TX ua=95 mt=P len=0
PKT t=34533 RX ua=95 mt=R len=7
PKT t=34538 TX ua=95 mt=P len=0
PKT t=34566 RX ua=95 mt=R len=7
PKT t=34571 TX ua=95 mt=P len=0
PKT t=34580 RX ua=95 mt=R len=7
PKT t=34585 TX ua=95 mt=P len=0
PKT t=34594 RX ua=95 mt=R len=7
PKT t=34599 TX ua=95 mt=P len=0
PKT t=34632 RX ua=95 mt=R len=7
PKT t=34637 TX ua=95 mt=T len=7
PKT t=34650 TX ua=95 mt=P len=0
PKT t=34659 RX ua=95 mt=R len=7
PKT t=34664 TX ua=95 mt=P len=0
PKT t=34673 RX ua=95 mt=R len=7
PKT t=34678 TX ua=95 mt=P len=0
PKT t=34687 RX ua=95 mt=R len=7
PKT t=34692 TX ua=95 mt=P len=0
PKT t=34716 RX ua=95 mt=R len=7
PKT t=34721 TX ua=95 mt=P len=0
PKT t=34735 RX ua=95 mt=R len=7
PKT t=34740 TX ua=95 mt=P len=0
PKT t=34749 RX ua=95 mt=R len=7
PKT t=34754 TX ua=95 mt=P len=0
PKT t=34763 RX ua=95 mt=R len=7
PKT t=34768 TX ua=95 mt=P len=0
PKT t=34777 RX ua=95 mt=R len=7
PKT t=34782 TX ua=95 mt=P len=0
PKT t=34791 RX ua=95 mt=R len=7
PKT t=34796 TX ua=95 mt=P len=0
PKT t=34805 RX ua=95 mt=R len=7
PKT t=34810 TX ua=95 mt=P len=0
PKT t=34839 RX ua=95 mt=R len=7
PKT t=34844 TX ua=95 mt=P len=0
PKT t=34866 RX ua=95 mt=R len=7
PKT t=34871 TX ua=95 mt=P len=0
PKT t=34880 RX ua=95 mt=R len=7
PKT t=34885 TX ua=95 mt=T len=7
PKT t=34898 TX ua=95 mt=P len=0
PKT t=34907 RX ua=95 mt=R len=7
PKT t=34912 TX ua=95 mt=P len=0
PKT t=34941 RX ua=95 mt=R len=7
PKT t=34946 TX ua=95 mt=P len=0
PKT t=34955 RX ua=95 mt=R len=7
PKT t=34960 TX ua=95 mt=P len=0
PKT t=34969 RX ua=95 mt=R len=7
PKT t=34974 TX ua=95 mt=P len=0
PKT t=34983 RX ua=95 mt=R len=7
PKT t=34988 TX ua=95 mt=P len=0
PKT t=35016 RX ua=95 mt=R len=7
PKT t=35021 TX ua=95 mt=P len=0
PKT t=35041 RX ua=95 mt=R len=7
PKT t=35046 TX ua=95 mt=P len=0
PKT t=35055 RX ua=95 mt=R len=7
PKT t=35060 TX ua=95 mt=P len=0
PKT t=35069 RX ua=95 mt=R len=7
PKT t=35074 TX ua=95 mt=P len=0
PKT t=35083 RX ua=95 mt=R len=7
PKT t=35088 TX ua=95 mt=P len=0
PKT t=35097 RX ua=95 mt=R len=7
PKT t=35102 TX ua=95 mt=P len=0
PKT t=35111 RX ua=95 mt=R len=7
PKT t=35116 TX ua=95 mt=P len=0
PKT t=35145 RX ua=95 mt=R len=7
PKT t=35166 TX ua=95 mt=T len=7
PKT t=35178 TX ua=95 mt=P len=0
PKT t=35187 RX ua=95 mt=R len=7
PKT t=35192 TX ua=95 mt=P len=0
PKT t=35201 RX ua=95 mt=R len=7
PKT t=35206 TX ua=95 mt=P len=0
PKT t=35215 RX ua=95 mt=R len=7
PKT t=35220 TX ua=95 mt=P len=0
PKT t=35249 RX ua=95 mt=R len=7
PKT t=35254 TX ua=95 mt=P len=0
PKT t=35264 RX ua=95 mt=R len=7
PKT t=35268 TX ua=95 mt=P len=0
PKT t=35277 RX ua=95 mt=R len=7
PKT t=35282 TX ua=95 mt=P len=0
PKT t=35291 RX ua=95 mt=R len=7
PKT t=35296 TX ua=95 mt=P len=0
PKT t=35316 RX ua=95 mt=R len=7
PKT t=35571 TX ua=96 mt=P len=0
PKT t=35829 TX ua=95 mt=P len=0
PKT t=35838 RX ua=95 mt=R len=7
PKT t=35843 TX ua=95 mt=T len=7
PKT t=35855 TX ua=95 mt=P len=0
PKT t=35864 RX ua=95 mt=R len=7
PKT t=35869 TX ua=95 mt=P len=0
PKT t=35878 RX ua=95 mt=R len=7
PKT t=35883 TX ua=95 mt=T len=7
PKT t=35895 TX ua=95 mt=P len=0
PKT t=35916 RX ua=95 mt=R len=7
PKT t=36171 TX ua=96 mt=P len=0
PKT t=36429 TX ua=95 mt=P len=0
PKT t=36438 RX ua=95 mt=R len=7
PKT t=36443 TX ua=95 mt=T len=7
PKT t=36455 TX ua=95 mt=P len=0
PKT t=36464 RX ua=95 mt=R len=7
PKT t=36469 TX ua=95 mt=P len=0
PKT t=36478 RX ua=95 mt=R len=7
PKT t=36483 TX ua=95 mt=P len=0
PKT t=36492 RX ua=95 mt=R len=7
PKT t=36497 TX ua=95 mt=P len=0
PKT t=36517 RX ua=95 mt=R len=7
PKT t=36772 TX ua=96 mt=P len=0
PKT t=37030 TX ua=95 mt=P len=0
PKT t=37039 RX ua=95 mt=R len=7
PKT t=37044 TX ua=95 mt=T len=7
PKT t=37056 TX ua=95 mt=P len=0
PKT t=37065 RX ua=95 mt=R len=7
PKT t=37070 TX ua=95 mt=P len=0
PKT t=37079 RX ua=95 mt=R len=7
PKT t=37084 TX ua=95 mt=P len=0
PKT t=37093 RX ua=95 mt=R len=7
PKT t=37116 TX ua=95 mt=P len=0
PKT t=37149 RX ua=95 mt=R len=7
PKT t=37154 TX ua=95 mt=T len=7
PKT t=37167 TX ua=95 mt=P len=0
PKT t=37176 RX ua=95 mt=R len=7
PKT t=37181 TX ua=95 mt=P len=0
PKT t=37190 RX ua=95 mt=R len=7
PKT t=37195 TX ua=95 mt=P len=0
PKT t=37204 RX ua=95 mt=R len=7
PKT t=37209 TX ua=95 mt=P len=0
PKT t=37218 RX ua=95 mt=R len=7
PKT t=37223 TX ua=95 mt=P len=0
PKT t=37266 RX ua=95 mt=R len=7
PKT t=37271 TX ua=95 mt=P len=0
PKT t=37280 RX ua=95 mt=R len=7
PKT t=37285 TX ua=95 mt=P len=0
PKT t=37294 RX ua=95 mt=R len=7
PKT t=37299 TX ua=95 mt=P len=0
PKT t=37308 RX ua=95 mt=R len=7
PKT t=37313 TX ua=95 mt=P len=0
PKT t=37322 RX ua=95 mt=R len=7
PKT t=37327 TX ua=95 mt=P len=0
PKT t=37356 RX ua=95 mt=R len=7
PKT t=37361 TX ua=95 mt=P len=0
PKT t=37370 RX ua=95 mt=R len=7
PKT t=37375 TX ua=95 mt=P len=0
PKT t=37384 RX ua=95 mt=R len=7
