PKT t=7105 RX ua=95 mt=R len=7
PKT t=7110 TX ua=95 mt=P len=0
PKT t=7119 RX ua=95 mt=R len=7
PKT t=7124 TX ua=95 mt=T len=7
PKT t=7136 TX ua=95 mt=P len=0
PKT t=7155 RX ua=95 mt=R len=7
PKT t=7160 TX ua=95 mt=T len=7
PKT t=7172 TX ua=95 mt=P len=0
PKT t=7196 RX ua=95 mt=R len=7
PKT t=7201 TX ua=95 mt=P len=0
PKT t=7210 RX ua=95 mt=R len=7
PKT t=7215 TX ua=95 mt=P len=0
PKT t=7224 RX ua=95 mt=R len=7
PKT t=7229 TX ua=95 mt=P len=0
PKT t=7258 RX ua=95 mt=R len=7
PKT t=7263 TX ua=95 mt=P len=0
PKT t=7272 RX ua=95 mt=R len=7
PKT t=7277 TX ua=95 mt=P len=0
PKT t=7286 RX ua=95 mt=R len=7
PKT t=7291 TX ua=95 mt=P len=0
PKT t=7300 RX ua=95 mt=R len=7
PKT t=7305 TX ua=95 mt=P len=0
PKT t=7314 RX ua=95 mt=R len=7
PKT t=7319 TX ua=95 mt=P len=0
PKT t=7328 RX ua=95 mt=R len=7
PKT t=7351 TX ua=95 mt=P len=0
PKT t=7362 RX ua=95 mt=R len=7
PKT t=7367 TX ua=95 mt=P len=0
PKT t=7376 RX ua=95 mt=R len=7
PKT t=7381 TX ua=95 mt=P len=0
PKT t=7390 RX ua=95 mt=R len=7
PKT t=7395 TX ua=95 mt=P len=0
PKT t=7404 RX ua=95 mt=R len=7
PKT t=7409 TX ua=95 mt=T len=7
PKT t=7421 TX ua=95 mt=P len=0
PKT t=7431 RX ua=95 mt=R len=7
PKT t=7436 TX ua=95 mt=P len=0
PKT t=7465 RX ua=95 mt=R len=7
PKT t=7470 TX ua=95 mt=P len=0
PKT t=7480 RX ua=95 mt=R len=7
PKT t=7485 TX ua=95 mt=P len=0
PKT t=7506 RX ua=95 mt=R len=7
PKT t=7761 TX ua=96 mt=P len=0
PKT t=8019 TX ua=95 mt=P len=0
PKT t=8029 RX ua=95 mt=R len=7
PKT t=8034 TX ua=95 mt=T len=7
PKT t=8046 TX ua=95 mt=P len=0
PKT t=8065 RX ua=95 mt=R len=7
PKT t=8070 TX ua=95 mt=P len=0
PKT t=8079 RX ua=95 mt=R len=7
PKT t=8084 TX ua=95 mt=P len=0
PKT t=8093 RX ua=95 mt=R len=7
PKT t=8098 TX ua=95 mt=P len=0
PKT t=8126 RX ua=95 mt=R len=7
PKT t=8131 TX ua=95 mt=T len=7
PKT t=8143 TX ua=95 mt=P len=0
PKT t=8165 RX ua=95 mt=R len=7
PKT t=8170 TX ua=95 mt=T len=7
PKT t=8182 TX ua=95 mt=P len=0
PKT t=8191 RX ua=95 mt=R len=7
PKT t=8196 TX ua=95 mt=P len=0
PKT t=8205 RX ua=95 mt=R len=7
PKT t=8210 TX ua=95 mt=P len=0
PKT t=8219 RX ua=95 mt=R len=7
PKT t=8224 TX ua=95 mt=P len=0
PKT t=8233 RX ua=95 mt=R len=7
PKT t=8238 TX ua=95 mt=P len=0
PKT t=8281 RX ua=95 mt=R len=7
PKT t=8286 TX ua=95 mt=P len=0
PKT t=8295 RX ua=95 mt=R len=7
PKT t=8300 TX ua=95 mt=P len=0
PKT t=8309 RX ua=95 mt=R len=7
PKT t=8314 TX ua=95 mt=P len=0
PKT t=8323 RX ua=95 mt=R len=7
PKT t=8328 TX ua=95 mt=P len=0
PKT t=8337 RX ua=95 mt=R len=7
PKT t=8342 TX ua=95 mt=P len=0
PKT t=8371 RX ua=95 mt=R len=7
PKT t=8376 TX ua=95 mt=P len=0
PKT t=8385 RX ua=95 mt=R len=7
PKT t=8390 TX ua=95 mt=P len=0
PKT t=8399 RX ua=95 mt=R len=7
PKT t=8404 TX ua=95 mt=P len=0
PKT t=8413 RX ua=95 mt=R len=7
PKT t=8436 TX ua=95 mt=T len=7
PKT t=8448 TX ua=95 mt=P len=0
PKT t=8476 RX ua=95 mt=R len=7
PKT t=8481 TX ua=95 mt=P len=0
PKT t=8490 RX ua=95 mt=R len=7
PKT t=8495 TX ua=95 mt=P len=0
PKT t=8504 RX ua=95 mt=R len=7
PKT t=8509 TX ua=95 mt=P len=0
PKT t=8518 RX ua=95 mt=R len=7
PKT t=8523 TX ua=95 mt=P len=0
PKT t=8532 RX ua=95 mt=R len=7
PKT t=8537 TX ua=95 mt=P len=0
PKT t=8547 RX ua=95 mt=R len=7
PKT t=8552 TX ua=95 mt=P len=0
PKT t=8591 RX ua=95 mt=R len=7
PKT t=8596 TX ua=95 mt=P len=0
PKT t=8605 RX ua=95 mt=R len=7
PKT t=8610 TX ua=95 mt=P len=0
PKT t=8619 RX ua=95 mt=R len=7
PKT t=8624 TX ua=95 mt=P len=0
PKT t=8633 RX ua=95 mt=R len=7
PKT t=8638 TX ua=95 mt=P len=0
PKT t=8647 RX ua=95 mt=R len=7
PKT t=8652 TX ua=95 mt=P len=0
PKT t=8681 RX ua=95 mt=R len=7
PKT t=8686 TX ua=95 mt=T len=7
PKT t=8698 TX ua=95 mt=P len=0
PKT t=8707 RX ua=95 mt=R len=7
PKT t=8712 TX ua=95 mt=P len=0
PKT t=8721 RX ua=95 mt=R len=7
PKT t=8726 TX ua=95 mt=P len=0
PKT t=8746 RX ua=95 mt=R len=7
PKT t=9001 TX ua=96 mt=I len=13
PKT t=9521 TX ua=96 mt=T len=4
PKT t=9532 TX ua=95 mt=P len=0
PKT t=9542 RX ua=95 mt=R len=7
PKT t=9547 TX ua=95 mt=T len=7
PKT t=9559 TX ua=95 mt=P len=0
PKT t=9583 RX ua=95 mt=R len=7
PKT t=9588 TX ua=95 mt=P len=0
PKT t=9598 RX ua=95 mt=R len=7
PKT t=9603 TX ua=95 mt=P len=0
PKT t=9613 RX ua=95 mt=R len=7
PKT t=9618 TX ua=95 mt=P len=0
PKT t=9628 RX ua=95 mt=R len=7
PKT t=9633 TX ua=95 mt=P len=0
PKT t=9643 RX ua=95 mt=R len=7
PKT t=9648 TX ua=95 mt=P len=0
PKT t=9681 RX ua=95 mt=R len=7
PKT t=9686 TX ua=95 mt=T len=7
PKT t=9698 TX ua=95 mt=P len=0
PKT t=9707 RX ua=95 mt=R len=7
PKT t=9712 TX ua=95 mt=P len=0
PKT t=9721 RX ua=95 mt=R len=7
PKT t=9726 TX ua=95 mt=P len=0
PKT t=9735 RX ua=95 mt=R len=7
PKT t=9740 TX ua=95 mt=P len=0
PKT t=9749 RX ua=95 mt=R len=7
PKT t=9754 TX ua=95 mt=P len=0
PKT t=9783 RX ua=95 mt=R len=7
PKT t=9788 TX ua=95 mt=P len=0
PKT t=9797 RX ua=95 mt=R len=7
PKT t=9802 TX ua=95 mt=P len=0
PKT t=9811 RX ua=95 mt=R len=7
PKT t=9831 TX ua=95 mt=P len=0
PKT t=9840 RX ua=95 mt=R len=7
PKT t=9845 TX ua=95 mt=P len=0
PKT t=9854 RX ua=95 mt=R len=7
PKT t=9859 TX ua=95 mt=P len=0
PKT t=9888 RX ua=95 mt=R len=7
PKT t=9893 TX ua=95 mt=P len=0
PKT t=9902 RX ua=95 mt=R len=7
PKT t=9907 TX ua=95 mt=P len=0
PKT t=9916 RX ua=95 mt=R len=7
PKT t=9921 TX ua=95 mt=P len=0
PKT t=9930 RX ua=95 mt=R len=7
PKT t=9935 TX ua=95 mt=T len=7
PKT t=9947 TX ua=95 mt=P len=0
PKT t=9956 RX ua=95 mt=R len=7
PKT t=9961 TX ua=95 mt=P len=0
PKT t=9990 RX ua=95 mt=R len=7
PKT t=9995 TX ua=95 mt=P len=0
PKT t=10004 RX ua=95 mt=R len=7
PKT t=10009 TX ua=95 mt=P len=0
PKT t=10018 RX ua=95 mt=R len=7
PKT t=10023 TX ua=95 mt=P len=0
PKT t=10032 RX ua=95 mt=R len=7
PKT t=10037 TX ua=95 mt=P len=0
PKT t=10046 RX ua=95 mt=R len=7
PKT t=10051 TX ua=95 mt=P len=0
PKT t=10060 RX ua=95 mt=R len=7
PKT t=10065 TX ua=95 mt=P len=0
PKT t=10094 RX ua=95 mt=R len=7
PKT t=10099 TX ua=95 mt=P len=0
PKT t=10108 RX ua=95 mt=R len=7
PKT t=10113 TX ua=95 mt=P len=0
PKT t=10141 RX ua=95 mt=R len=7
PKT t=10146 TX ua=95 mt=T len=7
PKT t=10159 TX ua=95 mt=P len=0
PKT t=10168 RX ua=95 mt=R len=7
PKT t=10173 TX ua=95 mt=T len=7
PKT t=10186 TX ua=95 mt=P len=0
PKT t=10204 RX ua=95 mt=R len=7
PKT t=10209 TX ua=95 mt=P len=0
PKT t=10218 RX ua=95 mt=R len=7
PKT t=10223 TX ua=95 mt=P len=0
PKT t=10232 RX ua=95 mt=R len=7
PKT t=10237 TX ua=95 mt=P len=0
PKT t=10246 RX ua=95 mt=R len=7
PKT t=10251 TX ua=95 mt=P len=0
PKT t=10260 RX ua=95 mt=R len=7
PKT t=10265 TX ua=95 mt=P len=0
PKT t=10274 RX ua=95 mt=R len=7
PKT t=10296 TX ua=95 mt=P len=0
PKT t=10308 RX ua=95 mt=R len=7
PKT t=10313 TX ua=95 mt=P len=0
PKT t=10322 RX ua=95 mt=R len=7
PKT t=10327 TX ua=95 mt=P len=0
PKT t=10336 RX ua=95 mt=R len=7
PKT t=10341 TX ua=95 mt=P len=0
PKT t=10350 RX ua=95 mt=R len=7
PKT t=10355 TX ua=95 mt=P len=0
PKT t=10364 RX ua=95 mt=R len=7
PKT t=10369 TX ua=95 mt=P len=0
PKT t=10378 RX ua=95 mt=R len=7
PKT t=10383 TX ua=95 mt=P len=0
PKT t=10412 RX ua=95 mt=R len=7
PKT t=10417 TX ua=95 mt=P len=0
PKT t=10426 RX ua=95 mt=R len=7
PKT t=10431 TX ua=95 mt=T len=7
PKT t=10458 TX ua=95 mt=P len=0
PKT t=10467 RX ua=95 mt=R len=7
PKT t=10472 TX ua=95 mt=P len=0
PKT t=10481 RX ua=95 mt=R len=7
PKT t=10486 TX ua=95 mt=P len=0
PKT t=10515 RX ua=95 mt=R len=7
PKT t=10520 TX ua=95 mt=P len=0
PKT t=10529 RX ua=95 mt=R len=7
PKT t=10534 TX ua=95 mt=P len=0
PKT t=10543 RX ua=95 mt=R len=7
PKT t=10548 TX ua=95 mt=P len=0
PKT t=10557 RX ua=95 mt=R len=7
PKT t=10562 TX ua=95 mt=P len=0
PKT t=10571 RX ua=95 mt=R len=7
PKT t=10576 TX ua=95 mt=P len=0
PKT t=10585 RX ua=95 mt=R len=7
PKT t=10606 TX ua=95 mt=P len=0
PKT t=10619 RX ua=95 mt=R len=7
PKT t=10624 TX ua=95 mt=P len=0
PKT t=10633 RX ua=95 mt=R len=7
PKT t=10638 TX ua=95 mt=P len=0
PKT t=10647 RX ua=95 mt=R len=7
PKT t=10652 TX ua=95 mt=P len=0
PKT t=10661 RX ua=95 mt=R len=7
PKT t=10666 TX ua=95 mt=P len=0
PKT t=10675 RX ua=95 mt=R len=7
PKT t=10680 TX ua=95 mt=T len=7
PKT t=10693 TX ua=95 mt=P len=0
PKT t=10720 RX ua=95 mt=R len=7
PKT t=10725 TX ua=95 mt=P len=0
PKT t=10734 RX ua=95 mt=R len=7
PKT t=10739 TX ua=95 mt=P len=0
PKT t=10761 RX ua=95 mt=R len=7
PKT t=10766 TX ua=95 mt=P len=0
PKT t=10775 RX ua=95 mt=R len=7
PKT t=10780 TX ua=95 mt=P len=0
PKT t=10789 RX ua=95 mt=R len=7
PKT t=10794 TX ua=95 mt=P len=0
PKT t=10823 RX ua=95 mt=R len=7
PKT t=10828 TX ua=95 mt=P len=0
PKT t=10837 RX ua=95 mt=R len=7
PKT t=10842 TX ua=95 mt=P len=0
PKT t=10851 RX ua=95 mt=R len=7
PKT t=10856 TX ua=95 mt=P len=0
PKT t=10865 RX ua=95 mt=R len=7
PKT t=10870 TX ua=95 mt=P len=0
PKT t=10879 RX ua=95 mt=R len=7
PKT t=10884 TX ua=95 mt=P len=0
PKT t=10893 RX ua=95 mt=R len=7
PKT t=10916 TX ua=95 mt=P len=0
PKT t=10927 RX ua=95 mt=R len=7
PKT t=10932 TX ua=95 mt=T len=7
PKT t=10945 TX ua=95 mt=P len=0
PKT t=10954 RX ua=95 mt=R len=7
PKT t=10959 TX ua=95 mt=P len=0
PKT t=10968 RX ua=95 mt=R len=7
PKT t=10973 TX ua=95 mt=P len=0
PKT t=10982 RX ua=95 mt=R len=7
PKT t=10987 TX ua=95 mt=P len=0
PKT t=10996 RX ua=95 mt=R len=7
PKT t=11001 TX ua=95 mt=P len=0
PKT t=11030 RX ua=95 mt=R len=7
PKT t=11035 TX ua=95 mt=P len=0
PKT t=11044 RX ua=95 mt=R len=7
PKT t=11049 TX ua=95 mt=P len=0
PKT t=11071 RX ua=95 mt=R len=7
PKT t=11076 TX ua=95 mt=P len=0
PKT t=11085 RX ua=95 mt=R len=7
PKT t=11090 TX ua=95 mt=P len=0
PKT t=11099 RX ua=95 mt=R len=7
PKT t=11104 TX ua=95 mt=P len=0
PKT t=11133 RX ua=95 mt=R len=7
PKT t=11138 TX ua=95 mt=P len=0
PKT t=11147 RX ua=95 mt=R len=7
PKT t=11152 TX ua=95 mt=T len=7
PKT t=11164 TX ua=95 mt=P len=0
PKT t=11173 RX ua=95 mt=R len=7
PKT t=11178 TX ua=95 mt=T len=7
PKT t=11190 TX ua=95 mt=P len=0
PKT t=11199 RX ua=95 mt=R len=7
PKT t=11204 TX ua=95 mt=P len=0
PKT t=11233 RX ua=95 mt=R len=7
PKT t=11238 TX ua=95 mt=P len=0
PKT t=11247 RX ua=95 mt=R len=7
PKT t=11252 TX ua=95 mt=P len=0
PKT t=11261 RX ua=95 mt=R len=7
PKT t=11266 TX ua=95 mt=P len=0
PKT t=11275 RX ua=95 mt=R len=7
PKT t=11280 TX ua=95 mt=P len=0
PKT t=11289 RX ua=95 mt=R len=7
PKT t=11294 TX ua=95 mt=P len=0
PKT t=11303 RX ua=95 mt=R len=7
PKT t=11308 TX ua=95 mt=P len=0
PKT t=11337 RX ua=95 mt=R len=7
PKT t=11342 TX ua=95 mt=P len=0
PKT t=11351 RX ua=95 mt=R len=7
PKT t=11356 TX ua=95 mt=P len=0
PKT t=11381 RX ua=95 mt=R len=7
PKT t=11386 TX ua=95 mt=P len=0
PKT t=11395 RX ua=95 mt=R len=7
PKT t=11400 TX ua=95 mt=P len=0
PKT t=11409 RX ua=95 mt=R len=7
PKT t=11414 TX ua=95 mt=P len=0
PKT t=11443 RX ua=95 mt=R len=7
PKT t=11448 TX ua=95 mt=T len=7
PKT t=11460 TX ua=95 mt=P len=0
PKT t=11470 RX ua=95 mt=R len=7
PKT t=11475 TX ua=95 mt=P len=0
PKT t=11485 RX ua=95 mt=R len=7
PKT t=11490 TX ua=95 mt=P len=0
PKT t=11500 RX ua=95 mt=R len=7
PKT t=11505 TX ua=95 mt=P len=0
PKT t=11515 RX ua=95 mt=R len=7
PKT t=11536 TX ua=95 mt=P len=0
PKT t=11549 RX ua=95 mt=R len=7
PKT t=11554 TX ua=95 mt=P len=0
PKT t=11564 RX ua=95 mt=R len=7
PKT t=11569 TX ua=95 mt=P len=0
PKT t=11579 RX ua=95 mt=R len=7
PKT t=11584 TX ua=95 mt=P len=0
PKT t=11594 RX ua=95 mt=R len=7
PKT t=11599 TX ua=95 mt=P len=0
PKT t=11609 RX ua=95 mt=R len=7
PKT t=11614 TX ua=95 mt=P len=0
PKT t=11648 RX ua=95 mt=R len=7
PKT t=11653 TX ua=95 mt=P len=0
PKT t=11663 RX ua=95 mt=R len=7
PKT t=11668 TX ua=95 mt=P len=0
PKT t=11691 RX ua=95 mt=R len=7
PKT t=11696 TX ua=95 mt=T len=7
PKT t=11708 TX ua=95 mt=P len=0
PKT t=11717 RX ua=95 mt=R len=7
PKT t=11722 TX ua=95 mt=P len=0
PKT t=11751 RX ua=95 mt=R len=7
PKT t=11756 TX ua=95 mt=P len=0
PKT t=11765 RX ua=95 mt=R len=7
PKT t=11770 TX ua=95 mt=P len=0
PKT t=11779 RX ua=95 mt=R len=7
PKT t=11784 TX ua=95 mt=P len=0
PKT t=11793 RX ua=95 mt=R len=7
PKT t=11798 TX ua=95 mt=P len=0
PKT t=11807 RX ua=95 mt=R len=7
PKT t=11812 TX ua=95 mt=P len=0
PKT t=11821 RX ua=95 mt=R len=7
PKT t=11826 TX ua=95 mt=P len=0
PKT t=11855 RX ua=95 mt=R len=7
PKT t=11860 TX ua=95 mt=P len=0
PKT t=11869 RX ua=95 mt=R len=7
PKT t=11874 TX ua=95 mt=P len=0
PKT t=11883 RX ua=95 mt=R len=7
PKT t=11888 TX ua=95 mt=P len=0
PKT t=11897 RX ua=95 mt=R len=7
PKT t=11902 TX ua=95 mt=P len=0
PKT t=11911 RX ua=95 mt=R len=7
PKT t=11916 TX ua=95 mt=P len=0
PKT t=11925 RX ua=95 mt=R len=7
PKT t=11930 TX ua=95 mt=P len=0
PKT t=11959 RX ua=95 mt=R len=7
PKT t=11964 TX ua=95 mt=T len=7
PKT t=11976 TX ua=95 mt=P len=0
PKT t=12001 RX ua=95 mt=R len=7
PKT t=12010 TX ua=95 mt=P len=0
PKT t=12019 RX ua=95 mt=R len=7
PKT t=12024 TX ua=95 mt=P len=0
PKT t=12033 RX ua=95 mt=R len=7
PKT t=12038 TX ua=95 mt=P len=0
PKT t=12067 RX ua=95 mt=R len=7
PKT t=12072 TX ua=95 mt=P len=0
PKT t=12081 RX ua=95 mt=R len=7
PKT t=12086 TX ua=95 mt=P len=0
PKT t=12095 RX ua=95 mt=R len=7
PKT t=12100 TX ua=95 mt=P len=0
PKT t=12109 RX ua=95 mt=R len=7
PKT t=12114 TX ua=95 mt=P len=0
PKT t=12123 RX ua=95 mt=R len=7
PKT t=12128 TX ua=95 mt=P len=0
PKT t=12156 RX ua=95 mt=R len=7
PKT t=12161 TX ua=95 mt=T len=7
PKT t=12173 TX ua=95 mt=P len=0
PKT t=12182 RX ua=95 mt=R len=7
PKT t=12187 TX ua=95 mt=P len=0
PKT t=12196 RX ua=95 mt=R len=7
PKT t=12201 TX ua=95 mt=T len=7
PKT t=12213 TX ua=95 mt=P len=0
PKT t=12222 RX ua=95 mt=R len=7
PKT t=12227 TX ua=95 mt=P len=0
PKT t=12236 RX ua=95 mt=R len=7
PKT t=12241 TX ua=95 mt=P len=0
PKT t=12271 RX ua=95 mt=R len=7
PKT t=12276 TX ua=95 mt=P len=0
PKT t=12285 RX ua=95 mt=R len=7
PKT t=12290 TX ua=95 mt=P len=0
PKT t=12311 RX ua=95 mt=R len=7
PKT t=12566 TX ua=96 mt=P len=0
PKT t=12824 TX ua=95 mt=P len=0
PKT t=12833 RX ua=95 mt=R len=7
PKT t=12838 TX ua=95 mt=T len=7
PKT t=12850 TX ua=95 mt=P len=0
PKT t=12872 RX ua=95 mt=R len=7
PKT t=12877 TX ua=95 mt=P len=0
PKT t=12886 RX ua=95 mt=R len=7
PKT t=12891 TX ua=95 mt=P len=0
PKT t=12900 RX ua=95 mt=R len=7
PKT t=12905 TX ua=95 mt=P len=0
PKT t=12931 RX ua=95 mt=R len=7
PKT t=12936 TX ua=95 mt=P len=0
PKT t=12945 RX ua=95 mt=R len=7
PKT t=12950 TX ua=95 mt=T len=7
PKT t=12962 TX ua=95 mt=P len=0
PKT t=12981 RX ua=95 mt=R len=7
PKT t=12986 TX ua=95 mt=P len=0
PKT t=12995 RX ua=95 mt=R len=7
PKT t=13000 TX ua=95 mt=P len=0
PKT t=13009 RX ua=95 mt=R len=7
PKT t=13014 TX ua=95 mt=P len=0
PKT t=13023 RX ua=95 mt=R len=7
PKT t=13028 TX ua=95 mt=P len=0
PKT t=13037 RX ua=95 mt=R len=7
PKT t=13042 TX ua=95 mt=P len=0
PKT t=13051 RX ua=95 mt=R len=7
PKT t=13056 TX ua=95 mt=P len=0
PKT t=13086 RX ua=95 mt=R len=7
PKT t=13091 TX ua=95 mt=P len=0
PKT t=13100 RX ua=95 mt=R len=7
PKT t=13105 TX ua=95 mt=P len=0
PKT t=13114 RX ua=95 mt=R len=7
PKT t=13119 TX ua=95 mt=P len=0
PKT t=13128 RX ua=95 mt=R len=7
PKT t=13133 TX ua=95 mt=P len=0
PKT t=13142 RX ua=95 mt=R len=7
PKT t=13147 TX ua=95 mt=P len=0
PKT t=13156 RX ua=95 mt=R len=7
PKT t=13161 TX ua=95 mt=T len=7
PKT t=13174 TX ua=95 mt=P len=0
PKT t=13192 RX ua=95 mt=R len=7
PKT t=13197 TX ua=95 mt=T len=7
PKT t=13210 TX ua=95 mt=P len=0
PKT t=13219 RX ua=95 mt=R len=7
PKT t=13241 TX ua=95 mt=P len=0
PKT t=13250 RX ua=95 mt=R len=7
PKT t=13255 TX ua=95 mt=P len=0
PKT t=13264 RX ua=95 mt=R len=7
PKT t=13269 TX ua=95 mt=P len=0
PKT t=13298 RX ua=95 mt=R len=7
PKT t=13303 TX ua=95 mt=P len=0
PKT t=13312 RX ua=95 mt=R len=7
PKT t=13317 TX ua=95 mt=P len=0
PKT t=13326 RX ua=95 mt=R len=7
PKT t=13331 TX ua=95 mt=P len=0
PKT t=13340 RX ua=95 mt=R len=7
PKT t=13345 TX ua=95 mt=P len=0
PKT t=13354 RX ua=95 mt=R len=7
PKT t=13359 TX ua=95 mt=P len=0
PKT t=13368 RX ua=95 mt=R len=7
PKT t=13373 TX ua=95 mt=P len=0
PKT t=13402 RX ua=95 mt=R len=7
PKT t=13407 TX ua=95 mt=P len=0
PKT t=13416 RX ua=95 mt=R len=7
PKT t=13421 TX ua=95 mt=P len=0
PKT t=13430 RX ua=95 mt=R len=7
PKT t=13435 TX ua=95 mt=P len=0
PKT t=13444 RX ua=95 mt=R len=7
PKT t=13449 TX ua=95 mt=T len=7
PKT t=13462 TX ua=95 mt=P len=0
PKT t=13472 RX ua=95 mt=R len=7
PKT t=13477 TX ua=95 mt=P len=0
PKT t=13506 RX ua=95 mt=R len=7
PKT t=13511 TX ua=95 mt=P len=0
PKT t=13521 RX ua=95 mt=R len=7
PKT t=13526 TX ua=95 mt=P len=0
PKT t=13551 RX ua=95 mt=R len=7
PKT t=13556 TX ua=95 mt=P len=0
PKT t=13566 RX ua=95 mt=R len=7
PKT t=13571 TX ua=95 mt=P len=0
PKT t=13605 RX ua=95 mt=R len=7
PKT t=13610 TX ua=95 mt=P len=0
PKT t=13620 RX ua=95 mt=R len=7
PKT t=13625 TX ua=95 mt=P len=0
PKT t=13635 RX ua=95 mt=R len=7
PKT t=13640 TX ua=95 mt=P len=0
PKT t=13650 RX ua=95 mt=R len=7
PKT t=13655 TX ua=95 mt=P len=0
PKT t=13665 RX ua=95 mt=R len=7
PKT t=13670 TX ua=95 mt=P len=0
PKT t=13680 RX ua=95 mt=R len=7
PKT t=13685 TX ua=95 mt=P len=0
PKT t=13714 RX ua=95 mt=R len=7
PKT t=13719 TX ua=95 mt=T len=7
PKT t=13732 TX ua=95 mt=P len=0
PKT t=13741 RX ua=95 mt=R len=7
PKT t=13746 TX ua=95 mt=P len=0
PKT t=13755 RX ua=95 mt=R len=7
PKT t=13760 TX ua=95 mt=P len=0
PKT t=13769 RX ua=95 mt=R len=7
PKT t=13774 TX ua=95 mt=P len=0
PKT t=13783 RX ua=95 mt=R len=7
PKT t=13788 TX ua=95 mt=P len=0
PKT t=13817 RX ua=95 mt=R len=7
PKT t=13822 TX ua=95 mt=P len=0
PKT t=13831 RX ua=95 mt=R len=7
PKT t=13836 TX ua=95 mt=P len=0
PKT t=13861 RX ua=95 mt=R len=7
PKT t=13866 TX ua=95 mt=P len=0
PKT t=13875 RX ua=95 mt=R len=7
PKT t=13880 TX ua=95 mt=P len=0
PKT t=13889 RX ua=95 mt=R len=7
PKT t=13894 TX ua=95 mt=P len=0
PKT t=13923 RX ua=95 mt=R len=7
PKT t=13928 TX ua=95 mt=P len=0
PKT t=13937 RX ua=95 mt=R len=7
PKT t=13942 TX ua=95 mt=P len=0
PKT t=13951 RX ua=95 mt=R len=7
PKT t=13956 TX ua=95 mt=P len=0
PKT t=13965 RX ua=95 mt=R len=7
PKT t=13970 TX ua=95 mt=T len=7
PKT t=13983 TX ua=95 mt=P len=0
PKT t=13992 RX ua=95 mt=R len=7
PKT t=13997 TX ua=95 mt=P len=0
PKT t=14026 RX ua=95 mt=R len=7
PKT t=14031 TX ua=95 mt=P len=0
PKT t=14040 RX ua=95 mt=R len=7
PKT t=14045 TX ua=95 mt=P len=0
PKT t=14054 RX ua=95 mt=R len=7
PKT t=14059 TX ua=95 mt=P len=0
PKT t=14068 RX ua=95 mt=R len=7
PKT t=14073 TX ua=95 mt=P len=0
PKT t=14082 RX ua=95 mt=R len=7
PKT t=14087 TX ua=95 mt=P len=0
PKT t=14096 RX ua=95 mt=R len=7
PKT t=14101 TX ua=95 mt=P len=0
PKT t=14135 RX ua=95 mt=R len=7
PKT t=14140 TX ua=95 mt=P len=0
PKT t=14149 RX ua=95 mt=R len=7
PKT t=14171 TX ua=95 mt=P len=0
PKT t=14180 RX ua=95 mt=R len=7
PKT t=14185 TX ua=95 mt=T len=7
PKT t=14197 TX ua=95 mt=P len=0
PKT t=14229 RX ua=95 mt=R len=7
PKT t=14234 TX ua=95 mt=T len=7
PKT t=14246 TX ua=95 mt=P len=0
PKT t=14255 RX ua=95 mt=R len=7
PKT t=14260 TX ua=95 mt=P len=0
PKT t=14269 RX ua=95 mt=R len=7
PKT t=14274 TX ua=95 mt=P len=0
PKT t=14283 RX ua=95 mt=R len=7
PKT t=14288 TX ua=95 mt=P len=0
PKT t=14297 RX ua=95 mt=R len=7
PKT t=14302 TX ua=95 mt=P len=0
PKT t=14331 RX ua=95 mt=R len=7
PKT t=14336 TX ua=95 mt=P len=0
PKT t=14345 RX ua=95 mt=R len=7
PKT t=14350 TX ua=95 mt=P len=0
PKT t=14359 RX ua=95 mt=R len=7
PKT t=14364 TX ua=95 mt=P len=0
PKT t=14373 RX ua=95 mt=R len=7
PKT t=14378 TX ua=95 mt=P len=0
PKT t=14387 RX ua=95 mt=R len=7
PKT t=14392 TX ua=95 mt=P len=0
PKT t=14401 RX ua=95 mt=R len=7
PKT t=14406 TX ua=95 mt=P len=0
PKT t=14435 RX ua=95 mt=R len=7
PKT t=14440 TX ua=95 mt=P len=0
PKT t=14449 RX ua=95 mt=R len=7
PKT t=14454 TX ua=95 mt=P len=0
PKT t=14481 RX ua=95 mt=R len=7
PKT t=14486 TX ua=95 mt=T len=7
PKT t=14498 TX ua=95 mt=P len=0
PKT t=14507 RX ua=95 mt=R len=7
PKT t=14512 TX ua=95 mt=P len=0
PKT t=14541 RX ua=95 mt=R len=7
PKT t=14546 TX ua=95 mt=P len=0
PKT t=14555 RX ua=95 mt=R len=7
PKT t=14560 TX ua=95 mt=P len=0
PKT t=14569 RX ua=95 mt=R len=7
PKT t=14574 TX ua=95 mt=P len=0
PKT t=14583 RX ua=95 mt=R len=7
PKT t=14588 TX ua=95 mt=P len=0
PKT t=14597 RX ua=95 mt=R len=7
PKT t=14602 TX ua=95 mt=P len=0
PKT t=14611 RX ua=95 mt=R len=7
PKT t=14616 TX ua=95 mt=P len=0
PKT t=14645 RX ua=95 mt=R len=7
PKT t=14650 TX ua=95 mt=P len=0
PKT t=14659 RX ua=95 mt=R len=7
PKT t=14664 TX ua=95 mt=P len=0
PKT t=14673 RX ua=95 mt=R len=7
PKT t=14678 TX ua=95 mt=P len=0
PKT t=14687 RX ua=95 mt=R len=7
PKT t=14692 TX ua=95 mt=P len=0
PKT t=14701 RX ua=95 mt=R len=7
PKT t=14706 TX ua=95 mt=P len=0
PKT t=14715 RX ua=95 mt=R len=7
PKT t=14720 TX ua=95 mt=T len=7
PKT t=14732 TX ua=95 mt=P len=0
PKT t=14751 RX ua=95 mt=R len=7
PKT t=14756 TX ua=95 mt=P len=0
PKT t=14765 RX ua=95 mt=R len=7
PKT t=14770 TX ua=95 mt=P len=0
PKT t=14791 RX ua=95 mt=R len=7
PKT t=15046 TX ua=96 mt=P len=0
PKT t=15304 TX ua=95 mt=P len=0
PKT t=15313 RX ua=95 mt=R len=7
PKT t=15318 TX ua=95 mt=T len=7
PKT t=15330 TX ua=95 mt=P len=0
PKT t=15350 RX ua=95 mt=R len=7
PKT t=15355 TX ua=95 mt=P len=0
PKT t=15364 RX ua=95 mt=R len=7
PKT t=15369 TX ua=95 mt=P len=0
PKT t=15378 RX ua=95 mt=R len=7
PKT t=15383 TX ua=95 mt=P len=0
PKT t=15411 RX ua=95 mt=R len=7
PKT t=15416 TX ua=95 mt=P len=0
PKT t=15448 RX ua=95 mt=R len=7
PKT t=15453 TX ua=95 mt=P len=0
PKT t=15462 RX ua=95 mt=R len=7
PKT t=15467 TX ua=95 mt=T len=7
PKT t=15479 TX ua=95 mt=P len=0
PKT t=15489 RX ua=95 mt=R len=7
PKT t=15494 TX ua=95 mt=P len=0
PKT t=15504 RX ua=95 mt=R len=7
PKT t=15509 TX ua=95 mt=P len=0
PKT t=15519 RX ua=95 mt=R len=7
PKT t=15524 TX ua=95 mt=P len=0
PKT t=15566 RX ua=95 mt=R len=7
PKT t=15571 TX ua=95 mt=P len=0
PKT t=15581 RX ua=95 mt=R len=7
PKT t=15586 TX ua=95 mt=P len=0
PKT t=15596 RX ua=95 mt=R len=7
PKT t=15601 TX ua=95 mt=P len=0
PKT t=15611 RX ua=95 mt=R len=7
PKT t=15616 TX ua=95 mt=P len=0
PKT t=15626 RX ua=95 mt=R len=7
PKT t=15631 TX ua=95 mt=P len=0
PKT t=15660 RX ua=95 mt=R len=7
PKT t=15665 TX ua=95 mt=P len=0
PKT t=15675 RX ua=95 mt=R len=7
PKT t=15680 TX ua=95 mt=P len=0
PKT t=15690 RX ua=95 mt=R len=7
PKT t=15695 TX ua=95 mt=P len=0
PKT t=15721 RX ua=95 mt=R len=7
PKT t=15726 TX ua=95 mt=T len=7
PKT t=15738 TX ua=95 mt=P len=0
PKT t=15761 RX ua=95 mt=R len=7
PKT t=15765 TX ua=95 mt=P len=0
PKT t=15774 RX ua=95 mt=R len=7
PKT t=15779 TX ua=95 mt=P len=0
PKT t=15788 RX ua=95 mt=R len=7
PKT t=15793 TX ua=95 mt=P len=0
PKT t=15802 RX ua=95 mt=R len=7
PKT t=15807 TX ua=95 mt=P len=0
PKT t=15816 RX ua=95 mt=R len=7
PKT t=15821 TX ua=95 mt=P len=0
PKT t=15830 RX ua=95 mt=R len=7
PKT t=15835 TX ua=95 mt=P len=0
PKT t=15876 RX ua=95 mt=R len=7
PKT t=15881 TX ua=95 mt=P len=0
PKT t=15891 RX ua=95 mt=R len=7
PKT t=15896 TX ua=95 mt=P len=0
PKT t=15905 RX ua=95 mt=R len=7
PKT t=15910 TX ua=95 mt=P len=0
PKT t=15919 RX ua=95 mt=R len=7
PKT t=15924 TX ua=95 mt=P len=0
PKT t=15933 RX ua=95 mt=R len=7
PKT t=15938 TX ua=95 mt=P len=0
PKT t=15967 RX ua=95 mt=R len=7
PKT t=15972 TX ua=95 mt=T len=7
PKT t=15984 TX ua=95 mt=P len=0
PKT t=15993 RX ua=95 mt=R len=7
PKT t=15998 TX ua=95 mt=P len=0
PKT t=16007 RX ua=95 mt=R len=7
PKT t=16012 TX ua=95 mt=P len=0
PKT t=16037 RX ua=95 mt=R len=7
PKT t=16292 TX ua=96 mt=P len=0
PKT t=16550 TX ua=95 mt=P len=0
PKT t=16559 RX ua=95 mt=R len=7
PKT t=16564 TX ua=95 mt=T len=7
PKT t=16576 TX ua=95 mt=P len=0
PKT t=16585 RX ua=95 mt=R len=7
PKT t=16590 TX ua=95 mt=P len=0
PKT t=16599 RX ua=95 mt=R len=7
PKT t=16604 TX ua=95 mt=P len=0
PKT t=16613 RX ua=95 mt=R len=7
PKT t=16618 TX ua=95 mt=P len=0
PKT t=16627 RX ua=95 mt=R len=7
PKT t=16632 TX ua=95 mt=P len=0
PKT t=16652 RX ua=95 mt=R len=7
PKT t=16907 TX ua=96 mt=P len=0
PKT t=17165 TX ua=95 mt=P len=0
PKT t=17174 RX ua=95 mt=R len=7
PKT t=17179 TX ua=95 mt=T len=7
PKT t=17191 TX ua=95 mt=T len=7
PKT t=17203 TX ua=95 mt=P len=0
PKT t=17212 RX ua=95 mt=R len=7
PKT t=17217 TX ua=95 mt=P len=0
PKT t=17226 RX ua=95 mt=R len=7
PKT t=17231 TX ua=95 mt=T len=7
PKT t=17243 TX ua=95 mt=P len=0
PKT t=17275 RX ua=95 mt=R len=7
PKT t=17280 TX ua=95 mt=P len=0
PKT t=17289 RX ua=95 mt=R len=7
PKT t=17294 TX ua=95 mt=P len=0
PKT t=17303 RX ua=95 mt=R len=7
PKT t=17308 TX ua=95 mt=P len=0
PKT t=17317 RX ua=95 mt=R len=7
PKT t=17322 TX ua=95 mt=P len=0
PKT t=17331 RX ua=95 mt=R len=7
PKT t=17336 TX ua=95 mt=P len=0
PKT t=17345 RX ua=95 mt=R len=7
PKT t=17350 TX ua=95 mt=P len=0
PKT t=17379 RX ua=95 mt=R len=7
PKT t=17384 TX ua=95 mt=P len=0
PKT t=17393 RX ua=95 mt=R len=7
PKT t=17398 TX ua=95 mt=P len=0
PKT t=17426 RX ua=95 mt=R len=7
PKT t=17431 TX ua=95 mt=P len=0
PKT t=17440 RX ua=95 mt=R len=7
PKT t=17445 TX ua=95 mt=P len=0
PKT t=17479 RX ua=95 mt=R len=7
PKT t=17483 TX ua=95 mt=T len=7
PKT t=17495 TX ua=95 mt=P len=0
PKT t=17505 RX ua=95 mt=R len=7
PKT t=17510 TX ua=95 mt=P len=0
PKT t=17520 RX ua=95 mt=R len=7
PKT t=17525 TX ua=95 mt=P len=0
PKT t=17535 RX ua=95 mt=R len=7
PKT t=17540 TX ua=95 mt=P len=0
PKT t=17550 RX ua=95 mt=R len=7
PKT t=17555 TX ua=95 mt=P len=0
PKT t=17584 RX ua=95 mt=R len=7
PKT t=17589 TX ua=95 mt=P len=0
PKT t=17599 RX ua=95 mt=R len=7
PKT t=17604 TX ua=95 mt=P len=0
PKT t=17614 RX ua=95 mt=R len=7
PKT t=17619 TX ua=95 mt=P len=0
PKT t=17629 RX ua=95 mt=R len=7
PKT t=17634 TX ua=95 mt=P len=0
PKT t=17644 RX ua=95 mt=R len=7
PKT t=17649 TX ua=95 mt=P len=0
PKT t=17683 RX ua=95 mt=R len=7
PKT t=17688 TX ua=95 mt=P len=0
PKT t=17698 RX ua=95 mt=R len=7
PKT t=17703 TX ua=95 mt=P len=0
PKT t=17713 RX ua=95 mt=R len=7
PKT t=17736 TX ua=95 mt=P len=0
PKT t=17746 RX ua=95 mt=R len=7
PKT t=17751 TX ua=95 mt=T len=7
PKT t=17763 TX ua=95 mt=P len=0
PKT t=17784 RX ua=95 mt=R len=7
PKT t=17789 TX ua=95 mt=P len=0
PKT t=17798 RX ua=95 mt=R len=7
PKT t=17803 TX ua=95 mt=P len=0
PKT t=17812 RX ua=95 mt=R len=7
PKT t=17817 TX ua=95 mt=P len=0
PKT t=17826 RX ua=95 mt=R len=7
PKT t=17831 TX ua=95 mt=P len=0
PKT t=17840 RX ua=95 mt=R len=7
PKT t=17845 TX ua=95 mt=P len=0
PKT t=17854 RX ua=95 mt=R len=7
PKT t=17859 TX ua=95 mt=P len=0
PKT t=17891 RX ua=95 mt=R len=7
PKT t=17896 TX ua=95 mt=P len=0
PKT t=17905 RX ua=95 mt=R len=7
PKT t=17910 TX ua=95 mt=P len=0
PKT t=17919 RX ua=95 mt=R len=7
PKT t=17924 TX ua=95 mt=P len=0
PKT t=17933 RX ua=95 mt=R len=7
PKT t=17938 TX ua=95 mt=P len=0
PKT t=17947 RX ua=95 mt=R len=7
PKT t=17952 TX ua=95 mt=P len=0
PKT t=17961 RX ua=95 mt=R len=7
PKT t=17966 TX ua=95 mt=P len=0
PKT t=17995 RX ua=95 mt=R len=7
PKT t=18000 TX ua=95 mt=T len=7
PKT t=18012 TX ua=95 mt=P len=0
PKT t=18021 RX ua=95 mt=R len=7
PKT t=18026 TX ua=95 mt=P len=0
PKT t=18051 RX ua=95 mt=R len=7
PKT t=18306 TX ua=96 mt=P len=0
PKT t=18564 TX ua=95 mt=P len=0
PKT t=18573 RX ua=95 mt=R len=7
PKT t=18578 TX ua=95 mt=T len=7
PKT t=18591 TX ua=95 mt=P len=0
PKT t=18600 RX ua=95 mt=R len=7
PKT t=18605 TX ua=95 mt=T len=7
PKT t=18618 TX ua=95 mt=P len=0
PKT t=18627 RX ua=95 mt=R len=7
PKT t=18632 TX ua=95 mt=P len=0
PKT t=18641 RX ua=95 mt=R len=7
PKT t=18646 TX ua=95 mt=P len=0
PKT t=18666 RX ua=95 mt=R len=7
PKT t=18921 TX ua=96 mt=P len=0
PKT t=19179 TX ua=95 mt=P len=0
PKT t=19188 RX ua=95 mt=R len=7
PKT t=19193 TX ua=95 mt=T len=7
PKT t=19206 TX ua=95 mt=T len=7
PKT t=19218 TX ua=95 mt=P len=0
PKT t=19227 RX ua=95 mt=R len=7
PKT t=19232 TX ua=95 mt=P len=0
PKT t=19241 RX ua=95 mt=R len=7
PKT t=19246 TX ua=95 mt=T len=7
PKT t=19258 TX ua=95 mt=P len=0
PKT t=19286 RX ua=95 mt=R len=7
PKT t=19291 TX ua=95 mt=P len=0
PKT t=19301 RX ua=95 mt=R len=7
PKT t=19306 TX ua=95 mt=P len=0
PKT t=19315 RX ua=95 mt=R len=7
PKT t=19320 TX ua=95 mt=P len=0
PKT t=19329 RX ua=95 mt=R len=7
PKT t=19334 TX ua=95 mt=P len=0
PKT t=19343 RX ua=95 mt=R len=7
PKT t=19348 TX ua=95 mt=P len=0
PKT t=19357 RX ua=95 mt=R len=7
PKT t=19362 TX ua=95 mt=P len=0
PKT t=19371 RX ua=95 mt=R len=7
PKT t=19376 TX ua=95 mt=P len=0
PKT t=19405 RX ua=95 mt=R len=7
PKT t=19410 TX ua=95 mt=P len=0
PKT t=19419 RX ua=95 mt=R len=7
PKT t=19441 TX ua=95 mt=P len=0
PKT t=19450 RX ua=95 mt=R len=7
PKT t=19455 TX ua=95 mt=P len=0
PKT t=19464 RX ua=95 mt=R len=7
PKT t=19469 TX ua=95 mt=P len=0
PKT t=19478 RX ua=95 mt=R len=7
PKT t=19483 TX ua=95 mt=P len=0
PKT t=19512 RX ua=95 mt=R len=7
PKT t=19517 TX ua=95 mt=T len=7
PKT t=19529 TX ua=95 mt=P len=0
PKT t=19539 RX ua=95 mt=R len=7
PKT t=19544 TX ua=95 mt=P len=0
PKT t=19554 RX ua=95 mt=R len=7
PKT t=19559 TX ua=95 mt=P len=0
PKT t=19569 RX ua=95 mt=R len=7
PKT t=19574 TX ua=95 mt=P len=0
PKT t=19596 RX ua=95 mt=R len=7
PKT t=19601 TX ua=95 mt=P len=0
PKT t=19618 RX ua=95 mt=R len=7
PKT t=19623 TX ua=95 mt=P len=0
PKT t=19633 RX ua=95 mt=R len=7
PKT t=19638 TX ua=95 mt=P len=0
PKT t=19648 RX ua=95 mt=R len=7
PKT t=19653 TX ua=95 mt=P len=0
PKT t=19663 RX ua=95 mt=R len=7
PKT t=19668 TX ua=95 mt=P len=0
PKT t=19678 RX ua=95 mt=R len=7
PKT t=19683 TX ua=95 mt=P len=0
PKT t=19717 RX ua=95 mt=R len=7
PKT t=19722 TX ua=95 mt=P len=0
PKT t=19751 RX ua=95 mt=R len=7
PKT t=19756 TX ua=95 mt=T len=7
PKT t=19768 TX ua=95 mt=P len=0
PKT t=19777 RX ua=95 mt=R len=7
PKT t=19782 TX ua=95 mt=P len=0
PKT t=19791 RX ua=95 mt=R len=7
PKT t=19796 TX ua=95 mt=P len=0
PKT t=19825 RX ua=95 mt=R len=7
PKT t=19830 TX ua=95 mt=P len=0
PKT t=19839 RX ua=95 mt=R len=7
PKT t=19844 TX ua=95 mt=P len=0
PKT t=19853 RX ua=95 mt=R len=7
PKT t=19858 TX ua=95 mt=P len=0
PKT t=19867 RX ua=95 mt=R len=7
PKT t=19872 TX ua=95 mt=P len=0
PKT t=19881 RX ua=95 mt=R len=7
PKT t=19886 TX ua=95 mt=P len=0
PKT t=19906 RX ua=95 mt=R len=7
PKT t=20161 TX ua=96 mt=P len=0
PKT t=20419 TX ua=95 mt=P len=0
PKT t=20428 RX ua=95 mt=R len=7
PKT t=20433 TX ua=95 mt=T len=7
PKT t=20445 TX ua=95 mt=P len=0
PKT t=20454 RX ua=95 mt=R len=7
PKT t=20459 TX ua=95 mt=P len=0
PKT t=20468 RX ua=95 mt=R len=7
PKT t=20473 TX ua=95 mt=P len=0
PKT t=20482 RX ua=95 mt=R len=7
PKT t=20487 TX ua=95 mt=P len=0
PKT t=20496 RX ua=95 mt=R len=7
PKT t=20501 TX ua=95 mt=P len=0
PKT t=20530 RX ua=95 mt=R len=7
PKT t=20535 TX ua=95 mt=T len=7
PKT t=20547 TX ua=95 mt=P len=0
PKT t=20556 RX ua=95 mt=R len=7
PKT t=20561 TX ua=95 mt=P len=0
PKT t=20570 RX ua=95 mt=R len=7
PKT t=20575 TX ua=95 mt=P len=0
PKT t=20584 RX ua=95 mt=R len=7
PKT t=20589 TX ua=95 mt=P len=0
PKT t=20598 RX ua=95 mt=R len=7
PKT t=20603 TX ua=95 mt=P len=0
PKT t=20632 RX ua=95 mt=R len=7
PKT t=20637 TX ua=95 mt=P len=0
PKT t=20646 RX ua=95 mt=R len=7
PKT t=20651 TX ua=95 mt=P len=0
PKT t=20660 RX ua=95 mt=R len=7
PKT t=20681 TX ua=95 mt=P len=0
PKT t=20690 RX ua=95 mt=R len=7
PKT t=20695 TX ua=95 mt=P len=0
PKT t=20704 RX ua=95 mt=R len=7
PKT t=20709 TX ua=95 mt=P len=0
PKT t=20738 RX ua=95 mt=R len=7
PKT t=20743 TX ua=95 mt=P len=0
PKT t=20752 RX ua=95 mt=R len=7
PKT t=20757 TX ua=95 mt=T len=7
PKT t=20769 TX ua=95 mt=P len=0
PKT t=20778 RX ua=95 mt=R len=7
PKT t=20783 TX ua=95 mt=P len=0
PKT t=20792 RX ua=95 mt=R len=7
PKT t=20797 TX ua=95 mt=P len=0
PKT t=20806 RX ua=95 mt=R len=7
PKT t=20811 TX ua=95 mt=P len=0
PKT t=20840 RX ua=95 mt=R len=7
PKT t=20845 TX ua=95 mt=P len=0
PKT t=20854 RX ua=95 mt=R len=7
PKT t=20859 TX ua=95 mt=P len=0
PKT t=20868 RX ua=95 mt=R len=7
PKT t=20873 TX ua=95 mt=P len=0
PKT t=20882 RX ua=95 mt=R len=7
PKT t=20887 TX ua=95 mt=P len=0
PKT t=20896 RX ua=95 mt=R len=7
PKT t=20901 TX ua=95 mt=P len=0
PKT t=20910 RX ua=95 mt=R len=7
PKT t=20915 TX ua=95 mt=P len=0
PKT t=20944 RX ua=95 mt=R len=7
PKT t=20949 TX ua=95 mt=P len=0
PKT t=20958 RX ua=95 mt=R len=7
PKT t=20963 TX ua=95 mt=P len=0
PKT t=20991 RX ua=95 mt=R len=7
PKT t=20996 TX ua=95 mt=P len=0
PKT t=21005 RX ua=95 mt=R len=7
PKT t=21010 TX ua=95 mt=T len=7
PKT t=21022 TX ua=95 mt=P len=0
PKT t=21046 RX ua=95 mt=R len=7
PKT t=21050 TX ua=95 mt=P len=0
PKT t=21059 RX ua=95 mt=R len=7
PKT t=21064 TX ua=95 mt=P len=0
PKT t=21073 RX ua=95 mt=R len=7
PKT t=21078 TX ua=95 mt=P len=0
PKT t=21087 RX ua=95 mt=R len=7
PKT t=21092 TX ua=95 mt=P len=0
PKT t=21101 RX ua=95 mt=R len=7
PKT t=21106 TX ua=95 mt=P len=0
PKT t=21115 RX ua=95 mt=R len=7
PKT t=21120 TX ua=95 mt=P len=0
PKT t=21149 RX ua=95 mt=R len=7
PKT t=21154 TX ua=95 mt=P len=0
PKT t=21163 RX ua=95 mt=R len=7
PKT t=21168 TX ua=95 mt=P len=0
PKT t=21177 RX ua=95 mt=R len=7
PKT t=21182 TX ua=95 mt=P len=0
PKT t=21191 RX ua=95 mt=R len=7
PKT t=21196 TX ua=95 mt=P len=0
PKT t=21205 RX ua=95 mt=R len=7
PKT t=21210 TX ua=95 mt=P len=0
PKT t=21219 RX ua=95 mt=R len=7
PKT t=21224 TX ua=95 mt=T len=7
PKT t=21237 TX ua=95 mt=P len=0
PKT t=21255 RX ua=95 mt=R len=7
PKT t=21260 TX ua=95 mt=T len=7
PKT t=21273 TX ua=95 mt=P len=0
PKT t=21301 RX ua=95 mt=R len=7
PKT t=21306 TX ua=95 mt=P len=0
PKT t=21315 RX ua=95 mt=R len=7
PKT t=21320 TX ua=95 mt=P len=0
PKT t=21353 RX ua=95 mt=R len=7
PKT t=21357 TX ua=95 mt=P len=0
PKT t=21366 RX ua=95 mt=R len=7
PKT t=21371 TX ua=95 mt=P len=0
PKT t=21380 RX ua=95 mt=R len=7
PKT t=21385 TX ua=95 mt=P len=0
PKT t=21394 RX ua=95 mt=R len=7
PKT t=21399 TX ua=95 mt=P len=0
PKT t=21408 RX ua=95 mt=R len=7
PKT t=21413 TX ua=95 mt=P len=0
PKT t=21422 RX ua=95 mt=R len=7
PKT t=21427 TX ua=95 mt=P len=0
PKT t=21456 RX ua=95 mt=R len=7
PKT t=21461 TX ua=95 mt=P len=0
PKT t=21470 RX ua=95 mt=R len=7
PKT t=21475 TX ua=95 mt=P len=0
PKT t=21484 RX ua=95 mt=R len=7
PKT t=21489 TX ua=95 mt=P len=0
PKT t=21498 RX ua=95 mt=R len=7
PKT t=21503 TX ua=95 mt=T len=7
PKT t=21516 TX ua=95 mt=P len=0
PKT t=21526 RX ua=95 mt=R len=7
PKT t=21531 TX ua=95 mt=P len=0
PKT t=21560 RX ua=95 mt=R len=7
PKT t=21565 TX ua=95 mt=P len=0
PKT t=21575 RX ua=95 mt=R len=7
PKT t=21580 TX ua=95 mt=P len=0
PKT t=21590 RX ua=95 mt=R len=7
PKT t=21611 TX ua=95 mt=P len=0
PKT t=21621 RX ua=95 mt=R len=7
PKT t=21626 TX ua=95 mt=P len=0
PKT t=21659 RX ua=95 mt=R len=7
PKT t=21664 TX ua=95 mt=P len=0
PKT t=21674 RX ua=95 mt=R len=7
PKT t=21679 TX ua=95 mt=P len=0
PKT t=21689 RX ua=95 mt=R len=7
PKT t=21694 TX ua=95 mt=P len=0
PKT t=21704 RX ua=95 mt=R len=7
PKT t=21709 TX ua=95 mt=P len=0
PKT t=21719 RX ua=95 mt=R len=7
PKT t=21724 TX ua=95 mt=P len=0
PKT t=21734 RX ua=95 mt=R len=7
PKT t=21739 TX ua=95 mt=P len=0
PKT t=21768 RX ua=95 mt=R len=7
PKT t=21773 TX ua=95 mt=T len=7
PKT t=21786 TX ua=95 mt=P len=0
PKT t=21795 RX ua=95 mt=R len=7
PKT t=21800 TX ua=95 mt=P len=0
PKT t=21809 RX ua=95 mt=R len=7
PKT t=21814 TX ua=95 mt=P len=0
PKT t=21823 RX ua=95 mt=R len=7
PKT t=21828 TX ua=95 mt=P len=0
PKT t=21837 RX ua=95 mt=R len=7
PKT t=21842 TX ua=95 mt=P len=0
PKT t=21871 RX ua=95 mt=R len=7
PKT t=21876 TX ua=95 mt=P len=0
PKT t=21885 RX ua=95 mt=R len=7
PKT t=21890 TX ua=95 mt=P len=0
PKT t=21899 RX ua=95 mt=R len=7
PKT t=21921 TX ua=95 mt=P len=0
PKT t=21930 RX ua=95 mt=R len=7
PKT t=21935 TX ua=95 mt=P len=0
PKT t=21944 RX ua=95 mt=R len=7
PKT t=21949 TX ua=95 mt=P len=0
PKT t=21978 RX ua=95 mt=R len=7
PKT t=21983 TX ua=95 mt=P len=0
PKT t=21992 RX ua=95 mt=R len=7
PKT t=21997 TX ua=95 mt=P len=0
PKT t=22006 RX ua=95 mt=R len=7
PKT t=22011 TX ua=95 mt=P len=0
PKT t=22020 RX ua=95 mt=R len=7
PKT t=22025 TX ua=95 mt=T len=7
PKT t=22038 TX ua=95 mt=P len=0
PKT t=22047 RX ua=95 mt=R len=7
PKT t=22052 TX ua=95 mt=P len=0
PKT t=22081 RX ua=95 mt=R len=7
PKT t=22086 TX ua=95 mt=P len=0
PKT t=22095 RX ua=95 mt=R len=7
PKT t=22100 TX ua=95 mt=P len=0
PKT t=22109 RX ua=95 mt=R len=7
PKT t=22114 TX ua=95 mt=P len=0
PKT t=22123 RX ua=95 mt=R len=7
PKT t=22128 TX ua=95 mt=P len=0
PKT t=22138 RX ua=95 mt=R len=7
PKT t=22143 TX ua=95 mt=P len=0
PKT t=22152 RX ua=95 mt=R len=7
PKT t=22157 TX ua=95 mt=P len=0
PKT t=22186 RX ua=95 mt=R len=7
PKT t=22191 TX ua=95 mt=P len=0
PKT t=22200 RX ua=95 mt=R len=7
PKT t=22205 TX ua=95 mt=P len=0
PKT t=22231 RX ua=95 mt=R len=7
PKT t=22236 TX ua=95 mt=T len=7
PKT t=22248 TX ua=95 mt=P len=0
PKT t=22257 RX ua=95 mt=R len=7
PKT t=22262 TX ua=95 mt=P len=0
PKT t=22291 RX ua=95 mt=R len=7
PKT t=22296 TX ua=95 mt=T len=7
PKT t=22308 TX ua=95 mt=P len=0
PKT t=22317 RX ua=95 mt=R len=7
PKT t=22322 TX ua=95 mt=P len=0
PKT t=22331 RX ua=95 mt=R len=7
PKT t=22336 TX ua=95 mt=P len=0
PKT t=22345 RX ua=95 mt=R len=7
PKT t=22350 TX ua=95 mt=P len=0
PKT t=22359 RX ua=95 mt=R len=7
PKT t=22364 TX ua=95 mt=P len=0
PKT t=22393 RX ua=95 mt=R len=7
PKT t=22398 TX ua=95 mt=P len=0
PKT t=22407 RX ua=95 mt=R len=7
PKT t=22412 TX ua=95 mt=P len=0
PKT t=22421 RX ua=95 mt=R len=7
PKT t=22426 TX ua=95 mt=P len=0
PKT t=22435 RX ua=95 mt=R len=7
PKT t=22440 TX ua=95 mt=P len=0
PKT t=22449 RX ua=95 mt=R len=7
PKT t=22454 TX ua=95 mt=P len=0
PKT t=22463 RX ua=95 mt=R len=7
PKT t=22468 TX ua=95 mt=P len=0
PKT t=22497 RX ua=95 mt=R len=7
PKT t=22502 TX ua=95 mt=P len=0
PKT t=22511 RX ua=95 mt=R len=7
PKT t=22516 TX ua=95 mt=P len=0
PKT t=22541 RX ua=95 mt=R len=7
PKT t=22546 TX ua=95 mt=T len=7
PKT t=22558 TX ua=95 mt=P len=0
PKT t=22567 RX ua=95 mt=R len=7
PKT t=22572 TX ua=95 mt=P len=0
PKT t=22601 RX ua=95 mt=R len=7
PKT t=22606 TX ua=95 mt=P len=0
PKT t=22615 RX ua=95 mt=R len=7
PKT t=22620 TX ua=95 mt=P len=0
PKT t=22629 RX ua=95 mt=R len=7
PKT t=22634 TX ua=95 mt=P len=0
PKT t=22643 RX ua=95 mt=R len=7
PKT t=22648 TX ua=95 mt=P len=0
PKT t=22657 RX ua=95 mt=R len=7
PKT t=22662 TX ua=95 mt=P len=0
PKT t=22671 RX ua=95 mt=R len=7
PKT t=22676 TX ua=95 mt=P len=0
PKT t=22705 RX ua=95 mt=R len=7
PKT t=22710 TX ua=95 mt=P len=0
PKT t=22719 RX ua=95 mt=R len=7
PKT t=22724 TX ua=95 mt=P len=0
PKT t=22733 RX ua=95 mt=R len=7
PKT t=22738 TX ua=95 mt=P len=0
PKT t=22747 RX ua=95 mt=R len=7
PKT t=22752 TX ua=95 mt=P len=0
PKT t=22761 RX ua=95 mt=R len=7
PKT t=22766 TX ua=95 mt=P len=0
PKT t=22775 RX ua=95 mt=R len=7
PKT t=22780 TX ua=95 mt=T len=7
PKT t=22792 TX ua=95 mt=P len=0
PKT t=22811 RX ua=95 mt=R len=7
PKT t=22816 TX ua=95 mt=P len=0
PKT t=22825 RX ua=95 mt=R len=7
PKT t=22830 TX ua=95 mt=P len=0
PKT t=22851 RX ua=95 mt=R len=7
PKT t=23106 TX ua=96 mt=P len=0
PKT t=23364 TX ua=95 mt=P len=0
PKT t=23373 RX ua=95 mt=R len=7
PKT t=23378 TX ua=95 mt=T len=7
PKT t=23390 TX ua=95 mt=P len=0
PKT t=23411 RX ua=95 mt=R len=7
PKT t=23416 TX ua=95 mt=P len=0
PKT t=23425 RX ua=95 mt=R len=7
PKT t=23430 TX ua=95 mt=P len=0
PKT t=23439 RX ua=95 mt=R len=7
PKT t=23444 TX ua=95 mt=P len=0
PKT t=23471 RX ua=95 mt=R len=7
PKT t=23476 TX ua=95 mt=P len=0
PKT t=23509 RX ua=95 mt=R len=7
PKT t=23514 TX ua=95 mt=P len=0
PKT t=23523 RX ua=95 mt=R len=7
PKT t=23528 TX ua=95 mt=T len=7
PKT t=23540 TX ua=95 mt=P len=0
PKT t=23550 RX ua=95 mt=R len=7
PKT t=23555 TX ua=95 mt=P len=0
PKT t=23565 RX ua=95 mt=R len=7
PKT t=23570 TX ua=95 mt=P len=0
PKT t=23580 RX ua=95 mt=R len=7
PKT t=23585 TX ua=95 mt=P len=0
PKT t=23626 RX ua=95 mt=R len=7
PKT t=23631 TX ua=95 mt=P len=0
PKT t=23641 RX ua=95 mt=R len=7
PKT t=23646 TX ua=95 mt=P len=0
PKT t=23656 RX ua=95 mt=R len=7
PKT t=23661 TX ua=95 mt=P len=0
PKT t=23671 RX ua=95 mt=R len=7
PKT t=23676 TX ua=95 mt=P len=0
PKT t=23686 RX ua=95 mt=R len=7
PKT t=23691 TX ua=95 mt=P len=0
PKT t=23720 RX ua=95 mt=R len=7
PKT t=23725 TX ua=95 mt=P len=0
PKT t=23735 RX ua=95 mt=R len=7
PKT t=23740 TX ua=95 mt=P len=0
PKT t=23750 RX ua=95 mt=R len=7
PKT t=23755 TX ua=95 mt=P len=0
PKT t=23781 RX ua=95 mt=R len=7
PKT t=23786 TX ua=95 mt=T len=7
PKT t=23798 TX ua=95 mt=P len=0
PKT t=23820 RX ua=95 mt=R len=7
PKT t=23825 TX ua=95 mt=P len=0
PKT t=23834 RX ua=95 mt=R len=7
PKT t=23839 TX ua=95 mt=P len=0
PKT t=23848 RX ua=95 mt=R len=7
PKT t=23853 TX ua=95 mt=P len=0
PKT t=23862 RX ua=95 mt=R len=7
PKT t=23867 TX ua=95 mt=P len=0
PKT t=23876 RX ua=95 mt=R len=7
PKT t=23881 TX ua=95 mt=P len=0
PKT t=23890 RX ua=95 mt=R len=7
PKT t=23895 TX ua=95 mt=P len=0
PKT t=23936 RX ua=95 mt=R len=7
PKT t=23941 TX ua=95 mt=P len=0
PKT t=23950 RX ua=95 mt=R len=7
PKT t=23955 TX ua=95 mt=P len=0
PKT t=23964 RX ua=95 mt=R len=7
PKT t=23969 TX ua=95 mt=P len=0
PKT t=23978 RX ua=95 mt=R len=7
PKT t=23983 TX ua=95 mt=P len=0
PKT t=23992 RX ua=95 mt=R len=7
PKT t=23997 TX ua=95 mt=P len=0
PKT t=24026 RX ua=95 mt=R len=7
PKT t=24031 TX ua=95 mt=P len=0
PKT t=24040 RX ua=95 mt=R len=7
PKT t=24045 TX ua=95 mt=T len=7
PKT t=24057 TX ua=95 mt=P len=0
PKT t=24066 RX ua=95 mt=R len=7
PKT t=24071 TX ua=95 mt=P len=0
PKT t=24096 RX ua=95 mt=R len=7
PKT t=24351 TX ua=96 mt=P len=0
PKT t=24609 TX ua=95 mt=P len=0
PKT t=24618 RX ua=95 mt=R len=7
PKT t=24623 TX ua=95 mt=T len=7
PKT t=24635 TX ua=95 mt=P len=0
PKT t=24644 RX ua=95 mt=R len=7
PKT t=24649 TX ua=95 mt=P len=0
PKT t=24658 RX ua=95 mt=R len=7
PKT t=24663 TX ua=95 mt=P len=0
PKT t=24672 RX ua=95 mt=R len=7
PKT t=24677 TX ua=95 mt=P len=0
PKT t=24686 RX ua=95 mt=R len=7
PKT t=24691 TX ua=95 mt=P len=0
PKT t=24711 RX ua=95 mt=R len=7
PKT t=24966 TX ua=96 mt=P len=0
PKT t=25224 TX ua=95 mt=P len=0
PKT t=25233 RX ua=95 mt=R len=7
PKT t=25238 TX ua=95 mt=T len=7
PKT t=25250 TX ua=95 mt=T len=7
PKT t=25262 TX ua=95 mt=P len=0
PKT t=25271 RX ua=95 mt=R len=7
PKT t=25276 TX ua=95 mt=P len=0
PKT t=25285 RX ua=95 mt=R len=7
PKT t=25290 TX ua=95 mt=T len=7
PKT t=25302 TX ua=95 mt=P len=0
PKT t=25334 RX ua=95 mt=R len=7
PKT t=25339 TX ua=95 mt=P len=0
PKT t=25348 RX ua=95 mt=R len=7
PKT t=25353 TX ua=95 mt=P len=0
PKT t=25362 RX ua=95 mt=R len=7
PKT t=25367 TX ua=95 mt=P len=0
PKT t=25376 RX ua=95 mt=R len=7
PKT t=25381 TX ua=95 mt=P len=0
PKT t=25390 RX ua=95 mt=R len=7
PKT t=25395 TX ua=95 mt=P len=0
PKT t=25404 RX ua=95 mt=R len=7
PKT t=25409 TX ua=95 mt=P len=0
PKT t=25438 RX ua=95 mt=R len=7
PKT t=25443 TX ua=95 mt=P len=0
PKT t=25452 RX ua=95 mt=R len=7
PKT t=25457 TX ua=95 mt=P len=0
PKT t=25466 RX ua=95 mt=R len=7
PKT t=25486 TX ua=95 mt=P len=0
PKT t=25495 RX ua=95 mt=R len=7
PKT t=25500 TX ua=95 mt=P len=0
PKT t=25509 RX ua=95 mt=R len=7
PKT t=25514 TX ua=95 mt=P len=0
PKT t=25544 RX ua=95 mt=R len=7
PKT t=25549 TX ua=95 mt=T len=7
PKT t=25561 TX ua=95 mt=P len=0
PKT t=25571 RX ua=95 mt=R len=7
PKT t=25576 TX ua=95 mt=P len=0
PKT t=25586 RX ua=95 mt=R len=7
PKT t=25591 TX ua=95 mt=P len=0
PKT t=25601 RX ua=95 mt=R len=7
PKT t=25606 TX ua=95 mt=P len=0
PKT t=25616 RX ua=95 mt=R len=7
PKT t=25621 TX ua=95 mt=P len=0
PKT t=25650 RX ua=95 mt=R len=7
PKT t=25655 TX ua=95 mt=P len=0
PKT t=25665 RX ua=95 mt=R len=7
PKT t=25670 TX ua=95 mt=P len=0
PKT t=25680 RX ua=95 mt=R len=7
PKT t=25685 TX ua=95 mt=P len=0
PKT t=25695 RX ua=95 mt=R len=7
PKT t=25700 TX ua=95 mt=P len=0
PKT t=25710 RX ua=95 mt=R len=7
PKT t=25715 TX ua=95 mt=P len=0
PKT t=25749 RX ua=95 mt=R len=7
PKT t=25754 TX ua=95 mt=P len=0
PKT t=25764 RX ua=95 mt=R len=7
PKT t=25769 TX ua=95 mt=P len=0
PKT t=25796 RX ua=95 mt=R len=7
PKT t=25801 TX ua=95 mt=T len=7
PKT t=25813 TX ua=95 mt=P len=0
PKT t=25822 RX ua=95 mt=R len=7
PKT t=25827 TX ua=95 mt=P len=0
PKT t=25856 RX ua=95 mt=R len=7
PKT t=25861 TX ua=95 mt=P len=0
PKT t=25870 RX ua=95 mt=R len=7
PKT t=25875 TX ua=95 mt=P len=0
PKT t=25884 RX ua=95 mt=R len=7
PKT t=25889 TX ua=95 mt=P len=0
PKT t=25898 RX ua=95 mt=R len=7
PKT t=25903 TX ua=95 mt=P len=0
PKT t=25912 RX ua=95 mt=R len=7
PKT t=25917 TX ua=95 mt=P len=0
PKT t=25926 RX ua=95 mt=R len=7
PKT t=25931 TX ua=95 mt=P len=0
PKT t=25960 RX ua=95 mt=R len=7
PKT t=25965 TX ua=95 mt=P len=0
PKT t=25974 RX ua=95 mt=R len=7
PKT t=25979 TX ua=95 mt=P len=0
PKT t=25988 RX ua=95 mt=R len=7
PKT t=25993 TX ua=95 mt=P len=0
PKT t=26002 RX ua=95 mt=R len=7
PKT t=26007 TX ua=95 mt=P len=0
PKT t=26016 RX ua=95 mt=R len=7
PKT t=26021 TX ua=95 mt=P len=0
PKT t=26030 RX ua=95 mt=R len=7
PKT t=26035 TX ua=95 mt=P len=0
PKT t=26064 RX ua=95 mt=R len=7
PKT t=26069 TX ua=95 mt=T len=7
PKT t=26081 TX ua=95 mt=P len=0
PKT t=26111 RX ua=95 mt=R len=7
PKT t=26116 TX ua=95 mt=P len=0
PKT t=26125 RX ua=95 mt=R len=7
PKT t=26130 TX ua=95 mt=P len=0
PKT t=26140 RX ua=95 mt=R len=7
PKT t=26145 TX ua=95 mt=P len=0
PKT t=26173 RX ua=95 mt=R len=7
PKT t=26178 TX ua=95 mt=P len=0
PKT t=26187 RX ua=95 mt=R len=7
PKT t=26192 TX ua=95 mt=P len=0
PKT t=26201 RX ua=95 mt=R len=7
PKT t=26206 TX ua=95 mt=P len=0
PKT t=26215 RX ua=95 mt=R len=7
PKT t=26220 TX ua=95 mt=P len=0
PKT t=26229 RX ua=95 mt=R len=7
PKT t=26234 TX ua=95 mt=P len=0
PKT t=26261 RX ua=95 mt=R len=7
PKT t=26266 TX ua=95 mt=T len=7
PKT t=26279 TX ua=95 mt=P len=0
PKT t=26288 RX ua=95 mt=R len=7
PKT t=26293 TX ua=95 mt=T len=7
PKT t=26306 TX ua=95 mt=P len=0
PKT t=26315 RX ua=95 mt=R len=7
PKT t=26320 TX ua=95 mt=P len=0
PKT t=26329 RX ua=95 mt=R len=7
PKT t=26334 TX ua=95 mt=P len=0
PKT t=26343 RX ua=95 mt=R len=7
PKT t=26348 TX ua=95 mt=P len=0
PKT t=26377 RX ua=95 mt=R len=7
PKT t=26382 TX ua=95 mt=P len=0
PKT t=26391 RX ua=95 mt=R len=7
PKT t=26396 TX ua=95 mt=P len=0
PKT t=26416 RX ua=95 mt=R len=7
PKT t=26671 TX ua=96 mt=P len=0
PKT t=26929 TX ua=95 mt=P len=0
PKT t=26939 RX ua=95 mt=R len=7
PKT t=26943 TX ua=95 mt=T len=7
PKT t=26956 TX ua=95 mt=P len=0
PKT t=26979 RX ua=95 mt=R len=7
PKT t=26984 TX ua=95 mt=P len=0
PKT t=26993 RX ua=95 mt=R len=7
PKT t=26998 TX ua=95 mt=P len=0
PKT t=27007 RX ua=95 mt=R len=7
PKT t=27012 TX ua=95 mt=P len=0
PKT t=27036 RX ua=95 mt=R len=7
PKT t=27041 TX ua=95 mt=P len=0
PKT t=27050 RX ua=95 mt=R len=7
PKT t=27055 TX ua=95 mt=T len=7
PKT t=27068 TX ua=95 mt=P len=0
PKT t=27086 RX ua=95 mt=R len=7
PKT t=27091 TX ua=95 mt=P len=0
PKT t=27100 RX ua=95 mt=R len=7
PKT t=27105 TX ua=95 mt=P len=0
PKT t=27114 RX ua=95 mt=R len=7
PKT t=27119 TX ua=95 mt=P len=0
PKT t=27128 RX ua=95 mt=R len=7
PKT t=27133 TX ua=95 mt=P len=0
PKT t=27142 RX ua=95 mt=R len=7
PKT t=27147 TX ua=95 mt=P len=0
PKT t=27156 RX ua=95 mt=R len=7
PKT t=27161 TX ua=95 mt=P len=0
PKT t=27191 RX ua=95 mt=R len=7
PKT t=27196 TX ua=95 mt=P len=0
PKT t=27205 RX ua=95 mt=R len=7
PKT t=27210 TX ua=95 mt=P len=0
PKT t=27219 RX ua=95 mt=R len=7
PKT t=27224 TX ua=95 mt=P len=0
PKT t=27233 RX ua=95 mt=R len=7
PKT t=27238 TX ua=95 mt=P len=0
PKT t=27247 RX ua=95 mt=R len=7
PKT t=27252 TX ua=95 mt=P len=0
PKT t=27261 RX ua=95 mt=R len=7
PKT t=27266 TX ua=95 mt=T len=7
PKT t=27278 TX ua=95 mt=P len=0
PKT t=27297 RX ua=95 mt=R len=7
PKT t=27302 TX ua=95 mt=T len=7
PKT t=27314 TX ua=95 mt=P len=0
PKT t=27323 RX ua=95 mt=R len=7
PKT t=27346 TX ua=95 mt=P len=0
PKT t=27355 RX ua=95 mt=R len=7
PKT t=27360 TX ua=95 mt=P len=0
PKT t=27369 RX ua=95 mt=R len=7
PKT t=27374 TX ua=95 mt=P len=0
PKT t=27403 RX ua=95 mt=R len=7
PKT t=27408 TX ua=95 mt=P len=0
PKT t=27417 RX ua=95 mt=R len=7
PKT t=27422 TX ua=95 mt=P len=0
PKT t=27431 RX ua=95 mt=R len=7
PKT t=27436 TX ua=95 mt=P len=0
PKT t=27445 RX ua=95 mt=R len=7
PKT t=27450 TX ua=95 mt=P len=0
PKT t=27459 RX ua=95 mt=R len=7
PKT t=27464 TX ua=95 mt=P len=0
PKT t=27473 RX ua=95 mt=R len=7
PKT t=27478 TX ua=95 mt=P len=0
PKT t=27507 RX ua=95 mt=R len=7
PKT t=27512 TX ua=95 mt=P len=0
PKT t=27521 RX ua=95 mt=R len=7
PKT t=27526 TX ua=95 mt=P len=0
PKT t=27535 RX ua=95 mt=R len=7
PKT t=27540 TX ua=95 mt=P len=0
PKT t=27549 RX ua=95 mt=R len=7
PKT t=27554 TX ua=95 mt=T len=7
PKT t=27566 TX ua=95 mt=P len=0
PKT t=27576 RX ua=95 mt=R len=7
PKT t=27581 TX ua=95 mt=P len=0
PKT t=27610 RX ua=95 mt=R len=7
PKT t=27615 TX ua=95 mt=P len=0
PKT t=27625 RX ua=95 mt=R len=7
PKT t=27630 TX ua=95 mt=P len=0
PKT t=27656 RX ua=95 mt=R len=7
PKT t=27661 TX ua=95 mt=P len=0
PKT t=27671 RX ua=95 mt=R len=7
PKT t=27676 TX ua=95 mt=P len=0
PKT t=27709 RX ua=95 mt=R len=7
PKT t=27714 TX ua=95 mt=P len=0
PKT t=27724 RX ua=95 mt=R len=7
PKT t=27729 TX ua=95 mt=P len=0
PKT t=27739 RX ua=95 mt=R len=7
PKT t=27744 TX ua=95 mt=P len=0
PKT t=27754 RX ua=95 mt=R len=7
PKT t=27759 TX ua=95 mt=P len=0
PKT t=27769 RX ua=95 mt=R len=7
PKT t=27774 TX ua=95 mt=P len=0
PKT t=27784 RX ua=95 mt=R len=7
PKT t=27789 TX ua=95 mt=P len=0
PKT t=27818 RX ua=95 mt=R len=7
PKT t=27823 TX ua=95 mt=T len=7
PKT t=27835 TX ua=95 mt=P len=0
PKT t=27844 RX ua=95 mt=R len=7
PKT t=27849 TX ua=95 mt=P len=0
PKT t=27858 RX ua=95 mt=R len=7
PKT t=27863 TX ua=95 mt=P len=0
PKT t=27873 RX ua=95 mt=R len=7
PKT t=27878 TX ua=95 mt=P len=0
PKT t=27887 RX ua=95 mt=R len=7
PKT t=27892 TX ua=95 mt=P len=0
PKT t=27921 RX ua=95 mt=R len=7
PKT t=27926 TX ua=95 mt=P len=0
PKT t=27935 RX ua=95 mt=R len=7
PKT t=27940 TX ua=95 mt=P len=0
PKT t=27966 RX ua=95 mt=R len=7
PKT t=27971 TX ua=95 mt=P len=0
PKT t=27980 RX ua=95 mt=R len=7
PKT t=27985 TX ua=95 mt=P len=0
PKT t=27994 RX ua=95 mt=R len=7
PKT t=27999 TX ua=95 mt=P len=0
PKT t=28028 RX ua=95 mt=R len=7
PKT t=28033 TX ua=95 mt=P len=0
PKT t=28042 RX ua=95 mt=R len=7
PKT t=28047 TX ua=95 mt=P len=0
PKT t=28056 RX ua=95 mt=R len=7
PKT t=28061 TX ua=95 mt=P len=0
PKT t=28070 RX ua=95 mt=R len=7
PKT t=28075 TX ua=95 mt=T len=7
PKT t=28087 TX ua=95 mt=P len=0
PKT t=28096 RX ua=95 mt=R len=7
PKT t=28101 TX ua=95 mt=P len=0
PKT t=28130 RX ua=95 mt=R len=7
PKT t=28135 TX ua=95 mt=P len=0
PKT t=28144 RX ua=95 mt=R len=7
PKT t=28149 TX ua=95 mt=P len=0
PKT t=28158 RX ua=95 mt=R len=7
PKT t=28163 TX ua=95 mt=P len=0
PKT t=28172 RX ua=95 mt=R len=7
PKT t=28177 TX ua=95 mt=P len=0
PKT t=28186 RX ua=95 mt=R len=7
PKT t=28191 TX ua=95 mt=P len=0
PKT t=28200 RX ua=95 mt=R len=7
PKT t=28205 TX ua=95 mt=P len=0
PKT t=28234 RX ua=95 mt=R len=7
PKT t=28239 TX ua=95 mt=P len=0
PKT t=28248 RX ua=95 mt=R len=7
PKT t=28253 TX ua=95 mt=P len=0
PKT t=28276 RX ua=95 mt=R len=7
PKT t=28281 TX ua=95 mt=T len=7
PKT t=28293 TX ua=95 mt=P len=0
PKT t=28302 RX ua=95 mt=R len=7
PKT t=28307 TX ua=95 mt=P len=0
PKT t=28336 RX ua=95 mt=R len=7
PKT t=28341 TX ua=95 mt=T len=7
PKT t=28353 TX ua=95 mt=P len=0
PKT t=28362 RX ua=95 mt=R len=7
PKT t=28367 TX ua=95 mt=P len=0
PKT t=28376 RX ua=95 mt=R len=7
PKT t=28381 TX ua=95 mt=P len=0
PKT t=28390 RX ua=95 mt=R len=7
PKT t=28395 TX ua=95 mt=P len=0
PKT t=28404 RX ua=95 mt=R len=7
PKT t=28409 TX ua=95 mt=P len=0
PKT t=28438 RX ua=95 mt=R len=7
PKT t=28443 TX ua=95 mt=P len=0
PKT t=28452 RX ua=95 mt=R len=7
PKT t=28457 TX ua=95 mt=P len=0
PKT t=28466 RX ua=95 mt=R len=7
PKT t=28471 TX ua=95 mt=P len=0
PKT t=28480 RX ua=95 mt=R len=7
PKT t=28485 TX ua=95 mt=P len=0
PKT t=28494 RX ua=95 mt=R len=7
PKT t=28499 TX ua=95 mt=P len=0
PKT t=28508 RX ua=95 mt=R len=7
PKT t=28513 TX ua=95 mt=P len=0
PKT t=28543 RX ua=95 mt=R len=7
PKT t=28548 TX ua=95 mt=P len=0
PKT t=28557 RX ua=95 mt=R len=7
PKT t=28562 TX ua=95 mt=T len=7
PKT t=28591 TX ua=95 mt=P len=0
PKT t=28600 RX ua=95 mt=R len=7
PKT t=28605 TX ua=95 mt=P len=0
PKT t=28614 RX ua=95 mt=R len=7
PKT t=28619 TX ua=95 mt=P len=0
PKT t=28648 RX ua=95 mt=R len=7
PKT t=28653 TX ua=95 mt=P len=0
PKT t=28662 RX ua=95 mt=R len=7
PKT t=28667 TX ua=95 mt=P len=0
PKT t=28676 RX ua=95 mt=R len=7
PKT t=28681 TX ua=95 mt=P len=0
PKT t=28690 RX ua=95 mt=R len=7
PKT t=28695 TX ua=95 mt=P len=0
PKT t=28704 RX ua=95 mt=R len=7
PKT t=28709 TX ua=95 mt=P len=0
PKT t=28718 RX ua=95 mt=R len=7
PKT t=28741 TX ua=95 mt=P len=0
PKT t=28752 RX ua=95 mt=R len=7
PKT t=28757 TX ua=95 mt=P len=0
PKT t=28766 RX ua=95 mt=R len=7
PKT t=28771 TX ua=95 mt=P len=0
PKT t=28780 RX ua=95 mt=R len=7
PKT t=28785 TX ua=95 mt=P len=0
PKT t=28794 RX ua=95 mt=R len=7
PKT t=28799 TX ua=95 mt=P len=0
PKT t=28808 RX ua=95 mt=R len=7
PKT t=28813 TX ua=95 mt=T len=7
PKT t=28825 TX ua=95 mt=P len=0
PKT t=28853 RX ua=95 mt=R len=7
PKT t=28858 TX ua=95 mt=P len=0
PKT t=28867 RX ua=95 mt=R len=7
PKT t=28872 TX ua=95 mt=P len=0
PKT t=28896 RX ua=95 mt=R len=7
PKT t=28901 TX ua=95 mt=P len=0
PKT t=28910 RX ua=95 mt=R len=7
PKT t=28915 TX ua=95 mt=P len=0
PKT t=28924 RX ua=95 mt=R len=7
PKT t=28929 TX ua=95 mt=P len=0
PKT t=28958 RX ua=95 mt=R len=7
PKT t=28963 TX ua=95 mt=P len=0
PKT t=28972 RX ua=95 mt=R len=7
PKT t=28977 TX ua=95 mt=P len=0
PKT t=28986 RX ua=95 mt=R len=7
PKT t=28991 TX ua=95 mt=P len=0
PKT t=29000 RX ua=95 mt=R len=7
PKT t=29005 TX ua=95 mt=P len=0
PKT t=29014 RX ua=95 mt=R len=7
PKT t=29019 TX ua=95 mt=P len=0
PKT t=29028 RX ua=95 mt=R len=7
PKT t=29051 TX ua=95 mt=P len=0
PKT t=29062 RX ua=95 mt=R len=7
PKT t=29067 TX ua=95 mt=T len=7
PKT t=29079 TX ua=95 mt=P len=0
PKT t=29088 RX ua=95 mt=R len=7
PKT t=29093 TX ua=95 mt=P len=0
PKT t=29102 RX ua=95 mt=R len=7
PKT t=29107 TX ua=95 mt=P len=0
PKT t=29116 RX ua=95 mt=R len=7
PKT t=29121 TX ua=95 mt=P len=0
PKT t=29130 RX ua=95 mt=R len=7
PKT t=29135 TX ua=95 mt=P len=0
PKT t=29164 RX ua=95 mt=R len=7
PKT t=29169 TX ua=95 mt=P len=0
PKT t=29178 RX ua=95 mt=R len=7
PKT t=29183 TX ua=95 mt=P len=0
PKT t=29206 RX ua=95 mt=R len=7
PKT t=29211 TX ua=95 mt=P len=0
PKT t=29220 RX ua=95 mt=R len=7
PKT t=29225 TX ua=95 mt=P len=0
PKT t=29234 RX ua=95 mt=R len=7
PKT t=29239 TX ua=95 mt=P len=0
PKT t=29268 RX ua=95 mt=R len=7
PKT t=29273 TX ua=95 mt=P len=0
PKT t=29282 RX ua=95 mt=R len=7
PKT t=29287 TX ua=95 mt=T len=7
PKT t=29300 TX ua=95 mt=P len=0
PKT t=29309 RX ua=95 mt=R len=7
PKT t=29314 TX ua=95 mt=T len=7
PKT t=29327 TX ua=95 mt=P len=0
PKT t=29336 RX ua=95 mt=R len=7
PKT t=29341 TX ua=95 mt=P len=0
PKT t=29370 RX ua=95 mt=R len=7
PKT t=29375 TX ua=95 mt=P len=0
PKT t=29384 RX ua=95 mt=R len=7
PKT t=29389 TX ua=95 mt=P len=0
PKT t=29398 RX ua=95 mt=R len=7
PKT t=29403 TX ua=95 mt=P len=0
PKT t=29412 RX ua=95 mt=R len=7
PKT t=29417 TX ua=95 mt=P len=0
PKT t=29426 RX ua=95 mt=R len=7
PKT t=29431 TX ua=95 mt=P len=0
PKT t=29440 RX ua=95 mt=R len=7
PKT t=29445 TX ua=95 mt=P len=0
PKT t=29474 RX ua=95 mt=R len=7
PKT t=29479 TX ua=95 mt=P len=0
PKT t=29488 RX ua=95 mt=R len=7
PKT t=29493 TX ua=95 mt=P len=0
PKT t=29516 RX ua=95 mt=R len=7
PKT t=29521 TX ua=95 mt=P len=0
PKT t=29530 RX ua=95 mt=R len=7
PKT t=29535 TX ua=95 mt=P len=0
PKT t=29544 RX ua=95 mt=R len=7
PKT t=29549 TX ua=95 mt=P len=0
PKT t=29579 RX ua=95 mt=R len=7
PKT t=29583 TX ua=95 mt=T len=7
PKT t=29596 TX ua=95 mt=P len=0
PKT t=29606 RX ua=95 mt=R len=7
PKT t=29611 TX ua=95 mt=P len=0
PKT t=29621 RX ua=95 mt=R len=7
PKT t=29626 TX ua=95 mt=P len=0
PKT t=29636 RX ua=95 mt=R len=7
PKT t=29641 TX ua=95 mt=P len=0
PKT t=29651 RX ua=95 mt=R len=7
PKT t=29671 TX ua=95 mt=P len=0
PKT t=29685 RX ua=95 mt=R len=7
PKT t=29690 TX ua=95 mt=P len=0
PKT t=29700 RX ua=95 mt=R len=7
PKT t=29705 TX ua=95 mt=P len=0
PKT t=29715 RX ua=95 mt=R len=7
PKT t=29720 TX ua=95 mt=P len=0
PKT t=29730 RX ua=95 mt=R len=7
PKT t=29735 TX ua=95 mt=P len=0
PKT t=29745 RX ua=95 mt=R len=7
PKT t=29750 TX ua=95 mt=P len=0
PKT t=29760 RX ua=95 mt=R len=7
PKT t=29765 TX ua=95 mt=P len=0
PKT t=29794 RX ua=95 mt=R len=7
PKT t=29799 TX ua=95 mt=P len=0
PKT t=29826 RX ua=95 mt=R len=7
PKT t=29831 TX ua=95 mt=T len=7
PKT t=29844 TX ua=95 mt=P len=0
PKT t=29853 RX ua=95 mt=R len=7
PKT t=29858 TX ua=95 mt=P len=0
PKT t=29867 RX ua=95 mt=R len=7
PKT t=29872 TX ua=95 mt=P len=0
PKT t=29901 RX ua=95 mt=R len=7
PKT t=29906 TX ua=95 mt=P len=0
PKT t=29915 RX ua=95 mt=R len=7
PKT t=29920 TX ua=95 mt=P len=0
PKT t=29929 RX ua=95 mt=R len=7
PKT t=29934 TX ua=95 mt=P len=0
PKT t=29943 RX ua=95 mt=R len=7
PKT t=29948 TX ua=95 mt=P len=0
PKT t=29957 RX ua=95 mt=R len=7
PKT t=29962 TX ua=95 mt=P len=0
PKT t=29982 RX ua=95 mt=R len=7
PKT t=30237 TX ua=96 mt=P len=0
PKT t=30495 TX ua=95 mt=P len=0
PKT t=30504 RX ua=95 mt=R len=7
PKT t=30509 TX ua=95 mt=T len=7
PKT t=30521 TX ua=95 mt=P len=0
PKT t=30530 RX ua=95 mt=R len=7
PKT t=30535 TX ua=95 mt=P len=0
PKT t=30544 RX ua=95 mt=R len=7
PKT t=30549 TX ua=95 mt=P len=0
PKT t=30558 RX ua=95 mt=R len=7
PKT t=30563 TX ua=95 mt=P len=0
PKT t=30572 RX ua=95 mt=R len=7
PKT t=30577 TX ua=95 mt=T len=7
PKT t=30606 TX ua=95 mt=P len=0
PKT t=30615 RX ua=95 mt=R len=7
PKT t=30620 TX ua=95 mt=P len=0
PKT t=30629 RX ua=95 mt=R len=7
PKT t=30634 TX ua=95 mt=P len=0
PKT t=30643 RX ua=95 mt=R len=7
PKT t=30648 TX ua=95 mt=P len=0
PKT t=30657 RX ua=95 mt=R len=7
PKT t=30662 TX ua=95 mt=P len=0
PKT t=30671 RX ua=95 mt=R len=7
PKT t=30676 TX ua=95 mt=P len=0
PKT t=30706 RX ua=95 mt=R len=7
PKT t=30711 TX ua=95 mt=P len=0
PKT t=30720 RX ua=95 mt=R len=7
PKT t=30725 TX ua=95 mt=P len=0
PKT t=30734 RX ua=95 mt=R len=7
PKT t=30756 TX ua=95 mt=P len=0
PKT t=30765 RX ua=95 mt=R len=7
PKT t=30770 TX ua=95 mt=P len=0
PKT t=30779 RX ua=95 mt=R len=7
PKT t=30784 TX ua=95 mt=P len=0
PKT t=30813 RX ua=95 mt=R len=7
PKT t=30818 TX ua=95 mt=P len=0
PKT t=30827 RX ua=95 mt=R len=7
PKT t=30832 TX ua=95 mt=T len=7
PKT t=30844 TX ua=95 mt=P len=0
PKT t=30853 RX ua=95 mt=R len=7
PKT t=30858 TX ua=95 mt=P len=0
PKT t=30867 RX ua=95 mt=R len=7
PKT t=30872 TX ua=95 mt=P len=0
PKT t=30881 RX ua=95 mt=R len=7
PKT t=30886 TX ua=95 mt=P len=0
PKT t=30915 RX ua=95 mt=R len=7
PKT t=30920 TX ua=95 mt=P len=0
PKT t=30929 RX ua=95 mt=R len=7
PKT t=30934 TX ua=95 mt=P len=0
PKT t=30943 RX ua=95 mt=R len=7
PKT t=30948 TX ua=95 mt=P len=0
PKT t=30957 RX ua=95 mt=R len=7
PKT t=30962 TX ua=95 mt=P len=0
PKT t=30971 RX ua=95 mt=R len=7
PKT t=30976 TX ua=95 mt=P len=0
PKT t=30985 RX ua=95 mt=R len=7
PKT t=30990 TX ua=95 mt=P len=0
PKT t=31019 RX ua=95 mt=R len=7
PKT t=31024 TX ua=95 mt=P len=0
PKT t=31033 RX ua=95 mt=R len=7
PKT t=31038 TX ua=95 mt=P len=0
PKT t=31066 RX ua=95 mt=R len=7
PKT t=31071 TX ua=95 mt=P len=0
PKT t=31080 RX ua=95 mt=R len=7
PKT t=31085 TX ua=95 mt=T len=7
PKT t=31097 TX ua=95 mt=P len=0
PKT t=31121 RX ua=95 mt=R len=7
PKT t=31126 TX ua=95 mt=P len=0
PKT t=31135 RX ua=95 mt=R len=7
PKT t=31140 TX ua=95 mt=P len=0
PKT t=31150 RX ua=95 mt=R len=7
PKT t=31155 TX ua=95 mt=P len=0
PKT t=31164 RX ua=95 mt=R len=7
PKT t=31169 TX ua=95 mt=P len=0
PKT t=31178 RX ua=95 mt=R len=7
PKT t=31183 TX ua=95 mt=P len=0
PKT t=31192 RX ua=95 mt=R len=7
PKT t=31197 TX ua=95 mt=P len=0
PKT t=31226 RX ua=95 mt=R len=7
PKT t=31231 TX ua=95 mt=P len=0
PKT t=31240 RX ua=95 mt=R len=7
PKT t=31245 TX ua=95 mt=P len=0
PKT t=31254 RX ua=95 mt=R len=7
PKT t=31259 TX ua=95 mt=P len=0
PKT t=31268 RX ua=95 mt=R len=7
PKT t=31273 TX ua=95 mt=P len=0
PKT t=31282 RX ua=95 mt=R len=7
PKT t=31287 TX ua=95 mt=P len=0
PKT t=31296 RX ua=95 mt=R len=7
PKT t=31301 TX ua=95 mt=T len=7
PKT t=31313 TX ua=95 mt=P len=0
PKT t=31332 RX ua=95 mt=R len=7
PKT t=31337 TX ua=95 mt=T len=7
PKT t=31349 TX ua=95 mt=P len=0
PKT t=31376 RX ua=95 mt=R len=7
PKT t=31381 TX ua=95 mt=P len=0
PKT t=31390 RX ua=95 mt=R len=7
PKT t=31395 TX ua=95 mt=P len=0
PKT t=31404 RX ua=95 mt=R len=7
PKT t=31409 TX ua=95 mt=P len=0
PKT t=31438 RX ua=95 mt=R len=7
PKT t=31443 TX ua=95 mt=P len=0
PKT t=31452 RX ua=95 mt=R len=7
PKT t=31457 TX ua=95 mt=P len=0
PKT t=31466 RX ua=95 mt=R len=7
PKT t=31471 TX ua=95 mt=P len=0
PKT t=31480 RX ua=95 mt=R len=7
PKT t=31485 TX ua=95 mt=P len=0
PKT t=31494 RX ua=95 mt=R len=7
PKT t=31499 TX ua=95 mt=P len=0
PKT t=31508 RX ua=95 mt=R len=7
PKT t=31531 TX ua=95 mt=P len=0
PKT t=31543 RX ua=95 mt=R len=7
PKT t=31547 TX ua=95 mt=P len=0
PKT t=31556 RX ua=95 mt=R len=7
PKT t=31561 TX ua=95 mt=P len=0
PKT t=31570 RX ua=95 mt=R len=7
PKT t=31575 TX ua=95 mt=P len=0
PKT t=31584 RX ua=95 mt=R len=7
PKT t=31589 TX ua=95 mt=T len=7
PKT t=31601 TX ua=95 mt=P len=0
PKT t=31611 RX ua=95 mt=R len=7
PKT t=31616 TX ua=95 mt=P len=0
PKT t=31645 RX ua=95 mt=R len=7
PKT t=31650 TX ua=95 mt=P len=0
PKT t=31660 RX ua=95 mt=R len=7
PKT t=31665 TX ua=95 mt=P len=0
PKT t=31686 RX ua=95 mt=R len=7
PKT t=31941 TX ua=96 mt=P len=0
PKT t=32199 TX ua=95 mt=P len=0
PKT t=32209 RX ua=95 mt=R len=7
PKT t=32214 TX ua=95 mt=T len=7
PKT t=32226 TX ua=95 mt=P len=0
PKT t=32246 RX ua=95 mt=R len=7
PKT t=32251 TX ua=95 mt=P len=0
PKT t=32260 RX ua=95 mt=R len=7
PKT t=32265 TX ua=95 mt=P len=0
PKT t=32275 RX ua=95 mt=R len=7
PKT t=32280 TX ua=95 mt=P len=0
PKT t=32306 RX ua=95 mt=R len=7
PKT t=32311 TX ua=95 mt=T len=7
PKT t=32323 TX ua=95 mt=P len=0
PKT t=32346 RX ua=95 mt=R len=7
PKT t=32351 TX ua=95 mt=T len=7
PKT t=32363 TX ua=95 mt=P len=0
PKT t=32372 RX ua=95 mt=R len=7
PKT t=32377 TX ua=95 mt=P len=0
PKT t=32386 RX ua=95 mt=R len=7
PKT t=32391 TX ua=95 mt=P len=0
PKT t=32400 RX ua=95 mt=R len=7
PKT t=32405 TX ua=95 mt=P len=0
PKT t=32414 RX ua=95 mt=R len=7
PKT t=32419 TX ua=95 mt=P len=0
PKT t=32461 RX ua=95 mt=R len=7
PKT t=32466 TX ua=95 mt=P len=0
PKT t=32475 RX ua=95 mt=R len=7
PKT t=32480 TX ua=95 mt=P len=0
PKT t=32489 RX ua=95 mt=R len=7
PKT t=32494 TX ua=95 mt=P len=0
PKT t=32503 RX ua=95 mt=R len=7
PKT t=32508 TX ua=95 mt=P len=0
PKT t=32517 RX ua=95 mt=R len=7
PKT t=32522 TX ua=95 mt=P len=0
PKT t=32551 RX ua=95 mt=R len=7
PKT t=32556 TX ua=95 mt=P len=0
PKT t=32565 RX ua=95 mt=R len=7
PKT t=32570 TX ua=95 mt=P len=0
PKT t=32579 RX ua=95 mt=R len=7
PKT t=32584 TX ua=95 mt=P len=0
PKT t=32593 RX ua=95 mt=R len=7
PKT t=32616 TX ua=95 mt=T len=7
PKT t=32628 TX ua=95 mt=P len=0
PKT t=32656 RX ua=95 mt=R len=7
PKT t=32661 TX ua=95 mt=P len=0
PKT t=32670 RX ua=95 mt=R len=7
PKT t=32675 TX ua=95 mt=P len=0
PKT t=32684 RX ua=95 mt=R len=7
PKT t=32689 TX ua=95 mt=P len=0
PKT t=32698 RX ua=95 mt=R len=7
PKT t=32703 TX ua=95 mt=P len=0
PKT t=32712 RX ua=95 mt=R len=7
PKT t=32717 TX ua=95 mt=P len=0
PKT t=32726 RX ua=95 mt=R len=7
PKT t=32731 TX ua=95 mt=P len=0
PKT t=32771 RX ua=95 mt=R len=7
PKT t=32776 TX ua=95 mt=P len=0
PKT t=32785 RX ua=95 mt=R len=7
PKT t=32790 TX ua=95 mt=P len=0
PKT t=32799 RX ua=95 mt=R len=7
PKT t=32804 TX ua=95 mt=P len=0
PKT t=32813 RX ua=95 mt=R len=7
PKT t=32818 TX ua=95 mt=P len=0
PKT t=32827 RX ua=95 mt=R len=7
PKT t=32832 TX ua=95 mt=P len=0
PKT t=32861 RX ua=95 mt=R len=7
PKT t=32866 TX ua=95 mt=T len=7
PKT t=32878 TX ua=95 mt=P len=0
PKT t=32887 RX ua=95 mt=R len=7
PKT t=32892 TX ua=95 mt=P len=0
PKT t=32901 RX ua=95 mt=R len=7
PKT t=32906 TX ua=95 mt=P len=0
PKT t=32926 RX ua=95 mt=R len=7
PKT t=33181 TX ua=96 mt=P len=0
PKT t=33439 TX ua=95 mt=P len=0
PKT t=33448 RX ua=95 mt=R len=7
PKT t=33453 TX ua=95 mt=T len=7
PKT t=33465 TX ua=95 mt=P len=0
PKT t=33474 RX ua=95 mt=R len=7
PKT t=33479 TX ua=95 mt=P len=0
PKT t=33488 RX ua=95 mt=R len=7
PKT t=33493 TX ua=95 mt=P len=0
PKT t=33502 RX ua=95 mt=R len=7
PKT t=33507 TX ua=95 mt=P len=0
PKT t=33516 RX ua=95 mt=R len=7
PKT t=33521 TX ua=95 mt=P len=0
PKT t=33546 RX ua=95 mt=R len=7
PKT t=33551 TX ua=95 mt=P len=0
PKT t=33564 RX ua=95 mt=R len=7
PKT t=33569 TX ua=95 mt=P len=0
PKT t=33578 RX ua=95 mt=R len=7
PKT t=33583 TX ua=95 mt=P len=0
PKT t=33592 RX ua=95 mt=R len=7
PKT t=33597 TX ua=95 mt=T len=7
PKT t=33609 TX ua=95 mt=P len=0
PKT t=33619 RX ua=95 mt=R len=7
PKT t=33624 TX ua=95 mt=P len=0
PKT t=33634 RX ua=95 mt=R len=7
PKT t=33639 TX ua=95 mt=P len=0
PKT t=33668 RX ua=95 mt=R len=7
PKT t=33673 TX ua=95 mt=P len=0
PKT t=33701 RX ua=95 mt=R len=7
PKT t=33706 TX ua=95 mt=P len=0
PKT t=33716 RX ua=95 mt=R len=7
PKT t=33721 TX ua=95 mt=P len=0
PKT t=33731 RX ua=95 mt=R len=7
PKT t=33736 TX ua=95 mt=P len=0
PKT t=33767 RX ua=95 mt=R len=7
PKT t=33772 TX ua=95 mt=P len=0
PKT t=33782 RX ua=95 mt=R len=7
PKT t=33787 TX ua=95 mt=P len=0
PKT t=33797 RX ua=95 mt=R len=7
PKT t=33802 TX ua=95 mt=P len=0
PKT t=33812 RX ua=95 mt=R len=7
PKT t=33817 TX ua=95 mt=P len=0
PKT t=33827 RX ua=95 mt=R len=7
PKT t=33832 TX ua=95 mt=P len=0
PKT t=33856 RX ua=95 mt=R len=7
PKT t=33861 TX ua=95 mt=T len=7
PKT t=33873 TX ua=95 mt=P len=0
PKT t=33882 RX ua=95 mt=R len=7
PKT t=33887 TX ua=95 mt=P len=0
PKT t=33896 RX ua=95 mt=R len=7
PKT t=33901 TX ua=95 mt=P len=0
PKT t=33910 RX ua=95 mt=R len=7
PKT t=33915 TX ua=95 mt=P len=0
PKT t=33924 RX ua=95 mt=R len=7
PKT t=33929 TX ua=95 mt=P len=0
PKT t=33938 RX ua=95 mt=R len=7
PKT t=33943 TX ua=95 mt=P len=0
PKT t=33975 RX ua=95 mt=R len=7
PKT t=33980 TX ua=95 mt=P len=0
PKT t=33989 RX ua=95 mt=R len=7
PKT t=34011 TX ua=95 mt=P len=0
PKT t=34020 RX ua=95 mt=R len=7
PKT t=34025 TX ua=95 mt=P len=0
PKT t=34034 RX ua=95 mt=R len=7
PKT t=34039 TX ua=95 mt=P len=0
PKT t=34048 RX ua=95 mt=R len=7
PKT t=34053 TX ua=95 mt=P len=0
PKT t=34082 RX ua=95 mt=R len=7
PKT t=34087 TX ua=95 mt=P len=0
PKT t=34096 RX ua=95 mt=R len=7
PKT t=34101 TX ua=95 mt=P len=0
PKT t=34110 RX ua=95 mt=R len=7
PKT t=34115 TX ua=95 mt=T len=7
PKT t=34127 TX ua=95 mt=P len=0
PKT t=34136 RX ua=95 mt=R len=7
PKT t=34141 TX ua=95 mt=P len=0
PKT t=34171 RX ua=95 mt=R len=7
PKT t=34176 TX ua=95 mt=P len=0
PKT t=34185 RX ua=95 mt=R len=7
PKT t=34190 TX ua=95 mt=P len=0
PKT t=34199 RX ua=95 mt=R len=7
PKT t=34204 TX ua=95 mt=P len=0
PKT t=34213 RX ua=95 mt=R len=7
PKT t=34218 TX ua=95 mt=P len=0
PKT t=34227 RX ua=95 mt=R len=7
PKT t=34232 TX ua=95 mt=P len=0
PKT t=34241 RX ua=95 mt=R len=7
PKT t=34246 TX ua=95 mt=P len=0
PKT t=34255 RX ua=95 mt=R len=7
PKT t=34260 TX ua=95 mt=P len=0
PKT t=34289 RX ua=95 mt=R len=7
PKT t=34294 TX ua=95 mt=P len=0
PKT t=34321 RX ua=95 mt=R len=7
PKT t=34326 TX ua=95 mt=T len=7
PKT t=34339 TX ua=95 mt=P len=0
PKT t=34348 RX ua=95 mt=R len=7
PKT t=34353 TX ua=95 mt=T len=7
PKT t=34366 TX ua=95 mt=P len=0
PKT t=34393 RX ua=95 mt=R len=7
PKT t=34398 TX ua=95 mt=P len=0
PKT t=34407 RX ua=95 mt=R len=7
PKT t=34412 TX ua=95 mt=P len=0
PKT t=34421 RX ua=95 mt=R len=7
PKT t=34426 TX ua=95 mt=P len=0
PKT t=34435 RX ua=95 mt=R len=7
PKT t=34440 TX ua=95 mt=P len=0
PKT t=34449 RX ua=95 mt=R len=7
PKT t=34454 TX ua=95 mt=P len=0
PKT t=34476 RX ua=95 mt=R len=7
PKT t=34481 TX ua=95 mt=P len=0
PKT t=34497 RX ua=95 mt=R len=7
PKT t=34502 TX ua=95 mt=P len=0
PKT t=34511 RX ua=95 mt=R len=7
PKT t=34516 TX ua=95 mt=P len=0
PKT t=34525 RX ua=95 mt=R len=7
PKT t=34530 TX ua=95 mt=P len=0
PKT t=34539 RX ua=95 mt=R len=7
PKT t=34544 TX ua=95 mt=P len=0
PKT t=34553 RX ua=95 mt=R len=7
PKT t=34558 TX ua=95 mt=P len=0
PKT t=34567 RX ua=95 mt=R len=7
PKT t=34572 TX ua=95 mt=P len=0
PKT t=34601 RX ua=95 mt=R len=7
PKT t=34606 TX ua=95 mt=P len=0
PKT t=34631 RX ua=95 mt=R len=7
PKT t=34636 TX ua=95 mt=T len=7
PKT t=34649 TX ua=95 mt=P len=0
PKT t=34658 RX ua=95 mt=R len=7
PKT t=34663 TX ua=95 mt=P len=0
PKT t=34672 RX ua=95 mt=R len=7
PKT t=34677 TX ua=95 mt=P len=0
PKT t=34706 RX ua=95 mt=R len=7
PKT t=34711 TX ua=95 mt=P len=0
PKT t=34720 RX ua=95 mt=R len=7
PKT t=34725 TX ua=95 mt=P len=0
PKT t=34734 RX ua=95 mt=R len=7
PKT t=34739 TX ua=95 mt=P len=0
PKT t=34748 RX ua=95 mt=R len=7
PKT t=34753 TX ua=95 mt=P len=0
PKT t=34762 RX ua=95 mt=R len=7
PKT t=34767 TX ua=95 mt=P len=0
PKT t=34787 RX ua=95 mt=R len=7
PKT t=35042 TX ua=96 mt=P len=0
PKT t=35300 TX ua=95 mt=P len=0
PKT t=35309 RX ua=95 mt=R len=7
PKT t=35314 TX ua=95 mt=T len=7
PKT t=35327 TX ua=95 mt=P len=0
PKT t=35336 RX ua=95 mt=R len=7
PKT t=35341 TX ua=95 mt=P len=0
PKT t=35350 RX ua=95 mt=R len=7
PKT t=35355 TX ua=95 mt=P len=0
PKT t=35364 RX ua=95 mt=R len=7
PKT t=35369 TX ua=95 mt=T len=7
PKT t=35381 TX ua=95 mt=P len=0
PKT t=35410 RX ua=95 mt=R len=7
PKT t=35415 TX ua=95 mt=P len=0
PKT t=35424 RX ua=95 mt=R len=7
PKT t=35429 TX ua=95 mt=P len=0
PKT t=35438 RX ua=95 mt=R len=7
PKT t=35443 TX ua=95 mt=P len=0
PKT t=35452 RX ua=95 mt=R len=7
PKT t=35457 TX ua=95 mt=P len=0
PKT t=35466 RX ua=95 mt=R len=7
PKT t=35471 TX ua=95 mt=P len=0
PKT t=35480 RX ua=95 mt=R len=7
PKT t=35485 TX ua=95 mt=P len=0
PKT t=35514 RX ua=95 mt=R len=7
PKT t=35519 TX ua=95 mt=P len=0
PKT t=35528 RX ua=95 mt=R len=7
PKT t=35533 TX ua=95 mt=P len=0
PKT t=35561 RX ua=95 mt=R len=7
PKT t=35566 TX ua=95 mt=P len=0
PKT t=35575 RX ua=95 mt=R len=7
PKT t=35580 TX ua=95 mt=P len=0
PKT t=35589 RX ua=95 mt=R len=7
PKT t=35594 TX ua=95 mt=P len=0
PKT t=35623 RX ua=95 mt=R len=7
PKT t=35628 TX ua=95 mt=T len=7
PKT t=35640 TX ua=95 mt=P len=0
PKT t=35650 RX ua=95 mt=R len=7
PKT t=35655 TX ua=95 mt=P len=0
PKT t=35665 RX ua=95 mt=R len=7
PKT t=35670 TX ua=95 mt=P len=0
PKT t=35680 RX ua=95 mt=R len=7
PKT t=35685 TX ua=95 mt=P len=0
PKT t=35695 RX ua=95 mt=R len=7
PKT t=35716 TX ua=95 mt=P len=0
PKT t=35729 RX ua=95 mt=R len=7
PKT t=35734 TX ua=95 mt=P len=0
PKT t=35744 RX ua=95 mt=R len=7
PKT t=35749 TX ua=95 mt=P len=0
PKT t=35759 RX ua=95 mt=R len=7
PKT t=35764 TX ua=95 mt=P len=0
PKT t=35774 RX ua=95 mt=R len=7
PKT t=35779 TX ua=95 mt=P len=0
PKT t=35789 RX ua=95 mt=R len=7
PKT t=35794 TX ua=95 mt=P len=0
PKT t=35828 RX ua=95 mt=R len=7
PKT t=35833 TX ua=95 mt=P len=0
PKT t=35843 RX ua=95 mt=R len=7
PKT t=35848 TX ua=95 mt=P len=0
PKT t=35871 RX ua=95 mt=R len=7
PKT t=35876 TX ua=95 mt=T len=7
PKT t=35888 TX ua=95 mt=P len=0
PKT t=35897 RX ua=95 mt=R len=7
PKT t=35902 TX ua=95 mt=P len=0
PKT t=35931 RX ua=95 mt=R len=7
PKT t=35936 TX ua=95 mt=P len=0
PKT t=35945 RX ua=95 mt=R len=7
PKT t=35950 TX ua=95 mt=P len=0
PKT t=35959 RX ua=95 mt=R len=7
PKT t=35964 TX ua=95 mt=P len=0
PKT t=35973 RX ua=95 mt=R len=7
PKT t=35978 TX ua=95 mt=P len=0
PKT t=35987 RX ua=95 mt=R len=7
PKT t=35992 TX ua=95 mt=P len=0
PKT t=36001 RX ua=95 mt=R len=7
PKT t=36006 TX ua=95 mt=P len=0
PKT t=36036 RX ua=95 mt=R len=7
PKT t=36041 TX ua=95 mt=P len=0
PKT t=36050 RX ua=95 mt=R len=7
PKT t=36055 TX ua=95 mt=P len=0
PKT t=36064 RX ua=95 mt=R len=7
PKT t=36069 TX ua=95 mt=P len=0
PKT t=36078 RX ua=95 mt=R len=7
PKT t=36083 TX ua=95 mt=P len=0
PKT t=36092 RX ua=95 mt=R len=7
PKT t=36097 TX ua=95 mt=P len=0
PKT t=36106 RX ua=95 mt=R len=7
PKT t=36111 TX ua=95 mt=P len=0
PKT t=36140 RX ua=95 mt=R len=7
PKT t=36145 TX ua=95 mt=T len=7
PKT t=36157 TX ua=95 mt=P len=0
PKT t=36186 RX ua=95 mt=R len=7
PKT t=36191 TX ua=95 mt=P len=0
PKT t=36200 RX ua=95 mt=R len=7
PKT t=36205 TX ua=95 mt=P len=0
PKT t=36214 RX ua=95 mt=R len=7
PKT t=36219 TX ua=95 mt=P len=0
PKT t=36248 RX ua=95 mt=R len=7
PKT t=36253 TX ua=95 mt=P len=0
PKT t=36262 RX ua=95 mt=R len=7
PKT t=36267 TX ua=95 mt=P len=0
PKT t=36276 RX ua=95 mt=R len=7
PKT t=36281 TX ua=95 mt=P len=0
PKT t=36290 RX ua=95 mt=R len=7
PKT t=36295 TX ua=95 mt=P len=0
PKT t=36304 RX ua=95 mt=R len=7
PKT t=36309 TX ua=95 mt=P len=0
PKT t=36336 RX ua=95 mt=R len=7
PKT t=36341 TX ua=95 mt=T len=7
PKT t=36353 TX ua=95 mt=P len=0
PKT t=36362 RX ua=95 mt=R len=7
PKT t=36367 TX ua=95 mt=P len=0
PKT t=36376 RX ua=95 mt=R len=7
PKT t=36381 TX ua=95 mt=T len=7
PKT t=36393 TX ua=95 mt=P len=0
PKT t=36402 RX ua=95 mt=R len=7
PKT t=36407 TX ua=95 mt=P len=0
PKT t=36416 RX ua=95 mt=R len=7
PKT t=36421 TX ua=95 mt=P len=0
PKT t=36452 RX ua=95 mt=R len=7
PKT t=36457 TX ua=95 mt=P len=0
PKT t=36466 RX ua=95 mt=R len=7
PKT t=36471 TX ua=95 mt=P len=0
PKT t=36491 RX ua=95 mt=R len=7
PKT t=36746 TX ua=96 mt=P len=0
PKT t=37004 TX ua=95 mt=P len=0
PKT t=37013 RX ua=95 mt=R len=7
PKT t=37018 TX ua=95 mt=T len=7
PKT t=37030 TX ua=95 mt=P len=0
PKT t=37058 RX ua=95 mt=R len=7
PKT t=37063 TX ua=95 mt=P len=0
PKT t=37072 RX ua=95 mt=R len=7
PKT t=37077 TX ua=95 mt=P len=0
PKT t=37086 RX ua=95 mt=R len=7
PKT t=37091 TX ua=95 mt=P len=0
PKT t=37111 RX ua=95 mt=R len=7
