PKT t=7113 TX ua=95 mt=T len=7
PKT t=7125 TX ua=95 mt=P len=0
PKT t=7144 RX ua=95 mt=R len=7
PKT t=7149 TX ua=95 mt=P len=0
PKT t=7158 RX ua=95 mt=R len=7
PKT t=7163 TX ua=95 mt=P len=0
PKT t=7172 RX ua=95 mt=R len=7
PKT t=7177 TX ua=95 mt=P len=0
PKT t=7186 RX ua=95 mt=R len=7
PKT t=7191 TX ua=95 mt=P len=0
PKT t=7200 RX ua=95 mt=R len=7
PKT t=7205 TX ua=95 mt=P len=0
PKT t=7214 RX ua=95 mt=R len=7
PKT t=7219 TX ua=95 mt=P len=0
PKT t=7249 RX ua=95 mt=R len=7
PKT t=7254 TX ua=95 mt=P len=0
PKT t=7263 RX ua=95 mt=R len=7
PKT t=7268 TX ua=95 mt=P len=0
PKT t=7277 RX ua=95 mt=R len=7
PKT t=7282 TX ua=95 mt=P len=0
PKT t=7291 RX ua=95 mt=R len=7
PKT t=7296 TX ua=95 mt=P len=0
PKT t=7305 RX ua=95 mt=R len=7
PKT t=7310 TX ua=95 mt=P len=0
PKT t=7319 RX ua=95 mt=R len=7
PKT t=7324 TX ua=95 mt=P len=0
PKT t=7353 RX ua=95 mt=R len=7
PKT t=7358 TX ua=95 mt=P len=0
PKT t=7367 RX ua=95 mt=R len=7
PKT t=7372 TX ua=95 mt=T len=7
PKT t=7384 TX ua=95 mt=P len=0
PKT t=7394 RX ua=95 mt=R len=7
PKT t=7399 TX ua=95 mt=P len=0
PKT t=7409 RX ua=95 mt=R len=7
PKT t=7414 TX ua=95 mt=P len=0
PKT t=7424 RX ua=95 mt=R len=7
PKT t=7429 TX ua=95 mt=P len=0
PKT t=7458 RX ua=95 mt=R len=7
PKT t=7463 TX ua=95 mt=P len=0
PKT t=7473 RX ua=95 mt=R len=7
PKT t=7478 TX ua=95 mt=P len=0
PKT t=7488 RX ua=95 mt=R len=7
PKT t=7493 TX ua=95 mt=P len=0
PKT t=7503 RX ua=95 mt=R len=7
PKT t=7508 TX ua=95 mt=P len=0
PKT t=7518 RX ua=95 mt=R len=7
PKT t=7523 TX ua=95 mt=P len=0
PKT t=7533 RX ua=95 mt=R len=7
PKT t=7538 TX ua=95 mt=P len=0
PKT t=7567 RX ua=95 mt=R len=7
PKT t=7572 TX ua=95 mt=P len=0
PKT t=7582 RX ua=95 mt=R len=7
PKT t=7587 TX ua=95 mt=P len=0
PKT t=7597 RX ua=95 mt=R len=7
PKT t=7602 TX ua=95 mt=P len=0
PKT t=7612 RX ua=95 mt=R len=7
PKT t=7617 TX ua=95 mt=T len=7
PKT t=7629 TX ua=95 mt=P len=0
PKT t=7638 RX ua=95 mt=R len=7
PKT t=7643 TX ua=95 mt=P len=0
PKT t=7672 RX ua=95 mt=R len=7
PKT t=7677 TX ua=95 mt=P len=0
PKT t=7686 RX ua=95 mt=R len=7
PKT t=7691 TX ua=95 mt=P len=0
PKT t=7700 RX ua=95 mt=R len=7
PKT t=7705 TX ua=95 mt=P len=0
PKT t=7715 RX ua=95 mt=R len=7
PKT t=7720 TX ua=95 mt=P len=0
PKT t=7729 RX ua=95 mt=R len=7
PKT t=7734 TX ua=95 mt=P len=0
PKT t=7743 RX ua=95 mt=R len=7
PKT t=7748 TX ua=95 mt=P len=0
PKT t=7777 RX ua=95 mt=R len=7
PKT t=7782 TX ua=95 mt=P len=0
PKT t=7791 RX ua=95 mt=R len=7
PKT t=7796 TX ua=95 mt=P len=0
PKT t=7805 RX ua=95 mt=R len=7
PKT t=7810 TX ua=95 mt=P len=0
PKT t=7819 RX ua=95 mt=R len=7
PKT t=7824 TX ua=95 mt=P len=0
PKT t=7833 RX ua=95 mt=R len=7
PKT t=7838 TX ua=95 mt=P len=0
PKT t=7847 RX ua=95 mt=R len=7
PKT t=7852 TX ua=95 mt=P len=0
PKT t=7881 RX ua=95 mt=R len=7
PKT t=7886 TX ua=95 mt=T len=7
PKT t=7898 TX ua=95 mt=P len=0
PKT t=7907 RX ua=95 mt=R len=7
PKT t=7912 TX ua=95 mt=P len=0
PKT t=7921 RX ua=95 mt=R len=7
PKT t=7926 TX ua=95 mt=P len=0
PKT t=7935 RX ua=95 mt=R len=7
PKT t=7940 TX ua=95 mt=P len=0
PKT t=7949 RX ua=95 mt=R len=7
PKT t=7954 TX ua=95 mt=P len=0
PKT t=7983 RX ua=95 mt=R len=7
PKT t=7988 TX ua=95 mt=P len=0
PKT t=7997 RX ua=95 mt=R len=7
PKT t=8002 TX ua=95 mt=P len=0
PKT t=8011 RX ua=95 mt=R len=7
PKT t=8016 TX ua=95 mt=P len=0
PKT t=8025 RX ua=95 mt=R len=7
PKT t=8030 TX ua=95 mt=P len=0
PKT t=8039 RX ua=95 mt=R len=7
PKT t=8044 TX ua=95 mt=P len=0
PKT t=8066 RX ua=95 mt=R len=7
PKT t=8071 TX ua=95 mt=P len=0
PKT t=8087 RX ua=95 mt=R len=7
PKT t=8092 TX ua=95 mt=P len=0
PKT t=8101 RX ua=95 mt=R len=7
PKT t=8106 TX ua=95 mt=P len=0
PKT t=8115 RX ua=95 mt=R len=7
PKT t=8120 TX ua=95 mt=T len=7
PKT t=8132 TX ua=95 mt=P len=0
PKT t=8141 RX ua=95 mt=R len=7
PKT t=8146 TX ua=95 mt=P len=0
PKT t=8155 RX ua=95 mt=R len=7
PKT t=8160 TX ua=95 mt=P len=0
PKT t=8189 RX ua=95 mt=R len=7
PKT t=8194 TX ua=95 mt=P len=0
PKT t=8203 RX ua=95 mt=R len=7
PKT t=8208 TX ua=95 mt=P len=0
PKT t=8217 RX ua=95 mt=R len=7
PKT t=8222 TX ua=95 mt=P len=0
PKT t=8231 RX ua=95 mt=R len=7
PKT t=8236 TX ua=95 mt=P len=0
PKT t=8245 RX ua=95 mt=R len=7
PKT t=8250 TX ua=95 mt=P len=0
PKT t=8260 RX ua=95 mt=R len=7
PKT t=8265 TX ua=95 mt=P len=0
PKT t=8294 RX ua=95 mt=R len=7
PKT t=8299 TX ua=95 mt=P len=0
PKT t=8308 RX ua=95 mt=R len=7
PKT t=8313 TX ua=95 mt=P len=0
PKT t=8322 RX ua=95 mt=R len=7
PKT t=8327 TX ua=95 mt=P len=0
PKT t=8336 RX ua=95 mt=R len=7
PKT t=8341 TX ua=95 mt=P len=0
PKT t=8350 RX ua=95 mt=R len=7
PKT t=8355 TX ua=95 mt=P len=0
PKT t=8364 RX ua=95 mt=R len=7
PKT t=8369 TX ua=95 mt=T len=7
PKT t=8381 TX ua=95 mt=P len=0
PKT t=8400 RX ua=95 mt=R len=7
PKT t=8405 TX ua=95 mt=P len=0
PKT t=8414 RX ua=95 mt=R len=7
PKT t=8419 TX ua=95 mt=P len=0
PKT t=8428 RX ua=95 mt=R len=7
PKT t=8433 TX ua=95 mt=P len=0
PKT t=8442 RX ua=95 mt=R len=7
PKT t=8447 TX ua=95 mt=P len=0
PKT t=8456 RX ua=95 mt=R len=7
PKT t=8461 TX ua=95 mt=P len=0
PKT t=8470 RX ua=95 mt=R len=7
PKT t=8475 TX ua=95 mt=P len=0
PKT t=8504 RX ua=95 mt=R len=7
PKT t=8509 TX ua=95 mt=P len=0
PKT t=8518 RX ua=95 mt=R len=7
PKT t=8523 TX ua=95 mt=P len=0
PKT t=8532 RX ua=95 mt=R len=7
PKT t=8537 TX ua=95 mt=P len=0
PKT t=8546 RX ua=95 mt=R len=7
PKT t=8566 TX ua=95 mt=P len=0
PKT t=8575 RX ua=95 mt=R len=7
PKT t=8580 TX ua=95 mt=P len=0
PKT t=8609 RX ua=95 mt=R len=7
PKT t=8614 TX ua=95 mt=T len=7
PKT t=8626 TX ua=95 mt=P len=0
PKT t=8635 RX ua=95 mt=R len=7
PKT t=8640 TX ua=95 mt=P len=0
PKT t=8649 RX ua=95 mt=R len=7
PKT t=8654 TX ua=95 mt=P len=0
PKT t=8663 RX ua=95 mt=R len=7
PKT t=8668 TX ua=95 mt=P len=0
PKT t=8677 RX ua=95 mt=R len=7
PKT t=8682 TX ua=95 mt=P len=0
PKT t=8712 RX ua=95 mt=R len=7
PKT t=8717 TX ua=95 mt=P len=0
PKT t=8726 RX ua=95 mt=R len=7
PKT t=8731 TX ua=95 mt=P len=0
PKT t=8740 RX ua=95 mt=R len=7
PKT t=8745 TX ua=95 mt=P len=0
PKT t=8754 RX ua=95 mt=R len=7
PKT t=8759 TX ua=95 mt=P len=0
PKT t=8768 RX ua=95 mt=R len=7
PKT t=8773 TX ua=95 mt=P len=0
PKT t=8782 RX ua=95 mt=R len=7
PKT t=8787 TX ua=95 mt=P len=0
PKT t=8816 RX ua=95 mt=R len=7
PKT t=8821 TX ua=95 mt=P len=0
PKT t=8830 RX ua=95 mt=R len=7
PKT t=8835 TX ua=95 mt=P len=0
PKT t=8844 RX ua=95 mt=R len=7
PKT t=8849 TX ua=95 mt=P len=0
PKT t=8858 RX ua=95 mt=R len=7
PKT t=8863 TX ua=95 mt=T len=7
PKT t=8875 TX ua=95 mt=P len=0
PKT t=8884 RX ua=95 mt=R len=7
PKT t=8889 TX ua=95 mt=P len=0
PKT t=8919 RX ua=95 mt=R len=7
PKT t=8924 TX ua=95 mt=P len=0
PKT t=8933 RX ua=95 mt=R len=7
PKT t=8938 TX ua=95 mt=P len=0
PKT t=8947 RX ua=95 mt=R len=7
PKT t=8952 TX ua=95 mt=P len=0
PKT t=8961 RX ua=95 mt=R len=7
PKT t=8966 TX ua=95 mt=P len=0
PKT t=8975 RX ua=95 mt=R len=7
PKT t=8980 TX ua=95 mt=P len=0
PKT t=8989 RX ua=95 mt=R len=7
PKT t=8994 TX ua=95 mt=P len=0
PKT t=9023 RX ua=95 mt=R len=7
PKT t=9028 TX ua=95 mt=P len=0
PKT t=9037 RX ua=95 mt=R len=7
PKT t=9042 TX ua=95 mt=P len=0
PKT t=9066 RX ua=95 mt=R len=7
PKT t=9071 TX ua=95 mt=P len=0
PKT t=9080 RX ua=95 mt=R len=7
PKT t=9085 TX ua=95 mt=P len=0
PKT t=9094 RX ua=95 mt=R len=7
PKT t=9099 TX ua=95 mt=P len=0
PKT t=9128 RX ua=95 mt=R len=7
PKT t=9133 TX ua=95 mt=T len=7
PKT t=9145 TX ua=95 mt=P len=0
PKT t=9154 RX ua=95 mt=R len=7
PKT t=9159 TX ua=95 mt=P len=0
PKT t=9168 RX ua=95 mt=R len=7
PKT t=9173 TX ua=95 mt=P len=0
PKT t=9182 RX ua=95 mt=R len=7
PKT t=9187 TX ua=95 mt=P len=0
PKT t=9196 RX ua=95 mt=R len=7
PKT t=9201 TX ua=95 mt=P len=0
PKT t=9230 RX ua=95 mt=R len=7
PKT t=9235 TX ua=95 mt=P len=0
PKT t=9244 RX ua=95 mt=R len=7
PKT t=9249 TX ua=95 mt=P len=0
PKT t=9258 RX ua=95 mt=R len=7
PKT t=9263 TX ua=95 mt=P len=0
PKT t=9272 RX ua=95 mt=R len=7
PKT t=9277 TX ua=95 mt=P len=0
PKT t=9287 RX ua=95 mt=R len=7
PKT t=9292 TX ua=95 mt=P len=0
PKT t=9301 RX ua=95 mt=R len=7
PKT t=9306 TX ua=95 mt=P len=0
PKT t=9336 RX ua=95 mt=R len=7
PKT t=9341 TX ua=95 mt=P len=0
PKT t=9350 RX ua=95 mt=R len=7
PKT t=9355 TX ua=95 mt=P len=0
PKT t=9364 RX ua=95 mt=R len=7
PKT t=9369 TX ua=95 mt=T len=7
PKT t=9381 TX ua=95 mt=P len=0
PKT t=9391 RX ua=95 mt=R len=7
PKT t=9396 TX ua=95 mt=P len=0
PKT t=9406 RX ua=95 mt=R len=7
PKT t=9411 TX ua=95 mt=P len=0
PKT t=9440 RX ua=95 mt=R len=7
PKT t=9445 TX ua=95 mt=P len=0
PKT t=9455 RX ua=95 mt=R len=7
PKT t=9460 TX ua=95 mt=P len=0
PKT t=9470 RX ua=95 mt=R len=7
PKT t=9475 TX ua=95 mt=P len=0
PKT t=9485 RX ua=95 mt=R len=7
PKT t=9490 TX ua=95 mt=P len=0
PKT t=9500 RX ua=95 mt=R len=7
PKT t=9505 TX ua=95 mt=P len=0
PKT t=9515 RX ua=95 mt=R len=7
PKT t=9520 TX ua=95 mt=P len=0
PKT t=9566 RX ua=95 mt=R len=7
PKT t=9571 TX ua=95 mt=P len=0
PKT t=9581 RX ua=95 mt=R len=7
PKT t=9586 TX ua=95 mt=P len=0
PKT t=9596 RX ua=95 mt=R len=7
PKT t=9601 TX ua=95 mt=P len=0
PKT t=9611 RX ua=95 mt=R len=7
PKT t=9616 TX ua=95 mt=T len=7
PKT t=9628 TX ua=95 mt=P len=0
PKT t=9650 RX ua=95 mt=R len=7
PKT t=9655 TX ua=95 mt=P len=0
PKT t=9664 RX ua=95 mt=R len=7
PKT t=9669 TX ua=95 mt=P len=0
PKT t=9678 RX ua=95 mt=R len=7
PKT t=9683 TX ua=95 mt=P len=0
PKT t=9692 RX ua=95 mt=R len=7
PKT t=9697 TX ua=95 mt=P len=0
PKT t=9706 RX ua=95 mt=R len=7
PKT t=9711 TX ua=95 mt=P len=0
PKT t=9720 RX ua=95 mt=R len=7
PKT t=9725 TX ua=95 mt=P len=0
PKT t=9754 RX ua=95 mt=R len=7
PKT t=9759 TX ua=95 mt=P len=0
PKT t=9768 RX ua=95 mt=R len=7
PKT t=9773 TX ua=95 mt=P len=0
PKT t=9782 RX ua=95 mt=R len=7
PKT t=9787 TX ua=95 mt=P len=0
PKT t=9796 RX ua=95 mt=R len=7
PKT t=9801 TX ua=95 mt=P len=0
PKT t=9810 RX ua=95 mt=R len=7
PKT t=9815 TX ua=95 mt=P len=0
PKT t=9824 RX ua=95 mt=R len=7
PKT t=9829 TX ua=95 mt=P len=0
PKT t=9858 RX ua=95 mt=R len=7
PKT t=9863 TX ua=95 mt=T len=7
PKT t=9875 TX ua=95 mt=P len=0
PKT t=9885 RX ua=95 mt=R len=7
PKT t=9890 TX ua=95 mt=P len=0
PKT t=9899 RX ua=95 mt=R len=7
PKT t=9904 TX ua=95 mt=P len=0
PKT t=9913 RX ua=95 mt=R len=7
PKT t=9918 TX ua=95 mt=P len=0
PKT t=9927 RX ua=95 mt=R len=7
PKT t=9932 TX ua=95 mt=P len=0
PKT t=9961 RX ua=95 mt=R len=7
PKT t=9966 TX ua=95 mt=P len=0
PKT t=9975 RX ua=95 mt=R len=7
PKT t=9980 TX ua=95 mt=P len=0
PKT t=9989 RX ua=95 mt=R len=7
PKT t=9994 TX ua=95 mt=P len=0
PKT t=10003 RX ua=95 mt=R len=7
PKT t=10009 TX ua=95 mt=P len=0
PKT t=10018 RX ua=95 mt=R len=7
PKT t=10023 TX ua=95 mt=P len=0
PKT t=10032 RX ua=95 mt=R len=7
PKT t=10037 TX ua=95 mt=P len=0
PKT t=10066 RX ua=95 mt=R len=7
PKT t=10071 TX ua=95 mt=P len=0
PKT t=10080 RX ua=95 mt=R len=7
PKT t=10085 TX ua=96 mt=P len=0
PKT t=10343 TX ua=95 mt=P len=0
PKT t=10352 RX ua=95 mt=R len=7
PKT t=10357 TX ua=95 mt=T len=7
PKT t=10370 TX ua=95 mt=P len=0
PKT t=10379 RX ua=95 mt=R len=7
PKT t=10384 TX ua=95 mt=T len=7
PKT t=10397 TX ua=95 mt=P len=0
PKT t=10406 RX ua=95 mt=R len=7
PKT t=10411 TX ua=95 mt=P len=0
PKT t=10420 RX ua=95 mt=R len=7
PKT t=10425 TX ua=95 mt=P len=0
PKT t=10434 RX ua=95 mt=R len=7
PKT t=10439 TX ua=95 mt=P len=0
PKT t=10469 RX ua=95 mt=R len=7
PKT t=10473 TX ua=95 mt=P len=0
PKT t=10482 RX ua=95 mt=R len=7
PKT t=10487 TX ua=95 mt=P len=0
PKT t=10496 RX ua=95 mt=R len=7
PKT t=10501 TX ua=95 mt=P len=0
PKT t=10510 RX ua=95 mt=R len=7
PKT t=10515 TX ua=95 mt=P len=0
PKT t=10524 RX ua=95 mt=R len=7
PKT t=10529 TX ua=95 mt=P len=0
PKT t=10538 RX ua=95 mt=R len=7
PKT t=10543 TX ua=95 mt=P len=0
PKT t=10572 RX ua=95 mt=R len=7
PKT t=10577 TX ua=95 mt=P len=0
PKT t=10586 RX ua=95 mt=R len=7
PKT t=10591 TX ua=95 mt=P len=0
PKT t=10600 RX ua=95 mt=R len=7
PKT t=10605 TX ua=95 mt=P len=0
PKT t=10614 RX ua=95 mt=R len=7
PKT t=10619 TX ua=95 mt=T len=7
PKT t=10632 TX ua=95 mt=P len=0
PKT t=10642 RX ua=95 mt=R len=7
PKT t=10647 TX ua=95 mt=P len=0
PKT t=10676 RX ua=95 mt=R len=7
PKT t=10681 TX ua=95 mt=P len=0
PKT t=10690 RX ua=95 mt=R len=7
PKT t=10695 TX ua=95 mt=P len=0
PKT t=10704 RX ua=95 mt=R len=7
PKT t=10709 TX ua=95 mt=P len=0
PKT t=10718 RX ua=95 mt=R len=7
PKT t=10723 TX ua=95 mt=P len=0
PKT t=10732 RX ua=95 mt=R len=7
PKT t=10737 TX ua=95 mt=P len=0
PKT t=10746 RX ua=95 mt=R len=7
PKT t=10751 TX ua=95 mt=P len=0
PKT t=10780 RX ua=95 mt=R len=7
PKT t=10785 TX ua=95 mt=P len=0
PKT t=10794 RX ua=95 mt=R len=7
PKT t=10799 TX ua=95 mt=P len=0
PKT t=10808 RX ua=95 mt=R len=7
PKT t=10813 TX ua=95 mt=P len=0
PKT t=10822 RX ua=95 mt=R len=7
PKT t=10827 TX ua=95 mt=P len=0
PKT t=10836 RX ua=95 mt=R len=7
PKT t=10841 TX ua=95 mt=P len=0
PKT t=10850 RX ua=95 mt=R len=7
PKT t=10855 TX ua=95 mt=P len=0
PKT t=10884 RX ua=95 mt=R len=7
PKT t=10889 TX ua=95 mt=T len=7
PKT t=10902 TX ua=95 mt=P len=0
PKT t=10911 RX ua=95 mt=R len=7
PKT t=10916 TX ua=95 mt=P len=0
PKT t=10925 RX ua=95 mt=R len=7
PKT t=10930 TX ua=95 mt=P len=0
PKT t=10939 RX ua=95 mt=R len=7
PKT t=10944 TX ua=95 mt=P len=0
PKT t=10953 RX ua=95 mt=R len=7
PKT t=10958 TX ua=95 mt=P len=0
PKT t=10987 RX ua=95 mt=R len=7
PKT t=10992 TX ua=95 mt=P len=0
PKT t=11001 RX ua=95 mt=R len=7
PKT t=11006 TX ua=95 mt=P len=0
PKT t=11015 RX ua=95 mt=R len=7
PKT t=11020 TX ua=95 mt=P len=0
PKT t=11029 RX ua=95 mt=R len=7
PKT t=11034 TX ua=95 mt=P len=0
PKT t=11043 RX ua=95 mt=R len=7
PKT t=11066 TX ua=95 mt=P len=0
PKT t=11086 RX ua=95 mt=R len=7
PKT t=11091 TX ua=95 mt=P len=0
PKT t=11100 RX ua=95 mt=R len=7
PKT t=11105 TX ua=95 mt=P len=0
PKT t=11114 RX ua=95 mt=R len=7
PKT t=11119 TX ua=95 mt=T len=7
PKT t=11131 TX ua=95 mt=P len=0
PKT t=11140 RX ua=95 mt=R len=7
PKT t=11145 TX ua=95 mt=P len=0
PKT t=11154 RX ua=95 mt=R len=7
PKT t=11159 TX ua=95 mt=P len=0
PKT t=11188 RX ua=95 mt=R len=7
PKT t=11193 TX ua=95 mt=P len=0
PKT t=11202 RX ua=95 mt=R len=7
PKT t=11207 TX ua=95 mt=P len=0
PKT t=11216 RX ua=95 mt=R len=7
PKT t=11221 TX ua=95 mt=P len=0
PKT t=11230 RX ua=95 mt=R len=7
PKT t=11235 TX ua=95 mt=P len=0
PKT t=11244 RX ua=95 mt=R len=7
PKT t=11249 TX ua=95 mt=P len=0
PKT t=11258 RX ua=95 mt=R len=7
PKT t=11263 TX ua=95 mt=P len=0
PKT t=11292 RX ua=95 mt=R len=7
PKT t=11297 TX ua=95 mt=P len=0
PKT t=11306 RX ua=95 mt=R len=7
PKT t=11311 TX ua=95 mt=P len=0
PKT t=11320 RX ua=95 mt=R len=7
PKT t=11325 TX ua=95 mt=P len=0
PKT t=11334 RX ua=95 mt=R len=7
PKT t=11339 TX ua=95 mt=P len=0
PKT t=11348 RX ua=95 mt=R len=7
PKT t=11353 TX ua=95 mt=P len=0
PKT t=11362 RX ua=95 mt=R len=7
PKT t=11367 TX ua=95 mt=T len=7
PKT t=11379 TX ua=95 mt=P len=0
PKT t=11398 RX ua=95 mt=R len=7
PKT t=11403 TX ua=95 mt=P len=0
PKT t=11413 RX ua=95 mt=R len=7
PKT t=11418 TX ua=95 mt=P len=0
PKT t=11428 RX ua=95 mt=R len=7
PKT t=11433 TX ua=95 mt=P len=0
PKT t=11443 RX ua=95 mt=R len=7
PKT t=11448 TX ua=95 mt=P len=0
PKT t=11458 RX ua=95 mt=R len=7
PKT t=11463 TX ua=95 mt=P len=0
PKT t=11495 RX ua=95 mt=R len=7
PKT t=11500 TX ua=95 mt=P len=0
PKT t=11510 RX ua=95 mt=R len=7
PKT t=11515 TX ua=95 mt=P len=0
PKT t=11525 RX ua=95 mt=R len=7
PKT t=11530 TX ua=95 mt=P len=0
PKT t=11540 RX ua=95 mt=R len=7
PKT t=11545 TX ua=95 mt=P len=0
PKT t=11566 RX ua=95 mt=R len=7
PKT t=11821 TX ua=96 mt=I len=13
PKT t=12329 TX ua=96 mt=T len=4
PKT t=12340 TX ua=95 mt=P len=0
PKT t=12350 RX ua=95 mt=R len=7
PKT t=12355 TX ua=95 mt=T len=7
PKT t=12367 TX ua=95 mt=P len=0
PKT t=12395 RX ua=95 mt=R len=7
PKT t=12400 TX ua=95 mt=P len=0
PKT t=12409 RX ua=95 mt=R len=7
PKT t=12414 TX ua=95 mt=P len=0
PKT t=12423 RX ua=95 mt=R len=7
PKT t=12428 TX ua=95 mt=P len=0
PKT t=12437 RX ua=95 mt=R len=7
PKT t=12442 TX ua=95 mt=P len=0
PKT t=12451 RX ua=95 mt=R len=7
PKT t=12456 TX ua=95 mt=P len=0
PKT t=12465 RX ua=95 mt=R len=7
PKT t=12470 TX ua=95 mt=P len=0
PKT t=12499 RX ua=95 mt=R len=7
PKT t=12504 TX ua=95 mt=P len=0
PKT t=12513 RX ua=95 mt=R len=7
PKT t=12518 TX ua=95 mt=P len=0
PKT t=12527 RX ua=95 mt=R len=7
PKT t=12532 TX ua=95 mt=P len=0
PKT t=12541 RX ua=95 mt=R len=7
PKT t=12546 TX ua=95 mt=P len=0
PKT t=12566 RX ua=95 mt=R len=7
PKT t=12821 TX ua=96 mt=P len=0
PKT t=13079 TX ua=95 mt=P len=0
PKT t=13088 RX ua=95 mt=R len=7
PKT t=13093 TX ua=95 mt=T len=7
PKT t=13105 TX ua=95 mt=P len=0
PKT t=13114 RX ua=95 mt=R len=7
PKT t=13119 TX ua=95 mt=T len=7
PKT t=13132 TX ua=95 mt=P len=0
PKT t=13141 RX ua=95 mt=R len=7
PKT t=13146 TX ua=95 mt=P len=0
PKT t=13155 RX ua=95 mt=R len=7
PKT t=13160 TX ua=95 mt=P len=0
PKT t=13169 RX ua=95 mt=R len=7
PKT t=13174 TX ua=95 mt=P len=0
PKT t=13203 RX ua=95 mt=R len=7
PKT t=13208 TX ua=95 mt=P len=0
PKT t=13217 RX ua=95 mt=R len=7
PKT t=13222 TX ua=95 mt=P len=0
PKT t=13231 RX ua=95 mt=R len=7
PKT t=13236 TX ua=95 mt=P len=0
PKT t=13245 RX ua=95 mt=R len=7
PKT t=13250 TX ua=95 mt=P len=0
PKT t=13259 RX ua=95 mt=R len=7
PKT t=13264 TX ua=95 mt=P len=0
PKT t=13273 RX ua=95 mt=R len=7
PKT t=13278 TX ua=95 mt=P len=0
PKT t=13307 RX ua=95 mt=R len=7
PKT t=13312 TX ua=95 mt=P len=0
PKT t=13321 RX ua=95 mt=R len=7
PKT t=13326 TX ua=95 mt=P len=0
PKT t=13335 RX ua=95 mt=R len=7
PKT t=13340 TX ua=95 mt=P len=0
PKT t=13349 RX ua=95 mt=R len=7
PKT t=13354 TX ua=95 mt=P len=0
PKT t=13363 RX ua=95 mt=R len=7
PKT t=13368 TX ua=95 mt=T len=7
PKT t=13381 TX ua=95 mt=P len=0
PKT t=13409 RX ua=95 mt=R len=7
PKT t=13414 TX ua=95 mt=P len=0
PKT t=13424 RX ua=95 mt=R len=7
PKT t=13429 TX ua=95 mt=P len=0
PKT t=13439 RX ua=95 mt=R len=7
PKT t=13444 TX ua=95 mt=P len=0
PKT t=13454 RX ua=95 mt=R len=7
PKT t=13459 TX ua=95 mt=P len=0
PKT t=13469 RX ua=95 mt=R len=7
PKT t=13474 TX ua=95 mt=P len=0
PKT t=13484 RX ua=95 mt=R len=7
PKT t=13489 TX ua=95 mt=P len=0
PKT t=13518 RX ua=95 mt=R len=7
PKT t=13523 TX ua=95 mt=P len=0
PKT t=13533 RX ua=95 mt=R len=7
PKT t=13538 TX ua=95 mt=P len=0
PKT t=13566 RX ua=95 mt=R len=7
PKT t=13571 TX ua=95 mt=P len=0
PKT t=13581 RX ua=95 mt=R len=7
PKT t=13586 TX ua=95 mt=P len=0
PKT t=13617 RX ua=95 mt=R len=7
PKT t=13622 TX ua=95 mt=T len=7
PKT t=13635 TX ua=95 mt=P len=0
PKT t=13644 RX ua=95 mt=R len=7
PKT t=13649 TX ua=95 mt=P len=0
PKT t=13658 RX ua=95 mt=R len=7
PKT t=13663 TX ua=95 mt=P len=0
PKT t=13672 RX ua=95 mt=R len=7
PKT t=13677 TX ua=95 mt=P len=0
PKT t=13686 RX ua=95 mt=R len=7
PKT t=13691 TX ua=95 mt=P len=0
PKT t=13720 RX ua=95 mt=R len=7
PKT t=13725 TX ua=95 mt=P len=0
PKT t=13734 RX ua=95 mt=R len=7
PKT t=13739 TX ua=95 mt=P len=0
PKT t=13748 RX ua=95 mt=R len=7
PKT t=13753 TX ua=95 mt=P len=0
PKT t=13762 RX ua=95 mt=R len=7
PKT t=13767 TX ua=95 mt=P len=0
PKT t=13776 RX ua=95 mt=R len=7
PKT t=13781 TX ua=95 mt=P len=0
PKT t=13790 RX ua=95 mt=R len=7
PKT t=13795 TX ua=95 mt=P len=0
PKT t=13824 RX ua=95 mt=R len=7
PKT t=13829 TX ua=95 mt=P len=0
PKT t=13838 RX ua=95 mt=R len=7
PKT t=13843 TX ua=95 mt=P len=0
PKT t=13852 RX ua=95 mt=R len=7
PKT t=13857 TX ua=95 mt=P len=0
PKT t=13866 RX ua=95 mt=R len=7
PKT t=13871 TX ua=95 mt=T len=7
PKT t=13884 TX ua=95 mt=P len=0
PKT t=13893 RX ua=95 mt=R len=7
PKT t=13898 TX ua=95 mt=P len=0
PKT t=13927 RX ua=95 mt=R len=7
PKT t=13932 TX ua=95 mt=P len=0
PKT t=13941 RX ua=95 mt=R len=7
PKT t=13946 TX ua=95 mt=P len=0
PKT t=13955 RX ua=95 mt=R len=7
PKT t=13960 TX ua=95 mt=P len=0
PKT t=13969 RX ua=95 mt=R len=7
PKT t=13974 TX ua=95 mt=P len=0
PKT t=13983 RX ua=95 mt=R len=7
PKT t=13988 TX ua=95 mt=P len=0
PKT t=13997 RX ua=95 mt=R len=7
PKT t=14002 TX ua=95 mt=P len=0
PKT t=14031 RX ua=95 mt=R len=7
PKT t=14036 TX ua=95 mt=P len=0
PKT t=14045 RX ua=95 mt=R len=7
PKT t=14066 TX ua=95 mt=P len=0
PKT t=14075 RX ua=95 mt=R len=7
PKT t=14080 TX ua=95 mt=P len=0
PKT t=14089 RX ua=95 mt=R len=7
PKT t=14094 TX ua=95 mt=P len=0
PKT t=14103 RX ua=95 mt=R len=7
PKT t=14108 TX ua=95 mt=P len=0
PKT t=14141 RX ua=95 mt=R len=7
PKT t=14146 TX ua=95 mt=T len=7
PKT t=14158 TX ua=95 mt=P len=0
PKT t=14167 RX ua=95 mt=R len=7
PKT t=14172 TX ua=95 mt=P len=0
PKT t=14181 RX ua=95 mt=R len=7
PKT t=14186 TX ua=95 mt=P len=0
PKT t=14195 RX ua=95 mt=R len=7
PKT t=14200 TX ua=95 mt=P len=0
PKT t=14209 RX ua=95 mt=R len=7
PKT t=14214 TX ua=95 mt=P len=0
PKT t=14243 RX ua=95 mt=R len=7
PKT t=14248 TX ua=95 mt=P len=0
PKT t=14257 RX ua=95 mt=R len=7
PKT t=14262 TX ua=95 mt=P len=0
PKT t=14271 RX ua=95 mt=R len=7
PKT t=14276 TX ua=95 mt=P len=0
PKT t=14285 RX ua=95 mt=R len=7
PKT t=14290 TX ua=95 mt=P len=0
PKT t=14300 RX ua=95 mt=R len=7
PKT t=14305 TX ua=95 mt=P len=0
PKT t=14314 RX ua=95 mt=R len=7
PKT t=14319 TX ua=95 mt=P len=0
PKT t=14348 RX ua=95 mt=R len=7
PKT t=14353 TX ua=95 mt=P len=0
PKT t=14362 RX ua=95 mt=R len=7
PKT t=14367 TX ua=95 mt=T len=7
PKT t=14379 TX ua=95 mt=P len=0
PKT t=14388 RX ua=95 mt=R len=7
PKT t=14393 TX ua=95 mt=P len=0
PKT t=14402 RX ua=95 mt=R len=7
PKT t=14407 TX ua=95 mt=P len=0
PKT t=14416 RX ua=95 mt=R len=7
PKT t=14421 TX ua=95 mt=P len=0
PKT t=14450 RX ua=95 mt=R len=7
PKT t=14455 TX ua=95 mt=P len=0
PKT t=14464 RX ua=95 mt=R len=7
PKT t=14469 TX ua=95 mt=P len=0
PKT t=14478 RX ua=95 mt=R len=7
PKT t=14483 TX ua=95 mt=P len=0
PKT t=14492 RX ua=95 mt=R len=7
PKT t=14497 TX ua=95 mt=P len=0
PKT t=14506 RX ua=95 mt=R len=7
PKT t=14511 TX ua=95 mt=P len=0
PKT t=14520 RX ua=95 mt=R len=7
PKT t=14525 TX ua=95 mt=P len=0
PKT t=14566 RX ua=95 mt=R len=7
PKT t=14571 TX ua=95 mt=P len=0
PKT t=14580 RX ua=95 mt=R len=7
PKT t=14585 TX ua=95 mt=P len=0
PKT t=14594 RX ua=95 mt=R len=7
PKT t=14599 TX ua=95 mt=P len=0
PKT t=14608 RX ua=95 mt=R len=7
PKT t=14613 TX ua=95 mt=T len=7
PKT t=14625 TX ua=95 mt=P len=0
PKT t=14653 RX ua=95 mt=R len=7
PKT t=14658 TX ua=95 mt=P len=0
PKT t=14667 RX ua=95 mt=R len=7
PKT t=14672 TX ua=95 mt=P len=0
PKT t=14681 RX ua=95 mt=R len=7
PKT t=14686 TX ua=95 mt=P len=0
PKT t=14695 RX ua=95 mt=R len=7
PKT t=14700 TX ua=95 mt=P len=0
PKT t=14709 RX ua=95 mt=R len=7
PKT t=14714 TX ua=95 mt=P len=0
PKT t=14723 RX ua=95 mt=R len=7
PKT t=14728 TX ua=95 mt=P len=0
PKT t=14757 RX ua=95 mt=R len=7
PKT t=14762 TX ua=95 mt=P len=0
PKT t=14771 RX ua=95 mt=R len=7
PKT t=14776 TX ua=95 mt=P len=0
PKT t=14785 RX ua=95 mt=R len=7
PKT t=14790 TX ua=95 mt=P len=0
PKT t=14799 RX ua=95 mt=R len=7
PKT t=14804 TX ua=95 mt=P len=0
PKT t=14813 RX ua=95 mt=R len=7
PKT t=14818 TX ua=95 mt=P len=0
PKT t=14827 RX ua=95 mt=R len=7
PKT t=14832 TX ua=95 mt=P len=0
PKT t=14861 RX ua=95 mt=R len=7
PKT t=14866 TX ua=95 mt=T len=7
PKT t=14878 TX ua=95 mt=P len=0
PKT t=14887 RX ua=95 mt=R len=7
PKT t=14892 TX ua=95 mt=P len=0
PKT t=14901 RX ua=95 mt=R len=7
PKT t=14906 TX ua=95 mt=P len=0
PKT t=14915 RX ua=95 mt=R len=7
PKT t=14920 TX ua=95 mt=P len=0
PKT t=14929 RX ua=95 mt=R len=7
PKT t=14934 TX ua=95 mt=P len=0
PKT t=14963 RX ua=95 mt=R len=7
PKT t=14968 TX ua=95 mt=P len=0
PKT t=14977 RX ua=95 mt=R len=7
PKT t=14982 TX ua=95 mt=P len=0
PKT t=14991 RX ua=95 mt=R len=7
PKT t=14996 TX ua=95 mt=P len=0
PKT t=15005 RX ua=95 mt=R len=7
PKT t=15010 TX ua=95 mt=P len=0
PKT t=15019 RX ua=95 mt=R len=7
PKT t=15024 TX ua=95 mt=P len=0
PKT t=15033 RX ua=95 mt=R len=7
PKT t=15038 TX ua=95 mt=P len=0
PKT t=15068 RX ua=95 mt=R len=7
PKT t=15072 TX ua=95 mt=P len=0
PKT t=15081 RX ua=95 mt=R len=7
PKT t=15086 TX ua=95 mt=P len=0
PKT t=15095 RX ua=95 mt=R len=7
PKT t=15100 TX ua=95 mt=P len=0
PKT t=15109 RX ua=95 mt=R len=7
PKT t=15114 TX ua=95 mt=T len=7
PKT t=15126 TX ua=95 mt=P len=0
PKT t=15135 RX ua=95 mt=R len=7
PKT t=15140 TX ua=95 mt=P len=0
PKT t=15169 RX ua=95 mt=R len=7
PKT t=15174 TX ua=95 mt=P len=0
PKT t=15183 RX ua=95 mt=R len=7
PKT t=15188 TX ua=95 mt=P len=0
PKT t=15197 RX ua=95 mt=R len=7
PKT t=15202 TX ua=95 mt=P len=0
PKT t=15211 RX ua=95 mt=R len=7
PKT t=15216 TX ua=95 mt=P len=0
PKT t=15225 RX ua=95 mt=R len=7
PKT t=15230 TX ua=95 mt=P len=0
PKT t=15239 RX ua=95 mt=R len=7
PKT t=15244 TX ua=95 mt=P len=0
PKT t=15273 RX ua=95 mt=R len=7
PKT t=15278 TX ua=95 mt=P len=0
PKT t=15287 RX ua=95 mt=R len=7
PKT t=15292 TX ua=95 mt=P len=0
PKT t=15301 RX ua=95 mt=R len=7
PKT t=15306 TX ua=95 mt=P len=0
PKT t=15315 RX ua=95 mt=R len=7
PKT t=15320 TX ua=95 mt=P len=0
PKT t=15329 RX ua=95 mt=R len=7
PKT t=15334 TX ua=95 mt=P len=0
PKT t=15343 RX ua=95 mt=R len=7
PKT t=15348 TX ua=95 mt=P len=0
PKT t=15377 RX ua=95 mt=R len=7
PKT t=15382 TX ua=95 mt=T len=7
PKT t=15394 TX ua=95 mt=P len=0
PKT t=15404 RX ua=95 mt=R len=7
PKT t=15409 TX ua=95 mt=P len=0
PKT t=15419 RX ua=95 mt=R len=7
PKT t=15424 TX ua=95 mt=P len=0
PKT t=15434 RX ua=95 mt=R len=7
PKT t=15439 TX ua=95 mt=P len=0
PKT t=15449 RX ua=95 mt=R len=7
PKT t=15454 TX ua=95 mt=P len=0
PKT t=15483 RX ua=95 mt=R len=7
PKT t=15488 TX ua=95 mt=P len=0
PKT t=15498 RX ua=95 mt=R len=7
PKT t=15503 TX ua=95 mt=P len=0
PKT t=15513 RX ua=95 mt=R len=7
PKT t=15518 TX ua=95 mt=P len=0
PKT t=15528 RX ua=95 mt=R len=7
PKT t=15533 TX ua=95 mt=P len=0
PKT t=15543 RX ua=95 mt=R len=7
PKT t=15566 TX ua=95 mt=P len=0
PKT t=15582 RX ua=95 mt=R len=7
PKT t=15587 TX ua=95 mt=P len=0
PKT t=15597 RX ua=95 mt=R len=7
PKT t=15602 TX ua=95 mt=P len=0
PKT t=15612 RX ua=95 mt=R len=7
PKT t=15617 TX ua=95 mt=T len=7
PKT t=15629 TX ua=95 mt=P len=0
PKT t=15638 RX ua=95 mt=R len=7
PKT t=15643 TX ua=95 mt=P len=0
PKT t=15652 RX ua=95 mt=R len=7
PKT t=15657 TX ua=95 mt=P len=0
PKT t=15686 RX ua=95 mt=R len=7
PKT t=15691 TX ua=95 mt=P len=0
PKT t=15700 RX ua=95 mt=R len=7
PKT t=15705 TX ua=95 mt=P len=0
PKT t=15714 RX ua=95 mt=R len=7
PKT t=15719 TX ua=95 mt=P len=0
PKT t=15728 RX ua=95 mt=R len=7
PKT t=15733 TX ua=95 mt=P len=0
PKT t=15742 RX ua=95 mt=R len=7
PKT t=15747 TX ua=95 mt=P len=0
PKT t=15756 RX ua=95 mt=R len=7
PKT t=15761 TX ua=95 mt=P len=0
PKT t=15790 RX ua=95 mt=R len=7
PKT t=15795 TX ua=95 mt=P len=0
PKT t=15804 RX ua=95 mt=R len=7
PKT t=15809 TX ua=95 mt=P len=0
PKT t=15818 RX ua=95 mt=R len=7
PKT t=15823 TX ua=95 mt=P len=0
PKT t=15832 RX ua=95 mt=R len=7
PKT t=15837 TX ua=95 mt=P len=0
PKT t=15846 RX ua=95 mt=R len=7
PKT t=15851 TX ua=95 mt=P len=0
PKT t=15860 RX ua=95 mt=R len=7
PKT t=15865 TX ua=95 mt=T len=7
PKT t=15877 TX ua=95 mt=P len=0
PKT t=15896 RX ua=95 mt=R len=7
PKT t=15901 TX ua=95 mt=P len=0
PKT t=15910 RX ua=95 mt=R len=7
PKT t=15915 TX ua=95 mt=P len=0
PKT t=15924 RX ua=95 mt=R len=7
PKT t=15929 TX ua=95 mt=P len=0
PKT t=15938 RX ua=95 mt=R len=7
PKT t=15943 TX ua=95 mt=P len=0
PKT t=15952 RX ua=95 mt=R len=7
PKT t=15957 TX ua=95 mt=P len=0
PKT t=15966 RX ua=95 mt=R len=7
PKT t=15971 TX ua=95 mt=P len=0
PKT t=16000 RX ua=95 mt=R len=7
PKT t=16005 TX ua=95 mt=P len=0
PKT t=16014 RX ua=95 mt=R len=7
PKT t=16019 TX ua=95 mt=P len=0
PKT t=16028 RX ua=95 mt=R len=7
PKT t=16033 TX ua=95 mt=P len=0
PKT t=16042 RX ua=95 mt=R len=7
PKT t=16047 TX ua=95 mt=P len=0
PKT t=16067 RX ua=95 mt=R len=7
PKT t=16322 TX ua=96 mt=P len=0
PKT t=16580 TX ua=95 mt=P len=0
PKT t=16589 RX ua=95 mt=R len=7
PKT t=16594 TX ua=95 mt=T len=7
PKT t=16606 TX ua=95 mt=P len=0
PKT t=16615 RX ua=95 mt=R len=7
PKT t=16620 TX ua=95 mt=T len=7
PKT t=16632 TX ua=95 mt=P len=0
PKT t=16641 RX ua=95 mt=R len=7
PKT t=16646 TX ua=95 mt=P len=0
PKT t=16655 RX ua=95 mt=R len=7
PKT t=16660 TX ua=95 mt=P len=0
PKT t=16669 RX ua=95 mt=R len=7
PKT t=16674 TX ua=95 mt=P len=0
PKT t=16703 RX ua=95 mt=R len=7
PKT t=16708 TX ua=95 mt=P len=0
PKT t=16717 RX ua=95 mt=R len=7
PKT t=16722 TX ua=95 mt=P len=0
PKT t=16731 RX ua=95 mt=R len=7
PKT t=16736 TX ua=95 mt=P len=0
PKT t=16745 RX ua=95 mt=R len=7
PKT t=16750 TX ua=95 mt=P len=0
PKT t=16759 RX ua=95 mt=R len=7
PKT t=16764 TX ua=95 mt=P len=0
PKT t=16773 RX ua=95 mt=R len=7
PKT t=16778 TX ua=95 mt=P len=0
PKT t=16807 RX ua=95 mt=R len=7
PKT t=16812 TX ua=95 mt=P len=0
PKT t=16821 RX ua=95 mt=R len=7
PKT t=16826 TX ua=95 mt=P len=0
PKT t=16835 RX ua=95 mt=R len=7
PKT t=16840 TX ua=95 mt=P len=0
PKT t=16849 RX ua=95 mt=R len=7
PKT t=16854 TX ua=95 mt=P len=0
PKT t=16863 RX ua=95 mt=R len=7
PKT t=16868 TX ua=95 mt=T len=7
PKT t=16880 TX ua=95 mt=P len=0
PKT t=16908 RX ua=95 mt=R len=7
PKT t=16913 TX ua=95 mt=P len=0
PKT t=16922 RX ua=95 mt=R len=7
PKT t=16927 TX ua=95 mt=P len=0
PKT t=16936 RX ua=95 mt=R len=7
PKT t=16941 TX ua=95 mt=P len=0
PKT t=16950 RX ua=95 mt=R len=7
PKT t=16955 TX ua=95 mt=P len=0
PKT t=16964 RX ua=95 mt=R len=7
PKT t=16969 TX ua=95 mt=P len=0
PKT t=16978 RX ua=95 mt=R len=7
PKT t=16983 TX ua=95 mt=P len=0
PKT t=17012 RX ua=95 mt=R len=7
PKT t=17017 TX ua=95 mt=P len=0
PKT t=17026 RX ua=95 mt=R len=7
PKT t=17031 TX ua=95 mt=P len=0
PKT t=17040 RX ua=95 mt=R len=7
PKT t=17045 TX ua=95 mt=P len=0
PKT t=17066 RX ua=95 mt=R len=7
PKT t=17321 TX ua=96 mt=P len=0
PKT t=17579 TX ua=95 mt=P len=0
PKT t=17588 RX ua=95 mt=R len=7
PKT t=17593 TX ua=95 mt=T len=7
PKT t=17605 TX ua=95 mt=P len=0
PKT t=17615 RX ua=95 mt=R len=7
PKT t=17620 TX ua=95 mt=T len=7
PKT t=17632 TX ua=95 mt=P len=0
PKT t=17641 RX ua=95 mt=R len=7
PKT t=17646 TX ua=95 mt=P len=0
PKT t=17655 RX ua=95 mt=R len=7
PKT t=17660 TX ua=95 mt=P len=0
PKT t=17669 RX ua=95 mt=R len=7
PKT t=17674 TX ua=95 mt=P len=0
PKT t=17683 RX ua=95 mt=R len=7
PKT t=17688 TX ua=95 mt=P len=0
PKT t=17717 RX ua=95 mt=R len=7
PKT t=17722 TX ua=95 mt=P len=0
PKT t=17732 RX ua=95 mt=R len=7
PKT t=17737 TX ua=95 mt=P len=0
PKT t=17746 RX ua=95 mt=R len=7
PKT t=17751 TX ua=95 mt=P len=0
PKT t=17760 RX ua=95 mt=R len=7
PKT t=17765 TX ua=95 mt=P len=0
PKT t=17774 RX ua=95 mt=R len=7
PKT t=17779 TX ua=95 mt=P len=0
PKT t=17788 RX ua=95 mt=R len=7
PKT t=17793 TX ua=95 mt=P len=0
PKT t=17822 RX ua=95 mt=R len=7
PKT t=17827 TX ua=95 mt=P len=0
PKT t=17836 RX ua=95 mt=R len=7
PKT t=17841 TX ua=95 mt=P len=0
PKT t=17850 RX ua=95 mt=R len=7
PKT t=17855 TX ua=95 mt=P len=0
PKT t=17864 RX ua=95 mt=R len=7
PKT t=17869 TX ua=95 mt=T len=7
PKT t=17881 TX ua=95 mt=P len=0
PKT t=17890 RX ua=95 mt=R len=7
PKT t=17895 TX ua=95 mt=P len=0
PKT t=17924 RX ua=95 mt=R len=7
PKT t=17929 TX ua=95 mt=P len=0
PKT t=17938 RX ua=95 mt=R len=7
PKT t=17943 TX ua=95 mt=P len=0
PKT t=17952 RX ua=95 mt=R len=7
PKT t=17957 TX ua=95 mt=P len=0
PKT t=17966 RX ua=95 mt=R len=7
PKT t=17971 TX ua=95 mt=P len=0
PKT t=17980 RX ua=95 mt=R len=7
PKT t=17985 TX ua=95 mt=P len=0
PKT t=17994 RX ua=95 mt=R len=7
PKT t=17999 TX ua=95 mt=P len=0
PKT t=18028 RX ua=95 mt=R len=7
PKT t=18033 TX ua=95 mt=P len=0
PKT t=18042 RX ua=95 mt=R len=7
PKT t=18047 TX ua=95 mt=P len=0
PKT t=18067 RX ua=95 mt=R len=7
PKT t=18322 TX ua=96 mt=P len=0
PKT t=18580 TX ua=95 mt=P len=0
PKT t=18589 RX ua=95 mt=R len=7
PKT t=18594 TX ua=95 mt=T len=7
PKT t=18607 TX ua=95 mt=P len=0
PKT t=18629 RX ua=95 mt=R len=7
PKT t=18634 TX ua=95 mt=T len=7
PKT t=18647 TX ua=95 mt=P len=0
PKT t=18656 RX ua=95 mt=R len=7
PKT t=18661 TX ua=95 mt=P len=0
PKT t=18670 RX ua=95 mt=R len=7
PKT t=18675 TX ua=95 mt=P len=0
PKT t=18684 RX ua=95 mt=R len=7
PKT t=18689 TX ua=95 mt=P len=0
PKT t=18698 RX ua=95 mt=R len=7
PKT t=18703 TX ua=95 mt=P len=0
PKT t=18732 RX ua=95 mt=R len=7
PKT t=18737 TX ua=95 mt=P len=0
PKT t=18746 RX ua=95 mt=R len=7
PKT t=18751 TX ua=95 mt=P len=0
PKT t=18760 RX ua=95 mt=R len=7
PKT t=18765 TX ua=95 mt=P len=0
PKT t=18774 RX ua=95 mt=R len=7
PKT t=18779 TX ua=95 mt=P len=0
PKT t=18788 RX ua=95 mt=R len=7
PKT t=18793 TX ua=95 mt=P len=0
PKT t=18802 RX ua=95 mt=R len=7
PKT t=18807 TX ua=95 mt=P len=0
PKT t=18836 RX ua=95 mt=R len=7
PKT t=18841 TX ua=95 mt=P len=0
PKT t=18850 RX ua=95 mt=R len=7
PKT t=18855 TX ua=95 mt=P len=0
PKT t=18864 RX ua=95 mt=R len=7
PKT t=18869 TX ua=95 mt=T len=7
PKT t=18882 TX ua=95 mt=P len=0
PKT t=18891 RX ua=95 mt=R len=7
PKT t=18896 TX ua=95 mt=P len=0
PKT t=18905 RX ua=95 mt=R len=7
PKT t=18910 TX ua=95 mt=P len=0
PKT t=18939 RX ua=95 mt=R len=7
PKT t=18944 TX ua=95 mt=P len=0
PKT t=18953 RX ua=95 mt=R len=7
PKT t=18958 TX ua=95 mt=P len=0
PKT t=18967 RX ua=95 mt=R len=7
PKT t=18972 TX ua=95 mt=P len=0
PKT t=18981 RX ua=95 mt=R len=7
PKT t=18986 TX ua=95 mt=P len=0
PKT t=18995 RX ua=95 mt=R len=7
PKT t=19000 TX ua=95 mt=P len=0
PKT t=19009 RX ua=95 mt=R len=7
PKT t=19014 TX ua=95 mt=P len=0
PKT t=19043 RX ua=95 mt=R len=7
PKT t=19066 TX ua=95 mt=P len=0
PKT t=19075 RX ua=95 mt=R len=7
PKT t=19080 TX ua=95 mt=P len=0
PKT t=19089 RX ua=95 mt=R len=7
PKT t=19094 TX ua=95 mt=P len=0
PKT t=19103 RX ua=95 mt=R len=7
PKT t=19108 TX ua=95 mt=P len=0
PKT t=19117 RX ua=95 mt=R len=7
PKT t=19122 TX ua=95 mt=T len=7
PKT t=19134 TX ua=95 mt=P len=0
PKT t=19153 RX ua=95 mt=R len=7
PKT t=19158 TX ua=95 mt=P len=0
PKT t=19167 RX ua=95 mt=R len=7
PKT t=19172 TX ua=95 mt=P len=0
PKT t=19181 RX ua=95 mt=R len=7
PKT t=19186 TX ua=95 mt=P len=0
PKT t=19195 RX ua=95 mt=R len=7
PKT t=19200 TX ua=95 mt=P len=0
PKT t=19209 RX ua=95 mt=R len=7
PKT t=19214 TX ua=95 mt=P len=0
PKT t=19223 RX ua=95 mt=R len=7
PKT t=19228 TX ua=95 mt=P len=0
PKT t=19257 RX ua=95 mt=R len=7
PKT t=19262 TX ua=95 mt=P len=0
PKT t=19271 RX ua=95 mt=R len=7
PKT t=19276 TX ua=95 mt=P len=0
PKT t=19285 RX ua=95 mt=R len=7
PKT t=19290 TX ua=95 mt=P len=0
PKT t=19299 RX ua=95 mt=R len=7
PKT t=19304 TX ua=95 mt=P len=0
PKT t=19313 RX ua=95 mt=R len=7
PKT t=19318 TX ua=95 mt=P len=0
PKT t=19327 RX ua=95 mt=R len=7
PKT t=19332 TX ua=95 mt=P len=0
PKT t=19362 RX ua=95 mt=R len=7
PKT t=19367 TX ua=95 mt=T len=7
PKT t=19379 TX ua=95 mt=P len=0
PKT t=19389 RX ua=95 mt=R len=7
PKT t=19394 TX ua=95 mt=P len=0
PKT t=19404 RX ua=95 mt=R len=7
PKT t=19409 TX ua=95 mt=P len=0
PKT t=19419 RX ua=95 mt=R len=7
PKT t=19424 TX ua=95 mt=P len=0
PKT t=19434 RX ua=95 mt=R len=7
PKT t=19439 TX ua=95 mt=P len=0
PKT t=19468 RX ua=95 mt=R len=7
PKT t=19473 TX ua=95 mt=P len=0
PKT t=19483 RX ua=95 mt=R len=7
PKT t=19488 TX ua=95 mt=P len=0
PKT t=19498 RX ua=95 mt=R len=7
PKT t=19503 TX ua=95 mt=P len=0
PKT t=19513 RX ua=95 mt=R len=7
PKT t=19518 TX ua=95 mt=P len=0
PKT t=19528 RX ua=95 mt=R len=7
PKT t=19533 TX ua=95 mt=P len=0
PKT t=19543 RX ua=95 mt=R len=7
PKT t=19566 TX ua=95 mt=P len=0
PKT t=19577 RX ua=95 mt=R len=7
PKT t=19582 TX ua=95 mt=P len=0
PKT t=19592 RX ua=95 mt=R len=7
PKT t=19597 TX ua=95 mt=P len=0
PKT t=19607 RX ua=95 mt=R len=7
PKT t=19612 TX ua=95 mt=T len=7
PKT t=19624 TX ua=95 mt=P len=0
PKT t=19633 RX ua=95 mt=R len=7
PKT t=19638 TX ua=95 mt=P len=0
PKT t=19647 RX ua=95 mt=R len=7
PKT t=19652 TX ua=95 mt=P len=0
PKT t=19681 RX ua=95 mt=R len=7
PKT t=19686 TX ua=95 mt=P len=0
PKT t=19695 RX ua=95 mt=R len=7
PKT t=19700 TX ua=95 mt=P len=0
PKT t=19709 RX ua=95 mt=R len=7
PKT t=19714 TX ua=95 mt=P len=0
PKT t=19723 RX ua=95 mt=R len=7
PKT t=19728 TX ua=95 mt=P len=0
PKT t=19737 RX ua=95 mt=R len=7
PKT t=19742 TX ua=95 mt=P len=0
PKT t=19751 RX ua=95 mt=R len=7
PKT t=19756 TX ua=95 mt=P len=0
PKT t=19785 RX ua=95 mt=R len=7
PKT t=19790 TX ua=95 mt=P len=0
PKT t=19799 RX ua=95 mt=R len=7
PKT t=19804 TX ua=95 mt=P len=0
PKT t=19813 RX ua=95 mt=R len=7
PKT t=19818 TX ua=95 mt=P len=0
PKT t=19828 RX ua=95 mt=R len=7
PKT t=19833 TX ua=95 mt=P len=0
PKT t=19842 RX ua=95 mt=R len=7
PKT t=19847 TX ua=95 mt=P len=0
PKT t=19856 RX ua=95 mt=R len=7
PKT t=19861 TX ua=95 mt=T len=7
PKT t=19873 TX ua=95 mt=P len=0
PKT t=19892 RX ua=95 mt=R len=7
PKT t=19897 TX ua=95 mt=P len=0
PKT t=19906 RX ua=95 mt=R len=7
PKT t=19911 TX ua=95 mt=P len=0
PKT t=19920 RX ua=95 mt=R len=7
PKT t=19925 TX ua=95 mt=P len=0
PKT t=19934 RX ua=95 mt=R len=7
PKT t=19939 TX ua=95 mt=P len=0
PKT t=19948 RX ua=95 mt=R len=7
PKT t=19953 TX ua=95 mt=P len=0
PKT t=19962 RX ua=95 mt=R len=7
PKT t=19967 TX ua=95 mt=P len=0
PKT t=19996 RX ua=95 mt=R len=7
PKT t=20001 TX ua=95 mt=P len=0
PKT t=20014 RX ua=95 mt=R len=7
PKT t=20019 TX ua=95 mt=P len=0
PKT t=20028 RX ua=95 mt=R len=7
PKT t=20033 TX ua=95 mt=P len=0
PKT t=20042 RX ua=95 mt=R len=7
PKT t=20047 TX ua=95 mt=P len=0
PKT t=20067 RX ua=95 mt=R len=7
PKT t=20322 TX ua=96 mt=P len=0
PKT t=20580 TX ua=95 mt=P len=0
PKT t=20589 RX ua=95 mt=R len=7
PKT t=20594 TX ua=95 mt=T len=7
PKT t=20606 TX ua=95 mt=P len=0
PKT t=20615 RX ua=95 mt=R len=7
PKT t=20620 TX ua=95 mt=T len=7
PKT t=20632 TX ua=95 mt=P len=0
PKT t=20641 RX ua=95 mt=R len=7
PKT t=20646 TX ua=95 mt=P len=0
PKT t=20655 RX ua=95 mt=R len=7
PKT t=20660 TX ua=95 mt=P len=0
PKT t=20669 RX ua=95 mt=R len=7
PKT t=20674 TX ua=95 mt=P len=0
PKT t=20703 RX ua=95 mt=R len=7
PKT t=20708 TX ua=95 mt=P len=0
PKT t=20717 RX ua=95 mt=R len=7
PKT t=20722 TX ua=95 mt=P len=0
PKT t=20731 RX ua=95 mt=R len=7
PKT t=20736 TX ua=95 mt=P len=0
PKT t=20745 RX ua=95 mt=R len=7
PKT t=20750 TX ua=95 mt=P len=0
PKT t=20759 RX ua=95 mt=R len=7
PKT t=20764 TX ua=95 mt=P len=0
PKT t=20773 RX ua=95 mt=R len=7
PKT t=20778 TX ua=95 mt=P len=0
PKT t=20807 RX ua=95 mt=R len=7
PKT t=20812 TX ua=95 mt=P len=0
PKT t=20821 RX ua=95 mt=R len=7
PKT t=20826 TX ua=95 mt=P len=0
PKT t=20835 RX ua=95 mt=R len=7
PKT t=20840 TX ua=95 mt=P len=0
PKT t=20849 RX ua=95 mt=R len=7
PKT t=20854 TX ua=95 mt=P len=0
PKT t=20863 RX ua=95 mt=R len=7
PKT t=20868 TX ua=95 mt=T len=7
PKT t=20880 TX ua=95 mt=P len=0
PKT t=20908 RX ua=95 mt=R len=7
PKT t=20913 TX ua=95 mt=P len=0
PKT t=20922 RX ua=95 mt=R len=7
PKT t=20927 TX ua=95 mt=P len=0
PKT t=20936 RX ua=95 mt=R len=7
PKT t=20941 TX ua=95 mt=P len=0
PKT t=20950 RX ua=95 mt=R len=7
PKT t=20955 TX ua=95 mt=P len=0
PKT t=20964 RX ua=95 mt=R len=7
PKT t=20969 TX ua=95 mt=P len=0
PKT t=20978 RX ua=95 mt=R len=7
PKT t=20983 TX ua=95 mt=P len=0
PKT t=21012 RX ua=95 mt=R len=7
PKT t=21017 TX ua=95 mt=P len=0
PKT t=21026 RX ua=95 mt=R len=7
PKT t=21031 TX ua=95 mt=P len=0
PKT t=21040 RX ua=95 mt=R len=7
PKT t=21045 TX ua=95 mt=P len=0
PKT t=21066 RX ua=95 mt=R len=7
PKT t=21321 TX ua=96 mt=P len=0
PKT t=21579 TX ua=95 mt=P len=0
PKT t=21589 RX ua=95 mt=R len=7
PKT t=21593 TX ua=95 mt=T len=7
PKT t=21606 TX ua=95 mt=P len=0
PKT t=21616 RX ua=95 mt=R len=7
PKT t=21621 TX ua=95 mt=T len=7
PKT t=21634 TX ua=95 mt=P len=0
PKT t=21643 RX ua=95 mt=R len=7
PKT t=21648 TX ua=95 mt=P len=0
PKT t=21657 RX ua=95 mt=R len=7
PKT t=21662 TX ua=95 mt=P len=0
PKT t=21671 RX ua=95 mt=R len=7
PKT t=21676 TX ua=95 mt=P len=0
PKT t=21685 RX ua=95 mt=R len=7
PKT t=21690 TX ua=95 mt=P len=0
PKT t=21719 RX ua=95 mt=R len=7
PKT t=21724 TX ua=95 mt=P len=0
PKT t=21733 RX ua=95 mt=R len=7
PKT t=21738 TX ua=95 mt=P len=0
PKT t=21747 RX ua=95 mt=R len=7
PKT t=21752 TX ua=95 mt=P len=0
PKT t=21761 RX ua=95 mt=R len=7
PKT t=21766 TX ua=95 mt=P len=0
PKT t=21775 RX ua=95 mt=R len=7
PKT t=21780 TX ua=95 mt=P len=0
PKT t=21789 RX ua=95 mt=R len=7
PKT t=21794 TX ua=95 mt=P len=0
PKT t=21823 RX ua=95 mt=R len=7
PKT t=21828 TX ua=95 mt=P len=0
PKT t=21837 RX ua=95 mt=R len=7
PKT t=21842 TX ua=95 mt=P len=0
PKT t=21851 RX ua=95 mt=R len=7
PKT t=21856 TX ua=95 mt=P len=0
PKT t=21865 RX ua=95 mt=R len=7
PKT t=21870 TX ua=95 mt=T len=7
PKT t=21883 TX ua=95 mt=P len=0
PKT t=21892 RX ua=95 mt=R len=7
PKT t=21897 TX ua=95 mt=P len=0
PKT t=21926 RX ua=95 mt=R len=7
PKT t=21931 TX ua=95 mt=P len=0
PKT t=21940 RX ua=95 mt=R len=7
PKT t=21945 TX ua=95 mt=P len=0
PKT t=21954 RX ua=95 mt=R len=7
PKT t=21959 TX ua=95 mt=P len=0
PKT t=21968 RX ua=95 mt=R len=7
PKT t=21973 TX ua=95 mt=P len=0
PKT t=21982 RX ua=95 mt=R len=7
PKT t=21987 TX ua=95 mt=P len=0
PKT t=21996 RX ua=95 mt=R len=7
PKT t=22001 TX ua=95 mt=P len=0
PKT t=22030 RX ua=95 mt=R len=7
PKT t=22035 TX ua=95 mt=P len=0
PKT t=22044 RX ua=95 mt=R len=7
PKT t=22066 TX ua=95 mt=P len=0
PKT t=22075 RX ua=95 mt=R len=7
PKT t=22080 TX ua=95 mt=P len=0
PKT t=22089 RX ua=95 mt=R len=7
PKT t=22094 TX ua=95 mt=P len=0
PKT t=22103 RX ua=95 mt=R len=7
PKT t=22108 TX ua=95 mt=P len=0
PKT t=22137 RX ua=95 mt=R len=7
PKT t=22142 TX ua=95 mt=T len=7
PKT t=22154 TX ua=95 mt=P len=0
PKT t=22163 RX ua=95 mt=R len=7
PKT t=22168 TX ua=95 mt=P len=0
PKT t=22177 RX ua=95 mt=R len=7
PKT t=22182 TX ua=95 mt=P len=0
PKT t=22191 RX ua=95 mt=R len=7
PKT t=22196 TX ua=95 mt=P len=0
PKT t=22205 RX ua=95 mt=R len=7
PKT t=22210 TX ua=95 mt=P len=0
PKT t=22239 RX ua=95 mt=R len=7
PKT t=22244 TX ua=95 mt=P len=0
PKT t=22253 RX ua=95 mt=R len=7
PKT t=22258 TX ua=95 mt=P len=0
PKT t=22267 RX ua=95 mt=R len=7
PKT t=22272 TX ua=95 mt=P len=0
PKT t=22281 RX ua=95 mt=R len=7
PKT t=22286 TX ua=95 mt=P len=0
PKT t=22295 RX ua=95 mt=R len=7
PKT t=22300 TX ua=95 mt=P len=0
PKT t=22309 RX ua=95 mt=R len=7
PKT t=22314 TX ua=95 mt=P len=0
PKT t=22343 RX ua=95 mt=R len=7
PKT t=22348 TX ua=95 mt=P len=0
PKT t=22357 RX ua=95 mt=R len=7
PKT t=22362 TX ua=95 mt=T len=7
PKT t=22374 TX ua=95 mt=P len=0
PKT t=22383 RX ua=95 mt=R len=7
PKT t=22388 TX ua=95 mt=P len=0
PKT t=22397 RX ua=95 mt=R len=7
PKT t=22402 TX ua=95 mt=P len=0
PKT t=22411 RX ua=95 mt=R len=7
PKT t=22416 TX ua=95 mt=P len=0
PKT t=22445 RX ua=95 mt=R len=7
PKT t=22450 TX ua=95 mt=P len=0
PKT t=22459 RX ua=95 mt=R len=7
PKT t=22464 TX ua=95 mt=P len=0
PKT t=22473 RX ua=95 mt=R len=7
PKT t=22478 TX ua=95 mt=P len=0
PKT t=22487 RX ua=95 mt=R len=7
PKT t=22492 TX ua=95 mt=P len=0
PKT t=22501 RX ua=95 mt=R len=7
PKT t=22506 TX ua=95 mt=P len=0
PKT t=22515 RX ua=95 mt=R len=7
PKT t=22520 TX ua=95 mt=P len=0
PKT t=22566 RX ua=95 mt=R len=7
PKT t=22571 TX ua=95 mt=P len=0
PKT t=22580 RX ua=95 mt=R len=7
PKT t=22585 TX ua=95 mt=P len=0
PKT t=22594 RX ua=95 mt=R len=7
PKT t=22599 TX ua=95 mt=P len=0
PKT t=22608 RX ua=95 mt=R len=7
PKT t=22613 TX ua=95 mt=T len=7
PKT t=22625 TX ua=95 mt=P len=0
PKT t=22653 RX ua=95 mt=R len=7
PKT t=22658 TX ua=95 mt=P len=0
PKT t=22667 RX ua=95 mt=R len=7
PKT t=22672 TX ua=95 mt=P len=0
PKT t=22681 RX ua=95 mt=R len=7
PKT t=22686 TX ua=95 mt=P len=0
PKT t=22695 RX ua=95 mt=R len=7
PKT t=22700 TX ua=95 mt=P len=0
PKT t=22709 RX ua=95 mt=R len=7
PKT t=22714 TX ua=95 mt=P len=0
PKT t=22723 RX ua=95 mt=R len=7
PKT t=22728 TX ua=95 mt=P len=0
PKT t=22757 RX ua=95 mt=R len=7
PKT t=22762 TX ua=95 mt=P len=0
PKT t=22771 RX ua=95 mt=R len=7
PKT t=22776 TX ua=95 mt=P len=0
PKT t=22785 RX ua=95 mt=R len=7
PKT t=22790 TX ua=95 mt=P len=0
PKT t=22799 RX ua=95 mt=R len=7
PKT t=22804 TX ua=95 mt=P len=0
PKT t=22813 RX ua=95 mt=R len=7
PKT t=22818 TX ua=95 mt=P len=0
PKT t=22827 RX ua=95 mt=R len=7
PKT t=22832 TX ua=95 mt=P len=0
PKT t=22861 RX ua=95 mt=R len=7
PKT t=22866 TX ua=95 mt=T len=7
PKT t=22878 TX ua=95 mt=P len=0
PKT t=22887 RX ua=95 mt=R len=7
PKT t=22892 TX ua=95 mt=P len=0
PKT t=22901 RX ua=95 mt=R len=7
PKT t=22906 TX ua=95 mt=P len=0
PKT t=22915 RX ua=95 mt=R len=7
PKT t=22920 TX ua=95 mt=P len=0
PKT t=22929 RX ua=95 mt=R len=7
PKT t=22934 TX ua=95 mt=P len=0
PKT t=22963 RX ua=95 mt=R len=7
PKT t=22968 TX ua=95 mt=P len=0
PKT t=22977 RX ua=95 mt=R len=7
PKT t=22982 TX ua=95 mt=P len=0
PKT t=22991 RX ua=95 mt=R len=7
PKT t=22996 TX ua=95 mt=P len=0
PKT t=23005 RX ua=95 mt=R len=7
PKT t=23010 TX ua=95 mt=P len=0
PKT t=23019 RX ua=95 mt=R len=7
PKT t=23024 TX ua=95 mt=P len=0
PKT t=23033 RX ua=95 mt=R len=7
PKT t=23038 TX ua=95 mt=P len=0
PKT t=23067 RX ua=95 mt=R len=7
PKT t=23072 TX ua=95 mt=P len=0
PKT t=23081 RX ua=95 mt=R len=7
PKT t=23086 TX ua=95 mt=P len=0
PKT t=23095 RX ua=95 mt=R len=7
PKT t=23100 TX ua=95 mt=P len=0
PKT t=23109 RX ua=95 mt=R len=7
PKT t=23114 TX ua=95 mt=T len=7
PKT t=23126 TX ua=95 mt=P len=0
PKT t=23136 RX ua=95 mt=R len=7
PKT t=23141 TX ua=95 mt=P len=0
PKT t=23170 RX ua=95 mt=R len=7
PKT t=23175 TX ua=95 mt=P len=0
PKT t=23184 RX ua=95 mt=R len=7
PKT t=23189 TX ua=95 mt=P len=0
PKT t=23198 RX ua=95 mt=R len=7
PKT t=23203 TX ua=95 mt=P len=0
PKT t=23212 RX ua=95 mt=R len=7
PKT t=23217 TX ua=95 mt=P len=0
PKT t=23226 RX ua=95 mt=R len=7
PKT t=23231 TX ua=95 mt=P len=0
PKT t=23240 RX ua=95 mt=R len=7
PKT t=23245 TX ua=95 mt=P len=0
PKT t=23274 RX ua=95 mt=R len=7
PKT t=23279 TX ua=95 mt=P len=0
PKT t=23288 RX ua=95 mt=R len=7
PKT t=23293 TX ua=95 mt=P len=0
PKT t=23302 RX ua=95 mt=R len=7
PKT t=23307 TX ua=95 mt=P len=0
PKT t=23316 RX ua=95 mt=R len=7
PKT t=23321 TX ua=95 mt=P len=0
PKT t=23330 RX ua=95 mt=R len=7
PKT t=23335 TX ua=95 mt=P len=0
PKT t=23344 RX ua=95 mt=R len=7
PKT t=23349 TX ua=95 mt=P len=0
PKT t=23378 RX ua=95 mt=R len=7
PKT t=23383 TX ua=95 mt=T len=7
PKT t=23395 TX ua=95 mt=P len=0
PKT t=23405 RX ua=95 mt=R len=7
PKT t=23410 TX ua=95 mt=P len=0
PKT t=23420 RX ua=95 mt=R len=7
PKT t=23425 TX ua=95 mt=P len=0
PKT t=23435 RX ua=95 mt=R len=7
PKT t=23440 TX ua=95 mt=P len=0
PKT t=23450 RX ua=95 mt=R len=7
PKT t=23455 TX ua=95 mt=P len=0
PKT t=23484 RX ua=95 mt=R len=7
PKT t=23489 TX ua=95 mt=P len=0
PKT t=23499 RX ua=95 mt=R len=7
PKT t=23504 TX ua=95 mt=P len=0
PKT t=23514 RX ua=95 mt=R len=7
PKT t=23519 TX ua=95 mt=P len=0
PKT t=23529 RX ua=95 mt=R len=7
PKT t=23534 TX ua=95 mt=P len=0
PKT t=23544 RX ua=95 mt=R len=7
PKT t=23566 TX ua=95 mt=P len=0
PKT t=23584 RX ua=95 mt=R len=7
PKT t=23589 TX ua=95 mt=P len=0
PKT t=23599 RX ua=95 mt=R len=7
PKT t=23604 TX ua=95 mt=P len=0
PKT t=23614 RX ua=95 mt=R len=7
PKT t=23619 TX ua=95 mt=T len=7
PKT t=23631 TX ua=95 mt=P len=0
PKT t=23641 RX ua=95 mt=R len=7
PKT t=23646 TX ua=95 mt=P len=0
PKT t=23655 RX ua=95 mt=R len=7
PKT t=23660 TX ua=95 mt=P len=0
PKT t=23689 RX ua=95 mt=R len=7
PKT t=23694 TX ua=95 mt=P len=0
PKT t=23703 RX ua=95 mt=R len=7
PKT t=23708 TX ua=95 mt=P len=0
PKT t=23717 RX ua=95 mt=R len=7
PKT t=23722 TX ua=95 mt=P len=0
PKT t=23731 RX ua=95 mt=R len=7
PKT t=23736 TX ua=95 mt=P len=0
PKT t=23745 RX ua=95 mt=R len=7
PKT t=23750 TX ua=95 mt=P len=0
PKT t=23759 RX ua=95 mt=R len=7
PKT t=23764 TX ua=95 mt=P len=0
PKT t=23793 RX ua=95 mt=R len=7
PKT t=23798 TX ua=95 mt=P len=0
PKT t=23807 RX ua=95 mt=R len=7
PKT t=23812 TX ua=95 mt=P len=0
PKT t=23821 RX ua=95 mt=R len=7
PKT t=23826 TX ua=95 mt=P len=0
PKT t=23835 RX ua=95 mt=R len=7
PKT t=23840 TX ua=95 mt=P len=0
PKT t=23849 RX ua=95 mt=R len=7
PKT t=23854 TX ua=95 mt=P len=0
PKT t=23863 RX ua=95 mt=R len=7
PKT t=23868 TX ua=95 mt=T len=7
PKT t=23880 TX ua=95 mt=P len=0
PKT t=23899 RX ua=95 mt=R len=7
PKT t=23904 TX ua=95 mt=P len=0
PKT t=23914 RX ua=95 mt=R len=7
PKT t=23919 TX ua=95 mt=P len=0
PKT t=23929 RX ua=95 mt=R len=7
PKT t=23934 TX ua=95 mt=P len=0
PKT t=23943 RX ua=95 mt=R len=7
PKT t=23948 TX ua=95 mt=P len=0
PKT t=23957 RX ua=95 mt=R len=7
PKT t=23962 TX ua=95 mt=P len=0
PKT t=23971 RX ua=95 mt=R len=7
PKT t=23976 TX ua=95 mt=P len=0
PKT t=24005 RX ua=95 mt=R len=7
PKT t=24010 TX ua=95 mt=P len=0
PKT t=24019 RX ua=95 mt=R len=7
PKT t=24024 TX ua=95 mt=P len=0
PKT t=24033 RX ua=95 mt=R len=7
PKT t=24038 TX ua=95 mt=P len=0
PKT t=24066 RX ua=95 mt=R len=7
PKT t=24071 TX ua=95 mt=P len=0
PKT t=24104 RX ua=95 mt=R len=7
PKT t=24109 TX ua=95 mt=T len=7
PKT t=24121 TX ua=95 mt=P len=0
PKT t=24130 RX ua=95 mt=R len=7
PKT t=24135 TX ua=95 mt=P len=0
PKT t=24144 RX ua=95 mt=R len=7
PKT t=24149 TX ua=95 mt=P len=0
PKT t=24159 RX ua=95 mt=R len=7
PKT t=24164 TX ua=95 mt=P len=0
PKT t=24173 RX ua=95 mt=R len=7
PKT t=24178 TX ua=95 mt=P len=0
PKT t=24207 RX ua=95 mt=R len=7
PKT t=24212 TX ua=95 mt=P len=0
PKT t=24221 RX ua=95 mt=R len=7
PKT t=24226 TX ua=95 mt=P len=0
PKT t=24235 RX ua=95 mt=R len=7
PKT t=24240 TX ua=95 mt=P len=0
PKT t=24249 RX ua=95 mt=R len=7
PKT t=24254 TX ua=95 mt=P len=0
PKT t=24263 RX ua=95 mt=R len=7
PKT t=24268 TX ua=95 mt=P len=0
PKT t=24277 RX ua=95 mt=R len=7
PKT t=24282 TX ua=95 mt=P len=0
PKT t=24311 RX ua=95 mt=R len=7
PKT t=24316 TX ua=95 mt=P len=0
PKT t=24325 RX ua=95 mt=R len=7
PKT t=24330 TX ua=95 mt=P len=0
PKT t=24339 RX ua=95 mt=R len=7
PKT t=24344 TX ua=95 mt=P len=0
PKT t=24353 RX ua=95 mt=R len=7
PKT t=24358 TX ua=95 mt=P len=0
PKT t=24367 RX ua=95 mt=R len=7
PKT t=24372 TX ua=95 mt=T len=7
PKT t=24384 TX ua=95 mt=P len=0
PKT t=24412 RX ua=95 mt=R len=7
PKT t=24417 TX ua=95 mt=P len=0
PKT t=24426 RX ua=95 mt=R len=7
PKT t=24431 TX ua=95 mt=P len=0
PKT t=24440 RX ua=95 mt=R len=7
PKT t=24445 TX ua=95 mt=P len=0
PKT t=24454 RX ua=95 mt=R len=7
PKT t=24459 TX ua=95 mt=P len=0
PKT t=24469 RX ua=95 mt=R len=7
PKT t=24473 TX ua=95 mt=P len=0
PKT t=24482 RX ua=95 mt=R len=7
PKT t=24487 TX ua=95 mt=P len=0
PKT t=24516 RX ua=95 mt=R len=7
PKT t=24521 TX ua=95 mt=P len=0
PKT t=24530 RX ua=95 mt=R len=7
PKT t=24535 TX ua=95 mt=P len=0
PKT t=24544 RX ua=95 mt=R len=7
PKT t=24566 TX ua=95 mt=P len=0
PKT t=24575 RX ua=95 mt=R len=7
PKT t=24580 TX ua=95 mt=P len=0
PKT t=24589 RX ua=95 mt=R len=7
PKT t=24594 TX ua=95 mt=P len=0
PKT t=24623 RX ua=95 mt=R len=7
PKT t=24628 TX ua=95 mt=T len=7
PKT t=24640 TX ua=95 mt=P len=0
PKT t=24649 RX ua=95 mt=R len=7
PKT t=24654 TX ua=95 mt=P len=0
PKT t=24663 RX ua=95 mt=R len=7
PKT t=24668 TX ua=95 mt=P len=0
PKT t=24677 RX ua=95 mt=R len=7
PKT t=24682 TX ua=95 mt=P len=0
PKT t=24691 RX ua=95 mt=R len=7
PKT t=24696 TX ua=95 mt=P len=0
PKT t=24725 RX ua=95 mt=R len=7
PKT t=24730 TX ua=95 mt=P len=0
PKT t=24739 RX ua=95 mt=R len=7
PKT t=24744 TX ua=95 mt=P len=0
PKT t=24753 RX ua=95 mt=R len=7
PKT t=24758 TX ua=95 mt=P len=0
PKT t=24767 RX ua=95 mt=R len=7
PKT t=24772 TX ua=95 mt=P len=0
PKT t=24781 RX ua=95 mt=R len=7
PKT t=24786 TX ua=95 mt=P len=0
PKT t=24795 RX ua=95 mt=R len=7
PKT t=24800 TX ua=95 mt=P len=0
PKT t=24829 RX ua=95 mt=R len=7
PKT t=24834 TX ua=95 mt=P len=0
PKT t=24843 RX ua=95 mt=R len=7
PKT t=24848 TX ua=95 mt=P len=0
PKT t=24857 RX ua=95 mt=R len=7
PKT t=24862 TX ua=95 mt=T len=7
PKT t=24874 TX ua=95 mt=P len=0
PKT t=24883 RX ua=95 mt=R len=7
PKT t=24888 TX ua=95 mt=P len=0
PKT t=24897 RX ua=95 mt=R len=7
PKT t=24902 TX ua=95 mt=P len=0
PKT t=24931 RX ua=95 mt=R len=7
PKT t=24936 TX ua=95 mt=P len=0
PKT t=24945 RX ua=95 mt=R len=7
PKT t=24950 TX ua=95 mt=P len=0
PKT t=24959 RX ua=95 mt=R len=7
PKT t=24964 TX ua=95 mt=P len=0
PKT t=24973 RX ua=95 mt=R len=7
PKT t=24978 TX ua=95 mt=P len=0
PKT t=24987 RX ua=95 mt=R len=7
PKT t=24992 TX ua=95 mt=P len=0
PKT t=25001 RX ua=95 mt=R len=7
PKT t=25006 TX ua=95 mt=P len=0
PKT t=25035 RX ua=95 mt=R len=7
PKT t=25040 TX ua=95 mt=P len=0
PKT t=25066 RX ua=95 mt=R len=7
PKT t=25071 TX ua=95 mt=P len=0
PKT t=25080 RX ua=95 mt=R len=7
PKT t=25085 TX ua=95 mt=P len=0
PKT t=25094 RX ua=95 mt=R len=7
PKT t=25099 TX ua=95 mt=P len=0
PKT t=25108 RX ua=95 mt=R len=7
PKT t=25113 TX ua=95 mt=T len=7
PKT t=25125 TX ua=95 mt=P len=0
PKT t=25144 RX ua=95 mt=R len=7
PKT t=25149 TX ua=95 mt=P len=0
PKT t=25158 RX ua=95 mt=R len=7
PKT t=25163 TX ua=95 mt=P len=0
PKT t=25172 RX ua=95 mt=R len=7
PKT t=25177 TX ua=95 mt=P len=0
PKT t=25186 RX ua=95 mt=R len=7
PKT t=25191 TX ua=95 mt=P len=0
PKT t=25200 RX ua=95 mt=R len=7
PKT t=25205 TX ua=95 mt=P len=0
PKT t=25214 RX ua=95 mt=R len=7
PKT t=25219 TX ua=95 mt=P len=0
PKT t=25248 RX ua=95 mt=R len=7
PKT t=25253 TX ua=95 mt=P len=0
PKT t=25262 RX ua=95 mt=R len=7
PKT t=25267 TX ua=95 mt=P len=0
PKT t=25276 RX ua=95 mt=R len=7
PKT t=25281 TX ua=95 mt=P len=0
PKT t=25290 RX ua=95 mt=R len=7
PKT t=25295 TX ua=95 mt=P len=0
PKT t=25304 RX ua=95 mt=R len=7
PKT t=25309 TX ua=95 mt=P len=0
PKT t=25318 RX ua=95 mt=R len=7
PKT t=25323 TX ua=95 mt=P len=0
PKT t=25352 RX ua=95 mt=R len=7
PKT t=25357 TX ua=95 mt=P len=0
PKT t=25366 RX ua=95 mt=R len=7
PKT t=25371 TX ua=95 mt=T len=7
PKT t=25383 TX ua=95 mt=P len=0
PKT t=25393 RX ua=95 mt=R len=7
PKT t=25398 TX ua=95 mt=P len=0
PKT t=25408 RX ua=95 mt=R len=7
PKT t=25413 TX ua=95 mt=P len=0
PKT t=25423 RX ua=95 mt=R len=7
PKT t=25428 TX ua=95 mt=P len=0
PKT t=25457 RX ua=95 mt=R len=7
PKT t=25462 TX ua=95 mt=P len=0
PKT t=25472 RX ua=95 mt=R len=7
PKT t=25477 TX ua=95 mt=P len=0
PKT t=25487 RX ua=95 mt=R len=7
PKT t=25492 TX ua=95 mt=P len=0
PKT t=25502 RX ua=95 mt=R len=7
PKT t=25507 TX ua=95 mt=P len=0
PKT t=25517 RX ua=95 mt=R len=7
PKT t=25522 TX ua=95 mt=P len=0
PKT t=25532 RX ua=95 mt=R len=7
PKT t=25537 TX ua=95 mt=P len=0
PKT t=25567 RX ua=95 mt=R len=7
PKT t=25572 TX ua=95 mt=P len=0
PKT t=25582 RX ua=95 mt=R len=7
PKT t=25587 TX ua=95 mt=P len=0
PKT t=25597 RX ua=95 mt=R len=7
PKT t=25602 TX ua=95 mt=P len=0
PKT t=25612 RX ua=95 mt=R len=7
PKT t=25617 TX ua=95 mt=T len=7
PKT t=25629 TX ua=95 mt=P len=0
PKT t=25638 RX ua=95 mt=R len=7
PKT t=25643 TX ua=95 mt=P len=0
PKT t=25673 RX ua=95 mt=R len=7
PKT t=25678 TX ua=95 mt=P len=0
PKT t=25687 RX ua=95 mt=R len=7
PKT t=25692 TX ua=95 mt=P len=0
PKT t=25701 RX ua=95 mt=R len=7
PKT t=25706 TX ua=95 mt=P len=0
PKT t=25715 RX ua=95 mt=R len=7
PKT t=25720 TX ua=95 mt=P len=0
PKT t=25729 RX ua=95 mt=R len=7
PKT t=25734 TX ua=95 mt=P len=0
PKT t=25743 RX ua=95 mt=R len=7
PKT t=25748 TX ua=95 mt=P len=0
PKT t=25777 RX ua=95 mt=R len=7
PKT t=25782 TX ua=95 mt=P len=0
PKT t=25791 RX ua=95 mt=R len=7
PKT t=25796 TX ua=95 mt=P len=0
PKT t=25805 RX ua=95 mt=R len=7
PKT t=25810 TX ua=95 mt=P len=0
PKT t=25819 RX ua=95 mt=R len=7
PKT t=25824 TX ua=95 mt=P len=0
PKT t=25833 RX ua=95 mt=R len=7
PKT t=25838 TX ua=95 mt=P len=0
PKT t=25847 RX ua=95 mt=R len=7
PKT t=25852 TX ua=95 mt=P len=0
PKT t=25881 RX ua=95 mt=R len=7
PKT t=25886 TX ua=95 mt=T len=7
PKT t=25898 TX ua=95 mt=P len=0
PKT t=25907 RX ua=95 mt=R len=7
PKT t=25912 TX ua=95 mt=P len=0
PKT t=25921 RX ua=95 mt=R len=7
PKT t=25926 TX ua=95 mt=P len=0
PKT t=25935 RX ua=95 mt=R len=7
PKT t=25940 TX ua=95 mt=P len=0
PKT t=25949 RX ua=95 mt=R len=7
PKT t=25954 TX ua=95 mt=P len=0
PKT t=25983 RX ua=95 mt=R len=7
PKT t=25988 TX ua=95 mt=P len=0
PKT t=25997 RX ua=95 mt=R len=7
PKT t=26002 TX ua=95 mt=P len=0
PKT t=26011 RX ua=95 mt=R len=7
PKT t=26017 TX ua=95 mt=P len=0
PKT t=26026 RX ua=95 mt=R len=7
PKT t=26031 TX ua=95 mt=P len=0
PKT t=26040 RX ua=95 mt=R len=7
PKT t=26045 TX ua=95 mt=P len=0
PKT t=26066 RX ua=95 mt=R len=7
PKT t=26321 TX ua=96 mt=P len=0
PKT t=26579 TX ua=95 mt=P len=0
PKT t=26589 RX ua=95 mt=R len=7
PKT t=26593 TX ua=95 mt=T len=7
PKT t=26606 TX ua=95 mt=P len=0
PKT t=26615 RX ua=95 mt=R len=7
PKT t=26620 TX ua=95 mt=T len=7
PKT t=26633 TX ua=95 mt=P len=0
PKT t=26642 RX ua=95 mt=R len=7
PKT t=26647 TX ua=95 mt=P len=0
PKT t=26656 RX ua=95 mt=R len=7
PKT t=26661 TX ua=95 mt=P len=0
PKT t=26690 RX ua=95 mt=R len=7
PKT t=26695 TX ua=95 mt=P len=0
PKT t=26704 RX ua=95 mt=R len=7
PKT t=26709 TX ua=95 mt=P len=0
PKT t=26718 RX ua=95 mt=R len=7
PKT t=26723 TX ua=95 mt=P len=0
PKT t=26732 RX ua=95 mt=R len=7
PKT t=26737 TX ua=95 mt=P len=0
PKT t=26746 RX ua=95 mt=R len=7
PKT t=26751 TX ua=95 mt=P len=0
PKT t=26760 RX ua=95 mt=R len=7
PKT t=26765 TX ua=95 mt=P len=0
PKT t=26794 RX ua=95 mt=R len=7
PKT t=26799 TX ua=95 mt=P len=0
PKT t=26808 RX ua=95 mt=R len=7
PKT t=26813 TX ua=95 mt=P len=0
PKT t=26822 RX ua=95 mt=R len=7
PKT t=26827 TX ua=95 mt=P len=0
PKT t=26836 RX ua=95 mt=R len=7
PKT t=26841 TX ua=95 mt=P len=0
PKT t=26850 RX ua=95 mt=R len=7
PKT t=26855 TX ua=95 mt=P len=0
PKT t=26864 RX ua=95 mt=R len=7
PKT t=26869 TX ua=95 mt=T len=7
PKT t=26882 TX ua=95 mt=P len=0
PKT t=26900 RX ua=95 mt=R len=7
PKT t=26905 TX ua=95 mt=P len=0
PKT t=26914 RX ua=95 mt=R len=7
PKT t=26919 TX ua=95 mt=P len=0
PKT t=26928 RX ua=95 mt=R len=7
PKT t=26933 TX ua=95 mt=P len=0
PKT t=26942 RX ua=95 mt=R len=7
PKT t=26947 TX ua=95 mt=P len=0
PKT t=26956 RX ua=95 mt=R len=7
PKT t=26961 TX ua=95 mt=P len=0
PKT t=26970 RX ua=95 mt=R len=7
PKT t=26975 TX ua=95 mt=P len=0
PKT t=27004 RX ua=95 mt=R len=7
PKT t=27009 TX ua=95 mt=P len=0
PKT t=27018 RX ua=95 mt=R len=7
PKT t=27023 TX ua=95 mt=P len=0
PKT t=27032 RX ua=95 mt=R len=7
PKT t=27037 TX ua=95 mt=P len=0
PKT t=27046 RX ua=95 mt=R len=7
PKT t=27066 TX ua=95 mt=P len=0
PKT t=27075 RX ua=95 mt=R len=7
PKT t=27080 TX ua=95 mt=P len=0
PKT t=27109 RX ua=95 mt=R len=7
PKT t=27114 TX ua=95 mt=T len=7
PKT t=27126 TX ua=95 mt=P len=0
PKT t=27135 RX ua=95 mt=R len=7
PKT t=27140 TX ua=95 mt=P len=0
PKT t=27149 RX ua=95 mt=R len=7
PKT t=27154 TX ua=95 mt=P len=0
PKT t=27163 RX ua=95 mt=R len=7
PKT t=27168 TX ua=95 mt=P len=0
PKT t=27177 RX ua=95 mt=R len=7
PKT t=27182 TX ua=95 mt=P len=0
PKT t=27211 RX ua=95 mt=R len=7
PKT t=27216 TX ua=95 mt=P len=0
PKT t=27225 RX ua=95 mt=R len=7
PKT t=27230 TX ua=95 mt=P len=0
PKT t=27239 RX ua=95 mt=R len=7
PKT t=27244 TX ua=95 mt=P len=0
PKT t=27253 RX ua=95 mt=R len=7
PKT t=27258 TX ua=95 mt=P len=0
PKT t=27267 RX ua=95 mt=R len=7
PKT t=27272 TX ua=95 mt=P len=0
PKT t=27281 RX ua=95 mt=R len=7
PKT t=27286 TX ua=95 mt=P len=0
PKT t=27315 RX ua=95 mt=R len=7
PKT t=27320 TX ua=95 mt=P len=0
PKT t=27329 RX ua=95 mt=R len=7
PKT t=27334 TX ua=95 mt=P len=0
PKT t=27343 RX ua=95 mt=R len=7
PKT t=27348 TX ua=95 mt=P len=0
PKT t=27357 RX ua=95 mt=R len=7
PKT t=27362 TX ua=95 mt=T len=7
PKT t=27374 TX ua=95 mt=P len=0
PKT t=27384 RX ua=95 mt=R len=7
PKT t=27389 TX ua=95 mt=P len=0
PKT t=27418 RX ua=95 mt=R len=7
PKT t=27423 TX ua=95 mt=P len=0
PKT t=27433 RX ua=95 mt=R len=7
PKT t=27438 TX ua=95 mt=P len=0
PKT t=27448 RX ua=95 mt=R len=7
PKT t=27453 TX ua=95 mt=P len=0
PKT t=27463 RX ua=95 mt=R len=7
PKT t=27468 TX ua=95 mt=P len=0
PKT t=27478 RX ua=95 mt=R len=7
PKT t=27483 TX ua=95 mt=P len=0
PKT t=27493 RX ua=95 mt=R len=7
PKT t=27498 TX ua=95 mt=P len=0
PKT t=27527 RX ua=95 mt=R len=7
PKT t=27532 TX ua=95 mt=P len=0
PKT t=27542 RX ua=95 mt=R len=7
PKT t=27547 TX ua=95 mt=P len=0
PKT t=27567 RX ua=95 mt=R len=7
PKT t=27822 TX ua=96 mt=P len=0
PKT t=28080 TX ua=95 mt=P len=0
PKT t=28090 RX ua=95 mt=R len=7
PKT t=28095 TX ua=95 mt=T len=7
PKT t=28107 TX ua=95 mt=P len=0
PKT t=28128 RX ua=95 mt=R len=7
PKT t=28133 TX ua=95 mt=T len=7
PKT t=28145 TX ua=95 mt=P len=0
PKT t=28154 RX ua=95 mt=R len=7
PKT t=28159 TX ua=95 mt=P len=0
PKT t=28168 RX ua=95 mt=R len=7
PKT t=28173 TX ua=95 mt=P len=0
PKT t=28182 RX ua=95 mt=R len=7
PKT t=28187 TX ua=95 mt=P len=0
PKT t=28196 RX ua=95 mt=R len=7
PKT t=28201 TX ua=95 mt=P len=0
PKT t=28230 RX ua=95 mt=R len=7
PKT t=28235 TX ua=95 mt=P len=0
PKT t=28244 RX ua=95 mt=R len=7
PKT t=28249 TX ua=95 mt=P len=0
PKT t=28258 RX ua=95 mt=R len=7
PKT t=28263 TX ua=95 mt=P len=0
PKT t=28272 RX ua=95 mt=R len=7
PKT t=28277 TX ua=95 mt=P len=0
PKT t=28286 RX ua=95 mt=R len=7
PKT t=28291 TX ua=95 mt=P len=0
PKT t=28300 RX ua=95 mt=R len=7
PKT t=28305 TX ua=95 mt=P len=0
PKT t=28334 RX ua=95 mt=R len=7
PKT t=28339 TX ua=95 mt=P len=0
PKT t=28348 RX ua=95 mt=R len=7
PKT t=28353 TX ua=95 mt=P len=0
PKT t=28362 RX ua=95 mt=R len=7
PKT t=28367 TX ua=95 mt=T len=7
PKT t=28379 TX ua=95 mt=P len=0
PKT t=28388 RX ua=95 mt=R len=7
PKT t=28393 TX ua=95 mt=P len=0
PKT t=28402 RX ua=95 mt=R len=7
PKT t=28407 TX ua=95 mt=P len=0
PKT t=28436 RX ua=95 mt=R len=7
PKT t=28441 TX ua=95 mt=P len=0
PKT t=28450 RX ua=95 mt=R len=7
PKT t=28455 TX ua=95 mt=P len=0
PKT t=28464 RX ua=95 mt=R len=7
PKT t=28469 TX ua=95 mt=P len=0
PKT t=28478 RX ua=95 mt=R len=7
PKT t=28483 TX ua=95 mt=P len=0
PKT t=28492 RX ua=95 mt=R len=7
PKT t=28497 TX ua=95 mt=P len=0
PKT t=28506 RX ua=95 mt=R len=7
PKT t=28511 TX ua=95 mt=P len=0
PKT t=28540 RX ua=95 mt=R len=7
PKT t=28545 TX ua=95 mt=P len=0
PKT t=28566 RX ua=95 mt=R len=7
PKT t=28821 TX ua=96 mt=P len=0
PKT t=29079 TX ua=95 mt=P len=0
PKT t=29088 RX ua=95 mt=R len=7
PKT t=29093 TX ua=95 mt=T len=7
PKT t=29105 TX ua=95 mt=P len=0
PKT t=29114 RX ua=95 mt=R len=7
PKT t=29119 TX ua=95 mt=T len=7
PKT t=29132 TX ua=95 mt=P len=0
PKT t=29150 RX ua=95 mt=R len=7
PKT t=29155 TX ua=95 mt=P len=0
PKT t=29164 RX ua=95 mt=R len=7
PKT t=29169 TX ua=95 mt=P len=0
PKT t=29178 RX ua=95 mt=R len=7
PKT t=29183 TX ua=95 mt=P len=0
PKT t=29192 RX ua=95 mt=R len=7
PKT t=29197 TX ua=95 mt=P len=0
PKT t=29206 RX ua=95 mt=R len=7
PKT t=29211 TX ua=95 mt=P len=0
PKT t=29220 RX ua=95 mt=R len=7
PKT t=29225 TX ua=95 mt=P len=0
PKT t=29254 RX ua=95 mt=R len=7
PKT t=29259 TX ua=95 mt=P len=0
PKT t=29268 RX ua=95 mt=R len=7
PKT t=29273 TX ua=95 mt=P len=0
PKT t=29282 RX ua=95 mt=R len=7
PKT t=29287 TX ua=95 mt=P len=0
PKT t=29296 RX ua=95 mt=R len=7
PKT t=29301 TX ua=95 mt=P len=0
PKT t=29310 RX ua=95 mt=R len=7
PKT t=29315 TX ua=95 mt=P len=0
PKT t=29324 RX ua=95 mt=R len=7
PKT t=29329 TX ua=95 mt=P len=0
PKT t=29358 RX ua=95 mt=R len=7
PKT t=29363 TX ua=95 mt=T len=7
PKT t=29376 TX ua=95 mt=P len=0
PKT t=29386 RX ua=95 mt=R len=7
PKT t=29391 TX ua=95 mt=P len=0
PKT t=29401 RX ua=95 mt=R len=7
PKT t=29406 TX ua=95 mt=P len=0
PKT t=29416 RX ua=95 mt=R len=7
PKT t=29421 TX ua=95 mt=P len=0
PKT t=29431 RX ua=95 mt=R len=7
PKT t=29436 TX ua=95 mt=P len=0
PKT t=29465 RX ua=95 mt=R len=7
PKT t=29470 TX ua=95 mt=P len=0
PKT t=29480 RX ua=95 mt=R len=7
PKT t=29485 TX ua=95 mt=P len=0
PKT t=29495 RX ua=95 mt=R len=7
PKT t=29500 TX ua=95 mt=P len=0
PKT t=29510 RX ua=95 mt=R len=7
PKT t=29515 TX ua=95 mt=P len=0
PKT t=29525 RX ua=95 mt=R len=7
PKT t=29530 TX ua=95 mt=P len=0
PKT t=29540 RX ua=95 mt=R len=7
PKT t=29545 TX ua=95 mt=P len=0
PKT t=29574 RX ua=95 mt=R len=7
PKT t=29579 TX ua=95 mt=P len=0
PKT t=29589 RX ua=95 mt=R len=7
PKT t=29594 TX ua=95 mt=P len=0
PKT t=29604 RX ua=95 mt=R len=7
PKT t=29609 TX ua=95 mt=T len=7
PKT t=29622 TX ua=95 mt=P len=0
PKT t=29631 RX ua=95 mt=R len=7
PKT t=29636 TX ua=95 mt=P len=0
PKT t=29645 RX ua=95 mt=R len=7
PKT t=29650 TX ua=95 mt=P len=0
PKT t=29679 RX ua=95 mt=R len=7
PKT t=29684 TX ua=95 mt=P len=0
PKT t=29693 RX ua=95 mt=R len=7
PKT t=29698 TX ua=95 mt=P len=0
PKT t=29707 RX ua=95 mt=R len=7
PKT t=29712 TX ua=95 mt=P len=0
PKT t=29721 RX ua=95 mt=R len=7
PKT t=29726 TX ua=95 mt=P len=0
PKT t=29735 RX ua=95 mt=R len=7
PKT t=29740 TX ua=95 mt=P len=0
PKT t=29749 RX ua=95 mt=R len=7
PKT t=29754 TX ua=95 mt=P len=0
PKT t=29783 RX ua=95 mt=R len=7
PKT t=29788 TX ua=95 mt=P len=0
PKT t=29797 RX ua=95 mt=R len=7
PKT t=29802 TX ua=95 mt=P len=0
PKT t=29811 RX ua=95 mt=R len=7
PKT t=29816 TX ua=95 mt=P len=0
PKT t=29825 RX ua=95 mt=R len=7
PKT t=29830 TX ua=95 mt=P len=0
PKT t=29839 RX ua=95 mt=R len=7
PKT t=29844 TX ua=95 mt=P len=0
PKT t=29853 RX ua=95 mt=R len=7
PKT t=29858 TX ua=95 mt=P len=0
PKT t=29887 RX ua=95 mt=R len=7
PKT t=29892 TX ua=95 mt=T len=7
PKT t=29905 TX ua=95 mt=P len=0
PKT t=29914 RX ua=95 mt=R len=7
PKT t=29919 TX ua=95 mt=P len=0
PKT t=29928 RX ua=95 mt=R len=7
PKT t=29933 TX ua=95 mt=P len=0
PKT t=29942 RX ua=95 mt=R len=7
PKT t=29947 TX ua=95 mt=P len=0
PKT t=29956 RX ua=95 mt=R len=7
PKT t=29961 TX ua=95 mt=P len=0
PKT t=29990 RX ua=95 mt=R len=7
PKT t=29995 TX ua=95 mt=P len=0
PKT t=30004 RX ua=95 mt=R len=7
PKT t=30009 TX ua=95 mt=P len=0
PKT t=30019 RX ua=95 mt=R len=7
PKT t=30024 TX ua=95 mt=P len=0
PKT t=30033 RX ua=95 mt=R len=7
PKT t=30038 TX ua=95 mt=P len=0
PKT t=30066 RX ua=95 mt=R len=7
PKT t=30071 TX ua=95 mt=P len=0
PKT t=30089 RX ua=95 mt=R len=7
PKT t=30094 TX ua=95 mt=P len=0
PKT t=30103 RX ua=95 mt=R len=7
PKT t=30108 TX ua=95 mt=P len=0
PKT t=30117 RX ua=95 mt=R len=7
PKT t=30122 TX ua=95 mt=T len=7
PKT t=30134 TX ua=95 mt=P len=0
PKT t=30143 RX ua=95 mt=R len=7
PKT t=30148 TX ua=95 mt=P len=0
PKT t=30157 RX ua=95 mt=R len=7
PKT t=30162 TX ua=95 mt=P len=0
PKT t=30195 RX ua=95 mt=R len=7
PKT t=30200 TX ua=95 mt=P len=0
PKT t=30209 RX ua=95 mt=R len=7
PKT t=30214 TX ua=95 mt=P len=0
PKT t=30223 RX ua=95 mt=R len=7
PKT t=30228 TX ua=95 mt=P len=0
PKT t=30237 RX ua=95 mt=R len=7
PKT t=30242 TX ua=95 mt=P len=0
PKT t=30251 RX ua=95 mt=R len=7
PKT t=30256 TX ua=95 mt=P len=0
PKT t=30265 RX ua=95 mt=R len=7
PKT t=30270 TX ua=95 mt=P len=0
PKT t=30299 RX ua=95 mt=R len=7
PKT t=30304 TX ua=95 mt=P len=0
PKT t=30313 RX ua=95 mt=R len=7
PKT t=30318 TX ua=95 mt=P len=0
PKT t=30327 RX ua=95 mt=R len=7
PKT t=30332 TX ua=95 mt=P len=0
PKT t=30341 RX ua=95 mt=R len=7
PKT t=30346 TX ua=95 mt=P len=0
PKT t=30355 RX ua=95 mt=R len=7
PKT t=30360 TX ua=95 mt=T len=7
PKT t=30372 TX ua=95 mt=P len=0
PKT t=30400 RX ua=95 mt=R len=7
PKT t=30405 TX ua=95 mt=P len=0
PKT t=30414 RX ua=95 mt=R len=7
PKT t=30419 TX ua=95 mt=P len=0
PKT t=30428 RX ua=95 mt=R len=7
PKT t=30433 TX ua=95 mt=P len=0
PKT t=30442 RX ua=95 mt=R len=7
PKT t=30447 TX ua=95 mt=P len=0
PKT t=30456 RX ua=95 mt=R len=7
PKT t=30461 TX ua=95 mt=P len=0
PKT t=30470 RX ua=95 mt=R len=7
PKT t=30475 TX ua=95 mt=P len=0
PKT t=30504 RX ua=95 mt=R len=7
PKT t=30509 TX ua=95 mt=P len=0
PKT t=30518 RX ua=95 mt=R len=7
PKT t=30523 TX ua=95 mt=P len=0
PKT t=30532 RX ua=95 mt=R len=7
PKT t=30537 TX ua=95 mt=P len=0
PKT t=30546 RX ua=95 mt=R len=7
PKT t=30566 TX ua=95 mt=P len=0
PKT t=30575 RX ua=95 mt=R len=7
PKT t=30580 TX ua=95 mt=P len=0
PKT t=30610 RX ua=95 mt=R len=7
PKT t=30615 TX ua=95 mt=T len=7
PKT t=30627 TX ua=95 mt=P len=0
PKT t=30636 RX ua=95 mt=R len=7
PKT t=30641 TX ua=95 mt=P len=0
PKT t=30650 RX ua=95 mt=R len=7
PKT t=30655 TX ua=95 mt=P len=0
PKT t=30664 RX ua=95 mt=R len=7
PKT t=30669 TX ua=95 mt=P len=0
PKT t=30678 RX ua=95 mt=R len=7
PKT t=30683 TX ua=95 mt=P len=0
PKT t=30712 RX ua=95 mt=R len=7
PKT t=30717 TX ua=95 mt=P len=0
PKT t=30726 RX ua=95 mt=R len=7
PKT t=30731 TX ua=95 mt=P len=0
PKT t=30740 RX ua=95 mt=R len=7
PKT t=30745 TX ua=95 mt=P len=0
PKT t=30754 RX ua=95 mt=R len=7
PKT t=30759 TX ua=95 mt=P len=0
PKT t=30768 RX ua=95 mt=R len=7
PKT t=30773 TX ua=95 mt=P len=0
PKT t=30782 RX ua=95 mt=R len=7
PKT t=30787 TX ua=95 mt=P len=0
PKT t=30816 RX ua=95 mt=R len=7
PKT t=30821 TX ua=95 mt=P len=0
PKT t=30830 RX ua=95 mt=R len=7
PKT t=30835 TX ua=95 mt=P len=0
PKT t=30844 RX ua=95 mt=R len=7
PKT t=30849 TX ua=95 mt=P len=0
PKT t=30858 RX ua=95 mt=R len=7
PKT t=30863 TX ua=95 mt=T len=7
PKT t=30875 TX ua=95 mt=P len=0
PKT t=30884 RX ua=95 mt=R len=7
PKT t=30889 TX ua=95 mt=P len=0
PKT t=30918 RX ua=95 mt=R len=7
PKT t=30923 TX ua=95 mt=P len=0
PKT t=30932 RX ua=95 mt=R len=7
PKT t=30937 TX ua=95 mt=P len=0
PKT t=30946 RX ua=95 mt=R len=7
PKT t=30951 TX ua=95 mt=P len=0
PKT t=30960 RX ua=95 mt=R len=7
PKT t=30965 TX ua=95 mt=P len=0
PKT t=30974 RX ua=95 mt=R len=7
PKT t=30979 TX ua=95 mt=P len=0
PKT t=30988 RX ua=95 mt=R len=7
PKT t=30993 TX ua=95 mt=P len=0
PKT t=31022 RX ua=95 mt=R len=7
PKT t=31027 TX ua=95 mt=P len=0
PKT t=31036 RX ua=95 mt=R len=7
PKT t=31041 TX ua=95 mt=P len=0
PKT t=31066 RX ua=95 mt=R len=7
PKT t=31071 TX ua=95 mt=P len=0
PKT t=31080 RX ua=95 mt=R len=7
PKT t=31085 TX ua=95 mt=P len=0
PKT t=31094 RX ua=95 mt=R len=7
PKT t=31099 TX ua=95 mt=P len=0
PKT t=31128 RX ua=95 mt=R len=7
PKT t=31133 TX ua=95 mt=T len=7
PKT t=31145 TX ua=95 mt=P len=0
PKT t=31154 RX ua=95 mt=R len=7
PKT t=31159 TX ua=95 mt=P len=0
PKT t=31168 RX ua=95 mt=R len=7
PKT t=31173 TX ua=95 mt=P len=0
PKT t=31182 RX ua=95 mt=R len=7
PKT t=31187 TX ua=95 mt=P len=0
PKT t=31196 RX ua=95 mt=R len=7
PKT t=31201 TX ua=95 mt=P len=0
PKT t=31230 RX ua=95 mt=R len=7
PKT t=31235 TX ua=95 mt=P len=0
PKT t=31244 RX ua=95 mt=R len=7
PKT t=31249 TX ua=95 mt=P len=0
PKT t=31258 RX ua=95 mt=R len=7
PKT t=31263 TX ua=95 mt=P len=0
PKT t=31272 RX ua=95 mt=R len=7
PKT t=31277 TX ua=95 mt=P len=0
PKT t=31286 RX ua=95 mt=R len=7
PKT t=31291 TX ua=95 mt=P len=0
PKT t=31300 RX ua=95 mt=R len=7
PKT t=31305 TX ua=95 mt=P len=0
PKT t=31334 RX ua=95 mt=R len=7
PKT t=31339 TX ua=95 mt=P len=0
PKT t=31348 RX ua=95 mt=R len=7
PKT t=31353 TX ua=95 mt=P len=0
PKT t=31362 RX ua=95 mt=R len=7
PKT t=31367 TX ua=95 mt=T len=7
PKT t=31379 TX ua=95 mt=P len=0
PKT t=31389 RX ua=95 mt=R len=7
PKT t=31394 TX ua=95 mt=P len=0
PKT t=31404 RX ua=95 mt=R len=7
PKT t=31409 TX ua=95 mt=P len=0
PKT t=31438 RX ua=95 mt=R len=7
PKT t=31443 TX ua=95 mt=P len=0
PKT t=31453 RX ua=95 mt=R len=7
PKT t=31458 TX ua=95 mt=P len=0
PKT t=31468 RX ua=95 mt=R len=7
PKT t=31473 TX ua=95 mt=P len=0
PKT t=31483 RX ua=95 mt=R len=7
PKT t=31488 TX ua=95 mt=P len=0
PKT t=31498 RX ua=95 mt=R len=7
PKT t=31503 TX ua=95 mt=P len=0
PKT t=31513 RX ua=95 mt=R len=7
PKT t=31518 TX ua=95 mt=P len=0
PKT t=31566 RX ua=95 mt=R len=7
PKT t=31571 TX ua=95 mt=P len=0
PKT t=31581 RX ua=95 mt=R len=7
PKT t=31586 TX ua=95 mt=P len=0
PKT t=31596 RX ua=95 mt=R len=7
PKT t=31601 TX ua=95 mt=P len=0
PKT t=31611 RX ua=95 mt=R len=7
PKT t=31616 TX ua=95 mt=T len=7
PKT t=31628 TX ua=95 mt=P len=0
PKT t=31648 RX ua=95 mt=R len=7
PKT t=31653 TX ua=95 mt=P len=0
PKT t=31662 RX ua=95 mt=R len=7
PKT t=31667 TX ua=95 mt=P len=0
PKT t=31676 RX ua=95 mt=R len=7
PKT t=31681 TX ua=95 mt=P len=0
PKT t=31690 RX ua=95 mt=R len=7
PKT t=31695 TX ua=95 mt=P len=0
PKT t=31704 RX ua=95 mt=R len=7
PKT t=31709 TX ua=95 mt=P len=0
PKT t=31718 RX ua=95 mt=R len=7
PKT t=31723 TX ua=95 mt=P len=0
PKT t=31752 RX ua=95 mt=R len=7
PKT t=31757 TX ua=95 mt=P len=0
PKT t=31766 RX ua=95 mt=R len=7
PKT t=31771 TX ua=95 mt=P len=0
PKT t=31780 RX ua=95 mt=R len=7
PKT t=31785 TX ua=95 mt=P len=0
PKT t=31794 RX ua=95 mt=R len=7
PKT t=31799 TX ua=95 mt=P len=0
PKT t=31808 RX ua=95 mt=R len=7
PKT t=31813 TX ua=95 mt=P len=0
PKT t=31822 RX ua=95 mt=R len=7
PKT t=31827 TX ua=95 mt=P len=0
PKT t=31856 RX ua=95 mt=R len=7
PKT t=31861 TX ua=95 mt=T len=7
PKT t=31873 TX ua=95 mt=P len=0
PKT t=31882 RX ua=95 mt=R len=7
PKT t=31887 TX ua=95 mt=P len=0
PKT t=31896 RX ua=95 mt=R len=7
PKT t=31901 TX ua=95 mt=P len=0
PKT t=31910 RX ua=95 mt=R len=7
PKT t=31915 TX ua=95 mt=P len=0
PKT t=31924 RX ua=95 mt=R len=7
PKT t=31929 TX ua=95 mt=P len=0
PKT t=31958 RX ua=95 mt=R len=7
PKT t=31963 TX ua=95 mt=P len=0
PKT t=31972 RX ua=95 mt=R len=7
PKT t=31977 TX ua=95 mt=P len=0
PKT t=31986 RX ua=95 mt=R len=7
PKT t=31991 TX ua=95 mt=P len=0
PKT t=32000 RX ua=95 mt=R len=7
PKT t=32005 TX ua=95 mt=P len=0
PKT t=32015 RX ua=95 mt=R len=7
PKT t=32020 TX ua=95 mt=P len=0
PKT t=32029 RX ua=95 mt=R len=7
PKT t=32034 TX ua=95 mt=P len=0
PKT t=32066 RX ua=95 mt=R len=7
PKT t=32071 TX ua=95 mt=P len=0
PKT t=32080 RX ua=95 mt=R len=7
PKT t=32085 TX ua=95 mt=P len=0
PKT t=32094 RX ua=95 mt=R len=7
PKT t=32099 TX ua=95 mt=P len=0
PKT t=32108 RX ua=95 mt=R len=7
PKT t=32113 TX ua=95 mt=T len=7
PKT t=32125 TX ua=95 mt=P len=0
PKT t=32134 RX ua=95 mt=R len=7
PKT t=32139 TX ua=95 mt=P len=0
PKT t=32168 RX ua=95 mt=R len=7
PKT t=32173 TX ua=95 mt=P len=0
PKT t=32182 RX ua=95 mt=R len=7
PKT t=32187 TX ua=95 mt=P len=0
PKT t=32196 RX ua=95 mt=R len=7
PKT t=32201 TX ua=95 mt=P len=0
PKT t=32210 RX ua=95 mt=R len=7
PKT t=32215 TX ua=95 mt=P len=0
PKT t=32224 RX ua=95 mt=R len=7
PKT t=32229 TX ua=95 mt=P len=0
PKT t=32238 RX ua=95 mt=R len=7
PKT t=32243 TX ua=95 mt=P len=0
PKT t=32272 RX ua=95 mt=R len=7
PKT t=32277 TX ua=95 mt=P len=0
PKT t=32286 RX ua=95 mt=R len=7
PKT t=32291 TX ua=95 mt=P len=0
PKT t=32300 RX ua=95 mt=R len=7
PKT t=32305 TX ua=95 mt=P len=0
PKT t=32314 RX ua=95 mt=R len=7
PKT t=32319 TX ua=95 mt=P len=0
PKT t=32328 RX ua=95 mt=R len=7
PKT t=32333 TX ua=95 mt=P len=0
PKT t=32342 RX ua=95 mt=R len=7
PKT t=32347 TX ua=95 mt=P len=0
PKT t=32376 RX ua=95 mt=R len=7
PKT t=32381 TX ua=95 mt=T len=7
PKT t=32393 TX ua=95 mt=P len=0
PKT t=32402 RX ua=95 mt=R len=7
PKT t=32407 TX ua=95 mt=P len=0
PKT t=32416 RX ua=95 mt=R len=7
PKT t=32421 TX ua=95 mt=P len=0
PKT t=32430 RX ua=95 mt=R len=7
PKT t=32435 TX ua=95 mt=P len=0
PKT t=32444 RX ua=95 mt=R len=7
PKT t=32449 TX ua=95 mt=P len=0
PKT t=32478 RX ua=95 mt=R len=7
PKT t=32483 TX ua=95 mt=P len=0
PKT t=32492 RX ua=95 mt=R len=7
PKT t=32497 TX ua=95 mt=P len=0
PKT t=32507 RX ua=95 mt=R len=7
PKT t=32512 TX ua=95 mt=P len=0
PKT t=32521 RX ua=95 mt=R len=7
PKT t=32526 TX ua=95 mt=P len=0
PKT t=32535 RX ua=95 mt=R len=7
PKT t=32540 TX ua=95 mt=P len=0
PKT t=32566 RX ua=95 mt=R len=7
PKT t=32571 TX ua=95 mt=P len=0
PKT t=32583 RX ua=95 mt=R len=7
PKT t=32588 TX ua=95 mt=P len=0
PKT t=32597 RX ua=95 mt=R len=7
PKT t=32602 TX ua=95 mt=P len=0
PKT t=32611 RX ua=95 mt=R len=7
PKT t=32616 TX ua=95 mt=T len=7
PKT t=32628 TX ua=95 mt=P len=0
PKT t=32637 RX ua=95 mt=R len=7
PKT t=32642 TX ua=95 mt=P len=0
PKT t=32651 RX ua=95 mt=R len=7
PKT t=32656 TX ua=95 mt=P len=0
PKT t=32685 RX ua=95 mt=R len=7
PKT t=32690 TX ua=95 mt=P len=0
PKT t=32699 RX ua=95 mt=R len=7
PKT t=32704 TX ua=95 mt=P len=0
PKT t=32713 RX ua=95 mt=R len=7
PKT t=32718 TX ua=95 mt=P len=0
PKT t=32727 RX ua=95 mt=R len=7
PKT t=32732 TX ua=95 mt=P len=0
PKT t=32741 RX ua=95 mt=R len=7
PKT t=32746 TX ua=95 mt=P len=0
PKT t=32755 RX ua=95 mt=R len=7
PKT t=32760 TX ua=95 mt=P len=0
PKT t=32789 RX ua=95 mt=R len=7
PKT t=32794 TX ua=95 mt=P len=0
PKT t=32803 RX ua=95 mt=R len=7
PKT t=32808 TX ua=95 mt=P len=0
PKT t=32817 RX ua=95 mt=R len=7
PKT t=32822 TX ua=95 mt=P len=0
PKT t=32831 RX ua=95 mt=R len=7
PKT t=32836 TX ua=95 mt=P len=0
PKT t=32845 RX ua=95 mt=R len=7
PKT t=32850 TX ua=95 mt=P len=0
PKT t=32859 RX ua=95 mt=R len=7
PKT t=32864 TX ua=95 mt=T len=7
PKT t=32876 TX ua=95 mt=P len=0
PKT t=32895 RX ua=95 mt=R len=7
PKT t=32900 TX ua=95 mt=P len=0
PKT t=32909 RX ua=95 mt=R len=7
PKT t=32914 TX ua=95 mt=P len=0
PKT t=32923 RX ua=95 mt=R len=7
PKT t=32928 TX ua=95 mt=P len=0
PKT t=32937 RX ua=95 mt=R len=7
PKT t=32942 TX ua=95 mt=P len=0
PKT t=32951 RX ua=95 mt=R len=7
PKT t=32956 TX ua=95 mt=P len=0
PKT t=32965 RX ua=95 mt=R len=7
PKT t=32970 TX ua=95 mt=P len=0
PKT t=32999 RX ua=95 mt=R len=7
PKT t=33004 TX ua=95 mt=P len=0
PKT t=33013 RX ua=95 mt=R len=7
PKT t=33018 TX ua=95 mt=P len=0
PKT t=33027 RX ua=95 mt=R len=7
PKT t=33032 TX ua=95 mt=P len=0
PKT t=33041 RX ua=95 mt=R len=7
PKT t=33046 TX ua=95 mt=P len=0
PKT t=33066 RX ua=95 mt=R len=7
PKT t=33321 TX ua=96 mt=P len=0
PKT t=33579 TX ua=95 mt=P len=0
PKT t=33588 RX ua=95 mt=R len=7
PKT t=33593 TX ua=95 mt=T len=7
PKT t=33605 TX ua=95 mt=P len=0
PKT t=33615 RX ua=95 mt=R len=7
PKT t=33620 TX ua=95 mt=T len=7
PKT t=33632 TX ua=95 mt=P len=0
PKT t=33641 RX ua=95 mt=R len=7
PKT t=33646 TX ua=95 mt=P len=0
PKT t=33655 RX ua=95 mt=R len=7
PKT t=33660 TX ua=95 mt=P len=0
PKT t=33669 RX ua=95 mt=R len=7
PKT t=33674 TX ua=95 mt=P len=0
PKT t=33703 RX ua=95 mt=R len=7
PKT t=33708 TX ua=95 mt=P len=0
PKT t=33717 RX ua=95 mt=R len=7
PKT t=33722 TX ua=95 mt=P len=0
PKT t=33731 RX ua=95 mt=R len=7
PKT t=33736 TX ua=95 mt=P len=0
PKT t=33745 RX ua=95 mt=R len=7
PKT t=33750 TX ua=95 mt=P len=0
PKT t=33759 RX ua=95 mt=R len=7
PKT t=33764 TX ua=95 mt=P len=0
PKT t=33773 RX ua=95 mt=R len=7
PKT t=33778 TX ua=95 mt=P len=0
PKT t=33807 RX ua=95 mt=R len=7
PKT t=33812 TX ua=95 mt=P len=0
PKT t=33821 RX ua=95 mt=R len=7
PKT t=33826 TX ua=95 mt=P len=0
PKT t=33835 RX ua=95 mt=R len=7
PKT t=33840 TX ua=95 mt=P len=0
PKT t=33849 RX ua=95 mt=R len=7
PKT t=33854 TX ua=95 mt=P len=0
PKT t=33863 RX ua=95 mt=R len=7
PKT t=33868 TX ua=95 mt=T len=7
PKT t=33880 TX ua=95 mt=P len=0
PKT t=33908 RX ua=95 mt=R len=7
PKT t=33913 TX ua=95 mt=P len=0
PKT t=33922 RX ua=95 mt=R len=7
PKT t=33927 TX ua=95 mt=P len=0
PKT t=33936 RX ua=95 mt=R len=7
PKT t=33941 TX ua=95 mt=P len=0
PKT t=33950 RX ua=95 mt=R len=7
PKT t=33955 TX ua=95 mt=P len=0
PKT t=33964 RX ua=95 mt=R len=7
PKT t=33969 TX ua=95 mt=P len=0
PKT t=33978 RX ua=95 mt=R len=7
PKT t=33983 TX ua=95 mt=P len=0
PKT t=34012 RX ua=95 mt=R len=7
PKT t=34021 TX ua=95 mt=P len=0
PKT t=34030 RX ua=95 mt=R len=7
PKT t=34035 TX ua=95 mt=P len=0
PKT t=34044 RX ua=95 mt=R len=7
PKT t=34066 TX ua=95 mt=P len=0
PKT t=34075 RX ua=95 mt=R len=7
PKT t=34080 TX ua=95 mt=P len=0
PKT t=34111 RX ua=95 mt=R len=7
PKT t=34116 TX ua=95 mt=T len=7
PKT t=34129 TX ua=95 mt=P len=0
PKT t=34138 RX ua=95 mt=R len=7
PKT t=34143 TX ua=95 mt=T len=7
PKT t=34156 TX ua=95 mt=P len=0
PKT t=34165 RX ua=95 mt=R len=7
PKT t=34170 TX ua=95 mt=P len=0
PKT t=34179 RX ua=95 mt=R len=7
PKT t=34184 TX ua=95 mt=P len=0
PKT t=34217 RX ua=95 mt=R len=7
PKT t=34222 TX ua=95 mt=P len=0
PKT t=34231 RX ua=95 mt=R len=7
PKT t=34236 TX ua=95 mt=P len=0
PKT t=34245 RX ua=95 mt=R len=7
PKT t=34250 TX ua=95 mt=P len=0
PKT t=34259 RX ua=95 mt=R len=7
PKT t=34264 TX ua=95 mt=P len=0
PKT t=34273 RX ua=95 mt=R len=7
PKT t=34278 TX ua=95 mt=P len=0
PKT t=34287 RX ua=95 mt=R len=7
PKT t=34292 TX ua=95 mt=P len=0
PKT t=34321 RX ua=95 mt=R len=7
PKT t=34326 TX ua=95 mt=P len=0
PKT t=34335 RX ua=95 mt=R len=7
PKT t=34340 TX ua=95 mt=P len=0
PKT t=34349 RX ua=95 mt=R len=7
PKT t=34354 TX ua=95 mt=P len=0
PKT t=34363 RX ua=95 mt=R len=7
PKT t=34368 TX ua=95 mt=T len=7
PKT t=34381 TX ua=95 mt=P len=0
PKT t=34390 RX ua=95 mt=R len=7
PKT t=34395 TX ua=95 mt=P len=0
PKT t=34424 RX ua=95 mt=R len=7
PKT t=34429 TX ua=95 mt=P len=0
PKT t=34438 RX ua=95 mt=R len=7
PKT t=34443 TX ua=95 mt=P len=0
PKT t=34452 RX ua=95 mt=R len=7
PKT t=34457 TX ua=95 mt=P len=0
PKT t=34466 RX ua=95 mt=R len=7
PKT t=34471 TX ua=95 mt=P len=0
PKT t=34480 RX ua=95 mt=R len=7
PKT t=34485 TX ua=95 mt=P len=0
PKT t=34494 RX ua=95 mt=R len=7
PKT t=34499 TX ua=95 mt=P len=0
PKT t=34528 RX ua=95 mt=R len=7
PKT t=34533 TX ua=95 mt=P len=0
PKT t=34542 RX ua=95 mt=R len=7
PKT t=34547 TX ua=95 mt=P len=0
PKT t=34567 RX ua=95 mt=R len=7
PKT t=34822 TX ua=96 mt=P len=0
PKT t=35080 TX ua=95 mt=P len=0
PKT t=35089 RX ua=95 mt=R len=7
PKT t=35094 TX ua=95 mt=T len=7
PKT t=35107 TX ua=95 mt=P len=0
PKT t=35129 RX ua=95 mt=R len=7
PKT t=35134 TX ua=95 mt=T len=7
PKT t=35146 TX ua=95 mt=P len=0
PKT t=35155 RX ua=95 mt=R len=7
PKT t=35160 TX ua=95 mt=P len=0
PKT t=35169 RX ua=95 mt=R len=7
PKT t=35174 TX ua=95 mt=P len=0
PKT t=35183 RX ua=95 mt=R len=7
PKT t=35188 TX ua=95 mt=P len=0
PKT t=35197 RX ua=95 mt=R len=7
PKT t=35202 TX ua=95 mt=P len=0
PKT t=35231 RX ua=95 mt=R len=7
PKT t=35236 TX ua=95 mt=P len=0
PKT t=35245 RX ua=95 mt=R len=7
PKT t=35250 TX ua=95 mt=P len=0
PKT t=35259 RX ua=95 mt=R len=7
PKT t=35264 TX ua=95 mt=P len=0
PKT t=35273 RX ua=95 mt=R len=7
PKT t=35278 TX ua=95 mt=P len=0
PKT t=35287 RX ua=95 mt=R len=7
PKT t=35292 TX ua=95 mt=P len=0
PKT t=35301 RX ua=95 mt=R len=7
PKT t=35306 TX ua=95 mt=P len=0
PKT t=35335 RX ua=95 mt=R len=7
PKT t=35340 TX ua=95 mt=P len=0
PKT t=35349 RX ua=95 mt=R len=7
PKT t=35354 TX ua=95 mt=P len=0
PKT t=35363 RX ua=95 mt=R len=7
PKT t=35368 TX ua=95 mt=T len=7
PKT t=35380 TX ua=95 mt=P len=0
PKT t=35390 RX ua=95 mt=R len=7
PKT t=35395 TX ua=95 mt=P len=0
PKT t=35405 RX ua=95 mt=R len=7
PKT t=35410 TX ua=95 mt=P len=0
PKT t=35439 RX ua=95 mt=R len=7
PKT t=35444 TX ua=95 mt=P len=0
PKT t=35454 RX ua=95 mt=R len=7
PKT t=35459 TX ua=95 mt=P len=0
PKT t=35469 RX ua=95 mt=R len=7
PKT t=35474 TX ua=95 mt=P len=0
PKT t=35484 RX ua=95 mt=R len=7
PKT t=35489 TX ua=95 mt=P len=0
PKT t=35499 RX ua=95 mt=R len=7
PKT t=35504 TX ua=95 mt=P len=0
PKT t=35514 RX ua=95 mt=R len=7
PKT t=35519 TX ua=95 mt=P len=0
PKT t=35566 RX ua=95 mt=R len=7
PKT t=35571 TX ua=95 mt=P len=0
PKT t=35581 RX ua=95 mt=R len=7
PKT t=35586 TX ua=95 mt=P len=0
PKT t=35596 RX ua=95 mt=R len=7
PKT t=35601 TX ua=95 mt=P len=0
PKT t=35611 RX ua=95 mt=R len=7
PKT t=35616 TX ua=95 mt=T len=7
PKT t=35628 TX ua=95 mt=P len=0
PKT t=35649 RX ua=95 mt=R len=7
PKT t=35654 TX ua=95 mt=P len=0
PKT t=35663 RX ua=95 mt=R len=7
PKT t=35668 TX ua=95 mt=P len=0
PKT t=35677 RX ua=95 mt=R len=7
PKT t=35682 TX ua=95 mt=P len=0
PKT t=35691 RX ua=95 mt=R len=7
PKT t=35696 TX ua=95 mt=P len=0
PKT t=35705 RX ua=95 mt=R len=7
PKT t=35710 TX ua=95 mt=P len=0
PKT t=35719 RX ua=95 mt=R len=7
PKT t=35724 TX ua=95 mt=P len=0
PKT t=35753 RX ua=95 mt=R len=7
PKT t=35758 TX ua=95 mt=P len=0
PKT t=35767 RX ua=95 mt=R len=7
PKT t=35772 TX ua=95 mt=P len=0
PKT t=35781 RX ua=95 mt=R len=7
PKT t=35786 TX ua=95 mt=P len=0
PKT t=35795 RX ua=95 mt=R len=7
PKT t=35800 TX ua=95 mt=P len=0
PKT t=35809 RX ua=95 mt=R len=7
PKT t=35814 TX ua=95 mt=P len=0
PKT t=35823 RX ua=95 mt=R len=7
PKT t=35828 TX ua=95 mt=P len=0
PKT t=35857 RX ua=95 mt=R len=7
PKT t=35862 TX ua=95 mt=T len=7
PKT t=35874 TX ua=95 mt=P len=0
PKT t=35883 RX ua=95 mt=R len=7
PKT t=35888 TX ua=95 mt=P len=0
PKT t=35897 RX ua=95 mt=R len=7
PKT t=35902 TX ua=95 mt=P len=0
PKT t=35911 RX ua=95 mt=R len=7
PKT t=35916 TX ua=95 mt=P len=0
PKT t=35925 RX ua=95 mt=R len=7
PKT t=35930 TX ua=95 mt=P len=0
PKT t=35959 RX ua=95 mt=R len=7
PKT t=35964 TX ua=95 mt=P len=0
PKT t=35973 RX ua=95 mt=R len=7
PKT t=35978 TX ua=95 mt=P len=0
PKT t=35987 RX ua=95 mt=R len=7
PKT t=35992 TX ua=95 mt=P len=0
PKT t=36001 RX ua=95 mt=R len=7
PKT t=36006 TX ua=95 mt=P len=0
PKT t=36015 RX ua=95 mt=R len=7
PKT t=36022 TX ua=95 mt=P len=0
PKT t=36031 RX ua=95 mt=R len=7
PKT t=36036 TX ua=95 mt=P len=0
PKT t=36066 RX ua=95 mt=R len=7
PKT t=36071 TX ua=95 mt=P len=0
PKT t=36080 RX ua=95 mt=R len=7
PKT t=36085 TX ua=95 mt=P len=0
PKT t=36094 RX ua=95 mt=R len=7
PKT t=36099 TX ua=95 mt=P len=0
PKT t=36108 RX ua=95 mt=R len=7
PKT t=36113 TX ua=95 mt=T len=7
PKT t=36125 TX ua=95 mt=P len=0
PKT t=36134 RX ua=95 mt=R len=7
PKT t=36139 TX ua=95 mt=P len=0
PKT t=36168 RX ua=95 mt=R len=7
PKT t=36173 TX ua=95 mt=P len=0
PKT t=36182 RX ua=95 mt=R len=7
PKT t=36187 TX ua=95 mt=P len=0
PKT t=36196 RX ua=95 mt=R len=7
PKT t=36201 TX ua=95 mt=P len=0
PKT t=36210 RX ua=95 mt=R len=7
PKT t=36215 TX ua=95 mt=P len=0
PKT t=36224 RX ua=95 mt=R len=7
PKT t=36229 TX ua=95 mt=P len=0
PKT t=36238 RX ua=95 mt=R len=7
PKT t=36243 TX ua=95 mt=P len=0
PKT t=36272 RX ua=95 mt=R len=7
PKT t=36277 TX ua=95 mt=P len=0
PKT t=36286 RX ua=95 mt=R len=7
PKT t=36291 TX ua=95 mt=P len=0
PKT t=36300 RX ua=95 mt=R len=7
PKT t=36305 TX ua=95 mt=P len=0
PKT t=36314 RX ua=95 mt=R len=7
PKT t=36319 TX ua=95 mt=P len=0
PKT t=36328 RX ua=95 mt=R len=7
PKT t=36333 TX ua=95 mt=P len=0
PKT t=36342 RX ua=95 mt=R len=7
PKT t=36347 TX ua=95 mt=P len=0
PKT t=36376 RX ua=95 mt=R len=7
PKT t=36381 TX ua=95 mt=T len=7
PKT t=36393 TX ua=95 mt=P len=0
PKT t=36402 RX ua=95 mt=R len=7
PKT t=36407 TX ua=95 mt=P len=0
PKT t=36416 RX ua=95 mt=R len=7
PKT t=36421 TX ua=95 mt=P len=0
PKT t=36430 RX ua=95 mt=R len=7
PKT t=36435 TX ua=95 mt=P len=0
PKT t=36444 RX ua=95 mt=R len=7
PKT t=36449 TX ua=95 mt=P len=0
PKT t=36478 RX ua=95 mt=R len=7
PKT t=36483 TX ua=95 mt=P len=0
PKT t=36492 RX ua=95 mt=R len=7
PKT t=36497 TX ua=95 mt=P len=0
PKT t=36506 RX ua=95 mt=R len=7
PKT t=36511 TX ua=95 mt=P len=0
PKT t=36521 RX ua=95 mt=R len=7
PKT t=36526 TX ua=95 mt=P len=0
PKT t=36535 RX ua=95 mt=R len=7
PKT t=36540 TX ua=95 mt=P len=0
PKT t=36566 RX ua=95 mt=R len=7
PKT t=36571 TX ua=95 mt=P len=0
PKT t=36584 RX ua=95 mt=R len=7
PKT t=36589 TX ua=95 mt=P len=0
PKT t=36598 RX ua=95 mt=R len=7
PKT t=36603 TX ua=95 mt=P len=0
PKT t=36612 RX ua=95 mt=R len=7
PKT t=36617 TX ua=95 mt=T len=7
PKT t=36629 TX ua=95 mt=P len=0
PKT t=36638 RX ua=95 mt=R len=7
PKT t=36643 TX ua=95 mt=P len=0
PKT t=36652 RX ua=95 mt=R len=7
PKT t=36657 TX ua=95 mt=P len=0
PKT t=36686 RX ua=95 mt=R len=7
PKT t=36691 TX ua=95 mt=P len=0
PKT t=36700 RX ua=95 mt=R len=7
PKT t=36705 TX ua=95 mt=P len=0
PKT t=36714 RX ua=95 mt=R len=7
PKT t=36719 TX ua=95 mt=P len=0
PKT t=36728 RX ua=95 mt=R len=7
PKT t=36733 TX ua=95 mt=P len=0
PKT t=36742 RX ua=95 mt=R len=7
PKT t=36747 TX ua=95 mt=P len=0
PKT t=36756 RX ua=95 mt=R len=7
PKT t=36761 TX ua=95 mt=P len=0
PKT t=36790 RX ua=95 mt=R len=7
PKT t=36795 TX ua=95 mt=P len=0
PKT t=36804 RX ua=95 mt=R len=7
PKT t=36809 TX ua=95 mt=P len=0
PKT t=36818 RX ua=95 mt=R len=7
PKT t=36823 TX ua=95 mt=P len=0
PKT t=36832 RX ua=95 mt=R len=7
PKT t=36837 TX ua=95 mt=P len=0
PKT t=36846 RX ua=95 mt=R len=7
PKT t=36851 TX ua=95 mt=P len=0
PKT t=36860 RX ua=95 mt=R len=7
PKT t=36865 TX ua=95 mt=T len=7
PKT t=36877 TX ua=95 mt=P len=0
PKT t=36896 RX ua=95 mt=R len=7
PKT t=36901 TX ua=95 mt=P len=0
PKT t=36910 RX ua=95 mt=R len=7
PKT t=36915 TX ua=95 mt=P len=0
PKT t=36924 RX ua=95 mt=R len=7
PKT t=36929 TX ua=95 mt=P len=0
PKT t=36938 RX ua=95 mt=R len=7
PKT t=36943 TX ua=95 mt=P len=0
PKT t=36952 RX ua=95 mt=R len=7
PKT t=36957 TX ua=95 mt=P len=0
PKT t=36966 RX ua=95 mt=R len=7
PKT t=36971 TX ua=95 mt=P len=0
PKT t=37000 RX ua=95 mt=R len=7
PKT t=37005 TX ua=95 mt=P len=0
PKT t=37014 RX ua=95 mt=R len=7
PKT t=37019 TX ua=95 mt=P len=0
PKT t=37028 RX ua=95 mt=R len=7
PKT t=37033 TX ua=95 mt=P len=0
PKT t=37042 RX ua=95 mt=R len=7
PKT t=37047 TX ua=95 mt=P len=0
PKT t=37067 RX ua=95 mt=R len=7
