PKT t=7121 TX ua=95 mt=T len=7
PKT t=7133 TX ua=95 mt=P len=0
PKT t=7142 RX ua=95 mt=R len=7
PKT t=7147 TX ua=95 mt=P len=0
PKT t=7167 RX ua=95 mt=R len=7
PKT t=7422 TX ua=96 mt=P len=0
PKT t=7680 TX ua=95 mt=P len=0
PKT t=7689 RX ua=95 mt=R len=7
PKT t=7694 TX ua=95 mt=T len=7
PKT t=7706 TX ua=95 mt=P len=0
PKT t=7715 RX ua=95 mt=R len=7
PKT t=7720 TX ua=95 mt=P len=0
PKT t=7729 RX ua=95 mt=R len=7
PKT t=7734 TX ua=95 mt=P len=0
PKT t=7743 RX ua=95 mt=R len=7
PKT t=7766 TX ua=95 mt=P len=0
PKT t=7790 RX ua=95 mt=R len=7
PKT t=7795 TX ua=95 mt=P len=0
PKT t=7804 RX ua=95 mt=R len=7
PKT t=7809 TX ua=95 mt=P len=0
PKT t=7818 RX ua=95 mt=R len=7
PKT t=7823 TX ua=95 mt=P len=0
PKT t=7832 RX ua=95 mt=R len=7
PKT t=7837 TX ua=95 mt=P len=0
PKT t=7846 RX ua=95 mt=R len=7
PKT t=7866 TX ua=95 mt=P len=0
PKT t=7890 RX ua=95 mt=R len=7
PKT t=7895 TX ua=95 mt=T len=7
PKT t=7907 TX ua=95 mt=P len=0
PKT t=7916 RX ua=95 mt=R len=7
PKT t=7921 TX ua=95 mt=P len=0
PKT t=7930 RX ua=95 mt=R len=7
PKT t=7935 TX ua=95 mt=P len=0
PKT t=7944 RX ua=95 mt=R len=7
PKT t=7966 TX ua=95 mt=P len=0
PKT t=7990 RX ua=95 mt=R len=7
PKT t=7995 TX ua=95 mt=P len=0
PKT t=8008 RX ua=95 mt=R len=7
PKT t=8013 TX ua=95 mt=P len=0
PKT t=8022 RX ua=95 mt=R len=7
PKT t=8027 TX ua=95 mt=P len=0
PKT t=8036 RX ua=95 mt=R len=7
PKT t=8041 TX ua=95 mt=P len=0
PKT t=8066 RX ua=95 mt=R len=7
PKT t=8071 TX ua=95 mt=P len=0
PKT t=8090 RX ua=95 mt=R len=7
PKT t=8095 TX ua=95 mt=P len=0
PKT t=8104 RX ua=95 mt=R len=7
PKT t=8109 TX ua=95 mt=T len=7
PKT t=8121 TX ua=95 mt=T len=7
PKT t=8133 TX ua=95 mt=P len=0
PKT t=8142 RX ua=95 mt=R len=7
PKT t=8147 TX ua=95 mt=P len=0
PKT t=8167 RX ua=95 mt=R len=7
PKT t=8422 TX ua=96 mt=I len=13
PKT t=8930 TX ua=96 mt=T len=4
PKT t=8941 TX ua=95 mt=P len=0
PKT t=8966 RX ua=95 mt=R len=7
PKT t=8971 TX ua=95 mt=T len=7
PKT t=8983 TX ua=95 mt=P len=0
PKT t=8992 RX ua=95 mt=R len=7
PKT t=8997 TX ua=95 mt=P len=0
PKT t=9006 RX ua=95 mt=R len=7
PKT t=9011 TX ua=95 mt=P len=0
PKT t=9020 RX ua=95 mt=R len=7
PKT t=9025 TX ua=95 mt=P len=0
PKT t=9034 RX ua=95 mt=R len=7
PKT t=9039 TX ua=95 mt=P len=0
PKT t=9066 RX ua=95 mt=R len=7
PKT t=9071 TX ua=95 mt=P len=0
PKT t=9090 RX ua=95 mt=R len=7
PKT t=9095 TX ua=95 mt=P len=0
PKT t=9104 RX ua=95 mt=R len=7
PKT t=9109 TX ua=95 mt=T len=7
PKT t=9121 TX ua=95 mt=T len=7
PKT t=9133 TX ua=95 mt=P len=0
PKT t=9142 RX ua=95 mt=R len=7
PKT t=9147 TX ua=95 mt=P len=0
PKT t=9167 RX ua=95 mt=R len=7
PKT t=9422 TX ua=96 mt=P len=0
PKT t=9680 TX ua=95 mt=P len=0
PKT t=9689 RX ua=95 mt=R len=7
PKT t=9694 TX ua=95 mt=T len=7
PKT t=9706 TX ua=95 mt=P len=0
PKT t=9715 RX ua=95 mt=R len=7
PKT t=9720 TX ua=95 mt=P len=0
PKT t=9729 RX ua=95 mt=R len=7
PKT t=9734 TX ua=95 mt=P len=0
PKT t=9743 RX ua=95 mt=R len=7
PKT t=9766 TX ua=95 mt=P len=0
PKT t=9790 RX ua=95 mt=R len=7
PKT t=9795 TX ua=95 mt=P len=0
PKT t=9804 RX ua=95 mt=R len=7
PKT t=9809 TX ua=95 mt=P len=0
PKT t=9818 RX ua=95 mt=R len=7
PKT t=9823 TX ua=95 mt=P len=0
PKT t=9832 RX ua=95 mt=R len=7
PKT t=9837 TX ua=95 mt=P len=0
PKT t=9846 RX ua=95 mt=R len=7
PKT t=9866 TX ua=95 mt=P len=0
PKT t=9890 RX ua=95 mt=R len=7
PKT t=9895 TX ua=95 mt=T len=7
PKT t=9907 TX ua=95 mt=P len=0
PKT t=9916 RX ua=95 mt=R len=7
PKT t=9921 TX ua=95 mt=P len=0
PKT t=9930 RX ua=95 mt=R len=7
PKT t=9935 TX ua=95 mt=P len=0
PKT t=9944 RX ua=95 mt=R len=7
PKT t=9966 TX ua=95 mt=P len=0
PKT t=9990 RX ua=95 mt=R len=7
PKT t=9995 TX ua=95 mt=P len=0
PKT t=10004 RX ua=95 mt=R len=7
PKT t=10009 TX ua=95 mt=P len=0
PKT t=10018 RX ua=95 mt=R len=7
PKT t=10023 TX ua=95 mt=P len=0
PKT t=10032 RX ua=95 mt=R len=7
PKT t=10037 TX ua=95 mt=P len=0
PKT t=10046 RX ua=95 mt=R len=7
PKT t=10066 TX ua=95 mt=P len=0
PKT t=10090 RX ua=95 mt=R len=7
PKT t=10095 TX ua=95 mt=P len=0
PKT t=10104 RX ua=95 mt=R len=7
PKT t=10109 TX ua=95 mt=T len=7
PKT t=10122 TX ua=95 mt=T len=7
PKT t=10135 TX ua=95 mt=P len=0
PKT t=10144 RX ua=95 mt=R len=7
PKT t=10166 TX ua=95 mt=T len=7
PKT t=10179 TX ua=95 mt=P len=0
PKT t=10192 RX ua=95 mt=R len=7
PKT t=10197 TX ua=95 mt=P len=0
PKT t=10206 RX ua=95 mt=R len=7
PKT t=10211 TX ua=95 mt=P len=0
PKT t=10220 RX ua=95 mt=R len=7
PKT t=10225 TX ua=95 mt=P len=0
PKT t=10234 RX ua=95 mt=R len=7
PKT t=10239 TX ua=95 mt=P len=0
PKT t=10266 RX ua=95 mt=R len=7
PKT t=10271 TX ua=95 mt=P len=0
PKT t=10290 RX ua=95 mt=R len=7
PKT t=10295 TX ua=95 mt=P len=0
PKT t=10304 RX ua=95 mt=R len=7
PKT t=10309 TX ua=95 mt=P len=0
PKT t=10318 RX ua=95 mt=R len=7
PKT t=10323 TX ua=95 mt=P len=0
PKT t=10332 RX ua=95 mt=R len=7
PKT t=10337 TX ua=95 mt=P len=0
PKT t=10346 RX ua=95 mt=R len=7
PKT t=10366 TX ua=95 mt=P len=0
PKT t=10390 RX ua=95 mt=R len=7
PKT t=10395 TX ua=95 mt=T len=7
PKT t=10408 TX ua=95 mt=P len=0
PKT t=10417 RX ua=95 mt=R len=7
PKT t=10422 TX ua=95 mt=P len=0
PKT t=10431 RX ua=95 mt=R len=7
PKT t=10436 TX ua=95 mt=P len=0
PKT t=10445 RX ua=95 mt=R len=7
PKT t=10466 TX ua=95 mt=P len=0
PKT t=10490 RX ua=95 mt=R len=7
PKT t=10495 TX ua=95 mt=P len=0
PKT t=10504 RX ua=95 mt=R len=7
PKT t=10509 TX ua=95 mt=P len=0
PKT t=10518 RX ua=95 mt=R len=7
PKT t=10523 TX ua=95 mt=P len=0
PKT t=10532 RX ua=95 mt=R len=7
PKT t=10537 TX ua=95 mt=P len=0
PKT t=10546 RX ua=95 mt=R len=7
PKT t=10566 TX ua=95 mt=P len=0
PKT t=10590 RX ua=95 mt=R len=7
PKT t=10595 TX ua=95 mt=P len=0
PKT t=10604 RX ua=95 mt=R len=7
PKT t=10609 TX ua=95 mt=P len=0
PKT t=10618 RX ua=95 mt=R len=7
PKT t=10623 TX ua=95 mt=T len=7
PKT t=10636 TX ua=95 mt=P len=0
PKT t=10645 RX ua=95 mt=R len=7
PKT t=10666 TX ua=95 mt=P len=0
PKT t=10690 RX ua=95 mt=R len=7
PKT t=10695 TX ua=95 mt=P len=0
PKT t=10704 RX ua=95 mt=R len=7
PKT t=10709 TX ua=95 mt=P len=0
PKT t=10718 RX ua=95 mt=R len=7
PKT t=10723 TX ua=95 mt=P len=0
PKT t=10732 RX ua=95 mt=R len=7
PKT t=10737 TX ua=95 mt=P len=0
PKT t=10746 RX ua=95 mt=R len=7
PKT t=10766 TX ua=95 mt=P len=0
PKT t=10790 RX ua=95 mt=R len=7
PKT t=10795 TX ua=95 mt=P len=0
PKT t=10804 RX ua=95 mt=R len=7
PKT t=10809 TX ua=95 mt=P len=0
PKT t=10818 RX ua=95 mt=R len=7
PKT t=10823 TX ua=95 mt=P len=0
PKT t=10832 RX ua=95 mt=R len=7
PKT t=10837 TX ua=95 mt=P len=0
PKT t=10846 RX ua=95 mt=R len=7
PKT t=10866 TX ua=95 mt=P len=0
PKT t=10890 RX ua=95 mt=R len=7
PKT t=10895 TX ua=95 mt=T len=7
PKT t=10908 TX ua=95 mt=P len=0
PKT t=10917 RX ua=95 mt=R len=7
PKT t=10922 TX ua=95 mt=P len=0
PKT t=10931 RX ua=95 mt=R len=7
PKT t=10936 TX ua=95 mt=P len=0
PKT t=10945 RX ua=95 mt=R len=7
PKT t=10966 TX ua=95 mt=P len=0
PKT t=10990 RX ua=95 mt=R len=7
PKT t=10995 TX ua=95 mt=P len=0
PKT t=11004 RX ua=95 mt=R len=7
PKT t=11009 TX ua=95 mt=P len=0
PKT t=11018 RX ua=95 mt=R len=7
PKT t=11023 TX ua=95 mt=P len=0
PKT t=11032 RX ua=95 mt=R len=7
PKT t=11037 TX ua=95 mt=P len=0
PKT t=11046 RX ua=95 mt=R len=7
PKT t=11066 TX ua=95 mt=P len=0
PKT t=11090 RX ua=95 mt=R len=7
PKT t=11095 TX ua=95 mt=P len=0
PKT t=11104 RX ua=95 mt=R len=7
PKT t=11109 TX ua=95 mt=T len=7
PKT t=11121 TX ua=95 mt=T len=7
PKT t=11133 TX ua=95 mt=P len=0
PKT t=11142 RX ua=95 mt=R len=7
PKT t=11147 TX ua=95 mt=P len=0
PKT t=11167 RX ua=95 mt=R len=7
PKT t=11422 TX ua=96 mt=P len=0
PKT t=11680 TX ua=95 mt=P len=0
PKT t=11689 RX ua=95 mt=R len=7
PKT t=11694 TX ua=95 mt=T len=7
PKT t=11706 TX ua=95 mt=P len=0
PKT t=11715 RX ua=95 mt=R len=7
PKT t=11720 TX ua=95 mt=P len=0
PKT t=11729 RX ua=95 mt=R len=7
PKT t=11734 TX ua=95 mt=P len=0
PKT t=11743 RX ua=95 mt=R len=7
PKT t=11766 TX ua=95 mt=P len=0
PKT t=11790 RX ua=95 mt=R len=7
PKT t=11795 TX ua=95 mt=P len=0
PKT t=11804 RX ua=95 mt=R len=7
PKT t=11809 TX ua=95 mt=P len=0
PKT t=11818 RX ua=95 mt=R len=7
PKT t=11823 TX ua=95 mt=P len=0
PKT t=11832 RX ua=95 mt=R len=7
PKT t=11837 TX ua=95 mt=P len=0
PKT t=11846 RX ua=95 mt=R len=7
PKT t=11866 TX ua=95 mt=P len=0
PKT t=11890 RX ua=95 mt=R len=7
PKT t=11895 TX ua=95 mt=T len=7
PKT t=11907 TX ua=95 mt=P len=0
PKT t=11916 RX ua=95 mt=R len=7
PKT t=11921 TX ua=95 mt=P len=0
PKT t=11930 RX ua=95 mt=R len=7
PKT t=11935 TX ua=95 mt=P len=0
PKT t=11944 RX ua=95 mt=R len=7
PKT t=11966 TX ua=95 mt=P len=0
PKT t=11990 RX ua=95 mt=R len=7
PKT t=11995 TX ua=95 mt=P len=0
PKT t=12004 RX ua=95 mt=R len=7
PKT t=12010 TX ua=95 mt=P len=0
PKT t=12019 RX ua=95 mt=R len=7
PKT t=12024 TX ua=95 mt=P len=0
PKT t=12033 RX ua=95 mt=R len=7
PKT t=12038 TX ua=95 mt=P len=0
PKT t=12066 RX ua=95 mt=R len=7
PKT t=12071 TX ua=95 mt=P len=0
PKT t=12090 RX ua=95 mt=R len=7
PKT t=12095 TX ua=95 mt=P len=0
PKT t=12105 RX ua=95 mt=R len=7
PKT t=12110 TX ua=95 mt=T len=7
PKT t=12122 TX ua=95 mt=T len=7
PKT t=12134 TX ua=95 mt=P len=0
PKT t=12143 RX ua=95 mt=R len=7
PKT t=12166 TX ua=95 mt=P len=0
PKT t=12190 RX ua=95 mt=R len=7
PKT t=12195 TX ua=95 mt=P len=0
PKT t=12204 RX ua=95 mt=R len=7
PKT t=12209 TX ua=95 mt=P len=0
PKT t=12218 RX ua=95 mt=R len=7
PKT t=12223 TX ua=95 mt=P len=0
PKT t=12232 RX ua=95 mt=R len=7
PKT t=12237 TX ua=95 mt=P len=0
PKT t=12246 RX ua=95 mt=R len=7
PKT t=12266 TX ua=95 mt=P len=0
PKT t=12290 RX ua=95 mt=R len=7
PKT t=12295 TX ua=95 mt=P len=0
PKT t=12304 RX ua=95 mt=R len=7
PKT t=12309 TX ua=95 mt=P len=0
PKT t=12318 RX ua=95 mt=R len=7
PKT t=12323 TX ua=95 mt=P len=0
PKT t=12332 RX ua=95 mt=R len=7
PKT t=12337 TX ua=95 mt=P len=0
PKT t=12346 RX ua=95 mt=R len=7
PKT t=12366 TX ua=95 mt=P len=0
PKT t=12390 RX ua=95 mt=R len=7
PKT t=12395 TX ua=95 mt=T len=7
PKT t=12407 TX ua=95 mt=P len=0
PKT t=12416 RX ua=95 mt=R len=7
PKT t=12421 TX ua=95 mt=P len=0
PKT t=12430 RX ua=95 mt=R len=7
PKT t=12435 TX ua=95 mt=P len=0
PKT t=12444 RX ua=95 mt=R len=7
PKT t=12466 TX ua=95 mt=P len=0
PKT t=12490 RX ua=95 mt=R len=7
PKT t=12495 TX ua=95 mt=P len=0
PKT t=12504 RX ua=95 mt=R len=7
PKT t=12509 TX ua=95 mt=P len=0
PKT t=12518 RX ua=95 mt=R len=7
PKT t=12523 TX ua=95 mt=P len=0
PKT t=12532 RX ua=95 mt=R len=7
PKT t=12537 TX ua=95 mt=P len=0
PKT t=12546 RX ua=95 mt=R len=7
PKT t=12566 TX ua=95 mt=P len=0
PKT t=12590 RX ua=95 mt=R len=7
PKT t=12595 TX ua=95 mt=P len=0
PKT t=12604 RX ua=95 mt=R len=7
PKT t=12609 TX ua=95 mt=P len=0
PKT t=12618 RX ua=95 mt=R len=7
PKT t=12623 TX ua=95 mt=T len=7
PKT t=12635 TX ua=95 mt=P len=0
PKT t=12644 RX ua=95 mt=R len=7
PKT t=12666 TX ua=95 mt=P len=0
PKT t=12690 RX ua=95 mt=R len=7
PKT t=12695 TX ua=95 mt=P len=0
PKT t=12704 RX ua=95 mt=R len=7
PKT t=12709 TX ua=95 mt=P len=0
PKT t=12718 RX ua=95 mt=R len=7
PKT t=12723 TX ua=95 mt=P len=0
PKT t=12732 RX ua=95 mt=R len=7
PKT t=12737 TX ua=95 mt=P len=0
PKT t=12746 RX ua=95 mt=R len=7
PKT t=12766 TX ua=95 mt=P len=0
PKT t=12790 RX ua=95 mt=R len=7
PKT t=12795 TX ua=95 mt=P len=0
PKT t=12804 RX ua=95 mt=R len=7
PKT t=12809 TX ua=95 mt=P len=0
PKT t=12818 RX ua=95 mt=R len=7
PKT t=12823 TX ua=95 mt=P len=0
PKT t=12832 RX ua=95 mt=R len=7
PKT t=12837 TX ua=95 mt=P len=0
PKT t=12846 RX ua=95 mt=R len=7
PKT t=12866 TX ua=95 mt=P len=0
PKT t=12890 RX ua=95 mt=R len=7
PKT t=12895 TX ua=95 mt=T len=7
PKT t=12907 TX ua=95 mt=P len=0
PKT t=12916 RX ua=95 mt=R len=7
PKT t=12921 TX ua=95 mt=P len=0
PKT t=12930 RX ua=95 mt=R len=7
PKT t=12935 TX ua=95 mt=P len=0
PKT t=12944 RX ua=95 mt=R len=7
PKT t=12966 TX ua=95 mt=P len=0
PKT t=12990 RX ua=95 mt=R len=7
PKT t=12995 TX ua=95 mt=P len=0
PKT t=13004 RX ua=95 mt=R len=7
PKT t=13009 TX ua=95 mt=P len=0
PKT t=13018 RX ua=95 mt=R len=7
PKT t=13023 TX ua=95 mt=P len=0
PKT t=13032 RX ua=95 mt=R len=7
PKT t=13037 TX ua=95 mt=P len=0
PKT t=13046 RX ua=95 mt=R len=7
PKT t=13066 TX ua=95 mt=P len=0
PKT t=13090 RX ua=95 mt=R len=7
PKT t=13095 TX ua=95 mt=P len=0
PKT t=13104 RX ua=95 mt=R len=7
PKT t=13109 TX ua=95 mt=T len=7
PKT t=13122 TX ua=95 mt=T len=7
PKT t=13135 TX ua=95 mt=P len=0
PKT t=13144 RX ua=95 mt=R len=7
PKT t=13166 TX ua=95 mt=P len=0
PKT t=13190 RX ua=95 mt=R len=7
PKT t=13195 TX ua=95 mt=P len=0
PKT t=13204 RX ua=95 mt=R len=7
PKT t=13209 TX ua=95 mt=P len=0
PKT t=13218 RX ua=95 mt=R len=7
PKT t=13223 TX ua=95 mt=P len=0
PKT t=13232 RX ua=95 mt=R len=7
PKT t=13237 TX ua=95 mt=P len=0
PKT t=13246 RX ua=95 mt=R len=7
PKT t=13266 TX ua=95 mt=P len=0
PKT t=13290 RX ua=95 mt=R len=7
PKT t=13295 TX ua=95 mt=P len=0
PKT t=13304 RX ua=95 mt=R len=7
PKT t=13309 TX ua=95 mt=P len=0
PKT t=13318 RX ua=95 mt=R len=7
PKT t=13323 TX ua=95 mt=P len=0
PKT t=13332 RX ua=95 mt=R len=7
PKT t=13337 TX ua=95 mt=P len=0
PKT t=13346 RX ua=95 mt=R len=7
PKT t=13366 TX ua=95 mt=P len=0
PKT t=13390 RX ua=95 mt=R len=7
PKT t=13395 TX ua=95 mt=T len=7
PKT t=13408 TX ua=95 mt=P len=0
PKT t=13418 RX ua=95 mt=R len=7
PKT t=13423 TX ua=95 mt=P len=0
PKT t=13433 RX ua=95 mt=R len=7
PKT t=13438 TX ua=95 mt=P len=0
PKT t=13466 RX ua=95 mt=R len=7
PKT t=13471 TX ua=95 mt=P len=0
PKT t=13490 RX ua=95 mt=R len=7
PKT t=13495 TX ua=95 mt=P len=0
PKT t=13505 RX ua=95 mt=R len=7
PKT t=13510 TX ua=95 mt=P len=0
PKT t=13520 RX ua=95 mt=R len=7
PKT t=13525 TX ua=95 mt=P len=0
PKT t=13535 RX ua=95 mt=R len=7
PKT t=13540 TX ua=95 mt=P len=0
PKT t=13566 RX ua=95 mt=R len=7
PKT t=13571 TX ua=95 mt=P len=0
PKT t=13590 RX ua=95 mt=R len=7
PKT t=13595 TX ua=95 mt=P len=0
PKT t=13605 RX ua=95 mt=R len=7
PKT t=13610 TX ua=95 mt=P len=0
PKT t=13620 RX ua=95 mt=R len=7
PKT t=13625 TX ua=95 mt=T len=7
PKT t=13638 TX ua=95 mt=P len=0
PKT t=13666 RX ua=95 mt=R len=7
PKT t=13671 TX ua=95 mt=P len=0
PKT t=13690 RX ua=95 mt=R len=7
PKT t=13695 TX ua=95 mt=P len=0
PKT t=13704 RX ua=95 mt=R len=7
PKT t=13709 TX ua=95 mt=P len=0
PKT t=13718 RX ua=95 mt=R len=7
PKT t=13723 TX ua=95 mt=P len=0
PKT t=13732 RX ua=95 mt=R len=7
PKT t=13737 TX ua=95 mt=P len=0
PKT t=13746 RX ua=95 mt=R len=7
PKT t=13766 TX ua=95 mt=P len=0
PKT t=13790 RX ua=95 mt=R len=7
PKT t=13795 TX ua=95 mt=P len=0
PKT t=13804 RX ua=95 mt=R len=7
PKT t=13809 TX ua=95 mt=P len=0
PKT t=13818 RX ua=95 mt=R len=7
PKT t=13823 TX ua=95 mt=P len=0
PKT t=13832 RX ua=95 mt=R len=7
PKT t=13837 TX ua=95 mt=P len=0
PKT t=13846 RX ua=95 mt=R len=7
PKT t=13866 TX ua=95 mt=P len=0
PKT t=13890 RX ua=95 mt=R len=7
PKT t=13895 TX ua=95 mt=T len=7
PKT t=13908 TX ua=95 mt=P len=0
PKT t=13917 RX ua=95 mt=R len=7
PKT t=13922 TX ua=95 mt=P len=0
PKT t=13931 RX ua=95 mt=R len=7
PKT t=13936 TX ua=95 mt=P len=0
PKT t=13945 RX ua=95 mt=R len=7
PKT t=13966 TX ua=95 mt=P len=0
PKT t=13990 RX ua=95 mt=R len=7
PKT t=13995 TX ua=95 mt=P len=0
PKT t=14004 RX ua=95 mt=R len=7
PKT t=14011 TX ua=95 mt=P len=0
PKT t=14020 RX ua=95 mt=R len=7
PKT t=14025 TX ua=95 mt=P len=0
PKT t=14034 RX ua=95 mt=R len=7
PKT t=14039 TX ua=95 mt=P len=0
PKT t=14066 RX ua=95 mt=R len=7
PKT t=14071 TX ua=95 mt=P len=0
PKT t=14090 RX ua=95 mt=R len=7
PKT t=14095 TX ua=95 mt=P len=0
PKT t=14106 RX ua=95 mt=R len=7
PKT t=14111 TX ua=95 mt=T len=7
PKT t=14123 TX ua=95 mt=P len=0
PKT t=14132 RX ua=95 mt=R len=7
PKT t=14137 TX ua=95 mt=P len=0
PKT t=14146 RX ua=95 mt=R len=7
PKT t=14166 TX ua=95 mt=P len=0
PKT t=14190 RX ua=95 mt=R len=7
PKT t=14195 TX ua=95 mt=P len=0
PKT t=14204 RX ua=95 mt=R len=7
PKT t=14209 TX ua=95 mt=P len=0
PKT t=14218 RX ua=95 mt=R len=7
PKT t=14223 TX ua=95 mt=P len=0
PKT t=14232 RX ua=95 mt=R len=7
PKT t=14237 TX ua=95 mt=P len=0
PKT t=14246 RX ua=95 mt=R len=7
PKT t=14266 TX ua=95 mt=P len=0
PKT t=14290 RX ua=95 mt=R len=7
PKT t=14295 TX ua=95 mt=P len=0
PKT t=14304 RX ua=95 mt=R len=7
PKT t=14309 TX ua=95 mt=P len=0
PKT t=14318 RX ua=95 mt=R len=7
PKT t=14323 TX ua=95 mt=P len=0
PKT t=14332 RX ua=95 mt=R len=7
PKT t=14337 TX ua=95 mt=P len=0
PKT t=14346 RX ua=95 mt=R len=7
PKT t=14366 TX ua=95 mt=P len=0
PKT t=14390 RX ua=95 mt=R len=7
PKT t=14395 TX ua=95 mt=T len=7
PKT t=14407 TX ua=95 mt=P len=0
PKT t=14416 RX ua=95 mt=R len=7
PKT t=14421 TX ua=95 mt=P len=0
PKT t=14430 RX ua=95 mt=R len=7
PKT t=14435 TX ua=95 mt=P len=0
PKT t=14444 RX ua=95 mt=R len=7
PKT t=14466 TX ua=95 mt=P len=0
PKT t=14490 RX ua=95 mt=R len=7
PKT t=14495 TX ua=95 mt=P len=0
PKT t=14504 RX ua=95 mt=R len=7
PKT t=14509 TX ua=95 mt=P len=0
PKT t=14518 RX ua=95 mt=R len=7
PKT t=14523 TX ua=95 mt=P len=0
PKT t=14532 RX ua=95 mt=R len=7
PKT t=14537 TX ua=95 mt=P len=0
PKT t=14546 RX ua=95 mt=R len=7
PKT t=14566 TX ua=95 mt=P len=0
PKT t=14590 RX ua=95 mt=R len=7
PKT t=14595 TX ua=95 mt=P len=0
PKT t=14604 RX ua=95 mt=R len=7
PKT t=14609 TX ua=95 mt=P len=0
PKT t=14618 RX ua=95 mt=R len=7
PKT t=14623 TX ua=95 mt=T len=7
PKT t=14635 TX ua=95 mt=P len=0
PKT t=14644 RX ua=95 mt=R len=7
PKT t=14666 TX ua=95 mt=P len=0
PKT t=14690 RX ua=95 mt=R len=7
PKT t=14695 TX ua=95 mt=P len=0
PKT t=14704 RX ua=95 mt=R len=7
PKT t=14709 TX ua=95 mt=P len=0
PKT t=14718 RX ua=95 mt=R len=7
PKT t=14723 TX ua=95 mt=P len=0
PKT t=14732 RX ua=95 mt=R len=7
PKT t=14737 TX ua=95 mt=P len=0
PKT t=14746 RX ua=95 mt=R len=7
PKT t=14766 TX ua=95 mt=P len=0
PKT t=14790 RX ua=95 mt=R len=7
PKT t=14795 TX ua=95 mt=P len=0
PKT t=14804 RX ua=95 mt=R len=7
PKT t=14809 TX ua=95 mt=P len=0
PKT t=14818 RX ua=95 mt=R len=7
PKT t=14823 TX ua=95 mt=P len=0
PKT t=14832 RX ua=95 mt=R len=7
PKT t=14837 TX ua=95 mt=P len=0
PKT t=14846 RX ua=95 mt=R len=7
PKT t=14866 TX ua=95 mt=P len=0
PKT t=14890 RX ua=95 mt=R len=7
PKT t=14895 TX ua=95 mt=T len=7
PKT t=14907 TX ua=95 mt=P len=0
PKT t=14916 RX ua=95 mt=R len=7
PKT t=14921 TX ua=95 mt=P len=0
PKT t=14930 RX ua=95 mt=R len=7
PKT t=14935 TX ua=95 mt=P len=0
PKT t=14944 RX ua=95 mt=R len=7
PKT t=14966 TX ua=95 mt=P len=0
PKT t=14990 RX ua=95 mt=R len=7
PKT t=14995 TX ua=95 mt=P len=0
PKT t=15004 RX ua=95 mt=R len=7
PKT t=15009 TX ua=95 mt=P len=0
PKT t=15018 RX ua=95 mt=R len=7
PKT t=15023 TX ua=95 mt=P len=0
PKT t=15032 RX ua=95 mt=R len=7
PKT t=15037 TX ua=95 mt=P len=0
PKT t=15046 RX ua=95 mt=R len=7
PKT t=15066 TX ua=95 mt=P len=0
PKT t=15090 RX ua=95 mt=R len=7
PKT t=15095 TX ua=95 mt=P len=0
PKT t=15104 RX ua=95 mt=R len=7
PKT t=15109 TX ua=95 mt=T len=7
PKT t=15121 TX ua=95 mt=T len=7
PKT t=15133 TX ua=95 mt=P len=0
PKT t=15142 RX ua=95 mt=R len=7
PKT t=15147 TX ua=95 mt=P len=0
PKT t=15167 RX ua=95 mt=R len=7
PKT t=15422 TX ua=96 mt=P len=0
PKT t=15680 TX ua=95 mt=P len=0
PKT t=15689 RX ua=95 mt=R len=7
PKT t=15694 TX ua=95 mt=T len=7
PKT t=15706 TX ua=95 mt=P len=0
PKT t=15715 RX ua=95 mt=R len=7
PKT t=15720 TX ua=95 mt=P len=0
PKT t=15729 RX ua=95 mt=R len=7
PKT t=15734 TX ua=95 mt=P len=0
PKT t=15743 RX ua=95 mt=R len=7
PKT t=15766 TX ua=95 mt=P len=0
PKT t=15790 RX ua=95 mt=R len=7
PKT t=15795 TX ua=95 mt=P len=0
PKT t=15804 RX ua=95 mt=R len=7
PKT t=15809 TX ua=95 mt=P len=0
PKT t=15818 RX ua=95 mt=R len=7
PKT t=15823 TX ua=95 mt=P len=0
PKT t=15832 RX ua=95 mt=R len=7
PKT t=15837 TX ua=95 mt=P len=0
PKT t=15846 RX ua=95 mt=R len=7
PKT t=15866 TX ua=95 mt=P len=0
PKT t=15890 RX ua=95 mt=R len=7
PKT t=15895 TX ua=95 mt=T len=7
PKT t=15907 TX ua=95 mt=P len=0
PKT t=15916 RX ua=95 mt=R len=7
PKT t=15921 TX ua=95 mt=P len=0
PKT t=15930 RX ua=95 mt=R len=7
PKT t=15935 TX ua=95 mt=P len=0
PKT t=15944 RX ua=95 mt=R len=7
PKT t=15966 TX ua=95 mt=P len=0
PKT t=15990 RX ua=95 mt=R len=7
PKT t=15995 TX ua=95 mt=P len=0
PKT t=16004 RX ua=95 mt=R len=7
PKT t=16012 TX ua=95 mt=P len=0
PKT t=16021 RX ua=95 mt=R len=7
PKT t=16026 TX ua=95 mt=P len=0
PKT t=16035 RX ua=95 mt=R len=7
PKT t=16040 TX ua=95 mt=P len=0
PKT t=16066 RX ua=95 mt=R len=7
PKT t=16071 TX ua=95 mt=P len=0
PKT t=16090 RX ua=95 mt=R len=7
PKT t=16095 TX ua=95 mt=P len=0
PKT t=16104 RX ua=95 mt=R len=7
PKT t=16109 TX ua=95 mt=T len=7
PKT t=16121 TX ua=95 mt=T len=7
PKT t=16133 TX ua=95 mt=P len=0
PKT t=16142 RX ua=95 mt=R len=7
PKT t=16147 TX ua=95 mt=P len=0
PKT t=16167 RX ua=95 mt=R len=7
PKT t=16422 TX ua=96 mt=P len=0
PKT t=16680 TX ua=95 mt=P len=0
PKT t=16689 RX ua=95 mt=R len=7
PKT t=16694 TX ua=95 mt=T len=7
PKT t=16706 TX ua=95 mt=P len=0
PKT t=16715 RX ua=95 mt=R len=7
PKT t=16720 TX ua=95 mt=P len=0
PKT t=16729 RX ua=95 mt=R len=7
PKT t=16734 TX ua=95 mt=P len=0
PKT t=16743 RX ua=95 mt=R len=7
PKT t=16766 TX ua=95 mt=P len=0
PKT t=16790 RX ua=95 mt=R len=7
PKT t=16795 TX ua=95 mt=P len=0
PKT t=16804 RX ua=95 mt=R len=7
PKT t=16809 TX ua=95 mt=P len=0
PKT t=16818 RX ua=95 mt=R len=7
PKT t=16823 TX ua=95 mt=P len=0
PKT t=16832 RX ua=95 mt=R len=7
PKT t=16837 TX ua=95 mt=P len=0
PKT t=16846 RX ua=95 mt=R len=7
PKT t=16866 TX ua=95 mt=P len=0
PKT t=16890 RX ua=95 mt=R len=7
PKT t=16895 TX ua=95 mt=T len=7
PKT t=16907 TX ua=95 mt=P len=0
PKT t=16916 RX ua=95 mt=R len=7
PKT t=16921 TX ua=95 mt=P len=0
PKT t=16930 RX ua=95 mt=R len=7
PKT t=16935 TX ua=95 mt=P len=0
PKT t=16944 RX ua=95 mt=R len=7
PKT t=16966 TX ua=95 mt=P len=0
PKT t=16990 RX ua=95 mt=R len=7
PKT t=16995 TX ua=95 mt=P len=0
PKT t=17004 RX ua=95 mt=R len=7
PKT t=17009 TX ua=95 mt=P len=0
PKT t=17018 RX ua=95 mt=R len=7
PKT t=17023 TX ua=95 mt=P len=0
PKT t=17032 RX ua=95 mt=R len=7
PKT t=17037 TX ua=95 mt=P len=0
PKT t=17046 RX ua=95 mt=R len=7
PKT t=17066 TX ua=95 mt=P len=0
PKT t=17090 RX ua=95 mt=R len=7
PKT t=17095 TX ua=95 mt=P len=0
PKT t=17104 RX ua=95 mt=R len=7
PKT t=17109 TX ua=95 mt=T len=7
PKT t=17121 TX ua=95 mt=T len=7
PKT t=17133 TX ua=95 mt=P len=0
PKT t=17142 RX ua=95 mt=R len=7
PKT t=17147 TX ua=95 mt=P len=0
PKT t=17167 RX ua=95 mt=R len=7
PKT t=17422 TX ua=96 mt=P len=0
PKT t=17680 TX ua=95 mt=P len=0
PKT t=17689 RX ua=95 mt=R len=7
PKT t=17694 TX ua=95 mt=T len=7
PKT t=17706 TX ua=95 mt=P len=0
PKT t=17715 RX ua=95 mt=R len=7
PKT t=17720 TX ua=95 mt=P len=0
PKT t=17729 RX ua=95 mt=R len=7
PKT t=17734 TX ua=95 mt=P len=0
PKT t=17743 RX ua=95 mt=R len=7
PKT t=17766 TX ua=95 mt=P len=0
PKT t=17790 RX ua=95 mt=R len=7
PKT t=17795 TX ua=95 mt=P len=0
PKT t=17804 RX ua=95 mt=R len=7
PKT t=17809 TX ua=95 mt=P len=0
PKT t=17818 RX ua=95 mt=R len=7
PKT t=17823 TX ua=95 mt=P len=0
PKT t=17832 RX ua=95 mt=R len=7
PKT t=17837 TX ua=95 mt=P len=0
PKT t=17846 RX ua=95 mt=R len=7
PKT t=17866 TX ua=95 mt=P len=0
PKT t=17890 RX ua=95 mt=R len=7
PKT t=17895 TX ua=95 mt=T len=7
PKT t=17907 TX ua=95 mt=P len=0
PKT t=17916 RX ua=95 mt=R len=7
PKT t=17921 TX ua=95 mt=P len=0
PKT t=17930 RX ua=95 mt=R len=7
PKT t=17935 TX ua=95 mt=P len=0
PKT t=17944 RX ua=95 mt=R len=7
PKT t=17966 TX ua=95 mt=P len=0
PKT t=17990 RX ua=95 mt=R len=7
PKT t=17995 TX ua=95 mt=P len=0
PKT t=18004 RX ua=95 mt=R len=7
PKT t=18013 TX ua=95 mt=P len=0
PKT t=18022 RX ua=95 mt=R len=7
PKT t=18027 TX ua=95 mt=P len=0
PKT t=18036 RX ua=95 mt=R len=7
PKT t=18041 TX ua=95 mt=P len=0
PKT t=18066 RX ua=95 mt=R len=7
PKT t=18071 TX ua=95 mt=P len=0
PKT t=18090 RX ua=95 mt=R len=7
PKT t=18095 TX ua=95 mt=P len=0
PKT t=18104 RX ua=95 mt=R len=7
PKT t=18109 TX ua=95 mt=T len=7
PKT t=18122 TX ua=95 mt=T len=7
PKT t=18135 TX ua=95 mt=P len=0
PKT t=18144 RX ua=95 mt=R len=7
PKT t=18166 TX ua=95 mt=T len=7
PKT t=18179 TX ua=95 mt=P len=0
PKT t=18192 RX ua=95 mt=R len=7
PKT t=18197 TX ua=95 mt=P len=0
PKT t=18206 RX ua=95 mt=R len=7
PKT t=18211 TX ua=95 mt=P len=0
PKT t=18220 RX ua=95 mt=R len=7
PKT t=18225 TX ua=95 mt=P len=0
PKT t=18234 RX ua=95 mt=R len=7
PKT t=18239 TX ua=95 mt=P len=0
PKT t=18266 RX ua=95 mt=R len=7
PKT t=18271 TX ua=95 mt=P len=0
PKT t=18291 RX ua=95 mt=R len=7
PKT t=18296 TX ua=95 mt=P len=0
PKT t=18305 RX ua=95 mt=R len=7
PKT t=18310 TX ua=95 mt=P len=0
PKT t=18319 RX ua=95 mt=R len=7
PKT t=18324 TX ua=95 mt=P len=0
PKT t=18333 RX ua=95 mt=R len=7
PKT t=18338 TX ua=95 mt=P len=0
PKT t=18366 RX ua=95 mt=R len=7
PKT t=18371 TX ua=95 mt=T len=7
PKT t=18384 TX ua=95 mt=P len=0
PKT t=18393 RX ua=95 mt=R len=7
PKT t=18398 TX ua=95 mt=P len=0
PKT t=18407 RX ua=95 mt=R len=7
PKT t=18412 TX ua=95 mt=P len=0
PKT t=18421 RX ua=95 mt=R len=7
PKT t=18426 TX ua=95 mt=P len=0
PKT t=18435 RX ua=95 mt=R len=7
PKT t=18440 TX ua=95 mt=P len=0
PKT t=18466 RX ua=95 mt=R len=7
PKT t=18471 TX ua=95 mt=P len=0
PKT t=18490 RX ua=95 mt=R len=7
PKT t=18495 TX ua=95 mt=P len=0
PKT t=18504 RX ua=95 mt=R len=7
PKT t=18509 TX ua=95 mt=P len=0
PKT t=18518 RX ua=95 mt=R len=7
PKT t=18523 TX ua=95 mt=P len=0
PKT t=18533 RX ua=95 mt=R len=7
PKT t=18538 TX ua=95 mt=P len=0
PKT t=18566 RX ua=95 mt=R len=7
PKT t=18571 TX ua=95 mt=P len=0
PKT t=18590 RX ua=95 mt=R len=7
PKT t=18595 TX ua=95 mt=P len=0
PKT t=18604 RX ua=95 mt=R len=7
PKT t=18609 TX ua=95 mt=P len=0
PKT t=18618 RX ua=95 mt=R len=7
PKT t=18623 TX ua=95 mt=T len=7
PKT t=18636 TX ua=95 mt=P len=0
PKT t=18645 RX ua=95 mt=R len=7
PKT t=18666 TX ua=95 mt=P len=0
PKT t=18690 RX ua=95 mt=R len=7
PKT t=18695 TX ua=95 mt=P len=0
PKT t=18704 RX ua=95 mt=R len=7
PKT t=18709 TX ua=95 mt=P len=0
PKT t=18718 RX ua=95 mt=R len=7
PKT t=18723 TX ua=95 mt=P len=0
PKT t=18732 RX ua=95 mt=R len=7
PKT t=18737 TX ua=95 mt=P len=0
PKT t=18746 RX ua=95 mt=R len=7
PKT t=18766 TX ua=95 mt=P len=0
PKT t=18790 RX ua=95 mt=R len=7
PKT t=18795 TX ua=95 mt=P len=0
PKT t=18804 RX ua=95 mt=R len=7
PKT t=18809 TX ua=95 mt=P len=0
PKT t=18818 RX ua=95 mt=R len=7
PKT t=18823 TX ua=95 mt=P len=0
PKT t=18832 RX ua=95 mt=R len=7
PKT t=18837 TX ua=95 mt=P len=0
PKT t=18846 RX ua=95 mt=R len=7
PKT t=18866 TX ua=95 mt=P len=0
PKT t=18890 RX ua=95 mt=R len=7
PKT t=18895 TX ua=95 mt=T len=7
PKT t=18908 TX ua=95 mt=P len=0
PKT t=18917 RX ua=95 mt=R len=7
PKT t=18922 TX ua=95 mt=P len=0
PKT t=18931 RX ua=95 mt=R len=7
PKT t=18936 TX ua=95 mt=P len=0
PKT t=18945 RX ua=95 mt=R len=7
PKT t=18966 TX ua=95 mt=P len=0
PKT t=18990 RX ua=95 mt=R len=7
PKT t=18995 TX ua=95 mt=P len=0
PKT t=19004 RX ua=95 mt=R len=7
PKT t=19009 TX ua=95 mt=P len=0
PKT t=19018 RX ua=95 mt=R len=7
PKT t=19023 TX ua=95 mt=P len=0
PKT t=19032 RX ua=95 mt=R len=7
PKT t=19037 TX ua=95 mt=P len=0
PKT t=19046 RX ua=95 mt=R len=7
PKT t=19066 TX ua=95 mt=P len=0
PKT t=19090 RX ua=95 mt=R len=7
PKT t=19095 TX ua=95 mt=P len=0
PKT t=19104 RX ua=95 mt=R len=7
PKT t=19109 TX ua=95 mt=T len=7
PKT t=19121 TX ua=95 mt=T len=7
PKT t=19133 TX ua=95 mt=P len=0
PKT t=19142 RX ua=95 mt=R len=7
PKT t=19147 TX ua=95 mt=P len=0
PKT t=19167 RX ua=95 mt=R len=7
PKT t=19422 TX ua=96 mt=P len=0
PKT t=19680 TX ua=95 mt=P len=0
PKT t=19689 RX ua=95 mt=R len=7
PKT t=19694 TX ua=95 mt=T len=7
PKT t=19706 TX ua=95 mt=P len=0
PKT t=19715 RX ua=95 mt=R len=7
PKT t=19720 TX ua=95 mt=P len=0
PKT t=19729 RX ua=95 mt=R len=7
PKT t=19734 TX ua=95 mt=P len=0
PKT t=19743 RX ua=95 mt=R len=7
PKT t=19766 TX ua=95 mt=P len=0
PKT t=19790 RX ua=95 mt=R len=7
PKT t=19795 TX ua=95 mt=P len=0
PKT t=19804 RX ua=95 mt=R len=7
PKT t=19809 TX ua=95 mt=P len=0
PKT t=19818 RX ua=95 mt=R len=7
PKT t=19823 TX ua=95 mt=P len=0
PKT t=19832 RX ua=95 mt=R len=7
PKT t=19837 TX ua=95 mt=P len=0
PKT t=19846 RX ua=95 mt=R len=7
PKT t=19866 TX ua=95 mt=P len=0
PKT t=19890 RX ua=95 mt=R len=7
PKT t=19895 TX ua=95 mt=T len=7
PKT t=19907 TX ua=95 mt=P len=0
PKT t=19916 RX ua=95 mt=R len=7
PKT t=19921 TX ua=95 mt=P len=0
PKT t=19930 RX ua=95 mt=R len=7
PKT t=19935 TX ua=95 mt=P len=0
PKT t=19944 RX ua=95 mt=R len=7
PKT t=19966 TX ua=95 mt=P len=0
PKT t=19990 RX ua=95 mt=R len=7
PKT t=19995 TX ua=95 mt=P len=0
PKT t=20004 RX ua=95 mt=R len=7
PKT t=20009 TX ua=95 mt=P len=0
PKT t=20018 RX ua=95 mt=R len=7
PKT t=20023 TX ua=95 mt=P len=0
PKT t=20032 RX ua=95 mt=R len=7
PKT t=20037 TX ua=95 mt=P len=0
PKT t=20046 RX ua=95 mt=R len=7
PKT t=20066 TX ua=95 mt=P len=0
PKT t=20090 RX ua=95 mt=R len=7
PKT t=20095 TX ua=95 mt=P len=0
PKT t=20104 RX ua=95 mt=R len=7
PKT t=20109 TX ua=95 mt=T len=7
PKT t=20121 TX ua=95 mt=T len=7
PKT t=20133 TX ua=95 mt=P len=0
PKT t=20142 RX ua=95 mt=R len=7
PKT t=20147 TX ua=95 mt=P len=0
PKT t=20167 RX ua=95 mt=R len=7
PKT t=20422 TX ua=96 mt=P len=0
PKT t=20680 TX ua=95 mt=P len=0
PKT t=20690 RX ua=95 mt=R len=7
PKT t=20694 TX ua=95 mt=T len=7
PKT t=20706 TX ua=95 mt=P len=0
PKT t=20715 RX ua=95 mt=R len=7
PKT t=20720 TX ua=95 mt=P len=0
PKT t=20729 RX ua=95 mt=R len=7
PKT t=20734 TX ua=95 mt=P len=0
PKT t=20743 RX ua=95 mt=R len=7
PKT t=20766 TX ua=95 mt=P len=0
PKT t=20790 RX ua=95 mt=R len=7
PKT t=20795 TX ua=95 mt=P len=0
PKT t=20804 RX ua=95 mt=R len=7
PKT t=20809 TX ua=95 mt=P len=0
PKT t=20818 RX ua=95 mt=R len=7
PKT t=20823 TX ua=95 mt=P len=0
PKT t=20832 RX ua=95 mt=R len=7
PKT t=20837 TX ua=95 mt=P len=0
PKT t=20846 RX ua=95 mt=R len=7
PKT t=20866 TX ua=95 mt=P len=0
PKT t=20890 RX ua=95 mt=R len=7
PKT t=20895 TX ua=95 mt=T len=7
PKT t=20907 TX ua=95 mt=P len=0
PKT t=20916 RX ua=95 mt=R len=7
PKT t=20921 TX ua=95 mt=P len=0
PKT t=20930 RX ua=95 mt=R len=7
PKT t=20935 TX ua=95 mt=P len=0
PKT t=20944 RX ua=95 mt=R len=7
PKT t=20966 TX ua=95 mt=P len=0
PKT t=20990 RX ua=95 mt=R len=7
PKT t=20995 TX ua=95 mt=P len=0
PKT t=21004 RX ua=95 mt=R len=7
PKT t=21009 TX ua=95 mt=P len=0
PKT t=21018 RX ua=95 mt=R len=7
PKT t=21023 TX ua=95 mt=P len=0
PKT t=21032 RX ua=95 mt=R len=7
PKT t=21037 TX ua=95 mt=P len=0
PKT t=21046 RX ua=95 mt=R len=7
PKT t=21066 TX ua=95 mt=P len=0
PKT t=21090 RX ua=95 mt=R len=7
PKT t=21095 TX ua=95 mt=P len=0
PKT t=21104 RX ua=95 mt=R len=7
PKT t=21109 TX ua=95 mt=T len=7
PKT t=21122 TX ua=95 mt=T len=7
PKT t=21135 TX ua=95 mt=P len=0
PKT t=21144 RX ua=95 mt=R len=7
PKT t=21166 TX ua=95 mt=P len=0
PKT t=21190 RX ua=95 mt=R len=7
PKT t=21195 TX ua=95 mt=P len=0
PKT t=21204 RX ua=95 mt=R len=7
PKT t=21209 TX ua=95 mt=P len=0
PKT t=21218 RX ua=95 mt=R len=7
PKT t=21223 TX ua=95 mt=P len=0
PKT t=21232 RX ua=95 mt=R len=7
PKT t=21237 TX ua=95 mt=P len=0
PKT t=21246 RX ua=95 mt=R len=7
PKT t=21266 TX ua=95 mt=P len=0
PKT t=21290 RX ua=95 mt=R len=7
PKT t=21295 TX ua=95 mt=P len=0
PKT t=21304 RX ua=95 mt=R len=7
PKT t=21309 TX ua=95 mt=P len=0
PKT t=21318 RX ua=95 mt=R len=7
PKT t=21323 TX ua=95 mt=P len=0
PKT t=21332 RX ua=95 mt=R len=7
PKT t=21337 TX ua=95 mt=P len=0
PKT t=21346 RX ua=95 mt=R len=7
PKT t=21366 TX ua=95 mt=P len=0
PKT t=21391 RX ua=95 mt=R len=7
PKT t=21396 TX ua=95 mt=T len=7
PKT t=21409 TX ua=95 mt=P len=0
PKT t=21419 RX ua=95 mt=R len=7
PKT t=21424 TX ua=95 mt=P len=0
PKT t=21434 RX ua=95 mt=R len=7
PKT t=21439 TX ua=95 mt=P len=0
PKT t=21466 RX ua=95 mt=R len=7
PKT t=21471 TX ua=95 mt=P len=0
PKT t=21491 RX ua=95 mt=R len=7
PKT t=21496 TX ua=95 mt=P len=0
PKT t=21506 RX ua=95 mt=R len=7
PKT t=21511 TX ua=95 mt=P len=0
PKT t=21521 RX ua=95 mt=R len=7
PKT t=21526 TX ua=95 mt=P len=0
PKT t=21536 RX ua=95 mt=R len=7
PKT t=21541 TX ua=95 mt=P len=0
PKT t=21566 RX ua=95 mt=R len=7
PKT t=21571 TX ua=95 mt=P len=0
PKT t=21591 RX ua=95 mt=R len=7
PKT t=21596 TX ua=95 mt=P len=0
PKT t=21606 RX ua=95 mt=R len=7
PKT t=21611 TX ua=95 mt=P len=0
PKT t=21621 RX ua=95 mt=R len=7
PKT t=21626 TX ua=95 mt=T len=7
PKT t=21639 TX ua=95 mt=P len=0
PKT t=21666 RX ua=95 mt=R len=7
PKT t=21671 TX ua=95 mt=P len=0
PKT t=21691 RX ua=95 mt=R len=7
PKT t=21696 TX ua=95 mt=P len=0
PKT t=21705 RX ua=95 mt=R len=7
PKT t=21710 TX ua=95 mt=P len=0
PKT t=21719 RX ua=95 mt=R len=7
PKT t=21724 TX ua=95 mt=P len=0
PKT t=21734 RX ua=95 mt=R len=7
PKT t=21739 TX ua=95 mt=P len=0
PKT t=21766 RX ua=95 mt=R len=7
PKT t=21771 TX ua=95 mt=P len=0
PKT t=21790 RX ua=95 mt=R len=7
PKT t=21795 TX ua=95 mt=P len=0
PKT t=21804 RX ua=95 mt=R len=7
PKT t=21809 TX ua=95 mt=P len=0
PKT t=21818 RX ua=95 mt=R len=7
PKT t=21823 TX ua=95 mt=P len=0
PKT t=21832 RX ua=95 mt=R len=7
PKT t=21837 TX ua=95 mt=P len=0
PKT t=21846 RX ua=95 mt=R len=7
PKT t=21866 TX ua=95 mt=P len=0
PKT t=21890 RX ua=95 mt=R len=7
PKT t=21895 TX ua=95 mt=T len=7
PKT t=21908 TX ua=95 mt=P len=0
PKT t=21917 RX ua=95 mt=R len=7
PKT t=21922 TX ua=95 mt=P len=0
PKT t=21931 RX ua=95 mt=R len=7
PKT t=21936 TX ua=95 mt=P len=0
PKT t=21945 RX ua=95 mt=R len=7
PKT t=21966 TX ua=95 mt=P len=0
PKT t=21990 RX ua=95 mt=R len=7
PKT t=21995 TX ua=95 mt=P len=0
PKT t=22004 RX ua=95 mt=R len=7
PKT t=22009 TX ua=95 mt=P len=0
PKT t=22018 RX ua=95 mt=R len=7
PKT t=22023 TX ua=95 mt=P len=0
PKT t=22032 RX ua=95 mt=R len=7
PKT t=22037 TX ua=95 mt=P len=0
PKT t=22046 RX ua=95 mt=R len=7
PKT t=22066 TX ua=95 mt=P len=0
PKT t=22090 RX ua=95 mt=R len=7
PKT t=22095 TX ua=95 mt=P len=0
PKT t=22104 RX ua=95 mt=R len=7
PKT t=22109 TX ua=95 mt=T len=7
PKT t=22121 TX ua=95 mt=T len=7
PKT t=22133 TX ua=95 mt=P len=0
PKT t=22142 RX ua=95 mt=R len=7
PKT t=22147 TX ua=95 mt=P len=0
PKT t=22167 RX ua=95 mt=R len=7
PKT t=22422 TX ua=96 mt=P len=0
PKT t=22680 TX ua=95 mt=P len=0
PKT t=22689 RX ua=95 mt=R len=7
PKT t=22694 TX ua=95 mt=T len=7
PKT t=22706 TX ua=95 mt=P len=0
PKT t=22715 RX ua=95 mt=R len=7
PKT t=22720 TX ua=95 mt=P len=0
PKT t=22729 RX ua=95 mt=R len=7
PKT t=22734 TX ua=95 mt=P len=0
PKT t=22743 RX ua=95 mt=R len=7
PKT t=22766 TX ua=95 mt=P len=0
PKT t=22790 RX ua=95 mt=R len=7
PKT t=22795 TX ua=95 mt=P len=0
PKT t=22804 RX ua=95 mt=R len=7
PKT t=22809 TX ua=95 mt=P len=0
PKT t=22818 RX ua=95 mt=R len=7
PKT t=22823 TX ua=95 mt=P len=0
PKT t=22832 RX ua=95 mt=R len=7
PKT t=22837 TX ua=95 mt=P len=0
PKT t=22846 RX ua=95 mt=R len=7
PKT t=22867 TX ua=95 mt=P len=0
PKT t=22890 RX ua=95 mt=R len=7
PKT t=22895 TX ua=95 mt=T len=7
PKT t=22907 TX ua=95 mt=P len=0
PKT t=22916 RX ua=95 mt=R len=7
PKT t=22921 TX ua=95 mt=P len=0
PKT t=22930 RX ua=95 mt=R len=7
PKT t=22935 TX ua=95 mt=P len=0
PKT t=22944 RX ua=95 mt=R len=7
PKT t=22966 TX ua=95 mt=P len=0
PKT t=22990 RX ua=95 mt=R len=7
PKT t=22995 TX ua=95 mt=P len=0
PKT t=23004 RX ua=95 mt=R len=7
PKT t=23009 TX ua=95 mt=P len=0
PKT t=23018 RX ua=95 mt=R len=7
PKT t=23023 TX ua=95 mt=P len=0
PKT t=23032 RX ua=95 mt=R len=7
PKT t=23037 TX ua=95 mt=P len=0
PKT t=23046 RX ua=95 mt=R len=7
PKT t=23066 TX ua=95 mt=P len=0
PKT t=23090 RX ua=95 mt=R len=7
PKT t=23095 TX ua=95 mt=P len=0
PKT t=23104 RX ua=95 mt=R len=7
PKT t=23109 TX ua=95 mt=T len=7
PKT t=23121 TX ua=95 mt=T len=7
PKT t=23133 TX ua=95 mt=P len=0
PKT t=23142 RX ua=95 mt=R len=7
PKT t=23147 TX ua=95 mt=P len=0
PKT t=23167 RX ua=95 mt=R len=7
PKT t=23422 TX ua=96 mt=P len=0
PKT t=23680 TX ua=95 mt=P len=0
PKT t=23689 RX ua=95 mt=R len=7
PKT t=23694 TX ua=95 mt=T len=7
PKT t=23706 TX ua=95 mt=P len=0
PKT t=23715 RX ua=95 mt=R len=7
PKT t=23720 TX ua=95 mt=P len=0
PKT t=23729 RX ua=95 mt=R len=7
PKT t=23734 TX ua=95 mt=P len=0
PKT t=23743 RX ua=95 mt=R len=7
PKT t=23766 TX ua=95 mt=P len=0
PKT t=23790 RX ua=95 mt=R len=7
PKT t=23795 TX ua=95 mt=P len=0
PKT t=23804 RX ua=95 mt=R len=7
PKT t=23809 TX ua=95 mt=P len=0
PKT t=23819 RX ua=95 mt=R len=7
PKT t=23824 TX ua=95 mt=P len=0
PKT t=23833 RX ua=95 mt=R len=7
PKT t=23838 TX ua=95 mt=P len=0
PKT t=23866 RX ua=95 mt=R len=7
PKT t=23871 TX ua=95 mt=T len=7
PKT t=23883 TX ua=95 mt=P len=0
PKT t=23892 RX ua=95 mt=R len=7
PKT t=23897 TX ua=95 mt=P len=0
PKT t=23906 RX ua=95 mt=R len=7
PKT t=23911 TX ua=95 mt=P len=0
PKT t=23920 RX ua=95 mt=R len=7
PKT t=23925 TX ua=95 mt=P len=0
PKT t=23934 RX ua=95 mt=R len=7
PKT t=23939 TX ua=95 mt=P len=0
PKT t=23966 RX ua=95 mt=R len=7
PKT t=23971 TX ua=95 mt=P len=0
PKT t=23990 RX ua=95 mt=R len=7
PKT t=23995 TX ua=95 mt=P len=0
PKT t=24004 RX ua=95 mt=R len=7
PKT t=24009 TX ua=95 mt=P len=0
PKT t=24018 RX ua=95 mt=R len=7
PKT t=24023 TX ua=95 mt=P len=0
PKT t=24032 RX ua=95 mt=R len=7
PKT t=24037 TX ua=95 mt=P len=0
PKT t=24046 RX ua=95 mt=R len=7
PKT t=24066 TX ua=95 mt=P len=0
PKT t=24090 RX ua=95 mt=R len=7
PKT t=24095 TX ua=95 mt=P len=0
PKT t=24104 RX ua=95 mt=R len=7
PKT t=24109 TX ua=95 mt=T len=7
PKT t=24121 TX ua=95 mt=T len=7
PKT t=24133 TX ua=95 mt=P len=0
PKT t=24142 RX ua=95 mt=R len=7
PKT t=24147 TX ua=95 mt=P len=0
PKT t=24167 RX ua=95 mt=R len=7
PKT t=24422 TX ua=96 mt=P len=0
PKT t=24680 TX ua=95 mt=P len=0
PKT t=24689 RX ua=95 mt=R len=7
PKT t=24694 TX ua=95 mt=T len=7
PKT t=24706 TX ua=95 mt=P len=0
PKT t=24715 RX ua=95 mt=R len=7
PKT t=24720 TX ua=95 mt=P len=0
PKT t=24729 RX ua=95 mt=R len=7
PKT t=24734 TX ua=95 mt=P len=0
PKT t=24743 RX ua=95 mt=R len=7
PKT t=24766 TX ua=95 mt=P len=0
PKT t=24790 RX ua=95 mt=R len=7
PKT t=24795 TX ua=95 mt=P len=0
PKT t=24804 RX ua=95 mt=R len=7
PKT t=24809 TX ua=95 mt=P len=0
PKT t=24818 RX ua=95 mt=R len=7
PKT t=24823 TX ua=95 mt=P len=0
PKT t=24832 RX ua=95 mt=R len=7
PKT t=24837 TX ua=95 mt=P len=0
PKT t=24846 RX ua=95 mt=R len=7
PKT t=24866 TX ua=95 mt=P len=0
PKT t=24890 RX ua=95 mt=R len=7
PKT t=24895 TX ua=95 mt=T len=7
PKT t=24907 TX ua=95 mt=P len=0
PKT t=24916 RX ua=95 mt=R len=7
PKT t=24921 TX ua=95 mt=P len=0
PKT t=24930 RX ua=95 mt=R len=7
PKT t=24935 TX ua=95 mt=P len=0
PKT t=24945 RX ua=95 mt=R len=7
PKT t=24966 TX ua=95 mt=P len=0
PKT t=24990 RX ua=95 mt=R len=7
PKT t=24995 TX ua=95 mt=P len=0
PKT t=25004 RX ua=95 mt=R len=7
PKT t=25009 TX ua=95 mt=P len=0
PKT t=25018 RX ua=95 mt=R len=7
PKT t=25023 TX ua=95 mt=P len=0
PKT t=25032 RX ua=95 mt=R len=7
PKT t=25037 TX ua=95 mt=P len=0
PKT t=25046 RX ua=95 mt=R len=7
PKT t=25066 TX ua=95 mt=P len=0
PKT t=25090 RX ua=95 mt=R len=7
PKT t=25095 TX ua=95 mt=P len=0
PKT t=25104 RX ua=95 mt=R len=7
PKT t=25109 TX ua=95 mt=T len=7
PKT t=25121 TX ua=95 mt=T len=7
PKT t=25133 TX ua=95 mt=P len=0
PKT t=25142 RX ua=95 mt=R len=7
PKT t=25147 TX ua=95 mt=P len=0
PKT t=25167 RX ua=95 mt=R len=7
PKT t=25422 TX ua=96 mt=P len=0
PKT t=25680 TX ua=95 mt=P len=0
PKT t=25689 RX ua=95 mt=R len=7
PKT t=25694 TX ua=95 mt=T len=7
PKT t=25706 TX ua=95 mt=P len=0
PKT t=25715 RX ua=95 mt=R len=7
PKT t=25720 TX ua=95 mt=P len=0
PKT t=25729 RX ua=95 mt=R len=7
PKT t=25734 TX ua=95 mt=P len=0
PKT t=25743 RX ua=95 mt=R len=7
PKT t=25766 TX ua=95 mt=P len=0
PKT t=25790 RX ua=95 mt=R len=7
PKT t=25795 TX ua=95 mt=P len=0
PKT t=25804 RX ua=95 mt=R len=7
PKT t=25809 TX ua=95 mt=P len=0
PKT t=25818 RX ua=95 mt=R len=7
PKT t=25823 TX ua=95 mt=P len=0
PKT t=25832 RX ua=95 mt=R len=7
PKT t=25837 TX ua=95 mt=P len=0
PKT t=25846 RX ua=95 mt=R len=7
PKT t=25866 TX ua=95 mt=P len=0
PKT t=25890 RX ua=95 mt=R len=7
PKT t=25895 TX ua=95 mt=T len=7
PKT t=25907 TX ua=95 mt=P len=0
PKT t=25916 RX ua=95 mt=R len=7
PKT t=25921 TX ua=95 mt=P len=0
PKT t=25930 RX ua=95 mt=R len=7
PKT t=25935 TX ua=95 mt=P len=0
PKT t=25944 RX ua=95 mt=R len=7
PKT t=25966 TX ua=95 mt=P len=0
PKT t=25991 RX ua=95 mt=R len=7
PKT t=25996 TX ua=95 mt=P len=0
PKT t=26005 RX ua=95 mt=R len=7
PKT t=26010 TX ua=95 mt=P len=0
PKT t=26019 RX ua=95 mt=R len=7
PKT t=26024 TX ua=95 mt=P len=0
PKT t=26033 RX ua=95 mt=R len=7
PKT t=26038 TX ua=95 mt=P len=0
PKT t=26066 RX ua=95 mt=R len=7
PKT t=26071 TX ua=95 mt=P len=0
PKT t=26090 RX ua=95 mt=R len=7
PKT t=26095 TX ua=95 mt=P len=0
PKT t=26104 RX ua=95 mt=R len=7
PKT t=26109 TX ua=95 mt=T len=7
PKT t=26122 TX ua=95 mt=T len=7
PKT t=26135 TX ua=95 mt=P len=0
PKT t=26144 RX ua=95 mt=R len=7
PKT t=26166 TX ua=95 mt=T len=7
PKT t=26179 TX ua=95 mt=P len=0
PKT t=26192 RX ua=95 mt=R len=7
PKT t=26197 TX ua=95 mt=P len=0
PKT t=26206 RX ua=95 mt=R len=7
PKT t=26211 TX ua=95 mt=P len=0
PKT t=26220 RX ua=95 mt=R len=7
PKT t=26225 TX ua=95 mt=P len=0
PKT t=26234 RX ua=95 mt=R len=7
PKT t=26239 TX ua=95 mt=P len=0
PKT t=26266 RX ua=95 mt=R len=7
PKT t=26271 TX ua=95 mt=P len=0
PKT t=26290 RX ua=95 mt=R len=7
PKT t=26295 TX ua=95 mt=P len=0
PKT t=26304 RX ua=95 mt=R len=7
PKT t=26309 TX ua=95 mt=P len=0
PKT t=26318 RX ua=95 mt=R len=7
PKT t=26323 TX ua=95 mt=P len=0
PKT t=26332 RX ua=95 mt=R len=7
PKT t=26337 TX ua=95 mt=P len=0
PKT t=26346 RX ua=95 mt=R len=7
PKT t=26366 TX ua=95 mt=P len=0
PKT t=26390 RX ua=95 mt=R len=7
PKT t=26395 TX ua=95 mt=T len=7
PKT t=26408 TX ua=95 mt=P len=0
PKT t=26417 RX ua=95 mt=R len=7
PKT t=26422 TX ua=95 mt=P len=0
PKT t=26431 RX ua=95 mt=R len=7
PKT t=26436 TX ua=95 mt=P len=0
PKT t=26445 RX ua=95 mt=R len=7
PKT t=26466 TX ua=95 mt=P len=0
PKT t=26490 RX ua=95 mt=R len=7
PKT t=26495 TX ua=95 mt=P len=0
PKT t=26504 RX ua=95 mt=R len=7
PKT t=26509 TX ua=95 mt=P len=0
PKT t=26518 RX ua=95 mt=R len=7
PKT t=26523 TX ua=95 mt=P len=0
PKT t=26532 RX ua=95 mt=R len=7
PKT t=26537 TX ua=95 mt=P len=0
PKT t=26546 RX ua=95 mt=R len=7
PKT t=26566 TX ua=95 mt=P len=0
PKT t=26590 RX ua=95 mt=R len=7
PKT t=26595 TX ua=95 mt=P len=0
PKT t=26604 RX ua=95 mt=R len=7
PKT t=26609 TX ua=95 mt=P len=0
PKT t=26618 RX ua=95 mt=R len=7
PKT t=26623 TX ua=95 mt=T len=7
PKT t=26636 TX ua=95 mt=P len=0
PKT t=26645 RX ua=95 mt=R len=7
PKT t=26666 TX ua=95 mt=P len=0
PKT t=26690 RX ua=95 mt=R len=7
PKT t=26695 TX ua=95 mt=P len=0
PKT t=26704 RX ua=95 mt=R len=7
PKT t=26709 TX ua=95 mt=P len=0
PKT t=26718 RX ua=95 mt=R len=7
PKT t=26723 TX ua=95 mt=P len=0
PKT t=26733 RX ua=95 mt=R len=7
PKT t=26738 TX ua=95 mt=P len=0
PKT t=26766 RX ua=95 mt=R len=7
PKT t=26771 TX ua=95 mt=P len=0
PKT t=26790 RX ua=95 mt=R len=7
PKT t=26795 TX ua=95 mt=P len=0
PKT t=26804 RX ua=95 mt=R len=7
PKT t=26809 TX ua=95 mt=P len=0
PKT t=26818 RX ua=95 mt=R len=7
PKT t=26823 TX ua=95 mt=P len=0
PKT t=26832 RX ua=95 mt=R len=7
PKT t=26837 TX ua=95 mt=P len=0
PKT t=26846 RX ua=95 mt=R len=7
PKT t=26866 TX ua=95 mt=P len=0
PKT t=26890 RX ua=95 mt=R len=7
PKT t=26895 TX ua=95 mt=T len=7
PKT t=26908 TX ua=95 mt=P len=0
PKT t=26917 RX ua=95 mt=R len=7
PKT t=26922 TX ua=95 mt=P len=0
PKT t=26931 RX ua=95 mt=R len=7
PKT t=26936 TX ua=95 mt=P len=0
PKT t=26945 RX ua=95 mt=R len=7
PKT t=26966 TX ua=95 mt=P len=0
PKT t=26990 RX ua=95 mt=R len=7
PKT t=26995 TX ua=95 mt=P len=0
PKT t=27004 RX ua=95 mt=R len=7
PKT t=27009 TX ua=95 mt=P len=0
PKT t=27018 RX ua=95 mt=R len=7
PKT t=27023 TX ua=95 mt=P len=0
PKT t=27032 RX ua=95 mt=R len=7
PKT t=27037 TX ua=95 mt=P len=0
PKT t=27046 RX ua=95 mt=R len=7
PKT t=27066 TX ua=95 mt=P len=0
PKT t=27090 RX ua=95 mt=R len=7
PKT t=27095 TX ua=95 mt=P len=0
PKT t=27104 RX ua=95 mt=R len=7
PKT t=27109 TX ua=95 mt=T len=7
PKT t=27121 TX ua=95 mt=T len=7
PKT t=27133 TX ua=95 mt=P len=0
PKT t=27142 RX ua=95 mt=R len=7
PKT t=27147 TX ua=95 mt=P len=0
PKT t=27167 RX ua=95 mt=R len=7
PKT t=27422 TX ua=96 mt=P len=0
PKT t=27680 TX ua=95 mt=P len=0
PKT t=27689 RX ua=95 mt=R len=7
PKT t=27694 TX ua=95 mt=T len=7
PKT t=27706 TX ua=95 mt=P len=0
PKT t=27715 RX ua=95 mt=R len=7
PKT t=27720 TX ua=95 mt=P len=0
PKT t=27729 RX ua=95 mt=R len=7
PKT t=27734 TX ua=95 mt=P len=0
PKT t=27743 RX ua=95 mt=R len=7
PKT t=27766 TX ua=95 mt=P len=0
PKT t=27790 RX ua=95 mt=R len=7
PKT t=27795 TX ua=95 mt=P len=0
PKT t=27804 RX ua=95 mt=R len=7
PKT t=27809 TX ua=95 mt=P len=0
PKT t=27818 RX ua=95 mt=R len=7
PKT t=27823 TX ua=95 mt=P len=0
PKT t=27832 RX ua=95 mt=R len=7
PKT t=27837 TX ua=95 mt=P len=0
PKT t=27846 RX ua=95 mt=R len=7
PKT t=27866 TX ua=95 mt=P len=0
PKT t=27890 RX ua=95 mt=R len=7
PKT t=27895 TX ua=95 mt=T len=7
PKT t=27907 TX ua=95 mt=P len=0
PKT t=27916 RX ua=95 mt=R len=7
PKT t=27921 TX ua=95 mt=P len=0
PKT t=27930 RX ua=95 mt=R len=7
PKT t=27935 TX ua=95 mt=P len=0
PKT t=27944 RX ua=95 mt=R len=7
PKT t=27966 TX ua=95 mt=P len=0
PKT t=27990 RX ua=95 mt=R len=7
PKT t=27995 TX ua=95 mt=P len=0
PKT t=28004 RX ua=95 mt=R len=7
PKT t=28009 TX ua=95 mt=P len=0
PKT t=28018 RX ua=95 mt=R len=7
PKT t=28023 TX ua=95 mt=P len=0
PKT t=28032 RX ua=95 mt=R len=7
PKT t=28037 TX ua=95 mt=P len=0
PKT t=28046 RX ua=95 mt=R len=7
PKT t=28066 TX ua=95 mt=P len=0
PKT t=28090 RX ua=95 mt=R len=7
PKT t=28095 TX ua=95 mt=P len=0
PKT t=28104 RX ua=95 mt=R len=7
PKT t=28109 TX ua=95 mt=T len=7
PKT t=28121 TX ua=95 mt=T len=7
PKT t=28133 TX ua=95 mt=P len=0
PKT t=28142 RX ua=95 mt=R len=7
PKT t=28147 TX ua=95 mt=P len=0
PKT t=28167 RX ua=95 mt=R len=7
PKT t=28422 TX ua=96 mt=P len=0
PKT t=28680 TX ua=95 mt=P len=0
PKT t=28689 RX ua=95 mt=R len=7
PKT t=28694 TX ua=95 mt=T len=7
PKT t=28706 TX ua=95 mt=P len=0
PKT t=28715 RX ua=95 mt=R len=7
PKT t=28720 TX ua=95 mt=P len=0
PKT t=28729 RX ua=95 mt=R len=7
PKT t=28734 TX ua=95 mt=P len=0
PKT t=28743 RX ua=95 mt=R len=7
PKT t=28766 TX ua=95 mt=P len=0
PKT t=28790 RX ua=95 mt=R len=7
PKT t=28795 TX ua=95 mt=P len=0
PKT t=28804 RX ua=95 mt=R len=7
PKT t=28809 TX ua=95 mt=P len=0
PKT t=28818 RX ua=95 mt=R len=7
PKT t=28823 TX ua=95 mt=P len=0
PKT t=28832 RX ua=95 mt=R len=7
PKT t=28837 TX ua=95 mt=P len=0
PKT t=28846 RX ua=95 mt=R len=7
PKT t=28866 TX ua=95 mt=P len=0
PKT t=28890 RX ua=95 mt=R len=7
PKT t=28895 TX ua=95 mt=T len=7
PKT t=28907 TX ua=95 mt=P len=0
PKT t=28916 RX ua=95 mt=R len=7
PKT t=28921 TX ua=95 mt=P len=0
PKT t=28930 RX ua=95 mt=R len=7
PKT t=28935 TX ua=95 mt=P len=0
PKT t=28945 RX ua=95 mt=R len=7
PKT t=28966 TX ua=95 mt=P len=0
PKT t=28990 RX ua=95 mt=R len=7
PKT t=28995 TX ua=95 mt=P len=0
PKT t=29004 RX ua=95 mt=R len=7
PKT t=29009 TX ua=95 mt=P len=0
PKT t=29018 RX ua=95 mt=R len=7
PKT t=29023 TX ua=95 mt=P len=0
PKT t=29032 RX ua=95 mt=R len=7
PKT t=29037 TX ua=95 mt=P len=0
PKT t=29046 RX ua=95 mt=R len=7
PKT t=29066 TX ua=95 mt=P len=0
PKT t=29090 RX ua=95 mt=R len=7
PKT t=29095 TX ua=95 mt=P len=0
PKT t=29104 RX ua=95 mt=R len=7
PKT t=29109 TX ua=95 mt=T len=7
PKT t=29122 TX ua=95 mt=T len=7
PKT t=29135 TX ua=95 mt=P len=0
PKT t=29144 RX ua=95 mt=R len=7
PKT t=29166 TX ua=95 mt=P len=0
PKT t=29190 RX ua=95 mt=R len=7
PKT t=29195 TX ua=95 mt=P len=0
PKT t=29204 RX ua=95 mt=R len=7
PKT t=29209 TX ua=95 mt=P len=0
PKT t=29218 RX ua=95 mt=R len=7
PKT t=29223 TX ua=95 mt=P len=0
PKT t=29232 RX ua=95 mt=R len=7
PKT t=29237 TX ua=95 mt=P len=0
PKT t=29246 RX ua=95 mt=R len=7
PKT t=29266 TX ua=95 mt=P len=0
PKT t=29290 RX ua=95 mt=R len=7
PKT t=29295 TX ua=95 mt=P len=0
PKT t=29304 RX ua=95 mt=R len=7
PKT t=29309 TX ua=95 mt=P len=0
PKT t=29318 RX ua=95 mt=R len=7
PKT t=29323 TX ua=95 mt=P len=0
PKT t=29332 RX ua=95 mt=R len=7
PKT t=29337 TX ua=95 mt=P len=0
PKT t=29346 RX ua=95 mt=R len=7
PKT t=29366 TX ua=95 mt=P len=0
PKT t=29390 RX ua=95 mt=R len=7
PKT t=29395 TX ua=95 mt=T len=7
PKT t=29408 TX ua=95 mt=P len=0
PKT t=29418 RX ua=95 mt=R len=7
PKT t=29423 TX ua=95 mt=P len=0
PKT t=29433 RX ua=95 mt=R len=7
PKT t=29438 TX ua=95 mt=P len=0
PKT t=29466 RX ua=95 mt=R len=7
PKT t=29471 TX ua=95 mt=P len=0
PKT t=29490 RX ua=95 mt=R len=7
PKT t=29495 TX ua=95 mt=P len=0
PKT t=29505 RX ua=95 mt=R len=7
PKT t=29510 TX ua=95 mt=P len=0
PKT t=29520 RX ua=95 mt=R len=7
PKT t=29525 TX ua=95 mt=P len=0
PKT t=29535 RX ua=95 mt=R len=7
PKT t=29540 TX ua=95 mt=P len=0
PKT t=29566 RX ua=95 mt=R len=7
PKT t=29571 TX ua=95 mt=P len=0
PKT t=29590 RX ua=95 mt=R len=7
PKT t=29595 TX ua=95 mt=P len=0
PKT t=29605 RX ua=95 mt=R len=7
PKT t=29610 TX ua=95 mt=P len=0
PKT t=29620 RX ua=95 mt=R len=7
PKT t=29625 TX ua=95 mt=T len=7
PKT t=29638 TX ua=95 mt=P len=0
PKT t=29666 RX ua=95 mt=R len=7
PKT t=29671 TX ua=95 mt=P len=0
PKT t=29690 RX ua=95 mt=R len=7
PKT t=29695 TX ua=95 mt=P len=0
PKT t=29704 RX ua=95 mt=R len=7
PKT t=29709 TX ua=95 mt=P len=0
PKT t=29718 RX ua=95 mt=R len=7
PKT t=29723 TX ua=95 mt=P len=0
PKT t=29732 RX ua=95 mt=R len=7
PKT t=29737 TX ua=95 mt=P len=0
PKT t=29746 RX ua=95 mt=R len=7
PKT t=29766 TX ua=95 mt=P len=0
PKT t=29790 RX ua=95 mt=R len=7
PKT t=29795 TX ua=95 mt=P len=0
PKT t=29804 RX ua=95 mt=R len=7
PKT t=29809 TX ua=95 mt=P len=0
PKT t=29818 RX ua=95 mt=R len=7
PKT t=29823 TX ua=95 mt=P len=0
PKT t=29832 RX ua=95 mt=R len=7
PKT t=29837 TX ua=95 mt=P len=0
PKT t=29846 RX ua=95 mt=R len=7
PKT t=29866 TX ua=95 mt=P len=0
PKT t=29890 RX ua=95 mt=R len=7
PKT t=29895 TX ua=95 mt=T len=7
PKT t=29908 TX ua=95 mt=P len=0
PKT t=29917 RX ua=95 mt=R len=7
PKT t=29922 TX ua=95 mt=P len=0
PKT t=29931 RX ua=95 mt=R len=7
PKT t=29936 TX ua=95 mt=P len=0
PKT t=29945 RX ua=95 mt=R len=7
PKT t=29966 TX ua=95 mt=P len=0
PKT t=29990 RX ua=95 mt=R len=7
PKT t=29995 TX ua=95 mt=P len=0
PKT t=30004 RX ua=95 mt=R len=7
PKT t=30009 TX ua=95 mt=P len=0
PKT t=30019 RX ua=95 mt=R len=7
PKT t=30024 TX ua=95 mt=P len=0
PKT t=30033 RX ua=95 mt=R len=7
PKT t=30038 TX ua=95 mt=P len=0
PKT t=30066 RX ua=95 mt=R len=7
PKT t=30071 TX ua=95 mt=P len=0
PKT t=30090 RX ua=95 mt=R len=7
PKT t=30095 TX ua=95 mt=P len=0
PKT t=30104 RX ua=95 mt=R len=7
PKT t=30109 TX ua=95 mt=T len=7
PKT t=30121 TX ua=95 mt=T len=7
PKT t=30133 TX ua=95 mt=P len=0
PKT t=30142 RX ua=95 mt=R len=7
PKT t=30147 TX ua=95 mt=P len=0
PKT t=30167 RX ua=95 mt=R len=7
PKT t=30422 TX ua=96 mt=P len=0
PKT t=30680 TX ua=95 mt=P len=0
PKT t=30689 RX ua=95 mt=R len=7
PKT t=30694 TX ua=95 mt=T len=7
PKT t=30706 TX ua=95 mt=P len=0
PKT t=30715 RX ua=95 mt=R len=7
PKT t=30720 TX ua=95 mt=P len=0
PKT t=30729 RX ua=95 mt=R len=7
PKT t=30734 TX ua=95 mt=P len=0
PKT t=30743 RX ua=95 mt=R len=7
PKT t=30766 TX ua=95 mt=P len=0
PKT t=30790 RX ua=95 mt=R len=7
PKT t=30795 TX ua=95 mt=P len=0
PKT t=30804 RX ua=95 mt=R len=7
PKT t=30809 TX ua=95 mt=P len=0
PKT t=30818 RX ua=95 mt=R len=7
PKT t=30823 TX ua=95 mt=P len=0
PKT t=30832 RX ua=95 mt=R len=7
PKT t=30837 TX ua=95 mt=P len=0
PKT t=30846 RX ua=95 mt=R len=7
PKT t=30866 TX ua=95 mt=P len=0
PKT t=30890 RX ua=95 mt=R len=7
PKT t=30895 TX ua=95 mt=T len=7
PKT t=30907 TX ua=95 mt=P len=0
PKT t=30916 RX ua=95 mt=R len=7
PKT t=30921 TX ua=95 mt=P len=0
PKT t=30930 RX ua=95 mt=R len=7
PKT t=30935 TX ua=95 mt=P len=0
PKT t=30944 RX ua=95 mt=R len=7
PKT t=30966 TX ua=95 mt=P len=0
PKT t=30990 RX ua=95 mt=R len=7
PKT t=30995 TX ua=95 mt=P len=0
PKT t=31004 RX ua=95 mt=R len=7
PKT t=31009 TX ua=95 mt=P len=0
PKT t=31018 RX ua=95 mt=R len=7
PKT t=31023 TX ua=95 mt=P len=0
PKT t=31032 RX ua=95 mt=R len=7
PKT t=31037 TX ua=95 mt=P len=0
PKT t=31046 RX ua=95 mt=R len=7
PKT t=31066 TX ua=95 mt=P len=0
PKT t=31090 RX ua=95 mt=R len=7
PKT t=31095 TX ua=95 mt=P len=0
PKT t=31104 RX ua=95 mt=R len=7
PKT t=31109 TX ua=95 mt=T len=7
PKT t=31121 TX ua=95 mt=T len=7
PKT t=31133 TX ua=95 mt=P len=0
PKT t=31142 RX ua=95 mt=R len=7
PKT t=31147 TX ua=95 mt=P len=0
PKT t=31167 RX ua=95 mt=R len=7
PKT t=31422 TX ua=96 mt=P len=0
PKT t=31680 TX ua=95 mt=P len=0
PKT t=31689 RX ua=95 mt=R len=7
PKT t=31694 TX ua=95 mt=T len=7
PKT t=31706 TX ua=95 mt=P len=0
PKT t=31715 RX ua=95 mt=R len=7
PKT t=31720 TX ua=95 mt=P len=0
PKT t=31729 RX ua=95 mt=R len=7
PKT t=31734 TX ua=95 mt=P len=0
PKT t=31743 RX ua=95 mt=R len=7
PKT t=31766 TX ua=95 mt=P len=0
PKT t=31790 RX ua=95 mt=R len=7
PKT t=31795 TX ua=95 mt=P len=0
PKT t=31804 RX ua=95 mt=R len=7
PKT t=31809 TX ua=95 mt=P len=0
PKT t=31818 RX ua=95 mt=R len=7
PKT t=31823 TX ua=95 mt=P len=0
PKT t=31832 RX ua=95 mt=R len=7
PKT t=31837 TX ua=95 mt=P len=0
PKT t=31846 RX ua=95 mt=R len=7
PKT t=31866 TX ua=95 mt=P len=0
PKT t=31890 RX ua=95 mt=R len=7
PKT t=31895 TX ua=95 mt=T len=7
PKT t=31907 TX ua=95 mt=P len=0
PKT t=31916 RX ua=95 mt=R len=7
PKT t=31921 TX ua=95 mt=P len=0
PKT t=31930 RX ua=95 mt=R len=7
PKT t=31935 TX ua=95 mt=P len=0
PKT t=31944 RX ua=95 mt=R len=7
PKT t=31966 TX ua=95 mt=P len=0
PKT t=31990 RX ua=95 mt=R len=7
PKT t=31995 TX ua=95 mt=P len=0
PKT t=32004 RX ua=95 mt=R len=7
PKT t=32009 TX ua=95 mt=P len=0
PKT t=32020 RX ua=95 mt=R len=7
PKT t=32025 TX ua=95 mt=P len=0
PKT t=32034 RX ua=95 mt=R len=7
PKT t=32039 TX ua=95 mt=P len=0
PKT t=32066 RX ua=95 mt=R len=7
PKT t=32071 TX ua=95 mt=P len=0
PKT t=32090 RX ua=95 mt=R len=7
PKT t=32095 TX ua=95 mt=P len=0
PKT t=32104 RX ua=95 mt=R len=7
PKT t=32109 TX ua=95 mt=T len=7
PKT t=32121 TX ua=95 mt=T len=7
PKT t=32133 TX ua=95 mt=P len=0
PKT t=32142 RX ua=95 mt=R len=7
PKT t=32147 TX ua=95 mt=P len=0
PKT t=32167 RX ua=95 mt=R len=7
PKT t=32422 TX ua=96 mt=P len=0
PKT t=32680 TX ua=95 mt=P len=0
PKT t=32689 RX ua=95 mt=R len=7
PKT t=32694 TX ua=95 mt=T len=7
PKT t=32706 TX ua=95 mt=P len=0
PKT t=32715 RX ua=95 mt=R len=7
PKT t=32720 TX ua=95 mt=P len=0
PKT t=32729 RX ua=95 mt=R len=7
PKT t=32734 TX ua=95 mt=P len=0
PKT t=32743 RX ua=95 mt=R len=7
PKT t=32766 TX ua=95 mt=P len=0
PKT t=32790 RX ua=95 mt=R len=7
PKT t=32795 TX ua=95 mt=P len=0
PKT t=32804 RX ua=95 mt=R len=7
PKT t=32809 TX ua=95 mt=P len=0
PKT t=32818 RX ua=95 mt=R len=7
PKT t=32823 TX ua=95 mt=P len=0
PKT t=32832 RX ua=95 mt=R len=7
PKT t=32837 TX ua=95 mt=P len=0
PKT t=32846 RX ua=95 mt=R len=7
PKT t=32866 TX ua=95 mt=P len=0
PKT t=32890 RX ua=95 mt=R len=7
PKT t=32895 TX ua=95 mt=T len=7
PKT t=32907 TX ua=95 mt=P len=0
PKT t=32916 RX ua=95 mt=R len=7
PKT t=32921 TX ua=95 mt=P len=0
PKT t=32930 RX ua=95 mt=R len=7
PKT t=32935 TX ua=95 mt=P len=0
PKT t=32944 RX ua=95 mt=R len=7
PKT t=32966 TX ua=95 mt=P len=0
PKT t=32990 RX ua=95 mt=R len=7
PKT t=32995 TX ua=95 mt=P len=0
PKT t=33004 RX ua=95 mt=R len=7
PKT t=33009 TX ua=95 mt=P len=0
PKT t=33018 RX ua=95 mt=R len=7
PKT t=33023 TX ua=95 mt=P len=0
PKT t=33032 RX ua=95 mt=R len=7
PKT t=33037 TX ua=95 mt=P len=0
PKT t=33046 RX ua=95 mt=R len=7
PKT t=33066 TX ua=95 mt=P len=0
PKT t=33090 RX ua=95 mt=R len=7
PKT t=33095 TX ua=95 mt=P len=0
PKT t=33104 RX ua=95 mt=R len=7
PKT t=33109 TX ua=95 mt=T len=7
PKT t=33121 TX ua=95 mt=T len=7
PKT t=33133 TX ua=95 mt=P len=0
PKT t=33142 RX ua=95 mt=R len=7
PKT t=33147 TX ua=95 mt=P len=0
PKT t=33167 RX ua=95 mt=R len=7
PKT t=33422 TX ua=96 mt=P len=0
PKT t=33680 TX ua=95 mt=P len=0
PKT t=33689 RX ua=95 mt=R len=7
PKT t=33694 TX ua=95 mt=T len=7
PKT t=33706 TX ua=95 mt=P len=0
PKT t=33715 RX ua=95 mt=R len=7
PKT t=33720 TX ua=95 mt=P len=0
PKT t=33729 RX ua=95 mt=R len=7
PKT t=33734 TX ua=95 mt=P len=0
PKT t=33743 RX ua=95 mt=R len=7
PKT t=33766 TX ua=95 mt=P len=0
PKT t=33790 RX ua=95 mt=R len=7
PKT t=33795 TX ua=95 mt=P len=0
PKT t=33804 RX ua=95 mt=R len=7
PKT t=33809 TX ua=95 mt=P len=0
PKT t=33818 RX ua=95 mt=R len=7
PKT t=33823 TX ua=95 mt=P len=0
PKT t=33832 RX ua=95 mt=R len=7
PKT t=33837 TX ua=95 mt=P len=0
PKT t=33846 RX ua=95 mt=R len=7
PKT t=33866 TX ua=95 mt=P len=0
PKT t=33890 RX ua=95 mt=R len=7
PKT t=33895 TX ua=95 mt=T len=7
PKT t=33907 TX ua=95 mt=P len=0
PKT t=33916 RX ua=95 mt=R len=7
PKT t=33921 TX ua=95 mt=P len=0
PKT t=33930 RX ua=95 mt=R len=7
PKT t=33935 TX ua=95 mt=P len=0
PKT t=33944 RX ua=95 mt=R len=7
PKT t=33966 TX ua=95 mt=P len=0
PKT t=33990 RX ua=95 mt=R len=7
PKT t=33995 TX ua=95 mt=P len=0
PKT t=34004 RX ua=95 mt=R len=7
PKT t=34009 TX ua=95 mt=P len=0
PKT t=34021 RX ua=95 mt=R len=7
PKT t=34026 TX ua=95 mt=P len=0
PKT t=34035 RX ua=95 mt=R len=7
PKT t=34040 TX ua=95 mt=P len=0
PKT t=34066 RX ua=95 mt=R len=7
PKT t=34071 TX ua=95 mt=P len=0
PKT t=34090 RX ua=95 mt=R len=7
PKT t=34095 TX ua=95 mt=P len=0
PKT t=34104 RX ua=95 mt=R len=7
PKT t=34109 TX ua=95 mt=T len=7
PKT t=34122 TX ua=95 mt=T len=7
PKT t=34135 TX ua=95 mt=P len=0
PKT t=34144 RX ua=95 mt=R len=7
PKT t=34166 TX ua=95 mt=T len=7
PKT t=34179 TX ua=95 mt=P len=0
PKT t=34192 RX ua=95 mt=R len=7
PKT t=34197 TX ua=95 mt=P len=0
PKT t=34206 RX ua=95 mt=R len=7
PKT t=34211 TX ua=95 mt=P len=0
PKT t=34220 RX ua=95 mt=R len=7
PKT t=34225 TX ua=95 mt=P len=0
PKT t=34234 RX ua=95 mt=R len=7
PKT t=34239 TX ua=95 mt=P len=0
PKT t=34266 RX ua=95 mt=R len=7
PKT t=34271 TX ua=95 mt=P len=0
PKT t=34290 RX ua=95 mt=R len=7
PKT t=34295 TX ua=95 mt=P len=0
PKT t=34304 RX ua=95 mt=R len=7
PKT t=34309 TX ua=95 mt=P len=0
PKT t=34318 RX ua=95 mt=R len=7
PKT t=34323 TX ua=95 mt=P len=0
PKT t=34332 RX ua=95 mt=R len=7
PKT t=34337 TX ua=95 mt=P len=0
PKT t=34346 RX ua=95 mt=R len=7
PKT t=34366 TX ua=95 mt=P len=0
PKT t=34390 RX ua=95 mt=R len=7
PKT t=34395 TX ua=95 mt=T len=7
PKT t=34408 TX ua=95 mt=P len=0
PKT t=34417 RX ua=95 mt=R len=7
PKT t=34422 TX ua=95 mt=P len=0
PKT t=34431 RX ua=95 mt=R len=7
PKT t=34436 TX ua=95 mt=P len=0
PKT t=34445 RX ua=95 mt=R len=7
PKT t=34466 TX ua=95 mt=P len=0
PKT t=34490 RX ua=95 mt=R len=7
PKT t=34495 TX ua=95 mt=P len=0
PKT t=34504 RX ua=95 mt=R len=7
PKT t=34509 TX ua=95 mt=P len=0
PKT t=34518 RX ua=95 mt=R len=7
PKT t=34523 TX ua=95 mt=P len=0
PKT t=34532 RX ua=95 mt=R len=7
PKT t=34537 TX ua=95 mt=P len=0
PKT t=34546 RX ua=95 mt=R len=7
PKT t=34566 TX ua=95 mt=P len=0
PKT t=34590 RX ua=95 mt=R len=7
PKT t=34595 TX ua=95 mt=P len=0
PKT t=34604 RX ua=95 mt=R len=7
PKT t=34609 TX ua=95 mt=P len=0
PKT t=34618 RX ua=95 mt=R len=7
PKT t=34623 TX ua=95 mt=T len=7
PKT t=34636 TX ua=95 mt=P len=0
PKT t=34645 RX ua=95 mt=R len=7
PKT t=34666 TX ua=95 mt=P len=0
PKT t=34690 RX ua=95 mt=R len=7
PKT t=34695 TX ua=95 mt=P len=0
PKT t=34704 RX ua=95 mt=R len=7
PKT t=34709 TX ua=95 mt=P len=0
PKT t=34718 RX ua=95 mt=R len=7
PKT t=34723 TX ua=95 mt=P len=0
PKT t=34732 RX ua=95 mt=R len=7
PKT t=34737 TX ua=95 mt=P len=0
PKT t=34746 RX ua=95 mt=R len=7
PKT t=34766 TX ua=95 mt=P len=0
PKT t=34790 RX ua=95 mt=R len=7
PKT t=34795 TX ua=95 mt=P len=0
PKT t=34804 RX ua=95 mt=R len=7
PKT t=34809 TX ua=95 mt=P len=0
PKT t=34818 RX ua=95 mt=R len=7
PKT t=34823 TX ua=95 mt=P len=0
PKT t=34832 RX ua=95 mt=R len=7
PKT t=34837 TX ua=95 mt=P len=0
PKT t=34846 RX ua=95 mt=R len=7
PKT t=34866 TX ua=95 mt=P len=0
PKT t=34891 RX ua=95 mt=R len=7
PKT t=34896 TX ua=95 mt=T len=7
PKT t=34909 TX ua=95 mt=P len=0
PKT t=34918 RX ua=95 mt=R len=7
PKT t=34923 TX ua=95 mt=P len=0
PKT t=34932 RX ua=95 mt=R len=7
PKT t=34937 TX ua=95 mt=P len=0
PKT t=34946 RX ua=95 mt=R len=7
PKT t=34966 TX ua=95 mt=P len=0
PKT t=34990 RX ua=95 mt=R len=7
PKT t=34995 TX ua=95 mt=P len=0
PKT t=35004 RX ua=95 mt=R len=7
PKT t=35009 TX ua=95 mt=P len=0
PKT t=35018 RX ua=95 mt=R len=7
PKT t=35023 TX ua=95 mt=P len=0
PKT t=35032 RX ua=95 mt=R len=7
PKT t=35037 TX ua=95 mt=P len=0
PKT t=35046 RX ua=95 mt=R len=7
PKT t=35066 TX ua=95 mt=P len=0
PKT t=35090 RX ua=95 mt=R len=7
PKT t=35095 TX ua=95 mt=P len=0
PKT t=35104 RX ua=95 mt=R len=7
PKT t=35109 TX ua=95 mt=T len=7
PKT t=35121 TX ua=95 mt=T len=7
PKT t=35133 TX ua=95 mt=P len=0
PKT t=35142 RX ua=95 mt=R len=7
PKT t=35147 TX ua=95 mt=P len=0
PKT t=35167 RX ua=95 mt=R len=7
PKT t=35422 TX ua=96 mt=P len=0
PKT t=35680 TX ua=95 mt=P len=0
PKT t=35689 RX ua=95 mt=R len=7
PKT t=35694 TX ua=95 mt=T len=7
PKT t=35706 TX ua=95 mt=P len=0
PKT t=35715 RX ua=95 mt=R len=7
PKT t=35720 TX ua=95 mt=P len=0
PKT t=35729 RX ua=95 mt=R len=7
PKT t=35734 TX ua=95 mt=P len=0
PKT t=35743 RX ua=95 mt=R len=7
PKT t=35766 TX ua=95 mt=P len=0
PKT t=35791 RX ua=95 mt=R len=7
PKT t=35796 TX ua=95 mt=P len=0
PKT t=35805 RX ua=95 mt=R len=7
PKT t=35810 TX ua=95 mt=P len=0
PKT t=35819 RX ua=95 mt=R len=7
PKT t=35824 TX ua=95 mt=P len=0
PKT t=35833 RX ua=95 mt=R len=7
PKT t=35838 TX ua=95 mt=P len=0
PKT t=35866 RX ua=95 mt=R len=7
PKT t=35871 TX ua=95 mt=T len=7
PKT t=35883 TX ua=95 mt=P len=0
PKT t=35892 RX ua=95 mt=R len=7
PKT t=35897 TX ua=95 mt=P len=0
PKT t=35906 RX ua=95 mt=R len=7
PKT t=35911 TX ua=95 mt=P len=0
PKT t=35920 RX ua=95 mt=R len=7
PKT t=35925 TX ua=95 mt=P len=0
PKT t=35934 RX ua=95 mt=R len=7
PKT t=35939 TX ua=95 mt=P len=0
PKT t=35966 RX ua=95 mt=R len=7
PKT t=35971 TX ua=95 mt=P len=0
PKT t=35990 RX ua=95 mt=R len=7
PKT t=35995 TX ua=95 mt=P len=0
PKT t=36005 RX ua=95 mt=R len=7
PKT t=36010 TX ua=95 mt=P len=0
PKT t=36022 RX ua=95 mt=R len=7
PKT t=36027 TX ua=95 mt=P len=0
PKT t=36036 RX ua=95 mt=R len=7
PKT t=36041 TX ua=95 mt=P len=0
PKT t=36066 RX ua=95 mt=R len=7
PKT t=36071 TX ua=95 mt=P len=0
PKT t=36090 RX ua=95 mt=R len=7
PKT t=36095 TX ua=95 mt=P len=0
PKT t=36104 RX ua=95 mt=R len=7
PKT t=36109 TX ua=95 mt=T len=7
PKT t=36121 TX ua=95 mt=T len=7
PKT t=36133 TX ua=95 mt=P len=0
PKT t=36142 RX ua=95 mt=R len=7
PKT t=36147 TX ua=95 mt=P len=0
PKT t=36167 RX ua=95 mt=R len=7
PKT t=36422 TX ua=96 mt=P len=0
PKT t=36680 TX ua=95 mt=P len=0
PKT t=36689 RX ua=95 mt=R len=7
PKT t=36694 TX ua=95 mt=T len=7
PKT t=36706 TX ua=95 mt=P len=0
PKT t=36715 RX ua=95 mt=R len=7
PKT t=36720 TX ua=95 mt=P len=0
PKT t=36729 RX ua=95 mt=R len=7
PKT t=36734 TX ua=95 mt=P len=0
PKT t=36743 RX ua=95 mt=R len=7
PKT t=36766 TX ua=95 mt=P len=0
PKT t=36790 RX ua=95 mt=R len=7
PKT t=36795 TX ua=95 mt=P len=0
PKT t=36804 RX ua=95 mt=R len=7
PKT t=36809 TX ua=95 mt=P len=0
PKT t=36818 RX ua=95 mt=R len=7
PKT t=36823 TX ua=95 mt=P len=0
PKT t=36832 RX ua=95 mt=R len=7
PKT t=36837 TX ua=95 mt=P len=0
PKT t=36846 RX ua=95 mt=R len=7
PKT t=36866 TX ua=95 mt=P len=0
PKT t=36890 RX ua=95 mt=R len=7
PKT t=36895 TX ua=95 mt=T len=7
PKT t=36907 TX ua=95 mt=P len=0
PKT t=36916 RX ua=95 mt=R len=7
PKT t=36921 TX ua=95 mt=P len=0
PKT t=36930 RX ua=95 mt=R len=7
PKT t=36935 TX ua=95 mt=P len=0
PKT t=36944 RX ua=95 mt=R len=7
PKT t=36966 TX ua=95 mt=P len=0
PKT t=36990 RX ua=95 mt=R len=7
PKT t=36995 TX ua=95 mt=P len=0
PKT t=37004 RX ua=95 mt=R len=7
PKT t=37009 TX ua=95 mt=P len=0
PKT t=37018 RX ua=95 mt=R len=7
PKT t=37023 TX ua=95 mt=P len=0
PKT t=37032 RX ua=95 mt=R len=7
PKT t=37037 TX ua=95 mt=P len=0
PKT t=37046 RX ua=95 mt=R len=7
PKT t=37066 TX ua=95 mt=P len=0
PKT t=37090 RX ua=95 mt=R len=7
PKT t=37095 TX ua=95 mt=P len=0
PKT t=37104 RX ua=95 mt=R len=7
PKT t=37109 TX ua=95 mt=T len=7
PKT t=37122 TX ua=95 mt=T len=7
PKT t=37135 TX ua=95 mt=P len=0
PKT t=37144 RX ua=95 mt=R len=7
PKT t=37166 TX ua=95 mt=P len=0
PKT t=37190 RX ua=95 mt=R len=7
PKT t=37195 TX ua=95 mt=P len=0
PKT t=37204 RX ua=95 mt=R len=7
PKT t=37209 TX ua=95 mt=P len=0
PKT t=37218 RX ua=95 mt=R len=7
PKT t=37223 TX ua=95 mt=P len=0
PKT t=37232 RX ua=95 mt=R len=7
PKT t=37237 TX ua=95 mt=P len=0
PKT t=37246 RX ua=95 mt=R len=7
PKT t=37266 TX ua=95 mt=P len=0
PKT t=37290 RX ua=95 mt=R len=7
PKT t=37295 TX ua=95 mt=P len=0
PKT t=37304 RX ua=95 mt=R len=7
PKT t=37309 TX ua=95 mt=P len=0
