PKT t=7122 RX ua=95 mt=R len=7
PKT t=7127 TX ua=95 mt=T len=7
PKT t=7139 TX ua=95 mt=P len=0
PKT t=7148 RX ua=95 mt=R len=7
PKT t=7153 TX ua=95 mt=P len=0
PKT t=7183 RX ua=95 mt=R len=7
PKT t=7187 TX ua=95 mt=P len=0
PKT t=7196 RX ua=95 mt=R len=7
PKT t=7201 TX ua=95 mt=P len=0
PKT t=7210 RX ua=95 mt=R len=7
PKT t=7215 TX ua=95 mt=P len=0
PKT t=7224 RX ua=95 mt=R len=7
PKT t=7229 TX ua=95 mt=P len=0
PKT t=7238 RX ua=95 mt=R len=7
PKT t=7243 TX ua=95 mt=P len=0
PKT t=7271 RX ua=95 mt=R len=7
PKT t=7276 TX ua=95 mt=P len=0
PKT t=7286 RX ua=95 mt=R len=7
PKT t=7291 TX ua=95 mt=P len=0
PKT t=7300 RX ua=95 mt=R len=7
PKT t=7305 TX ua=95 mt=P len=0
PKT t=7314 RX ua=95 mt=R len=7
PKT t=7319 TX ua=95 mt=P len=0
PKT t=7328 RX ua=95 mt=R len=7
PKT t=7333 TX ua=95 mt=P len=0
PKT t=7342 RX ua=95 mt=R len=7
PKT t=7347 TX ua=95 mt=P len=0
PKT t=7356 RX ua=95 mt=R len=7
PKT t=7361 TX ua=95 mt=P len=0
PKT t=7390 RX ua=95 mt=R len=7
PKT t=7395 TX ua=95 mt=T len=7
PKT t=7407 TX ua=95 mt=P len=0
PKT t=7417 RX ua=95 mt=R len=7
PKT t=7422 TX ua=95 mt=P len=0
PKT t=7432 RX ua=95 mt=R len=7
PKT t=7437 TX ua=95 mt=P len=0
PKT t=7471 RX ua=95 mt=R len=7
PKT t=7476 TX ua=95 mt=P len=0
PKT t=7490 RX ua=95 mt=R len=7
PKT t=7495 TX ua=95 mt=P len=0
PKT t=7505 RX ua=95 mt=R len=7
PKT t=7510 TX ua=95 mt=P len=0
PKT t=7520 RX ua=95 mt=R len=7
PKT t=7525 TX ua=95 mt=P len=0
PKT t=7535 RX ua=95 mt=R len=7
PKT t=7540 TX ua=95 mt=P len=0
PKT t=7550 RX ua=95 mt=R len=7
PKT t=7555 TX ua=95 mt=P len=0
PKT t=7565 RX ua=95 mt=R len=7
PKT t=7570 TX ua=95 mt=P len=0
PKT t=7599 RX ua=95 mt=R len=7
PKT t=7604 TX ua=95 mt=P len=0
PKT t=7614 RX ua=95 mt=R len=7
PKT t=7619 TX ua=95 mt=P len=0
PKT t=7629 RX ua=95 mt=R len=7
PKT t=7634 TX ua=95 mt=T len=7
PKT t=7646 TX ua=95 mt=P len=0
PKT t=7671 RX ua=95 mt=R len=7
PKT t=7926 TX ua=96 mt=P len=0
PKT t=8184 TX ua=95 mt=P len=0
PKT t=8193 RX ua=95 mt=R len=7
PKT t=8198 TX ua=95 mt=T len=7
PKT t=8210 TX ua=95 mt=P len=0
PKT t=8219 RX ua=95 mt=R len=7
PKT t=8224 TX ua=95 mt=P len=0
PKT t=8233 RX ua=95 mt=R len=7
PKT t=8238 TX ua=95 mt=P len=0
PKT t=8271 RX ua=95 mt=R len=7
PKT t=8276 TX ua=95 mt=P len=0
PKT t=8298 RX ua=95 mt=R len=7
PKT t=8303 TX ua=95 mt=P len=0
PKT t=8312 RX ua=95 mt=R len=7
PKT t=8317 TX ua=95 mt=P len=0
PKT t=8326 RX ua=95 mt=R len=7
PKT t=8331 TX ua=95 mt=P len=0
PKT t=8341 RX ua=95 mt=R len=7
PKT t=8346 TX ua=95 mt=P len=0
PKT t=8355 RX ua=95 mt=R len=7
PKT t=8360 TX ua=95 mt=P len=0
PKT t=8369 RX ua=95 mt=R len=7
PKT t=8374 TX ua=95 mt=T len=7
PKT t=8386 TX ua=95 mt=P len=0
PKT t=8405 RX ua=95 mt=R len=7
PKT t=8410 TX ua=95 mt=P len=0
PKT t=8419 RX ua=95 mt=R len=7
PKT t=8424 TX ua=95 mt=P len=0
PKT t=8433 RX ua=95 mt=R len=7
PKT t=8438 TX ua=95 mt=P len=0
PKT t=8471 RX ua=95 mt=R len=7
PKT t=8476 TX ua=95 mt=P len=0
PKT t=8503 RX ua=95 mt=R len=7
PKT t=8508 TX ua=95 mt=P len=0
PKT t=8517 RX ua=95 mt=R len=7
PKT t=8522 TX ua=95 mt=P len=0
PKT t=8531 RX ua=95 mt=R len=7
PKT t=8536 TX ua=95 mt=P len=0
PKT t=8545 RX ua=95 mt=R len=7
PKT t=8550 TX ua=95 mt=P len=0
PKT t=8559 RX ua=95 mt=R len=7
PKT t=8564 TX ua=95 mt=P len=0
PKT t=8573 RX ua=95 mt=R len=7
PKT t=8578 TX ua=95 mt=P len=0
PKT t=8607 RX ua=95 mt=R len=7
PKT t=8612 TX ua=95 mt=P len=0
PKT t=8621 RX ua=95 mt=R len=7
PKT t=8626 TX ua=95 mt=T len=7
PKT t=8638 TX ua=95 mt=P len=0
PKT t=8671 RX ua=95 mt=R len=7
PKT t=8676 TX ua=95 mt=P len=0
PKT t=8707 RX ua=95 mt=R len=7
PKT t=8712 TX ua=95 mt=P len=0
PKT t=8721 RX ua=95 mt=R len=7
PKT t=8726 TX ua=95 mt=P len=0
PKT t=8735 RX ua=95 mt=R len=7
PKT t=8740 TX ua=95 mt=P len=0
PKT t=8749 RX ua=95 mt=R len=7
PKT t=8754 TX ua=95 mt=P len=0
PKT t=8763 RX ua=95 mt=R len=7
PKT t=8768 TX ua=95 mt=P len=0
PKT t=8777 RX ua=95 mt=R len=7
PKT t=8782 TX ua=95 mt=P len=0
PKT t=8811 RX ua=95 mt=R len=7
PKT t=8816 TX ua=95 mt=P len=0
PKT t=8825 RX ua=95 mt=R len=7
PKT t=8830 TX ua=95 mt=P len=0
PKT t=8839 RX ua=95 mt=R len=7
PKT t=8844 TX ua=95 mt=P len=0
PKT t=8871 RX ua=95 mt=R len=7
PKT t=8876 TX ua=95 mt=T len=7
PKT t=8888 TX ua=95 mt=P len=0
PKT t=8916 RX ua=95 mt=R len=7
PKT t=8921 TX ua=95 mt=P len=0
PKT t=8930 RX ua=95 mt=R len=7
PKT t=8935 TX ua=95 mt=P len=0
PKT t=8944 RX ua=95 mt=R len=7
PKT t=8949 TX ua=95 mt=P len=0
PKT t=8958 RX ua=95 mt=R len=7
PKT t=8963 TX ua=95 mt=P len=0
PKT t=8972 RX ua=95 mt=R len=7
PKT t=8977 TX ua=95 mt=P len=0
PKT t=8986 RX ua=95 mt=R len=7
PKT t=8991 TX ua=95 mt=P len=0
PKT t=9020 RX ua=95 mt=R len=7
PKT t=9025 TX ua=95 mt=P len=0
PKT t=9034 RX ua=95 mt=R len=7
PKT t=9039 TX ua=95 mt=P len=0
PKT t=9071 RX ua=95 mt=R len=7
PKT t=9076 TX ua=95 mt=P len=0
PKT t=9085 RX ua=95 mt=R len=7
PKT t=9090 TX ua=95 mt=P len=0
PKT t=9120 RX ua=95 mt=R len=7
PKT t=9125 TX ua=95 mt=T len=7
PKT t=9137 TX ua=95 mt=P len=0
PKT t=9146 RX ua=95 mt=R len=7
PKT t=9151 TX ua=95 mt=P len=0
PKT t=9160 RX ua=95 mt=R len=7
PKT t=9165 TX ua=95 mt=P len=0
PKT t=9174 RX ua=95 mt=R len=7
PKT t=9179 TX ua=95 mt=P len=0
PKT t=9188 RX ua=95 mt=R len=7
PKT t=9193 TX ua=95 mt=P len=0
PKT t=9222 RX ua=95 mt=R len=7
PKT t=9227 TX ua=95 mt=P len=0
PKT t=9236 RX ua=95 mt=R len=7
PKT t=9241 TX ua=95 mt=P len=0
PKT t=9271 RX ua=95 mt=R len=7
PKT t=9276 TX ua=95 mt=P len=0
PKT t=9285 RX ua=95 mt=R len=7
PKT t=9290 TX ua=95 mt=P len=0
PKT t=9322 RX ua=95 mt=R len=7
PKT t=9327 TX ua=95 mt=P len=0
PKT t=9336 RX ua=95 mt=R len=7
PKT t=9341 TX ua=95 mt=P len=0
PKT t=9350 RX ua=95 mt=R len=7
PKT t=9355 TX ua=95 mt=P len=0
PKT t=9365 RX ua=95 mt=R len=7
PKT t=9370 TX ua=95 mt=P len=0
PKT t=9379 RX ua=95 mt=R len=7
PKT t=9384 TX ua=95 mt=T len=7
PKT t=9396 TX ua=95 mt=P len=0
PKT t=9424 RX ua=95 mt=R len=7
PKT t=9429 TX ua=95 mt=P len=0
PKT t=9439 RX ua=95 mt=R len=7
PKT t=9444 TX ua=95 mt=P len=0
PKT t=9471 RX ua=95 mt=R len=7
PKT t=9476 TX ua=95 mt=P len=0
PKT t=9486 RX ua=95 mt=R len=7
PKT t=9491 TX ua=95 mt=P len=0
PKT t=9524 RX ua=95 mt=R len=7
PKT t=9529 TX ua=95 mt=P len=0
PKT t=9539 RX ua=95 mt=R len=7
PKT t=9544 TX ua=95 mt=P len=0
PKT t=9554 RX ua=95 mt=R len=7
PKT t=9559 TX ua=95 mt=P len=0
PKT t=9569 RX ua=95 mt=R len=7
PKT t=9574 TX ua=95 mt=P len=0
PKT t=9584 RX ua=95 mt=R len=7
PKT t=9589 TX ua=95 mt=P len=0
PKT t=9599 RX ua=95 mt=R len=7
PKT t=9604 TX ua=95 mt=P len=0
PKT t=9633 RX ua=95 mt=R len=7
PKT t=9638 TX ua=95 mt=T len=7
PKT t=9671 TX ua=95 mt=P len=0
PKT t=9681 RX ua=95 mt=R len=7
PKT t=9686 TX ua=95 mt=P len=0
PKT t=9695 RX ua=95 mt=R len=7
PKT t=9700 TX ua=95 mt=P len=0
PKT t=9732 RX ua=95 mt=R len=7
PKT t=9737 TX ua=95 mt=P len=0
PKT t=9746 RX ua=95 mt=R len=7
PKT t=9751 TX ua=95 mt=P len=0
PKT t=9760 RX ua=95 mt=R len=7
PKT t=9765 TX ua=95 mt=P len=0
PKT t=9774 RX ua=95 mt=R len=7
PKT t=9779 TX ua=95 mt=P len=0
PKT t=9788 RX ua=95 mt=R len=7
PKT t=9793 TX ua=95 mt=P len=0
PKT t=9802 RX ua=95 mt=R len=7
PKT t=9807 TX ua=95 mt=P len=0
PKT t=9836 RX ua=95 mt=R len=7
PKT t=9841 TX ua=95 mt=P len=0
PKT t=9871 RX ua=95 mt=R len=7
PKT t=9876 TX ua=95 mt=T len=7
PKT t=9888 TX ua=95 mt=P len=0
PKT t=9897 RX ua=95 mt=R len=7
PKT t=9902 TX ua=95 mt=P len=0
PKT t=9911 RX ua=95 mt=R len=7
PKT t=9916 TX ua=95 mt=P len=0
PKT t=9945 RX ua=95 mt=R len=7
PKT t=9950 TX ua=95 mt=P len=0
PKT t=9959 RX ua=95 mt=R len=7
PKT t=9964 TX ua=95 mt=P len=0
PKT t=9973 RX ua=95 mt=R len=7
PKT t=9978 TX ua=95 mt=P len=0
PKT t=9988 RX ua=95 mt=R len=7
PKT t=9992 TX ua=95 mt=P len=0
PKT t=10001 RX ua=95 mt=R len=7
PKT t=10009 TX ua=95 mt=P len=0
PKT t=10019 RX ua=95 mt=R len=7
PKT t=10024 TX ua=95 mt=P len=0
PKT t=10071 RX ua=95 mt=R len=7
PKT t=10076 TX ua=95 mt=P len=0
PKT t=10085 RX ua=95 mt=R len=7
PKT t=10090 TX ua=95 mt=P len=0
PKT t=10099 RX ua=95 mt=R len=7
PKT t=10104 TX ua=95 mt=P len=0
PKT t=10113 RX ua=95 mt=R len=7
PKT t=10118 TX ua=95 mt=T len=7
PKT t=10131 TX ua=95 mt=P len=0
PKT t=10158 RX ua=95 mt=R len=7
PKT t=10163 TX ua=95 mt=T len=7
PKT t=10176 TX ua=95 mt=P len=0
PKT t=10185 RX ua=95 mt=R len=7
PKT t=10190 TX ua=95 mt=P len=0
PKT t=10199 RX ua=95 mt=R len=7
PKT t=10204 TX ua=95 mt=P len=0
PKT t=10213 RX ua=95 mt=R len=7
PKT t=10218 TX ua=95 mt=P len=0
PKT t=10227 RX ua=95 mt=R len=7
PKT t=10232 TX ua=95 mt=P len=0
PKT t=10271 RX ua=95 mt=R len=7
PKT t=10276 TX ua=95 mt=P len=0
PKT t=10285 RX ua=95 mt=R len=7
PKT t=10290 TX ua=95 mt=P len=0
PKT t=10299 RX ua=95 mt=R len=7
PKT t=10304 TX ua=95 mt=P len=0
PKT t=10313 RX ua=95 mt=R len=7
PKT t=10318 TX ua=95 mt=P len=0
PKT t=10327 RX ua=95 mt=R len=7
PKT t=10332 TX ua=95 mt=P len=0
PKT t=10361 RX ua=95 mt=R len=7
PKT t=10366 TX ua=95 mt=P len=0
PKT t=10375 RX ua=95 mt=R len=7
PKT t=10380 TX ua=95 mt=T len=7
PKT t=10393 TX ua=95 mt=P len=0
PKT t=10402 RX ua=95 mt=R len=7
PKT t=10407 TX ua=95 mt=P len=0
PKT t=10416 RX ua=95 mt=R len=7
PKT t=10421 TX ua=95 mt=P len=0
PKT t=10430 RX ua=95 mt=R len=7
PKT t=10435 TX ua=95 mt=P len=0
PKT t=10471 RX ua=95 mt=R len=7
PKT t=10476 TX ua=95 mt=P len=0
PKT t=10485 RX ua=95 mt=R len=7
PKT t=10490 TX ua=95 mt=P len=0
PKT t=10499 RX ua=95 mt=R len=7
PKT t=10504 TX ua=95 mt=P len=0
PKT t=10513 RX ua=95 mt=R len=7
PKT t=10518 TX ua=95 mt=P len=0
PKT t=10527 RX ua=95 mt=R len=7
PKT t=10532 TX ua=95 mt=P len=0
PKT t=10564 RX ua=95 mt=R len=7
PKT t=10569 TX ua=95 mt=P len=0
PKT t=10578 RX ua=95 mt=R len=7
PKT t=10583 TX ua=95 mt=P len=0
PKT t=10592 RX ua=95 mt=R len=7
PKT t=10597 TX ua=95 mt=P len=0
PKT t=10606 RX ua=95 mt=R len=7
PKT t=10611 TX ua=95 mt=P len=0
PKT t=10620 RX ua=95 mt=R len=7
PKT t=10625 TX ua=95 mt=T len=7
PKT t=10638 TX ua=95 mt=P len=0
PKT t=10671 RX ua=95 mt=R len=7
PKT t=10676 TX ua=95 mt=P len=0
PKT t=10685 RX ua=95 mt=R len=7
PKT t=10690 TX ua=95 mt=P len=0
PKT t=10699 RX ua=95 mt=R len=7
PKT t=10704 TX ua=95 mt=P len=0
PKT t=10713 RX ua=95 mt=R len=7
PKT t=10718 TX ua=95 mt=P len=0
PKT t=10727 RX ua=95 mt=R len=7
PKT t=10732 TX ua=95 mt=P len=0
PKT t=10765 RX ua=95 mt=R len=7
PKT t=10770 TX ua=95 mt=P len=0
PKT t=10780 RX ua=95 mt=R len=7
PKT t=10785 TX ua=95 mt=P len=0
PKT t=10795 RX ua=95 mt=R len=7
PKT t=10800 TX ua=95 mt=P len=0
PKT t=10809 RX ua=95 mt=R len=7
PKT t=10814 TX ua=95 mt=P len=0
PKT t=10823 RX ua=95 mt=R len=7
PKT t=10828 TX ua=95 mt=P len=0
PKT t=10837 RX ua=95 mt=R len=7
PKT t=10842 TX ua=95 mt=P len=0
PKT t=10871 RX ua=95 mt=R len=7
PKT t=10876 TX ua=95 mt=T len=7
PKT t=10889 TX ua=95 mt=P len=0
PKT t=10898 RX ua=95 mt=R len=7
PKT t=10903 TX ua=95 mt=P len=0
PKT t=10912 RX ua=95 mt=R len=7
PKT t=10917 TX ua=95 mt=P len=0
PKT t=10926 RX ua=95 mt=R len=7
PKT t=10931 TX ua=95 mt=P len=0
PKT t=10940 RX ua=95 mt=R len=7
PKT t=10945 TX ua=95 mt=P len=0
PKT t=10974 RX ua=95 mt=R len=7
PKT t=10979 TX ua=95 mt=P len=0
PKT t=10988 RX ua=95 mt=R len=7
PKT t=10993 TX ua=95 mt=P len=0
PKT t=11002 RX ua=95 mt=R len=7
PKT t=11007 TX ua=95 mt=P len=0
PKT t=11016 RX ua=95 mt=R len=7
PKT t=11021 TX ua=95 mt=P len=0
PKT t=11030 RX ua=95 mt=R len=7
PKT t=11035 TX ua=95 mt=P len=0
PKT t=11044 RX ua=95 mt=R len=7
PKT t=11071 TX ua=95 mt=P len=0
PKT t=11080 RX ua=95 mt=R len=7
PKT t=11085 TX ua=95 mt=P len=0
PKT t=11094 RX ua=95 mt=R len=7
PKT t=11099 TX ua=95 mt=P len=0
PKT t=11108 RX ua=95 mt=R len=7
PKT t=11113 TX ua=95 mt=P len=0
PKT t=11122 RX ua=95 mt=R len=7
PKT t=11127 TX ua=95 mt=T len=7
PKT t=11139 TX ua=95 mt=P len=0
PKT t=11148 RX ua=95 mt=R len=7
PKT t=11153 TX ua=95 mt=P len=0
PKT t=11182 RX ua=95 mt=R len=7
PKT t=11187 TX ua=95 mt=P len=0
PKT t=11196 RX ua=95 mt=R len=7
PKT t=11201 TX ua=95 mt=P len=0
PKT t=11210 RX ua=95 mt=R len=7
PKT t=11215 TX ua=95 mt=P len=0
PKT t=11224 RX ua=95 mt=R len=7
PKT t=11229 TX ua=95 mt=P len=0
PKT t=11238 RX ua=95 mt=R len=7
PKT t=11243 TX ua=95 mt=P len=0
PKT t=11271 RX ua=95 mt=R len=7
PKT t=11276 TX ua=95 mt=P len=0
PKT t=11286 RX ua=95 mt=R len=7
PKT t=11291 TX ua=95 mt=P len=0
PKT t=11300 RX ua=95 mt=R len=7
PKT t=11305 TX ua=95 mt=P len=0
PKT t=11314 RX ua=95 mt=R len=7
PKT t=11319 TX ua=95 mt=P len=0
PKT t=11328 RX ua=95 mt=R len=7
PKT t=11333 TX ua=95 mt=P len=0
PKT t=11342 RX ua=95 mt=R len=7
PKT t=11347 TX ua=95 mt=P len=0
PKT t=11356 RX ua=95 mt=R len=7
PKT t=11361 TX ua=95 mt=P len=0
PKT t=11390 RX ua=95 mt=R len=7
PKT t=11395 TX ua=95 mt=T len=7
PKT t=11407 TX ua=95 mt=P len=0
PKT t=11417 RX ua=95 mt=R len=7
PKT t=11422 TX ua=95 mt=P len=0
PKT t=11432 RX ua=95 mt=R len=7
PKT t=11437 TX ua=95 mt=P len=0
PKT t=11471 RX ua=95 mt=R len=7
PKT t=11476 TX ua=95 mt=P len=0
PKT t=11490 RX ua=95 mt=R len=7
PKT t=11495 TX ua=95 mt=P len=0
PKT t=11505 RX ua=95 mt=R len=7
PKT t=11510 TX ua=95 mt=P len=0
PKT t=11520 RX ua=95 mt=R len=7
PKT t=11525 TX ua=95 mt=P len=0
PKT t=11535 RX ua=95 mt=R len=7
PKT t=11540 TX ua=95 mt=P len=0
PKT t=11550 RX ua=95 mt=R len=7
PKT t=11555 TX ua=95 mt=P len=0
PKT t=11565 RX ua=95 mt=R len=7
PKT t=11570 TX ua=95 mt=P len=0
PKT t=11599 RX ua=95 mt=R len=7
PKT t=11604 TX ua=95 mt=P len=0
PKT t=11614 RX ua=95 mt=R len=7
PKT t=11619 TX ua=95 mt=P len=0
PKT t=11629 RX ua=95 mt=R len=7
PKT t=11634 TX ua=95 mt=T len=7
PKT t=11646 TX ua=95 mt=P len=0
PKT t=11671 RX ua=95 mt=R len=7
PKT t=11926 TX ua=96 mt=I len=13
PKT t=12434 TX ua=96 mt=T len=4
PKT t=12445 TX ua=95 mt=P len=0
PKT t=12471 RX ua=95 mt=R len=7
PKT t=12726 TX ua=96 mt=P len=0
PKT t=12984 TX ua=95 mt=P len=0
PKT t=12993 RX ua=95 mt=R len=7
PKT t=12998 TX ua=95 mt=T len=7
PKT t=13010 TX ua=95 mt=P len=0
PKT t=13019 RX ua=95 mt=R len=7
PKT t=13024 TX ua=95 mt=P len=0
PKT t=13033 RX ua=95 mt=R len=7
PKT t=13038 TX ua=95 mt=P len=0
PKT t=13071 RX ua=95 mt=R len=7
PKT t=13076 TX ua=95 mt=P len=0
PKT t=13098 RX ua=95 mt=R len=7
PKT t=13103 TX ua=95 mt=P len=0
PKT t=13112 RX ua=95 mt=R len=7
PKT t=13117 TX ua=95 mt=T len=7
PKT t=13130 TX ua=95 mt=P len=0
PKT t=13139 RX ua=95 mt=R len=7
PKT t=13144 TX ua=95 mt=P len=0
PKT t=13153 RX ua=95 mt=R len=7
PKT t=13158 TX ua=95 mt=P len=0
PKT t=13167 RX ua=95 mt=R len=7
PKT t=13172 TX ua=95 mt=P len=0
PKT t=13201 RX ua=95 mt=R len=7
PKT t=13206 TX ua=95 mt=P len=0
PKT t=13215 RX ua=95 mt=R len=7
PKT t=13220 TX ua=95 mt=P len=0
PKT t=13229 RX ua=95 mt=R len=7
PKT t=13234 TX ua=95 mt=P len=0
PKT t=13243 RX ua=95 mt=R len=7
PKT t=13271 TX ua=95 mt=P len=0
PKT t=13301 RX ua=95 mt=R len=7
PKT t=13306 TX ua=95 mt=P len=0
PKT t=13315 RX ua=95 mt=R len=7
PKT t=13320 TX ua=95 mt=P len=0
PKT t=13329 RX ua=95 mt=R len=7
PKT t=13334 TX ua=95 mt=P len=0
PKT t=13343 RX ua=95 mt=R len=7
PKT t=13348 TX ua=95 mt=P len=0
PKT t=13357 RX ua=95 mt=R len=7
PKT t=13362 TX ua=95 mt=P len=0
PKT t=13371 RX ua=95 mt=R len=7
PKT t=13376 TX ua=95 mt=T len=7
PKT t=13389 TX ua=95 mt=P len=0
PKT t=13407 RX ua=95 mt=R len=7
PKT t=13412 TX ua=95 mt=P len=0
PKT t=13422 RX ua=95 mt=R len=7
PKT t=13427 TX ua=95 mt=P len=0
PKT t=13437 RX ua=95 mt=R len=7
PKT t=13442 TX ua=95 mt=P len=0
PKT t=13471 RX ua=95 mt=R len=7
PKT t=13476 TX ua=95 mt=P len=0
PKT t=13505 RX ua=95 mt=R len=7
PKT t=13510 TX ua=95 mt=P len=0
PKT t=13520 RX ua=95 mt=R len=7
PKT t=13525 TX ua=95 mt=P len=0
PKT t=13535 RX ua=95 mt=R len=7
PKT t=13540 TX ua=95 mt=P len=0
PKT t=13550 RX ua=95 mt=R len=7
PKT t=13555 TX ua=95 mt=P len=0
PKT t=13565 RX ua=95 mt=R len=7
PKT t=13570 TX ua=95 mt=P len=0
PKT t=13580 RX ua=95 mt=R len=7
PKT t=13585 TX ua=95 mt=P len=0
PKT t=13614 RX ua=95 mt=R len=7
PKT t=13619 TX ua=95 mt=P len=0
PKT t=13629 RX ua=95 mt=R len=7
PKT t=13634 TX ua=95 mt=T len=7
PKT t=13647 TX ua=95 mt=P len=0
PKT t=13672 RX ua=95 mt=R len=7
PKT t=13927 TX ua=96 mt=P len=0
PKT t=14185 TX ua=95 mt=P len=0
PKT t=14194 RX ua=95 mt=R len=7
PKT t=14199 TX ua=95 mt=T len=7
PKT t=14211 TX ua=95 mt=P len=0
PKT t=14220 RX ua=95 mt=R len=7
PKT t=14225 TX ua=95 mt=P len=0
PKT t=14234 RX ua=95 mt=R len=7
PKT t=14239 TX ua=95 mt=P len=0
PKT t=14271 RX ua=95 mt=R len=7
PKT t=14276 TX ua=95 mt=P len=0
PKT t=14285 RX ua=95 mt=R len=7
PKT t=14290 TX ua=95 mt=P len=0
PKT t=14320 RX ua=95 mt=R len=7
PKT t=14325 TX ua=95 mt=P len=0
PKT t=14334 RX ua=95 mt=R len=7
PKT t=14339 TX ua=95 mt=P len=0
PKT t=14348 RX ua=95 mt=R len=7
PKT t=14353 TX ua=95 mt=P len=0
PKT t=14362 RX ua=95 mt=R len=7
PKT t=14367 TX ua=95 mt=P len=0
PKT t=14376 RX ua=95 mt=R len=7
PKT t=14381 TX ua=95 mt=T len=7
PKT t=14393 TX ua=95 mt=P len=0
PKT t=14421 RX ua=95 mt=R len=7
PKT t=14426 TX ua=95 mt=P len=0
PKT t=14435 RX ua=95 mt=R len=7
PKT t=14440 TX ua=95 mt=P len=0
PKT t=14471 RX ua=95 mt=R len=7
PKT t=14476 TX ua=95 mt=P len=0
PKT t=14485 RX ua=95 mt=R len=7
PKT t=14490 TX ua=95 mt=P len=0
PKT t=14521 RX ua=95 mt=R len=7
PKT t=14526 TX ua=95 mt=P len=0
PKT t=14535 RX ua=95 mt=R len=7
PKT t=14540 TX ua=95 mt=P len=0
PKT t=14549 RX ua=95 mt=R len=7
PKT t=14554 TX ua=95 mt=P len=0
PKT t=14563 RX ua=95 mt=R len=7
PKT t=14568 TX ua=95 mt=P len=0
PKT t=14577 RX ua=95 mt=R len=7
PKT t=14582 TX ua=95 mt=P len=0
PKT t=14591 RX ua=95 mt=R len=7
PKT t=14596 TX ua=95 mt=P len=0
PKT t=14625 RX ua=95 mt=R len=7
PKT t=14630 TX ua=95 mt=T len=7
PKT t=14642 TX ua=95 mt=P len=0
PKT t=14671 RX ua=95 mt=R len=7
PKT t=14676 TX ua=95 mt=P len=0
PKT t=14686 RX ua=95 mt=R len=7
PKT t=14690 TX ua=95 mt=P len=0
PKT t=14699 RX ua=95 mt=R len=7
PKT t=14704 TX ua=95 mt=P len=0
PKT t=14733 RX ua=95 mt=R len=7
PKT t=14738 TX ua=95 mt=P len=0
PKT t=14747 RX ua=95 mt=R len=7
PKT t=14752 TX ua=95 mt=P len=0
PKT t=14761 RX ua=95 mt=R len=7
PKT t=14766 TX ua=95 mt=P len=0
PKT t=14775 RX ua=95 mt=R len=7
PKT t=14780 TX ua=95 mt=P len=0
PKT t=14789 RX ua=95 mt=R len=7
PKT t=14794 TX ua=95 mt=P len=0
PKT t=14803 RX ua=95 mt=R len=7
PKT t=14808 TX ua=95 mt=P len=0
PKT t=14837 RX ua=95 mt=R len=7
PKT t=14842 TX ua=95 mt=P len=0
PKT t=14871 RX ua=95 mt=R len=7
PKT t=14876 TX ua=95 mt=T len=7
PKT t=14888 TX ua=95 mt=P len=0
PKT t=14897 RX ua=95 mt=R len=7
PKT t=14902 TX ua=95 mt=P len=0
PKT t=14911 RX ua=95 mt=R len=7
PKT t=14916 TX ua=95 mt=P len=0
PKT t=14946 RX ua=95 mt=R len=7
PKT t=14951 TX ua=95 mt=P len=0
PKT t=14960 RX ua=95 mt=R len=7
PKT t=14965 TX ua=95 mt=P len=0
PKT t=14974 RX ua=95 mt=R len=7
PKT t=14979 TX ua=95 mt=P len=0
PKT t=14988 RX ua=95 mt=R len=7
PKT t=14993 TX ua=95 mt=P len=0
PKT t=15002 RX ua=95 mt=R len=7
PKT t=15007 TX ua=95 mt=P len=0
PKT t=15016 RX ua=95 mt=R len=7
PKT t=15021 TX ua=95 mt=P len=0
PKT t=15071 RX ua=95 mt=R len=7
PKT t=15076 TX ua=95 mt=P len=0
PKT t=15085 RX ua=95 mt=R len=7
PKT t=15090 TX ua=95 mt=P len=0
PKT t=15099 RX ua=95 mt=R len=7
PKT t=15104 TX ua=95 mt=P len=0
PKT t=15113 RX ua=95 mt=R len=7
PKT t=15118 TX ua=95 mt=T len=7
PKT t=15130 TX ua=95 mt=P len=0
PKT t=15152 RX ua=95 mt=R len=7
PKT t=15157 TX ua=95 mt=P len=0
PKT t=15166 RX ua=95 mt=R len=7
PKT t=15171 TX ua=95 mt=P len=0
PKT t=15180 RX ua=95 mt=R len=7
PKT t=15185 TX ua=95 mt=P len=0
PKT t=15195 RX ua=95 mt=R len=7
PKT t=15200 TX ua=95 mt=P len=0
PKT t=15209 RX ua=95 mt=R len=7
PKT t=15214 TX ua=95 mt=P len=0
PKT t=15223 RX ua=95 mt=R len=7
PKT t=15228 TX ua=95 mt=P len=0
PKT t=15271 RX ua=95 mt=R len=7
PKT t=15276 TX ua=95 mt=P len=0
PKT t=15285 RX ua=95 mt=R len=7
PKT t=15290 TX ua=95 mt=P len=0
PKT t=15299 RX ua=95 mt=R len=7
PKT t=15304 TX ua=95 mt=P len=0
PKT t=15313 RX ua=95 mt=R len=7
PKT t=15318 TX ua=95 mt=P len=0
PKT t=15327 RX ua=95 mt=R len=7
PKT t=15332 TX ua=95 mt=P len=0
PKT t=15362 RX ua=95 mt=R len=7
PKT t=15367 TX ua=95 mt=P len=0
PKT t=15376 RX ua=95 mt=R len=7
PKT t=15381 TX ua=95 mt=T len=7
PKT t=15393 TX ua=95 mt=P len=0
PKT t=15403 RX ua=95 mt=R len=7
PKT t=15408 TX ua=95 mt=P len=0
PKT t=15418 RX ua=95 mt=R len=7
PKT t=15423 TX ua=95 mt=P len=0
PKT t=15433 RX ua=95 mt=R len=7
PKT t=15438 TX ua=95 mt=P len=0
PKT t=15471 RX ua=95 mt=R len=7
PKT t=15476 TX ua=95 mt=P len=0
PKT t=15486 RX ua=95 mt=R len=7
PKT t=15491 TX ua=95 mt=P len=0
PKT t=15501 RX ua=95 mt=R len=7
PKT t=15506 TX ua=95 mt=P len=0
PKT t=15516 RX ua=95 mt=R len=7
PKT t=15521 TX ua=95 mt=P len=0
PKT t=15531 RX ua=95 mt=R len=7
PKT t=15536 TX ua=95 mt=P len=0
PKT t=15566 RX ua=95 mt=R len=7
PKT t=15571 TX ua=95 mt=P len=0
PKT t=15581 RX ua=95 mt=R len=7
PKT t=15586 TX ua=95 mt=P len=0
PKT t=15596 RX ua=95 mt=R len=7
PKT t=15601 TX ua=95 mt=P len=0
PKT t=15611 RX ua=95 mt=R len=7
PKT t=15616 TX ua=95 mt=P len=0
PKT t=15626 RX ua=95 mt=R len=7
PKT t=15631 TX ua=95 mt=T len=7
PKT t=15643 TX ua=95 mt=P len=0
PKT t=15671 RX ua=95 mt=R len=7
PKT t=15676 TX ua=95 mt=P len=0
PKT t=15685 RX ua=95 mt=R len=7
PKT t=15690 TX ua=95 mt=P len=0
PKT t=15699 RX ua=95 mt=R len=7
PKT t=15704 TX ua=95 mt=P len=0
PKT t=15713 RX ua=95 mt=R len=7
PKT t=15718 TX ua=95 mt=P len=0
PKT t=15727 RX ua=95 mt=R len=7
PKT t=15732 TX ua=95 mt=P len=0
PKT t=15741 RX ua=95 mt=R len=7
PKT t=15746 TX ua=95 mt=P len=0
PKT t=15775 RX ua=95 mt=R len=7
PKT t=15780 TX ua=95 mt=P len=0
PKT t=15789 RX ua=95 mt=R len=7
PKT t=15794 TX ua=95 mt=P len=0
PKT t=15803 RX ua=95 mt=R len=7
PKT t=15808 TX ua=95 mt=P len=0
PKT t=15817 RX ua=95 mt=R len=7
PKT t=15822 TX ua=95 mt=P len=0
PKT t=15831 RX ua=95 mt=R len=7
PKT t=15836 TX ua=95 mt=P len=0
PKT t=15845 RX ua=95 mt=R len=7
PKT t=15871 TX ua=95 mt=P len=0
PKT t=15880 RX ua=95 mt=R len=7
PKT t=15885 TX ua=95 mt=T len=7
PKT t=15897 TX ua=95 mt=P len=0
PKT t=15906 RX ua=95 mt=R len=7
PKT t=15911 TX ua=95 mt=P len=0
PKT t=15920 RX ua=95 mt=R len=7
PKT t=15925 TX ua=95 mt=P len=0
PKT t=15935 RX ua=95 mt=R len=7
PKT t=15940 TX ua=95 mt=P len=0
PKT t=15949 RX ua=95 mt=R len=7
PKT t=15954 TX ua=95 mt=P len=0
PKT t=15983 RX ua=95 mt=R len=7
PKT t=15988 TX ua=95 mt=P len=0
PKT t=15997 RX ua=95 mt=R len=7
PKT t=16002 TX ua=95 mt=P len=0
PKT t=16012 RX ua=95 mt=R len=7
PKT t=16017 TX ua=95 mt=P len=0
PKT t=16026 RX ua=95 mt=R len=7
PKT t=16031 TX ua=95 mt=P len=0
PKT t=16040 RX ua=95 mt=R len=7
PKT t=16045 TX ua=95 mt=P len=0
PKT t=16071 RX ua=95 mt=R len=7
PKT t=16326 TX ua=96 mt=P len=0
PKT t=16584 TX ua=95 mt=P len=0
PKT t=16593 RX ua=95 mt=R len=7
PKT t=16598 TX ua=95 mt=T len=7
PKT t=16610 TX ua=95 mt=P len=0
PKT t=16619 RX ua=95 mt=R len=7
PKT t=16624 TX ua=95 mt=T len=7
PKT t=16636 TX ua=95 mt=P len=0
PKT t=16645 RX ua=95 mt=R len=7
PKT t=16671 TX ua=95 mt=P len=0
PKT t=16688 RX ua=95 mt=R len=7
PKT t=16693 TX ua=95 mt=P len=0
PKT t=16702 RX ua=95 mt=R len=7
PKT t=16707 TX ua=95 mt=P len=0
PKT t=16716 RX ua=95 mt=R len=7
PKT t=16721 TX ua=95 mt=P len=0
PKT t=16730 RX ua=95 mt=R len=7
PKT t=16735 TX ua=95 mt=P len=0
PKT t=16744 RX ua=95 mt=R len=7
PKT t=16749 TX ua=95 mt=P len=0
PKT t=16758 RX ua=95 mt=R len=7
PKT t=16763 TX ua=95 mt=P len=0
PKT t=16792 RX ua=95 mt=R len=7
PKT t=16797 TX ua=95 mt=P len=0
PKT t=16806 RX ua=95 mt=R len=7
PKT t=16811 TX ua=95 mt=P len=0
PKT t=16820 RX ua=95 mt=R len=7
PKT t=16825 TX ua=95 mt=P len=0
PKT t=16834 RX ua=95 mt=R len=7
PKT t=16839 TX ua=95 mt=P len=0
PKT t=16871 RX ua=95 mt=R len=7
PKT t=16876 TX ua=95 mt=T len=7
PKT t=16888 TX ua=95 mt=P len=0
PKT t=16897 RX ua=95 mt=R len=7
PKT t=16902 TX ua=95 mt=P len=0
PKT t=16911 RX ua=95 mt=R len=7
PKT t=16916 TX ua=95 mt=P len=0
PKT t=16925 RX ua=95 mt=R len=7
PKT t=16930 TX ua=95 mt=P len=0
PKT t=16939 RX ua=95 mt=R len=7
PKT t=16944 TX ua=95 mt=P len=0
PKT t=16953 RX ua=95 mt=R len=7
PKT t=16958 TX ua=95 mt=P len=0
PKT t=16967 RX ua=95 mt=R len=7
PKT t=16972 TX ua=95 mt=P len=0
PKT t=17001 RX ua=95 mt=R len=7
PKT t=17006 TX ua=95 mt=P len=0
PKT t=17015 RX ua=95 mt=R len=7
PKT t=17020 TX ua=95 mt=P len=0
PKT t=17029 RX ua=95 mt=R len=7
PKT t=17034 TX ua=95 mt=P len=0
PKT t=17044 RX ua=95 mt=R len=7
PKT t=17071 TX ua=95 mt=P len=0
PKT t=17101 RX ua=95 mt=R len=7
PKT t=17106 TX ua=95 mt=P len=0
PKT t=17115 RX ua=95 mt=R len=7
PKT t=17120 TX ua=95 mt=T len=7
PKT t=17132 TX ua=95 mt=P len=0
PKT t=17141 RX ua=95 mt=R len=7
PKT t=17146 TX ua=95 mt=P len=0
PKT t=17155 RX ua=95 mt=R len=7
PKT t=17160 TX ua=95 mt=P len=0
PKT t=17169 RX ua=95 mt=R len=7
PKT t=17174 TX ua=95 mt=P len=0
PKT t=17204 RX ua=95 mt=R len=7
PKT t=17209 TX ua=95 mt=P len=0
PKT t=17218 RX ua=95 mt=R len=7
PKT t=17223 TX ua=95 mt=P len=0
PKT t=17232 RX ua=95 mt=R len=7
PKT t=17237 TX ua=95 mt=P len=0
PKT t=17246 RX ua=95 mt=R len=7
PKT t=17271 TX ua=95 mt=P len=0
PKT t=17303 RX ua=95 mt=R len=7
PKT t=17308 TX ua=95 mt=P len=0
PKT t=17317 RX ua=95 mt=R len=7
PKT t=17322 TX ua=95 mt=P len=0
PKT t=17331 RX ua=95 mt=R len=7
PKT t=17336 TX ua=95 mt=P len=0
PKT t=17345 RX ua=95 mt=R len=7
PKT t=17350 TX ua=95 mt=P len=0
PKT t=17359 RX ua=95 mt=R len=7
PKT t=17364 TX ua=95 mt=P len=0
PKT t=17373 RX ua=95 mt=R len=7
PKT t=17378 TX ua=95 mt=T len=7
PKT t=17390 TX ua=95 mt=P len=0
PKT t=17409 RX ua=95 mt=R len=7
PKT t=17414 TX ua=95 mt=P len=0
PKT t=17424 RX ua=95 mt=R len=7
PKT t=17429 TX ua=95 mt=P len=0
PKT t=17439 RX ua=95 mt=R len=7
PKT t=17444 TX ua=95 mt=P len=0
PKT t=17471 RX ua=95 mt=R len=7
PKT t=17476 TX ua=95 mt=P len=0
PKT t=17507 RX ua=95 mt=R len=7
PKT t=17512 TX ua=95 mt=P len=0
PKT t=17522 RX ua=95 mt=R len=7
PKT t=17527 TX ua=95 mt=P len=0
PKT t=17537 RX ua=95 mt=R len=7
PKT t=17542 TX ua=95 mt=P len=0
PKT t=17552 RX ua=95 mt=R len=7
PKT t=17557 TX ua=95 mt=P len=0
PKT t=17567 RX ua=95 mt=R len=7
PKT t=17572 TX ua=95 mt=P len=0
PKT t=17582 RX ua=95 mt=R len=7
PKT t=17587 TX ua=95 mt=P len=0
PKT t=17616 RX ua=95 mt=R len=7
PKT t=17621 TX ua=95 mt=P len=0
PKT t=17631 RX ua=95 mt=R len=7
PKT t=17636 TX ua=95 mt=T len=7
PKT t=17671 TX ua=95 mt=P len=0
PKT t=17680 RX ua=95 mt=R len=7
PKT t=17685 TX ua=95 mt=P len=0
PKT t=17715 RX ua=95 mt=R len=7
PKT t=17720 TX ua=95 mt=P len=0
PKT t=17729 RX ua=95 mt=R len=7
PKT t=17734 TX ua=95 mt=P len=0
PKT t=17743 RX ua=95 mt=R len=7
PKT t=17748 TX ua=95 mt=P len=0
PKT t=17757 RX ua=95 mt=R len=7
PKT t=17762 TX ua=95 mt=P len=0
PKT t=17771 RX ua=95 mt=R len=7
PKT t=17776 TX ua=95 mt=P len=0
PKT t=17785 RX ua=95 mt=R len=7
PKT t=17790 TX ua=95 mt=P len=0
PKT t=17819 RX ua=95 mt=R len=7
PKT t=17824 TX ua=95 mt=P len=0
PKT t=17833 RX ua=95 mt=R len=7
PKT t=17838 TX ua=95 mt=P len=0
PKT t=17871 RX ua=95 mt=R len=7
PKT t=17876 TX ua=95 mt=T len=7
PKT t=17888 TX ua=95 mt=P len=0
PKT t=17919 RX ua=95 mt=R len=7
PKT t=17924 TX ua=95 mt=P len=0
PKT t=17933 RX ua=95 mt=R len=7
PKT t=17938 TX ua=95 mt=P len=0
PKT t=17947 RX ua=95 mt=R len=7
PKT t=17952 TX ua=95 mt=P len=0
PKT t=17961 RX ua=95 mt=R len=7
PKT t=17966 TX ua=95 mt=P len=0
PKT t=17975 RX ua=95 mt=R len=7
PKT t=17980 TX ua=95 mt=P len=0
PKT t=17989 RX ua=95 mt=R len=7
PKT t=17994 TX ua=95 mt=P len=0
PKT t=18023 RX ua=95 mt=R len=7
PKT t=18028 TX ua=95 mt=P len=0
PKT t=18037 RX ua=95 mt=R len=7
PKT t=18042 TX ua=95 mt=P len=0
PKT t=18071 RX ua=95 mt=R len=7
PKT t=18076 TX ua=95 mt=P len=0
PKT t=18085 RX ua=95 mt=R len=7
PKT t=18090 TX ua=95 mt=P len=0
PKT t=18124 RX ua=95 mt=R len=7
PKT t=18129 TX ua=95 mt=T len=7
PKT t=18142 TX ua=95 mt=P len=0
PKT t=18151 RX ua=95 mt=R len=7
PKT t=18156 TX ua=95 mt=T len=7
PKT t=18169 TX ua=95 mt=P len=0
PKT t=18178 RX ua=95 mt=R len=7
PKT t=18183 TX ua=95 mt=P len=0
PKT t=18192 RX ua=95 mt=R len=7
PKT t=18197 TX ua=95 mt=P len=0
PKT t=18226 RX ua=95 mt=R len=7
PKT t=18231 TX ua=95 mt=P len=0
PKT t=18240 RX ua=95 mt=R len=7
PKT t=18245 TX ua=95 mt=P len=0
PKT t=18271 RX ua=95 mt=R len=7
PKT t=18526 TX ua=96 mt=P len=0
PKT t=18784 TX ua=95 mt=P len=0
PKT t=18793 RX ua=95 mt=R len=7
PKT t=18798 TX ua=95 mt=T len=7
PKT t=18811 TX ua=95 mt=P len=0
PKT t=18829 RX ua=95 mt=R len=7
PKT t=18834 TX ua=95 mt=P len=0
PKT t=18843 RX ua=95 mt=R len=7
PKT t=18871 TX ua=95 mt=P len=0
PKT t=18880 RX ua=95 mt=R len=7
PKT t=18885 TX ua=95 mt=T len=7
PKT t=18898 TX ua=95 mt=P len=0
PKT t=18927 RX ua=95 mt=R len=7
PKT t=18932 TX ua=95 mt=P len=0
PKT t=18941 RX ua=95 mt=R len=7
PKT t=18946 TX ua=95 mt=P len=0
PKT t=18955 RX ua=95 mt=R len=7
PKT t=18960 TX ua=95 mt=P len=0
PKT t=18969 RX ua=95 mt=R len=7
PKT t=18974 TX ua=95 mt=P len=0
PKT t=18983 RX ua=95 mt=R len=7
PKT t=18988 TX ua=95 mt=P len=0
PKT t=18997 RX ua=95 mt=R len=7
PKT t=19002 TX ua=95 mt=P len=0
PKT t=19031 RX ua=95 mt=R len=7
PKT t=19036 TX ua=95 mt=P len=0
PKT t=19045 RX ua=95 mt=R len=7
PKT t=19071 TX ua=95 mt=P len=0
PKT t=19080 RX ua=95 mt=R len=7
PKT t=19085 TX ua=95 mt=P len=0
PKT t=19094 RX ua=95 mt=R len=7
PKT t=19099 TX ua=95 mt=P len=0
PKT t=19131 RX ua=95 mt=R len=7
PKT t=19136 TX ua=95 mt=T len=7
PKT t=19148 TX ua=95 mt=P len=0
PKT t=19157 RX ua=95 mt=R len=7
PKT t=19162 TX ua=95 mt=P len=0
PKT t=19171 RX ua=95 mt=R len=7
PKT t=19176 TX ua=95 mt=P len=0
PKT t=19185 RX ua=95 mt=R len=7
PKT t=19190 TX ua=95 mt=P len=0
PKT t=19199 RX ua=95 mt=R len=7
PKT t=19204 TX ua=95 mt=P len=0
PKT t=19233 RX ua=95 mt=R len=7
PKT t=19238 TX ua=95 mt=P len=0
PKT t=19271 RX ua=95 mt=R len=7
PKT t=19276 TX ua=95 mt=P len=0
PKT t=19285 RX ua=95 mt=R len=7
PKT t=19290 TX ua=95 mt=P len=0
PKT t=19299 RX ua=95 mt=R len=7
PKT t=19304 TX ua=95 mt=P len=0
PKT t=19334 RX ua=95 mt=R len=7
PKT t=19339 TX ua=95 mt=P len=0
PKT t=19348 RX ua=95 mt=R len=7
PKT t=19353 TX ua=95 mt=P len=0
PKT t=19362 RX ua=95 mt=R len=7
PKT t=19367 TX ua=95 mt=P len=0
PKT t=19376 RX ua=95 mt=R len=7
PKT t=19381 TX ua=95 mt=T len=7
PKT t=19393 TX ua=95 mt=P len=0
PKT t=19403 RX ua=95 mt=R len=7
PKT t=19408 TX ua=95 mt=P len=0
PKT t=19437 RX ua=95 mt=R len=7
PKT t=19442 TX ua=95 mt=P len=0
PKT t=19471 RX ua=95 mt=R len=7
PKT t=19476 TX ua=95 mt=P len=0
PKT t=19486 RX ua=95 mt=R len=7
PKT t=19491 TX ua=95 mt=P len=0
PKT t=19501 RX ua=95 mt=R len=7
PKT t=19506 TX ua=95 mt=P len=0
PKT t=19536 RX ua=95 mt=R len=7
PKT t=19541 TX ua=95 mt=P len=0
PKT t=19551 RX ua=95 mt=R len=7
PKT t=19556 TX ua=95 mt=P len=0
PKT t=19566 RX ua=95 mt=R len=7
PKT t=19571 TX ua=95 mt=P len=0
PKT t=19581 RX ua=95 mt=R len=7
PKT t=19586 TX ua=95 mt=P len=0
PKT t=19596 RX ua=95 mt=R len=7
PKT t=19601 TX ua=95 mt=P len=0
PKT t=19611 RX ua=95 mt=R len=7
PKT t=19616 TX ua=95 mt=P len=0
PKT t=19645 RX ua=95 mt=R len=7
PKT t=19671 TX ua=95 mt=T len=7
PKT t=19683 TX ua=95 mt=P len=0
PKT t=19692 RX ua=95 mt=R len=7
PKT t=19697 TX ua=95 mt=P len=0
PKT t=19706 RX ua=95 mt=R len=7
PKT t=19711 TX ua=95 mt=P len=0
PKT t=19744 RX ua=95 mt=R len=7
PKT t=19749 TX ua=95 mt=P len=0
PKT t=19758 RX ua=95 mt=R len=7
PKT t=19763 TX ua=95 mt=P len=0
PKT t=19772 RX ua=95 mt=R len=7
PKT t=19777 TX ua=95 mt=P len=0
PKT t=19786 RX ua=95 mt=R len=7
PKT t=19791 TX ua=95 mt=P len=0
PKT t=19800 RX ua=95 mt=R len=7
PKT t=19805 TX ua=95 mt=P len=0
PKT t=19814 RX ua=95 mt=R len=7
PKT t=19819 TX ua=95 mt=P len=0
PKT t=19871 RX ua=95 mt=R len=7
PKT t=19876 TX ua=95 mt=T len=7
PKT t=19888 TX ua=95 mt=P len=0
PKT t=19897 RX ua=95 mt=R len=7
PKT t=19902 TX ua=95 mt=P len=0
PKT t=19911 RX ua=95 mt=R len=7
PKT t=19916 TX ua=95 mt=P len=0
PKT t=19948 RX ua=95 mt=R len=7
PKT t=19953 TX ua=95 mt=P len=0
PKT t=19962 RX ua=95 mt=R len=7
PKT t=19967 TX ua=95 mt=P len=0
PKT t=19976 RX ua=95 mt=R len=7
PKT t=19981 TX ua=95 mt=P len=0
PKT t=19990 RX ua=95 mt=R len=7
PKT t=19995 TX ua=95 mt=P len=0
PKT t=20004 RX ua=95 mt=R len=7
PKT t=20009 TX ua=95 mt=P len=0
PKT t=20018 RX ua=95 mt=R len=7
PKT t=20023 TX ua=95 mt=P len=0
PKT t=20071 RX ua=95 mt=R len=7
PKT t=20076 TX ua=95 mt=P len=0
PKT t=20085 RX ua=95 mt=R len=7
PKT t=20090 TX ua=95 mt=P len=0
PKT t=20101 RX ua=95 mt=R len=7
PKT t=20106 TX ua=95 mt=P len=0
PKT t=20115 RX ua=95 mt=R len=7
PKT t=20120 TX ua=95 mt=T len=7
PKT t=20132 TX ua=95 mt=P len=0
PKT t=20159 RX ua=95 mt=R len=7
PKT t=20164 TX ua=95 mt=P len=0
PKT t=20173 RX ua=95 mt=R len=7
PKT t=20178 TX ua=95 mt=P len=0
PKT t=20187 RX ua=95 mt=R len=7
PKT t=20192 TX ua=95 mt=P len=0
PKT t=20201 RX ua=95 mt=R len=7
PKT t=20206 TX ua=95 mt=P len=0
PKT t=20215 RX ua=95 mt=R len=7
PKT t=20220 TX ua=95 mt=P len=0
PKT t=20271 RX ua=95 mt=R len=7
PKT t=20276 TX ua=95 mt=P len=0
PKT t=20285 RX ua=95 mt=R len=7
PKT t=20290 TX ua=95 mt=P len=0
PKT t=20299 RX ua=95 mt=R len=7
PKT t=20304 TX ua=95 mt=P len=0
PKT t=20313 RX ua=95 mt=R len=7
PKT t=20318 TX ua=95 mt=P len=0
PKT t=20327 RX ua=95 mt=R len=7
PKT t=20332 TX ua=95 mt=P len=0
PKT t=20361 RX ua=95 mt=R len=7
PKT t=20366 TX ua=95 mt=P len=0
PKT t=20375 RX ua=95 mt=R len=7
PKT t=20380 TX ua=95 mt=T len=7
PKT t=20392 TX ua=95 mt=P len=0
PKT t=20401 RX ua=95 mt=R len=7
PKT t=20406 TX ua=95 mt=P len=0
PKT t=20415 RX ua=95 mt=R len=7
PKT t=20420 TX ua=95 mt=P len=0
PKT t=20429 RX ua=95 mt=R len=7
PKT t=20434 TX ua=95 mt=P len=0
PKT t=20471 RX ua=95 mt=R len=7
PKT t=20476 TX ua=95 mt=P len=0
PKT t=20485 RX ua=95 mt=R len=7
PKT t=20490 TX ua=95 mt=P len=0
PKT t=20499 RX ua=95 mt=R len=7
PKT t=20504 TX ua=95 mt=P len=0
PKT t=20513 RX ua=95 mt=R len=7
PKT t=20518 TX ua=95 mt=P len=0
PKT t=20527 RX ua=95 mt=R len=7
PKT t=20532 TX ua=95 mt=P len=0
PKT t=20563 RX ua=95 mt=R len=7
PKT t=20568 TX ua=95 mt=P len=0
PKT t=20577 RX ua=95 mt=R len=7
PKT t=20582 TX ua=95 mt=P len=0
PKT t=20591 RX ua=95 mt=R len=7
PKT t=20596 TX ua=95 mt=P len=0
PKT t=20605 RX ua=95 mt=R len=7
PKT t=20610 TX ua=95 mt=P len=0
PKT t=20619 RX ua=95 mt=R len=7
PKT t=20624 TX ua=95 mt=T len=7
PKT t=20636 TX ua=95 mt=P len=0
PKT t=20671 RX ua=95 mt=R len=7
PKT t=20676 TX ua=95 mt=P len=0
PKT t=20685 RX ua=95 mt=R len=7
PKT t=20690 TX ua=95 mt=P len=0
PKT t=20699 RX ua=95 mt=R len=7
PKT t=20704 TX ua=95 mt=P len=0
PKT t=20713 RX ua=95 mt=R len=7
PKT t=20718 TX ua=95 mt=P len=0
PKT t=20727 RX ua=95 mt=R len=7
PKT t=20732 TX ua=95 mt=P len=0
PKT t=20764 RX ua=95 mt=R len=7
PKT t=20769 TX ua=95 mt=P len=0
PKT t=20778 RX ua=95 mt=R len=7
PKT t=20783 TX ua=95 mt=P len=0
PKT t=20792 RX ua=95 mt=R len=7
PKT t=20797 TX ua=95 mt=P len=0
PKT t=20806 RX ua=95 mt=R len=7
PKT t=20811 TX ua=95 mt=P len=0
PKT t=20821 RX ua=95 mt=R len=7
PKT t=20826 TX ua=95 mt=P len=0
PKT t=20835 RX ua=95 mt=R len=7
PKT t=20840 TX ua=95 mt=P len=0
PKT t=20871 RX ua=95 mt=R len=7
PKT t=20876 TX ua=95 mt=T len=7
PKT t=20888 TX ua=95 mt=P len=0
PKT t=20897 RX ua=95 mt=R len=7
PKT t=20902 TX ua=95 mt=P len=0
PKT t=20911 RX ua=95 mt=R len=7
PKT t=20916 TX ua=95 mt=P len=0
PKT t=20925 RX ua=95 mt=R len=7
PKT t=20930 TX ua=95 mt=P len=0
PKT t=20939 RX ua=95 mt=R len=7
PKT t=20944 TX ua=95 mt=P len=0
PKT t=20973 RX ua=95 mt=R len=7
PKT t=20978 TX ua=95 mt=P len=0
PKT t=20987 RX ua=95 mt=R len=7
PKT t=20992 TX ua=95 mt=P len=0
PKT t=21001 RX ua=95 mt=R len=7
PKT t=21006 TX ua=95 mt=P len=0
PKT t=21015 RX ua=95 mt=R len=7
PKT t=21020 TX ua=95 mt=P len=0
PKT t=21029 RX ua=95 mt=R len=7
PKT t=21034 TX ua=95 mt=P len=0
PKT t=21045 RX ua=95 mt=R len=7
PKT t=21071 TX ua=95 mt=P len=0
PKT t=21080 RX ua=95 mt=R len=7
PKT t=21085 TX ua=95 mt=P len=0
PKT t=21094 RX ua=95 mt=R len=7
PKT t=21099 TX ua=95 mt=P len=0
PKT t=21108 RX ua=95 mt=R len=7
PKT t=21113 TX ua=95 mt=P len=0
PKT t=21122 RX ua=95 mt=R len=7
PKT t=21127 TX ua=95 mt=T len=7
PKT t=21140 TX ua=95 mt=P len=0
PKT t=21149 RX ua=95 mt=R len=7
PKT t=21154 TX ua=95 mt=P len=0
PKT t=21183 RX ua=95 mt=R len=7
PKT t=21188 TX ua=95 mt=P len=0
PKT t=21197 RX ua=95 mt=R len=7
PKT t=21202 TX ua=95 mt=P len=0
PKT t=21211 RX ua=95 mt=R len=7
PKT t=21216 TX ua=95 mt=P len=0
PKT t=21225 RX ua=95 mt=R len=7
PKT t=21230 TX ua=95 mt=P len=0
PKT t=21239 RX ua=95 mt=R len=7
PKT t=21244 TX ua=95 mt=P len=0
PKT t=21271 RX ua=95 mt=R len=7
PKT t=21276 TX ua=95 mt=P len=0
PKT t=21287 RX ua=95 mt=R len=7
PKT t=21292 TX ua=95 mt=P len=0
PKT t=21301 RX ua=95 mt=R len=7
PKT t=21306 TX ua=95 mt=P len=0
PKT t=21315 RX ua=95 mt=R len=7
PKT t=21320 TX ua=95 mt=P len=0
PKT t=21329 RX ua=95 mt=R len=7
PKT t=21334 TX ua=95 mt=P len=0
PKT t=21343 RX ua=95 mt=R len=7
PKT t=21348 TX ua=95 mt=P len=0
PKT t=21357 RX ua=95 mt=R len=7
PKT t=21362 TX ua=95 mt=P len=0
PKT t=21391 RX ua=95 mt=R len=7
PKT t=21396 TX ua=95 mt=T len=7
PKT t=21409 TX ua=95 mt=P len=0
PKT t=21419 RX ua=95 mt=R len=7
PKT t=21424 TX ua=95 mt=P len=0
PKT t=21434 RX ua=95 mt=R len=7
PKT t=21439 TX ua=95 mt=P len=0
PKT t=21471 RX ua=95 mt=R len=7
PKT t=21476 TX ua=95 mt=P len=0
PKT t=21491 RX ua=95 mt=R len=7
PKT t=21496 TX ua=95 mt=P len=0
PKT t=21506 RX ua=95 mt=R len=7
PKT t=21511 TX ua=95 mt=P len=0
PKT t=21521 RX ua=95 mt=R len=7
PKT t=21526 TX ua=95 mt=P len=0
PKT t=21536 RX ua=95 mt=R len=7
PKT t=21541 TX ua=95 mt=P len=0
PKT t=21551 RX ua=95 mt=R len=7
PKT t=21556 TX ua=95 mt=P len=0
PKT t=21566 RX ua=95 mt=R len=7
PKT t=21571 TX ua=95 mt=P len=0
PKT t=21600 RX ua=95 mt=R len=7
PKT t=21605 TX ua=95 mt=P len=0
PKT t=21615 RX ua=95 mt=R len=7
PKT t=21620 TX ua=95 mt=P len=0
PKT t=21630 RX ua=95 mt=R len=7
PKT t=21635 TX ua=95 mt=T len=7
PKT t=21671 TX ua=95 mt=P len=0
PKT t=21699 RX ua=95 mt=R len=7
PKT t=21704 TX ua=95 mt=P len=0
PKT t=21713 RX ua=95 mt=R len=7
PKT t=21718 TX ua=95 mt=P len=0
PKT t=21727 RX ua=95 mt=R len=7
PKT t=21732 TX ua=95 mt=P len=0
PKT t=21741 RX ua=95 mt=R len=7
PKT t=21746 TX ua=95 mt=P len=0
PKT t=21755 RX ua=95 mt=R len=7
PKT t=21760 TX ua=95 mt=P len=0
PKT t=21769 RX ua=95 mt=R len=7
PKT t=21774 TX ua=95 mt=P len=0
PKT t=21803 RX ua=95 mt=R len=7
PKT t=21808 TX ua=95 mt=P len=0
PKT t=21817 RX ua=95 mt=R len=7
PKT t=21822 TX ua=95 mt=P len=0
PKT t=21831 RX ua=95 mt=R len=7
PKT t=21836 TX ua=95 mt=P len=0
PKT t=21845 RX ua=95 mt=R len=7
PKT t=21871 TX ua=95 mt=P len=0
PKT t=21903 RX ua=95 mt=R len=7
PKT t=21908 TX ua=95 mt=T len=7
PKT t=21921 TX ua=95 mt=P len=0
PKT t=21930 RX ua=95 mt=R len=7
PKT t=21935 TX ua=95 mt=P len=0
PKT t=21944 RX ua=95 mt=R len=7
PKT t=21949 TX ua=95 mt=P len=0
PKT t=21958 RX ua=95 mt=R len=7
PKT t=21963 TX ua=95 mt=P len=0
PKT t=21972 RX ua=95 mt=R len=7
PKT t=21977 TX ua=95 mt=P len=0
PKT t=22006 RX ua=95 mt=R len=7
PKT t=22015 TX ua=95 mt=P len=0
PKT t=22024 RX ua=95 mt=R len=7
PKT t=22029 TX ua=95 mt=P len=0
PKT t=22038 RX ua=95 mt=R len=7
PKT t=22043 TX ua=95 mt=P len=0
PKT t=22071 RX ua=95 mt=R len=7
PKT t=22076 TX ua=95 mt=P len=0
PKT t=22106 RX ua=95 mt=R len=7
PKT t=22111 TX ua=95 mt=P len=0
PKT t=22120 RX ua=95 mt=R len=7
PKT t=22125 TX ua=95 mt=T len=7
PKT t=22137 TX ua=95 mt=P len=0
PKT t=22146 RX ua=95 mt=R len=7
PKT t=22151 TX ua=95 mt=P len=0
PKT t=22160 RX ua=95 mt=R len=7
PKT t=22165 TX ua=95 mt=P len=0
PKT t=22174 RX ua=95 mt=R len=7
PKT t=22179 TX ua=95 mt=P len=0
PKT t=22208 RX ua=95 mt=R len=7
PKT t=22213 TX ua=95 mt=P len=0
PKT t=22222 RX ua=95 mt=R len=7
PKT t=22227 TX ua=95 mt=P len=0
PKT t=22236 RX ua=95 mt=R len=7
PKT t=22241 TX ua=95 mt=P len=0
PKT t=22271 RX ua=95 mt=R len=7
PKT t=22276 TX ua=95 mt=P len=0
PKT t=22308 RX ua=95 mt=R len=7
PKT t=22313 TX ua=95 mt=P len=0
PKT t=22322 RX ua=95 mt=R len=7
PKT t=22327 TX ua=95 mt=P len=0
PKT t=22336 RX ua=95 mt=R len=7
PKT t=22341 TX ua=95 mt=P len=0
PKT t=22350 RX ua=95 mt=R len=7
PKT t=22355 TX ua=95 mt=P len=0
PKT t=22364 RX ua=95 mt=R len=7
PKT t=22369 TX ua=95 mt=P len=0
PKT t=22378 RX ua=95 mt=R len=7
PKT t=22383 TX ua=95 mt=T len=7
PKT t=22395 TX ua=95 mt=P len=0
PKT t=22414 RX ua=95 mt=R len=7
PKT t=22419 TX ua=95 mt=P len=0
PKT t=22428 RX ua=95 mt=R len=7
PKT t=22433 TX ua=95 mt=P len=0
PKT t=22442 RX ua=95 mt=R len=7
PKT t=22447 TX ua=95 mt=P len=0
PKT t=22472 RX ua=95 mt=R len=7
PKT t=22727 TX ua=96 mt=P len=0
PKT t=22985 TX ua=95 mt=P len=0
PKT t=22994 RX ua=95 mt=R len=7
PKT t=22999 TX ua=95 mt=T len=7
PKT t=23011 TX ua=95 mt=P len=0
PKT t=23020 RX ua=95 mt=R len=7
PKT t=23025 TX ua=95 mt=P len=0
PKT t=23034 RX ua=95 mt=R len=7
PKT t=23039 TX ua=95 mt=P len=0
PKT t=23071 RX ua=95 mt=R len=7
PKT t=23076 TX ua=95 mt=P len=0
PKT t=23085 RX ua=95 mt=R len=7
PKT t=23090 TX ua=95 mt=P len=0
PKT t=23119 RX ua=95 mt=R len=7
PKT t=23124 TX ua=95 mt=T len=7
PKT t=23136 TX ua=95 mt=P len=0
PKT t=23145 RX ua=95 mt=R len=7
PKT t=23150 TX ua=95 mt=P len=0
PKT t=23159 RX ua=95 mt=R len=7
PKT t=23164 TX ua=95 mt=P len=0
PKT t=23173 RX ua=95 mt=R len=7
PKT t=23178 TX ua=95 mt=P len=0
PKT t=23187 RX ua=95 mt=R len=7
PKT t=23192 TX ua=95 mt=P len=0
PKT t=23221 RX ua=95 mt=R len=7
PKT t=23226 TX ua=95 mt=P len=0
PKT t=23235 RX ua=95 mt=R len=7
PKT t=23240 TX ua=95 mt=P len=0
PKT t=23271 RX ua=95 mt=R len=7
PKT t=23276 TX ua=95 mt=P len=0
PKT t=23285 RX ua=95 mt=R len=7
PKT t=23290 TX ua=95 mt=P len=0
PKT t=23321 RX ua=95 mt=R len=7
PKT t=23326 TX ua=95 mt=P len=0
PKT t=23335 RX ua=95 mt=R len=7
PKT t=23340 TX ua=95 mt=P len=0
PKT t=23349 RX ua=95 mt=R len=7
PKT t=23354 TX ua=95 mt=P len=0
PKT t=23363 RX ua=95 mt=R len=7
PKT t=23368 TX ua=95 mt=P len=0
PKT t=23377 RX ua=95 mt=R len=7
PKT t=23382 TX ua=95 mt=T len=7
PKT t=23394 TX ua=95 mt=P len=0
PKT t=23422 RX ua=95 mt=R len=7
PKT t=23427 TX ua=95 mt=P len=0
PKT t=23437 RX ua=95 mt=R len=7
PKT t=23442 TX ua=95 mt=P len=0
PKT t=23471 RX ua=95 mt=R len=7
PKT t=23476 TX ua=95 mt=P len=0
PKT t=23486 RX ua=95 mt=R len=7
PKT t=23491 TX ua=95 mt=P len=0
PKT t=23522 RX ua=95 mt=R len=7
PKT t=23527 TX ua=95 mt=P len=0
PKT t=23537 RX ua=95 mt=R len=7
PKT t=23542 TX ua=95 mt=P len=0
PKT t=23552 RX ua=95 mt=R len=7
PKT t=23557 TX ua=95 mt=P len=0
PKT t=23567 RX ua=95 mt=R len=7
PKT t=23572 TX ua=95 mt=P len=0
PKT t=23582 RX ua=95 mt=R len=7
PKT t=23587 TX ua=95 mt=P len=0
PKT t=23597 RX ua=95 mt=R len=7
PKT t=23602 TX ua=95 mt=P len=0
PKT t=23631 RX ua=95 mt=R len=7
PKT t=23636 TX ua=95 mt=T len=7
PKT t=23671 TX ua=95 mt=P len=0
PKT t=23680 RX ua=95 mt=R len=7
PKT t=23685 TX ua=95 mt=P len=0
PKT t=23694 RX ua=95 mt=R len=7
PKT t=23699 TX ua=95 mt=P len=0
PKT t=23730 RX ua=95 mt=R len=7
PKT t=23735 TX ua=95 mt=P len=0
PKT t=23744 RX ua=95 mt=R len=7
PKT t=23749 TX ua=95 mt=P len=0
PKT t=23758 RX ua=95 mt=R len=7
PKT t=23763 TX ua=95 mt=P len=0
PKT t=23773 RX ua=95 mt=R len=7
PKT t=23777 TX ua=95 mt=P len=0
PKT t=23786 RX ua=95 mt=R len=7
PKT t=23791 TX ua=95 mt=P len=0
PKT t=23800 RX ua=95 mt=R len=7
PKT t=23805 TX ua=95 mt=P len=0
PKT t=23834 RX ua=95 mt=R len=7
PKT t=23839 TX ua=95 mt=P len=0
PKT t=23871 RX ua=95 mt=R len=7
PKT t=23876 TX ua=95 mt=T len=7
PKT t=23888 TX ua=95 mt=P len=0
PKT t=23897 RX ua=95 mt=R len=7
PKT t=23902 TX ua=95 mt=P len=0
PKT t=23934 RX ua=95 mt=R len=7
PKT t=23939 TX ua=95 mt=P len=0
PKT t=23948 RX ua=95 mt=R len=7
PKT t=23953 TX ua=95 mt=P len=0
PKT t=23962 RX ua=95 mt=R len=7
PKT t=23967 TX ua=95 mt=P len=0
PKT t=23976 RX ua=95 mt=R len=7
PKT t=23981 TX ua=95 mt=P len=0
PKT t=23990 RX ua=95 mt=R len=7
PKT t=23995 TX ua=95 mt=P len=0
PKT t=24004 RX ua=95 mt=R len=7
PKT t=24009 TX ua=95 mt=P len=0
PKT t=24038 RX ua=95 mt=R len=7
PKT t=24043 TX ua=95 mt=P len=0
PKT t=24071 RX ua=95 mt=R len=7
PKT t=24076 TX ua=95 mt=P len=0
PKT t=24085 RX ua=95 mt=R len=7
PKT t=24090 TX ua=95 mt=P len=0
PKT t=24099 RX ua=95 mt=R len=7
PKT t=24104 TX ua=95 mt=P len=0
PKT t=24113 RX ua=95 mt=R len=7
PKT t=24118 TX ua=95 mt=T len=7
PKT t=24130 TX ua=95 mt=P len=0
PKT t=24149 RX ua=95 mt=R len=7
PKT t=24154 TX ua=95 mt=P len=0
PKT t=24163 RX ua=95 mt=R len=7
PKT t=24168 TX ua=95 mt=P len=0
PKT t=24177 RX ua=95 mt=R len=7
PKT t=24182 TX ua=95 mt=P len=0
PKT t=24191 RX ua=95 mt=R len=7
PKT t=24196 TX ua=95 mt=P len=0
PKT t=24205 RX ua=95 mt=R len=7
PKT t=24210 TX ua=95 mt=P len=0
PKT t=24219 RX ua=95 mt=R len=7
PKT t=24224 TX ua=95 mt=P len=0
PKT t=24271 RX ua=95 mt=R len=7
PKT t=24276 TX ua=95 mt=P len=0
PKT t=24285 RX ua=95 mt=R len=7
PKT t=24290 TX ua=95 mt=P len=0
PKT t=24299 RX ua=95 mt=R len=7
PKT t=24304 TX ua=95 mt=P len=0
PKT t=24313 RX ua=95 mt=R len=7
PKT t=24318 TX ua=95 mt=P len=0
PKT t=24327 RX ua=95 mt=R len=7
PKT t=24332 TX ua=95 mt=P len=0
PKT t=24361 RX ua=95 mt=R len=7
PKT t=24366 TX ua=95 mt=P len=0
PKT t=24375 RX ua=95 mt=R len=7
PKT t=24380 TX ua=95 mt=T len=7
PKT t=24392 TX ua=95 mt=P len=0
PKT t=24401 RX ua=95 mt=R len=7
PKT t=24406 TX ua=95 mt=P len=0
PKT t=24415 RX ua=95 mt=R len=7
PKT t=24420 TX ua=95 mt=P len=0
PKT t=24429 RX ua=95 mt=R len=7
PKT t=24434 TX ua=95 mt=P len=0
PKT t=24471 RX ua=95 mt=R len=7
PKT t=24476 TX ua=95 mt=P len=0
PKT t=24485 RX ua=95 mt=R len=7
PKT t=24490 TX ua=95 mt=P len=0
PKT t=24499 RX ua=95 mt=R len=7
PKT t=24504 TX ua=95 mt=P len=0
PKT t=24513 RX ua=95 mt=R len=7
PKT t=24518 TX ua=95 mt=P len=0
PKT t=24527 RX ua=95 mt=R len=7
PKT t=24532 TX ua=95 mt=P len=0
PKT t=24563 RX ua=95 mt=R len=7
PKT t=24568 TX ua=95 mt=P len=0
PKT t=24577 RX ua=95 mt=R len=7
PKT t=24582 TX ua=95 mt=P len=0
PKT t=24591 RX ua=95 mt=R len=7
PKT t=24596 TX ua=95 mt=P len=0
PKT t=24605 RX ua=95 mt=R len=7
PKT t=24610 TX ua=95 mt=P len=0
PKT t=24619 RX ua=95 mt=R len=7
PKT t=24624 TX ua=95 mt=T len=7
PKT t=24636 TX ua=95 mt=P len=0
PKT t=24671 RX ua=95 mt=R len=7
PKT t=24676 TX ua=95 mt=P len=0
PKT t=24685 RX ua=95 mt=R len=7
PKT t=24690 TX ua=95 mt=P len=0
PKT t=24699 RX ua=95 mt=R len=7
PKT t=24704 TX ua=95 mt=P len=0
PKT t=24713 RX ua=95 mt=R len=7
PKT t=24718 TX ua=95 mt=P len=0
PKT t=24727 RX ua=95 mt=R len=7
PKT t=24732 TX ua=95 mt=P len=0
PKT t=24763 RX ua=95 mt=R len=7
PKT t=24768 TX ua=95 mt=P len=0
PKT t=24777 RX ua=95 mt=R len=7
PKT t=24782 TX ua=95 mt=P len=0
PKT t=24791 RX ua=95 mt=R len=7
PKT t=24796 TX ua=95 mt=P len=0
PKT t=24805 RX ua=95 mt=R len=7
PKT t=24810 TX ua=95 mt=P len=0
PKT t=24819 RX ua=95 mt=R len=7
PKT t=24824 TX ua=95 mt=P len=0
PKT t=24833 RX ua=95 mt=R len=7
PKT t=24838 TX ua=95 mt=P len=0
PKT t=24871 RX ua=95 mt=R len=7
PKT t=24876 TX ua=95 mt=T len=7
PKT t=24888 TX ua=95 mt=P len=0
PKT t=24897 RX ua=95 mt=R len=7
PKT t=24902 TX ua=95 mt=P len=0
PKT t=24911 RX ua=95 mt=R len=7
PKT t=24916 TX ua=95 mt=P len=0
PKT t=24925 RX ua=95 mt=R len=7
PKT t=24930 TX ua=95 mt=P len=0
PKT t=24939 RX ua=95 mt=R len=7
PKT t=24944 TX ua=95 mt=P len=0
PKT t=24973 RX ua=95 mt=R len=7
PKT t=24978 TX ua=95 mt=P len=0
PKT t=24987 RX ua=95 mt=R len=7
PKT t=24992 TX ua=95 mt=P len=0
PKT t=25001 RX ua=95 mt=R len=7
PKT t=25006 TX ua=95 mt=P len=0
PKT t=25015 RX ua=95 mt=R len=7
PKT t=25020 TX ua=95 mt=P len=0
PKT t=25029 RX ua=95 mt=R len=7
PKT t=25034 TX ua=95 mt=P len=0
PKT t=25043 RX ua=95 mt=R len=7
PKT t=25071 TX ua=95 mt=P len=0
PKT t=25080 RX ua=95 mt=R len=7
PKT t=25085 TX ua=95 mt=P len=0
PKT t=25094 RX ua=95 mt=R len=7
PKT t=25099 TX ua=95 mt=P len=0
PKT t=25108 RX ua=95 mt=R len=7
PKT t=25113 TX ua=95 mt=P len=0
PKT t=25122 RX ua=95 mt=R len=7
PKT t=25127 TX ua=95 mt=T len=7
PKT t=25139 TX ua=95 mt=P len=0
PKT t=25148 RX ua=95 mt=R len=7
PKT t=25153 TX ua=95 mt=P len=0
PKT t=25182 RX ua=95 mt=R len=7
PKT t=25187 TX ua=95 mt=P len=0
PKT t=25196 RX ua=95 mt=R len=7
PKT t=25201 TX ua=95 mt=P len=0
PKT t=25210 RX ua=95 mt=R len=7
PKT t=25215 TX ua=95 mt=P len=0
PKT t=25224 RX ua=95 mt=R len=7
PKT t=25229 TX ua=95 mt=P len=0
PKT t=25238 RX ua=95 mt=R len=7
PKT t=25243 TX ua=95 mt=P len=0
PKT t=25271 RX ua=95 mt=R len=7
PKT t=25276 TX ua=95 mt=P len=0
PKT t=25286 RX ua=95 mt=R len=7
PKT t=25291 TX ua=95 mt=P len=0
PKT t=25300 RX ua=95 mt=R len=7
PKT t=25305 TX ua=95 mt=P len=0
PKT t=25314 RX ua=95 mt=R len=7
PKT t=25319 TX ua=95 mt=P len=0
PKT t=25328 RX ua=95 mt=R len=7
PKT t=25333 TX ua=95 mt=P len=0
PKT t=25342 RX ua=95 mt=R len=7
PKT t=25347 TX ua=95 mt=P len=0
PKT t=25356 RX ua=95 mt=R len=7
PKT t=25361 TX ua=95 mt=P len=0
PKT t=25390 RX ua=95 mt=R len=7
PKT t=25395 TX ua=95 mt=T len=7
PKT t=25407 TX ua=95 mt=P len=0
PKT t=25417 RX ua=95 mt=R len=7
PKT t=25422 TX ua=95 mt=P len=0
PKT t=25432 RX ua=95 mt=R len=7
PKT t=25437 TX ua=95 mt=P len=0
PKT t=25471 RX ua=95 mt=R len=7
PKT t=25476 TX ua=95 mt=P len=0
PKT t=25490 RX ua=95 mt=R len=7
PKT t=25495 TX ua=95 mt=P len=0
PKT t=25505 RX ua=95 mt=R len=7
PKT t=25510 TX ua=95 mt=P len=0
PKT t=25520 RX ua=95 mt=R len=7
PKT t=25525 TX ua=95 mt=P len=0
PKT t=25535 RX ua=95 mt=R len=7
PKT t=25540 TX ua=95 mt=P len=0
PKT t=25550 RX ua=95 mt=R len=7
PKT t=25555 TX ua=95 mt=P len=0
PKT t=25565 RX ua=95 mt=R len=7
PKT t=25570 TX ua=95 mt=P len=0
PKT t=25599 RX ua=95 mt=R len=7
PKT t=25604 TX ua=95 mt=P len=0
PKT t=25614 RX ua=95 mt=R len=7
PKT t=25619 TX ua=95 mt=P len=0
PKT t=25629 RX ua=95 mt=R len=7
PKT t=25634 TX ua=95 mt=T len=7
PKT t=25646 TX ua=95 mt=P len=0
PKT t=25671 RX ua=95 mt=R len=7
PKT t=25926 TX ua=96 mt=P len=0
PKT t=26184 TX ua=95 mt=P len=0
PKT t=26193 RX ua=95 mt=R len=7
PKT t=26198 TX ua=95 mt=T len=7
PKT t=26211 TX ua=95 mt=P len=0
PKT t=26220 RX ua=95 mt=R len=7
PKT t=26225 TX ua=95 mt=T len=7
PKT t=26238 TX ua=95 mt=P len=0
PKT t=26271 RX ua=95 mt=R len=7
PKT t=26276 TX ua=95 mt=P len=0
PKT t=26298 RX ua=95 mt=R len=7
PKT t=26303 TX ua=95 mt=P len=0
PKT t=26312 RX ua=95 mt=R len=7
PKT t=26317 TX ua=95 mt=P len=0
PKT t=26326 RX ua=95 mt=R len=7
PKT t=26331 TX ua=95 mt=P len=0
PKT t=26340 RX ua=95 mt=R len=7
PKT t=26345 TX ua=95 mt=P len=0
PKT t=26354 RX ua=95 mt=R len=7
PKT t=26359 TX ua=95 mt=P len=0
PKT t=26368 RX ua=95 mt=R len=7
PKT t=26373 TX ua=95 mt=T len=7
PKT t=26386 TX ua=95 mt=P len=0
PKT t=26404 RX ua=95 mt=R len=7
PKT t=26409 TX ua=95 mt=P len=0
PKT t=26418 RX ua=95 mt=R len=7
PKT t=26423 TX ua=95 mt=P len=0
PKT t=26432 RX ua=95 mt=R len=7
PKT t=26437 TX ua=95 mt=P len=0
PKT t=26446 RX ua=95 mt=R len=7
PKT t=26471 TX ua=95 mt=P len=0
PKT t=26502 RX ua=95 mt=R len=7
PKT t=26507 TX ua=95 mt=P len=0
PKT t=26516 RX ua=95 mt=R len=7
PKT t=26521 TX ua=95 mt=P len=0
PKT t=26530 RX ua=95 mt=R len=7
PKT t=26535 TX ua=95 mt=P len=0
PKT t=26544 RX ua=95 mt=R len=7
PKT t=26549 TX ua=95 mt=P len=0
PKT t=26558 RX ua=95 mt=R len=7
PKT t=26563 TX ua=95 mt=P len=0
PKT t=26572 RX ua=95 mt=R len=7
PKT t=26577 TX ua=95 mt=P len=0
PKT t=26606 RX ua=95 mt=R len=7
PKT t=26611 TX ua=95 mt=P len=0
PKT t=26620 RX ua=95 mt=R len=7
PKT t=26625 TX ua=95 mt=T len=7
PKT t=26638 TX ua=95 mt=P len=0
PKT t=26671 RX ua=95 mt=R len=7
PKT t=26676 TX ua=95 mt=P len=0
PKT t=26706 RX ua=95 mt=R len=7
PKT t=26711 TX ua=95 mt=P len=0
PKT t=26720 RX ua=95 mt=R len=7
PKT t=26725 TX ua=95 mt=P len=0
PKT t=26734 RX ua=95 mt=R len=7
PKT t=26739 TX ua=95 mt=P len=0
PKT t=26748 RX ua=95 mt=R len=7
PKT t=26753 TX ua=95 mt=P len=0
PKT t=26762 RX ua=95 mt=R len=7
PKT t=26767 TX ua=95 mt=P len=0
PKT t=26776 RX ua=95 mt=R len=7
PKT t=26781 TX ua=95 mt=P len=0
PKT t=26810 RX ua=95 mt=R len=7
PKT t=26815 TX ua=95 mt=P len=0
PKT t=26824 RX ua=95 mt=R len=7
PKT t=26829 TX ua=95 mt=P len=0
PKT t=26838 RX ua=95 mt=R len=7
PKT t=26843 TX ua=95 mt=P len=0
PKT t=26871 RX ua=95 mt=R len=7
PKT t=26876 TX ua=95 mt=T len=7
PKT t=26889 TX ua=95 mt=P len=0
PKT t=26917 RX ua=95 mt=R len=7
PKT t=26922 TX ua=95 mt=P len=0
PKT t=26931 RX ua=95 mt=R len=7
PKT t=26936 TX ua=95 mt=P len=0
PKT t=26945 RX ua=95 mt=R len=7
PKT t=26950 TX ua=95 mt=P len=0
PKT t=26959 RX ua=95 mt=R len=7
PKT t=26964 TX ua=95 mt=P len=0
PKT t=26973 RX ua=95 mt=R len=7
PKT t=26978 TX ua=95 mt=P len=0
PKT t=26987 RX ua=95 mt=R len=7
PKT t=26992 TX ua=95 mt=P len=0
PKT t=27021 RX ua=95 mt=R len=7
PKT t=27026 TX ua=95 mt=P len=0
PKT t=27035 RX ua=95 mt=R len=7
PKT t=27040 TX ua=95 mt=P len=0
PKT t=27071 RX ua=95 mt=R len=7
PKT t=27076 TX ua=95 mt=P len=0
PKT t=27085 RX ua=95 mt=R len=7
PKT t=27090 TX ua=95 mt=P len=0
PKT t=27121 RX ua=95 mt=R len=7
PKT t=27126 TX ua=95 mt=T len=7
PKT t=27138 TX ua=95 mt=P len=0
PKT t=27147 RX ua=95 mt=R len=7
PKT t=27152 TX ua=95 mt=P len=0
PKT t=27161 RX ua=95 mt=R len=7
PKT t=27166 TX ua=95 mt=P len=0
PKT t=27175 RX ua=95 mt=R len=7
PKT t=27180 TX ua=95 mt=P len=0
PKT t=27189 RX ua=95 mt=R len=7
PKT t=27194 TX ua=95 mt=P len=0
PKT t=27223 RX ua=95 mt=R len=7
PKT t=27228 TX ua=95 mt=P len=0
PKT t=27237 RX ua=95 mt=R len=7
PKT t=27242 TX ua=95 mt=P len=0
PKT t=27271 RX ua=95 mt=R len=7
PKT t=27276 TX ua=95 mt=P len=0
PKT t=27285 RX ua=95 mt=R len=7
PKT t=27290 TX ua=95 mt=P len=0
PKT t=27323 RX ua=95 mt=R len=7
PKT t=27328 TX ua=95 mt=P len=0
PKT t=27337 RX ua=95 mt=R len=7
PKT t=27342 TX ua=95 mt=P len=0
PKT t=27351 RX ua=95 mt=R len=7
PKT t=27356 TX ua=95 mt=P len=0
PKT t=27365 RX ua=95 mt=R len=7
PKT t=27370 TX ua=95 mt=P len=0
PKT t=27379 RX ua=95 mt=R len=7
PKT t=27384 TX ua=95 mt=T len=7
PKT t=27396 TX ua=95 mt=P len=0
PKT t=27424 RX ua=95 mt=R len=7
PKT t=27429 TX ua=95 mt=P len=0
PKT t=27439 RX ua=95 mt=R len=7
PKT t=27444 TX ua=95 mt=P len=0
PKT t=27471 RX ua=95 mt=R len=7
PKT t=27476 TX ua=95 mt=P len=0
PKT t=27486 RX ua=95 mt=R len=7
PKT t=27491 TX ua=95 mt=P len=0
PKT t=27523 RX ua=95 mt=R len=7
PKT t=27528 TX ua=95 mt=P len=0
PKT t=27538 RX ua=95 mt=R len=7
PKT t=27543 TX ua=95 mt=P len=0
PKT t=27553 RX ua=95 mt=R len=7
PKT t=27558 TX ua=95 mt=P len=0
PKT t=27568 RX ua=95 mt=R len=7
PKT t=27573 TX ua=95 mt=P len=0
PKT t=27583 RX ua=95 mt=R len=7
PKT t=27588 TX ua=95 mt=P len=0
PKT t=27598 RX ua=95 mt=R len=7
PKT t=27603 TX ua=95 mt=P len=0
PKT t=27632 RX ua=95 mt=R len=7
PKT t=27637 TX ua=95 mt=T len=7
PKT t=27671 TX ua=95 mt=P len=0
PKT t=27680 RX ua=95 mt=R len=7
PKT t=27685 TX ua=95 mt=P len=0
PKT t=27694 RX ua=95 mt=R len=7
PKT t=27699 TX ua=95 mt=P len=0
PKT t=27731 RX ua=95 mt=R len=7
PKT t=27736 TX ua=95 mt=P len=0
PKT t=27745 RX ua=95 mt=R len=7
PKT t=27750 TX ua=95 mt=P len=0
PKT t=27759 RX ua=95 mt=R len=7
PKT t=27764 TX ua=95 mt=P len=0
PKT t=27773 RX ua=95 mt=R len=7
PKT t=27778 TX ua=95 mt=P len=0
PKT t=27787 RX ua=95 mt=R len=7
PKT t=27792 TX ua=95 mt=P len=0
PKT t=27801 RX ua=95 mt=R len=7
PKT t=27806 TX ua=95 mt=P len=0
PKT t=27835 RX ua=95 mt=R len=7
PKT t=27840 TX ua=95 mt=P len=0
PKT t=27871 RX ua=95 mt=R len=7
PKT t=27876 TX ua=95 mt=T len=7
PKT t=27888 TX ua=95 mt=P len=0
PKT t=27897 RX ua=95 mt=R len=7
PKT t=27902 TX ua=95 mt=P len=0
PKT t=27935 RX ua=95 mt=R len=7
PKT t=27940 TX ua=95 mt=P len=0
PKT t=27949 RX ua=95 mt=R len=7
PKT t=27954 TX ua=95 mt=P len=0
PKT t=27963 RX ua=95 mt=R len=7
PKT t=27968 TX ua=95 mt=P len=0
PKT t=27977 RX ua=95 mt=R len=7
PKT t=27982 TX ua=95 mt=P len=0
PKT t=27991 RX ua=95 mt=R len=7
PKT t=27996 TX ua=95 mt=P len=0
PKT t=28005 RX ua=95 mt=R len=7
PKT t=28010 TX ua=95 mt=P len=0
PKT t=28039 RX ua=95 mt=R len=7
PKT t=28044 TX ua=95 mt=P len=0
PKT t=28071 RX ua=95 mt=R len=7
PKT t=28076 TX ua=95 mt=P len=0
PKT t=28085 RX ua=95 mt=R len=7
PKT t=28090 TX ua=95 mt=P len=0
PKT t=28099 RX ua=95 mt=R len=7
PKT t=28104 TX ua=95 mt=P len=0
PKT t=28113 RX ua=95 mt=R len=7
PKT t=28118 TX ua=95 mt=T len=7
PKT t=28130 TX ua=95 mt=P len=0
PKT t=28149 RX ua=95 mt=R len=7
PKT t=28154 TX ua=95 mt=P len=0
PKT t=28163 RX ua=95 mt=R len=7
PKT t=28168 TX ua=95 mt=P len=0
PKT t=28177 RX ua=95 mt=R len=7
PKT t=28182 TX ua=95 mt=P len=0
PKT t=28191 RX ua=95 mt=R len=7
PKT t=28196 TX ua=95 mt=P len=0
PKT t=28206 RX ua=95 mt=R len=7
PKT t=28211 TX ua=95 mt=P len=0
PKT t=28220 RX ua=95 mt=R len=7
PKT t=28225 TX ua=95 mt=P len=0
PKT t=28271 RX ua=95 mt=R len=7
PKT t=28276 TX ua=95 mt=P len=0
PKT t=28285 RX ua=95 mt=R len=7
PKT t=28290 TX ua=95 mt=P len=0
PKT t=28299 RX ua=95 mt=R len=7
PKT t=28304 TX ua=95 mt=P len=0
PKT t=28313 RX ua=95 mt=R len=7
PKT t=28318 TX ua=95 mt=P len=0
PKT t=28327 RX ua=95 mt=R len=7
PKT t=28332 TX ua=95 mt=P len=0
PKT t=28361 RX ua=95 mt=R len=7
PKT t=28366 TX ua=95 mt=P len=0
PKT t=28375 RX ua=95 mt=R len=7
PKT t=28380 TX ua=95 mt=T len=7
PKT t=28392 TX ua=95 mt=P len=0
PKT t=28401 RX ua=95 mt=R len=7
PKT t=28406 TX ua=95 mt=P len=0
PKT t=28415 RX ua=95 mt=R len=7
PKT t=28420 TX ua=95 mt=P len=0
PKT t=28429 RX ua=95 mt=R len=7
PKT t=28434 TX ua=95 mt=P len=0
PKT t=28471 RX ua=95 mt=R len=7
PKT t=28476 TX ua=95 mt=P len=0
PKT t=28485 RX ua=95 mt=R len=7
PKT t=28490 TX ua=95 mt=P len=0
PKT t=28499 RX ua=95 mt=R len=7
PKT t=28504 TX ua=95 mt=P len=0
PKT t=28513 RX ua=95 mt=R len=7
PKT t=28518 TX ua=95 mt=P len=0
PKT t=28527 RX ua=95 mt=R len=7
PKT t=28532 TX ua=95 mt=P len=0
PKT t=28563 RX ua=95 mt=R len=7
PKT t=28568 TX ua=95 mt=P len=0
PKT t=28577 RX ua=95 mt=R len=7
PKT t=28582 TX ua=95 mt=P len=0
PKT t=28591 RX ua=95 mt=R len=7
PKT t=28596 TX ua=95 mt=P len=0
PKT t=28605 RX ua=95 mt=R len=7
PKT t=28610 TX ua=95 mt=P len=0
PKT t=28619 RX ua=95 mt=R len=7
PKT t=28624 TX ua=95 mt=T len=7
PKT t=28636 TX ua=95 mt=P len=0
PKT t=28671 RX ua=95 mt=R len=7
PKT t=28676 TX ua=95 mt=P len=0
PKT t=28685 RX ua=95 mt=R len=7
PKT t=28690 TX ua=95 mt=P len=0
PKT t=28699 RX ua=95 mt=R len=7
PKT t=28704 TX ua=95 mt=P len=0
PKT t=28713 RX ua=95 mt=R len=7
PKT t=28718 TX ua=95 mt=P len=0
PKT t=28727 RX ua=95 mt=R len=7
PKT t=28732 TX ua=95 mt=P len=0
PKT t=28763 RX ua=95 mt=R len=7
PKT t=28768 TX ua=95 mt=P len=0
PKT t=28777 RX ua=95 mt=R len=7
PKT t=28782 TX ua=95 mt=P len=0
PKT t=28791 RX ua=95 mt=R len=7
PKT t=28796 TX ua=95 mt=P len=0
PKT t=28805 RX ua=95 mt=R len=7
PKT t=28810 TX ua=95 mt=P len=0
PKT t=28819 RX ua=95 mt=R len=7
PKT t=28824 TX ua=95 mt=P len=0
PKT t=28833 RX ua=95 mt=R len=7
PKT t=28838 TX ua=95 mt=P len=0
PKT t=28871 RX ua=95 mt=R len=7
PKT t=28876 TX ua=95 mt=T len=7
PKT t=28888 TX ua=95 mt=P len=0
PKT t=28897 RX ua=95 mt=R len=7
PKT t=28902 TX ua=95 mt=P len=0
PKT t=28911 RX ua=95 mt=R len=7
PKT t=28916 TX ua=95 mt=P len=0
PKT t=28925 RX ua=95 mt=R len=7
PKT t=28930 TX ua=95 mt=P len=0
PKT t=28939 RX ua=95 mt=R len=7
PKT t=28944 TX ua=95 mt=P len=0
PKT t=28973 RX ua=95 mt=R len=7
PKT t=28978 TX ua=95 mt=P len=0
PKT t=28987 RX ua=95 mt=R len=7
PKT t=28992 TX ua=95 mt=P len=0
PKT t=29001 RX ua=95 mt=R len=7
PKT t=29006 TX ua=95 mt=P len=0
PKT t=29015 RX ua=95 mt=R len=7
PKT t=29020 TX ua=95 mt=P len=0
PKT t=29029 RX ua=95 mt=R len=7
PKT t=29034 TX ua=95 mt=P len=0
PKT t=29043 RX ua=95 mt=R len=7
PKT t=29071 TX ua=95 mt=P len=0
PKT t=29080 RX ua=95 mt=R len=7
PKT t=29085 TX ua=95 mt=P len=0
PKT t=29094 RX ua=95 mt=R len=7
PKT t=29099 TX ua=95 mt=P len=0
PKT t=29108 RX ua=95 mt=R len=7
PKT t=29113 TX ua=95 mt=P len=0
PKT t=29122 RX ua=95 mt=R len=7
PKT t=29127 TX ua=95 mt=T len=7
PKT t=29140 TX ua=95 mt=P len=0
PKT t=29149 RX ua=95 mt=R len=7
PKT t=29154 TX ua=95 mt=P len=0
PKT t=29183 RX ua=95 mt=R len=7
PKT t=29188 TX ua=95 mt=P len=0
PKT t=29197 RX ua=95 mt=R len=7
PKT t=29202 TX ua=95 mt=P len=0
PKT t=29211 RX ua=95 mt=R len=7
PKT t=29216 TX ua=95 mt=P len=0
PKT t=29225 RX ua=95 mt=R len=7
PKT t=29230 TX ua=95 mt=P len=0
PKT t=29239 RX ua=95 mt=R len=7
PKT t=29244 TX ua=95 mt=P len=0
PKT t=29271 RX ua=95 mt=R len=7
PKT t=29276 TX ua=95 mt=P len=0
PKT t=29287 RX ua=95 mt=R len=7
PKT t=29292 TX ua=95 mt=P len=0
PKT t=29301 RX ua=95 mt=R len=7
PKT t=29306 TX ua=95 mt=P len=0
PKT t=29315 RX ua=95 mt=R len=7
PKT t=29320 TX ua=95 mt=P len=0
PKT t=29329 RX ua=95 mt=R len=7
PKT t=29334 TX ua=95 mt=P len=0
PKT t=29343 RX ua=95 mt=R len=7
PKT t=29348 TX ua=95 mt=P len=0
PKT t=29357 RX ua=95 mt=R len=7
PKT t=29362 TX ua=95 mt=P len=0
PKT t=29391 RX ua=95 mt=R len=7
PKT t=29396 TX ua=95 mt=T len=7
PKT t=29409 TX ua=95 mt=P len=0
PKT t=29419 RX ua=95 mt=R len=7
PKT t=29424 TX ua=95 mt=P len=0
PKT t=29434 RX ua=95 mt=R len=7
PKT t=29439 TX ua=95 mt=P len=0
PKT t=29471 RX ua=95 mt=R len=7
PKT t=29476 TX ua=95 mt=P len=0
PKT t=29491 RX ua=95 mt=R len=7
PKT t=29496 TX ua=95 mt=P len=0
PKT t=29506 RX ua=95 mt=R len=7
PKT t=29511 TX ua=95 mt=P len=0
PKT t=29521 RX ua=95 mt=R len=7
PKT t=29526 TX ua=95 mt=P len=0
PKT t=29536 RX ua=95 mt=R len=7
PKT t=29541 TX ua=95 mt=P len=0
PKT t=29551 RX ua=95 mt=R len=7
PKT t=29556 TX ua=95 mt=P len=0
PKT t=29566 RX ua=95 mt=R len=7
PKT t=29571 TX ua=95 mt=P len=0
PKT t=29600 RX ua=95 mt=R len=7
PKT t=29605 TX ua=95 mt=P len=0
PKT t=29615 RX ua=95 mt=R len=7
PKT t=29620 TX ua=95 mt=P len=0
PKT t=29630 RX ua=95 mt=R len=7
PKT t=29635 TX ua=95 mt=T len=7
PKT t=29671 TX ua=95 mt=P len=0
PKT t=29699 RX ua=95 mt=R len=7
PKT t=29704 TX ua=95 mt=P len=0
PKT t=29713 RX ua=95 mt=R len=7
PKT t=29718 TX ua=95 mt=P len=0
PKT t=29727 RX ua=95 mt=R len=7
PKT t=29732 TX ua=95 mt=P len=0
PKT t=29741 RX ua=95 mt=R len=7
PKT t=29746 TX ua=95 mt=P len=0
PKT t=29755 RX ua=95 mt=R len=7
PKT t=29760 TX ua=95 mt=P len=0
PKT t=29769 RX ua=95 mt=R len=7
PKT t=29774 TX ua=95 mt=P len=0
PKT t=29803 RX ua=95 mt=R len=7
PKT t=29808 TX ua=95 mt=P len=0
PKT t=29817 RX ua=95 mt=R len=7
PKT t=29822 TX ua=95 mt=P len=0
PKT t=29831 RX ua=95 mt=R len=7
PKT t=29836 TX ua=95 mt=P len=0
PKT t=29845 RX ua=95 mt=R len=7
PKT t=29871 TX ua=95 mt=P len=0
PKT t=29903 RX ua=95 mt=R len=7
PKT t=29908 TX ua=95 mt=T len=7
PKT t=29921 TX ua=95 mt=P len=0
PKT t=29930 RX ua=95 mt=R len=7
PKT t=29935 TX ua=95 mt=P len=0
PKT t=29944 RX ua=95 mt=R len=7
PKT t=29949 TX ua=95 mt=P len=0
PKT t=29958 RX ua=95 mt=R len=7
PKT t=29963 TX ua=95 mt=P len=0
PKT t=29972 RX ua=95 mt=R len=7
PKT t=29977 TX ua=95 mt=P len=0
PKT t=30006 RX ua=95 mt=R len=7
PKT t=30011 TX ua=95 mt=P len=0
PKT t=30020 RX ua=95 mt=R len=7
PKT t=30025 TX ua=95 mt=P len=0
PKT t=30034 RX ua=95 mt=R len=7
PKT t=30039 TX ua=95 mt=P len=0
PKT t=30071 RX ua=95 mt=R len=7
PKT t=30076 TX ua=95 mt=P len=0
PKT t=30106 RX ua=95 mt=R len=7
PKT t=30111 TX ua=95 mt=P len=0
PKT t=30120 RX ua=95 mt=R len=7
PKT t=30125 TX ua=95 mt=T len=7
PKT t=30137 TX ua=95 mt=P len=0
PKT t=30146 RX ua=95 mt=R len=7
PKT t=30151 TX ua=95 mt=P len=0
PKT t=30160 RX ua=95 mt=R len=7
PKT t=30165 TX ua=95 mt=P len=0
PKT t=30174 RX ua=95 mt=R len=7
PKT t=30179 TX ua=95 mt=P len=0
PKT t=30208 RX ua=95 mt=R len=7
PKT t=30213 TX ua=95 mt=P len=0
PKT t=30222 RX ua=95 mt=R len=7
PKT t=30227 TX ua=95 mt=P len=0
PKT t=30236 RX ua=95 mt=R len=7
PKT t=30241 TX ua=95 mt=P len=0
PKT t=30271 RX ua=95 mt=R len=7
PKT t=30276 TX ua=95 mt=P len=0
PKT t=30308 RX ua=95 mt=R len=7
PKT t=30313 TX ua=95 mt=P len=0
PKT t=30322 RX ua=95 mt=R len=7
PKT t=30327 TX ua=95 mt=P len=0
PKT t=30336 RX ua=95 mt=R len=7
PKT t=30341 TX ua=95 mt=P len=0
PKT t=30350 RX ua=95 mt=R len=7
PKT t=30355 TX ua=95 mt=P len=0
PKT t=30364 RX ua=95 mt=R len=7
PKT t=30369 TX ua=95 mt=P len=0
PKT t=30378 RX ua=95 mt=R len=7
PKT t=30383 TX ua=95 mt=T len=7
PKT t=30395 TX ua=95 mt=P len=0
PKT t=30414 RX ua=95 mt=R len=7
PKT t=30419 TX ua=95 mt=P len=0
PKT t=30428 RX ua=95 mt=R len=7
PKT t=30433 TX ua=95 mt=P len=0
PKT t=30442 RX ua=95 mt=R len=7
PKT t=30447 TX ua=95 mt=P len=0
PKT t=30472 RX ua=95 mt=R len=7
PKT t=30727 TX ua=96 mt=P len=0
PKT t=30985 TX ua=95 mt=P len=0
PKT t=30994 RX ua=95 mt=R len=7
PKT t=30999 TX ua=95 mt=T len=7
PKT t=31011 TX ua=95 mt=P len=0
PKT t=31020 RX ua=95 mt=R len=7
PKT t=31025 TX ua=95 mt=P len=0
PKT t=31034 RX ua=95 mt=R len=7
PKT t=31039 TX ua=95 mt=P len=0
PKT t=31071 RX ua=95 mt=R len=7
PKT t=31076 TX ua=95 mt=P len=0
PKT t=31085 RX ua=95 mt=R len=7
PKT t=31090 TX ua=95 mt=P len=0
PKT t=31119 RX ua=95 mt=R len=7
PKT t=31124 TX ua=95 mt=T len=7
PKT t=31136 TX ua=95 mt=P len=0
PKT t=31145 RX ua=95 mt=R len=7
PKT t=31150 TX ua=95 mt=P len=0
PKT t=31159 RX ua=95 mt=R len=7
PKT t=31164 TX ua=95 mt=P len=0
PKT t=31173 RX ua=95 mt=R len=7
PKT t=31178 TX ua=95 mt=P len=0
PKT t=31187 RX ua=95 mt=R len=7
PKT t=31192 TX ua=95 mt=P len=0
PKT t=31221 RX ua=95 mt=R len=7
PKT t=31226 TX ua=95 mt=P len=0
PKT t=31235 RX ua=95 mt=R len=7
PKT t=31240 TX ua=95 mt=P len=0
PKT t=31271 RX ua=95 mt=R len=7
PKT t=31276 TX ua=95 mt=P len=0
PKT t=31285 RX ua=95 mt=R len=7
PKT t=31290 TX ua=95 mt=P len=0
PKT t=31321 RX ua=95 mt=R len=7
PKT t=31326 TX ua=95 mt=P len=0
PKT t=31335 RX ua=95 mt=R len=7
PKT t=31340 TX ua=95 mt=P len=0
PKT t=31349 RX ua=95 mt=R len=7
PKT t=31354 TX ua=95 mt=P len=0
PKT t=31363 RX ua=95 mt=R len=7
PKT t=31368 TX ua=95 mt=P len=0
PKT t=31377 RX ua=95 mt=R len=7
PKT t=31382 TX ua=95 mt=T len=7
PKT t=31394 TX ua=95 mt=P len=0
PKT t=31422 RX ua=95 mt=R len=7
PKT t=31427 TX ua=95 mt=P len=0
PKT t=31437 RX ua=95 mt=R len=7
PKT t=31442 TX ua=95 mt=P len=0
PKT t=31471 RX ua=95 mt=R len=7
PKT t=31476 TX ua=95 mt=P len=0
PKT t=31486 RX ua=95 mt=R len=7
PKT t=31491 TX ua=95 mt=P len=0
PKT t=31522 RX ua=95 mt=R len=7
PKT t=31527 TX ua=95 mt=P len=0
PKT t=31537 RX ua=95 mt=R len=7
PKT t=31542 TX ua=95 mt=P len=0
PKT t=31552 RX ua=95 mt=R len=7
PKT t=31557 TX ua=95 mt=P len=0
PKT t=31567 RX ua=95 mt=R len=7
PKT t=31572 TX ua=95 mt=P len=0
PKT t=31582 RX ua=95 mt=R len=7
PKT t=31587 TX ua=95 mt=P len=0
PKT t=31597 RX ua=95 mt=R len=7
PKT t=31602 TX ua=95 mt=P len=0
PKT t=31631 RX ua=95 mt=R len=7
PKT t=31636 TX ua=95 mt=T len=7
PKT t=31671 TX ua=95 mt=P len=0
PKT t=31680 RX ua=95 mt=R len=7
PKT t=31685 TX ua=95 mt=P len=0
PKT t=31694 RX ua=95 mt=R len=7
PKT t=31699 TX ua=95 mt=P len=0
PKT t=31730 RX ua=95 mt=R len=7
PKT t=31735 TX ua=95 mt=P len=0
PKT t=31744 RX ua=95 mt=R len=7
PKT t=31749 TX ua=95 mt=P len=0
PKT t=31758 RX ua=95 mt=R len=7
PKT t=31763 TX ua=95 mt=P len=0
PKT t=31772 RX ua=95 mt=R len=7
PKT t=31777 TX ua=95 mt=P len=0
PKT t=31786 RX ua=95 mt=R len=7
PKT t=31791 TX ua=95 mt=P len=0
PKT t=31800 RX ua=95 mt=R len=7
PKT t=31805 TX ua=95 mt=P len=0
PKT t=31834 RX ua=95 mt=R len=7
PKT t=31839 TX ua=95 mt=P len=0
PKT t=31871 RX ua=95 mt=R len=7
PKT t=31876 TX ua=95 mt=T len=7
PKT t=31888 TX ua=95 mt=P len=0
PKT t=31897 RX ua=95 mt=R len=7
PKT t=31902 TX ua=95 mt=P len=0
PKT t=31936 RX ua=95 mt=R len=7
PKT t=31941 TX ua=95 mt=P len=0
PKT t=31950 RX ua=95 mt=R len=7
PKT t=31955 TX ua=95 mt=P len=0
PKT t=31964 RX ua=95 mt=R len=7
PKT t=31969 TX ua=95 mt=P len=0
PKT t=31978 RX ua=95 mt=R len=7
PKT t=31983 TX ua=95 mt=P len=0
PKT t=31992 RX ua=95 mt=R len=7
PKT t=31997 TX ua=95 mt=P len=0
PKT t=32006 RX ua=95 mt=R len=7
PKT t=32011 TX ua=95 mt=P len=0
PKT t=32041 RX ua=95 mt=R len=7
PKT t=32046 TX ua=95 mt=P len=0
PKT t=32071 RX ua=95 mt=R len=7
PKT t=32326 TX ua=96 mt=P len=0
PKT t=32584 TX ua=95 mt=P len=0
PKT t=32593 RX ua=95 mt=R len=7
PKT t=32598 TX ua=95 mt=T len=7
PKT t=32610 TX ua=95 mt=P len=0
PKT t=32640 RX ua=95 mt=R len=7
PKT t=32645 TX ua=95 mt=T len=7
PKT t=32678 TX ua=95 mt=P len=0
PKT t=32687 RX ua=95 mt=R len=7
PKT t=32692 TX ua=95 mt=P len=0
PKT t=32701 RX ua=95 mt=R len=7
PKT t=32706 TX ua=95 mt=P len=0
PKT t=32715 RX ua=95 mt=R len=7
PKT t=32720 TX ua=95 mt=P len=0
PKT t=32749 RX ua=95 mt=R len=7
PKT t=32754 TX ua=95 mt=P len=0
PKT t=32763 RX ua=95 mt=R len=7
PKT t=32768 TX ua=95 mt=P len=0
PKT t=32777 RX ua=95 mt=R len=7
PKT t=32782 TX ua=95 mt=P len=0
PKT t=32791 RX ua=95 mt=R len=7
PKT t=32796 TX ua=95 mt=P len=0
PKT t=32805 RX ua=95 mt=R len=7
PKT t=32810 TX ua=95 mt=P len=0
PKT t=32819 RX ua=95 mt=R len=7
PKT t=32824 TX ua=95 mt=P len=0
PKT t=32871 RX ua=95 mt=R len=7
PKT t=32876 TX ua=95 mt=T len=7
PKT t=32888 TX ua=95 mt=P len=0
PKT t=32897 RX ua=95 mt=R len=7
PKT t=32902 TX ua=95 mt=P len=0
PKT t=32911 RX ua=95 mt=R len=7
PKT t=32916 TX ua=95 mt=P len=0
PKT t=32925 RX ua=95 mt=R len=7
PKT t=32930 TX ua=95 mt=P len=0
PKT t=32959 RX ua=95 mt=R len=7
PKT t=32964 TX ua=95 mt=P len=0
PKT t=32973 RX ua=95 mt=R len=7
PKT t=32978 TX ua=95 mt=P len=0
PKT t=32987 RX ua=95 mt=R len=7
PKT t=32992 TX ua=95 mt=P len=0
PKT t=33001 RX ua=95 mt=R len=7
PKT t=33006 TX ua=95 mt=P len=0
PKT t=33015 RX ua=95 mt=R len=7
PKT t=33020 TX ua=95 mt=P len=0
PKT t=33029 RX ua=95 mt=R len=7
PKT t=33034 TX ua=95 mt=P len=0
PKT t=33071 RX ua=95 mt=R len=7
PKT t=33076 TX ua=95 mt=P len=0
PKT t=33085 RX ua=95 mt=R len=7
PKT t=33090 TX ua=95 mt=P len=0
PKT t=33099 RX ua=95 mt=R len=7
PKT t=33104 TX ua=95 mt=P len=0
PKT t=33113 RX ua=95 mt=R len=7
PKT t=33118 TX ua=95 mt=T len=7
PKT t=33130 TX ua=95 mt=P len=0
PKT t=33163 RX ua=95 mt=R len=7
PKT t=33168 TX ua=95 mt=P len=0
PKT t=33177 RX ua=95 mt=R len=7
PKT t=33182 TX ua=95 mt=P len=0
PKT t=33191 RX ua=95 mt=R len=7
PKT t=33196 TX ua=95 mt=P len=0
PKT t=33205 RX ua=95 mt=R len=7
PKT t=33210 TX ua=95 mt=P len=0
PKT t=33219 RX ua=95 mt=R len=7
PKT t=33224 TX ua=95 mt=P len=0
PKT t=33233 RX ua=95 mt=R len=7
PKT t=33238 TX ua=95 mt=P len=0
PKT t=33271 RX ua=95 mt=R len=7
PKT t=33276 TX ua=95 mt=P len=0
PKT t=33285 RX ua=95 mt=R len=7
PKT t=33290 TX ua=95 mt=P len=0
PKT t=33299 RX ua=95 mt=R len=7
PKT t=33304 TX ua=95 mt=P len=0
PKT t=33313 RX ua=95 mt=R len=7
PKT t=33318 TX ua=95 mt=P len=0
PKT t=33327 RX ua=95 mt=R len=7
PKT t=33332 TX ua=95 mt=P len=0
PKT t=33342 RX ua=95 mt=R len=7
PKT t=33347 TX ua=95 mt=P len=0
PKT t=33375 RX ua=95 mt=R len=7
PKT t=33380 TX ua=95 mt=T len=7
PKT t=33392 TX ua=95 mt=P len=0
PKT t=33402 RX ua=95 mt=R len=7
PKT t=33407 TX ua=95 mt=P len=0
PKT t=33417 RX ua=95 mt=R len=7
PKT t=33422 TX ua=95 mt=P len=0
PKT t=33432 RX ua=95 mt=R len=7
PKT t=33437 TX ua=95 mt=P len=0
PKT t=33471 RX ua=95 mt=R len=7
PKT t=33476 TX ua=95 mt=P len=0
PKT t=33486 RX ua=95 mt=R len=7
PKT t=33491 TX ua=95 mt=P len=0
PKT t=33501 RX ua=95 mt=R len=7
PKT t=33506 TX ua=95 mt=P len=0
PKT t=33516 RX ua=95 mt=R len=7
PKT t=33521 TX ua=95 mt=P len=0
PKT t=33531 RX ua=95 mt=R len=7
PKT t=33536 TX ua=95 mt=P len=0
PKT t=33546 RX ua=95 mt=R len=7
PKT t=33551 TX ua=95 mt=P len=0
PKT t=33580 RX ua=95 mt=R len=7
PKT t=33585 TX ua=95 mt=P len=0
PKT t=33595 RX ua=95 mt=R len=7
PKT t=33600 TX ua=95 mt=P len=0
PKT t=33610 RX ua=95 mt=R len=7
PKT t=33615 TX ua=95 mt=P len=0
PKT t=33625 RX ua=95 mt=R len=7
PKT t=33630 TX ua=95 mt=T len=7
PKT t=33642 TX ua=95 mt=P len=0
PKT t=33671 RX ua=95 mt=R len=7
PKT t=33676 TX ua=95 mt=P len=0
PKT t=33685 RX ua=95 mt=R len=7
PKT t=33690 TX ua=95 mt=P len=0
PKT t=33699 RX ua=95 mt=R len=7
PKT t=33704 TX ua=95 mt=P len=0
PKT t=33713 RX ua=95 mt=R len=7
PKT t=33718 TX ua=95 mt=P len=0
PKT t=33727 RX ua=95 mt=R len=7
PKT t=33732 TX ua=95 mt=P len=0
PKT t=33741 RX ua=95 mt=R len=7
PKT t=33746 TX ua=95 mt=P len=0
PKT t=33755 RX ua=95 mt=R len=7
PKT t=33760 TX ua=95 mt=P len=0
PKT t=33789 RX ua=95 mt=R len=7
PKT t=33794 TX ua=95 mt=P len=0
PKT t=33803 RX ua=95 mt=R len=7
PKT t=33808 TX ua=95 mt=P len=0
PKT t=33817 RX ua=95 mt=R len=7
PKT t=33822 TX ua=95 mt=P len=0
PKT t=33831 RX ua=95 mt=R len=7
PKT t=33836 TX ua=95 mt=P len=0
PKT t=33845 RX ua=95 mt=R len=7
PKT t=33871 TX ua=95 mt=P len=0
PKT t=33888 RX ua=95 mt=R len=7
PKT t=33893 TX ua=95 mt=T len=7
PKT t=33905 TX ua=95 mt=P len=0
PKT t=33914 RX ua=95 mt=R len=7
PKT t=33919 TX ua=95 mt=P len=0
PKT t=33928 RX ua=95 mt=R len=7
PKT t=33933 TX ua=95 mt=P len=0
PKT t=33942 RX ua=95 mt=R len=7
PKT t=33947 TX ua=95 mt=P len=0
PKT t=33956 RX ua=95 mt=R len=7
PKT t=33961 TX ua=95 mt=P len=0
PKT t=33990 RX ua=95 mt=R len=7
PKT t=33995 TX ua=95 mt=P len=0
PKT t=34004 RX ua=95 mt=R len=7
PKT t=34009 TX ua=95 mt=P len=0
PKT t=34021 RX ua=95 mt=R len=7
PKT t=34026 TX ua=95 mt=P len=0
PKT t=34035 RX ua=95 mt=R len=7
PKT t=34040 TX ua=95 mt=P len=0
PKT t=34071 RX ua=95 mt=R len=7
PKT t=34076 TX ua=95 mt=P len=0
PKT t=34089 RX ua=95 mt=R len=7
PKT t=34094 TX ua=95 mt=P len=0
PKT t=34103 RX ua=95 mt=R len=7
PKT t=34108 TX ua=95 mt=P len=0
PKT t=34117 RX ua=95 mt=R len=7
PKT t=34122 TX ua=95 mt=T len=7
PKT t=34135 TX ua=95 mt=P len=0
PKT t=34144 RX ua=95 mt=R len=7
PKT t=34149 TX ua=95 mt=T len=7
PKT t=34162 TX ua=95 mt=P len=0
PKT t=34194 RX ua=95 mt=R len=7
PKT t=34199 TX ua=95 mt=P len=0
PKT t=34208 RX ua=95 mt=R len=7
PKT t=34213 TX ua=95 mt=P len=0
PKT t=34222 RX ua=95 mt=R len=7
PKT t=34227 TX ua=95 mt=P len=0
PKT t=34236 RX ua=95 mt=R len=7
PKT t=34241 TX ua=95 mt=P len=0
PKT t=34271 RX ua=95 mt=R len=7
PKT t=34276 TX ua=95 mt=P len=0
PKT t=34289 RX ua=95 mt=R len=7
PKT t=34294 TX ua=95 mt=P len=0
PKT t=34303 RX ua=95 mt=R len=7
PKT t=34308 TX ua=95 mt=P len=0
PKT t=34317 RX ua=95 mt=R len=7
PKT t=34322 TX ua=95 mt=P len=0
PKT t=34331 RX ua=95 mt=R len=7
PKT t=34336 TX ua=95 mt=P len=0
PKT t=34345 RX ua=95 mt=R len=7
PKT t=34350 TX ua=95 mt=P len=0
PKT t=34359 RX ua=95 mt=R len=7
PKT t=34364 TX ua=95 mt=P len=0
PKT t=34393 RX ua=95 mt=R len=7
PKT t=34398 TX ua=95 mt=T len=7
PKT t=34411 TX ua=95 mt=P len=0
PKT t=34420 RX ua=95 mt=R len=7
PKT t=34425 TX ua=95 mt=P len=0
PKT t=34434 RX ua=95 mt=R len=7
PKT t=34439 TX ua=95 mt=P len=0
PKT t=34471 RX ua=95 mt=R len=7
PKT t=34476 TX ua=95 mt=P len=0
PKT t=34493 RX ua=95 mt=R len=7
PKT t=34498 TX ua=95 mt=P len=0
PKT t=34507 RX ua=95 mt=R len=7
PKT t=34512 TX ua=95 mt=P len=0
PKT t=34521 RX ua=95 mt=R len=7
PKT t=34526 TX ua=95 mt=P len=0
PKT t=34535 RX ua=95 mt=R len=7
PKT t=34540 TX ua=95 mt=P len=0
PKT t=34549 RX ua=95 mt=R len=7
PKT t=34554 TX ua=95 mt=P len=0
PKT t=34563 RX ua=95 mt=R len=7
PKT t=34568 TX ua=95 mt=P len=0
PKT t=34597 RX ua=95 mt=R len=7
PKT t=34602 TX ua=95 mt=P len=0
PKT t=34611 RX ua=95 mt=R len=7
PKT t=34616 TX ua=95 mt=P len=0
PKT t=34625 RX ua=95 mt=R len=7
PKT t=34630 TX ua=95 mt=T len=7
PKT t=34643 TX ua=95 mt=P len=0
PKT t=34671 RX ua=95 mt=R len=7
PKT t=34676 TX ua=95 mt=P len=0
PKT t=34696 RX ua=95 mt=R len=7
PKT t=34701 TX ua=95 mt=P len=0
PKT t=34710 RX ua=95 mt=R len=7
PKT t=34715 TX ua=95 mt=P len=0
PKT t=34724 RX ua=95 mt=R len=7
PKT t=34729 TX ua=95 mt=P len=0
PKT t=34738 RX ua=95 mt=R len=7
PKT t=34743 TX ua=95 mt=P len=0
PKT t=34752 RX ua=95 mt=R len=7
PKT t=34757 TX ua=95 mt=P len=0
PKT t=34766 RX ua=95 mt=R len=7
PKT t=34771 TX ua=95 mt=P len=0
PKT t=34800 RX ua=95 mt=R len=7
PKT t=34805 TX ua=95 mt=P len=0
PKT t=34814 RX ua=95 mt=R len=7
PKT t=34819 TX ua=95 mt=P len=0
PKT t=34828 RX ua=95 mt=R len=7
PKT t=34833 TX ua=95 mt=P len=0
PKT t=34842 RX ua=95 mt=R len=7
PKT t=34847 TX ua=95 mt=P len=0
PKT t=34872 RX ua=95 mt=R len=7
PKT t=35127 TX ua=96 mt=P len=0
PKT t=35385 TX ua=95 mt=P len=0
PKT t=35394 RX ua=95 mt=R len=7
PKT t=35399 TX ua=95 mt=T len=7
PKT t=35411 TX ua=95 mt=P len=0
PKT t=35421 RX ua=95 mt=R len=7
PKT t=35426 TX ua=95 mt=P len=0
PKT t=35436 RX ua=95 mt=R len=7
PKT t=35441 TX ua=95 mt=P len=0
PKT t=35471 RX ua=95 mt=R len=7
PKT t=35476 TX ua=95 mt=P len=0
PKT t=35501 RX ua=95 mt=R len=7
PKT t=35506 TX ua=95 mt=P len=0
PKT t=35516 RX ua=95 mt=R len=7
PKT t=35521 TX ua=95 mt=P len=0
PKT t=35531 RX ua=95 mt=R len=7
PKT t=35536 TX ua=95 mt=P len=0
PKT t=35546 RX ua=95 mt=R len=7
PKT t=35551 TX ua=95 mt=P len=0
PKT t=35561 RX ua=95 mt=R len=7
PKT t=35566 TX ua=95 mt=P len=0
PKT t=35576 RX ua=95 mt=R len=7
PKT t=35581 TX ua=95 mt=P len=0
PKT t=35610 RX ua=95 mt=R len=7
PKT t=35615 TX ua=95 mt=P len=0
PKT t=35625 RX ua=95 mt=R len=7
PKT t=35630 TX ua=95 mt=T len=7
PKT t=35642 TX ua=95 mt=P len=0
PKT t=35671 RX ua=95 mt=R len=7
PKT t=35676 TX ua=95 mt=P len=0
PKT t=35709 RX ua=95 mt=R len=7
PKT t=35714 TX ua=95 mt=P len=0
PKT t=35723 RX ua=95 mt=R len=7
PKT t=35728 TX ua=95 mt=P len=0
PKT t=35737 RX ua=95 mt=R len=7
PKT t=35742 TX ua=95 mt=P len=0
PKT t=35751 RX ua=95 mt=R len=7
PKT t=35756 TX ua=95 mt=P len=0
PKT t=35765 RX ua=95 mt=R len=7
PKT t=35770 TX ua=95 mt=P len=0
PKT t=35779 RX ua=95 mt=R len=7
PKT t=35784 TX ua=95 mt=P len=0
PKT t=35813 RX ua=95 mt=R len=7
PKT t=35818 TX ua=95 mt=P len=0
PKT t=35827 RX ua=95 mt=R len=7
PKT t=35832 TX ua=95 mt=P len=0
PKT t=35841 RX ua=95 mt=R len=7
PKT t=35846 TX ua=95 mt=P len=0
PKT t=35871 RX ua=95 mt=R len=7
PKT t=36126 TX ua=96 mt=P len=0
PKT t=36384 TX ua=95 mt=P len=0
PKT t=36393 RX ua=95 mt=R len=7
PKT t=36398 TX ua=95 mt=T len=7
PKT t=36410 TX ua=95 mt=P len=0
PKT t=36419 RX ua=95 mt=R len=7
PKT t=36424 TX ua=95 mt=P len=0
PKT t=36433 RX ua=95 mt=R len=7
PKT t=36438 TX ua=95 mt=P len=0
PKT t=36471 RX ua=95 mt=R len=7
PKT t=36476 TX ua=95 mt=P len=0
PKT t=36485 RX ua=95 mt=R len=7
PKT t=36490 TX ua=95 mt=P len=0
PKT t=36519 RX ua=95 mt=R len=7
PKT t=36524 TX ua=95 mt=P len=0
PKT t=36533 RX ua=95 mt=R len=7
PKT t=36538 TX ua=95 mt=P len=0
PKT t=36547 RX ua=95 mt=R len=7
PKT t=36552 TX ua=95 mt=P len=0
PKT t=36561 RX ua=95 mt=R len=7
PKT t=36566 TX ua=95 mt=P len=0
PKT t=36575 RX ua=95 mt=R len=7
PKT t=36580 TX ua=95 mt=P len=0
PKT t=36589 RX ua=95 mt=R len=7
PKT t=36594 TX ua=95 mt=P len=0
PKT t=36623 RX ua=95 mt=R len=7
PKT t=36628 TX ua=95 mt=T len=7
PKT t=36640 TX ua=95 mt=P len=0
PKT t=36671 RX ua=95 mt=R len=7
PKT t=36676 TX ua=95 mt=P len=0
PKT t=36685 RX ua=95 mt=R len=7
PKT t=36690 TX ua=95 mt=P len=0
PKT t=36722 RX ua=95 mt=R len=7
PKT t=36727 TX ua=95 mt=P len=0
PKT t=36736 RX ua=95 mt=R len=7
PKT t=36741 TX ua=95 mt=P len=0
PKT t=36750 RX ua=95 mt=R len=7
PKT t=36755 TX ua=95 mt=P len=0
PKT t=36764 RX ua=95 mt=R len=7
PKT t=36769 TX ua=95 mt=P len=0
PKT t=36778 RX ua=95 mt=R len=7
PKT t=36783 TX ua=95 mt=P len=0
PKT t=36792 RX ua=95 mt=R len=7
PKT t=36797 TX ua=95 mt=P len=0
PKT t=36826 RX ua=95 mt=R len=7
PKT t=36831 TX ua=95 mt=P len=0
PKT t=36840 RX ua=95 mt=R len=7
PKT t=36845 TX ua=95 mt=P len=0
PKT t=36871 RX ua=95 mt=R len=7
PKT t=37126 TX ua=96 mt=P len=0
