PKT t=7206 TX ua=96 mt=I len=13
PKT t=7714 TX ua=96 mt=T len=4
PKT t=7725 TX ua=95 mt=P len=0
PKT t=7751 RX ua=95 mt=R len=7
PKT t=8008 TX ua=96 mt=P len=0
PKT t=8266 TX ua=95 mt=P len=0
PKT t=8275 RX ua=95 mt=R len=7
PKT t=8280 TX ua=95 mt=T len=7
PKT t=8292 TX ua=95 mt=P len=0
PKT t=8301 RX ua=95 mt=R len=7
PKT t=8306 TX ua=95 mt=P len=0
PKT t=8315 RX ua=95 mt=R len=7
PKT t=8320 TX ua=95 mt=P len=0
PKT t=8329 RX ua=95 mt=R len=7
PKT t=8334 TX ua=95 mt=P len=0
PKT t=8343 RX ua=95 mt=R len=7
PKT t=8348 TX ua=95 mt=P len=0
PKT t=8391 RX ua=95 mt=R len=7
PKT t=8396 TX ua=95 mt=P len=0
PKT t=8405 RX ua=95 mt=R len=7
PKT t=8410 TX ua=95 mt=P len=0
PKT t=8419 RX ua=95 mt=R len=7
PKT t=8424 TX ua=95 mt=T len=7
PKT t=8436 TX ua=95 mt=P len=0
PKT t=8445 RX ua=95 mt=R len=7
PKT t=8450 TX ua=95 mt=P len=0
PKT t=8480 RX ua=95 mt=R len=7
PKT t=8485 TX ua=95 mt=P len=0
PKT t=8494 RX ua=95 mt=R len=7
PKT t=8499 TX ua=95 mt=P len=0
PKT t=8508 RX ua=95 mt=R len=7
PKT t=8513 TX ua=95 mt=P len=0
PKT t=8522 RX ua=95 mt=R len=7
PKT t=8527 TX ua=95 mt=P len=0
PKT t=8552 RX ua=95 mt=R len=7
PKT t=8807 TX ua=96 mt=P len=0
PKT t=9065 TX ua=95 mt=P len=0
PKT t=9074 RX ua=95 mt=R len=7
PKT t=9079 TX ua=95 mt=T len=7
PKT t=9091 TX ua=95 mt=P len=0
PKT t=9100 RX ua=95 mt=R len=7
PKT t=9105 TX ua=95 mt=P len=0
PKT t=9114 RX ua=95 mt=R len=7
PKT t=9119 TX ua=95 mt=T len=7
PKT t=9131 TX ua=95 mt=P len=0
PKT t=9140 RX ua=95 mt=R len=7
PKT t=9145 TX ua=95 mt=P len=0
PKT t=9154 RX ua=95 mt=R len=7
PKT t=9159 TX ua=95 mt=P len=0
PKT t=9191 RX ua=95 mt=R len=7
PKT t=9196 TX ua=95 mt=T len=7
PKT t=9208 TX ua=95 mt=P len=0
PKT t=9217 RX ua=95 mt=R len=7
PKT t=9222 TX ua=95 mt=P len=0
PKT t=9231 RX ua=95 mt=R len=7
PKT t=9236 TX ua=95 mt=P len=0
PKT t=9245 RX ua=95 mt=R len=7
PKT t=9250 TX ua=95 mt=P len=0
PKT t=9260 RX ua=95 mt=R len=7
PKT t=9265 TX ua=95 mt=P len=0
PKT t=9294 RX ua=95 mt=R len=7
PKT t=9299 TX ua=95 mt=P len=0
PKT t=9308 RX ua=95 mt=R len=7
PKT t=9313 TX ua=95 mt=P len=0
PKT t=9322 RX ua=95 mt=R len=7
PKT t=9327 TX ua=95 mt=P len=0
PKT t=9352 RX ua=95 mt=R len=7
PKT t=9607 TX ua=96 mt=P len=0
PKT t=9865 TX ua=95 mt=P len=0
PKT t=9874 RX ua=95 mt=R len=7
PKT t=9879 TX ua=95 mt=T len=7
PKT t=9891 TX ua=95 mt=P len=0
PKT t=9900 RX ua=95 mt=R len=7
PKT t=9905 TX ua=95 mt=P len=0
PKT t=9914 RX ua=95 mt=R len=7
PKT t=9919 TX ua=95 mt=P len=0
PKT t=9928 RX ua=95 mt=R len=7
PKT t=9933 TX ua=95 mt=T len=7
PKT t=9945 TX ua=95 mt=P len=0
PKT t=9954 RX ua=95 mt=R len=7
PKT t=9959 TX ua=95 mt=P len=0
PKT t=9991 RX ua=95 mt=R len=7
PKT t=9996 TX ua=95 mt=P len=0
PKT t=10009 RX ua=95 mt=R len=7
PKT t=10014 TX ua=95 mt=P len=0
PKT t=10023 RX ua=95 mt=R len=7
PKT t=10028 TX ua=95 mt=P len=0
PKT t=10037 RX ua=95 mt=R len=7
PKT t=10042 TX ua=95 mt=P len=0
PKT t=10051 RX ua=95 mt=R len=7
PKT t=10056 TX ua=95 mt=P len=0
PKT t=10065 RX ua=95 mt=R len=7
PKT t=10070 TX ua=95 mt=P len=0
PKT t=10101 RX ua=95 mt=R len=7
PKT t=10106 TX ua=95 mt=P len=0
PKT t=10115 RX ua=95 mt=R len=7
PKT t=10120 TX ua=95 mt=T len=7
PKT t=10156 TX ua=95 mt=P len=0
PKT t=10165 RX ua=95 mt=R len=7
PKT t=10170 TX ua=95 mt=T len=7
PKT t=10183 TX ua=95 mt=P len=0
PKT t=10203 RX ua=95 mt=R len=7
PKT t=10208 TX ua=95 mt=P len=0
PKT t=10217 RX ua=95 mt=R len=7
PKT t=10222 TX ua=95 mt=P len=0
PKT t=10231 RX ua=95 mt=R len=7
PKT t=10236 TX ua=95 mt=P len=0
PKT t=10245 RX ua=95 mt=R len=7
PKT t=10250 TX ua=95 mt=P len=0
PKT t=10259 RX ua=95 mt=R len=7
PKT t=10264 TX ua=95 mt=P len=0
PKT t=10273 RX ua=95 mt=R len=7
PKT t=10278 TX ua=95 mt=P len=0
PKT t=10311 RX ua=95 mt=R len=7
PKT t=10316 TX ua=95 mt=P len=0
PKT t=10325 RX ua=95 mt=R len=7
PKT t=10330 TX ua=95 mt=P len=0
PKT t=10339 RX ua=95 mt=R len=7
PKT t=10344 TX ua=95 mt=P len=0
PKT t=10353 RX ua=95 mt=R len=7
PKT t=10358 TX ua=95 mt=P len=0
PKT t=10367 RX ua=95 mt=R len=7
PKT t=10372 TX ua=95 mt=P len=0
PKT t=10381 RX ua=95 mt=R len=7
PKT t=10386 TX ua=95 mt=P len=0
PKT t=10415 RX ua=95 mt=R len=7
PKT t=10420 TX ua=95 mt=P len=0
PKT t=10429 RX ua=95 mt=R len=7
PKT t=10434 TX ua=95 mt=T len=7
PKT t=10447 TX ua=95 mt=P len=0
PKT t=10472 RX ua=95 mt=R len=7
PKT t=10727 TX ua=96 mt=P len=0
PKT t=10985 TX ua=95 mt=P len=0
PKT t=10994 RX ua=95 mt=R len=7
PKT t=10999 TX ua=95 mt=T len=7
PKT t=11012 TX ua=95 mt=P len=0
PKT t=11021 RX ua=95 mt=R len=7
PKT t=11026 TX ua=95 mt=P len=0
PKT t=11035 RX ua=95 mt=R len=7
PKT t=11040 TX ua=95 mt=P len=0
PKT t=11049 RX ua=95 mt=R len=7
PKT t=11054 TX ua=95 mt=P len=0
PKT t=11063 RX ua=95 mt=R len=7
PKT t=11068 TX ua=95 mt=P len=0
PKT t=11077 RX ua=95 mt=R len=7
PKT t=11082 TX ua=95 mt=P len=0
PKT t=11114 RX ua=95 mt=R len=7
PKT t=11119 TX ua=95 mt=T len=7
PKT t=11131 TX ua=95 mt=P len=0
PKT t=11140 RX ua=95 mt=R len=7
PKT t=11145 TX ua=95 mt=P len=0
PKT t=11154 RX ua=95 mt=R len=7
PKT t=11159 TX ua=95 mt=P len=0
PKT t=11168 RX ua=95 mt=R len=7
PKT t=11173 TX ua=95 mt=T len=7
PKT t=11185 TX ua=95 mt=P len=0
PKT t=11214 RX ua=95 mt=R len=7
PKT t=11219 TX ua=95 mt=P len=0
PKT t=11228 RX ua=95 mt=R len=7
PKT t=11233 TX ua=95 mt=P len=0
PKT t=11242 RX ua=95 mt=R len=7
PKT t=11247 TX ua=95 mt=P len=0
PKT t=11272 RX ua=95 mt=R len=7
PKT t=11527 TX ua=96 mt=P len=0
PKT t=11785 TX ua=95 mt=P len=0
PKT t=11794 RX ua=95 mt=R len=7
PKT t=11799 TX ua=95 mt=T len=7
PKT t=11811 TX ua=95 mt=P len=0
PKT t=11820 RX ua=95 mt=R len=7
PKT t=11825 TX ua=95 mt=P len=0
PKT t=11834 RX ua=95 mt=R len=7
PKT t=11839 TX ua=95 mt=P len=0
PKT t=11848 RX ua=95 mt=R len=7
PKT t=11853 TX ua=95 mt=P len=0
PKT t=11862 RX ua=95 mt=R len=7
PKT t=11867 TX ua=95 mt=P len=0
PKT t=11876 RX ua=95 mt=R len=7
PKT t=11881 TX ua=95 mt=P len=0
PKT t=11914 RX ua=95 mt=R len=7
PKT t=11919 TX ua=95 mt=P len=0
PKT t=11928 RX ua=95 mt=R len=7
PKT t=11933 TX ua=95 mt=T len=7
PKT t=11945 TX ua=95 mt=P len=0
PKT t=11954 RX ua=95 mt=R len=7
PKT t=11959 TX ua=95 mt=P len=0
PKT t=11968 RX ua=95 mt=R len=7
PKT t=11973 TX ua=95 mt=P len=0
PKT t=11982 RX ua=95 mt=R len=7
PKT t=11987 TX ua=95 mt=P len=0
PKT t=12016 RX ua=95 mt=R len=7
PKT t=12021 TX ua=95 mt=P len=0
PKT t=12030 RX ua=95 mt=R len=7
PKT t=12035 TX ua=95 mt=P len=0
PKT t=12044 RX ua=95 mt=R len=7
PKT t=12071 TX ua=95 mt=P len=0
PKT t=12080 RX ua=95 mt=R len=7
PKT t=12085 TX ua=95 mt=P len=0
PKT t=12115 RX ua=95 mt=R len=7
PKT t=12120 TX ua=95 mt=T len=7
PKT t=12132 TX ua=95 mt=P len=0
PKT t=12141 RX ua=95 mt=R len=7
PKT t=12146 TX ua=95 mt=P len=0
PKT t=12155 RX ua=95 mt=R len=7
PKT t=12160 TX ua=95 mt=P len=0
PKT t=12169 RX ua=95 mt=R len=7
PKT t=12174 TX ua=95 mt=P len=0
PKT t=12183 RX ua=95 mt=R len=7
PKT t=12188 TX ua=95 mt=T len=7
PKT t=12200 TX ua=95 mt=P len=0
PKT t=12231 RX ua=95 mt=R len=7
PKT t=12236 TX ua=95 mt=P len=0
PKT t=12245 RX ua=95 mt=R len=7
PKT t=12250 TX ua=95 mt=P len=0
PKT t=12259 RX ua=95 mt=R len=7
PKT t=12264 TX ua=95 mt=P len=0
PKT t=12273 RX ua=95 mt=R len=7
PKT t=12278 TX ua=95 mt=P len=0
PKT t=12287 RX ua=95 mt=R len=7
PKT t=12292 TX ua=95 mt=P len=0
PKT t=12321 RX ua=95 mt=R len=7
PKT t=12326 TX ua=95 mt=P len=0
PKT t=12335 RX ua=95 mt=R len=7
PKT t=12340 TX ua=95 mt=P len=0
PKT t=12349 RX ua=95 mt=R len=7
PKT t=12354 TX ua=95 mt=P len=0
PKT t=12363 RX ua=95 mt=R len=7
PKT t=12391 TX ua=95 mt=P len=0
PKT t=12420 RX ua=95 mt=R len=7
PKT t=12425 TX ua=95 mt=P len=0
PKT t=12434 RX ua=95 mt=R len=7
PKT t=12439 TX ua=95 mt=T len=7
PKT t=12451 TX ua=95 mt=P len=0
PKT t=12460 RX ua=95 mt=R len=7
PKT t=12465 TX ua=95 mt=P len=0
PKT t=12474 RX ua=95 mt=R len=7
PKT t=12479 TX ua=95 mt=P len=0
PKT t=12488 RX ua=95 mt=R len=7
PKT t=12493 TX ua=95 mt=P len=0
PKT t=12522 RX ua=95 mt=R len=7
PKT t=12527 TX ua=95 mt=P len=0
PKT t=12552 RX ua=95 mt=R len=7
PKT t=12807 TX ua=96 mt=P len=0
PKT t=13065 TX ua=95 mt=P len=0
PKT t=13074 RX ua=95 mt=R len=7
PKT t=13079 TX ua=95 mt=T len=7
PKT t=13091 TX ua=95 mt=P len=0
PKT t=13121 RX ua=95 mt=R len=7
PKT t=13126 TX ua=95 mt=T len=7
PKT t=13139 TX ua=95 mt=P len=0
PKT t=13148 RX ua=95 mt=R len=7
PKT t=13153 TX ua=95 mt=P len=0
PKT t=13162 RX ua=95 mt=R len=7
PKT t=13167 TX ua=95 mt=P len=0
PKT t=13192 RX ua=95 mt=R len=7
PKT t=13447 TX ua=96 mt=P len=0
PKT t=13705 TX ua=95 mt=P len=0
PKT t=13714 RX ua=95 mt=R len=7
PKT t=13719 TX ua=95 mt=T len=7
PKT t=13732 TX ua=95 mt=P len=0
PKT t=13741 RX ua=95 mt=R len=7
PKT t=13746 TX ua=95 mt=P len=0
PKT t=13755 RX ua=95 mt=R len=7
PKT t=13760 TX ua=95 mt=P len=0
PKT t=13769 RX ua=95 mt=R len=7
PKT t=13774 TX ua=95 mt=P len=0
PKT t=13783 RX ua=95 mt=R len=7
PKT t=13788 TX ua=95 mt=P len=0
PKT t=13831 RX ua=95 mt=R len=7
PKT t=13836 TX ua=95 mt=P len=0
PKT t=13845 RX ua=95 mt=R len=7
PKT t=13850 TX ua=95 mt=P len=0
PKT t=13859 RX ua=95 mt=R len=7
PKT t=13864 TX ua=95 mt=P len=0
PKT t=13873 RX ua=95 mt=R len=7
PKT t=13878 TX ua=95 mt=P len=0
PKT t=13887 RX ua=95 mt=R len=7
PKT t=13892 TX ua=95 mt=P len=0
PKT t=13921 RX ua=95 mt=R len=7
PKT t=13926 TX ua=95 mt=P len=0
PKT t=13935 RX ua=95 mt=R len=7
PKT t=13940 TX ua=95 mt=P len=0
PKT t=13949 RX ua=95 mt=R len=7
PKT t=13954 TX ua=95 mt=T len=7
PKT t=13967 TX ua=95 mt=P len=0
PKT t=13992 RX ua=95 mt=R len=7
PKT t=14247 TX ua=96 mt=P len=0
PKT t=14505 TX ua=95 mt=P len=0
PKT t=14514 RX ua=95 mt=R len=7
PKT t=14519 TX ua=95 mt=T len=7
PKT t=14531 TX ua=95 mt=P len=0
PKT t=14540 RX ua=95 mt=R len=7
PKT t=14545 TX ua=95 mt=P len=0
PKT t=14554 RX ua=95 mt=R len=7
PKT t=14559 TX ua=95 mt=P len=0
PKT t=14568 RX ua=95 mt=R len=7
PKT t=14573 TX ua=95 mt=P len=0
PKT t=14582 RX ua=95 mt=R len=7
PKT t=14587 TX ua=95 mt=P len=0
PKT t=14596 RX ua=95 mt=R len=7
PKT t=14601 TX ua=95 mt=P len=0
PKT t=14631 RX ua=95 mt=R len=7
PKT t=14636 TX ua=95 mt=P len=0
PKT t=14645 RX ua=95 mt=R len=7
PKT t=14650 TX ua=95 mt=P len=0
PKT t=14659 RX ua=95 mt=R len=7
PKT t=14664 TX ua=95 mt=P len=0
PKT t=14673 RX ua=95 mt=R len=7
PKT t=14678 TX ua=95 mt=P len=0
PKT t=14687 RX ua=95 mt=R len=7
PKT t=14692 TX ua=95 mt=P len=0
PKT t=14701 RX ua=95 mt=R len=7
PKT t=14706 TX ua=95 mt=T len=7
PKT t=14718 TX ua=95 mt=P len=0
PKT t=14737 RX ua=95 mt=R len=7
PKT t=14742 TX ua=95 mt=P len=0
PKT t=14751 RX ua=95 mt=R len=7
PKT t=14756 TX ua=95 mt=P len=0
PKT t=14765 RX ua=95 mt=R len=7
PKT t=14791 TX ua=95 mt=P len=0
PKT t=14800 RX ua=95 mt=R len=7
PKT t=14805 TX ua=95 mt=P len=0
PKT t=14834 RX ua=95 mt=R len=7
PKT t=14839 TX ua=95 mt=P len=0
PKT t=14848 RX ua=95 mt=R len=7
PKT t=14853 TX ua=95 mt=P len=0
PKT t=14862 RX ua=95 mt=R len=7
PKT t=14867 TX ua=95 mt=P len=0
PKT t=14876 RX ua=95 mt=R len=7
PKT t=14881 TX ua=95 mt=P len=0
PKT t=14890 RX ua=95 mt=R len=7
PKT t=14895 TX ua=95 mt=P len=0
PKT t=14904 RX ua=95 mt=R len=7
PKT t=14909 TX ua=95 mt=P len=0
PKT t=14951 RX ua=95 mt=R len=7
PKT t=14956 TX ua=95 mt=T len=7
PKT t=14968 TX ua=95 mt=P len=0
PKT t=14977 RX ua=95 mt=R len=7
PKT t=14982 TX ua=95 mt=P len=0
PKT t=14991 RX ua=95 mt=R len=7
PKT t=14996 TX ua=95 mt=P len=0
PKT t=15005 RX ua=95 mt=R len=7
PKT t=15010 TX ua=95 mt=P len=0
PKT t=15039 RX ua=95 mt=R len=7
PKT t=15044 TX ua=95 mt=P len=0
PKT t=15053 RX ua=95 mt=R len=7
PKT t=15058 TX ua=95 mt=P len=0
PKT t=15067 RX ua=95 mt=R len=7
PKT t=15072 TX ua=95 mt=P len=0
PKT t=15081 RX ua=95 mt=R len=7
PKT t=15086 TX ua=95 mt=P len=0
PKT t=15111 RX ua=95 mt=R len=7
PKT t=15366 TX ua=96 mt=P len=0
PKT t=15624 TX ua=95 mt=P len=0
PKT t=15633 RX ua=95 mt=R len=7
PKT t=15638 TX ua=95 mt=T len=7
PKT t=15650 TX ua=95 mt=P len=0
PKT t=15660 RX ua=95 mt=R len=7
PKT t=15665 TX ua=95 mt=P len=0
PKT t=15675 RX ua=95 mt=R len=7
PKT t=15680 TX ua=95 mt=P len=0
PKT t=15690 RX ua=95 mt=R len=7
PKT t=15695 TX ua=95 mt=P len=0
PKT t=15705 RX ua=95 mt=R len=7
PKT t=15710 TX ua=95 mt=T len=7
PKT t=15722 TX ua=95 mt=P len=0
PKT t=15751 RX ua=95 mt=R len=7
PKT t=15756 TX ua=95 mt=P len=0
PKT t=15765 RX ua=95 mt=R len=7
PKT t=15770 TX ua=95 mt=P len=0
PKT t=15779 RX ua=95 mt=R len=7
PKT t=15784 TX ua=95 mt=P len=0
PKT t=15793 RX ua=95 mt=R len=7
PKT t=15798 TX ua=95 mt=P len=0
PKT t=15807 RX ua=95 mt=R len=7
PKT t=15812 TX ua=95 mt=P len=0
PKT t=15841 RX ua=95 mt=R len=7
PKT t=15846 TX ua=95 mt=P len=0
PKT t=15855 RX ua=95 mt=R len=7
PKT t=15860 TX ua=95 mt=P len=0
PKT t=15869 RX ua=95 mt=R len=7
PKT t=15874 TX ua=95 mt=P len=0
PKT t=15883 RX ua=95 mt=R len=7
PKT t=15911 TX ua=95 mt=P len=0
PKT t=15940 RX ua=95 mt=R len=7
PKT t=15945 TX ua=95 mt=P len=0
PKT t=15954 RX ua=95 mt=R len=7
PKT t=15959 TX ua=95 mt=T len=7
PKT t=15971 TX ua=95 mt=P len=0
PKT t=15980 RX ua=95 mt=R len=7
PKT t=15985 TX ua=95 mt=P len=0
PKT t=15994 RX ua=95 mt=R len=7
PKT t=15999 TX ua=95 mt=P len=0
PKT t=16012 RX ua=95 mt=R len=7
PKT t=16017 TX ua=95 mt=P len=0
PKT t=16042 RX ua=95 mt=R len=7
PKT t=16047 TX ua=95 mt=P len=0
PKT t=16072 RX ua=95 mt=R len=7
PKT t=16327 TX ua=96 mt=P len=0
PKT t=16585 TX ua=95 mt=P len=0
PKT t=16594 RX ua=95 mt=R len=7
PKT t=16599 TX ua=95 mt=T len=7
PKT t=16611 TX ua=95 mt=P len=0
PKT t=16641 RX ua=95 mt=R len=7
PKT t=16646 TX ua=95 mt=P len=0
PKT t=16655 RX ua=95 mt=R len=7
PKT t=16660 TX ua=95 mt=P len=0
PKT t=16669 RX ua=95 mt=R len=7
PKT t=16674 TX ua=95 mt=P len=0
PKT t=16683 RX ua=95 mt=R len=7
PKT t=16711 TX ua=95 mt=P len=0
PKT t=16741 RX ua=95 mt=R len=7
PKT t=16746 TX ua=95 mt=T len=7
PKT t=16758 TX ua=95 mt=P len=0
PKT t=16767 RX ua=95 mt=R len=7
PKT t=16772 TX ua=95 mt=P len=0
PKT t=16781 RX ua=95 mt=R len=7
PKT t=16786 TX ua=95 mt=P len=0
PKT t=16795 RX ua=95 mt=R len=7
PKT t=16800 TX ua=95 mt=P len=0
PKT t=16809 RX ua=95 mt=R len=7
PKT t=16814 TX ua=95 mt=P len=0
PKT t=16843 RX ua=95 mt=R len=7
PKT t=16871 TX ua=95 mt=P len=0
PKT t=16880 RX ua=95 mt=R len=7
PKT t=16885 TX ua=95 mt=P len=0
PKT t=16894 RX ua=95 mt=R len=7
PKT t=16899 TX ua=95 mt=P len=0
PKT t=16908 RX ua=95 mt=R len=7
PKT t=16913 TX ua=95 mt=P len=0
PKT t=16942 RX ua=95 mt=R len=7
PKT t=16947 TX ua=95 mt=P len=0
PKT t=16956 RX ua=95 mt=R len=7
PKT t=16961 TX ua=95 mt=P len=0
PKT t=16970 RX ua=95 mt=R len=7
PKT t=16975 TX ua=95 mt=T len=7
PKT t=16987 TX ua=95 mt=P len=0
PKT t=16996 RX ua=95 mt=R len=7
PKT t=17001 TX ua=95 mt=P len=0
PKT t=17031 RX ua=95 mt=R len=7
PKT t=17036 TX ua=95 mt=P len=0
PKT t=17045 RX ua=95 mt=R len=7
PKT t=17050 TX ua=95 mt=P len=0
PKT t=17059 RX ua=95 mt=R len=7
PKT t=17064 TX ua=95 mt=P len=0
PKT t=17073 RX ua=95 mt=R len=7
PKT t=17078 TX ua=95 mt=P len=0
PKT t=17087 RX ua=95 mt=R len=7
PKT t=17092 TX ua=95 mt=P len=0
PKT t=17101 RX ua=95 mt=R len=7
PKT t=17106 TX ua=95 mt=P len=0
PKT t=17115 RX ua=95 mt=R len=7
PKT t=17120 TX ua=95 mt=T len=7
PKT t=17132 TX ua=95 mt=P len=0
PKT t=17151 RX ua=95 mt=R len=7
PKT t=17156 TX ua=95 mt=P len=0
PKT t=17165 RX ua=95 mt=R len=7
PKT t=17191 TX ua=95 mt=P len=0
PKT t=17200 RX ua=95 mt=R len=7
PKT t=17205 TX ua=95 mt=P len=0
PKT t=17214 RX ua=95 mt=R len=7
PKT t=17219 TX ua=95 mt=T len=7
PKT t=17231 TX ua=95 mt=P len=0
PKT t=17250 RX ua=95 mt=R len=7
PKT t=17255 TX ua=95 mt=P len=0
PKT t=17264 RX ua=95 mt=R len=7
PKT t=17269 TX ua=95 mt=P len=0
PKT t=17278 RX ua=95 mt=R len=7
PKT t=17283 TX ua=95 mt=P len=0
PKT t=17292 RX ua=95 mt=R len=7
PKT t=17297 TX ua=95 mt=P len=0
PKT t=17306 RX ua=95 mt=R len=7
PKT t=17311 TX ua=95 mt=P len=0
PKT t=17320 RX ua=95 mt=R len=7
PKT t=17325 TX ua=95 mt=P len=0
PKT t=17354 RX ua=95 mt=R len=7
PKT t=17359 TX ua=95 mt=P len=0
PKT t=17368 RX ua=95 mt=R len=7
PKT t=17373 TX ua=95 mt=P len=0
PKT t=17382 RX ua=95 mt=R len=7
PKT t=17387 TX ua=95 mt=P len=0
PKT t=17396 RX ua=95 mt=R len=7
PKT t=17401 TX ua=95 mt=P len=0
PKT t=17410 RX ua=95 mt=R len=7
PKT t=17415 TX ua=95 mt=P len=0
PKT t=17424 RX ua=95 mt=R len=7
PKT t=17429 TX ua=95 mt=P len=0
PKT t=17458 RX ua=95 mt=R len=7
PKT t=17463 TX ua=95 mt=T len=7
PKT t=17475 TX ua=95 mt=P len=0
PKT t=17485 RX ua=95 mt=R len=7
PKT t=17511 TX ua=95 mt=P len=0
PKT t=17521 RX ua=95 mt=R len=7
PKT t=17526 TX ua=95 mt=P len=0
PKT t=17558 RX ua=95 mt=R len=7
PKT t=17563 TX ua=95 mt=P len=0
PKT t=17573 RX ua=95 mt=R len=7
PKT t=17578 TX ua=95 mt=P len=0
PKT t=17588 RX ua=95 mt=R len=7
PKT t=17593 TX ua=95 mt=P len=0
PKT t=17603 RX ua=95 mt=R len=7
PKT t=17608 TX ua=95 mt=P len=0
PKT t=17618 RX ua=95 mt=R len=7
PKT t=17623 TX ua=95 mt=P len=0
PKT t=17633 RX ua=95 mt=R len=7
PKT t=17638 TX ua=95 mt=P len=0
PKT t=17671 RX ua=95 mt=R len=7
PKT t=17676 TX ua=95 mt=P len=0
PKT t=17686 RX ua=95 mt=R len=7
PKT t=17691 TX ua=95 mt=P len=0
PKT t=17701 RX ua=95 mt=R len=7
PKT t=17706 TX ua=95 mt=P len=0
PKT t=17716 RX ua=95 mt=R len=7
PKT t=17721 TX ua=95 mt=T len=7
PKT t=17733 TX ua=95 mt=P len=0
PKT t=17766 RX ua=95 mt=R len=7
PKT t=17771 TX ua=95 mt=P len=0
PKT t=17780 RX ua=95 mt=R len=7
PKT t=17785 TX ua=95 mt=P len=0
PKT t=17794 RX ua=95 mt=R len=7
PKT t=17799 TX ua=95 mt=P len=0
PKT t=17831 RX ua=95 mt=R len=7
PKT t=17836 TX ua=95 mt=P len=0
PKT t=17866 RX ua=95 mt=R len=7
PKT t=17871 TX ua=95 mt=P len=0
PKT t=17880 RX ua=95 mt=R len=7
PKT t=17885 TX ua=95 mt=P len=0
PKT t=17894 RX ua=95 mt=R len=7
PKT t=17899 TX ua=95 mt=P len=0
PKT t=17908 RX ua=95 mt=R len=7
PKT t=17913 TX ua=95 mt=P len=0
PKT t=17922 RX ua=95 mt=R len=7
PKT t=17927 TX ua=95 mt=P len=0
PKT t=17936 RX ua=95 mt=R len=7
PKT t=17941 TX ua=95 mt=P len=0
PKT t=17991 RX ua=95 mt=R len=7
PKT t=17996 TX ua=95 mt=T len=7
PKT t=18008 TX ua=95 mt=P len=0
PKT t=18017 RX ua=95 mt=R len=7
PKT t=18022 TX ua=95 mt=P len=0
PKT t=18031 RX ua=95 mt=R len=7
PKT t=18036 TX ua=95 mt=P len=0
PKT t=18070 RX ua=95 mt=R len=7
PKT t=18075 TX ua=95 mt=P len=0
PKT t=18084 RX ua=95 mt=R len=7
PKT t=18089 TX ua=95 mt=P len=0
PKT t=18098 RX ua=95 mt=R len=7
PKT t=18103 TX ua=95 mt=P len=0
PKT t=18112 RX ua=95 mt=R len=7
PKT t=18117 TX ua=95 mt=T len=7
PKT t=18151 TX ua=95 mt=P len=0
PKT t=18173 RX ua=95 mt=R len=7
PKT t=18178 TX ua=95 mt=T len=7
PKT t=18191 TX ua=95 mt=P len=0
PKT t=18201 RX ua=95 mt=R len=7
PKT t=18206 TX ua=95 mt=P len=0
PKT t=18215 RX ua=95 mt=R len=7
PKT t=18220 TX ua=95 mt=T len=7
PKT t=18233 TX ua=95 mt=P len=0
PKT t=18242 RX ua=95 mt=R len=7
PKT t=18247 TX ua=95 mt=P len=0
PKT t=18277 RX ua=95 mt=R len=7
PKT t=18282 TX ua=95 mt=P len=0
PKT t=18311 RX ua=95 mt=R len=7
PKT t=18316 TX ua=95 mt=P len=0
PKT t=18325 RX ua=95 mt=R len=7
PKT t=18330 TX ua=95 mt=P len=0
PKT t=18339 RX ua=95 mt=R len=7
PKT t=18344 TX ua=95 mt=P len=0
PKT t=18375 RX ua=95 mt=R len=7
PKT t=18380 TX ua=95 mt=P len=0
PKT t=18389 RX ua=95 mt=R len=7
PKT t=18394 TX ua=95 mt=P len=0
PKT t=18403 RX ua=95 mt=R len=7
PKT t=18408 TX ua=95 mt=P len=0
PKT t=18417 RX ua=95 mt=R len=7
PKT t=18422 TX ua=95 mt=P len=0
PKT t=18431 RX ua=95 mt=R len=7
PKT t=18436 TX ua=95 mt=P len=0
PKT t=18445 RX ua=95 mt=R len=7
PKT t=18471 TX ua=95 mt=P len=0
PKT t=18480 RX ua=95 mt=R len=7
PKT t=18485 TX ua=95 mt=T len=7
PKT t=18498 TX ua=95 mt=P len=0
PKT t=18507 RX ua=95 mt=R len=7
PKT t=18512 TX ua=95 mt=P len=0
PKT t=18521 RX ua=95 mt=R len=7
PKT t=18526 TX ua=95 mt=P len=0
PKT t=18535 RX ua=95 mt=R len=7
PKT t=18540 TX ua=95 mt=P len=0
PKT t=18549 RX ua=95 mt=R len=7
PKT t=18554 TX ua=95 mt=P len=0
PKT t=18584 RX ua=95 mt=R len=7
PKT t=18589 TX ua=95 mt=P len=0
PKT t=18598 RX ua=95 mt=R len=7
PKT t=18603 TX ua=95 mt=P len=0
PKT t=18631 RX ua=95 mt=R len=7
PKT t=18636 TX ua=95 mt=P len=0
PKT t=18645 RX ua=95 mt=R len=7
PKT t=18650 TX ua=95 mt=P len=0
PKT t=18683 RX ua=95 mt=R len=7
PKT t=18688 TX ua=95 mt=P len=0
PKT t=18697 RX ua=95 mt=R len=7
PKT t=18702 TX ua=95 mt=P len=0
PKT t=18711 RX ua=95 mt=R len=7
PKT t=18716 TX ua=95 mt=P len=0
PKT t=18725 RX ua=95 mt=R len=7
PKT t=18730 TX ua=95 mt=T len=7
PKT t=18743 TX ua=95 mt=P len=0
PKT t=18752 RX ua=95 mt=R len=7
PKT t=18757 TX ua=95 mt=P len=0
PKT t=18791 RX ua=95 mt=R len=7
PKT t=18796 TX ua=95 mt=P len=0
PKT t=18805 RX ua=95 mt=R len=7
PKT t=18810 TX ua=95 mt=P len=0
PKT t=18819 RX ua=95 mt=R len=7
PKT t=18824 TX ua=95 mt=P len=0
PKT t=18833 RX ua=95 mt=R len=7
PKT t=18838 TX ua=95 mt=P len=0
PKT t=18847 RX ua=95 mt=R len=7
PKT t=18852 TX ua=95 mt=P len=0
PKT t=18886 RX ua=95 mt=R len=7
PKT t=18890 TX ua=95 mt=P len=0
PKT t=18899 RX ua=95 mt=R len=7
PKT t=18904 TX ua=95 mt=P len=0
PKT t=18913 RX ua=95 mt=R len=7
PKT t=18918 TX ua=95 mt=P len=0
PKT t=18951 RX ua=95 mt=R len=7
PKT t=18956 TX ua=95 mt=P len=0
PKT t=18986 RX ua=95 mt=R len=7
PKT t=18991 TX ua=95 mt=T len=7
PKT t=19004 TX ua=95 mt=P len=0
PKT t=19013 RX ua=95 mt=R len=7
PKT t=19018 TX ua=95 mt=P len=0
PKT t=19027 RX ua=95 mt=R len=7
PKT t=19032 TX ua=95 mt=P len=0
PKT t=19041 RX ua=95 mt=R len=7
PKT t=19046 TX ua=95 mt=P len=0
PKT t=19055 RX ua=95 mt=R len=7
PKT t=19060 TX ua=95 mt=P len=0
PKT t=19111 RX ua=95 mt=R len=7
PKT t=19116 TX ua=95 mt=T len=7
PKT t=19128 TX ua=95 mt=P len=0
PKT t=19137 RX ua=95 mt=R len=7
PKT t=19142 TX ua=95 mt=P len=0
PKT t=19151 RX ua=95 mt=R len=7
PKT t=19156 TX ua=95 mt=P len=0
PKT t=19188 RX ua=95 mt=R len=7
PKT t=19193 TX ua=95 mt=P len=0
PKT t=19202 RX ua=95 mt=R len=7
PKT t=19207 TX ua=95 mt=P len=0
PKT t=19216 RX ua=95 mt=R len=7
PKT t=19221 TX ua=95 mt=P len=0
PKT t=19230 RX ua=95 mt=R len=7
PKT t=19235 TX ua=95 mt=T len=7
PKT t=19247 TX ua=95 mt=P len=0
PKT t=19272 RX ua=95 mt=R len=7
PKT t=19527 TX ua=96 mt=P len=0
PKT t=19785 TX ua=95 mt=P len=0
PKT t=19794 RX ua=95 mt=R len=7
PKT t=19799 TX ua=95 mt=T len=7
PKT t=19811 TX ua=95 mt=P len=0
PKT t=19820 RX ua=95 mt=R len=7
PKT t=19825 TX ua=95 mt=P len=0
PKT t=19834 RX ua=95 mt=R len=7
PKT t=19839 TX ua=95 mt=P len=0
PKT t=19848 RX ua=95 mt=R len=7
PKT t=19853 TX ua=95 mt=P len=0
PKT t=19862 RX ua=95 mt=R len=7
PKT t=19867 TX ua=95 mt=P len=0
PKT t=19911 RX ua=95 mt=R len=7
PKT t=19916 TX ua=95 mt=P len=0
PKT t=19925 RX ua=95 mt=R len=7
PKT t=19930 TX ua=95 mt=P len=0
PKT t=19939 RX ua=95 mt=R len=7
PKT t=19944 TX ua=95 mt=P len=0
PKT t=19953 RX ua=95 mt=R len=7
PKT t=19958 TX ua=95 mt=P len=0
PKT t=19967 RX ua=95 mt=R len=7
PKT t=19972 TX ua=95 mt=T len=7
PKT t=19984 TX ua=95 mt=P len=0
PKT t=20003 RX ua=95 mt=R len=7
PKT t=20008 TX ua=95 mt=P len=0
PKT t=20017 RX ua=95 mt=R len=7
PKT t=20022 TX ua=95 mt=P len=0
PKT t=20031 RX ua=95 mt=R len=7
PKT t=20036 TX ua=95 mt=P len=0
PKT t=20045 RX ua=95 mt=R len=7
PKT t=20071 TX ua=95 mt=P len=0
PKT t=20100 RX ua=95 mt=R len=7
PKT t=20105 TX ua=95 mt=P len=0
PKT t=20114 RX ua=95 mt=R len=7
PKT t=20119 TX ua=95 mt=T len=7
PKT t=20131 TX ua=95 mt=P len=0
PKT t=20140 RX ua=95 mt=R len=7
PKT t=20145 TX ua=95 mt=P len=0
PKT t=20154 RX ua=95 mt=R len=7
PKT t=20159 TX ua=95 mt=P len=0
PKT t=20168 RX ua=95 mt=R len=7
PKT t=20173 TX ua=95 mt=P len=0
PKT t=20202 RX ua=95 mt=R len=7
PKT t=20207 TX ua=95 mt=P len=0
PKT t=20232 RX ua=95 mt=R len=7
PKT t=20487 TX ua=96 mt=P len=0
PKT t=20745 TX ua=95 mt=P len=0
PKT t=20754 RX ua=95 mt=R len=7
PKT t=20759 TX ua=95 mt=T len=7
PKT t=20771 TX ua=95 mt=P len=0
PKT t=20801 RX ua=95 mt=R len=7
PKT t=20806 TX ua=95 mt=P len=0
PKT t=20815 RX ua=95 mt=R len=7
PKT t=20820 TX ua=95 mt=P len=0
PKT t=20829 RX ua=95 mt=R len=7
PKT t=20834 TX ua=95 mt=P len=0
PKT t=20843 RX ua=95 mt=R len=7
PKT t=20871 TX ua=95 mt=P len=0
PKT t=20901 RX ua=95 mt=R len=7
PKT t=20906 TX ua=95 mt=P len=0
PKT t=20915 RX ua=95 mt=R len=7
PKT t=20920 TX ua=95 mt=P len=0
PKT t=20929 RX ua=95 mt=R len=7
PKT t=20934 TX ua=95 mt=P len=0
PKT t=20943 RX ua=95 mt=R len=7
PKT t=20948 TX ua=95 mt=P len=0
PKT t=20957 RX ua=95 mt=R len=7
PKT t=20962 TX ua=95 mt=P len=0
PKT t=20971 RX ua=95 mt=R len=7
PKT t=20976 TX ua=95 mt=P len=0
PKT t=21005 RX ua=95 mt=R len=7
PKT t=21031 TX ua=95 mt=T len=7
PKT t=21043 TX ua=95 mt=P len=0
PKT t=21052 RX ua=95 mt=R len=7
PKT t=21057 TX ua=95 mt=P len=0
PKT t=21066 RX ua=95 mt=R len=7
PKT t=21071 TX ua=95 mt=P len=0
PKT t=21104 RX ua=95 mt=R len=7
PKT t=21109 TX ua=95 mt=P len=0
PKT t=21118 RX ua=95 mt=R len=7
PKT t=21123 TX ua=95 mt=T len=7
PKT t=21136 TX ua=95 mt=P len=0
PKT t=21145 RX ua=95 mt=R len=7
PKT t=21150 TX ua=95 mt=P len=0
PKT t=21159 RX ua=95 mt=R len=7
PKT t=21164 TX ua=95 mt=P len=0
PKT t=21191 RX ua=95 mt=R len=7
PKT t=21196 TX ua=95 mt=P len=0
PKT t=21208 RX ua=95 mt=R len=7
PKT t=21213 TX ua=95 mt=P len=0
PKT t=21222 RX ua=95 mt=R len=7
PKT t=21227 TX ua=95 mt=P len=0
PKT t=21236 RX ua=95 mt=R len=7
PKT t=21241 TX ua=95 mt=T len=7
PKT t=21254 TX ua=95 mt=P len=0
PKT t=21263 RX ua=95 mt=R len=7
PKT t=21268 TX ua=95 mt=P len=0
PKT t=21277 RX ua=95 mt=R len=7
PKT t=21282 TX ua=95 mt=P len=0
PKT t=21311 RX ua=95 mt=R len=7
PKT t=21316 TX ua=95 mt=P len=0
PKT t=21325 RX ua=95 mt=R len=7
PKT t=21351 TX ua=95 mt=P len=0
PKT t=21360 RX ua=95 mt=R len=7
PKT t=21365 TX ua=95 mt=P len=0
PKT t=21374 RX ua=95 mt=R len=7
PKT t=21379 TX ua=95 mt=P len=0
PKT t=21410 RX ua=95 mt=R len=7
PKT t=21415 TX ua=95 mt=P len=0
PKT t=21424 RX ua=95 mt=R len=7
PKT t=21429 TX ua=95 mt=P len=0
PKT t=21438 RX ua=95 mt=R len=7
PKT t=21443 TX ua=95 mt=P len=0
PKT t=21452 RX ua=95 mt=R len=7
PKT t=21457 TX ua=95 mt=P len=0
PKT t=21466 RX ua=95 mt=R len=7
PKT t=21471 TX ua=95 mt=P len=0
PKT t=21480 RX ua=95 mt=R len=7
PKT t=21485 TX ua=95 mt=T len=7
PKT t=21518 TX ua=95 mt=P len=0
PKT t=21528 RX ua=95 mt=R len=7
PKT t=21533 TX ua=95 mt=P len=0
PKT t=21543 RX ua=95 mt=R len=7
PKT t=21548 TX ua=95 mt=P len=0
PKT t=21558 RX ua=95 mt=R len=7
PKT t=21563 TX ua=95 mt=P len=0
PKT t=21573 RX ua=95 mt=R len=7
PKT t=21578 TX ua=95 mt=P len=0
PKT t=21588 RX ua=95 mt=R len=7
PKT t=21593 TX ua=95 mt=P len=0
PKT t=21622 RX ua=95 mt=R len=7
PKT t=21627 TX ua=95 mt=P len=0
PKT t=21637 RX ua=95 mt=R len=7
PKT t=21642 TX ua=95 mt=P len=0
PKT t=21671 RX ua=95 mt=R len=7
PKT t=21676 TX ua=95 mt=P len=0
PKT t=21686 RX ua=95 mt=R len=7
PKT t=21691 TX ua=95 mt=P len=0
PKT t=21722 RX ua=95 mt=R len=7
PKT t=21727 TX ua=95 mt=P len=0
PKT t=21737 RX ua=95 mt=R len=7
PKT t=21742 TX ua=95 mt=T len=7
PKT t=21755 TX ua=95 mt=P len=0
PKT t=21764 RX ua=95 mt=R len=7
PKT t=21769 TX ua=95 mt=P len=0
PKT t=21778 RX ua=95 mt=R len=7
PKT t=21783 TX ua=95 mt=P len=0
PKT t=21792 RX ua=95 mt=R len=7
PKT t=21797 TX ua=95 mt=P len=0
PKT t=21831 RX ua=95 mt=R len=7
PKT t=21836 TX ua=95 mt=P len=0
PKT t=21845 RX ua=95 mt=R len=7
PKT t=21850 TX ua=95 mt=P len=0
PKT t=21859 RX ua=95 mt=R len=7
PKT t=21864 TX ua=95 mt=P len=0
PKT t=21873 RX ua=95 mt=R len=7
PKT t=21878 TX ua=95 mt=P len=0
PKT t=21887 RX ua=95 mt=R len=7
PKT t=21892 TX ua=95 mt=P len=0
PKT t=21925 RX ua=95 mt=R len=7
PKT t=21930 TX ua=95 mt=P len=0
PKT t=21939 RX ua=95 mt=R len=7
PKT t=21944 TX ua=95 mt=P len=0
PKT t=21953 RX ua=95 mt=R len=7
PKT t=21958 TX ua=95 mt=P len=0
PKT t=21991 RX ua=95 mt=R len=7
PKT t=21996 TX ua=95 mt=T len=7
PKT t=22009 TX ua=95 mt=P len=0
PKT t=22027 RX ua=95 mt=R len=7
PKT t=22032 TX ua=95 mt=P len=0
PKT t=22041 RX ua=95 mt=R len=7
PKT t=22046 TX ua=95 mt=P len=0
PKT t=22055 RX ua=95 mt=R len=7
PKT t=22060 TX ua=95 mt=P len=0
PKT t=22069 RX ua=95 mt=R len=7
PKT t=22074 TX ua=95 mt=P len=0
PKT t=22083 RX ua=95 mt=R len=7
PKT t=22088 TX ua=95 mt=P len=0
PKT t=22097 RX ua=95 mt=R len=7
PKT t=22102 TX ua=95 mt=P len=0
PKT t=22151 RX ua=95 mt=R len=7
PKT t=22156 TX ua=95 mt=T len=7
PKT t=22168 TX ua=95 mt=P len=0
PKT t=22177 RX ua=95 mt=R len=7
PKT t=22182 TX ua=95 mt=P len=0
PKT t=22191 RX ua=95 mt=R len=7
PKT t=22196 TX ua=95 mt=P len=0
PKT t=22205 RX ua=95 mt=R len=7
PKT t=22210 TX ua=95 mt=P len=0
PKT t=22239 RX ua=95 mt=R len=7
PKT t=22244 TX ua=95 mt=T len=7
PKT t=22256 TX ua=95 mt=P len=0
PKT t=22265 RX ua=95 mt=R len=7
PKT t=22270 TX ua=95 mt=P len=0
PKT t=22279 RX ua=95 mt=R len=7
PKT t=22284 TX ua=95 mt=P len=0
PKT t=22311 RX ua=95 mt=R len=7
PKT t=22316 TX ua=95 mt=P len=0
PKT t=22339 RX ua=95 mt=R len=7
PKT t=22344 TX ua=95 mt=P len=0
PKT t=22353 RX ua=95 mt=R len=7
PKT t=22358 TX ua=95 mt=P len=0
PKT t=22367 RX ua=95 mt=R len=7
PKT t=22372 TX ua=95 mt=P len=0
PKT t=22381 RX ua=95 mt=R len=7
PKT t=22386 TX ua=95 mt=P len=0
PKT t=22395 RX ua=95 mt=R len=7
PKT t=22400 TX ua=95 mt=P len=0
PKT t=22409 RX ua=95 mt=R len=7
PKT t=22414 TX ua=95 mt=P len=0
PKT t=22444 RX ua=95 mt=R len=7
PKT t=22471 TX ua=95 mt=P len=0
PKT t=22481 RX ua=95 mt=R len=7
PKT t=22485 TX ua=95 mt=P len=0
PKT t=22494 RX ua=95 mt=R len=7
PKT t=22499 TX ua=95 mt=T len=7
PKT t=22511 TX ua=95 mt=P len=0
PKT t=22542 RX ua=95 mt=R len=7
PKT t=22547 TX ua=95 mt=P len=0
PKT t=22556 RX ua=95 mt=R len=7
PKT t=22561 TX ua=95 mt=P len=0
PKT t=22570 RX ua=95 mt=R len=7
PKT t=22575 TX ua=95 mt=P len=0
PKT t=22584 RX ua=95 mt=R len=7
PKT t=22589 TX ua=95 mt=P len=0
PKT t=22598 RX ua=95 mt=R len=7
PKT t=22603 TX ua=95 mt=P len=0
PKT t=22631 RX ua=95 mt=R len=7
PKT t=22636 TX ua=95 mt=P len=0
PKT t=22646 RX ua=95 mt=R len=7
PKT t=22651 TX ua=95 mt=P len=0
PKT t=22660 RX ua=95 mt=R len=7
PKT t=22665 TX ua=95 mt=P len=0
PKT t=22674 RX ua=95 mt=R len=7
PKT t=22679 TX ua=95 mt=P len=0
PKT t=22688 RX ua=95 mt=R len=7
PKT t=22693 TX ua=95 mt=P len=0
PKT t=22702 RX ua=95 mt=R len=7
PKT t=22707 TX ua=95 mt=P len=0
PKT t=22716 RX ua=95 mt=R len=7
PKT t=22721 TX ua=95 mt=P len=0
PKT t=22750 RX ua=95 mt=R len=7
PKT t=22755 TX ua=95 mt=T len=7
PKT t=22767 TX ua=95 mt=P len=0
PKT t=22792 RX ua=95 mt=R len=7
PKT t=23047 TX ua=96 mt=P len=0
PKT t=23305 TX ua=95 mt=P len=0
PKT t=23314 RX ua=95 mt=R len=7
PKT t=23319 TX ua=95 mt=T len=7
PKT t=23331 TX ua=95 mt=P len=0
PKT t=23351 RX ua=95 mt=R len=7
PKT t=23356 TX ua=95 mt=P len=0
PKT t=23365 RX ua=95 mt=R len=7
PKT t=23370 TX ua=95 mt=P len=0
PKT t=23379 RX ua=95 mt=R len=7
PKT t=23384 TX ua=95 mt=P len=0
PKT t=23393 RX ua=95 mt=R len=7
PKT t=23398 TX ua=95 mt=P len=0
PKT t=23431 RX ua=95 mt=R len=7
PKT t=23436 TX ua=95 mt=P len=0
PKT t=23449 RX ua=95 mt=R len=7
PKT t=23454 TX ua=95 mt=P len=0
PKT t=23463 RX ua=95 mt=R len=7
PKT t=23468 TX ua=95 mt=P len=0
PKT t=23477 RX ua=95 mt=R len=7
PKT t=23482 TX ua=95 mt=P len=0
PKT t=23491 RX ua=95 mt=R len=7
PKT t=23496 TX ua=95 mt=T len=7
PKT t=23508 TX ua=95 mt=P len=0
PKT t=23518 RX ua=95 mt=R len=7
PKT t=23523 TX ua=95 mt=P len=0
PKT t=23552 RX ua=95 mt=R len=7
PKT t=23557 TX ua=95 mt=P len=0
PKT t=23591 RX ua=95 mt=R len=7
PKT t=23596 TX ua=95 mt=P len=0
PKT t=23606 RX ua=95 mt=R len=7
PKT t=23611 TX ua=95 mt=P len=0
PKT t=23621 RX ua=95 mt=R len=7
PKT t=23626 TX ua=95 mt=P len=0
PKT t=23655 RX ua=95 mt=R len=7
PKT t=23660 TX ua=95 mt=P len=0
PKT t=23670 RX ua=95 mt=R len=7
PKT t=23675 TX ua=95 mt=P len=0
PKT t=23685 RX ua=95 mt=R len=7
PKT t=23690 TX ua=95 mt=P len=0
PKT t=23700 RX ua=95 mt=R len=7
PKT t=23705 TX ua=95 mt=P len=0
PKT t=23715 RX ua=95 mt=R len=7
PKT t=23720 TX ua=95 mt=P len=0
PKT t=23751 RX ua=95 mt=R len=7
PKT t=23756 TX ua=95 mt=T len=7
PKT t=23768 TX ua=95 mt=P len=0
PKT t=23777 RX ua=95 mt=R len=7
PKT t=23782 TX ua=95 mt=P len=0
PKT t=23791 RX ua=95 mt=R len=7
PKT t=23796 TX ua=95 mt=P len=0
PKT t=23805 RX ua=95 mt=R len=7
PKT t=23810 TX ua=95 mt=P len=0
PKT t=23819 RX ua=95 mt=R len=7
PKT t=23824 TX ua=95 mt=P len=0
PKT t=23833 RX ua=95 mt=R len=7
PKT t=23838 TX ua=95 mt=P len=0
PKT t=23867 RX ua=95 mt=R len=7
PKT t=23872 TX ua=95 mt=P len=0
PKT t=23881 RX ua=95 mt=R len=7
PKT t=23886 TX ua=95 mt=P len=0
PKT t=23911 RX ua=95 mt=R len=7
PKT t=24166 TX ua=96 mt=P len=0
PKT t=24424 TX ua=95 mt=P len=0
PKT t=24433 RX ua=95 mt=R len=7
PKT t=24438 TX ua=95 mt=T len=7
PKT t=24450 TX ua=95 mt=P len=0
PKT t=24469 RX ua=95 mt=R len=7
PKT t=24474 TX ua=95 mt=P len=0
PKT t=24483 RX ua=95 mt=R len=7
PKT t=24488 TX ua=95 mt=P len=0
PKT t=24497 RX ua=95 mt=R len=7
PKT t=24502 TX ua=95 mt=T len=7
PKT t=24514 TX ua=95 mt=P len=0
PKT t=24523 RX ua=95 mt=R len=7
PKT t=24551 TX ua=95 mt=P len=0
PKT t=24566 RX ua=95 mt=R len=7
PKT t=24571 TX ua=95 mt=P len=0
PKT t=24580 RX ua=95 mt=R len=7
PKT t=24585 TX ua=95 mt=P len=0
PKT t=24594 RX ua=95 mt=R len=7
PKT t=24599 TX ua=95 mt=P len=0
PKT t=24608 RX ua=95 mt=R len=7
PKT t=24613 TX ua=95 mt=P len=0
PKT t=24622 RX ua=95 mt=R len=7
PKT t=24627 TX ua=95 mt=P len=0
PKT t=24636 RX ua=95 mt=R len=7
PKT t=24641 TX ua=95 mt=P len=0
PKT t=24670 RX ua=95 mt=R len=7
PKT t=24675 TX ua=95 mt=P len=0
PKT t=24684 RX ua=95 mt=R len=7
PKT t=24711 TX ua=95 mt=P len=0
PKT t=24720 RX ua=95 mt=R len=7
PKT t=24725 TX ua=95 mt=P len=0
PKT t=24734 RX ua=95 mt=R len=7
PKT t=24739 TX ua=95 mt=P len=0
PKT t=24769 RX ua=95 mt=R len=7
PKT t=24774 TX ua=95 mt=T len=7
PKT t=24786 TX ua=95 mt=P len=0
PKT t=24795 RX ua=95 mt=R len=7
PKT t=24800 TX ua=95 mt=P len=0
PKT t=24809 RX ua=95 mt=R len=7
PKT t=24814 TX ua=95 mt=P len=0
PKT t=24823 RX ua=95 mt=R len=7
PKT t=24828 TX ua=95 mt=P len=0
PKT t=24837 RX ua=95 mt=R len=7
PKT t=24842 TX ua=95 mt=P len=0
PKT t=24871 RX ua=95 mt=R len=7
PKT t=24876 TX ua=95 mt=P len=0
PKT t=24885 RX ua=95 mt=R len=7
PKT t=24890 TX ua=95 mt=P len=0
PKT t=24899 RX ua=95 mt=R len=7
PKT t=24904 TX ua=95 mt=P len=0
PKT t=24913 RX ua=95 mt=R len=7
PKT t=24918 TX ua=95 mt=P len=0
PKT t=24927 RX ua=95 mt=R len=7
PKT t=24932 TX ua=95 mt=P len=0
PKT t=24941 RX ua=95 mt=R len=7
PKT t=24946 TX ua=95 mt=P len=0
PKT t=24975 RX ua=95 mt=R len=7
PKT t=24980 TX ua=95 mt=P len=0
PKT t=24989 RX ua=95 mt=R len=7
PKT t=24994 TX ua=95 mt=P len=0
PKT t=25003 RX ua=95 mt=R len=7
PKT t=25031 TX ua=95 mt=T len=7
PKT t=25043 TX ua=95 mt=P len=0
PKT t=25074 RX ua=95 mt=R len=7
PKT t=25079 TX ua=95 mt=P len=0
PKT t=25088 RX ua=95 mt=R len=7
PKT t=25093 TX ua=95 mt=P len=0
PKT t=25102 RX ua=95 mt=R len=7
PKT t=25107 TX ua=95 mt=P len=0
PKT t=25116 RX ua=95 mt=R len=7
PKT t=25121 TX ua=95 mt=T len=7
PKT t=25133 TX ua=95 mt=P len=0
PKT t=25142 RX ua=95 mt=R len=7
PKT t=25147 TX ua=95 mt=P len=0
PKT t=25191 RX ua=95 mt=R len=7
PKT t=25196 TX ua=95 mt=P len=0
PKT t=25205 RX ua=95 mt=R len=7
PKT t=25210 TX ua=95 mt=P len=0
PKT t=25219 RX ua=95 mt=R len=7
PKT t=25224 TX ua=95 mt=P len=0
PKT t=25233 RX ua=95 mt=R len=7
PKT t=25238 TX ua=95 mt=P len=0
PKT t=25247 RX ua=95 mt=R len=7
PKT t=25252 TX ua=95 mt=T len=7
PKT t=25264 TX ua=95 mt=P len=0
PKT t=25283 RX ua=95 mt=R len=7
PKT t=25288 TX ua=95 mt=P len=0
PKT t=25297 RX ua=95 mt=R len=7
PKT t=25302 TX ua=95 mt=P len=0
PKT t=25311 RX ua=95 mt=R len=7
PKT t=25316 TX ua=95 mt=P len=0
PKT t=25325 RX ua=95 mt=R len=7
PKT t=25351 TX ua=95 mt=P len=0
PKT t=25380 RX ua=95 mt=R len=7
PKT t=25385 TX ua=95 mt=P len=0
PKT t=25394 RX ua=95 mt=R len=7
PKT t=25399 TX ua=95 mt=P len=0
PKT t=25408 RX ua=95 mt=R len=7
PKT t=25413 TX ua=95 mt=P len=0
PKT t=25422 RX ua=95 mt=R len=7
PKT t=25427 TX ua=95 mt=P len=0
PKT t=25436 RX ua=95 mt=R len=7
PKT t=25441 TX ua=95 mt=P len=0
PKT t=25450 RX ua=95 mt=R len=7
PKT t=25455 TX ua=95 mt=P len=0
PKT t=25484 RX ua=95 mt=R len=7
PKT t=25511 TX ua=95 mt=P len=0
PKT t=25520 RX ua=95 mt=R len=7
PKT t=25525 TX ua=95 mt=T len=7
PKT t=25537 TX ua=95 mt=P len=0
PKT t=25547 RX ua=95 mt=R len=7
PKT t=25552 TX ua=95 mt=P len=0
PKT t=25584 RX ua=95 mt=R len=7
PKT t=25589 TX ua=95 mt=P len=0
PKT t=25599 RX ua=95 mt=R len=7
PKT t=25604 TX ua=95 mt=P len=0
PKT t=25614 RX ua=95 mt=R len=7
PKT t=25619 TX ua=95 mt=P len=0
PKT t=25629 RX ua=95 mt=R len=7
PKT t=25634 TX ua=95 mt=P len=0
PKT t=25644 RX ua=95 mt=R len=7
PKT t=25671 TX ua=95 mt=P len=0
PKT t=25684 RX ua=95 mt=R len=7
PKT t=25689 TX ua=95 mt=P len=0
PKT t=25699 RX ua=95 mt=R len=7
PKT t=25704 TX ua=95 mt=P len=0
PKT t=25714 RX ua=95 mt=R len=7
PKT t=25719 TX ua=95 mt=P len=0
PKT t=25729 RX ua=95 mt=R len=7
PKT t=25734 TX ua=95 mt=P len=0
PKT t=25744 RX ua=95 mt=R len=7
PKT t=25749 TX ua=95 mt=P len=0
PKT t=25759 RX ua=95 mt=R len=7
PKT t=25764 TX ua=95 mt=T len=7
PKT t=25776 TX ua=95 mt=P len=0
PKT t=25794 RX ua=95 mt=R len=7
PKT t=25799 TX ua=95 mt=P len=0
PKT t=25831 RX ua=95 mt=R len=7
PKT t=25836 TX ua=95 mt=P len=0
PKT t=25845 RX ua=95 mt=R len=7
PKT t=25850 TX ua=95 mt=P len=0
PKT t=25859 RX ua=95 mt=R len=7
PKT t=25864 TX ua=95 mt=P len=0
PKT t=25893 RX ua=95 mt=R len=7
PKT t=25898 TX ua=95 mt=P len=0
PKT t=25907 RX ua=95 mt=R len=7
PKT t=25912 TX ua=95 mt=P len=0
PKT t=25921 RX ua=95 mt=R len=7
PKT t=25926 TX ua=95 mt=P len=0
PKT t=25935 RX ua=95 mt=R len=7
PKT t=25940 TX ua=95 mt=P len=0
PKT t=25949 RX ua=95 mt=R len=7
PKT t=25954 TX ua=95 mt=P len=0
PKT t=25963 RX ua=95 mt=R len=7
PKT t=25991 TX ua=95 mt=P len=0
PKT t=26000 RX ua=95 mt=R len=7
PKT t=26005 TX ua=95 mt=P len=0
PKT t=26017 RX ua=95 mt=R len=7
PKT t=26022 TX ua=95 mt=T len=7
PKT t=26034 TX ua=95 mt=P len=0
PKT t=26043 RX ua=95 mt=R len=7
PKT t=26048 TX ua=95 mt=P len=0
PKT t=26057 RX ua=95 mt=R len=7
PKT t=26062 TX ua=95 mt=P len=0
PKT t=26071 RX ua=95 mt=R len=7
PKT t=26076 TX ua=95 mt=P len=0
PKT t=26105 RX ua=95 mt=R len=7
PKT t=26110 TX ua=95 mt=P len=0
PKT t=26119 RX ua=95 mt=R len=7
PKT t=26124 TX ua=95 mt=T len=7
PKT t=26158 TX ua=95 mt=P len=0
PKT t=26167 RX ua=95 mt=R len=7
PKT t=26172 TX ua=95 mt=T len=7
PKT t=26185 TX ua=95 mt=P len=0
PKT t=26206 RX ua=95 mt=R len=7
PKT t=26211 TX ua=95 mt=P len=0
PKT t=26220 RX ua=95 mt=R len=7
PKT t=26225 TX ua=95 mt=P len=0
PKT t=26234 RX ua=95 mt=R len=7
PKT t=26239 TX ua=95 mt=P len=0
PKT t=26248 RX ua=95 mt=R len=7
PKT t=26253 TX ua=95 mt=P len=0
PKT t=26262 RX ua=95 mt=R len=7
PKT t=26267 TX ua=95 mt=T len=7
PKT t=26280 TX ua=95 mt=P len=0
PKT t=26311 RX ua=95 mt=R len=7
PKT t=26316 TX ua=95 mt=P len=0
PKT t=26325 RX ua=95 mt=R len=7
PKT t=26330 TX ua=95 mt=P len=0
PKT t=26339 RX ua=95 mt=R len=7
PKT t=26344 TX ua=95 mt=P len=0
PKT t=26353 RX ua=95 mt=R len=7
PKT t=26358 TX ua=95 mt=P len=0
PKT t=26367 RX ua=95 mt=R len=7
PKT t=26372 TX ua=95 mt=P len=0
PKT t=26381 RX ua=95 mt=R len=7
PKT t=26386 TX ua=95 mt=P len=0
PKT t=26415 RX ua=95 mt=R len=7
PKT t=26420 TX ua=95 mt=P len=0
PKT t=26429 RX ua=95 mt=R len=7
PKT t=26434 TX ua=95 mt=P len=0
PKT t=26443 RX ua=95 mt=R len=7
PKT t=26471 TX ua=95 mt=P len=0
PKT t=26480 RX ua=95 mt=R len=7
PKT t=26485 TX ua=95 mt=P len=0
PKT t=26514 RX ua=95 mt=R len=7
PKT t=26519 TX ua=95 mt=T len=7
PKT t=26532 TX ua=95 mt=P len=0
PKT t=26541 RX ua=95 mt=R len=7
PKT t=26546 TX ua=95 mt=P len=0
PKT t=26555 RX ua=95 mt=R len=7
PKT t=26560 TX ua=95 mt=P len=0
PKT t=26569 RX ua=95 mt=R len=7
PKT t=26574 TX ua=95 mt=P len=0
PKT t=26583 RX ua=95 mt=R len=7
PKT t=26588 TX ua=95 mt=P len=0
PKT t=26631 RX ua=95 mt=R len=7
PKT t=26636 TX ua=95 mt=P len=0
PKT t=26645 RX ua=95 mt=R len=7
PKT t=26650 TX ua=95 mt=P len=0
PKT t=26659 RX ua=95 mt=R len=7
PKT t=26664 TX ua=95 mt=P len=0
PKT t=26673 RX ua=95 mt=R len=7
PKT t=26678 TX ua=95 mt=P len=0
PKT t=26687 RX ua=95 mt=R len=7
PKT t=26692 TX ua=95 mt=P len=0
PKT t=26721 RX ua=95 mt=R len=7
PKT t=26726 TX ua=95 mt=P len=0
PKT t=26735 RX ua=95 mt=R len=7
PKT t=26740 TX ua=95 mt=P len=0
PKT t=26749 RX ua=95 mt=R len=7
PKT t=26754 TX ua=95 mt=P len=0
PKT t=26763 RX ua=95 mt=R len=7
PKT t=26791 TX ua=95 mt=T len=7
PKT t=26804 TX ua=95 mt=P len=0
PKT t=26823 RX ua=95 mt=R len=7
PKT t=26828 TX ua=95 mt=P len=0
PKT t=26837 RX ua=95 mt=R len=7
PKT t=26842 TX ua=95 mt=P len=0
PKT t=26851 RX ua=95 mt=R len=7
PKT t=26856 TX ua=95 mt=P len=0
PKT t=26865 RX ua=95 mt=R len=7
PKT t=26870 TX ua=95 mt=P len=0
PKT t=26879 RX ua=95 mt=R len=7
PKT t=26884 TX ua=95 mt=P len=0
PKT t=26893 RX ua=95 mt=R len=7
PKT t=26898 TX ua=95 mt=P len=0
PKT t=26951 RX ua=95 mt=R len=7
PKT t=26956 TX ua=95 mt=P len=0
PKT t=26965 RX ua=95 mt=R len=7
PKT t=26970 TX ua=95 mt=P len=0
PKT t=26979 RX ua=95 mt=R len=7
PKT t=26984 TX ua=95 mt=P len=0
PKT t=26993 RX ua=95 mt=R len=7
PKT t=26998 TX ua=95 mt=P len=0
PKT t=27027 RX ua=95 mt=R len=7
PKT t=27032 TX ua=95 mt=T len=7
PKT t=27045 TX ua=95 mt=P len=0
PKT t=27054 RX ua=95 mt=R len=7
PKT t=27059 TX ua=95 mt=P len=0
PKT t=27068 RX ua=95 mt=R len=7
PKT t=27073 TX ua=95 mt=P len=0
PKT t=27082 RX ua=95 mt=R len=7
PKT t=27087 TX ua=95 mt=P len=0
PKT t=27112 RX ua=95 mt=R len=7
PKT t=27367 TX ua=96 mt=P len=0
PKT t=27625 TX ua=95 mt=P len=0
PKT t=27635 RX ua=95 mt=R len=7
PKT t=27639 TX ua=95 mt=T len=7
PKT t=27651 TX ua=95 mt=P len=0
PKT t=27661 RX ua=95 mt=R len=7
PKT t=27666 TX ua=95 mt=P len=0
PKT t=27676 RX ua=95 mt=R len=7
PKT t=27681 TX ua=95 mt=P len=0
PKT t=27691 RX ua=95 mt=R len=7
PKT t=27696 TX ua=95 mt=P len=0
PKT t=27751 RX ua=95 mt=R len=7
PKT t=27756 TX ua=95 mt=P len=0
PKT t=27766 RX ua=95 mt=R len=7
PKT t=27771 TX ua=95 mt=P len=0
PKT t=27781 RX ua=95 mt=R len=7
PKT t=27786 TX ua=95 mt=T len=7
PKT t=27798 TX ua=95 mt=P len=0
PKT t=27829 RX ua=95 mt=R len=7
PKT t=27834 TX ua=95 mt=P len=0
PKT t=27843 RX ua=95 mt=R len=7
PKT t=27848 TX ua=95 mt=P len=0
PKT t=27857 RX ua=95 mt=R len=7
PKT t=27862 TX ua=95 mt=P len=0
PKT t=27871 RX ua=95 mt=R len=7
PKT t=27876 TX ua=95 mt=P len=0
PKT t=27886 RX ua=95 mt=R len=7
PKT t=27911 TX ua=95 mt=P len=0
PKT t=27929 RX ua=95 mt=R len=7
PKT t=27934 TX ua=95 mt=P len=0
PKT t=27943 RX ua=95 mt=R len=7
PKT t=27948 TX ua=95 mt=P len=0
PKT t=27957 RX ua=95 mt=R len=7
PKT t=27962 TX ua=95 mt=P len=0
PKT t=27971 RX ua=95 mt=R len=7
PKT t=27976 TX ua=95 mt=P len=0
PKT t=27985 RX ua=95 mt=R len=7
PKT t=27990 TX ua=95 mt=P len=0
PKT t=27999 RX ua=95 mt=R len=7
PKT t=28004 TX ua=95 mt=P len=0
PKT t=28033 RX ua=95 mt=R len=7
PKT t=28038 TX ua=95 mt=T len=7
PKT t=28071 TX ua=95 mt=P len=0
PKT t=28080 RX ua=95 mt=R len=7
PKT t=28085 TX ua=95 mt=P len=0
PKT t=28094 RX ua=95 mt=R len=7
PKT t=28099 TX ua=95 mt=P len=0
PKT t=28133 RX ua=95 mt=R len=7
PKT t=28138 TX ua=95 mt=T len=7
PKT t=28150 TX ua=95 mt=P len=0
PKT t=28159 RX ua=95 mt=R len=7
PKT t=28164 TX ua=95 mt=P len=0
PKT t=28173 RX ua=95 mt=R len=7
PKT t=28178 TX ua=95 mt=P len=0
PKT t=28187 RX ua=95 mt=R len=7
PKT t=28192 TX ua=95 mt=P len=0
PKT t=28201 RX ua=95 mt=R len=7
PKT t=28206 TX ua=95 mt=P len=0
PKT t=28235 RX ua=95 mt=R len=7
PKT t=28240 TX ua=95 mt=P len=0
PKT t=28249 RX ua=95 mt=R len=7
PKT t=28254 TX ua=95 mt=P len=0
PKT t=28263 RX ua=95 mt=R len=7
PKT t=28268 TX ua=95 mt=P len=0
PKT t=28277 RX ua=95 mt=R len=7
PKT t=28282 TX ua=95 mt=T len=7
PKT t=28294 TX ua=95 mt=P len=0
PKT t=28303 RX ua=95 mt=R len=7
PKT t=28308 TX ua=95 mt=P len=0
PKT t=28337 RX ua=95 mt=R len=7
PKT t=28342 TX ua=95 mt=P len=0
PKT t=28351 RX ua=95 mt=R len=7
PKT t=28356 TX ua=95 mt=P len=0
PKT t=28365 RX ua=95 mt=R len=7
PKT t=28391 TX ua=95 mt=P len=0
PKT t=28400 RX ua=95 mt=R len=7
PKT t=28405 TX ua=95 mt=P len=0
PKT t=28436 RX ua=95 mt=R len=7
PKT t=28441 TX ua=95 mt=P len=0
PKT t=28450 RX ua=95 mt=R len=7
PKT t=28455 TX ua=95 mt=P len=0
PKT t=28464 RX ua=95 mt=R len=7
PKT t=28469 TX ua=95 mt=P len=0
PKT t=28478 RX ua=95 mt=R len=7
PKT t=28483 TX ua=95 mt=P len=0
PKT t=28492 RX ua=95 mt=R len=7
PKT t=28497 TX ua=95 mt=P len=0
PKT t=28506 RX ua=95 mt=R len=7
PKT t=28511 TX ua=95 mt=P len=0
PKT t=28551 RX ua=95 mt=R len=7
PKT t=28556 TX ua=95 mt=T len=7
PKT t=28568 TX ua=95 mt=P len=0
PKT t=28577 RX ua=95 mt=R len=7
PKT t=28582 TX ua=95 mt=P len=0
PKT t=28591 RX ua=95 mt=R len=7
PKT t=28596 TX ua=95 mt=P len=0
PKT t=28605 RX ua=95 mt=R len=7
PKT t=28610 TX ua=95 mt=P len=0
PKT t=28639 RX ua=95 mt=R len=7
PKT t=28644 TX ua=95 mt=P len=0
PKT t=28653 RX ua=95 mt=R len=7
PKT t=28658 TX ua=95 mt=P len=0
PKT t=28667 RX ua=95 mt=R len=7
PKT t=28672 TX ua=95 mt=P len=0
PKT t=28681 RX ua=95 mt=R len=7
PKT t=28686 TX ua=95 mt=P len=0
PKT t=28711 RX ua=95 mt=R len=7
PKT t=28966 TX ua=96 mt=P len=0
PKT t=29224 TX ua=95 mt=P len=0
PKT t=29233 RX ua=95 mt=R len=7
PKT t=29238 TX ua=95 mt=T len=7
PKT t=29251 TX ua=95 mt=P len=0
PKT t=29260 RX ua=95 mt=R len=7
PKT t=29265 TX ua=95 mt=P len=0
PKT t=29274 RX ua=95 mt=R len=7
PKT t=29279 TX ua=95 mt=P len=0
PKT t=29288 RX ua=95 mt=R len=7
PKT t=29293 TX ua=95 mt=T len=7
PKT t=29306 TX ua=95 mt=P len=0
PKT t=29351 RX ua=95 mt=R len=7
PKT t=29356 TX ua=95 mt=P len=0
PKT t=29365 RX ua=95 mt=R len=7
PKT t=29370 TX ua=95 mt=P len=0
PKT t=29379 RX ua=95 mt=R len=7
PKT t=29384 TX ua=95 mt=P len=0
PKT t=29393 RX ua=95 mt=R len=7
PKT t=29398 TX ua=95 mt=P len=0
PKT t=29407 RX ua=95 mt=R len=7
PKT t=29412 TX ua=95 mt=P len=0
PKT t=29441 RX ua=95 mt=R len=7
PKT t=29446 TX ua=95 mt=P len=0
PKT t=29455 RX ua=95 mt=R len=7
PKT t=29460 TX ua=95 mt=P len=0
PKT t=29469 RX ua=95 mt=R len=7
PKT t=29474 TX ua=95 mt=P len=0
PKT t=29483 RX ua=95 mt=R len=7
PKT t=29511 TX ua=95 mt=P len=0
PKT t=29540 RX ua=95 mt=R len=7
PKT t=29545 TX ua=95 mt=T len=7
PKT t=29558 TX ua=95 mt=P len=0
PKT t=29568 RX ua=95 mt=R len=7
PKT t=29573 TX ua=95 mt=P len=0
PKT t=29583 RX ua=95 mt=R len=7
PKT t=29588 TX ua=95 mt=P len=0
PKT t=29598 RX ua=95 mt=R len=7
PKT t=29603 TX ua=95 mt=P len=0
PKT t=29613 RX ua=95 mt=R len=7
PKT t=29618 TX ua=95 mt=P len=0
PKT t=29671 RX ua=95 mt=R len=7
PKT t=29676 TX ua=95 mt=P len=0
PKT t=29686 RX ua=95 mt=R len=7
PKT t=29691 TX ua=95 mt=P len=0
PKT t=29701 RX ua=95 mt=R len=7
PKT t=29706 TX ua=95 mt=P len=0
PKT t=29716 RX ua=95 mt=R len=7
PKT t=29721 TX ua=95 mt=P len=0
PKT t=29750 RX ua=95 mt=R len=7
PKT t=29755 TX ua=95 mt=P len=0
PKT t=29765 RX ua=95 mt=R len=7
PKT t=29770 TX ua=95 mt=P len=0
PKT t=29780 RX ua=95 mt=R len=7
PKT t=29785 TX ua=95 mt=T len=7
PKT t=29798 TX ua=95 mt=P len=0
PKT t=29831 RX ua=95 mt=R len=7
PKT t=29836 TX ua=95 mt=P len=0
PKT t=29848 RX ua=95 mt=R len=7
PKT t=29853 TX ua=95 mt=P len=0
PKT t=29862 RX ua=95 mt=R len=7
PKT t=29867 TX ua=95 mt=P len=0
PKT t=29876 RX ua=95 mt=R len=7
PKT t=29881 TX ua=95 mt=P len=0
PKT t=29890 RX ua=95 mt=R len=7
PKT t=29895 TX ua=95 mt=P len=0
PKT t=29904 RX ua=95 mt=R len=7
PKT t=29909 TX ua=95 mt=P len=0
PKT t=29918 RX ua=95 mt=R len=7
PKT t=29923 TX ua=95 mt=P len=0
PKT t=29952 RX ua=95 mt=R len=7
PKT t=29957 TX ua=95 mt=P len=0
PKT t=29966 RX ua=95 mt=R len=7
PKT t=29991 TX ua=95 mt=P len=0
PKT t=30000 RX ua=95 mt=R len=7
PKT t=30005 TX ua=95 mt=P len=0
PKT t=30014 RX ua=95 mt=R len=7
PKT t=30019 TX ua=95 mt=P len=0
PKT t=30051 RX ua=95 mt=R len=7
PKT t=30056 TX ua=95 mt=T len=7
PKT t=30069 TX ua=95 mt=P len=0
PKT t=30078 RX ua=95 mt=R len=7
PKT t=30083 TX ua=95 mt=P len=0
PKT t=30092 RX ua=95 mt=R len=7
PKT t=30097 TX ua=95 mt=P len=0
PKT t=30106 RX ua=95 mt=R len=7
PKT t=30111 TX ua=95 mt=P len=0
PKT t=30120 RX ua=95 mt=R len=7
PKT t=30125 TX ua=95 mt=T len=7
PKT t=30158 TX ua=95 mt=P len=0
PKT t=30167 RX ua=95 mt=R len=7
PKT t=30172 TX ua=95 mt=P len=0
PKT t=30181 RX ua=95 mt=R len=7
PKT t=30186 TX ua=95 mt=P len=0
PKT t=30195 RX ua=95 mt=R len=7
PKT t=30200 TX ua=95 mt=P len=0
PKT t=30209 RX ua=95 mt=R len=7
PKT t=30214 TX ua=95 mt=P len=0
PKT t=30223 RX ua=95 mt=R len=7
PKT t=30228 TX ua=95 mt=P len=0
PKT t=30257 RX ua=95 mt=R len=7
PKT t=30262 TX ua=95 mt=P len=0
PKT t=30271 RX ua=95 mt=R len=7
PKT t=30276 TX ua=95 mt=P len=0
PKT t=30285 RX ua=95 mt=R len=7
PKT t=30311 TX ua=95 mt=T len=7
PKT t=30323 TX ua=95 mt=P len=0
PKT t=30357 RX ua=95 mt=R len=7
PKT t=30362 TX ua=95 mt=P len=0
PKT t=30371 RX ua=95 mt=R len=7
PKT t=30376 TX ua=95 mt=P len=0
PKT t=30385 RX ua=95 mt=R len=7
PKT t=30390 TX ua=95 mt=P len=0
PKT t=30399 RX ua=95 mt=R len=7
PKT t=30404 TX ua=95 mt=P len=0
PKT t=30413 RX ua=95 mt=R len=7
PKT t=30418 TX ua=95 mt=P len=0
PKT t=30427 RX ua=95 mt=R len=7
PKT t=30432 TX ua=95 mt=P len=0
PKT t=30471 RX ua=95 mt=R len=7
PKT t=30476 TX ua=95 mt=P len=0
PKT t=30485 RX ua=95 mt=R len=7
PKT t=30490 TX ua=95 mt=P len=0
PKT t=30499 RX ua=95 mt=R len=7
PKT t=30504 TX ua=95 mt=P len=0
PKT t=30513 RX ua=95 mt=R len=7
PKT t=30518 TX ua=95 mt=P len=0
PKT t=30527 RX ua=95 mt=R len=7
PKT t=30532 TX ua=95 mt=T len=7
PKT t=30544 TX ua=95 mt=P len=0
PKT t=30563 RX ua=95 mt=R len=7
PKT t=30568 TX ua=95 mt=P len=0
PKT t=30577 RX ua=95 mt=R len=7
PKT t=30582 TX ua=95 mt=P len=0
PKT t=30591 RX ua=95 mt=R len=7
PKT t=30596 TX ua=95 mt=P len=0
PKT t=30605 RX ua=95 mt=R len=7
PKT t=30631 TX ua=95 mt=P len=0
PKT t=30660 RX ua=95 mt=R len=7
PKT t=30665 TX ua=95 mt=P len=0
PKT t=30674 RX ua=95 mt=R len=7
PKT t=30679 TX ua=95 mt=P len=0
PKT t=30688 RX ua=95 mt=R len=7
PKT t=30693 TX ua=95 mt=P len=0
PKT t=30702 RX ua=95 mt=R len=7
PKT t=30707 TX ua=95 mt=P len=0
PKT t=30716 RX ua=95 mt=R len=7
PKT t=30721 TX ua=95 mt=P len=0
PKT t=30730 RX ua=95 mt=R len=7
PKT t=30735 TX ua=95 mt=P len=0
PKT t=30764 RX ua=95 mt=R len=7
PKT t=30791 TX ua=95 mt=P len=0
PKT t=30800 RX ua=95 mt=R len=7
PKT t=30805 TX ua=95 mt=T len=7
PKT t=30817 TX ua=95 mt=P len=0
PKT t=30826 RX ua=95 mt=R len=7
PKT t=30831 TX ua=95 mt=P len=0
PKT t=30863 RX ua=95 mt=R len=7
PKT t=30868 TX ua=95 mt=P len=0
PKT t=30877 RX ua=95 mt=R len=7
PKT t=30882 TX ua=95 mt=P len=0
PKT t=30891 RX ua=95 mt=R len=7
PKT t=30896 TX ua=95 mt=P len=0
PKT t=30905 RX ua=95 mt=R len=7
PKT t=30910 TX ua=95 mt=P len=0
PKT t=30919 RX ua=95 mt=R len=7
PKT t=30924 TX ua=95 mt=P len=0
PKT t=30951 RX ua=95 mt=R len=7
PKT t=30956 TX ua=95 mt=P len=0
PKT t=30967 RX ua=95 mt=R len=7
PKT t=30972 TX ua=95 mt=P len=0
PKT t=30981 RX ua=95 mt=R len=7
PKT t=30986 TX ua=95 mt=P len=0
PKT t=30995 RX ua=95 mt=R len=7
PKT t=31000 TX ua=95 mt=P len=0
PKT t=31009 RX ua=95 mt=R len=7
PKT t=31014 TX ua=95 mt=P len=0
PKT t=31023 RX ua=95 mt=R len=7
PKT t=31028 TX ua=95 mt=P len=0
PKT t=31037 RX ua=95 mt=R len=7
PKT t=31042 TX ua=95 mt=T len=7
PKT t=31054 TX ua=95 mt=P len=0
PKT t=31073 RX ua=95 mt=R len=7
PKT t=31078 TX ua=95 mt=P len=0
PKT t=31111 RX ua=95 mt=R len=7
PKT t=31116 TX ua=95 mt=T len=7
PKT t=31128 TX ua=95 mt=P len=0
PKT t=31137 RX ua=95 mt=R len=7
PKT t=31142 TX ua=95 mt=P len=0
PKT t=31171 RX ua=95 mt=R len=7
PKT t=31176 TX ua=95 mt=P len=0
PKT t=31185 RX ua=95 mt=R len=7
PKT t=31190 TX ua=95 mt=P len=0
PKT t=31199 RX ua=95 mt=R len=7
PKT t=31204 TX ua=95 mt=P len=0
PKT t=31213 RX ua=95 mt=R len=7
PKT t=31218 TX ua=95 mt=P len=0
PKT t=31227 RX ua=95 mt=R len=7
PKT t=31232 TX ua=95 mt=P len=0
PKT t=31241 RX ua=95 mt=R len=7
PKT t=31246 TX ua=95 mt=P len=0
PKT t=31276 RX ua=95 mt=R len=7
PKT t=31280 TX ua=95 mt=P len=0
PKT t=31289 RX ua=95 mt=R len=7
PKT t=31294 TX ua=95 mt=T len=7
PKT t=31306 TX ua=95 mt=P len=0
PKT t=31315 RX ua=95 mt=R len=7
PKT t=31320 TX ua=95 mt=P len=0
PKT t=31329 RX ua=95 mt=R len=7
PKT t=31334 TX ua=95 mt=P len=0
PKT t=31343 RX ua=95 mt=R len=7
PKT t=31348 TX ua=95 mt=P len=0
PKT t=31378 RX ua=95 mt=R len=7
PKT t=31383 TX ua=95 mt=P len=0
PKT t=31392 RX ua=95 mt=R len=7
PKT t=31397 TX ua=95 mt=P len=0
PKT t=31406 RX ua=95 mt=R len=7
PKT t=31431 TX ua=95 mt=P len=0
PKT t=31440 RX ua=95 mt=R len=7
PKT t=31445 TX ua=95 mt=P len=0
PKT t=31477 RX ua=95 mt=R len=7
PKT t=31481 TX ua=95 mt=P len=0
PKT t=31490 RX ua=95 mt=R len=7
PKT t=31495 TX ua=95 mt=P len=0
PKT t=31504 RX ua=95 mt=R len=7
PKT t=31509 TX ua=95 mt=P len=0
PKT t=31518 RX ua=95 mt=R len=7
PKT t=31523 TX ua=95 mt=P len=0
PKT t=31532 RX ua=95 mt=R len=7
PKT t=31537 TX ua=95 mt=P len=0
PKT t=31546 RX ua=95 mt=R len=7
PKT t=31551 TX ua=95 mt=T len=7
PKT t=31563 TX ua=95 mt=P len=0
PKT t=31591 RX ua=95 mt=R len=7
PKT t=31596 TX ua=95 mt=P len=0
PKT t=31606 RX ua=95 mt=R len=7
PKT t=31611 TX ua=95 mt=P len=0
PKT t=31621 RX ua=95 mt=R len=7
PKT t=31626 TX ua=95 mt=P len=0
PKT t=31636 RX ua=95 mt=R len=7
PKT t=31641 TX ua=95 mt=P len=0
PKT t=31651 RX ua=95 mt=R len=7
PKT t=31656 TX ua=95 mt=P len=0
PKT t=31685 RX ua=95 mt=R len=7
PKT t=31690 TX ua=95 mt=P len=0
PKT t=31700 RX ua=95 mt=R len=7
PKT t=31705 TX ua=95 mt=P len=0
PKT t=31715 RX ua=95 mt=R len=7
PKT t=31720 TX ua=95 mt=P len=0
PKT t=31751 RX ua=95 mt=R len=7
PKT t=31756 TX ua=95 mt=P len=0
PKT t=31784 RX ua=95 mt=R len=7
PKT t=31789 TX ua=95 mt=P len=0
PKT t=31799 RX ua=95 mt=R len=7
PKT t=31804 TX ua=95 mt=T len=7
PKT t=31816 TX ua=95 mt=P len=0
PKT t=31825 RX ua=95 mt=R len=7
PKT t=31830 TX ua=95 mt=P len=0
PKT t=31839 RX ua=95 mt=R len=7
PKT t=31844 TX ua=95 mt=P len=0
PKT t=31853 RX ua=95 mt=R len=7
PKT t=31858 TX ua=95 mt=P len=0
PKT t=31911 RX ua=95 mt=R len=7
PKT t=31916 TX ua=95 mt=P len=0
PKT t=31925 RX ua=95 mt=R len=7
PKT t=31930 TX ua=95 mt=P len=0
PKT t=31939 RX ua=95 mt=R len=7
PKT t=31944 TX ua=95 mt=P len=0
PKT t=31953 RX ua=95 mt=R len=7
PKT t=31958 TX ua=95 mt=P len=0
PKT t=31987 RX ua=95 mt=R len=7
PKT t=31992 TX ua=95 mt=P len=0
PKT t=32001 RX ua=95 mt=R len=7
PKT t=32006 TX ua=95 mt=P len=0
PKT t=32015 RX ua=95 mt=R len=7
PKT t=32020 TX ua=95 mt=P len=0
PKT t=32029 RX ua=95 mt=R len=7
PKT t=32034 TX ua=95 mt=P len=0
PKT t=32043 RX ua=95 mt=R len=7
PKT t=32071 TX ua=95 mt=T len=7
PKT t=32083 TX ua=95 mt=P len=0
PKT t=32092 RX ua=95 mt=R len=7
PKT t=32097 TX ua=95 mt=P len=0
PKT t=32106 RX ua=95 mt=R len=7
PKT t=32111 TX ua=95 mt=P len=0
PKT t=32120 RX ua=95 mt=R len=7
PKT t=32125 TX ua=95 mt=T len=7
PKT t=32137 TX ua=95 mt=P len=0
PKT t=32146 RX ua=95 mt=R len=7
PKT t=32151 TX ua=95 mt=P len=0
PKT t=32160 RX ua=95 mt=R len=7
PKT t=32165 TX ua=95 mt=P len=0
PKT t=32194 RX ua=95 mt=R len=7
PKT t=32199 TX ua=95 mt=P len=0
PKT t=32231 RX ua=95 mt=R len=7
PKT t=32236 TX ua=95 mt=P len=0
PKT t=32245 RX ua=95 mt=R len=7
PKT t=32250 TX ua=95 mt=P len=0
PKT t=32259 RX ua=95 mt=R len=7
PKT t=32264 TX ua=95 mt=P len=0
PKT t=32293 RX ua=95 mt=R len=7
PKT t=32298 TX ua=95 mt=T len=7
PKT t=32310 TX ua=95 mt=P len=0
PKT t=32319 RX ua=95 mt=R len=7
PKT t=32324 TX ua=95 mt=P len=0
PKT t=32333 RX ua=95 mt=R len=7
PKT t=32338 TX ua=95 mt=P len=0
PKT t=32347 RX ua=95 mt=R len=7
PKT t=32352 TX ua=95 mt=P len=0
PKT t=32361 RX ua=95 mt=R len=7
PKT t=32366 TX ua=95 mt=P len=0
PKT t=32395 RX ua=95 mt=R len=7
PKT t=32400 TX ua=95 mt=P len=0
PKT t=32409 RX ua=95 mt=R len=7
PKT t=32414 TX ua=95 mt=P len=0
PKT t=32423 RX ua=95 mt=R len=7
PKT t=32428 TX ua=95 mt=P len=0
PKT t=32437 RX ua=95 mt=R len=7
PKT t=32442 TX ua=95 mt=P len=0
PKT t=32451 RX ua=95 mt=R len=7
PKT t=32456 TX ua=95 mt=P len=0
PKT t=32465 RX ua=95 mt=R len=7
PKT t=32470 TX ua=95 mt=P len=0
PKT t=32499 RX ua=95 mt=R len=7
PKT t=32504 TX ua=95 mt=P len=0
PKT t=32513 RX ua=95 mt=R len=7
PKT t=32518 TX ua=95 mt=P len=0
PKT t=32551 RX ua=95 mt=R len=7
PKT t=32556 TX ua=95 mt=T len=7
PKT t=32568 TX ua=95 mt=P len=0
PKT t=32599 RX ua=95 mt=R len=7
PKT t=32603 TX ua=95 mt=P len=0
PKT t=32612 RX ua=95 mt=R len=7
PKT t=32617 TX ua=95 mt=P len=0
PKT t=32626 RX ua=95 mt=R len=7
PKT t=32631 TX ua=95 mt=P len=0
PKT t=32640 RX ua=95 mt=R len=7
PKT t=32645 TX ua=95 mt=P len=0
PKT t=32654 RX ua=95 mt=R len=7
PKT t=32659 TX ua=95 mt=P len=0
PKT t=32668 RX ua=95 mt=R len=7
PKT t=32673 TX ua=95 mt=P len=0
PKT t=32711 RX ua=95 mt=R len=7
PKT t=32716 TX ua=95 mt=P len=0
PKT t=32725 RX ua=95 mt=R len=7
PKT t=32730 TX ua=95 mt=P len=0
PKT t=32739 RX ua=95 mt=R len=7
PKT t=32744 TX ua=95 mt=P len=0
PKT t=32753 RX ua=95 mt=R len=7
PKT t=32758 TX ua=95 mt=P len=0
PKT t=32767 RX ua=95 mt=R len=7
PKT t=32772 TX ua=95 mt=P len=0
PKT t=32801 RX ua=95 mt=R len=7
PKT t=32806 TX ua=95 mt=T len=7
PKT t=32818 TX ua=95 mt=P len=0
PKT t=32827 RX ua=95 mt=R len=7
PKT t=32832 TX ua=95 mt=P len=0
PKT t=32841 RX ua=95 mt=R len=7
PKT t=32846 TX ua=95 mt=P len=0
PKT t=32871 RX ua=95 mt=R len=7
PKT t=33126 TX ua=96 mt=P len=0
PKT t=33384 TX ua=95 mt=P len=0
PKT t=33393 RX ua=95 mt=R len=7
PKT t=33398 TX ua=95 mt=T len=7
PKT t=33410 TX ua=95 mt=P len=0
PKT t=33419 RX ua=95 mt=R len=7
PKT t=33424 TX ua=95 mt=P len=0
PKT t=33433 RX ua=95 mt=R len=7
PKT t=33438 TX ua=95 mt=P len=0
PKT t=33447 RX ua=95 mt=R len=7
PKT t=33452 TX ua=95 mt=P len=0
PKT t=33461 RX ua=95 mt=R len=7
PKT t=33466 TX ua=95 mt=P len=0
PKT t=33475 RX ua=95 mt=R len=7
PKT t=33480 TX ua=95 mt=P len=0
PKT t=33511 RX ua=95 mt=R len=7
PKT t=33516 TX ua=95 mt=P len=0
PKT t=33525 RX ua=95 mt=R len=7
PKT t=33530 TX ua=95 mt=P len=0
PKT t=33539 RX ua=95 mt=R len=7
PKT t=33544 TX ua=95 mt=P len=0
PKT t=33553 RX ua=95 mt=R len=7
PKT t=33558 TX ua=95 mt=T len=7
PKT t=33570 TX ua=95 mt=P len=0
PKT t=33580 RX ua=95 mt=R len=7
PKT t=33585 TX ua=95 mt=P len=0
PKT t=33614 RX ua=95 mt=R len=7
PKT t=33619 TX ua=95 mt=P len=0
PKT t=33629 RX ua=95 mt=R len=7
PKT t=33634 TX ua=95 mt=P len=0
PKT t=33644 RX ua=95 mt=R len=7
PKT t=33671 TX ua=95 mt=P len=0
PKT t=33681 RX ua=95 mt=R len=7
PKT t=33686 TX ua=95 mt=P len=0
PKT t=33715 RX ua=95 mt=R len=7
PKT t=33720 TX ua=95 mt=P len=0
PKT t=33730 RX ua=95 mt=R len=7
PKT t=33735 TX ua=95 mt=P len=0
PKT t=33745 RX ua=95 mt=R len=7
PKT t=33750 TX ua=95 mt=P len=0
PKT t=33760 RX ua=95 mt=R len=7
PKT t=33765 TX ua=95 mt=P len=0
PKT t=33775 RX ua=95 mt=R len=7
PKT t=33780 TX ua=95 mt=P len=0
PKT t=33790 RX ua=95 mt=R len=7
PKT t=33795 TX ua=95 mt=P len=0
PKT t=33831 RX ua=95 mt=R len=7
PKT t=33836 TX ua=95 mt=T len=7
PKT t=33848 TX ua=95 mt=P len=0
PKT t=33857 RX ua=95 mt=R len=7
PKT t=33862 TX ua=95 mt=P len=0
PKT t=33871 RX ua=95 mt=R len=7
PKT t=33876 TX ua=95 mt=P len=0
PKT t=33885 RX ua=95 mt=R len=7
PKT t=33890 TX ua=95 mt=P len=0
PKT t=33922 RX ua=95 mt=R len=7
PKT t=33927 TX ua=95 mt=P len=0
PKT t=33936 RX ua=95 mt=R len=7
PKT t=33941 TX ua=95 mt=P len=0
PKT t=33950 RX ua=95 mt=R len=7
PKT t=33955 TX ua=95 mt=P len=0
PKT t=33964 RX ua=95 mt=R len=7
PKT t=33991 TX ua=95 mt=P len=0
PKT t=34022 RX ua=95 mt=R len=7
PKT t=34027 TX ua=95 mt=P len=0
PKT t=34036 RX ua=95 mt=R len=7
PKT t=34041 TX ua=95 mt=P len=0
PKT t=34050 RX ua=95 mt=R len=7
PKT t=34055 TX ua=95 mt=T len=7
PKT t=34067 TX ua=95 mt=P len=0
PKT t=34076 RX ua=95 mt=R len=7
PKT t=34081 TX ua=95 mt=P len=0
PKT t=34090 RX ua=95 mt=R len=7
PKT t=34095 TX ua=95 mt=P len=0
PKT t=34124 RX ua=95 mt=R len=7
PKT t=34151 TX ua=95 mt=T len=7
PKT t=34164 TX ua=95 mt=P len=0
PKT t=34173 RX ua=95 mt=R len=7
PKT t=34178 TX ua=95 mt=T len=7
PKT t=34191 TX ua=95 mt=P len=0
PKT t=34223 RX ua=95 mt=R len=7
PKT t=34228 TX ua=95 mt=P len=0
PKT t=34237 RX ua=95 mt=R len=7
PKT t=34242 TX ua=95 mt=P len=0
PKT t=34251 RX ua=95 mt=R len=7
PKT t=34256 TX ua=95 mt=P len=0
PKT t=34265 RX ua=95 mt=R len=7
PKT t=34270 TX ua=95 mt=P len=0
PKT t=34279 RX ua=95 mt=R len=7
PKT t=34284 TX ua=95 mt=P len=0
PKT t=34311 RX ua=95 mt=R len=7
PKT t=34316 TX ua=95 mt=T len=7
PKT t=34329 TX ua=95 mt=P len=0
PKT t=34338 RX ua=95 mt=R len=7
PKT t=34343 TX ua=95 mt=P len=0
PKT t=34352 RX ua=95 mt=R len=7
PKT t=34357 TX ua=95 mt=P len=0
PKT t=34366 RX ua=95 mt=R len=7
PKT t=34371 TX ua=95 mt=P len=0
PKT t=34380 RX ua=95 mt=R len=7
PKT t=34385 TX ua=95 mt=P len=0
PKT t=34394 RX ua=95 mt=R len=7
PKT t=34399 TX ua=95 mt=P len=0
PKT t=34428 RX ua=95 mt=R len=7
PKT t=34433 TX ua=95 mt=P len=0
PKT t=34442 RX ua=95 mt=R len=7
PKT t=34447 TX ua=95 mt=P len=0
PKT t=34472 RX ua=95 mt=R len=7
PKT t=34727 TX ua=96 mt=P len=0
PKT t=34985 TX ua=95 mt=P len=0
PKT t=34994 RX ua=95 mt=R len=7
PKT t=34999 TX ua=95 mt=T len=7
PKT t=35012 TX ua=95 mt=P len=0
PKT t=35030 RX ua=95 mt=R len=7
PKT t=35035 TX ua=95 mt=P len=0
PKT t=35044 RX ua=95 mt=R len=7
PKT t=35049 TX ua=95 mt=P len=0
PKT t=35058 RX ua=95 mt=R len=7
PKT t=35063 TX ua=95 mt=T len=7
PKT t=35076 TX ua=95 mt=P len=0
PKT t=35085 RX ua=95 mt=R len=7
PKT t=35111 TX ua=95 mt=P len=0
PKT t=35127 RX ua=95 mt=R len=7
PKT t=35132 TX ua=95 mt=T len=7
PKT t=35144 TX ua=95 mt=P len=0
PKT t=35153 RX ua=95 mt=R len=7
PKT t=35158 TX ua=95 mt=P len=0
PKT t=35167 RX ua=95 mt=R len=7
PKT t=35172 TX ua=95 mt=P len=0
PKT t=35181 RX ua=95 mt=R len=7
PKT t=35186 TX ua=95 mt=P len=0
PKT t=35195 RX ua=95 mt=R len=7
PKT t=35200 TX ua=95 mt=P len=0
PKT t=35229 RX ua=95 mt=R len=7
PKT t=35234 TX ua=95 mt=P len=0
PKT t=35243 RX ua=95 mt=R len=7
PKT t=35271 TX ua=95 mt=P len=0
PKT t=35280 RX ua=95 mt=R len=7
PKT t=35285 TX ua=95 mt=P len=0
PKT t=35294 RX ua=95 mt=R len=7
PKT t=35299 TX ua=95 mt=P len=0
PKT t=35328 RX ua=95 mt=R len=7
PKT t=35333 TX ua=95 mt=T len=7
PKT t=35345 TX ua=95 mt=P len=0
PKT t=35354 RX ua=95 mt=R len=7
PKT t=35359 TX ua=95 mt=P len=0
PKT t=35368 RX ua=95 mt=R len=7
PKT t=35373 TX ua=95 mt=P len=0
PKT t=35382 RX ua=95 mt=R len=7
PKT t=35387 TX ua=95 mt=P len=0
PKT t=35396 RX ua=95 mt=R len=7
PKT t=35401 TX ua=95 mt=P len=0
PKT t=35431 RX ua=95 mt=R len=7
PKT t=35436 TX ua=95 mt=P len=0
PKT t=35445 RX ua=95 mt=R len=7
PKT t=35450 TX ua=95 mt=P len=0
PKT t=35459 RX ua=95 mt=R len=7
PKT t=35464 TX ua=95 mt=P len=0
PKT t=35473 RX ua=95 mt=R len=7
PKT t=35478 TX ua=95 mt=P len=0
PKT t=35487 RX ua=95 mt=R len=7
PKT t=35492 TX ua=95 mt=P len=0
PKT t=35501 RX ua=95 mt=R len=7
PKT t=35506 TX ua=95 mt=P len=0
PKT t=35535 RX ua=95 mt=R len=7
PKT t=35540 TX ua=95 mt=P len=0
PKT t=35549 RX ua=95 mt=R len=7
PKT t=35554 TX ua=95 mt=P len=0
PKT t=35563 RX ua=95 mt=R len=7
PKT t=35591 TX ua=95 mt=T len=7
PKT t=35603 TX ua=95 mt=P len=0
PKT t=35635 RX ua=95 mt=R len=7
PKT t=35640 TX ua=95 mt=P len=0
PKT t=35650 RX ua=95 mt=R len=7
PKT t=35655 TX ua=95 mt=P len=0
PKT t=35665 RX ua=95 mt=R len=7
PKT t=35670 TX ua=95 mt=P len=0
PKT t=35680 RX ua=95 mt=R len=7
PKT t=35685 TX ua=95 mt=P len=0
PKT t=35695 RX ua=95 mt=R len=7
PKT t=35700 TX ua=95 mt=P len=0
PKT t=35710 RX ua=95 mt=R len=7
PKT t=35715 TX ua=95 mt=P len=0
PKT t=35751 RX ua=95 mt=R len=7
PKT t=35756 TX ua=95 mt=P len=0
PKT t=35766 RX ua=95 mt=R len=7
PKT t=35771 TX ua=95 mt=P len=0
PKT t=35781 RX ua=95 mt=R len=7
PKT t=35786 TX ua=95 mt=P len=0
PKT t=35796 RX ua=95 mt=R len=7
PKT t=35801 TX ua=95 mt=P len=0
PKT t=35811 RX ua=95 mt=R len=7
PKT t=35816 TX ua=95 mt=T len=7
PKT t=35828 TX ua=95 mt=P len=0
PKT t=35846 RX ua=95 mt=R len=7
PKT t=35851 TX ua=95 mt=P len=0
PKT t=35860 RX ua=95 mt=R len=7
PKT t=35865 TX ua=95 mt=P len=0
PKT t=35874 RX ua=95 mt=R len=7
PKT t=35879 TX ua=95 mt=P len=0
PKT t=35911 RX ua=95 mt=R len=7
PKT t=35916 TX ua=95 mt=P len=0
PKT t=35945 RX ua=95 mt=R len=7
PKT t=35950 TX ua=95 mt=P len=0
PKT t=35959 RX ua=95 mt=R len=7
PKT t=35964 TX ua=95 mt=P len=0
PKT t=35973 RX ua=95 mt=R len=7
PKT t=35978 TX ua=95 mt=P len=0
PKT t=35987 RX ua=95 mt=R len=7
PKT t=35992 TX ua=95 mt=P len=0
PKT t=36001 RX ua=95 mt=R len=7
PKT t=36006 TX ua=95 mt=P len=0
PKT t=36015 RX ua=95 mt=R len=7
PKT t=36022 TX ua=95 mt=P len=0
PKT t=36071 RX ua=95 mt=R len=7
PKT t=36076 TX ua=95 mt=T len=7
PKT t=36088 TX ua=95 mt=P len=0
PKT t=36097 RX ua=95 mt=R len=7
PKT t=36102 TX ua=95 mt=P len=0
PKT t=36111 RX ua=95 mt=R len=7
PKT t=36116 TX ua=95 mt=T len=7
PKT t=36128 TX ua=95 mt=P len=0
PKT t=36150 RX ua=95 mt=R len=7
PKT t=36155 TX ua=95 mt=P len=0
PKT t=36164 RX ua=95 mt=R len=7
PKT t=36169 TX ua=95 mt=P len=0
PKT t=36178 RX ua=95 mt=R len=7
PKT t=36183 TX ua=95 mt=P len=0
PKT t=36192 RX ua=95 mt=R len=7
PKT t=36197 TX ua=95 mt=P len=0
PKT t=36206 RX ua=95 mt=R len=7
PKT t=36231 TX ua=95 mt=P len=0
PKT t=36249 RX ua=95 mt=R len=7
PKT t=36254 TX ua=95 mt=P len=0
PKT t=36263 RX ua=95 mt=R len=7
PKT t=36268 TX ua=95 mt=P len=0
PKT t=36277 RX ua=95 mt=R len=7
PKT t=36282 TX ua=95 mt=P len=0
PKT t=36291 RX ua=95 mt=R len=7
PKT t=36296 TX ua=95 mt=P len=0
PKT t=36305 RX ua=95 mt=R len=7
PKT t=36310 TX ua=95 mt=P len=0
PKT t=36319 RX ua=95 mt=R len=7
PKT t=36324 TX ua=95 mt=T len=7
PKT t=36336 TX ua=95 mt=P len=0
PKT t=36355 RX ua=95 mt=R len=7
PKT t=36360 TX ua=95 mt=P len=0
PKT t=36391 RX ua=95 mt=R len=7
PKT t=36396 TX ua=95 mt=P len=0
PKT t=36405 RX ua=95 mt=R len=7
PKT t=36410 TX ua=95 mt=P len=0
PKT t=36419 RX ua=95 mt=R len=7
PKT t=36424 TX ua=95 mt=P len=0
PKT t=36453 RX ua=95 mt=R len=7
PKT t=36458 TX ua=95 mt=P len=0
PKT t=36467 RX ua=95 mt=R len=7
PKT t=36472 TX ua=95 mt=P len=0
PKT t=36481 RX ua=95 mt=R len=7
PKT t=36486 TX ua=95 mt=P len=0
PKT t=36495 RX ua=95 mt=R len=7
PKT t=36500 TX ua=95 mt=P len=0
PKT t=36509 RX ua=95 mt=R len=7
PKT t=36514 TX ua=95 mt=P len=0
PKT t=36523 RX ua=95 mt=R len=7
PKT t=36551 TX ua=95 mt=P len=0
PKT t=36560 RX ua=95 mt=R len=7
PKT t=36565 TX ua=95 mt=P len=0
PKT t=36574 RX ua=95 mt=R len=7
PKT t=36579 TX ua=95 mt=T len=7
PKT t=36591 TX ua=95 mt=P len=0
PKT t=36600 RX ua=95 mt=R len=7
PKT t=36605 TX ua=95 mt=P len=0
PKT t=36614 RX ua=95 mt=R len=7
PKT t=36619 TX ua=95 mt=P len=0
PKT t=36628 RX ua=95 mt=R len=7
PKT t=36633 TX ua=95 mt=P len=0
PKT t=36662 RX ua=95 mt=R len=7
PKT t=36667 TX ua=95 mt=P len=0
PKT t=36676 RX ua=95 mt=R len=7
PKT t=36681 TX ua=95 mt=P len=0
PKT t=36711 RX ua=95 mt=R len=7
PKT t=36716 TX ua=95 mt=P len=0
PKT t=36725 RX ua=95 mt=R len=7
PKT t=36730 TX ua=95 mt=P len=0
PKT t=36762 RX ua=95 mt=R len=7
PKT t=36767 TX ua=95 mt=P len=0
PKT t=36776 RX ua=95 mt=R len=7
PKT t=36781 TX ua=95 mt=P len=0
PKT t=36790 RX ua=95 mt=R len=7
PKT t=36795 TX ua=95 mt=P len=0
PKT t=36804 RX ua=95 mt=R len=7
PKT t=36809 TX ua=95 mt=P len=0
PKT t=36818 RX ua=95 mt=R len=7
PKT t=36823 TX ua=95 mt=T len=7
PKT t=36835 TX ua=95 mt=P len=0
PKT t=36871 RX ua=95 mt=R len=7
PKT t=36876 TX ua=95 mt=P len=0
PKT t=36885 RX ua=95 mt=R len=7
PKT t=36890 TX ua=95 mt=P len=0
PKT t=36899 RX ua=95 mt=R len=7
PKT t=36904 TX ua=95 mt=P len=0
PKT t=36913 RX ua=95 mt=R len=7
PKT t=36918 TX ua=95 mt=P len=0
PKT t=36927 RX ua=95 mt=R len=7
PKT t=36932 TX ua=95 mt=P len=0
PKT t=36963 RX ua=95 mt=R len=7
PKT t=36968 TX ua=95 mt=P len=0
PKT t=36977 RX ua=95 mt=R len=7
PKT t=36982 TX ua=95 mt=P len=0
PKT t=36991 RX ua=95 mt=R len=7
PKT t=36996 TX ua=95 mt=P len=0
PKT t=37005 RX ua=95 mt=R len=7
PKT t=37031 TX ua=95 mt=P len=0
PKT t=37063 RX ua=95 mt=R len=7
PKT t=37068 TX ua=95 mt=P len=0
PKT t=37077 RX ua=95 mt=R len=7
PKT t=37082 TX ua=95 mt=T len=7
PKT t=37094 TX ua=95 mt=P len=0
PKT t=37103 RX ua=95 mt=R len=7
PKT t=37108 TX ua=95 mt=P len=0
PKT t=37117 RX ua=95 mt=R len=7
PKT t=37122 TX ua=95 mt=T len=7
PKT t=37135 TX ua=95 mt=P len=0
PKT t=37164 RX ua=95 mt=R len=7
PKT t=37191 TX ua=95 mt=P len=0
PKT t=37200 RX ua=95 mt=R len=7
PKT t=37205 TX ua=95 mt=P len=0
PKT t=37214 RX ua=95 mt=R len=7
PKT t=37219 TX ua=95 mt=P len=0
PKT t=37228 RX ua=95 mt=R len=7
PKT t=37233 TX ua=95 mt=P len=0
PKT t=37263 RX ua=95 mt=R len=7
PKT t=37268 TX ua=95 mt=P len=0
PKT t=37277 RX ua=95 mt=R len=7
PKT t=37282 TX ua=95 mt=P len=0
PKT t=37291 RX ua=95 mt=R len=7
PKT t=37296 TX ua=95 mt=P len=0
PKT t=37305 RX ua=95 mt=R len=7
PKT t=37310 TX ua=95 mt=P len=0
PKT t=37319 RX ua=95 mt=R len=7
PKT t=37324 TX ua=95 mt=T len=7
