PKT t=7117 RX ua=95 mt=R len=7
PKT t=7122 TX ua=95 mt=T len=7
PKT t=7134 TX ua=95 mt=P len=0
PKT t=7143 RX ua=95 mt=R len=7
PKT t=7176 TX ua=95 mt=P len=0
PKT t=7189 RX ua=95 mt=R len=7
PKT t=7194 TX ua=95 mt=P len=0
PKT t=7203 RX ua=95 mt=R len=7
PKT t=7208 TX ua=95 mt=P len=0
PKT t=7217 RX ua=95 mt=R len=7
PKT t=7222 TX ua=95 mt=P len=0
PKT t=7231 RX ua=95 mt=R len=7
PKT t=7236 TX ua=95 mt=P len=0
PKT t=7245 RX ua=95 mt=R len=7
PKT t=7276 TX ua=95 mt=P len=0
PKT t=7290 RX ua=95 mt=R len=7
PKT t=7295 TX ua=95 mt=P len=0
PKT t=7304 RX ua=95 mt=R len=7
PKT t=7309 TX ua=95 mt=P len=0
PKT t=7318 RX ua=95 mt=R len=7
PKT t=7323 TX ua=95 mt=P len=0
PKT t=7332 RX ua=95 mt=R len=7
PKT t=7337 TX ua=95 mt=P len=0
PKT t=7346 RX ua=95 mt=R len=7
PKT t=7376 TX ua=95 mt=P len=0
PKT t=7389 RX ua=95 mt=R len=7
PKT t=7394 TX ua=95 mt=T len=7
PKT t=7406 TX ua=95 mt=P len=0
PKT t=7416 RX ua=95 mt=R len=7
PKT t=7421 TX ua=95 mt=P len=0
PKT t=7431 RX ua=95 mt=R len=7
PKT t=7436 TX ua=95 mt=P len=0
PKT t=7446 RX ua=95 mt=R len=7
PKT t=7476 TX ua=95 mt=P len=0
PKT t=7490 RX ua=95 mt=R len=7
PKT t=7495 TX ua=95 mt=P len=0
PKT t=7505 RX ua=95 mt=R len=7
PKT t=7510 TX ua=95 mt=P len=0
PKT t=7520 RX ua=95 mt=R len=7
PKT t=7525 TX ua=95 mt=P len=0
PKT t=7536 RX ua=95 mt=R len=7
PKT t=7541 TX ua=95 mt=P len=0
PKT t=7576 RX ua=95 mt=R len=7
PKT t=7581 TX ua=95 mt=P len=0
PKT t=7591 RX ua=95 mt=R len=7
PKT t=7596 TX ua=95 mt=P len=0
PKT t=7606 RX ua=95 mt=R len=7
PKT t=7611 TX ua=95 mt=P len=0
PKT t=7621 RX ua=95 mt=R len=7
PKT t=7626 TX ua=95 mt=P len=0
PKT t=7636 RX ua=95 mt=R len=7
PKT t=7641 TX ua=95 mt=T len=7
PKT t=7681 TX ua=95 mt=P len=0
PKT t=7690 RX ua=95 mt=R len=7
PKT t=7695 TX ua=95 mt=P len=0
PKT t=7704 RX ua=95 mt=R len=7
PKT t=7709 TX ua=95 mt=P len=0
PKT t=7718 RX ua=95 mt=R len=7
PKT t=7723 TX ua=95 mt=P len=0
PKT t=7732 RX ua=95 mt=R len=7
PKT t=7737 TX ua=95 mt=P len=0
PKT t=7746 RX ua=95 mt=R len=7
PKT t=7776 TX ua=95 mt=P len=0
PKT t=7790 RX ua=95 mt=R len=7
PKT t=7795 TX ua=95 mt=P len=0
PKT t=7804 RX ua=95 mt=R len=7
PKT t=7809 TX ua=95 mt=P len=0
PKT t=7818 RX ua=95 mt=R len=7
PKT t=7823 TX ua=95 mt=P len=0
PKT t=7832 RX ua=95 mt=R len=7
PKT t=7837 TX ua=95 mt=P len=0
PKT t=7846 RX ua=95 mt=R len=7
PKT t=7876 TX ua=95 mt=P len=0
PKT t=7889 RX ua=95 mt=R len=7
PKT t=7894 TX ua=95 mt=T len=7
PKT t=7906 TX ua=95 mt=P len=0
PKT t=7915 RX ua=95 mt=R len=7
PKT t=7920 TX ua=95 mt=P len=0
PKT t=7929 RX ua=95 mt=R len=7
PKT t=7934 TX ua=95 mt=P len=0
PKT t=7943 RX ua=95 mt=R len=7
PKT t=7976 TX ua=95 mt=P len=0
PKT t=7989 RX ua=95 mt=R len=7
PKT t=7994 TX ua=95 mt=P len=0
PKT t=8003 RX ua=95 mt=R len=7
PKT t=8008 TX ua=95 mt=P len=0
PKT t=8017 RX ua=95 mt=R len=7
PKT t=8022 TX ua=95 mt=P len=0
PKT t=8031 RX ua=95 mt=R len=7
PKT t=8036 TX ua=95 mt=P len=0
PKT t=8045 RX ua=95 mt=R len=7
PKT t=8076 TX ua=95 mt=P len=0
PKT t=8089 RX ua=95 mt=R len=7
PKT t=8094 TX ua=95 mt=P len=0
PKT t=8105 RX ua=95 mt=R len=7
PKT t=8110 TX ua=95 mt=P len=0
PKT t=8119 RX ua=95 mt=R len=7
PKT t=8124 TX ua=95 mt=T len=7
PKT t=8136 TX ua=95 mt=P len=0
PKT t=8145 RX ua=95 mt=R len=7
PKT t=8176 TX ua=95 mt=P len=0
PKT t=8189 RX ua=95 mt=R len=7
PKT t=8194 TX ua=95 mt=P len=0
PKT t=8203 RX ua=95 mt=R len=7
PKT t=8208 TX ua=95 mt=P len=0
PKT t=8217 RX ua=95 mt=R len=7
PKT t=8222 TX ua=95 mt=P len=0
PKT t=8231 RX ua=95 mt=R len=7
PKT t=8236 TX ua=95 mt=P len=0
PKT t=8245 RX ua=95 mt=R len=7
PKT t=8276 TX ua=95 mt=P len=0
PKT t=8289 RX ua=95 mt=R len=7
PKT t=8294 TX ua=95 mt=P len=0
PKT t=8303 RX ua=95 mt=R len=7
PKT t=8308 TX ua=95 mt=P len=0
PKT t=8317 RX ua=95 mt=R len=7
PKT t=8322 TX ua=95 mt=P len=0
PKT t=8331 RX ua=95 mt=R len=7
PKT t=8336 TX ua=95 mt=P len=0
PKT t=8345 RX ua=95 mt=R len=7
PKT t=8376 TX ua=95 mt=P len=0
PKT t=8389 RX ua=95 mt=R len=7
PKT t=8394 TX ua=95 mt=T len=7
PKT t=8406 TX ua=95 mt=P len=0
PKT t=8415 RX ua=95 mt=R len=7
PKT t=8420 TX ua=95 mt=P len=0
PKT t=8429 RX ua=95 mt=R len=7
PKT t=8434 TX ua=95 mt=P len=0
PKT t=8443 RX ua=95 mt=R len=7
PKT t=8476 TX ua=95 mt=P len=0
PKT t=8489 RX ua=95 mt=R len=7
PKT t=8494 TX ua=96 mt=P len=0
PKT t=8776 TX ua=95 mt=P len=0
PKT t=8785 RX ua=95 mt=R len=7
PKT t=8790 TX ua=95 mt=T len=7
PKT t=8802 TX ua=95 mt=P len=0
PKT t=8811 RX ua=95 mt=R len=7
PKT t=8816 TX ua=95 mt=P len=0
PKT t=8825 RX ua=95 mt=R len=7
PKT t=8830 TX ua=95 mt=P len=0
PKT t=8839 RX ua=95 mt=R len=7
PKT t=8844 TX ua=95 mt=P len=0
PKT t=8876 RX ua=95 mt=R len=7
PKT t=8881 TX ua=95 mt=T len=7
PKT t=8893 TX ua=95 mt=P len=0
PKT t=8902 RX ua=95 mt=R len=7
PKT t=8907 TX ua=95 mt=P len=0
PKT t=8916 RX ua=95 mt=R len=7
PKT t=8921 TX ua=95 mt=P len=0
PKT t=8930 RX ua=95 mt=R len=7
PKT t=8935 TX ua=95 mt=P len=0
PKT t=8944 RX ua=95 mt=R len=7
PKT t=8976 TX ua=95 mt=P len=0
PKT t=8989 RX ua=95 mt=R len=7
PKT t=8994 TX ua=95 mt=P len=0
PKT t=9003 RX ua=95 mt=R len=7
PKT t=9008 TX ua=95 mt=P len=0
PKT t=9017 RX ua=95 mt=R len=7
PKT t=9022 TX ua=95 mt=P len=0
PKT t=9031 RX ua=95 mt=R len=7
PKT t=9036 TX ua=95 mt=P len=0
PKT t=9045 RX ua=95 mt=R len=7
PKT t=9076 TX ua=95 mt=P len=0
PKT t=9089 RX ua=95 mt=R len=7
PKT t=9094 TX ua=95 mt=P len=0
PKT t=9103 RX ua=95 mt=R len=7
PKT t=9108 TX ua=95 mt=P len=0
PKT t=9117 RX ua=95 mt=R len=7
PKT t=9122 TX ua=95 mt=T len=7
PKT t=9134 TX ua=95 mt=P len=0
PKT t=9143 RX ua=95 mt=R len=7
PKT t=9176 TX ua=95 mt=P len=0
PKT t=9189 RX ua=95 mt=R len=7
PKT t=9194 TX ua=95 mt=P len=0
PKT t=9203 RX ua=95 mt=R len=7
PKT t=9208 TX ua=95 mt=P len=0
PKT t=9217 RX ua=95 mt=R len=7
PKT t=9222 TX ua=95 mt=P len=0
PKT t=9231 RX ua=95 mt=R len=7
PKT t=9236 TX ua=95 mt=P len=0
PKT t=9245 RX ua=95 mt=R len=7
PKT t=9276 TX ua=95 mt=P len=0
PKT t=9289 RX ua=95 mt=R len=7
PKT t=9294 TX ua=95 mt=P len=0
PKT t=9303 RX ua=95 mt=R len=7
PKT t=9308 TX ua=95 mt=P len=0
PKT t=9317 RX ua=95 mt=R len=7
PKT t=9322 TX ua=95 mt=P len=0
PKT t=9331 RX ua=95 mt=R len=7
PKT t=9336 TX ua=95 mt=P len=0
PKT t=9345 RX ua=95 mt=R len=7
PKT t=9376 TX ua=95 mt=P len=0
PKT t=9389 RX ua=95 mt=R len=7
PKT t=9394 TX ua=95 mt=T len=7
PKT t=9406 TX ua=95 mt=P len=0
PKT t=9416 RX ua=95 mt=R len=7
PKT t=9421 TX ua=95 mt=P len=0
PKT t=9431 RX ua=95 mt=R len=7
PKT t=9436 TX ua=95 mt=P len=0
PKT t=9446 RX ua=95 mt=R len=7
PKT t=9476 TX ua=95 mt=P len=0
PKT t=9489 RX ua=95 mt=R len=7
PKT t=9494 TX ua=95 mt=P len=0
PKT t=9504 RX ua=95 mt=R len=7
PKT t=9509 TX ua=95 mt=P len=0
PKT t=9519 RX ua=95 mt=R len=7
PKT t=9524 TX ua=95 mt=P len=0
PKT t=9534 RX ua=95 mt=R len=7
PKT t=9539 TX ua=95 mt=P len=0
PKT t=9576 RX ua=95 mt=R len=7
PKT t=9581 TX ua=95 mt=P len=0
PKT t=9591 RX ua=95 mt=R len=7
PKT t=9596 TX ua=95 mt=P len=0
PKT t=9606 RX ua=95 mt=R len=7
PKT t=9611 TX ua=95 mt=P len=0
PKT t=9621 RX ua=95 mt=R len=7
PKT t=9626 TX ua=95 mt=P len=0
PKT t=9636 RX ua=95 mt=R len=7
PKT t=9641 TX ua=95 mt=T len=7
PKT t=9681 TX ua=95 mt=P len=0
PKT t=9690 RX ua=95 mt=R len=7
PKT t=9695 TX ua=95 mt=P len=0
PKT t=9704 RX ua=95 mt=R len=7
PKT t=9709 TX ua=95 mt=P len=0
PKT t=9718 RX ua=95 mt=R len=7
PKT t=9723 TX ua=95 mt=P len=0
PKT t=9732 RX ua=95 mt=R len=7
PKT t=9737 TX ua=95 mt=P len=0
PKT t=9746 RX ua=95 mt=R len=7
PKT t=9776 TX ua=95 mt=P len=0
PKT t=9789 RX ua=95 mt=R len=7
PKT t=9794 TX ua=95 mt=P len=0
PKT t=9803 RX ua=95 mt=R len=7
PKT t=9808 TX ua=95 mt=P len=0
PKT t=9817 RX ua=95 mt=R len=7
PKT t=9822 TX ua=95 mt=P len=0
PKT t=9831 RX ua=95 mt=R len=7
PKT t=9836 TX ua=95 mt=P len=0
PKT t=9845 RX ua=95 mt=R len=7
PKT t=9876 TX ua=95 mt=P len=0
PKT t=9889 RX ua=95 mt=R len=7
PKT t=9894 TX ua=95 mt=T len=7
PKT t=9906 TX ua=95 mt=P len=0
PKT t=9915 RX ua=95 mt=R len=7
PKT t=9920 TX ua=95 mt=P len=0
PKT t=9929 RX ua=95 mt=R len=7
PKT t=9934 TX ua=95 mt=P len=0
PKT t=9943 RX ua=95 mt=R len=7
PKT t=9976 TX ua=95 mt=P len=0
PKT t=9989 RX ua=95 mt=R len=7
PKT t=9994 TX ua=95 mt=P len=0
PKT t=10003 RX ua=95 mt=R len=7
PKT t=10009 TX ua=95 mt=P len=0
PKT t=10018 RX ua=95 mt=R len=7
PKT t=10023 TX ua=95 mt=P len=0
PKT t=10032 RX ua=95 mt=R len=7
PKT t=10037 TX ua=95 mt=P len=0
PKT t=10046 RX ua=95 mt=R len=7
PKT t=10076 TX ua=95 mt=P len=0
PKT t=10089 RX ua=95 mt=R len=7
PKT t=10094 TX ua=95 mt=P len=0
PKT t=10103 RX ua=95 mt=R len=7
PKT t=10108 TX ua=95 mt=P len=0
PKT t=10117 RX ua=95 mt=R len=7
PKT t=10122 TX ua=95 mt=T len=7
PKT t=10135 TX ua=95 mt=P len=0
PKT t=10144 RX ua=95 mt=R len=7
PKT t=10176 TX ua=95 mt=T len=7
PKT t=10189 TX ua=95 mt=P len=0
PKT t=10198 RX ua=95 mt=R len=7
PKT t=10203 TX ua=95 mt=P len=0
PKT t=10212 RX ua=95 mt=R len=7
PKT t=10217 TX ua=95 mt=P len=0
PKT t=10226 RX ua=95 mt=R len=7
PKT t=10231 TX ua=95 mt=P len=0
PKT t=10240 RX ua=95 mt=R len=7
PKT t=10245 TX ua=95 mt=P len=0
PKT t=10276 RX ua=95 mt=R len=7
PKT t=10531 TX ua=96 mt=I len=13
PKT t=11039 TX ua=96 mt=T len=4
PKT t=11076 TX ua=95 mt=P len=0
PKT t=11086 RX ua=95 mt=R len=7
PKT t=11090 TX ua=95 mt=T len=7
PKT t=11103 TX ua=95 mt=P len=0
PKT t=11112 RX ua=95 mt=R len=7
PKT t=11117 TX ua=95 mt=P len=0
PKT t=11126 RX ua=95 mt=R len=7
PKT t=11131 TX ua=95 mt=T len=7
PKT t=11143 TX ua=95 mt=P len=0
PKT t=11176 RX ua=95 mt=R len=7
PKT t=11181 TX ua=95 mt=P len=0
PKT t=11190 RX ua=95 mt=R len=7
PKT t=11195 TX ua=95 mt=P len=0
PKT t=11204 RX ua=95 mt=R len=7
PKT t=11209 TX ua=95 mt=P len=0
PKT t=11218 RX ua=95 mt=R len=7
PKT t=11223 TX ua=95 mt=P len=0
PKT t=11232 RX ua=95 mt=R len=7
PKT t=11237 TX ua=95 mt=P len=0
PKT t=11246 RX ua=95 mt=R len=7
PKT t=11276 TX ua=95 mt=P len=0
PKT t=11289 RX ua=95 mt=R len=7
PKT t=11294 TX ua=95 mt=P len=0
PKT t=11303 RX ua=95 mt=R len=7
PKT t=11308 TX ua=95 mt=P len=0
PKT t=11317 RX ua=95 mt=R len=7
PKT t=11322 TX ua=95 mt=P len=0
PKT t=11331 RX ua=95 mt=R len=7
PKT t=11336 TX ua=95 mt=P len=0
PKT t=11345 RX ua=95 mt=R len=7
PKT t=11376 TX ua=95 mt=P len=0
PKT t=11389 RX ua=95 mt=R len=7
PKT t=11394 TX ua=95 mt=T len=7
PKT t=11406 TX ua=95 mt=P len=0
PKT t=11416 RX ua=95 mt=R len=7
PKT t=11421 TX ua=95 mt=P len=0
PKT t=11431 RX ua=95 mt=R len=7
PKT t=11436 TX ua=95 mt=P len=0
PKT t=11446 RX ua=95 mt=R len=7
PKT t=11476 TX ua=95 mt=P len=0
PKT t=11489 RX ua=95 mt=R len=7
PKT t=11494 TX ua=95 mt=P len=0
PKT t=11504 RX ua=95 mt=R len=7
PKT t=11509 TX ua=95 mt=P len=0
PKT t=11519 RX ua=95 mt=R len=7
PKT t=11524 TX ua=95 mt=P len=0
PKT t=11534 RX ua=95 mt=R len=7
PKT t=11539 TX ua=95 mt=P len=0
PKT t=11576 RX ua=95 mt=R len=7
PKT t=11581 TX ua=95 mt=P len=0
PKT t=11591 RX ua=95 mt=R len=7
PKT t=11596 TX ua=95 mt=P len=0
PKT t=11606 RX ua=95 mt=R len=7
PKT t=11611 TX ua=95 mt=P len=0
PKT t=11621 RX ua=95 mt=R len=7
PKT t=11626 TX ua=95 mt=P len=0
PKT t=11636 RX ua=95 mt=R len=7
PKT t=11641 TX ua=95 mt=T len=7
PKT t=11681 TX ua=95 mt=P len=0
PKT t=11690 RX ua=95 mt=R len=7
PKT t=11695 TX ua=95 mt=P len=0
PKT t=11704 RX ua=95 mt=R len=7
PKT t=11709 TX ua=95 mt=P len=0
PKT t=11718 RX ua=95 mt=R len=7
PKT t=11723 TX ua=95 mt=P len=0
PKT t=11732 RX ua=95 mt=R len=7
PKT t=11737 TX ua=95 mt=P len=0
PKT t=11746 RX ua=95 mt=R len=7
PKT t=11776 TX ua=95 mt=P len=0
PKT t=11790 RX ua=95 mt=R len=7
PKT t=11794 TX ua=95 mt=P len=0
PKT t=11803 RX ua=95 mt=R len=7
PKT t=11808 TX ua=95 mt=P len=0
PKT t=11817 RX ua=95 mt=R len=7
PKT t=11822 TX ua=95 mt=P len=0
PKT t=11831 RX ua=95 mt=R len=7
PKT t=11836 TX ua=95 mt=P len=0
PKT t=11845 RX ua=95 mt=R len=7
PKT t=11876 TX ua=95 mt=P len=0
PKT t=11889 RX ua=95 mt=R len=7
PKT t=11894 TX ua=95 mt=T len=7
PKT t=11906 TX ua=95 mt=P len=0
PKT t=11915 RX ua=95 mt=R len=7
PKT t=11920 TX ua=95 mt=P len=0
PKT t=11929 RX ua=95 mt=R len=7
PKT t=11934 TX ua=95 mt=P len=0
PKT t=11943 RX ua=95 mt=R len=7
PKT t=11976 TX ua=95 mt=P len=0
PKT t=11989 RX ua=95 mt=R len=7
PKT t=11994 TX ua=95 mt=P len=0
PKT t=12003 RX ua=95 mt=R len=7
PKT t=12010 TX ua=95 mt=P len=0
PKT t=12019 RX ua=95 mt=R len=7
PKT t=12024 TX ua=95 mt=P len=0
PKT t=12033 RX ua=95 mt=R len=7
PKT t=12038 TX ua=95 mt=P len=0
PKT t=12076 RX ua=95 mt=R len=7
PKT t=12081 TX ua=95 mt=P len=0
PKT t=12090 RX ua=95 mt=R len=7
PKT t=12095 TX ua=95 mt=P len=0
PKT t=12104 RX ua=95 mt=R len=7
PKT t=12109 TX ua=95 mt=P len=0
PKT t=12118 RX ua=95 mt=R len=7
PKT t=12123 TX ua=95 mt=T len=7
PKT t=12135 TX ua=95 mt=P len=0
PKT t=12144 RX ua=95 mt=R len=7
PKT t=12176 TX ua=95 mt=P len=0
PKT t=12189 RX ua=95 mt=R len=7
PKT t=12194 TX ua=95 mt=P len=0
PKT t=12203 RX ua=95 mt=R len=7
PKT t=12208 TX ua=95 mt=P len=0
PKT t=12217 RX ua=95 mt=R len=7
PKT t=12222 TX ua=95 mt=P len=0
PKT t=12231 RX ua=95 mt=R len=7
PKT t=12236 TX ua=95 mt=P len=0
PKT t=12245 RX ua=95 mt=R len=7
PKT t=12276 TX ua=95 mt=P len=0
PKT t=12289 RX ua=95 mt=R len=7
PKT t=12294 TX ua=95 mt=P len=0
PKT t=12303 RX ua=95 mt=R len=7
PKT t=12308 TX ua=95 mt=P len=0
PKT t=12317 RX ua=95 mt=R len=7
PKT t=12322 TX ua=95 mt=P len=0
PKT t=12331 RX ua=95 mt=R len=7
PKT t=12336 TX ua=95 mt=P len=0
PKT t=12345 RX ua=95 mt=R len=7
PKT t=12376 TX ua=95 mt=P len=0
PKT t=12389 RX ua=95 mt=R len=7
PKT t=12394 TX ua=95 mt=T len=7
PKT t=12406 TX ua=95 mt=P len=0
PKT t=12415 RX ua=95 mt=R len=7
PKT t=12420 TX ua=95 mt=P len=0
PKT t=12429 RX ua=95 mt=R len=7
PKT t=12434 TX ua=95 mt=P len=0
PKT t=12443 RX ua=95 mt=R len=7
PKT t=12476 TX ua=95 mt=P len=0
PKT t=12489 RX ua=95 mt=R len=7
PKT t=12494 TX ua=95 mt=P len=0
PKT t=12503 RX ua=95 mt=R len=7
PKT t=12508 TX ua=95 mt=P len=0
PKT t=12517 RX ua=95 mt=R len=7
PKT t=12522 TX ua=95 mt=P len=0
PKT t=12531 RX ua=95 mt=R len=7
PKT t=12536 TX ua=95 mt=P len=0
PKT t=12545 RX ua=95 mt=R len=7
PKT t=12576 TX ua=95 mt=P len=0
PKT t=12589 RX ua=95 mt=R len=7
PKT t=12594 TX ua=95 mt=P len=0
PKT t=12603 RX ua=95 mt=R len=7
PKT t=12608 TX ua=95 mt=P len=0
PKT t=12617 RX ua=95 mt=R len=7
PKT t=12622 TX ua=95 mt=P len=0
PKT t=12631 RX ua=95 mt=R len=7
PKT t=12636 TX ua=95 mt=T len=7
PKT t=12676 TX ua=95 mt=P len=0
PKT t=12689 RX ua=95 mt=R len=7
PKT t=12694 TX ua=95 mt=P len=0
PKT t=12703 RX ua=95 mt=R len=7
PKT t=12708 TX ua=95 mt=P len=0
PKT t=12717 RX ua=95 mt=R len=7
PKT t=12722 TX ua=95 mt=P len=0
PKT t=12731 RX ua=95 mt=R len=7
PKT t=12736 TX ua=95 mt=P len=0
PKT t=12745 RX ua=95 mt=R len=7
PKT t=12776 TX ua=95 mt=P len=0
PKT t=12789 RX ua=95 mt=R len=7
PKT t=12794 TX ua=95 mt=P len=0
PKT t=12803 RX ua=95 mt=R len=7
PKT t=12808 TX ua=95 mt=P len=0
PKT t=12817 RX ua=95 mt=R len=7
PKT t=12822 TX ua=95 mt=P len=0
PKT t=12831 RX ua=95 mt=R len=7
PKT t=12836 TX ua=95 mt=P len=0
PKT t=12845 RX ua=95 mt=R len=7
PKT t=12876 TX ua=95 mt=P len=0
PKT t=12889 RX ua=95 mt=R len=7
PKT t=12894 TX ua=95 mt=T len=7
PKT t=12906 TX ua=95 mt=P len=0
PKT t=12915 RX ua=95 mt=R len=7
PKT t=12920 TX ua=95 mt=P len=0
PKT t=12929 RX ua=95 mt=R len=7
PKT t=12934 TX ua=95 mt=P len=0
PKT t=12943 RX ua=95 mt=R len=7
PKT t=12976 TX ua=95 mt=P len=0
PKT t=12989 RX ua=95 mt=R len=7
PKT t=12994 TX ua=95 mt=P len=0
PKT t=13003 RX ua=95 mt=R len=7
PKT t=13008 TX ua=95 mt=P len=0
PKT t=13017 RX ua=95 mt=R len=7
PKT t=13022 TX ua=95 mt=P len=0
PKT t=13031 RX ua=95 mt=R len=7
PKT t=13036 TX ua=95 mt=P len=0
PKT t=13045 RX ua=95 mt=R len=7
PKT t=13076 TX ua=95 mt=P len=0
PKT t=13089 RX ua=95 mt=R len=7
PKT t=13094 TX ua=95 mt=P len=0
PKT t=13103 RX ua=95 mt=R len=7
PKT t=13108 TX ua=95 mt=P len=0
PKT t=13117 RX ua=95 mt=R len=7
PKT t=13122 TX ua=95 mt=T len=7
PKT t=13135 TX ua=95 mt=P len=0
PKT t=13144 RX ua=95 mt=R len=7
PKT t=13176 TX ua=95 mt=P len=0
PKT t=13189 RX ua=95 mt=R len=7
PKT t=13194 TX ua=95 mt=P len=0
PKT t=13203 RX ua=95 mt=R len=7
PKT t=13208 TX ua=95 mt=P len=0
PKT t=13217 RX ua=95 mt=R len=7
PKT t=13222 TX ua=95 mt=P len=0
PKT t=13231 RX ua=95 mt=R len=7
PKT t=13236 TX ua=95 mt=P len=0
PKT t=13245 RX ua=95 mt=R len=7
PKT t=13276 TX ua=95 mt=P len=0
PKT t=13289 RX ua=95 mt=R len=7
PKT t=13294 TX ua=95 mt=P len=0
PKT t=13303 RX ua=95 mt=R len=7
PKT t=13308 TX ua=95 mt=P len=0
PKT t=13317 RX ua=95 mt=R len=7
PKT t=13322 TX ua=95 mt=P len=0
PKT t=13331 RX ua=95 mt=R len=7
PKT t=13336 TX ua=95 mt=P len=0
PKT t=13345 RX ua=95 mt=R len=7
PKT t=13376 TX ua=95 mt=P len=0
PKT t=13389 RX ua=95 mt=R len=7
PKT t=13394 TX ua=95 mt=T len=7
PKT t=13407 TX ua=95 mt=P len=0
PKT t=13417 RX ua=95 mt=R len=7
PKT t=13422 TX ua=95 mt=P len=0
PKT t=13432 RX ua=95 mt=R len=7
PKT t=13437 TX ua=95 mt=P len=0
PKT t=13476 RX ua=95 mt=R len=7
PKT t=13481 TX ua=95 mt=P len=0
PKT t=13491 RX ua=95 mt=R len=7
PKT t=13496 TX ua=95 mt=P len=0
PKT t=13506 RX ua=95 mt=R len=7
PKT t=13511 TX ua=95 mt=P len=0
PKT t=13521 RX ua=95 mt=R len=7
PKT t=13526 TX ua=95 mt=P len=0
PKT t=13536 RX ua=95 mt=R len=7
PKT t=13541 TX ua=95 mt=P len=0
PKT t=13576 RX ua=95 mt=R len=7
PKT t=13581 TX ua=95 mt=P len=0
PKT t=13591 RX ua=95 mt=R len=7
PKT t=13596 TX ua=95 mt=P len=0
PKT t=13606 RX ua=95 mt=R len=7
PKT t=13611 TX ua=95 mt=P len=0
PKT t=13621 RX ua=95 mt=R len=7
PKT t=13626 TX ua=95 mt=P len=0
PKT t=13636 RX ua=95 mt=R len=7
PKT t=13641 TX ua=95 mt=T len=7
PKT t=13681 TX ua=95 mt=P len=0
PKT t=13690 RX ua=95 mt=R len=7
PKT t=13695 TX ua=95 mt=P len=0
PKT t=13704 RX ua=95 mt=R len=7
PKT t=13709 TX ua=95 mt=P len=0
PKT t=13719 RX ua=95 mt=R len=7
PKT t=13724 TX ua=95 mt=P len=0
PKT t=13733 RX ua=95 mt=R len=7
PKT t=13738 TX ua=95 mt=P len=0
PKT t=13776 RX ua=95 mt=R len=7
PKT t=13781 TX ua=95 mt=P len=0
PKT t=13790 RX ua=95 mt=R len=7
PKT t=13795 TX ua=95 mt=P len=0
PKT t=13804 RX ua=95 mt=R len=7
PKT t=13809 TX ua=95 mt=P len=0
PKT t=13818 RX ua=95 mt=R len=7
PKT t=13823 TX ua=95 mt=P len=0
PKT t=13832 RX ua=95 mt=R len=7
PKT t=13837 TX ua=95 mt=P len=0
PKT t=13846 RX ua=95 mt=R len=7
PKT t=13876 TX ua=95 mt=P len=0
PKT t=13889 RX ua=95 mt=R len=7
PKT t=13894 TX ua=95 mt=T len=7
PKT t=13907 TX ua=95 mt=P len=0
PKT t=13916 RX ua=95 mt=R len=7
PKT t=13921 TX ua=95 mt=P len=0
PKT t=13930 RX ua=95 mt=R len=7
PKT t=13935 TX ua=95 mt=P len=0
PKT t=13944 RX ua=95 mt=R len=7
PKT t=13976 TX ua=95 mt=P len=0
PKT t=13989 RX ua=95 mt=R len=7
PKT t=13994 TX ua=95 mt=P len=0
PKT t=14003 RX ua=95 mt=R len=7
PKT t=14011 TX ua=95 mt=P len=0
PKT t=14020 RX ua=95 mt=R len=7
PKT t=14025 TX ua=95 mt=P len=0
PKT t=14034 RX ua=95 mt=R len=7
PKT t=14039 TX ua=95 mt=P len=0
PKT t=14076 RX ua=95 mt=R len=7
PKT t=14081 TX ua=95 mt=P len=0
PKT t=14090 RX ua=95 mt=R len=7
PKT t=14095 TX ua=95 mt=P len=0
PKT t=14104 RX ua=95 mt=R len=7
PKT t=14109 TX ua=95 mt=P len=0
PKT t=14118 RX ua=95 mt=R len=7
PKT t=14123 TX ua=95 mt=T len=7
PKT t=14135 TX ua=95 mt=P len=0
PKT t=14144 RX ua=95 mt=R len=7
PKT t=14176 TX ua=95 mt=P len=0
PKT t=14189 RX ua=95 mt=R len=7
PKT t=14194 TX ua=95 mt=P len=0
PKT t=14203 RX ua=95 mt=R len=7
PKT t=14208 TX ua=95 mt=P len=0
PKT t=14217 RX ua=95 mt=R len=7
PKT t=14222 TX ua=95 mt=P len=0
PKT t=14231 RX ua=95 mt=R len=7
PKT t=14236 TX ua=95 mt=P len=0
PKT t=14245 RX ua=95 mt=R len=7
PKT t=14276 TX ua=95 mt=P len=0
PKT t=14289 RX ua=95 mt=R len=7
PKT t=14294 TX ua=95 mt=P len=0
PKT t=14303 RX ua=95 mt=R len=7
PKT t=14308 TX ua=95 mt=P len=0
PKT t=14317 RX ua=95 mt=R len=7
PKT t=14322 TX ua=95 mt=P len=0
PKT t=14331 RX ua=95 mt=R len=7
PKT t=14336 TX ua=95 mt=P len=0
PKT t=14345 RX ua=95 mt=R len=7
PKT t=14376 TX ua=95 mt=P len=0
PKT t=14389 RX ua=95 mt=R len=7
PKT t=14394 TX ua=95 mt=T len=7
PKT t=14406 TX ua=95 mt=P len=0
PKT t=14415 RX ua=95 mt=R len=7
PKT t=14420 TX ua=95 mt=P len=0
PKT t=14429 RX ua=95 mt=R len=7
PKT t=14434 TX ua=95 mt=P len=0
PKT t=14443 RX ua=95 mt=R len=7
PKT t=14476 TX ua=95 mt=P len=0
PKT t=14489 RX ua=95 mt=R len=7
PKT t=14494 TX ua=95 mt=P len=0
PKT t=14503 RX ua=95 mt=R len=7
PKT t=14508 TX ua=95 mt=P len=0
PKT t=14517 RX ua=95 mt=R len=7
PKT t=14522 TX ua=95 mt=P len=0
PKT t=14531 RX ua=95 mt=R len=7
PKT t=14536 TX ua=95 mt=P len=0
PKT t=14546 RX ua=95 mt=R len=7
PKT t=14576 TX ua=95 mt=P len=0
PKT t=14590 RX ua=95 mt=R len=7
PKT t=14595 TX ua=95 mt=P len=0
PKT t=14604 RX ua=95 mt=R len=7
PKT t=14609 TX ua=95 mt=P len=0
PKT t=14618 RX ua=95 mt=R len=7
PKT t=14623 TX ua=95 mt=P len=0
PKT t=14632 RX ua=95 mt=R len=7
PKT t=14637 TX ua=95 mt=T len=7
PKT t=14676 TX ua=95 mt=P len=0
PKT t=14689 RX ua=95 mt=R len=7
PKT t=14694 TX ua=95 mt=P len=0
PKT t=14703 RX ua=95 mt=R len=7
PKT t=14708 TX ua=95 mt=P len=0
PKT t=14717 RX ua=95 mt=R len=7
PKT t=14722 TX ua=95 mt=P len=0
PKT t=14731 RX ua=95 mt=R len=7
PKT t=14736 TX ua=95 mt=P len=0
PKT t=14745 RX ua=95 mt=R len=7
PKT t=14776 TX ua=95 mt=P len=0
PKT t=14789 RX ua=95 mt=R len=7
PKT t=14794 TX ua=95 mt=P len=0
PKT t=14803 RX ua=95 mt=R len=7
PKT t=14808 TX ua=95 mt=P len=0
PKT t=14817 RX ua=95 mt=R len=7
PKT t=14822 TX ua=95 mt=P len=0
PKT t=14831 RX ua=95 mt=R len=7
PKT t=14836 TX ua=95 mt=P len=0
PKT t=14845 RX ua=95 mt=R len=7
PKT t=14876 TX ua=95 mt=P len=0
PKT t=14889 RX ua=95 mt=R len=7
PKT t=14894 TX ua=95 mt=T len=7
PKT t=14906 TX ua=95 mt=P len=0
PKT t=14915 RX ua=95 mt=R len=7
PKT t=14920 TX ua=95 mt=P len=0
PKT t=14929 RX ua=95 mt=R len=7
PKT t=14934 TX ua=95 mt=P len=0
PKT t=14943 RX ua=95 mt=R len=7
PKT t=14976 TX ua=95 mt=P len=0
PKT t=14990 RX ua=95 mt=R len=7
PKT t=14995 TX ua=95 mt=P len=0
PKT t=15005 RX ua=95 mt=R len=7
PKT t=15010 TX ua=95 mt=P len=0
PKT t=15019 RX ua=95 mt=R len=7
PKT t=15024 TX ua=95 mt=P len=0
PKT t=15033 RX ua=95 mt=R len=7
PKT t=15038 TX ua=95 mt=P len=0
PKT t=15076 RX ua=95 mt=R len=7
PKT t=15081 TX ua=95 mt=P len=0
PKT t=15090 RX ua=95 mt=R len=7
PKT t=15095 TX ua=95 mt=P len=0
PKT t=15104 RX ua=95 mt=R len=7
PKT t=15109 TX ua=95 mt=P len=0
PKT t=15118 RX ua=95 mt=R len=7
PKT t=15123 TX ua=95 mt=T len=7
PKT t=15135 TX ua=95 mt=P len=0
PKT t=15144 RX ua=95 mt=R len=7
PKT t=15176 TX ua=95 mt=P len=0
PKT t=15190 RX ua=95 mt=R len=7
PKT t=15195 TX ua=95 mt=P len=0
PKT t=15204 RX ua=95 mt=R len=7
PKT t=15209 TX ua=95 mt=P len=0
PKT t=15218 RX ua=95 mt=R len=7
PKT t=15223 TX ua=95 mt=P len=0
PKT t=15232 RX ua=95 mt=R len=7
PKT t=15237 TX ua=95 mt=P len=0
PKT t=15246 RX ua=95 mt=R len=7
PKT t=15276 TX ua=95 mt=P len=0
PKT t=15289 RX ua=95 mt=R len=7
PKT t=15294 TX ua=95 mt=P len=0
PKT t=15303 RX ua=95 mt=R len=7
PKT t=15308 TX ua=95 mt=P len=0
PKT t=15317 RX ua=95 mt=R len=7
PKT t=15322 TX ua=95 mt=P len=0
PKT t=15331 RX ua=95 mt=R len=7
PKT t=15336 TX ua=95 mt=P len=0
PKT t=15345 RX ua=95 mt=R len=7
PKT t=15376 TX ua=95 mt=P len=0
PKT t=15389 RX ua=95 mt=R len=7
PKT t=15394 TX ua=95 mt=T len=7
PKT t=15406 TX ua=95 mt=P len=0
PKT t=15416 RX ua=95 mt=R len=7
PKT t=15421 TX ua=95 mt=P len=0
PKT t=15431 RX ua=95 mt=R len=7
PKT t=15436 TX ua=95 mt=P len=0
PKT t=15446 RX ua=95 mt=R len=7
PKT t=15476 TX ua=95 mt=P len=0
PKT t=15489 RX ua=95 mt=R len=7
PKT t=15494 TX ua=95 mt=P len=0
PKT t=15504 RX ua=95 mt=R len=7
PKT t=15509 TX ua=95 mt=P len=0
PKT t=15519 RX ua=95 mt=R len=7
PKT t=15524 TX ua=95 mt=P len=0
PKT t=15534 RX ua=95 mt=R len=7
PKT t=15539 TX ua=95 mt=P len=0
PKT t=15576 RX ua=95 mt=R len=7
PKT t=15581 TX ua=95 mt=P len=0
PKT t=15591 RX ua=95 mt=R len=7
PKT t=15596 TX ua=95 mt=P len=0
PKT t=15606 RX ua=95 mt=R len=7
PKT t=15611 TX ua=95 mt=P len=0
PKT t=15621 RX ua=95 mt=R len=7
PKT t=15626 TX ua=95 mt=P len=0
PKT t=15636 RX ua=95 mt=R len=7
PKT t=15641 TX ua=95 mt=T len=7
PKT t=15681 TX ua=95 mt=P len=0
PKT t=15690 RX ua=95 mt=R len=7
PKT t=15695 TX ua=95 mt=P len=0
PKT t=15704 RX ua=95 mt=R len=7
PKT t=15709 TX ua=95 mt=P len=0
PKT t=15718 RX ua=95 mt=R len=7
PKT t=15723 TX ua=95 mt=P len=0
PKT t=15732 RX ua=95 mt=R len=7
PKT t=15737 TX ua=95 mt=P len=0
PKT t=15746 RX ua=95 mt=R len=7
PKT t=15776 TX ua=95 mt=P len=0
PKT t=15789 RX ua=95 mt=R len=7
PKT t=15794 TX ua=95 mt=P len=0
PKT t=15803 RX ua=95 mt=R len=7
PKT t=15808 TX ua=95 mt=P len=0
PKT t=15817 RX ua=95 mt=R len=7
PKT t=15822 TX ua=95 mt=P len=0
PKT t=15831 RX ua=95 mt=R len=7
PKT t=15836 TX ua=95 mt=P len=0
PKT t=15845 RX ua=95 mt=R len=7
PKT t=15876 TX ua=95 mt=P len=0
PKT t=15889 RX ua=95 mt=R len=7
PKT t=15894 TX ua=95 mt=T len=7
PKT t=15906 TX ua=95 mt=P len=0
PKT t=15915 RX ua=95 mt=R len=7
PKT t=15920 TX ua=95 mt=P len=0
PKT t=15929 RX ua=95 mt=R len=7
PKT t=15934 TX ua=95 mt=P len=0
PKT t=15943 RX ua=95 mt=R len=7
PKT t=15976 TX ua=95 mt=P len=0
PKT t=15989 RX ua=95 mt=R len=7
PKT t=15994 TX ua=95 mt=P len=0
PKT t=16003 RX ua=95 mt=R len=7
PKT t=16012 TX ua=95 mt=P len=0
PKT t=16021 RX ua=95 mt=R len=7
PKT t=16026 TX ua=95 mt=P len=0
PKT t=16035 RX ua=95 mt=R len=7
PKT t=16040 TX ua=95 mt=P len=0
PKT t=16076 RX ua=95 mt=R len=7
PKT t=16081 TX ua=95 mt=P len=0
PKT t=16091 RX ua=95 mt=R len=7
PKT t=16096 TX ua=95 mt=P len=0
PKT t=16105 RX ua=95 mt=R len=7
PKT t=16110 TX ua=95 mt=P len=0
PKT t=16119 RX ua=95 mt=R len=7
PKT t=16124 TX ua=95 mt=T len=7
PKT t=16136 TX ua=95 mt=P len=0
PKT t=16145 RX ua=95 mt=R len=7
PKT t=16176 TX ua=95 mt=P len=0
PKT t=16189 RX ua=95 mt=R len=7
PKT t=16194 TX ua=95 mt=P len=0
PKT t=16203 RX ua=95 mt=R len=7
PKT t=16208 TX ua=95 mt=P len=0
PKT t=16217 RX ua=95 mt=R len=7
PKT t=16222 TX ua=95 mt=P len=0
PKT t=16231 RX ua=95 mt=R len=7
PKT t=16236 TX ua=95 mt=P len=0
PKT t=16245 RX ua=95 mt=R len=7
PKT t=16276 TX ua=95 mt=P len=0
PKT t=16289 RX ua=95 mt=R len=7
PKT t=16294 TX ua=95 mt=P len=0
PKT t=16303 RX ua=95 mt=R len=7
PKT t=16308 TX ua=95 mt=P len=0
PKT t=16317 RX ua=95 mt=R len=7
PKT t=16322 TX ua=95 mt=P len=0
PKT t=16331 RX ua=95 mt=R len=7
PKT t=16336 TX ua=95 mt=P len=0
PKT t=16345 RX ua=95 mt=R len=7
PKT t=16376 TX ua=95 mt=P len=0
PKT t=16389 RX ua=95 mt=R len=7
PKT t=16394 TX ua=95 mt=T len=7
PKT t=16406 TX ua=95 mt=P len=0
PKT t=16415 RX ua=95 mt=R len=7
PKT t=16420 TX ua=95 mt=P len=0
PKT t=16429 RX ua=95 mt=R len=7
PKT t=16434 TX ua=95 mt=P len=0
PKT t=16443 RX ua=95 mt=R len=7
PKT t=16476 TX ua=95 mt=P len=0
PKT t=16489 RX ua=95 mt=R len=7
PKT t=16494 TX ua=95 mt=P len=0
PKT t=16503 RX ua=95 mt=R len=7
PKT t=16508 TX ua=95 mt=P len=0
PKT t=16517 RX ua=95 mt=R len=7
PKT t=16522 TX ua=95 mt=P len=0
PKT t=16531 RX ua=95 mt=R len=7
PKT t=16536 TX ua=95 mt=P len=0
PKT t=16545 RX ua=95 mt=R len=7
PKT t=16576 TX ua=95 mt=P len=0
PKT t=16589 RX ua=95 mt=R len=7
PKT t=16594 TX ua=95 mt=P len=0
PKT t=16603 RX ua=95 mt=R len=7
PKT t=16608 TX ua=95 mt=P len=0
PKT t=16617 RX ua=95 mt=R len=7
PKT t=16622 TX ua=95 mt=P len=0
PKT t=16631 RX ua=95 mt=R len=7
PKT t=16636 TX ua=95 mt=T len=7
PKT t=16676 TX ua=95 mt=P len=0
PKT t=16689 RX ua=95 mt=R len=7
PKT t=16694 TX ua=95 mt=P len=0
PKT t=16703 RX ua=95 mt=R len=7
PKT t=16708 TX ua=95 mt=P len=0
PKT t=16717 RX ua=95 mt=R len=7
PKT t=16722 TX ua=95 mt=P len=0
PKT t=16731 RX ua=95 mt=R len=7
PKT t=16736 TX ua=95 mt=P len=0
PKT t=16745 RX ua=95 mt=R len=7
PKT t=16776 TX ua=96 mt=P len=0
PKT t=17034 TX ua=95 mt=P len=0
PKT t=17043 RX ua=95 mt=R len=7
PKT t=17076 TX ua=95 mt=T len=7
PKT t=17088 TX ua=95 mt=P len=0
PKT t=17097 RX ua=95 mt=R len=7
PKT t=17102 TX ua=95 mt=P len=0
PKT t=17111 RX ua=95 mt=R len=7
PKT t=17116 TX ua=95 mt=P len=0
PKT t=17125 RX ua=95 mt=R len=7
PKT t=17130 TX ua=95 mt=T len=7
PKT t=17142 TX ua=95 mt=P len=0
PKT t=17176 RX ua=95 mt=R len=7
PKT t=17181 TX ua=95 mt=P len=0
PKT t=17190 RX ua=95 mt=R len=7
PKT t=17195 TX ua=95 mt=P len=0
PKT t=17204 RX ua=95 mt=R len=7
PKT t=17209 TX ua=95 mt=P len=0
PKT t=17218 RX ua=95 mt=R len=7
PKT t=17223 TX ua=95 mt=P len=0
PKT t=17232 RX ua=95 mt=R len=7
PKT t=17237 TX ua=95 mt=P len=0
PKT t=17246 RX ua=95 mt=R len=7
PKT t=17276 TX ua=95 mt=P len=0
PKT t=17289 RX ua=95 mt=R len=7
PKT t=17294 TX ua=95 mt=P len=0
PKT t=17303 RX ua=95 mt=R len=7
PKT t=17308 TX ua=95 mt=P len=0
PKT t=17317 RX ua=95 mt=R len=7
PKT t=17322 TX ua=95 mt=P len=0
PKT t=17331 RX ua=95 mt=R len=7
PKT t=17336 TX ua=95 mt=P len=0
PKT t=17345 RX ua=95 mt=R len=7
PKT t=17376 TX ua=95 mt=P len=0
PKT t=17389 RX ua=95 mt=R len=7
PKT t=17394 TX ua=95 mt=T len=7
PKT t=17406 TX ua=95 mt=P len=0
PKT t=17416 RX ua=95 mt=R len=7
PKT t=17421 TX ua=95 mt=P len=0
PKT t=17431 RX ua=95 mt=R len=7
PKT t=17436 TX ua=95 mt=P len=0
PKT t=17446 RX ua=95 mt=R len=7
PKT t=17476 TX ua=95 mt=P len=0
PKT t=17490 RX ua=95 mt=R len=7
PKT t=17495 TX ua=95 mt=P len=0
PKT t=17505 RX ua=95 mt=R len=7
PKT t=17510 TX ua=95 mt=P len=0
PKT t=17520 RX ua=95 mt=R len=7
PKT t=17525 TX ua=95 mt=P len=0
PKT t=17535 RX ua=95 mt=R len=7
PKT t=17540 TX ua=95 mt=P len=0
PKT t=17576 RX ua=95 mt=R len=7
PKT t=17581 TX ua=95 mt=P len=0
PKT t=17591 RX ua=95 mt=R len=7
PKT t=17596 TX ua=95 mt=P len=0
PKT t=17606 RX ua=95 mt=R len=7
PKT t=17611 TX ua=95 mt=P len=0
PKT t=17621 RX ua=95 mt=R len=7
PKT t=17626 TX ua=95 mt=P len=0
PKT t=17636 RX ua=95 mt=R len=7
PKT t=17641 TX ua=95 mt=T len=7
PKT t=17681 TX ua=95 mt=P len=0
PKT t=17690 RX ua=95 mt=R len=7
PKT t=17695 TX ua=95 mt=P len=0
PKT t=17705 RX ua=95 mt=R len=7
PKT t=17710 TX ua=95 mt=P len=0
PKT t=17719 RX ua=95 mt=R len=7
PKT t=17724 TX ua=95 mt=P len=0
PKT t=17733 RX ua=95 mt=R len=7
PKT t=17738 TX ua=95 mt=P len=0
PKT t=17776 RX ua=95 mt=R len=7
PKT t=17781 TX ua=95 mt=P len=0
PKT t=17790 RX ua=95 mt=R len=7
PKT t=17795 TX ua=95 mt=P len=0
PKT t=17804 RX ua=95 mt=R len=7
PKT t=17809 TX ua=95 mt=P len=0
PKT t=17818 RX ua=95 mt=R len=7
PKT t=17823 TX ua=95 mt=P len=0
PKT t=17832 RX ua=95 mt=R len=7
PKT t=17837 TX ua=95 mt=P len=0
PKT t=17846 RX ua=95 mt=R len=7
PKT t=17876 TX ua=95 mt=P len=0
PKT t=17889 RX ua=95 mt=R len=7
PKT t=17894 TX ua=95 mt=T len=7
PKT t=17906 TX ua=95 mt=P len=0
PKT t=17915 RX ua=95 mt=R len=7
PKT t=17920 TX ua=95 mt=P len=0
PKT t=17929 RX ua=95 mt=R len=7
PKT t=17934 TX ua=95 mt=P len=0
PKT t=17943 RX ua=95 mt=R len=7
PKT t=17976 TX ua=95 mt=P len=0
PKT t=17989 RX ua=95 mt=R len=7
PKT t=17994 TX ua=95 mt=P len=0
PKT t=18003 RX ua=95 mt=R len=7
PKT t=18008 TX ua=95 mt=P len=0
PKT t=18017 RX ua=95 mt=R len=7
PKT t=18022 TX ua=95 mt=P len=0
PKT t=18031 RX ua=95 mt=R len=7
PKT t=18036 TX ua=95 mt=P len=0
PKT t=18045 RX ua=95 mt=R len=7
PKT t=18076 TX ua=95 mt=P len=0
PKT t=18089 RX ua=95 mt=R len=7
PKT t=18094 TX ua=95 mt=P len=0
PKT t=18103 RX ua=95 mt=R len=7
PKT t=18108 TX ua=95 mt=P len=0
PKT t=18118 RX ua=95 mt=R len=7
PKT t=18123 TX ua=95 mt=T len=7
PKT t=18136 TX ua=95 mt=P len=0
PKT t=18145 RX ua=95 mt=R len=7
PKT t=18176 TX ua=95 mt=T len=7
PKT t=18189 TX ua=95 mt=P len=0
PKT t=18198 RX ua=95 mt=R len=7
PKT t=18203 TX ua=95 mt=P len=0
PKT t=18212 RX ua=95 mt=R len=7
PKT t=18217 TX ua=95 mt=P len=0
PKT t=18226 RX ua=95 mt=R len=7
PKT t=18231 TX ua=95 mt=P len=0
PKT t=18240 RX ua=95 mt=R len=7
PKT t=18245 TX ua=95 mt=P len=0
PKT t=18276 RX ua=95 mt=R len=7
PKT t=18531 TX ua=96 mt=P len=0
PKT t=18789 TX ua=95 mt=P len=0
PKT t=18798 RX ua=95 mt=R len=7
PKT t=18803 TX ua=95 mt=T len=7
PKT t=18816 TX ua=95 mt=P len=0
PKT t=18825 RX ua=95 mt=R len=7
PKT t=18830 TX ua=95 mt=P len=0
PKT t=18839 RX ua=95 mt=R len=7
PKT t=18844 TX ua=95 mt=P len=0
PKT t=18876 RX ua=95 mt=R len=7
PKT t=18881 TX ua=95 mt=T len=7
PKT t=18894 TX ua=95 mt=P len=0
PKT t=18903 RX ua=95 mt=R len=7
PKT t=18908 TX ua=95 mt=P len=0
PKT t=18917 RX ua=95 mt=R len=7
PKT t=18922 TX ua=95 mt=P len=0
PKT t=18931 RX ua=95 mt=R len=7
PKT t=18936 TX ua=95 mt=P len=0
PKT t=18945 RX ua=95 mt=R len=7
PKT t=18976 TX ua=95 mt=P len=0
PKT t=18989 RX ua=95 mt=R len=7
PKT t=18994 TX ua=95 mt=P len=0
PKT t=19003 RX ua=95 mt=R len=7
PKT t=19008 TX ua=95 mt=P len=0
PKT t=19017 RX ua=95 mt=R len=7
PKT t=19022 TX ua=95 mt=P len=0
PKT t=19031 RX ua=95 mt=R len=7
PKT t=19036 TX ua=95 mt=P len=0
PKT t=19045 RX ua=95 mt=R len=7
PKT t=19076 TX ua=95 mt=P len=0
PKT t=19089 RX ua=95 mt=R len=7
PKT t=19094 TX ua=95 mt=P len=0
PKT t=19103 RX ua=95 mt=R len=7
PKT t=19108 TX ua=95 mt=P len=0
PKT t=19117 RX ua=95 mt=R len=7
PKT t=19122 TX ua=95 mt=T len=7
PKT t=19134 TX ua=95 mt=P len=0
PKT t=19143 RX ua=95 mt=R len=7
PKT t=19176 TX ua=95 mt=P len=0
PKT t=19189 RX ua=95 mt=R len=7
PKT t=19194 TX ua=95 mt=P len=0
PKT t=19203 RX ua=95 mt=R len=7
PKT t=19208 TX ua=95 mt=P len=0
PKT t=19217 RX ua=95 mt=R len=7
PKT t=19222 TX ua=95 mt=P len=0
PKT t=19231 RX ua=95 mt=R len=7
PKT t=19236 TX ua=95 mt=P len=0
PKT t=19245 RX ua=95 mt=R len=7
PKT t=19276 TX ua=95 mt=P len=0
PKT t=19289 RX ua=95 mt=R len=7
PKT t=19294 TX ua=95 mt=P len=0
PKT t=19303 RX ua=95 mt=R len=7
PKT t=19308 TX ua=95 mt=P len=0
PKT t=19317 RX ua=95 mt=R len=7
PKT t=19322 TX ua=95 mt=P len=0
PKT t=19331 RX ua=95 mt=R len=7
PKT t=19336 TX ua=95 mt=P len=0
PKT t=19345 RX ua=95 mt=R len=7
PKT t=19376 TX ua=95 mt=P len=0
PKT t=19389 RX ua=95 mt=R len=7
PKT t=19394 TX ua=95 mt=T len=7
PKT t=19406 TX ua=95 mt=P len=0
PKT t=19416 RX ua=95 mt=R len=7
PKT t=19421 TX ua=95 mt=P len=0
PKT t=19431 RX ua=95 mt=R len=7
PKT t=19436 TX ua=95 mt=P len=0
PKT t=19446 RX ua=95 mt=R len=7
PKT t=19476 TX ua=95 mt=P len=0
PKT t=19490 RX ua=95 mt=R len=7
PKT t=19495 TX ua=95 mt=P len=0
PKT t=19505 RX ua=95 mt=R len=7
PKT t=19510 TX ua=95 mt=P len=0
PKT t=19520 RX ua=95 mt=R len=7
PKT t=19525 TX ua=95 mt=P len=0
PKT t=19535 RX ua=95 mt=R len=7
PKT t=19540 TX ua=95 mt=P len=0
PKT t=19576 RX ua=95 mt=R len=7
PKT t=19581 TX ua=95 mt=P len=0
PKT t=19591 RX ua=95 mt=R len=7
PKT t=19596 TX ua=95 mt=P len=0
PKT t=19606 RX ua=95 mt=R len=7
PKT t=19611 TX ua=95 mt=P len=0
PKT t=19621 RX ua=95 mt=R len=7
PKT t=19626 TX ua=95 mt=P len=0
PKT t=19636 RX ua=95 mt=R len=7
PKT t=19641 TX ua=95 mt=T len=7
PKT t=19681 TX ua=95 mt=P len=0
PKT t=19690 RX ua=95 mt=R len=7
PKT t=19695 TX ua=95 mt=P len=0
PKT t=19704 RX ua=95 mt=R len=7
PKT t=19709 TX ua=95 mt=P len=0
PKT t=19718 RX ua=95 mt=R len=7
PKT t=19723 TX ua=95 mt=P len=0
PKT t=19732 RX ua=95 mt=R len=7
PKT t=19737 TX ua=95 mt=P len=0
PKT t=19746 RX ua=95 mt=R len=7
PKT t=19776 TX ua=95 mt=P len=0
PKT t=19789 RX ua=95 mt=R len=7
PKT t=19794 TX ua=95 mt=P len=0
PKT t=19803 RX ua=95 mt=R len=7
PKT t=19808 TX ua=95 mt=P len=0
PKT t=19817 RX ua=95 mt=R len=7
PKT t=19822 TX ua=95 mt=P len=0
PKT t=19831 RX ua=95 mt=R len=7
PKT t=19836 TX ua=95 mt=P len=0
PKT t=19845 RX ua=95 mt=R len=7
PKT t=19876 TX ua=95 mt=P len=0
PKT t=19889 RX ua=95 mt=R len=7
PKT t=19894 TX ua=95 mt=T len=7
PKT t=19906 TX ua=95 mt=P len=0
PKT t=19915 RX ua=95 mt=R len=7
PKT t=19920 TX ua=95 mt=P len=0
PKT t=19929 RX ua=95 mt=R len=7
PKT t=19934 TX ua=95 mt=P len=0
PKT t=19943 RX ua=95 mt=R len=7
PKT t=19976 TX ua=95 mt=P len=0
PKT t=19989 RX ua=95 mt=R len=7
PKT t=19994 TX ua=95 mt=P len=0
PKT t=20003 RX ua=95 mt=R len=7
PKT t=20008 TX ua=95 mt=P len=0
PKT t=20017 RX ua=95 mt=R len=7
PKT t=20022 TX ua=95 mt=P len=0
PKT t=20031 RX ua=95 mt=R len=7
PKT t=20036 TX ua=95 mt=P len=0
PKT t=20045 RX ua=95 mt=R len=7
PKT t=20076 TX ua=95 mt=P len=0
PKT t=20089 RX ua=95 mt=R len=7
PKT t=20094 TX ua=95 mt=P len=0
PKT t=20103 RX ua=95 mt=R len=7
PKT t=20108 TX ua=95 mt=P len=0
PKT t=20119 RX ua=95 mt=R len=7
PKT t=20124 TX ua=95 mt=T len=7
PKT t=20136 TX ua=95 mt=P len=0
PKT t=20145 RX ua=95 mt=R len=7
PKT t=20176 TX ua=95 mt=P len=0
PKT t=20189 RX ua=95 mt=R len=7
PKT t=20194 TX ua=95 mt=P len=0
PKT t=20203 RX ua=95 mt=R len=7
PKT t=20208 TX ua=95 mt=P len=0
PKT t=20217 RX ua=95 mt=R len=7
PKT t=20222 TX ua=95 mt=P len=0
PKT t=20231 RX ua=95 mt=R len=7
PKT t=20236 TX ua=95 mt=P len=0
PKT t=20245 RX ua=95 mt=R len=7
PKT t=20276 TX ua=95 mt=P len=0
PKT t=20289 RX ua=95 mt=R len=7
PKT t=20294 TX ua=95 mt=P len=0
PKT t=20303 RX ua=95 mt=R len=7
PKT t=20308 TX ua=95 mt=P len=0
PKT t=20317 RX ua=95 mt=R len=7
PKT t=20322 TX ua=95 mt=P len=0
PKT t=20331 RX ua=95 mt=R len=7
PKT t=20336 TX ua=95 mt=P len=0
PKT t=20345 RX ua=95 mt=R len=7
PKT t=20376 TX ua=95 mt=P len=0
PKT t=20389 RX ua=95 mt=R len=7
PKT t=20394 TX ua=95 mt=T len=7
PKT t=20406 TX ua=95 mt=P len=0
PKT t=20415 RX ua=95 mt=R len=7
PKT t=20420 TX ua=95 mt=P len=0
PKT t=20429 RX ua=95 mt=R len=7
PKT t=20434 TX ua=95 mt=P len=0
PKT t=20443 RX ua=95 mt=R len=7
PKT t=20476 TX ua=95 mt=P len=0
PKT t=20489 RX ua=95 mt=R len=7
PKT t=20494 TX ua=95 mt=P len=0
PKT t=20503 RX ua=95 mt=R len=7
PKT t=20508 TX ua=95 mt=P len=0
PKT t=20517 RX ua=95 mt=R len=7
PKT t=20522 TX ua=95 mt=P len=0
PKT t=20531 RX ua=95 mt=R len=7
PKT t=20536 TX ua=95 mt=P len=0
PKT t=20545 RX ua=95 mt=R len=7
PKT t=20576 TX ua=95 mt=P len=0
PKT t=20589 RX ua=95 mt=R len=7
PKT t=20594 TX ua=95 mt=P len=0
PKT t=20603 RX ua=95 mt=R len=7
PKT t=20608 TX ua=95 mt=P len=0
PKT t=20617 RX ua=95 mt=R len=7
PKT t=20622 TX ua=95 mt=P len=0
PKT t=20631 RX ua=95 mt=R len=7
PKT t=20636 TX ua=95 mt=T len=7
PKT t=20676 TX ua=95 mt=P len=0
PKT t=20689 RX ua=95 mt=R len=7
PKT t=20694 TX ua=95 mt=P len=0
PKT t=20703 RX ua=95 mt=R len=7
PKT t=20708 TX ua=95 mt=P len=0
PKT t=20717 RX ua=95 mt=R len=7
PKT t=20722 TX ua=95 mt=P len=0
PKT t=20731 RX ua=95 mt=R len=7
PKT t=20736 TX ua=95 mt=P len=0
PKT t=20745 RX ua=95 mt=R len=7
PKT t=20776 TX ua=95 mt=P len=0
PKT t=20789 RX ua=95 mt=R len=7
PKT t=20794 TX ua=95 mt=P len=0
PKT t=20803 RX ua=95 mt=R len=7
PKT t=20808 TX ua=95 mt=P len=0
PKT t=20817 RX ua=95 mt=R len=7
PKT t=20822 TX ua=95 mt=P len=0
PKT t=20831 RX ua=95 mt=R len=7
PKT t=20836 TX ua=95 mt=P len=0
PKT t=20845 RX ua=95 mt=R len=7
PKT t=20876 TX ua=95 mt=P len=0
PKT t=20889 RX ua=95 mt=R len=7
PKT t=20894 TX ua=95 mt=T len=7
PKT t=20906 TX ua=95 mt=P len=0
PKT t=20915 RX ua=95 mt=R len=7
PKT t=20920 TX ua=95 mt=P len=0
PKT t=20929 RX ua=95 mt=R len=7
PKT t=20934 TX ua=95 mt=P len=0
PKT t=20943 RX ua=95 mt=R len=7
PKT t=20976 TX ua=95 mt=P len=0
PKT t=20989 RX ua=95 mt=R len=7
PKT t=20994 TX ua=95 mt=P len=0
PKT t=21003 RX ua=95 mt=R len=7
PKT t=21008 TX ua=95 mt=P len=0
PKT t=21017 RX ua=95 mt=R len=7
PKT t=21022 TX ua=95 mt=P len=0
PKT t=21031 RX ua=95 mt=R len=7
PKT t=21036 TX ua=95 mt=P len=0
PKT t=21045 RX ua=95 mt=R len=7
PKT t=21076 TX ua=95 mt=P len=0
PKT t=21089 RX ua=95 mt=R len=7
PKT t=21094 TX ua=95 mt=P len=0
PKT t=21103 RX ua=95 mt=R len=7
PKT t=21108 TX ua=95 mt=P len=0
PKT t=21117 RX ua=95 mt=R len=7
PKT t=21122 TX ua=95 mt=T len=7
PKT t=21135 TX ua=95 mt=P len=0
PKT t=21144 RX ua=95 mt=R len=7
PKT t=21176 TX ua=95 mt=P len=0
PKT t=21189 RX ua=95 mt=R len=7
PKT t=21194 TX ua=95 mt=P len=0
PKT t=21203 RX ua=95 mt=R len=7
PKT t=21208 TX ua=95 mt=P len=0
PKT t=21217 RX ua=95 mt=R len=7
PKT t=21222 TX ua=95 mt=P len=0
PKT t=21231 RX ua=95 mt=R len=7
PKT t=21236 TX ua=95 mt=P len=0
PKT t=21245 RX ua=95 mt=R len=7
PKT t=21276 TX ua=95 mt=P len=0
PKT t=21289 RX ua=95 mt=R len=7
PKT t=21294 TX ua=95 mt=P len=0
PKT t=21303 RX ua=95 mt=R len=7
PKT t=21308 TX ua=95 mt=P len=0
PKT t=21317 RX ua=95 mt=R len=7
PKT t=21322 TX ua=95 mt=P len=0
PKT t=21331 RX ua=95 mt=R len=7
PKT t=21336 TX ua=95 mt=P len=0
PKT t=21345 RX ua=95 mt=R len=7
PKT t=21376 TX ua=95 mt=P len=0
PKT t=21389 RX ua=95 mt=R len=7
PKT t=21394 TX ua=95 mt=T len=7
PKT t=21407 TX ua=95 mt=P len=0
PKT t=21417 RX ua=95 mt=R len=7
PKT t=21422 TX ua=95 mt=P len=0
PKT t=21432 RX ua=95 mt=R len=7
PKT t=21437 TX ua=95 mt=P len=0
PKT t=21476 RX ua=95 mt=R len=7
PKT t=21481 TX ua=95 mt=P len=0
PKT t=21491 RX ua=95 mt=R len=7
PKT t=21496 TX ua=95 mt=P len=0
PKT t=21506 RX ua=95 mt=R len=7
PKT t=21511 TX ua=95 mt=P len=0
PKT t=21521 RX ua=95 mt=R len=7
PKT t=21526 TX ua=95 mt=P len=0
PKT t=21536 RX ua=95 mt=R len=7
PKT t=21541 TX ua=95 mt=P len=0
PKT t=21576 RX ua=95 mt=R len=7
PKT t=21581 TX ua=95 mt=P len=0
PKT t=21591 RX ua=95 mt=R len=7
PKT t=21596 TX ua=95 mt=P len=0
PKT t=21606 RX ua=95 mt=R len=7
PKT t=21611 TX ua=95 mt=P len=0
PKT t=21621 RX ua=95 mt=R len=7
PKT t=21626 TX ua=95 mt=P len=0
PKT t=21636 RX ua=95 mt=R len=7
PKT t=21641 TX ua=95 mt=T len=7
PKT t=21681 TX ua=95 mt=P len=0
PKT t=21690 RX ua=95 mt=R len=7
PKT t=21695 TX ua=95 mt=P len=0
PKT t=21705 RX ua=95 mt=R len=7
PKT t=21710 TX ua=95 mt=P len=0
PKT t=21719 RX ua=95 mt=R len=7
PKT t=21724 TX ua=95 mt=P len=0
PKT t=21733 RX ua=95 mt=R len=7
PKT t=21738 TX ua=95 mt=P len=0
PKT t=21776 RX ua=95 mt=R len=7
PKT t=21781 TX ua=95 mt=P len=0
PKT t=21790 RX ua=95 mt=R len=7
PKT t=21795 TX ua=95 mt=P len=0
PKT t=21804 RX ua=95 mt=R len=7
PKT t=21809 TX ua=95 mt=P len=0
PKT t=21818 RX ua=95 mt=R len=7
PKT t=21823 TX ua=95 mt=P len=0
PKT t=21832 RX ua=95 mt=R len=7
PKT t=21837 TX ua=95 mt=P len=0
PKT t=21846 RX ua=95 mt=R len=7
PKT t=21876 TX ua=95 mt=P len=0
PKT t=21889 RX ua=95 mt=R len=7
PKT t=21894 TX ua=95 mt=T len=7
PKT t=21907 TX ua=95 mt=P len=0
PKT t=21916 RX ua=95 mt=R len=7
PKT t=21921 TX ua=95 mt=P len=0
PKT t=21930 RX ua=95 mt=R len=7
PKT t=21935 TX ua=95 mt=P len=0
PKT t=21944 RX ua=95 mt=R len=7
PKT t=21976 TX ua=95 mt=P len=0
PKT t=21989 RX ua=95 mt=R len=7
PKT t=21994 TX ua=95 mt=P len=0
PKT t=22003 RX ua=95 mt=R len=7
PKT t=22008 TX ua=95 mt=P len=0
PKT t=22017 RX ua=95 mt=R len=7
PKT t=22022 TX ua=95 mt=P len=0
PKT t=22031 RX ua=95 mt=R len=7
PKT t=22036 TX ua=95 mt=P len=0
PKT t=22045 RX ua=95 mt=R len=7
PKT t=22076 TX ua=95 mt=P len=0
PKT t=22089 RX ua=95 mt=R len=7
PKT t=22094 TX ua=95 mt=P len=0
PKT t=22103 RX ua=95 mt=R len=7
PKT t=22108 TX ua=95 mt=P len=0
PKT t=22117 RX ua=95 mt=R len=7
PKT t=22122 TX ua=95 mt=T len=7
PKT t=22134 TX ua=95 mt=P len=0
PKT t=22143 RX ua=95 mt=R len=7
PKT t=22176 TX ua=95 mt=P len=0
PKT t=22189 RX ua=95 mt=R len=7
PKT t=22194 TX ua=95 mt=P len=0
PKT t=22203 RX ua=95 mt=R len=7
PKT t=22208 TX ua=95 mt=P len=0
PKT t=22217 RX ua=95 mt=R len=7
PKT t=22222 TX ua=95 mt=P len=0
PKT t=22231 RX ua=95 mt=R len=7
PKT t=22236 TX ua=95 mt=P len=0
PKT t=22245 RX ua=95 mt=R len=7
PKT t=22276 TX ua=95 mt=P len=0
PKT t=22289 RX ua=95 mt=R len=7
PKT t=22294 TX ua=95 mt=P len=0
PKT t=22303 RX ua=95 mt=R len=7
PKT t=22308 TX ua=95 mt=P len=0
PKT t=22317 RX ua=95 mt=R len=7
PKT t=22322 TX ua=95 mt=P len=0
PKT t=22331 RX ua=95 mt=R len=7
PKT t=22336 TX ua=95 mt=P len=0
PKT t=22345 RX ua=95 mt=R len=7
PKT t=22376 TX ua=95 mt=P len=0
PKT t=22389 RX ua=95 mt=R len=7
PKT t=22394 TX ua=95 mt=T len=7
PKT t=22406 TX ua=95 mt=P len=0
PKT t=22415 RX ua=95 mt=R len=7
PKT t=22420 TX ua=95 mt=P len=0
PKT t=22429 RX ua=95 mt=R len=7
PKT t=22434 TX ua=95 mt=P len=0
PKT t=22443 RX ua=95 mt=R len=7
PKT t=22476 TX ua=95 mt=P len=0
PKT t=22489 RX ua=95 mt=R len=7
PKT t=22494 TX ua=95 mt=P len=0
PKT t=22503 RX ua=95 mt=R len=7
PKT t=22508 TX ua=95 mt=P len=0
PKT t=22517 RX ua=95 mt=R len=7
PKT t=22522 TX ua=95 mt=P len=0
PKT t=22531 RX ua=95 mt=R len=7
PKT t=22536 TX ua=95 mt=P len=0
PKT t=22545 RX ua=95 mt=R len=7
PKT t=22576 TX ua=95 mt=P len=0
PKT t=22589 RX ua=95 mt=R len=7
PKT t=22594 TX ua=95 mt=P len=0
PKT t=22603 RX ua=95 mt=R len=7
PKT t=22608 TX ua=95 mt=P len=0
PKT t=22617 RX ua=95 mt=R len=7
PKT t=22622 TX ua=95 mt=P len=0
PKT t=22631 RX ua=95 mt=R len=7
PKT t=22636 TX ua=95 mt=T len=7
PKT t=22676 TX ua=95 mt=P len=0
PKT t=22689 RX ua=95 mt=R len=7
PKT t=22694 TX ua=95 mt=P len=0
PKT t=22703 RX ua=95 mt=R len=7
PKT t=22708 TX ua=95 mt=P len=0
PKT t=22717 RX ua=95 mt=R len=7
PKT t=22722 TX ua=95 mt=P len=0
PKT t=22731 RX ua=95 mt=R len=7
PKT t=22736 TX ua=95 mt=P len=0
PKT t=22746 RX ua=95 mt=R len=7
PKT t=22776 TX ua=95 mt=P len=0
PKT t=22789 RX ua=95 mt=R len=7
PKT t=22794 TX ua=95 mt=P len=0
PKT t=22803 RX ua=95 mt=R len=7
PKT t=22808 TX ua=95 mt=P len=0
PKT t=22817 RX ua=95 mt=R len=7
PKT t=22822 TX ua=95 mt=P len=0
PKT t=22831 RX ua=95 mt=R len=7
PKT t=22836 TX ua=95 mt=P len=0
PKT t=22845 RX ua=95 mt=R len=7
PKT t=22876 TX ua=95 mt=P len=0
PKT t=22889 RX ua=95 mt=R len=7
PKT t=22894 TX ua=95 mt=T len=7
PKT t=22906 TX ua=95 mt=P len=0
PKT t=22916 RX ua=95 mt=R len=7
PKT t=22921 TX ua=95 mt=P len=0
PKT t=22930 RX ua=95 mt=R len=7
PKT t=22935 TX ua=95 mt=P len=0
PKT t=22944 RX ua=95 mt=R len=7
PKT t=22976 TX ua=95 mt=P len=0
PKT t=22989 RX ua=95 mt=R len=7
PKT t=22994 TX ua=95 mt=P len=0
PKT t=23003 RX ua=95 mt=R len=7
PKT t=23008 TX ua=95 mt=P len=0
PKT t=23017 RX ua=95 mt=R len=7
PKT t=23022 TX ua=95 mt=P len=0
PKT t=23031 RX ua=95 mt=R len=7
PKT t=23036 TX ua=95 mt=P len=0
PKT t=23045 RX ua=95 mt=R len=7
PKT t=23076 TX ua=95 mt=P len=0
PKT t=23089 RX ua=95 mt=R len=7
PKT t=23094 TX ua=95 mt=P len=0
PKT t=23103 RX ua=95 mt=R len=7
PKT t=23108 TX ua=95 mt=P len=0
PKT t=23117 RX ua=95 mt=R len=7
PKT t=23122 TX ua=95 mt=T len=7
PKT t=23134 TX ua=95 mt=P len=0
PKT t=23143 RX ua=95 mt=R len=7
PKT t=23176 TX ua=95 mt=P len=0
PKT t=23190 RX ua=95 mt=R len=7
PKT t=23195 TX ua=95 mt=P len=0
PKT t=23204 RX ua=95 mt=R len=7
PKT t=23209 TX ua=95 mt=P len=0
PKT t=23218 RX ua=95 mt=R len=7
PKT t=23223 TX ua=95 mt=P len=0
PKT t=23232 RX ua=95 mt=R len=7
PKT t=23237 TX ua=95 mt=P len=0
PKT t=23246 RX ua=95 mt=R len=7
PKT t=23276 TX ua=95 mt=P len=0
PKT t=23289 RX ua=95 mt=R len=7
PKT t=23294 TX ua=95 mt=P len=0
PKT t=23303 RX ua=95 mt=R len=7
PKT t=23308 TX ua=95 mt=P len=0
PKT t=23317 RX ua=95 mt=R len=7
PKT t=23322 TX ua=95 mt=P len=0
PKT t=23331 RX ua=95 mt=R len=7
PKT t=23336 TX ua=95 mt=P len=0
PKT t=23345 RX ua=95 mt=R len=7
PKT t=23376 TX ua=95 mt=P len=0
PKT t=23389 RX ua=95 mt=R len=7
PKT t=23394 TX ua=95 mt=T len=7
PKT t=23406 TX ua=95 mt=P len=0
PKT t=23416 RX ua=95 mt=R len=7
PKT t=23421 TX ua=95 mt=P len=0
PKT t=23431 RX ua=95 mt=R len=7
PKT t=23436 TX ua=95 mt=P len=0
PKT t=23446 RX ua=95 mt=R len=7
PKT t=23476 TX ua=95 mt=P len=0
PKT t=23490 RX ua=95 mt=R len=7
PKT t=23495 TX ua=95 mt=P len=0
PKT t=23505 RX ua=95 mt=R len=7
PKT t=23510 TX ua=95 mt=P len=0
PKT t=23520 RX ua=95 mt=R len=7
PKT t=23525 TX ua=95 mt=P len=0
PKT t=23535 RX ua=95 mt=R len=7
PKT t=23540 TX ua=95 mt=P len=0
PKT t=23576 RX ua=95 mt=R len=7
PKT t=23581 TX ua=95 mt=P len=0
PKT t=23591 RX ua=95 mt=R len=7
PKT t=23596 TX ua=95 mt=P len=0
PKT t=23606 RX ua=95 mt=R len=7
PKT t=23611 TX ua=95 mt=P len=0
PKT t=23621 RX ua=95 mt=R len=7
PKT t=23626 TX ua=95 mt=P len=0
PKT t=23636 RX ua=95 mt=R len=7
PKT t=23641 TX ua=95 mt=T len=7
PKT t=23681 TX ua=95 mt=P len=0
PKT t=23690 RX ua=95 mt=R len=7
PKT t=23695 TX ua=95 mt=P len=0
PKT t=23704 RX ua=95 mt=R len=7
PKT t=23709 TX ua=95 mt=P len=0
PKT t=23718 RX ua=95 mt=R len=7
PKT t=23723 TX ua=95 mt=P len=0
PKT t=23732 RX ua=95 mt=R len=7
PKT t=23737 TX ua=95 mt=P len=0
PKT t=23746 RX ua=95 mt=R len=7
PKT t=23776 TX ua=95 mt=P len=0
PKT t=23789 RX ua=95 mt=R len=7
PKT t=23794 TX ua=95 mt=P len=0
PKT t=23803 RX ua=95 mt=R len=7
PKT t=23808 TX ua=95 mt=P len=0
PKT t=23817 RX ua=95 mt=R len=7
PKT t=23822 TX ua=95 mt=P len=0
PKT t=23831 RX ua=95 mt=R len=7
PKT t=23836 TX ua=95 mt=P len=0
PKT t=23845 RX ua=95 mt=R len=7
PKT t=23876 TX ua=95 mt=P len=0
PKT t=23890 RX ua=95 mt=R len=7
PKT t=23895 TX ua=95 mt=T len=7
PKT t=23907 TX ua=95 mt=P len=0
PKT t=23916 RX ua=95 mt=R len=7
PKT t=23921 TX ua=95 mt=P len=0
PKT t=23930 RX ua=95 mt=R len=7
PKT t=23935 TX ua=95 mt=P len=0
PKT t=23944 RX ua=95 mt=R len=7
PKT t=23976 TX ua=95 mt=P len=0
PKT t=23989 RX ua=95 mt=R len=7
PKT t=23994 TX ua=95 mt=P len=0
PKT t=24003 RX ua=95 mt=R len=7
PKT t=24008 TX ua=95 mt=P len=0
PKT t=24017 RX ua=95 mt=R len=7
PKT t=24022 TX ua=95 mt=P len=0
PKT t=24031 RX ua=95 mt=R len=7
PKT t=24036 TX ua=95 mt=P len=0
PKT t=24045 RX ua=95 mt=R len=7
PKT t=24076 TX ua=95 mt=P len=0
PKT t=24089 RX ua=95 mt=R len=7
PKT t=24094 TX ua=95 mt=P len=0
PKT t=24103 RX ua=95 mt=R len=7
PKT t=24108 TX ua=95 mt=P len=0
PKT t=24117 RX ua=95 mt=R len=7
PKT t=24122 TX ua=95 mt=T len=7
PKT t=24134 TX ua=95 mt=P len=0
PKT t=24143 RX ua=95 mt=R len=7
PKT t=24176 TX ua=95 mt=P len=0
PKT t=24189 RX ua=95 mt=R len=7
PKT t=24194 TX ua=95 mt=P len=0
PKT t=24203 RX ua=95 mt=R len=7
PKT t=24208 TX ua=95 mt=P len=0
PKT t=24218 RX ua=95 mt=R len=7
PKT t=24222 TX ua=95 mt=P len=0
PKT t=24231 RX ua=95 mt=R len=7
PKT t=24236 TX ua=95 mt=P len=0
PKT t=24245 RX ua=95 mt=R len=7
PKT t=24276 TX ua=95 mt=P len=0
PKT t=24289 RX ua=95 mt=R len=7
PKT t=24294 TX ua=95 mt=P len=0
PKT t=24303 RX ua=95 mt=R len=7
PKT t=24308 TX ua=95 mt=P len=0
PKT t=24317 RX ua=95 mt=R len=7
PKT t=24322 TX ua=95 mt=P len=0
PKT t=24331 RX ua=95 mt=R len=7
PKT t=24336 TX ua=95 mt=P len=0
PKT t=24345 RX ua=95 mt=R len=7
PKT t=24376 TX ua=95 mt=P len=0
PKT t=24389 RX ua=95 mt=R len=7
PKT t=24394 TX ua=95 mt=T len=7
PKT t=24406 TX ua=95 mt=P len=0
PKT t=24415 RX ua=95 mt=R len=7
PKT t=24420 TX ua=95 mt=P len=0
PKT t=24429 RX ua=95 mt=R len=7
PKT t=24434 TX ua=95 mt=P len=0
PKT t=24443 RX ua=95 mt=R len=7
PKT t=24476 TX ua=95 mt=P len=0
PKT t=24489 RX ua=95 mt=R len=7
PKT t=24494 TX ua=95 mt=P len=0
PKT t=24503 RX ua=95 mt=R len=7
PKT t=24508 TX ua=95 mt=P len=0
PKT t=24517 RX ua=95 mt=R len=7
PKT t=24522 TX ua=95 mt=P len=0
PKT t=24531 RX ua=95 mt=R len=7
PKT t=24536 TX ua=95 mt=P len=0
PKT t=24545 RX ua=95 mt=R len=7
PKT t=24576 TX ua=95 mt=P len=0
PKT t=24589 RX ua=95 mt=R len=7
PKT t=24594 TX ua=95 mt=P len=0
PKT t=24603 RX ua=95 mt=R len=7
PKT t=24608 TX ua=95 mt=P len=0
PKT t=24617 RX ua=95 mt=R len=7
PKT t=24622 TX ua=95 mt=P len=0
PKT t=24631 RX ua=95 mt=R len=7
PKT t=24636 TX ua=95 mt=T len=7
PKT t=24676 TX ua=95 mt=P len=0
PKT t=24689 RX ua=95 mt=R len=7
PKT t=24694 TX ua=95 mt=P len=0
PKT t=24703 RX ua=95 mt=R len=7
PKT t=24708 TX ua=95 mt=P len=0
PKT t=24717 RX ua=95 mt=R len=7
PKT t=24722 TX ua=95 mt=P len=0
PKT t=24731 RX ua=95 mt=R len=7
PKT t=24736 TX ua=95 mt=P len=0
PKT t=24745 RX ua=95 mt=R len=7
PKT t=24776 TX ua=95 mt=P len=0
PKT t=24789 RX ua=95 mt=R len=7
PKT t=24794 TX ua=95 mt=P len=0
PKT t=24803 RX ua=95 mt=R len=7
PKT t=24808 TX ua=95 mt=P len=0
PKT t=24817 RX ua=95 mt=R len=7
PKT t=24822 TX ua=95 mt=P len=0
PKT t=24831 RX ua=95 mt=R len=7
PKT t=24836 TX ua=95 mt=P len=0
PKT t=24845 RX ua=95 mt=R len=7
PKT t=24876 TX ua=95 mt=P len=0
PKT t=24889 RX ua=95 mt=R len=7
PKT t=24894 TX ua=95 mt=T len=7
PKT t=24906 TX ua=95 mt=P len=0
PKT t=24915 RX ua=95 mt=R len=7
PKT t=24920 TX ua=95 mt=P len=0
PKT t=24929 RX ua=95 mt=R len=7
PKT t=24934 TX ua=95 mt=P len=0
PKT t=24943 RX ua=95 mt=R len=7
PKT t=24976 TX ua=95 mt=P len=0
PKT t=24989 RX ua=95 mt=R len=7
PKT t=24994 TX ua=95 mt=P len=0
PKT t=25003 RX ua=95 mt=R len=7
PKT t=25008 TX ua=95 mt=P len=0
PKT t=25017 RX ua=95 mt=R len=7
PKT t=25022 TX ua=95 mt=P len=0
PKT t=25031 RX ua=95 mt=R len=7
PKT t=25036 TX ua=95 mt=P len=0
PKT t=25045 RX ua=95 mt=R len=7
PKT t=25076 TX ua=95 mt=P len=0
PKT t=25089 RX ua=95 mt=R len=7
PKT t=25094 TX ua=95 mt=P len=0
PKT t=25103 RX ua=95 mt=R len=7
PKT t=25108 TX ua=95 mt=P len=0
PKT t=25117 RX ua=95 mt=R len=7
PKT t=25122 TX ua=95 mt=T len=7
PKT t=25134 TX ua=95 mt=P len=0
PKT t=25143 RX ua=95 mt=R len=7
PKT t=25176 TX ua=95 mt=P len=0
PKT t=25189 RX ua=95 mt=R len=7
PKT t=25194 TX ua=95 mt=P len=0
PKT t=25203 RX ua=95 mt=R len=7
PKT t=25208 TX ua=95 mt=P len=0
PKT t=25217 RX ua=95 mt=R len=7
PKT t=25222 TX ua=95 mt=P len=0
PKT t=25231 RX ua=95 mt=R len=7
PKT t=25236 TX ua=95 mt=P len=0
PKT t=25245 RX ua=95 mt=R len=7
PKT t=25276 TX ua=95 mt=P len=0
PKT t=25289 RX ua=95 mt=R len=7
PKT t=25294 TX ua=95 mt=P len=0
PKT t=25303 RX ua=95 mt=R len=7
PKT t=25308 TX ua=95 mt=P len=0
PKT t=25317 RX ua=95 mt=R len=7
PKT t=25322 TX ua=95 mt=P len=0
PKT t=25331 RX ua=95 mt=R len=7
PKT t=25336 TX ua=95 mt=P len=0
PKT t=25345 RX ua=95 mt=R len=7
PKT t=25376 TX ua=95 mt=P len=0
PKT t=25389 RX ua=95 mt=R len=7
PKT t=25394 TX ua=95 mt=T len=7
PKT t=25406 TX ua=95 mt=P len=0
PKT t=25416 RX ua=95 mt=R len=7
PKT t=25421 TX ua=95 mt=P len=0
PKT t=25431 RX ua=95 mt=R len=7
PKT t=25436 TX ua=95 mt=P len=0
PKT t=25446 RX ua=95 mt=R len=7
PKT t=25476 TX ua=95 mt=P len=0
PKT t=25490 RX ua=95 mt=R len=7
PKT t=25494 TX ua=95 mt=P len=0
PKT t=25504 RX ua=95 mt=R len=7
PKT t=25509 TX ua=95 mt=P len=0
PKT t=25519 RX ua=95 mt=R len=7
PKT t=25524 TX ua=95 mt=P len=0
PKT t=25534 RX ua=95 mt=R len=7
PKT t=25539 TX ua=95 mt=P len=0
PKT t=25576 RX ua=95 mt=R len=7
PKT t=25581 TX ua=95 mt=P len=0
PKT t=25591 RX ua=95 mt=R len=7
PKT t=25596 TX ua=95 mt=P len=0
PKT t=25606 RX ua=95 mt=R len=7
PKT t=25611 TX ua=95 mt=P len=0
PKT t=25621 RX ua=95 mt=R len=7
PKT t=25626 TX ua=95 mt=P len=0
PKT t=25636 RX ua=95 mt=R len=7
PKT t=25641 TX ua=95 mt=T len=7
PKT t=25681 TX ua=95 mt=P len=0
PKT t=25690 RX ua=95 mt=R len=7
PKT t=25695 TX ua=95 mt=P len=0
PKT t=25704 RX ua=95 mt=R len=7
PKT t=25709 TX ua=95 mt=P len=0
PKT t=25718 RX ua=95 mt=R len=7
PKT t=25723 TX ua=95 mt=P len=0
PKT t=25732 RX ua=95 mt=R len=7
PKT t=25737 TX ua=95 mt=P len=0
PKT t=25746 RX ua=95 mt=R len=7
PKT t=25776 TX ua=95 mt=P len=0
PKT t=25789 RX ua=95 mt=R len=7
PKT t=25794 TX ua=95 mt=P len=0
PKT t=25803 RX ua=95 mt=R len=7
PKT t=25808 TX ua=95 mt=P len=0
PKT t=25817 RX ua=95 mt=R len=7
PKT t=25822 TX ua=95 mt=P len=0
PKT t=25831 RX ua=95 mt=R len=7
PKT t=25836 TX ua=95 mt=P len=0
PKT t=25845 RX ua=95 mt=R len=7
PKT t=25876 TX ua=95 mt=P len=0
PKT t=25889 RX ua=95 mt=R len=7
PKT t=25894 TX ua=95 mt=T len=7
PKT t=25906 TX ua=95 mt=P len=0
PKT t=25915 RX ua=95 mt=R len=7
PKT t=25920 TX ua=95 mt=P len=0
PKT t=25929 RX ua=95 mt=R len=7
PKT t=25934 TX ua=95 mt=P len=0
PKT t=25943 RX ua=95 mt=R len=7
PKT t=25976 TX ua=95 mt=P len=0
PKT t=25989 RX ua=95 mt=R len=7
PKT t=25994 TX ua=95 mt=P len=0
PKT t=26003 RX ua=95 mt=R len=7
PKT t=26008 TX ua=95 mt=P len=0
PKT t=26017 RX ua=95 mt=R len=7
PKT t=26022 TX ua=95 mt=P len=0
PKT t=26031 RX ua=95 mt=R len=7
PKT t=26036 TX ua=95 mt=P len=0
PKT t=26045 RX ua=95 mt=R len=7
PKT t=26076 TX ua=95 mt=P len=0
PKT t=26089 RX ua=95 mt=R len=7
PKT t=26094 TX ua=95 mt=P len=0
PKT t=26103 RX ua=95 mt=R len=7
PKT t=26108 TX ua=95 mt=P len=0
PKT t=26117 RX ua=95 mt=R len=7
PKT t=26122 TX ua=95 mt=T len=7
PKT t=26135 TX ua=95 mt=P len=0
PKT t=26144 RX ua=95 mt=R len=7
PKT t=26176 TX ua=95 mt=T len=7
PKT t=26189 TX ua=95 mt=P len=0
PKT t=26198 RX ua=95 mt=R len=7
PKT t=26203 TX ua=95 mt=P len=0
PKT t=26212 RX ua=95 mt=R len=7
PKT t=26217 TX ua=95 mt=P len=0
PKT t=26226 RX ua=95 mt=R len=7
PKT t=26231 TX ua=95 mt=P len=0
PKT t=26240 RX ua=95 mt=R len=7
PKT t=26245 TX ua=95 mt=P len=0
PKT t=26276 RX ua=95 mt=R len=7
PKT t=26531 TX ua=96 mt=P len=0
PKT t=26789 TX ua=95 mt=P len=0
PKT t=26798 RX ua=95 mt=R len=7
PKT t=26803 TX ua=95 mt=T len=7
PKT t=26816 TX ua=95 mt=P len=0
PKT t=26825 RX ua=95 mt=R len=7
PKT t=26830 TX ua=95 mt=P len=0
PKT t=26839 RX ua=95 mt=R len=7
PKT t=26844 TX ua=95 mt=P len=0
PKT t=26876 RX ua=95 mt=R len=7
PKT t=26881 TX ua=95 mt=T len=7
PKT t=26894 TX ua=95 mt=P len=0
PKT t=26903 RX ua=95 mt=R len=7
PKT t=26908 TX ua=95 mt=P len=0
PKT t=26917 RX ua=95 mt=R len=7
PKT t=26922 TX ua=95 mt=P len=0
PKT t=26931 RX ua=95 mt=R len=7
PKT t=26936 TX ua=95 mt=P len=0
PKT t=26945 RX ua=95 mt=R len=7
PKT t=26976 TX ua=95 mt=P len=0
PKT t=26989 RX ua=95 mt=R len=7
PKT t=26994 TX ua=95 mt=P len=0
PKT t=27003 RX ua=95 mt=R len=7
PKT t=27008 TX ua=95 mt=P len=0
PKT t=27017 RX ua=95 mt=R len=7
PKT t=27022 TX ua=95 mt=P len=0
PKT t=27031 RX ua=95 mt=R len=7
PKT t=27036 TX ua=95 mt=P len=0
PKT t=27045 RX ua=95 mt=R len=7
PKT t=27076 TX ua=95 mt=P len=0
PKT t=27089 RX ua=95 mt=R len=7
PKT t=27094 TX ua=95 mt=P len=0
PKT t=27103 RX ua=95 mt=R len=7
PKT t=27108 TX ua=95 mt=P len=0
PKT t=27117 RX ua=95 mt=R len=7
PKT t=27122 TX ua=95 mt=T len=7
PKT t=27134 TX ua=95 mt=P len=0
PKT t=27143 RX ua=95 mt=R len=7
PKT t=27176 TX ua=95 mt=P len=0
PKT t=27189 RX ua=95 mt=R len=7
PKT t=27194 TX ua=95 mt=P len=0
PKT t=27203 RX ua=95 mt=R len=7
PKT t=27208 TX ua=95 mt=P len=0
PKT t=27217 RX ua=95 mt=R len=7
PKT t=27222 TX ua=95 mt=P len=0
PKT t=27231 RX ua=95 mt=R len=7
PKT t=27236 TX ua=95 mt=P len=0
PKT t=27245 RX ua=95 mt=R len=7
PKT t=27276 TX ua=95 mt=P len=0
PKT t=27289 RX ua=95 mt=R len=7
PKT t=27294 TX ua=95 mt=P len=0
PKT t=27303 RX ua=95 mt=R len=7
PKT t=27308 TX ua=95 mt=P len=0
PKT t=27317 RX ua=95 mt=R len=7
PKT t=27322 TX ua=95 mt=P len=0
PKT t=27331 RX ua=95 mt=R len=7
PKT t=27336 TX ua=95 mt=P len=0
PKT t=27345 RX ua=95 mt=R len=7
PKT t=27376 TX ua=95 mt=P len=0
PKT t=27389 RX ua=95 mt=R len=7
PKT t=27394 TX ua=95 mt=T len=7
PKT t=27406 TX ua=95 mt=P len=0
PKT t=27416 RX ua=95 mt=R len=7
PKT t=27421 TX ua=95 mt=P len=0
PKT t=27431 RX ua=95 mt=R len=7
PKT t=27436 TX ua=95 mt=P len=0
PKT t=27446 RX ua=95 mt=R len=7
PKT t=27476 TX ua=95 mt=P len=0
PKT t=27490 RX ua=95 mt=R len=7
PKT t=27495 TX ua=95 mt=P len=0
PKT t=27505 RX ua=95 mt=R len=7
PKT t=27510 TX ua=95 mt=P len=0
PKT t=27520 RX ua=95 mt=R len=7
PKT t=27525 TX ua=95 mt=P len=0
PKT t=27535 RX ua=95 mt=R len=7
PKT t=27540 TX ua=95 mt=P len=0
PKT t=27576 RX ua=95 mt=R len=7
PKT t=27581 TX ua=95 mt=P len=0
PKT t=27591 RX ua=95 mt=R len=7
PKT t=27596 TX ua=95 mt=P len=0
PKT t=27606 RX ua=95 mt=R len=7
PKT t=27611 TX ua=95 mt=P len=0
PKT t=27621 RX ua=95 mt=R len=7
PKT t=27626 TX ua=95 mt=P len=0
PKT t=27636 RX ua=95 mt=R len=7
PKT t=27641 TX ua=95 mt=T len=7
PKT t=27681 TX ua=95 mt=P len=0
PKT t=27690 RX ua=95 mt=R len=7
PKT t=27695 TX ua=95 mt=P len=0
PKT t=27704 RX ua=95 mt=R len=7
PKT t=27709 TX ua=95 mt=P len=0
PKT t=27718 RX ua=95 mt=R len=7
PKT t=27723 TX ua=95 mt=P len=0
PKT t=27732 RX ua=95 mt=R len=7
PKT t=27737 TX ua=95 mt=P len=0
PKT t=27746 RX ua=95 mt=R len=7
PKT t=27776 TX ua=95 mt=P len=0
PKT t=27789 RX ua=95 mt=R len=7
PKT t=27794 TX ua=95 mt=P len=0
PKT t=27804 RX ua=95 mt=R len=7
PKT t=27809 TX ua=95 mt=P len=0
PKT t=27818 RX ua=95 mt=R len=7
PKT t=27823 TX ua=95 mt=P len=0
PKT t=27832 RX ua=95 mt=R len=7
PKT t=27837 TX ua=95 mt=P len=0
PKT t=27846 RX ua=95 mt=R len=7
PKT t=27876 TX ua=95 mt=P len=0
PKT t=27889 RX ua=95 mt=R len=7
PKT t=27894 TX ua=95 mt=T len=7
PKT t=27906 TX ua=95 mt=P len=0
PKT t=27915 RX ua=95 mt=R len=7
PKT t=27920 TX ua=95 mt=P len=0
PKT t=27929 RX ua=95 mt=R len=7
PKT t=27934 TX ua=95 mt=P len=0
PKT t=27943 RX ua=95 mt=R len=7
PKT t=27976 TX ua=95 mt=P len=0
PKT t=27989 RX ua=95 mt=R len=7
PKT t=27994 TX ua=95 mt=P len=0
PKT t=28003 RX ua=95 mt=R len=7
PKT t=28008 TX ua=95 mt=P len=0
PKT t=28018 RX ua=95 mt=R len=7
PKT t=28023 TX ua=95 mt=P len=0
PKT t=28032 RX ua=95 mt=R len=7
PKT t=28037 TX ua=95 mt=P len=0
PKT t=28046 RX ua=95 mt=R len=7
PKT t=28076 TX ua=95 mt=P len=0
PKT t=28089 RX ua=95 mt=R len=7
PKT t=28094 TX ua=95 mt=P len=0
PKT t=28103 RX ua=95 mt=R len=7
PKT t=28108 TX ua=95 mt=P len=0
PKT t=28117 RX ua=95 mt=R len=7
PKT t=28122 TX ua=95 mt=T len=7
PKT t=28134 TX ua=95 mt=P len=0
PKT t=28143 RX ua=95 mt=R len=7
PKT t=28176 TX ua=95 mt=P len=0
PKT t=28189 RX ua=95 mt=R len=7
PKT t=28194 TX ua=95 mt=P len=0
PKT t=28203 RX ua=95 mt=R len=7
PKT t=28208 TX ua=95 mt=P len=0
PKT t=28217 RX ua=95 mt=R len=7
PKT t=28222 TX ua=95 mt=P len=0
PKT t=28231 RX ua=95 mt=R len=7
PKT t=28236 TX ua=95 mt=P len=0
PKT t=28245 RX ua=95 mt=R len=7
PKT t=28276 TX ua=95 mt=P len=0
PKT t=28290 RX ua=95 mt=R len=7
PKT t=28295 TX ua=95 mt=P len=0
PKT t=28304 RX ua=95 mt=R len=7
PKT t=28309 TX ua=95 mt=P len=0
PKT t=28318 RX ua=95 mt=R len=7
PKT t=28323 TX ua=95 mt=P len=0
PKT t=28332 RX ua=95 mt=R len=7
PKT t=28337 TX ua=95 mt=P len=0
PKT t=28346 RX ua=95 mt=R len=7
PKT t=28376 TX ua=95 mt=P len=0
PKT t=28389 RX ua=95 mt=R len=7
PKT t=28394 TX ua=95 mt=T len=7
PKT t=28406 TX ua=95 mt=P len=0
PKT t=28415 RX ua=95 mt=R len=7
PKT t=28420 TX ua=95 mt=P len=0
PKT t=28429 RX ua=95 mt=R len=7
PKT t=28434 TX ua=95 mt=P len=0
PKT t=28443 RX ua=95 mt=R len=7
PKT t=28476 TX ua=95 mt=P len=0
PKT t=28489 RX ua=95 mt=R len=7
PKT t=28494 TX ua=95 mt=P len=0
PKT t=28503 RX ua=95 mt=R len=7
PKT t=28508 TX ua=95 mt=P len=0
PKT t=28517 RX ua=95 mt=R len=7
PKT t=28522 TX ua=95 mt=P len=0
PKT t=28531 RX ua=95 mt=R len=7
PKT t=28536 TX ua=95 mt=P len=0
PKT t=28545 RX ua=95 mt=R len=7
PKT t=28576 TX ua=95 mt=P len=0
PKT t=28589 RX ua=95 mt=R len=7
PKT t=28594 TX ua=95 mt=P len=0
PKT t=28603 RX ua=95 mt=R len=7
PKT t=28608 TX ua=95 mt=P len=0
PKT t=28617 RX ua=95 mt=R len=7
PKT t=28622 TX ua=95 mt=P len=0
PKT t=28631 RX ua=95 mt=R len=7
PKT t=28636 TX ua=95 mt=T len=7
PKT t=28676 TX ua=95 mt=P len=0
PKT t=28689 RX ua=95 mt=R len=7
PKT t=28694 TX ua=95 mt=P len=0
PKT t=28703 RX ua=95 mt=R len=7
PKT t=28708 TX ua=95 mt=P len=0
PKT t=28717 RX ua=95 mt=R len=7
PKT t=28722 TX ua=95 mt=P len=0
PKT t=28731 RX ua=95 mt=R len=7
PKT t=28736 TX ua=95 mt=P len=0
PKT t=28745 RX ua=95 mt=R len=7
PKT t=28776 TX ua=95 mt=P len=0
PKT t=28789 RX ua=95 mt=R len=7
PKT t=28794 TX ua=95 mt=P len=0
PKT t=28803 RX ua=95 mt=R len=7
PKT t=28808 TX ua=95 mt=P len=0
PKT t=28817 RX ua=95 mt=R len=7
PKT t=28822 TX ua=95 mt=P len=0
PKT t=28831 RX ua=95 mt=R len=7
PKT t=28836 TX ua=95 mt=P len=0
PKT t=28845 RX ua=95 mt=R len=7
PKT t=28876 TX ua=95 mt=P len=0
PKT t=28890 RX ua=95 mt=R len=7
PKT t=28895 TX ua=95 mt=T len=7
PKT t=28907 TX ua=95 mt=P len=0
PKT t=28916 RX ua=95 mt=R len=7
PKT t=28921 TX ua=95 mt=P len=0
PKT t=28930 RX ua=95 mt=R len=7
PKT t=28935 TX ua=95 mt=P len=0
PKT t=28944 RX ua=95 mt=R len=7
PKT t=28976 TX ua=95 mt=P len=0
PKT t=28990 RX ua=95 mt=R len=7
PKT t=28995 TX ua=95 mt=P len=0
PKT t=29004 RX ua=95 mt=R len=7
PKT t=29009 TX ua=95 mt=P len=0
PKT t=29018 RX ua=95 mt=R len=7
PKT t=29023 TX ua=95 mt=P len=0
PKT t=29032 RX ua=95 mt=R len=7
PKT t=29037 TX ua=95 mt=P len=0
PKT t=29046 RX ua=95 mt=R len=7
PKT t=29076 TX ua=95 mt=P len=0
PKT t=29089 RX ua=95 mt=R len=7
PKT t=29094 TX ua=95 mt=P len=0
PKT t=29103 RX ua=95 mt=R len=7
PKT t=29108 TX ua=95 mt=P len=0
PKT t=29117 RX ua=95 mt=R len=7
PKT t=29122 TX ua=95 mt=T len=7
PKT t=29135 TX ua=95 mt=P len=0
PKT t=29144 RX ua=95 mt=R len=7
PKT t=29176 TX ua=95 mt=P len=0
PKT t=29189 RX ua=95 mt=R len=7
PKT t=29194 TX ua=95 mt=P len=0
PKT t=29203 RX ua=95 mt=R len=7
PKT t=29208 TX ua=95 mt=P len=0
PKT t=29217 RX ua=95 mt=R len=7
PKT t=29222 TX ua=95 mt=P len=0
PKT t=29231 RX ua=95 mt=R len=7
PKT t=29236 TX ua=95 mt=P len=0
PKT t=29245 RX ua=95 mt=R len=7
PKT t=29276 TX ua=95 mt=P len=0
PKT t=29289 RX ua=95 mt=R len=7
PKT t=29294 TX ua=95 mt=P len=0
PKT t=29303 RX ua=95 mt=R len=7
PKT t=29308 TX ua=95 mt=P len=0
PKT t=29317 RX ua=95 mt=R len=7
PKT t=29322 TX ua=95 mt=P len=0
PKT t=29331 RX ua=95 mt=R len=7
PKT t=29336 TX ua=95 mt=P len=0
PKT t=29345 RX ua=95 mt=R len=7
PKT t=29376 TX ua=95 mt=P len=0
PKT t=29389 RX ua=95 mt=R len=7
PKT t=29394 TX ua=95 mt=T len=7
PKT t=29407 TX ua=95 mt=P len=0
PKT t=29417 RX ua=95 mt=R len=7
PKT t=29422 TX ua=95 mt=P len=0
PKT t=29432 RX ua=95 mt=R len=7
PKT t=29437 TX ua=95 mt=P len=0
PKT t=29476 RX ua=95 mt=R len=7
PKT t=29481 TX ua=95 mt=P len=0
PKT t=29491 RX ua=95 mt=R len=7
PKT t=29496 TX ua=95 mt=P len=0
PKT t=29506 RX ua=95 mt=R len=7
PKT t=29511 TX ua=95 mt=P len=0
PKT t=29521 RX ua=95 mt=R len=7
PKT t=29526 TX ua=95 mt=P len=0
PKT t=29536 RX ua=95 mt=R len=7
PKT t=29541 TX ua=95 mt=P len=0
PKT t=29576 RX ua=95 mt=R len=7
PKT t=29581 TX ua=95 mt=P len=0
PKT t=29591 RX ua=95 mt=R len=7
PKT t=29596 TX ua=95 mt=P len=0
PKT t=29606 RX ua=95 mt=R len=7
PKT t=29611 TX ua=95 mt=P len=0
PKT t=29621 RX ua=95 mt=R len=7
PKT t=29626 TX ua=95 mt=P len=0
PKT t=29636 RX ua=95 mt=R len=7
PKT t=29641 TX ua=95 mt=T len=7
PKT t=29681 TX ua=95 mt=P len=0
PKT t=29690 RX ua=95 mt=R len=7
PKT t=29695 TX ua=95 mt=P len=0
PKT t=29704 RX ua=95 mt=R len=7
PKT t=29709 TX ua=95 mt=P len=0
PKT t=29718 RX ua=95 mt=R len=7
PKT t=29723 TX ua=95 mt=P len=0
PKT t=29732 RX ua=95 mt=R len=7
PKT t=29737 TX ua=95 mt=P len=0
PKT t=29746 RX ua=95 mt=R len=7
PKT t=29776 TX ua=95 mt=P len=0
PKT t=29789 RX ua=95 mt=R len=7
PKT t=29794 TX ua=95 mt=P len=0
PKT t=29803 RX ua=95 mt=R len=7
PKT t=29808 TX ua=95 mt=P len=0
PKT t=29817 RX ua=95 mt=R len=7
PKT t=29822 TX ua=95 mt=P len=0
PKT t=29831 RX ua=95 mt=R len=7
PKT t=29836 TX ua=95 mt=P len=0
PKT t=29845 RX ua=95 mt=R len=7
PKT t=29876 TX ua=95 mt=P len=0
PKT t=29889 RX ua=95 mt=R len=7
PKT t=29894 TX ua=95 mt=T len=7
PKT t=29907 TX ua=95 mt=P len=0
PKT t=29916 RX ua=95 mt=R len=7
PKT t=29921 TX ua=95 mt=P len=0
PKT t=29930 RX ua=95 mt=R len=7
PKT t=29935 TX ua=95 mt=P len=0
PKT t=29944 RX ua=95 mt=R len=7
PKT t=29976 TX ua=95 mt=P len=0
PKT t=29990 RX ua=95 mt=R len=7
PKT t=29995 TX ua=95 mt=P len=0
PKT t=30004 RX ua=95 mt=R len=7
PKT t=30009 TX ua=95 mt=P len=0
PKT t=30019 RX ua=95 mt=R len=7
PKT t=30024 TX ua=95 mt=P len=0
PKT t=30033 RX ua=95 mt=R len=7
PKT t=30038 TX ua=95 mt=P len=0
PKT t=30076 RX ua=95 mt=R len=7
PKT t=30081 TX ua=95 mt=P len=0
PKT t=30090 RX ua=95 mt=R len=7
PKT t=30095 TX ua=95 mt=P len=0
PKT t=30104 RX ua=95 mt=R len=7
PKT t=30109 TX ua=95 mt=P len=0
PKT t=30118 RX ua=95 mt=R len=7
PKT t=30123 TX ua=95 mt=T len=7
PKT t=30135 TX ua=95 mt=P len=0
PKT t=30144 RX ua=95 mt=R len=7
PKT t=30176 TX ua=95 mt=P len=0
PKT t=30189 RX ua=95 mt=R len=7
PKT t=30194 TX ua=95 mt=P len=0
PKT t=30203 RX ua=95 mt=R len=7
PKT t=30208 TX ua=95 mt=P len=0
PKT t=30217 RX ua=95 mt=R len=7
PKT t=30222 TX ua=95 mt=P len=0
PKT t=30231 RX ua=95 mt=R len=7
PKT t=30236 TX ua=95 mt=P len=0
PKT t=30245 RX ua=95 mt=R len=7
PKT t=30276 TX ua=95 mt=P len=0
PKT t=30289 RX ua=95 mt=R len=7
PKT t=30294 TX ua=95 mt=P len=0
PKT t=30303 RX ua=95 mt=R len=7
PKT t=30308 TX ua=95 mt=P len=0
PKT t=30317 RX ua=95 mt=R len=7
PKT t=30322 TX ua=95 mt=P len=0
PKT t=30331 RX ua=95 mt=R len=7
PKT t=30336 TX ua=95 mt=P len=0
PKT t=30345 RX ua=95 mt=R len=7
PKT t=30376 TX ua=95 mt=P len=0
PKT t=30389 RX ua=95 mt=R len=7
PKT t=30394 TX ua=95 mt=T len=7
PKT t=30406 TX ua=95 mt=P len=0
PKT t=30415 RX ua=95 mt=R len=7
PKT t=30420 TX ua=95 mt=P len=0
PKT t=30429 RX ua=95 mt=R len=7
PKT t=30434 TX ua=95 mt=P len=0
PKT t=30443 RX ua=95 mt=R len=7
PKT t=30476 TX ua=95 mt=P len=0
PKT t=30489 RX ua=95 mt=R len=7
PKT t=30494 TX ua=95 mt=P len=0
PKT t=30503 RX ua=95 mt=R len=7
PKT t=30508 TX ua=95 mt=P len=0
PKT t=30517 RX ua=95 mt=R len=7
PKT t=30522 TX ua=95 mt=P len=0
PKT t=30532 RX ua=95 mt=R len=7
PKT t=30536 TX ua=95 mt=P len=0
PKT t=30545 RX ua=95 mt=R len=7
PKT t=30576 TX ua=95 mt=P len=0
PKT t=30589 RX ua=95 mt=R len=7
PKT t=30594 TX ua=95 mt=P len=0
PKT t=30603 RX ua=95 mt=R len=7
PKT t=30608 TX ua=95 mt=P len=0
PKT t=30617 RX ua=95 mt=R len=7
PKT t=30622 TX ua=95 mt=P len=0
PKT t=30631 RX ua=95 mt=R len=7
PKT t=30636 TX ua=95 mt=T len=7
PKT t=30676 TX ua=95 mt=P len=0
PKT t=30689 RX ua=95 mt=R len=7
PKT t=30694 TX ua=95 mt=P len=0
PKT t=30703 RX ua=95 mt=R len=7
PKT t=30708 TX ua=95 mt=P len=0
PKT t=30717 RX ua=95 mt=R len=7
PKT t=30722 TX ua=95 mt=P len=0
PKT t=30731 RX ua=95 mt=R len=7
PKT t=30736 TX ua=95 mt=P len=0
PKT t=30745 RX ua=95 mt=R len=7
PKT t=30776 TX ua=95 mt=P len=0
PKT t=30789 RX ua=95 mt=R len=7
PKT t=30794 TX ua=95 mt=P len=0
PKT t=30803 RX ua=95 mt=R len=7
PKT t=30808 TX ua=95 mt=P len=0
PKT t=30817 RX ua=95 mt=R len=7
PKT t=30822 TX ua=95 mt=P len=0
PKT t=30831 RX ua=95 mt=R len=7
PKT t=30836 TX ua=95 mt=P len=0
PKT t=30845 RX ua=95 mt=R len=7
PKT t=30876 TX ua=95 mt=P len=0
PKT t=30889 RX ua=95 mt=R len=7
PKT t=30894 TX ua=95 mt=T len=7
PKT t=30906 TX ua=95 mt=P len=0
PKT t=30915 RX ua=95 mt=R len=7
PKT t=30920 TX ua=95 mt=P len=0
PKT t=30929 RX ua=95 mt=R len=7
PKT t=30934 TX ua=95 mt=P len=0
PKT t=30943 RX ua=95 mt=R len=7
PKT t=30976 TX ua=95 mt=P len=0
PKT t=30989 RX ua=95 mt=R len=7
PKT t=30994 TX ua=95 mt=P len=0
PKT t=31003 RX ua=95 mt=R len=7
PKT t=31008 TX ua=95 mt=P len=0
PKT t=31017 RX ua=95 mt=R len=7
PKT t=31022 TX ua=95 mt=P len=0
PKT t=31031 RX ua=95 mt=R len=7
PKT t=31036 TX ua=95 mt=P len=0
PKT t=31045 RX ua=95 mt=R len=7
PKT t=31076 TX ua=95 mt=P len=0
PKT t=31090 RX ua=95 mt=R len=7
PKT t=31094 TX ua=95 mt=P len=0
PKT t=31103 RX ua=95 mt=R len=7
PKT t=31108 TX ua=95 mt=P len=0
PKT t=31117 RX ua=95 mt=R len=7
PKT t=31122 TX ua=95 mt=T len=7
PKT t=31134 TX ua=95 mt=P len=0
PKT t=31143 RX ua=95 mt=R len=7
PKT t=31176 TX ua=95 mt=P len=0
PKT t=31189 RX ua=95 mt=R len=7
PKT t=31194 TX ua=95 mt=P len=0
PKT t=31203 RX ua=95 mt=R len=7
PKT t=31208 TX ua=95 mt=P len=0
PKT t=31217 RX ua=95 mt=R len=7
PKT t=31222 TX ua=95 mt=P len=0
PKT t=31231 RX ua=95 mt=R len=7
PKT t=31236 TX ua=95 mt=P len=0
PKT t=31245 RX ua=95 mt=R len=7
PKT t=31276 TX ua=95 mt=P len=0
PKT t=31289 RX ua=95 mt=R len=7
PKT t=31294 TX ua=95 mt=P len=0
PKT t=31303 RX ua=95 mt=R len=7
PKT t=31308 TX ua=95 mt=P len=0
PKT t=31317 RX ua=95 mt=R len=7
PKT t=31322 TX ua=95 mt=P len=0
PKT t=31331 RX ua=95 mt=R len=7
PKT t=31336 TX ua=95 mt=P len=0
PKT t=31345 RX ua=95 mt=R len=7
PKT t=31376 TX ua=95 mt=P len=0
PKT t=31389 RX ua=95 mt=R len=7
PKT t=31394 TX ua=95 mt=T len=7
PKT t=31406 TX ua=95 mt=P len=0
PKT t=31416 RX ua=95 mt=R len=7
PKT t=31421 TX ua=95 mt=P len=0
PKT t=31431 RX ua=95 mt=R len=7
PKT t=31436 TX ua=95 mt=P len=0
PKT t=31446 RX ua=95 mt=R len=7
PKT t=31476 TX ua=95 mt=P len=0
PKT t=31490 RX ua=95 mt=R len=7
PKT t=31495 TX ua=95 mt=P len=0
PKT t=31505 RX ua=95 mt=R len=7
PKT t=31510 TX ua=95 mt=P len=0
PKT t=31520 RX ua=95 mt=R len=7
PKT t=31525 TX ua=95 mt=P len=0
PKT t=31535 RX ua=95 mt=R len=7
PKT t=31540 TX ua=95 mt=P len=0
PKT t=31576 RX ua=95 mt=R len=7
PKT t=31581 TX ua=95 mt=P len=0
PKT t=31591 RX ua=95 mt=R len=7
PKT t=31596 TX ua=95 mt=P len=0
PKT t=31606 RX ua=95 mt=R len=7
PKT t=31611 TX ua=95 mt=P len=0
PKT t=31621 RX ua=95 mt=R len=7
PKT t=31626 TX ua=95 mt=P len=0
PKT t=31636 RX ua=95 mt=R len=7
PKT t=31641 TX ua=95 mt=T len=7
PKT t=31681 TX ua=95 mt=P len=0
PKT t=31690 RX ua=95 mt=R len=7
PKT t=31695 TX ua=95 mt=P len=0
PKT t=31704 RX ua=95 mt=R len=7
PKT t=31709 TX ua=95 mt=P len=0
PKT t=31718 RX ua=95 mt=R len=7
PKT t=31723 TX ua=95 mt=P len=0
PKT t=31732 RX ua=95 mt=R len=7
PKT t=31737 TX ua=95 mt=P len=0
PKT t=31746 RX ua=95 mt=R len=7
PKT t=31776 TX ua=95 mt=P len=0
PKT t=31789 RX ua=95 mt=R len=7
PKT t=31794 TX ua=95 mt=P len=0
PKT t=31803 RX ua=95 mt=R len=7
PKT t=31808 TX ua=95 mt=P len=0
PKT t=31817 RX ua=95 mt=R len=7
PKT t=31822 TX ua=95 mt=P len=0
PKT t=31831 RX ua=95 mt=R len=7
PKT t=31836 TX ua=95 mt=P len=0
PKT t=31845 RX ua=95 mt=R len=7
PKT t=31876 TX ua=95 mt=P len=0
PKT t=31890 RX ua=95 mt=R len=7
PKT t=31895 TX ua=95 mt=T len=7
PKT t=31907 TX ua=95 mt=P len=0
PKT t=31916 RX ua=95 mt=R len=7
PKT t=31921 TX ua=95 mt=P len=0
PKT t=31930 RX ua=95 mt=R len=7
PKT t=31935 TX ua=95 mt=P len=0
PKT t=31944 RX ua=95 mt=R len=7
PKT t=31976 TX ua=95 mt=P len=0
PKT t=31989 RX ua=95 mt=R len=7
PKT t=31994 TX ua=95 mt=P len=0
PKT t=32003 RX ua=95 mt=R len=7
PKT t=32008 TX ua=95 mt=P len=0
PKT t=32020 RX ua=95 mt=R len=7
PKT t=32025 TX ua=95 mt=P len=0
PKT t=32034 RX ua=95 mt=R len=7
PKT t=32039 TX ua=95 mt=P len=0
PKT t=32076 RX ua=95 mt=R len=7
PKT t=32081 TX ua=95 mt=P len=0
PKT t=32090 RX ua=95 mt=R len=7
PKT t=32095 TX ua=95 mt=P len=0
PKT t=32104 RX ua=95 mt=R len=7
PKT t=32109 TX ua=95 mt=P len=0
PKT t=32118 RX ua=95 mt=R len=7
PKT t=32123 TX ua=95 mt=T len=7
PKT t=32135 TX ua=95 mt=P len=0
PKT t=32144 RX ua=95 mt=R len=7
PKT t=32176 TX ua=95 mt=P len=0
PKT t=32189 RX ua=95 mt=R len=7
PKT t=32194 TX ua=95 mt=P len=0
PKT t=32203 RX ua=95 mt=R len=7
PKT t=32208 TX ua=95 mt=P len=0
PKT t=32217 RX ua=95 mt=R len=7
PKT t=32222 TX ua=95 mt=P len=0
PKT t=32231 RX ua=95 mt=R len=7
PKT t=32236 TX ua=95 mt=P len=0
PKT t=32245 RX ua=95 mt=R len=7
PKT t=32276 TX ua=95 mt=P len=0
PKT t=32289 RX ua=95 mt=R len=7
PKT t=32294 TX ua=95 mt=P len=0
PKT t=32303 RX ua=95 mt=R len=7
PKT t=32308 TX ua=95 mt=P len=0
PKT t=32317 RX ua=95 mt=R len=7
PKT t=32322 TX ua=95 mt=P len=0
PKT t=32331 RX ua=95 mt=R len=7
PKT t=32336 TX ua=95 mt=P len=0
PKT t=32345 RX ua=95 mt=R len=7
PKT t=32376 TX ua=95 mt=P len=0
PKT t=32389 RX ua=95 mt=R len=7
PKT t=32394 TX ua=95 mt=T len=7
PKT t=32406 TX ua=95 mt=P len=0
PKT t=32415 RX ua=95 mt=R len=7
PKT t=32420 TX ua=95 mt=P len=0
PKT t=32429 RX ua=95 mt=R len=7
PKT t=32434 TX ua=95 mt=P len=0
PKT t=32443 RX ua=95 mt=R len=7
PKT t=32476 TX ua=95 mt=P len=0
PKT t=32489 RX ua=95 mt=R len=7
PKT t=32494 TX ua=95 mt=P len=0
PKT t=32503 RX ua=95 mt=R len=7
PKT t=32508 TX ua=95 mt=P len=0
PKT t=32517 RX ua=95 mt=R len=7
PKT t=32522 TX ua=95 mt=P len=0
PKT t=32531 RX ua=95 mt=R len=7
PKT t=32536 TX ua=95 mt=P len=0
PKT t=32545 RX ua=95 mt=R len=7
PKT t=32576 TX ua=95 mt=P len=0
PKT t=32589 RX ua=95 mt=R len=7
PKT t=32594 TX ua=95 mt=P len=0
PKT t=32603 RX ua=95 mt=R len=7
PKT t=32608 TX ua=95 mt=P len=0
PKT t=32617 RX ua=95 mt=R len=7
PKT t=32622 TX ua=95 mt=P len=0
PKT t=32631 RX ua=95 mt=R len=7
PKT t=32636 TX ua=95 mt=T len=7
PKT t=32676 TX ua=95 mt=P len=0
PKT t=32690 RX ua=95 mt=R len=7
PKT t=32695 TX ua=95 mt=P len=0
PKT t=32704 RX ua=95 mt=R len=7
PKT t=32709 TX ua=95 mt=P len=0
PKT t=32718 RX ua=95 mt=R len=7
PKT t=32723 TX ua=95 mt=P len=0
PKT t=32732 RX ua=95 mt=R len=7
PKT t=32737 TX ua=95 mt=P len=0
PKT t=32746 RX ua=95 mt=R len=7
PKT t=32776 TX ua=95 mt=P len=0
PKT t=32789 RX ua=95 mt=R len=7
PKT t=32794 TX ua=95 mt=P len=0
PKT t=32803 RX ua=95 mt=R len=7
PKT t=32808 TX ua=95 mt=P len=0
PKT t=32817 RX ua=95 mt=R len=7
PKT t=32822 TX ua=95 mt=P len=0
PKT t=32831 RX ua=95 mt=R len=7
PKT t=32836 TX ua=95 mt=P len=0
PKT t=32845 RX ua=95 mt=R len=7
PKT t=32876 TX ua=95 mt=P len=0
PKT t=32889 RX ua=95 mt=R len=7
PKT t=32894 TX ua=95 mt=T len=7
PKT t=32906 TX ua=95 mt=P len=0
PKT t=32915 RX ua=95 mt=R len=7
PKT t=32920 TX ua=95 mt=P len=0
PKT t=32929 RX ua=95 mt=R len=7
PKT t=32934 TX ua=95 mt=P len=0
PKT t=32943 RX ua=95 mt=R len=7
PKT t=32976 TX ua=95 mt=P len=0
PKT t=32989 RX ua=95 mt=R len=7
PKT t=32994 TX ua=95 mt=P len=0
PKT t=33003 RX ua=95 mt=R len=7
PKT t=33008 TX ua=95 mt=P len=0
PKT t=33017 RX ua=95 mt=R len=7
PKT t=33022 TX ua=95 mt=P len=0
PKT t=33031 RX ua=95 mt=R len=7
PKT t=33036 TX ua=95 mt=P len=0
PKT t=33045 RX ua=95 mt=R len=7
PKT t=33076 TX ua=95 mt=P len=0
PKT t=33089 RX ua=95 mt=R len=7
PKT t=33094 TX ua=95 mt=P len=0
PKT t=33103 RX ua=95 mt=R len=7
PKT t=33108 TX ua=95 mt=P len=0
PKT t=33117 RX ua=95 mt=R len=7
PKT t=33122 TX ua=95 mt=T len=7
PKT t=33134 TX ua=95 mt=P len=0
PKT t=33143 RX ua=95 mt=R len=7
PKT t=33176 TX ua=95 mt=P len=0
PKT t=33189 RX ua=95 mt=R len=7
PKT t=33194 TX ua=95 mt=P len=0
PKT t=33203 RX ua=95 mt=R len=7
PKT t=33208 TX ua=95 mt=P len=0
PKT t=33217 RX ua=95 mt=R len=7
PKT t=33222 TX ua=95 mt=P len=0
PKT t=33231 RX ua=95 mt=R len=7
PKT t=33236 TX ua=95 mt=P len=0
PKT t=33245 RX ua=95 mt=R len=7
PKT t=33276 TX ua=95 mt=P len=0
PKT t=33289 RX ua=95 mt=R len=7
PKT t=33294 TX ua=95 mt=P len=0
PKT t=33303 RX ua=95 mt=R len=7
PKT t=33308 TX ua=95 mt=P len=0
PKT t=33317 RX ua=95 mt=R len=7
PKT t=33322 TX ua=95 mt=P len=0
PKT t=33331 RX ua=95 mt=R len=7
PKT t=33336 TX ua=95 mt=P len=0
PKT t=33345 RX ua=95 mt=R len=7
PKT t=33376 TX ua=95 mt=P len=0
PKT t=33389 RX ua=95 mt=R len=7
PKT t=33394 TX ua=95 mt=T len=7
PKT t=33406 TX ua=95 mt=P len=0
PKT t=33416 RX ua=95 mt=R len=7
PKT t=33421 TX ua=95 mt=P len=0
PKT t=33431 RX ua=95 mt=R len=7
PKT t=33436 TX ua=95 mt=P len=0
PKT t=33446 RX ua=95 mt=R len=7
PKT t=33476 TX ua=95 mt=P len=0
PKT t=33490 RX ua=95 mt=R len=7
PKT t=33495 TX ua=95 mt=P len=0
PKT t=33505 RX ua=95 mt=R len=7
PKT t=33510 TX ua=95 mt=P len=0
PKT t=33520 RX ua=95 mt=R len=7
PKT t=33525 TX ua=95 mt=P len=0
PKT t=33535 RX ua=95 mt=R len=7
PKT t=33540 TX ua=95 mt=P len=0
PKT t=33576 RX ua=95 mt=R len=7
PKT t=33581 TX ua=95 mt=P len=0
PKT t=33591 RX ua=95 mt=R len=7
PKT t=33596 TX ua=95 mt=P len=0
PKT t=33606 RX ua=95 mt=R len=7
PKT t=33611 TX ua=95 mt=P len=0
PKT t=33621 RX ua=95 mt=R len=7
PKT t=33626 TX ua=95 mt=P len=0
PKT t=33636 RX ua=95 mt=R len=7
PKT t=33641 TX ua=95 mt=T len=7
PKT t=33681 TX ua=95 mt=P len=0
PKT t=33690 RX ua=95 mt=R len=7
PKT t=33695 TX ua=95 mt=P len=0
PKT t=33704 RX ua=95 mt=R len=7
PKT t=33709 TX ua=95 mt=P len=0
PKT t=33719 RX ua=95 mt=R len=7
PKT t=33724 TX ua=95 mt=P len=0
PKT t=33733 RX ua=95 mt=R len=7
PKT t=33738 TX ua=95 mt=P len=0
PKT t=33776 RX ua=95 mt=R len=7
PKT t=33781 TX ua=95 mt=P len=0
PKT t=33790 RX ua=95 mt=R len=7
PKT t=33795 TX ua=95 mt=P len=0
PKT t=33804 RX ua=95 mt=R len=7
PKT t=33809 TX ua=95 mt=P len=0
PKT t=33818 RX ua=95 mt=R len=7
PKT t=33823 TX ua=95 mt=P len=0
PKT t=33832 RX ua=95 mt=R len=7
PKT t=33837 TX ua=95 mt=P len=0
PKT t=33846 RX ua=95 mt=R len=7
PKT t=33876 TX ua=95 mt=P len=0
PKT t=33889 RX ua=95 mt=R len=7
PKT t=33894 TX ua=95 mt=T len=7
PKT t=33906 TX ua=95 mt=P len=0
PKT t=33916 RX ua=95 mt=R len=7
PKT t=33920 TX ua=95 mt=P len=0
PKT t=33929 RX ua=95 mt=R len=7
PKT t=33934 TX ua=95 mt=P len=0
PKT t=33943 RX ua=95 mt=R len=7
PKT t=33976 TX ua=95 mt=P len=0
PKT t=33989 RX ua=95 mt=R len=7
PKT t=33994 TX ua=95 mt=P len=0
PKT t=34003 RX ua=95 mt=R len=7
PKT t=34008 TX ua=95 mt=P len=0
PKT t=34021 RX ua=95 mt=R len=7
PKT t=34026 TX ua=95 mt=P len=0
PKT t=34035 RX ua=95 mt=R len=7
PKT t=34040 TX ua=95 mt=P len=0
PKT t=34076 RX ua=95 mt=R len=7
PKT t=34081 TX ua=95 mt=P len=0
PKT t=34090 RX ua=95 mt=R len=7
PKT t=34095 TX ua=95 mt=P len=0
PKT t=34104 RX ua=95 mt=R len=7
PKT t=34109 TX ua=95 mt=P len=0
PKT t=34118 RX ua=95 mt=R len=7
PKT t=34123 TX ua=95 mt=T len=7
PKT t=34136 TX ua=95 mt=P len=0
PKT t=34145 RX ua=95 mt=R len=7
PKT t=34176 TX ua=95 mt=T len=7
PKT t=34189 TX ua=95 mt=P len=0
PKT t=34198 RX ua=95 mt=R len=7
PKT t=34203 TX ua=95 mt=P len=0
PKT t=34212 RX ua=95 mt=R len=7
PKT t=34217 TX ua=95 mt=P len=0
PKT t=34226 RX ua=95 mt=R len=7
PKT t=34231 TX ua=95 mt=P len=0
PKT t=34240 RX ua=95 mt=R len=7
PKT t=34245 TX ua=95 mt=P len=0
PKT t=34276 RX ua=95 mt=R len=7
PKT t=34531 TX ua=96 mt=P len=0
PKT t=34789 TX ua=95 mt=P len=0
PKT t=34798 RX ua=95 mt=R len=7
PKT t=34803 TX ua=95 mt=T len=7
PKT t=34816 TX ua=95 mt=P len=0
PKT t=34825 RX ua=95 mt=R len=7
PKT t=34830 TX ua=95 mt=P len=0
PKT t=34839 RX ua=95 mt=R len=7
PKT t=34844 TX ua=95 mt=P len=0
PKT t=34876 RX ua=95 mt=R len=7
PKT t=34881 TX ua=95 mt=T len=7
PKT t=34894 TX ua=95 mt=P len=0
PKT t=34903 RX ua=95 mt=R len=7
PKT t=34908 TX ua=95 mt=P len=0
PKT t=34917 RX ua=95 mt=R len=7
PKT t=34922 TX ua=95 mt=P len=0
PKT t=34932 RX ua=95 mt=R len=7
PKT t=34937 TX ua=95 mt=P len=0
PKT t=34946 RX ua=95 mt=R len=7
PKT t=34976 TX ua=95 mt=P len=0
PKT t=34989 RX ua=95 mt=R len=7
PKT t=34994 TX ua=95 mt=P len=0
PKT t=35003 RX ua=95 mt=R len=7
PKT t=35008 TX ua=95 mt=P len=0
PKT t=35017 RX ua=95 mt=R len=7
PKT t=35022 TX ua=95 mt=P len=0
PKT t=35031 RX ua=95 mt=R len=7
PKT t=35036 TX ua=95 mt=P len=0
PKT t=35045 RX ua=95 mt=R len=7
PKT t=35076 TX ua=95 mt=P len=0
PKT t=35089 RX ua=95 mt=R len=7
PKT t=35094 TX ua=95 mt=P len=0
PKT t=35103 RX ua=95 mt=R len=7
PKT t=35108 TX ua=95 mt=P len=0
PKT t=35117 RX ua=95 mt=R len=7
PKT t=35122 TX ua=95 mt=T len=7
PKT t=35134 TX ua=95 mt=P len=0
PKT t=35143 RX ua=95 mt=R len=7
PKT t=35176 TX ua=95 mt=P len=0
PKT t=35189 RX ua=95 mt=R len=7
PKT t=35194 TX ua=95 mt=P len=0
PKT t=35203 RX ua=95 mt=R len=7
PKT t=35208 TX ua=95 mt=P len=0
PKT t=35217 RX ua=95 mt=R len=7
PKT t=35222 TX ua=95 mt=P len=0
PKT t=35231 RX ua=95 mt=R len=7
PKT t=35236 TX ua=95 mt=P len=0
PKT t=35245 RX ua=95 mt=R len=7
PKT t=35276 TX ua=95 mt=P len=0
PKT t=35289 RX ua=95 mt=R len=7
PKT t=35294 TX ua=95 mt=P len=0
PKT t=35303 RX ua=95 mt=R len=7
PKT t=35308 TX ua=95 mt=P len=0
PKT t=35317 RX ua=95 mt=R len=7
PKT t=35322 TX ua=95 mt=P len=0
PKT t=35331 RX ua=95 mt=R len=7
PKT t=35336 TX ua=95 mt=P len=0
PKT t=35345 RX ua=95 mt=R len=7
PKT t=35376 TX ua=95 mt=P len=0
PKT t=35389 RX ua=95 mt=R len=7
PKT t=35394 TX ua=95 mt=T len=7
PKT t=35406 TX ua=95 mt=P len=0
PKT t=35416 RX ua=95 mt=R len=7
PKT t=35421 TX ua=95 mt=P len=0
PKT t=35431 RX ua=95 mt=R len=7
PKT t=35436 TX ua=95 mt=P len=0
PKT t=35446 RX ua=95 mt=R len=7
PKT t=35476 TX ua=95 mt=P len=0
PKT t=35490 RX ua=95 mt=R len=7
PKT t=35495 TX ua=95 mt=P len=0
PKT t=35505 RX ua=95 mt=R len=7
PKT t=35510 TX ua=95 mt=P len=0
PKT t=35520 RX ua=95 mt=R len=7
PKT t=35525 TX ua=95 mt=P len=0
PKT t=35535 RX ua=95 mt=R len=7
PKT t=35540 TX ua=95 mt=P len=0
PKT t=35576 RX ua=95 mt=R len=7
PKT t=35581 TX ua=95 mt=P len=0
PKT t=35591 RX ua=95 mt=R len=7
PKT t=35596 TX ua=95 mt=P len=0
PKT t=35606 RX ua=95 mt=R len=7
PKT t=35611 TX ua=95 mt=P len=0
PKT t=35621 RX ua=95 mt=R len=7
PKT t=35626 TX ua=95 mt=P len=0
PKT t=35636 RX ua=95 mt=R len=7
PKT t=35641 TX ua=95 mt=T len=7
PKT t=35681 TX ua=95 mt=P len=0
PKT t=35690 RX ua=95 mt=R len=7
PKT t=35695 TX ua=95 mt=P len=0
PKT t=35704 RX ua=95 mt=R len=7
PKT t=35709 TX ua=95 mt=P len=0
PKT t=35718 RX ua=95 mt=R len=7
PKT t=35723 TX ua=95 mt=P len=0
PKT t=35732 RX ua=95 mt=R len=7
PKT t=35737 TX ua=95 mt=P len=0
PKT t=35746 RX ua=95 mt=R len=7
PKT t=35776 TX ua=95 mt=P len=0
PKT t=35789 RX ua=95 mt=R len=7
PKT t=35794 TX ua=95 mt=P len=0
PKT t=35803 RX ua=95 mt=R len=7
PKT t=35808 TX ua=95 mt=P len=0
PKT t=35817 RX ua=95 mt=R len=7
PKT t=35822 TX ua=95 mt=P len=0
PKT t=35831 RX ua=95 mt=R len=7
PKT t=35836 TX ua=95 mt=P len=0
PKT t=35845 RX ua=95 mt=R len=7
PKT t=35876 TX ua=95 mt=P len=0
PKT t=35889 RX ua=95 mt=R len=7
PKT t=35894 TX ua=95 mt=T len=7
PKT t=35906 TX ua=95 mt=P len=0
PKT t=35915 RX ua=95 mt=R len=7
PKT t=35920 TX ua=95 mt=P len=0
PKT t=35929 RX ua=95 mt=R len=7
PKT t=35934 TX ua=95 mt=P len=0
PKT t=35943 RX ua=95 mt=R len=7
PKT t=35976 TX ua=95 mt=P len=0
PKT t=35990 RX ua=95 mt=R len=7
PKT t=35994 TX ua=95 mt=P len=0
PKT t=36003 RX ua=95 mt=R len=7
PKT t=36008 TX ua=95 mt=P len=0
PKT t=36017 RX ua=95 mt=R len=7
PKT t=36022 TX ua=95 mt=P len=0
PKT t=36031 RX ua=95 mt=R len=7
PKT t=36036 TX ua=95 mt=P len=0
PKT t=36045 RX ua=95 mt=R len=7
PKT t=36076 TX ua=95 mt=P len=0
PKT t=36091 RX ua=95 mt=R len=7
PKT t=36096 TX ua=95 mt=P len=0
PKT t=36105 RX ua=95 mt=R len=7
PKT t=36110 TX ua=95 mt=P len=0
PKT t=36119 RX ua=95 mt=R len=7
PKT t=36124 TX ua=95 mt=T len=7
PKT t=36136 TX ua=95 mt=P len=0
PKT t=36145 RX ua=95 mt=R len=7
PKT t=36176 TX ua=95 mt=P len=0
PKT t=36190 RX ua=95 mt=R len=7
PKT t=36195 TX ua=95 mt=P len=0
PKT t=36204 RX ua=95 mt=R len=7
PKT t=36209 TX ua=95 mt=P len=0
PKT t=36218 RX ua=95 mt=R len=7
PKT t=36223 TX ua=95 mt=P len=0
PKT t=36232 RX ua=95 mt=R len=7
PKT t=36237 TX ua=95 mt=P len=0
PKT t=36246 RX ua=95 mt=R len=7
PKT t=36276 TX ua=95 mt=P len=0
PKT t=36289 RX ua=95 mt=R len=7
PKT t=36294 TX ua=95 mt=P len=0
PKT t=36303 RX ua=95 mt=R len=7
PKT t=36308 TX ua=95 mt=P len=0
PKT t=36317 RX ua=95 mt=R len=7
PKT t=36322 TX ua=95 mt=P len=0
PKT t=36331 RX ua=95 mt=R len=7
PKT t=36336 TX ua=95 mt=P len=0
PKT t=36345 RX ua=95 mt=R len=7
PKT t=36376 TX ua=95 mt=P len=0
PKT t=36389 RX ua=95 mt=R len=7
PKT t=36394 TX ua=95 mt=T len=7
PKT t=36406 TX ua=95 mt=P len=0
PKT t=36415 RX ua=95 mt=R len=7
PKT t=36420 TX ua=95 mt=P len=0
PKT t=36429 RX ua=95 mt=R len=7
PKT t=36434 TX ua=95 mt=P len=0
PKT t=36443 RX ua=95 mt=R len=7
PKT t=36476 TX ua=95 mt=P len=0
PKT t=36489 RX ua=95 mt=R len=7
PKT t=36494 TX ua=95 mt=P len=0
PKT t=36503 RX ua=95 mt=R len=7
PKT t=36508 TX ua=95 mt=P len=0
PKT t=36517 RX ua=95 mt=R len=7
PKT t=36522 TX ua=95 mt=P len=0
PKT t=36531 RX ua=95 mt=R len=7
PKT t=36536 TX ua=95 mt=P len=0
PKT t=36545 RX ua=95 mt=R len=7
PKT t=36576 TX ua=95 mt=P len=0
PKT t=36589 RX ua=95 mt=R len=7
PKT t=36594 TX ua=95 mt=P len=0
PKT t=36603 RX ua=95 mt=R len=7
PKT t=36608 TX ua=95 mt=P len=0
PKT t=36617 RX ua=95 mt=R len=7
PKT t=36622 TX ua=95 mt=P len=0
PKT t=36631 RX ua=95 mt=R len=7
PKT t=36636 TX ua=95 mt=T len=7
PKT t=36676 TX ua=95 mt=P len=0
PKT t=36689 RX ua=95 mt=R len=7
PKT t=36694 TX ua=95 mt=P len=0
PKT t=36703 RX ua=95 mt=R len=7
PKT t=36708 TX ua=95 mt=P len=0
PKT t=36717 RX ua=95 mt=R len=7
PKT t=36722 TX ua=95 mt=P len=0
PKT t=36731 RX ua=95 mt=R len=7
PKT t=36736 TX ua=95 mt=P len=0
PKT t=36745 RX ua=95 mt=R len=7
PKT t=36776 TX ua=95 mt=P len=0
PKT t=36789 RX ua=95 mt=R len=7
PKT t=36794 TX ua=95 mt=P len=0
PKT t=36803 RX ua=95 mt=R len=7
PKT t=36808 TX ua=95 mt=P len=0
PKT t=36817 RX ua=95 mt=R len=7
PKT t=36822 TX ua=95 mt=P len=0
PKT t=36831 RX ua=95 mt=R len=7
PKT t=36836 TX ua=95 mt=P len=0
PKT t=36845 RX ua=95 mt=R len=7
PKT t=36876 TX ua=95 mt=P len=0
PKT t=36889 RX ua=95 mt=R len=7
PKT t=36894 TX ua=95 mt=T len=7
PKT t=36906 TX ua=95 mt=P len=0
PKT t=36915 RX ua=95 mt=R len=7
PKT t=36920 TX ua=95 mt=P len=0
PKT t=36929 RX ua=95 mt=R len=7
PKT t=36934 TX ua=95 mt=P len=0
PKT t=36943 RX ua=95 mt=R len=7
PKT t=36976 TX ua=95 mt=P len=0
PKT t=36989 RX ua=95 mt=R len=7
PKT t=36994 TX ua=95 mt=P len=0
PKT t=37003 RX ua=95 mt=R len=7
PKT t=37008 TX ua=95 mt=P len=0
PKT t=37017 RX ua=95 mt=R len=7
PKT t=37022 TX ua=95 mt=P len=0
PKT t=37031 RX ua=95 mt=R len=7
PKT t=37036 TX ua=95 mt=P len=0
PKT t=37045 RX ua=95 mt=R len=7
PKT t=37076 TX ua=95 mt=P len=0
PKT t=37090 RX ua=95 mt=R len=7
PKT t=37095 TX ua=95 mt=P len=0
PKT t=37104 RX ua=95 mt=R len=7
PKT t=37109 TX ua=95 mt=P len=0
PKT t=37118 RX ua=95 mt=R len=7
PKT t=37123 TX ua=95 mt=T len=7
PKT t=37136 TX ua=95 mt=P len=0
PKT t=37145 RX ua=95 mt=R len=7
PKT t=37176 TX ua=95 mt=P len=0
PKT t=37189 RX ua=95 mt=R len=7
PKT t=37194 TX ua=95 mt=P len=0
PKT t=37203 RX ua=95 mt=R len=7
PKT t=37208 TX ua=95 mt=P len=0
PKT t=37217 RX ua=95 mt=R len=7
PKT t=37222 TX ua=95 mt=P len=0
PKT t=37231 RX ua=95 mt=R len=7
