PKT t=7117 TX ua=95 mt=P len=0
PKT t=7126 RX ua=95 mt=R len=7
PKT t=7131 TX ua=95 mt=P len=0
PKT t=7140 RX ua=95 mt=R len=7
PKT t=7145 TX ua=95 mt=P len=0
PKT t=7181 RX ua=95 mt=R len=7
PKT t=7186 TX ua=95 mt=T len=7
PKT t=7198 TX ua=95 mt=P len=0
PKT t=7207 RX ua=95 mt=R len=7
PKT t=7212 TX ua=95 mt=T len=7
PKT t=7224 TX ua=95 mt=P len=0
PKT t=7233 RX ua=95 mt=R len=7
PKT t=7238 TX ua=95 mt=P len=0
PKT t=7247 RX ua=95 mt=R len=7
PKT t=7252 TX ua=95 mt=P len=0
PKT t=7261 RX ua=95 mt=R len=7
PKT t=7266 TX ua=95 mt=P len=0
PKT t=7296 RX ua=95 mt=R len=7
PKT t=7326 TX ua=95 mt=P len=0
PKT t=7335 RX ua=95 mt=R len=7
PKT t=7340 TX ua=95 mt=P len=0
PKT t=7349 RX ua=95 mt=R len=7
PKT t=7354 TX ua=95 mt=P len=0
PKT t=7363 RX ua=95 mt=R len=7
PKT t=7368 TX ua=95 mt=P len=0
PKT t=7397 RX ua=95 mt=R len=7
PKT t=7402 TX ua=95 mt=P len=0
PKT t=7411 RX ua=95 mt=R len=7
PKT t=7416 TX ua=95 mt=P len=0
PKT t=7425 RX ua=95 mt=R len=7
PKT t=7430 TX ua=95 mt=P len=0
PKT t=7439 RX ua=95 mt=R len=7
PKT t=7471 TX ua=95 mt=P len=0
PKT t=7496 RX ua=95 mt=R len=7
PKT t=7501 TX ua=95 mt=T len=7
PKT t=7513 TX ua=95 mt=P len=0
PKT t=7523 RX ua=95 mt=R len=7
PKT t=7528 TX ua=95 mt=P len=0
PKT t=7538 RX ua=95 mt=R len=7
PKT t=7543 TX ua=95 mt=P len=0
PKT t=7553 RX ua=95 mt=R len=7
PKT t=7558 TX ua=95 mt=P len=0
PKT t=7568 RX ua=95 mt=R len=7
PKT t=7573 TX ua=95 mt=P len=0
PKT t=7616 RX ua=95 mt=R len=7
PKT t=7621 TX ua=95 mt=P len=0
PKT t=7631 RX ua=95 mt=R len=7
PKT t=7636 TX ua=95 mt=P len=0
PKT t=7646 RX ua=95 mt=R len=7
PKT t=7651 TX ua=95 mt=P len=0
PKT t=7661 RX ua=95 mt=R len=7
PKT t=7666 TX ua=95 mt=P len=0
PKT t=7676 RX ua=95 mt=R len=7
PKT t=7681 TX ua=95 mt=P len=0
PKT t=7710 RX ua=95 mt=R len=7
PKT t=7715 TX ua=95 mt=P len=0
PKT t=7725 RX ua=95 mt=R len=7
PKT t=7730 TX ua=95 mt=T len=7
PKT t=7768 TX ua=95 mt=P len=0
PKT t=7777 RX ua=95 mt=R len=7
PKT t=7782 TX ua=95 mt=P len=0
PKT t=7811 RX ua=95 mt=R len=7
PKT t=7816 TX ua=95 mt=P len=0
PKT t=7825 RX ua=95 mt=R len=7
PKT t=7830 TX ua=95 mt=P len=0
PKT t=7839 RX ua=95 mt=R len=7
PKT t=7844 TX ua=95 mt=P len=0
PKT t=7853 RX ua=95 mt=R len=7
PKT t=7858 TX ua=95 mt=P len=0
PKT t=7867 RX ua=95 mt=R len=7
PKT t=7872 TX ua=95 mt=P len=0
PKT t=7906 RX ua=95 mt=R len=7
PKT t=7911 TX ua=95 mt=P len=0
PKT t=7920 RX ua=95 mt=R len=7
PKT t=7925 TX ua=95 mt=P len=0
PKT t=7934 RX ua=95 mt=R len=7
PKT t=7939 TX ua=95 mt=P len=0
PKT t=7948 RX ua=95 mt=R len=7
PKT t=7953 TX ua=95 mt=P len=0
PKT t=7962 RX ua=95 mt=R len=7
PKT t=7967 TX ua=95 mt=P len=0
PKT t=7976 RX ua=95 mt=R len=7
PKT t=7981 TX ua=95 mt=T len=7
PKT t=7993 TX ua=95 mt=P len=0
PKT t=8016 RX ua=95 mt=R len=7
PKT t=8021 TX ua=95 mt=P len=0
PKT t=8056 RX ua=95 mt=R len=7
PKT t=8061 TX ua=95 mt=P len=0
PKT t=8070 RX ua=95 mt=R len=7
PKT t=8075 TX ua=95 mt=P len=0
PKT t=8085 RX ua=95 mt=R len=7
PKT t=8090 TX ua=95 mt=P len=0
PKT t=8119 RX ua=95 mt=R len=7
PKT t=8124 TX ua=95 mt=P len=0
PKT t=8133 RX ua=95 mt=R len=7
PKT t=8138 TX ua=95 mt=P len=0
PKT t=8147 RX ua=95 mt=R len=7
PKT t=8152 TX ua=95 mt=P len=0
PKT t=8161 RX ua=95 mt=R len=7
PKT t=8166 TX ua=95 mt=P len=0
PKT t=8200 RX ua=95 mt=R len=7
PKT t=8205 TX ua=95 mt=T len=7
PKT t=8217 TX ua=95 mt=P len=0
PKT t=8226 RX ua=95 mt=R len=7
PKT t=8231 TX ua=95 mt=T len=7
PKT t=8243 TX ua=95 mt=P len=0
PKT t=8252 RX ua=95 mt=R len=7
PKT t=8257 TX ua=95 mt=P len=0
PKT t=8266 RX ua=95 mt=R len=7
PKT t=8271 TX ua=95 mt=P len=0
PKT t=8280 RX ua=95 mt=R len=7
PKT t=8285 TX ua=95 mt=P len=0
PKT t=8345 RX ua=95 mt=R len=7
PKT t=8350 TX ua=95 mt=P len=0
PKT t=8359 RX ua=95 mt=R len=7
PKT t=8364 TX ua=95 mt=P len=0
PKT t=8373 RX ua=95 mt=R len=7
PKT t=8378 TX ua=95 mt=P len=0
PKT t=8387 RX ua=95 mt=R len=7
PKT t=8392 TX ua=95 mt=P len=0
PKT t=8422 RX ua=95 mt=R len=7
PKT t=8427 TX ua=95 mt=P len=0
PKT t=8436 RX ua=95 mt=R len=7
PKT t=8441 TX ua=95 mt=P len=0
PKT t=8450 RX ua=95 mt=R len=7
PKT t=8455 TX ua=95 mt=P len=0
PKT t=8490 RX ua=95 mt=R len=7
PKT t=8495 TX ua=95 mt=T len=7
PKT t=8507 TX ua=95 mt=P len=0
PKT t=8523 RX ua=95 mt=R len=7
PKT t=8528 TX ua=95 mt=P len=0
PKT t=8537 RX ua=95 mt=R len=7
PKT t=8542 TX ua=95 mt=P len=0
PKT t=8551 RX ua=95 mt=R len=7
PKT t=8556 TX ua=95 mt=P len=0
PKT t=8565 RX ua=95 mt=R len=7
PKT t=8570 TX ua=95 mt=P len=0
PKT t=8579 RX ua=95 mt=R len=7
PKT t=8584 TX ua=95 mt=P len=0
PKT t=8594 RX ua=95 mt=R len=7
PKT t=8598 TX ua=95 mt=P len=0
PKT t=8635 RX ua=95 mt=R len=7
PKT t=8640 TX ua=95 mt=P len=0
PKT t=8649 RX ua=95 mt=R len=7
PKT t=8654 TX ua=95 mt=P len=0
PKT t=8663 RX ua=95 mt=R len=7
PKT t=8668 TX ua=95 mt=P len=0
PKT t=8677 RX ua=95 mt=R len=7
PKT t=8682 TX ua=95 mt=P len=0
PKT t=8691 RX ua=95 mt=R len=7
PKT t=8696 TX ua=95 mt=P len=0
PKT t=8727 RX ua=95 mt=R len=7
PKT t=8732 TX ua=95 mt=P len=0
PKT t=8742 RX ua=95 mt=R len=7
PKT t=8747 TX ua=95 mt=T len=7
PKT t=8787 TX ua=95 mt=P len=0
PKT t=8796 RX ua=95 mt=R len=7
PKT t=8801 TX ua=95 mt=P len=0
PKT t=8830 RX ua=95 mt=R len=7
PKT t=8835 TX ua=95 mt=P len=0
PKT t=8844 RX ua=95 mt=R len=7
PKT t=8849 TX ua=95 mt=P len=0
PKT t=8858 RX ua=95 mt=R len=7
PKT t=8863 TX ua=95 mt=P len=0
PKT t=8872 RX ua=95 mt=R len=7
PKT t=8877 TX ua=95 mt=P len=0
PKT t=8886 RX ua=95 mt=R len=7
PKT t=8891 TX ua=95 mt=P len=0
PKT t=8925 RX ua=95 mt=R len=7
PKT t=8930 TX ua=95 mt=P len=0
PKT t=8939 RX ua=95 mt=R len=7
PKT t=8944 TX ua=95 mt=P len=0
PKT t=8953 RX ua=95 mt=R len=7
PKT t=8958 TX ua=95 mt=P len=0
PKT t=8967 RX ua=95 mt=R len=7
PKT t=8972 TX ua=95 mt=P len=0
PKT t=8981 RX ua=95 mt=R len=7
PKT t=8986 TX ua=95 mt=P len=0
PKT t=8995 RX ua=95 mt=R len=7
PKT t=9000 TX ua=95 mt=T len=7
PKT t=9012 TX ua=95 mt=P len=0
PKT t=9036 RX ua=95 mt=R len=7
PKT t=9041 TX ua=95 mt=P len=0
PKT t=9071 RX ua=95 mt=R len=7
PKT t=9326 TX ua=96 mt=P len=0
PKT t=9584 TX ua=95 mt=P len=0
PKT t=9594 RX ua=95 mt=R len=7
PKT t=9598 TX ua=95 mt=T len=7
PKT t=9610 TX ua=95 mt=P len=0
PKT t=9650 RX ua=95 mt=R len=7
PKT t=9655 TX ua=95 mt=P len=0
PKT t=9665 RX ua=95 mt=R len=7
PKT t=9670 TX ua=95 mt=P len=0
PKT t=9680 RX ua=95 mt=R len=7
PKT t=9685 TX ua=95 mt=P len=0
PKT t=9695 RX ua=95 mt=R len=7
PKT t=9700 TX ua=95 mt=P len=0
PKT t=9710 RX ua=95 mt=R len=7
PKT t=9715 TX ua=95 mt=P len=0
PKT t=9744 RX ua=95 mt=R len=7
PKT t=9749 TX ua=95 mt=P len=0
PKT t=9759 RX ua=95 mt=R len=7
PKT t=9764 TX ua=95 mt=T len=7
PKT t=9802 TX ua=95 mt=P len=0
PKT t=9811 RX ua=95 mt=R len=7
PKT t=9816 TX ua=95 mt=P len=0
PKT t=9845 RX ua=95 mt=R len=7
PKT t=9850 TX ua=95 mt=P len=0
PKT t=9859 RX ua=95 mt=R len=7
PKT t=9864 TX ua=95 mt=P len=0
PKT t=9874 RX ua=95 mt=R len=7
PKT t=9879 TX ua=95 mt=P len=0
PKT t=9888 RX ua=95 mt=R len=7
PKT t=9893 TX ua=95 mt=P len=0
PKT t=9902 RX ua=95 mt=R len=7
PKT t=9907 TX ua=95 mt=P len=0
PKT t=9940 RX ua=95 mt=R len=7
PKT t=9945 TX ua=95 mt=P len=0
PKT t=9954 RX ua=95 mt=R len=7
PKT t=9959 TX ua=95 mt=P len=0
PKT t=9968 RX ua=95 mt=R len=7
PKT t=9973 TX ua=95 mt=P len=0
PKT t=9982 RX ua=95 mt=R len=7
PKT t=9987 TX ua=95 mt=P len=0
PKT t=9996 RX ua=95 mt=R len=7
PKT t=10001 TX ua=95 mt=P len=0
PKT t=10010 RX ua=95 mt=R len=7
PKT t=10015 TX ua=95 mt=T len=7
PKT t=10027 TX ua=95 mt=P len=0
PKT t=10055 RX ua=95 mt=R len=7
PKT t=10085 TX ua=95 mt=P len=0
PKT t=10095 RX ua=95 mt=R len=7
PKT t=10100 TX ua=95 mt=P len=0
PKT t=10109 RX ua=95 mt=R len=7
PKT t=10114 TX ua=95 mt=P len=0
PKT t=10123 RX ua=95 mt=R len=7
PKT t=10128 TX ua=95 mt=P len=0
PKT t=10162 RX ua=95 mt=R len=7
PKT t=10166 TX ua=95 mt=P len=0
PKT t=10175 RX ua=95 mt=R len=7
PKT t=10180 TX ua=95 mt=P len=0
PKT t=10189 RX ua=95 mt=R len=7
PKT t=10194 TX ua=95 mt=P len=0
PKT t=10230 RX ua=95 mt=R len=7
PKT t=10235 TX ua=95 mt=T len=7
PKT t=10248 TX ua=95 mt=P len=0
PKT t=10259 RX ua=95 mt=R len=7
PKT t=10264 TX ua=95 mt=T len=7
PKT t=10277 TX ua=95 mt=P len=0
PKT t=10286 RX ua=95 mt=R len=7
PKT t=10291 TX ua=95 mt=P len=0
PKT t=10300 RX ua=95 mt=R len=7
PKT t=10305 TX ua=95 mt=P len=0
PKT t=10314 RX ua=95 mt=R len=7
PKT t=10319 TX ua=95 mt=P len=0
PKT t=10328 RX ua=95 mt=R len=7
PKT t=10333 TX ua=95 mt=P len=0
PKT t=10375 RX ua=95 mt=R len=7
PKT t=10380 TX ua=95 mt=P len=0
PKT t=10389 RX ua=95 mt=R len=7
PKT t=10394 TX ua=95 mt=P len=0
PKT t=10403 RX ua=95 mt=R len=7
PKT t=10408 TX ua=95 mt=P len=0
PKT t=10417 RX ua=95 mt=R len=7
PKT t=10422 TX ua=95 mt=P len=0
PKT t=10431 RX ua=95 mt=R len=7
PKT t=10436 TX ua=95 mt=P len=0
PKT t=10466 RX ua=95 mt=R len=7
PKT t=10471 TX ua=95 mt=P len=0
PKT t=10480 RX ua=95 mt=R len=7
PKT t=10485 TX ua=95 mt=P len=0
PKT t=10520 RX ua=95 mt=R len=7
PKT t=10525 TX ua=95 mt=T len=7
PKT t=10538 TX ua=95 mt=P len=0
PKT t=10565 RX ua=95 mt=R len=7
PKT t=10570 TX ua=95 mt=P len=0
PKT t=10579 RX ua=95 mt=R len=7
PKT t=10584 TX ua=95 mt=P len=0
PKT t=10593 RX ua=95 mt=R len=7
PKT t=10598 TX ua=95 mt=P len=0
PKT t=10607 RX ua=95 mt=R len=7
PKT t=10612 TX ua=95 mt=P len=0
PKT t=10621 RX ua=95 mt=R len=7
PKT t=10626 TX ua=95 mt=P len=0
PKT t=10635 RX ua=95 mt=R len=7
PKT t=10665 TX ua=95 mt=P len=0
PKT t=10675 RX ua=95 mt=R len=7
PKT t=10679 TX ua=95 mt=P len=0
PKT t=10688 RX ua=95 mt=R len=7
PKT t=10693 TX ua=95 mt=P len=0
PKT t=10702 RX ua=95 mt=R len=7
PKT t=10707 TX ua=95 mt=P len=0
PKT t=10716 RX ua=95 mt=R len=7
PKT t=10721 TX ua=95 mt=P len=0
PKT t=10730 RX ua=95 mt=R len=7
PKT t=10735 TX ua=95 mt=P len=0
PKT t=10769 RX ua=95 mt=R len=7
PKT t=10774 TX ua=95 mt=T len=7
PKT t=10815 TX ua=95 mt=P len=0
PKT t=10824 RX ua=95 mt=R len=7
PKT t=10829 TX ua=95 mt=P len=0
PKT t=10838 RX ua=95 mt=R len=7
PKT t=10843 TX ua=95 mt=P len=0
PKT t=10872 RX ua=95 mt=R len=7
PKT t=10877 TX ua=95 mt=P len=0
PKT t=10886 RX ua=95 mt=R len=7
PKT t=10891 TX ua=95 mt=P len=0
PKT t=10900 RX ua=95 mt=R len=7
PKT t=10905 TX ua=95 mt=P len=0
PKT t=10914 RX ua=95 mt=R len=7
PKT t=10919 TX ua=95 mt=P len=0
PKT t=10955 RX ua=95 mt=R len=7
PKT t=10960 TX ua=95 mt=P len=0
PKT t=10971 RX ua=95 mt=R len=7
PKT t=10976 TX ua=95 mt=P len=0
PKT t=10985 RX ua=95 mt=R len=7
PKT t=10990 TX ua=95 mt=P len=0
PKT t=10999 RX ua=95 mt=R len=7
PKT t=11004 TX ua=95 mt=P len=0
PKT t=11013 RX ua=95 mt=R len=7
PKT t=11018 TX ua=95 mt=P len=0
PKT t=11027 RX ua=95 mt=R len=7
PKT t=11032 TX ua=95 mt=T len=7
PKT t=11045 TX ua=95 mt=P len=0
PKT t=11100 RX ua=95 mt=R len=7
PKT t=11105 TX ua=95 mt=P len=0
PKT t=11114 RX ua=95 mt=R len=7
PKT t=11119 TX ua=95 mt=P len=0
PKT t=11128 RX ua=95 mt=R len=7
PKT t=11133 TX ua=95 mt=P len=0
PKT t=11142 RX ua=95 mt=R len=7
PKT t=11147 TX ua=95 mt=P len=0
PKT t=11176 RX ua=95 mt=R len=7
PKT t=11181 TX ua=95 mt=P len=0
PKT t=11190 RX ua=95 mt=R len=7
PKT t=11195 TX ua=95 mt=P len=0
PKT t=11204 RX ua=95 mt=R len=7
PKT t=11209 TX ua=95 mt=P len=0
PKT t=11245 RX ua=95 mt=R len=7
PKT t=11250 TX ua=95 mt=T len=7
PKT t=11262 TX ua=95 mt=P len=0
PKT t=11277 RX ua=95 mt=R len=7
PKT t=11282 TX ua=95 mt=T len=7
PKT t=11294 TX ua=95 mt=P len=0
PKT t=11303 RX ua=95 mt=R len=7
PKT t=11308 TX ua=95 mt=P len=0
PKT t=11317 RX ua=95 mt=R len=7
PKT t=11322 TX ua=95 mt=P len=0
PKT t=11331 RX ua=95 mt=R len=7
PKT t=11336 TX ua=95 mt=P len=0
PKT t=11345 RX ua=95 mt=R len=7
PKT t=11350 TX ua=95 mt=P len=0
PKT t=11390 RX ua=95 mt=R len=7
PKT t=11395 TX ua=95 mt=P len=0
PKT t=11404 RX ua=95 mt=R len=7
PKT t=11409 TX ua=95 mt=P len=0
PKT t=11418 RX ua=95 mt=R len=7
PKT t=11423 TX ua=95 mt=P len=0
PKT t=11432 RX ua=95 mt=R len=7
PKT t=11437 TX ua=95 mt=P len=0
PKT t=11446 RX ua=95 mt=R len=7
PKT t=11451 TX ua=95 mt=P len=0
PKT t=11480 RX ua=95 mt=R len=7
PKT t=11485 TX ua=95 mt=P len=0
PKT t=11494 RX ua=95 mt=R len=7
PKT t=11499 TX ua=95 mt=P len=0
PKT t=11535 RX ua=95 mt=R len=7
PKT t=11540 TX ua=95 mt=T len=7
PKT t=11552 TX ua=95 mt=P len=0
PKT t=11580 RX ua=95 mt=R len=7
PKT t=11585 TX ua=95 mt=P len=0
PKT t=11595 RX ua=95 mt=R len=7
PKT t=11600 TX ua=95 mt=P len=0
PKT t=11610 RX ua=95 mt=R len=7
PKT t=11615 TX ua=95 mt=P len=0
PKT t=11625 RX ua=95 mt=R len=7
PKT t=11630 TX ua=95 mt=P len=0
PKT t=11640 RX ua=95 mt=R len=7
PKT t=11645 TX ua=95 mt=P len=0
PKT t=11680 RX ua=95 mt=R len=7
PKT t=11685 TX ua=95 mt=P len=0
PKT t=11695 RX ua=95 mt=R len=7
PKT t=11700 TX ua=95 mt=P len=0
PKT t=11710 RX ua=95 mt=R len=7
PKT t=11715 TX ua=95 mt=P len=0
PKT t=11725 RX ua=95 mt=R len=7
PKT t=11730 TX ua=95 mt=P len=0
PKT t=11740 RX ua=95 mt=R len=7
PKT t=11745 TX ua=95 mt=P len=0
PKT t=11755 RX ua=95 mt=R len=7
PKT t=11760 TX ua=95 mt=P len=0
PKT t=11789 RX ua=95 mt=R len=7
PKT t=11794 TX ua=95 mt=T len=7
PKT t=11832 TX ua=95 mt=P len=0
PKT t=11841 RX ua=95 mt=R len=7
PKT t=11846 TX ua=95 mt=P len=0
PKT t=11855 RX ua=95 mt=R len=7
PKT t=11860 TX ua=95 mt=P len=0
PKT t=11889 RX ua=95 mt=R len=7
PKT t=11894 TX ua=95 mt=P len=0
PKT t=11903 RX ua=95 mt=R len=7
PKT t=11908 TX ua=95 mt=P len=0
PKT t=11917 RX ua=95 mt=R len=7
PKT t=11922 TX ua=95 mt=P len=0
PKT t=11931 RX ua=95 mt=R len=7
PKT t=11936 TX ua=95 mt=P len=0
PKT t=11970 RX ua=95 mt=R len=7
PKT t=11975 TX ua=95 mt=P len=0
PKT t=11988 RX ua=95 mt=R len=7
PKT t=11993 TX ua=95 mt=P len=0
PKT t=12002 RX ua=95 mt=R len=7
PKT t=12007 TX ua=95 mt=P len=0
PKT t=12016 RX ua=95 mt=R len=7
PKT t=12021 TX ua=95 mt=P len=0
PKT t=12030 RX ua=95 mt=R len=7
PKT t=12035 TX ua=95 mt=P len=0
PKT t=12044 RX ua=95 mt=R len=7
PKT t=12049 TX ua=95 mt=T len=7
PKT t=12061 TX ua=95 mt=P len=0
PKT t=12115 RX ua=95 mt=R len=7
PKT t=12120 TX ua=95 mt=P len=0
PKT t=12129 RX ua=95 mt=R len=7
PKT t=12134 TX ua=95 mt=P len=0
PKT t=12143 RX ua=95 mt=R len=7
PKT t=12148 TX ua=95 mt=P len=0
PKT t=12157 RX ua=95 mt=R len=7
PKT t=12162 TX ua=95 mt=P len=0
PKT t=12196 RX ua=95 mt=R len=7
PKT t=12200 TX ua=95 mt=P len=0
PKT t=12209 RX ua=95 mt=R len=7
PKT t=12214 TX ua=95 mt=P len=0
PKT t=12223 RX ua=95 mt=R len=7
PKT t=12228 TX ua=95 mt=P len=0
PKT t=12260 RX ua=95 mt=R len=7
PKT t=12265 TX ua=95 mt=T len=7
PKT t=12277 TX ua=95 mt=P len=0
PKT t=12293 RX ua=95 mt=R len=7
PKT t=12298 TX ua=95 mt=T len=7
PKT t=12310 TX ua=95 mt=P len=0
PKT t=12319 RX ua=95 mt=R len=7
PKT t=12324 TX ua=95 mt=P len=0
PKT t=12333 RX ua=95 mt=R len=7
PKT t=12338 TX ua=95 mt=P len=0
PKT t=12347 RX ua=95 mt=R len=7
PKT t=12352 TX ua=95 mt=P len=0
PKT t=12361 RX ua=95 mt=R len=7
PKT t=12366 TX ua=95 mt=P len=0
PKT t=12405 RX ua=95 mt=R len=7
PKT t=12410 TX ua=95 mt=P len=0
PKT t=12419 RX ua=95 mt=R len=7
PKT t=12424 TX ua=95 mt=P len=0
PKT t=12433 RX ua=95 mt=R len=7
PKT t=12438 TX ua=95 mt=P len=0
PKT t=12447 RX ua=95 mt=R len=7
PKT t=12452 TX ua=95 mt=P len=0
PKT t=12461 RX ua=95 mt=R len=7
PKT t=12466 TX ua=95 mt=P len=0
PKT t=12495 RX ua=95 mt=R len=7
PKT t=12500 TX ua=95 mt=P len=0
PKT t=12509 RX ua=95 mt=R len=7
PKT t=12514 TX ua=95 mt=P len=0
PKT t=12550 RX ua=95 mt=R len=7
PKT t=12555 TX ua=95 mt=T len=7
PKT t=12567 TX ua=95 mt=P len=0
PKT t=12595 RX ua=95 mt=R len=7
PKT t=12600 TX ua=95 mt=P len=0
PKT t=12609 RX ua=95 mt=R len=7
PKT t=12614 TX ua=95 mt=P len=0
PKT t=12623 RX ua=95 mt=R len=7
PKT t=12628 TX ua=95 mt=P len=0
PKT t=12637 RX ua=95 mt=R len=7
PKT t=12642 TX ua=95 mt=P len=0
PKT t=12651 RX ua=95 mt=R len=7
PKT t=12656 TX ua=95 mt=P len=0
PKT t=12665 RX ua=95 mt=R len=7
PKT t=12695 TX ua=95 mt=P len=0
PKT t=12704 RX ua=95 mt=R len=7
PKT t=12709 TX ua=95 mt=P len=0
PKT t=12718 RX ua=95 mt=R len=7
PKT t=12723 TX ua=95 mt=P len=0
PKT t=12732 RX ua=95 mt=R len=7
PKT t=12737 TX ua=95 mt=P len=0
PKT t=12746 RX ua=95 mt=R len=7
PKT t=12751 TX ua=95 mt=P len=0
PKT t=12760 RX ua=95 mt=R len=7
PKT t=12765 TX ua=95 mt=P len=0
PKT t=12799 RX ua=95 mt=R len=7
PKT t=12803 TX ua=95 mt=T len=7
PKT t=12840 TX ua=95 mt=P len=0
PKT t=12850 RX ua=95 mt=R len=7
PKT t=12854 TX ua=95 mt=P len=0
PKT t=12863 RX ua=95 mt=R len=7
PKT t=12868 TX ua=95 mt=P len=0
PKT t=12899 RX ua=95 mt=R len=7
PKT t=12904 TX ua=95 mt=P len=0
PKT t=12913 RX ua=95 mt=R len=7
PKT t=12918 TX ua=95 mt=P len=0
PKT t=12927 RX ua=95 mt=R len=7
PKT t=12932 TX ua=95 mt=P len=0
PKT t=12941 RX ua=95 mt=R len=7
PKT t=12946 TX ua=95 mt=P len=0
PKT t=12955 RX ua=95 mt=R len=7
PKT t=12985 TX ua=95 mt=P len=0
PKT t=12999 RX ua=95 mt=R len=7
PKT t=13004 TX ua=95 mt=P len=0
PKT t=13013 RX ua=95 mt=R len=7
PKT t=13018 TX ua=95 mt=P len=0
PKT t=13027 RX ua=95 mt=R len=7
PKT t=13032 TX ua=95 mt=P len=0
PKT t=13041 RX ua=95 mt=R len=7
PKT t=13046 TX ua=95 mt=P len=0
PKT t=13055 RX ua=95 mt=R len=7
PKT t=13060 TX ua=95 mt=T len=7
PKT t=13072 TX ua=95 mt=P len=0
PKT t=13100 RX ua=95 mt=R len=7
PKT t=13130 TX ua=95 mt=P len=0
PKT t=13139 RX ua=95 mt=R len=7
PKT t=13144 TX ua=95 mt=P len=0
PKT t=13153 RX ua=95 mt=R len=7
PKT t=13158 TX ua=95 mt=P len=0
PKT t=13167 RX ua=95 mt=R len=7
PKT t=13172 TX ua=95 mt=P len=0
PKT t=13201 RX ua=95 mt=R len=7
PKT t=13206 TX ua=95 mt=P len=0
PKT t=13215 RX ua=95 mt=R len=7
PKT t=13220 TX ua=95 mt=P len=0
PKT t=13229 RX ua=95 mt=R len=7
PKT t=13234 TX ua=95 mt=P len=0
PKT t=13243 RX ua=95 mt=R len=7
PKT t=13275 TX ua=95 mt=P len=0
PKT t=13301 RX ua=95 mt=R len=7
PKT t=13306 TX ua=95 mt=T len=7
PKT t=13319 TX ua=95 mt=P len=0
PKT t=13328 RX ua=95 mt=R len=7
PKT t=13333 TX ua=95 mt=P len=0
PKT t=13342 RX ua=95 mt=R len=7
PKT t=13347 TX ua=95 mt=P len=0
PKT t=13356 RX ua=95 mt=R len=7
PKT t=13361 TX ua=95 mt=P len=0
PKT t=13370 RX ua=95 mt=R len=7
PKT t=13375 TX ua=95 mt=P len=0
PKT t=13420 RX ua=95 mt=R len=7
PKT t=13425 TX ua=95 mt=P len=0
PKT t=13434 RX ua=95 mt=R len=7
PKT t=13439 TX ua=95 mt=P len=0
PKT t=13448 RX ua=95 mt=R len=7
PKT t=13453 TX ua=95 mt=P len=0
PKT t=13462 RX ua=95 mt=R len=7
PKT t=13467 TX ua=95 mt=P len=0
PKT t=13476 RX ua=95 mt=R len=7
PKT t=13481 TX ua=95 mt=P len=0
PKT t=13510 RX ua=95 mt=R len=7
PKT t=13515 TX ua=95 mt=P len=0
PKT t=13524 RX ua=95 mt=R len=7
PKT t=13529 TX ua=95 mt=P len=0
PKT t=13565 RX ua=95 mt=R len=7
PKT t=13570 TX ua=95 mt=T len=7
PKT t=13583 TX ua=95 mt=P len=0
PKT t=13611 RX ua=95 mt=R len=7
PKT t=13616 TX ua=95 mt=P len=0
PKT t=13626 RX ua=95 mt=R len=7
PKT t=13631 TX ua=95 mt=P len=0
PKT t=13641 RX ua=95 mt=R len=7
PKT t=13646 TX ua=95 mt=P len=0
PKT t=13656 RX ua=95 mt=R len=7
PKT t=13661 TX ua=95 mt=P len=0
PKT t=13671 RX ua=95 mt=R len=7
PKT t=13676 TX ua=95 mt=P len=0
PKT t=13710 RX ua=95 mt=R len=7
PKT t=13715 TX ua=95 mt=P len=0
PKT t=13725 RX ua=95 mt=R len=7
PKT t=13730 TX ua=95 mt=P len=0
PKT t=13740 RX ua=95 mt=R len=7
PKT t=13745 TX ua=95 mt=P len=0
PKT t=13755 RX ua=95 mt=R len=7
PKT t=13760 TX ua=95 mt=P len=0
PKT t=13770 RX ua=95 mt=R len=7
PKT t=13775 TX ua=95 mt=P len=0
PKT t=13785 RX ua=95 mt=R len=7
PKT t=13790 TX ua=95 mt=P len=0
PKT t=13819 RX ua=95 mt=R len=7
PKT t=13824 TX ua=95 mt=T len=7
PKT t=13862 TX ua=95 mt=P len=0
PKT t=13871 RX ua=95 mt=R len=7
PKT t=13876 TX ua=95 mt=P len=0
PKT t=13885 RX ua=95 mt=R len=7
PKT t=13890 TX ua=95 mt=P len=0
PKT t=13919 RX ua=95 mt=R len=7
PKT t=13924 TX ua=95 mt=P len=0
PKT t=13933 RX ua=95 mt=R len=7
PKT t=13938 TX ua=95 mt=P len=0
PKT t=13947 RX ua=95 mt=R len=7
PKT t=13952 TX ua=95 mt=P len=0
PKT t=13961 RX ua=95 mt=R len=7
PKT t=13966 TX ua=95 mt=P len=0
PKT t=14000 RX ua=95 mt=R len=7
PKT t=14005 TX ua=95 mt=P len=0
PKT t=14019 RX ua=95 mt=R len=7
PKT t=14024 TX ua=95 mt=P len=0
PKT t=14033 RX ua=95 mt=R len=7
PKT t=14038 TX ua=95 mt=P len=0
PKT t=14047 RX ua=95 mt=R len=7
PKT t=14052 TX ua=95 mt=P len=0
PKT t=14061 RX ua=95 mt=R len=7
PKT t=14066 TX ua=95 mt=T len=7
PKT t=14079 TX ua=95 mt=P len=0
PKT t=14088 RX ua=95 mt=R len=7
PKT t=14093 TX ua=95 mt=P len=0
PKT t=14145 RX ua=95 mt=R len=7
PKT t=14150 TX ua=95 mt=P len=0
PKT t=14159 RX ua=95 mt=R len=7
PKT t=14164 TX ua=95 mt=P len=0
PKT t=14173 RX ua=95 mt=R len=7
PKT t=14178 TX ua=95 mt=P len=0
PKT t=14187 RX ua=95 mt=R len=7
PKT t=14192 TX ua=95 mt=P len=0
PKT t=14201 RX ua=95 mt=R len=7
PKT t=14206 TX ua=95 mt=P len=0
PKT t=14235 RX ua=95 mt=R len=7
PKT t=14240 TX ua=95 mt=P len=0
PKT t=14250 RX ua=95 mt=R len=7
PKT t=14254 TX ua=95 mt=P len=0
PKT t=14290 RX ua=95 mt=R len=7
PKT t=14295 TX ua=95 mt=T len=7
PKT t=14307 TX ua=95 mt=P len=0
PKT t=14335 RX ua=95 mt=R len=7
PKT t=14340 TX ua=95 mt=T len=7
PKT t=14352 TX ua=95 mt=P len=0
PKT t=14361 RX ua=95 mt=R len=7
PKT t=14366 TX ua=95 mt=P len=0
PKT t=14375 RX ua=95 mt=R len=7
PKT t=14380 TX ua=95 mt=P len=0
PKT t=14389 RX ua=95 mt=R len=7
PKT t=14394 TX ua=95 mt=P len=0
PKT t=14403 RX ua=95 mt=R len=7
PKT t=14435 TX ua=95 mt=P len=0
PKT t=14444 RX ua=95 mt=R len=7
PKT t=14449 TX ua=95 mt=P len=0
PKT t=14458 RX ua=95 mt=R len=7
PKT t=14463 TX ua=95 mt=P len=0
PKT t=14472 RX ua=95 mt=R len=7
PKT t=14477 TX ua=95 mt=P len=0
PKT t=14486 RX ua=95 mt=R len=7
PKT t=14491 TX ua=95 mt=P len=0
PKT t=14500 RX ua=95 mt=R len=7
PKT t=14505 TX ua=95 mt=P len=0
PKT t=14536 RX ua=95 mt=R len=7
PKT t=14541 TX ua=95 mt=P len=0
PKT t=14550 RX ua=95 mt=R len=7
PKT t=14580 TX ua=95 mt=P len=0
PKT t=14589 RX ua=95 mt=R len=7
PKT t=14594 TX ua=95 mt=T len=7
PKT t=14606 TX ua=95 mt=P len=0
PKT t=14636 RX ua=95 mt=R len=7
PKT t=14641 TX ua=95 mt=P len=0
PKT t=14650 RX ua=95 mt=R len=7
PKT t=14655 TX ua=95 mt=P len=0
PKT t=14664 RX ua=95 mt=R len=7
PKT t=14669 TX ua=95 mt=P len=0
PKT t=14678 RX ua=95 mt=R len=7
PKT t=14683 TX ua=95 mt=P len=0
PKT t=14692 RX ua=95 mt=R len=7
PKT t=14725 TX ua=95 mt=P len=0
PKT t=14736 RX ua=95 mt=R len=7
PKT t=14741 TX ua=95 mt=P len=0
PKT t=14750 RX ua=95 mt=R len=7
PKT t=14755 TX ua=95 mt=P len=0
PKT t=14764 RX ua=95 mt=R len=7
PKT t=14769 TX ua=95 mt=P len=0
PKT t=14778 RX ua=95 mt=R len=7
PKT t=14783 TX ua=95 mt=P len=0
PKT t=14792 RX ua=95 mt=R len=7
PKT t=14797 TX ua=95 mt=P len=0
PKT t=14806 RX ua=95 mt=R len=7
PKT t=14811 TX ua=95 mt=P len=0
PKT t=14840 RX ua=95 mt=R len=7
PKT t=14870 TX ua=95 mt=T len=7
PKT t=14882 TX ua=95 mt=P len=0
PKT t=14891 RX ua=95 mt=R len=7
PKT t=14896 TX ua=95 mt=P len=0
PKT t=14905 RX ua=95 mt=R len=7
PKT t=14910 TX ua=95 mt=P len=0
PKT t=14939 RX ua=95 mt=R len=7
PKT t=14944 TX ua=95 mt=P len=0
PKT t=14953 RX ua=95 mt=R len=7
PKT t=14958 TX ua=95 mt=P len=0
PKT t=14967 RX ua=95 mt=R len=7
PKT t=14972 TX ua=95 mt=P len=0
PKT t=14981 RX ua=95 mt=R len=7
PKT t=14986 TX ua=95 mt=P len=0
PKT t=15016 RX ua=95 mt=R len=7
PKT t=15271 TX ua=96 mt=I len=13
PKT t=15805 TX ua=96 mt=T len=4
PKT t=15816 TX ua=95 mt=P len=0
PKT t=15825 RX ua=95 mt=R len=7
PKT t=15830 TX ua=95 mt=T len=7
PKT t=15842 TX ua=95 mt=P len=0
PKT t=15852 RX ua=95 mt=R len=7
PKT t=15885 TX ua=95 mt=T len=7
PKT t=15897 TX ua=95 mt=P len=0
PKT t=15906 RX ua=95 mt=R len=7
PKT t=15911 TX ua=95 mt=P len=0
PKT t=15940 RX ua=95 mt=R len=7
PKT t=15945 TX ua=95 mt=P len=0
PKT t=15954 RX ua=95 mt=R len=7
PKT t=15959 TX ua=95 mt=P len=0
PKT t=15968 RX ua=95 mt=R len=7
PKT t=15973 TX ua=95 mt=P len=0
PKT t=15982 RX ua=95 mt=R len=7
PKT t=15987 TX ua=95 mt=P len=0
PKT t=15996 RX ua=95 mt=R len=7
PKT t=16001 TX ua=95 mt=P len=0
PKT t=16036 RX ua=95 mt=R len=7
PKT t=16291 TX ua=96 mt=P len=0
PKT t=16576 TX ua=95 mt=P len=0
PKT t=16610 RX ua=95 mt=R len=7
PKT t=16615 TX ua=95 mt=T len=7
PKT t=16627 TX ua=95 mt=P len=0
PKT t=16646 RX ua=95 mt=R len=7
PKT t=16650 TX ua=95 mt=P len=0
PKT t=16659 RX ua=95 mt=R len=7
PKT t=16664 TX ua=95 mt=P len=0
PKT t=16673 RX ua=95 mt=R len=7
PKT t=16678 TX ua=95 mt=P len=0
PKT t=16687 RX ua=95 mt=R len=7
PKT t=16692 TX ua=95 mt=P len=0
PKT t=16701 RX ua=95 mt=R len=7
PKT t=16706 TX ua=95 mt=P len=0
PKT t=16715 RX ua=95 mt=R len=7
PKT t=16720 TX ua=95 mt=P len=0
PKT t=16755 RX ua=95 mt=R len=7
PKT t=16760 TX ua=95 mt=P len=0
PKT t=16769 RX ua=95 mt=R len=7
PKT t=16774 TX ua=95 mt=P len=0
PKT t=16783 RX ua=95 mt=R len=7
PKT t=16788 TX ua=95 mt=P len=0
PKT t=16797 RX ua=95 mt=R len=7
PKT t=16802 TX ua=95 mt=P len=0
PKT t=16811 RX ua=95 mt=R len=7
PKT t=16816 TX ua=95 mt=P len=0
PKT t=16848 RX ua=95 mt=R len=7
PKT t=16853 TX ua=95 mt=P len=0
PKT t=16862 RX ua=95 mt=R len=7
PKT t=16867 TX ua=95 mt=T len=7
PKT t=16907 TX ua=95 mt=P len=0
PKT t=16916 RX ua=95 mt=R len=7
PKT t=16921 TX ua=95 mt=P len=0
PKT t=16950 RX ua=95 mt=R len=7
PKT t=16955 TX ua=95 mt=P len=0
PKT t=16964 RX ua=95 mt=R len=7
PKT t=16969 TX ua=95 mt=P len=0
PKT t=16978 RX ua=95 mt=R len=7
PKT t=16983 TX ua=95 mt=P len=0
PKT t=16992 RX ua=95 mt=R len=7
PKT t=16997 TX ua=95 mt=P len=0
PKT t=17006 RX ua=95 mt=R len=7
PKT t=17011 TX ua=95 mt=P len=0
PKT t=17045 RX ua=95 mt=R len=7
PKT t=17050 TX ua=95 mt=P len=0
PKT t=17059 RX ua=95 mt=R len=7
PKT t=17064 TX ua=95 mt=P len=0
PKT t=17073 RX ua=95 mt=R len=7
PKT t=17078 TX ua=95 mt=P len=0
PKT t=17087 RX ua=95 mt=R len=7
PKT t=17092 TX ua=95 mt=P len=0
PKT t=17101 RX ua=95 mt=R len=7
PKT t=17106 TX ua=95 mt=P len=0
PKT t=17115 RX ua=95 mt=R len=7
PKT t=17120 TX ua=95 mt=T len=7
PKT t=17132 TX ua=95 mt=P len=0
PKT t=17155 RX ua=95 mt=R len=7
PKT t=17160 TX ua=95 mt=P len=0
PKT t=17190 RX ua=95 mt=R len=7
PKT t=17445 TX ua=96 mt=P len=0
PKT t=17703 TX ua=95 mt=P len=0
PKT t=17712 RX ua=95 mt=R len=7
PKT t=17717 TX ua=95 mt=T len=7
PKT t=17729 TX ua=95 mt=P len=0
PKT t=17770 RX ua=95 mt=R len=7
PKT t=17775 TX ua=95 mt=P len=0
PKT t=17785 RX ua=95 mt=R len=7
PKT t=17790 TX ua=95 mt=P len=0
PKT t=17800 RX ua=95 mt=R len=7
PKT t=17805 TX ua=95 mt=P len=0
PKT t=17815 RX ua=95 mt=R len=7
PKT t=17820 TX ua=95 mt=P len=0
PKT t=17830 RX ua=95 mt=R len=7
PKT t=17835 TX ua=95 mt=P len=0
PKT t=17864 RX ua=95 mt=R len=7
PKT t=17869 TX ua=95 mt=P len=0
PKT t=17879 RX ua=95 mt=R len=7
PKT t=17884 TX ua=95 mt=T len=7
PKT t=17922 TX ua=95 mt=P len=0
PKT t=17931 RX ua=95 mt=R len=7
PKT t=17936 TX ua=95 mt=P len=0
PKT t=17965 RX ua=95 mt=R len=7
PKT t=17970 TX ua=95 mt=P len=0
PKT t=17979 RX ua=95 mt=R len=7
PKT t=17984 TX ua=95 mt=P len=0
PKT t=17993 RX ua=95 mt=R len=7
PKT t=17998 TX ua=95 mt=P len=0
PKT t=18007 RX ua=95 mt=R len=7
PKT t=18012 TX ua=95 mt=P len=0
PKT t=18021 RX ua=95 mt=R len=7
PKT t=18026 TX ua=95 mt=P len=0
PKT t=18065 RX ua=95 mt=R len=7
PKT t=18070 TX ua=95 mt=P len=0
PKT t=18079 RX ua=95 mt=R len=7
PKT t=18084 TX ua=95 mt=P len=0
PKT t=18093 RX ua=95 mt=R len=7
PKT t=18098 TX ua=95 mt=P len=0
PKT t=18107 RX ua=95 mt=R len=7
PKT t=18112 TX ua=95 mt=P len=0
PKT t=18121 RX ua=95 mt=R len=7
PKT t=18126 TX ua=95 mt=T len=7
PKT t=18138 TX ua=95 mt=P len=0
PKT t=18168 RX ua=95 mt=R len=7
PKT t=18173 TX ua=95 mt=P len=0
PKT t=18205 RX ua=95 mt=R len=7
PKT t=18210 TX ua=95 mt=P len=0
PKT t=18219 RX ua=95 mt=R len=7
PKT t=18224 TX ua=95 mt=P len=0
PKT t=18233 RX ua=95 mt=R len=7
PKT t=18238 TX ua=95 mt=P len=0
PKT t=18269 RX ua=95 mt=R len=7
PKT t=18273 TX ua=95 mt=P len=0
PKT t=18282 RX ua=95 mt=R len=7
PKT t=18287 TX ua=95 mt=P len=0
PKT t=18296 RX ua=95 mt=R len=7
PKT t=18301 TX ua=95 mt=P len=0
PKT t=18310 RX ua=95 mt=R len=7
PKT t=18315 TX ua=95 mt=P len=0
PKT t=18350 RX ua=95 mt=R len=7
PKT t=18355 TX ua=95 mt=T len=7
PKT t=18368 TX ua=95 mt=P len=0
PKT t=18377 RX ua=95 mt=R len=7
PKT t=18382 TX ua=95 mt=T len=7
PKT t=18395 TX ua=95 mt=P len=0
PKT t=18404 RX ua=95 mt=R len=7
PKT t=18409 TX ua=95 mt=P len=0
PKT t=18418 RX ua=95 mt=R len=7
PKT t=18423 TX ua=95 mt=P len=0
PKT t=18432 RX ua=95 mt=R len=7
PKT t=18437 TX ua=95 mt=P len=0
PKT t=18495 RX ua=95 mt=R len=7
PKT t=18500 TX ua=95 mt=P len=0
PKT t=18509 RX ua=95 mt=R len=7
PKT t=18514 TX ua=95 mt=P len=0
PKT t=18523 RX ua=95 mt=R len=7
PKT t=18528 TX ua=95 mt=P len=0
PKT t=18537 RX ua=95 mt=R len=7
PKT t=18542 TX ua=95 mt=P len=0
PKT t=18571 RX ua=95 mt=R len=7
PKT t=18576 TX ua=95 mt=P len=0
PKT t=18585 RX ua=95 mt=R len=7
PKT t=18590 TX ua=95 mt=P len=0
PKT t=18599 RX ua=95 mt=R len=7
PKT t=18604 TX ua=95 mt=P len=0
PKT t=18640 RX ua=95 mt=R len=7
PKT t=18645 TX ua=95 mt=T len=7
PKT t=18658 TX ua=95 mt=P len=0
PKT t=18672 RX ua=95 mt=R len=7
PKT t=18677 TX ua=95 mt=P len=0
PKT t=18686 RX ua=95 mt=R len=7
PKT t=18691 TX ua=95 mt=P len=0
PKT t=18700 RX ua=95 mt=R len=7
PKT t=18705 TX ua=95 mt=P len=0
PKT t=18714 RX ua=95 mt=R len=7
PKT t=18719 TX ua=95 mt=P len=0
PKT t=18728 RX ua=95 mt=R len=7
PKT t=18733 TX ua=95 mt=P len=0
PKT t=18742 RX ua=95 mt=R len=7
PKT t=18747 TX ua=95 mt=P len=0
PKT t=18785 RX ua=95 mt=R len=7
PKT t=18790 TX ua=95 mt=P len=0
PKT t=18799 RX ua=95 mt=R len=7
PKT t=18804 TX ua=95 mt=P len=0
PKT t=18813 RX ua=95 mt=R len=7
PKT t=18818 TX ua=95 mt=P len=0
PKT t=18827 RX ua=95 mt=R len=7
PKT t=18832 TX ua=95 mt=P len=0
PKT t=18841 RX ua=95 mt=R len=7
PKT t=18846 TX ua=95 mt=P len=0
PKT t=18875 RX ua=95 mt=R len=7
PKT t=18880 TX ua=95 mt=P len=0
PKT t=18889 RX ua=95 mt=R len=7
PKT t=18894 TX ua=95 mt=T len=7
PKT t=18935 TX ua=95 mt=P len=0
PKT t=18944 RX ua=95 mt=R len=7
PKT t=18949 TX ua=95 mt=P len=0
PKT t=18978 RX ua=95 mt=R len=7
PKT t=18983 TX ua=95 mt=P len=0
PKT t=18992 RX ua=95 mt=R len=7
PKT t=18997 TX ua=95 mt=P len=0
PKT t=19006 RX ua=95 mt=R len=7
PKT t=19011 TX ua=95 mt=P len=0
PKT t=19020 RX ua=95 mt=R len=7
PKT t=19025 TX ua=95 mt=P len=0
PKT t=19034 RX ua=95 mt=R len=7
PKT t=19039 TX ua=95 mt=P len=0
PKT t=19075 RX ua=95 mt=R len=7
PKT t=19080 TX ua=95 mt=P len=0
PKT t=19089 RX ua=95 mt=R len=7
PKT t=19094 TX ua=95 mt=P len=0
PKT t=19103 RX ua=95 mt=R len=7
PKT t=19108 TX ua=95 mt=P len=0
PKT t=19117 RX ua=95 mt=R len=7
PKT t=19122 TX ua=95 mt=P len=0
PKT t=19131 RX ua=95 mt=R len=7
PKT t=19136 TX ua=95 mt=P len=0
PKT t=19145 RX ua=95 mt=R len=7
PKT t=19150 TX ua=95 mt=T len=7
PKT t=19163 TX ua=95 mt=P len=0
PKT t=19183 RX ua=95 mt=R len=7
PKT t=19188 TX ua=95 mt=P len=0
PKT t=19220 RX ua=95 mt=R len=7
PKT t=19225 TX ua=95 mt=P len=0
PKT t=19234 RX ua=95 mt=R len=7
PKT t=19239 TX ua=95 mt=P len=0
PKT t=19248 RX ua=95 mt=R len=7
PKT t=19253 TX ua=95 mt=P len=0
PKT t=19282 RX ua=95 mt=R len=7
PKT t=19287 TX ua=95 mt=P len=0
PKT t=19296 RX ua=95 mt=R len=7
PKT t=19301 TX ua=95 mt=P len=0
PKT t=19310 RX ua=95 mt=R len=7
PKT t=19315 TX ua=95 mt=P len=0
PKT t=19324 RX ua=95 mt=R len=7
PKT t=19329 TX ua=95 mt=P len=0
PKT t=19365 RX ua=95 mt=R len=7
PKT t=19370 TX ua=95 mt=T len=7
PKT t=19382 TX ua=95 mt=P len=0
PKT t=19391 RX ua=95 mt=R len=7
PKT t=19396 TX ua=95 mt=T len=7
PKT t=19408 TX ua=95 mt=P len=0
PKT t=19417 RX ua=95 mt=R len=7
PKT t=19422 TX ua=95 mt=P len=0
PKT t=19431 RX ua=95 mt=R len=7
PKT t=19436 TX ua=95 mt=P len=0
PKT t=19445 RX ua=95 mt=R len=7
PKT t=19450 TX ua=95 mt=P len=0
PKT t=19510 RX ua=95 mt=R len=7
PKT t=19515 TX ua=95 mt=P len=0
PKT t=19524 RX ua=95 mt=R len=7
PKT t=19529 TX ua=95 mt=P len=0
PKT t=19538 RX ua=95 mt=R len=7
PKT t=19543 TX ua=95 mt=P len=0
PKT t=19552 RX ua=95 mt=R len=7
PKT t=19557 TX ua=95 mt=P len=0
PKT t=19586 RX ua=95 mt=R len=7
PKT t=19591 TX ua=95 mt=P len=0
PKT t=19600 RX ua=95 mt=R len=7
PKT t=19605 TX ua=95 mt=P len=0
PKT t=19614 RX ua=95 mt=R len=7
PKT t=19619 TX ua=95 mt=P len=0
PKT t=19655 RX ua=95 mt=R len=7
PKT t=19660 TX ua=95 mt=T len=7
PKT t=19672 TX ua=95 mt=P len=0
PKT t=19688 RX ua=95 mt=R len=7
PKT t=19693 TX ua=95 mt=P len=0
PKT t=19703 RX ua=95 mt=R len=7
PKT t=19708 TX ua=95 mt=P len=0
PKT t=19718 RX ua=95 mt=R len=7
PKT t=19723 TX ua=95 mt=P len=0
PKT t=19733 RX ua=95 mt=R len=7
PKT t=19738 TX ua=95 mt=P len=0
PKT t=19748 RX ua=95 mt=R len=7
PKT t=19753 TX ua=95 mt=P len=0
PKT t=19800 RX ua=95 mt=R len=7
PKT t=19805 TX ua=95 mt=P len=0
PKT t=19815 RX ua=95 mt=R len=7
PKT t=19820 TX ua=95 mt=P len=0
PKT t=19830 RX ua=95 mt=R len=7
PKT t=19835 TX ua=95 mt=P len=0
PKT t=19845 RX ua=95 mt=R len=7
PKT t=19850 TX ua=95 mt=P len=0
PKT t=19860 RX ua=95 mt=R len=7
PKT t=19865 TX ua=95 mt=P len=0
PKT t=19894 RX ua=95 mt=R len=7
PKT t=19899 TX ua=95 mt=P len=0
PKT t=19909 RX ua=95 mt=R len=7
PKT t=19914 TX ua=95 mt=T len=7
PKT t=19952 TX ua=95 mt=P len=0
PKT t=19961 RX ua=95 mt=R len=7
PKT t=19966 TX ua=95 mt=P len=0
PKT t=19995 RX ua=95 mt=R len=7
PKT t=20000 TX ua=95 mt=P len=0
PKT t=20009 RX ua=95 mt=R len=7
PKT t=20014 TX ua=95 mt=P len=0
PKT t=20023 RX ua=95 mt=R len=7
PKT t=20028 TX ua=95 mt=P len=0
PKT t=20037 RX ua=95 mt=R len=7
PKT t=20042 TX ua=95 mt=P len=0
PKT t=20051 RX ua=95 mt=R len=7
PKT t=20056 TX ua=95 mt=P len=0
PKT t=20095 RX ua=95 mt=R len=7
PKT t=20100 TX ua=95 mt=P len=0
PKT t=20109 RX ua=95 mt=R len=7
PKT t=20114 TX ua=95 mt=P len=0
PKT t=20123 RX ua=95 mt=R len=7
PKT t=20128 TX ua=95 mt=P len=0
PKT t=20137 RX ua=95 mt=R len=7
PKT t=20142 TX ua=95 mt=P len=0
PKT t=20151 RX ua=95 mt=R len=7
PKT t=20156 TX ua=95 mt=T len=7
PKT t=20168 TX ua=95 mt=P len=0
PKT t=20203 RX ua=95 mt=R len=7
PKT t=20208 TX ua=95 mt=P len=0
PKT t=20239 RX ua=95 mt=R len=7
PKT t=20494 TX ua=96 mt=P len=0
PKT t=20752 TX ua=95 mt=P len=0
PKT t=20761 RX ua=95 mt=R len=7
PKT t=20766 TX ua=95 mt=T len=7
PKT t=20778 TX ua=95 mt=P len=0
PKT t=20819 RX ua=95 mt=R len=7
PKT t=20824 TX ua=95 mt=P len=0
PKT t=20833 RX ua=95 mt=R len=7
PKT t=20838 TX ua=95 mt=P len=0
PKT t=20847 RX ua=95 mt=R len=7
PKT t=20852 TX ua=95 mt=P len=0
PKT t=20861 RX ua=95 mt=R len=7
PKT t=20866 TX ua=95 mt=P len=0
PKT t=20898 RX ua=95 mt=R len=7
PKT t=20903 TX ua=95 mt=P len=0
PKT t=20912 RX ua=95 mt=R len=7
PKT t=20917 TX ua=95 mt=P len=0
PKT t=20926 RX ua=95 mt=R len=7
PKT t=20931 TX ua=95 mt=T len=7
PKT t=20971 TX ua=95 mt=P len=0
PKT t=20998 RX ua=95 mt=R len=7
PKT t=21003 TX ua=95 mt=P len=0
PKT t=21012 RX ua=95 mt=R len=7
PKT t=21017 TX ua=95 mt=P len=0
PKT t=21026 RX ua=95 mt=R len=7
PKT t=21031 TX ua=95 mt=P len=0
PKT t=21040 RX ua=95 mt=R len=7
PKT t=21045 TX ua=95 mt=P len=0
PKT t=21054 RX ua=95 mt=R len=7
PKT t=21059 TX ua=95 mt=P len=0
PKT t=21068 RX ua=95 mt=R len=7
PKT t=21073 TX ua=95 mt=P len=0
PKT t=21109 RX ua=95 mt=R len=7
PKT t=21114 TX ua=95 mt=P len=0
PKT t=21123 RX ua=95 mt=R len=7
PKT t=21128 TX ua=95 mt=P len=0
PKT t=21137 RX ua=95 mt=R len=7
PKT t=21142 TX ua=95 mt=P len=0
PKT t=21151 RX ua=95 mt=R len=7
PKT t=21156 TX ua=95 mt=P len=0
PKT t=21165 RX ua=95 mt=R len=7
PKT t=21170 TX ua=95 mt=P len=0
PKT t=21201 RX ua=95 mt=R len=7
PKT t=21206 TX ua=95 mt=T len=7
PKT t=21218 TX ua=95 mt=P len=0
PKT t=21254 RX ua=95 mt=R len=7
PKT t=21259 TX ua=95 mt=P len=0
PKT t=21268 RX ua=95 mt=R len=7
PKT t=21273 TX ua=95 mt=P len=0
PKT t=21302 RX ua=95 mt=R len=7
PKT t=21307 TX ua=95 mt=P len=0
PKT t=21316 RX ua=95 mt=R len=7
PKT t=21321 TX ua=95 mt=P len=0
PKT t=21330 RX ua=95 mt=R len=7
PKT t=21335 TX ua=95 mt=P len=0
PKT t=21344 RX ua=95 mt=R len=7
PKT t=21349 TX ua=95 mt=P len=0
PKT t=21358 RX ua=95 mt=R len=7
PKT t=21363 TX ua=95 mt=P len=0
PKT t=21399 RX ua=95 mt=R len=7
PKT t=21404 TX ua=95 mt=T len=7
PKT t=21417 TX ua=95 mt=P len=0
PKT t=21426 RX ua=95 mt=R len=7
PKT t=21431 TX ua=95 mt=T len=7
PKT t=21444 TX ua=95 mt=P len=0
PKT t=21453 RX ua=95 mt=R len=7
PKT t=21458 TX ua=95 mt=P len=0
PKT t=21467 RX ua=95 mt=R len=7
PKT t=21472 TX ua=95 mt=P len=0
PKT t=21506 RX ua=95 mt=R len=7
PKT t=21510 TX ua=95 mt=P len=0
PKT t=21544 RX ua=95 mt=R len=7
PKT t=21549 TX ua=95 mt=P len=0
PKT t=21558 RX ua=95 mt=R len=7
PKT t=21563 TX ua=95 mt=P len=0
PKT t=21572 RX ua=95 mt=R len=7
PKT t=21577 TX ua=95 mt=P len=0
PKT t=21606 RX ua=95 mt=R len=7
PKT t=21611 TX ua=95 mt=P len=0
PKT t=21620 RX ua=95 mt=R len=7
PKT t=21625 TX ua=95 mt=P len=0
PKT t=21634 RX ua=95 mt=R len=7
PKT t=21639 TX ua=95 mt=P len=0
PKT t=21648 RX ua=95 mt=R len=7
PKT t=21653 TX ua=95 mt=P len=0
PKT t=21689 RX ua=95 mt=R len=7
PKT t=21694 TX ua=95 mt=T len=7
PKT t=21707 TX ua=95 mt=P len=0
PKT t=21717 RX ua=95 mt=R len=7
PKT t=21722 TX ua=95 mt=P len=0
PKT t=21732 RX ua=95 mt=R len=7
PKT t=21737 TX ua=95 mt=P len=0
PKT t=21747 RX ua=95 mt=R len=7
PKT t=21752 TX ua=95 mt=P len=0
PKT t=21762 RX ua=95 mt=R len=7
PKT t=21767 TX ua=95 mt=P len=0
PKT t=21777 RX ua=95 mt=R len=7
PKT t=21782 TX ua=95 mt=P len=0
PKT t=21834 RX ua=95 mt=R len=7
PKT t=21839 TX ua=95 mt=P len=0
PKT t=21849 RX ua=95 mt=R len=7
PKT t=21854 TX ua=95 mt=P len=0
PKT t=21864 RX ua=95 mt=R len=7
PKT t=21869 TX ua=95 mt=P len=0
PKT t=21879 RX ua=95 mt=R len=7
PKT t=21884 TX ua=95 mt=P len=0
PKT t=21913 RX ua=95 mt=R len=7
PKT t=21918 TX ua=95 mt=P len=0
PKT t=21928 RX ua=95 mt=R len=7
PKT t=21933 TX ua=95 mt=P len=0
PKT t=21943 RX ua=95 mt=R len=7
PKT t=21948 TX ua=95 mt=T len=7
PKT t=21986 TX ua=95 mt=P len=0
PKT t=22011 RX ua=95 mt=R len=7
PKT t=22016 TX ua=95 mt=P len=0
PKT t=22025 RX ua=95 mt=R len=7
PKT t=22030 TX ua=95 mt=P len=0
PKT t=22039 RX ua=95 mt=R len=7
PKT t=22044 TX ua=95 mt=P len=0
PKT t=22053 RX ua=95 mt=R len=7
PKT t=22058 TX ua=95 mt=P len=0
PKT t=22067 RX ua=95 mt=R len=7
PKT t=22072 TX ua=95 mt=P len=0
PKT t=22081 RX ua=95 mt=R len=7
PKT t=22086 TX ua=95 mt=P len=0
PKT t=22124 RX ua=95 mt=R len=7
PKT t=22129 TX ua=95 mt=P len=0
PKT t=22138 RX ua=95 mt=R len=7
PKT t=22143 TX ua=95 mt=P len=0
PKT t=22152 RX ua=95 mt=R len=7
PKT t=22157 TX ua=95 mt=P len=0
PKT t=22166 RX ua=95 mt=R len=7
PKT t=22171 TX ua=95 mt=P len=0
PKT t=22180 RX ua=95 mt=R len=7
PKT t=22185 TX ua=95 mt=P len=0
PKT t=22219 RX ua=95 mt=R len=7
PKT t=22224 TX ua=95 mt=T len=7
PKT t=22237 TX ua=95 mt=P len=0
PKT t=22269 RX ua=95 mt=R len=7
PKT t=22274 TX ua=95 mt=P len=0
PKT t=22283 RX ua=95 mt=R len=7
PKT t=22288 TX ua=95 mt=P len=0
PKT t=22317 RX ua=95 mt=R len=7
PKT t=22322 TX ua=95 mt=P len=0
PKT t=22331 RX ua=95 mt=R len=7
PKT t=22336 TX ua=95 mt=P len=0
PKT t=22345 RX ua=95 mt=R len=7
PKT t=22350 TX ua=95 mt=P len=0
PKT t=22359 RX ua=95 mt=R len=7
PKT t=22364 TX ua=95 mt=P len=0
PKT t=22373 RX ua=95 mt=R len=7
PKT t=22378 TX ua=95 mt=P len=0
PKT t=22414 RX ua=95 mt=R len=7
PKT t=22419 TX ua=95 mt=T len=7
PKT t=22431 TX ua=95 mt=P len=0
PKT t=22440 RX ua=95 mt=R len=7
PKT t=22445 TX ua=95 mt=T len=7
PKT t=22457 TX ua=95 mt=P len=0
PKT t=22466 RX ua=95 mt=R len=7
PKT t=22471 TX ua=95 mt=P len=0
PKT t=22480 RX ua=95 mt=R len=7
PKT t=22485 TX ua=95 mt=P len=0
PKT t=22494 RX ua=95 mt=R len=7
PKT t=22499 TX ua=95 mt=P len=0
PKT t=22528 RX ua=95 mt=R len=7
PKT t=22559 TX ua=95 mt=P len=0
PKT t=22568 RX ua=95 mt=R len=7
PKT t=22573 TX ua=95 mt=P len=0
PKT t=22582 RX ua=95 mt=R len=7
PKT t=22587 TX ua=95 mt=P len=0
PKT t=22596 RX ua=95 mt=R len=7
PKT t=22601 TX ua=95 mt=P len=0
PKT t=22630 RX ua=95 mt=R len=7
PKT t=22635 TX ua=95 mt=P len=0
PKT t=22644 RX ua=95 mt=R len=7
PKT t=22649 TX ua=95 mt=P len=0
PKT t=22658 RX ua=95 mt=R len=7
PKT t=22663 TX ua=95 mt=P len=0
PKT t=22672 RX ua=95 mt=R len=7
PKT t=22704 TX ua=95 mt=P len=0
PKT t=22729 RX ua=95 mt=R len=7
PKT t=22734 TX ua=95 mt=T len=7
PKT t=22746 TX ua=95 mt=P len=0
PKT t=22756 RX ua=95 mt=R len=7
PKT t=22761 TX ua=95 mt=P len=0
PKT t=22770 RX ua=95 mt=R len=7
PKT t=22775 TX ua=95 mt=P len=0
PKT t=22784 RX ua=95 mt=R len=7
PKT t=22789 TX ua=95 mt=P len=0
PKT t=22798 RX ua=95 mt=R len=7
PKT t=22803 TX ua=95 mt=P len=0
PKT t=22849 RX ua=95 mt=R len=7
PKT t=22854 TX ua=95 mt=P len=0
PKT t=22863 RX ua=95 mt=R len=7
PKT t=22868 TX ua=95 mt=P len=0
PKT t=22877 RX ua=95 mt=R len=7
PKT t=22882 TX ua=95 mt=P len=0
PKT t=22891 RX ua=95 mt=R len=7
PKT t=22896 TX ua=95 mt=P len=0
PKT t=22905 RX ua=95 mt=R len=7
PKT t=22910 TX ua=95 mt=P len=0
PKT t=22939 RX ua=95 mt=R len=7
PKT t=22944 TX ua=95 mt=P len=0
PKT t=22953 RX ua=95 mt=R len=7
PKT t=22958 TX ua=95 mt=T len=7
PKT t=22994 TX ua=95 mt=P len=0
PKT t=23003 RX ua=95 mt=R len=7
PKT t=23008 TX ua=95 mt=P len=0
PKT t=23039 RX ua=95 mt=R len=7
PKT t=23043 TX ua=95 mt=P len=0
PKT t=23052 RX ua=95 mt=R len=7
PKT t=23057 TX ua=95 mt=P len=0
PKT t=23066 RX ua=95 mt=R len=7
PKT t=23071 TX ua=95 mt=P len=0
PKT t=23080 RX ua=95 mt=R len=7
PKT t=23085 TX ua=95 mt=P len=0
PKT t=23094 RX ua=95 mt=R len=7
PKT t=23099 TX ua=95 mt=P len=0
PKT t=23108 RX ua=95 mt=R len=7
PKT t=23139 TX ua=95 mt=P len=0
PKT t=23148 RX ua=95 mt=R len=7
PKT t=23153 TX ua=95 mt=P len=0
PKT t=23162 RX ua=95 mt=R len=7
PKT t=23167 TX ua=95 mt=P len=0
PKT t=23176 RX ua=95 mt=R len=7
PKT t=23181 TX ua=95 mt=P len=0
PKT t=23190 RX ua=95 mt=R len=7
PKT t=23195 TX ua=95 mt=P len=0
PKT t=23204 RX ua=95 mt=R len=7
PKT t=23209 TX ua=95 mt=T len=7
PKT t=23221 TX ua=95 mt=P len=0
PKT t=23243 RX ua=95 mt=R len=7
PKT t=23248 TX ua=95 mt=P len=0
PKT t=23284 RX ua=95 mt=R len=7
PKT t=23289 TX ua=95 mt=P len=0
PKT t=23298 RX ua=95 mt=R len=7
PKT t=23303 TX ua=95 mt=P len=0
PKT t=23312 RX ua=95 mt=R len=7
PKT t=23317 TX ua=95 mt=P len=0
PKT t=23346 RX ua=95 mt=R len=7
PKT t=23351 TX ua=95 mt=P len=0
PKT t=23360 RX ua=95 mt=R len=7
PKT t=23365 TX ua=95 mt=P len=0
PKT t=23374 RX ua=95 mt=R len=7
PKT t=23379 TX ua=95 mt=P len=0
PKT t=23388 RX ua=95 mt=R len=7
PKT t=23393 TX ua=95 mt=P len=0
PKT t=23429 RX ua=95 mt=R len=7
PKT t=23434 TX ua=95 mt=T len=7
PKT t=23446 TX ua=95 mt=P len=0
PKT t=23455 RX ua=95 mt=R len=7
PKT t=23460 TX ua=95 mt=T len=7
PKT t=23472 TX ua=95 mt=P len=0
PKT t=23481 RX ua=95 mt=R len=7
PKT t=23486 TX ua=95 mt=P len=0
PKT t=23495 RX ua=95 mt=R len=7
PKT t=23500 TX ua=95 mt=P len=0
PKT t=23509 RX ua=95 mt=R len=7
PKT t=23514 TX ua=95 mt=P len=0
PKT t=23574 RX ua=95 mt=R len=7
PKT t=23579 TX ua=95 mt=P len=0
PKT t=23588 RX ua=95 mt=R len=7
PKT t=23593 TX ua=95 mt=P len=0
PKT t=23602 RX ua=95 mt=R len=7
PKT t=23607 TX ua=95 mt=P len=0
PKT t=23616 RX ua=95 mt=R len=7
PKT t=23621 TX ua=95 mt=P len=0
PKT t=23650 RX ua=95 mt=R len=7
PKT t=23655 TX ua=95 mt=P len=0
PKT t=23664 RX ua=95 mt=R len=7
PKT t=23669 TX ua=95 mt=P len=0
PKT t=23678 RX ua=95 mt=R len=7
PKT t=23683 TX ua=95 mt=P len=0
PKT t=23719 RX ua=95 mt=R len=7
PKT t=23724 TX ua=95 mt=T len=7
PKT t=23736 TX ua=95 mt=P len=0
PKT t=23752 RX ua=95 mt=R len=7
PKT t=23757 TX ua=95 mt=P len=0
PKT t=23767 RX ua=95 mt=R len=7
PKT t=23772 TX ua=95 mt=P len=0
PKT t=23782 RX ua=95 mt=R len=7
PKT t=23787 TX ua=95 mt=P len=0
PKT t=23797 RX ua=95 mt=R len=7
PKT t=23802 TX ua=95 mt=P len=0
PKT t=23812 RX ua=95 mt=R len=7
PKT t=23817 TX ua=95 mt=P len=0
PKT t=23864 RX ua=95 mt=R len=7
PKT t=23869 TX ua=95 mt=P len=0
PKT t=23879 RX ua=95 mt=R len=7
PKT t=23884 TX ua=95 mt=P len=0
PKT t=23894 RX ua=95 mt=R len=7
PKT t=23899 TX ua=95 mt=P len=0
PKT t=23909 RX ua=95 mt=R len=7
PKT t=23914 TX ua=95 mt=P len=0
PKT t=23924 RX ua=95 mt=R len=7
PKT t=23929 TX ua=95 mt=P len=0
PKT t=23958 RX ua=95 mt=R len=7
PKT t=23963 TX ua=95 mt=P len=0
PKT t=23973 RX ua=95 mt=R len=7
PKT t=23978 TX ua=95 mt=T len=7
PKT t=24016 TX ua=95 mt=P len=0
PKT t=24025 RX ua=95 mt=R len=7
PKT t=24030 TX ua=95 mt=P len=0
PKT t=24059 RX ua=95 mt=R len=7
PKT t=24067 TX ua=95 mt=P len=0
PKT t=24076 RX ua=95 mt=R len=7
PKT t=24081 TX ua=95 mt=P len=0
PKT t=24090 RX ua=95 mt=R len=7
PKT t=24095 TX ua=95 mt=P len=0
PKT t=24104 RX ua=95 mt=R len=7
PKT t=24109 TX ua=95 mt=P len=0
PKT t=24118 RX ua=95 mt=R len=7
PKT t=24123 TX ua=95 mt=P len=0
PKT t=24154 RX ua=95 mt=R len=7
PKT t=24409 TX ua=96 mt=P len=0
PKT t=24667 TX ua=95 mt=P len=0
PKT t=24676 RX ua=95 mt=R len=7
PKT t=24681 TX ua=95 mt=T len=7
PKT t=24693 TX ua=95 mt=P len=0
PKT t=24702 RX ua=95 mt=R len=7
PKT t=24734 TX ua=95 mt=P len=0
PKT t=24766 RX ua=95 mt=R len=7
PKT t=24771 TX ua=95 mt=T len=7
PKT t=24783 TX ua=95 mt=P len=0
PKT t=24792 RX ua=95 mt=R len=7
PKT t=24797 TX ua=95 mt=P len=0
PKT t=24806 RX ua=95 mt=R len=7
PKT t=24811 TX ua=95 mt=P len=0
PKT t=24820 RX ua=95 mt=R len=7
PKT t=24825 TX ua=95 mt=P len=0
PKT t=24834 RX ua=95 mt=R len=7
PKT t=24839 TX ua=95 mt=P len=0
PKT t=24879 RX ua=95 mt=R len=7
PKT t=24884 TX ua=95 mt=P len=0
PKT t=24893 RX ua=95 mt=R len=7
PKT t=24898 TX ua=95 mt=P len=0
PKT t=24907 RX ua=95 mt=R len=7
PKT t=24912 TX ua=95 mt=P len=0
PKT t=24921 RX ua=95 mt=R len=7
PKT t=24926 TX ua=95 mt=P len=0
PKT t=24935 RX ua=95 mt=R len=7
PKT t=24940 TX ua=95 mt=P len=0
PKT t=24969 RX ua=95 mt=R len=7
PKT t=24974 TX ua=95 mt=P len=0
PKT t=24983 RX ua=95 mt=R len=7
PKT t=24988 TX ua=95 mt=T len=7
PKT t=25024 TX ua=95 mt=P len=0
PKT t=25033 RX ua=95 mt=R len=7
PKT t=25038 TX ua=95 mt=P len=0
PKT t=25069 RX ua=95 mt=R len=7
PKT t=25074 TX ua=95 mt=P len=0
PKT t=25083 RX ua=95 mt=R len=7
PKT t=25088 TX ua=95 mt=P len=0
PKT t=25097 RX ua=95 mt=R len=7
PKT t=25102 TX ua=95 mt=P len=0
PKT t=25111 RX ua=95 mt=R len=7
PKT t=25116 TX ua=95 mt=P len=0
PKT t=25125 RX ua=95 mt=R len=7
PKT t=25130 TX ua=95 mt=P len=0
PKT t=25139 RX ua=95 mt=R len=7
PKT t=25169 TX ua=95 mt=P len=0
PKT t=25178 RX ua=95 mt=R len=7
PKT t=25183 TX ua=95 mt=P len=0
PKT t=25192 RX ua=95 mt=R len=7
PKT t=25197 TX ua=95 mt=P len=0
PKT t=25206 RX ua=95 mt=R len=7
PKT t=25211 TX ua=95 mt=P len=0
PKT t=25220 RX ua=95 mt=R len=7
PKT t=25225 TX ua=95 mt=P len=0
PKT t=25234 RX ua=95 mt=R len=7
PKT t=25239 TX ua=95 mt=T len=7
PKT t=25251 TX ua=95 mt=P len=0
PKT t=25274 RX ua=95 mt=R len=7
PKT t=25279 TX ua=95 mt=P len=0
PKT t=25314 RX ua=95 mt=R len=7
PKT t=25319 TX ua=95 mt=P len=0
PKT t=25328 RX ua=95 mt=R len=7
PKT t=25333 TX ua=95 mt=P len=0
PKT t=25342 RX ua=95 mt=R len=7
PKT t=25347 TX ua=95 mt=P len=0
PKT t=25376 RX ua=95 mt=R len=7
PKT t=25381 TX ua=95 mt=P len=0
PKT t=25390 RX ua=95 mt=R len=7
PKT t=25395 TX ua=95 mt=P len=0
PKT t=25404 RX ua=95 mt=R len=7
PKT t=25409 TX ua=95 mt=P len=0
PKT t=25418 RX ua=95 mt=R len=7
PKT t=25423 TX ua=95 mt=P len=0
PKT t=25459 RX ua=95 mt=R len=7
PKT t=25464 TX ua=95 mt=T len=7
PKT t=25476 TX ua=95 mt=P len=0
PKT t=25485 RX ua=95 mt=R len=7
PKT t=25490 TX ua=95 mt=T len=7
PKT t=25502 TX ua=95 mt=P len=0
PKT t=25511 RX ua=95 mt=R len=7
PKT t=25516 TX ua=95 mt=P len=0
PKT t=25525 RX ua=95 mt=R len=7
PKT t=25530 TX ua=95 mt=P len=0
PKT t=25539 RX ua=95 mt=R len=7
PKT t=25544 TX ua=95 mt=P len=0
PKT t=25604 RX ua=95 mt=R len=7
PKT t=25609 TX ua=95 mt=P len=0
PKT t=25618 RX ua=95 mt=R len=7
PKT t=25623 TX ua=95 mt=P len=0
PKT t=25632 RX ua=95 mt=R len=7
PKT t=25637 TX ua=95 mt=P len=0
PKT t=25646 RX ua=95 mt=R len=7
PKT t=25651 TX ua=95 mt=P len=0
PKT t=25680 RX ua=95 mt=R len=7
PKT t=25685 TX ua=95 mt=P len=0
PKT t=25694 RX ua=95 mt=R len=7
PKT t=25699 TX ua=95 mt=P len=0
PKT t=25708 RX ua=95 mt=R len=7
PKT t=25713 TX ua=95 mt=P len=0
PKT t=25749 RX ua=95 mt=R len=7
PKT t=25754 TX ua=95 mt=T len=7
PKT t=25766 TX ua=95 mt=P len=0
PKT t=25782 RX ua=95 mt=R len=7
PKT t=25787 TX ua=95 mt=P len=0
PKT t=25797 RX ua=95 mt=R len=7
PKT t=25802 TX ua=95 mt=P len=0
PKT t=25812 RX ua=95 mt=R len=7
PKT t=25817 TX ua=95 mt=P len=0
PKT t=25827 RX ua=95 mt=R len=7
PKT t=25832 TX ua=95 mt=P len=0
PKT t=25842 RX ua=95 mt=R len=7
PKT t=25847 TX ua=95 mt=P len=0
PKT t=25894 RX ua=95 mt=R len=7
PKT t=25899 TX ua=95 mt=P len=0
PKT t=25909 RX ua=95 mt=R len=7
PKT t=25914 TX ua=95 mt=P len=0
PKT t=25924 RX ua=95 mt=R len=7
PKT t=25929 TX ua=95 mt=P len=0
PKT t=25939 RX ua=95 mt=R len=7
PKT t=25944 TX ua=95 mt=P len=0
PKT t=25954 RX ua=95 mt=R len=7
PKT t=25959 TX ua=95 mt=P len=0
PKT t=25988 RX ua=95 mt=R len=7
PKT t=25993 TX ua=95 mt=P len=0
PKT t=26003 RX ua=95 mt=R len=7
PKT t=26008 TX ua=95 mt=T len=7
PKT t=26046 TX ua=95 mt=P len=0
PKT t=26055 RX ua=95 mt=R len=7
PKT t=26060 TX ua=95 mt=P len=0
PKT t=26089 RX ua=95 mt=R len=7
PKT t=26094 TX ua=95 mt=P len=0
PKT t=26103 RX ua=95 mt=R len=7
PKT t=26108 TX ua=95 mt=P len=0
PKT t=26117 RX ua=95 mt=R len=7
PKT t=26122 TX ua=95 mt=P len=0
PKT t=26131 RX ua=95 mt=R len=7
PKT t=26136 TX ua=95 mt=P len=0
PKT t=26145 RX ua=95 mt=R len=7
PKT t=26150 TX ua=95 mt=P len=0
PKT t=26184 RX ua=95 mt=R len=7
PKT t=26189 TX ua=95 mt=P len=0
PKT t=26198 RX ua=95 mt=R len=7
PKT t=26203 TX ua=95 mt=P len=0
PKT t=26212 RX ua=95 mt=R len=7
PKT t=26217 TX ua=95 mt=P len=0
PKT t=26226 RX ua=95 mt=R len=7
PKT t=26231 TX ua=95 mt=P len=0
PKT t=26240 RX ua=95 mt=R len=7
PKT t=26245 TX ua=95 mt=P len=0
PKT t=26254 RX ua=95 mt=R len=7
PKT t=26259 TX ua=95 mt=T len=7
PKT t=26271 TX ua=95 mt=P len=0
PKT t=26295 RX ua=95 mt=R len=7
PKT t=26300 TX ua=95 mt=P len=0
PKT t=26330 RX ua=95 mt=R len=7
PKT t=26585 TX ua=96 mt=P len=0
PKT t=26843 TX ua=95 mt=P len=0
PKT t=26852 RX ua=95 mt=R len=7
PKT t=26857 TX ua=95 mt=T len=7
PKT t=26870 TX ua=95 mt=P len=0
PKT t=26909 RX ua=95 mt=R len=7
PKT t=26914 TX ua=95 mt=T len=7
PKT t=26927 TX ua=95 mt=P len=0
PKT t=26936 RX ua=95 mt=R len=7
PKT t=26941 TX ua=95 mt=P len=0
PKT t=26950 RX ua=95 mt=R len=7
PKT t=26955 TX ua=95 mt=P len=0
PKT t=26964 RX ua=95 mt=R len=7
PKT t=26969 TX ua=95 mt=P len=0
PKT t=26998 RX ua=95 mt=R len=7
PKT t=27003 TX ua=95 mt=P len=0
PKT t=27012 RX ua=95 mt=R len=7
PKT t=27017 TX ua=95 mt=T len=7
PKT t=27054 TX ua=95 mt=P len=0
PKT t=27063 RX ua=95 mt=R len=7
PKT t=27068 TX ua=95 mt=P len=0
PKT t=27098 RX ua=95 mt=R len=7
PKT t=27103 TX ua=95 mt=P len=0
PKT t=27112 RX ua=95 mt=R len=7
PKT t=27117 TX ua=95 mt=P len=0
PKT t=27126 RX ua=95 mt=R len=7
PKT t=27131 TX ua=95 mt=P len=0
PKT t=27140 RX ua=95 mt=R len=7
PKT t=27145 TX ua=95 mt=P len=0
PKT t=27154 RX ua=95 mt=R len=7
PKT t=27159 TX ua=95 mt=P len=0
PKT t=27168 RX ua=95 mt=R len=7
PKT t=27199 TX ua=95 mt=P len=0
PKT t=27208 RX ua=95 mt=R len=7
PKT t=27213 TX ua=95 mt=P len=0
PKT t=27222 RX ua=95 mt=R len=7
PKT t=27227 TX ua=95 mt=P len=0
PKT t=27236 RX ua=95 mt=R len=7
PKT t=27241 TX ua=95 mt=P len=0
PKT t=27250 RX ua=95 mt=R len=7
PKT t=27255 TX ua=95 mt=P len=0
PKT t=27264 RX ua=95 mt=R len=7
PKT t=27269 TX ua=95 mt=T len=7
PKT t=27282 TX ua=95 mt=P len=0
PKT t=27303 RX ua=95 mt=R len=7
PKT t=27308 TX ua=95 mt=P len=0
PKT t=27344 RX ua=95 mt=R len=7
PKT t=27349 TX ua=95 mt=P len=0
PKT t=27358 RX ua=95 mt=R len=7
PKT t=27363 TX ua=95 mt=P len=0
PKT t=27372 RX ua=95 mt=R len=7
PKT t=27377 TX ua=95 mt=P len=0
PKT t=27406 RX ua=95 mt=R len=7
PKT t=27411 TX ua=95 mt=P len=0
PKT t=27420 RX ua=95 mt=R len=7
PKT t=27425 TX ua=95 mt=P len=0
PKT t=27434 RX ua=95 mt=R len=7
PKT t=27439 TX ua=95 mt=P len=0
PKT t=27448 RX ua=95 mt=R len=7
PKT t=27453 TX ua=95 mt=P len=0
PKT t=27489 RX ua=95 mt=R len=7
PKT t=27494 TX ua=95 mt=T len=7
PKT t=27506 TX ua=95 mt=P len=0
PKT t=27515 RX ua=95 mt=R len=7
PKT t=27520 TX ua=95 mt=T len=7
PKT t=27532 TX ua=95 mt=P len=0
PKT t=27541 RX ua=95 mt=R len=7
PKT t=27546 TX ua=95 mt=P len=0
PKT t=27555 RX ua=95 mt=R len=7
PKT t=27560 TX ua=95 mt=P len=0
PKT t=27569 RX ua=95 mt=R len=7
PKT t=27574 TX ua=95 mt=P len=0
PKT t=27634 RX ua=95 mt=R len=7
PKT t=27639 TX ua=95 mt=P len=0
PKT t=27648 RX ua=95 mt=R len=7
PKT t=27653 TX ua=95 mt=P len=0
PKT t=27662 RX ua=95 mt=R len=7
PKT t=27667 TX ua=95 mt=P len=0
PKT t=27676 RX ua=95 mt=R len=7
PKT t=27681 TX ua=95 mt=P len=0
PKT t=27710 RX ua=95 mt=R len=7
PKT t=27715 TX ua=95 mt=P len=0
PKT t=27724 RX ua=95 mt=R len=7
PKT t=27729 TX ua=95 mt=P len=0
PKT t=27738 RX ua=95 mt=R len=7
PKT t=27743 TX ua=95 mt=P len=0
PKT t=27779 RX ua=95 mt=R len=7
PKT t=27784 TX ua=95 mt=T len=7
PKT t=27796 TX ua=95 mt=P len=0
PKT t=27812 RX ua=95 mt=R len=7
PKT t=27817 TX ua=95 mt=P len=0
PKT t=27827 RX ua=95 mt=R len=7
PKT t=27832 TX ua=95 mt=P len=0
PKT t=27842 RX ua=95 mt=R len=7
PKT t=27847 TX ua=95 mt=P len=0
PKT t=27857 RX ua=95 mt=R len=7
PKT t=27862 TX ua=95 mt=P len=0
PKT t=27872 RX ua=95 mt=R len=7
PKT t=27877 TX ua=95 mt=P len=0
PKT t=27924 RX ua=95 mt=R len=7
PKT t=27929 TX ua=95 mt=P len=0
PKT t=27939 RX ua=95 mt=R len=7
PKT t=27944 TX ua=95 mt=P len=0
PKT t=27954 RX ua=95 mt=R len=7
PKT t=27959 TX ua=95 mt=P len=0
PKT t=27969 RX ua=95 mt=R len=7
PKT t=27974 TX ua=95 mt=P len=0
PKT t=27984 RX ua=95 mt=R len=7
PKT t=27989 TX ua=95 mt=P len=0
PKT t=28018 RX ua=95 mt=R len=7
PKT t=28023 TX ua=95 mt=P len=0
PKT t=28033 RX ua=95 mt=R len=7
PKT t=28038 TX ua=95 mt=T len=7
PKT t=28081 TX ua=95 mt=P len=0
PKT t=28090 RX ua=95 mt=R len=7
PKT t=28095 TX ua=95 mt=P len=0
PKT t=28124 RX ua=95 mt=R len=7
PKT t=28129 TX ua=95 mt=P len=0
PKT t=28138 RX ua=95 mt=R len=7
PKT t=28143 TX ua=95 mt=P len=0
PKT t=28152 RX ua=95 mt=R len=7
PKT t=28157 TX ua=95 mt=P len=0
PKT t=28166 RX ua=95 mt=R len=7
PKT t=28171 TX ua=95 mt=P len=0
PKT t=28180 RX ua=95 mt=R len=7
PKT t=28185 TX ua=95 mt=P len=0
PKT t=28215 RX ua=95 mt=R len=7
PKT t=28470 TX ua=96 mt=P len=0
PKT t=28728 TX ua=95 mt=P len=0
PKT t=28737 RX ua=95 mt=R len=7
PKT t=28742 TX ua=95 mt=T len=7
PKT t=28754 TX ua=95 mt=P len=0
PKT t=28763 RX ua=95 mt=R len=7
PKT t=28794 TX ua=95 mt=P len=0
PKT t=28828 RX ua=95 mt=R len=7
PKT t=28833 TX ua=95 mt=T len=7
PKT t=28845 TX ua=95 mt=P len=0
PKT t=28854 RX ua=95 mt=R len=7
PKT t=28859 TX ua=95 mt=P len=0
PKT t=28868 RX ua=95 mt=R len=7
PKT t=28873 TX ua=95 mt=P len=0
PKT t=28882 RX ua=95 mt=R len=7
PKT t=28887 TX ua=95 mt=P len=0
PKT t=28896 RX ua=95 mt=R len=7
PKT t=28901 TX ua=95 mt=P len=0
PKT t=28939 RX ua=95 mt=R len=7
PKT t=28944 TX ua=95 mt=P len=0
PKT t=28953 RX ua=95 mt=R len=7
PKT t=28958 TX ua=95 mt=P len=0
PKT t=28967 RX ua=95 mt=R len=7
PKT t=28972 TX ua=95 mt=P len=0
PKT t=28981 RX ua=95 mt=R len=7
PKT t=28986 TX ua=95 mt=P len=0
PKT t=28995 RX ua=95 mt=R len=7
PKT t=29000 TX ua=95 mt=P len=0
PKT t=29030 RX ua=95 mt=R len=7
PKT t=29035 TX ua=95 mt=P len=0
PKT t=29044 RX ua=95 mt=R len=7
PKT t=29049 TX ua=95 mt=T len=7
PKT t=29089 TX ua=95 mt=P len=0
PKT t=29098 RX ua=95 mt=R len=7
PKT t=29103 TX ua=95 mt=P len=0
PKT t=29132 RX ua=95 mt=R len=7
PKT t=29137 TX ua=95 mt=P len=0
PKT t=29146 RX ua=95 mt=R len=7
PKT t=29151 TX ua=95 mt=P len=0
PKT t=29160 RX ua=95 mt=R len=7
PKT t=29165 TX ua=95 mt=P len=0
PKT t=29174 RX ua=95 mt=R len=7
PKT t=29179 TX ua=95 mt=P len=0
PKT t=29188 RX ua=95 mt=R len=7
PKT t=29193 TX ua=95 mt=P len=0
PKT t=29229 RX ua=95 mt=R len=7
PKT t=29234 TX ua=95 mt=P len=0
PKT t=29243 RX ua=95 mt=R len=7
PKT t=29248 TX ua=95 mt=P len=0
PKT t=29257 RX ua=95 mt=R len=7
PKT t=29262 TX ua=95 mt=P len=0
PKT t=29271 RX ua=95 mt=R len=7
PKT t=29276 TX ua=95 mt=P len=0
PKT t=29285 RX ua=95 mt=R len=7
PKT t=29290 TX ua=95 mt=P len=0
PKT t=29299 RX ua=95 mt=R len=7
PKT t=29304 TX ua=95 mt=T len=7
PKT t=29316 TX ua=95 mt=P len=0
PKT t=29337 RX ua=95 mt=R len=7
PKT t=29342 TX ua=95 mt=P len=0
PKT t=29374 RX ua=95 mt=R len=7
PKT t=29379 TX ua=95 mt=P len=0
PKT t=29388 RX ua=95 mt=R len=7
PKT t=29393 TX ua=95 mt=P len=0
PKT t=29402 RX ua=95 mt=R len=7
PKT t=29407 TX ua=95 mt=P len=0
PKT t=29436 RX ua=95 mt=R len=7
PKT t=29441 TX ua=95 mt=P len=0
PKT t=29450 RX ua=95 mt=R len=7
PKT t=29455 TX ua=95 mt=P len=0
PKT t=29464 RX ua=95 mt=R len=7
PKT t=29469 TX ua=95 mt=P len=0
PKT t=29478 RX ua=95 mt=R len=7
PKT t=29483 TX ua=95 mt=P len=0
PKT t=29519 RX ua=95 mt=R len=7
PKT t=29524 TX ua=95 mt=T len=7
PKT t=29537 TX ua=95 mt=P len=0
PKT t=29546 RX ua=95 mt=R len=7
PKT t=29551 TX ua=95 mt=T len=7
PKT t=29564 TX ua=95 mt=P len=0
PKT t=29573 RX ua=95 mt=R len=7
PKT t=29578 TX ua=95 mt=P len=0
PKT t=29587 RX ua=95 mt=R len=7
PKT t=29592 TX ua=95 mt=P len=0
PKT t=29601 RX ua=95 mt=R len=7
PKT t=29606 TX ua=95 mt=P len=0
PKT t=29664 RX ua=95 mt=R len=7
PKT t=29669 TX ua=95 mt=P len=0
PKT t=29678 RX ua=95 mt=R len=7
PKT t=29683 TX ua=95 mt=P len=0
PKT t=29692 RX ua=95 mt=R len=7
PKT t=29697 TX ua=95 mt=P len=0
PKT t=29706 RX ua=95 mt=R len=7
PKT t=29711 TX ua=95 mt=P len=0
PKT t=29740 RX ua=95 mt=R len=7
PKT t=29745 TX ua=95 mt=P len=0
PKT t=29754 RX ua=95 mt=R len=7
PKT t=29759 TX ua=95 mt=P len=0
PKT t=29768 RX ua=95 mt=R len=7
PKT t=29773 TX ua=95 mt=P len=0
PKT t=29809 RX ua=95 mt=R len=7
PKT t=29814 TX ua=95 mt=T len=7
PKT t=29827 TX ua=95 mt=P len=0
PKT t=29842 RX ua=95 mt=R len=7
PKT t=29847 TX ua=95 mt=P len=0
PKT t=29857 RX ua=95 mt=R len=7
PKT t=29862 TX ua=95 mt=P len=0
PKT t=29872 RX ua=95 mt=R len=7
PKT t=29877 TX ua=95 mt=P len=0
PKT t=29887 RX ua=95 mt=R len=7
PKT t=29892 TX ua=95 mt=P len=0
PKT t=29902 RX ua=95 mt=R len=7
PKT t=29907 TX ua=95 mt=P len=0
PKT t=29954 RX ua=95 mt=R len=7
PKT t=29959 TX ua=95 mt=P len=0
PKT t=29969 RX ua=95 mt=R len=7
PKT t=29974 TX ua=95 mt=P len=0
PKT t=29984 RX ua=95 mt=R len=7
PKT t=29989 TX ua=95 mt=P len=0
PKT t=29999 RX ua=95 mt=R len=7
PKT t=30004 TX ua=95 mt=P len=0
PKT t=30014 RX ua=95 mt=R len=7
PKT t=30019 TX ua=95 mt=P len=0
PKT t=30048 RX ua=95 mt=R len=7
PKT t=30053 TX ua=95 mt=P len=0
PKT t=30063 RX ua=95 mt=R len=7
PKT t=30068 TX ua=95 mt=T len=7
PKT t=30109 TX ua=95 mt=P len=0
PKT t=30118 RX ua=95 mt=R len=7
PKT t=30123 TX ua=95 mt=P len=0
PKT t=30152 RX ua=95 mt=R len=7
PKT t=30157 TX ua=95 mt=P len=0
PKT t=30166 RX ua=95 mt=R len=7
PKT t=30171 TX ua=95 mt=P len=0
PKT t=30180 RX ua=95 mt=R len=7
PKT t=30185 TX ua=95 mt=P len=0
PKT t=30194 RX ua=95 mt=R len=7
PKT t=30199 TX ua=95 mt=P len=0
PKT t=30208 RX ua=95 mt=R len=7
PKT t=30213 TX ua=95 mt=P len=0
PKT t=30248 RX ua=95 mt=R len=7
PKT t=30253 TX ua=95 mt=P len=0
PKT t=30262 RX ua=95 mt=R len=7
PKT t=30267 TX ua=95 mt=P len=0
PKT t=30276 RX ua=95 mt=R len=7
PKT t=30281 TX ua=95 mt=P len=0
PKT t=30290 RX ua=95 mt=R len=7
PKT t=30295 TX ua=95 mt=P len=0
PKT t=30304 RX ua=95 mt=R len=7
PKT t=30309 TX ua=95 mt=P len=0
PKT t=30319 RX ua=95 mt=R len=7
PKT t=30323 TX ua=95 mt=T len=7
PKT t=30336 TX ua=95 mt=P len=0
PKT t=30358 RX ua=95 mt=R len=7
PKT t=30363 TX ua=95 mt=P len=0
PKT t=30393 RX ua=95 mt=R len=7
PKT t=30648 TX ua=96 mt=P len=0
PKT t=30906 TX ua=95 mt=P len=0
PKT t=30915 RX ua=95 mt=R len=7
PKT t=30920 TX ua=95 mt=T len=7
PKT t=30932 TX ua=95 mt=P len=0
PKT t=30973 RX ua=95 mt=R len=7
PKT t=30978 TX ua=95 mt=P len=0
PKT t=30987 RX ua=95 mt=R len=7
PKT t=30992 TX ua=95 mt=P len=0
PKT t=31001 RX ua=95 mt=R len=7
PKT t=31006 TX ua=95 mt=P len=0
PKT t=31015 RX ua=95 mt=R len=7
PKT t=31020 TX ua=95 mt=P len=0
PKT t=31029 RX ua=95 mt=R len=7
PKT t=31034 TX ua=95 mt=P len=0
PKT t=31063 RX ua=95 mt=R len=7
PKT t=31068 TX ua=95 mt=P len=0
PKT t=31078 RX ua=95 mt=R len=7
PKT t=31082 TX ua=95 mt=T len=7
PKT t=31118 TX ua=95 mt=P len=0
PKT t=31127 RX ua=95 mt=R len=7
PKT t=31132 TX ua=95 mt=P len=0
PKT t=31163 RX ua=95 mt=R len=7
PKT t=31168 TX ua=95 mt=P len=0
PKT t=31177 RX ua=95 mt=R len=7
PKT t=31182 TX ua=95 mt=P len=0
PKT t=31191 RX ua=95 mt=R len=7
PKT t=31196 TX ua=95 mt=P len=0
PKT t=31205 RX ua=95 mt=R len=7
PKT t=31210 TX ua=95 mt=P len=0
PKT t=31219 RX ua=95 mt=R len=7
PKT t=31224 TX ua=95 mt=P len=0
PKT t=31233 RX ua=95 mt=R len=7
PKT t=31263 TX ua=95 mt=P len=0
PKT t=31272 RX ua=95 mt=R len=7
PKT t=31277 TX ua=95 mt=P len=0
PKT t=31287 RX ua=95 mt=R len=7
PKT t=31292 TX ua=95 mt=P len=0
PKT t=31301 RX ua=95 mt=R len=7
PKT t=31306 TX ua=95 mt=P len=0
PKT t=31315 RX ua=95 mt=R len=7
PKT t=31320 TX ua=95 mt=P len=0
PKT t=31329 RX ua=95 mt=R len=7
PKT t=31334 TX ua=95 mt=T len=7
PKT t=31346 TX ua=95 mt=P len=0
PKT t=31369 RX ua=95 mt=R len=7
PKT t=31374 TX ua=95 mt=P len=0
PKT t=31408 RX ua=95 mt=R len=7
PKT t=31413 TX ua=95 mt=P len=0
PKT t=31422 RX ua=95 mt=R len=7
PKT t=31427 TX ua=95 mt=P len=0
PKT t=31436 RX ua=95 mt=R len=7
PKT t=31441 TX ua=95 mt=P len=0
PKT t=31470 RX ua=95 mt=R len=7
PKT t=31475 TX ua=95 mt=P len=0
PKT t=31484 RX ua=95 mt=R len=7
PKT t=31489 TX ua=95 mt=P len=0
PKT t=31498 RX ua=95 mt=R len=7
PKT t=31503 TX ua=95 mt=P len=0
PKT t=31512 RX ua=95 mt=R len=7
PKT t=31517 TX ua=95 mt=P len=0
PKT t=31553 RX ua=95 mt=R len=7
PKT t=31558 TX ua=95 mt=T len=7
PKT t=31570 TX ua=95 mt=P len=0
PKT t=31580 RX ua=95 mt=R len=7
PKT t=31584 TX ua=95 mt=T len=7
PKT t=31596 TX ua=95 mt=P len=0
PKT t=31605 RX ua=95 mt=R len=7
PKT t=31610 TX ua=95 mt=P len=0
PKT t=31619 RX ua=95 mt=R len=7
PKT t=31624 TX ua=95 mt=P len=0
PKT t=31633 RX ua=95 mt=R len=7
PKT t=31638 TX ua=95 mt=P len=0
PKT t=31698 RX ua=95 mt=R len=7
PKT t=31703 TX ua=95 mt=P len=0
PKT t=31712 RX ua=95 mt=R len=7
PKT t=31717 TX ua=95 mt=P len=0
PKT t=31726 RX ua=95 mt=R len=7
PKT t=31731 TX ua=95 mt=P len=0
PKT t=31740 RX ua=95 mt=R len=7
PKT t=31745 TX ua=95 mt=P len=0
PKT t=31774 RX ua=95 mt=R len=7
PKT t=31779 TX ua=95 mt=P len=0
PKT t=31788 RX ua=95 mt=R len=7
PKT t=31793 TX ua=95 mt=P len=0
PKT t=31802 RX ua=95 mt=R len=7
PKT t=31807 TX ua=95 mt=P len=0
PKT t=31843 RX ua=95 mt=R len=7
PKT t=31848 TX ua=95 mt=T len=7
PKT t=31860 TX ua=95 mt=P len=0
PKT t=31876 RX ua=95 mt=R len=7
PKT t=31881 TX ua=95 mt=P len=0
PKT t=31891 RX ua=95 mt=R len=7
PKT t=31896 TX ua=95 mt=P len=0
PKT t=31906 RX ua=95 mt=R len=7
PKT t=31911 TX ua=95 mt=P len=0
PKT t=31921 RX ua=95 mt=R len=7
PKT t=31926 TX ua=95 mt=P len=0
PKT t=31936 RX ua=95 mt=R len=7
PKT t=31941 TX ua=95 mt=P len=0
PKT t=31988 RX ua=95 mt=R len=7
PKT t=31993 TX ua=95 mt=P len=0
PKT t=32003 RX ua=95 mt=R len=7
PKT t=32008 TX ua=95 mt=P len=0
PKT t=32018 RX ua=95 mt=R len=7
PKT t=32023 TX ua=95 mt=P len=0
PKT t=32033 RX ua=95 mt=R len=7
PKT t=32038 TX ua=95 mt=P len=0
PKT t=32048 RX ua=95 mt=R len=7
PKT t=32053 TX ua=95 mt=P len=0
PKT t=32082 RX ua=95 mt=R len=7
PKT t=32087 TX ua=95 mt=P len=0
PKT t=32097 RX ua=95 mt=R len=7
PKT t=32102 TX ua=95 mt=T len=7
PKT t=32140 TX ua=95 mt=P len=0
PKT t=32149 RX ua=95 mt=R len=7
PKT t=32154 TX ua=95 mt=P len=0
PKT t=32183 RX ua=95 mt=R len=7
PKT t=32188 TX ua=95 mt=P len=0
PKT t=32197 RX ua=95 mt=R len=7
PKT t=32202 TX ua=95 mt=P len=0
PKT t=32211 RX ua=95 mt=R len=7
PKT t=32216 TX ua=95 mt=P len=0
PKT t=32225 RX ua=95 mt=R len=7
PKT t=32230 TX ua=95 mt=P len=0
PKT t=32239 RX ua=95 mt=R len=7
PKT t=32244 TX ua=95 mt=P len=0
PKT t=32278 RX ua=95 mt=R len=7
PKT t=32283 TX ua=95 mt=P len=0
PKT t=32292 RX ua=95 mt=R len=7
PKT t=32297 TX ua=95 mt=P len=0
PKT t=32306 RX ua=95 mt=R len=7
PKT t=32311 TX ua=95 mt=P len=0
PKT t=32320 RX ua=95 mt=R len=7
PKT t=32325 TX ua=95 mt=P len=0
PKT t=32334 RX ua=95 mt=R len=7
PKT t=32339 TX ua=95 mt=P len=0
PKT t=32348 RX ua=95 mt=R len=7
PKT t=32353 TX ua=95 mt=T len=7
PKT t=32365 TX ua=95 mt=P len=0
PKT t=32389 RX ua=95 mt=R len=7
PKT t=32394 TX ua=95 mt=P len=0
PKT t=32424 RX ua=95 mt=R len=7
PKT t=32679 TX ua=96 mt=P len=0
PKT t=32937 TX ua=95 mt=P len=0
PKT t=32946 RX ua=95 mt=R len=7
PKT t=32951 TX ua=95 mt=T len=7
PKT t=32963 TX ua=95 mt=P len=0
PKT t=33003 RX ua=95 mt=R len=7
PKT t=33008 TX ua=95 mt=P len=0
PKT t=33017 RX ua=95 mt=R len=7
PKT t=33022 TX ua=95 mt=P len=0
PKT t=33031 RX ua=95 mt=R len=7
PKT t=33036 TX ua=95 mt=P len=0
PKT t=33045 RX ua=95 mt=R len=7
PKT t=33050 TX ua=95 mt=P len=0
PKT t=33059 RX ua=95 mt=R len=7
PKT t=33064 TX ua=95 mt=P len=0
PKT t=33093 RX ua=95 mt=R len=7
PKT t=33098 TX ua=95 mt=P len=0
PKT t=33107 RX ua=95 mt=R len=7
PKT t=33112 TX ua=95 mt=T len=7
PKT t=33148 TX ua=95 mt=P len=0
PKT t=33157 RX ua=95 mt=R len=7
PKT t=33162 TX ua=95 mt=P len=0
PKT t=33193 RX ua=95 mt=R len=7
PKT t=33198 TX ua=95 mt=P len=0
PKT t=33207 RX ua=95 mt=R len=7
PKT t=33212 TX ua=95 mt=P len=0
PKT t=33221 RX ua=95 mt=R len=7
PKT t=33226 TX ua=95 mt=P len=0
PKT t=33235 RX ua=95 mt=R len=7
PKT t=33240 TX ua=95 mt=P len=0
PKT t=33249 RX ua=95 mt=R len=7
PKT t=33254 TX ua=95 mt=P len=0
PKT t=33263 RX ua=95 mt=R len=7
PKT t=33293 TX ua=95 mt=P len=0
PKT t=33302 RX ua=95 mt=R len=7
PKT t=33307 TX ua=95 mt=P len=0
PKT t=33316 RX ua=95 mt=R len=7
PKT t=33321 TX ua=95 mt=P len=0
PKT t=33330 RX ua=95 mt=R len=7
PKT t=33335 TX ua=95 mt=P len=0
PKT t=33344 RX ua=95 mt=R len=7
PKT t=33349 TX ua=95 mt=P len=0
PKT t=33358 RX ua=95 mt=R len=7
PKT t=33363 TX ua=95 mt=T len=7
PKT t=33375 TX ua=95 mt=P len=0
PKT t=33399 RX ua=95 mt=R len=7
PKT t=33404 TX ua=95 mt=P len=0
PKT t=33438 RX ua=95 mt=R len=7
PKT t=33443 TX ua=95 mt=P len=0
PKT t=33452 RX ua=95 mt=R len=7
PKT t=33457 TX ua=95 mt=P len=0
PKT t=33466 RX ua=95 mt=R len=7
PKT t=33471 TX ua=95 mt=P len=0
PKT t=33500 RX ua=95 mt=R len=7
PKT t=33505 TX ua=95 mt=P len=0
PKT t=33514 RX ua=95 mt=R len=7
PKT t=33519 TX ua=95 mt=P len=0
PKT t=33528 RX ua=95 mt=R len=7
PKT t=33533 TX ua=95 mt=P len=0
PKT t=33542 RX ua=95 mt=R len=7
PKT t=33547 TX ua=95 mt=P len=0
PKT t=33583 RX ua=95 mt=R len=7
PKT t=33588 TX ua=95 mt=T len=7
PKT t=33600 TX ua=95 mt=P len=0
PKT t=33609 RX ua=95 mt=R len=7
PKT t=33614 TX ua=95 mt=T len=7
PKT t=33626 TX ua=95 mt=P len=0
PKT t=33635 RX ua=95 mt=R len=7
PKT t=33640 TX ua=95 mt=P len=0
PKT t=33649 RX ua=95 mt=R len=7
PKT t=33654 TX ua=95 mt=P len=0
PKT t=33663 RX ua=95 mt=R len=7
PKT t=33668 TX ua=95 mt=P len=0
PKT t=33728 RX ua=95 mt=R len=7
PKT t=33733 TX ua=95 mt=P len=0
PKT t=33742 RX ua=95 mt=R len=7
PKT t=33747 TX ua=95 mt=P len=0
PKT t=33756 RX ua=95 mt=R len=7
PKT t=33761 TX ua=95 mt=P len=0
PKT t=33770 RX ua=95 mt=R len=7
PKT t=33775 TX ua=95 mt=P len=0
PKT t=33804 RX ua=95 mt=R len=7
PKT t=33809 TX ua=95 mt=P len=0
PKT t=33818 RX ua=95 mt=R len=7
PKT t=33823 TX ua=95 mt=P len=0
PKT t=33832 RX ua=95 mt=R len=7
PKT t=33837 TX ua=95 mt=P len=0
PKT t=33873 RX ua=95 mt=R len=7
PKT t=33878 TX ua=95 mt=T len=7
PKT t=33890 TX ua=95 mt=P len=0
PKT t=33906 RX ua=95 mt=R len=7
PKT t=33911 TX ua=95 mt=P len=0
PKT t=33921 RX ua=95 mt=R len=7
PKT t=33926 TX ua=95 mt=P len=0
PKT t=33936 RX ua=95 mt=R len=7
PKT t=33941 TX ua=95 mt=P len=0
PKT t=33951 RX ua=95 mt=R len=7
PKT t=33956 TX ua=95 mt=P len=0
PKT t=33966 RX ua=95 mt=R len=7
PKT t=33971 TX ua=95 mt=P len=0
PKT t=34018 RX ua=95 mt=R len=7
PKT t=34023 TX ua=95 mt=P len=0
PKT t=34033 RX ua=95 mt=R len=7
PKT t=34038 TX ua=95 mt=P len=0
PKT t=34048 RX ua=95 mt=R len=7
PKT t=34053 TX ua=95 mt=P len=0
PKT t=34063 RX ua=95 mt=R len=7
PKT t=34068 TX ua=95 mt=P len=0
PKT t=34078 RX ua=95 mt=R len=7
PKT t=34083 TX ua=95 mt=P len=0
PKT t=34112 RX ua=95 mt=R len=7
PKT t=34117 TX ua=95 mt=P len=0
PKT t=34127 RX ua=95 mt=R len=7
PKT t=34132 TX ua=95 mt=T len=7
PKT t=34170 TX ua=95 mt=P len=0
PKT t=34179 RX ua=95 mt=R len=7
PKT t=34184 TX ua=95 mt=P len=0
PKT t=34213 RX ua=95 mt=R len=7
PKT t=34218 TX ua=95 mt=P len=0
PKT t=34227 RX ua=95 mt=R len=7
PKT t=34232 TX ua=95 mt=P len=0
PKT t=34241 RX ua=95 mt=R len=7
PKT t=34246 TX ua=95 mt=P len=0
PKT t=34255 RX ua=95 mt=R len=7
PKT t=34260 TX ua=95 mt=P len=0
PKT t=34269 RX ua=95 mt=R len=7
PKT t=34274 TX ua=95 mt=P len=0
PKT t=34308 RX ua=95 mt=R len=7
PKT t=34313 TX ua=95 mt=P len=0
PKT t=34322 RX ua=95 mt=R len=7
PKT t=34327 TX ua=95 mt=P len=0
PKT t=34336 RX ua=95 mt=R len=7
PKT t=34341 TX ua=95 mt=P len=0
PKT t=34350 RX ua=95 mt=R len=7
PKT t=34355 TX ua=95 mt=P len=0
PKT t=34364 RX ua=95 mt=R len=7
PKT t=34369 TX ua=95 mt=P len=0
PKT t=34378 RX ua=95 mt=R len=7
PKT t=34383 TX ua=95 mt=T len=7
PKT t=34395 TX ua=95 mt=P len=0
PKT t=34419 RX ua=95 mt=R len=7
PKT t=34424 TX ua=95 mt=P len=0
PKT t=34454 RX ua=95 mt=R len=7
PKT t=34709 TX ua=96 mt=P len=0
PKT t=34967 TX ua=95 mt=P len=0
PKT t=34976 RX ua=95 mt=R len=7
PKT t=34981 TX ua=95 mt=T len=7
PKT t=34994 TX ua=95 mt=P len=0
PKT t=35033 RX ua=95 mt=R len=7
PKT t=35038 TX ua=95 mt=T len=7
PKT t=35051 TX ua=95 mt=P len=0
PKT t=35060 RX ua=95 mt=R len=7
PKT t=35065 TX ua=95 mt=P len=0
PKT t=35074 RX ua=95 mt=R len=7
PKT t=35079 TX ua=95 mt=P len=0
PKT t=35088 RX ua=95 mt=R len=7
PKT t=35093 TX ua=95 mt=P len=0
PKT t=35122 RX ua=95 mt=R len=7
PKT t=35127 TX ua=95 mt=P len=0
PKT t=35136 RX ua=95 mt=R len=7
PKT t=35141 TX ua=95 mt=T len=7
PKT t=35178 TX ua=95 mt=P len=0
PKT t=35187 RX ua=95 mt=R len=7
PKT t=35192 TX ua=95 mt=P len=0
PKT t=35222 RX ua=95 mt=R len=7
PKT t=35227 TX ua=95 mt=P len=0
PKT t=35236 RX ua=95 mt=R len=7
PKT t=35241 TX ua=95 mt=P len=0
PKT t=35250 RX ua=95 mt=R len=7
PKT t=35255 TX ua=95 mt=P len=0
PKT t=35264 RX ua=95 mt=R len=7
PKT t=35269 TX ua=95 mt=P len=0
PKT t=35278 RX ua=95 mt=R len=7
PKT t=35283 TX ua=95 mt=P len=0
PKT t=35292 RX ua=95 mt=R len=7
PKT t=35323 TX ua=95 mt=P len=0
PKT t=35332 RX ua=95 mt=R len=7
PKT t=35337 TX ua=95 mt=P len=0
PKT t=35346 RX ua=95 mt=R len=7
PKT t=35351 TX ua=95 mt=P len=0
PKT t=35360 RX ua=95 mt=R len=7
PKT t=35365 TX ua=95 mt=P len=0
PKT t=35374 RX ua=95 mt=R len=7
PKT t=35379 TX ua=95 mt=P len=0
PKT t=35388 RX ua=95 mt=R len=7
PKT t=35393 TX ua=95 mt=T len=7
PKT t=35406 TX ua=95 mt=P len=0
PKT t=35428 RX ua=95 mt=R len=7
PKT t=35432 TX ua=95 mt=P len=0
PKT t=35468 RX ua=95 mt=R len=7
PKT t=35473 TX ua=95 mt=P len=0
PKT t=35482 RX ua=95 mt=R len=7
PKT t=35487 TX ua=95 mt=P len=0
PKT t=35496 RX ua=95 mt=R len=7
PKT t=35501 TX ua=95 mt=P len=0
PKT t=35530 RX ua=95 mt=R len=7
PKT t=35535 TX ua=95 mt=P len=0
PKT t=35544 RX ua=95 mt=R len=7
PKT t=35549 TX ua=95 mt=P len=0
PKT t=35559 RX ua=95 mt=R len=7
PKT t=35564 TX ua=95 mt=P len=0
PKT t=35573 RX ua=95 mt=R len=7
PKT t=35578 TX ua=95 mt=P len=0
PKT t=35613 RX ua=95 mt=R len=7
PKT t=35618 TX ua=95 mt=T len=7
PKT t=35630 TX ua=95 mt=P len=0
PKT t=35639 RX ua=95 mt=R len=7
PKT t=35644 TX ua=95 mt=T len=7
PKT t=35656 TX ua=95 mt=P len=0
PKT t=35665 RX ua=95 mt=R len=7
PKT t=35670 TX ua=95 mt=P len=0
PKT t=35679 RX ua=95 mt=R len=7
PKT t=35684 TX ua=95 mt=P len=0
PKT t=35693 RX ua=95 mt=R len=7
PKT t=35698 TX ua=95 mt=P len=0
PKT t=35758 RX ua=95 mt=R len=7
PKT t=35763 TX ua=95 mt=P len=0
PKT t=35772 RX ua=95 mt=R len=7
PKT t=35777 TX ua=95 mt=P len=0
PKT t=35786 RX ua=95 mt=R len=7
PKT t=35791 TX ua=95 mt=P len=0
PKT t=35800 RX ua=95 mt=R len=7
PKT t=35805 TX ua=95 mt=P len=0
PKT t=35834 RX ua=95 mt=R len=7
PKT t=35839 TX ua=95 mt=P len=0
PKT t=35848 RX ua=95 mt=R len=7
PKT t=35853 TX ua=95 mt=P len=0
PKT t=35862 RX ua=95 mt=R len=7
PKT t=35867 TX ua=95 mt=P len=0
PKT t=35903 RX ua=95 mt=R len=7
PKT t=35908 TX ua=95 mt=T len=7
PKT t=35920 TX ua=95 mt=P len=0
PKT t=35936 RX ua=95 mt=R len=7
PKT t=35941 TX ua=95 mt=P len=0
PKT t=35951 RX ua=95 mt=R len=7
PKT t=35956 TX ua=95 mt=P len=0
PKT t=35966 RX ua=95 mt=R len=7
PKT t=35971 TX ua=95 mt=P len=0
PKT t=35981 RX ua=95 mt=R len=7
PKT t=35986 TX ua=95 mt=P len=0
PKT t=35996 RX ua=95 mt=R len=7
PKT t=36001 TX ua=95 mt=P len=0
PKT t=36048 RX ua=95 mt=R len=7
PKT t=36053 TX ua=95 mt=P len=0
PKT t=36063 RX ua=95 mt=R len=7
PKT t=36068 TX ua=95 mt=P len=0
PKT t=36078 RX ua=95 mt=R len=7
PKT t=36083 TX ua=95 mt=P len=0
PKT t=36093 RX ua=95 mt=R len=7
PKT t=36098 TX ua=95 mt=P len=0
PKT t=36108 RX ua=95 mt=R len=7
PKT t=36113 TX ua=95 mt=P len=0
PKT t=36142 RX ua=95 mt=R len=7
PKT t=36147 TX ua=95 mt=P len=0
PKT t=36157 RX ua=95 mt=R len=7
PKT t=36162 TX ua=95 mt=T len=7
PKT t=36200 TX ua=95 mt=P len=0
PKT t=36209 RX ua=95 mt=R len=7
PKT t=36214 TX ua=95 mt=P len=0
PKT t=36243 RX ua=95 mt=R len=7
PKT t=36248 TX ua=95 mt=P len=0
PKT t=36257 RX ua=95 mt=R len=7
PKT t=36262 TX ua=95 mt=P len=0
PKT t=36271 RX ua=95 mt=R len=7
PKT t=36276 TX ua=95 mt=P len=0
PKT t=36285 RX ua=95 mt=R len=7
PKT t=36290 TX ua=95 mt=P len=0
PKT t=36299 RX ua=95 mt=R len=7
PKT t=36304 TX ua=95 mt=P len=0
PKT t=36338 RX ua=95 mt=R len=7
PKT t=36343 TX ua=95 mt=P len=0
PKT t=36352 RX ua=95 mt=R len=7
PKT t=36357 TX ua=95 mt=P len=0
PKT t=36366 RX ua=95 mt=R len=7
PKT t=36371 TX ua=95 mt=P len=0
PKT t=36380 RX ua=95 mt=R len=7
PKT t=36385 TX ua=95 mt=P len=0
PKT t=36394 RX ua=95 mt=R len=7
PKT t=36399 TX ua=95 mt=P len=0
PKT t=36408 RX ua=95 mt=R len=7
PKT t=36413 TX ua=95 mt=T len=7
PKT t=36425 TX ua=95 mt=P len=0
PKT t=36483 RX ua=95 mt=R len=7
PKT t=36488 TX ua=95 mt=P len=0
PKT t=36497 RX ua=95 mt=R len=7
PKT t=36502 TX ua=95 mt=P len=0
PKT t=36511 RX ua=95 mt=R len=7
PKT t=36516 TX ua=95 mt=P len=0
PKT t=36525 RX ua=95 mt=R len=7
PKT t=36530 TX ua=95 mt=P len=0
PKT t=36560 RX ua=95 mt=R len=7
PKT t=36565 TX ua=95 mt=P len=0
PKT t=36574 RX ua=95 mt=R len=7
PKT t=36579 TX ua=95 mt=P len=0
PKT t=36588 RX ua=95 mt=R len=7
PKT t=36593 TX ua=95 mt=P len=0
PKT t=36628 RX ua=95 mt=R len=7
PKT t=36633 TX ua=95 mt=T len=7
PKT t=36645 TX ua=95 mt=P len=0
PKT t=36661 RX ua=95 mt=R len=7
PKT t=36665 TX ua=95 mt=T len=7
PKT t=36677 TX ua=95 mt=P len=0
PKT t=36686 RX ua=95 mt=R len=7
PKT t=36691 TX ua=95 mt=P len=0
PKT t=36700 RX ua=95 mt=R len=7
PKT t=36705 TX ua=95 mt=P len=0
PKT t=36714 RX ua=95 mt=R len=7
PKT t=36719 TX ua=95 mt=P len=0
PKT t=36728 RX ua=95 mt=R len=7
PKT t=36733 TX ua=95 mt=P len=0
PKT t=36773 RX ua=95 mt=R len=7
PKT t=36778 TX ua=95 mt=P len=0
PKT t=36787 RX ua=95 mt=R len=7
PKT t=36792 TX ua=95 mt=P len=0
PKT t=36801 RX ua=95 mt=R len=7
PKT t=36806 TX ua=95 mt=P len=0
PKT t=36815 RX ua=95 mt=R len=7
PKT t=36820 TX ua=95 mt=P len=0
PKT t=36829 RX ua=95 mt=R len=7
PKT t=36834 TX ua=95 mt=P len=0
PKT t=36863 RX ua=95 mt=R len=7
PKT t=36868 TX ua=95 mt=P len=0
PKT t=36877 RX ua=95 mt=R len=7
PKT t=36882 TX ua=95 mt=P len=0
PKT t=36918 RX ua=95 mt=R len=7
PKT t=36923 TX ua=95 mt=T len=7
PKT t=36935 TX ua=95 mt=P len=0
PKT t=36963 RX ua=95 mt=R len=7
PKT t=36968 TX ua=95 mt=P len=0
PKT t=36977 RX ua=95 mt=R len=7
PKT t=36982 TX ua=95 mt=P len=0
PKT t=36991 RX ua=95 mt=R len=7
PKT t=36996 TX ua=95 mt=P len=0
PKT t=37005 RX ua=95 mt=R len=7
PKT t=37010 TX ua=95 mt=P len=0
PKT t=37019 RX ua=95 mt=R len=7
PKT t=37024 TX ua=95 mt=P len=0
PKT t=37033 RX ua=95 mt=R len=7
PKT t=37063 TX ua=95 mt=P len=0
PKT t=37072 RX ua=95 mt=R len=7
PKT t=37077 TX ua=95 mt=P len=0
PKT t=37086 RX ua=95 mt=R len=7
PKT t=37091 TX ua=95 mt=P len=0
PKT t=37100 RX ua=95 mt=R len=7
PKT t=37105 TX ua=95 mt=P len=0
PKT t=37114 RX ua=95 mt=R len=7
PKT t=37119 TX ua=95 mt=P len=0
PKT t=37128 RX ua=95 mt=R len=7
PKT t=37133 TX ua=95 mt=P len=0
PKT t=37142 RX ua=95 mt=R len=7
PKT t=37147 TX ua=95 mt=P len=0
PKT t=37177 RX ua=95 mt=R len=7
PKT t=37208 TX ua=95 mt=T len=7
PKT t=37220 TX ua=95 mt=P len=0
PKT t=37229 RX ua=95 mt=R len=7
PKT t=37234 TX ua=95 mt=P len=0
PKT t=37243 RX ua=95 mt=R len=7
PKT t=37248 TX ua=95 mt=P len=0
PKT t=37277 RX ua=95 mt=R len=7
PKT t=37282 TX ua=95 mt=P len=0
PKT t=37291 RX ua=95 mt=R len=7
PKT t=37296 TX ua=95 mt=P len=0
PKT t=37305 RX ua=95 mt=R len=7
PKT t=37310 TX ua=95 mt=P len=0
PKT t=37319 RX ua=95 mt=R len=7
PKT t=37324 TX ua=95 mt=P len=0
