PKT t=7118 RX ua=95 mt=R len=7
PKT t=7123 TX ua=95 mt=T len=7
PKT t=7135 TX ua=95 mt=P len=0
PKT t=7144 RX ua=95 mt=R len=7
PKT t=7149 TX ua=95 mt=P len=0
PKT t=7183 RX ua=95 mt=R len=7
PKT t=7188 TX ua=95 mt=P len=0
PKT t=7197 RX ua=95 mt=R len=7
PKT t=7202 TX ua=95 mt=P len=0
PKT t=7211 RX ua=95 mt=R len=7
PKT t=7216 TX ua=95 mt=P len=0
PKT t=7225 RX ua=95 mt=R len=7
PKT t=7230 TX ua=95 mt=P len=0
PKT t=7239 RX ua=95 mt=R len=7
PKT t=7244 TX ua=95 mt=P len=0
PKT t=7276 RX ua=95 mt=R len=7
PKT t=7281 TX ua=95 mt=P len=0
PKT t=7290 RX ua=95 mt=R len=7
PKT t=7295 TX ua=95 mt=P len=0
PKT t=7304 RX ua=95 mt=R len=7
PKT t=7309 TX ua=95 mt=P len=0
PKT t=7318 RX ua=95 mt=R len=7
PKT t=7323 TX ua=95 mt=P len=0
PKT t=7332 RX ua=95 mt=R len=7
PKT t=7337 TX ua=95 mt=P len=0
PKT t=7346 RX ua=95 mt=R len=7
PKT t=7351 TX ua=95 mt=P len=0
PKT t=7360 RX ua=95 mt=R len=7
PKT t=7365 TX ua=95 mt=P len=0
PKT t=7394 RX ua=95 mt=R len=7
PKT t=7399 TX ua=95 mt=T len=7
PKT t=7411 TX ua=95 mt=P len=0
PKT t=7421 RX ua=95 mt=R len=7
PKT t=7426 TX ua=95 mt=P len=0
PKT t=7436 RX ua=95 mt=R len=7
PKT t=7441 TX ua=95 mt=P len=0
PKT t=7476 RX ua=95 mt=R len=7
PKT t=7481 TX ua=95 mt=P len=0
PKT t=7493 RX ua=95 mt=R len=7
PKT t=7498 TX ua=95 mt=P len=0
PKT t=7508 RX ua=95 mt=R len=7
PKT t=7513 TX ua=95 mt=P len=0
PKT t=7523 RX ua=95 mt=R len=7
PKT t=7528 TX ua=95 mt=P len=0
PKT t=7538 RX ua=95 mt=R len=7
PKT t=7543 TX ua=95 mt=P len=0
PKT t=7553 RX ua=95 mt=R len=7
PKT t=7558 TX ua=95 mt=P len=0
PKT t=7568 RX ua=95 mt=R len=7
PKT t=7573 TX ua=95 mt=P len=0
PKT t=7602 RX ua=95 mt=R len=7
PKT t=7607 TX ua=95 mt=P len=0
PKT t=7617 RX ua=95 mt=R len=7
PKT t=7622 TX ua=95 mt=P len=0
PKT t=7632 RX ua=95 mt=R len=7
PKT t=7637 TX ua=95 mt=T len=7
PKT t=7676 TX ua=95 mt=P len=0
PKT t=7701 RX ua=95 mt=R len=7
PKT t=7706 TX ua=95 mt=P len=0
PKT t=7715 RX ua=95 mt=R len=7
PKT t=7720 TX ua=95 mt=P len=0
PKT t=7729 RX ua=95 mt=R len=7
PKT t=7734 TX ua=95 mt=P len=0
PKT t=7743 RX ua=95 mt=R len=7
PKT t=7748 TX ua=95 mt=P len=0
PKT t=7757 RX ua=95 mt=R len=7
PKT t=7762 TX ua=95 mt=P len=0
PKT t=7771 RX ua=95 mt=R len=7
PKT t=7776 TX ua=95 mt=P len=0
PKT t=7805 RX ua=95 mt=R len=7
PKT t=7810 TX ua=95 mt=P len=0
PKT t=7819 RX ua=95 mt=R len=7
PKT t=7824 TX ua=95 mt=P len=0
PKT t=7833 RX ua=95 mt=R len=7
PKT t=7838 TX ua=95 mt=P len=0
PKT t=7876 RX ua=95 mt=R len=7
PKT t=7881 TX ua=95 mt=T len=7
PKT t=7893 TX ua=95 mt=P len=0
PKT t=7907 RX ua=95 mt=R len=7
PKT t=7911 TX ua=95 mt=P len=0
PKT t=7920 RX ua=95 mt=R len=7
PKT t=7925 TX ua=95 mt=P len=0
PKT t=7934 RX ua=95 mt=R len=7
PKT t=7939 TX ua=95 mt=P len=0
PKT t=7948 RX ua=95 mt=R len=7
PKT t=7953 TX ua=95 mt=P len=0
PKT t=7962 RX ua=95 mt=R len=7
PKT t=7967 TX ua=95 mt=P len=0
PKT t=7976 RX ua=95 mt=R len=7
PKT t=7981 TX ua=95 mt=P len=0
PKT t=8010 RX ua=95 mt=R len=7
PKT t=8015 TX ua=95 mt=P len=0
PKT t=8024 RX ua=95 mt=R len=7
PKT t=8029 TX ua=95 mt=P len=0
PKT t=8038 RX ua=95 mt=R len=7
PKT t=8043 TX ua=95 mt=P len=0
PKT t=8076 RX ua=95 mt=R len=7
PKT t=8081 TX ua=95 mt=P len=0
PKT t=8113 RX ua=95 mt=R len=7
PKT t=8118 TX ua=95 mt=P len=0
PKT t=8127 RX ua=95 mt=R len=7
PKT t=8132 TX ua=95 mt=T len=7
PKT t=8144 TX ua=95 mt=P len=0
PKT t=8153 RX ua=95 mt=R len=7
PKT t=8158 TX ua=95 mt=P len=0
PKT t=8167 RX ua=95 mt=R len=7
PKT t=8172 TX ua=95 mt=P len=0
PKT t=8181 RX ua=95 mt=R len=7
PKT t=8186 TX ua=95 mt=P len=0
PKT t=8215 RX ua=95 mt=R len=7
PKT t=8220 TX ua=95 mt=P len=0
PKT t=8229 RX ua=95 mt=R len=7
PKT t=8234 TX ua=95 mt=P len=0
PKT t=8243 RX ua=95 mt=R len=7
PKT t=8276 TX ua=95 mt=P len=0
PKT t=8285 RX ua=95 mt=R len=7
PKT t=8290 TX ua=95 mt=P len=0
PKT t=8319 RX ua=95 mt=R len=7
PKT t=8324 TX ua=95 mt=P len=0
PKT t=8333 RX ua=95 mt=R len=7
PKT t=8338 TX ua=95 mt=P len=0
PKT t=8347 RX ua=95 mt=R len=7
PKT t=8352 TX ua=95 mt=P len=0
PKT t=8361 RX ua=95 mt=R len=7
PKT t=8366 TX ua=95 mt=P len=0
PKT t=8375 RX ua=95 mt=R len=7
PKT t=8380 TX ua=95 mt=T len=7
PKT t=8392 TX ua=95 mt=P len=0
PKT t=8420 RX ua=95 mt=R len=7
PKT t=8425 TX ua=95 mt=P len=0
PKT t=8434 RX ua=95 mt=R len=7
PKT t=8439 TX ua=95 mt=P len=0
PKT t=8476 RX ua=95 mt=R len=7
PKT t=8481 TX ua=95 mt=P len=0
PKT t=8490 RX ua=95 mt=R len=7
PKT t=8495 TX ua=95 mt=P len=0
PKT t=8524 RX ua=95 mt=R len=7
PKT t=8529 TX ua=95 mt=P len=0
PKT t=8538 RX ua=95 mt=R len=7
PKT t=8543 TX ua=95 mt=P len=0
PKT t=8552 RX ua=95 mt=R len=7
PKT t=8557 TX ua=95 mt=P len=0
PKT t=8566 RX ua=95 mt=R len=7
PKT t=8571 TX ua=95 mt=P len=0
PKT t=8580 RX ua=95 mt=R len=7
PKT t=8585 TX ua=95 mt=P len=0
PKT t=8594 RX ua=95 mt=R len=7
PKT t=8599 TX ua=95 mt=P len=0
PKT t=8628 RX ua=95 mt=R len=7
PKT t=8633 TX ua=95 mt=T len=7
PKT t=8645 TX ua=95 mt=P len=0
PKT t=8676 RX ua=95 mt=R len=7
PKT t=8931 TX ua=96 mt=I len=13
PKT t=9439 TX ua=96 mt=T len=4
PKT t=9476 TX ua=95 mt=P len=0
PKT t=9485 RX ua=95 mt=R len=7
PKT t=9490 TX ua=95 mt=T len=7
PKT t=9502 TX ua=95 mt=P len=0
PKT t=9530 RX ua=95 mt=R len=7
PKT t=9535 TX ua=95 mt=P len=0
PKT t=9545 RX ua=95 mt=R len=7
PKT t=9550 TX ua=95 mt=P len=0
PKT t=9560 RX ua=95 mt=R len=7
PKT t=9565 TX ua=95 mt=P len=0
PKT t=9575 RX ua=95 mt=R len=7
PKT t=9580 TX ua=95 mt=P len=0
PKT t=9590 RX ua=95 mt=R len=7
PKT t=9595 TX ua=95 mt=P len=0
PKT t=9605 RX ua=95 mt=R len=7
PKT t=9610 TX ua=95 mt=P len=0
PKT t=9639 RX ua=95 mt=R len=7
PKT t=9644 TX ua=95 mt=T len=7
PKT t=9683 TX ua=95 mt=P len=0
PKT t=9692 RX ua=95 mt=R len=7
PKT t=9697 TX ua=95 mt=P len=0
PKT t=9706 RX ua=95 mt=R len=7
PKT t=9711 TX ua=95 mt=P len=0
PKT t=9740 RX ua=95 mt=R len=7
PKT t=9745 TX ua=95 mt=P len=0
PKT t=9755 RX ua=95 mt=R len=7
PKT t=9760 TX ua=95 mt=P len=0
PKT t=9769 RX ua=95 mt=R len=7
PKT t=9774 TX ua=95 mt=P len=0
PKT t=9783 RX ua=95 mt=R len=7
PKT t=9788 TX ua=95 mt=P len=0
PKT t=9797 RX ua=95 mt=R len=7
PKT t=9802 TX ua=95 mt=P len=0
PKT t=9811 RX ua=95 mt=R len=7
PKT t=9816 TX ua=95 mt=P len=0
PKT t=9845 RX ua=95 mt=R len=7
PKT t=9876 TX ua=95 mt=P len=0
PKT t=9885 RX ua=95 mt=R len=7
PKT t=9890 TX ua=95 mt=T len=7
PKT t=9902 TX ua=95 mt=P len=0
PKT t=9912 RX ua=95 mt=R len=7
PKT t=9917 TX ua=95 mt=P len=0
PKT t=9946 RX ua=95 mt=R len=7
PKT t=9951 TX ua=95 mt=P len=0
PKT t=9960 RX ua=95 mt=R len=7
PKT t=9965 TX ua=95 mt=P len=0
PKT t=9974 RX ua=95 mt=R len=7
PKT t=9979 TX ua=95 mt=P len=0
PKT t=9988 RX ua=95 mt=R len=7
PKT t=9993 TX ua=95 mt=P len=0
PKT t=10002 RX ua=95 mt=R len=7
PKT t=10009 TX ua=95 mt=P len=0
PKT t=10018 RX ua=95 mt=R len=7
PKT t=10023 TX ua=95 mt=P len=0
PKT t=10076 RX ua=95 mt=R len=7
PKT t=10081 TX ua=95 mt=P len=0
PKT t=10090 RX ua=95 mt=R len=7
PKT t=10095 TX ua=95 mt=P len=0
PKT t=10104 RX ua=95 mt=R len=7
PKT t=10109 TX ua=95 mt=P len=0
PKT t=10118 RX ua=95 mt=R len=7
PKT t=10123 TX ua=95 mt=T len=7
PKT t=10136 TX ua=95 mt=P len=0
PKT t=10154 RX ua=95 mt=R len=7
PKT t=10159 TX ua=95 mt=T len=7
PKT t=10172 TX ua=95 mt=P len=0
PKT t=10181 RX ua=95 mt=R len=7
PKT t=10186 TX ua=95 mt=P len=0
PKT t=10195 RX ua=95 mt=R len=7
PKT t=10200 TX ua=95 mt=P len=0
PKT t=10209 RX ua=95 mt=R len=7
PKT t=10214 TX ua=95 mt=P len=0
PKT t=10223 RX ua=95 mt=R len=7
PKT t=10228 TX ua=95 mt=P len=0
PKT t=10276 RX ua=95 mt=R len=7
PKT t=10281 TX ua=95 mt=P len=0
PKT t=10290 RX ua=95 mt=R len=7
PKT t=10295 TX ua=95 mt=P len=0
PKT t=10304 RX ua=95 mt=R len=7
PKT t=10309 TX ua=95 mt=P len=0
PKT t=10318 RX ua=95 mt=R len=7
PKT t=10323 TX ua=95 mt=P len=0
PKT t=10356 RX ua=95 mt=R len=7
PKT t=10361 TX ua=95 mt=P len=0
PKT t=10370 RX ua=95 mt=R len=7
PKT t=10375 TX ua=95 mt=P len=0
PKT t=10384 RX ua=95 mt=R len=7
PKT t=10389 TX ua=95 mt=T len=7
PKT t=10402 TX ua=95 mt=P len=0
PKT t=10411 RX ua=95 mt=R len=7
PKT t=10416 TX ua=95 mt=P len=0
PKT t=10425 RX ua=95 mt=R len=7
PKT t=10430 TX ua=95 mt=P len=0
PKT t=10476 RX ua=95 mt=R len=7
PKT t=10481 TX ua=95 mt=P len=0
PKT t=10490 RX ua=95 mt=R len=7
PKT t=10495 TX ua=95 mt=P len=0
PKT t=10504 RX ua=95 mt=R len=7
PKT t=10509 TX ua=95 mt=P len=0
PKT t=10518 RX ua=95 mt=R len=7
PKT t=10523 TX ua=95 mt=P len=0
PKT t=10532 RX ua=95 mt=R len=7
PKT t=10537 TX ua=95 mt=P len=0
PKT t=10567 RX ua=95 mt=R len=7
PKT t=10572 TX ua=95 mt=P len=0
PKT t=10581 RX ua=95 mt=R len=7
PKT t=10586 TX ua=95 mt=P len=0
PKT t=10595 RX ua=95 mt=R len=7
PKT t=10600 TX ua=95 mt=P len=0
PKT t=10609 RX ua=95 mt=R len=7
PKT t=10614 TX ua=95 mt=P len=0
PKT t=10623 RX ua=95 mt=R len=7
PKT t=10628 TX ua=95 mt=T len=7
PKT t=10641 TX ua=95 mt=P len=0
PKT t=10676 RX ua=95 mt=R len=7
PKT t=10681 TX ua=95 mt=P len=0
PKT t=10690 RX ua=95 mt=R len=7
PKT t=10695 TX ua=95 mt=P len=0
PKT t=10704 RX ua=95 mt=R len=7
PKT t=10709 TX ua=95 mt=P len=0
PKT t=10718 RX ua=95 mt=R len=7
PKT t=10723 TX ua=95 mt=P len=0
PKT t=10732 RX ua=95 mt=R len=7
PKT t=10737 TX ua=95 mt=P len=0
PKT t=10768 RX ua=95 mt=R len=7
PKT t=10773 TX ua=95 mt=P len=0
PKT t=10782 RX ua=95 mt=R len=7
PKT t=10787 TX ua=95 mt=P len=0
PKT t=10796 RX ua=95 mt=R len=7
PKT t=10801 TX ua=95 mt=P len=0
PKT t=10810 RX ua=95 mt=R len=7
PKT t=10815 TX ua=95 mt=P len=0
PKT t=10824 RX ua=95 mt=R len=7
PKT t=10829 TX ua=95 mt=P len=0
PKT t=10838 RX ua=95 mt=R len=7
PKT t=10843 TX ua=95 mt=P len=0
PKT t=10876 RX ua=95 mt=R len=7
PKT t=10881 TX ua=95 mt=T len=7
PKT t=10894 TX ua=95 mt=P len=0
PKT t=10903 RX ua=95 mt=R len=7
PKT t=10908 TX ua=95 mt=P len=0
PKT t=10917 RX ua=95 mt=R len=7
PKT t=10922 TX ua=95 mt=P len=0
PKT t=10931 RX ua=95 mt=R len=7
PKT t=10936 TX ua=95 mt=P len=0
PKT t=10945 RX ua=95 mt=R len=7
PKT t=10950 TX ua=95 mt=P len=0
PKT t=10979 RX ua=95 mt=R len=7
PKT t=10984 TX ua=95 mt=P len=0
PKT t=10993 RX ua=95 mt=R len=7
PKT t=10998 TX ua=95 mt=P len=0
PKT t=11007 RX ua=95 mt=R len=7
PKT t=11012 TX ua=95 mt=P len=0
PKT t=11021 RX ua=95 mt=R len=7
PKT t=11026 TX ua=95 mt=P len=0
PKT t=11035 RX ua=95 mt=R len=7
PKT t=11040 TX ua=95 mt=P len=0
PKT t=11076 RX ua=95 mt=R len=7
PKT t=11081 TX ua=95 mt=P len=0
PKT t=11090 RX ua=95 mt=R len=7
PKT t=11095 TX ua=95 mt=P len=0
PKT t=11104 RX ua=95 mt=R len=7
PKT t=11109 TX ua=95 mt=P len=0
PKT t=11118 RX ua=95 mt=R len=7
PKT t=11123 TX ua=95 mt=T len=7
PKT t=11135 TX ua=95 mt=P len=0
PKT t=11144 RX ua=95 mt=R len=7
PKT t=11149 TX ua=95 mt=P len=0
PKT t=11182 RX ua=95 mt=R len=7
PKT t=11187 TX ua=95 mt=P len=0
PKT t=11196 RX ua=95 mt=R len=7
PKT t=11201 TX ua=95 mt=P len=0
PKT t=11210 RX ua=95 mt=R len=7
PKT t=11215 TX ua=95 mt=P len=0
PKT t=11224 RX ua=95 mt=R len=7
PKT t=11229 TX ua=95 mt=P len=0
PKT t=11238 RX ua=95 mt=R len=7
PKT t=11243 TX ua=95 mt=P len=0
PKT t=11276 RX ua=95 mt=R len=7
PKT t=11281 TX ua=95 mt=P len=0
PKT t=11290 RX ua=95 mt=R len=7
PKT t=11295 TX ua=95 mt=P len=0
PKT t=11304 RX ua=95 mt=R len=7
PKT t=11309 TX ua=95 mt=P len=0
PKT t=11318 RX ua=95 mt=R len=7
PKT t=11323 TX ua=95 mt=P len=0
PKT t=11332 RX ua=95 mt=R len=7
PKT t=11337 TX ua=95 mt=P len=0
PKT t=11346 RX ua=95 mt=R len=7
PKT t=11351 TX ua=95 mt=P len=0
PKT t=11360 RX ua=95 mt=R len=7
PKT t=11365 TX ua=95 mt=P len=0
PKT t=11394 RX ua=95 mt=R len=7
PKT t=11399 TX ua=95 mt=T len=7
PKT t=11411 TX ua=95 mt=P len=0
PKT t=11421 RX ua=95 mt=R len=7
PKT t=11426 TX ua=95 mt=P len=0
PKT t=11436 RX ua=95 mt=R len=7
PKT t=11441 TX ua=95 mt=P len=0
PKT t=11476 RX ua=95 mt=R len=7
PKT t=11481 TX ua=95 mt=P len=0
PKT t=11494 RX ua=95 mt=R len=7
PKT t=11498 TX ua=95 mt=P len=0
PKT t=11508 RX ua=95 mt=R len=7
PKT t=11513 TX ua=95 mt=P len=0
PKT t=11523 RX ua=95 mt=R len=7
PKT t=11528 TX ua=95 mt=P len=0
PKT t=11538 RX ua=95 mt=R len=7
PKT t=11543 TX ua=95 mt=P len=0
PKT t=11553 RX ua=95 mt=R len=7
PKT t=11558 TX ua=95 mt=P len=0
PKT t=11568 RX ua=95 mt=R len=7
PKT t=11573 TX ua=95 mt=P len=0
PKT t=11603 RX ua=95 mt=R len=7
PKT t=11607 TX ua=95 mt=P len=0
PKT t=11617 RX ua=95 mt=R len=7
PKT t=11622 TX ua=95 mt=P len=0
PKT t=11632 RX ua=95 mt=R len=7
PKT t=11637 TX ua=95 mt=T len=7
PKT t=11676 TX ua=95 mt=P len=0
PKT t=11701 RX ua=95 mt=R len=7
PKT t=11706 TX ua=95 mt=P len=0
PKT t=11715 RX ua=95 mt=R len=7
PKT t=11720 TX ua=95 mt=P len=0
PKT t=11729 RX ua=95 mt=R len=7
PKT t=11734 TX ua=95 mt=P len=0
PKT t=11743 RX ua=95 mt=R len=7
PKT t=11748 TX ua=95 mt=P len=0
PKT t=11758 RX ua=95 mt=R len=7
PKT t=11763 TX ua=95 mt=P len=0
PKT t=11772 RX ua=95 mt=R len=7
PKT t=11777 TX ua=95 mt=P len=0
PKT t=11806 RX ua=95 mt=R len=7
PKT t=11811 TX ua=95 mt=P len=0
PKT t=11820 RX ua=95 mt=R len=7
PKT t=11825 TX ua=95 mt=P len=0
PKT t=11834 RX ua=95 mt=R len=7
PKT t=11839 TX ua=95 mt=P len=0
PKT t=11876 RX ua=95 mt=R len=7
PKT t=11881 TX ua=95 mt=T len=7
PKT t=11893 TX ua=95 mt=P len=0
PKT t=11907 RX ua=95 mt=R len=7
PKT t=11912 TX ua=95 mt=P len=0
PKT t=11921 RX ua=95 mt=R len=7
PKT t=11926 TX ua=95 mt=P len=0
PKT t=11935 RX ua=95 mt=R len=7
PKT t=11940 TX ua=95 mt=P len=0
PKT t=11949 RX ua=95 mt=R len=7
PKT t=11954 TX ua=95 mt=P len=0
PKT t=11963 RX ua=95 mt=R len=7
PKT t=11968 TX ua=95 mt=P len=0
PKT t=11977 RX ua=95 mt=R len=7
PKT t=11982 TX ua=95 mt=P len=0
PKT t=12011 RX ua=95 mt=R len=7
PKT t=12016 TX ua=95 mt=P len=0
PKT t=12025 RX ua=95 mt=R len=7
PKT t=12030 TX ua=95 mt=P len=0
PKT t=12039 RX ua=95 mt=R len=7
PKT t=12044 TX ua=95 mt=P len=0
PKT t=12076 RX ua=95 mt=R len=7
PKT t=12081 TX ua=95 mt=P len=0
PKT t=12110 RX ua=95 mt=R len=7
PKT t=12115 TX ua=95 mt=P len=0
PKT t=12124 RX ua=95 mt=R len=7
PKT t=12129 TX ua=95 mt=T len=7
PKT t=12141 TX ua=95 mt=P len=0
PKT t=12150 RX ua=95 mt=R len=7
PKT t=12155 TX ua=95 mt=P len=0
PKT t=12164 RX ua=95 mt=R len=7
PKT t=12169 TX ua=95 mt=P len=0
PKT t=12178 RX ua=95 mt=R len=7
PKT t=12183 TX ua=95 mt=P len=0
PKT t=12212 RX ua=95 mt=R len=7
PKT t=12217 TX ua=95 mt=P len=0
PKT t=12226 RX ua=95 mt=R len=7
PKT t=12231 TX ua=95 mt=P len=0
PKT t=12240 RX ua=95 mt=R len=7
PKT t=12245 TX ua=95 mt=P len=0
PKT t=12276 RX ua=95 mt=R len=7
PKT t=12531 TX ua=96 mt=P len=0
PKT t=12789 TX ua=95 mt=P len=0
PKT t=12798 RX ua=95 mt=R len=7
PKT t=12803 TX ua=95 mt=T len=7
PKT t=12815 TX ua=95 mt=P len=0
PKT t=12824 RX ua=95 mt=R len=7
PKT t=12829 TX ua=95 mt=P len=0
PKT t=12838 RX ua=95 mt=R len=7
PKT t=12843 TX ua=95 mt=P len=0
PKT t=12876 RX ua=95 mt=R len=7
PKT t=12881 TX ua=95 mt=T len=7
PKT t=12893 TX ua=95 mt=P len=0
PKT t=12913 RX ua=95 mt=R len=7
PKT t=12918 TX ua=95 mt=P len=0
PKT t=12927 RX ua=95 mt=R len=7
PKT t=12932 TX ua=95 mt=P len=0
PKT t=12941 RX ua=95 mt=R len=7
PKT t=12946 TX ua=95 mt=P len=0
PKT t=12955 RX ua=95 mt=R len=7
PKT t=12960 TX ua=95 mt=P len=0
PKT t=12969 RX ua=95 mt=R len=7
PKT t=12974 TX ua=95 mt=P len=0
PKT t=12983 RX ua=95 mt=R len=7
PKT t=12988 TX ua=95 mt=P len=0
PKT t=13017 RX ua=95 mt=R len=7
PKT t=13022 TX ua=95 mt=P len=0
PKT t=13031 RX ua=95 mt=R len=7
PKT t=13036 TX ua=95 mt=P len=0
PKT t=13045 RX ua=95 mt=R len=7
PKT t=13076 TX ua=95 mt=P len=0
PKT t=13085 RX ua=95 mt=R len=7
PKT t=13090 TX ua=95 mt=P len=0
PKT t=13119 RX ua=95 mt=R len=7
PKT t=13124 TX ua=95 mt=T len=7
PKT t=13137 TX ua=95 mt=P len=0
PKT t=13146 RX ua=95 mt=R len=7
PKT t=13151 TX ua=95 mt=P len=0
PKT t=13161 RX ua=95 mt=R len=7
PKT t=13166 TX ua=95 mt=P len=0
PKT t=13175 RX ua=95 mt=R len=7
PKT t=13180 TX ua=95 mt=P len=0
PKT t=13189 RX ua=95 mt=R len=7
PKT t=13194 TX ua=95 mt=P len=0
PKT t=13223 RX ua=95 mt=R len=7
PKT t=13228 TX ua=95 mt=P len=0
PKT t=13237 RX ua=95 mt=R len=7
PKT t=13242 TX ua=95 mt=P len=0
PKT t=13276 RX ua=95 mt=R len=7
PKT t=13281 TX ua=95 mt=P len=0
PKT t=13290 RX ua=95 mt=R len=7
PKT t=13295 TX ua=95 mt=P len=0
PKT t=13324 RX ua=95 mt=R len=7
PKT t=13329 TX ua=95 mt=P len=0
PKT t=13338 RX ua=95 mt=R len=7
PKT t=13343 TX ua=95 mt=P len=0
PKT t=13352 RX ua=95 mt=R len=7
PKT t=13357 TX ua=95 mt=P len=0
PKT t=13366 RX ua=95 mt=R len=7
PKT t=13371 TX ua=95 mt=P len=0
PKT t=13380 RX ua=95 mt=R len=7
PKT t=13385 TX ua=95 mt=T len=7
PKT t=13398 TX ua=95 mt=P len=0
PKT t=13426 RX ua=95 mt=R len=7
PKT t=13431 TX ua=95 mt=P len=0
PKT t=13441 RX ua=95 mt=R len=7
PKT t=13446 TX ua=95 mt=P len=0
PKT t=13476 RX ua=95 mt=R len=7
PKT t=13731 TX ua=96 mt=P len=0
PKT t=13989 TX ua=95 mt=P len=0
PKT t=13999 RX ua=95 mt=R len=7
PKT t=14004 TX ua=95 mt=T len=7
PKT t=14018 TX ua=95 mt=P len=0
PKT t=14035 RX ua=95 mt=R len=7
PKT t=14040 TX ua=95 mt=P len=0
PKT t=14076 RX ua=95 mt=R len=7
PKT t=14081 TX ua=95 mt=P len=0
PKT t=14090 RX ua=95 mt=R len=7
PKT t=14095 TX ua=95 mt=P len=0
PKT t=14104 RX ua=95 mt=R len=7
PKT t=14109 TX ua=95 mt=P len=0
PKT t=14142 RX ua=95 mt=R len=7
PKT t=14147 TX ua=95 mt=T len=7
PKT t=14159 TX ua=95 mt=P len=0
PKT t=14168 RX ua=95 mt=R len=7
PKT t=14173 TX ua=95 mt=P len=0
PKT t=14182 RX ua=95 mt=R len=7
PKT t=14187 TX ua=95 mt=P len=0
PKT t=14196 RX ua=95 mt=R len=7
PKT t=14201 TX ua=95 mt=P len=0
PKT t=14210 RX ua=95 mt=R len=7
PKT t=14215 TX ua=95 mt=P len=0
PKT t=14244 RX ua=95 mt=R len=7
PKT t=14276 TX ua=95 mt=P len=0
PKT t=14285 RX ua=95 mt=R len=7
PKT t=14290 TX ua=95 mt=P len=0
PKT t=14299 RX ua=95 mt=R len=7
PKT t=14304 TX ua=95 mt=P len=0
PKT t=14313 RX ua=95 mt=R len=7
PKT t=14318 TX ua=95 mt=P len=0
PKT t=14347 RX ua=95 mt=R len=7
PKT t=14352 TX ua=95 mt=P len=0
PKT t=14361 RX ua=95 mt=R len=7
PKT t=14366 TX ua=95 mt=P len=0
PKT t=14375 RX ua=95 mt=R len=7
PKT t=14380 TX ua=95 mt=T len=7
PKT t=14392 TX ua=95 mt=P len=0
PKT t=14401 RX ua=95 mt=R len=7
PKT t=14406 TX ua=95 mt=P len=0
PKT t=14415 RX ua=95 mt=R len=7
PKT t=14420 TX ua=95 mt=P len=0
PKT t=14476 RX ua=95 mt=R len=7
PKT t=14481 TX ua=95 mt=P len=0
PKT t=14490 RX ua=95 mt=R len=7
PKT t=14495 TX ua=95 mt=P len=0
PKT t=14504 RX ua=95 mt=R len=7
PKT t=14509 TX ua=95 mt=P len=0
PKT t=14518 RX ua=95 mt=R len=7
PKT t=14523 TX ua=95 mt=P len=0
PKT t=14552 RX ua=95 mt=R len=7
PKT t=14557 TX ua=95 mt=P len=0
PKT t=14566 RX ua=95 mt=R len=7
PKT t=14571 TX ua=95 mt=P len=0
PKT t=14580 RX ua=95 mt=R len=7
PKT t=14585 TX ua=95 mt=P len=0
PKT t=14594 RX ua=95 mt=R len=7
PKT t=14599 TX ua=95 mt=P len=0
PKT t=14608 RX ua=95 mt=R len=7
PKT t=14613 TX ua=95 mt=P len=0
PKT t=14622 RX ua=95 mt=R len=7
PKT t=14627 TX ua=95 mt=T len=7
PKT t=14639 TX ua=95 mt=P len=0
PKT t=14676 RX ua=95 mt=R len=7
PKT t=14681 TX ua=95 mt=P len=0
PKT t=14690 RX ua=95 mt=R len=7
PKT t=14695 TX ua=95 mt=P len=0
PKT t=14704 RX ua=95 mt=R len=7
PKT t=14709 TX ua=95 mt=P len=0
PKT t=14719 RX ua=95 mt=R len=7
PKT t=14723 TX ua=95 mt=P len=0
PKT t=14755 RX ua=95 mt=R len=7
PKT t=14760 TX ua=95 mt=P len=0
PKT t=14769 RX ua=95 mt=R len=7
PKT t=14774 TX ua=95 mt=P len=0
PKT t=14783 RX ua=95 mt=R len=7
PKT t=14788 TX ua=95 mt=P len=0
PKT t=14797 RX ua=95 mt=R len=7
PKT t=14802 TX ua=95 mt=P len=0
PKT t=14811 RX ua=95 mt=R len=7
PKT t=14816 TX ua=95 mt=P len=0
PKT t=14825 RX ua=95 mt=R len=7
PKT t=14830 TX ua=95 mt=P len=0
PKT t=14876 RX ua=95 mt=R len=7
PKT t=14881 TX ua=95 mt=T len=7
PKT t=14893 TX ua=95 mt=P len=0
PKT t=14902 RX ua=95 mt=R len=7
PKT t=14907 TX ua=95 mt=P len=0
PKT t=14916 RX ua=95 mt=R len=7
PKT t=14921 TX ua=95 mt=P len=0
PKT t=14930 RX ua=95 mt=R len=7
PKT t=14935 TX ua=95 mt=P len=0
PKT t=14965 RX ua=95 mt=R len=7
PKT t=14970 TX ua=95 mt=P len=0
PKT t=14979 RX ua=95 mt=R len=7
PKT t=14984 TX ua=95 mt=P len=0
PKT t=14993 RX ua=95 mt=R len=7
PKT t=14998 TX ua=95 mt=P len=0
PKT t=15007 RX ua=95 mt=R len=7
PKT t=15012 TX ua=95 mt=P len=0
PKT t=15021 RX ua=95 mt=R len=7
PKT t=15026 TX ua=95 mt=P len=0
PKT t=15035 RX ua=95 mt=R len=7
PKT t=15040 TX ua=95 mt=P len=0
PKT t=15076 RX ua=95 mt=R len=7
PKT t=15081 TX ua=95 mt=P len=0
PKT t=15090 RX ua=95 mt=R len=7
PKT t=15095 TX ua=95 mt=P len=0
PKT t=15104 RX ua=95 mt=R len=7
PKT t=15109 TX ua=95 mt=P len=0
PKT t=15118 RX ua=95 mt=R len=7
PKT t=15123 TX ua=95 mt=T len=7
PKT t=15135 TX ua=95 mt=P len=0
PKT t=15168 RX ua=95 mt=R len=7
PKT t=15173 TX ua=95 mt=P len=0
PKT t=15182 RX ua=95 mt=R len=7
PKT t=15187 TX ua=95 mt=P len=0
PKT t=15196 RX ua=95 mt=R len=7
PKT t=15201 TX ua=95 mt=P len=0
PKT t=15210 RX ua=95 mt=R len=7
PKT t=15215 TX ua=95 mt=P len=0
PKT t=15224 RX ua=95 mt=R len=7
PKT t=15229 TX ua=95 mt=P len=0
PKT t=15238 RX ua=95 mt=R len=7
PKT t=15243 TX ua=95 mt=P len=0
PKT t=15276 RX ua=95 mt=R len=7
PKT t=15281 TX ua=95 mt=P len=0
PKT t=15290 RX ua=95 mt=R len=7
PKT t=15295 TX ua=95 mt=P len=0
PKT t=15304 RX ua=95 mt=R len=7
PKT t=15309 TX ua=95 mt=P len=0
PKT t=15318 RX ua=95 mt=R len=7
PKT t=15323 TX ua=95 mt=P len=0
PKT t=15332 RX ua=95 mt=R len=7
PKT t=15337 TX ua=95 mt=P len=0
PKT t=15346 RX ua=95 mt=R len=7
PKT t=15351 TX ua=95 mt=P len=0
PKT t=15380 RX ua=95 mt=R len=7
PKT t=15385 TX ua=95 mt=T len=7
PKT t=15397 TX ua=95 mt=P len=0
PKT t=15407 RX ua=95 mt=R len=7
PKT t=15412 TX ua=95 mt=P len=0
PKT t=15422 RX ua=95 mt=R len=7
PKT t=15427 TX ua=95 mt=P len=0
PKT t=15437 RX ua=95 mt=R len=7
PKT t=15442 TX ua=95 mt=P len=0
PKT t=15476 RX ua=95 mt=R len=7
PKT t=15481 TX ua=95 mt=P len=0
PKT t=15491 RX ua=95 mt=R len=7
PKT t=15496 TX ua=95 mt=P len=0
PKT t=15506 RX ua=95 mt=R len=7
PKT t=15511 TX ua=95 mt=P len=0
PKT t=15521 RX ua=95 mt=R len=7
PKT t=15526 TX ua=95 mt=P len=0
PKT t=15536 RX ua=95 mt=R len=7
PKT t=15541 TX ua=95 mt=P len=0
PKT t=15551 RX ua=95 mt=R len=7
PKT t=15556 TX ua=95 mt=P len=0
PKT t=15585 RX ua=95 mt=R len=7
PKT t=15590 TX ua=95 mt=P len=0
PKT t=15600 RX ua=95 mt=R len=7
PKT t=15605 TX ua=95 mt=P len=0
PKT t=15615 RX ua=95 mt=R len=7
PKT t=15620 TX ua=95 mt=P len=0
PKT t=15630 RX ua=95 mt=R len=7
PKT t=15635 TX ua=95 mt=T len=7
PKT t=15647 TX ua=95 mt=P len=0
PKT t=15677 RX ua=95 mt=R len=7
PKT t=15932 TX ua=96 mt=P len=0
PKT t=16190 TX ua=95 mt=P len=0
PKT t=16199 RX ua=95 mt=R len=7
PKT t=16204 TX ua=95 mt=T len=7
PKT t=16216 TX ua=95 mt=P len=0
PKT t=16225 RX ua=95 mt=R len=7
PKT t=16230 TX ua=95 mt=P len=0
PKT t=16239 RX ua=95 mt=R len=7
PKT t=16244 TX ua=95 mt=P len=0
PKT t=16276 RX ua=95 mt=R len=7
PKT t=16281 TX ua=95 mt=P len=0
PKT t=16290 RX ua=95 mt=R len=7
PKT t=16295 TX ua=95 mt=P len=0
PKT t=16304 RX ua=95 mt=R len=7
PKT t=16309 TX ua=95 mt=P len=0
PKT t=16318 RX ua=95 mt=R len=7
PKT t=16323 TX ua=95 mt=P len=0
PKT t=16332 RX ua=95 mt=R len=7
PKT t=16337 TX ua=95 mt=P len=0
PKT t=16346 RX ua=95 mt=R len=7
PKT t=16351 TX ua=95 mt=P len=0
PKT t=16360 RX ua=95 mt=R len=7
PKT t=16365 TX ua=95 mt=P len=0
PKT t=16394 RX ua=95 mt=R len=7
PKT t=16399 TX ua=95 mt=T len=7
PKT t=16411 TX ua=95 mt=P len=0
PKT t=16420 RX ua=95 mt=R len=7
PKT t=16425 TX ua=95 mt=P len=0
PKT t=16434 RX ua=95 mt=R len=7
PKT t=16439 TX ua=95 mt=P len=0
PKT t=16476 RX ua=95 mt=R len=7
PKT t=16481 TX ua=95 mt=P len=0
PKT t=16494 RX ua=95 mt=R len=7
PKT t=16499 TX ua=95 mt=P len=0
PKT t=16508 RX ua=95 mt=R len=7
PKT t=16513 TX ua=95 mt=P len=0
PKT t=16522 RX ua=95 mt=R len=7
PKT t=16527 TX ua=95 mt=P len=0
PKT t=16536 RX ua=95 mt=R len=7
PKT t=16541 TX ua=95 mt=P len=0
PKT t=16550 RX ua=95 mt=R len=7
PKT t=16555 TX ua=95 mt=P len=0
PKT t=16564 RX ua=95 mt=R len=7
PKT t=16569 TX ua=95 mt=P len=0
PKT t=16598 RX ua=95 mt=R len=7
PKT t=16603 TX ua=95 mt=P len=0
PKT t=16612 RX ua=95 mt=R len=7
PKT t=16617 TX ua=95 mt=P len=0
PKT t=16626 RX ua=95 mt=R len=7
PKT t=16631 TX ua=95 mt=T len=7
PKT t=16643 TX ua=95 mt=P len=0
PKT t=16676 RX ua=95 mt=R len=7
PKT t=16681 TX ua=95 mt=P len=0
PKT t=16697 RX ua=95 mt=R len=7
PKT t=16702 TX ua=95 mt=P len=0
PKT t=16711 RX ua=95 mt=R len=7
PKT t=16716 TX ua=95 mt=P len=0
PKT t=16725 RX ua=95 mt=R len=7
PKT t=16730 TX ua=95 mt=P len=0
PKT t=16739 RX ua=95 mt=R len=7
PKT t=16744 TX ua=95 mt=P len=0
PKT t=16753 RX ua=95 mt=R len=7
PKT t=16758 TX ua=95 mt=P len=0
PKT t=16767 RX ua=95 mt=R len=7
PKT t=16772 TX ua=95 mt=P len=0
PKT t=16801 RX ua=95 mt=R len=7
PKT t=16806 TX ua=95 mt=P len=0
PKT t=16815 RX ua=95 mt=R len=7
PKT t=16820 TX ua=95 mt=P len=0
PKT t=16829 RX ua=95 mt=R len=7
PKT t=16834 TX ua=95 mt=P len=0
PKT t=16843 RX ua=95 mt=R len=7
PKT t=16876 TX ua=95 mt=P len=0
PKT t=16900 RX ua=95 mt=R len=7
PKT t=16905 TX ua=95 mt=T len=7
PKT t=16917 TX ua=95 mt=P len=0
PKT t=16926 RX ua=95 mt=R len=7
PKT t=16931 TX ua=95 mt=P len=0
PKT t=16940 RX ua=95 mt=R len=7
PKT t=16945 TX ua=95 mt=P len=0
PKT t=16954 RX ua=95 mt=R len=7
PKT t=16959 TX ua=95 mt=P len=0
PKT t=16968 RX ua=95 mt=R len=7
PKT t=16973 TX ua=95 mt=P len=0
PKT t=17002 RX ua=95 mt=R len=7
PKT t=17007 TX ua=95 mt=P len=0
PKT t=17016 RX ua=95 mt=R len=7
PKT t=17021 TX ua=95 mt=P len=0
PKT t=17030 RX ua=95 mt=R len=7
PKT t=17035 TX ua=95 mt=P len=0
PKT t=17044 RX ua=95 mt=R len=7
PKT t=17076 TX ua=95 mt=P len=0
PKT t=17101 RX ua=95 mt=R len=7
PKT t=17106 TX ua=95 mt=P len=0
PKT t=17115 RX ua=95 mt=R len=7
PKT t=17120 TX ua=95 mt=T len=7
PKT t=17132 TX ua=95 mt=P len=0
PKT t=17141 RX ua=95 mt=R len=7
PKT t=17146 TX ua=95 mt=P len=0
PKT t=17155 RX ua=95 mt=R len=7
PKT t=17160 TX ua=95 mt=P len=0
PKT t=17169 RX ua=95 mt=R len=7
PKT t=17174 TX ua=95 mt=P len=0
PKT t=17203 RX ua=95 mt=R len=7
PKT t=17208 TX ua=95 mt=P len=0
PKT t=17217 RX ua=95 mt=R len=7
PKT t=17222 TX ua=95 mt=P len=0
PKT t=17231 RX ua=95 mt=R len=7
PKT t=17236 TX ua=95 mt=P len=0
PKT t=17245 RX ua=95 mt=R len=7
PKT t=17276 TX ua=95 mt=P len=0
PKT t=17302 RX ua=95 mt=R len=7
PKT t=17307 TX ua=95 mt=P len=0
PKT t=17316 RX ua=95 mt=R len=7
PKT t=17321 TX ua=95 mt=P len=0
PKT t=17330 RX ua=95 mt=R len=7
PKT t=17335 TX ua=95 mt=P len=0
PKT t=17344 RX ua=95 mt=R len=7
PKT t=17349 TX ua=95 mt=P len=0
PKT t=17358 RX ua=95 mt=R len=7
PKT t=17363 TX ua=95 mt=P len=0
PKT t=17372 RX ua=95 mt=R len=7
PKT t=17377 TX ua=95 mt=T len=7
PKT t=17389 TX ua=95 mt=P len=0
PKT t=17408 RX ua=95 mt=R len=7
PKT t=17413 TX ua=95 mt=P len=0
PKT t=17423 RX ua=95 mt=R len=7
PKT t=17428 TX ua=95 mt=P len=0
PKT t=17438 RX ua=95 mt=R len=7
PKT t=17443 TX ua=95 mt=P len=0
PKT t=17476 RX ua=95 mt=R len=7
PKT t=17481 TX ua=95 mt=P len=0
PKT t=17505 RX ua=95 mt=R len=7
PKT t=17510 TX ua=95 mt=P len=0
PKT t=17520 RX ua=95 mt=R len=7
PKT t=17525 TX ua=95 mt=P len=0
PKT t=17535 RX ua=95 mt=R len=7
PKT t=17540 TX ua=95 mt=P len=0
PKT t=17550 RX ua=95 mt=R len=7
PKT t=17555 TX ua=95 mt=P len=0
PKT t=17565 RX ua=95 mt=R len=7
PKT t=17570 TX ua=95 mt=P len=0
PKT t=17580 RX ua=95 mt=R len=7
PKT t=17585 TX ua=95 mt=P len=0
PKT t=17614 RX ua=95 mt=R len=7
PKT t=17619 TX ua=95 mt=P len=0
PKT t=17629 RX ua=95 mt=R len=7
PKT t=17634 TX ua=95 mt=T len=7
PKT t=17646 TX ua=95 mt=P len=0
PKT t=17676 RX ua=95 mt=R len=7
PKT t=17931 TX ua=96 mt=P len=0
PKT t=18189 TX ua=95 mt=P len=0
PKT t=18198 RX ua=95 mt=R len=7
PKT t=18203 TX ua=95 mt=T len=7
PKT t=18216 TX ua=95 mt=P len=0
PKT t=18225 RX ua=95 mt=R len=7
PKT t=18230 TX ua=95 mt=T len=7
PKT t=18243 TX ua=95 mt=P len=0
PKT t=18276 RX ua=95 mt=R len=7
PKT t=18281 TX ua=95 mt=P len=0
PKT t=18313 RX ua=95 mt=R len=7
PKT t=18318 TX ua=95 mt=P len=0
PKT t=18327 RX ua=95 mt=R len=7
PKT t=18332 TX ua=95 mt=P len=0
PKT t=18341 RX ua=95 mt=R len=7
PKT t=18346 TX ua=95 mt=P len=0
PKT t=18355 RX ua=95 mt=R len=7
PKT t=18360 TX ua=95 mt=P len=0
PKT t=18369 RX ua=95 mt=R len=7
PKT t=18374 TX ua=95 mt=P len=0
PKT t=18383 RX ua=95 mt=R len=7
PKT t=18388 TX ua=95 mt=T len=7
PKT t=18401 TX ua=95 mt=P len=0
PKT t=18419 RX ua=95 mt=R len=7
PKT t=18424 TX ua=95 mt=P len=0
PKT t=18433 RX ua=95 mt=R len=7
PKT t=18438 TX ua=95 mt=P len=0
PKT t=18476 RX ua=95 mt=R len=7
PKT t=18481 TX ua=95 mt=P len=0
PKT t=18490 RX ua=95 mt=R len=7
PKT t=18495 TX ua=95 mt=P len=0
PKT t=18524 RX ua=95 mt=R len=7
PKT t=18529 TX ua=95 mt=P len=0
PKT t=18538 RX ua=95 mt=R len=7
PKT t=18543 TX ua=95 mt=P len=0
PKT t=18552 RX ua=95 mt=R len=7
PKT t=18557 TX ua=95 mt=P len=0
PKT t=18566 RX ua=95 mt=R len=7
PKT t=18571 TX ua=95 mt=P len=0
PKT t=18580 RX ua=95 mt=R len=7
PKT t=18585 TX ua=95 mt=P len=0
PKT t=18594 RX ua=95 mt=R len=7
PKT t=18599 TX ua=95 mt=P len=0
PKT t=18628 RX ua=95 mt=R len=7
PKT t=18633 TX ua=95 mt=T len=7
PKT t=18646 TX ua=95 mt=P len=0
PKT t=18676 RX ua=95 mt=R len=7
PKT t=18931 TX ua=96 mt=P len=0
PKT t=19189 TX ua=95 mt=P len=0
PKT t=19198 RX ua=95 mt=R len=7
PKT t=19203 TX ua=95 mt=T len=7
PKT t=19215 TX ua=95 mt=P len=0
PKT t=19234 RX ua=95 mt=R len=7
PKT t=19239 TX ua=95 mt=P len=0
PKT t=19276 RX ua=95 mt=R len=7
PKT t=19281 TX ua=95 mt=P len=0
PKT t=19290 RX ua=95 mt=R len=7
PKT t=19295 TX ua=95 mt=P len=0
PKT t=19304 RX ua=95 mt=R len=7
PKT t=19309 TX ua=95 mt=P len=0
PKT t=19338 RX ua=95 mt=R len=7
PKT t=19343 TX ua=95 mt=P len=0
PKT t=19352 RX ua=95 mt=R len=7
PKT t=19357 TX ua=95 mt=P len=0
PKT t=19366 RX ua=95 mt=R len=7
PKT t=19371 TX ua=95 mt=P len=0
PKT t=19380 RX ua=95 mt=R len=7
PKT t=19385 TX ua=95 mt=T len=7
PKT t=19397 TX ua=95 mt=P len=0
PKT t=19407 RX ua=95 mt=R len=7
PKT t=19412 TX ua=95 mt=P len=0
PKT t=19441 RX ua=95 mt=R len=7
PKT t=19446 TX ua=95 mt=P len=0
PKT t=19476 RX ua=95 mt=R len=7
PKT t=19731 TX ua=96 mt=P len=0
PKT t=19989 TX ua=95 mt=P len=0
PKT t=19999 RX ua=95 mt=R len=7
PKT t=20004 TX ua=95 mt=T len=7
PKT t=20019 TX ua=95 mt=P len=0
PKT t=20044 RX ua=95 mt=R len=7
PKT t=20076 TX ua=95 mt=P len=0
PKT t=20085 RX ua=95 mt=R len=7
PKT t=20090 TX ua=95 mt=P len=0
PKT t=20100 RX ua=95 mt=R len=7
PKT t=20105 TX ua=95 mt=P len=0
PKT t=20114 RX ua=95 mt=R len=7
PKT t=20119 TX ua=95 mt=T len=7
PKT t=20131 TX ua=95 mt=T len=7
PKT t=20143 TX ua=95 mt=P len=0
PKT t=20156 RX ua=95 mt=R len=7
PKT t=20161 TX ua=95 mt=P len=0
PKT t=20170 RX ua=95 mt=R len=7
PKT t=20175 TX ua=95 mt=P len=0
PKT t=20184 RX ua=95 mt=R len=7
PKT t=20189 TX ua=95 mt=P len=0
PKT t=20198 RX ua=95 mt=R len=7
PKT t=20203 TX ua=95 mt=P len=0
PKT t=20212 RX ua=95 mt=R len=7
PKT t=20217 TX ua=95 mt=P len=0
PKT t=20276 RX ua=95 mt=R len=7
PKT t=20281 TX ua=95 mt=P len=0
PKT t=20290 RX ua=95 mt=R len=7
PKT t=20295 TX ua=95 mt=P len=0
PKT t=20304 RX ua=95 mt=R len=7
PKT t=20309 TX ua=95 mt=P len=0
PKT t=20318 RX ua=95 mt=R len=7
PKT t=20323 TX ua=95 mt=P len=0
PKT t=20352 RX ua=95 mt=R len=7
PKT t=20357 TX ua=95 mt=P len=0
PKT t=20366 RX ua=95 mt=R len=7
PKT t=20371 TX ua=95 mt=P len=0
PKT t=20380 RX ua=95 mt=R len=7
PKT t=20385 TX ua=95 mt=T len=7
PKT t=20397 TX ua=95 mt=P len=0
PKT t=20406 RX ua=95 mt=R len=7
PKT t=20411 TX ua=95 mt=P len=0
PKT t=20420 RX ua=95 mt=R len=7
PKT t=20425 TX ua=95 mt=P len=0
PKT t=20476 RX ua=95 mt=R len=7
PKT t=20481 TX ua=95 mt=P len=0
PKT t=20490 RX ua=95 mt=R len=7
PKT t=20495 TX ua=95 mt=P len=0
PKT t=20504 RX ua=95 mt=R len=7
PKT t=20509 TX ua=95 mt=P len=0
PKT t=20518 RX ua=95 mt=R len=7
PKT t=20523 TX ua=95 mt=P len=0
PKT t=20553 RX ua=95 mt=R len=7
PKT t=20558 TX ua=95 mt=P len=0
PKT t=20567 RX ua=95 mt=R len=7
PKT t=20572 TX ua=95 mt=P len=0
PKT t=20581 RX ua=95 mt=R len=7
PKT t=20586 TX ua=95 mt=P len=0
PKT t=20595 RX ua=95 mt=R len=7
PKT t=20600 TX ua=95 mt=P len=0
PKT t=20609 RX ua=95 mt=R len=7
PKT t=20614 TX ua=95 mt=P len=0
PKT t=20623 RX ua=95 mt=R len=7
PKT t=20628 TX ua=95 mt=T len=7
PKT t=20640 TX ua=95 mt=P len=0
PKT t=20676 RX ua=95 mt=R len=7
PKT t=20681 TX ua=95 mt=P len=0
PKT t=20690 RX ua=95 mt=R len=7
PKT t=20695 TX ua=95 mt=P len=0
PKT t=20704 RX ua=95 mt=R len=7
PKT t=20709 TX ua=95 mt=P len=0
PKT t=20718 RX ua=95 mt=R len=7
PKT t=20723 TX ua=95 mt=P len=0
PKT t=20756 RX ua=95 mt=R len=7
PKT t=20761 TX ua=95 mt=P len=0
PKT t=20770 RX ua=95 mt=R len=7
PKT t=20775 TX ua=95 mt=P len=0
PKT t=20784 RX ua=95 mt=R len=7
PKT t=20789 TX ua=95 mt=P len=0
PKT t=20798 RX ua=95 mt=R len=7
PKT t=20803 TX ua=95 mt=P len=0
PKT t=20812 RX ua=95 mt=R len=7
PKT t=20817 TX ua=95 mt=P len=0
PKT t=20826 RX ua=95 mt=R len=7
PKT t=20831 TX ua=95 mt=P len=0
PKT t=20876 RX ua=95 mt=R len=7
PKT t=20881 TX ua=95 mt=T len=7
PKT t=20893 TX ua=95 mt=P len=0
PKT t=20902 RX ua=95 mt=R len=7
PKT t=20907 TX ua=95 mt=P len=0
PKT t=20916 RX ua=95 mt=R len=7
PKT t=20921 TX ua=95 mt=P len=0
PKT t=20930 RX ua=95 mt=R len=7
PKT t=20935 TX ua=95 mt=P len=0
PKT t=20964 RX ua=95 mt=R len=7
PKT t=20969 TX ua=95 mt=P len=0
PKT t=20978 RX ua=95 mt=R len=7
PKT t=20983 TX ua=95 mt=P len=0
PKT t=20992 RX ua=95 mt=R len=7
PKT t=20997 TX ua=95 mt=P len=0
PKT t=21006 RX ua=95 mt=R len=7
PKT t=21011 TX ua=95 mt=P len=0
PKT t=21020 RX ua=95 mt=R len=7
PKT t=21025 TX ua=95 mt=P len=0
PKT t=21034 RX ua=95 mt=R len=7
PKT t=21039 TX ua=95 mt=P len=0
PKT t=21076 RX ua=95 mt=R len=7
PKT t=21081 TX ua=95 mt=P len=0
PKT t=21090 RX ua=95 mt=R len=7
PKT t=21095 TX ua=95 mt=P len=0
PKT t=21104 RX ua=95 mt=R len=7
PKT t=21109 TX ua=95 mt=P len=0
PKT t=21118 RX ua=95 mt=R len=7
PKT t=21123 TX ua=95 mt=T len=7
PKT t=21136 TX ua=95 mt=P len=0
PKT t=21167 RX ua=95 mt=R len=7
PKT t=21172 TX ua=95 mt=P len=0
PKT t=21181 RX ua=95 mt=R len=7
PKT t=21186 TX ua=95 mt=P len=0
PKT t=21195 RX ua=95 mt=R len=7
PKT t=21200 TX ua=95 mt=P len=0
PKT t=21209 RX ua=95 mt=R len=7
PKT t=21214 TX ua=95 mt=P len=0
PKT t=21223 RX ua=95 mt=R len=7
PKT t=21228 TX ua=95 mt=P len=0
PKT t=21237 RX ua=95 mt=R len=7
PKT t=21242 TX ua=95 mt=P len=0
PKT t=21276 RX ua=95 mt=R len=7
PKT t=21281 TX ua=95 mt=P len=0
PKT t=21290 RX ua=95 mt=R len=7
PKT t=21295 TX ua=95 mt=P len=0
PKT t=21304 RX ua=95 mt=R len=7
PKT t=21309 TX ua=95 mt=P len=0
PKT t=21318 RX ua=95 mt=R len=7
PKT t=21323 TX ua=95 mt=P len=0
PKT t=21332 RX ua=95 mt=R len=7
PKT t=21337 TX ua=95 mt=P len=0
PKT t=21370 RX ua=95 mt=R len=7
PKT t=21375 TX ua=95 mt=P len=0
PKT t=21384 RX ua=95 mt=R len=7
PKT t=21389 TX ua=95 mt=T len=7
PKT t=21402 TX ua=95 mt=P len=0
PKT t=21412 RX ua=95 mt=R len=7
PKT t=21417 TX ua=95 mt=P len=0
PKT t=21427 RX ua=95 mt=R len=7
PKT t=21432 TX ua=95 mt=P len=0
PKT t=21442 RX ua=95 mt=R len=7
PKT t=21447 TX ua=95 mt=P len=0
PKT t=21477 RX ua=95 mt=R len=7
PKT t=21732 TX ua=96 mt=P len=0
PKT t=21990 TX ua=95 mt=P len=0
PKT t=22000 RX ua=95 mt=R len=7
PKT t=22005 TX ua=95 mt=T len=7
PKT t=22022 TX ua=95 mt=P len=0
PKT t=22031 RX ua=95 mt=R len=7
PKT t=22036 TX ua=95 mt=P len=0
PKT t=22045 RX ua=95 mt=R len=7
PKT t=22076 TX ua=95 mt=P len=0
PKT t=22085 RX ua=95 mt=R len=7
PKT t=22090 TX ua=95 mt=P len=0
PKT t=22099 RX ua=95 mt=R len=7
PKT t=22104 TX ua=95 mt=P len=0
PKT t=22113 RX ua=95 mt=R len=7
PKT t=22118 TX ua=95 mt=P len=0
PKT t=22127 RX ua=95 mt=R len=7
PKT t=22132 TX ua=95 mt=T len=7
PKT t=22144 TX ua=95 mt=P len=0
PKT t=22153 RX ua=95 mt=R len=7
PKT t=22158 TX ua=95 mt=P len=0
PKT t=22187 RX ua=95 mt=R len=7
PKT t=22192 TX ua=95 mt=P len=0
PKT t=22201 RX ua=95 mt=R len=7
PKT t=22206 TX ua=95 mt=P len=0
PKT t=22215 RX ua=95 mt=R len=7
PKT t=22220 TX ua=95 mt=P len=0
PKT t=22229 RX ua=95 mt=R len=7
PKT t=22234 TX ua=95 mt=P len=0
PKT t=22243 RX ua=95 mt=R len=7
PKT t=22276 TX ua=95 mt=P len=0
PKT t=22286 RX ua=95 mt=R len=7
PKT t=22291 TX ua=95 mt=P len=0
PKT t=22300 RX ua=95 mt=R len=7
PKT t=22305 TX ua=95 mt=P len=0
PKT t=22314 RX ua=95 mt=R len=7
PKT t=22319 TX ua=95 mt=P len=0
PKT t=22328 RX ua=95 mt=R len=7
PKT t=22333 TX ua=95 mt=P len=0
PKT t=22342 RX ua=95 mt=R len=7
PKT t=22347 TX ua=95 mt=P len=0
PKT t=22356 RX ua=95 mt=R len=7
PKT t=22361 TX ua=95 mt=P len=0
PKT t=22390 RX ua=95 mt=R len=7
PKT t=22395 TX ua=95 mt=T len=7
PKT t=22407 TX ua=95 mt=P len=0
PKT t=22416 RX ua=95 mt=R len=7
PKT t=22421 TX ua=95 mt=P len=0
PKT t=22430 RX ua=95 mt=R len=7
PKT t=22435 TX ua=95 mt=P len=0
PKT t=22444 RX ua=95 mt=R len=7
PKT t=22476 TX ua=95 mt=P len=0
PKT t=22489 RX ua=95 mt=R len=7
PKT t=22494 TX ua=95 mt=P len=0
PKT t=22503 RX ua=95 mt=R len=7
PKT t=22508 TX ua=95 mt=P len=0
PKT t=22517 RX ua=95 mt=R len=7
PKT t=22522 TX ua=95 mt=P len=0
PKT t=22531 RX ua=95 mt=R len=7
PKT t=22536 TX ua=95 mt=P len=0
PKT t=22545 RX ua=95 mt=R len=7
PKT t=22550 TX ua=95 mt=P len=0
PKT t=22559 RX ua=95 mt=R len=7
PKT t=22564 TX ua=95 mt=P len=0
PKT t=22593 RX ua=95 mt=R len=7
PKT t=22598 TX ua=95 mt=P len=0
PKT t=22607 RX ua=95 mt=R len=7
PKT t=22612 TX ua=95 mt=P len=0
PKT t=22621 RX ua=95 mt=R len=7
PKT t=22626 TX ua=95 mt=P len=0
PKT t=22635 RX ua=95 mt=R len=7
PKT t=22640 TX ua=95 mt=T len=7
PKT t=22676 TX ua=95 mt=P len=0
PKT t=22692 RX ua=95 mt=R len=7
PKT t=22697 TX ua=95 mt=P len=0
PKT t=22706 RX ua=95 mt=R len=7
PKT t=22711 TX ua=95 mt=P len=0
PKT t=22720 RX ua=95 mt=R len=7
PKT t=22725 TX ua=95 mt=P len=0
PKT t=22734 RX ua=95 mt=R len=7
PKT t=22739 TX ua=95 mt=P len=0
PKT t=22748 RX ua=95 mt=R len=7
PKT t=22753 TX ua=95 mt=P len=0
PKT t=22762 RX ua=95 mt=R len=7
PKT t=22767 TX ua=95 mt=P len=0
PKT t=22796 RX ua=95 mt=R len=7
PKT t=22801 TX ua=95 mt=P len=0
PKT t=22810 RX ua=95 mt=R len=7
PKT t=22815 TX ua=95 mt=P len=0
PKT t=22824 RX ua=95 mt=R len=7
PKT t=22829 TX ua=95 mt=P len=0
PKT t=22838 RX ua=95 mt=R len=7
PKT t=22843 TX ua=95 mt=P len=0
PKT t=22876 RX ua=95 mt=R len=7
PKT t=22881 TX ua=95 mt=T len=7
PKT t=22893 TX ua=95 mt=P len=0
PKT t=22902 RX ua=95 mt=R len=7
PKT t=22907 TX ua=95 mt=P len=0
PKT t=22916 RX ua=95 mt=R len=7
PKT t=22921 TX ua=95 mt=P len=0
PKT t=22930 RX ua=95 mt=R len=7
PKT t=22935 TX ua=95 mt=P len=0
PKT t=22944 RX ua=95 mt=R len=7
PKT t=22949 TX ua=95 mt=P len=0
PKT t=22958 RX ua=95 mt=R len=7
PKT t=22963 TX ua=95 mt=P len=0
PKT t=22995 RX ua=95 mt=R len=7
PKT t=23000 TX ua=95 mt=P len=0
PKT t=23009 RX ua=95 mt=R len=7
PKT t=23014 TX ua=95 mt=P len=0
PKT t=23023 RX ua=95 mt=R len=7
PKT t=23028 TX ua=95 mt=P len=0
PKT t=23037 RX ua=95 mt=R len=7
PKT t=23042 TX ua=95 mt=P len=0
PKT t=23076 RX ua=95 mt=R len=7
PKT t=23081 TX ua=95 mt=P len=0
PKT t=23095 RX ua=95 mt=R len=7
PKT t=23100 TX ua=95 mt=P len=0
PKT t=23109 RX ua=95 mt=R len=7
PKT t=23114 TX ua=95 mt=P len=0
PKT t=23123 RX ua=95 mt=R len=7
PKT t=23128 TX ua=95 mt=T len=7
PKT t=23140 TX ua=95 mt=P len=0
PKT t=23149 RX ua=95 mt=R len=7
PKT t=23154 TX ua=95 mt=P len=0
PKT t=23163 RX ua=95 mt=R len=7
PKT t=23168 TX ua=95 mt=P len=0
PKT t=23197 RX ua=95 mt=R len=7
PKT t=23202 TX ua=95 mt=P len=0
PKT t=23211 RX ua=95 mt=R len=7
PKT t=23216 TX ua=95 mt=P len=0
PKT t=23225 RX ua=95 mt=R len=7
PKT t=23230 TX ua=95 mt=P len=0
PKT t=23239 RX ua=95 mt=R len=7
PKT t=23244 TX ua=95 mt=P len=0
PKT t=23276 RX ua=95 mt=R len=7
PKT t=23281 TX ua=95 mt=P len=0
PKT t=23296 RX ua=95 mt=R len=7
PKT t=23301 TX ua=95 mt=P len=0
PKT t=23310 RX ua=95 mt=R len=7
PKT t=23315 TX ua=95 mt=P len=0
PKT t=23324 RX ua=95 mt=R len=7
PKT t=23329 TX ua=95 mt=P len=0
PKT t=23338 RX ua=95 mt=R len=7
PKT t=23343 TX ua=95 mt=P len=0
PKT t=23352 RX ua=95 mt=R len=7
PKT t=23357 TX ua=95 mt=P len=0
PKT t=23366 RX ua=95 mt=R len=7
PKT t=23371 TX ua=95 mt=P len=0
PKT t=23400 RX ua=95 mt=R len=7
PKT t=23405 TX ua=95 mt=T len=7
PKT t=23417 TX ua=95 mt=P len=0
PKT t=23427 RX ua=95 mt=R len=7
PKT t=23432 TX ua=95 mt=P len=0
PKT t=23442 RX ua=95 mt=R len=7
PKT t=23447 TX ua=95 mt=P len=0
PKT t=23477 RX ua=95 mt=R len=7
PKT t=23732 TX ua=96 mt=P len=0
PKT t=23990 TX ua=95 mt=P len=0
PKT t=24000 RX ua=95 mt=R len=7
PKT t=24005 TX ua=95 mt=T len=7
PKT t=24021 TX ua=95 mt=P len=0
PKT t=24030 RX ua=95 mt=R len=7
PKT t=24035 TX ua=95 mt=P len=0
PKT t=24044 RX ua=95 mt=R len=7
PKT t=24076 TX ua=95 mt=P len=0
PKT t=24099 RX ua=95 mt=R len=7
PKT t=24104 TX ua=95 mt=P len=0
PKT t=24113 RX ua=95 mt=R len=7
PKT t=24118 TX ua=95 mt=P len=0
PKT t=24127 RX ua=95 mt=R len=7
PKT t=24132 TX ua=95 mt=T len=7
PKT t=24144 TX ua=95 mt=P len=0
PKT t=24154 RX ua=95 mt=R len=7
PKT t=24159 TX ua=95 mt=P len=0
PKT t=24168 RX ua=95 mt=R len=7
PKT t=24173 TX ua=95 mt=P len=0
PKT t=24202 RX ua=95 mt=R len=7
PKT t=24207 TX ua=95 mt=P len=0
PKT t=24216 RX ua=95 mt=R len=7
PKT t=24221 TX ua=95 mt=P len=0
PKT t=24230 RX ua=95 mt=R len=7
PKT t=24235 TX ua=95 mt=P len=0
PKT t=24244 RX ua=95 mt=R len=7
PKT t=24276 TX ua=95 mt=P len=0
PKT t=24301 RX ua=95 mt=R len=7
PKT t=24306 TX ua=95 mt=P len=0
PKT t=24315 RX ua=95 mt=R len=7
PKT t=24320 TX ua=95 mt=P len=0
PKT t=24329 RX ua=95 mt=R len=7
PKT t=24334 TX ua=95 mt=P len=0
PKT t=24343 RX ua=95 mt=R len=7
PKT t=24348 TX ua=95 mt=P len=0
PKT t=24357 RX ua=95 mt=R len=7
PKT t=24362 TX ua=95 mt=P len=0
PKT t=24371 RX ua=95 mt=R len=7
PKT t=24376 TX ua=95 mt=P len=0
PKT t=24405 RX ua=95 mt=R len=7
PKT t=24410 TX ua=95 mt=T len=7
PKT t=24422 TX ua=95 mt=P len=0
PKT t=24431 RX ua=95 mt=R len=7
PKT t=24436 TX ua=95 mt=P len=0
PKT t=24445 RX ua=95 mt=R len=7
PKT t=24476 TX ua=95 mt=P len=0
PKT t=24504 RX ua=95 mt=R len=7
PKT t=24509 TX ua=95 mt=P len=0
PKT t=24518 RX ua=95 mt=R len=7
PKT t=24523 TX ua=95 mt=P len=0
PKT t=24532 RX ua=95 mt=R len=7
PKT t=24537 TX ua=95 mt=P len=0
PKT t=24546 RX ua=95 mt=R len=7
PKT t=24551 TX ua=95 mt=P len=0
PKT t=24560 RX ua=95 mt=R len=7
PKT t=24565 TX ua=95 mt=P len=0
PKT t=24574 RX ua=95 mt=R len=7
PKT t=24579 TX ua=95 mt=P len=0
PKT t=24608 RX ua=95 mt=R len=7
PKT t=24613 TX ua=95 mt=P len=0
PKT t=24622 RX ua=95 mt=R len=7
PKT t=24627 TX ua=95 mt=T len=7
PKT t=24639 TX ua=95 mt=P len=0
PKT t=24676 RX ua=95 mt=R len=7
PKT t=24681 TX ua=95 mt=P len=0
PKT t=24707 RX ua=95 mt=R len=7
PKT t=24712 TX ua=95 mt=P len=0
PKT t=24721 RX ua=95 mt=R len=7
PKT t=24726 TX ua=95 mt=P len=0
PKT t=24735 RX ua=95 mt=R len=7
PKT t=24740 TX ua=95 mt=P len=0
PKT t=24749 RX ua=95 mt=R len=7
PKT t=24754 TX ua=95 mt=P len=0
PKT t=24763 RX ua=95 mt=R len=7
PKT t=24768 TX ua=95 mt=P len=0
PKT t=24777 RX ua=95 mt=R len=7
PKT t=24782 TX ua=95 mt=P len=0
PKT t=24811 RX ua=95 mt=R len=7
PKT t=24816 TX ua=95 mt=P len=0
PKT t=24825 RX ua=95 mt=R len=7
PKT t=24830 TX ua=95 mt=P len=0
PKT t=24839 RX ua=95 mt=R len=7
PKT t=24844 TX ua=95 mt=P len=0
PKT t=24876 RX ua=95 mt=R len=7
PKT t=24881 TX ua=95 mt=T len=7
PKT t=24893 TX ua=95 mt=P len=0
PKT t=24912 RX ua=95 mt=R len=7
PKT t=24917 TX ua=95 mt=P len=0
PKT t=24926 RX ua=95 mt=R len=7
PKT t=24931 TX ua=95 mt=P len=0
PKT t=24940 RX ua=95 mt=R len=7
PKT t=24945 TX ua=95 mt=P len=0
PKT t=24954 RX ua=95 mt=R len=7
PKT t=24959 TX ua=95 mt=P len=0
PKT t=24968 RX ua=95 mt=R len=7
PKT t=24973 TX ua=95 mt=P len=0
PKT t=24982 RX ua=95 mt=R len=7
PKT t=24987 TX ua=95 mt=P len=0
PKT t=25017 RX ua=95 mt=R len=7
PKT t=25022 TX ua=95 mt=P len=0
PKT t=25031 RX ua=95 mt=R len=7
PKT t=25036 TX ua=95 mt=P len=0
PKT t=25045 RX ua=95 mt=R len=7
PKT t=25076 TX ua=95 mt=P len=0
PKT t=25085 RX ua=95 mt=R len=7
PKT t=25090 TX ua=95 mt=P len=0
PKT t=25119 RX ua=95 mt=R len=7
PKT t=25124 TX ua=95 mt=T len=7
PKT t=25136 TX ua=95 mt=P len=0
PKT t=25145 RX ua=95 mt=R len=7
PKT t=25150 TX ua=95 mt=P len=0
PKT t=25159 RX ua=95 mt=R len=7
PKT t=25164 TX ua=95 mt=P len=0
PKT t=25173 RX ua=95 mt=R len=7
PKT t=25178 TX ua=95 mt=P len=0
PKT t=25187 RX ua=95 mt=R len=7
PKT t=25192 TX ua=95 mt=P len=0
PKT t=25221 RX ua=95 mt=R len=7
PKT t=25226 TX ua=95 mt=P len=0
PKT t=25235 RX ua=95 mt=R len=7
PKT t=25240 TX ua=95 mt=P len=0
PKT t=25276 RX ua=95 mt=R len=7
PKT t=25281 TX ua=95 mt=P len=0
PKT t=25290 RX ua=95 mt=R len=7
PKT t=25295 TX ua=95 mt=P len=0
PKT t=25324 RX ua=95 mt=R len=7
PKT t=25329 TX ua=95 mt=P len=0
PKT t=25338 RX ua=95 mt=R len=7
PKT t=25343 TX ua=95 mt=P len=0
PKT t=25352 RX ua=95 mt=R len=7
PKT t=25357 TX ua=95 mt=P len=0
PKT t=25366 RX ua=95 mt=R len=7
PKT t=25371 TX ua=95 mt=P len=0
PKT t=25380 RX ua=95 mt=R len=7
PKT t=25385 TX ua=95 mt=T len=7
PKT t=25397 TX ua=95 mt=P len=0
PKT t=25425 RX ua=95 mt=R len=7
PKT t=25430 TX ua=95 mt=P len=0
PKT t=25440 RX ua=95 mt=R len=7
PKT t=25445 TX ua=95 mt=P len=0
PKT t=25476 RX ua=95 mt=R len=7
PKT t=25731 TX ua=96 mt=P len=0
PKT t=25989 TX ua=95 mt=P len=0
PKT t=25999 RX ua=95 mt=R len=7
PKT t=26004 TX ua=95 mt=T len=7
PKT t=26017 TX ua=95 mt=P len=0
PKT t=26034 RX ua=95 mt=R len=7
PKT t=26039 TX ua=95 mt=P len=0
PKT t=26076 RX ua=95 mt=R len=7
PKT t=26081 TX ua=95 mt=P len=0
PKT t=26090 RX ua=95 mt=R len=7
PKT t=26095 TX ua=95 mt=P len=0
PKT t=26104 RX ua=95 mt=R len=7
PKT t=26109 TX ua=95 mt=P len=0
PKT t=26138 RX ua=95 mt=R len=7
PKT t=26143 TX ua=95 mt=T len=7
PKT t=26156 TX ua=95 mt=P len=0
PKT t=26165 RX ua=95 mt=R len=7
PKT t=26170 TX ua=95 mt=T len=7
PKT t=26183 TX ua=95 mt=P len=0
PKT t=26192 RX ua=95 mt=R len=7
PKT t=26197 TX ua=95 mt=P len=0
PKT t=26206 RX ua=95 mt=R len=7
PKT t=26211 TX ua=95 mt=P len=0
PKT t=26240 RX ua=95 mt=R len=7
PKT t=26245 TX ua=95 mt=P len=0
PKT t=26276 RX ua=95 mt=R len=7
PKT t=26531 TX ua=96 mt=P len=0
PKT t=26789 TX ua=95 mt=P len=0
PKT t=26798 RX ua=95 mt=R len=7
PKT t=26803 TX ua=95 mt=T len=7
PKT t=26816 TX ua=95 mt=P len=0
PKT t=26843 RX ua=95 mt=R len=7
PKT t=26876 TX ua=95 mt=P len=0
PKT t=26885 RX ua=95 mt=R len=7
PKT t=26890 TX ua=95 mt=T len=7
PKT t=26903 TX ua=95 mt=P len=0
PKT t=26912 RX ua=95 mt=R len=7
PKT t=26917 TX ua=95 mt=P len=0
PKT t=26946 RX ua=95 mt=R len=7
PKT t=26951 TX ua=95 mt=P len=0
PKT t=26960 RX ua=95 mt=R len=7
PKT t=26965 TX ua=95 mt=P len=0
PKT t=26974 RX ua=95 mt=R len=7
PKT t=26979 TX ua=95 mt=P len=0
PKT t=26988 RX ua=95 mt=R len=7
PKT t=26993 TX ua=95 mt=P len=0
PKT t=27002 RX ua=95 mt=R len=7
PKT t=27007 TX ua=95 mt=P len=0
PKT t=27016 RX ua=95 mt=R len=7
PKT t=27021 TX ua=95 mt=P len=0
PKT t=27076 RX ua=95 mt=R len=7
PKT t=27081 TX ua=95 mt=P len=0
PKT t=27090 RX ua=95 mt=R len=7
PKT t=27095 TX ua=95 mt=P len=0
PKT t=27104 RX ua=95 mt=R len=7
PKT t=27109 TX ua=95 mt=P len=0
PKT t=27118 RX ua=95 mt=R len=7
PKT t=27123 TX ua=95 mt=T len=7
PKT t=27135 TX ua=95 mt=P len=0
PKT t=27154 RX ua=95 mt=R len=7
PKT t=27159 TX ua=95 mt=P len=0
PKT t=27168 RX ua=95 mt=R len=7
PKT t=27173 TX ua=95 mt=P len=0
PKT t=27182 RX ua=95 mt=R len=7
PKT t=27187 TX ua=95 mt=P len=0
PKT t=27196 RX ua=95 mt=R len=7
PKT t=27201 TX ua=95 mt=P len=0
PKT t=27210 RX ua=95 mt=R len=7
PKT t=27215 TX ua=95 mt=P len=0
PKT t=27224 RX ua=95 mt=R len=7
PKT t=27229 TX ua=95 mt=P len=0
PKT t=27276 RX ua=95 mt=R len=7
PKT t=27281 TX ua=95 mt=P len=0
PKT t=27290 RX ua=95 mt=R len=7
PKT t=27295 TX ua=95 mt=P len=0
PKT t=27304 RX ua=95 mt=R len=7
PKT t=27309 TX ua=95 mt=P len=0
PKT t=27318 RX ua=95 mt=R len=7
PKT t=27323 TX ua=95 mt=P len=0
PKT t=27332 RX ua=95 mt=R len=7
PKT t=27337 TX ua=95 mt=P len=0
PKT t=27366 RX ua=95 mt=R len=7
PKT t=27371 TX ua=95 mt=P len=0
PKT t=27380 RX ua=95 mt=R len=7
PKT t=27385 TX ua=95 mt=T len=7
PKT t=27397 TX ua=95 mt=P len=0
PKT t=27407 RX ua=95 mt=R len=7
PKT t=27412 TX ua=95 mt=P len=0
PKT t=27422 RX ua=95 mt=R len=7
PKT t=27427 TX ua=95 mt=P len=0
PKT t=27437 RX ua=95 mt=R len=7
PKT t=27442 TX ua=95 mt=P len=0
PKT t=27476 RX ua=95 mt=R len=7
PKT t=27481 TX ua=95 mt=P len=0
PKT t=27491 RX ua=95 mt=R len=7
PKT t=27496 TX ua=95 mt=P len=0
PKT t=27506 RX ua=95 mt=R len=7
PKT t=27511 TX ua=95 mt=P len=0
PKT t=27521 RX ua=95 mt=R len=7
PKT t=27526 TX ua=95 mt=P len=0
PKT t=27536 RX ua=95 mt=R len=7
PKT t=27541 TX ua=95 mt=P len=0
PKT t=27570 RX ua=95 mt=R len=7
PKT t=27575 TX ua=95 mt=P len=0
PKT t=27585 RX ua=95 mt=R len=7
PKT t=27590 TX ua=95 mt=P len=0
PKT t=27600 RX ua=95 mt=R len=7
PKT t=27605 TX ua=95 mt=P len=0
PKT t=27615 RX ua=95 mt=R len=7
PKT t=27620 TX ua=95 mt=P len=0
PKT t=27630 RX ua=95 mt=R len=7
PKT t=27635 TX ua=95 mt=T len=7
PKT t=27647 TX ua=95 mt=P len=0
PKT t=27677 RX ua=95 mt=R len=7
PKT t=27932 TX ua=96 mt=P len=0
PKT t=28190 TX ua=95 mt=P len=0
PKT t=28199 RX ua=95 mt=R len=7
PKT t=28204 TX ua=95 mt=T len=7
PKT t=28216 TX ua=95 mt=P len=0
PKT t=28225 RX ua=95 mt=R len=7
PKT t=28230 TX ua=95 mt=P len=0
PKT t=28239 RX ua=95 mt=R len=7
PKT t=28244 TX ua=95 mt=P len=0
PKT t=28276 RX ua=95 mt=R len=7
PKT t=28281 TX ua=95 mt=P len=0
PKT t=28290 RX ua=95 mt=R len=7
PKT t=28295 TX ua=95 mt=P len=0
PKT t=28304 RX ua=95 mt=R len=7
PKT t=28309 TX ua=95 mt=P len=0
PKT t=28318 RX ua=95 mt=R len=7
PKT t=28323 TX ua=95 mt=P len=0
PKT t=28332 RX ua=95 mt=R len=7
PKT t=28337 TX ua=95 mt=P len=0
PKT t=28346 RX ua=95 mt=R len=7
PKT t=28351 TX ua=95 mt=P len=0
PKT t=28380 RX ua=95 mt=R len=7
PKT t=28385 TX ua=95 mt=T len=7
PKT t=28397 TX ua=95 mt=P len=0
PKT t=28406 RX ua=95 mt=R len=7
PKT t=28411 TX ua=95 mt=P len=0
PKT t=28420 RX ua=95 mt=R len=7
PKT t=28425 TX ua=95 mt=P len=0
PKT t=28434 RX ua=95 mt=R len=7
PKT t=28439 TX ua=95 mt=P len=0
PKT t=28476 RX ua=95 mt=R len=7
PKT t=28481 TX ua=95 mt=P len=0
PKT t=28490 RX ua=95 mt=R len=7
PKT t=28495 TX ua=95 mt=P len=0
PKT t=28504 RX ua=95 mt=R len=7
PKT t=28509 TX ua=95 mt=P len=0
PKT t=28518 RX ua=95 mt=R len=7
PKT t=28523 TX ua=95 mt=P len=0
PKT t=28532 RX ua=95 mt=R len=7
PKT t=28537 TX ua=95 mt=P len=0
PKT t=28546 RX ua=95 mt=R len=7
PKT t=28551 TX ua=95 mt=P len=0
PKT t=28581 RX ua=95 mt=R len=7
PKT t=28586 TX ua=95 mt=P len=0
PKT t=28595 RX ua=95 mt=R len=7
PKT t=28600 TX ua=95 mt=P len=0
PKT t=28609 RX ua=95 mt=R len=7
PKT t=28614 TX ua=95 mt=P len=0
PKT t=28623 RX ua=95 mt=R len=7
PKT t=28628 TX ua=95 mt=T len=7
PKT t=28640 TX ua=95 mt=P len=0
PKT t=28676 RX ua=95 mt=R len=7
PKT t=28681 TX ua=95 mt=P len=0
PKT t=28690 RX ua=95 mt=R len=7
PKT t=28695 TX ua=95 mt=P len=0
PKT t=28704 RX ua=95 mt=R len=7
PKT t=28709 TX ua=95 mt=P len=0
PKT t=28718 RX ua=95 mt=R len=7
PKT t=28723 TX ua=95 mt=P len=0
PKT t=28732 RX ua=95 mt=R len=7
PKT t=28737 TX ua=95 mt=P len=0
PKT t=28746 RX ua=95 mt=R len=7
PKT t=28751 TX ua=95 mt=P len=0
PKT t=28783 RX ua=95 mt=R len=7
PKT t=28788 TX ua=95 mt=P len=0
PKT t=28797 RX ua=95 mt=R len=7
PKT t=28802 TX ua=95 mt=P len=0
PKT t=28811 RX ua=95 mt=R len=7
PKT t=28816 TX ua=95 mt=P len=0
PKT t=28825 RX ua=95 mt=R len=7
PKT t=28830 TX ua=95 mt=P len=0
PKT t=28839 RX ua=95 mt=R len=7
PKT t=28844 TX ua=95 mt=P len=0
PKT t=28876 RX ua=95 mt=R len=7
PKT t=28881 TX ua=95 mt=T len=7
PKT t=28893 TX ua=95 mt=P len=0
PKT t=28902 RX ua=95 mt=R len=7
PKT t=28907 TX ua=95 mt=P len=0
PKT t=28916 RX ua=95 mt=R len=7
PKT t=28921 TX ua=95 mt=P len=0
PKT t=28930 RX ua=95 mt=R len=7
PKT t=28935 TX ua=95 mt=P len=0
PKT t=28944 RX ua=95 mt=R len=7
PKT t=28949 TX ua=95 mt=P len=0
PKT t=28958 RX ua=95 mt=R len=7
PKT t=28963 TX ua=95 mt=P len=0
PKT t=28992 RX ua=95 mt=R len=7
PKT t=28997 TX ua=95 mt=P len=0
PKT t=29006 RX ua=95 mt=R len=7
PKT t=29011 TX ua=95 mt=P len=0
PKT t=29020 RX ua=95 mt=R len=7
PKT t=29025 TX ua=95 mt=P len=0
PKT t=29034 RX ua=95 mt=R len=7
PKT t=29039 TX ua=95 mt=P len=0
PKT t=29076 RX ua=95 mt=R len=7
PKT t=29081 TX ua=95 mt=P len=0
PKT t=29091 RX ua=95 mt=R len=7
PKT t=29096 TX ua=95 mt=P len=0
PKT t=29105 RX ua=95 mt=R len=7
PKT t=29110 TX ua=95 mt=P len=0
PKT t=29119 RX ua=95 mt=R len=7
PKT t=29124 TX ua=95 mt=T len=7
PKT t=29137 TX ua=95 mt=P len=0
PKT t=29146 RX ua=95 mt=R len=7
PKT t=29151 TX ua=95 mt=P len=0
PKT t=29160 RX ua=95 mt=R len=7
PKT t=29165 TX ua=95 mt=P len=0
PKT t=29194 RX ua=95 mt=R len=7
PKT t=29199 TX ua=95 mt=P len=0
PKT t=29208 RX ua=95 mt=R len=7
PKT t=29213 TX ua=95 mt=P len=0
PKT t=29222 RX ua=95 mt=R len=7
PKT t=29227 TX ua=95 mt=P len=0
PKT t=29236 RX ua=95 mt=R len=7
PKT t=29241 TX ua=95 mt=P len=0
PKT t=29276 RX ua=95 mt=R len=7
PKT t=29281 TX ua=95 mt=P len=0
PKT t=29293 RX ua=95 mt=R len=7
PKT t=29298 TX ua=95 mt=P len=0
PKT t=29307 RX ua=95 mt=R len=7
PKT t=29312 TX ua=95 mt=P len=0
PKT t=29321 RX ua=95 mt=R len=7
PKT t=29326 TX ua=95 mt=P len=0
PKT t=29335 RX ua=95 mt=R len=7
PKT t=29340 TX ua=95 mt=P len=0
PKT t=29349 RX ua=95 mt=R len=7
PKT t=29354 TX ua=95 mt=P len=0
PKT t=29363 RX ua=95 mt=R len=7
PKT t=29368 TX ua=95 mt=P len=0
PKT t=29398 RX ua=95 mt=R len=7
PKT t=29403 TX ua=95 mt=T len=7
PKT t=29416 TX ua=95 mt=P len=0
PKT t=29426 RX ua=95 mt=R len=7
PKT t=29431 TX ua=95 mt=P len=0
PKT t=29441 RX ua=95 mt=R len=7
PKT t=29446 TX ua=95 mt=P len=0
PKT t=29476 RX ua=95 mt=R len=7
PKT t=29731 TX ua=96 mt=P len=0
PKT t=29989 TX ua=95 mt=P len=0
PKT t=29999 RX ua=95 mt=R len=7
PKT t=30004 TX ua=95 mt=T len=7
PKT t=30019 TX ua=95 mt=P len=0
PKT t=30028 RX ua=95 mt=R len=7
PKT t=30033 TX ua=95 mt=P len=0
PKT t=30042 RX ua=95 mt=R len=7
PKT t=30047 TX ua=95 mt=P len=0
PKT t=30077 RX ua=95 mt=R len=7
PKT t=30332 TX ua=96 mt=P len=0
PKT t=30590 TX ua=95 mt=P len=0
PKT t=30599 RX ua=95 mt=R len=7
PKT t=30604 TX ua=95 mt=T len=7
PKT t=30616 TX ua=95 mt=P len=0
PKT t=30625 RX ua=95 mt=R len=7
PKT t=30630 TX ua=95 mt=T len=7
PKT t=30642 TX ua=95 mt=P len=0
PKT t=30676 RX ua=95 mt=R len=7
PKT t=30681 TX ua=95 mt=P len=0
PKT t=30698 RX ua=95 mt=R len=7
PKT t=30703 TX ua=95 mt=P len=0
PKT t=30712 RX ua=95 mt=R len=7
PKT t=30717 TX ua=95 mt=P len=0
PKT t=30726 RX ua=95 mt=R len=7
PKT t=30731 TX ua=95 mt=P len=0
PKT t=30740 RX ua=95 mt=R len=7
PKT t=30745 TX ua=95 mt=P len=0
PKT t=30754 RX ua=95 mt=R len=7
PKT t=30759 TX ua=95 mt=P len=0
PKT t=30768 RX ua=95 mt=R len=7
PKT t=30773 TX ua=95 mt=P len=0
PKT t=30802 RX ua=95 mt=R len=7
PKT t=30807 TX ua=95 mt=P len=0
PKT t=30816 RX ua=95 mt=R len=7
PKT t=30821 TX ua=95 mt=P len=0
PKT t=30830 RX ua=95 mt=R len=7
PKT t=30835 TX ua=95 mt=P len=0
PKT t=30844 RX ua=95 mt=R len=7
PKT t=30876 TX ua=95 mt=P len=0
PKT t=30901 RX ua=95 mt=R len=7
PKT t=30906 TX ua=95 mt=T len=7
PKT t=30918 TX ua=95 mt=P len=0
PKT t=30927 RX ua=95 mt=R len=7
PKT t=30932 TX ua=95 mt=P len=0
PKT t=30941 RX ua=95 mt=R len=7
PKT t=30946 TX ua=95 mt=P len=0
PKT t=30955 RX ua=95 mt=R len=7
PKT t=30960 TX ua=95 mt=P len=0
PKT t=30969 RX ua=95 mt=R len=7
PKT t=30974 TX ua=95 mt=P len=0
PKT t=31003 RX ua=95 mt=R len=7
PKT t=31008 TX ua=95 mt=P len=0
PKT t=31017 RX ua=95 mt=R len=7
PKT t=31022 TX ua=95 mt=P len=0
PKT t=31031 RX ua=95 mt=R len=7
PKT t=31036 TX ua=95 mt=P len=0
PKT t=31045 RX ua=95 mt=R len=7
PKT t=31076 TX ua=95 mt=P len=0
PKT t=31102 RX ua=95 mt=R len=7
PKT t=31107 TX ua=95 mt=P len=0
PKT t=31116 RX ua=95 mt=R len=7
PKT t=31121 TX ua=95 mt=T len=7
PKT t=31133 TX ua=95 mt=P len=0
PKT t=31142 RX ua=95 mt=R len=7
PKT t=31147 TX ua=95 mt=P len=0
PKT t=31156 RX ua=95 mt=R len=7
PKT t=31161 TX ua=95 mt=P len=0
PKT t=31170 RX ua=95 mt=R len=7
PKT t=31175 TX ua=95 mt=P len=0
PKT t=31204 RX ua=95 mt=R len=7
PKT t=31209 TX ua=95 mt=P len=0
PKT t=31218 RX ua=95 mt=R len=7
PKT t=31223 TX ua=95 mt=P len=0
PKT t=31232 RX ua=95 mt=R len=7
PKT t=31237 TX ua=95 mt=P len=0
PKT t=31246 RX ua=95 mt=R len=7
PKT t=31276 TX ua=95 mt=P len=0
PKT t=31303 RX ua=95 mt=R len=7
PKT t=31308 TX ua=95 mt=P len=0
PKT t=31317 RX ua=95 mt=R len=7
PKT t=31322 TX ua=95 mt=P len=0
PKT t=31331 RX ua=95 mt=R len=7
PKT t=31336 TX ua=95 mt=P len=0
PKT t=31345 RX ua=95 mt=R len=7
PKT t=31350 TX ua=95 mt=P len=0
PKT t=31359 RX ua=95 mt=R len=7
PKT t=31364 TX ua=95 mt=P len=0
PKT t=31373 RX ua=95 mt=R len=7
PKT t=31378 TX ua=95 mt=T len=7
PKT t=31390 TX ua=95 mt=P len=0
PKT t=31409 RX ua=95 mt=R len=7
PKT t=31414 TX ua=95 mt=P len=0
PKT t=31424 RX ua=95 mt=R len=7
PKT t=31429 TX ua=95 mt=P len=0
PKT t=31439 RX ua=95 mt=R len=7
PKT t=31444 TX ua=95 mt=P len=0
PKT t=31476 RX ua=95 mt=R len=7
PKT t=31481 TX ua=95 mt=P len=0
PKT t=31507 RX ua=95 mt=R len=7
PKT t=31511 TX ua=95 mt=P len=0
PKT t=31521 RX ua=95 mt=R len=7
PKT t=31526 TX ua=95 mt=P len=0
PKT t=31536 RX ua=95 mt=R len=7
PKT t=31541 TX ua=95 mt=P len=0
PKT t=31551 RX ua=95 mt=R len=7
PKT t=31556 TX ua=95 mt=P len=0
PKT t=31566 RX ua=95 mt=R len=7
PKT t=31571 TX ua=95 mt=P len=0
PKT t=31581 RX ua=95 mt=R len=7
PKT t=31586 TX ua=95 mt=P len=0
PKT t=31615 RX ua=95 mt=R len=7
PKT t=31620 TX ua=95 mt=P len=0
PKT t=31630 RX ua=95 mt=R len=7
PKT t=31635 TX ua=95 mt=T len=7
PKT t=31647 TX ua=95 mt=P len=0
PKT t=31677 RX ua=95 mt=R len=7
PKT t=31932 TX ua=96 mt=P len=0
PKT t=32190 TX ua=95 mt=P len=0
PKT t=32199 RX ua=95 mt=R len=7
PKT t=32204 TX ua=95 mt=T len=7
PKT t=32216 TX ua=95 mt=P len=0
PKT t=32225 RX ua=95 mt=R len=7
PKT t=32230 TX ua=95 mt=P len=0
PKT t=32239 RX ua=95 mt=R len=7
PKT t=32244 TX ua=95 mt=P len=0
PKT t=32276 RX ua=95 mt=R len=7
PKT t=32281 TX ua=95 mt=P len=0
PKT t=32314 RX ua=95 mt=R len=7
PKT t=32319 TX ua=95 mt=P len=0
PKT t=32328 RX ua=95 mt=R len=7
PKT t=32333 TX ua=95 mt=P len=0
PKT t=32342 RX ua=95 mt=R len=7
PKT t=32347 TX ua=95 mt=P len=0
PKT t=32356 RX ua=95 mt=R len=7
PKT t=32361 TX ua=95 mt=P len=0
PKT t=32370 RX ua=95 mt=R len=7
PKT t=32375 TX ua=95 mt=P len=0
PKT t=32384 RX ua=95 mt=R len=7
PKT t=32389 TX ua=95 mt=T len=7
PKT t=32401 TX ua=95 mt=P len=0
PKT t=32420 RX ua=95 mt=R len=7
PKT t=32425 TX ua=95 mt=P len=0
PKT t=32434 RX ua=95 mt=R len=7
PKT t=32439 TX ua=95 mt=P len=0
PKT t=32476 RX ua=95 mt=R len=7
PKT t=32481 TX ua=95 mt=P len=0
PKT t=32490 RX ua=95 mt=R len=7
PKT t=32495 TX ua=95 mt=P len=0
PKT t=32524 RX ua=95 mt=R len=7
PKT t=32529 TX ua=95 mt=P len=0
PKT t=32538 RX ua=95 mt=R len=7
PKT t=32543 TX ua=95 mt=P len=0
PKT t=32552 RX ua=95 mt=R len=7
PKT t=32557 TX ua=95 mt=P len=0
PKT t=32566 RX ua=95 mt=R len=7
PKT t=32571 TX ua=95 mt=P len=0
PKT t=32580 RX ua=95 mt=R len=7
PKT t=32585 TX ua=95 mt=P len=0
PKT t=32594 RX ua=95 mt=R len=7
PKT t=32599 TX ua=95 mt=P len=0
PKT t=32629 RX ua=95 mt=R len=7
PKT t=32634 TX ua=95 mt=T len=7
PKT t=32646 TX ua=95 mt=P len=0
PKT t=32676 RX ua=95 mt=R len=7
PKT t=32931 TX ua=96 mt=P len=0
PKT t=33189 TX ua=95 mt=P len=0
PKT t=33198 RX ua=95 mt=R len=7
PKT t=33203 TX ua=95 mt=T len=7
PKT t=33215 TX ua=95 mt=P len=0
PKT t=33234 RX ua=95 mt=R len=7
PKT t=33239 TX ua=95 mt=P len=0
PKT t=33276 RX ua=95 mt=R len=7
PKT t=33281 TX ua=95 mt=P len=0
PKT t=33290 RX ua=95 mt=R len=7
PKT t=33295 TX ua=95 mt=P len=0
PKT t=33304 RX ua=95 mt=R len=7
PKT t=33309 TX ua=95 mt=P len=0
PKT t=33338 RX ua=95 mt=R len=7
PKT t=33343 TX ua=95 mt=P len=0
PKT t=33352 RX ua=95 mt=R len=7
PKT t=33357 TX ua=95 mt=P len=0
PKT t=33366 RX ua=95 mt=R len=7
PKT t=33371 TX ua=95 mt=P len=0
PKT t=33380 RX ua=95 mt=R len=7
PKT t=33385 TX ua=95 mt=T len=7
PKT t=33397 TX ua=95 mt=P len=0
PKT t=33407 RX ua=95 mt=R len=7
PKT t=33412 TX ua=95 mt=P len=0
PKT t=33441 RX ua=95 mt=R len=7
PKT t=33446 TX ua=95 mt=P len=0
PKT t=33476 RX ua=95 mt=R len=7
PKT t=33731 TX ua=96 mt=P len=0
PKT t=33989 TX ua=95 mt=P len=0
PKT t=33999 RX ua=95 mt=R len=7
PKT t=34004 TX ua=95 mt=T len=7
PKT t=34016 TX ua=95 mt=P len=0
PKT t=34044 RX ua=95 mt=R len=7
PKT t=34076 TX ua=95 mt=P len=0
PKT t=34085 RX ua=95 mt=R len=7
PKT t=34090 TX ua=95 mt=P len=0
PKT t=34099 RX ua=95 mt=R len=7
PKT t=34104 TX ua=95 mt=P len=0
PKT t=34113 RX ua=95 mt=R len=7
PKT t=34118 TX ua=95 mt=P len=0
PKT t=34147 RX ua=95 mt=R len=7
PKT t=34152 TX ua=95 mt=T len=7
PKT t=34165 TX ua=95 mt=P len=0
PKT t=34174 RX ua=95 mt=R len=7
PKT t=34179 TX ua=95 mt=T len=7
PKT t=34192 TX ua=95 mt=P len=0
PKT t=34201 RX ua=95 mt=R len=7
PKT t=34206 TX ua=95 mt=P len=0
PKT t=34215 RX ua=95 mt=R len=7
PKT t=34220 TX ua=95 mt=P len=0
PKT t=34276 RX ua=95 mt=R len=7
PKT t=34281 TX ua=95 mt=P len=0
PKT t=34290 RX ua=95 mt=R len=7
PKT t=34295 TX ua=95 mt=P len=0
PKT t=34304 RX ua=95 mt=R len=7
PKT t=34309 TX ua=95 mt=P len=0
PKT t=34318 RX ua=95 mt=R len=7
PKT t=34323 TX ua=95 mt=P len=0
PKT t=34352 RX ua=95 mt=R len=7
PKT t=34357 TX ua=95 mt=P len=0
PKT t=34366 RX ua=95 mt=R len=7
PKT t=34371 TX ua=95 mt=P len=0
PKT t=34380 RX ua=95 mt=R len=7
PKT t=34385 TX ua=95 mt=T len=7
PKT t=34398 TX ua=95 mt=P len=0
PKT t=34407 RX ua=95 mt=R len=7
PKT t=34412 TX ua=95 mt=P len=0
PKT t=34421 RX ua=95 mt=R len=7
PKT t=34426 TX ua=95 mt=P len=0
PKT t=34476 RX ua=95 mt=R len=7
PKT t=34481 TX ua=95 mt=P len=0
PKT t=34490 RX ua=95 mt=R len=7
PKT t=34495 TX ua=95 mt=P len=0
PKT t=34504 RX ua=95 mt=R len=7
PKT t=34509 TX ua=95 mt=P len=0
PKT t=34518 RX ua=95 mt=R len=7
PKT t=34523 TX ua=95 mt=P len=0
PKT t=34554 RX ua=95 mt=R len=7
PKT t=34559 TX ua=95 mt=P len=0
PKT t=34568 RX ua=95 mt=R len=7
PKT t=34573 TX ua=95 mt=P len=0
PKT t=34582 RX ua=95 mt=R len=7
PKT t=34587 TX ua=95 mt=P len=0
PKT t=34596 RX ua=95 mt=R len=7
PKT t=34601 TX ua=95 mt=P len=0
PKT t=34610 RX ua=95 mt=R len=7
PKT t=34615 TX ua=95 mt=P len=0
PKT t=34624 RX ua=95 mt=R len=7
PKT t=34629 TX ua=95 mt=T len=7
PKT t=34642 TX ua=95 mt=P len=0
PKT t=34676 RX ua=95 mt=R len=7
PKT t=34681 TX ua=95 mt=P len=0
PKT t=34690 RX ua=95 mt=R len=7
PKT t=34695 TX ua=95 mt=P len=0
PKT t=34705 RX ua=95 mt=R len=7
PKT t=34710 TX ua=95 mt=P len=0
PKT t=34719 RX ua=95 mt=R len=7
PKT t=34724 TX ua=95 mt=P len=0
PKT t=34757 RX ua=95 mt=R len=7
PKT t=34762 TX ua=95 mt=P len=0
PKT t=34771 RX ua=95 mt=R len=7
PKT t=34776 TX ua=95 mt=P len=0
PKT t=34785 RX ua=95 mt=R len=7
PKT t=34790 TX ua=95 mt=P len=0
PKT t=34799 RX ua=95 mt=R len=7
PKT t=34804 TX ua=95 mt=P len=0
PKT t=34813 RX ua=95 mt=R len=7
PKT t=34818 TX ua=95 mt=P len=0
PKT t=34828 RX ua=95 mt=R len=7
PKT t=34832 TX ua=95 mt=P len=0
PKT t=34876 RX ua=95 mt=R len=7
PKT t=34881 TX ua=95 mt=T len=7
PKT t=34894 TX ua=95 mt=P len=0
PKT t=34903 RX ua=95 mt=R len=7
PKT t=34908 TX ua=95 mt=P len=0
PKT t=34917 RX ua=95 mt=R len=7
PKT t=34922 TX ua=95 mt=P len=0
PKT t=34931 RX ua=95 mt=R len=7
PKT t=34936 TX ua=95 mt=P len=0
PKT t=34965 RX ua=95 mt=R len=7
PKT t=34970 TX ua=95 mt=P len=0
PKT t=34979 RX ua=95 mt=R len=7
PKT t=34984 TX ua=95 mt=P len=0
PKT t=34993 RX ua=95 mt=R len=7
PKT t=34998 TX ua=95 mt=P len=0
PKT t=35007 RX ua=95 mt=R len=7
PKT t=35012 TX ua=95 mt=P len=0
PKT t=35021 RX ua=95 mt=R len=7
PKT t=35026 TX ua=95 mt=P len=0
PKT t=35035 RX ua=95 mt=R len=7
PKT t=35040 TX ua=95 mt=P len=0
PKT t=35076 RX ua=95 mt=R len=7
PKT t=35081 TX ua=95 mt=P len=0
PKT t=35090 RX ua=95 mt=R len=7
PKT t=35095 TX ua=95 mt=P len=0
PKT t=35104 RX ua=95 mt=R len=7
PKT t=35109 TX ua=95 mt=P len=0
PKT t=35118 RX ua=95 mt=R len=7
PKT t=35123 TX ua=95 mt=T len=7
PKT t=35135 TX ua=95 mt=P len=0
PKT t=35169 RX ua=95 mt=R len=7
PKT t=35174 TX ua=95 mt=P len=0
PKT t=35183 RX ua=95 mt=R len=7
PKT t=35188 TX ua=95 mt=P len=0
PKT t=35197 RX ua=95 mt=R len=7
PKT t=35202 TX ua=95 mt=P len=0
PKT t=35211 RX ua=95 mt=R len=7
PKT t=35216 TX ua=95 mt=P len=0
PKT t=35226 RX ua=95 mt=R len=7
PKT t=35231 TX ua=95 mt=P len=0
PKT t=35240 RX ua=95 mt=R len=7
PKT t=35245 TX ua=95 mt=P len=0
PKT t=35276 RX ua=95 mt=R len=7
PKT t=35531 TX ua=96 mt=P len=0
PKT t=35789 TX ua=95 mt=P len=0
PKT t=35798 RX ua=95 mt=R len=7
PKT t=35803 TX ua=95 mt=T len=7
PKT t=35815 TX ua=95 mt=P len=0
PKT t=35824 RX ua=95 mt=R len=7
PKT t=35829 TX ua=95 mt=P len=0
PKT t=35838 RX ua=95 mt=R len=7
PKT t=35843 TX ua=95 mt=P len=0
PKT t=35876 RX ua=95 mt=R len=7
PKT t=35881 TX ua=95 mt=T len=7
PKT t=35893 TX ua=95 mt=P len=0
PKT t=35902 RX ua=95 mt=R len=7
PKT t=35907 TX ua=95 mt=P len=0
PKT t=35916 RX ua=95 mt=R len=7
PKT t=35921 TX ua=95 mt=P len=0
PKT t=35930 RX ua=95 mt=R len=7
PKT t=35935 TX ua=95 mt=P len=0
PKT t=35944 RX ua=95 mt=R len=7
PKT t=35949 TX ua=95 mt=P len=0
PKT t=35978 RX ua=95 mt=R len=7
PKT t=35983 TX ua=95 mt=P len=0
PKT t=35992 RX ua=95 mt=R len=7
PKT t=35997 TX ua=95 mt=P len=0
PKT t=36006 RX ua=95 mt=R len=7
PKT t=36011 TX ua=95 mt=P len=0
PKT t=36022 RX ua=95 mt=R len=7
PKT t=36027 TX ua=95 mt=P len=0
PKT t=36036 RX ua=95 mt=R len=7
PKT t=36041 TX ua=95 mt=P len=0
PKT t=36076 RX ua=95 mt=R len=7
PKT t=36081 TX ua=95 mt=P len=0
PKT t=36090 RX ua=95 mt=R len=7
PKT t=36095 TX ua=95 mt=P len=0
PKT t=36104 RX ua=95 mt=R len=7
PKT t=36109 TX ua=95 mt=P len=0
PKT t=36118 RX ua=95 mt=R len=7
PKT t=36123 TX ua=95 mt=T len=7
PKT t=36135 TX ua=95 mt=P len=0
PKT t=36144 RX ua=95 mt=R len=7
PKT t=36149 TX ua=95 mt=P len=0
PKT t=36158 RX ua=95 mt=R len=7
PKT t=36163 TX ua=95 mt=P len=0
PKT t=36196 RX ua=95 mt=R len=7
PKT t=36201 TX ua=95 mt=P len=0
PKT t=36210 RX ua=95 mt=R len=7
PKT t=36215 TX ua=95 mt=P len=0
PKT t=36224 RX ua=95 mt=R len=7
PKT t=36229 TX ua=95 mt=P len=0
PKT t=36238 RX ua=95 mt=R len=7
PKT t=36243 TX ua=95 mt=P len=0
PKT t=36276 RX ua=95 mt=R len=7
PKT t=36281 TX ua=95 mt=P len=0
PKT t=36291 RX ua=95 mt=R len=7
PKT t=36296 TX ua=95 mt=P len=0
PKT t=36305 RX ua=95 mt=R len=7
PKT t=36310 TX ua=95 mt=P len=0
PKT t=36319 RX ua=95 mt=R len=7
PKT t=36324 TX ua=95 mt=P len=0
PKT t=36333 RX ua=95 mt=R len=7
PKT t=36338 TX ua=95 mt=P len=0
PKT t=36347 RX ua=95 mt=R len=7
PKT t=36352 TX ua=95 mt=P len=0
PKT t=36362 RX ua=95 mt=R len=7
PKT t=36367 TX ua=95 mt=P len=0
PKT t=36396 RX ua=95 mt=R len=7
PKT t=36401 TX ua=95 mt=T len=7
PKT t=36413 TX ua=95 mt=P len=0
PKT t=36422 RX ua=95 mt=R len=7
PKT t=36427 TX ua=95 mt=P len=0
PKT t=36436 RX ua=95 mt=R len=7
PKT t=36441 TX ua=95 mt=P len=0
PKT t=36476 RX ua=95 mt=R len=7
PKT t=36481 TX ua=95 mt=P len=0
PKT t=36495 RX ua=95 mt=R len=7
PKT t=36500 TX ua=95 mt=P len=0
PKT t=36509 RX ua=95 mt=R len=7
PKT t=36514 TX ua=95 mt=P len=0
PKT t=36523 RX ua=95 mt=R len=7
PKT t=36528 TX ua=95 mt=P len=0
PKT t=36537 RX ua=95 mt=R len=7
PKT t=36542 TX ua=95 mt=P len=0
PKT t=36551 RX ua=95 mt=R len=7
PKT t=36556 TX ua=95 mt=P len=0
PKT t=36565 RX ua=95 mt=R len=7
PKT t=36570 TX ua=95 mt=P len=0
PKT t=36599 RX ua=95 mt=R len=7
PKT t=36604 TX ua=95 mt=P len=0
PKT t=36613 RX ua=95 mt=R len=7
PKT t=36618 TX ua=95 mt=P len=0
PKT t=36627 RX ua=95 mt=R len=7
PKT t=36632 TX ua=95 mt=T len=7
PKT t=36644 TX ua=95 mt=P len=0
PKT t=36676 RX ua=95 mt=R len=7
PKT t=36681 TX ua=95 mt=P len=0
PKT t=36698 RX ua=95 mt=R len=7
PKT t=36703 TX ua=95 mt=P len=0
PKT t=36712 RX ua=95 mt=R len=7
PKT t=36717 TX ua=95 mt=P len=0
PKT t=36726 RX ua=95 mt=R len=7
PKT t=36731 TX ua=95 mt=P len=0
PKT t=36740 RX ua=95 mt=R len=7
PKT t=36745 TX ua=95 mt=P len=0
PKT t=36754 RX ua=95 mt=R len=7
PKT t=36759 TX ua=95 mt=P len=0
PKT t=36768 RX ua=95 mt=R len=7
PKT t=36773 TX ua=95 mt=P len=0
PKT t=36802 RX ua=95 mt=R len=7
PKT t=36807 TX ua=95 mt=P len=0
PKT t=36816 RX ua=95 mt=R len=7
PKT t=36821 TX ua=95 mt=P len=0
PKT t=36830 RX ua=95 mt=R len=7
PKT t=36835 TX ua=95 mt=P len=0
PKT t=36844 RX ua=95 mt=R len=7
PKT t=36876 TX ua=95 mt=P len=0
PKT t=36901 RX ua=95 mt=R len=7
PKT t=36906 TX ua=95 mt=T len=7
PKT t=36918 TX ua=95 mt=P len=0
PKT t=36927 RX ua=95 mt=R len=7
PKT t=36932 TX ua=95 mt=P len=0
PKT t=36941 RX ua=95 mt=R len=7
PKT t=36946 TX ua=95 mt=P len=0
PKT t=36955 RX ua=95 mt=R len=7
PKT t=36960 TX ua=95 mt=P len=0
PKT t=36970 RX ua=95 mt=R len=7
PKT t=36975 TX ua=95 mt=P len=0
PKT t=37004 RX ua=95 mt=R len=7
PKT t=37009 TX ua=95 mt=P len=0
PKT t=37018 RX ua=95 mt=R len=7
PKT t=37023 TX ua=95 mt=P len=0
PKT t=37032 RX ua=95 mt=R len=7
PKT t=37037 TX ua=95 mt=P len=0
PKT t=37046 RX ua=95 mt=R len=7
PKT t=37076 TX ua=95 mt=P len=0
PKT t=37103 RX ua=95 mt=R len=7
PKT t=37108 TX ua=95 mt=P len=0
PKT t=37117 RX ua=95 mt=R len=7
PKT t=37122 TX ua=95 mt=T len=7
PKT t=37135 TX ua=95 mt=P len=0
PKT t=37144 RX ua=95 mt=R len=7
PKT t=37149 TX ua=95 mt=P len=0
PKT t=37158 RX ua=95 mt=R len=7
PKT t=37163 TX ua=95 mt=P len=0
PKT t=37172 RX ua=95 mt=R len=7
PKT t=37177 TX ua=95 mt=P len=0
PKT t=37206 RX ua=95 mt=R len=7
PKT t=37211 TX ua=95 mt=P len=0
PKT t=37220 RX ua=95 mt=R len=7
PKT t=37225 TX ua=95 mt=P len=0
PKT t=37234 RX ua=95 mt=R len=7
PKT t=37239 TX ua=95 mt=P len=0
PKT t=37276 RX ua=95 mt=R len=7
PKT t=37281 TX ua=95 mt=P len=0
PKT t=37305 RX ua=95 mt=R len=7
PKT t=37310 TX ua=95 mt=P len=0
PKT t=37319 RX ua=95 mt=R len=7
PKT t=37324 TX ua=95 mt=P len=0
PKT t=37333 RX ua=95 mt=R len=7
PKT t=37338 TX ua=95 mt=P len=0
PKT t=37347 RX ua=95 mt=R len=7
PKT t=37352 TX ua=95 mt=P len=0
PKT t=37361 RX ua=95 mt=R len=7
