PKT t=7211 RX ua=95 mt=R len=7
PKT t=7216 TX ua=95 mt=P len=0
PKT t=7225 RX ua=95 mt=R len=7
PKT t=7230 TX ua=95 mt=P len=0
PKT t=7239 RX ua=95 mt=R len=7
PKT t=7244 TX ua=95 mt=P len=0
PKT t=7277 RX ua=95 mt=R len=7
PKT t=7281 TX ua=95 mt=P len=0
PKT t=7290 RX ua=95 mt=R len=7
PKT t=7295 TX ua=95 mt=P len=0
PKT t=7304 RX ua=95 mt=R len=7
PKT t=7309 TX ua=95 mt=T len=7
PKT t=7321 TX ua=95 mt=P len=0
PKT t=7330 RX ua=95 mt=R len=7
PKT t=7366 TX ua=95 mt=P len=0
PKT t=7377 RX ua=95 mt=R len=7
PKT t=7381 TX ua=95 mt=P len=0
PKT t=7390 RX ua=95 mt=R len=7
PKT t=7395 TX ua=95 mt=P len=0
PKT t=7404 RX ua=95 mt=R len=7
PKT t=7409 TX ua=95 mt=P len=0
PKT t=7418 RX ua=95 mt=R len=7
PKT t=7423 TX ua=95 mt=P len=0
PKT t=7432 RX ua=95 mt=R len=7
PKT t=7437 TX ua=95 mt=P len=0
PKT t=7446 RX ua=95 mt=R len=7
PKT t=7451 TX ua=95 mt=P len=0
PKT t=7480 RX ua=95 mt=R len=7
PKT t=7485 TX ua=95 mt=P len=0
PKT t=7521 RX ua=95 mt=R len=7
PKT t=7776 TX ua=96 mt=I len=13
PKT t=8296 TX ua=96 mt=T len=4
PKT t=8307 TX ua=95 mt=P len=0
PKT t=8316 RX ua=95 mt=R len=7
PKT t=8321 TX ua=95 mt=T len=7
PKT t=8333 TX ua=95 mt=T len=7
PKT t=8345 TX ua=95 mt=P len=0
PKT t=8354 RX ua=95 mt=R len=7
PKT t=8359 TX ua=95 mt=P len=0
PKT t=8388 RX ua=95 mt=R len=7
PKT t=8393 TX ua=95 mt=P len=0
PKT t=8402 RX ua=95 mt=R len=7
PKT t=8407 TX ua=95 mt=P len=0
PKT t=8416 RX ua=95 mt=R len=7
PKT t=8451 TX ua=95 mt=P len=0
PKT t=8460 RX ua=95 mt=R len=7
PKT t=8465 TX ua=95 mt=P len=0
PKT t=8494 RX ua=95 mt=R len=7
PKT t=8499 TX ua=95 mt=P len=0
PKT t=8508 RX ua=95 mt=R len=7
PKT t=8513 TX ua=95 mt=P len=0
PKT t=8522 RX ua=95 mt=R len=7
PKT t=8527 TX ua=95 mt=P len=0
PKT t=8536 RX ua=95 mt=R len=7
PKT t=8541 TX ua=95 mt=P len=0
PKT t=8550 RX ua=95 mt=R len=7
PKT t=8555 TX ua=95 mt=P len=0
PKT t=8564 RX ua=95 mt=R len=7
PKT t=8569 TX ua=95 mt=P len=0
PKT t=8606 RX ua=95 mt=R len=7
PKT t=8611 TX ua=95 mt=T len=7
PKT t=8623 TX ua=95 mt=P len=0
PKT t=8632 RX ua=95 mt=R len=7
PKT t=8637 TX ua=95 mt=P len=0
PKT t=8646 RX ua=95 mt=R len=7
PKT t=8651 TX ua=95 mt=P len=0
PKT t=8660 RX ua=95 mt=R len=7
PKT t=8665 TX ua=95 mt=P len=0
PKT t=8698 RX ua=95 mt=R len=7
PKT t=8703 TX ua=95 mt=P len=0
PKT t=8712 RX ua=95 mt=R len=7
PKT t=8717 TX ua=95 mt=P len=0
PKT t=8726 RX ua=95 mt=R len=7
PKT t=8761 TX ua=95 mt=P len=0
PKT t=8770 RX ua=95 mt=R len=7
PKT t=8775 TX ua=95 mt=P len=0
PKT t=8804 RX ua=95 mt=R len=7
PKT t=8809 TX ua=95 mt=P len=0
PKT t=8818 RX ua=95 mt=R len=7
PKT t=8823 TX ua=95 mt=P len=0
PKT t=8832 RX ua=95 mt=R len=7
PKT t=8837 TX ua=95 mt=P len=0
PKT t=8846 RX ua=95 mt=R len=7
PKT t=8851 TX ua=95 mt=P len=0
PKT t=8860 RX ua=95 mt=R len=7
PKT t=8865 TX ua=95 mt=T len=7
PKT t=8877 TX ua=95 mt=P len=0
PKT t=8916 RX ua=95 mt=R len=7
PKT t=8921 TX ua=95 mt=P len=0
PKT t=8930 RX ua=95 mt=R len=7
PKT t=8935 TX ua=95 mt=P len=0
PKT t=8944 RX ua=95 mt=R len=7
PKT t=8949 TX ua=95 mt=P len=0
PKT t=8958 RX ua=95 mt=R len=7
PKT t=8963 TX ua=95 mt=P len=0
PKT t=8972 RX ua=95 mt=R len=7
PKT t=8977 TX ua=95 mt=P len=0
PKT t=9006 RX ua=95 mt=R len=7
PKT t=9011 TX ua=95 mt=P len=0
PKT t=9020 RX ua=95 mt=R len=7
PKT t=9025 TX ua=95 mt=P len=0
PKT t=9034 RX ua=95 mt=R len=7
PKT t=9071 TX ua=95 mt=P len=0
PKT t=9080 RX ua=95 mt=R len=7
PKT t=9085 TX ua=95 mt=P len=0
PKT t=9114 RX ua=95 mt=R len=7
PKT t=9119 TX ua=95 mt=T len=7
PKT t=9131 TX ua=95 mt=P len=0
PKT t=9140 RX ua=95 mt=R len=7
PKT t=9145 TX ua=95 mt=T len=7
PKT t=9157 TX ua=95 mt=P len=0
PKT t=9166 RX ua=95 mt=R len=7
PKT t=9171 TX ua=95 mt=P len=0
PKT t=9180 RX ua=95 mt=R len=7
PKT t=9185 TX ua=95 mt=P len=0
PKT t=9226 RX ua=95 mt=R len=7
PKT t=9231 TX ua=95 mt=P len=0
PKT t=9240 RX ua=95 mt=R len=7
PKT t=9245 TX ua=95 mt=P len=0
PKT t=9254 RX ua=95 mt=R len=7
PKT t=9259 TX ua=95 mt=P len=0
PKT t=9268 RX ua=95 mt=R len=7
PKT t=9273 TX ua=95 mt=P len=0
PKT t=9282 RX ua=95 mt=R len=7
PKT t=9287 TX ua=95 mt=P len=0
PKT t=9316 RX ua=95 mt=R len=7
PKT t=9321 TX ua=95 mt=P len=0
PKT t=9330 RX ua=95 mt=R len=7
PKT t=9335 TX ua=95 mt=P len=0
PKT t=9344 RX ua=95 mt=R len=7
PKT t=9381 TX ua=95 mt=P len=0
PKT t=9391 RX ua=95 mt=R len=7
PKT t=9396 TX ua=95 mt=T len=7
PKT t=9408 TX ua=95 mt=P len=0
PKT t=9426 RX ua=95 mt=R len=7
PKT t=9431 TX ua=95 mt=P len=0
PKT t=9440 RX ua=95 mt=R len=7
PKT t=9445 TX ua=95 mt=P len=0
PKT t=9454 RX ua=95 mt=R len=7
PKT t=9459 TX ua=95 mt=P len=0
PKT t=9468 RX ua=95 mt=R len=7
PKT t=9473 TX ua=95 mt=P len=0
PKT t=9482 RX ua=95 mt=R len=7
PKT t=9487 TX ua=95 mt=P len=0
PKT t=9497 RX ua=95 mt=R len=7
PKT t=9502 TX ua=95 mt=P len=0
PKT t=9537 RX ua=95 mt=R len=7
PKT t=9792 TX ua=96 mt=P len=0
PKT t=10050 TX ua=95 mt=P len=0
PKT t=10059 RX ua=95 mt=R len=7
PKT t=10064 TX ua=95 mt=T len=7
PKT t=10076 TX ua=95 mt=P len=0
PKT t=10085 RX ua=95 mt=R len=7
PKT t=10090 TX ua=95 mt=P len=0
PKT t=10099 RX ua=95 mt=R len=7
PKT t=10104 TX ua=95 mt=P len=0
PKT t=10156 RX ua=95 mt=R len=7
PKT t=10161 TX ua=95 mt=T len=7
PKT t=10174 TX ua=95 mt=P len=0
PKT t=10184 RX ua=95 mt=R len=7
PKT t=10189 TX ua=95 mt=T len=7
PKT t=10202 TX ua=95 mt=P len=0
PKT t=10233 RX ua=95 mt=R len=7
PKT t=10238 TX ua=95 mt=P len=0
PKT t=10247 RX ua=95 mt=R len=7
PKT t=10252 TX ua=95 mt=P len=0
PKT t=10261 RX ua=95 mt=R len=7
PKT t=10266 TX ua=95 mt=P len=0
PKT t=10275 RX ua=95 mt=R len=7
PKT t=10311 TX ua=95 mt=P len=0
PKT t=10333 RX ua=95 mt=R len=7
PKT t=10338 TX ua=95 mt=P len=0
PKT t=10347 RX ua=95 mt=R len=7
PKT t=10352 TX ua=95 mt=P len=0
PKT t=10361 RX ua=95 mt=R len=7
PKT t=10366 TX ua=95 mt=P len=0
PKT t=10375 RX ua=95 mt=R len=7
PKT t=10380 TX ua=95 mt=P len=0
PKT t=10389 RX ua=95 mt=R len=7
PKT t=10394 TX ua=95 mt=P len=0
PKT t=10403 RX ua=95 mt=R len=7
PKT t=10408 TX ua=95 mt=T len=7
PKT t=10421 TX ua=95 mt=P len=0
PKT t=10466 RX ua=95 mt=R len=7
PKT t=10471 TX ua=95 mt=P len=0
PKT t=10480 RX ua=95 mt=R len=7
PKT t=10485 TX ua=95 mt=P len=0
PKT t=10495 RX ua=95 mt=R len=7
PKT t=10500 TX ua=95 mt=P len=0
PKT t=10509 RX ua=95 mt=R len=7
PKT t=10514 TX ua=95 mt=P len=0
PKT t=10543 RX ua=95 mt=R len=7
PKT t=10548 TX ua=95 mt=P len=0
PKT t=10557 RX ua=95 mt=R len=7
PKT t=10562 TX ua=95 mt=P len=0
PKT t=10571 RX ua=95 mt=R len=7
PKT t=10576 TX ua=95 mt=P len=0
PKT t=10585 RX ua=95 mt=R len=7
PKT t=10621 TX ua=95 mt=P len=0
PKT t=10643 RX ua=95 mt=R len=7
PKT t=10648 TX ua=95 mt=P len=0
PKT t=10657 RX ua=95 mt=R len=7
PKT t=10662 TX ua=95 mt=T len=7
PKT t=10675 TX ua=95 mt=P len=0
PKT t=10684 RX ua=95 mt=R len=7
PKT t=10689 TX ua=95 mt=P len=0
PKT t=10698 RX ua=95 mt=R len=7
PKT t=10703 TX ua=95 mt=P len=0
PKT t=10712 RX ua=95 mt=R len=7
PKT t=10717 TX ua=95 mt=P len=0
PKT t=10776 RX ua=95 mt=R len=7
PKT t=10781 TX ua=95 mt=P len=0
PKT t=10790 RX ua=95 mt=R len=7
PKT t=10795 TX ua=95 mt=P len=0
PKT t=10804 RX ua=95 mt=R len=7
PKT t=10809 TX ua=95 mt=P len=0
PKT t=10818 RX ua=95 mt=R len=7
PKT t=10823 TX ua=95 mt=P len=0
PKT t=10852 RX ua=95 mt=R len=7
PKT t=10857 TX ua=95 mt=P len=0
PKT t=10866 RX ua=95 mt=R len=7
PKT t=10871 TX ua=95 mt=P len=0
PKT t=10880 RX ua=95 mt=R len=7
PKT t=10885 TX ua=95 mt=P len=0
PKT t=10894 RX ua=95 mt=R len=7
PKT t=10931 TX ua=95 mt=P len=0
PKT t=10952 RX ua=95 mt=R len=7
PKT t=10957 TX ua=95 mt=T len=7
PKT t=10970 TX ua=95 mt=P len=0
PKT t=10979 RX ua=95 mt=R len=7
PKT t=10984 TX ua=95 mt=P len=0
PKT t=10993 RX ua=95 mt=R len=7
PKT t=10998 TX ua=95 mt=P len=0
PKT t=11007 RX ua=95 mt=R len=7
PKT t=11012 TX ua=95 mt=P len=0
PKT t=11021 RX ua=95 mt=R len=7
PKT t=11026 TX ua=95 mt=P len=0
PKT t=11086 RX ua=95 mt=R len=7
PKT t=11091 TX ua=95 mt=P len=0
PKT t=11100 RX ua=95 mt=R len=7
PKT t=11105 TX ua=95 mt=P len=0
PKT t=11114 RX ua=95 mt=R len=7
PKT t=11119 TX ua=95 mt=P len=0
PKT t=11128 RX ua=95 mt=R len=7
PKT t=11133 TX ua=95 mt=P len=0
PKT t=11162 RX ua=95 mt=R len=7
PKT t=11167 TX ua=95 mt=T len=7
PKT t=11179 TX ua=95 mt=P len=0
PKT t=11188 RX ua=95 mt=R len=7
PKT t=11193 TX ua=95 mt=T len=7
PKT t=11205 TX ua=95 mt=P len=0
PKT t=11241 RX ua=95 mt=R len=7
PKT t=11496 TX ua=96 mt=P len=0
PKT t=11754 TX ua=95 mt=P len=0
PKT t=11763 RX ua=95 mt=R len=7
PKT t=11768 TX ua=95 mt=T len=7
PKT t=11780 TX ua=95 mt=P len=0
PKT t=11790 RX ua=95 mt=R len=7
PKT t=11795 TX ua=95 mt=P len=0
PKT t=11805 RX ua=95 mt=R len=7
PKT t=11810 TX ua=95 mt=P len=0
PKT t=11820 RX ua=95 mt=R len=7
PKT t=11825 TX ua=95 mt=P len=0
PKT t=11861 RX ua=95 mt=R len=7
PKT t=12116 TX ua=96 mt=P len=0
PKT t=12374 TX ua=95 mt=P len=0
PKT t=12384 RX ua=95 mt=R len=7
PKT t=12389 TX ua=95 mt=T len=7
PKT t=12401 TX ua=95 mt=P len=0
PKT t=12410 RX ua=95 mt=R len=7
PKT t=12415 TX ua=95 mt=P len=0
PKT t=12424 RX ua=95 mt=R len=7
PKT t=12429 TX ua=95 mt=P len=0
PKT t=12438 RX ua=95 mt=R len=7
PKT t=12443 TX ua=95 mt=P len=0
PKT t=12481 RX ua=95 mt=R len=7
PKT t=12486 TX ua=95 mt=T len=7
PKT t=12498 TX ua=95 mt=P len=0
PKT t=12507 RX ua=95 mt=R len=7
PKT t=12512 TX ua=95 mt=P len=0
PKT t=12521 RX ua=95 mt=R len=7
PKT t=12526 TX ua=95 mt=P len=0
PKT t=12535 RX ua=95 mt=R len=7
PKT t=12540 TX ua=95 mt=P len=0
PKT t=12572 RX ua=95 mt=R len=7
PKT t=12577 TX ua=95 mt=P len=0
PKT t=12586 RX ua=95 mt=R len=7
PKT t=12591 TX ua=95 mt=P len=0
PKT t=12600 RX ua=95 mt=R len=7
PKT t=12636 TX ua=95 mt=P len=0
PKT t=12645 RX ua=95 mt=R len=7
PKT t=12650 TX ua=95 mt=P len=0
PKT t=12679 RX ua=95 mt=R len=7
PKT t=12684 TX ua=95 mt=P len=0
PKT t=12693 RX ua=95 mt=R len=7
PKT t=12698 TX ua=95 mt=P len=0
PKT t=12707 RX ua=95 mt=R len=7
PKT t=12712 TX ua=95 mt=P len=0
PKT t=12721 RX ua=95 mt=R len=7
PKT t=12726 TX ua=95 mt=P len=0
PKT t=12735 RX ua=95 mt=R len=7
PKT t=12740 TX ua=95 mt=T len=7
PKT t=12752 TX ua=95 mt=P len=0
PKT t=12791 RX ua=95 mt=R len=7
PKT t=12796 TX ua=95 mt=P len=0
PKT t=12805 RX ua=95 mt=R len=7
PKT t=12810 TX ua=95 mt=P len=0
PKT t=12819 RX ua=95 mt=R len=7
PKT t=12824 TX ua=95 mt=P len=0
PKT t=12833 RX ua=95 mt=R len=7
PKT t=12838 TX ua=95 mt=P len=0
PKT t=12847 RX ua=95 mt=R len=7
PKT t=12852 TX ua=95 mt=P len=0
PKT t=12881 RX ua=95 mt=R len=7
PKT t=12886 TX ua=95 mt=P len=0
PKT t=12895 RX ua=95 mt=R len=7
PKT t=12900 TX ua=95 mt=P len=0
PKT t=12909 RX ua=95 mt=R len=7
PKT t=12946 TX ua=95 mt=P len=0
PKT t=12955 RX ua=95 mt=R len=7
PKT t=12960 TX ua=95 mt=P len=0
PKT t=12989 RX ua=95 mt=R len=7
PKT t=12994 TX ua=95 mt=T len=7
PKT t=13006 TX ua=95 mt=P len=0
PKT t=13015 RX ua=95 mt=R len=7
PKT t=13020 TX ua=95 mt=P len=0
PKT t=13029 RX ua=95 mt=R len=7
PKT t=13034 TX ua=95 mt=P len=0
PKT t=13043 RX ua=95 mt=R len=7
PKT t=13048 TX ua=95 mt=P len=0
PKT t=13057 RX ua=95 mt=R len=7
PKT t=13062 TX ua=95 mt=P len=0
PKT t=13101 RX ua=95 mt=R len=7
PKT t=13106 TX ua=95 mt=P len=0
PKT t=13115 RX ua=95 mt=R len=7
PKT t=13120 TX ua=95 mt=P len=0
PKT t=13129 RX ua=95 mt=R len=7
PKT t=13134 TX ua=95 mt=P len=0
PKT t=13143 RX ua=95 mt=R len=7
PKT t=13148 TX ua=95 mt=P len=0
PKT t=13157 RX ua=95 mt=R len=7
PKT t=13162 TX ua=95 mt=P len=0
PKT t=13191 RX ua=95 mt=R len=7
PKT t=13196 TX ua=95 mt=T len=7
PKT t=13209 TX ua=95 mt=P len=0
PKT t=13218 RX ua=95 mt=R len=7
PKT t=13256 TX ua=95 mt=P len=0
PKT t=13265 RX ua=95 mt=R len=7
PKT t=13270 TX ua=95 mt=T len=7
PKT t=13283 TX ua=95 mt=P len=0
PKT t=13301 RX ua=95 mt=R len=7
PKT t=13306 TX ua=95 mt=P len=0
PKT t=13315 RX ua=95 mt=R len=7
PKT t=13320 TX ua=95 mt=P len=0
PKT t=13329 RX ua=95 mt=R len=7
PKT t=13334 TX ua=95 mt=P len=0
PKT t=13343 RX ua=95 mt=R len=7
PKT t=13348 TX ua=95 mt=P len=0
PKT t=13357 RX ua=95 mt=R len=7
PKT t=13362 TX ua=95 mt=P len=0
PKT t=13371 RX ua=95 mt=R len=7
PKT t=13376 TX ua=95 mt=P len=0
PKT t=13411 RX ua=95 mt=R len=7
PKT t=13666 TX ua=96 mt=P len=0
PKT t=13924 TX ua=95 mt=P len=0
PKT t=13933 RX ua=95 mt=R len=7
PKT t=13938 TX ua=95 mt=T len=7
PKT t=13951 TX ua=95 mt=P len=0
PKT t=13961 RX ua=95 mt=R len=7
PKT t=13966 TX ua=95 mt=P len=0
PKT t=13976 RX ua=95 mt=R len=7
PKT t=13981 TX ua=95 mt=P len=0
PKT t=14036 RX ua=95 mt=R len=7
PKT t=14041 TX ua=95 mt=T len=7
PKT t=14054 TX ua=95 mt=P len=0
PKT t=14063 RX ua=95 mt=R len=7
PKT t=14068 TX ua=95 mt=P len=0
PKT t=14077 RX ua=95 mt=R len=7
PKT t=14082 TX ua=95 mt=P len=0
PKT t=14111 RX ua=95 mt=R len=7
PKT t=14116 TX ua=95 mt=P len=0
PKT t=14125 RX ua=95 mt=R len=7
PKT t=14130 TX ua=95 mt=P len=0
PKT t=14139 RX ua=95 mt=R len=7
PKT t=14144 TX ua=95 mt=P len=0
PKT t=14186 RX ua=95 mt=R len=7
PKT t=14191 TX ua=95 mt=T len=7
PKT t=14203 TX ua=95 mt=P len=0
PKT t=14213 RX ua=95 mt=R len=7
PKT t=14217 TX ua=95 mt=P len=0
PKT t=14226 RX ua=95 mt=R len=7
PKT t=14231 TX ua=95 mt=P len=0
PKT t=14240 RX ua=95 mt=R len=7
PKT t=14245 TX ua=95 mt=P len=0
PKT t=14254 RX ua=95 mt=R len=7
PKT t=14259 TX ua=95 mt=P len=0
PKT t=14268 RX ua=95 mt=R len=7
PKT t=14273 TX ua=95 mt=P len=0
PKT t=14282 RX ua=95 mt=R len=7
PKT t=14287 TX ua=95 mt=T len=7
PKT t=14299 TX ua=95 mt=P len=0
PKT t=14341 RX ua=95 mt=R len=7
PKT t=14346 TX ua=95 mt=P len=0
PKT t=14355 RX ua=95 mt=R len=7
PKT t=14360 TX ua=95 mt=P len=0
PKT t=14369 RX ua=95 mt=R len=7
PKT t=14374 TX ua=95 mt=P len=0
PKT t=14383 RX ua=95 mt=R len=7
PKT t=14388 TX ua=95 mt=P len=0
PKT t=14417 RX ua=95 mt=R len=7
PKT t=14422 TX ua=95 mt=P len=0
PKT t=14431 RX ua=95 mt=R len=7
PKT t=14436 TX ua=95 mt=P len=0
PKT t=14445 RX ua=95 mt=R len=7
PKT t=14450 TX ua=95 mt=P len=0
PKT t=14459 RX ua=95 mt=R len=7
PKT t=14496 TX ua=95 mt=P len=0
PKT t=14517 RX ua=95 mt=R len=7
PKT t=14522 TX ua=95 mt=P len=0
PKT t=14531 RX ua=95 mt=R len=7
PKT t=14536 TX ua=95 mt=P len=0
PKT t=14545 RX ua=95 mt=R len=7
PKT t=14550 TX ua=95 mt=T len=7
PKT t=14562 TX ua=95 mt=P len=0
PKT t=14571 RX ua=95 mt=R len=7
PKT t=14576 TX ua=95 mt=P len=0
PKT t=14585 RX ua=95 mt=R len=7
PKT t=14590 TX ua=95 mt=P len=0
PKT t=14651 RX ua=95 mt=R len=7
PKT t=14656 TX ua=95 mt=P len=0
PKT t=14665 RX ua=95 mt=R len=7
PKT t=14670 TX ua=95 mt=P len=0
PKT t=14679 RX ua=95 mt=R len=7
PKT t=14684 TX ua=95 mt=P len=0
PKT t=14693 RX ua=95 mt=R len=7
PKT t=14698 TX ua=95 mt=P len=0
PKT t=14728 RX ua=95 mt=R len=7
PKT t=14733 TX ua=95 mt=P len=0
PKT t=14742 RX ua=95 mt=R len=7
PKT t=14747 TX ua=95 mt=P len=0
PKT t=14756 RX ua=95 mt=R len=7
PKT t=14761 TX ua=95 mt=P len=0
PKT t=14770 RX ua=95 mt=R len=7
PKT t=14806 TX ua=95 mt=P len=0
PKT t=14827 RX ua=95 mt=R len=7
PKT t=14832 TX ua=95 mt=T len=7
PKT t=14844 TX ua=95 mt=P len=0
PKT t=14853 RX ua=95 mt=R len=7
PKT t=14858 TX ua=95 mt=P len=0
PKT t=14867 RX ua=95 mt=R len=7
PKT t=14872 TX ua=95 mt=P len=0
PKT t=14881 RX ua=95 mt=R len=7
PKT t=14886 TX ua=95 mt=P len=0
PKT t=14895 RX ua=95 mt=R len=7
PKT t=14900 TX ua=95 mt=P len=0
PKT t=14961 RX ua=95 mt=R len=7
PKT t=14966 TX ua=95 mt=P len=0
PKT t=14975 RX ua=95 mt=R len=7
PKT t=14980 TX ua=95 mt=P len=0
PKT t=14989 RX ua=95 mt=R len=7
PKT t=14994 TX ua=95 mt=P len=0
PKT t=15003 RX ua=95 mt=R len=7
PKT t=15008 TX ua=95 mt=P len=0
PKT t=15037 RX ua=95 mt=R len=7
PKT t=15042 TX ua=95 mt=P len=0
PKT t=15051 RX ua=95 mt=R len=7
PKT t=15056 TX ua=95 mt=P len=0
PKT t=15065 RX ua=95 mt=R len=7
PKT t=15070 TX ua=95 mt=T len=7
PKT t=15082 TX ua=95 mt=P len=0
PKT t=15117 RX ua=95 mt=R len=7
PKT t=15372 TX ua=96 mt=P len=0
PKT t=15630 TX ua=95 mt=P len=0
PKT t=15640 RX ua=95 mt=R len=7
PKT t=15644 TX ua=95 mt=T len=7
PKT t=15656 TX ua=95 mt=P len=0
PKT t=15665 RX ua=95 mt=R len=7
PKT t=15670 TX ua=95 mt=P len=0
PKT t=15679 RX ua=95 mt=R len=7
PKT t=15684 TX ua=95 mt=P len=0
PKT t=15693 RX ua=95 mt=R len=7
PKT t=15698 TX ua=95 mt=P len=0
PKT t=15736 RX ua=95 mt=R len=7
PKT t=15741 TX ua=95 mt=P len=0
PKT t=15750 RX ua=95 mt=R len=7
PKT t=15755 TX ua=95 mt=P len=0
PKT t=15764 RX ua=95 mt=R len=7
PKT t=15769 TX ua=95 mt=P len=0
PKT t=15778 RX ua=95 mt=R len=7
PKT t=15783 TX ua=95 mt=P len=0
PKT t=15792 RX ua=95 mt=R len=7
PKT t=15797 TX ua=95 mt=P len=0
PKT t=15806 RX ua=95 mt=R len=7
PKT t=15811 TX ua=95 mt=P len=0
PKT t=15841 RX ua=95 mt=R len=7
PKT t=15846 TX ua=95 mt=T len=7
PKT t=15891 TX ua=95 mt=P len=0
PKT t=15901 RX ua=95 mt=R len=7
PKT t=15906 TX ua=95 mt=P len=0
PKT t=15916 RX ua=95 mt=R len=7
PKT t=15921 TX ua=95 mt=P len=0
PKT t=15950 RX ua=95 mt=R len=7
PKT t=15955 TX ua=95 mt=P len=0
PKT t=15965 RX ua=95 mt=R len=7
PKT t=15970 TX ua=95 mt=P len=0
PKT t=15980 RX ua=95 mt=R len=7
PKT t=15985 TX ua=95 mt=P len=0
PKT t=15995 RX ua=95 mt=R len=7
PKT t=16000 TX ua=95 mt=P len=0
PKT t=16010 RX ua=95 mt=R len=7
PKT t=16051 TX ua=95 mt=P len=0
PKT t=16061 RX ua=95 mt=R len=7
PKT t=16066 TX ua=95 mt=P len=0
PKT t=16076 RX ua=95 mt=R len=7
PKT t=16081 TX ua=95 mt=P len=0
PKT t=16091 RX ua=95 mt=R len=7
PKT t=16096 TX ua=95 mt=T len=7
PKT t=16108 TX ua=95 mt=P len=0
PKT t=16117 RX ua=95 mt=R len=7
PKT t=16122 TX ua=95 mt=P len=0
PKT t=16151 RX ua=95 mt=R len=7
PKT t=16156 TX ua=95 mt=P len=0
PKT t=16165 RX ua=95 mt=R len=7
PKT t=16201 TX ua=95 mt=P len=0
PKT t=16210 RX ua=95 mt=R len=7
PKT t=16215 TX ua=95 mt=T len=7
PKT t=16227 TX ua=95 mt=P len=0
PKT t=16255 RX ua=95 mt=R len=7
PKT t=16260 TX ua=95 mt=P len=0
PKT t=16269 RX ua=95 mt=R len=7
PKT t=16274 TX ua=95 mt=P len=0
PKT t=16283 RX ua=95 mt=R len=7
PKT t=16288 TX ua=95 mt=P len=0
PKT t=16297 RX ua=95 mt=R len=7
PKT t=16302 TX ua=95 mt=P len=0
PKT t=16311 RX ua=95 mt=R len=7
PKT t=16316 TX ua=95 mt=P len=0
PKT t=16356 RX ua=95 mt=R len=7
PKT t=16361 TX ua=95 mt=T len=7
PKT t=16373 TX ua=95 mt=P len=0
PKT t=16382 RX ua=95 mt=R len=7
PKT t=16387 TX ua=95 mt=P len=0
PKT t=16396 RX ua=95 mt=R len=7
PKT t=16401 TX ua=95 mt=P len=0
PKT t=16410 RX ua=95 mt=R len=7
PKT t=16415 TX ua=95 mt=P len=0
PKT t=16424 RX ua=95 mt=R len=7
PKT t=16429 TX ua=95 mt=P len=0
PKT t=16459 RX ua=95 mt=R len=7
PKT t=16464 TX ua=95 mt=P len=0
PKT t=16473 RX ua=95 mt=R len=7
PKT t=16511 TX ua=95 mt=P len=0
PKT t=16520 RX ua=95 mt=R len=7
PKT t=16525 TX ua=95 mt=P len=0
PKT t=16534 RX ua=95 mt=R len=7
PKT t=16539 TX ua=95 mt=P len=0
PKT t=16568 RX ua=95 mt=R len=7
PKT t=16573 TX ua=95 mt=P len=0
PKT t=16582 RX ua=95 mt=R len=7
PKT t=16587 TX ua=95 mt=P len=0
PKT t=16596 RX ua=95 mt=R len=7
PKT t=16601 TX ua=95 mt=P len=0
PKT t=16610 RX ua=95 mt=R len=7
PKT t=16615 TX ua=95 mt=T len=7
PKT t=16627 TX ua=95 mt=P len=0
PKT t=16666 RX ua=95 mt=R len=7
PKT t=16671 TX ua=95 mt=P len=0
PKT t=16680 RX ua=95 mt=R len=7
PKT t=16685 TX ua=95 mt=P len=0
PKT t=16694 RX ua=95 mt=R len=7
PKT t=16699 TX ua=95 mt=P len=0
PKT t=16709 RX ua=95 mt=R len=7
PKT t=16714 TX ua=95 mt=P len=0
PKT t=16723 RX ua=95 mt=R len=7
PKT t=16728 TX ua=95 mt=P len=0
PKT t=16737 RX ua=95 mt=R len=7
PKT t=16742 TX ua=95 mt=P len=0
PKT t=16771 RX ua=95 mt=R len=7
PKT t=16776 TX ua=95 mt=P len=0
PKT t=16785 RX ua=95 mt=R len=7
PKT t=16821 TX ua=95 mt=P len=0
PKT t=16830 RX ua=95 mt=R len=7
PKT t=16835 TX ua=95 mt=P len=0
PKT t=16844 RX ua=95 mt=R len=7
PKT t=16849 TX ua=95 mt=P len=0
PKT t=16878 RX ua=95 mt=R len=7
PKT t=16883 TX ua=95 mt=T len=7
PKT t=16895 TX ua=95 mt=P len=0
PKT t=16904 RX ua=95 mt=R len=7
PKT t=16909 TX ua=95 mt=P len=0
PKT t=16918 RX ua=95 mt=R len=7
PKT t=16923 TX ua=95 mt=P len=0
PKT t=16932 RX ua=95 mt=R len=7
PKT t=16937 TX ua=95 mt=P len=0
PKT t=16976 RX ua=95 mt=R len=7
PKT t=16981 TX ua=95 mt=P len=0
PKT t=16990 RX ua=95 mt=R len=7
PKT t=16995 TX ua=95 mt=P len=0
PKT t=17004 RX ua=95 mt=R len=7
PKT t=17009 TX ua=95 mt=P len=0
PKT t=17018 RX ua=95 mt=R len=7
PKT t=17023 TX ua=95 mt=P len=0
PKT t=17032 RX ua=95 mt=R len=7
PKT t=17037 TX ua=95 mt=P len=0
PKT t=17046 RX ua=95 mt=R len=7
PKT t=17051 TX ua=95 mt=P len=0
PKT t=17080 RX ua=95 mt=R len=7
PKT t=17085 TX ua=95 mt=P len=0
PKT t=17094 RX ua=95 mt=R len=7
PKT t=17131 TX ua=95 mt=P len=0
PKT t=17140 RX ua=95 mt=R len=7
PKT t=17145 TX ua=95 mt=T len=7
PKT t=17157 TX ua=95 mt=P len=0
PKT t=17185 RX ua=95 mt=R len=7
PKT t=17190 TX ua=95 mt=P len=0
PKT t=17199 RX ua=95 mt=R len=7
PKT t=17204 TX ua=95 mt=T len=7
PKT t=17216 TX ua=95 mt=P len=0
PKT t=17225 RX ua=95 mt=R len=7
PKT t=17230 TX ua=95 mt=P len=0
PKT t=17239 RX ua=95 mt=R len=7
PKT t=17244 TX ua=95 mt=P len=0
PKT t=17286 RX ua=95 mt=R len=7
PKT t=17291 TX ua=95 mt=P len=0
PKT t=17300 RX ua=95 mt=R len=7
PKT t=17305 TX ua=95 mt=P len=0
PKT t=17314 RX ua=95 mt=R len=7
PKT t=17319 TX ua=95 mt=P len=0
PKT t=17328 RX ua=95 mt=R len=7
PKT t=17333 TX ua=95 mt=P len=0
PKT t=17342 RX ua=95 mt=R len=7
PKT t=17347 TX ua=95 mt=P len=0
PKT t=17356 RX ua=95 mt=R len=7
PKT t=17361 TX ua=95 mt=P len=0
PKT t=17390 RX ua=95 mt=R len=7
PKT t=17395 TX ua=95 mt=T len=7
PKT t=17407 TX ua=95 mt=P len=0
PKT t=17442 RX ua=95 mt=R len=7
PKT t=17697 TX ua=96 mt=P len=0
PKT t=17955 TX ua=95 mt=P len=0
PKT t=17964 RX ua=95 mt=R len=7
PKT t=17969 TX ua=95 mt=T len=7
PKT t=17981 TX ua=95 mt=P len=0
PKT t=18001 RX ua=95 mt=R len=7
PKT t=18006 TX ua=95 mt=P len=0
PKT t=18016 RX ua=95 mt=R len=7
PKT t=18021 TX ua=95 mt=P len=0
PKT t=18066 RX ua=95 mt=R len=7
PKT t=18071 TX ua=95 mt=P len=0
PKT t=18103 RX ua=95 mt=R len=7
PKT t=18108 TX ua=95 mt=P len=0
PKT t=18118 RX ua=95 mt=R len=7
PKT t=18123 TX ua=95 mt=P len=0
PKT t=18133 RX ua=95 mt=R len=7
PKT t=18138 TX ua=95 mt=P len=0
PKT t=18148 RX ua=95 mt=R len=7
PKT t=18153 TX ua=95 mt=P len=0
PKT t=18163 RX ua=95 mt=R len=7
PKT t=18168 TX ua=95 mt=T len=7
PKT t=18180 TX ua=95 mt=P len=0
PKT t=18216 RX ua=95 mt=R len=7
PKT t=18471 TX ua=96 mt=P len=0
PKT t=18729 TX ua=95 mt=P len=0
PKT t=18738 RX ua=95 mt=R len=7
PKT t=18743 TX ua=95 mt=T len=7
PKT t=18756 TX ua=95 mt=P len=0
PKT t=18765 RX ua=95 mt=R len=7
PKT t=18770 TX ua=95 mt=T len=7
PKT t=18783 TX ua=95 mt=P len=0
PKT t=18801 RX ua=95 mt=R len=7
PKT t=18836 TX ua=95 mt=P len=0
PKT t=18845 RX ua=95 mt=R len=7
PKT t=18850 TX ua=95 mt=P len=0
PKT t=18859 RX ua=95 mt=R len=7
PKT t=18864 TX ua=95 mt=P len=0
PKT t=18873 RX ua=95 mt=R len=7
PKT t=18878 TX ua=95 mt=P len=0
PKT t=18907 RX ua=95 mt=R len=7
PKT t=18912 TX ua=95 mt=P len=0
PKT t=18921 RX ua=95 mt=R len=7
PKT t=18926 TX ua=95 mt=P len=0
PKT t=18935 RX ua=95 mt=R len=7
PKT t=18940 TX ua=95 mt=T len=7
PKT t=18953 TX ua=95 mt=P len=0
PKT t=18991 RX ua=95 mt=R len=7
PKT t=18996 TX ua=95 mt=P len=0
PKT t=19007 RX ua=95 mt=R len=7
PKT t=19012 TX ua=95 mt=P len=0
PKT t=19021 RX ua=95 mt=R len=7
PKT t=19026 TX ua=95 mt=P len=0
PKT t=19035 RX ua=95 mt=R len=7
PKT t=19040 TX ua=95 mt=P len=0
PKT t=19049 RX ua=95 mt=R len=7
PKT t=19054 TX ua=95 mt=P len=0
PKT t=19063 RX ua=95 mt=R len=7
PKT t=19068 TX ua=95 mt=P len=0
PKT t=19077 RX ua=95 mt=R len=7
PKT t=19082 TX ua=95 mt=P len=0
PKT t=19111 RX ua=95 mt=R len=7
PKT t=19146 TX ua=95 mt=P len=0
PKT t=19155 RX ua=95 mt=R len=7
PKT t=19160 TX ua=95 mt=P len=0
PKT t=19170 RX ua=95 mt=R len=7
PKT t=19175 TX ua=95 mt=P len=0
PKT t=19184 RX ua=95 mt=R len=7
PKT t=19189 TX ua=95 mt=T len=7
PKT t=19202 TX ua=95 mt=P len=0
PKT t=19221 RX ua=95 mt=R len=7
PKT t=19226 TX ua=95 mt=T len=7
PKT t=19238 TX ua=95 mt=P len=0
PKT t=19247 RX ua=95 mt=R len=7
PKT t=19252 TX ua=95 mt=P len=0
PKT t=19261 RX ua=95 mt=R len=7
PKT t=19266 TX ua=95 mt=P len=0
PKT t=19301 RX ua=95 mt=R len=7
PKT t=19556 TX ua=96 mt=P len=0
PKT t=19814 TX ua=95 mt=P len=0
PKT t=19824 RX ua=95 mt=R len=7
PKT t=19828 TX ua=95 mt=T len=7
PKT t=19840 TX ua=95 mt=P len=0
PKT t=19849 RX ua=95 mt=R len=7
PKT t=19854 TX ua=95 mt=P len=0
PKT t=19863 RX ua=95 mt=R len=7
PKT t=19868 TX ua=95 mt=P len=0
PKT t=19877 RX ua=95 mt=R len=7
PKT t=19882 TX ua=95 mt=P len=0
PKT t=19921 RX ua=95 mt=R len=7
PKT t=19926 TX ua=95 mt=P len=0
PKT t=19935 RX ua=95 mt=R len=7
PKT t=19940 TX ua=95 mt=P len=0
PKT t=19949 RX ua=95 mt=R len=7
PKT t=19954 TX ua=95 mt=P len=0
PKT t=19963 RX ua=95 mt=R len=7
PKT t=19968 TX ua=95 mt=T len=7
PKT t=19980 TX ua=95 mt=P len=0
PKT t=19990 RX ua=95 mt=R len=7
PKT t=19995 TX ua=95 mt=P len=0
PKT t=20025 RX ua=95 mt=R len=7
PKT t=20030 TX ua=95 mt=P len=0
PKT t=20040 RX ua=95 mt=R len=7
PKT t=20081 TX ua=95 mt=P len=0
PKT t=20091 RX ua=95 mt=R len=7
PKT t=20096 TX ua=95 mt=P len=0
PKT t=20129 RX ua=95 mt=R len=7
PKT t=20134 TX ua=95 mt=P len=0
PKT t=20144 RX ua=95 mt=R len=7
PKT t=20149 TX ua=95 mt=P len=0
PKT t=20159 RX ua=95 mt=R len=7
PKT t=20164 TX ua=95 mt=P len=0
PKT t=20174 RX ua=95 mt=R len=7
PKT t=20179 TX ua=95 mt=P len=0
PKT t=20189 RX ua=95 mt=R len=7
PKT t=20194 TX ua=95 mt=P len=0
PKT t=20231 RX ua=95 mt=R len=7
PKT t=20236 TX ua=95 mt=T len=7
PKT t=20248 TX ua=95 mt=P len=0
PKT t=20257 RX ua=95 mt=R len=7
PKT t=20262 TX ua=95 mt=P len=0
PKT t=20271 RX ua=95 mt=R len=7
PKT t=20276 TX ua=95 mt=P len=0
PKT t=20285 RX ua=95 mt=R len=7
PKT t=20290 TX ua=95 mt=P len=0
PKT t=20299 RX ua=95 mt=R len=7
PKT t=20304 TX ua=95 mt=P len=0
PKT t=20333 RX ua=95 mt=R len=7
PKT t=20338 TX ua=95 mt=P len=0
PKT t=20347 RX ua=95 mt=R len=7
PKT t=20352 TX ua=95 mt=P len=0
PKT t=20387 RX ua=95 mt=R len=7
PKT t=20642 TX ua=96 mt=P len=0
PKT t=20900 TX ua=95 mt=P len=0
PKT t=20909 RX ua=95 mt=R len=7
PKT t=20914 TX ua=95 mt=T len=7
PKT t=20926 TX ua=95 mt=P len=0
PKT t=20935 RX ua=95 mt=R len=7
PKT t=20940 TX ua=95 mt=P len=0
PKT t=20949 RX ua=95 mt=R len=7
PKT t=20954 TX ua=95 mt=P len=0
PKT t=20963 RX ua=95 mt=R len=7
PKT t=20968 TX ua=95 mt=P len=0
PKT t=21006 RX ua=95 mt=R len=7
PKT t=21011 TX ua=95 mt=T len=7
PKT t=21023 TX ua=95 mt=P len=0
PKT t=21035 RX ua=95 mt=R len=7
PKT t=21040 TX ua=95 mt=P len=0
PKT t=21049 RX ua=95 mt=R len=7
PKT t=21054 TX ua=95 mt=P len=0
PKT t=21063 RX ua=95 mt=R len=7
PKT t=21068 TX ua=95 mt=P len=0
PKT t=21077 RX ua=95 mt=R len=7
PKT t=21082 TX ua=95 mt=P len=0
PKT t=21091 RX ua=95 mt=R len=7
PKT t=21096 TX ua=95 mt=P len=0
PKT t=21105 RX ua=95 mt=R len=7
PKT t=21110 TX ua=95 mt=P len=0
PKT t=21161 RX ua=95 mt=R len=7
PKT t=21166 TX ua=95 mt=P len=0
PKT t=21175 RX ua=95 mt=R len=7
PKT t=21180 TX ua=95 mt=P len=0
PKT t=21189 RX ua=95 mt=R len=7
PKT t=21194 TX ua=95 mt=P len=0
PKT t=21203 RX ua=95 mt=R len=7
PKT t=21208 TX ua=95 mt=P len=0
PKT t=21239 RX ua=95 mt=R len=7
PKT t=21244 TX ua=95 mt=T len=7
PKT t=21257 TX ua=95 mt=T len=7
PKT t=21270 TX ua=95 mt=P len=0
PKT t=21279 RX ua=95 mt=R len=7
PKT t=21316 TX ua=95 mt=P len=0
PKT t=21339 RX ua=95 mt=R len=7
PKT t=21344 TX ua=95 mt=P len=0
PKT t=21353 RX ua=95 mt=R len=7
PKT t=21358 TX ua=95 mt=P len=0
PKT t=21367 RX ua=95 mt=R len=7
PKT t=21372 TX ua=95 mt=P len=0
PKT t=21381 RX ua=95 mt=R len=7
PKT t=21386 TX ua=95 mt=P len=0
PKT t=21395 RX ua=95 mt=R len=7
PKT t=21400 TX ua=95 mt=P len=0
PKT t=21409 RX ua=95 mt=R len=7
PKT t=21414 TX ua=95 mt=P len=0
PKT t=21471 RX ua=95 mt=R len=7
PKT t=21476 TX ua=95 mt=P len=0
PKT t=21485 RX ua=95 mt=R len=7
PKT t=21490 TX ua=95 mt=P len=0
PKT t=21499 RX ua=95 mt=R len=7
PKT t=21504 TX ua=95 mt=P len=0
PKT t=21513 RX ua=95 mt=R len=7
PKT t=21518 TX ua=95 mt=T len=7
PKT t=21531 TX ua=95 mt=P len=0
PKT t=21549 RX ua=95 mt=R len=7
PKT t=21554 TX ua=95 mt=P len=0
PKT t=21563 RX ua=95 mt=R len=7
PKT t=21568 TX ua=95 mt=P len=0
PKT t=21577 RX ua=95 mt=R len=7
PKT t=21582 TX ua=95 mt=P len=0
PKT t=21591 RX ua=95 mt=R len=7
PKT t=21626 TX ua=95 mt=P len=0
PKT t=21647 RX ua=95 mt=R len=7
PKT t=21652 TX ua=95 mt=P len=0
PKT t=21661 RX ua=95 mt=R len=7
PKT t=21666 TX ua=95 mt=P len=0
PKT t=21675 RX ua=95 mt=R len=7
PKT t=21680 TX ua=95 mt=P len=0
PKT t=21689 RX ua=95 mt=R len=7
PKT t=21694 TX ua=95 mt=P len=0
PKT t=21703 RX ua=95 mt=R len=7
PKT t=21708 TX ua=95 mt=P len=0
PKT t=21717 RX ua=95 mt=R len=7
PKT t=21722 TX ua=95 mt=P len=0
PKT t=21781 RX ua=95 mt=R len=7
PKT t=21786 TX ua=95 mt=T len=7
PKT t=21799 TX ua=95 mt=P len=0
PKT t=21808 RX ua=95 mt=R len=7
PKT t=21813 TX ua=95 mt=P len=0
PKT t=21822 RX ua=95 mt=R len=7
PKT t=21827 TX ua=95 mt=P len=0
PKT t=21856 RX ua=95 mt=R len=7
PKT t=21861 TX ua=95 mt=P len=0
PKT t=21870 RX ua=95 mt=R len=7
PKT t=21875 TX ua=95 mt=P len=0
PKT t=21884 RX ua=95 mt=R len=7
PKT t=21889 TX ua=95 mt=P len=0
PKT t=21898 RX ua=95 mt=R len=7
PKT t=21936 TX ua=95 mt=P len=0
PKT t=21956 RX ua=95 mt=R len=7
PKT t=21961 TX ua=95 mt=P len=0
PKT t=21970 RX ua=95 mt=R len=7
PKT t=21975 TX ua=95 mt=P len=0
PKT t=21984 RX ua=95 mt=R len=7
PKT t=21989 TX ua=95 mt=P len=0
PKT t=21998 RX ua=95 mt=R len=7
PKT t=22003 TX ua=95 mt=P len=0
PKT t=22012 RX ua=95 mt=R len=7
PKT t=22017 TX ua=95 mt=P len=0
PKT t=22026 RX ua=95 mt=R len=7
PKT t=22031 TX ua=95 mt=P len=0
PKT t=22096 RX ua=95 mt=R len=7
PKT t=22101 TX ua=95 mt=T len=7
PKT t=22114 TX ua=95 mt=P len=0
PKT t=22124 RX ua=95 mt=R len=7
PKT t=22129 TX ua=95 mt=P len=0
PKT t=22162 RX ua=95 mt=R len=7
PKT t=22167 TX ua=95 mt=P len=0
PKT t=22177 RX ua=95 mt=R len=7
PKT t=22182 TX ua=95 mt=P len=0
PKT t=22192 RX ua=95 mt=R len=7
PKT t=22197 TX ua=95 mt=P len=0
PKT t=22207 RX ua=95 mt=R len=7
PKT t=22212 TX ua=95 mt=P len=0
PKT t=22247 RX ua=95 mt=R len=7
PKT t=22502 TX ua=96 mt=P len=0
PKT t=22760 TX ua=95 mt=P len=0
PKT t=22770 RX ua=95 mt=R len=7
PKT t=22775 TX ua=95 mt=T len=7
PKT t=22787 TX ua=95 mt=P len=0
PKT t=22796 RX ua=95 mt=R len=7
PKT t=22801 TX ua=95 mt=P len=0
PKT t=22810 RX ua=95 mt=R len=7
PKT t=22815 TX ua=95 mt=T len=7
PKT t=22827 TX ua=95 mt=P len=0
PKT t=22866 RX ua=95 mt=R len=7
PKT t=22871 TX ua=95 mt=P len=0
PKT t=22880 RX ua=95 mt=R len=7
PKT t=22885 TX ua=95 mt=P len=0
PKT t=22894 RX ua=95 mt=R len=7
PKT t=22899 TX ua=95 mt=P len=0
PKT t=22908 RX ua=95 mt=R len=7
PKT t=22913 TX ua=95 mt=P len=0
PKT t=22922 RX ua=95 mt=R len=7
PKT t=22927 TX ua=95 mt=P len=0
PKT t=22936 RX ua=95 mt=R len=7
PKT t=22941 TX ua=95 mt=P len=0
PKT t=22970 RX ua=95 mt=R len=7
PKT t=22975 TX ua=95 mt=P len=0
PKT t=22984 RX ua=95 mt=R len=7
PKT t=23021 TX ua=95 mt=P len=0
PKT t=23030 RX ua=95 mt=R len=7
PKT t=23035 TX ua=95 mt=P len=0
PKT t=23044 RX ua=95 mt=R len=7
PKT t=23049 TX ua=95 mt=P len=0
PKT t=23078 RX ua=95 mt=R len=7
PKT t=23083 TX ua=95 mt=T len=7
PKT t=23095 TX ua=95 mt=P len=0
PKT t=23104 RX ua=95 mt=R len=7
PKT t=23109 TX ua=95 mt=P len=0
PKT t=23118 RX ua=95 mt=R len=7
PKT t=23123 TX ua=95 mt=P len=0
PKT t=23132 RX ua=95 mt=R len=7
PKT t=23137 TX ua=95 mt=P len=0
PKT t=23176 RX ua=95 mt=R len=7
PKT t=23181 TX ua=95 mt=P len=0
PKT t=23190 RX ua=95 mt=R len=7
PKT t=23195 TX ua=95 mt=P len=0
PKT t=23204 RX ua=95 mt=R len=7
PKT t=23209 TX ua=95 mt=P len=0
PKT t=23218 RX ua=95 mt=R len=7
PKT t=23223 TX ua=95 mt=P len=0
PKT t=23232 RX ua=95 mt=R len=7
PKT t=23237 TX ua=95 mt=P len=0
PKT t=23246 RX ua=95 mt=R len=7
PKT t=23251 TX ua=95 mt=T len=7
PKT t=23263 TX ua=95 mt=P len=0
PKT t=23282 RX ua=95 mt=R len=7
PKT t=23287 TX ua=95 mt=P len=0
PKT t=23296 RX ua=95 mt=R len=7
PKT t=23331 TX ua=95 mt=P len=0
PKT t=23340 RX ua=95 mt=R len=7
PKT t=23345 TX ua=95 mt=T len=7
PKT t=23357 TX ua=95 mt=P len=0
PKT t=23385 RX ua=95 mt=R len=7
PKT t=23390 TX ua=95 mt=P len=0
PKT t=23399 RX ua=95 mt=R len=7
PKT t=23404 TX ua=95 mt=P len=0
PKT t=23413 RX ua=95 mt=R len=7
PKT t=23418 TX ua=95 mt=P len=0
PKT t=23427 RX ua=95 mt=R len=7
PKT t=23432 TX ua=95 mt=P len=0
PKT t=23441 RX ua=95 mt=R len=7
PKT t=23446 TX ua=95 mt=P len=0
PKT t=23486 RX ua=95 mt=R len=7
PKT t=23491 TX ua=95 mt=P len=0
PKT t=23500 RX ua=95 mt=R len=7
PKT t=23505 TX ua=95 mt=P len=0
PKT t=23514 RX ua=95 mt=R len=7
PKT t=23519 TX ua=95 mt=P len=0
PKT t=23528 RX ua=95 mt=R len=7
PKT t=23533 TX ua=95 mt=P len=0
PKT t=23542 RX ua=95 mt=R len=7
PKT t=23547 TX ua=95 mt=P len=0
PKT t=23556 RX ua=95 mt=R len=7
PKT t=23561 TX ua=95 mt=P len=0
PKT t=23590 RX ua=95 mt=R len=7
PKT t=23595 TX ua=95 mt=T len=7
PKT t=23607 TX ua=95 mt=P len=0
PKT t=23642 RX ua=95 mt=R len=7
PKT t=23897 TX ua=96 mt=P len=0
PKT t=24155 TX ua=95 mt=P len=0
PKT t=24164 RX ua=95 mt=R len=7
PKT t=24169 TX ua=95 mt=T len=7
PKT t=24181 TX ua=95 mt=P len=0
PKT t=24200 RX ua=95 mt=R len=7
PKT t=24205 TX ua=95 mt=P len=0
PKT t=24215 RX ua=95 mt=R len=7
PKT t=24220 TX ua=95 mt=P len=0
PKT t=24261 RX ua=95 mt=R len=7
PKT t=24266 TX ua=95 mt=T len=7
PKT t=24278 TX ua=95 mt=P len=0
PKT t=24300 RX ua=95 mt=R len=7
PKT t=24305 TX ua=95 mt=P len=0
PKT t=24315 RX ua=95 mt=R len=7
PKT t=24320 TX ua=95 mt=P len=0
PKT t=24330 RX ua=95 mt=R len=7
PKT t=24335 TX ua=95 mt=P len=0
PKT t=24345 RX ua=95 mt=R len=7
PKT t=24350 TX ua=95 mt=P len=0
PKT t=24360 RX ua=95 mt=R len=7
PKT t=24365 TX ua=95 mt=T len=7
PKT t=24377 TX ua=95 mt=P len=0
PKT t=24416 RX ua=95 mt=R len=7
PKT t=24421 TX ua=95 mt=P len=0
PKT t=24430 RX ua=95 mt=R len=7
PKT t=24435 TX ua=95 mt=P len=0
PKT t=24444 RX ua=95 mt=R len=7
PKT t=24449 TX ua=95 mt=P len=0
PKT t=24458 RX ua=95 mt=R len=7
PKT t=24463 TX ua=95 mt=P len=0
PKT t=24472 RX ua=95 mt=R len=7
PKT t=24477 TX ua=95 mt=P len=0
PKT t=24506 RX ua=95 mt=R len=7
PKT t=24511 TX ua=95 mt=P len=0
PKT t=24520 RX ua=95 mt=R len=7
PKT t=24525 TX ua=95 mt=P len=0
PKT t=24534 RX ua=95 mt=R len=7
PKT t=24571 TX ua=95 mt=P len=0
PKT t=24580 RX ua=95 mt=R len=7
PKT t=24585 TX ua=95 mt=P len=0
PKT t=24614 RX ua=95 mt=R len=7
PKT t=24619 TX ua=95 mt=T len=7
PKT t=24631 TX ua=95 mt=P len=0
PKT t=24640 RX ua=95 mt=R len=7
PKT t=24645 TX ua=95 mt=P len=0
PKT t=24655 RX ua=95 mt=R len=7
PKT t=24659 TX ua=95 mt=P len=0
PKT t=24668 RX ua=95 mt=R len=7
PKT t=24673 TX ua=95 mt=P len=0
PKT t=24682 RX ua=95 mt=R len=7
PKT t=24687 TX ua=95 mt=P len=0
PKT t=24726 RX ua=95 mt=R len=7
PKT t=24731 TX ua=95 mt=P len=0
PKT t=24740 RX ua=95 mt=R len=7
PKT t=24745 TX ua=95 mt=P len=0
PKT t=24754 RX ua=95 mt=R len=7
PKT t=24759 TX ua=95 mt=P len=0
PKT t=24768 RX ua=95 mt=R len=7
PKT t=24773 TX ua=95 mt=P len=0
PKT t=24782 RX ua=95 mt=R len=7
PKT t=24787 TX ua=95 mt=P len=0
PKT t=24816 RX ua=95 mt=R len=7
PKT t=24821 TX ua=95 mt=P len=0
PKT t=24830 RX ua=95 mt=R len=7
PKT t=24835 TX ua=95 mt=P len=0
PKT t=24844 RX ua=95 mt=R len=7
PKT t=24881 TX ua=95 mt=P len=0
PKT t=24890 RX ua=95 mt=R len=7
PKT t=24895 TX ua=95 mt=T len=7
PKT t=24907 TX ua=95 mt=P len=0
PKT t=24926 RX ua=95 mt=R len=7
PKT t=24931 TX ua=95 mt=P len=0
PKT t=24940 RX ua=95 mt=R len=7
PKT t=24945 TX ua=95 mt=P len=0
PKT t=24954 RX ua=95 mt=R len=7
PKT t=24959 TX ua=95 mt=P len=0
PKT t=24968 RX ua=95 mt=R len=7
PKT t=24973 TX ua=95 mt=P len=0
PKT t=24982 RX ua=95 mt=R len=7
PKT t=24987 TX ua=95 mt=P len=0
PKT t=24996 RX ua=95 mt=R len=7
PKT t=25001 TX ua=95 mt=P len=0
PKT t=25036 RX ua=95 mt=R len=7
PKT t=25291 TX ua=96 mt=P len=0
PKT t=25549 TX ua=95 mt=P len=0
PKT t=25558 RX ua=95 mt=R len=7
PKT t=25563 TX ua=95 mt=T len=7
PKT t=25575 TX ua=95 mt=P len=0
PKT t=25584 RX ua=95 mt=R len=7
PKT t=25589 TX ua=95 mt=P len=0
PKT t=25598 RX ua=95 mt=R len=7
PKT t=25603 TX ua=95 mt=P len=0
PKT t=25656 RX ua=95 mt=R len=7
PKT t=25661 TX ua=95 mt=T len=7
PKT t=25673 TX ua=95 mt=P len=0
PKT t=25682 RX ua=95 mt=R len=7
PKT t=25687 TX ua=95 mt=P len=0
PKT t=25696 RX ua=95 mt=R len=7
PKT t=25701 TX ua=95 mt=P len=0
PKT t=25732 RX ua=95 mt=R len=7
PKT t=25737 TX ua=95 mt=P len=0
PKT t=25746 RX ua=95 mt=R len=7
PKT t=25751 TX ua=95 mt=P len=0
PKT t=25760 RX ua=95 mt=R len=7
PKT t=25765 TX ua=95 mt=P len=0
PKT t=25774 RX ua=95 mt=R len=7
PKT t=25811 TX ua=95 mt=P len=0
PKT t=25832 RX ua=95 mt=R len=7
PKT t=25837 TX ua=95 mt=P len=0
PKT t=25846 RX ua=95 mt=R len=7
PKT t=25851 TX ua=95 mt=P len=0
PKT t=25860 RX ua=95 mt=R len=7
PKT t=25865 TX ua=95 mt=P len=0
PKT t=25874 RX ua=95 mt=R len=7
PKT t=25879 TX ua=95 mt=P len=0
PKT t=25888 RX ua=95 mt=R len=7
PKT t=25893 TX ua=95 mt=P len=0
PKT t=25902 RX ua=95 mt=R len=7
PKT t=25907 TX ua=95 mt=T len=7
PKT t=25919 TX ua=95 mt=P len=0
PKT t=25966 RX ua=95 mt=R len=7
PKT t=25971 TX ua=95 mt=P len=0
PKT t=25980 RX ua=95 mt=R len=7
PKT t=25985 TX ua=95 mt=P len=0
PKT t=25994 RX ua=95 mt=R len=7
PKT t=25999 TX ua=95 mt=P len=0
PKT t=26008 RX ua=95 mt=R len=7
PKT t=26013 TX ua=95 mt=P len=0
PKT t=26042 RX ua=95 mt=R len=7
PKT t=26047 TX ua=95 mt=P len=0
PKT t=26056 RX ua=95 mt=R len=7
PKT t=26061 TX ua=95 mt=P len=0
PKT t=26070 RX ua=95 mt=R len=7
PKT t=26075 TX ua=95 mt=P len=0
PKT t=26084 RX ua=95 mt=R len=7
PKT t=26126 TX ua=95 mt=P len=0
PKT t=26147 RX ua=95 mt=R len=7
PKT t=26152 TX ua=95 mt=P len=0
PKT t=26161 RX ua=95 mt=R len=7
PKT t=26166 TX ua=95 mt=T len=7
PKT t=26178 TX ua=95 mt=P len=0
PKT t=26188 RX ua=95 mt=R len=7
PKT t=26193 TX ua=95 mt=P len=0
PKT t=26203 RX ua=95 mt=R len=7
PKT t=26208 TX ua=95 mt=P len=0
PKT t=26218 RX ua=95 mt=R len=7
PKT t=26223 TX ua=95 mt=P len=0
PKT t=26276 RX ua=95 mt=R len=7
PKT t=26281 TX ua=95 mt=T len=7
PKT t=26294 TX ua=95 mt=P len=0
PKT t=26304 RX ua=95 mt=R len=7
PKT t=26309 TX ua=95 mt=T len=7
PKT t=26322 TX ua=95 mt=P len=0
PKT t=26352 RX ua=95 mt=R len=7
PKT t=26357 TX ua=95 mt=P len=0
PKT t=26367 RX ua=95 mt=R len=7
PKT t=26372 TX ua=95 mt=P len=0
PKT t=26382 RX ua=95 mt=R len=7
PKT t=26387 TX ua=95 mt=P len=0
PKT t=26431 RX ua=95 mt=R len=7
PKT t=26436 TX ua=95 mt=T len=7
PKT t=26449 TX ua=95 mt=P len=0
PKT t=26458 RX ua=95 mt=R len=7
PKT t=26463 TX ua=95 mt=P len=0
PKT t=26472 RX ua=95 mt=R len=7
PKT t=26477 TX ua=95 mt=P len=0
PKT t=26486 RX ua=95 mt=R len=7
PKT t=26491 TX ua=95 mt=P len=0
PKT t=26500 RX ua=95 mt=R len=7
PKT t=26505 TX ua=95 mt=P len=0
PKT t=26514 RX ua=95 mt=R len=7
PKT t=26519 TX ua=95 mt=P len=0
PKT t=26586 RX ua=95 mt=R len=7
PKT t=26591 TX ua=95 mt=P len=0
PKT t=26600 RX ua=95 mt=R len=7
PKT t=26605 TX ua=95 mt=P len=0
PKT t=26614 RX ua=95 mt=R len=7
PKT t=26619 TX ua=95 mt=P len=0
PKT t=26651 RX ua=95 mt=R len=7
PKT t=26656 TX ua=95 mt=P len=0
PKT t=26665 RX ua=95 mt=R len=7
PKT t=26670 TX ua=95 mt=P len=0
PKT t=26679 RX ua=95 mt=R len=7
PKT t=26684 TX ua=95 mt=T len=7
PKT t=26697 TX ua=95 mt=P len=0
PKT t=26706 RX ua=95 mt=R len=7
PKT t=26741 TX ua=95 mt=P len=0
PKT t=26751 RX ua=95 mt=R len=7
PKT t=26756 TX ua=95 mt=P len=0
PKT t=26765 RX ua=95 mt=R len=7
PKT t=26770 TX ua=95 mt=P len=0
PKT t=26779 RX ua=95 mt=R len=7
PKT t=26784 TX ua=95 mt=P len=0
PKT t=26793 RX ua=95 mt=R len=7
PKT t=26798 TX ua=95 mt=P len=0
PKT t=26807 RX ua=95 mt=R len=7
PKT t=26812 TX ua=95 mt=P len=0
PKT t=26821 RX ua=95 mt=R len=7
PKT t=26826 TX ua=95 mt=P len=0
PKT t=26855 RX ua=95 mt=R len=7
PKT t=26860 TX ua=95 mt=P len=0
PKT t=26896 RX ua=95 mt=R len=7
PKT t=27151 TX ua=96 mt=P len=0
PKT t=27409 TX ua=95 mt=P len=0
PKT t=27418 RX ua=95 mt=R len=7
PKT t=27423 TX ua=95 mt=T len=7
PKT t=27435 TX ua=95 mt=P len=0
PKT t=27457 RX ua=95 mt=R len=7
PKT t=27462 TX ua=95 mt=T len=7
PKT t=27474 TX ua=95 mt=P len=0
PKT t=27516 RX ua=95 mt=R len=7
PKT t=27521 TX ua=95 mt=P len=0
PKT t=27530 RX ua=95 mt=R len=7
PKT t=27535 TX ua=95 mt=P len=0
PKT t=27564 RX ua=95 mt=R len=7
PKT t=27569 TX ua=95 mt=P len=0
PKT t=27578 RX ua=95 mt=R len=7
PKT t=27583 TX ua=95 mt=P len=0
PKT t=27592 RX ua=95 mt=R len=7
PKT t=27597 TX ua=95 mt=P len=0
PKT t=27606 RX ua=95 mt=R len=7
PKT t=27611 TX ua=95 mt=P len=0
PKT t=27620 RX ua=95 mt=R len=7
PKT t=27625 TX ua=95 mt=P len=0
PKT t=27634 RX ua=95 mt=R len=7
PKT t=27671 TX ua=95 mt=P len=0
PKT t=27681 RX ua=95 mt=R len=7
PKT t=27686 TX ua=95 mt=P len=0
PKT t=27695 RX ua=95 mt=R len=7
PKT t=27700 TX ua=95 mt=P len=0
PKT t=27709 RX ua=95 mt=R len=7
PKT t=27714 TX ua=95 mt=T len=7
PKT t=27726 TX ua=95 mt=P len=0
PKT t=27735 RX ua=95 mt=R len=7
PKT t=27740 TX ua=95 mt=P len=0
PKT t=27769 RX ua=95 mt=R len=7
PKT t=27774 TX ua=95 mt=P len=0
PKT t=27783 RX ua=95 mt=R len=7
PKT t=27788 TX ua=95 mt=P len=0
PKT t=27826 RX ua=95 mt=R len=7
PKT t=27831 TX ua=95 mt=P len=0
PKT t=27840 RX ua=95 mt=R len=7
PKT t=27845 TX ua=95 mt=P len=0
PKT t=27874 RX ua=95 mt=R len=7
PKT t=27879 TX ua=95 mt=P len=0
PKT t=27888 RX ua=95 mt=R len=7
PKT t=27893 TX ua=95 mt=P len=0
PKT t=27902 RX ua=95 mt=R len=7
PKT t=27907 TX ua=95 mt=P len=0
PKT t=27916 RX ua=95 mt=R len=7
PKT t=27921 TX ua=95 mt=P len=0
PKT t=27930 RX ua=95 mt=R len=7
PKT t=27935 TX ua=95 mt=P len=0
PKT t=27944 RX ua=95 mt=R len=7
PKT t=27981 TX ua=95 mt=P len=0
PKT t=27990 RX ua=95 mt=R len=7
PKT t=27995 TX ua=95 mt=T len=7
PKT t=28007 TX ua=95 mt=P len=0
PKT t=28016 RX ua=95 mt=R len=7
PKT t=28021 TX ua=95 mt=P len=0
PKT t=28030 RX ua=95 mt=R len=7
PKT t=28035 TX ua=95 mt=P len=0
PKT t=28044 RX ua=95 mt=R len=7
PKT t=28049 TX ua=95 mt=P len=0
PKT t=28078 RX ua=95 mt=R len=7
PKT t=28083 TX ua=95 mt=P len=0
PKT t=28092 RX ua=95 mt=R len=7
PKT t=28097 TX ua=95 mt=P len=0
PKT t=28141 RX ua=95 mt=R len=7
PKT t=28146 TX ua=95 mt=P len=0
PKT t=28178 RX ua=95 mt=R len=7
PKT t=28183 TX ua=95 mt=P len=0
PKT t=28192 RX ua=95 mt=R len=7
PKT t=28197 TX ua=95 mt=P len=0
PKT t=28206 RX ua=95 mt=R len=7
PKT t=28211 TX ua=95 mt=P len=0
PKT t=28220 RX ua=95 mt=R len=7
PKT t=28225 TX ua=95 mt=P len=0
PKT t=28234 RX ua=95 mt=R len=7
PKT t=28239 TX ua=95 mt=T len=7
PKT t=28251 TX ua=95 mt=P len=0
PKT t=28291 RX ua=95 mt=R len=7
PKT t=28296 TX ua=95 mt=T len=7
PKT t=28308 TX ua=95 mt=P len=0
PKT t=28318 RX ua=95 mt=R len=7
PKT t=28323 TX ua=95 mt=P len=0
PKT t=28333 RX ua=95 mt=R len=7
PKT t=28338 TX ua=95 mt=P len=0
PKT t=28348 RX ua=95 mt=R len=7
PKT t=28353 TX ua=95 mt=P len=0
PKT t=28382 RX ua=95 mt=R len=7
PKT t=28387 TX ua=95 mt=P len=0
PKT t=28397 RX ua=95 mt=R len=7
PKT t=28402 TX ua=95 mt=P len=0
PKT t=28446 RX ua=95 mt=R len=7
PKT t=28451 TX ua=95 mt=P len=0
PKT t=28481 RX ua=95 mt=R len=7
PKT t=28486 TX ua=95 mt=T len=7
PKT t=28498 TX ua=95 mt=P len=0
PKT t=28507 RX ua=95 mt=R len=7
PKT t=28512 TX ua=95 mt=P len=0
PKT t=28521 RX ua=95 mt=R len=7
PKT t=28526 TX ua=95 mt=P len=0
PKT t=28535 RX ua=95 mt=R len=7
PKT t=28540 TX ua=95 mt=P len=0
PKT t=28549 RX ua=95 mt=R len=7
PKT t=28554 TX ua=95 mt=P len=0
PKT t=28601 RX ua=95 mt=R len=7
PKT t=28606 TX ua=95 mt=P len=0
PKT t=28615 RX ua=95 mt=R len=7
PKT t=28620 TX ua=95 mt=P len=0
PKT t=28629 RX ua=95 mt=R len=7
PKT t=28634 TX ua=95 mt=P len=0
PKT t=28644 RX ua=95 mt=R len=7
PKT t=28649 TX ua=95 mt=P len=0
PKT t=28658 RX ua=95 mt=R len=7
PKT t=28663 TX ua=95 mt=P len=0
PKT t=28692 RX ua=95 mt=R len=7
PKT t=28697 TX ua=95 mt=P len=0
PKT t=28706 RX ua=95 mt=R len=7
PKT t=28711 TX ua=95 mt=P len=0
PKT t=28720 RX ua=95 mt=R len=7
PKT t=28756 TX ua=95 mt=P len=0
PKT t=28765 RX ua=95 mt=R len=7
PKT t=28770 TX ua=95 mt=T len=7
PKT t=28782 TX ua=95 mt=P len=0
PKT t=28801 RX ua=95 mt=R len=7
PKT t=28806 TX ua=95 mt=P len=0
PKT t=28815 RX ua=95 mt=R len=7
PKT t=28820 TX ua=95 mt=P len=0
PKT t=28829 RX ua=95 mt=R len=7
PKT t=28834 TX ua=95 mt=P len=0
PKT t=28843 RX ua=95 mt=R len=7
PKT t=28848 TX ua=95 mt=P len=0
PKT t=28857 RX ua=95 mt=R len=7
PKT t=28862 TX ua=95 mt=P len=0
PKT t=28871 RX ua=95 mt=R len=7
PKT t=28876 TX ua=95 mt=P len=0
PKT t=28911 RX ua=95 mt=R len=7
PKT t=29166 TX ua=96 mt=P len=0
PKT t=29424 TX ua=95 mt=P len=0
PKT t=29433 RX ua=95 mt=R len=7
PKT t=29438 TX ua=95 mt=T len=7
PKT t=29451 TX ua=95 mt=P len=0
PKT t=29460 RX ua=95 mt=R len=7
PKT t=29465 TX ua=95 mt=P len=0
PKT t=29474 RX ua=95 mt=R len=7
PKT t=29479 TX ua=95 mt=P len=0
PKT t=29531 RX ua=95 mt=R len=7
PKT t=29536 TX ua=95 mt=T len=7
PKT t=29549 TX ua=95 mt=P len=0
PKT t=29558 RX ua=95 mt=R len=7
PKT t=29563 TX ua=95 mt=P len=0
PKT t=29572 RX ua=95 mt=R len=7
PKT t=29577 TX ua=95 mt=P len=0
PKT t=29608 RX ua=95 mt=R len=7
PKT t=29613 TX ua=95 mt=P len=0
PKT t=29622 RX ua=95 mt=R len=7
PKT t=29627 TX ua=95 mt=P len=0
PKT t=29636 RX ua=95 mt=R len=7
PKT t=29641 TX ua=95 mt=P len=0
PKT t=29650 RX ua=95 mt=R len=7
PKT t=29686 TX ua=95 mt=P len=0
PKT t=29708 RX ua=95 mt=R len=7
PKT t=29713 TX ua=95 mt=P len=0
PKT t=29722 RX ua=95 mt=R len=7
PKT t=29727 TX ua=95 mt=P len=0
PKT t=29736 RX ua=95 mt=R len=7
PKT t=29741 TX ua=95 mt=P len=0
PKT t=29750 RX ua=95 mt=R len=7
PKT t=29755 TX ua=95 mt=P len=0
PKT t=29764 RX ua=95 mt=R len=7
PKT t=29769 TX ua=95 mt=P len=0
PKT t=29778 RX ua=95 mt=R len=7
PKT t=29783 TX ua=95 mt=T len=7
PKT t=29796 TX ua=95 mt=P len=0
PKT t=29841 RX ua=95 mt=R len=7
PKT t=29846 TX ua=95 mt=P len=0
PKT t=29855 RX ua=95 mt=R len=7
PKT t=29860 TX ua=95 mt=P len=0
PKT t=29869 RX ua=95 mt=R len=7
PKT t=29874 TX ua=95 mt=P len=0
PKT t=29883 RX ua=95 mt=R len=7
PKT t=29888 TX ua=95 mt=P len=0
PKT t=29917 RX ua=95 mt=R len=7
PKT t=29922 TX ua=95 mt=P len=0
PKT t=29931 RX ua=95 mt=R len=7
PKT t=29936 TX ua=95 mt=P len=0
PKT t=29945 RX ua=95 mt=R len=7
PKT t=29950 TX ua=95 mt=P len=0
PKT t=29959 RX ua=95 mt=R len=7
PKT t=29996 TX ua=95 mt=P len=0
PKT t=30017 RX ua=95 mt=R len=7
PKT t=30022 TX ua=95 mt=P len=0
PKT t=30031 RX ua=95 mt=R len=7
PKT t=30036 TX ua=95 mt=T len=7
PKT t=30049 TX ua=95 mt=P len=0
PKT t=30058 RX ua=95 mt=R len=7
PKT t=30063 TX ua=95 mt=P len=0
PKT t=30072 RX ua=95 mt=R len=7
PKT t=30077 TX ua=95 mt=P len=0
PKT t=30086 RX ua=95 mt=R len=7
PKT t=30091 TX ua=95 mt=P len=0
PKT t=30156 RX ua=95 mt=R len=7
PKT t=30161 TX ua=95 mt=P len=0
PKT t=30170 RX ua=95 mt=R len=7
PKT t=30175 TX ua=95 mt=P len=0
PKT t=30184 RX ua=95 mt=R len=7
PKT t=30189 TX ua=95 mt=P len=0
PKT t=30220 RX ua=95 mt=R len=7
PKT t=30225 TX ua=95 mt=P len=0
PKT t=30234 RX ua=95 mt=R len=7
PKT t=30239 TX ua=95 mt=P len=0
PKT t=30248 RX ua=95 mt=R len=7
PKT t=30253 TX ua=95 mt=P len=0
PKT t=30262 RX ua=95 mt=R len=7
PKT t=30267 TX ua=95 mt=P len=0
PKT t=30306 RX ua=95 mt=R len=7
PKT t=30311 TX ua=95 mt=T len=7
PKT t=30323 TX ua=95 mt=P len=0
PKT t=30333 RX ua=95 mt=R len=7
PKT t=30338 TX ua=95 mt=P len=0
PKT t=30348 RX ua=95 mt=R len=7
PKT t=30353 TX ua=95 mt=P len=0
PKT t=30363 RX ua=95 mt=R len=7
PKT t=30368 TX ua=95 mt=P len=0
PKT t=30378 RX ua=95 mt=R len=7
PKT t=30383 TX ua=95 mt=P len=0
PKT t=30393 RX ua=95 mt=R len=7
PKT t=30398 TX ua=95 mt=P len=0
PKT t=30461 RX ua=95 mt=R len=7
PKT t=30466 TX ua=95 mt=P len=0
PKT t=30476 RX ua=95 mt=R len=7
PKT t=30481 TX ua=95 mt=P len=0
PKT t=30491 RX ua=95 mt=R len=7
PKT t=30496 TX ua=95 mt=P len=0
PKT t=30526 RX ua=95 mt=R len=7
PKT t=30531 TX ua=95 mt=P len=0
PKT t=30541 RX ua=95 mt=R len=7
PKT t=30546 TX ua=95 mt=P len=0
PKT t=30556 RX ua=95 mt=R len=7
PKT t=30561 TX ua=95 mt=T len=7
PKT t=30573 TX ua=95 mt=P len=0
PKT t=30616 RX ua=95 mt=R len=7
PKT t=30621 TX ua=95 mt=P len=0
PKT t=30630 RX ua=95 mt=R len=7
PKT t=30635 TX ua=95 mt=P len=0
PKT t=30645 RX ua=95 mt=R len=7
PKT t=30650 TX ua=95 mt=P len=0
PKT t=30659 RX ua=95 mt=R len=7
PKT t=30664 TX ua=95 mt=P len=0
PKT t=30673 RX ua=95 mt=R len=7
PKT t=30678 TX ua=95 mt=P len=0
PKT t=30687 RX ua=95 mt=R len=7
PKT t=30692 TX ua=95 mt=P len=0
PKT t=30701 RX ua=95 mt=R len=7
PKT t=30706 TX ua=95 mt=P len=0
PKT t=30735 RX ua=95 mt=R len=7
PKT t=30771 TX ua=95 mt=P len=0
PKT t=30780 RX ua=95 mt=R len=7
PKT t=30785 TX ua=95 mt=P len=0
PKT t=30794 RX ua=95 mt=R len=7
PKT t=30799 TX ua=95 mt=P len=0
PKT t=30808 RX ua=95 mt=R len=7
PKT t=30813 TX ua=95 mt=T len=7
PKT t=30825 TX ua=95 mt=P len=0
PKT t=30844 RX ua=95 mt=R len=7
PKT t=30849 TX ua=95 mt=P len=0
PKT t=30858 RX ua=95 mt=R len=7
PKT t=30863 TX ua=95 mt=P len=0
PKT t=30872 RX ua=95 mt=R len=7
PKT t=30877 TX ua=95 mt=P len=0
PKT t=30886 RX ua=95 mt=R len=7
PKT t=30891 TX ua=95 mt=P len=0
PKT t=30926 RX ua=95 mt=R len=7
PKT t=31181 TX ua=96 mt=P len=0
PKT t=31439 TX ua=95 mt=P len=0
PKT t=31448 RX ua=95 mt=R len=7
PKT t=31453 TX ua=95 mt=T len=7
PKT t=31465 TX ua=95 mt=P len=0
PKT t=31474 RX ua=95 mt=R len=7
PKT t=31479 TX ua=95 mt=P len=0
PKT t=31488 RX ua=95 mt=R len=7
PKT t=31493 TX ua=95 mt=P len=0
PKT t=31502 RX ua=95 mt=R len=7
PKT t=31507 TX ua=95 mt=P len=0
PKT t=31546 RX ua=95 mt=R len=7
PKT t=31551 TX ua=95 mt=P len=0
PKT t=31560 RX ua=95 mt=R len=7
PKT t=31565 TX ua=95 mt=P len=0
PKT t=31574 RX ua=95 mt=R len=7
PKT t=31579 TX ua=95 mt=P len=0
PKT t=31588 RX ua=95 mt=R len=7
PKT t=31593 TX ua=95 mt=T len=7
PKT t=31605 TX ua=95 mt=P len=0
PKT t=31614 RX ua=95 mt=R len=7
PKT t=31619 TX ua=95 mt=P len=0
PKT t=31650 RX ua=95 mt=R len=7
PKT t=31655 TX ua=95 mt=P len=0
PKT t=31664 RX ua=95 mt=R len=7
PKT t=31701 TX ua=95 mt=P len=0
PKT t=31710 RX ua=95 mt=R len=7
PKT t=31715 TX ua=95 mt=P len=0
PKT t=31724 RX ua=95 mt=R len=7
PKT t=31729 TX ua=95 mt=P len=0
PKT t=31758 RX ua=95 mt=R len=7
PKT t=31763 TX ua=95 mt=P len=0
PKT t=31772 RX ua=95 mt=R len=7
PKT t=31777 TX ua=95 mt=P len=0
PKT t=31786 RX ua=95 mt=R len=7
PKT t=31791 TX ua=95 mt=P len=0
PKT t=31800 RX ua=95 mt=R len=7
PKT t=31805 TX ua=95 mt=P len=0
PKT t=31814 RX ua=95 mt=R len=7
PKT t=31819 TX ua=95 mt=P len=0
PKT t=31856 RX ua=95 mt=R len=7
PKT t=31861 TX ua=95 mt=T len=7
PKT t=31873 TX ua=95 mt=P len=0
PKT t=31882 RX ua=95 mt=R len=7
PKT t=31887 TX ua=95 mt=P len=0
PKT t=31896 RX ua=95 mt=R len=7
PKT t=31901 TX ua=95 mt=P len=0
PKT t=31910 RX ua=95 mt=R len=7
PKT t=31915 TX ua=95 mt=P len=0
PKT t=31924 RX ua=95 mt=R len=7
PKT t=31929 TX ua=95 mt=P len=0
PKT t=31962 RX ua=95 mt=R len=7
PKT t=31967 TX ua=95 mt=P len=0
PKT t=31976 RX ua=95 mt=R len=7
PKT t=32011 TX ua=95 mt=P len=0
PKT t=32020 RX ua=95 mt=R len=7
PKT t=32025 TX ua=95 mt=P len=0
PKT t=32034 RX ua=95 mt=R len=7
PKT t=32039 TX ua=95 mt=P len=0
PKT t=32068 RX ua=95 mt=R len=7
PKT t=32073 TX ua=95 mt=P len=0
PKT t=32082 RX ua=95 mt=R len=7
PKT t=32087 TX ua=95 mt=P len=0
PKT t=32096 RX ua=95 mt=R len=7
PKT t=32101 TX ua=95 mt=P len=0
PKT t=32110 RX ua=95 mt=R len=7
PKT t=32115 TX ua=95 mt=T len=7
PKT t=32127 TX ua=95 mt=P len=0
PKT t=32171 RX ua=95 mt=R len=7
PKT t=32176 TX ua=95 mt=P len=0
PKT t=32185 RX ua=95 mt=R len=7
PKT t=32190 TX ua=95 mt=P len=0
PKT t=32199 RX ua=95 mt=R len=7
PKT t=32204 TX ua=95 mt=P len=0
PKT t=32213 RX ua=95 mt=R len=7
PKT t=32218 TX ua=95 mt=P len=0
PKT t=32227 RX ua=95 mt=R len=7
PKT t=32232 TX ua=95 mt=P len=0
PKT t=32241 RX ua=95 mt=R len=7
PKT t=32246 TX ua=95 mt=P len=0
PKT t=32275 RX ua=95 mt=R len=7
PKT t=32280 TX ua=95 mt=P len=0
PKT t=32321 RX ua=95 mt=R len=7
PKT t=32326 TX ua=95 mt=T len=7
PKT t=32338 TX ua=95 mt=P len=0
PKT t=32347 RX ua=95 mt=R len=7
PKT t=32352 TX ua=95 mt=P len=0
PKT t=32381 RX ua=95 mt=R len=7
PKT t=32386 TX ua=95 mt=T len=7
PKT t=32398 TX ua=95 mt=P len=0
PKT t=32408 RX ua=95 mt=R len=7
PKT t=32413 TX ua=95 mt=P len=0
PKT t=32423 RX ua=95 mt=R len=7
PKT t=32428 TX ua=95 mt=P len=0
PKT t=32438 RX ua=95 mt=R len=7
PKT t=32476 TX ua=95 mt=P len=0
PKT t=32486 RX ua=95 mt=R len=7
PKT t=32491 TX ua=95 mt=P len=0
PKT t=32501 RX ua=95 mt=R len=7
PKT t=32506 TX ua=95 mt=P len=0
PKT t=32516 RX ua=95 mt=R len=7
PKT t=32521 TX ua=95 mt=P len=0
PKT t=32531 RX ua=95 mt=R len=7
PKT t=32536 TX ua=95 mt=P len=0
PKT t=32546 RX ua=95 mt=R len=7
PKT t=32551 TX ua=95 mt=P len=0
PKT t=32581 RX ua=95 mt=R len=7
PKT t=32586 TX ua=95 mt=P len=0
PKT t=32596 RX ua=95 mt=R len=7
PKT t=32631 TX ua=95 mt=P len=0
PKT t=32641 RX ua=95 mt=R len=7
PKT t=32646 TX ua=95 mt=T len=7
PKT t=32658 TX ua=95 mt=P len=0
PKT t=32686 RX ua=95 mt=R len=7
PKT t=32691 TX ua=95 mt=P len=0
PKT t=32700 RX ua=95 mt=R len=7
PKT t=32705 TX ua=95 mt=P len=0
PKT t=32714 RX ua=95 mt=R len=7
PKT t=32719 TX ua=95 mt=P len=0
PKT t=32728 RX ua=95 mt=R len=7
PKT t=32733 TX ua=95 mt=P len=0
PKT t=32742 RX ua=95 mt=R len=7
PKT t=32747 TX ua=95 mt=P len=0
PKT t=32786 RX ua=95 mt=R len=7
PKT t=32791 TX ua=95 mt=P len=0
PKT t=32800 RX ua=95 mt=R len=7
PKT t=32805 TX ua=95 mt=P len=0
PKT t=32814 RX ua=95 mt=R len=7
PKT t=32819 TX ua=95 mt=P len=0
PKT t=32828 RX ua=95 mt=R len=7
PKT t=32833 TX ua=95 mt=P len=0
PKT t=32842 RX ua=95 mt=R len=7
PKT t=32847 TX ua=95 mt=P len=0
PKT t=32856 RX ua=95 mt=R len=7
PKT t=32861 TX ua=95 mt=P len=0
PKT t=32890 RX ua=95 mt=R len=7
PKT t=32895 TX ua=95 mt=T len=7
PKT t=32907 TX ua=95 mt=P len=0
PKT t=32942 RX ua=95 mt=R len=7
PKT t=33197 TX ua=96 mt=P len=0
PKT t=33455 TX ua=95 mt=P len=0
PKT t=33464 RX ua=95 mt=R len=7
PKT t=33469 TX ua=95 mt=T len=7
PKT t=33481 TX ua=95 mt=P len=0
PKT t=33500 RX ua=95 mt=R len=7
PKT t=33505 TX ua=95 mt=P len=0
PKT t=33514 RX ua=95 mt=R len=7
PKT t=33519 TX ua=95 mt=P len=0
PKT t=33561 RX ua=95 mt=R len=7
PKT t=33566 TX ua=95 mt=P len=0
PKT t=33598 RX ua=95 mt=R len=7
PKT t=33603 TX ua=95 mt=P len=0
PKT t=33612 RX ua=95 mt=R len=7
PKT t=33617 TX ua=95 mt=P len=0
PKT t=33626 RX ua=95 mt=R len=7
PKT t=33631 TX ua=95 mt=P len=0
PKT t=33640 RX ua=95 mt=R len=7
PKT t=33645 TX ua=95 mt=P len=0
PKT t=33654 RX ua=95 mt=R len=7
PKT t=33659 TX ua=95 mt=T len=7
PKT t=33671 TX ua=95 mt=P len=0
PKT t=33716 RX ua=95 mt=R len=7
PKT t=33721 TX ua=95 mt=P len=0
PKT t=33730 RX ua=95 mt=R len=7
PKT t=33735 TX ua=95 mt=P len=0
PKT t=33744 RX ua=95 mt=R len=7
PKT t=33749 TX ua=95 mt=P len=0
PKT t=33758 RX ua=95 mt=R len=7
PKT t=33763 TX ua=95 mt=P len=0
PKT t=33772 RX ua=95 mt=R len=7
PKT t=33777 TX ua=95 mt=P len=0
PKT t=33806 RX ua=95 mt=R len=7
PKT t=33811 TX ua=95 mt=P len=0
PKT t=33820 RX ua=95 mt=R len=7
PKT t=33825 TX ua=95 mt=P len=0
PKT t=33835 RX ua=95 mt=R len=7
PKT t=33871 TX ua=95 mt=P len=0
PKT t=33880 RX ua=95 mt=R len=7
PKT t=33885 TX ua=95 mt=P len=0
PKT t=33914 RX ua=95 mt=R len=7
PKT t=33919 TX ua=95 mt=T len=7
PKT t=33931 TX ua=95 mt=P len=0
PKT t=33940 RX ua=95 mt=R len=7
PKT t=33945 TX ua=95 mt=P len=0
PKT t=33955 RX ua=95 mt=R len=7
PKT t=33960 TX ua=95 mt=P len=0
PKT t=33969 RX ua=95 mt=R len=7
PKT t=33974 TX ua=95 mt=P len=0
PKT t=33983 RX ua=95 mt=R len=7
PKT t=33988 TX ua=95 mt=P len=0
PKT t=34026 RX ua=95 mt=R len=7
PKT t=34031 TX ua=95 mt=P len=0
PKT t=34040 RX ua=95 mt=R len=7
PKT t=34045 TX ua=95 mt=P len=0
PKT t=34054 RX ua=95 mt=R len=7
PKT t=34059 TX ua=95 mt=P len=0
PKT t=34068 RX ua=95 mt=R len=7
PKT t=34073 TX ua=95 mt=P len=0
PKT t=34082 RX ua=95 mt=R len=7
PKT t=34087 TX ua=95 mt=P len=0
PKT t=34117 RX ua=95 mt=R len=7
PKT t=34122 TX ua=95 mt=P len=0
PKT t=34131 RX ua=95 mt=R len=7
PKT t=34136 TX ua=95 mt=P len=0
PKT t=34145 RX ua=95 mt=R len=7
PKT t=34186 TX ua=95 mt=P len=0
PKT t=34217 RX ua=95 mt=R len=7
PKT t=34222 TX ua=95 mt=T len=7
PKT t=34234 TX ua=95 mt=P len=0
PKT t=34243 RX ua=95 mt=R len=7
PKT t=34248 TX ua=95 mt=P len=0
PKT t=34257 RX ua=95 mt=R len=7
PKT t=34262 TX ua=95 mt=P len=0
PKT t=34271 RX ua=95 mt=R len=7
PKT t=34276 TX ua=95 mt=P len=0
PKT t=34285 RX ua=95 mt=R len=7
PKT t=34290 TX ua=95 mt=P len=0
PKT t=34336 RX ua=95 mt=R len=7
PKT t=34341 TX ua=95 mt=T len=7
PKT t=34354 TX ua=95 mt=P len=0
PKT t=34363 RX ua=95 mt=R len=7
PKT t=34368 TX ua=95 mt=T len=7
PKT t=34381 TX ua=95 mt=P len=0
PKT t=34390 RX ua=95 mt=R len=7
PKT t=34395 TX ua=95 mt=P len=0
PKT t=34424 RX ua=95 mt=R len=7
PKT t=34429 TX ua=95 mt=P len=0
PKT t=34438 RX ua=95 mt=R len=7
PKT t=34443 TX ua=95 mt=T len=7
PKT t=34456 TX ua=95 mt=P len=0
PKT t=34491 RX ua=95 mt=R len=7
PKT t=34746 TX ua=96 mt=P len=0
PKT t=35004 TX ua=95 mt=P len=0
PKT t=35014 RX ua=95 mt=R len=7
PKT t=35019 TX ua=95 mt=T len=7
PKT t=35032 TX ua=95 mt=P len=0
PKT t=35041 RX ua=95 mt=R len=7
PKT t=35046 TX ua=95 mt=P len=0
PKT t=35055 RX ua=95 mt=R len=7
PKT t=35060 TX ua=95 mt=P len=0
PKT t=35069 RX ua=95 mt=R len=7
PKT t=35074 TX ua=95 mt=P len=0
PKT t=35111 RX ua=95 mt=R len=7
PKT t=35116 TX ua=95 mt=P len=0
PKT t=35125 RX ua=95 mt=R len=7
PKT t=35130 TX ua=95 mt=P len=0
PKT t=35139 RX ua=95 mt=R len=7
PKT t=35144 TX ua=95 mt=P len=0
PKT t=35153 RX ua=95 mt=R len=7
PKT t=35158 TX ua=95 mt=P len=0
PKT t=35167 RX ua=95 mt=R len=7
PKT t=35172 TX ua=95 mt=P len=0
PKT t=35181 RX ua=95 mt=R len=7
PKT t=35186 TX ua=95 mt=P len=0
PKT t=35195 RX ua=95 mt=R len=7
PKT t=35200 TX ua=95 mt=P len=0
PKT t=35229 RX ua=95 mt=R len=7
PKT t=35266 TX ua=95 mt=T len=7
PKT t=35279 TX ua=95 mt=P len=0
PKT t=35288 RX ua=95 mt=R len=7
PKT t=35293 TX ua=95 mt=P len=0
PKT t=35302 RX ua=95 mt=R len=7
PKT t=35307 TX ua=95 mt=P len=0
PKT t=35336 RX ua=95 mt=R len=7
PKT t=35341 TX ua=95 mt=T len=7
PKT t=35353 TX ua=95 mt=P len=0
PKT t=35362 RX ua=95 mt=R len=7
PKT t=35367 TX ua=95 mt=P len=0
PKT t=35376 RX ua=95 mt=R len=7
PKT t=35381 TX ua=95 mt=P len=0
PKT t=35421 RX ua=95 mt=R len=7
PKT t=35426 TX ua=95 mt=P len=0
PKT t=35436 RX ua=95 mt=R len=7
PKT t=35441 TX ua=95 mt=P len=0
PKT t=35450 RX ua=95 mt=R len=7
PKT t=35455 TX ua=95 mt=P len=0
PKT t=35464 RX ua=95 mt=R len=7
PKT t=35469 TX ua=95 mt=T len=7
PKT t=35481 TX ua=95 mt=P len=0
PKT t=35490 RX ua=95 mt=R len=7
PKT t=35495 TX ua=95 mt=P len=0
PKT t=35504 RX ua=95 mt=R len=7
PKT t=35509 TX ua=95 mt=P len=0
PKT t=35538 RX ua=95 mt=R len=7
PKT t=35576 TX ua=95 mt=P len=0
PKT t=35585 RX ua=95 mt=R len=7
PKT t=35590 TX ua=95 mt=P len=0
PKT t=35599 RX ua=95 mt=R len=7
PKT t=35604 TX ua=95 mt=P len=0
PKT t=35613 RX ua=95 mt=R len=7
PKT t=35618 TX ua=95 mt=P len=0
PKT t=35647 RX ua=95 mt=R len=7
PKT t=35652 TX ua=95 mt=P len=0
PKT t=35661 RX ua=95 mt=R len=7
PKT t=35666 TX ua=95 mt=P len=0
PKT t=35675 RX ua=95 mt=R len=7
PKT t=35680 TX ua=95 mt=P len=0
PKT t=35689 RX ua=95 mt=R len=7
PKT t=35694 TX ua=95 mt=P len=0
PKT t=35731 RX ua=95 mt=R len=7
PKT t=35736 TX ua=95 mt=T len=7
PKT t=35748 TX ua=95 mt=P len=0
PKT t=35757 RX ua=95 mt=R len=7
PKT t=35762 TX ua=95 mt=P len=0
PKT t=35771 RX ua=95 mt=R len=7
PKT t=35776 TX ua=95 mt=P len=0
PKT t=35785 RX ua=95 mt=R len=7
PKT t=35790 TX ua=95 mt=P len=0
PKT t=35799 RX ua=95 mt=R len=7
PKT t=35804 TX ua=95 mt=P len=0
PKT t=35813 RX ua=95 mt=R len=7
PKT t=35818 TX ua=95 mt=P len=0
PKT t=35847 RX ua=95 mt=R len=7
PKT t=35852 TX ua=95 mt=P len=0
PKT t=35887 RX ua=95 mt=R len=7
PKT t=36142 TX ua=96 mt=P len=0
PKT t=36400 TX ua=95 mt=P len=0
PKT t=36409 RX ua=95 mt=R len=7
PKT t=36414 TX ua=95 mt=T len=7
PKT t=36426 TX ua=95 mt=P len=0
PKT t=36449 RX ua=95 mt=R len=7
PKT t=36454 TX ua=95 mt=P len=0
PKT t=36463 RX ua=95 mt=R len=7
PKT t=36468 TX ua=95 mt=P len=0
PKT t=36506 RX ua=95 mt=R len=7
PKT t=36511 TX ua=95 mt=T len=7
PKT t=36523 TX ua=95 mt=P len=0
PKT t=36551 RX ua=95 mt=R len=7
PKT t=36556 TX ua=95 mt=P len=0
PKT t=36566 RX ua=95 mt=R len=7
PKT t=36571 TX ua=95 mt=P len=0
PKT t=36581 RX ua=95 mt=R len=7
PKT t=36586 TX ua=95 mt=P len=0
PKT t=36596 RX ua=95 mt=R len=7
PKT t=36601 TX ua=95 mt=P len=0
PKT t=36611 RX ua=95 mt=R len=7
PKT t=36616 TX ua=95 mt=P len=0
PKT t=36626 RX ua=95 mt=R len=7
PKT t=36661 TX ua=95 mt=P len=0
PKT t=36671 RX ua=95 mt=R len=7
PKT t=36676 TX ua=95 mt=P len=0
PKT t=36686 RX ua=95 mt=R len=7
PKT t=36691 TX ua=95 mt=P len=0
PKT t=36701 RX ua=95 mt=R len=7
PKT t=36706 TX ua=95 mt=P len=0
PKT t=36716 RX ua=95 mt=R len=7
PKT t=36721 TX ua=95 mt=P len=0
PKT t=36731 RX ua=95 mt=R len=7
PKT t=36736 TX ua=95 mt=P len=0
PKT t=36765 RX ua=95 mt=R len=7
PKT t=36770 TX ua=95 mt=T len=7
PKT t=36782 TX ua=95 mt=P len=0
PKT t=36817 RX ua=95 mt=R len=7
PKT t=37072 TX ua=96 mt=P len=0
