PKT t=7351 TX ua=96 mt=P len=0
PKT t=7609 TX ua=95 mt=P len=0
PKT t=7618 RX ua=95 mt=R len=7
PKT t=7623 TX ua=95 mt=T len=7
PKT t=7635 TX ua=95 mt=P len=0
PKT t=7645 RX ua=95 mt=R len=7
PKT t=7650 TX ua=95 mt=T len=7
PKT t=7662 TX ua=95 mt=P len=0
PKT t=7680 RX ua=95 mt=R len=7
PKT t=7685 TX ua=95 mt=P len=0
PKT t=7694 RX ua=95 mt=R len=7
PKT t=7699 TX ua=95 mt=P len=0
PKT t=7708 RX ua=95 mt=R len=7
PKT t=7713 TX ua=95 mt=P len=0
PKT t=7722 RX ua=95 mt=R len=7
PKT t=7727 TX ua=95 mt=P len=0
PKT t=7736 RX ua=95 mt=R len=7
PKT t=7741 TX ua=95 mt=P len=0
PKT t=7750 RX ua=95 mt=R len=7
PKT t=7755 TX ua=95 mt=P len=0
PKT t=7784 RX ua=95 mt=R len=7
PKT t=7789 TX ua=95 mt=P len=0
PKT t=7798 RX ua=95 mt=R len=7
PKT t=7803 TX ua=95 mt=P len=0
PKT t=7812 RX ua=95 mt=R len=7
PKT t=7817 TX ua=95 mt=P len=0
PKT t=7826 RX ua=95 mt=R len=7
PKT t=7831 TX ua=95 mt=P len=0
PKT t=7840 RX ua=95 mt=R len=7
PKT t=7845 TX ua=95 mt=P len=0
PKT t=7854 RX ua=95 mt=R len=7
PKT t=7859 TX ua=95 mt=P len=0
PKT t=7888 RX ua=95 mt=R len=7
PKT t=7893 TX ua=95 mt=T len=7
PKT t=7905 TX ua=95 mt=P len=0
PKT t=7914 RX ua=95 mt=R len=7
PKT t=7919 TX ua=95 mt=P len=0
PKT t=7928 RX ua=95 mt=R len=7
PKT t=7933 TX ua=95 mt=P len=0
PKT t=7942 RX ua=95 mt=R len=7
PKT t=7947 TX ua=95 mt=P len=0
PKT t=7956 RX ua=95 mt=R len=7
PKT t=7961 TX ua=95 mt=P len=0
PKT t=7990 RX ua=95 mt=R len=7
PKT t=7995 TX ua=95 mt=P len=0
PKT t=8008 RX ua=95 mt=R len=7
PKT t=8013 TX ua=95 mt=P len=0
PKT t=8022 RX ua=95 mt=R len=7
PKT t=8027 TX ua=95 mt=P len=0
PKT t=8036 RX ua=95 mt=R len=7
PKT t=8041 TX ua=95 mt=P len=0
PKT t=8096 RX ua=95 mt=R len=7
PKT t=8101 TX ua=95 mt=P len=0
PKT t=8110 RX ua=95 mt=R len=7
PKT t=8115 TX ua=95 mt=P len=0
PKT t=8124 RX ua=95 mt=R len=7
PKT t=8129 TX ua=95 mt=P len=0
PKT t=8138 RX ua=95 mt=R len=7
PKT t=8143 TX ua=95 mt=T len=7
PKT t=8155 TX ua=95 mt=P len=0
PKT t=8164 RX ua=95 mt=R len=7
PKT t=8169 TX ua=95 mt=P len=0
PKT t=8198 RX ua=95 mt=R len=7
PKT t=8203 TX ua=95 mt=P len=0
PKT t=8212 RX ua=95 mt=R len=7
PKT t=8217 TX ua=95 mt=P len=0
PKT t=8226 RX ua=95 mt=R len=7
PKT t=8231 TX ua=95 mt=P len=0
PKT t=8240 RX ua=95 mt=R len=7
PKT t=8245 TX ua=95 mt=P len=0
PKT t=8254 RX ua=95 mt=R len=7
PKT t=8259 TX ua=95 mt=P len=0
PKT t=8268 RX ua=95 mt=R len=7
PKT t=8273 TX ua=95 mt=P len=0
PKT t=8302 RX ua=95 mt=R len=7
PKT t=8307 TX ua=95 mt=P len=0
PKT t=8316 RX ua=95 mt=R len=7
PKT t=8321 TX ua=95 mt=P len=0
PKT t=8330 RX ua=95 mt=R len=7
PKT t=8335 TX ua=95 mt=P len=0
PKT t=8344 RX ua=95 mt=R len=7
PKT t=8349 TX ua=95 mt=P len=0
PKT t=8358 RX ua=95 mt=R len=7
PKT t=8363 TX ua=95 mt=P len=0
PKT t=8372 RX ua=95 mt=R len=7
PKT t=8377 TX ua=95 mt=P len=0
PKT t=8406 RX ua=95 mt=R len=7
PKT t=8411 TX ua=95 mt=T len=7
PKT t=8423 TX ua=95 mt=P len=0
PKT t=8432 RX ua=95 mt=R len=7
PKT t=8437 TX ua=95 mt=P len=0
PKT t=8446 RX ua=95 mt=R len=7
PKT t=8451 TX ua=95 mt=P len=0
PKT t=8460 RX ua=95 mt=R len=7
PKT t=8465 TX ua=95 mt=P len=0
PKT t=8474 RX ua=95 mt=R len=7
PKT t=8479 TX ua=95 mt=P len=0
PKT t=8508 RX ua=95 mt=R len=7
PKT t=8513 TX ua=95 mt=P len=0
PKT t=8522 RX ua=95 mt=R len=7
PKT t=8527 TX ua=95 mt=P len=0
PKT t=8536 RX ua=95 mt=R len=7
PKT t=8541 TX ua=95 mt=P len=0
PKT t=8550 RX ua=95 mt=R len=7
PKT t=8555 TX ua=95 mt=P len=0
PKT t=8564 RX ua=95 mt=R len=7
PKT t=8569 TX ua=95 mt=P len=0
PKT t=8578 RX ua=95 mt=R len=7
PKT t=8583 TX ua=95 mt=P len=0
PKT t=8612 RX ua=95 mt=R len=7
PKT t=8617 TX ua=95 mt=P len=0
PKT t=8626 RX ua=95 mt=R len=7
PKT t=8631 TX ua=95 mt=P len=0
PKT t=8640 RX ua=95 mt=R len=7
PKT t=8645 TX ua=95 mt=T len=7
PKT t=8657 TX ua=95 mt=P len=0
PKT t=8666 RX ua=95 mt=R len=7
PKT t=8671 TX ua=95 mt=P len=0
PKT t=8680 RX ua=95 mt=R len=7
PKT t=8685 TX ua=95 mt=P len=0
PKT t=8714 RX ua=95 mt=R len=7
PKT t=8719 TX ua=95 mt=P len=0
PKT t=8728 RX ua=95 mt=R len=7
PKT t=8733 TX ua=95 mt=P len=0
PKT t=8742 RX ua=95 mt=R len=7
PKT t=8747 TX ua=95 mt=P len=0
PKT t=8756 RX ua=95 mt=R len=7
PKT t=8761 TX ua=95 mt=P len=0
PKT t=8770 RX ua=95 mt=R len=7
PKT t=8775 TX ua=95 mt=P len=0
PKT t=8784 RX ua=95 mt=R len=7
PKT t=8789 TX ua=95 mt=P len=0
PKT t=8818 RX ua=95 mt=R len=7
PKT t=8823 TX ua=95 mt=P len=0
PKT t=8832 RX ua=95 mt=R len=7
PKT t=8837 TX ua=95 mt=P len=0
PKT t=8846 RX ua=95 mt=R len=7
PKT t=8851 TX ua=95 mt=P len=0
PKT t=8860 RX ua=95 mt=R len=7
PKT t=8865 TX ua=95 mt=P len=0
PKT t=8874 RX ua=95 mt=R len=7
PKT t=8879 TX ua=95 mt=P len=0
PKT t=8888 RX ua=95 mt=R len=7
PKT t=8893 TX ua=95 mt=T len=7
PKT t=8905 TX ua=95 mt=P len=0
PKT t=8924 RX ua=95 mt=R len=7
PKT t=8929 TX ua=95 mt=P len=0
PKT t=8938 RX ua=95 mt=R len=7
PKT t=8943 TX ua=95 mt=P len=0
PKT t=8952 RX ua=95 mt=R len=7
PKT t=8957 TX ua=95 mt=P len=0
PKT t=8966 RX ua=95 mt=R len=7
PKT t=8971 TX ua=95 mt=P len=0
PKT t=8980 RX ua=95 mt=R len=7
PKT t=8985 TX ua=95 mt=P len=0
PKT t=8994 RX ua=95 mt=R len=7
PKT t=8999 TX ua=95 mt=P len=0
PKT t=9028 RX ua=95 mt=R len=7
PKT t=9033 TX ua=95 mt=P len=0
PKT t=9042 RX ua=95 mt=R len=7
PKT t=9047 TX ua=95 mt=P len=0
PKT t=9097 RX ua=95 mt=R len=7
PKT t=9352 TX ua=96 mt=I len=13
PKT t=9860 TX ua=96 mt=T len=4
PKT t=9871 TX ua=95 mt=P len=0
PKT t=9880 RX ua=95 mt=R len=7
PKT t=9885 TX ua=95 mt=T len=7
PKT t=9897 TX ua=95 mt=P len=0
PKT t=9928 RX ua=95 mt=R len=7
PKT t=9933 TX ua=95 mt=P len=0
PKT t=9942 RX ua=95 mt=R len=7
PKT t=9947 TX ua=95 mt=P len=0
PKT t=9956 RX ua=95 mt=R len=7
PKT t=9961 TX ua=95 mt=P len=0
PKT t=9970 RX ua=95 mt=R len=7
PKT t=9975 TX ua=95 mt=P len=0
PKT t=9984 RX ua=95 mt=R len=7
PKT t=9989 TX ua=95 mt=P len=0
PKT t=9998 RX ua=95 mt=R len=7
PKT t=10003 TX ua=95 mt=P len=0
PKT t=10032 RX ua=95 mt=R len=7
PKT t=10037 TX ua=95 mt=P len=0
PKT t=10046 RX ua=95 mt=R len=7
PKT t=10096 TX ua=95 mt=P len=0
PKT t=10105 RX ua=95 mt=R len=7
PKT t=10110 TX ua=95 mt=P len=0
PKT t=10144 RX ua=95 mt=R len=7
PKT t=10149 TX ua=95 mt=T len=7
PKT t=10162 TX ua=95 mt=P len=0
PKT t=10171 RX ua=95 mt=R len=7
PKT t=10176 TX ua=95 mt=T len=7
PKT t=10189 TX ua=95 mt=P len=0
PKT t=10198 RX ua=95 mt=R len=7
PKT t=10203 TX ua=95 mt=P len=0
PKT t=10212 RX ua=95 mt=R len=7
PKT t=10217 TX ua=95 mt=P len=0
PKT t=10246 RX ua=95 mt=R len=7
PKT t=10251 TX ua=95 mt=P len=0
PKT t=10260 RX ua=95 mt=R len=7
PKT t=10265 TX ua=95 mt=P len=0
PKT t=10274 RX ua=95 mt=R len=7
PKT t=10279 TX ua=95 mt=P len=0
PKT t=10288 RX ua=95 mt=R len=7
PKT t=10293 TX ua=95 mt=P len=0
PKT t=10302 RX ua=95 mt=R len=7
PKT t=10307 TX ua=95 mt=P len=0
PKT t=10316 RX ua=95 mt=R len=7
PKT t=10321 TX ua=95 mt=P len=0
PKT t=10350 RX ua=95 mt=R len=7
PKT t=10355 TX ua=95 mt=P len=0
PKT t=10364 RX ua=95 mt=R len=7
PKT t=10369 TX ua=95 mt=P len=0
PKT t=10378 RX ua=95 mt=R len=7
PKT t=10383 TX ua=95 mt=P len=0
PKT t=10392 RX ua=95 mt=R len=7
PKT t=10397 TX ua=95 mt=T len=7
PKT t=10410 TX ua=95 mt=P len=0
PKT t=10419 RX ua=95 mt=R len=7
PKT t=10424 TX ua=95 mt=P len=0
PKT t=10453 RX ua=95 mt=R len=7
PKT t=10458 TX ua=95 mt=P len=0
PKT t=10467 RX ua=95 mt=R len=7
PKT t=10472 TX ua=95 mt=P len=0
PKT t=10481 RX ua=95 mt=R len=7
PKT t=10486 TX ua=95 mt=P len=0
PKT t=10495 RX ua=95 mt=R len=7
PKT t=10500 TX ua=95 mt=P len=0
PKT t=10509 RX ua=95 mt=R len=7
PKT t=10514 TX ua=95 mt=P len=0
PKT t=10523 RX ua=95 mt=R len=7
PKT t=10528 TX ua=95 mt=P len=0
PKT t=10557 RX ua=95 mt=R len=7
PKT t=10562 TX ua=95 mt=P len=0
PKT t=10571 RX ua=95 mt=R len=7
PKT t=10576 TX ua=95 mt=P len=0
PKT t=10585 RX ua=95 mt=R len=7
PKT t=10590 TX ua=95 mt=P len=0
PKT t=10599 RX ua=95 mt=R len=7
PKT t=10604 TX ua=95 mt=P len=0
PKT t=10613 RX ua=95 mt=R len=7
PKT t=10618 TX ua=95 mt=P len=0
PKT t=10627 RX ua=95 mt=R len=7
PKT t=10632 TX ua=95 mt=P len=0
PKT t=10661 RX ua=95 mt=R len=7
PKT t=10666 TX ua=95 mt=T len=7
PKT t=10679 TX ua=95 mt=P len=0
PKT t=10688 RX ua=95 mt=R len=7
PKT t=10693 TX ua=95 mt=P len=0
PKT t=10702 RX ua=95 mt=R len=7
PKT t=10707 TX ua=95 mt=P len=0
PKT t=10716 RX ua=95 mt=R len=7
PKT t=10721 TX ua=95 mt=P len=0
PKT t=10730 RX ua=95 mt=R len=7
PKT t=10735 TX ua=95 mt=P len=0
PKT t=10764 RX ua=95 mt=R len=7
PKT t=10769 TX ua=95 mt=P len=0
PKT t=10778 RX ua=95 mt=R len=7
PKT t=10783 TX ua=95 mt=P len=0
PKT t=10792 RX ua=95 mt=R len=7
PKT t=10797 TX ua=95 mt=P len=0
PKT t=10806 RX ua=95 mt=R len=7
PKT t=10811 TX ua=95 mt=P len=0
PKT t=10820 RX ua=95 mt=R len=7
PKT t=10825 TX ua=95 mt=P len=0
PKT t=10834 RX ua=95 mt=R len=7
PKT t=10839 TX ua=95 mt=P len=0
PKT t=10868 RX ua=95 mt=R len=7
PKT t=10873 TX ua=95 mt=P len=0
PKT t=10882 RX ua=95 mt=R len=7
PKT t=10887 TX ua=95 mt=P len=0
PKT t=10896 RX ua=95 mt=R len=7
PKT t=10901 TX ua=95 mt=T len=7
PKT t=10914 TX ua=95 mt=P len=0
PKT t=10923 RX ua=95 mt=R len=7
PKT t=10928 TX ua=95 mt=P len=0
PKT t=10937 RX ua=95 mt=R len=7
PKT t=10942 TX ua=95 mt=P len=0
PKT t=10971 RX ua=95 mt=R len=7
PKT t=10976 TX ua=95 mt=P len=0
PKT t=10985 RX ua=95 mt=R len=7
PKT t=10990 TX ua=95 mt=P len=0
PKT t=10999 RX ua=95 mt=R len=7
PKT t=11004 TX ua=95 mt=P len=0
PKT t=11013 RX ua=95 mt=R len=7
PKT t=11018 TX ua=95 mt=P len=0
PKT t=11027 RX ua=95 mt=R len=7
PKT t=11032 TX ua=95 mt=P len=0
PKT t=11041 RX ua=95 mt=R len=7
PKT t=11046 TX ua=95 mt=P len=0
PKT t=11096 RX ua=95 mt=R len=7
PKT t=11351 TX ua=96 mt=P len=0
PKT t=11609 TX ua=95 mt=P len=0
PKT t=11618 RX ua=95 mt=R len=7
PKT t=11623 TX ua=95 mt=T len=7
PKT t=11635 TX ua=95 mt=P len=0
PKT t=11645 RX ua=95 mt=R len=7
PKT t=11650 TX ua=95 mt=T len=7
PKT t=11662 TX ua=95 mt=P len=0
PKT t=11680 RX ua=95 mt=R len=7
PKT t=11685 TX ua=95 mt=P len=0
PKT t=11694 RX ua=95 mt=R len=7
PKT t=11699 TX ua=95 mt=P len=0
PKT t=11708 RX ua=95 mt=R len=7
PKT t=11713 TX ua=95 mt=P len=0
PKT t=11722 RX ua=95 mt=R len=7
PKT t=11727 TX ua=95 mt=P len=0
PKT t=11736 RX ua=95 mt=R len=7
PKT t=11741 TX ua=95 mt=P len=0
PKT t=11750 RX ua=95 mt=R len=7
PKT t=11755 TX ua=95 mt=P len=0
PKT t=11784 RX ua=95 mt=R len=7
PKT t=11789 TX ua=95 mt=P len=0
PKT t=11798 RX ua=95 mt=R len=7
PKT t=11803 TX ua=95 mt=P len=0
PKT t=11812 RX ua=95 mt=R len=7
PKT t=11817 TX ua=95 mt=P len=0
PKT t=11826 RX ua=95 mt=R len=7
PKT t=11831 TX ua=95 mt=P len=0
PKT t=11840 RX ua=95 mt=R len=7
PKT t=11845 TX ua=95 mt=P len=0
PKT t=11854 RX ua=95 mt=R len=7
PKT t=11859 TX ua=95 mt=P len=0
PKT t=11888 RX ua=95 mt=R len=7
PKT t=11893 TX ua=95 mt=T len=7
PKT t=11905 TX ua=95 mt=P len=0
PKT t=11914 RX ua=95 mt=R len=7
PKT t=11919 TX ua=95 mt=P len=0
PKT t=11928 RX ua=95 mt=R len=7
PKT t=11933 TX ua=95 mt=P len=0
PKT t=11942 RX ua=95 mt=R len=7
PKT t=11947 TX ua=95 mt=P len=0
PKT t=11956 RX ua=95 mt=R len=7
PKT t=11961 TX ua=95 mt=P len=0
PKT t=11990 RX ua=95 mt=R len=7
PKT t=11995 TX ua=95 mt=P len=0
PKT t=12004 RX ua=95 mt=R len=7
PKT t=12010 TX ua=95 mt=P len=0
PKT t=12019 RX ua=95 mt=R len=7
PKT t=12024 TX ua=95 mt=P len=0
PKT t=12033 RX ua=95 mt=R len=7
PKT t=12038 TX ua=95 mt=P len=0
PKT t=12096 RX ua=95 mt=R len=7
PKT t=12101 TX ua=95 mt=P len=0
PKT t=12110 RX ua=95 mt=R len=7
PKT t=12115 TX ua=95 mt=P len=0
PKT t=12124 RX ua=95 mt=R len=7
PKT t=12129 TX ua=95 mt=P len=0
PKT t=12138 RX ua=95 mt=R len=7
PKT t=12143 TX ua=95 mt=T len=7
PKT t=12155 TX ua=95 mt=P len=0
PKT t=12164 RX ua=95 mt=R len=7
PKT t=12169 TX ua=95 mt=P len=0
PKT t=12198 RX ua=95 mt=R len=7
PKT t=12203 TX ua=95 mt=P len=0
PKT t=12212 RX ua=95 mt=R len=7
PKT t=12217 TX ua=95 mt=P len=0
PKT t=12226 RX ua=95 mt=R len=7
PKT t=12231 TX ua=95 mt=P len=0
PKT t=12240 RX ua=95 mt=R len=7
PKT t=12245 TX ua=95 mt=P len=0
PKT t=12254 RX ua=95 mt=R len=7
PKT t=12259 TX ua=95 mt=P len=0
PKT t=12268 RX ua=95 mt=R len=7
PKT t=12273 TX ua=95 mt=P len=0
PKT t=12302 RX ua=95 mt=R len=7
PKT t=12307 TX ua=95 mt=P len=0
PKT t=12316 RX ua=95 mt=R len=7
PKT t=12321 TX ua=95 mt=P len=0
PKT t=12330 RX ua=95 mt=R len=7
PKT t=12335 TX ua=95 mt=P len=0
PKT t=12344 RX ua=95 mt=R len=7
PKT t=12349 TX ua=95 mt=P len=0
PKT t=12358 RX ua=95 mt=R len=7
PKT t=12363 TX ua=95 mt=P len=0
PKT t=12372 RX ua=95 mt=R len=7
PKT t=12377 TX ua=95 mt=P len=0
PKT t=12406 RX ua=95 mt=R len=7
PKT t=12411 TX ua=95 mt=T len=7
PKT t=12423 TX ua=95 mt=P len=0
PKT t=12432 RX ua=95 mt=R len=7
PKT t=12437 TX ua=95 mt=P len=0
PKT t=12446 RX ua=95 mt=R len=7
PKT t=12451 TX ua=95 mt=P len=0
PKT t=12460 RX ua=95 mt=R len=7
PKT t=12465 TX ua=95 mt=P len=0
PKT t=12474 RX ua=95 mt=R len=7
PKT t=12479 TX ua=95 mt=P len=0
PKT t=12508 RX ua=95 mt=R len=7
PKT t=12513 TX ua=95 mt=P len=0
PKT t=12522 RX ua=95 mt=R len=7
PKT t=12527 TX ua=95 mt=P len=0
PKT t=12536 RX ua=95 mt=R len=7
PKT t=12541 TX ua=95 mt=P len=0
PKT t=12550 RX ua=95 mt=R len=7
PKT t=12555 TX ua=95 mt=P len=0
PKT t=12564 RX ua=95 mt=R len=7
PKT t=12569 TX ua=95 mt=P len=0
PKT t=12578 RX ua=95 mt=R len=7
PKT t=12583 TX ua=95 mt=P len=0
PKT t=12612 RX ua=95 mt=R len=7
PKT t=12617 TX ua=95 mt=P len=0
PKT t=12626 RX ua=95 mt=R len=7
PKT t=12631 TX ua=95 mt=P len=0
PKT t=12640 RX ua=95 mt=R len=7
PKT t=12645 TX ua=95 mt=T len=7
PKT t=12657 TX ua=95 mt=P len=0
PKT t=12666 RX ua=95 mt=R len=7
PKT t=12671 TX ua=95 mt=P len=0
PKT t=12680 RX ua=95 mt=R len=7
PKT t=12685 TX ua=95 mt=P len=0
PKT t=12714 RX ua=95 mt=R len=7
PKT t=12719 TX ua=95 mt=P len=0
PKT t=12728 RX ua=95 mt=R len=7
PKT t=12733 TX ua=95 mt=P len=0
PKT t=12742 RX ua=95 mt=R len=7
PKT t=12747 TX ua=95 mt=P len=0
PKT t=12756 RX ua=95 mt=R len=7
PKT t=12761 TX ua=95 mt=P len=0
PKT t=12770 RX ua=95 mt=R len=7
PKT t=12775 TX ua=95 mt=P len=0
PKT t=12784 RX ua=95 mt=R len=7
PKT t=12789 TX ua=95 mt=P len=0
PKT t=12818 RX ua=95 mt=R len=7
PKT t=12823 TX ua=95 mt=P len=0
PKT t=12832 RX ua=95 mt=R len=7
PKT t=12837 TX ua=95 mt=P len=0
PKT t=12846 RX ua=95 mt=R len=7
PKT t=12851 TX ua=95 mt=P len=0
PKT t=12860 RX ua=95 mt=R len=7
PKT t=12865 TX ua=95 mt=P len=0
PKT t=12874 RX ua=95 mt=R len=7
PKT t=12879 TX ua=95 mt=P len=0
PKT t=12888 RX ua=95 mt=R len=7
PKT t=12893 TX ua=95 mt=T len=7
PKT t=12905 TX ua=95 mt=P len=0
PKT t=12924 RX ua=95 mt=R len=7
PKT t=12929 TX ua=95 mt=P len=0
PKT t=12938 RX ua=95 mt=R len=7
PKT t=12943 TX ua=95 mt=P len=0
PKT t=12952 RX ua=95 mt=R len=7
PKT t=12957 TX ua=95 mt=P len=0
PKT t=12966 RX ua=95 mt=R len=7
PKT t=12971 TX ua=95 mt=P len=0
PKT t=12980 RX ua=95 mt=R len=7
PKT t=12985 TX ua=95 mt=P len=0
PKT t=12994 RX ua=95 mt=R len=7
PKT t=12999 TX ua=95 mt=P len=0
PKT t=13028 RX ua=95 mt=R len=7
PKT t=13033 TX ua=95 mt=P len=0
PKT t=13042 RX ua=95 mt=R len=7
PKT t=13047 TX ua=95 mt=P len=0
PKT t=13097 RX ua=95 mt=R len=7
PKT t=13352 TX ua=96 mt=P len=0
PKT t=13610 TX ua=95 mt=P len=0
PKT t=13619 RX ua=95 mt=R len=7
PKT t=13624 TX ua=95 mt=T len=7
PKT t=13637 TX ua=95 mt=P len=0
PKT t=13647 RX ua=95 mt=R len=7
PKT t=13652 TX ua=95 mt=T len=7
PKT t=13665 TX ua=95 mt=P len=0
PKT t=13674 RX ua=95 mt=R len=7
PKT t=13679 TX ua=95 mt=P len=0
PKT t=13688 RX ua=95 mt=R len=7
PKT t=13693 TX ua=95 mt=P len=0
PKT t=13702 RX ua=95 mt=R len=7
PKT t=13707 TX ua=95 mt=P len=0
PKT t=13736 RX ua=95 mt=R len=7
PKT t=13741 TX ua=95 mt=P len=0
PKT t=13750 RX ua=95 mt=R len=7
PKT t=13755 TX ua=95 mt=P len=0
PKT t=13764 RX ua=95 mt=R len=7
PKT t=13769 TX ua=95 mt=P len=0
PKT t=13778 RX ua=95 mt=R len=7
PKT t=13783 TX ua=95 mt=P len=0
PKT t=13792 RX ua=95 mt=R len=7
PKT t=13797 TX ua=95 mt=P len=0
PKT t=13806 RX ua=95 mt=R len=7
PKT t=13811 TX ua=95 mt=P len=0
PKT t=13840 RX ua=95 mt=R len=7
PKT t=13845 TX ua=95 mt=P len=0
PKT t=13855 RX ua=95 mt=R len=7
PKT t=13860 TX ua=95 mt=P len=0
PKT t=13869 RX ua=95 mt=R len=7
PKT t=13874 TX ua=95 mt=P len=0
PKT t=13883 RX ua=95 mt=R len=7
PKT t=13888 TX ua=95 mt=P len=0
PKT t=13897 RX ua=95 mt=R len=7
PKT t=13902 TX ua=95 mt=T len=7
PKT t=13915 TX ua=95 mt=P len=0
PKT t=13943 RX ua=95 mt=R len=7
PKT t=13948 TX ua=95 mt=P len=0
PKT t=13957 RX ua=95 mt=R len=7
PKT t=13962 TX ua=95 mt=P len=0
PKT t=13971 RX ua=95 mt=R len=7
PKT t=13976 TX ua=95 mt=P len=0
PKT t=13985 RX ua=95 mt=R len=7
PKT t=13990 TX ua=95 mt=P len=0
PKT t=14000 RX ua=95 mt=R len=7
PKT t=14005 TX ua=95 mt=P len=0
PKT t=14014 RX ua=95 mt=R len=7
PKT t=14019 TX ua=95 mt=P len=0
PKT t=14096 RX ua=95 mt=R len=7
PKT t=14101 TX ua=95 mt=P len=0
PKT t=14110 RX ua=95 mt=R len=7
PKT t=14115 TX ua=95 mt=P len=0
PKT t=14153 RX ua=95 mt=R len=7
PKT t=14158 TX ua=95 mt=T len=7
PKT t=14170 TX ua=95 mt=P len=0
PKT t=14179 RX ua=95 mt=R len=7
PKT t=14184 TX ua=95 mt=P len=0
PKT t=14193 RX ua=95 mt=R len=7
PKT t=14198 TX ua=95 mt=P len=0
PKT t=14207 RX ua=95 mt=R len=7
PKT t=14212 TX ua=95 mt=P len=0
PKT t=14221 RX ua=95 mt=R len=7
PKT t=14226 TX ua=95 mt=P len=0
PKT t=14255 RX ua=95 mt=R len=7
PKT t=14260 TX ua=95 mt=P len=0
PKT t=14269 RX ua=95 mt=R len=7
PKT t=14274 TX ua=95 mt=P len=0
PKT t=14283 RX ua=95 mt=R len=7
PKT t=14288 TX ua=95 mt=P len=0
PKT t=14297 RX ua=95 mt=R len=7
PKT t=14302 TX ua=95 mt=P len=0
PKT t=14311 RX ua=95 mt=R len=7
PKT t=14316 TX ua=95 mt=P len=0
PKT t=14325 RX ua=95 mt=R len=7
PKT t=14330 TX ua=95 mt=P len=0
PKT t=14359 RX ua=95 mt=R len=7
PKT t=14364 TX ua=95 mt=P len=0
PKT t=14373 RX ua=95 mt=R len=7
PKT t=14378 TX ua=95 mt=P len=0
PKT t=14387 RX ua=95 mt=R len=7
PKT t=14392 TX ua=95 mt=T len=7
PKT t=14404 TX ua=95 mt=P len=0
PKT t=14413 RX ua=95 mt=R len=7
PKT t=14418 TX ua=95 mt=P len=0
PKT t=14428 RX ua=95 mt=R len=7
PKT t=14433 TX ua=95 mt=P len=0
PKT t=14462 RX ua=95 mt=R len=7
PKT t=14467 TX ua=95 mt=P len=0
PKT t=14476 RX ua=95 mt=R len=7
PKT t=14481 TX ua=95 mt=P len=0
PKT t=14490 RX ua=95 mt=R len=7
PKT t=14495 TX ua=95 mt=P len=0
PKT t=14504 RX ua=95 mt=R len=7
PKT t=14509 TX ua=95 mt=P len=0
PKT t=14518 RX ua=95 mt=R len=7
PKT t=14523 TX ua=95 mt=P len=0
PKT t=14532 RX ua=95 mt=R len=7
PKT t=14537 TX ua=95 mt=P len=0
PKT t=14566 RX ua=95 mt=R len=7
PKT t=14571 TX ua=95 mt=P len=0
PKT t=14580 RX ua=95 mt=R len=7
PKT t=14585 TX ua=95 mt=P len=0
PKT t=14594 RX ua=95 mt=R len=7
PKT t=14599 TX ua=95 mt=P len=0
PKT t=14609 RX ua=95 mt=R len=7
PKT t=14614 TX ua=95 mt=P len=0
PKT t=14623 RX ua=95 mt=R len=7
PKT t=14628 TX ua=95 mt=P len=0
PKT t=14637 RX ua=95 mt=R len=7
PKT t=14642 TX ua=95 mt=T len=7
PKT t=14654 TX ua=95 mt=P len=0
PKT t=14673 RX ua=95 mt=R len=7
PKT t=14678 TX ua=95 mt=P len=0
PKT t=14687 RX ua=95 mt=R len=7
PKT t=14692 TX ua=95 mt=P len=0
PKT t=14701 RX ua=95 mt=R len=7
PKT t=14706 TX ua=95 mt=P len=0
PKT t=14716 RX ua=95 mt=R len=7
PKT t=14721 TX ua=95 mt=P len=0
PKT t=14730 RX ua=95 mt=R len=7
PKT t=14735 TX ua=95 mt=P len=0
PKT t=14744 RX ua=95 mt=R len=7
PKT t=14749 TX ua=95 mt=P len=0
PKT t=14778 RX ua=95 mt=R len=7
PKT t=14783 TX ua=95 mt=P len=0
PKT t=14792 RX ua=95 mt=R len=7
PKT t=14797 TX ua=95 mt=P len=0
PKT t=14806 RX ua=95 mt=R len=7
PKT t=14811 TX ua=95 mt=P len=0
PKT t=14820 RX ua=95 mt=R len=7
PKT t=14825 TX ua=95 mt=P len=0
PKT t=14834 RX ua=95 mt=R len=7
PKT t=14839 TX ua=95 mt=P len=0
PKT t=14848 RX ua=95 mt=R len=7
PKT t=14853 TX ua=95 mt=P len=0
PKT t=14883 RX ua=95 mt=R len=7
PKT t=14888 TX ua=95 mt=P len=0
PKT t=14897 RX ua=95 mt=R len=7
PKT t=14902 TX ua=95 mt=T len=7
PKT t=14914 TX ua=95 mt=P len=0
PKT t=14923 RX ua=95 mt=R len=7
PKT t=14928 TX ua=95 mt=P len=0
PKT t=14937 RX ua=95 mt=R len=7
PKT t=14942 TX ua=95 mt=P len=0
PKT t=14951 RX ua=95 mt=R len=7
PKT t=14956 TX ua=95 mt=P len=0
PKT t=14985 RX ua=95 mt=R len=7
PKT t=14990 TX ua=95 mt=P len=0
PKT t=14999 RX ua=95 mt=R len=7
PKT t=15004 TX ua=95 mt=P len=0
PKT t=15013 RX ua=95 mt=R len=7
PKT t=15018 TX ua=95 mt=P len=0
PKT t=15027 RX ua=95 mt=R len=7
PKT t=15032 TX ua=95 mt=P len=0
PKT t=15041 RX ua=95 mt=R len=7
PKT t=15046 TX ua=95 mt=P len=0
PKT t=15096 RX ua=95 mt=R len=7
PKT t=15351 TX ua=96 mt=P len=0
PKT t=15609 TX ua=95 mt=P len=0
PKT t=15618 RX ua=95 mt=R len=7
PKT t=15623 TX ua=95 mt=T len=7
PKT t=15635 TX ua=95 mt=P len=0
PKT t=15645 RX ua=95 mt=R len=7
PKT t=15650 TX ua=95 mt=T len=7
PKT t=15662 TX ua=95 mt=P len=0
PKT t=15690 RX ua=95 mt=R len=7
PKT t=15695 TX ua=95 mt=P len=0
PKT t=15704 RX ua=95 mt=R len=7
PKT t=15709 TX ua=95 mt=P len=0
PKT t=15719 RX ua=95 mt=R len=7
PKT t=15724 TX ua=95 mt=P len=0
PKT t=15733 RX ua=95 mt=R len=7
PKT t=15738 TX ua=95 mt=P len=0
PKT t=15747 RX ua=95 mt=R len=7
PKT t=15752 TX ua=95 mt=P len=0
PKT t=15761 RX ua=95 mt=R len=7
PKT t=15766 TX ua=95 mt=P len=0
PKT t=15795 RX ua=95 mt=R len=7
PKT t=15800 TX ua=95 mt=P len=0
PKT t=15809 RX ua=95 mt=R len=7
PKT t=15814 TX ua=95 mt=P len=0
PKT t=15823 RX ua=95 mt=R len=7
PKT t=15828 TX ua=95 mt=P len=0
PKT t=15837 RX ua=95 mt=R len=7
PKT t=15842 TX ua=95 mt=P len=0
PKT t=15851 RX ua=95 mt=R len=7
PKT t=15856 TX ua=95 mt=P len=0
PKT t=15865 RX ua=95 mt=R len=7
PKT t=15870 TX ua=95 mt=P len=0
PKT t=15899 RX ua=95 mt=R len=7
PKT t=15904 TX ua=95 mt=T len=7
PKT t=15916 TX ua=95 mt=P len=0
PKT t=15925 RX ua=95 mt=R len=7
PKT t=15930 TX ua=95 mt=P len=0
PKT t=15939 RX ua=95 mt=R len=7
PKT t=15944 TX ua=95 mt=P len=0
PKT t=15953 RX ua=95 mt=R len=7
PKT t=15958 TX ua=95 mt=P len=0
PKT t=15967 RX ua=95 mt=R len=7
PKT t=15972 TX ua=95 mt=P len=0
PKT t=16001 RX ua=95 mt=R len=7
PKT t=16006 TX ua=95 mt=P len=0
PKT t=16015 RX ua=95 mt=R len=7
PKT t=16020 TX ua=95 mt=P len=0
PKT t=16029 RX ua=95 mt=R len=7
PKT t=16034 TX ua=95 mt=P len=0
PKT t=16043 RX ua=95 mt=R len=7
PKT t=16096 TX ua=95 mt=P len=0
PKT t=16105 RX ua=95 mt=R len=7
PKT t=16110 TX ua=95 mt=P len=0
PKT t=16119 RX ua=95 mt=R len=7
PKT t=16124 TX ua=95 mt=P len=0
PKT t=16133 RX ua=95 mt=R len=7
PKT t=16138 TX ua=95 mt=P len=0
PKT t=16147 RX ua=95 mt=R len=7
PKT t=16152 TX ua=95 mt=T len=7
PKT t=16164 TX ua=95 mt=P len=0
PKT t=16173 RX ua=95 mt=R len=7
PKT t=16178 TX ua=95 mt=P len=0
PKT t=16207 RX ua=95 mt=R len=7
PKT t=16212 TX ua=95 mt=P len=0
PKT t=16221 RX ua=95 mt=R len=7
PKT t=16226 TX ua=95 mt=P len=0
PKT t=16235 RX ua=95 mt=R len=7
PKT t=16240 TX ua=95 mt=P len=0
PKT t=16249 RX ua=95 mt=R len=7
PKT t=16254 TX ua=95 mt=P len=0
PKT t=16263 RX ua=95 mt=R len=7
PKT t=16268 TX ua=95 mt=P len=0
PKT t=16277 RX ua=95 mt=R len=7
PKT t=16282 TX ua=95 mt=P len=0
PKT t=16311 RX ua=95 mt=R len=7
PKT t=16316 TX ua=95 mt=P len=0
PKT t=16325 RX ua=95 mt=R len=7
PKT t=16330 TX ua=95 mt=P len=0
PKT t=16339 RX ua=95 mt=R len=7
PKT t=16344 TX ua=95 mt=P len=0
PKT t=16353 RX ua=95 mt=R len=7
PKT t=16358 TX ua=95 mt=P len=0
PKT t=16367 RX ua=95 mt=R len=7
PKT t=16372 TX ua=95 mt=P len=0
PKT t=16381 RX ua=95 mt=R len=7
PKT t=16386 TX ua=95 mt=P len=0
PKT t=16415 RX ua=95 mt=R len=7
PKT t=16420 TX ua=95 mt=T len=7
PKT t=16432 TX ua=95 mt=P len=0
PKT t=16441 RX ua=95 mt=R len=7
PKT t=16446 TX ua=95 mt=P len=0
PKT t=16455 RX ua=95 mt=R len=7
PKT t=16460 TX ua=95 mt=P len=0
PKT t=16469 RX ua=95 mt=R len=7
PKT t=16474 TX ua=95 mt=P len=0
PKT t=16483 RX ua=95 mt=R len=7
PKT t=16488 TX ua=95 mt=P len=0
PKT t=16517 RX ua=95 mt=R len=7
PKT t=16522 TX ua=95 mt=P len=0
PKT t=16531 RX ua=95 mt=R len=7
PKT t=16536 TX ua=95 mt=P len=0
PKT t=16545 RX ua=95 mt=R len=7
PKT t=16550 TX ua=95 mt=P len=0
PKT t=16559 RX ua=95 mt=R len=7
PKT t=16564 TX ua=95 mt=P len=0
PKT t=16573 RX ua=95 mt=R len=7
PKT t=16578 TX ua=95 mt=P len=0
PKT t=16587 RX ua=95 mt=R len=7
PKT t=16592 TX ua=95 mt=P len=0
PKT t=16621 RX ua=95 mt=R len=7
PKT t=16626 TX ua=95 mt=P len=0
PKT t=16635 RX ua=95 mt=R len=7
PKT t=16640 TX ua=95 mt=T len=7
PKT t=16652 TX ua=95 mt=P len=0
PKT t=16661 RX ua=95 mt=R len=7
PKT t=16666 TX ua=95 mt=P len=0
PKT t=16675 RX ua=95 mt=R len=7
PKT t=16680 TX ua=95 mt=P len=0
PKT t=16689 RX ua=95 mt=R len=7
PKT t=16694 TX ua=95 mt=P len=0
PKT t=16723 RX ua=95 mt=R len=7
PKT t=16728 TX ua=95 mt=P len=0
PKT t=16737 RX ua=95 mt=R len=7
PKT t=16742 TX ua=95 mt=P len=0
PKT t=16751 RX ua=95 mt=R len=7
PKT t=16756 TX ua=95 mt=P len=0
PKT t=16765 RX ua=95 mt=R len=7
PKT t=16770 TX ua=95 mt=P len=0
PKT t=16779 RX ua=95 mt=R len=7
PKT t=16784 TX ua=95 mt=P len=0
PKT t=16793 RX ua=95 mt=R len=7
PKT t=16798 TX ua=95 mt=P len=0
PKT t=16827 RX ua=95 mt=R len=7
PKT t=16832 TX ua=95 mt=P len=0
PKT t=16841 RX ua=95 mt=R len=7
PKT t=16846 TX ua=95 mt=P len=0
PKT t=16855 RX ua=95 mt=R len=7
PKT t=16860 TX ua=95 mt=P len=0
PKT t=16869 RX ua=95 mt=R len=7
PKT t=16874 TX ua=95 mt=P len=0
PKT t=16883 RX ua=95 mt=R len=7
PKT t=16888 TX ua=95 mt=P len=0
PKT t=16897 RX ua=95 mt=R len=7
PKT t=16902 TX ua=95 mt=T len=7
PKT t=16914 TX ua=95 mt=P len=0
PKT t=16933 RX ua=95 mt=R len=7
PKT t=16938 TX ua=95 mt=P len=0
PKT t=16947 RX ua=95 mt=R len=7
PKT t=16952 TX ua=95 mt=P len=0
PKT t=16961 RX ua=95 mt=R len=7
PKT t=16966 TX ua=95 mt=P len=0
PKT t=16975 RX ua=95 mt=R len=7
PKT t=16980 TX ua=95 mt=P len=0
PKT t=16989 RX ua=95 mt=R len=7
PKT t=16994 TX ua=95 mt=P len=0
PKT t=17003 RX ua=95 mt=R len=7
PKT t=17008 TX ua=95 mt=P len=0
PKT t=17037 RX ua=95 mt=R len=7
PKT t=17042 TX ua=95 mt=P len=0
PKT t=17096 RX ua=95 mt=R len=7
PKT t=17101 TX ua=95 mt=P len=0
PKT t=17110 RX ua=95 mt=R len=7
PKT t=17115 TX ua=95 mt=P len=0
PKT t=17145 RX ua=95 mt=R len=7
PKT t=17150 TX ua=95 mt=T len=7
PKT t=17162 TX ua=95 mt=P len=0
PKT t=17171 RX ua=95 mt=R len=7
PKT t=17176 TX ua=95 mt=P len=0
PKT t=17185 RX ua=95 mt=R len=7
PKT t=17190 TX ua=95 mt=P len=0
PKT t=17199 RX ua=95 mt=R len=7
PKT t=17204 TX ua=95 mt=P len=0
PKT t=17213 RX ua=95 mt=R len=7
PKT t=17218 TX ua=95 mt=P len=0
PKT t=17247 RX ua=95 mt=R len=7
PKT t=17252 TX ua=95 mt=P len=0
PKT t=17261 RX ua=95 mt=R len=7
PKT t=17266 TX ua=95 mt=P len=0
PKT t=17275 RX ua=95 mt=R len=7
PKT t=17280 TX ua=95 mt=P len=0
PKT t=17289 RX ua=95 mt=R len=7
PKT t=17294 TX ua=95 mt=P len=0
PKT t=17303 RX ua=95 mt=R len=7
PKT t=17308 TX ua=95 mt=P len=0
PKT t=17317 RX ua=95 mt=R len=7
PKT t=17322 TX ua=95 mt=P len=0
PKT t=17351 RX ua=95 mt=R len=7
PKT t=17356 TX ua=95 mt=P len=0
PKT t=17365 RX ua=95 mt=R len=7
PKT t=17370 TX ua=95 mt=P len=0
PKT t=17379 RX ua=95 mt=R len=7
PKT t=17384 TX ua=95 mt=P len=0
PKT t=17393 RX ua=95 mt=R len=7
PKT t=17398 TX ua=95 mt=T len=7
PKT t=17410 TX ua=95 mt=P len=0
PKT t=17420 RX ua=95 mt=R len=7
PKT t=17425 TX ua=95 mt=P len=0
PKT t=17454 RX ua=95 mt=R len=7
PKT t=17459 TX ua=95 mt=P len=0
PKT t=17469 RX ua=95 mt=R len=7
PKT t=17474 TX ua=95 mt=P len=0
PKT t=17484 RX ua=95 mt=R len=7
PKT t=17489 TX ua=95 mt=P len=0
PKT t=17499 RX ua=95 mt=R len=7
PKT t=17504 TX ua=95 mt=P len=0
PKT t=17514 RX ua=95 mt=R len=7
PKT t=17519 TX ua=95 mt=P len=0
PKT t=17529 RX ua=95 mt=R len=7
PKT t=17534 TX ua=95 mt=P len=0
PKT t=17563 RX ua=95 mt=R len=7
PKT t=17568 TX ua=95 mt=P len=0
PKT t=17578 RX ua=95 mt=R len=7
PKT t=17583 TX ua=95 mt=P len=0
PKT t=17593 RX ua=95 mt=R len=7
PKT t=17598 TX ua=95 mt=P len=0
PKT t=17608 RX ua=95 mt=R len=7
PKT t=17613 TX ua=95 mt=P len=0
PKT t=17623 RX ua=95 mt=R len=7
PKT t=17628 TX ua=95 mt=P len=0
PKT t=17638 RX ua=95 mt=R len=7
PKT t=17643 TX ua=95 mt=T len=7
PKT t=17655 TX ua=95 mt=P len=0
PKT t=17673 RX ua=95 mt=R len=7
PKT t=17678 TX ua=95 mt=P len=0
PKT t=17687 RX ua=95 mt=R len=7
PKT t=17692 TX ua=95 mt=P len=0
PKT t=17701 RX ua=95 mt=R len=7
PKT t=17706 TX ua=95 mt=P len=0
PKT t=17715 RX ua=95 mt=R len=7
PKT t=17720 TX ua=95 mt=P len=0
PKT t=17729 RX ua=95 mt=R len=7
PKT t=17734 TX ua=95 mt=P len=0
PKT t=17743 RX ua=95 mt=R len=7
PKT t=17748 TX ua=95 mt=P len=0
PKT t=17777 RX ua=95 mt=R len=7
PKT t=17782 TX ua=95 mt=P len=0
PKT t=17791 RX ua=95 mt=R len=7
PKT t=17796 TX ua=95 mt=P len=0
PKT t=17805 RX ua=95 mt=R len=7
PKT t=17810 TX ua=95 mt=P len=0
PKT t=17819 RX ua=95 mt=R len=7
PKT t=17824 TX ua=95 mt=P len=0
PKT t=17833 RX ua=95 mt=R len=7
PKT t=17838 TX ua=95 mt=P len=0
PKT t=17847 RX ua=95 mt=R len=7
PKT t=17852 TX ua=95 mt=P len=0
PKT t=17881 RX ua=95 mt=R len=7
PKT t=17886 TX ua=95 mt=P len=0
PKT t=17895 RX ua=95 mt=R len=7
PKT t=17900 TX ua=95 mt=T len=7
PKT t=17912 TX ua=95 mt=P len=0
PKT t=17921 RX ua=95 mt=R len=7
PKT t=17926 TX ua=95 mt=P len=0
PKT t=17935 RX ua=95 mt=R len=7
PKT t=17940 TX ua=95 mt=P len=0
PKT t=17949 RX ua=95 mt=R len=7
PKT t=17954 TX ua=95 mt=P len=0
PKT t=17983 RX ua=95 mt=R len=7
PKT t=17988 TX ua=95 mt=P len=0
PKT t=17997 RX ua=95 mt=R len=7
PKT t=18002 TX ua=95 mt=P len=0
PKT t=18013 RX ua=95 mt=R len=7
PKT t=18018 TX ua=95 mt=P len=0
PKT t=18027 RX ua=95 mt=R len=7
PKT t=18032 TX ua=95 mt=P len=0
PKT t=18041 RX ua=95 mt=R len=7
PKT t=18046 TX ua=95 mt=P len=0
PKT t=18096 RX ua=95 mt=R len=7
PKT t=18351 TX ua=96 mt=P len=0
PKT t=18609 TX ua=95 mt=P len=0
PKT t=18618 RX ua=95 mt=R len=7
PKT t=18623 TX ua=95 mt=T len=7
PKT t=18636 TX ua=95 mt=P len=0
PKT t=18645 RX ua=95 mt=R len=7
PKT t=18650 TX ua=95 mt=T len=7
PKT t=18663 TX ua=95 mt=P len=0
PKT t=18691 RX ua=95 mt=R len=7
PKT t=18696 TX ua=95 mt=P len=0
PKT t=18705 RX ua=95 mt=R len=7
PKT t=18710 TX ua=95 mt=P len=0
PKT t=18719 RX ua=95 mt=R len=7
PKT t=18724 TX ua=95 mt=P len=0
PKT t=18733 RX ua=95 mt=R len=7
PKT t=18738 TX ua=95 mt=P len=0
PKT t=18747 RX ua=95 mt=R len=7
PKT t=18752 TX ua=95 mt=P len=0
PKT t=18761 RX ua=95 mt=R len=7
PKT t=18766 TX ua=95 mt=P len=0
PKT t=18795 RX ua=95 mt=R len=7
PKT t=18800 TX ua=95 mt=P len=0
PKT t=18809 RX ua=95 mt=R len=7
PKT t=18814 TX ua=95 mt=P len=0
PKT t=18823 RX ua=95 mt=R len=7
PKT t=18828 TX ua=95 mt=P len=0
PKT t=18837 RX ua=95 mt=R len=7
PKT t=18842 TX ua=95 mt=P len=0
PKT t=18851 RX ua=95 mt=R len=7
PKT t=18856 TX ua=95 mt=P len=0
PKT t=18865 RX ua=95 mt=R len=7
PKT t=18870 TX ua=95 mt=P len=0
PKT t=18899 RX ua=95 mt=R len=7
PKT t=18904 TX ua=95 mt=T len=7
PKT t=18917 TX ua=95 mt=P len=0
PKT t=18926 RX ua=95 mt=R len=7
PKT t=18931 TX ua=95 mt=P len=0
PKT t=18940 RX ua=95 mt=R len=7
PKT t=18945 TX ua=95 mt=P len=0
PKT t=18954 RX ua=95 mt=R len=7
PKT t=18959 TX ua=95 mt=P len=0
PKT t=18968 RX ua=95 mt=R len=7
PKT t=18973 TX ua=95 mt=P len=0
PKT t=19002 RX ua=95 mt=R len=7
PKT t=19007 TX ua=95 mt=P len=0
PKT t=19016 RX ua=95 mt=R len=7
PKT t=19021 TX ua=95 mt=P len=0
PKT t=19030 RX ua=95 mt=R len=7
PKT t=19035 TX ua=95 mt=P len=0
PKT t=19044 RX ua=95 mt=R len=7
PKT t=19096 TX ua=95 mt=P len=0
PKT t=19105 RX ua=95 mt=R len=7
PKT t=19110 TX ua=95 mt=P len=0
PKT t=19119 RX ua=95 mt=R len=7
PKT t=19124 TX ua=95 mt=P len=0
PKT t=19133 RX ua=95 mt=R len=7
PKT t=19138 TX ua=95 mt=P len=0
PKT t=19147 RX ua=95 mt=R len=7
PKT t=19152 TX ua=95 mt=T len=7
PKT t=19164 TX ua=95 mt=P len=0
PKT t=19173 RX ua=95 mt=R len=7
PKT t=19178 TX ua=95 mt=P len=0
PKT t=19207 RX ua=95 mt=R len=7
PKT t=19212 TX ua=95 mt=P len=0
PKT t=19221 RX ua=95 mt=R len=7
PKT t=19226 TX ua=95 mt=P len=0
PKT t=19235 RX ua=95 mt=R len=7
PKT t=19240 TX ua=95 mt=P len=0
PKT t=19249 RX ua=95 mt=R len=7
PKT t=19254 TX ua=95 mt=P len=0
PKT t=19263 RX ua=95 mt=R len=7
PKT t=19268 TX ua=95 mt=P len=0
PKT t=19277 RX ua=95 mt=R len=7
PKT t=19282 TX ua=95 mt=P len=0
PKT t=19311 RX ua=95 mt=R len=7
PKT t=19316 TX ua=95 mt=P len=0
PKT t=19325 RX ua=95 mt=R len=7
PKT t=19330 TX ua=95 mt=P len=0
PKT t=19339 RX ua=95 mt=R len=7
PKT t=19344 TX ua=95 mt=P len=0
PKT t=19353 RX ua=95 mt=R len=7
PKT t=19358 TX ua=95 mt=P len=0
PKT t=19367 RX ua=95 mt=R len=7
PKT t=19372 TX ua=95 mt=P len=0
PKT t=19382 RX ua=95 mt=R len=7
PKT t=19387 TX ua=95 mt=P len=0
PKT t=19416 RX ua=95 mt=R len=7
PKT t=19421 TX ua=95 mt=T len=7
PKT t=19433 TX ua=95 mt=P len=0
PKT t=19443 RX ua=95 mt=R len=7
PKT t=19448 TX ua=95 mt=P len=0
PKT t=19458 RX ua=95 mt=R len=7
PKT t=19463 TX ua=95 mt=P len=0
PKT t=19473 RX ua=95 mt=R len=7
PKT t=19478 TX ua=95 mt=P len=0
PKT t=19488 RX ua=95 mt=R len=7
PKT t=19493 TX ua=95 mt=P len=0
PKT t=19522 RX ua=95 mt=R len=7
PKT t=19527 TX ua=95 mt=P len=0
PKT t=19537 RX ua=95 mt=R len=7
PKT t=19542 TX ua=95 mt=P len=0
PKT t=19552 RX ua=95 mt=R len=7
PKT t=19557 TX ua=95 mt=P len=0
PKT t=19567 RX ua=95 mt=R len=7
PKT t=19572 TX ua=95 mt=P len=0
PKT t=19582 RX ua=95 mt=R len=7
PKT t=19587 TX ua=95 mt=P len=0
PKT t=19597 RX ua=95 mt=R len=7
PKT t=19602 TX ua=95 mt=P len=0
PKT t=19631 RX ua=95 mt=R len=7
PKT t=19636 TX ua=95 mt=P len=0
PKT t=19646 RX ua=95 mt=R len=7
PKT t=19651 TX ua=95 mt=T len=7
PKT t=19663 TX ua=95 mt=P len=0
PKT t=19672 RX ua=95 mt=R len=7
PKT t=19677 TX ua=95 mt=P len=0
PKT t=19686 RX ua=95 mt=R len=7
PKT t=19691 TX ua=95 mt=P len=0
PKT t=19700 RX ua=95 mt=R len=7
PKT t=19705 TX ua=95 mt=P len=0
PKT t=19734 RX ua=95 mt=R len=7
PKT t=19739 TX ua=95 mt=P len=0
PKT t=19748 RX ua=95 mt=R len=7
PKT t=19753 TX ua=95 mt=P len=0
PKT t=19762 RX ua=95 mt=R len=7
PKT t=19767 TX ua=95 mt=P len=0
PKT t=19776 RX ua=95 mt=R len=7
PKT t=19781 TX ua=95 mt=P len=0
PKT t=19790 RX ua=95 mt=R len=7
PKT t=19795 TX ua=95 mt=P len=0
PKT t=19804 RX ua=95 mt=R len=7
PKT t=19809 TX ua=95 mt=P len=0
PKT t=19840 RX ua=95 mt=R len=7
PKT t=19845 TX ua=95 mt=P len=0
PKT t=19854 RX ua=95 mt=R len=7
PKT t=19859 TX ua=95 mt=P len=0
PKT t=19869 RX ua=95 mt=R len=7
PKT t=19873 TX ua=95 mt=P len=0
PKT t=19882 RX ua=95 mt=R len=7
PKT t=19887 TX ua=95 mt=P len=0
PKT t=19896 RX ua=95 mt=R len=7
PKT t=19901 TX ua=95 mt=T len=7
PKT t=19913 TX ua=95 mt=P len=0
PKT t=19941 RX ua=95 mt=R len=7
PKT t=19946 TX ua=95 mt=P len=0
PKT t=19955 RX ua=95 mt=R len=7
PKT t=19960 TX ua=95 mt=P len=0
PKT t=19969 RX ua=95 mt=R len=7
PKT t=19974 TX ua=95 mt=P len=0
PKT t=19983 RX ua=95 mt=R len=7
PKT t=19988 TX ua=95 mt=P len=0
PKT t=19997 RX ua=95 mt=R len=7
PKT t=20002 TX ua=95 mt=P len=0
PKT t=20014 RX ua=95 mt=R len=7
PKT t=20019 TX ua=95 mt=P len=0
PKT t=20045 RX ua=95 mt=R len=7
PKT t=20096 TX ua=95 mt=P len=0
PKT t=20105 RX ua=95 mt=R len=7
PKT t=20110 TX ua=95 mt=P len=0
PKT t=20119 RX ua=95 mt=R len=7
PKT t=20124 TX ua=95 mt=P len=0
PKT t=20153 RX ua=95 mt=R len=7
PKT t=20158 TX ua=95 mt=T len=7
PKT t=20170 TX ua=95 mt=P len=0
PKT t=20179 RX ua=95 mt=R len=7
PKT t=20184 TX ua=95 mt=P len=0
PKT t=20193 RX ua=95 mt=R len=7
PKT t=20198 TX ua=95 mt=P len=0
PKT t=20207 RX ua=95 mt=R len=7
PKT t=20212 TX ua=95 mt=P len=0
PKT t=20221 RX ua=95 mt=R len=7
PKT t=20226 TX ua=95 mt=P len=0
PKT t=20255 RX ua=95 mt=R len=7
PKT t=20260 TX ua=95 mt=P len=0
PKT t=20269 RX ua=95 mt=R len=7
PKT t=20274 TX ua=95 mt=P len=0
PKT t=20283 RX ua=95 mt=R len=7
PKT t=20288 TX ua=95 mt=P len=0
PKT t=20297 RX ua=95 mt=R len=7
PKT t=20302 TX ua=95 mt=P len=0
PKT t=20311 RX ua=95 mt=R len=7
PKT t=20316 TX ua=95 mt=P len=0
PKT t=20325 RX ua=95 mt=R len=7
PKT t=20330 TX ua=95 mt=P len=0
PKT t=20359 RX ua=95 mt=R len=7
PKT t=20364 TX ua=95 mt=P len=0
PKT t=20373 RX ua=95 mt=R len=7
PKT t=20378 TX ua=95 mt=P len=0
PKT t=20387 RX ua=95 mt=R len=7
PKT t=20392 TX ua=95 mt=T len=7
PKT t=20404 TX ua=95 mt=P len=0
PKT t=20413 RX ua=95 mt=R len=7
PKT t=20418 TX ua=95 mt=P len=0
PKT t=20427 RX ua=95 mt=R len=7
PKT t=20432 TX ua=95 mt=P len=0
PKT t=20461 RX ua=95 mt=R len=7
PKT t=20466 TX ua=95 mt=P len=0
PKT t=20475 RX ua=95 mt=R len=7
PKT t=20480 TX ua=95 mt=P len=0
PKT t=20491 RX ua=95 mt=R len=7
PKT t=20496 TX ua=95 mt=P len=0
PKT t=20505 RX ua=95 mt=R len=7
PKT t=20510 TX ua=95 mt=P len=0
PKT t=20519 RX ua=95 mt=R len=7
PKT t=20524 TX ua=95 mt=P len=0
PKT t=20533 RX ua=95 mt=R len=7
PKT t=20538 TX ua=95 mt=P len=0
PKT t=20567 RX ua=95 mt=R len=7
PKT t=20572 TX ua=95 mt=P len=0
PKT t=20581 RX ua=95 mt=R len=7
PKT t=20586 TX ua=95 mt=P len=0
PKT t=20595 RX ua=95 mt=R len=7
PKT t=20600 TX ua=95 mt=P len=0
PKT t=20609 RX ua=95 mt=R len=7
PKT t=20614 TX ua=95 mt=P len=0
PKT t=20623 RX ua=95 mt=R len=7
PKT t=20628 TX ua=95 mt=P len=0
PKT t=20637 RX ua=95 mt=R len=7
PKT t=20642 TX ua=95 mt=T len=7
PKT t=20654 TX ua=95 mt=P len=0
PKT t=20673 RX ua=95 mt=R len=7
PKT t=20678 TX ua=95 mt=P len=0
PKT t=20687 RX ua=95 mt=R len=7
PKT t=20692 TX ua=95 mt=P len=0
PKT t=20701 RX ua=95 mt=R len=7
PKT t=20706 TX ua=95 mt=P len=0
PKT t=20715 RX ua=95 mt=R len=7
PKT t=20720 TX ua=95 mt=P len=0
PKT t=20729 RX ua=95 mt=R len=7
PKT t=20734 TX ua=95 mt=P len=0
PKT t=20743 RX ua=95 mt=R len=7
PKT t=20748 TX ua=95 mt=P len=0
PKT t=20777 RX ua=95 mt=R len=7
PKT t=20782 TX ua=95 mt=P len=0
PKT t=20791 RX ua=95 mt=R len=7
PKT t=20796 TX ua=95 mt=P len=0
PKT t=20805 RX ua=95 mt=R len=7
PKT t=20810 TX ua=95 mt=P len=0
PKT t=20819 RX ua=95 mt=R len=7
PKT t=20824 TX ua=95 mt=P len=0
PKT t=20833 RX ua=95 mt=R len=7
PKT t=20838 TX ua=95 mt=P len=0
PKT t=20847 RX ua=95 mt=R len=7
PKT t=20852 TX ua=95 mt=P len=0
PKT t=20881 RX ua=95 mt=R len=7
PKT t=20886 TX ua=95 mt=P len=0
PKT t=20895 RX ua=95 mt=R len=7
PKT t=20900 TX ua=95 mt=T len=7
PKT t=20912 TX ua=95 mt=P len=0
PKT t=20921 RX ua=95 mt=R len=7
PKT t=20926 TX ua=95 mt=P len=0
PKT t=20935 RX ua=95 mt=R len=7
PKT t=20940 TX ua=95 mt=P len=0
PKT t=20949 RX ua=95 mt=R len=7
PKT t=20954 TX ua=95 mt=P len=0
PKT t=20983 RX ua=95 mt=R len=7
PKT t=20988 TX ua=95 mt=P len=0
PKT t=20997 RX ua=95 mt=R len=7
PKT t=21002 TX ua=95 mt=P len=0
PKT t=21011 RX ua=95 mt=R len=7
PKT t=21016 TX ua=95 mt=P len=0
PKT t=21025 RX ua=95 mt=R len=7
PKT t=21030 TX ua=95 mt=P len=0
PKT t=21039 RX ua=95 mt=R len=7
PKT t=21044 TX ua=95 mt=P len=0
PKT t=21096 RX ua=95 mt=R len=7
PKT t=21101 TX ua=95 mt=P len=0
PKT t=21110 RX ua=95 mt=R len=7
PKT t=21115 TX ua=95 mt=P len=0
PKT t=21124 RX ua=95 mt=R len=7
PKT t=21129 TX ua=95 mt=P len=0
PKT t=21138 RX ua=95 mt=R len=7
PKT t=21143 TX ua=95 mt=T len=7
PKT t=21156 TX ua=95 mt=P len=0
PKT t=21186 RX ua=95 mt=R len=7
PKT t=21191 TX ua=95 mt=P len=0
PKT t=21200 RX ua=95 mt=R len=7
PKT t=21205 TX ua=95 mt=P len=0
PKT t=21214 RX ua=95 mt=R len=7
PKT t=21219 TX ua=95 mt=P len=0
PKT t=21228 RX ua=95 mt=R len=7
PKT t=21233 TX ua=95 mt=P len=0
PKT t=21242 RX ua=95 mt=R len=7
PKT t=21247 TX ua=95 mt=P len=0
PKT t=21256 RX ua=95 mt=R len=7
PKT t=21261 TX ua=95 mt=P len=0
PKT t=21290 RX ua=95 mt=R len=7
PKT t=21295 TX ua=95 mt=P len=0
PKT t=21304 RX ua=95 mt=R len=7
PKT t=21309 TX ua=95 mt=P len=0
PKT t=21318 RX ua=95 mt=R len=7
PKT t=21323 TX ua=95 mt=P len=0
PKT t=21332 RX ua=95 mt=R len=7
PKT t=21337 TX ua=95 mt=P len=0
PKT t=21346 RX ua=95 mt=R len=7
PKT t=21351 TX ua=95 mt=P len=0
PKT t=21360 RX ua=95 mt=R len=7
PKT t=21365 TX ua=95 mt=P len=0
PKT t=21394 RX ua=95 mt=R len=7
PKT t=21399 TX ua=95 mt=T len=7
PKT t=21412 TX ua=95 mt=P len=0
PKT t=21422 RX ua=95 mt=R len=7
PKT t=21427 TX ua=95 mt=P len=0
PKT t=21437 RX ua=95 mt=R len=7
PKT t=21442 TX ua=95 mt=P len=0
PKT t=21452 RX ua=95 mt=R len=7
PKT t=21457 TX ua=95 mt=P len=0
PKT t=21467 RX ua=95 mt=R len=7
PKT t=21472 TX ua=95 mt=P len=0
PKT t=21501 RX ua=95 mt=R len=7
PKT t=21506 TX ua=95 mt=P len=0
PKT t=21516 RX ua=95 mt=R len=7
PKT t=21521 TX ua=95 mt=P len=0
PKT t=21531 RX ua=95 mt=R len=7
PKT t=21536 TX ua=95 mt=P len=0
PKT t=21546 RX ua=95 mt=R len=7
PKT t=21551 TX ua=95 mt=P len=0
PKT t=21561 RX ua=95 mt=R len=7
PKT t=21566 TX ua=95 mt=P len=0
PKT t=21576 RX ua=95 mt=R len=7
PKT t=21581 TX ua=95 mt=P len=0
PKT t=21610 RX ua=95 mt=R len=7
PKT t=21615 TX ua=95 mt=P len=0
PKT t=21625 RX ua=95 mt=R len=7
PKT t=21630 TX ua=95 mt=P len=0
PKT t=21640 RX ua=95 mt=R len=7
PKT t=21645 TX ua=95 mt=T len=7
PKT t=21658 TX ua=95 mt=P len=0
PKT t=21667 RX ua=95 mt=R len=7
PKT t=21672 TX ua=95 mt=P len=0
PKT t=21681 RX ua=95 mt=R len=7
PKT t=21686 TX ua=95 mt=P len=0
PKT t=21715 RX ua=95 mt=R len=7
PKT t=21720 TX ua=95 mt=P len=0
PKT t=21729 RX ua=95 mt=R len=7
PKT t=21734 TX ua=95 mt=P len=0
PKT t=21743 RX ua=95 mt=R len=7
PKT t=21748 TX ua=95 mt=P len=0
PKT t=21757 RX ua=95 mt=R len=7
PKT t=21762 TX ua=95 mt=P len=0
PKT t=21771 RX ua=95 mt=R len=7
PKT t=21776 TX ua=95 mt=P len=0
PKT t=21785 RX ua=95 mt=R len=7
PKT t=21790 TX ua=95 mt=P len=0
PKT t=21819 RX ua=95 mt=R len=7
PKT t=21824 TX ua=95 mt=P len=0
PKT t=21833 RX ua=95 mt=R len=7
PKT t=21838 TX ua=95 mt=P len=0
PKT t=21847 RX ua=95 mt=R len=7
PKT t=21852 TX ua=95 mt=P len=0
PKT t=21861 RX ua=95 mt=R len=7
PKT t=21866 TX ua=95 mt=P len=0
PKT t=21875 RX ua=95 mt=R len=7
PKT t=21880 TX ua=95 mt=P len=0
PKT t=21889 RX ua=95 mt=R len=7
PKT t=21894 TX ua=95 mt=T len=7
PKT t=21907 TX ua=95 mt=P len=0
PKT t=21925 RX ua=95 mt=R len=7
PKT t=21930 TX ua=95 mt=P len=0
PKT t=21939 RX ua=95 mt=R len=7
PKT t=21944 TX ua=95 mt=P len=0
PKT t=21953 RX ua=95 mt=R len=7
PKT t=21958 TX ua=95 mt=P len=0
PKT t=21967 RX ua=95 mt=R len=7
PKT t=21972 TX ua=95 mt=P len=0
PKT t=21981 RX ua=95 mt=R len=7
PKT t=21986 TX ua=95 mt=P len=0
PKT t=21995 RX ua=95 mt=R len=7
PKT t=22000 TX ua=95 mt=P len=0
PKT t=22029 RX ua=95 mt=R len=7
PKT t=22034 TX ua=95 mt=P len=0
PKT t=22043 RX ua=95 mt=R len=7
PKT t=22096 TX ua=95 mt=P len=0
PKT t=22128 RX ua=95 mt=R len=7
PKT t=22133 TX ua=95 mt=P len=0
PKT t=22142 RX ua=95 mt=R len=7
PKT t=22147 TX ua=95 mt=T len=7
PKT t=22159 TX ua=95 mt=P len=0
PKT t=22168 RX ua=95 mt=R len=7
PKT t=22173 TX ua=95 mt=P len=0
PKT t=22182 RX ua=95 mt=R len=7
PKT t=22187 TX ua=95 mt=P len=0
PKT t=22196 RX ua=95 mt=R len=7
PKT t=22201 TX ua=95 mt=P len=0
PKT t=22230 RX ua=95 mt=R len=7
PKT t=22235 TX ua=95 mt=P len=0
PKT t=22244 RX ua=95 mt=R len=7
PKT t=22249 TX ua=95 mt=P len=0
PKT t=22258 RX ua=95 mt=R len=7
PKT t=22263 TX ua=95 mt=P len=0
PKT t=22272 RX ua=95 mt=R len=7
PKT t=22277 TX ua=95 mt=P len=0
PKT t=22286 RX ua=95 mt=R len=7
PKT t=22291 TX ua=95 mt=P len=0
PKT t=22300 RX ua=95 mt=R len=7
PKT t=22305 TX ua=95 mt=P len=0
PKT t=22334 RX ua=95 mt=R len=7
PKT t=22339 TX ua=95 mt=P len=0
PKT t=22348 RX ua=95 mt=R len=7
PKT t=22353 TX ua=95 mt=P len=0
PKT t=22362 RX ua=95 mt=R len=7
PKT t=22367 TX ua=95 mt=P len=0
PKT t=22376 RX ua=95 mt=R len=7
PKT t=22381 TX ua=95 mt=P len=0
PKT t=22390 RX ua=95 mt=R len=7
PKT t=22395 TX ua=95 mt=T len=7
PKT t=22407 TX ua=95 mt=P len=0
PKT t=22435 RX ua=95 mt=R len=7
PKT t=22440 TX ua=95 mt=P len=0
PKT t=22449 RX ua=95 mt=R len=7
PKT t=22454 TX ua=95 mt=P len=0
PKT t=22463 RX ua=95 mt=R len=7
PKT t=22468 TX ua=95 mt=P len=0
PKT t=22477 RX ua=95 mt=R len=7
PKT t=22482 TX ua=95 mt=P len=0
PKT t=22491 RX ua=95 mt=R len=7
PKT t=22496 TX ua=95 mt=P len=0
PKT t=22505 RX ua=95 mt=R len=7
PKT t=22510 TX ua=95 mt=P len=0
PKT t=22539 RX ua=95 mt=R len=7
PKT t=22544 TX ua=95 mt=P len=0
PKT t=22553 RX ua=95 mt=R len=7
PKT t=22558 TX ua=95 mt=P len=0
PKT t=22567 RX ua=95 mt=R len=7
PKT t=22572 TX ua=95 mt=P len=0
PKT t=22581 RX ua=95 mt=R len=7
PKT t=22586 TX ua=95 mt=P len=0
PKT t=22595 RX ua=95 mt=R len=7
PKT t=22600 TX ua=95 mt=P len=0
PKT t=22609 RX ua=95 mt=R len=7
PKT t=22614 TX ua=95 mt=P len=0
PKT t=22643 RX ua=95 mt=R len=7
PKT t=22648 TX ua=95 mt=T len=7
PKT t=22660 TX ua=95 mt=P len=0
PKT t=22669 RX ua=95 mt=R len=7
PKT t=22674 TX ua=95 mt=P len=0
PKT t=22683 RX ua=95 mt=R len=7
PKT t=22688 TX ua=95 mt=P len=0
PKT t=22697 RX ua=95 mt=R len=7
PKT t=22702 TX ua=95 mt=P len=0
PKT t=22711 RX ua=95 mt=R len=7
PKT t=22716 TX ua=95 mt=P len=0
PKT t=22745 RX ua=95 mt=R len=7
PKT t=22750 TX ua=95 mt=P len=0
PKT t=22759 RX ua=95 mt=R len=7
PKT t=22764 TX ua=95 mt=P len=0
PKT t=22773 RX ua=95 mt=R len=7
PKT t=22778 TX ua=95 mt=P len=0
PKT t=22787 RX ua=95 mt=R len=7
PKT t=22792 TX ua=95 mt=P len=0
PKT t=22801 RX ua=95 mt=R len=7
PKT t=22806 TX ua=95 mt=P len=0
PKT t=22815 RX ua=95 mt=R len=7
PKT t=22820 TX ua=95 mt=P len=0
PKT t=22849 RX ua=95 mt=R len=7
PKT t=22854 TX ua=95 mt=P len=0
PKT t=22863 RX ua=95 mt=R len=7
PKT t=22868 TX ua=95 mt=P len=0
PKT t=22877 RX ua=95 mt=R len=7
PKT t=22882 TX ua=95 mt=P len=0
PKT t=22891 RX ua=95 mt=R len=7
PKT t=22896 TX ua=95 mt=T len=7
PKT t=22908 TX ua=95 mt=P len=0
PKT t=22917 RX ua=95 mt=R len=7
PKT t=22922 TX ua=95 mt=P len=0
PKT t=22951 RX ua=95 mt=R len=7
PKT t=22956 TX ua=95 mt=P len=0
PKT t=22965 RX ua=95 mt=R len=7
PKT t=22970 TX ua=95 mt=P len=0
PKT t=22979 RX ua=95 mt=R len=7
PKT t=22984 TX ua=95 mt=P len=0
PKT t=22993 RX ua=95 mt=R len=7
PKT t=22998 TX ua=95 mt=P len=0
PKT t=23007 RX ua=95 mt=R len=7
PKT t=23012 TX ua=95 mt=P len=0
PKT t=23021 RX ua=95 mt=R len=7
PKT t=23026 TX ua=95 mt=P len=0
PKT t=23096 RX ua=95 mt=R len=7
PKT t=23101 TX ua=95 mt=P len=0
PKT t=23110 RX ua=95 mt=R len=7
PKT t=23115 TX ua=95 mt=P len=0
PKT t=23124 RX ua=95 mt=R len=7
PKT t=23129 TX ua=95 mt=P len=0
PKT t=23158 RX ua=95 mt=R len=7
PKT t=23163 TX ua=95 mt=T len=7
PKT t=23175 TX ua=95 mt=P len=0
PKT t=23184 RX ua=95 mt=R len=7
PKT t=23189 TX ua=95 mt=P len=0
PKT t=23198 RX ua=95 mt=R len=7
PKT t=23203 TX ua=95 mt=P len=0
PKT t=23212 RX ua=95 mt=R len=7
PKT t=23217 TX ua=95 mt=P len=0
PKT t=23226 RX ua=95 mt=R len=7
PKT t=23231 TX ua=95 mt=P len=0
PKT t=23260 RX ua=95 mt=R len=7
PKT t=23265 TX ua=95 mt=P len=0
PKT t=23274 RX ua=95 mt=R len=7
PKT t=23279 TX ua=95 mt=P len=0
PKT t=23288 RX ua=95 mt=R len=7
PKT t=23293 TX ua=95 mt=P len=0
PKT t=23302 RX ua=95 mt=R len=7
PKT t=23307 TX ua=95 mt=P len=0
PKT t=23316 RX ua=95 mt=R len=7
PKT t=23321 TX ua=95 mt=P len=0
PKT t=23330 RX ua=95 mt=R len=7
PKT t=23335 TX ua=95 mt=P len=0
PKT t=23364 RX ua=95 mt=R len=7
PKT t=23369 TX ua=95 mt=P len=0
PKT t=23378 RX ua=95 mt=R len=7
PKT t=23383 TX ua=95 mt=P len=0
PKT t=23392 RX ua=95 mt=R len=7
PKT t=23397 TX ua=95 mt=T len=7
PKT t=23409 TX ua=95 mt=P len=0
PKT t=23419 RX ua=95 mt=R len=7
PKT t=23424 TX ua=95 mt=P len=0
PKT t=23434 RX ua=95 mt=R len=7
PKT t=23439 TX ua=95 mt=P len=0
PKT t=23468 RX ua=95 mt=R len=7
PKT t=23473 TX ua=95 mt=P len=0
PKT t=23483 RX ua=95 mt=R len=7
PKT t=23488 TX ua=95 mt=P len=0
PKT t=23498 RX ua=95 mt=R len=7
PKT t=23503 TX ua=95 mt=P len=0
PKT t=23513 RX ua=95 mt=R len=7
PKT t=23518 TX ua=95 mt=P len=0
PKT t=23528 RX ua=95 mt=R len=7
PKT t=23533 TX ua=95 mt=P len=0
PKT t=23543 RX ua=95 mt=R len=7
PKT t=23548 TX ua=95 mt=P len=0
PKT t=23577 RX ua=95 mt=R len=7
PKT t=23582 TX ua=95 mt=P len=0
PKT t=23592 RX ua=95 mt=R len=7
PKT t=23597 TX ua=95 mt=P len=0
PKT t=23607 RX ua=95 mt=R len=7
PKT t=23612 TX ua=95 mt=P len=0
PKT t=23622 RX ua=95 mt=R len=7
PKT t=23627 TX ua=95 mt=P len=0
PKT t=23637 RX ua=95 mt=R len=7
PKT t=23642 TX ua=95 mt=T len=7
PKT t=23654 TX ua=95 mt=P len=0
PKT t=23682 RX ua=95 mt=R len=7
PKT t=23687 TX ua=95 mt=P len=0
PKT t=23696 RX ua=95 mt=R len=7
PKT t=23701 TX ua=95 mt=P len=0
PKT t=23710 RX ua=95 mt=R len=7
PKT t=23715 TX ua=95 mt=P len=0
PKT t=23724 RX ua=95 mt=R len=7
PKT t=23729 TX ua=95 mt=P len=0
PKT t=23738 RX ua=95 mt=R len=7
PKT t=23743 TX ua=95 mt=P len=0
PKT t=23752 RX ua=95 mt=R len=7
PKT t=23757 TX ua=95 mt=P len=0
PKT t=23786 RX ua=95 mt=R len=7
PKT t=23791 TX ua=95 mt=P len=0
PKT t=23800 RX ua=95 mt=R len=7
PKT t=23805 TX ua=95 mt=P len=0
PKT t=23814 RX ua=95 mt=R len=7
PKT t=23819 TX ua=95 mt=P len=0
PKT t=23828 RX ua=95 mt=R len=7
PKT t=23833 TX ua=95 mt=P len=0
PKT t=23842 RX ua=95 mt=R len=7
PKT t=23847 TX ua=95 mt=P len=0
PKT t=23856 RX ua=95 mt=R len=7
PKT t=23861 TX ua=95 mt=P len=0
PKT t=23891 RX ua=95 mt=R len=7
PKT t=23896 TX ua=95 mt=T len=7
PKT t=23908 TX ua=95 mt=P len=0
PKT t=23917 RX ua=95 mt=R len=7
PKT t=23922 TX ua=95 mt=P len=0
PKT t=23931 RX ua=95 mt=R len=7
PKT t=23936 TX ua=95 mt=P len=0
PKT t=23945 RX ua=95 mt=R len=7
PKT t=23950 TX ua=95 mt=P len=0
PKT t=23959 RX ua=95 mt=R len=7
PKT t=23964 TX ua=95 mt=P len=0
PKT t=23994 RX ua=95 mt=R len=7
PKT t=23999 TX ua=95 mt=P len=0
PKT t=24008 RX ua=95 mt=R len=7
PKT t=24016 TX ua=95 mt=P len=0
PKT t=24025 RX ua=95 mt=R len=7
PKT t=24030 TX ua=95 mt=P len=0
PKT t=24040 RX ua=95 mt=R len=7
PKT t=24045 TX ua=95 mt=P len=0
PKT t=24096 RX ua=95 mt=R len=7
PKT t=24351 TX ua=96 mt=P len=0
PKT t=24609 TX ua=95 mt=P len=0
PKT t=24618 RX ua=95 mt=R len=7
PKT t=24623 TX ua=95 mt=T len=7
PKT t=24635 TX ua=95 mt=P len=0
PKT t=24644 RX ua=95 mt=R len=7
PKT t=24649 TX ua=95 mt=T len=7
PKT t=24661 TX ua=95 mt=P len=0
PKT t=24692 RX ua=95 mt=R len=7
PKT t=24697 TX ua=95 mt=P len=0
PKT t=24706 RX ua=95 mt=R len=7
PKT t=24711 TX ua=95 mt=P len=0
PKT t=24720 RX ua=95 mt=R len=7
PKT t=24725 TX ua=95 mt=P len=0
PKT t=24734 RX ua=95 mt=R len=7
PKT t=24739 TX ua=95 mt=P len=0
PKT t=24748 RX ua=95 mt=R len=7
PKT t=24753 TX ua=95 mt=P len=0
PKT t=24762 RX ua=95 mt=R len=7
PKT t=24767 TX ua=95 mt=P len=0
PKT t=24796 RX ua=95 mt=R len=7
PKT t=24801 TX ua=95 mt=P len=0
PKT t=24810 RX ua=95 mt=R len=7
PKT t=24815 TX ua=95 mt=P len=0
PKT t=24824 RX ua=95 mt=R len=7
PKT t=24829 TX ua=95 mt=P len=0
PKT t=24838 RX ua=95 mt=R len=7
PKT t=24843 TX ua=95 mt=P len=0
PKT t=24852 RX ua=95 mt=R len=7
PKT t=24857 TX ua=95 mt=P len=0
PKT t=24866 RX ua=95 mt=R len=7
PKT t=24871 TX ua=95 mt=P len=0
PKT t=24900 RX ua=95 mt=R len=7
PKT t=24905 TX ua=95 mt=T len=7
PKT t=24917 TX ua=95 mt=P len=0
PKT t=24926 RX ua=95 mt=R len=7
PKT t=24931 TX ua=95 mt=P len=0
PKT t=24940 RX ua=95 mt=R len=7
PKT t=24945 TX ua=95 mt=P len=0
PKT t=24954 RX ua=95 mt=R len=7
PKT t=24959 TX ua=95 mt=P len=0
PKT t=24968 RX ua=95 mt=R len=7
PKT t=24973 TX ua=95 mt=P len=0
PKT t=25002 RX ua=95 mt=R len=7
PKT t=25007 TX ua=95 mt=P len=0
PKT t=25016 RX ua=95 mt=R len=7
PKT t=25021 TX ua=95 mt=P len=0
PKT t=25030 RX ua=95 mt=R len=7
PKT t=25035 TX ua=95 mt=P len=0
PKT t=25044 RX ua=95 mt=R len=7
PKT t=25096 TX ua=95 mt=P len=0
PKT t=25105 RX ua=95 mt=R len=7
PKT t=25110 TX ua=95 mt=P len=0
PKT t=25119 RX ua=95 mt=R len=7
PKT t=25124 TX ua=95 mt=P len=0
PKT t=25133 RX ua=95 mt=R len=7
PKT t=25138 TX ua=95 mt=P len=0
PKT t=25147 RX ua=95 mt=R len=7
PKT t=25152 TX ua=95 mt=T len=7
PKT t=25164 TX ua=95 mt=P len=0
PKT t=25173 RX ua=95 mt=R len=7
PKT t=25178 TX ua=95 mt=P len=0
PKT t=25207 RX ua=95 mt=R len=7
PKT t=25212 TX ua=95 mt=P len=0
PKT t=25221 RX ua=95 mt=R len=7
PKT t=25226 TX ua=95 mt=P len=0
PKT t=25235 RX ua=95 mt=R len=7
PKT t=25240 TX ua=95 mt=P len=0
PKT t=25249 RX ua=95 mt=R len=7
PKT t=25254 TX ua=95 mt=P len=0
PKT t=25263 RX ua=95 mt=R len=7
PKT t=25268 TX ua=95 mt=P len=0
PKT t=25277 RX ua=95 mt=R len=7
PKT t=25282 TX ua=95 mt=P len=0
PKT t=25311 RX ua=95 mt=R len=7
PKT t=25316 TX ua=95 mt=P len=0
PKT t=25325 RX ua=95 mt=R len=7
PKT t=25330 TX ua=95 mt=P len=0
PKT t=25339 RX ua=95 mt=R len=7
PKT t=25344 TX ua=95 mt=P len=0
PKT t=25353 RX ua=95 mt=R len=7
PKT t=25358 TX ua=95 mt=P len=0
PKT t=25367 RX ua=95 mt=R len=7
PKT t=25372 TX ua=95 mt=P len=0
PKT t=25381 RX ua=95 mt=R len=7
PKT t=25386 TX ua=95 mt=P len=0
PKT t=25415 RX ua=95 mt=R len=7
PKT t=25420 TX ua=95 mt=T len=7
PKT t=25432 TX ua=95 mt=P len=0
PKT t=25442 RX ua=95 mt=R len=7
PKT t=25447 TX ua=95 mt=P len=0
PKT t=25457 RX ua=95 mt=R len=7
PKT t=25462 TX ua=95 mt=P len=0
PKT t=25472 RX ua=95 mt=R len=7
PKT t=25477 TX ua=95 mt=P len=0
PKT t=25487 RX ua=95 mt=R len=7
PKT t=25492 TX ua=95 mt=P len=0
PKT t=25521 RX ua=95 mt=R len=7
PKT t=25526 TX ua=95 mt=P len=0
PKT t=25536 RX ua=95 mt=R len=7
PKT t=25541 TX ua=95 mt=P len=0
PKT t=25551 RX ua=95 mt=R len=7
PKT t=25556 TX ua=95 mt=P len=0
PKT t=25566 RX ua=95 mt=R len=7
PKT t=25571 TX ua=95 mt=P len=0
PKT t=25581 RX ua=95 mt=R len=7
PKT t=25586 TX ua=95 mt=P len=0
PKT t=25596 RX ua=95 mt=R len=7
PKT t=25601 TX ua=95 mt=P len=0
PKT t=25630 RX ua=95 mt=R len=7
PKT t=25635 TX ua=95 mt=P len=0
PKT t=25645 RX ua=95 mt=R len=7
PKT t=25650 TX ua=95 mt=T len=7
PKT t=25662 TX ua=95 mt=P len=0
PKT t=25671 RX ua=95 mt=R len=7
PKT t=25676 TX ua=95 mt=P len=0
PKT t=25685 RX ua=95 mt=R len=7
PKT t=25690 TX ua=95 mt=P len=0
PKT t=25699 RX ua=95 mt=R len=7
PKT t=25704 TX ua=95 mt=P len=0
PKT t=25733 RX ua=95 mt=R len=7
PKT t=25738 TX ua=95 mt=P len=0
PKT t=25747 RX ua=95 mt=R len=7
PKT t=25752 TX ua=95 mt=P len=0
PKT t=25761 RX ua=95 mt=R len=7
PKT t=25766 TX ua=95 mt=P len=0
PKT t=25775 RX ua=95 mt=R len=7
PKT t=25780 TX ua=95 mt=P len=0
PKT t=25789 RX ua=95 mt=R len=7
PKT t=25794 TX ua=95 mt=P len=0
PKT t=25803 RX ua=95 mt=R len=7
PKT t=25808 TX ua=95 mt=P len=0
PKT t=25837 RX ua=95 mt=R len=7
PKT t=25842 TX ua=95 mt=P len=0
PKT t=25851 RX ua=95 mt=R len=7
PKT t=25856 TX ua=95 mt=P len=0
PKT t=25865 RX ua=95 mt=R len=7
PKT t=25870 TX ua=95 mt=P len=0
PKT t=25879 RX ua=95 mt=R len=7
PKT t=25884 TX ua=95 mt=P len=0
PKT t=25893 RX ua=95 mt=R len=7
PKT t=25898 TX ua=95 mt=T len=7
PKT t=25910 TX ua=95 mt=P len=0
PKT t=25938 RX ua=95 mt=R len=7
PKT t=25943 TX ua=95 mt=P len=0
PKT t=25952 RX ua=95 mt=R len=7
PKT t=25957 TX ua=95 mt=P len=0
PKT t=25966 RX ua=95 mt=R len=7
PKT t=25971 TX ua=95 mt=P len=0
PKT t=25980 RX ua=95 mt=R len=7
PKT t=25985 TX ua=95 mt=P len=0
PKT t=25994 RX ua=95 mt=R len=7
PKT t=25999 TX ua=95 mt=P len=0
PKT t=26008 RX ua=95 mt=R len=7
PKT t=26013 TX ua=95 mt=P len=0
PKT t=26042 RX ua=95 mt=R len=7
PKT t=26047 TX ua=95 mt=P len=0
PKT t=26097 RX ua=95 mt=R len=7
PKT t=26352 TX ua=96 mt=P len=0
PKT t=26610 TX ua=95 mt=P len=0
PKT t=26619 RX ua=95 mt=R len=7
PKT t=26624 TX ua=95 mt=T len=7
PKT t=26637 TX ua=95 mt=P len=0
PKT t=26646 RX ua=95 mt=R len=7
PKT t=26651 TX ua=95 mt=T len=7
PKT t=26664 TX ua=95 mt=P len=0
PKT t=26673 RX ua=95 mt=R len=7
PKT t=26678 TX ua=95 mt=P len=0
PKT t=26687 RX ua=95 mt=R len=7
PKT t=26692 TX ua=95 mt=P len=0
PKT t=26701 RX ua=95 mt=R len=7
PKT t=26706 TX ua=95 mt=P len=0
PKT t=26715 RX ua=95 mt=R len=7
PKT t=26720 TX ua=95 mt=P len=0
PKT t=26749 RX ua=95 mt=R len=7
PKT t=26754 TX ua=95 mt=P len=0
PKT t=26763 RX ua=95 mt=R len=7
PKT t=26768 TX ua=95 mt=P len=0
PKT t=26777 RX ua=95 mt=R len=7
PKT t=26782 TX ua=95 mt=P len=0
PKT t=26791 RX ua=95 mt=R len=7
PKT t=26796 TX ua=95 mt=P len=0
PKT t=26805 RX ua=95 mt=R len=7
PKT t=26810 TX ua=95 mt=P len=0
PKT t=26819 RX ua=95 mt=R len=7
PKT t=26824 TX ua=95 mt=P len=0
PKT t=26853 RX ua=95 mt=R len=7
PKT t=26858 TX ua=95 mt=P len=0
PKT t=26867 RX ua=95 mt=R len=7
PKT t=26872 TX ua=95 mt=P len=0
PKT t=26881 RX ua=95 mt=R len=7
PKT t=26886 TX ua=95 mt=P len=0
PKT t=26895 RX ua=95 mt=R len=7
PKT t=26900 TX ua=95 mt=T len=7
PKT t=26913 TX ua=95 mt=P len=0
PKT t=26922 RX ua=95 mt=R len=7
PKT t=26927 TX ua=95 mt=P len=0
PKT t=26956 RX ua=95 mt=R len=7
PKT t=26961 TX ua=95 mt=P len=0
PKT t=26970 RX ua=95 mt=R len=7
PKT t=26975 TX ua=95 mt=P len=0
PKT t=26984 RX ua=95 mt=R len=7
PKT t=26989 TX ua=95 mt=P len=0
PKT t=26998 RX ua=95 mt=R len=7
PKT t=27003 TX ua=95 mt=P len=0
PKT t=27012 RX ua=95 mt=R len=7
PKT t=27017 TX ua=95 mt=P len=0
PKT t=27026 RX ua=95 mt=R len=7
PKT t=27031 TX ua=95 mt=P len=0
PKT t=27096 RX ua=95 mt=R len=7
PKT t=27101 TX ua=95 mt=P len=0
PKT t=27110 RX ua=95 mt=R len=7
PKT t=27115 TX ua=95 mt=P len=0
PKT t=27124 RX ua=95 mt=R len=7
PKT t=27129 TX ua=95 mt=P len=0
PKT t=27159 RX ua=95 mt=R len=7
PKT t=27164 TX ua=95 mt=T len=7
PKT t=27176 TX ua=95 mt=P len=0
PKT t=27185 RX ua=95 mt=R len=7
PKT t=27190 TX ua=95 mt=P len=0
PKT t=27199 RX ua=95 mt=R len=7
PKT t=27204 TX ua=95 mt=P len=0
PKT t=27213 RX ua=95 mt=R len=7
PKT t=27218 TX ua=95 mt=P len=0
PKT t=27227 RX ua=95 mt=R len=7
PKT t=27232 TX ua=95 mt=P len=0
PKT t=27261 RX ua=95 mt=R len=7
PKT t=27266 TX ua=95 mt=P len=0
PKT t=27275 RX ua=95 mt=R len=7
PKT t=27280 TX ua=95 mt=P len=0
PKT t=27289 RX ua=95 mt=R len=7
PKT t=27294 TX ua=95 mt=P len=0
PKT t=27303 RX ua=95 mt=R len=7
PKT t=27308 TX ua=95 mt=P len=0
PKT t=27317 RX ua=95 mt=R len=7
PKT t=27322 TX ua=95 mt=P len=0
PKT t=27331 RX ua=95 mt=R len=7
PKT t=27336 TX ua=95 mt=P len=0
PKT t=27365 RX ua=95 mt=R len=7
PKT t=27370 TX ua=95 mt=P len=0
PKT t=27379 RX ua=95 mt=R len=7
PKT t=27384 TX ua=95 mt=P len=0
PKT t=27393 RX ua=95 mt=R len=7
PKT t=27398 TX ua=95 mt=T len=7
PKT t=27410 TX ua=95 mt=P len=0
PKT t=27420 RX ua=95 mt=R len=7
PKT t=27425 TX ua=95 mt=P len=0
PKT t=27435 RX ua=95 mt=R len=7
PKT t=27440 TX ua=95 mt=P len=0
PKT t=27469 RX ua=95 mt=R len=7
PKT t=27474 TX ua=95 mt=P len=0
PKT t=27484 RX ua=95 mt=R len=7
PKT t=27489 TX ua=95 mt=P len=0
PKT t=27499 RX ua=95 mt=R len=7
PKT t=27504 TX ua=95 mt=P len=0
PKT t=27514 RX ua=95 mt=R len=7
PKT t=27519 TX ua=95 mt=P len=0
PKT t=27529 RX ua=95 mt=R len=7
PKT t=27534 TX ua=95 mt=P len=0
PKT t=27544 RX ua=95 mt=R len=7
PKT t=27549 TX ua=95 mt=P len=0
PKT t=27578 RX ua=95 mt=R len=7
PKT t=27583 TX ua=95 mt=P len=0
PKT t=27593 RX ua=95 mt=R len=7
PKT t=27598 TX ua=95 mt=P len=0
PKT t=27608 RX ua=95 mt=R len=7
PKT t=27613 TX ua=95 mt=P len=0
PKT t=27623 RX ua=95 mt=R len=7
PKT t=27628 TX ua=95 mt=P len=0
PKT t=27638 RX ua=95 mt=R len=7
PKT t=27643 TX ua=95 mt=T len=7
PKT t=27655 TX ua=95 mt=P len=0
PKT t=27683 RX ua=95 mt=R len=7
PKT t=27688 TX ua=95 mt=P len=0
PKT t=27697 RX ua=95 mt=R len=7
PKT t=27702 TX ua=95 mt=P len=0
PKT t=27711 RX ua=95 mt=R len=7
PKT t=27716 TX ua=95 mt=P len=0
PKT t=27725 RX ua=95 mt=R len=7
PKT t=27730 TX ua=95 mt=P len=0
PKT t=27739 RX ua=95 mt=R len=7
PKT t=27744 TX ua=95 mt=P len=0
PKT t=27753 RX ua=95 mt=R len=7
PKT t=27758 TX ua=95 mt=P len=0
PKT t=27787 RX ua=95 mt=R len=7
PKT t=27792 TX ua=95 mt=P len=0
PKT t=27801 RX ua=95 mt=R len=7
PKT t=27806 TX ua=95 mt=P len=0
PKT t=27815 RX ua=95 mt=R len=7
PKT t=27820 TX ua=95 mt=P len=0
PKT t=27829 RX ua=95 mt=R len=7
PKT t=27834 TX ua=95 mt=P len=0
PKT t=27843 RX ua=95 mt=R len=7
PKT t=27848 TX ua=95 mt=P len=0
PKT t=27857 RX ua=95 mt=R len=7
PKT t=27862 TX ua=95 mt=P len=0
PKT t=27891 RX ua=95 mt=R len=7
PKT t=27896 TX ua=95 mt=T len=7
PKT t=27908 TX ua=95 mt=P len=0
PKT t=27917 RX ua=95 mt=R len=7
PKT t=27922 TX ua=95 mt=P len=0
PKT t=27931 RX ua=95 mt=R len=7
PKT t=27936 TX ua=95 mt=P len=0
PKT t=27945 RX ua=95 mt=R len=7
PKT t=27950 TX ua=95 mt=P len=0
PKT t=27959 RX ua=95 mt=R len=7
PKT t=27964 TX ua=95 mt=P len=0
PKT t=27993 RX ua=95 mt=R len=7
PKT t=27998 TX ua=95 mt=P len=0
PKT t=28007 RX ua=95 mt=R len=7
PKT t=28012 TX ua=95 mt=P len=0
PKT t=28021 RX ua=95 mt=R len=7
PKT t=28026 TX ua=95 mt=P len=0
PKT t=28035 RX ua=95 mt=R len=7
PKT t=28040 TX ua=95 mt=P len=0
PKT t=28096 RX ua=95 mt=R len=7
PKT t=28101 TX ua=95 mt=P len=0
PKT t=28110 RX ua=95 mt=R len=7
PKT t=28115 TX ua=95 mt=P len=0
PKT t=28124 RX ua=95 mt=R len=7
PKT t=28129 TX ua=95 mt=P len=0
PKT t=28138 RX ua=95 mt=R len=7
PKT t=28143 TX ua=95 mt=T len=7
PKT t=28155 TX ua=95 mt=P len=0
PKT t=28164 RX ua=95 mt=R len=7
PKT t=28169 TX ua=95 mt=P len=0
PKT t=28203 RX ua=95 mt=R len=7
PKT t=28208 TX ua=95 mt=P len=0
PKT t=28217 RX ua=95 mt=R len=7
PKT t=28222 TX ua=95 mt=P len=0
PKT t=28231 RX ua=95 mt=R len=7
PKT t=28236 TX ua=95 mt=P len=0
PKT t=28245 RX ua=95 mt=R len=7
PKT t=28250 TX ua=95 mt=P len=0
PKT t=28259 RX ua=95 mt=R len=7
PKT t=28264 TX ua=95 mt=P len=0
PKT t=28298 RX ua=95 mt=R len=7
PKT t=28303 TX ua=95 mt=P len=0
PKT t=28312 RX ua=95 mt=R len=7
PKT t=28317 TX ua=95 mt=P len=0
PKT t=28326 RX ua=95 mt=R len=7
PKT t=28331 TX ua=95 mt=P len=0
PKT t=28340 RX ua=95 mt=R len=7
PKT t=28345 TX ua=95 mt=P len=0
PKT t=28354 RX ua=95 mt=R len=7
PKT t=28359 TX ua=95 mt=P len=0
PKT t=28368 RX ua=95 mt=R len=7
PKT t=28373 TX ua=95 mt=P len=0
PKT t=28402 RX ua=95 mt=R len=7
PKT t=28407 TX ua=95 mt=T len=7
PKT t=28419 TX ua=95 mt=P len=0
PKT t=28428 RX ua=95 mt=R len=7
PKT t=28433 TX ua=95 mt=P len=0
PKT t=28442 RX ua=95 mt=R len=7
PKT t=28447 TX ua=95 mt=P len=0
PKT t=28456 RX ua=95 mt=R len=7
PKT t=28461 TX ua=95 mt=P len=0
PKT t=28470 RX ua=95 mt=R len=7
PKT t=28475 TX ua=95 mt=P len=0
PKT t=28504 RX ua=95 mt=R len=7
PKT t=28509 TX ua=95 mt=P len=0
PKT t=28518 RX ua=95 mt=R len=7
PKT t=28523 TX ua=95 mt=P len=0
PKT t=28532 RX ua=95 mt=R len=7
PKT t=28537 TX ua=95 mt=P len=0
PKT t=28546 RX ua=95 mt=R len=7
PKT t=28551 TX ua=95 mt=P len=0
PKT t=28560 RX ua=95 mt=R len=7
PKT t=28565 TX ua=95 mt=P len=0
PKT t=28574 RX ua=95 mt=R len=7
PKT t=28579 TX ua=95 mt=P len=0
PKT t=28608 RX ua=95 mt=R len=7
PKT t=28613 TX ua=95 mt=P len=0
PKT t=28622 RX ua=95 mt=R len=7
PKT t=28627 TX ua=95 mt=P len=0
PKT t=28636 RX ua=95 mt=R len=7
PKT t=28641 TX ua=95 mt=T len=7
PKT t=28653 TX ua=95 mt=P len=0
PKT t=28662 RX ua=95 mt=R len=7
PKT t=28667 TX ua=95 mt=P len=0
PKT t=28676 RX ua=95 mt=R len=7
PKT t=28681 TX ua=95 mt=P len=0
PKT t=28710 RX ua=95 mt=R len=7
PKT t=28715 TX ua=95 mt=P len=0
PKT t=28724 RX ua=95 mt=R len=7
PKT t=28729 TX ua=95 mt=P len=0
PKT t=28738 RX ua=95 mt=R len=7
PKT t=28743 TX ua=95 mt=P len=0
PKT t=28752 RX ua=95 mt=R len=7
PKT t=28757 TX ua=95 mt=P len=0
PKT t=28766 RX ua=95 mt=R len=7
PKT t=28771 TX ua=95 mt=P len=0
PKT t=28780 RX ua=95 mt=R len=7
PKT t=28785 TX ua=95 mt=P len=0
PKT t=28814 RX ua=95 mt=R len=7
PKT t=28819 TX ua=95 mt=P len=0
PKT t=28828 RX ua=95 mt=R len=7
PKT t=28833 TX ua=95 mt=P len=0
PKT t=28842 RX ua=95 mt=R len=7
PKT t=28847 TX ua=95 mt=P len=0
PKT t=28856 RX ua=95 mt=R len=7
PKT t=28861 TX ua=95 mt=P len=0
PKT t=28870 RX ua=95 mt=R len=7
PKT t=28875 TX ua=95 mt=P len=0
PKT t=28884 RX ua=95 mt=R len=7
PKT t=28889 TX ua=95 mt=T len=7
PKT t=28901 TX ua=95 mt=P len=0
PKT t=28920 RX ua=95 mt=R len=7
PKT t=28925 TX ua=95 mt=P len=0
PKT t=28934 RX ua=95 mt=R len=7
PKT t=28939 TX ua=95 mt=P len=0
PKT t=28948 RX ua=95 mt=R len=7
PKT t=28953 TX ua=95 mt=P len=0
PKT t=28962 RX ua=95 mt=R len=7
PKT t=28967 TX ua=95 mt=P len=0
PKT t=28976 RX ua=95 mt=R len=7
PKT t=28981 TX ua=95 mt=P len=0
PKT t=28990 RX ua=95 mt=R len=7
PKT t=28995 TX ua=95 mt=P len=0
PKT t=29024 RX ua=95 mt=R len=7
PKT t=29029 TX ua=95 mt=P len=0
PKT t=29038 RX ua=95 mt=R len=7
PKT t=29043 TX ua=95 mt=P len=0
PKT t=29096 RX ua=95 mt=R len=7
PKT t=29101 TX ua=95 mt=P len=0
PKT t=29123 RX ua=95 mt=R len=7
PKT t=29128 TX ua=95 mt=P len=0
PKT t=29137 RX ua=95 mt=R len=7
PKT t=29142 TX ua=95 mt=T len=7
PKT t=29155 TX ua=95 mt=P len=0
PKT t=29164 RX ua=95 mt=R len=7
PKT t=29169 TX ua=95 mt=P len=0
PKT t=29178 RX ua=95 mt=R len=7
PKT t=29183 TX ua=95 mt=P len=0
PKT t=29192 RX ua=95 mt=R len=7
PKT t=29197 TX ua=95 mt=P len=0
PKT t=29226 RX ua=95 mt=R len=7
PKT t=29231 TX ua=95 mt=P len=0
PKT t=29240 RX ua=95 mt=R len=7
PKT t=29245 TX ua=95 mt=P len=0
PKT t=29254 RX ua=95 mt=R len=7
PKT t=29259 TX ua=95 mt=P len=0
PKT t=29268 RX ua=95 mt=R len=7
PKT t=29273 TX ua=95 mt=P len=0
PKT t=29282 RX ua=95 mt=R len=7
PKT t=29287 TX ua=95 mt=P len=0
PKT t=29296 RX ua=95 mt=R len=7
PKT t=29301 TX ua=95 mt=P len=0
PKT t=29330 RX ua=95 mt=R len=7
PKT t=29335 TX ua=95 mt=P len=0
PKT t=29344 RX ua=95 mt=R len=7
PKT t=29349 TX ua=95 mt=P len=0
PKT t=29358 RX ua=95 mt=R len=7
PKT t=29363 TX ua=95 mt=P len=0
PKT t=29372 RX ua=95 mt=R len=7
PKT t=29377 TX ua=95 mt=P len=0
PKT t=29386 RX ua=95 mt=R len=7
PKT t=29391 TX ua=95 mt=T len=7
PKT t=29404 TX ua=95 mt=P len=0
PKT t=29432 RX ua=95 mt=R len=7
PKT t=29437 TX ua=95 mt=P len=0
PKT t=29447 RX ua=95 mt=R len=7
PKT t=29452 TX ua=95 mt=P len=0
PKT t=29462 RX ua=95 mt=R len=7
PKT t=29467 TX ua=95 mt=P len=0
PKT t=29477 RX ua=95 mt=R len=7
PKT t=29482 TX ua=95 mt=P len=0
PKT t=29492 RX ua=95 mt=R len=7
PKT t=29497 TX ua=95 mt=P len=0
PKT t=29507 RX ua=95 mt=R len=7
PKT t=29512 TX ua=95 mt=P len=0
PKT t=29541 RX ua=95 mt=R len=7
PKT t=29546 TX ua=95 mt=P len=0
PKT t=29556 RX ua=95 mt=R len=7
PKT t=29561 TX ua=95 mt=P len=0
PKT t=29571 RX ua=95 mt=R len=7
PKT t=29576 TX ua=95 mt=P len=0
PKT t=29586 RX ua=95 mt=R len=7
PKT t=29591 TX ua=95 mt=P len=0
PKT t=29601 RX ua=95 mt=R len=7
PKT t=29606 TX ua=95 mt=P len=0
PKT t=29616 RX ua=95 mt=R len=7
PKT t=29621 TX ua=95 mt=P len=0
PKT t=29650 RX ua=95 mt=R len=7
PKT t=29655 TX ua=95 mt=T len=7
PKT t=29668 TX ua=95 mt=P len=0
PKT t=29677 RX ua=95 mt=R len=7
PKT t=29682 TX ua=95 mt=P len=0
PKT t=29691 RX ua=95 mt=R len=7
PKT t=29696 TX ua=95 mt=P len=0
PKT t=29705 RX ua=95 mt=R len=7
PKT t=29710 TX ua=95 mt=P len=0
PKT t=29719 RX ua=95 mt=R len=7
PKT t=29724 TX ua=95 mt=P len=0
PKT t=29753 RX ua=95 mt=R len=7
PKT t=29758 TX ua=95 mt=P len=0
PKT t=29767 RX ua=95 mt=R len=7
PKT t=29772 TX ua=95 mt=P len=0
PKT t=29781 RX ua=95 mt=R len=7
PKT t=29786 TX ua=95 mt=P len=0
PKT t=29795 RX ua=95 mt=R len=7
PKT t=29800 TX ua=95 mt=P len=0
PKT t=29809 RX ua=95 mt=R len=7
PKT t=29814 TX ua=95 mt=P len=0
PKT t=29823 RX ua=95 mt=R len=7
PKT t=29828 TX ua=95 mt=P len=0
PKT t=29857 RX ua=95 mt=R len=7
PKT t=29862 TX ua=95 mt=P len=0
PKT t=29871 RX ua=95 mt=R len=7
PKT t=29876 TX ua=95 mt=P len=0
PKT t=29885 RX ua=95 mt=R len=7
PKT t=29890 TX ua=95 mt=T len=7
PKT t=29903 TX ua=95 mt=P len=0
PKT t=29912 RX ua=95 mt=R len=7
PKT t=29917 TX ua=95 mt=P len=0
PKT t=29926 RX ua=95 mt=R len=7
PKT t=29931 TX ua=95 mt=P len=0
PKT t=29960 RX ua=95 mt=R len=7
PKT t=29965 TX ua=95 mt=P len=0
PKT t=29974 RX ua=95 mt=R len=7
PKT t=29979 TX ua=95 mt=P len=0
PKT t=29988 RX ua=95 mt=R len=7
PKT t=29993 TX ua=95 mt=P len=0
PKT t=30002 RX ua=95 mt=R len=7
PKT t=30007 TX ua=95 mt=P len=0
PKT t=30019 RX ua=95 mt=R len=7
PKT t=30024 TX ua=95 mt=P len=0
PKT t=30033 RX ua=95 mt=R len=7
PKT t=30038 TX ua=95 mt=P len=0
PKT t=30096 RX ua=95 mt=R len=7
PKT t=30101 TX ua=95 mt=P len=0
PKT t=30110 RX ua=95 mt=R len=7
PKT t=30115 TX ua=95 mt=P len=0
PKT t=30124 RX ua=95 mt=R len=7
PKT t=30129 TX ua=95 mt=P len=0
PKT t=30138 RX ua=95 mt=R len=7
PKT t=30143 TX ua=95 mt=T len=7
PKT t=30155 TX ua=95 mt=P len=0
PKT t=30174 RX ua=95 mt=R len=7
PKT t=30179 TX ua=95 mt=P len=0
PKT t=30188 RX ua=95 mt=R len=7
PKT t=30193 TX ua=95 mt=P len=0
PKT t=30203 RX ua=95 mt=R len=7
PKT t=30208 TX ua=95 mt=P len=0
PKT t=30217 RX ua=95 mt=R len=7
PKT t=30222 TX ua=95 mt=P len=0
PKT t=30231 RX ua=95 mt=R len=7
PKT t=30236 TX ua=95 mt=P len=0
PKT t=30245 RX ua=95 mt=R len=7
PKT t=30250 TX ua=95 mt=P len=0
PKT t=30279 RX ua=95 mt=R len=7
PKT t=30284 TX ua=95 mt=P len=0
PKT t=30293 RX ua=95 mt=R len=7
PKT t=30298 TX ua=95 mt=P len=0
PKT t=30307 RX ua=95 mt=R len=7
PKT t=30312 TX ua=95 mt=P len=0
PKT t=30321 RX ua=95 mt=R len=7
PKT t=30326 TX ua=95 mt=P len=0
PKT t=30335 RX ua=95 mt=R len=7
PKT t=30340 TX ua=95 mt=P len=0
PKT t=30349 RX ua=95 mt=R len=7
PKT t=30354 TX ua=95 mt=P len=0
PKT t=30383 RX ua=95 mt=R len=7
PKT t=30388 TX ua=95 mt=P len=0
PKT t=30397 RX ua=95 mt=R len=7
PKT t=30402 TX ua=95 mt=T len=7
PKT t=30414 TX ua=95 mt=P len=0
PKT t=30423 RX ua=95 mt=R len=7
PKT t=30428 TX ua=95 mt=P len=0
PKT t=30437 RX ua=95 mt=R len=7
PKT t=30442 TX ua=95 mt=P len=0
PKT t=30451 RX ua=95 mt=R len=7
PKT t=30456 TX ua=95 mt=P len=0
PKT t=30485 RX ua=95 mt=R len=7
PKT t=30490 TX ua=95 mt=P len=0
PKT t=30499 RX ua=95 mt=R len=7
PKT t=30504 TX ua=95 mt=P len=0
PKT t=30513 RX ua=95 mt=R len=7
PKT t=30518 TX ua=95 mt=P len=0
PKT t=30527 RX ua=95 mt=R len=7
PKT t=30532 TX ua=95 mt=P len=0
PKT t=30541 RX ua=95 mt=R len=7
PKT t=30546 TX ua=95 mt=P len=0
PKT t=30555 RX ua=95 mt=R len=7
PKT t=30560 TX ua=95 mt=P len=0
PKT t=30589 RX ua=95 mt=R len=7
PKT t=30594 TX ua=95 mt=P len=0
PKT t=30603 RX ua=95 mt=R len=7
PKT t=30608 TX ua=95 mt=P len=0
PKT t=30617 RX ua=95 mt=R len=7
PKT t=30622 TX ua=95 mt=P len=0
PKT t=30631 RX ua=95 mt=R len=7
PKT t=30636 TX ua=95 mt=P len=0
PKT t=30645 RX ua=95 mt=R len=7
PKT t=30650 TX ua=95 mt=T len=7
PKT t=30662 TX ua=95 mt=P len=0
PKT t=30690 RX ua=95 mt=R len=7
PKT t=30695 TX ua=95 mt=P len=0
PKT t=30704 RX ua=95 mt=R len=7
PKT t=30709 TX ua=95 mt=P len=0
PKT t=30718 RX ua=95 mt=R len=7
PKT t=30723 TX ua=95 mt=P len=0
PKT t=30732 RX ua=95 mt=R len=7
PKT t=30737 TX ua=95 mt=P len=0
PKT t=30746 RX ua=95 mt=R len=7
PKT t=30751 TX ua=95 mt=P len=0
PKT t=30760 RX ua=95 mt=R len=7
PKT t=30765 TX ua=95 mt=P len=0
PKT t=30794 RX ua=95 mt=R len=7
PKT t=30799 TX ua=95 mt=P len=0
PKT t=30808 RX ua=95 mt=R len=7
PKT t=30813 TX ua=95 mt=P len=0
PKT t=30822 RX ua=95 mt=R len=7
PKT t=30827 TX ua=95 mt=P len=0
PKT t=30836 RX ua=95 mt=R len=7
PKT t=30841 TX ua=95 mt=P len=0
PKT t=30850 RX ua=95 mt=R len=7
PKT t=30855 TX ua=95 mt=P len=0
PKT t=30864 RX ua=95 mt=R len=7
PKT t=30869 TX ua=95 mt=P len=0
PKT t=30898 RX ua=95 mt=R len=7
PKT t=30903 TX ua=95 mt=T len=7
PKT t=30915 TX ua=95 mt=P len=0
PKT t=30924 RX ua=95 mt=R len=7
PKT t=30929 TX ua=95 mt=P len=0
PKT t=30938 RX ua=95 mt=R len=7
PKT t=30943 TX ua=95 mt=P len=0
PKT t=30952 RX ua=95 mt=R len=7
PKT t=30957 TX ua=95 mt=P len=0
PKT t=30966 RX ua=95 mt=R len=7
PKT t=30971 TX ua=95 mt=P len=0
PKT t=31000 RX ua=95 mt=R len=7
PKT t=31005 TX ua=95 mt=P len=0
PKT t=31014 RX ua=95 mt=R len=7
PKT t=31019 TX ua=95 mt=P len=0
PKT t=31028 RX ua=95 mt=R len=7
PKT t=31033 TX ua=95 mt=P len=0
PKT t=31042 RX ua=95 mt=R len=7
PKT t=31047 TX ua=95 mt=P len=0
PKT t=31097 RX ua=95 mt=R len=7
PKT t=31352 TX ua=96 mt=P len=0
PKT t=31610 TX ua=95 mt=P len=0
PKT t=31619 RX ua=95 mt=R len=7
PKT t=31624 TX ua=95 mt=T len=7
PKT t=31636 TX ua=95 mt=P len=0
PKT t=31646 RX ua=95 mt=R len=7
PKT t=31651 TX ua=95 mt=T len=7
PKT t=31663 TX ua=95 mt=P len=0
PKT t=31672 RX ua=95 mt=R len=7
PKT t=31677 TX ua=95 mt=P len=0
PKT t=31706 RX ua=95 mt=R len=7
PKT t=31711 TX ua=95 mt=P len=0
PKT t=31720 RX ua=95 mt=R len=7
PKT t=31725 TX ua=95 mt=P len=0
PKT t=31734 RX ua=95 mt=R len=7
PKT t=31739 TX ua=95 mt=P len=0
PKT t=31748 RX ua=95 mt=R len=7
PKT t=31753 TX ua=95 mt=P len=0
PKT t=31762 RX ua=95 mt=R len=7
PKT t=31767 TX ua=95 mt=P len=0
PKT t=31776 RX ua=95 mt=R len=7
PKT t=31781 TX ua=95 mt=P len=0
PKT t=31810 RX ua=95 mt=R len=7
PKT t=31815 TX ua=95 mt=P len=0
PKT t=31824 RX ua=95 mt=R len=7
PKT t=31829 TX ua=95 mt=P len=0
PKT t=31838 RX ua=95 mt=R len=7
PKT t=31843 TX ua=95 mt=P len=0
PKT t=31852 RX ua=95 mt=R len=7
PKT t=31857 TX ua=95 mt=P len=0
PKT t=31866 RX ua=95 mt=R len=7
PKT t=31871 TX ua=95 mt=P len=0
PKT t=31880 RX ua=95 mt=R len=7
PKT t=31885 TX ua=95 mt=P len=0
PKT t=31914 RX ua=95 mt=R len=7
PKT t=31919 TX ua=95 mt=T len=7
PKT t=31931 TX ua=95 mt=P len=0
PKT t=31940 RX ua=95 mt=R len=7
PKT t=31945 TX ua=95 mt=P len=0
PKT t=31954 RX ua=95 mt=R len=7
PKT t=31959 TX ua=95 mt=P len=0
PKT t=31968 RX ua=95 mt=R len=7
PKT t=31973 TX ua=95 mt=P len=0
PKT t=31982 RX ua=95 mt=R len=7
PKT t=31987 TX ua=95 mt=P len=0
PKT t=32020 RX ua=95 mt=R len=7
PKT t=32025 TX ua=95 mt=P len=0
PKT t=32034 RX ua=95 mt=R len=7
PKT t=32039 TX ua=95 mt=P len=0
PKT t=32096 RX ua=95 mt=R len=7
PKT t=32101 TX ua=95 mt=P len=0
PKT t=32116 RX ua=95 mt=R len=7
PKT t=32120 TX ua=95 mt=P len=0
PKT t=32129 RX ua=95 mt=R len=7
PKT t=32134 TX ua=95 mt=P len=0
PKT t=32143 RX ua=95 mt=R len=7
PKT t=32148 TX ua=95 mt=T len=7
PKT t=32160 TX ua=95 mt=P len=0
PKT t=32169 RX ua=95 mt=R len=7
PKT t=32174 TX ua=95 mt=P len=0
PKT t=32184 RX ua=95 mt=R len=7
PKT t=32188 TX ua=95 mt=P len=0
PKT t=32222 RX ua=95 mt=R len=7
PKT t=32227 TX ua=95 mt=P len=0
PKT t=32236 RX ua=95 mt=R len=7
PKT t=32241 TX ua=95 mt=P len=0
PKT t=32250 RX ua=95 mt=R len=7
PKT t=32255 TX ua=95 mt=P len=0
PKT t=32264 RX ua=95 mt=R len=7
PKT t=32269 TX ua=95 mt=P len=0
PKT t=32278 RX ua=95 mt=R len=7
PKT t=32283 TX ua=95 mt=P len=0
PKT t=32292 RX ua=95 mt=R len=7
PKT t=32297 TX ua=95 mt=P len=0
PKT t=32327 RX ua=95 mt=R len=7
PKT t=32332 TX ua=95 mt=P len=0
PKT t=32341 RX ua=95 mt=R len=7
PKT t=32346 TX ua=95 mt=P len=0
PKT t=32355 RX ua=95 mt=R len=7
PKT t=32360 TX ua=95 mt=P len=0
PKT t=32369 RX ua=95 mt=R len=7
PKT t=32374 TX ua=95 mt=P len=0
PKT t=32383 RX ua=95 mt=R len=7
PKT t=32388 TX ua=95 mt=P len=0
PKT t=32397 RX ua=95 mt=R len=7
PKT t=32402 TX ua=95 mt=T len=7
PKT t=32414 TX ua=95 mt=P len=0
PKT t=32435 RX ua=95 mt=R len=7
PKT t=32440 TX ua=95 mt=P len=0
PKT t=32449 RX ua=95 mt=R len=7
PKT t=32454 TX ua=95 mt=P len=0
PKT t=32463 RX ua=95 mt=R len=7
PKT t=32468 TX ua=95 mt=P len=0
PKT t=32477 RX ua=95 mt=R len=7
PKT t=32482 TX ua=95 mt=P len=0
PKT t=32491 RX ua=95 mt=R len=7
PKT t=32496 TX ua=95 mt=P len=0
PKT t=32505 RX ua=95 mt=R len=7
PKT t=32510 TX ua=95 mt=P len=0
PKT t=32539 RX ua=95 mt=R len=7
PKT t=32544 TX ua=95 mt=P len=0
PKT t=32553 RX ua=95 mt=R len=7
PKT t=32558 TX ua=95 mt=P len=0
PKT t=32567 RX ua=95 mt=R len=7
PKT t=32572 TX ua=95 mt=P len=0
PKT t=32581 RX ua=95 mt=R len=7
PKT t=32586 TX ua=95 mt=P len=0
PKT t=32595 RX ua=95 mt=R len=7
PKT t=32600 TX ua=95 mt=P len=0
PKT t=32609 RX ua=95 mt=R len=7
PKT t=32614 TX ua=95 mt=P len=0
PKT t=32643 RX ua=95 mt=R len=7
PKT t=32648 TX ua=95 mt=T len=7
PKT t=32660 TX ua=95 mt=P len=0
PKT t=32669 RX ua=95 mt=R len=7
PKT t=32674 TX ua=95 mt=P len=0
PKT t=32683 RX ua=95 mt=R len=7
PKT t=32688 TX ua=95 mt=P len=0
PKT t=32697 RX ua=95 mt=R len=7
PKT t=32702 TX ua=95 mt=P len=0
PKT t=32711 RX ua=95 mt=R len=7
PKT t=32716 TX ua=95 mt=P len=0
PKT t=32745 RX ua=95 mt=R len=7
PKT t=32750 TX ua=95 mt=P len=0
PKT t=32759 RX ua=95 mt=R len=7
PKT t=32764 TX ua=95 mt=P len=0
PKT t=32773 RX ua=95 mt=R len=7
PKT t=32778 TX ua=95 mt=P len=0
PKT t=32787 RX ua=95 mt=R len=7
PKT t=32792 TX ua=95 mt=P len=0
PKT t=32801 RX ua=95 mt=R len=7
PKT t=32806 TX ua=95 mt=P len=0
PKT t=32815 RX ua=95 mt=R len=7
PKT t=32820 TX ua=95 mt=P len=0
PKT t=32849 RX ua=95 mt=R len=7
PKT t=32854 TX ua=95 mt=P len=0
PKT t=32863 RX ua=95 mt=R len=7
PKT t=32868 TX ua=95 mt=P len=0
PKT t=32877 RX ua=95 mt=R len=7
PKT t=32882 TX ua=95 mt=P len=0
PKT t=32891 RX ua=95 mt=R len=7
PKT t=32896 TX ua=95 mt=T len=7
PKT t=32908 TX ua=95 mt=P len=0
PKT t=32917 RX ua=95 mt=R len=7
PKT t=32922 TX ua=95 mt=P len=0
PKT t=32951 RX ua=95 mt=R len=7
PKT t=32956 TX ua=95 mt=P len=0
PKT t=32965 RX ua=95 mt=R len=7
PKT t=32970 TX ua=95 mt=P len=0
PKT t=32979 RX ua=95 mt=R len=7
PKT t=32984 TX ua=95 mt=P len=0
PKT t=32993 RX ua=95 mt=R len=7
PKT t=32998 TX ua=95 mt=P len=0
PKT t=33007 RX ua=95 mt=R len=7
PKT t=33012 TX ua=95 mt=P len=0
PKT t=33021 RX ua=95 mt=R len=7
PKT t=33026 TX ua=95 mt=P len=0
PKT t=33096 RX ua=95 mt=R len=7
PKT t=33101 TX ua=95 mt=P len=0
PKT t=33110 RX ua=95 mt=R len=7
PKT t=33115 TX ua=95 mt=P len=0
PKT t=33124 RX ua=95 mt=R len=7
PKT t=33129 TX ua=95 mt=P len=0
PKT t=33158 RX ua=95 mt=R len=7
PKT t=33163 TX ua=95 mt=T len=7
PKT t=33175 TX ua=95 mt=P len=0
PKT t=33184 RX ua=95 mt=R len=7
PKT t=33189 TX ua=95 mt=P len=0
PKT t=33198 RX ua=95 mt=R len=7
PKT t=33203 TX ua=95 mt=P len=0
PKT t=33212 RX ua=95 mt=R len=7
PKT t=33217 TX ua=95 mt=P len=0
PKT t=33227 RX ua=95 mt=R len=7
PKT t=33232 TX ua=95 mt=P len=0
PKT t=33260 RX ua=95 mt=R len=7
PKT t=33265 TX ua=95 mt=P len=0
PKT t=33274 RX ua=95 mt=R len=7
PKT t=33279 TX ua=95 mt=P len=0
PKT t=33288 RX ua=95 mt=R len=7
PKT t=33293 TX ua=95 mt=P len=0
PKT t=33302 RX ua=95 mt=R len=7
PKT t=33307 TX ua=95 mt=P len=0
PKT t=33316 RX ua=95 mt=R len=7
PKT t=33321 TX ua=95 mt=P len=0
PKT t=33330 RX ua=95 mt=R len=7
PKT t=33335 TX ua=95 mt=P len=0
PKT t=33364 RX ua=95 mt=R len=7
PKT t=33369 TX ua=95 mt=P len=0
PKT t=33378 RX ua=95 mt=R len=7
PKT t=33383 TX ua=95 mt=P len=0
PKT t=33392 RX ua=95 mt=R len=7
PKT t=33397 TX ua=95 mt=T len=7
PKT t=33409 TX ua=95 mt=P len=0
PKT t=33419 RX ua=95 mt=R len=7
PKT t=33424 TX ua=95 mt=P len=0
PKT t=33434 RX ua=95 mt=R len=7
PKT t=33439 TX ua=95 mt=P len=0
PKT t=33468 RX ua=95 mt=R len=7
PKT t=33473 TX ua=95 mt=P len=0
PKT t=33483 RX ua=95 mt=R len=7
PKT t=33488 TX ua=95 mt=P len=0
PKT t=33498 RX ua=95 mt=R len=7
PKT t=33503 TX ua=95 mt=P len=0
PKT t=33513 RX ua=95 mt=R len=7
PKT t=33518 TX ua=95 mt=P len=0
PKT t=33528 RX ua=95 mt=R len=7
PKT t=33533 TX ua=95 mt=P len=0
PKT t=33543 RX ua=95 mt=R len=7
PKT t=33548 TX ua=95 mt=P len=0
PKT t=33577 RX ua=95 mt=R len=7
PKT t=33582 TX ua=95 mt=P len=0
PKT t=33592 RX ua=95 mt=R len=7
PKT t=33597 TX ua=95 mt=P len=0
PKT t=33607 RX ua=95 mt=R len=7
PKT t=33612 TX ua=95 mt=P len=0
PKT t=33622 RX ua=95 mt=R len=7
PKT t=33627 TX ua=95 mt=P len=0
PKT t=33637 RX ua=95 mt=R len=7
PKT t=33642 TX ua=95 mt=T len=7
PKT t=33654 TX ua=95 mt=P len=0
PKT t=33682 RX ua=95 mt=R len=7
PKT t=33687 TX ua=95 mt=P len=0
PKT t=33696 RX ua=95 mt=R len=7
PKT t=33701 TX ua=95 mt=P len=0
PKT t=33710 RX ua=95 mt=R len=7
PKT t=33715 TX ua=95 mt=P len=0
PKT t=33724 RX ua=95 mt=R len=7
PKT t=33729 TX ua=95 mt=P len=0
PKT t=33738 RX ua=95 mt=R len=7
PKT t=33743 TX ua=95 mt=P len=0
PKT t=33752 RX ua=95 mt=R len=7
PKT t=33757 TX ua=95 mt=P len=0
PKT t=33786 RX ua=95 mt=R len=7
PKT t=33791 TX ua=95 mt=P len=0
PKT t=33800 RX ua=95 mt=R len=7
PKT t=33805 TX ua=95 mt=P len=0
PKT t=33814 RX ua=95 mt=R len=7
PKT t=33819 TX ua=95 mt=P len=0
PKT t=33828 RX ua=95 mt=R len=7
PKT t=33833 TX ua=95 mt=P len=0
PKT t=33842 RX ua=95 mt=R len=7
PKT t=33847 TX ua=95 mt=P len=0
PKT t=33856 RX ua=95 mt=R len=7
PKT t=33861 TX ua=95 mt=P len=0
PKT t=33890 RX ua=95 mt=R len=7
PKT t=33895 TX ua=95 mt=T len=7
PKT t=33907 TX ua=95 mt=P len=0
PKT t=33916 RX ua=95 mt=R len=7
PKT t=33921 TX ua=95 mt=P len=0
PKT t=33930 RX ua=95 mt=R len=7
PKT t=33935 TX ua=95 mt=P len=0
PKT t=33944 RX ua=95 mt=R len=7
PKT t=33949 TX ua=95 mt=P len=0
PKT t=33958 RX ua=95 mt=R len=7
PKT t=33963 TX ua=95 mt=P len=0
PKT t=33992 RX ua=95 mt=R len=7
PKT t=33997 TX ua=95 mt=P len=0
PKT t=34006 RX ua=95 mt=R len=7
PKT t=34011 TX ua=95 mt=P len=0
PKT t=34021 RX ua=95 mt=R len=7
PKT t=34026 TX ua=95 mt=P len=0
PKT t=34035 RX ua=95 mt=R len=7
PKT t=34040 TX ua=95 mt=P len=0
PKT t=34096 RX ua=95 mt=R len=7
PKT t=34101 TX ua=95 mt=P len=0
PKT t=34110 RX ua=95 mt=R len=7
PKT t=34115 TX ua=95 mt=P len=0
PKT t=34124 RX ua=95 mt=R len=7
PKT t=34129 TX ua=95 mt=P len=0
PKT t=34138 RX ua=95 mt=R len=7
PKT t=34143 TX ua=95 mt=T len=7
PKT t=34156 TX ua=95 mt=P len=0
PKT t=34165 RX ua=95 mt=R len=7
PKT t=34170 TX ua=95 mt=T len=7
PKT t=34183 TX ua=95 mt=P len=0
PKT t=34201 RX ua=95 mt=R len=7
PKT t=34206 TX ua=95 mt=P len=0
PKT t=34215 RX ua=95 mt=R len=7
PKT t=34220 TX ua=95 mt=P len=0
PKT t=34229 RX ua=95 mt=R len=7
PKT t=34234 TX ua=95 mt=P len=0
PKT t=34243 RX ua=95 mt=R len=7
PKT t=34248 TX ua=95 mt=P len=0
PKT t=34257 RX ua=95 mt=R len=7
PKT t=34262 TX ua=95 mt=P len=0
PKT t=34271 RX ua=95 mt=R len=7
PKT t=34276 TX ua=95 mt=P len=0
PKT t=34305 RX ua=95 mt=R len=7
PKT t=34310 TX ua=95 mt=P len=0
PKT t=34319 RX ua=95 mt=R len=7
PKT t=34324 TX ua=95 mt=P len=0
PKT t=34333 RX ua=95 mt=R len=7
PKT t=34338 TX ua=95 mt=P len=0
PKT t=34347 RX ua=95 mt=R len=7
PKT t=34352 TX ua=95 mt=P len=0
PKT t=34361 RX ua=95 mt=R len=7
PKT t=34366 TX ua=95 mt=P len=0
PKT t=34375 RX ua=95 mt=R len=7
PKT t=34380 TX ua=95 mt=P len=0
PKT t=34409 RX ua=95 mt=R len=7
PKT t=34414 TX ua=95 mt=T len=7
PKT t=34427 TX ua=95 mt=P len=0
PKT t=34436 RX ua=95 mt=R len=7
PKT t=34441 TX ua=95 mt=P len=0
PKT t=34450 RX ua=95 mt=R len=7
PKT t=34455 TX ua=95 mt=P len=0
PKT t=34464 RX ua=95 mt=R len=7
PKT t=34469 TX ua=95 mt=P len=0
PKT t=34478 RX ua=95 mt=R len=7
PKT t=34483 TX ua=95 mt=P len=0
PKT t=34513 RX ua=95 mt=R len=7
PKT t=34518 TX ua=95 mt=P len=0
PKT t=34527 RX ua=95 mt=R len=7
PKT t=34532 TX ua=95 mt=P len=0
PKT t=34541 RX ua=95 mt=R len=7
PKT t=34546 TX ua=95 mt=P len=0
PKT t=34555 RX ua=95 mt=R len=7
PKT t=34560 TX ua=95 mt=P len=0
PKT t=34569 RX ua=95 mt=R len=7
PKT t=34574 TX ua=95 mt=P len=0
PKT t=34583 RX ua=95 mt=R len=7
PKT t=34588 TX ua=95 mt=P len=0
PKT t=34617 RX ua=95 mt=R len=7
PKT t=34622 TX ua=95 mt=P len=0
PKT t=34631 RX ua=95 mt=R len=7
PKT t=34636 TX ua=95 mt=P len=0
PKT t=34645 RX ua=95 mt=R len=7
PKT t=34650 TX ua=95 mt=T len=7
PKT t=34663 TX ua=95 mt=P len=0
PKT t=34672 RX ua=95 mt=R len=7
PKT t=34677 TX ua=95 mt=P len=0
PKT t=34686 RX ua=95 mt=R len=7
PKT t=34691 TX ua=95 mt=P len=0
PKT t=34720 RX ua=95 mt=R len=7
PKT t=34725 TX ua=95 mt=P len=0
PKT t=34734 RX ua=95 mt=R len=7
PKT t=34739 TX ua=95 mt=P len=0
PKT t=34748 RX ua=95 mt=R len=7
PKT t=34753 TX ua=95 mt=P len=0
PKT t=34762 RX ua=95 mt=R len=7
PKT t=34767 TX ua=95 mt=P len=0
PKT t=34776 RX ua=95 mt=R len=7
PKT t=34781 TX ua=95 mt=P len=0
PKT t=34790 RX ua=95 mt=R len=7
PKT t=34795 TX ua=95 mt=P len=0
PKT t=34824 RX ua=95 mt=R len=7
PKT t=34829 TX ua=95 mt=P len=0
PKT t=34838 RX ua=95 mt=R len=7
PKT t=34843 TX ua=95 mt=P len=0
PKT t=34852 RX ua=95 mt=R len=7
PKT t=34857 TX ua=95 mt=P len=0
PKT t=34866 RX ua=95 mt=R len=7
PKT t=34871 TX ua=95 mt=P len=0
PKT t=34880 RX ua=95 mt=R len=7
PKT t=34885 TX ua=95 mt=P len=0
PKT t=34894 RX ua=95 mt=R len=7
PKT t=34899 TX ua=95 mt=T len=7
PKT t=34912 TX ua=95 mt=P len=0
PKT t=34930 RX ua=95 mt=R len=7
PKT t=34935 TX ua=95 mt=P len=0
PKT t=34944 RX ua=95 mt=R len=7
PKT t=34949 TX ua=95 mt=P len=0
PKT t=34958 RX ua=95 mt=R len=7
PKT t=34963 TX ua=95 mt=P len=0
PKT t=34972 RX ua=95 mt=R len=7
PKT t=34977 TX ua=95 mt=P len=0
PKT t=34986 RX ua=95 mt=R len=7
PKT t=34991 TX ua=95 mt=P len=0
PKT t=35000 RX ua=95 mt=R len=7
PKT t=35005 TX ua=95 mt=P len=0
PKT t=35034 RX ua=95 mt=R len=7
PKT t=35039 TX ua=95 mt=P len=0
PKT t=35096 RX ua=95 mt=R len=7
PKT t=35101 TX ua=95 mt=P len=0
PKT t=35133 RX ua=95 mt=R len=7
PKT t=35138 TX ua=95 mt=P len=0
PKT t=35147 RX ua=95 mt=R len=7
PKT t=35152 TX ua=95 mt=T len=7
PKT t=35164 TX ua=95 mt=P len=0
PKT t=35173 RX ua=95 mt=R len=7
PKT t=35178 TX ua=95 mt=P len=0
PKT t=35187 RX ua=95 mt=R len=7
PKT t=35192 TX ua=95 mt=P len=0
PKT t=35201 RX ua=95 mt=R len=7
PKT t=35206 TX ua=95 mt=P len=0
PKT t=35235 RX ua=95 mt=R len=7
PKT t=35240 TX ua=95 mt=P len=0
PKT t=35249 RX ua=95 mt=R len=7
PKT t=35254 TX ua=95 mt=P len=0
PKT t=35263 RX ua=95 mt=R len=7
PKT t=35268 TX ua=95 mt=P len=0
PKT t=35277 RX ua=95 mt=R len=7
PKT t=35282 TX ua=95 mt=P len=0
PKT t=35291 RX ua=95 mt=R len=7
PKT t=35296 TX ua=95 mt=P len=0
PKT t=35305 RX ua=95 mt=R len=7
PKT t=35310 TX ua=95 mt=P len=0
PKT t=35339 RX ua=95 mt=R len=7
PKT t=35344 TX ua=95 mt=P len=0
PKT t=35353 RX ua=95 mt=R len=7
PKT t=35358 TX ua=95 mt=P len=0
PKT t=35367 RX ua=95 mt=R len=7
PKT t=35372 TX ua=95 mt=P len=0
PKT t=35381 RX ua=95 mt=R len=7
PKT t=35386 TX ua=95 mt=P len=0
PKT t=35395 RX ua=95 mt=R len=7
PKT t=35400 TX ua=95 mt=T len=7
PKT t=35412 TX ua=95 mt=P len=0
PKT t=35440 RX ua=95 mt=R len=7
PKT t=35445 TX ua=95 mt=P len=0
PKT t=35455 RX ua=95 mt=R len=7
PKT t=35460 TX ua=95 mt=P len=0
PKT t=35470 RX ua=95 mt=R len=7
PKT t=35475 TX ua=95 mt=P len=0
PKT t=35485 RX ua=95 mt=R len=7
PKT t=35490 TX ua=95 mt=P len=0
PKT t=35500 RX ua=95 mt=R len=7
PKT t=35505 TX ua=95 mt=P len=0
PKT t=35515 RX ua=95 mt=R len=7
PKT t=35520 TX ua=95 mt=P len=0
PKT t=35549 RX ua=95 mt=R len=7
PKT t=35554 TX ua=95 mt=P len=0
PKT t=35564 RX ua=95 mt=R len=7
PKT t=35569 TX ua=95 mt=P len=0
PKT t=35579 RX ua=95 mt=R len=7
PKT t=35584 TX ua=95 mt=P len=0
PKT t=35594 RX ua=95 mt=R len=7
PKT t=35599 TX ua=95 mt=P len=0
PKT t=35609 RX ua=95 mt=R len=7
PKT t=35614 TX ua=95 mt=P len=0
PKT t=35624 RX ua=95 mt=R len=7
PKT t=35629 TX ua=95 mt=P len=0
PKT t=35658 RX ua=95 mt=R len=7
PKT t=35663 TX ua=95 mt=T len=7
PKT t=35675 TX ua=95 mt=P len=0
PKT t=35684 RX ua=95 mt=R len=7
PKT t=35689 TX ua=95 mt=P len=0
PKT t=35698 RX ua=95 mt=R len=7
PKT t=35703 TX ua=95 mt=P len=0
PKT t=35712 RX ua=95 mt=R len=7
PKT t=35717 TX ua=95 mt=P len=0
PKT t=35726 RX ua=95 mt=R len=7
PKT t=35731 TX ua=95 mt=P len=0
PKT t=35760 RX ua=95 mt=R len=7
PKT t=35765 TX ua=95 mt=P len=0
PKT t=35774 RX ua=95 mt=R len=7
PKT t=35779 TX ua=95 mt=P len=0
PKT t=35788 RX ua=95 mt=R len=7
PKT t=35793 TX ua=95 mt=P len=0
PKT t=35802 RX ua=95 mt=R len=7
PKT t=35807 TX ua=95 mt=P len=0
PKT t=35816 RX ua=95 mt=R len=7
PKT t=35821 TX ua=95 mt=P len=0
PKT t=35830 RX ua=95 mt=R len=7
PKT t=35835 TX ua=95 mt=P len=0
PKT t=35864 RX ua=95 mt=R len=7
PKT t=35869 TX ua=95 mt=P len=0
PKT t=35878 RX ua=95 mt=R len=7
PKT t=35883 TX ua=95 mt=P len=0
PKT t=35892 RX ua=95 mt=R len=7
PKT t=35897 TX ua=95 mt=T len=7
PKT t=35909 TX ua=95 mt=P len=0
PKT t=35918 RX ua=95 mt=R len=7
PKT t=35923 TX ua=95 mt=P len=0
PKT t=35932 RX ua=95 mt=R len=7
PKT t=35937 TX ua=95 mt=P len=0
PKT t=35966 RX ua=95 mt=R len=7
PKT t=35971 TX ua=95 mt=P len=0
PKT t=35980 RX ua=95 mt=R len=7
PKT t=35985 TX ua=95 mt=P len=0
PKT t=35994 RX ua=95 mt=R len=7
PKT t=35999 TX ua=95 mt=P len=0
PKT t=36008 RX ua=95 mt=R len=7
PKT t=36013 TX ua=95 mt=P len=0
PKT t=36022 RX ua=95 mt=R len=7
PKT t=36027 TX ua=95 mt=P len=0
PKT t=36036 RX ua=95 mt=R len=7
PKT t=36041 TX ua=95 mt=P len=0
PKT t=36096 RX ua=95 mt=R len=7
PKT t=36101 TX ua=95 mt=P len=0
PKT t=36110 RX ua=95 mt=R len=7
PKT t=36115 TX ua=95 mt=P len=0
PKT t=36124 RX ua=95 mt=R len=7
PKT t=36129 TX ua=95 mt=P len=0
PKT t=36138 RX ua=95 mt=R len=7
PKT t=36143 TX ua=95 mt=T len=7
PKT t=36155 TX ua=95 mt=P len=0
PKT t=36174 RX ua=95 mt=R len=7
PKT t=36179 TX ua=95 mt=P len=0
PKT t=36188 RX ua=95 mt=R len=7
PKT t=36193 TX ua=95 mt=P len=0
PKT t=36202 RX ua=95 mt=R len=7
PKT t=36207 TX ua=95 mt=P len=0
PKT t=36216 RX ua=95 mt=R len=7
PKT t=36221 TX ua=95 mt=P len=0
PKT t=36230 RX ua=95 mt=R len=7
PKT t=36235 TX ua=95 mt=P len=0
PKT t=36244 RX ua=95 mt=R len=7
PKT t=36249 TX ua=95 mt=P len=0
PKT t=36278 RX ua=95 mt=R len=7
PKT t=36283 TX ua=95 mt=P len=0
PKT t=36292 RX ua=95 mt=R len=7
PKT t=36297 TX ua=95 mt=P len=0
PKT t=36306 RX ua=95 mt=R len=7
PKT t=36311 TX ua=95 mt=P len=0
PKT t=36320 RX ua=95 mt=R len=7
PKT t=36325 TX ua=95 mt=P len=0
PKT t=36334 RX ua=95 mt=R len=7
PKT t=36339 TX ua=95 mt=P len=0
PKT t=36348 RX ua=95 mt=R len=7
PKT t=36353 TX ua=95 mt=P len=0
PKT t=36382 RX ua=95 mt=R len=7
PKT t=36387 TX ua=95 mt=P len=0
PKT t=36396 RX ua=95 mt=R len=7
PKT t=36401 TX ua=95 mt=T len=7
PKT t=36413 TX ua=95 mt=P len=0
PKT t=36422 RX ua=95 mt=R len=7
PKT t=36427 TX ua=95 mt=P len=0
PKT t=36436 RX ua=95 mt=R len=7
PKT t=36441 TX ua=95 mt=P len=0
PKT t=36450 RX ua=95 mt=R len=7
PKT t=36455 TX ua=95 mt=P len=0
PKT t=36484 RX ua=95 mt=R len=7
PKT t=36489 TX ua=95 mt=P len=0
PKT t=36498 RX ua=95 mt=R len=7
PKT t=36503 TX ua=95 mt=P len=0
PKT t=36512 RX ua=95 mt=R len=7
PKT t=36517 TX ua=95 mt=P len=0
PKT t=36526 RX ua=95 mt=R len=7
PKT t=36531 TX ua=95 mt=P len=0
PKT t=36540 RX ua=95 mt=R len=7
PKT t=36545 TX ua=95 mt=P len=0
PKT t=36554 RX ua=95 mt=R len=7
PKT t=36559 TX ua=95 mt=P len=0
PKT t=36588 RX ua=95 mt=R len=7
PKT t=36593 TX ua=95 mt=P len=0
PKT t=36602 RX ua=95 mt=R len=7
PKT t=36607 TX ua=95 mt=P len=0
PKT t=36616 RX ua=95 mt=R len=7
PKT t=36621 TX ua=95 mt=P len=0
PKT t=36630 RX ua=95 mt=R len=7
PKT t=36635 TX ua=95 mt=P len=0
PKT t=36644 RX ua=95 mt=R len=7
PKT t=36649 TX ua=95 mt=T len=7
PKT t=36661 TX ua=95 mt=P len=0
PKT t=36689 RX ua=95 mt=R len=7
PKT t=36694 TX ua=95 mt=P len=0
PKT t=36703 RX ua=95 mt=R len=7
PKT t=36708 TX ua=95 mt=P len=0
PKT t=36717 RX ua=95 mt=R len=7
PKT t=36722 TX ua=95 mt=P len=0
PKT t=36731 RX ua=95 mt=R len=7
PKT t=36736 TX ua=95 mt=P len=0
PKT t=36745 RX ua=95 mt=R len=7
PKT t=36750 TX ua=95 mt=P len=0
PKT t=36759 RX ua=95 mt=R len=7
PKT t=36764 TX ua=95 mt=P len=0
PKT t=36793 RX ua=95 mt=R len=7
PKT t=36798 TX ua=95 mt=P len=0
PKT t=36807 RX ua=95 mt=R len=7
PKT t=36812 TX ua=95 mt=P len=0
PKT t=36821 RX ua=95 mt=R len=7
PKT t=36826 TX ua=95 mt=P len=0
PKT t=36835 RX ua=95 mt=R len=7
PKT t=36840 TX ua=95 mt=P len=0
PKT t=36849 RX ua=95 mt=R len=7
PKT t=36854 TX ua=95 mt=P len=0
PKT t=36863 RX ua=95 mt=R len=7
PKT t=36868 TX ua=95 mt=P len=0
PKT t=36897 RX ua=95 mt=R len=7
PKT t=36902 TX ua=95 mt=T len=7
PKT t=36914 TX ua=95 mt=P len=0
PKT t=36923 RX ua=95 mt=R len=7
PKT t=36928 TX ua=95 mt=P len=0
PKT t=36937 RX ua=95 mt=R len=7
PKT t=36942 TX ua=95 mt=P len=0
PKT t=36951 RX ua=95 mt=R len=7
PKT t=36956 TX ua=95 mt=P len=0
PKT t=36965 RX ua=95 mt=R len=7
PKT t=36970 TX ua=95 mt=P len=0
PKT t=36999 RX ua=95 mt=R len=7
PKT t=37004 TX ua=95 mt=P len=0
PKT t=37013 RX ua=95 mt=R len=7
PKT t=37018 TX ua=95 mt=P len=0
PKT t=37027 RX ua=95 mt=R len=7
PKT t=37032 TX ua=95 mt=P len=0
PKT t=37041 RX ua=95 mt=R len=7
PKT t=37046 TX ua=95 mt=P len=0
PKT t=37096 RX ua=95 mt=R len=7
