PKT t=7137 RX ua=95 mt=R len=7
PKT t=7142 TX ua=95 mt=T len=7
PKT t=7154 TX ua=95 mt=P len=0
PKT t=7163 RX ua=95 mt=R len=7
PKT t=7168 TX ua=95 mt=P len=0
PKT t=7197 RX ua=95 mt=R len=7
PKT t=7202 TX ua=95 mt=P len=0
PKT t=7211 RX ua=95 mt=R len=7
PKT t=7216 TX ua=95 mt=P len=0
PKT t=7225 RX ua=95 mt=R len=7
PKT t=7230 TX ua=95 mt=P len=0
PKT t=7239 RX ua=95 mt=R len=7
PKT t=7244 TX ua=95 mt=P len=0
PKT t=7296 RX ua=95 mt=R len=7
PKT t=7301 TX ua=95 mt=P len=0
PKT t=7310 RX ua=95 mt=R len=7
PKT t=7315 TX ua=95 mt=P len=0
PKT t=7324 RX ua=95 mt=R len=7
PKT t=7329 TX ua=95 mt=P len=0
PKT t=7338 RX ua=95 mt=R len=7
PKT t=7343 TX ua=95 mt=P len=0
PKT t=7352 RX ua=95 mt=R len=7
PKT t=7357 TX ua=95 mt=P len=0
PKT t=7366 RX ua=95 mt=R len=7
PKT t=7371 TX ua=95 mt=P len=0
PKT t=7400 RX ua=95 mt=R len=7
PKT t=7405 TX ua=95 mt=T len=7
PKT t=7417 TX ua=95 mt=P len=0
PKT t=7427 RX ua=95 mt=R len=7
PKT t=7432 TX ua=95 mt=P len=0
PKT t=7442 RX ua=95 mt=R len=7
PKT t=7447 TX ua=95 mt=P len=0
PKT t=7457 RX ua=95 mt=R len=7
PKT t=7462 TX ua=95 mt=P len=0
PKT t=7472 RX ua=95 mt=R len=7
PKT t=7477 TX ua=95 mt=P len=0
PKT t=7506 RX ua=95 mt=R len=7
PKT t=7511 TX ua=95 mt=P len=0
PKT t=7521 RX ua=95 mt=R len=7
PKT t=7526 TX ua=95 mt=P len=0
PKT t=7536 RX ua=95 mt=R len=7
PKT t=7541 TX ua=95 mt=P len=0
PKT t=7596 RX ua=95 mt=R len=7
PKT t=7601 TX ua=95 mt=P len=0
PKT t=7611 RX ua=95 mt=R len=7
PKT t=7616 TX ua=95 mt=P len=0
PKT t=7626 RX ua=95 mt=R len=7
PKT t=7631 TX ua=95 mt=P len=0
PKT t=7641 RX ua=95 mt=R len=7
PKT t=7646 TX ua=95 mt=P len=0
PKT t=7656 RX ua=95 mt=R len=7
PKT t=7661 TX ua=95 mt=T len=7
PKT t=7673 TX ua=95 mt=P len=0
PKT t=7705 RX ua=95 mt=R len=7
PKT t=7710 TX ua=95 mt=P len=0
PKT t=7719 RX ua=95 mt=R len=7
PKT t=7724 TX ua=95 mt=P len=0
PKT t=7733 RX ua=95 mt=R len=7
PKT t=7738 TX ua=95 mt=P len=0
PKT t=7747 RX ua=95 mt=R len=7
PKT t=7752 TX ua=95 mt=P len=0
PKT t=7761 RX ua=95 mt=R len=7
PKT t=7766 TX ua=95 mt=P len=0
PKT t=7775 RX ua=95 mt=R len=7
PKT t=7780 TX ua=95 mt=P len=0
PKT t=7809 RX ua=95 mt=R len=7
PKT t=7814 TX ua=95 mt=P len=0
PKT t=7823 RX ua=95 mt=R len=7
PKT t=7828 TX ua=95 mt=P len=0
PKT t=7837 RX ua=95 mt=R len=7
PKT t=7842 TX ua=95 mt=P len=0
PKT t=7896 RX ua=95 mt=R len=7
PKT t=7901 TX ua=95 mt=T len=7
PKT t=7913 TX ua=95 mt=P len=0
PKT t=7922 RX ua=95 mt=R len=7
PKT t=7927 TX ua=95 mt=P len=0
PKT t=7936 RX ua=95 mt=R len=7
PKT t=7941 TX ua=95 mt=P len=0
PKT t=7950 RX ua=95 mt=R len=7
PKT t=7955 TX ua=95 mt=P len=0
PKT t=7964 RX ua=95 mt=R len=7
PKT t=7969 TX ua=95 mt=P len=0
PKT t=7978 RX ua=95 mt=R len=7
PKT t=7983 TX ua=95 mt=P len=0
PKT t=8012 RX ua=95 mt=R len=7
PKT t=8017 TX ua=95 mt=P len=0
PKT t=8026 RX ua=95 mt=R len=7
PKT t=8031 TX ua=95 mt=P len=0
PKT t=8040 RX ua=95 mt=R len=7
PKT t=8045 TX ua=95 mt=P len=0
PKT t=8054 RX ua=95 mt=R len=7
PKT t=8059 TX ua=95 mt=P len=0
PKT t=8068 RX ua=95 mt=R len=7
PKT t=8073 TX ua=95 mt=P len=0
PKT t=8082 RX ua=95 mt=R len=7
PKT t=8087 TX ua=95 mt=P len=0
PKT t=8120 RX ua=95 mt=R len=7
PKT t=8125 TX ua=95 mt=P len=0
PKT t=8134 RX ua=95 mt=R len=7
PKT t=8139 TX ua=95 mt=T len=7
PKT t=8196 TX ua=95 mt=T len=7
PKT t=8208 TX ua=95 mt=P len=0
PKT t=8217 RX ua=95 mt=R len=7
PKT t=8222 TX ua=95 mt=P len=0
PKT t=8231 RX ua=95 mt=R len=7
PKT t=8236 TX ua=95 mt=P len=0
PKT t=8245 RX ua=95 mt=R len=7
PKT t=8250 TX ua=95 mt=P len=0
PKT t=8259 RX ua=95 mt=R len=7
PKT t=8264 TX ua=95 mt=P len=0
PKT t=8273 RX ua=95 mt=R len=7
PKT t=8278 TX ua=95 mt=P len=0
PKT t=8287 RX ua=95 mt=R len=7
PKT t=8292 TX ua=95 mt=P len=0
PKT t=8321 RX ua=95 mt=R len=7
PKT t=8326 TX ua=95 mt=P len=0
PKT t=8335 RX ua=95 mt=R len=7
PKT t=8340 TX ua=95 mt=P len=0
PKT t=8349 RX ua=95 mt=R len=7
PKT t=8354 TX ua=95 mt=P len=0
PKT t=8363 RX ua=95 mt=R len=7
PKT t=8368 TX ua=95 mt=P len=0
PKT t=8377 RX ua=95 mt=R len=7
PKT t=8382 TX ua=95 mt=P len=0
PKT t=8391 RX ua=95 mt=R len=7
PKT t=8396 TX ua=95 mt=P len=0
PKT t=8425 RX ua=95 mt=R len=7
PKT t=8430 TX ua=95 mt=T len=7
PKT t=8442 TX ua=95 mt=P len=0
PKT t=8496 RX ua=95 mt=R len=7
PKT t=8501 TX ua=95 mt=P len=0
PKT t=8524 RX ua=95 mt=R len=7
PKT t=8529 TX ua=95 mt=P len=0
PKT t=8538 RX ua=95 mt=R len=7
PKT t=8543 TX ua=95 mt=P len=0
PKT t=8552 RX ua=95 mt=R len=7
PKT t=8557 TX ua=95 mt=P len=0
PKT t=8566 RX ua=95 mt=R len=7
PKT t=8571 TX ua=95 mt=P len=0
PKT t=8580 RX ua=95 mt=R len=7
PKT t=8585 TX ua=95 mt=P len=0
PKT t=8594 RX ua=95 mt=R len=7
PKT t=8599 TX ua=95 mt=P len=0
PKT t=8628 RX ua=95 mt=R len=7
PKT t=8633 TX ua=95 mt=P len=0
PKT t=8643 RX ua=95 mt=R len=7
PKT t=8647 TX ua=95 mt=T len=7
PKT t=8659 TX ua=95 mt=P len=0
PKT t=8668 RX ua=95 mt=R len=7
PKT t=8673 TX ua=95 mt=P len=0
PKT t=8682 RX ua=95 mt=R len=7
PKT t=8687 TX ua=95 mt=P len=0
PKT t=8696 RX ua=95 mt=R len=7
PKT t=8701 TX ua=95 mt=P len=0
PKT t=8730 RX ua=95 mt=R len=7
PKT t=8735 TX ua=95 mt=P len=0
PKT t=8744 RX ua=95 mt=R len=7
PKT t=8796 TX ua=95 mt=P len=0
PKT t=8829 RX ua=95 mt=R len=7
PKT t=8834 TX ua=95 mt=P len=0
PKT t=8843 RX ua=95 mt=R len=7
PKT t=8848 TX ua=95 mt=P len=0
PKT t=8857 RX ua=95 mt=R len=7
PKT t=8862 TX ua=95 mt=P len=0
PKT t=8871 RX ua=95 mt=R len=7
PKT t=8876 TX ua=95 mt=P len=0
PKT t=8885 RX ua=95 mt=R len=7
PKT t=8890 TX ua=95 mt=P len=0
PKT t=8899 RX ua=95 mt=R len=7
PKT t=8904 TX ua=95 mt=T len=7
PKT t=8916 TX ua=95 mt=P len=0
PKT t=8935 RX ua=95 mt=R len=7
PKT t=8940 TX ua=95 mt=P len=0
PKT t=8949 RX ua=95 mt=R len=7
PKT t=8954 TX ua=95 mt=P len=0
PKT t=8963 RX ua=95 mt=R len=7
PKT t=8968 TX ua=95 mt=P len=0
PKT t=8977 RX ua=95 mt=R len=7
PKT t=8982 TX ua=95 mt=P len=0
PKT t=8991 RX ua=95 mt=R len=7
PKT t=8996 TX ua=95 mt=P len=0
PKT t=9005 RX ua=95 mt=R len=7
PKT t=9010 TX ua=95 mt=P len=0
PKT t=9039 RX ua=95 mt=R len=7
PKT t=9044 TX ua=95 mt=P len=0
PKT t=9096 RX ua=95 mt=R len=7
PKT t=9101 TX ua=95 mt=P len=0
PKT t=9110 RX ua=95 mt=R len=7
PKT t=9115 TX ua=95 mt=P len=0
PKT t=9144 RX ua=95 mt=R len=7
PKT t=9149 TX ua=95 mt=T len=7
PKT t=9161 TX ua=95 mt=P len=0
PKT t=9170 RX ua=95 mt=R len=7
PKT t=9175 TX ua=95 mt=P len=0
PKT t=9184 RX ua=95 mt=R len=7
PKT t=9189 TX ua=95 mt=P len=0
PKT t=9198 RX ua=95 mt=R len=7
PKT t=9203 TX ua=95 mt=P len=0
PKT t=9212 RX ua=95 mt=R len=7
PKT t=9217 TX ua=95 mt=P len=0
PKT t=9246 RX ua=95 mt=R len=7
PKT t=9251 TX ua=95 mt=P len=0
PKT t=9260 RX ua=95 mt=R len=7
PKT t=9265 TX ua=95 mt=P len=0
PKT t=9274 RX ua=95 mt=R len=7
PKT t=9279 TX ua=95 mt=P len=0
PKT t=9288 RX ua=95 mt=R len=7
PKT t=9293 TX ua=95 mt=P len=0
PKT t=9302 RX ua=95 mt=R len=7
PKT t=9307 TX ua=95 mt=P len=0
PKT t=9316 RX ua=95 mt=R len=7
PKT t=9321 TX ua=95 mt=P len=0
PKT t=9396 RX ua=95 mt=R len=7
PKT t=9401 TX ua=95 mt=T len=7
PKT t=9413 TX ua=95 mt=P len=0
PKT t=9423 RX ua=95 mt=R len=7
PKT t=9428 TX ua=95 mt=P len=0
PKT t=9457 RX ua=95 mt=R len=7
PKT t=9462 TX ua=95 mt=P len=0
PKT t=9472 RX ua=95 mt=R len=7
PKT t=9477 TX ua=95 mt=P len=0
PKT t=9487 RX ua=95 mt=R len=7
PKT t=9492 TX ua=95 mt=P len=0
PKT t=9502 RX ua=95 mt=R len=7
PKT t=9507 TX ua=95 mt=P len=0
PKT t=9517 RX ua=95 mt=R len=7
PKT t=9522 TX ua=95 mt=P len=0
PKT t=9532 RX ua=95 mt=R len=7
PKT t=9537 TX ua=95 mt=P len=0
PKT t=9566 RX ua=95 mt=R len=7
PKT t=9571 TX ua=95 mt=P len=0
PKT t=9581 RX ua=95 mt=R len=7
PKT t=9586 TX ua=95 mt=P len=0
PKT t=9596 RX ua=95 mt=R len=7
PKT t=9601 TX ua=95 mt=P len=0
PKT t=9611 RX ua=95 mt=R len=7
PKT t=9616 TX ua=95 mt=P len=0
PKT t=9626 RX ua=95 mt=R len=7
PKT t=9631 TX ua=95 mt=P len=0
PKT t=9641 RX ua=95 mt=R len=7
PKT t=9646 TX ua=95 mt=P len=0
PKT t=9696 RX ua=95 mt=R len=7
PKT t=9996 TX ua=96 mt=I len=13
PKT t=10504 TX ua=96 mt=T len=4
PKT t=10515 TX ua=95 mt=P len=0
PKT t=10525 RX ua=95 mt=R len=7
PKT t=10530 TX ua=95 mt=T len=7
PKT t=10543 TX ua=95 mt=P len=0
PKT t=10596 RX ua=95 mt=R len=7
PKT t=10601 TX ua=95 mt=T len=7
PKT t=10614 TX ua=95 mt=P len=0
PKT t=10623 RX ua=95 mt=R len=7
PKT t=10628 TX ua=95 mt=P len=0
PKT t=10637 RX ua=95 mt=R len=7
PKT t=10642 TX ua=95 mt=P len=0
PKT t=10674 RX ua=95 mt=R len=7
PKT t=10679 TX ua=95 mt=T len=7
PKT t=10692 TX ua=95 mt=P len=0
PKT t=10701 RX ua=95 mt=R len=7
PKT t=10706 TX ua=95 mt=P len=0
PKT t=10715 RX ua=95 mt=R len=7
PKT t=10720 TX ua=95 mt=P len=0
PKT t=10729 RX ua=95 mt=R len=7
PKT t=10734 TX ua=95 mt=P len=0
PKT t=10743 RX ua=95 mt=R len=7
PKT t=10748 TX ua=95 mt=P len=0
PKT t=10777 RX ua=95 mt=R len=7
PKT t=10782 TX ua=95 mt=P len=0
PKT t=10791 RX ua=95 mt=R len=7
PKT t=10796 TX ua=95 mt=P len=0
PKT t=10805 RX ua=95 mt=R len=7
PKT t=10810 TX ua=95 mt=P len=0
PKT t=10819 RX ua=95 mt=R len=7
PKT t=10824 TX ua=95 mt=P len=0
PKT t=10833 RX ua=95 mt=R len=7
PKT t=10838 TX ua=95 mt=P len=0
PKT t=10896 RX ua=95 mt=R len=7
PKT t=10901 TX ua=95 mt=T len=7
PKT t=10914 TX ua=95 mt=P len=0
PKT t=10923 RX ua=95 mt=R len=7
PKT t=10928 TX ua=95 mt=P len=0
PKT t=10937 RX ua=95 mt=R len=7
PKT t=10942 TX ua=95 mt=P len=0
PKT t=10951 RX ua=95 mt=R len=7
PKT t=10956 TX ua=95 mt=P len=0
PKT t=10985 RX ua=95 mt=R len=7
PKT t=10990 TX ua=95 mt=P len=0
PKT t=10999 RX ua=95 mt=R len=7
PKT t=11004 TX ua=95 mt=P len=0
PKT t=11013 RX ua=95 mt=R len=7
PKT t=11018 TX ua=95 mt=P len=0
PKT t=11027 RX ua=95 mt=R len=7
PKT t=11032 TX ua=95 mt=P len=0
PKT t=11041 RX ua=95 mt=R len=7
PKT t=11046 TX ua=95 mt=P len=0
PKT t=11055 RX ua=95 mt=R len=7
PKT t=11060 TX ua=95 mt=P len=0
PKT t=11089 RX ua=95 mt=R len=7
PKT t=11094 TX ua=95 mt=P len=0
PKT t=11103 RX ua=95 mt=R len=7
PKT t=11108 TX ua=95 mt=P len=0
PKT t=11117 RX ua=95 mt=R len=7
PKT t=11122 TX ua=95 mt=P len=0
PKT t=11131 RX ua=95 mt=R len=7
PKT t=11136 TX ua=95 mt=P len=0
PKT t=11145 RX ua=95 mt=R len=7
PKT t=11196 TX ua=95 mt=T len=7
PKT t=11208 TX ua=95 mt=P len=0
PKT t=11217 RX ua=95 mt=R len=7
PKT t=11222 TX ua=95 mt=P len=0
PKT t=11231 RX ua=95 mt=R len=7
PKT t=11236 TX ua=95 mt=P len=0
PKT t=11245 RX ua=95 mt=R len=7
PKT t=11250 TX ua=95 mt=P len=0
PKT t=11259 RX ua=95 mt=R len=7
PKT t=11264 TX ua=95 mt=P len=0
PKT t=11293 RX ua=95 mt=R len=7
PKT t=11298 TX ua=95 mt=P len=0
PKT t=11307 RX ua=95 mt=R len=7
PKT t=11312 TX ua=95 mt=P len=0
PKT t=11321 RX ua=95 mt=R len=7
PKT t=11326 TX ua=95 mt=P len=0
PKT t=11335 RX ua=95 mt=R len=7
PKT t=11340 TX ua=95 mt=P len=0
PKT t=11349 RX ua=95 mt=R len=7
PKT t=11354 TX ua=95 mt=P len=0
PKT t=11363 RX ua=95 mt=R len=7
PKT t=11368 TX ua=95 mt=P len=0
PKT t=11397 RX ua=95 mt=R len=7
PKT t=11402 TX ua=95 mt=T len=7
PKT t=11414 TX ua=95 mt=P len=0
PKT t=11424 RX ua=95 mt=R len=7
PKT t=11429 TX ua=95 mt=P len=0
PKT t=11439 RX ua=95 mt=R len=7
PKT t=11444 TX ua=95 mt=P len=0
PKT t=11496 RX ua=95 mt=R len=7
PKT t=11501 TX ua=95 mt=P len=0
PKT t=11511 RX ua=95 mt=R len=7
PKT t=11516 TX ua=95 mt=P len=0
PKT t=11526 RX ua=95 mt=R len=7
PKT t=11531 TX ua=95 mt=P len=0
PKT t=11541 RX ua=95 mt=R len=7
PKT t=11546 TX ua=95 mt=P len=0
PKT t=11556 RX ua=95 mt=R len=7
PKT t=11561 TX ua=95 mt=P len=0
PKT t=11571 RX ua=95 mt=R len=7
PKT t=11576 TX ua=95 mt=P len=0
PKT t=11605 RX ua=95 mt=R len=7
PKT t=11610 TX ua=95 mt=P len=0
PKT t=11620 RX ua=95 mt=R len=7
PKT t=11625 TX ua=95 mt=P len=0
PKT t=11635 RX ua=95 mt=R len=7
PKT t=11640 TX ua=95 mt=P len=0
PKT t=11650 RX ua=95 mt=R len=7
PKT t=11655 TX ua=95 mt=T len=7
PKT t=11667 TX ua=95 mt=P len=0
PKT t=11676 RX ua=95 mt=R len=7
PKT t=11681 TX ua=95 mt=P len=0
PKT t=11710 RX ua=95 mt=R len=7
PKT t=11715 TX ua=95 mt=P len=0
PKT t=11724 RX ua=95 mt=R len=7
PKT t=11729 TX ua=95 mt=P len=0
PKT t=11739 RX ua=95 mt=R len=7
PKT t=11744 TX ua=95 mt=P len=0
PKT t=11796 RX ua=95 mt=R len=7
PKT t=11801 TX ua=95 mt=P len=0
PKT t=11810 RX ua=95 mt=R len=7
PKT t=11815 TX ua=95 mt=P len=0
PKT t=11824 RX ua=95 mt=R len=7
PKT t=11829 TX ua=95 mt=P len=0
PKT t=11838 RX ua=95 mt=R len=7
PKT t=11843 TX ua=95 mt=P len=0
PKT t=11852 RX ua=95 mt=R len=7
PKT t=11857 TX ua=95 mt=P len=0
PKT t=11866 RX ua=95 mt=R len=7
PKT t=11871 TX ua=95 mt=P len=0
PKT t=11880 RX ua=95 mt=R len=7
PKT t=11885 TX ua=95 mt=P len=0
PKT t=11914 RX ua=95 mt=R len=7
PKT t=11919 TX ua=95 mt=T len=7
PKT t=11931 TX ua=95 mt=P len=0
PKT t=11940 RX ua=95 mt=R len=7
PKT t=11945 TX ua=95 mt=P len=0
PKT t=11954 RX ua=95 mt=R len=7
PKT t=11959 TX ua=95 mt=P len=0
PKT t=11968 RX ua=95 mt=R len=7
PKT t=11973 TX ua=95 mt=P len=0
PKT t=11982 RX ua=95 mt=R len=7
PKT t=11987 TX ua=95 mt=P len=0
PKT t=12016 RX ua=95 mt=R len=7
PKT t=12021 TX ua=95 mt=P len=0
PKT t=12030 RX ua=95 mt=R len=7
PKT t=12035 TX ua=95 mt=P len=0
PKT t=12044 RX ua=95 mt=R len=7
PKT t=12096 TX ua=95 mt=P len=0
PKT t=12115 RX ua=95 mt=R len=7
PKT t=12120 TX ua=95 mt=P len=0
PKT t=12129 RX ua=95 mt=R len=7
PKT t=12134 TX ua=95 mt=P len=0
PKT t=12143 RX ua=95 mt=R len=7
PKT t=12148 TX ua=95 mt=T len=7
PKT t=12160 TX ua=95 mt=P len=0
PKT t=12169 RX ua=95 mt=R len=7
PKT t=12174 TX ua=95 mt=P len=0
PKT t=12183 RX ua=95 mt=R len=7
PKT t=12188 TX ua=95 mt=P len=0
PKT t=12217 RX ua=95 mt=R len=7
PKT t=12222 TX ua=95 mt=P len=0
PKT t=12231 RX ua=95 mt=R len=7
PKT t=12236 TX ua=95 mt=P len=0
PKT t=12245 RX ua=95 mt=R len=7
PKT t=12250 TX ua=95 mt=P len=0
PKT t=12259 RX ua=95 mt=R len=7
PKT t=12264 TX ua=95 mt=P len=0
PKT t=12273 RX ua=95 mt=R len=7
PKT t=12278 TX ua=95 mt=P len=0
PKT t=12287 RX ua=95 mt=R len=7
PKT t=12292 TX ua=95 mt=P len=0
PKT t=12321 RX ua=95 mt=R len=7
PKT t=12326 TX ua=95 mt=P len=0
PKT t=12335 RX ua=95 mt=R len=7
PKT t=12340 TX ua=95 mt=P len=0
PKT t=12396 RX ua=95 mt=R len=7
PKT t=12401 TX ua=95 mt=T len=7
PKT t=12413 TX ua=95 mt=P len=0
PKT t=12422 RX ua=95 mt=R len=7
PKT t=12427 TX ua=95 mt=P len=0
PKT t=12436 RX ua=95 mt=R len=7
PKT t=12441 TX ua=95 mt=P len=0
PKT t=12450 RX ua=95 mt=R len=7
PKT t=12455 TX ua=95 mt=P len=0
PKT t=12464 RX ua=95 mt=R len=7
PKT t=12469 TX ua=95 mt=P len=0
PKT t=12478 RX ua=95 mt=R len=7
PKT t=12483 TX ua=95 mt=P len=0
PKT t=12492 RX ua=95 mt=R len=7
PKT t=12497 TX ua=95 mt=P len=0
PKT t=12526 RX ua=95 mt=R len=7
PKT t=12531 TX ua=95 mt=P len=0
PKT t=12540 RX ua=95 mt=R len=7
PKT t=12545 TX ua=95 mt=P len=0
PKT t=12554 RX ua=95 mt=R len=7
PKT t=12559 TX ua=95 mt=P len=0
PKT t=12568 RX ua=95 mt=R len=7
PKT t=12573 TX ua=95 mt=P len=0
PKT t=12582 RX ua=95 mt=R len=7
PKT t=12587 TX ua=95 mt=P len=0
PKT t=12596 RX ua=95 mt=R len=7
PKT t=12601 TX ua=95 mt=P len=0
PKT t=12630 RX ua=95 mt=R len=7
PKT t=12635 TX ua=95 mt=P len=0
PKT t=12644 RX ua=95 mt=R len=7
PKT t=12696 TX ua=95 mt=T len=7
PKT t=12708 TX ua=95 mt=P len=0
PKT t=12731 RX ua=95 mt=R len=7
PKT t=12736 TX ua=95 mt=P len=0
PKT t=12745 RX ua=95 mt=R len=7
PKT t=12750 TX ua=95 mt=P len=0
PKT t=12759 RX ua=95 mt=R len=7
PKT t=12764 TX ua=95 mt=P len=0
PKT t=12773 RX ua=95 mt=R len=7
PKT t=12778 TX ua=95 mt=P len=0
PKT t=12787 RX ua=95 mt=R len=7
PKT t=12792 TX ua=95 mt=P len=0
PKT t=12801 RX ua=95 mt=R len=7
PKT t=12806 TX ua=95 mt=P len=0
PKT t=12835 RX ua=95 mt=R len=7
PKT t=12840 TX ua=95 mt=P len=0
PKT t=12849 RX ua=95 mt=R len=7
PKT t=12854 TX ua=95 mt=P len=0
PKT t=12863 RX ua=95 mt=R len=7
PKT t=12868 TX ua=95 mt=P len=0
PKT t=12877 RX ua=95 mt=R len=7
PKT t=12882 TX ua=95 mt=P len=0
PKT t=12891 RX ua=95 mt=R len=7
PKT t=12896 TX ua=95 mt=P len=0
PKT t=12905 RX ua=95 mt=R len=7
PKT t=12910 TX ua=95 mt=T len=7
PKT t=12922 TX ua=95 mt=P len=0
PKT t=12941 RX ua=95 mt=R len=7
PKT t=12946 TX ua=95 mt=P len=0
PKT t=12996 RX ua=95 mt=R len=7
PKT t=13296 TX ua=96 mt=P len=0
PKT t=13601 TX ua=95 mt=P len=0
PKT t=13610 RX ua=95 mt=R len=7
PKT t=13615 TX ua=95 mt=T len=7
PKT t=13628 TX ua=95 mt=P len=0
PKT t=13647 RX ua=95 mt=R len=7
PKT t=13652 TX ua=95 mt=T len=7
PKT t=13665 TX ua=95 mt=P len=0
PKT t=13674 RX ua=95 mt=R len=7
PKT t=13679 TX ua=95 mt=P len=0
PKT t=13688 RX ua=95 mt=R len=7
PKT t=13693 TX ua=95 mt=P len=0
PKT t=13703 RX ua=95 mt=R len=7
PKT t=13708 TX ua=95 mt=P len=0
PKT t=13717 RX ua=95 mt=R len=7
PKT t=13722 TX ua=95 mt=P len=0
PKT t=13751 RX ua=95 mt=R len=7
PKT t=13756 TX ua=95 mt=P len=0
PKT t=13765 RX ua=95 mt=R len=7
PKT t=13770 TX ua=95 mt=P len=0
PKT t=13779 RX ua=95 mt=R len=7
PKT t=13784 TX ua=95 mt=P len=0
PKT t=13793 RX ua=95 mt=R len=7
PKT t=13798 TX ua=95 mt=P len=0
PKT t=13807 RX ua=95 mt=R len=7
PKT t=13812 TX ua=95 mt=P len=0
PKT t=13821 RX ua=95 mt=R len=7
PKT t=13826 TX ua=95 mt=P len=0
PKT t=13896 RX ua=95 mt=R len=7
PKT t=13901 TX ua=95 mt=T len=7
PKT t=13914 TX ua=95 mt=P len=0
PKT t=13923 RX ua=95 mt=R len=7
PKT t=13928 TX ua=95 mt=P len=0
PKT t=13958 RX ua=95 mt=R len=7
PKT t=13962 TX ua=95 mt=P len=0
PKT t=13971 RX ua=95 mt=R len=7
PKT t=13976 TX ua=95 mt=P len=0
PKT t=13985 RX ua=95 mt=R len=7
PKT t=13990 TX ua=95 mt=P len=0
PKT t=13999 RX ua=95 mt=R len=7
PKT t=14004 TX ua=95 mt=P len=0
PKT t=14013 RX ua=95 mt=R len=7
PKT t=14018 TX ua=95 mt=P len=0
PKT t=14027 RX ua=95 mt=R len=7
PKT t=14032 TX ua=95 mt=P len=0
PKT t=14062 RX ua=95 mt=R len=7
PKT t=14067 TX ua=95 mt=P len=0
PKT t=14076 RX ua=95 mt=R len=7
PKT t=14081 TX ua=95 mt=P len=0
PKT t=14090 RX ua=95 mt=R len=7
PKT t=14095 TX ua=95 mt=P len=0
PKT t=14104 RX ua=95 mt=R len=7
PKT t=14109 TX ua=95 mt=P len=0
PKT t=14118 RX ua=95 mt=R len=7
PKT t=14123 TX ua=95 mt=P len=0
PKT t=14132 RX ua=95 mt=R len=7
PKT t=14137 TX ua=95 mt=P len=0
PKT t=14196 RX ua=95 mt=R len=7
PKT t=14201 TX ua=95 mt=T len=7
PKT t=14213 TX ua=95 mt=P len=0
PKT t=14222 RX ua=95 mt=R len=7
PKT t=14227 TX ua=95 mt=P len=0
PKT t=14236 RX ua=95 mt=R len=7
PKT t=14241 TX ua=95 mt=P len=0
PKT t=14271 RX ua=95 mt=R len=7
PKT t=14276 TX ua=95 mt=P len=0
PKT t=14285 RX ua=95 mt=R len=7
PKT t=14290 TX ua=95 mt=P len=0
PKT t=14299 RX ua=95 mt=R len=7
PKT t=14304 TX ua=95 mt=P len=0
PKT t=14313 RX ua=95 mt=R len=7
PKT t=14318 TX ua=95 mt=P len=0
PKT t=14327 RX ua=95 mt=R len=7
PKT t=14332 TX ua=95 mt=P len=0
PKT t=14341 RX ua=95 mt=R len=7
PKT t=14346 TX ua=95 mt=P len=0
PKT t=14376 RX ua=95 mt=R len=7
PKT t=14381 TX ua=95 mt=P len=0
PKT t=14390 RX ua=95 mt=R len=7
PKT t=14395 TX ua=95 mt=P len=0
PKT t=14404 RX ua=95 mt=R len=7
PKT t=14409 TX ua=95 mt=T len=7
PKT t=14421 TX ua=95 mt=P len=0
PKT t=14430 RX ua=95 mt=R len=7
PKT t=14435 TX ua=95 mt=P len=0
PKT t=14444 RX ua=95 mt=R len=7
PKT t=14496 TX ua=95 mt=P len=0
PKT t=14505 RX ua=95 mt=R len=7
PKT t=14510 TX ua=95 mt=P len=0
PKT t=14519 RX ua=95 mt=R len=7
PKT t=14524 TX ua=95 mt=P len=0
PKT t=14533 RX ua=95 mt=R len=7
PKT t=14538 TX ua=95 mt=P len=0
PKT t=14547 RX ua=95 mt=R len=7
PKT t=14552 TX ua=95 mt=P len=0
PKT t=14581 RX ua=95 mt=R len=7
PKT t=14586 TX ua=95 mt=P len=0
PKT t=14595 RX ua=95 mt=R len=7
PKT t=14600 TX ua=95 mt=P len=0
PKT t=14609 RX ua=95 mt=R len=7
PKT t=14614 TX ua=95 mt=P len=0
PKT t=14623 RX ua=95 mt=R len=7
PKT t=14628 TX ua=95 mt=P len=0
PKT t=14637 RX ua=95 mt=R len=7
PKT t=14642 TX ua=95 mt=P len=0
PKT t=14651 RX ua=95 mt=R len=7
PKT t=14656 TX ua=95 mt=T len=7
PKT t=14668 TX ua=95 mt=P len=0
PKT t=14687 RX ua=95 mt=R len=7
PKT t=14692 TX ua=95 mt=P len=0
PKT t=14701 RX ua=95 mt=R len=7
PKT t=14706 TX ua=95 mt=P len=0
PKT t=14715 RX ua=95 mt=R len=7
PKT t=14720 TX ua=95 mt=P len=0
PKT t=14729 RX ua=95 mt=R len=7
PKT t=14734 TX ua=95 mt=P len=0
PKT t=14743 RX ua=95 mt=R len=7
PKT t=14796 TX ua=95 mt=P len=0
PKT t=14805 RX ua=95 mt=R len=7
PKT t=14810 TX ua=95 mt=P len=0
PKT t=14819 RX ua=95 mt=R len=7
PKT t=14824 TX ua=95 mt=P len=0
PKT t=14833 RX ua=95 mt=R len=7
PKT t=14838 TX ua=95 mt=P len=0
PKT t=14847 RX ua=95 mt=R len=7
PKT t=14852 TX ua=95 mt=P len=0
PKT t=14884 RX ua=95 mt=R len=7
PKT t=14889 TX ua=95 mt=P len=0
PKT t=14898 RX ua=95 mt=R len=7
PKT t=14903 TX ua=95 mt=T len=7
PKT t=14915 TX ua=95 mt=P len=0
PKT t=14924 RX ua=95 mt=R len=7
PKT t=14929 TX ua=95 mt=P len=0
PKT t=14938 RX ua=95 mt=R len=7
PKT t=14943 TX ua=95 mt=P len=0
PKT t=14952 RX ua=95 mt=R len=7
PKT t=14957 TX ua=95 mt=P len=0
PKT t=14986 RX ua=95 mt=R len=7
PKT t=14991 TX ua=95 mt=P len=0
PKT t=15000 RX ua=95 mt=R len=7
PKT t=15005 TX ua=95 mt=P len=0
PKT t=15014 RX ua=95 mt=R len=7
PKT t=15019 TX ua=95 mt=P len=0
PKT t=15028 RX ua=95 mt=R len=7
PKT t=15033 TX ua=95 mt=P len=0
PKT t=15042 RX ua=95 mt=R len=7
PKT t=15047 TX ua=95 mt=P len=0
PKT t=15097 RX ua=95 mt=R len=7
PKT t=15396 TX ua=96 mt=P len=0
PKT t=15701 TX ua=95 mt=P len=0
PKT t=15710 RX ua=95 mt=R len=7
PKT t=15715 TX ua=95 mt=T len=7
PKT t=15727 TX ua=95 mt=P len=0
PKT t=15736 RX ua=95 mt=R len=7
PKT t=15741 TX ua=95 mt=P len=0
PKT t=15750 RX ua=95 mt=R len=7
PKT t=15755 TX ua=95 mt=P len=0
PKT t=15764 RX ua=95 mt=R len=7
PKT t=15769 TX ua=95 mt=P len=0
PKT t=15798 RX ua=95 mt=R len=7
PKT t=15803 TX ua=95 mt=P len=0
PKT t=15812 RX ua=95 mt=R len=7
PKT t=15817 TX ua=95 mt=P len=0
PKT t=15826 RX ua=95 mt=R len=7
PKT t=15831 TX ua=95 mt=P len=0
PKT t=15840 RX ua=95 mt=R len=7
PKT t=15845 TX ua=95 mt=P len=0
PKT t=15854 RX ua=95 mt=R len=7
PKT t=15859 TX ua=95 mt=P len=0
PKT t=15868 RX ua=95 mt=R len=7
PKT t=15873 TX ua=95 mt=P len=0
PKT t=15902 RX ua=95 mt=R len=7
PKT t=15907 TX ua=95 mt=T len=7
PKT t=15919 TX ua=95 mt=P len=0
PKT t=15928 RX ua=95 mt=R len=7
PKT t=15933 TX ua=95 mt=P len=0
PKT t=15942 RX ua=95 mt=R len=7
PKT t=15947 TX ua=95 mt=P len=0
PKT t=15997 RX ua=95 mt=R len=7
PKT t=16296 TX ua=96 mt=P len=0
PKT t=16601 TX ua=95 mt=P len=0
PKT t=16610 RX ua=95 mt=R len=7
PKT t=16615 TX ua=95 mt=T len=7
PKT t=16627 TX ua=95 mt=P len=0
PKT t=16636 RX ua=95 mt=R len=7
PKT t=16641 TX ua=95 mt=P len=0
PKT t=16650 RX ua=95 mt=R len=7
PKT t=16655 TX ua=95 mt=T len=7
PKT t=16667 TX ua=95 mt=P len=0
PKT t=16676 RX ua=95 mt=R len=7
PKT t=16681 TX ua=95 mt=P len=0
PKT t=16710 RX ua=95 mt=R len=7
PKT t=16715 TX ua=95 mt=P len=0
PKT t=16724 RX ua=95 mt=R len=7
PKT t=16729 TX ua=95 mt=P len=0
PKT t=16738 RX ua=95 mt=R len=7
PKT t=16743 TX ua=95 mt=P len=0
PKT t=16752 RX ua=95 mt=R len=7
PKT t=16757 TX ua=95 mt=P len=0
PKT t=16766 RX ua=95 mt=R len=7
PKT t=16771 TX ua=95 mt=P len=0
PKT t=16780 RX ua=95 mt=R len=7
PKT t=16785 TX ua=95 mt=P len=0
PKT t=16814 RX ua=95 mt=R len=7
PKT t=16819 TX ua=95 mt=P len=0
PKT t=16828 RX ua=95 mt=R len=7
PKT t=16833 TX ua=95 mt=P len=0
PKT t=16842 RX ua=95 mt=R len=7
PKT t=16847 TX ua=95 mt=P len=0
PKT t=16897 RX ua=95 mt=R len=7
PKT t=17196 TX ua=96 mt=P len=0
PKT t=17501 TX ua=95 mt=P len=0
PKT t=17510 RX ua=95 mt=R len=7
PKT t=17515 TX ua=95 mt=T len=7
PKT t=17527 TX ua=95 mt=P len=0
PKT t=17537 RX ua=95 mt=R len=7
PKT t=17542 TX ua=95 mt=P len=0
PKT t=17552 RX ua=95 mt=R len=7
PKT t=17557 TX ua=95 mt=P len=0
PKT t=17567 RX ua=95 mt=R len=7
PKT t=17572 TX ua=95 mt=P len=0
PKT t=17582 RX ua=95 mt=R len=7
PKT t=17587 TX ua=95 mt=P len=0
PKT t=17616 RX ua=95 mt=R len=7
PKT t=17621 TX ua=95 mt=P len=0
PKT t=17631 RX ua=95 mt=R len=7
PKT t=17636 TX ua=95 mt=P len=0
PKT t=17646 RX ua=95 mt=R len=7
PKT t=17651 TX ua=95 mt=T len=7
PKT t=17663 TX ua=95 mt=P len=0
PKT t=17672 RX ua=95 mt=R len=7
PKT t=17677 TX ua=95 mt=P len=0
PKT t=17686 RX ua=95 mt=R len=7
PKT t=17691 TX ua=95 mt=P len=0
PKT t=17720 RX ua=95 mt=R len=7
PKT t=17725 TX ua=95 mt=P len=0
PKT t=17734 RX ua=95 mt=R len=7
PKT t=17739 TX ua=95 mt=P len=0
PKT t=17796 RX ua=95 mt=R len=7
PKT t=17801 TX ua=95 mt=P len=0
PKT t=17819 RX ua=95 mt=R len=7
PKT t=17824 TX ua=95 mt=P len=0
PKT t=17833 RX ua=95 mt=R len=7
PKT t=17838 TX ua=95 mt=P len=0
PKT t=17847 RX ua=95 mt=R len=7
PKT t=17852 TX ua=95 mt=P len=0
PKT t=17861 RX ua=95 mt=R len=7
PKT t=17866 TX ua=95 mt=P len=0
PKT t=17875 RX ua=95 mt=R len=7
PKT t=17880 TX ua=95 mt=P len=0
PKT t=17889 RX ua=95 mt=R len=7
PKT t=17894 TX ua=95 mt=P len=0
PKT t=17923 RX ua=95 mt=R len=7
PKT t=17928 TX ua=95 mt=T len=7
PKT t=17940 TX ua=95 mt=P len=0
PKT t=17949 RX ua=95 mt=R len=7
PKT t=17954 TX ua=95 mt=P len=0
PKT t=17964 RX ua=95 mt=R len=7
PKT t=17969 TX ua=95 mt=P len=0
PKT t=17978 RX ua=95 mt=R len=7
PKT t=17983 TX ua=95 mt=P len=0
PKT t=17992 RX ua=95 mt=R len=7
PKT t=17997 TX ua=95 mt=P len=0
PKT t=18026 RX ua=95 mt=R len=7
PKT t=18031 TX ua=95 mt=P len=0
PKT t=18040 RX ua=95 mt=R len=7
PKT t=18045 TX ua=95 mt=P len=0
PKT t=18096 RX ua=95 mt=R len=7
PKT t=18396 TX ua=96 mt=P len=0
PKT t=18701 TX ua=95 mt=P len=0
PKT t=18710 RX ua=95 mt=R len=7
PKT t=18715 TX ua=95 mt=T len=7
PKT t=18728 TX ua=95 mt=P len=0
PKT t=18737 RX ua=95 mt=R len=7
PKT t=18742 TX ua=95 mt=T len=7
PKT t=18755 TX ua=95 mt=P len=0
PKT t=18764 RX ua=95 mt=R len=7
PKT t=18769 TX ua=95 mt=P len=0
PKT t=18778 RX ua=95 mt=R len=7
PKT t=18783 TX ua=95 mt=P len=0
PKT t=18792 RX ua=95 mt=R len=7
PKT t=18797 TX ua=95 mt=P len=0
PKT t=18826 RX ua=95 mt=R len=7
PKT t=18831 TX ua=95 mt=P len=0
PKT t=18840 RX ua=95 mt=R len=7
PKT t=18845 TX ua=95 mt=P len=0
PKT t=18854 RX ua=95 mt=R len=7
PKT t=18859 TX ua=95 mt=P len=0
PKT t=18868 RX ua=95 mt=R len=7
PKT t=18873 TX ua=95 mt=P len=0
PKT t=18882 RX ua=95 mt=R len=7
PKT t=18887 TX ua=95 mt=P len=0
PKT t=18896 RX ua=95 mt=R len=7
PKT t=18901 TX ua=95 mt=T len=7
PKT t=18914 TX ua=95 mt=P len=0
PKT t=18932 RX ua=95 mt=R len=7
PKT t=18937 TX ua=95 mt=P len=0
PKT t=18946 RX ua=95 mt=R len=7
PKT t=18996 TX ua=95 mt=P len=0
PKT t=19029 RX ua=95 mt=R len=7
PKT t=19034 TX ua=95 mt=P len=0
PKT t=19043 RX ua=95 mt=R len=7
PKT t=19048 TX ua=95 mt=P len=0
PKT t=19057 RX ua=95 mt=R len=7
PKT t=19062 TX ua=95 mt=P len=0
PKT t=19071 RX ua=95 mt=R len=7
PKT t=19076 TX ua=95 mt=P len=0
PKT t=19085 RX ua=95 mt=R len=7
PKT t=19090 TX ua=95 mt=P len=0
PKT t=19099 RX ua=95 mt=R len=7
PKT t=19104 TX ua=95 mt=P len=0
PKT t=19133 RX ua=95 mt=R len=7
PKT t=19138 TX ua=95 mt=P len=0
PKT t=19147 RX ua=95 mt=R len=7
PKT t=19152 TX ua=95 mt=T len=7
PKT t=19164 TX ua=95 mt=P len=0
PKT t=19173 RX ua=95 mt=R len=7
PKT t=19178 TX ua=95 mt=P len=0
PKT t=19187 RX ua=95 mt=R len=7
PKT t=19192 TX ua=95 mt=P len=0
PKT t=19201 RX ua=95 mt=R len=7
PKT t=19206 TX ua=95 mt=P len=0
PKT t=19235 RX ua=95 mt=R len=7
PKT t=19240 TX ua=95 mt=P len=0
PKT t=19296 RX ua=95 mt=R len=7
PKT t=19301 TX ua=95 mt=P len=0
PKT t=19334 RX ua=95 mt=R len=7
PKT t=19339 TX ua=95 mt=P len=0
PKT t=19348 RX ua=95 mt=R len=7
PKT t=19353 TX ua=95 mt=P len=0
PKT t=19362 RX ua=95 mt=R len=7
PKT t=19367 TX ua=95 mt=P len=0
PKT t=19376 RX ua=95 mt=R len=7
PKT t=19381 TX ua=95 mt=P len=0
PKT t=19390 RX ua=95 mt=R len=7
PKT t=19395 TX ua=95 mt=P len=0
PKT t=19404 RX ua=95 mt=R len=7
PKT t=19409 TX ua=95 mt=T len=7
PKT t=19421 TX ua=95 mt=P len=0
PKT t=19441 RX ua=95 mt=R len=7
PKT t=19446 TX ua=95 mt=P len=0
PKT t=19456 RX ua=95 mt=R len=7
PKT t=19461 TX ua=95 mt=P len=0
PKT t=19471 RX ua=95 mt=R len=7
PKT t=19476 TX ua=95 mt=P len=0
PKT t=19486 RX ua=95 mt=R len=7
PKT t=19491 TX ua=95 mt=P len=0
PKT t=19501 RX ua=95 mt=R len=7
PKT t=19506 TX ua=95 mt=P len=0
PKT t=19538 RX ua=95 mt=R len=7
PKT t=19543 TX ua=95 mt=P len=0
PKT t=19596 RX ua=95 mt=R len=7
PKT t=19601 TX ua=95 mt=P len=0
PKT t=19611 RX ua=95 mt=R len=7
PKT t=19616 TX ua=95 mt=P len=0
PKT t=19645 RX ua=95 mt=R len=7
PKT t=19650 TX ua=95 mt=T len=7
PKT t=19662 TX ua=95 mt=P len=0
PKT t=19671 RX ua=95 mt=R len=7
PKT t=19676 TX ua=95 mt=P len=0
PKT t=19685 RX ua=95 mt=R len=7
PKT t=19690 TX ua=95 mt=P len=0
PKT t=19700 RX ua=95 mt=R len=7
PKT t=19705 TX ua=95 mt=P len=0
PKT t=19714 RX ua=95 mt=R len=7
PKT t=19719 TX ua=95 mt=P len=0
PKT t=19748 RX ua=95 mt=R len=7
PKT t=19753 TX ua=95 mt=P len=0
PKT t=19762 RX ua=95 mt=R len=7
PKT t=19767 TX ua=95 mt=P len=0
PKT t=19776 RX ua=95 mt=R len=7
PKT t=19781 TX ua=95 mt=P len=0
PKT t=19790 RX ua=95 mt=R len=7
PKT t=19795 TX ua=95 mt=P len=0
PKT t=19804 RX ua=95 mt=R len=7
PKT t=19809 TX ua=95 mt=P len=0
PKT t=19818 RX ua=95 mt=R len=7
PKT t=19823 TX ua=95 mt=P len=0
PKT t=19896 RX ua=95 mt=R len=7
PKT t=19901 TX ua=95 mt=T len=7
PKT t=19913 TX ua=95 mt=P len=0
PKT t=19922 RX ua=95 mt=R len=7
PKT t=19927 TX ua=95 mt=P len=0
PKT t=19956 RX ua=95 mt=R len=7
PKT t=19961 TX ua=95 mt=P len=0
PKT t=19970 RX ua=95 mt=R len=7
PKT t=19975 TX ua=95 mt=P len=0
PKT t=19984 RX ua=95 mt=R len=7
PKT t=19989 TX ua=95 mt=P len=0
PKT t=19998 RX ua=95 mt=R len=7
PKT t=20003 TX ua=95 mt=P len=0
PKT t=20014 RX ua=95 mt=R len=7
PKT t=20019 TX ua=95 mt=P len=0
PKT t=20028 RX ua=95 mt=R len=7
PKT t=20033 TX ua=95 mt=P len=0
PKT t=20062 RX ua=95 mt=R len=7
PKT t=20067 TX ua=95 mt=P len=0
PKT t=20076 RX ua=95 mt=R len=7
PKT t=20081 TX ua=95 mt=P len=0
PKT t=20090 RX ua=95 mt=R len=7
PKT t=20095 TX ua=95 mt=P len=0
PKT t=20104 RX ua=95 mt=R len=7
PKT t=20109 TX ua=95 mt=P len=0
PKT t=20118 RX ua=95 mt=R len=7
PKT t=20123 TX ua=95 mt=P len=0
PKT t=20132 RX ua=95 mt=R len=7
PKT t=20137 TX ua=95 mt=P len=0
PKT t=20196 RX ua=95 mt=R len=7
PKT t=20201 TX ua=95 mt=T len=7
PKT t=20213 TX ua=95 mt=P len=0
PKT t=20222 RX ua=95 mt=R len=7
PKT t=20227 TX ua=95 mt=P len=0
PKT t=20236 RX ua=95 mt=R len=7
PKT t=20241 TX ua=95 mt=P len=0
PKT t=20270 RX ua=95 mt=R len=7
PKT t=20275 TX ua=95 mt=P len=0
PKT t=20284 RX ua=95 mt=R len=7
PKT t=20289 TX ua=95 mt=P len=0
PKT t=20298 RX ua=95 mt=R len=7
PKT t=20303 TX ua=95 mt=P len=0
PKT t=20312 RX ua=95 mt=R len=7
PKT t=20317 TX ua=95 mt=P len=0
PKT t=20326 RX ua=95 mt=R len=7
PKT t=20331 TX ua=95 mt=P len=0
PKT t=20340 RX ua=95 mt=R len=7
PKT t=20345 TX ua=95 mt=P len=0
PKT t=20374 RX ua=95 mt=R len=7
PKT t=20379 TX ua=95 mt=P len=0
PKT t=20388 RX ua=95 mt=R len=7
PKT t=20393 TX ua=95 mt=P len=0
PKT t=20402 RX ua=95 mt=R len=7
PKT t=20407 TX ua=95 mt=T len=7
PKT t=20419 TX ua=95 mt=P len=0
PKT t=20428 RX ua=95 mt=R len=7
PKT t=20433 TX ua=95 mt=P len=0
PKT t=20442 RX ua=95 mt=R len=7
PKT t=20447 TX ua=95 mt=P len=0
PKT t=20497 RX ua=95 mt=R len=7
PKT t=20796 TX ua=96 mt=P len=0
PKT t=21101 TX ua=95 mt=P len=0
PKT t=21110 RX ua=95 mt=R len=7
PKT t=21115 TX ua=95 mt=T len=7
PKT t=21127 TX ua=95 mt=P len=0
PKT t=21136 RX ua=95 mt=R len=7
PKT t=21141 TX ua=95 mt=T len=7
PKT t=21154 TX ua=95 mt=P len=0
PKT t=21181 RX ua=95 mt=R len=7
PKT t=21186 TX ua=95 mt=P len=0
PKT t=21195 RX ua=95 mt=R len=7
PKT t=21200 TX ua=95 mt=P len=0
PKT t=21209 RX ua=95 mt=R len=7
PKT t=21214 TX ua=95 mt=P len=0
PKT t=21224 RX ua=95 mt=R len=7
PKT t=21229 TX ua=95 mt=P len=0
PKT t=21238 RX ua=95 mt=R len=7
PKT t=21243 TX ua=95 mt=P len=0
PKT t=21252 RX ua=95 mt=R len=7
PKT t=21257 TX ua=95 mt=P len=0
PKT t=21286 RX ua=95 mt=R len=7
PKT t=21291 TX ua=95 mt=P len=0
PKT t=21300 RX ua=95 mt=R len=7
PKT t=21305 TX ua=95 mt=P len=0
PKT t=21314 RX ua=95 mt=R len=7
PKT t=21319 TX ua=95 mt=P len=0
PKT t=21328 RX ua=95 mt=R len=7
PKT t=21333 TX ua=95 mt=P len=0
PKT t=21342 RX ua=95 mt=R len=7
PKT t=21347 TX ua=95 mt=P len=0
PKT t=21397 RX ua=95 mt=R len=7
PKT t=21696 TX ua=96 mt=P len=0
PKT t=22001 TX ua=95 mt=P len=0
PKT t=22010 RX ua=95 mt=R len=7
PKT t=22015 TX ua=95 mt=T len=7
PKT t=22028 TX ua=95 mt=P len=0
PKT t=22037 RX ua=95 mt=R len=7
PKT t=22042 TX ua=95 mt=P len=0
PKT t=22051 RX ua=95 mt=R len=7
PKT t=22056 TX ua=95 mt=P len=0
PKT t=22090 RX ua=95 mt=R len=7
PKT t=22095 TX ua=95 mt=P len=0
PKT t=22104 RX ua=95 mt=R len=7
PKT t=22109 TX ua=95 mt=P len=0
PKT t=22118 RX ua=95 mt=R len=7
PKT t=22123 TX ua=95 mt=P len=0
PKT t=22133 RX ua=95 mt=R len=7
PKT t=22138 TX ua=95 mt=P len=0
PKT t=22148 RX ua=95 mt=R len=7
PKT t=22153 TX ua=95 mt=T len=7
PKT t=22165 TX ua=95 mt=P len=0
PKT t=22193 RX ua=95 mt=R len=7
PKT t=22198 TX ua=95 mt=P len=0
PKT t=22207 RX ua=95 mt=R len=7
PKT t=22212 TX ua=95 mt=P len=0
PKT t=22221 RX ua=95 mt=R len=7
PKT t=22226 TX ua=95 mt=P len=0
PKT t=22235 RX ua=95 mt=R len=7
PKT t=22240 TX ua=95 mt=P len=0
PKT t=22296 RX ua=95 mt=R len=7
PKT t=22301 TX ua=95 mt=P len=0
PKT t=22311 RX ua=95 mt=R len=7
PKT t=22316 TX ua=95 mt=P len=0
PKT t=22325 RX ua=95 mt=R len=7
PKT t=22330 TX ua=95 mt=P len=0
PKT t=22339 RX ua=95 mt=R len=7
PKT t=22344 TX ua=95 mt=P len=0
PKT t=22353 RX ua=95 mt=R len=7
PKT t=22358 TX ua=95 mt=P len=0
PKT t=22367 RX ua=95 mt=R len=7
PKT t=22372 TX ua=95 mt=P len=0
PKT t=22401 RX ua=95 mt=R len=7
PKT t=22406 TX ua=95 mt=T len=7
PKT t=22418 TX ua=95 mt=P len=0
PKT t=22427 RX ua=95 mt=R len=7
PKT t=22432 TX ua=95 mt=P len=0
PKT t=22441 RX ua=95 mt=R len=7
PKT t=22446 TX ua=95 mt=P len=0
PKT t=22455 RX ua=95 mt=R len=7
PKT t=22460 TX ua=95 mt=P len=0
PKT t=22469 RX ua=95 mt=R len=7
PKT t=22474 TX ua=95 mt=P len=0
PKT t=22503 RX ua=95 mt=R len=7
PKT t=22508 TX ua=95 mt=P len=0
PKT t=22517 RX ua=95 mt=R len=7
PKT t=22522 TX ua=95 mt=P len=0
PKT t=22531 RX ua=95 mt=R len=7
PKT t=22536 TX ua=95 mt=P len=0
PKT t=22545 RX ua=95 mt=R len=7
PKT t=22596 TX ua=95 mt=P len=0
PKT t=22605 RX ua=95 mt=R len=7
PKT t=22610 TX ua=95 mt=P len=0
PKT t=22619 RX ua=95 mt=R len=7
PKT t=22624 TX ua=95 mt=P len=0
PKT t=22633 RX ua=95 mt=R len=7
PKT t=22638 TX ua=95 mt=P len=0
PKT t=22647 RX ua=95 mt=R len=7
PKT t=22652 TX ua=95 mt=T len=7
PKT t=22664 TX ua=95 mt=P len=0
PKT t=22673 RX ua=95 mt=R len=7
PKT t=22678 TX ua=95 mt=P len=0
PKT t=22708 RX ua=95 mt=R len=7
PKT t=22713 TX ua=95 mt=P len=0
PKT t=22722 RX ua=95 mt=R len=7
PKT t=22727 TX ua=95 mt=P len=0
PKT t=22736 RX ua=95 mt=R len=7
PKT t=22741 TX ua=95 mt=P len=0
PKT t=22750 RX ua=95 mt=R len=7
PKT t=22755 TX ua=95 mt=P len=0
PKT t=22764 RX ua=95 mt=R len=7
PKT t=22769 TX ua=95 mt=P len=0
PKT t=22778 RX ua=95 mt=R len=7
PKT t=22783 TX ua=95 mt=P len=0
PKT t=22812 RX ua=95 mt=R len=7
PKT t=22817 TX ua=95 mt=P len=0
PKT t=22826 RX ua=95 mt=R len=7
PKT t=22831 TX ua=95 mt=P len=0
PKT t=22840 RX ua=95 mt=R len=7
PKT t=22845 TX ua=95 mt=P len=0
PKT t=22896 RX ua=95 mt=R len=7
PKT t=23196 TX ua=96 mt=P len=0
PKT t=23501 TX ua=95 mt=P len=0
PKT t=23510 RX ua=95 mt=R len=7
PKT t=23515 TX ua=95 mt=T len=7
PKT t=23527 TX ua=95 mt=P len=0
PKT t=23537 RX ua=95 mt=R len=7
PKT t=23542 TX ua=95 mt=P len=0
PKT t=23552 RX ua=95 mt=R len=7
PKT t=23557 TX ua=95 mt=P len=0
PKT t=23568 RX ua=95 mt=R len=7
PKT t=23573 TX ua=95 mt=P len=0
PKT t=23583 RX ua=95 mt=R len=7
PKT t=23588 TX ua=95 mt=P len=0
PKT t=23617 RX ua=95 mt=R len=7
PKT t=23622 TX ua=95 mt=P len=0
PKT t=23632 RX ua=95 mt=R len=7
PKT t=23637 TX ua=95 mt=P len=0
PKT t=23647 RX ua=95 mt=R len=7
PKT t=23652 TX ua=95 mt=T len=7
PKT t=23664 TX ua=95 mt=P len=0
PKT t=23673 RX ua=95 mt=R len=7
PKT t=23678 TX ua=95 mt=P len=0
PKT t=23687 RX ua=95 mt=R len=7
PKT t=23692 TX ua=95 mt=P len=0
PKT t=23721 RX ua=95 mt=R len=7
PKT t=23726 TX ua=95 mt=P len=0
PKT t=23735 RX ua=95 mt=R len=7
PKT t=23740 TX ua=95 mt=P len=0
PKT t=23796 RX ua=95 mt=R len=7
PKT t=23801 TX ua=95 mt=P len=0
PKT t=23820 RX ua=95 mt=R len=7
PKT t=23825 TX ua=95 mt=P len=0
PKT t=23834 RX ua=95 mt=R len=7
PKT t=23839 TX ua=95 mt=P len=0
PKT t=23848 RX ua=95 mt=R len=7
PKT t=23853 TX ua=95 mt=P len=0
PKT t=23862 RX ua=95 mt=R len=7
PKT t=23867 TX ua=95 mt=P len=0
PKT t=23876 RX ua=95 mt=R len=7
PKT t=23881 TX ua=95 mt=P len=0
PKT t=23890 RX ua=95 mt=R len=7
PKT t=23895 TX ua=95 mt=P len=0
PKT t=23924 RX ua=95 mt=R len=7
PKT t=23929 TX ua=95 mt=T len=7
PKT t=23941 TX ua=95 mt=P len=0
PKT t=23950 RX ua=95 mt=R len=7
PKT t=23955 TX ua=95 mt=P len=0
PKT t=23964 RX ua=95 mt=R len=7
PKT t=23969 TX ua=95 mt=P len=0
PKT t=23978 RX ua=95 mt=R len=7
PKT t=23983 TX ua=95 mt=P len=0
PKT t=23992 RX ua=95 mt=R len=7
PKT t=23997 TX ua=95 mt=P len=0
PKT t=24026 RX ua=95 mt=R len=7
PKT t=24031 TX ua=95 mt=P len=0
PKT t=24040 RX ua=95 mt=R len=7
PKT t=24045 TX ua=95 mt=P len=0
PKT t=24096 RX ua=95 mt=R len=7
PKT t=24396 TX ua=96 mt=P len=0
PKT t=24701 TX ua=95 mt=P len=0
PKT t=24710 RX ua=95 mt=R len=7
PKT t=24715 TX ua=95 mt=T len=7
PKT t=24727 TX ua=95 mt=P len=0
PKT t=24736 RX ua=95 mt=R len=7
PKT t=24741 TX ua=95 mt=P len=0
PKT t=24750 RX ua=95 mt=R len=7
PKT t=24755 TX ua=95 mt=P len=0
PKT t=24764 RX ua=95 mt=R len=7
PKT t=24769 TX ua=95 mt=P len=0
PKT t=24778 RX ua=95 mt=R len=7
PKT t=24783 TX ua=95 mt=P len=0
PKT t=24792 RX ua=95 mt=R len=7
PKT t=24797 TX ua=95 mt=P len=0
PKT t=24826 RX ua=95 mt=R len=7
PKT t=24831 TX ua=95 mt=P len=0
PKT t=24840 RX ua=95 mt=R len=7
PKT t=24845 TX ua=95 mt=P len=0
PKT t=24854 RX ua=95 mt=R len=7
PKT t=24859 TX ua=95 mt=P len=0
PKT t=24868 RX ua=95 mt=R len=7
PKT t=24873 TX ua=95 mt=P len=0
PKT t=24882 RX ua=95 mt=R len=7
PKT t=24887 TX ua=95 mt=P len=0
PKT t=24896 RX ua=95 mt=R len=7
PKT t=24901 TX ua=95 mt=T len=7
PKT t=24913 TX ua=95 mt=P len=0
PKT t=24932 RX ua=95 mt=R len=7
PKT t=24937 TX ua=95 mt=P len=0
PKT t=24946 RX ua=95 mt=R len=7
PKT t=24996 TX ua=95 mt=P len=0
PKT t=25030 RX ua=95 mt=R len=7
PKT t=25035 TX ua=95 mt=P len=0
PKT t=25044 RX ua=95 mt=R len=7
PKT t=25049 TX ua=95 mt=P len=0
PKT t=25058 RX ua=95 mt=R len=7
PKT t=25063 TX ua=95 mt=P len=0
PKT t=25072 RX ua=95 mt=R len=7
PKT t=25077 TX ua=95 mt=P len=0
PKT t=25086 RX ua=95 mt=R len=7
PKT t=25091 TX ua=95 mt=P len=0
PKT t=25100 RX ua=95 mt=R len=7
PKT t=25105 TX ua=95 mt=P len=0
PKT t=25134 RX ua=95 mt=R len=7
PKT t=25139 TX ua=95 mt=T len=7
PKT t=25151 TX ua=95 mt=T len=7
PKT t=25163 TX ua=95 mt=P len=0
PKT t=25172 RX ua=95 mt=R len=7
PKT t=25177 TX ua=95 mt=P len=0
PKT t=25186 RX ua=95 mt=R len=7
PKT t=25191 TX ua=95 mt=P len=0
PKT t=25200 RX ua=95 mt=R len=7
PKT t=25205 TX ua=95 mt=P len=0
PKT t=25234 RX ua=95 mt=R len=7
PKT t=25239 TX ua=95 mt=P len=0
PKT t=25296 RX ua=95 mt=R len=7
PKT t=25301 TX ua=95 mt=P len=0
PKT t=25333 RX ua=95 mt=R len=7
PKT t=25338 TX ua=95 mt=P len=0
PKT t=25347 RX ua=95 mt=R len=7
PKT t=25352 TX ua=95 mt=P len=0
PKT t=25361 RX ua=95 mt=R len=7
PKT t=25366 TX ua=95 mt=P len=0
PKT t=25375 RX ua=95 mt=R len=7
PKT t=25380 TX ua=95 mt=P len=0
PKT t=25389 RX ua=95 mt=R len=7
PKT t=25394 TX ua=95 mt=P len=0
PKT t=25403 RX ua=95 mt=R len=7
PKT t=25408 TX ua=95 mt=T len=7
PKT t=25420 TX ua=95 mt=P len=0
PKT t=25439 RX ua=95 mt=R len=7
PKT t=25444 TX ua=95 mt=P len=0
PKT t=25454 RX ua=95 mt=R len=7
PKT t=25459 TX ua=95 mt=P len=0
PKT t=25469 RX ua=95 mt=R len=7
PKT t=25474 TX ua=95 mt=P len=0
PKT t=25484 RX ua=95 mt=R len=7
PKT t=25489 TX ua=95 mt=P len=0
PKT t=25499 RX ua=95 mt=R len=7
PKT t=25504 TX ua=95 mt=P len=0
PKT t=25537 RX ua=95 mt=R len=7
PKT t=25542 TX ua=95 mt=P len=0
PKT t=25596 RX ua=95 mt=R len=7
PKT t=25601 TX ua=95 mt=P len=0
PKT t=25611 RX ua=95 mt=R len=7
PKT t=25616 TX ua=95 mt=P len=0
PKT t=25645 RX ua=95 mt=R len=7
PKT t=25650 TX ua=95 mt=T len=7
PKT t=25662 TX ua=95 mt=P len=0
PKT t=25671 RX ua=95 mt=R len=7
PKT t=25676 TX ua=95 mt=P len=0
PKT t=25685 RX ua=95 mt=R len=7
PKT t=25690 TX ua=95 mt=P len=0
PKT t=25699 RX ua=95 mt=R len=7
PKT t=25704 TX ua=95 mt=P len=0
PKT t=25713 RX ua=95 mt=R len=7
PKT t=25718 TX ua=95 mt=P len=0
PKT t=25747 RX ua=95 mt=R len=7
PKT t=25752 TX ua=95 mt=P len=0
PKT t=25761 RX ua=95 mt=R len=7
PKT t=25766 TX ua=95 mt=P len=0
PKT t=25775 RX ua=95 mt=R len=7
PKT t=25780 TX ua=95 mt=P len=0
PKT t=25789 RX ua=95 mt=R len=7
PKT t=25794 TX ua=95 mt=P len=0
PKT t=25803 RX ua=95 mt=R len=7
PKT t=25808 TX ua=95 mt=P len=0
PKT t=25817 RX ua=95 mt=R len=7
PKT t=25822 TX ua=95 mt=P len=0
PKT t=25896 RX ua=95 mt=R len=7
PKT t=25901 TX ua=95 mt=T len=7
PKT t=25913 TX ua=95 mt=P len=0
PKT t=25922 RX ua=95 mt=R len=7
PKT t=25927 TX ua=95 mt=P len=0
PKT t=25956 RX ua=95 mt=R len=7
PKT t=25961 TX ua=95 mt=P len=0
PKT t=25970 RX ua=95 mt=R len=7
PKT t=25975 TX ua=95 mt=P len=0
PKT t=25984 RX ua=95 mt=R len=7
PKT t=25989 TX ua=95 mt=P len=0
PKT t=25998 RX ua=95 mt=R len=7
PKT t=26003 TX ua=95 mt=P len=0
PKT t=26012 RX ua=95 mt=R len=7
PKT t=26017 TX ua=95 mt=P len=0
PKT t=26026 RX ua=95 mt=R len=7
PKT t=26031 TX ua=95 mt=P len=0
PKT t=26060 RX ua=95 mt=R len=7
PKT t=26065 TX ua=95 mt=P len=0
PKT t=26075 RX ua=95 mt=R len=7
PKT t=26080 TX ua=95 mt=P len=0
PKT t=26089 RX ua=95 mt=R len=7
PKT t=26094 TX ua=95 mt=P len=0
PKT t=26103 RX ua=95 mt=R len=7
PKT t=26108 TX ua=95 mt=P len=0
PKT t=26117 RX ua=95 mt=R len=7
PKT t=26122 TX ua=95 mt=P len=0
PKT t=26131 RX ua=95 mt=R len=7
PKT t=26136 TX ua=95 mt=P len=0
PKT t=26196 RX ua=95 mt=R len=7
PKT t=26201 TX ua=95 mt=T len=7
PKT t=26214 TX ua=95 mt=P len=0
PKT t=26223 RX ua=95 mt=R len=7
PKT t=26228 TX ua=95 mt=T len=7
PKT t=26241 TX ua=95 mt=P len=0
PKT t=26268 RX ua=95 mt=R len=7
PKT t=26273 TX ua=95 mt=P len=0
PKT t=26282 RX ua=95 mt=R len=7
PKT t=26287 TX ua=95 mt=P len=0
PKT t=26296 RX ua=95 mt=R len=7
PKT t=26301 TX ua=95 mt=P len=0
PKT t=26310 RX ua=95 mt=R len=7
PKT t=26315 TX ua=95 mt=P len=0
PKT t=26324 RX ua=95 mt=R len=7
PKT t=26329 TX ua=95 mt=P len=0
PKT t=26338 RX ua=95 mt=R len=7
PKT t=26343 TX ua=95 mt=P len=0
PKT t=26372 RX ua=95 mt=R len=7
PKT t=26377 TX ua=95 mt=P len=0
PKT t=26386 RX ua=95 mt=R len=7
PKT t=26391 TX ua=95 mt=P len=0
PKT t=26400 RX ua=95 mt=R len=7
PKT t=26405 TX ua=95 mt=T len=7
PKT t=26418 TX ua=95 mt=P len=0
PKT t=26427 RX ua=95 mt=R len=7
PKT t=26432 TX ua=95 mt=P len=0
PKT t=26441 RX ua=95 mt=R len=7
PKT t=26446 TX ua=95 mt=P len=0
PKT t=26496 RX ua=95 mt=R len=7
PKT t=26796 TX ua=96 mt=P len=0
PKT t=27101 TX ua=95 mt=P len=0
PKT t=27110 RX ua=95 mt=R len=7
PKT t=27115 TX ua=95 mt=T len=7
PKT t=27128 TX ua=95 mt=P len=0
PKT t=27137 RX ua=95 mt=R len=7
PKT t=27142 TX ua=95 mt=T len=7
PKT t=27154 TX ua=95 mt=P len=0
PKT t=27176 RX ua=95 mt=R len=7
PKT t=27181 TX ua=95 mt=P len=0
PKT t=27190 RX ua=95 mt=R len=7
PKT t=27195 TX ua=95 mt=P len=0
PKT t=27204 RX ua=95 mt=R len=7
PKT t=27209 TX ua=95 mt=P len=0
PKT t=27218 RX ua=95 mt=R len=7
PKT t=27223 TX ua=95 mt=P len=0
PKT t=27232 RX ua=95 mt=R len=7
PKT t=27237 TX ua=95 mt=P len=0
PKT t=27246 RX ua=95 mt=R len=7
PKT t=27251 TX ua=95 mt=P len=0
PKT t=27280 RX ua=95 mt=R len=7
PKT t=27285 TX ua=95 mt=P len=0
PKT t=27294 RX ua=95 mt=R len=7
PKT t=27299 TX ua=95 mt=P len=0
PKT t=27308 RX ua=95 mt=R len=7
PKT t=27313 TX ua=95 mt=P len=0
PKT t=27322 RX ua=95 mt=R len=7
PKT t=27327 TX ua=95 mt=P len=0
PKT t=27336 RX ua=95 mt=R len=7
PKT t=27341 TX ua=95 mt=P len=0
PKT t=27396 RX ua=95 mt=R len=7
PKT t=27401 TX ua=95 mt=T len=7
PKT t=27413 TX ua=95 mt=P len=0
PKT t=27423 RX ua=95 mt=R len=7
PKT t=27428 TX ua=95 mt=P len=0
PKT t=27438 RX ua=95 mt=R len=7
PKT t=27443 TX ua=95 mt=P len=0
PKT t=27453 RX ua=95 mt=R len=7
PKT t=27458 TX ua=95 mt=P len=0
PKT t=27487 RX ua=95 mt=R len=7
PKT t=27492 TX ua=95 mt=P len=0
PKT t=27502 RX ua=95 mt=R len=7
PKT t=27507 TX ua=95 mt=P len=0
PKT t=27517 RX ua=95 mt=R len=7
PKT t=27522 TX ua=95 mt=P len=0
PKT t=27532 RX ua=95 mt=R len=7
PKT t=27537 TX ua=95 mt=P len=0
PKT t=27547 RX ua=95 mt=R len=7
PKT t=27552 TX ua=95 mt=P len=0
PKT t=27586 RX ua=95 mt=R len=7
PKT t=27591 TX ua=95 mt=P len=0
PKT t=27601 RX ua=95 mt=R len=7
PKT t=27606 TX ua=95 mt=P len=0
PKT t=27616 RX ua=95 mt=R len=7
PKT t=27621 TX ua=95 mt=P len=0
PKT t=27631 RX ua=95 mt=R len=7
PKT t=27636 TX ua=95 mt=P len=0
PKT t=27646 RX ua=95 mt=R len=7
PKT t=27696 TX ua=95 mt=T len=7
PKT t=27708 TX ua=95 mt=P len=0
PKT t=27717 RX ua=95 mt=R len=7
PKT t=27722 TX ua=95 mt=P len=0
PKT t=27731 RX ua=95 mt=R len=7
PKT t=27736 TX ua=95 mt=P len=0
PKT t=27745 RX ua=95 mt=R len=7
PKT t=27750 TX ua=95 mt=P len=0
PKT t=27759 RX ua=95 mt=R len=7
PKT t=27764 TX ua=95 mt=P len=0
PKT t=27793 RX ua=95 mt=R len=7
PKT t=27798 TX ua=95 mt=P len=0
PKT t=27807 RX ua=95 mt=R len=7
PKT t=27812 TX ua=95 mt=P len=0
PKT t=27821 RX ua=95 mt=R len=7
PKT t=27826 TX ua=95 mt=P len=0
PKT t=27835 RX ua=95 mt=R len=7
PKT t=27840 TX ua=95 mt=P len=0
PKT t=27849 RX ua=95 mt=R len=7
PKT t=27854 TX ua=95 mt=P len=0
PKT t=27863 RX ua=95 mt=R len=7
PKT t=27868 TX ua=95 mt=P len=0
PKT t=27897 RX ua=95 mt=R len=7
PKT t=27902 TX ua=95 mt=T len=7
PKT t=27914 TX ua=95 mt=P len=0
PKT t=27923 RX ua=95 mt=R len=7
PKT t=27928 TX ua=95 mt=P len=0
PKT t=27937 RX ua=95 mt=R len=7
PKT t=27942 TX ua=95 mt=P len=0
PKT t=27996 RX ua=95 mt=R len=7
PKT t=28001 TX ua=95 mt=P len=0
PKT t=28010 RX ua=95 mt=R len=7
PKT t=28018 TX ua=95 mt=P len=0
PKT t=28027 RX ua=95 mt=R len=7
PKT t=28032 TX ua=95 mt=P len=0
PKT t=28041 RX ua=95 mt=R len=7
PKT t=28046 TX ua=95 mt=P len=0
PKT t=28055 RX ua=95 mt=R len=7
PKT t=28060 TX ua=95 mt=P len=0
PKT t=28069 RX ua=95 mt=R len=7
PKT t=28074 TX ua=95 mt=P len=0
PKT t=28103 RX ua=95 mt=R len=7
PKT t=28108 TX ua=95 mt=P len=0
PKT t=28117 RX ua=95 mt=R len=7
PKT t=28122 TX ua=95 mt=P len=0
PKT t=28131 RX ua=95 mt=R len=7
PKT t=28136 TX ua=95 mt=P len=0
PKT t=28145 RX ua=95 mt=R len=7
PKT t=28150 TX ua=95 mt=T len=7
PKT t=28162 TX ua=95 mt=P len=0
PKT t=28171 RX ua=95 mt=R len=7
PKT t=28176 TX ua=95 mt=P len=0
PKT t=28205 RX ua=95 mt=R len=7
PKT t=28210 TX ua=95 mt=P len=0
PKT t=28219 RX ua=95 mt=R len=7
PKT t=28224 TX ua=95 mt=P len=0
PKT t=28233 RX ua=95 mt=R len=7
PKT t=28238 TX ua=95 mt=P len=0
PKT t=28296 RX ua=95 mt=R len=7
PKT t=28301 TX ua=95 mt=P len=0
PKT t=28310 RX ua=95 mt=R len=7
PKT t=28315 TX ua=95 mt=P len=0
PKT t=28324 RX ua=95 mt=R len=7
PKT t=28329 TX ua=95 mt=P len=0
PKT t=28338 RX ua=95 mt=R len=7
PKT t=28343 TX ua=95 mt=P len=0
PKT t=28352 RX ua=95 mt=R len=7
PKT t=28357 TX ua=95 mt=P len=0
PKT t=28366 RX ua=95 mt=R len=7
PKT t=28371 TX ua=95 mt=P len=0
PKT t=28404 RX ua=95 mt=R len=7
PKT t=28409 TX ua=95 mt=T len=7
PKT t=28421 TX ua=95 mt=P len=0
PKT t=28430 RX ua=95 mt=R len=7
PKT t=28435 TX ua=95 mt=P len=0
PKT t=28444 RX ua=95 mt=R len=7
PKT t=28449 TX ua=95 mt=P len=0
PKT t=28458 RX ua=95 mt=R len=7
PKT t=28463 TX ua=95 mt=P len=0
PKT t=28472 RX ua=95 mt=R len=7
PKT t=28477 TX ua=95 mt=P len=0
PKT t=28506 RX ua=95 mt=R len=7
PKT t=28511 TX ua=95 mt=P len=0
PKT t=28520 RX ua=95 mt=R len=7
PKT t=28525 TX ua=95 mt=P len=0
PKT t=28534 RX ua=95 mt=R len=7
PKT t=28539 TX ua=95 mt=P len=0
PKT t=28596 RX ua=95 mt=R len=7
PKT t=28601 TX ua=95 mt=P len=0
PKT t=28610 RX ua=95 mt=R len=7
PKT t=28615 TX ua=95 mt=P len=0
PKT t=28624 RX ua=95 mt=R len=7
PKT t=28629 TX ua=95 mt=P len=0
PKT t=28638 RX ua=95 mt=R len=7
PKT t=28643 TX ua=95 mt=P len=0
PKT t=28652 RX ua=95 mt=R len=7
PKT t=28657 TX ua=95 mt=T len=7
PKT t=28669 TX ua=95 mt=P len=0
PKT t=28678 RX ua=95 mt=R len=7
PKT t=28683 TX ua=95 mt=P len=0
PKT t=28712 RX ua=95 mt=R len=7
PKT t=28717 TX ua=95 mt=P len=0
PKT t=28726 RX ua=95 mt=R len=7
PKT t=28731 TX ua=95 mt=P len=0
PKT t=28740 RX ua=95 mt=R len=7
PKT t=28745 TX ua=95 mt=P len=0
PKT t=28754 RX ua=95 mt=R len=7
PKT t=28759 TX ua=95 mt=P len=0
PKT t=28768 RX ua=95 mt=R len=7
PKT t=28773 TX ua=95 mt=P len=0
PKT t=28782 RX ua=95 mt=R len=7
PKT t=28787 TX ua=95 mt=P len=0
PKT t=28816 RX ua=95 mt=R len=7
PKT t=28821 TX ua=95 mt=P len=0
PKT t=28830 RX ua=95 mt=R len=7
PKT t=28835 TX ua=95 mt=P len=0
PKT t=28844 RX ua=95 mt=R len=7
PKT t=28896 TX ua=95 mt=P len=0
PKT t=28915 RX ua=95 mt=R len=7
PKT t=28920 TX ua=95 mt=T len=7
PKT t=28932 TX ua=95 mt=P len=0
PKT t=28941 RX ua=95 mt=R len=7
PKT t=28946 TX ua=95 mt=P len=0
PKT t=28955 RX ua=95 mt=R len=7
PKT t=28960 TX ua=95 mt=P len=0
PKT t=28969 RX ua=95 mt=R len=7
PKT t=28974 TX ua=95 mt=P len=0
PKT t=28983 RX ua=95 mt=R len=7
PKT t=28988 TX ua=95 mt=P len=0
PKT t=29017 RX ua=95 mt=R len=7
PKT t=29022 TX ua=95 mt=P len=0
PKT t=29031 RX ua=95 mt=R len=7
PKT t=29036 TX ua=95 mt=P len=0
PKT t=29045 RX ua=95 mt=R len=7
PKT t=29050 TX ua=95 mt=P len=0
PKT t=29059 RX ua=95 mt=R len=7
PKT t=29064 TX ua=95 mt=P len=0
PKT t=29073 RX ua=95 mt=R len=7
PKT t=29078 TX ua=95 mt=P len=0
PKT t=29087 RX ua=95 mt=R len=7
PKT t=29092 TX ua=95 mt=P len=0
PKT t=29121 RX ua=95 mt=R len=7
PKT t=29126 TX ua=95 mt=P len=0
PKT t=29135 RX ua=95 mt=R len=7
PKT t=29140 TX ua=95 mt=T len=7
PKT t=29201 TX ua=95 mt=P len=0
PKT t=29220 RX ua=95 mt=R len=7
PKT t=29225 TX ua=95 mt=P len=0
PKT t=29234 RX ua=95 mt=R len=7
PKT t=29239 TX ua=95 mt=P len=0
PKT t=29248 RX ua=95 mt=R len=7
PKT t=29253 TX ua=95 mt=P len=0
PKT t=29262 RX ua=95 mt=R len=7
PKT t=29267 TX ua=95 mt=P len=0
PKT t=29276 RX ua=95 mt=R len=7
PKT t=29281 TX ua=95 mt=P len=0
PKT t=29290 RX ua=95 mt=R len=7
PKT t=29295 TX ua=95 mt=P len=0
PKT t=29324 RX ua=95 mt=R len=7
PKT t=29329 TX ua=95 mt=P len=0
PKT t=29338 RX ua=95 mt=R len=7
PKT t=29343 TX ua=95 mt=P len=0
PKT t=29353 RX ua=95 mt=R len=7
PKT t=29358 TX ua=95 mt=P len=0
PKT t=29367 RX ua=95 mt=R len=7
PKT t=29372 TX ua=95 mt=P len=0
PKT t=29381 RX ua=95 mt=R len=7
PKT t=29386 TX ua=95 mt=P len=0
PKT t=29395 RX ua=95 mt=R len=7
PKT t=29400 TX ua=95 mt=T len=7
PKT t=29413 TX ua=95 mt=P len=0
PKT t=29431 RX ua=95 mt=R len=7
PKT t=29436 TX ua=95 mt=P len=0
PKT t=29446 RX ua=95 mt=R len=7
PKT t=29496 TX ua=95 mt=P len=0
PKT t=29529 RX ua=95 mt=R len=7
PKT t=29534 TX ua=95 mt=P len=0
PKT t=29544 RX ua=95 mt=R len=7
PKT t=29549 TX ua=95 mt=P len=0
PKT t=29559 RX ua=95 mt=R len=7
PKT t=29564 TX ua=95 mt=P len=0
PKT t=29574 RX ua=95 mt=R len=7
PKT t=29579 TX ua=95 mt=P len=0
PKT t=29589 RX ua=95 mt=R len=7
PKT t=29594 TX ua=95 mt=P len=0
PKT t=29604 RX ua=95 mt=R len=7
PKT t=29609 TX ua=95 mt=P len=0
PKT t=29638 RX ua=95 mt=R len=7
PKT t=29643 TX ua=95 mt=P len=0
PKT t=29653 RX ua=95 mt=R len=7
PKT t=29658 TX ua=95 mt=T len=7
PKT t=29671 TX ua=95 mt=P len=0
PKT t=29680 RX ua=95 mt=R len=7
PKT t=29685 TX ua=95 mt=P len=0
PKT t=29694 RX ua=95 mt=R len=7
PKT t=29699 TX ua=95 mt=P len=0
PKT t=29708 RX ua=95 mt=R len=7
PKT t=29713 TX ua=95 mt=P len=0
PKT t=29742 RX ua=95 mt=R len=7
PKT t=29747 TX ua=95 mt=P len=0
PKT t=29797 RX ua=95 mt=R len=7
PKT t=30096 TX ua=96 mt=P len=0
PKT t=30401 TX ua=95 mt=P len=0
PKT t=30410 RX ua=95 mt=R len=7
PKT t=30415 TX ua=95 mt=T len=7
PKT t=30427 TX ua=95 mt=P len=0
PKT t=30446 RX ua=95 mt=R len=7
PKT t=30451 TX ua=95 mt=P len=0
PKT t=30460 RX ua=95 mt=R len=7
PKT t=30465 TX ua=95 mt=P len=0
PKT t=30474 RX ua=95 mt=R len=7
PKT t=30479 TX ua=95 mt=P len=0
PKT t=30488 RX ua=95 mt=R len=7
PKT t=30493 TX ua=95 mt=P len=0
PKT t=30502 RX ua=95 mt=R len=7
PKT t=30507 TX ua=95 mt=P len=0
PKT t=30516 RX ua=95 mt=R len=7
PKT t=30521 TX ua=95 mt=P len=0
PKT t=30550 RX ua=95 mt=R len=7
PKT t=30555 TX ua=95 mt=P len=0
PKT t=30564 RX ua=95 mt=R len=7
PKT t=30569 TX ua=95 mt=P len=0
PKT t=30578 RX ua=95 mt=R len=7
PKT t=30583 TX ua=95 mt=P len=0
PKT t=30592 RX ua=95 mt=R len=7
PKT t=30597 TX ua=95 mt=P len=0
PKT t=30606 RX ua=95 mt=R len=7
PKT t=30611 TX ua=95 mt=P len=0
PKT t=30620 RX ua=95 mt=R len=7
PKT t=30625 TX ua=95 mt=P len=0
PKT t=30696 RX ua=95 mt=R len=7
PKT t=30701 TX ua=95 mt=T len=7
PKT t=30713 TX ua=95 mt=P len=0
PKT t=30722 RX ua=95 mt=R len=7
PKT t=30727 TX ua=95 mt=P len=0
PKT t=30756 RX ua=95 mt=R len=7
PKT t=30761 TX ua=95 mt=P len=0
PKT t=30770 RX ua=95 mt=R len=7
PKT t=30775 TX ua=95 mt=P len=0
PKT t=30784 RX ua=95 mt=R len=7
PKT t=30789 TX ua=95 mt=P len=0
PKT t=30798 RX ua=95 mt=R len=7
PKT t=30803 TX ua=95 mt=P len=0
PKT t=30812 RX ua=95 mt=R len=7
PKT t=30817 TX ua=95 mt=P len=0
PKT t=30826 RX ua=95 mt=R len=7
PKT t=30831 TX ua=95 mt=P len=0
PKT t=30860 RX ua=95 mt=R len=7
PKT t=30865 TX ua=95 mt=P len=0
PKT t=30874 RX ua=95 mt=R len=7
PKT t=30879 TX ua=95 mt=P len=0
PKT t=30888 RX ua=95 mt=R len=7
PKT t=30893 TX ua=95 mt=P len=0
PKT t=30902 RX ua=95 mt=R len=7
PKT t=30907 TX ua=95 mt=T len=7
PKT t=30919 TX ua=95 mt=P len=0
PKT t=30928 RX ua=95 mt=R len=7
PKT t=30933 TX ua=95 mt=P len=0
PKT t=30996 RX ua=95 mt=R len=7
PKT t=31001 TX ua=95 mt=P len=0
PKT t=31010 RX ua=95 mt=R len=7
PKT t=31015 TX ua=95 mt=P len=0
PKT t=31024 RX ua=95 mt=R len=7
PKT t=31029 TX ua=95 mt=P len=0
PKT t=31061 RX ua=95 mt=R len=7
PKT t=31066 TX ua=95 mt=P len=0
PKT t=31075 RX ua=95 mt=R len=7
PKT t=31080 TX ua=95 mt=P len=0
PKT t=31089 RX ua=95 mt=R len=7
PKT t=31094 TX ua=95 mt=P len=0
PKT t=31103 RX ua=95 mt=R len=7
PKT t=31108 TX ua=95 mt=P len=0
PKT t=31117 RX ua=95 mt=R len=7
PKT t=31122 TX ua=95 mt=P len=0
PKT t=31131 RX ua=95 mt=R len=7
PKT t=31136 TX ua=95 mt=P len=0
PKT t=31165 RX ua=95 mt=R len=7
PKT t=31170 TX ua=95 mt=T len=7
PKT t=31182 TX ua=95 mt=P len=0
PKT t=31191 RX ua=95 mt=R len=7
PKT t=31196 TX ua=95 mt=P len=0
PKT t=31205 RX ua=95 mt=R len=7
PKT t=31210 TX ua=95 mt=P len=0
PKT t=31219 RX ua=95 mt=R len=7
PKT t=31224 TX ua=95 mt=P len=0
PKT t=31233 RX ua=95 mt=R len=7
PKT t=31238 TX ua=95 mt=P len=0
PKT t=31296 RX ua=95 mt=R len=7
PKT t=31301 TX ua=95 mt=P len=0
PKT t=31310 RX ua=95 mt=R len=7
PKT t=31315 TX ua=95 mt=P len=0
PKT t=31324 RX ua=95 mt=R len=7
PKT t=31329 TX ua=95 mt=P len=0
PKT t=31338 RX ua=95 mt=R len=7
PKT t=31343 TX ua=95 mt=P len=0
PKT t=31372 RX ua=95 mt=R len=7
PKT t=31377 TX ua=95 mt=P len=0
PKT t=31386 RX ua=95 mt=R len=7
PKT t=31391 TX ua=95 mt=P len=0
PKT t=31400 RX ua=95 mt=R len=7
PKT t=31405 TX ua=95 mt=T len=7
PKT t=31417 TX ua=95 mt=P len=0
PKT t=31427 RX ua=95 mt=R len=7
PKT t=31432 TX ua=95 mt=P len=0
PKT t=31442 RX ua=95 mt=R len=7
PKT t=31447 TX ua=95 mt=P len=0
PKT t=31476 RX ua=95 mt=R len=7
PKT t=31481 TX ua=95 mt=P len=0
PKT t=31491 RX ua=95 mt=R len=7
PKT t=31496 TX ua=95 mt=P len=0
PKT t=31506 RX ua=95 mt=R len=7
PKT t=31511 TX ua=95 mt=P len=0
PKT t=31521 RX ua=95 mt=R len=7
PKT t=31526 TX ua=95 mt=P len=0
PKT t=31536 RX ua=95 mt=R len=7
PKT t=31541 TX ua=95 mt=P len=0
PKT t=31596 RX ua=95 mt=R len=7
PKT t=31601 TX ua=95 mt=P len=0
PKT t=31611 RX ua=95 mt=R len=7
PKT t=31616 TX ua=95 mt=P len=0
PKT t=31626 RX ua=95 mt=R len=7
PKT t=31631 TX ua=95 mt=P len=0
PKT t=31641 RX ua=95 mt=R len=7
PKT t=31646 TX ua=95 mt=P len=0
PKT t=31675 RX ua=95 mt=R len=7
PKT t=31680 TX ua=95 mt=T len=7
PKT t=31692 TX ua=95 mt=P len=0
PKT t=31701 RX ua=95 mt=R len=7
PKT t=31706 TX ua=95 mt=P len=0
PKT t=31715 RX ua=95 mt=R len=7
PKT t=31720 TX ua=95 mt=P len=0
PKT t=31729 RX ua=95 mt=R len=7
PKT t=31734 TX ua=95 mt=P len=0
PKT t=31743 RX ua=95 mt=R len=7
PKT t=31748 TX ua=95 mt=P len=0
PKT t=31777 RX ua=95 mt=R len=7
PKT t=31782 TX ua=95 mt=P len=0
PKT t=31791 RX ua=95 mt=R len=7
PKT t=31796 TX ua=95 mt=P len=0
PKT t=31805 RX ua=95 mt=R len=7
PKT t=31810 TX ua=95 mt=P len=0
PKT t=31819 RX ua=95 mt=R len=7
PKT t=31824 TX ua=95 mt=P len=0
PKT t=31833 RX ua=95 mt=R len=7
PKT t=31838 TX ua=95 mt=P len=0
PKT t=31896 RX ua=95 mt=R len=7
PKT t=31901 TX ua=95 mt=T len=7
PKT t=31913 TX ua=95 mt=P len=0
PKT t=31922 RX ua=95 mt=R len=7
PKT t=31927 TX ua=95 mt=P len=0
PKT t=31936 RX ua=95 mt=R len=7
PKT t=31941 TX ua=95 mt=P len=0
PKT t=31950 RX ua=95 mt=R len=7
PKT t=31955 TX ua=95 mt=P len=0
PKT t=31984 RX ua=95 mt=R len=7
PKT t=31989 TX ua=95 mt=P len=0
PKT t=31998 RX ua=95 mt=R len=7
PKT t=32003 TX ua=95 mt=P len=0
PKT t=32012 RX ua=95 mt=R len=7
PKT t=32020 TX ua=95 mt=P len=0
PKT t=32029 RX ua=95 mt=R len=7
PKT t=32034 TX ua=95 mt=P len=0
PKT t=32043 RX ua=95 mt=R len=7
PKT t=32048 TX ua=95 mt=P len=0
PKT t=32057 RX ua=95 mt=R len=7
PKT t=32062 TX ua=95 mt=P len=0
PKT t=32091 RX ua=95 mt=R len=7
PKT t=32096 TX ua=95 mt=P len=0
PKT t=32105 RX ua=95 mt=R len=7
PKT t=32110 TX ua=95 mt=P len=0
PKT t=32119 RX ua=95 mt=R len=7
PKT t=32124 TX ua=95 mt=P len=0
PKT t=32133 RX ua=95 mt=R len=7
PKT t=32138 TX ua=95 mt=P len=0
PKT t=32196 RX ua=95 mt=R len=7
PKT t=32201 TX ua=95 mt=T len=7
PKT t=32213 TX ua=95 mt=P len=0
PKT t=32222 RX ua=95 mt=R len=7
PKT t=32227 TX ua=95 mt=P len=0
PKT t=32236 RX ua=95 mt=R len=7
PKT t=32241 TX ua=95 mt=P len=0
PKT t=32250 RX ua=95 mt=R len=7
PKT t=32255 TX ua=95 mt=P len=0
PKT t=32264 RX ua=95 mt=R len=7
PKT t=32269 TX ua=95 mt=P len=0
PKT t=32298 RX ua=95 mt=R len=7
PKT t=32303 TX ua=95 mt=P len=0
PKT t=32312 RX ua=95 mt=R len=7
PKT t=32317 TX ua=95 mt=P len=0
PKT t=32326 RX ua=95 mt=R len=7
PKT t=32331 TX ua=95 mt=P len=0
PKT t=32340 RX ua=95 mt=R len=7
PKT t=32345 TX ua=95 mt=P len=0
PKT t=32354 RX ua=95 mt=R len=7
PKT t=32359 TX ua=95 mt=P len=0
PKT t=32368 RX ua=95 mt=R len=7
PKT t=32373 TX ua=95 mt=P len=0
PKT t=32402 RX ua=95 mt=R len=7
PKT t=32407 TX ua=95 mt=T len=7
PKT t=32419 TX ua=95 mt=P len=0
PKT t=32428 RX ua=95 mt=R len=7
PKT t=32433 TX ua=95 mt=P len=0
PKT t=32442 RX ua=95 mt=R len=7
PKT t=32447 TX ua=95 mt=P len=0
PKT t=32497 RX ua=95 mt=R len=7
PKT t=32796 TX ua=96 mt=P len=0
PKT t=33101 TX ua=95 mt=P len=0
PKT t=33110 RX ua=95 mt=R len=7
PKT t=33115 TX ua=95 mt=T len=7
PKT t=33127 TX ua=95 mt=P len=0
PKT t=33136 RX ua=95 mt=R len=7
PKT t=33141 TX ua=95 mt=T len=7
PKT t=33153 TX ua=95 mt=P len=0
PKT t=33162 RX ua=95 mt=R len=7
PKT t=33167 TX ua=95 mt=P len=0
PKT t=33176 RX ua=95 mt=R len=7
PKT t=33181 TX ua=95 mt=P len=0
PKT t=33210 RX ua=95 mt=R len=7
PKT t=33215 TX ua=95 mt=P len=0
PKT t=33224 RX ua=95 mt=R len=7
PKT t=33229 TX ua=95 mt=P len=0
PKT t=33238 RX ua=95 mt=R len=7
PKT t=33243 TX ua=95 mt=P len=0
PKT t=33252 RX ua=95 mt=R len=7
PKT t=33257 TX ua=95 mt=P len=0
PKT t=33266 RX ua=95 mt=R len=7
PKT t=33271 TX ua=95 mt=P len=0
PKT t=33280 RX ua=95 mt=R len=7
PKT t=33285 TX ua=95 mt=P len=0
PKT t=33314 RX ua=95 mt=R len=7
PKT t=33319 TX ua=95 mt=P len=0
PKT t=33328 RX ua=95 mt=R len=7
PKT t=33333 TX ua=95 mt=P len=0
PKT t=33342 RX ua=95 mt=R len=7
PKT t=33347 TX ua=95 mt=P len=0
PKT t=33397 RX ua=95 mt=R len=7
PKT t=33696 TX ua=96 mt=P len=0
PKT t=34001 TX ua=95 mt=P len=0
PKT t=34010 RX ua=95 mt=R len=7
PKT t=34015 TX ua=95 mt=T len=7
PKT t=34028 TX ua=95 mt=P len=0
PKT t=34037 RX ua=95 mt=R len=7
PKT t=34042 TX ua=95 mt=P len=0
PKT t=34051 RX ua=95 mt=R len=7
PKT t=34056 TX ua=95 mt=P len=0
PKT t=34065 RX ua=95 mt=R len=7
PKT t=34070 TX ua=95 mt=P len=0
PKT t=34079 RX ua=95 mt=R len=7
PKT t=34084 TX ua=95 mt=P len=0
PKT t=34114 RX ua=95 mt=R len=7
PKT t=34119 TX ua=95 mt=P len=0
PKT t=34128 RX ua=95 mt=R len=7
PKT t=34133 TX ua=95 mt=P len=0
PKT t=34142 RX ua=95 mt=R len=7
PKT t=34147 TX ua=95 mt=T len=7
PKT t=34160 TX ua=95 mt=P len=0
PKT t=34170 RX ua=95 mt=R len=7
PKT t=34175 TX ua=95 mt=T len=7
PKT t=34188 TX ua=95 mt=P len=0
PKT t=34220 RX ua=95 mt=R len=7
PKT t=34224 TX ua=95 mt=P len=0
PKT t=34233 RX ua=95 mt=R len=7
PKT t=34238 TX ua=95 mt=P len=0
PKT t=34296 RX ua=95 mt=R len=7
PKT t=34301 TX ua=95 mt=P len=0
PKT t=34314 RX ua=95 mt=R len=7
PKT t=34319 TX ua=95 mt=P len=0
PKT t=34328 RX ua=95 mt=R len=7
PKT t=34333 TX ua=95 mt=P len=0
PKT t=34342 RX ua=95 mt=R len=7
PKT t=34347 TX ua=95 mt=P len=0
PKT t=34356 RX ua=95 mt=R len=7
PKT t=34361 TX ua=95 mt=P len=0
PKT t=34370 RX ua=95 mt=R len=7
PKT t=34375 TX ua=95 mt=P len=0
PKT t=34384 RX ua=95 mt=R len=7
PKT t=34389 TX ua=95 mt=P len=0
PKT t=34418 RX ua=95 mt=R len=7
PKT t=34423 TX ua=95 mt=T len=7
PKT t=34436 TX ua=95 mt=P len=0
PKT t=34445 RX ua=95 mt=R len=7
PKT t=34450 TX ua=95 mt=P len=0
PKT t=34459 RX ua=95 mt=R len=7
PKT t=34464 TX ua=95 mt=P len=0
PKT t=34473 RX ua=95 mt=R len=7
PKT t=34478 TX ua=95 mt=P len=0
PKT t=34487 RX ua=95 mt=R len=7
PKT t=34492 TX ua=95 mt=P len=0
PKT t=34521 RX ua=95 mt=R len=7
PKT t=34526 TX ua=95 mt=P len=0
PKT t=34535 RX ua=95 mt=R len=7
PKT t=34540 TX ua=95 mt=P len=0
PKT t=34596 RX ua=95 mt=R len=7
PKT t=34601 TX ua=95 mt=P len=0
PKT t=34620 RX ua=95 mt=R len=7
PKT t=34625 TX ua=95 mt=P len=0
PKT t=34634 RX ua=95 mt=R len=7
PKT t=34639 TX ua=95 mt=P len=0
PKT t=34649 RX ua=95 mt=R len=7
PKT t=34654 TX ua=95 mt=T len=7
PKT t=34667 TX ua=95 mt=P len=0
PKT t=34676 RX ua=95 mt=R len=7
PKT t=34681 TX ua=95 mt=P len=0
PKT t=34691 RX ua=95 mt=R len=7
PKT t=34696 TX ua=95 mt=P len=0
PKT t=34725 RX ua=95 mt=R len=7
PKT t=34730 TX ua=95 mt=P len=0
PKT t=34739 RX ua=95 mt=R len=7
PKT t=34744 TX ua=95 mt=P len=0
PKT t=34753 RX ua=95 mt=R len=7
PKT t=34758 TX ua=95 mt=P len=0
PKT t=34767 RX ua=95 mt=R len=7
PKT t=34772 TX ua=95 mt=P len=0
PKT t=34781 RX ua=95 mt=R len=7
PKT t=34786 TX ua=95 mt=P len=0
PKT t=34795 RX ua=95 mt=R len=7
PKT t=34800 TX ua=95 mt=P len=0
PKT t=34829 RX ua=95 mt=R len=7
PKT t=34834 TX ua=95 mt=P len=0
PKT t=34843 RX ua=95 mt=R len=7
PKT t=34896 TX ua=95 mt=P len=0
PKT t=34929 RX ua=95 mt=R len=7
PKT t=34934 TX ua=95 mt=T len=7
PKT t=34947 TX ua=95 mt=P len=0
PKT t=34956 RX ua=95 mt=R len=7
PKT t=34961 TX ua=95 mt=P len=0
PKT t=34970 RX ua=95 mt=R len=7
PKT t=34975 TX ua=95 mt=P len=0
PKT t=34984 RX ua=95 mt=R len=7
PKT t=34989 TX ua=95 mt=P len=0
PKT t=34998 RX ua=95 mt=R len=7
PKT t=35003 TX ua=95 mt=P len=0
PKT t=35032 RX ua=95 mt=R len=7
PKT t=35037 TX ua=95 mt=P len=0
PKT t=35046 RX ua=95 mt=R len=7
PKT t=35051 TX ua=95 mt=P len=0
PKT t=35060 RX ua=95 mt=R len=7
PKT t=35065 TX ua=95 mt=P len=0
PKT t=35074 RX ua=95 mt=R len=7
PKT t=35079 TX ua=95 mt=P len=0
PKT t=35088 RX ua=95 mt=R len=7
PKT t=35093 TX ua=95 mt=P len=0
PKT t=35102 RX ua=95 mt=R len=7
PKT t=35107 TX ua=95 mt=P len=0
PKT t=35137 RX ua=95 mt=R len=7
PKT t=35142 TX ua=95 mt=T len=7
PKT t=35201 TX ua=95 mt=P len=0
PKT t=35210 RX ua=95 mt=R len=7
PKT t=35215 TX ua=95 mt=P len=0
PKT t=35244 RX ua=95 mt=R len=7
PKT t=35249 TX ua=95 mt=P len=0
PKT t=35258 RX ua=95 mt=R len=7
PKT t=35263 TX ua=95 mt=P len=0
PKT t=35272 RX ua=95 mt=R len=7
PKT t=35277 TX ua=95 mt=P len=0
PKT t=35287 RX ua=95 mt=R len=7
PKT t=35292 TX ua=95 mt=P len=0
PKT t=35301 RX ua=95 mt=R len=7
PKT t=35306 TX ua=95 mt=P len=0
PKT t=35315 RX ua=95 mt=R len=7
PKT t=35320 TX ua=95 mt=P len=0
PKT t=35350 RX ua=95 mt=R len=7
PKT t=35355 TX ua=95 mt=P len=0
PKT t=35364 RX ua=95 mt=R len=7
PKT t=35369 TX ua=95 mt=P len=0
PKT t=35378 RX ua=95 mt=R len=7
PKT t=35383 TX ua=95 mt=P len=0
PKT t=35392 RX ua=95 mt=R len=7
PKT t=35397 TX ua=95 mt=P len=0
PKT t=35406 RX ua=95 mt=R len=7
PKT t=35411 TX ua=95 mt=T len=7
PKT t=35423 TX ua=95 mt=P len=0
PKT t=35496 RX ua=95 mt=R len=7
PKT t=35501 TX ua=95 mt=P len=0
PKT t=35511 RX ua=95 mt=R len=7
PKT t=35516 TX ua=95 mt=P len=0
PKT t=35526 RX ua=95 mt=R len=7
PKT t=35531 TX ua=95 mt=P len=0
PKT t=35560 RX ua=95 mt=R len=7
PKT t=35565 TX ua=95 mt=P len=0
PKT t=35575 RX ua=95 mt=R len=7
PKT t=35580 TX ua=95 mt=P len=0
PKT t=35590 RX ua=95 mt=R len=7
PKT t=35595 TX ua=95 mt=P len=0
PKT t=35605 RX ua=95 mt=R len=7
PKT t=35610 TX ua=95 mt=P len=0
PKT t=35620 RX ua=95 mt=R len=7
PKT t=35625 TX ua=95 mt=P len=0
PKT t=35659 RX ua=95 mt=R len=7
PKT t=35664 TX ua=95 mt=T len=7
PKT t=35676 TX ua=95 mt=P len=0
PKT t=35685 RX ua=95 mt=R len=7
PKT t=35690 TX ua=95 mt=P len=0
PKT t=35699 RX ua=95 mt=R len=7
PKT t=35704 TX ua=95 mt=P len=0
PKT t=35713 RX ua=95 mt=R len=7
PKT t=35718 TX ua=95 mt=P len=0
PKT t=35727 RX ua=95 mt=R len=7
PKT t=35732 TX ua=95 mt=P len=0
PKT t=35796 RX ua=95 mt=R len=7
PKT t=35801 TX ua=95 mt=P len=0
PKT t=35810 RX ua=95 mt=R len=7
PKT t=35815 TX ua=95 mt=P len=0
PKT t=35824 RX ua=95 mt=R len=7
PKT t=35829 TX ua=95 mt=P len=0
PKT t=35861 RX ua=95 mt=R len=7
PKT t=35866 TX ua=95 mt=P len=0
PKT t=35875 RX ua=95 mt=R len=7
PKT t=35880 TX ua=95 mt=P len=0
PKT t=35889 RX ua=95 mt=R len=7
PKT t=35894 TX ua=95 mt=P len=0
PKT t=35903 RX ua=95 mt=R len=7
PKT t=35908 TX ua=95 mt=T len=7
PKT t=35920 TX ua=95 mt=P len=0
PKT t=35929 RX ua=95 mt=R len=7
PKT t=35934 TX ua=95 mt=P len=0
PKT t=35963 RX ua=95 mt=R len=7
PKT t=35968 TX ua=95 mt=P len=0
PKT t=35977 RX ua=95 mt=R len=7
PKT t=35982 TX ua=95 mt=P len=0
PKT t=35991 RX ua=95 mt=R len=7
PKT t=35996 TX ua=95 mt=P len=0
PKT t=36005 RX ua=95 mt=R len=7
PKT t=36010 TX ua=95 mt=P len=0
PKT t=36022 RX ua=95 mt=R len=7
PKT t=36027 TX ua=95 mt=P len=0
PKT t=36036 RX ua=95 mt=R len=7
PKT t=36041 TX ua=95 mt=P len=0
PKT t=36096 RX ua=95 mt=R len=7
PKT t=36101 TX ua=95 mt=P len=0
PKT t=36110 RX ua=95 mt=R len=7
PKT t=36115 TX ua=95 mt=P len=0
PKT t=36125 RX ua=95 mt=R len=7
PKT t=36130 TX ua=95 mt=P len=0
PKT t=36139 RX ua=95 mt=R len=7
PKT t=36144 TX ua=95 mt=T len=7
PKT t=36156 TX ua=95 mt=P len=0
PKT t=36175 RX ua=95 mt=R len=7
PKT t=36180 TX ua=95 mt=P len=0
PKT t=36189 RX ua=95 mt=R len=7
PKT t=36194 TX ua=95 mt=P len=0
PKT t=36203 RX ua=95 mt=R len=7
PKT t=36208 TX ua=95 mt=P len=0
PKT t=36217 RX ua=95 mt=R len=7
PKT t=36222 TX ua=95 mt=P len=0
PKT t=36231 RX ua=95 mt=R len=7
PKT t=36236 TX ua=95 mt=P len=0
PKT t=36245 RX ua=95 mt=R len=7
PKT t=36250 TX ua=95 mt=P len=0
PKT t=36279 RX ua=95 mt=R len=7
PKT t=36284 TX ua=95 mt=P len=0
PKT t=36293 RX ua=95 mt=R len=7
PKT t=36298 TX ua=95 mt=P len=0
PKT t=36307 RX ua=95 mt=R len=7
PKT t=36312 TX ua=95 mt=P len=0
PKT t=36322 RX ua=95 mt=R len=7
PKT t=36327 TX ua=95 mt=P len=0
PKT t=36336 RX ua=95 mt=R len=7
PKT t=36341 TX ua=95 mt=P len=0
PKT t=36396 RX ua=95 mt=R len=7
PKT t=36401 TX ua=95 mt=T len=7
PKT t=36413 TX ua=95 mt=P len=0
PKT t=36422 RX ua=95 mt=R len=7
PKT t=36427 TX ua=95 mt=P len=0
PKT t=36436 RX ua=95 mt=R len=7
PKT t=36441 TX ua=95 mt=P len=0
PKT t=36450 RX ua=95 mt=R len=7
PKT t=36455 TX ua=95 mt=P len=0
PKT t=36484 RX ua=95 mt=R len=7
PKT t=36489 TX ua=95 mt=P len=0
PKT t=36498 RX ua=95 mt=R len=7
PKT t=36503 TX ua=95 mt=P len=0
PKT t=36512 RX ua=95 mt=R len=7
PKT t=36517 TX ua=95 mt=P len=0
PKT t=36526 RX ua=95 mt=R len=7
PKT t=36531 TX ua=95 mt=P len=0
PKT t=36540 RX ua=95 mt=R len=7
PKT t=36545 TX ua=95 mt=P len=0
PKT t=36554 RX ua=95 mt=R len=7
PKT t=36559 TX ua=95 mt=P len=0
PKT t=36588 RX ua=95 mt=R len=7
PKT t=36593 TX ua=95 mt=P len=0
PKT t=36602 RX ua=95 mt=R len=7
PKT t=36607 TX ua=95 mt=P len=0
PKT t=36616 RX ua=95 mt=R len=7
PKT t=36621 TX ua=95 mt=P len=0
PKT t=36630 RX ua=95 mt=R len=7
PKT t=36635 TX ua=95 mt=P len=0
PKT t=36644 RX ua=95 mt=R len=7
PKT t=36696 TX ua=95 mt=T len=7
PKT t=36708 TX ua=95 mt=P len=0
PKT t=36717 RX ua=95 mt=R len=7
PKT t=36722 TX ua=95 mt=P len=0
PKT t=36731 RX ua=95 mt=R len=7
PKT t=36736 TX ua=95 mt=P len=0
PKT t=36745 RX ua=95 mt=R len=7
PKT t=36750 TX ua=95 mt=P len=0
PKT t=36759 RX ua=95 mt=R len=7
PKT t=36764 TX ua=95 mt=P len=0
PKT t=36793 RX ua=95 mt=R len=7
PKT t=36798 TX ua=95 mt=P len=0
PKT t=36807 RX ua=95 mt=R len=7
PKT t=36812 TX ua=95 mt=P len=0
PKT t=36821 RX ua=95 mt=R len=7
PKT t=36826 TX ua=95 mt=P len=0
PKT t=36835 RX ua=95 mt=R len=7
PKT t=36840 TX ua=95 mt=P len=0
PKT t=36849 RX ua=95 mt=R len=7
PKT t=36854 TX ua=95 mt=P len=0
PKT t=36863 RX ua=95 mt=R len=7
PKT t=36868 TX ua=95 mt=P len=0
PKT t=36897 RX ua=95 mt=R len=7
PKT t=36902 TX ua=95 mt=T len=7
PKT t=36914 TX ua=95 mt=P len=0
PKT t=36923 RX ua=95 mt=R len=7
PKT t=36928 TX ua=95 mt=P len=0
PKT t=36937 RX ua=95 mt=R len=7
PKT t=36942 TX ua=95 mt=P len=0
PKT t=36996 RX ua=95 mt=R len=7
PKT t=37001 TX ua=95 mt=P len=0
PKT t=37010 RX ua=95 mt=R len=7
PKT t=37015 TX ua=95 mt=P len=0
PKT t=37024 RX ua=95 mt=R len=7
PKT t=37029 TX ua=95 mt=P len=0
PKT t=37038 RX ua=95 mt=R len=7
PKT t=37043 TX ua=95 mt=P len=0
PKT t=37052 RX ua=95 mt=R len=7
PKT t=37057 TX ua=95 mt=P len=0
PKT t=37066 RX ua=95 mt=R len=7
PKT t=37071 TX ua=95 mt=P len=0
PKT t=37101 RX ua=95 mt=R len=7
PKT t=37106 TX ua=95 mt=P len=0
PKT t=37115 RX ua=95 mt=R len=7
PKT t=37120 TX ua=95 mt=P len=0
PKT t=37129 RX ua=95 mt=R len=7
PKT t=37134 TX ua=95 mt=P len=0
PKT t=37143 RX ua=95 mt=R len=7
PKT t=37148 TX ua=95 mt=T len=7
PKT t=37161 TX ua=95 mt=P len=0
PKT t=37170 RX ua=95 mt=R len=7
PKT t=37175 TX ua=95 mt=P len=0
PKT t=37204 RX ua=95 mt=R len=7
PKT t=37209 TX ua=95 mt=P len=0
PKT t=37218 RX ua=95 mt=R len=7
PKT t=37223 TX ua=95 mt=P len=0
PKT t=37232 RX ua=95 mt=R len=7
PKT t=37237 TX ua=95 mt=P len=0
PKT t=37246 RX ua=95 mt=R len=7
