PKT t=7114 TX ua=95 mt=P len=0
PKT t=7123 RX ua=95 mt=R len=7
PKT t=7128 TX ua=95 mt=P len=0
PKT t=7137 RX ua=95 mt=R len=7
PKT t=7142 TX ua=95 mt=P len=0
PKT t=7171 RX ua=95 mt=R len=7
PKT t=7176 TX ua=95 mt=P len=0
PKT t=7185 RX ua=95 mt=R len=7
PKT t=7190 TX ua=95 mt=P len=0
PKT t=7199 RX ua=95 mt=R len=7
PKT t=7204 TX ua=95 mt=P len=0
PKT t=7213 RX ua=95 mt=R len=7
PKT t=7218 TX ua=95 mt=P len=0
PKT t=7227 RX ua=95 mt=R len=7
PKT t=7232 TX ua=95 mt=P len=0
PKT t=7241 RX ua=95 mt=R len=7
PKT t=7246 TX ua=95 mt=P len=0
PKT t=7275 RX ua=95 mt=R len=7
PKT t=7280 TX ua=95 mt=P len=0
PKT t=7289 RX ua=95 mt=R len=7
PKT t=7294 TX ua=95 mt=P len=0
PKT t=7303 RX ua=95 mt=R len=7
PKT t=7308 TX ua=95 mt=P len=0
PKT t=7317 RX ua=95 mt=R len=7
PKT t=7322 TX ua=95 mt=P len=0
PKT t=7331 RX ua=95 mt=R len=7
PKT t=7336 TX ua=95 mt=P len=0
PKT t=7345 RX ua=95 mt=R len=7
PKT t=7350 TX ua=95 mt=T len=7
PKT t=7362 TX ua=95 mt=P len=0
PKT t=7381 RX ua=95 mt=R len=7
PKT t=7386 TX ua=95 mt=P len=0
PKT t=7396 RX ua=95 mt=R len=7
PKT t=7401 TX ua=95 mt=P len=0
PKT t=7411 RX ua=95 mt=R len=7
PKT t=7416 TX ua=95 mt=P len=0
PKT t=7426 RX ua=95 mt=R len=7
PKT t=7431 TX ua=95 mt=P len=0
PKT t=7441 RX ua=95 mt=R len=7
PKT t=7446 TX ua=95 mt=P len=0
PKT t=7479 RX ua=95 mt=R len=7
PKT t=7484 TX ua=95 mt=P len=0
PKT t=7494 RX ua=95 mt=R len=7
PKT t=7499 TX ua=95 mt=P len=0
PKT t=7509 RX ua=95 mt=R len=7
PKT t=7514 TX ua=95 mt=P len=0
PKT t=7524 RX ua=95 mt=R len=7
PKT t=7529 TX ua=95 mt=P len=0
PKT t=7539 RX ua=95 mt=R len=7
PKT t=7544 TX ua=95 mt=P len=0
PKT t=7555 RX ua=95 mt=R len=7
PKT t=7560 TX ua=95 mt=P len=0
PKT t=7588 RX ua=95 mt=R len=7
PKT t=7593 TX ua=95 mt=P len=0
PKT t=7603 RX ua=95 mt=R len=7
PKT t=7608 TX ua=95 mt=T len=7
PKT t=7620 TX ua=95 mt=P len=0
PKT t=7629 RX ua=95 mt=R len=7
PKT t=7634 TX ua=95 mt=P len=0
PKT t=7643 RX ua=95 mt=R len=7
PKT t=7648 TX ua=95 mt=P len=0
PKT t=7657 RX ua=95 mt=R len=7
PKT t=7662 TX ua=95 mt=P len=0
PKT t=7691 RX ua=95 mt=R len=7
PKT t=7696 TX ua=95 mt=P len=0
PKT t=7705 RX ua=95 mt=R len=7
PKT t=7710 TX ua=95 mt=P len=0
PKT t=7719 RX ua=95 mt=R len=7
PKT t=7724 TX ua=95 mt=P len=0
PKT t=7733 RX ua=95 mt=R len=7
PKT t=7738 TX ua=95 mt=P len=0
PKT t=7747 RX ua=95 mt=R len=7
PKT t=7752 TX ua=95 mt=P len=0
PKT t=7761 RX ua=95 mt=R len=7
PKT t=7766 TX ua=95 mt=P len=0
PKT t=7795 RX ua=95 mt=R len=7
PKT t=7800 TX ua=95 mt=P len=0
PKT t=7809 RX ua=95 mt=R len=7
PKT t=7814 TX ua=95 mt=P len=0
PKT t=7823 RX ua=95 mt=R len=7
PKT t=7828 TX ua=95 mt=P len=0
PKT t=7837 RX ua=95 mt=R len=7
PKT t=7842 TX ua=95 mt=P len=0
PKT t=7855 RX ua=95 mt=R len=7
PKT t=7860 TX ua=95 mt=T len=7
PKT t=7872 TX ua=95 mt=P len=0
PKT t=7900 RX ua=95 mt=R len=7
PKT t=7905 TX ua=95 mt=P len=0
PKT t=7914 RX ua=95 mt=R len=7
PKT t=7919 TX ua=95 mt=P len=0
PKT t=7928 RX ua=95 mt=R len=7
PKT t=7933 TX ua=95 mt=P len=0
PKT t=7942 RX ua=95 mt=R len=7
PKT t=7947 TX ua=95 mt=P len=0
PKT t=7956 RX ua=95 mt=R len=7
PKT t=7961 TX ua=95 mt=P len=0
PKT t=7970 RX ua=95 mt=R len=7
PKT t=7975 TX ua=95 mt=P len=0
PKT t=8008 RX ua=95 mt=R len=7
PKT t=8013 TX ua=95 mt=P len=0
PKT t=8022 RX ua=95 mt=R len=7
PKT t=8027 TX ua=95 mt=P len=0
PKT t=8036 RX ua=95 mt=R len=7
PKT t=8041 TX ua=95 mt=P len=0
PKT t=8050 RX ua=95 mt=R len=7
PKT t=8055 TX ua=95 mt=P len=0
PKT t=8064 RX ua=95 mt=R len=7
PKT t=8069 TX ua=95 mt=P len=0
PKT t=8078 RX ua=95 mt=R len=7
PKT t=8083 TX ua=95 mt=P len=0
PKT t=8112 RX ua=95 mt=R len=7
PKT t=8117 TX ua=95 mt=T len=7
PKT t=8129 TX ua=95 mt=P len=0
PKT t=8138 RX ua=95 mt=R len=7
PKT t=8143 TX ua=95 mt=P len=0
PKT t=8155 RX ua=95 mt=R len=7
PKT t=8160 TX ua=95 mt=P len=0
PKT t=8169 RX ua=95 mt=R len=7
PKT t=8174 TX ua=95 mt=P len=0
PKT t=8183 RX ua=95 mt=R len=7
PKT t=8188 TX ua=95 mt=P len=0
PKT t=8217 RX ua=95 mt=R len=7
PKT t=8222 TX ua=95 mt=P len=0
PKT t=8231 RX ua=95 mt=R len=7
PKT t=8236 TX ua=95 mt=P len=0
PKT t=8245 RX ua=95 mt=R len=7
PKT t=8250 TX ua=95 mt=P len=0
PKT t=8259 RX ua=95 mt=R len=7
PKT t=8264 TX ua=95 mt=P len=0
PKT t=8273 RX ua=95 mt=R len=7
PKT t=8278 TX ua=95 mt=P len=0
PKT t=8287 RX ua=95 mt=R len=7
PKT t=8292 TX ua=95 mt=P len=0
PKT t=8321 RX ua=95 mt=R len=7
PKT t=8326 TX ua=95 mt=P len=0
PKT t=8335 RX ua=95 mt=R len=7
PKT t=8340 TX ua=95 mt=P len=0
PKT t=8349 RX ua=95 mt=R len=7
PKT t=8354 TX ua=95 mt=T len=7
PKT t=8366 TX ua=95 mt=P len=0
PKT t=8375 RX ua=95 mt=R len=7
PKT t=8380 TX ua=95 mt=P len=0
PKT t=8389 RX ua=95 mt=R len=7
PKT t=8394 TX ua=95 mt=P len=0
PKT t=8423 RX ua=95 mt=R len=7
PKT t=8428 TX ua=95 mt=P len=0
PKT t=8437 RX ua=95 mt=R len=7
PKT t=8442 TX ua=95 mt=P len=0
PKT t=8455 RX ua=95 mt=R len=7
PKT t=8460 TX ua=95 mt=P len=0
PKT t=8469 RX ua=95 mt=R len=7
PKT t=8474 TX ua=95 mt=P len=0
PKT t=8483 RX ua=95 mt=R len=7
PKT t=8488 TX ua=95 mt=P len=0
PKT t=8497 RX ua=95 mt=R len=7
PKT t=8502 TX ua=95 mt=P len=0
PKT t=8532 RX ua=95 mt=R len=7
PKT t=8537 TX ua=95 mt=P len=0
PKT t=8546 RX ua=95 mt=R len=7
PKT t=8551 TX ua=95 mt=P len=0
PKT t=8560 RX ua=95 mt=R len=7
PKT t=8565 TX ua=95 mt=P len=0
PKT t=8574 RX ua=95 mt=R len=7
PKT t=8579 TX ua=95 mt=P len=0
PKT t=8588 RX ua=95 mt=R len=7
PKT t=8593 TX ua=95 mt=P len=0
PKT t=8602 RX ua=95 mt=R len=7
PKT t=8607 TX ua=95 mt=T len=7
PKT t=8619 TX ua=95 mt=P len=0
PKT t=8638 RX ua=95 mt=R len=7
PKT t=8643 TX ua=95 mt=P len=0
PKT t=8652 RX ua=95 mt=R len=7
PKT t=8657 TX ua=95 mt=P len=0
PKT t=8666 RX ua=95 mt=R len=7
PKT t=8671 TX ua=95 mt=P len=0
PKT t=8680 RX ua=95 mt=R len=7
PKT t=8685 TX ua=95 mt=P len=0
PKT t=8694 RX ua=95 mt=R len=7
PKT t=8699 TX ua=95 mt=P len=0
PKT t=8708 RX ua=95 mt=R len=7
PKT t=8713 TX ua=95 mt=P len=0
PKT t=8742 RX ua=95 mt=R len=7
PKT t=8747 TX ua=95 mt=P len=0
PKT t=8756 RX ua=95 mt=R len=7
PKT t=8761 TX ua=95 mt=P len=0
PKT t=8770 RX ua=95 mt=R len=7
PKT t=8775 TX ua=95 mt=P len=0
PKT t=8784 RX ua=95 mt=R len=7
PKT t=8789 TX ua=95 mt=P len=0
PKT t=8798 RX ua=95 mt=R len=7
PKT t=8803 TX ua=95 mt=P len=0
PKT t=8812 RX ua=95 mt=R len=7
PKT t=8817 TX ua=95 mt=P len=0
PKT t=8846 RX ua=95 mt=R len=7
PKT t=8851 TX ua=95 mt=T len=7
PKT t=8863 TX ua=95 mt=P len=0
PKT t=8872 RX ua=95 mt=R len=7
PKT t=8877 TX ua=95 mt=P len=0
PKT t=8886 RX ua=95 mt=R len=7
PKT t=8891 TX ua=95 mt=P len=0
PKT t=8900 RX ua=95 mt=R len=7
PKT t=8905 TX ua=95 mt=P len=0
PKT t=8914 RX ua=95 mt=R len=7
PKT t=8919 TX ua=95 mt=P len=0
PKT t=8948 RX ua=95 mt=R len=7
PKT t=8953 TX ua=95 mt=P len=0
PKT t=8962 RX ua=95 mt=R len=7
PKT t=8967 TX ua=95 mt=P len=0
PKT t=8976 RX ua=95 mt=R len=7
PKT t=8981 TX ua=95 mt=P len=0
PKT t=8990 RX ua=95 mt=R len=7
PKT t=8995 TX ua=95 mt=P len=0
PKT t=9004 RX ua=95 mt=R len=7
PKT t=9009 TX ua=95 mt=P len=0
PKT t=9018 RX ua=95 mt=R len=7
PKT t=9023 TX ua=95 mt=P len=0
PKT t=9055 RX ua=95 mt=R len=7
PKT t=9060 TX ua=95 mt=P len=0
PKT t=9069 RX ua=95 mt=R len=7
PKT t=9074 TX ua=95 mt=P len=0
PKT t=9083 RX ua=95 mt=R len=7
PKT t=9088 TX ua=95 mt=P len=0
PKT t=9098 RX ua=95 mt=R len=7
PKT t=9103 TX ua=95 mt=T len=7
PKT t=9115 TX ua=95 mt=P len=0
PKT t=9124 RX ua=95 mt=R len=7
PKT t=9129 TX ua=95 mt=P len=0
PKT t=9158 RX ua=95 mt=R len=7
PKT t=9163 TX ua=95 mt=P len=0
PKT t=9172 RX ua=95 mt=R len=7
PKT t=9177 TX ua=95 mt=P len=0
PKT t=9186 RX ua=95 mt=R len=7
PKT t=9191 TX ua=95 mt=P len=0
PKT t=9200 RX ua=95 mt=R len=7
PKT t=9205 TX ua=95 mt=P len=0
PKT t=9214 RX ua=95 mt=R len=7
PKT t=9219 TX ua=95 mt=P len=0
PKT t=9228 RX ua=95 mt=R len=7
PKT t=9233 TX ua=95 mt=P len=0
PKT t=9262 RX ua=95 mt=R len=7
PKT t=9267 TX ua=95 mt=P len=0
PKT t=9276 RX ua=95 mt=R len=7
PKT t=9281 TX ua=95 mt=P len=0
PKT t=9290 RX ua=95 mt=R len=7
PKT t=9295 TX ua=95 mt=P len=0
PKT t=9304 RX ua=95 mt=R len=7
PKT t=9309 TX ua=95 mt=P len=0
PKT t=9318 RX ua=95 mt=R len=7
PKT t=9323 TX ua=95 mt=P len=0
PKT t=9332 RX ua=95 mt=R len=7
PKT t=9337 TX ua=95 mt=P len=0
PKT t=9366 RX ua=95 mt=R len=7
PKT t=9371 TX ua=95 mt=T len=7
PKT t=9383 TX ua=95 mt=P len=0
PKT t=9393 RX ua=95 mt=R len=7
PKT t=9398 TX ua=95 mt=P len=0
PKT t=9408 RX ua=95 mt=R len=7
PKT t=9413 TX ua=95 mt=P len=0
PKT t=9423 RX ua=95 mt=R len=7
PKT t=9428 TX ua=95 mt=P len=0
PKT t=9438 RX ua=95 mt=R len=7
PKT t=9443 TX ua=95 mt=P len=0
PKT t=9472 RX ua=95 mt=R len=7
PKT t=9477 TX ua=95 mt=P len=0
PKT t=9487 RX ua=95 mt=R len=7
PKT t=9492 TX ua=95 mt=P len=0
PKT t=9502 RX ua=95 mt=R len=7
PKT t=9507 TX ua=95 mt=P len=0
PKT t=9517 RX ua=95 mt=R len=7
PKT t=9522 TX ua=95 mt=P len=0
PKT t=9532 RX ua=95 mt=R len=7
PKT t=9537 TX ua=95 mt=P len=0
PKT t=9547 RX ua=95 mt=R len=7
PKT t=9552 TX ua=95 mt=P len=0
PKT t=9581 RX ua=95 mt=R len=7
PKT t=9586 TX ua=95 mt=P len=0
PKT t=9596 RX ua=95 mt=R len=7
PKT t=9601 TX ua=95 mt=T len=7
PKT t=9613 TX ua=95 mt=P len=0
PKT t=9622 RX ua=95 mt=R len=7
PKT t=9627 TX ua=95 mt=P len=0
PKT t=9636 RX ua=95 mt=R len=7
PKT t=9641 TX ua=95 mt=P len=0
PKT t=9655 RX ua=95 mt=R len=7
PKT t=9660 TX ua=95 mt=P len=0
PKT t=9684 RX ua=95 mt=R len=7
PKT t=9689 TX ua=95 mt=P len=0
PKT t=9698 RX ua=95 mt=R len=7
PKT t=9703 TX ua=95 mt=P len=0
PKT t=9712 RX ua=95 mt=R len=7
PKT t=9717 TX ua=95 mt=P len=0
PKT t=9726 RX ua=95 mt=R len=7
PKT t=9731 TX ua=95 mt=P len=0
PKT t=9740 RX ua=95 mt=R len=7
PKT t=9745 TX ua=95 mt=P len=0
PKT t=9754 RX ua=95 mt=R len=7
PKT t=9759 TX ua=95 mt=P len=0
PKT t=9788 RX ua=95 mt=R len=7
PKT t=9793 TX ua=95 mt=P len=0
PKT t=9802 RX ua=95 mt=R len=7
PKT t=9807 TX ua=95 mt=P len=0
PKT t=9816 RX ua=95 mt=R len=7
PKT t=9821 TX ua=95 mt=P len=0
PKT t=9830 RX ua=95 mt=R len=7
PKT t=9835 TX ua=95 mt=P len=0
PKT t=9844 RX ua=95 mt=R len=7
PKT t=9849 TX ua=95 mt=T len=7
PKT t=9861 TX ua=95 mt=P len=0
PKT t=9889 RX ua=95 mt=R len=7
PKT t=9894 TX ua=95 mt=P len=0
PKT t=9903 RX ua=95 mt=R len=7
PKT t=9908 TX ua=95 mt=P len=0
PKT t=9917 RX ua=95 mt=R len=7
PKT t=9922 TX ua=95 mt=P len=0
PKT t=9931 RX ua=95 mt=R len=7
PKT t=9936 TX ua=95 mt=P len=0
PKT t=9945 RX ua=95 mt=R len=7
PKT t=9955 TX ua=95 mt=P len=0
PKT t=9964 RX ua=95 mt=R len=7
PKT t=9969 TX ua=95 mt=P len=0
PKT t=9998 RX ua=95 mt=R len=7
PKT t=10003 TX ua=95 mt=P len=0
PKT t=10012 RX ua=95 mt=R len=7
PKT t=10017 TX ua=95 mt=P len=0
PKT t=10026 RX ua=95 mt=R len=7
PKT t=10031 TX ua=95 mt=P len=0
PKT t=10040 RX ua=95 mt=R len=7
PKT t=10045 TX ua=95 mt=P len=0
PKT t=10054 RX ua=95 mt=R len=7
PKT t=10059 TX ua=95 mt=P len=0
PKT t=10068 RX ua=95 mt=R len=7
PKT t=10073 TX ua=95 mt=P len=0
PKT t=10102 RX ua=95 mt=R len=7
PKT t=10107 TX ua=95 mt=T len=7
PKT t=10120 TX ua=95 mt=P len=0
PKT t=10129 RX ua=95 mt=R len=7
PKT t=10134 TX ua=95 mt=T len=7
PKT t=10147 TX ua=95 mt=P len=0
PKT t=10156 RX ua=95 mt=R len=7
PKT t=10161 TX ua=95 mt=P len=0
PKT t=10170 RX ua=95 mt=R len=7
PKT t=10175 TX ua=95 mt=P len=0
PKT t=10204 RX ua=95 mt=R len=7
PKT t=10209 TX ua=96 mt=P len=0
PKT t=10467 TX ua=95 mt=P len=0
PKT t=10476 RX ua=95 mt=R len=7
PKT t=10481 TX ua=95 mt=T len=7
PKT t=10494 TX ua=95 mt=P len=0
PKT t=10512 RX ua=95 mt=R len=7
PKT t=10517 TX ua=95 mt=P len=0
PKT t=10526 RX ua=95 mt=R len=7
PKT t=10531 TX ua=95 mt=P len=0
PKT t=10540 RX ua=95 mt=R len=7
PKT t=10545 TX ua=95 mt=P len=0
PKT t=10555 RX ua=95 mt=R len=7
PKT t=10810 TX ua=96 mt=I len=13
PKT t=11318 TX ua=96 mt=T len=4
PKT t=11329 TX ua=95 mt=P len=0
PKT t=11338 RX ua=95 mt=R len=7
PKT t=11343 TX ua=95 mt=T len=7
PKT t=11355 TX ua=95 mt=P len=0
PKT t=11364 RX ua=95 mt=R len=7
PKT t=11369 TX ua=95 mt=P len=0
PKT t=11378 RX ua=95 mt=R len=7
PKT t=11383 TX ua=95 mt=P len=0
PKT t=11412 RX ua=95 mt=R len=7
PKT t=11417 TX ua=95 mt=P len=0
PKT t=11426 RX ua=95 mt=R len=7
PKT t=11431 TX ua=95 mt=P len=0
PKT t=11440 RX ua=95 mt=R len=7
PKT t=11445 TX ua=95 mt=P len=0
PKT t=11455 RX ua=95 mt=R len=7
PKT t=11710 TX ua=96 mt=P len=0
PKT t=11968 TX ua=95 mt=P len=0
PKT t=11977 RX ua=95 mt=R len=7
PKT t=11982 TX ua=95 mt=T len=7
PKT t=11994 TX ua=95 mt=P len=0
PKT t=12014 RX ua=95 mt=R len=7
PKT t=12019 TX ua=95 mt=P len=0
PKT t=12028 RX ua=95 mt=R len=7
PKT t=12033 TX ua=95 mt=P len=0
PKT t=12042 RX ua=95 mt=R len=7
PKT t=12047 TX ua=95 mt=P len=0
PKT t=12056 RX ua=95 mt=R len=7
PKT t=12061 TX ua=95 mt=P len=0
PKT t=12070 RX ua=95 mt=R len=7
PKT t=12075 TX ua=95 mt=P len=0
PKT t=12084 RX ua=95 mt=R len=7
PKT t=12089 TX ua=95 mt=P len=0
PKT t=12118 RX ua=95 mt=R len=7
PKT t=12123 TX ua=95 mt=T len=7
PKT t=12135 TX ua=95 mt=P len=0
PKT t=12144 RX ua=95 mt=R len=7
PKT t=12149 TX ua=95 mt=P len=0
PKT t=12158 RX ua=95 mt=R len=7
PKT t=12163 TX ua=95 mt=P len=0
PKT t=12172 RX ua=95 mt=R len=7
PKT t=12177 TX ua=95 mt=P len=0
PKT t=12186 RX ua=95 mt=R len=7
PKT t=12191 TX ua=95 mt=P len=0
PKT t=12220 RX ua=95 mt=R len=7
PKT t=12225 TX ua=95 mt=P len=0
PKT t=12234 RX ua=95 mt=R len=7
PKT t=12239 TX ua=95 mt=P len=0
PKT t=12248 RX ua=95 mt=R len=7
PKT t=12253 TX ua=95 mt=P len=0
PKT t=12262 RX ua=95 mt=R len=7
PKT t=12267 TX ua=95 mt=P len=0
PKT t=12276 RX ua=95 mt=R len=7
PKT t=12281 TX ua=95 mt=P len=0
PKT t=12290 RX ua=95 mt=R len=7
PKT t=12295 TX ua=95 mt=P len=0
PKT t=12324 RX ua=95 mt=R len=7
PKT t=12329 TX ua=95 mt=P len=0
PKT t=12338 RX ua=95 mt=R len=7
PKT t=12343 TX ua=95 mt=P len=0
PKT t=12355 RX ua=95 mt=R len=7
PKT t=12360 TX ua=95 mt=T len=7
PKT t=12372 TX ua=95 mt=P len=0
PKT t=12381 RX ua=95 mt=R len=7
PKT t=12386 TX ua=95 mt=P len=0
PKT t=12395 RX ua=95 mt=R len=7
PKT t=12400 TX ua=95 mt=P len=0
PKT t=12429 RX ua=95 mt=R len=7
PKT t=12434 TX ua=95 mt=P len=0
PKT t=12443 RX ua=95 mt=R len=7
PKT t=12448 TX ua=95 mt=P len=0
PKT t=12457 RX ua=95 mt=R len=7
PKT t=12462 TX ua=95 mt=P len=0
PKT t=12471 RX ua=95 mt=R len=7
PKT t=12476 TX ua=95 mt=P len=0
PKT t=12485 RX ua=95 mt=R len=7
PKT t=12490 TX ua=95 mt=P len=0
PKT t=12499 RX ua=95 mt=R len=7
PKT t=12504 TX ua=95 mt=P len=0
PKT t=12533 RX ua=95 mt=R len=7
PKT t=12538 TX ua=95 mt=P len=0
PKT t=12547 RX ua=95 mt=R len=7
PKT t=12552 TX ua=95 mt=P len=0
PKT t=12561 RX ua=95 mt=R len=7
PKT t=12566 TX ua=95 mt=P len=0
PKT t=12575 RX ua=95 mt=R len=7
PKT t=12580 TX ua=95 mt=P len=0
PKT t=12589 RX ua=95 mt=R len=7
PKT t=12594 TX ua=95 mt=P len=0
PKT t=12603 RX ua=95 mt=R len=7
PKT t=12608 TX ua=95 mt=T len=7
PKT t=12620 TX ua=95 mt=P len=0
PKT t=12639 RX ua=95 mt=R len=7
PKT t=12644 TX ua=95 mt=P len=0
PKT t=12655 RX ua=95 mt=R len=7
PKT t=12660 TX ua=95 mt=P len=0
PKT t=12669 RX ua=95 mt=R len=7
PKT t=12674 TX ua=95 mt=P len=0
PKT t=12683 RX ua=95 mt=R len=7
PKT t=12688 TX ua=95 mt=P len=0
PKT t=12697 RX ua=95 mt=R len=7
PKT t=12702 TX ua=95 mt=P len=0
PKT t=12711 RX ua=95 mt=R len=7
PKT t=12716 TX ua=95 mt=P len=0
PKT t=12745 RX ua=95 mt=R len=7
PKT t=12750 TX ua=95 mt=P len=0
PKT t=12759 RX ua=95 mt=R len=7
PKT t=12764 TX ua=95 mt=P len=0
PKT t=12773 RX ua=95 mt=R len=7
PKT t=12778 TX ua=95 mt=P len=0
PKT t=12787 RX ua=95 mt=R len=7
PKT t=12792 TX ua=95 mt=P len=0
PKT t=12801 RX ua=95 mt=R len=7
PKT t=12806 TX ua=95 mt=P len=0
PKT t=12815 RX ua=95 mt=R len=7
PKT t=12820 TX ua=95 mt=P len=0
PKT t=12849 RX ua=95 mt=R len=7
PKT t=12854 TX ua=95 mt=T len=7
PKT t=12866 TX ua=95 mt=P len=0
PKT t=12875 RX ua=95 mt=R len=7
PKT t=12880 TX ua=95 mt=P len=0
PKT t=12889 RX ua=95 mt=R len=7
PKT t=12894 TX ua=95 mt=P len=0
PKT t=12903 RX ua=95 mt=R len=7
PKT t=12908 TX ua=95 mt=P len=0
PKT t=12917 RX ua=95 mt=R len=7
PKT t=12922 TX ua=95 mt=P len=0
PKT t=12955 RX ua=95 mt=R len=7
PKT t=12960 TX ua=95 mt=P len=0
PKT t=12969 RX ua=95 mt=R len=7
PKT t=12974 TX ua=95 mt=P len=0
PKT t=12983 RX ua=95 mt=R len=7
PKT t=12988 TX ua=95 mt=P len=0
PKT t=12997 RX ua=95 mt=R len=7
PKT t=13002 TX ua=95 mt=P len=0
PKT t=13011 RX ua=95 mt=R len=7
PKT t=13016 TX ua=95 mt=P len=0
PKT t=13025 RX ua=95 mt=R len=7
PKT t=13030 TX ua=95 mt=P len=0
PKT t=13059 RX ua=95 mt=R len=7
PKT t=13064 TX ua=95 mt=P len=0
PKT t=13073 RX ua=95 mt=R len=7
PKT t=13078 TX ua=95 mt=P len=0
PKT t=13087 RX ua=95 mt=R len=7
PKT t=13092 TX ua=95 mt=P len=0
PKT t=13101 RX ua=95 mt=R len=7
PKT t=13106 TX ua=95 mt=T len=7
PKT t=13119 TX ua=95 mt=P len=0
PKT t=13128 RX ua=95 mt=R len=7
PKT t=13133 TX ua=95 mt=P len=0
PKT t=13162 RX ua=95 mt=R len=7
PKT t=13167 TX ua=95 mt=P len=0
PKT t=13176 RX ua=95 mt=R len=7
PKT t=13181 TX ua=95 mt=P len=0
PKT t=13190 RX ua=95 mt=R len=7
PKT t=13195 TX ua=95 mt=P len=0
PKT t=13204 RX ua=95 mt=R len=7
PKT t=13209 TX ua=95 mt=P len=0
PKT t=13218 RX ua=95 mt=R len=7
PKT t=13223 TX ua=95 mt=P len=0
PKT t=13232 RX ua=95 mt=R len=7
PKT t=13237 TX ua=95 mt=P len=0
PKT t=13266 RX ua=95 mt=R len=7
PKT t=13271 TX ua=95 mt=P len=0
PKT t=13280 RX ua=95 mt=R len=7
PKT t=13285 TX ua=95 mt=P len=0
PKT t=13294 RX ua=95 mt=R len=7
PKT t=13299 TX ua=95 mt=P len=0
PKT t=13308 RX ua=95 mt=R len=7
PKT t=13313 TX ua=95 mt=P len=0
PKT t=13322 RX ua=95 mt=R len=7
PKT t=13327 TX ua=95 mt=P len=0
PKT t=13336 RX ua=95 mt=R len=7
PKT t=13341 TX ua=95 mt=P len=0
PKT t=13370 RX ua=95 mt=R len=7
PKT t=13375 TX ua=95 mt=T len=7
PKT t=13388 TX ua=95 mt=P len=0
PKT t=13398 RX ua=95 mt=R len=7
PKT t=13403 TX ua=95 mt=P len=0
PKT t=13413 RX ua=95 mt=R len=7
PKT t=13418 TX ua=95 mt=P len=0
PKT t=13428 RX ua=95 mt=R len=7
PKT t=13433 TX ua=95 mt=P len=0
PKT t=13443 RX ua=95 mt=R len=7
PKT t=13448 TX ua=95 mt=P len=0
PKT t=13477 RX ua=95 mt=R len=7
PKT t=13482 TX ua=95 mt=P len=0
PKT t=13492 RX ua=95 mt=R len=7
PKT t=13497 TX ua=95 mt=P len=0
PKT t=13507 RX ua=95 mt=R len=7
PKT t=13512 TX ua=95 mt=P len=0
PKT t=13522 RX ua=95 mt=R len=7
PKT t=13527 TX ua=95 mt=P len=0
PKT t=13537 RX ua=95 mt=R len=7
PKT t=13542 TX ua=95 mt=P len=0
PKT t=13555 RX ua=95 mt=R len=7
PKT t=13560 TX ua=95 mt=P len=0
PKT t=13586 RX ua=95 mt=R len=7
PKT t=13591 TX ua=95 mt=P len=0
PKT t=13601 RX ua=95 mt=R len=7
PKT t=13606 TX ua=95 mt=T len=7
PKT t=13619 TX ua=95 mt=P len=0
PKT t=13628 RX ua=95 mt=R len=7
PKT t=13633 TX ua=95 mt=P len=0
PKT t=13642 RX ua=95 mt=R len=7
PKT t=13647 TX ua=95 mt=P len=0
PKT t=13656 RX ua=95 mt=R len=7
PKT t=13661 TX ua=95 mt=P len=0
PKT t=13690 RX ua=95 mt=R len=7
PKT t=13695 TX ua=95 mt=P len=0
PKT t=13704 RX ua=95 mt=R len=7
PKT t=13709 TX ua=95 mt=P len=0
PKT t=13718 RX ua=95 mt=R len=7
PKT t=13723 TX ua=95 mt=P len=0
PKT t=13732 RX ua=95 mt=R len=7
PKT t=13737 TX ua=95 mt=P len=0
PKT t=13746 RX ua=95 mt=R len=7
PKT t=13751 TX ua=95 mt=P len=0
PKT t=13760 RX ua=95 mt=R len=7
PKT t=13765 TX ua=95 mt=P len=0
PKT t=13794 RX ua=95 mt=R len=7
PKT t=13799 TX ua=95 mt=P len=0
PKT t=13808 RX ua=95 mt=R len=7
PKT t=13813 TX ua=95 mt=P len=0
PKT t=13822 RX ua=95 mt=R len=7
PKT t=13827 TX ua=95 mt=P len=0
PKT t=13836 RX ua=95 mt=R len=7
PKT t=13841 TX ua=95 mt=P len=0
PKT t=13855 RX ua=95 mt=R len=7
PKT t=13860 TX ua=95 mt=T len=7
PKT t=13873 TX ua=95 mt=P len=0
PKT t=13900 RX ua=95 mt=R len=7
PKT t=13905 TX ua=95 mt=P len=0
PKT t=13914 RX ua=95 mt=R len=7
PKT t=13919 TX ua=95 mt=P len=0
PKT t=13928 RX ua=95 mt=R len=7
PKT t=13933 TX ua=95 mt=P len=0
PKT t=13942 RX ua=95 mt=R len=7
PKT t=13947 TX ua=95 mt=P len=0
PKT t=13956 RX ua=95 mt=R len=7
PKT t=13961 TX ua=95 mt=P len=0
PKT t=13970 RX ua=95 mt=R len=7
PKT t=13975 TX ua=95 mt=P len=0
PKT t=14004 RX ua=95 mt=R len=7
PKT t=14011 TX ua=95 mt=P len=0
PKT t=14020 RX ua=95 mt=R len=7
PKT t=14025 TX ua=95 mt=P len=0
PKT t=14034 RX ua=95 mt=R len=7
PKT t=14039 TX ua=95 mt=P len=0
PKT t=14048 RX ua=95 mt=R len=7
PKT t=14053 TX ua=95 mt=P len=0
PKT t=14062 RX ua=95 mt=R len=7
PKT t=14067 TX ua=95 mt=P len=0
PKT t=14076 RX ua=95 mt=R len=7
PKT t=14081 TX ua=95 mt=P len=0
PKT t=14110 RX ua=95 mt=R len=7
PKT t=14115 TX ua=95 mt=T len=7
PKT t=14127 TX ua=95 mt=P len=0
PKT t=14136 RX ua=95 mt=R len=7
PKT t=14141 TX ua=95 mt=P len=0
PKT t=14155 RX ua=95 mt=R len=7
PKT t=14160 TX ua=95 mt=P len=0
PKT t=14169 RX ua=95 mt=R len=7
PKT t=14174 TX ua=95 mt=P len=0
PKT t=14183 RX ua=95 mt=R len=7
PKT t=14188 TX ua=95 mt=P len=0
PKT t=14217 RX ua=95 mt=R len=7
PKT t=14222 TX ua=95 mt=P len=0
PKT t=14231 RX ua=95 mt=R len=7
PKT t=14236 TX ua=95 mt=P len=0
PKT t=14245 RX ua=95 mt=R len=7
PKT t=14250 TX ua=95 mt=P len=0
PKT t=14259 RX ua=95 mt=R len=7
PKT t=14264 TX ua=95 mt=P len=0
PKT t=14273 RX ua=95 mt=R len=7
PKT t=14278 TX ua=95 mt=P len=0
PKT t=14287 RX ua=95 mt=R len=7
PKT t=14292 TX ua=95 mt=P len=0
PKT t=14321 RX ua=95 mt=R len=7
PKT t=14326 TX ua=95 mt=P len=0
PKT t=14335 RX ua=95 mt=R len=7
PKT t=14340 TX ua=95 mt=P len=0
PKT t=14349 RX ua=95 mt=R len=7
PKT t=14354 TX ua=95 mt=T len=7
PKT t=14366 TX ua=95 mt=P len=0
PKT t=14375 RX ua=95 mt=R len=7
PKT t=14380 TX ua=95 mt=P len=0
PKT t=14389 RX ua=95 mt=R len=7
PKT t=14394 TX ua=95 mt=P len=0
PKT t=14423 RX ua=95 mt=R len=7
PKT t=14428 TX ua=95 mt=P len=0
PKT t=14437 RX ua=95 mt=R len=7
PKT t=14442 TX ua=95 mt=P len=0
PKT t=14455 RX ua=95 mt=R len=7
PKT t=14460 TX ua=95 mt=P len=0
PKT t=14469 RX ua=95 mt=R len=7
PKT t=14474 TX ua=95 mt=P len=0
PKT t=14483 RX ua=95 mt=R len=7
PKT t=14488 TX ua=95 mt=P len=0
PKT t=14497 RX ua=95 mt=R len=7
PKT t=14502 TX ua=95 mt=P len=0
PKT t=14531 RX ua=95 mt=R len=7
PKT t=14536 TX ua=95 mt=P len=0
PKT t=14545 RX ua=95 mt=R len=7
PKT t=14550 TX ua=95 mt=P len=0
PKT t=14559 RX ua=95 mt=R len=7
PKT t=14564 TX ua=95 mt=P len=0
PKT t=14573 RX ua=95 mt=R len=7
PKT t=14578 TX ua=95 mt=P len=0
PKT t=14587 RX ua=95 mt=R len=7
PKT t=14592 TX ua=95 mt=P len=0
PKT t=14601 RX ua=95 mt=R len=7
PKT t=14606 TX ua=95 mt=T len=7
PKT t=14618 TX ua=95 mt=P len=0
PKT t=14637 RX ua=95 mt=R len=7
PKT t=14642 TX ua=95 mt=P len=0
PKT t=14651 RX ua=95 mt=R len=7
PKT t=14656 TX ua=95 mt=P len=0
PKT t=14665 RX ua=95 mt=R len=7
PKT t=14670 TX ua=95 mt=P len=0
PKT t=14679 RX ua=95 mt=R len=7
PKT t=14684 TX ua=95 mt=P len=0
PKT t=14693 RX ua=95 mt=R len=7
PKT t=14698 TX ua=95 mt=P len=0
PKT t=14707 RX ua=95 mt=R len=7
PKT t=14712 TX ua=95 mt=P len=0
PKT t=14741 RX ua=95 mt=R len=7
PKT t=14746 TX ua=95 mt=P len=0
PKT t=14755 RX ua=95 mt=R len=7
PKT t=14760 TX ua=95 mt=P len=0
PKT t=14769 RX ua=95 mt=R len=7
PKT t=14774 TX ua=95 mt=P len=0
PKT t=14783 RX ua=95 mt=R len=7
PKT t=14788 TX ua=95 mt=P len=0
PKT t=14797 RX ua=95 mt=R len=7
PKT t=14802 TX ua=95 mt=P len=0
PKT t=14811 RX ua=95 mt=R len=7
PKT t=14816 TX ua=95 mt=P len=0
PKT t=14845 RX ua=95 mt=R len=7
PKT t=14850 TX ua=95 mt=T len=7
PKT t=14862 TX ua=95 mt=P len=0
PKT t=14871 RX ua=95 mt=R len=7
PKT t=14876 TX ua=95 mt=P len=0
PKT t=14885 RX ua=95 mt=R len=7
PKT t=14890 TX ua=95 mt=P len=0
PKT t=14899 RX ua=95 mt=R len=7
PKT t=14904 TX ua=95 mt=P len=0
PKT t=14913 RX ua=95 mt=R len=7
PKT t=14918 TX ua=95 mt=P len=0
PKT t=14947 RX ua=95 mt=R len=7
PKT t=14952 TX ua=95 mt=P len=0
PKT t=14961 RX ua=95 mt=R len=7
PKT t=14966 TX ua=95 mt=P len=0
PKT t=14975 RX ua=95 mt=R len=7
PKT t=14980 TX ua=95 mt=P len=0
PKT t=14989 RX ua=95 mt=R len=7
PKT t=14994 TX ua=95 mt=P len=0
PKT t=15003 RX ua=95 mt=R len=7
PKT t=15008 TX ua=95 mt=P len=0
PKT t=15017 RX ua=95 mt=R len=7
PKT t=15022 TX ua=95 mt=P len=0
PKT t=15055 RX ua=95 mt=R len=7
PKT t=15060 TX ua=95 mt=P len=0
PKT t=15069 RX ua=95 mt=R len=7
PKT t=15074 TX ua=95 mt=P len=0
PKT t=15083 RX ua=95 mt=R len=7
PKT t=15088 TX ua=95 mt=P len=0
PKT t=15097 RX ua=95 mt=R len=7
PKT t=15102 TX ua=95 mt=T len=7
PKT t=15114 TX ua=95 mt=P len=0
PKT t=15123 RX ua=95 mt=R len=7
PKT t=15128 TX ua=95 mt=P len=0
PKT t=15157 RX ua=95 mt=R len=7
PKT t=15162 TX ua=95 mt=P len=0
PKT t=15171 RX ua=95 mt=R len=7
PKT t=15176 TX ua=95 mt=P len=0
PKT t=15186 RX ua=95 mt=R len=7
PKT t=15191 TX ua=95 mt=P len=0
PKT t=15200 RX ua=95 mt=R len=7
PKT t=15205 TX ua=95 mt=P len=0
PKT t=15214 RX ua=95 mt=R len=7
PKT t=15219 TX ua=95 mt=P len=0
PKT t=15228 RX ua=95 mt=R len=7
PKT t=15233 TX ua=95 mt=P len=0
PKT t=15262 RX ua=95 mt=R len=7
PKT t=15267 TX ua=95 mt=P len=0
PKT t=15276 RX ua=95 mt=R len=7
PKT t=15281 TX ua=95 mt=P len=0
PKT t=15290 RX ua=95 mt=R len=7
PKT t=15295 TX ua=95 mt=P len=0
PKT t=15304 RX ua=95 mt=R len=7
PKT t=15309 TX ua=95 mt=P len=0
PKT t=15318 RX ua=95 mt=R len=7
PKT t=15323 TX ua=95 mt=P len=0
PKT t=15332 RX ua=95 mt=R len=7
PKT t=15337 TX ua=95 mt=P len=0
PKT t=15366 RX ua=95 mt=R len=7
PKT t=15371 TX ua=95 mt=T len=7
PKT t=15383 TX ua=95 mt=P len=0
PKT t=15393 RX ua=95 mt=R len=7
PKT t=15398 TX ua=95 mt=P len=0
PKT t=15408 RX ua=95 mt=R len=7
PKT t=15413 TX ua=95 mt=P len=0
PKT t=15423 RX ua=95 mt=R len=7
PKT t=15428 TX ua=95 mt=P len=0
PKT t=15438 RX ua=95 mt=R len=7
PKT t=15443 TX ua=95 mt=P len=0
PKT t=15472 RX ua=95 mt=R len=7
PKT t=15477 TX ua=95 mt=P len=0
PKT t=15487 RX ua=95 mt=R len=7
PKT t=15492 TX ua=95 mt=P len=0
PKT t=15502 RX ua=95 mt=R len=7
PKT t=15507 TX ua=95 mt=P len=0
PKT t=15517 RX ua=95 mt=R len=7
PKT t=15522 TX ua=95 mt=P len=0
PKT t=15532 RX ua=95 mt=R len=7
PKT t=15537 TX ua=95 mt=P len=0
PKT t=15547 RX ua=95 mt=R len=7
PKT t=15552 TX ua=95 mt=P len=0
PKT t=15581 RX ua=95 mt=R len=7
PKT t=15586 TX ua=95 mt=P len=0
PKT t=15596 RX ua=95 mt=R len=7
PKT t=15601 TX ua=95 mt=T len=7
PKT t=15613 TX ua=95 mt=P len=0
PKT t=15622 RX ua=95 mt=R len=7
PKT t=15627 TX ua=95 mt=P len=0
PKT t=15636 RX ua=95 mt=R len=7
PKT t=15641 TX ua=95 mt=P len=0
PKT t=15655 RX ua=95 mt=R len=7
PKT t=15660 TX ua=95 mt=P len=0
PKT t=15684 RX ua=95 mt=R len=7
PKT t=15689 TX ua=95 mt=P len=0
PKT t=15698 RX ua=95 mt=R len=7
PKT t=15703 TX ua=95 mt=P len=0
PKT t=15712 RX ua=95 mt=R len=7
PKT t=15717 TX ua=95 mt=P len=0
PKT t=15726 RX ua=95 mt=R len=7
PKT t=15731 TX ua=95 mt=P len=0
PKT t=15740 RX ua=95 mt=R len=7
PKT t=15745 TX ua=95 mt=P len=0
PKT t=15754 RX ua=95 mt=R len=7
PKT t=15759 TX ua=95 mt=P len=0
PKT t=15788 RX ua=95 mt=R len=7
PKT t=15793 TX ua=95 mt=P len=0
PKT t=15802 RX ua=95 mt=R len=7
PKT t=15807 TX ua=95 mt=P len=0
PKT t=15816 RX ua=95 mt=R len=7
PKT t=15821 TX ua=95 mt=P len=0
PKT t=15830 RX ua=95 mt=R len=7
PKT t=15835 TX ua=95 mt=P len=0
PKT t=15844 RX ua=95 mt=R len=7
PKT t=15849 TX ua=95 mt=T len=7
PKT t=15861 TX ua=95 mt=P len=0
PKT t=15889 RX ua=95 mt=R len=7
PKT t=15894 TX ua=95 mt=P len=0
PKT t=15903 RX ua=95 mt=R len=7
PKT t=15908 TX ua=95 mt=P len=0
PKT t=15917 RX ua=95 mt=R len=7
PKT t=15922 TX ua=95 mt=P len=0
PKT t=15931 RX ua=95 mt=R len=7
PKT t=15936 TX ua=95 mt=P len=0
PKT t=15945 RX ua=95 mt=R len=7
PKT t=15955 TX ua=95 mt=P len=0
PKT t=15964 RX ua=95 mt=R len=7
PKT t=15969 TX ua=95 mt=P len=0
PKT t=15998 RX ua=95 mt=R len=7
PKT t=16003 TX ua=95 mt=P len=0
PKT t=16012 RX ua=95 mt=R len=7
PKT t=16017 TX ua=95 mt=P len=0
PKT t=16026 RX ua=95 mt=R len=7
PKT t=16031 TX ua=95 mt=P len=0
PKT t=16040 RX ua=95 mt=R len=7
PKT t=16045 TX ua=95 mt=P len=0
PKT t=16054 RX ua=95 mt=R len=7
PKT t=16059 TX ua=95 mt=P len=0
PKT t=16068 RX ua=95 mt=R len=7
PKT t=16073 TX ua=95 mt=P len=0
PKT t=16102 RX ua=95 mt=R len=7
PKT t=16107 TX ua=95 mt=T len=7
PKT t=16119 TX ua=95 mt=P len=0
PKT t=16128 RX ua=95 mt=R len=7
PKT t=16133 TX ua=95 mt=P len=0
PKT t=16142 RX ua=95 mt=R len=7
PKT t=16147 TX ua=95 mt=P len=0
PKT t=16156 RX ua=95 mt=R len=7
PKT t=16161 TX ua=95 mt=P len=0
PKT t=16170 RX ua=95 mt=R len=7
PKT t=16175 TX ua=95 mt=P len=0
PKT t=16204 RX ua=95 mt=R len=7
PKT t=16209 TX ua=95 mt=P len=0
PKT t=16218 RX ua=95 mt=R len=7
PKT t=16223 TX ua=95 mt=P len=0
PKT t=16232 RX ua=95 mt=R len=7
PKT t=16237 TX ua=95 mt=P len=0
PKT t=16246 RX ua=95 mt=R len=7
PKT t=16255 TX ua=95 mt=P len=0
PKT t=16264 RX ua=95 mt=R len=7
PKT t=16269 TX ua=95 mt=P len=0
PKT t=16278 RX ua=95 mt=R len=7
PKT t=16283 TX ua=95 mt=P len=0
PKT t=16313 RX ua=95 mt=R len=7
PKT t=16318 TX ua=95 mt=P len=0
PKT t=16327 RX ua=95 mt=R len=7
PKT t=16332 TX ua=95 mt=P len=0
PKT t=16341 RX ua=95 mt=R len=7
PKT t=16346 TX ua=95 mt=P len=0
PKT t=16355 RX ua=95 mt=R len=7
PKT t=16360 TX ua=95 mt=T len=7
PKT t=16372 TX ua=95 mt=P len=0
PKT t=16381 RX ua=95 mt=R len=7
PKT t=16386 TX ua=95 mt=P len=0
PKT t=16415 RX ua=95 mt=R len=7
PKT t=16420 TX ua=95 mt=P len=0
PKT t=16429 RX ua=95 mt=R len=7
PKT t=16434 TX ua=95 mt=P len=0
PKT t=16443 RX ua=95 mt=R len=7
PKT t=16448 TX ua=95 mt=P len=0
PKT t=16457 RX ua=95 mt=R len=7
PKT t=16462 TX ua=95 mt=P len=0
PKT t=16471 RX ua=95 mt=R len=7
PKT t=16476 TX ua=95 mt=P len=0
PKT t=16485 RX ua=95 mt=R len=7
PKT t=16490 TX ua=95 mt=P len=0
PKT t=16519 RX ua=95 mt=R len=7
PKT t=16524 TX ua=95 mt=P len=0
PKT t=16533 RX ua=95 mt=R len=7
PKT t=16538 TX ua=95 mt=P len=0
PKT t=16555 RX ua=95 mt=R len=7
PKT t=16560 TX ua=95 mt=P len=0
PKT t=16569 RX ua=95 mt=R len=7
PKT t=16574 TX ua=95 mt=P len=0
PKT t=16583 RX ua=95 mt=R len=7
PKT t=16588 TX ua=95 mt=P len=0
PKT t=16619 RX ua=95 mt=R len=7
PKT t=16624 TX ua=95 mt=T len=7
PKT t=16636 TX ua=95 mt=P len=0
PKT t=16645 RX ua=95 mt=R len=7
PKT t=16650 TX ua=95 mt=P len=0
PKT t=16659 RX ua=95 mt=R len=7
PKT t=16664 TX ua=95 mt=P len=0
PKT t=16673 RX ua=95 mt=R len=7
PKT t=16678 TX ua=95 mt=P len=0
PKT t=16687 RX ua=95 mt=R len=7
PKT t=16692 TX ua=95 mt=P len=0
PKT t=16721 RX ua=95 mt=R len=7
PKT t=16726 TX ua=95 mt=P len=0
PKT t=16735 RX ua=95 mt=R len=7
PKT t=16740 TX ua=95 mt=P len=0
PKT t=16749 RX ua=95 mt=R len=7
PKT t=16754 TX ua=95 mt=P len=0
PKT t=16763 RX ua=95 mt=R len=7
PKT t=16768 TX ua=95 mt=P len=0
PKT t=16777 RX ua=95 mt=R len=7
PKT t=16782 TX ua=95 mt=P len=0
PKT t=16791 RX ua=95 mt=R len=7
PKT t=16796 TX ua=95 mt=P len=0
PKT t=16825 RX ua=95 mt=R len=7
PKT t=16830 TX ua=95 mt=P len=0
PKT t=16839 RX ua=95 mt=R len=7
PKT t=16844 TX ua=95 mt=P len=0
PKT t=16855 RX ua=95 mt=R len=7
PKT t=16860 TX ua=95 mt=T len=7
PKT t=16872 TX ua=95 mt=P len=0
PKT t=16881 RX ua=95 mt=R len=7
PKT t=16886 TX ua=95 mt=P len=0
PKT t=16895 RX ua=95 mt=R len=7
PKT t=16900 TX ua=95 mt=P len=0
PKT t=16929 RX ua=95 mt=R len=7
PKT t=16934 TX ua=95 mt=P len=0
PKT t=16943 RX ua=95 mt=R len=7
PKT t=16948 TX ua=95 mt=P len=0
PKT t=16957 RX ua=95 mt=R len=7
PKT t=16962 TX ua=95 mt=P len=0
PKT t=16971 RX ua=95 mt=R len=7
PKT t=16976 TX ua=95 mt=P len=0
PKT t=16985 RX ua=95 mt=R len=7
PKT t=16990 TX ua=95 mt=P len=0
PKT t=16999 RX ua=95 mt=R len=7
PKT t=17004 TX ua=95 mt=P len=0
PKT t=17033 RX ua=95 mt=R len=7
PKT t=17038 TX ua=95 mt=P len=0
PKT t=17047 RX ua=95 mt=R len=7
PKT t=17052 TX ua=95 mt=P len=0
PKT t=17061 RX ua=95 mt=R len=7
PKT t=17066 TX ua=95 mt=P len=0
PKT t=17075 RX ua=95 mt=R len=7
PKT t=17080 TX ua=95 mt=P len=0
PKT t=17089 RX ua=95 mt=R len=7
PKT t=17094 TX ua=95 mt=P len=0
PKT t=17103 RX ua=95 mt=R len=7
PKT t=17108 TX ua=95 mt=T len=7
PKT t=17120 TX ua=95 mt=P len=0
PKT t=17139 RX ua=95 mt=R len=7
PKT t=17144 TX ua=95 mt=P len=0
PKT t=17155 RX ua=95 mt=R len=7
PKT t=17160 TX ua=95 mt=P len=0
PKT t=17169 RX ua=95 mt=R len=7
PKT t=17174 TX ua=95 mt=P len=0
PKT t=17183 RX ua=95 mt=R len=7
PKT t=17188 TX ua=95 mt=P len=0
PKT t=17197 RX ua=95 mt=R len=7
PKT t=17202 TX ua=95 mt=P len=0
PKT t=17211 RX ua=95 mt=R len=7
PKT t=17216 TX ua=95 mt=P len=0
PKT t=17245 RX ua=95 mt=R len=7
PKT t=17250 TX ua=95 mt=P len=0
PKT t=17259 RX ua=95 mt=R len=7
PKT t=17264 TX ua=95 mt=P len=0
PKT t=17273 RX ua=95 mt=R len=7
PKT t=17278 TX ua=95 mt=P len=0
PKT t=17287 RX ua=95 mt=R len=7
PKT t=17292 TX ua=95 mt=P len=0
PKT t=17301 RX ua=95 mt=R len=7
PKT t=17306 TX ua=95 mt=P len=0
PKT t=17315 RX ua=95 mt=R len=7
PKT t=17320 TX ua=95 mt=P len=0
PKT t=17350 RX ua=95 mt=R len=7
PKT t=17355 TX ua=95 mt=T len=7
PKT t=17367 TX ua=95 mt=P len=0
PKT t=17377 RX ua=95 mt=R len=7
PKT t=17382 TX ua=95 mt=P len=0
PKT t=17392 RX ua=95 mt=R len=7
PKT t=17397 TX ua=95 mt=P len=0
PKT t=17407 RX ua=95 mt=R len=7
PKT t=17412 TX ua=95 mt=P len=0
PKT t=17422 RX ua=95 mt=R len=7
PKT t=17427 TX ua=95 mt=P len=0
PKT t=17456 RX ua=95 mt=R len=7
PKT t=17461 TX ua=95 mt=P len=0
PKT t=17471 RX ua=95 mt=R len=7
PKT t=17476 TX ua=95 mt=P len=0
PKT t=17486 RX ua=95 mt=R len=7
PKT t=17491 TX ua=95 mt=P len=0
PKT t=17501 RX ua=95 mt=R len=7
PKT t=17506 TX ua=95 mt=P len=0
PKT t=17516 RX ua=95 mt=R len=7
PKT t=17521 TX ua=95 mt=P len=0
PKT t=17531 RX ua=95 mt=R len=7
PKT t=17536 TX ua=95 mt=P len=0
PKT t=17565 RX ua=95 mt=R len=7
PKT t=17570 TX ua=95 mt=P len=0
PKT t=17580 RX ua=95 mt=R len=7
PKT t=17585 TX ua=95 mt=P len=0
PKT t=17595 RX ua=95 mt=R len=7
PKT t=17600 TX ua=95 mt=T len=7
PKT t=17612 TX ua=95 mt=P len=0
PKT t=17621 RX ua=95 mt=R len=7
PKT t=17626 TX ua=95 mt=P len=0
PKT t=17635 RX ua=95 mt=R len=7
PKT t=17640 TX ua=95 mt=P len=0
PKT t=17669 RX ua=95 mt=R len=7
PKT t=17674 TX ua=95 mt=P len=0
PKT t=17683 RX ua=95 mt=R len=7
PKT t=17688 TX ua=95 mt=P len=0
PKT t=17697 RX ua=95 mt=R len=7
PKT t=17702 TX ua=95 mt=P len=0
PKT t=17711 RX ua=95 mt=R len=7
PKT t=17716 TX ua=95 mt=P len=0
PKT t=17725 RX ua=95 mt=R len=7
PKT t=17730 TX ua=95 mt=P len=0
PKT t=17739 RX ua=95 mt=R len=7
PKT t=17744 TX ua=95 mt=P len=0
PKT t=17775 RX ua=95 mt=R len=7
PKT t=17780 TX ua=95 mt=P len=0
PKT t=17789 RX ua=95 mt=R len=7
PKT t=17794 TX ua=95 mt=P len=0
PKT t=17803 RX ua=95 mt=R len=7
PKT t=17808 TX ua=95 mt=P len=0
PKT t=17817 RX ua=95 mt=R len=7
PKT t=17822 TX ua=95 mt=P len=0
PKT t=17831 RX ua=95 mt=R len=7
PKT t=17836 TX ua=95 mt=P len=0
PKT t=17845 RX ua=95 mt=R len=7
PKT t=17850 TX ua=95 mt=T len=7
PKT t=17862 TX ua=95 mt=P len=0
PKT t=17881 RX ua=95 mt=R len=7
PKT t=17886 TX ua=95 mt=P len=0
PKT t=17896 RX ua=95 mt=R len=7
PKT t=17900 TX ua=95 mt=P len=0
PKT t=17909 RX ua=95 mt=R len=7
PKT t=17914 TX ua=95 mt=P len=0
PKT t=17923 RX ua=95 mt=R len=7
PKT t=17928 TX ua=95 mt=P len=0
PKT t=17937 RX ua=95 mt=R len=7
PKT t=17942 TX ua=95 mt=P len=0
PKT t=17951 RX ua=95 mt=R len=7
PKT t=17956 TX ua=95 mt=P len=0
PKT t=17985 RX ua=95 mt=R len=7
PKT t=17990 TX ua=95 mt=P len=0
PKT t=17999 RX ua=95 mt=R len=7
PKT t=18004 TX ua=95 mt=P len=0
PKT t=18013 RX ua=95 mt=R len=7
PKT t=18018 TX ua=95 mt=P len=0
PKT t=18027 RX ua=95 mt=R len=7
PKT t=18032 TX ua=95 mt=P len=0
PKT t=18041 RX ua=95 mt=R len=7
PKT t=18046 TX ua=95 mt=P len=0
PKT t=18055 RX ua=95 mt=R len=7
PKT t=18060 TX ua=95 mt=P len=0
PKT t=18089 RX ua=95 mt=R len=7
PKT t=18094 TX ua=95 mt=P len=0
PKT t=18103 RX ua=95 mt=R len=7
PKT t=18108 TX ua=95 mt=T len=7
PKT t=18121 TX ua=95 mt=P len=0
PKT t=18130 RX ua=95 mt=R len=7
PKT t=18135 TX ua=95 mt=T len=7
PKT t=18148 TX ua=95 mt=P len=0
PKT t=18157 RX ua=95 mt=R len=7
PKT t=18162 TX ua=95 mt=P len=0
PKT t=18191 RX ua=95 mt=R len=7
PKT t=18196 TX ua=95 mt=P len=0
PKT t=18205 RX ua=95 mt=R len=7
PKT t=18210 TX ua=95 mt=P len=0
PKT t=18219 RX ua=95 mt=R len=7
PKT t=18224 TX ua=95 mt=P len=0
PKT t=18233 RX ua=95 mt=R len=7
PKT t=18238 TX ua=95 mt=P len=0
PKT t=18247 RX ua=95 mt=R len=7
PKT t=18252 TX ua=95 mt=P len=0
PKT t=18261 RX ua=95 mt=R len=7
PKT t=18266 TX ua=95 mt=P len=0
PKT t=18295 RX ua=95 mt=R len=7
PKT t=18300 TX ua=95 mt=P len=0
PKT t=18309 RX ua=95 mt=R len=7
PKT t=18314 TX ua=95 mt=P len=0
PKT t=18323 RX ua=95 mt=R len=7
PKT t=18328 TX ua=95 mt=P len=0
PKT t=18337 RX ua=95 mt=R len=7
PKT t=18342 TX ua=95 mt=P len=0
PKT t=18355 RX ua=95 mt=R len=7
PKT t=18360 TX ua=95 mt=T len=7
PKT t=18373 TX ua=95 mt=P len=0
PKT t=18401 RX ua=95 mt=R len=7
PKT t=18406 TX ua=95 mt=P len=0
PKT t=18415 RX ua=95 mt=R len=7
PKT t=18420 TX ua=95 mt=P len=0
PKT t=18429 RX ua=95 mt=R len=7
PKT t=18434 TX ua=95 mt=P len=0
PKT t=18443 RX ua=95 mt=R len=7
PKT t=18448 TX ua=95 mt=P len=0
PKT t=18457 RX ua=95 mt=R len=7
PKT t=18462 TX ua=95 mt=P len=0
PKT t=18471 RX ua=95 mt=R len=7
PKT t=18476 TX ua=95 mt=P len=0
PKT t=18506 RX ua=95 mt=R len=7
PKT t=18511 TX ua=95 mt=P len=0
PKT t=18520 RX ua=95 mt=R len=7
PKT t=18525 TX ua=95 mt=P len=0
PKT t=18534 RX ua=95 mt=R len=7
PKT t=18539 TX ua=95 mt=P len=0
PKT t=18548 RX ua=95 mt=R len=7
PKT t=18553 TX ua=95 mt=P len=0
PKT t=18562 RX ua=95 mt=R len=7
PKT t=18567 TX ua=95 mt=P len=0
PKT t=18576 RX ua=95 mt=R len=7
PKT t=18581 TX ua=95 mt=P len=0
PKT t=18610 RX ua=95 mt=R len=7
PKT t=18615 TX ua=95 mt=T len=7
PKT t=18628 TX ua=95 mt=P len=0
PKT t=18637 RX ua=95 mt=R len=7
PKT t=18642 TX ua=95 mt=P len=0
PKT t=18655 RX ua=95 mt=R len=7
PKT t=18660 TX ua=95 mt=P len=0
PKT t=18669 RX ua=95 mt=R len=7
PKT t=18674 TX ua=95 mt=P len=0
PKT t=18683 RX ua=95 mt=R len=7
PKT t=18688 TX ua=95 mt=P len=0
PKT t=18717 RX ua=95 mt=R len=7
PKT t=18722 TX ua=95 mt=P len=0
PKT t=18731 RX ua=95 mt=R len=7
PKT t=18736 TX ua=95 mt=P len=0
PKT t=18745 RX ua=95 mt=R len=7
PKT t=18750 TX ua=95 mt=P len=0
PKT t=18759 RX ua=95 mt=R len=7
PKT t=18764 TX ua=95 mt=P len=0
PKT t=18773 RX ua=95 mt=R len=7
PKT t=18778 TX ua=95 mt=P len=0
PKT t=18787 RX ua=95 mt=R len=7
PKT t=18792 TX ua=95 mt=P len=0
PKT t=18822 RX ua=95 mt=R len=7
PKT t=18827 TX ua=95 mt=P len=0
PKT t=18836 RX ua=95 mt=R len=7
PKT t=18841 TX ua=95 mt=P len=0
PKT t=18850 RX ua=95 mt=R len=7
PKT t=18855 TX ua=95 mt=T len=7
PKT t=18868 TX ua=95 mt=P len=0
PKT t=18877 RX ua=95 mt=R len=7
PKT t=18882 TX ua=95 mt=P len=0
PKT t=18891 RX ua=95 mt=R len=7
PKT t=18896 TX ua=95 mt=P len=0
PKT t=18925 RX ua=95 mt=R len=7
PKT t=18930 TX ua=95 mt=P len=0
PKT t=18939 RX ua=95 mt=R len=7
PKT t=18944 TX ua=95 mt=P len=0
PKT t=18955 RX ua=95 mt=R len=7
PKT t=18960 TX ua=95 mt=P len=0
PKT t=18969 RX ua=95 mt=R len=7
PKT t=18974 TX ua=95 mt=P len=0
PKT t=18983 RX ua=95 mt=R len=7
PKT t=18988 TX ua=95 mt=P len=0
PKT t=18998 RX ua=95 mt=R len=7
PKT t=19003 TX ua=95 mt=P len=0
PKT t=19032 RX ua=95 mt=R len=7
PKT t=19037 TX ua=95 mt=P len=0
PKT t=19046 RX ua=95 mt=R len=7
PKT t=19051 TX ua=95 mt=P len=0
PKT t=19060 RX ua=95 mt=R len=7
PKT t=19065 TX ua=95 mt=P len=0
PKT t=19074 RX ua=95 mt=R len=7
PKT t=19079 TX ua=95 mt=P len=0
PKT t=19088 RX ua=95 mt=R len=7
PKT t=19093 TX ua=95 mt=P len=0
PKT t=19103 RX ua=95 mt=R len=7
PKT t=19108 TX ua=95 mt=T len=7
PKT t=19120 TX ua=95 mt=P len=0
PKT t=19139 RX ua=95 mt=R len=7
PKT t=19144 TX ua=95 mt=P len=0
PKT t=19153 RX ua=95 mt=R len=7
PKT t=19158 TX ua=95 mt=P len=0
PKT t=19167 RX ua=95 mt=R len=7
PKT t=19172 TX ua=95 mt=P len=0
PKT t=19181 RX ua=95 mt=R len=7
PKT t=19186 TX ua=95 mt=P len=0
PKT t=19195 RX ua=95 mt=R len=7
PKT t=19200 TX ua=95 mt=P len=0
PKT t=19209 RX ua=95 mt=R len=7
PKT t=19214 TX ua=95 mt=P len=0
PKT t=19243 RX ua=95 mt=R len=7
PKT t=19255 TX ua=95 mt=P len=0
PKT t=19264 RX ua=95 mt=R len=7
PKT t=19269 TX ua=95 mt=P len=0
PKT t=19278 RX ua=95 mt=R len=7
PKT t=19283 TX ua=95 mt=P len=0
PKT t=19292 RX ua=95 mt=R len=7
PKT t=19297 TX ua=95 mt=P len=0
PKT t=19306 RX ua=95 mt=R len=7
PKT t=19311 TX ua=95 mt=P len=0
PKT t=19343 RX ua=95 mt=R len=7
PKT t=19348 TX ua=95 mt=T len=7
PKT t=19360 TX ua=95 mt=P len=0
PKT t=19370 RX ua=95 mt=R len=7
PKT t=19375 TX ua=95 mt=P len=0
PKT t=19385 RX ua=95 mt=R len=7
PKT t=19390 TX ua=95 mt=P len=0
PKT t=19400 RX ua=95 mt=R len=7
PKT t=19405 TX ua=95 mt=P len=0
PKT t=19415 RX ua=95 mt=R len=7
PKT t=19420 TX ua=95 mt=P len=0
PKT t=19449 RX ua=95 mt=R len=7
PKT t=19454 TX ua=95 mt=P len=0
PKT t=19464 RX ua=95 mt=R len=7
PKT t=19469 TX ua=95 mt=P len=0
PKT t=19479 RX ua=95 mt=R len=7
PKT t=19484 TX ua=95 mt=P len=0
PKT t=19494 RX ua=95 mt=R len=7
PKT t=19499 TX ua=95 mt=P len=0
PKT t=19509 RX ua=95 mt=R len=7
PKT t=19514 TX ua=95 mt=P len=0
PKT t=19524 RX ua=95 mt=R len=7
PKT t=19529 TX ua=95 mt=P len=0
PKT t=19558 RX ua=95 mt=R len=7
PKT t=19563 TX ua=95 mt=P len=0
PKT t=19573 RX ua=95 mt=R len=7
PKT t=19578 TX ua=95 mt=P len=0
PKT t=19588 RX ua=95 mt=R len=7
PKT t=19593 TX ua=95 mt=P len=0
PKT t=19603 RX ua=95 mt=R len=7
PKT t=19608 TX ua=95 mt=T len=7
PKT t=19620 TX ua=95 mt=P len=0
PKT t=19629 RX ua=95 mt=R len=7
PKT t=19634 TX ua=95 mt=P len=0
PKT t=19663 RX ua=95 mt=R len=7
PKT t=19668 TX ua=95 mt=P len=0
PKT t=19677 RX ua=95 mt=R len=7
PKT t=19682 TX ua=95 mt=P len=0
PKT t=19691 RX ua=95 mt=R len=7
PKT t=19696 TX ua=95 mt=P len=0
PKT t=19705 RX ua=95 mt=R len=7
PKT t=19710 TX ua=95 mt=P len=0
PKT t=19719 RX ua=95 mt=R len=7
PKT t=19724 TX ua=95 mt=P len=0
PKT t=19733 RX ua=95 mt=R len=7
PKT t=19738 TX ua=95 mt=P len=0
PKT t=19767 RX ua=95 mt=R len=7
PKT t=19772 TX ua=95 mt=P len=0
PKT t=19781 RX ua=95 mt=R len=7
PKT t=19786 TX ua=95 mt=P len=0
PKT t=19795 RX ua=95 mt=R len=7
PKT t=19800 TX ua=95 mt=P len=0
PKT t=19809 RX ua=95 mt=R len=7
PKT t=19814 TX ua=95 mt=P len=0
PKT t=19823 RX ua=95 mt=R len=7
PKT t=19828 TX ua=95 mt=P len=0
PKT t=19837 RX ua=95 mt=R len=7
PKT t=19842 TX ua=95 mt=P len=0
PKT t=19871 RX ua=95 mt=R len=7
PKT t=19876 TX ua=95 mt=T len=7
PKT t=19888 TX ua=95 mt=P len=0
PKT t=19897 RX ua=95 mt=R len=7
PKT t=19902 TX ua=95 mt=P len=0
PKT t=19911 RX ua=95 mt=R len=7
PKT t=19916 TX ua=95 mt=P len=0
PKT t=19925 RX ua=95 mt=R len=7
PKT t=19930 TX ua=95 mt=P len=0
PKT t=19939 RX ua=95 mt=R len=7
PKT t=19944 TX ua=95 mt=P len=0
PKT t=19973 RX ua=95 mt=R len=7
PKT t=19978 TX ua=95 mt=P len=0
PKT t=19987 RX ua=95 mt=R len=7
PKT t=19992 TX ua=95 mt=P len=0
PKT t=20001 RX ua=95 mt=R len=7
PKT t=20006 TX ua=95 mt=P len=0
PKT t=20015 RX ua=95 mt=R len=7
PKT t=20020 TX ua=95 mt=P len=0
PKT t=20029 RX ua=95 mt=R len=7
PKT t=20034 TX ua=95 mt=P len=0
PKT t=20043 RX ua=95 mt=R len=7
PKT t=20048 TX ua=95 mt=P len=0
PKT t=20077 RX ua=95 mt=R len=7
PKT t=20082 TX ua=95 mt=P len=0
PKT t=20091 RX ua=95 mt=R len=7
PKT t=20096 TX ua=95 mt=P len=0
PKT t=20105 RX ua=95 mt=R len=7
PKT t=20110 TX ua=95 mt=T len=7
PKT t=20122 TX ua=95 mt=P len=0
PKT t=20131 RX ua=95 mt=R len=7
PKT t=20136 TX ua=95 mt=P len=0
PKT t=20145 RX ua=95 mt=R len=7
PKT t=20155 TX ua=95 mt=P len=0
PKT t=20184 RX ua=95 mt=R len=7
PKT t=20189 TX ua=95 mt=P len=0
PKT t=20198 RX ua=95 mt=R len=7
PKT t=20203 TX ua=95 mt=P len=0
PKT t=20212 RX ua=95 mt=R len=7
PKT t=20217 TX ua=95 mt=P len=0
PKT t=20226 RX ua=95 mt=R len=7
PKT t=20231 TX ua=95 mt=P len=0
PKT t=20240 RX ua=95 mt=R len=7
PKT t=20245 TX ua=95 mt=P len=0
PKT t=20254 RX ua=95 mt=R len=7
PKT t=20259 TX ua=95 mt=P len=0
PKT t=20288 RX ua=95 mt=R len=7
PKT t=20293 TX ua=95 mt=P len=0
PKT t=20302 RX ua=95 mt=R len=7
PKT t=20307 TX ua=95 mt=P len=0
PKT t=20316 RX ua=95 mt=R len=7
PKT t=20321 TX ua=95 mt=P len=0
PKT t=20330 RX ua=95 mt=R len=7
PKT t=20335 TX ua=95 mt=P len=0
PKT t=20344 RX ua=95 mt=R len=7
PKT t=20349 TX ua=95 mt=T len=7
PKT t=20361 TX ua=95 mt=P len=0
PKT t=20389 RX ua=95 mt=R len=7
PKT t=20394 TX ua=95 mt=P len=0
PKT t=20403 RX ua=95 mt=R len=7
PKT t=20408 TX ua=95 mt=P len=0
PKT t=20417 RX ua=95 mt=R len=7
PKT t=20422 TX ua=95 mt=P len=0
PKT t=20431 RX ua=95 mt=R len=7
PKT t=20436 TX ua=95 mt=P len=0
PKT t=20445 RX ua=95 mt=R len=7
PKT t=20455 TX ua=95 mt=P len=0
PKT t=20464 RX ua=95 mt=R len=7
PKT t=20469 TX ua=95 mt=P len=0
PKT t=20498 RX ua=95 mt=R len=7
PKT t=20503 TX ua=95 mt=P len=0
PKT t=20512 RX ua=95 mt=R len=7
PKT t=20517 TX ua=95 mt=P len=0
PKT t=20526 RX ua=95 mt=R len=7
PKT t=20531 TX ua=95 mt=P len=0
PKT t=20540 RX ua=95 mt=R len=7
PKT t=20545 TX ua=95 mt=P len=0
PKT t=20554 RX ua=95 mt=R len=7
PKT t=20559 TX ua=95 mt=P len=0
PKT t=20568 RX ua=95 mt=R len=7
PKT t=20573 TX ua=95 mt=P len=0
PKT t=20602 RX ua=95 mt=R len=7
PKT t=20607 TX ua=95 mt=T len=7
PKT t=20619 TX ua=95 mt=P len=0
PKT t=20628 RX ua=95 mt=R len=7
PKT t=20633 TX ua=95 mt=P len=0
PKT t=20642 RX ua=95 mt=R len=7
PKT t=20647 TX ua=95 mt=P len=0
PKT t=20656 RX ua=95 mt=R len=7
PKT t=20661 TX ua=95 mt=P len=0
PKT t=20670 RX ua=95 mt=R len=7
PKT t=20675 TX ua=95 mt=P len=0
PKT t=20704 RX ua=95 mt=R len=7
PKT t=20709 TX ua=95 mt=P len=0
PKT t=20718 RX ua=95 mt=R len=7
PKT t=20723 TX ua=95 mt=P len=0
PKT t=20732 RX ua=95 mt=R len=7
PKT t=20737 TX ua=95 mt=P len=0
PKT t=20746 RX ua=95 mt=R len=7
PKT t=20755 TX ua=95 mt=P len=0
PKT t=20764 RX ua=95 mt=R len=7
PKT t=20769 TX ua=95 mt=P len=0
PKT t=20778 RX ua=95 mt=R len=7
PKT t=20783 TX ua=95 mt=P len=0
PKT t=20812 RX ua=95 mt=R len=7
PKT t=20817 TX ua=95 mt=P len=0
PKT t=20826 RX ua=95 mt=R len=7
PKT t=20831 TX ua=95 mt=P len=0
PKT t=20841 RX ua=95 mt=R len=7
PKT t=20846 TX ua=95 mt=P len=0
PKT t=20855 RX ua=95 mt=R len=7
PKT t=20860 TX ua=95 mt=T len=7
PKT t=20872 TX ua=95 mt=P len=0
PKT t=20881 RX ua=95 mt=R len=7
PKT t=20886 TX ua=95 mt=P len=0
PKT t=20915 RX ua=95 mt=R len=7
PKT t=20920 TX ua=95 mt=P len=0
PKT t=20929 RX ua=95 mt=R len=7
PKT t=20934 TX ua=95 mt=P len=0
PKT t=20943 RX ua=95 mt=R len=7
PKT t=20948 TX ua=95 mt=P len=0
PKT t=20957 RX ua=95 mt=R len=7
PKT t=20962 TX ua=95 mt=P len=0
PKT t=20971 RX ua=95 mt=R len=7
PKT t=20976 TX ua=95 mt=P len=0
PKT t=20985 RX ua=95 mt=R len=7
PKT t=20990 TX ua=95 mt=P len=0
PKT t=21019 RX ua=95 mt=R len=7
PKT t=21024 TX ua=95 mt=P len=0
PKT t=21033 RX ua=95 mt=R len=7
PKT t=21038 TX ua=95 mt=P len=0
PKT t=21055 RX ua=95 mt=R len=7
PKT t=21060 TX ua=95 mt=P len=0
PKT t=21069 RX ua=95 mt=R len=7
PKT t=21074 TX ua=95 mt=P len=0
PKT t=21083 RX ua=95 mt=R len=7
PKT t=21088 TX ua=95 mt=P len=0
PKT t=21119 RX ua=95 mt=R len=7
PKT t=21124 TX ua=95 mt=T len=7
PKT t=21137 TX ua=95 mt=P len=0
PKT t=21146 RX ua=95 mt=R len=7
PKT t=21151 TX ua=95 mt=P len=0
PKT t=21160 RX ua=95 mt=R len=7
PKT t=21165 TX ua=95 mt=P len=0
PKT t=21174 RX ua=95 mt=R len=7
PKT t=21179 TX ua=95 mt=P len=0
PKT t=21188 RX ua=95 mt=R len=7
PKT t=21193 TX ua=95 mt=P len=0
PKT t=21222 RX ua=95 mt=R len=7
PKT t=21227 TX ua=95 mt=P len=0
PKT t=21236 RX ua=95 mt=R len=7
PKT t=21241 TX ua=95 mt=P len=0
PKT t=21250 RX ua=95 mt=R len=7
PKT t=21255 TX ua=95 mt=P len=0
PKT t=21264 RX ua=95 mt=R len=7
PKT t=21269 TX ua=95 mt=P len=0
PKT t=21278 RX ua=95 mt=R len=7
PKT t=21283 TX ua=95 mt=P len=0
PKT t=21292 RX ua=95 mt=R len=7
PKT t=21297 TX ua=95 mt=P len=0
PKT t=21326 RX ua=95 mt=R len=7
PKT t=21331 TX ua=95 mt=P len=0
PKT t=21340 RX ua=95 mt=R len=7
PKT t=21345 TX ua=95 mt=P len=0
PKT t=21355 RX ua=95 mt=R len=7
PKT t=21610 TX ua=96 mt=P len=0
PKT t=21868 TX ua=95 mt=P len=0
PKT t=21877 RX ua=95 mt=R len=7
PKT t=21882 TX ua=95 mt=T len=7
PKT t=21895 TX ua=95 mt=P len=0
PKT t=21927 RX ua=95 mt=R len=7
PKT t=21931 TX ua=95 mt=P len=0
PKT t=21940 RX ua=95 mt=R len=7
PKT t=21945 TX ua=95 mt=P len=0
PKT t=21955 RX ua=95 mt=R len=7
PKT t=22210 TX ua=96 mt=P len=0
PKT t=22468 TX ua=95 mt=P len=0
PKT t=22477 RX ua=95 mt=R len=7
PKT t=22482 TX ua=95 mt=T len=7
PKT t=22494 TX ua=95 mt=P len=0
PKT t=22526 RX ua=95 mt=R len=7
PKT t=22531 TX ua=95 mt=P len=0
PKT t=22540 RX ua=95 mt=R len=7
PKT t=22545 TX ua=95 mt=P len=0
PKT t=22555 RX ua=95 mt=R len=7
PKT t=22810 TX ua=96 mt=P len=0
PKT t=23068 TX ua=95 mt=P len=0
PKT t=23077 RX ua=95 mt=R len=7
PKT t=23082 TX ua=95 mt=T len=7
PKT t=23094 TX ua=95 mt=P len=0
PKT t=23126 RX ua=95 mt=R len=7
PKT t=23131 TX ua=95 mt=T len=7
PKT t=23143 TX ua=95 mt=P len=0
PKT t=23155 RX ua=95 mt=R len=7
PKT t=23160 TX ua=95 mt=P len=0
PKT t=23169 RX ua=95 mt=R len=7
PKT t=23174 TX ua=95 mt=P len=0
PKT t=23183 RX ua=95 mt=R len=7
PKT t=23188 TX ua=95 mt=P len=0
PKT t=23197 RX ua=95 mt=R len=7
PKT t=23202 TX ua=95 mt=P len=0
PKT t=23231 RX ua=95 mt=R len=7
PKT t=23236 TX ua=95 mt=P len=0
PKT t=23245 RX ua=95 mt=R len=7
PKT t=23250 TX ua=95 mt=P len=0
PKT t=23259 RX ua=95 mt=R len=7
PKT t=23264 TX ua=95 mt=P len=0
PKT t=23273 RX ua=95 mt=R len=7
PKT t=23278 TX ua=95 mt=P len=0
PKT t=23287 RX ua=95 mt=R len=7
PKT t=23292 TX ua=95 mt=P len=0
PKT t=23301 RX ua=95 mt=R len=7
PKT t=23306 TX ua=95 mt=P len=0
PKT t=23335 RX ua=95 mt=R len=7
PKT t=23340 TX ua=95 mt=P len=0
PKT t=23349 RX ua=95 mt=R len=7
PKT t=23354 TX ua=95 mt=T len=7
PKT t=23366 TX ua=95 mt=P len=0
PKT t=23376 RX ua=95 mt=R len=7
PKT t=23381 TX ua=95 mt=P len=0
PKT t=23391 RX ua=95 mt=R len=7
PKT t=23396 TX ua=95 mt=P len=0
PKT t=23406 RX ua=95 mt=R len=7
PKT t=23411 TX ua=95 mt=P len=0
PKT t=23440 RX ua=95 mt=R len=7
PKT t=23445 TX ua=95 mt=P len=0
PKT t=23455 RX ua=95 mt=R len=7
PKT t=23710 TX ua=96 mt=P len=0
PKT t=23968 TX ua=95 mt=P len=0
PKT t=23978 RX ua=95 mt=R len=7
PKT t=23983 TX ua=95 mt=T len=7
PKT t=23995 TX ua=95 mt=P len=0
PKT t=24004 RX ua=95 mt=R len=7
PKT t=24009 TX ua=95 mt=P len=0
PKT t=24039 RX ua=95 mt=R len=7
PKT t=24044 TX ua=95 mt=P len=0
PKT t=24055 RX ua=95 mt=R len=7
PKT t=24060 TX ua=95 mt=P len=0
PKT t=24069 RX ua=95 mt=R len=7
PKT t=24074 TX ua=95 mt=P len=0
PKT t=24083 RX ua=95 mt=R len=7
PKT t=24088 TX ua=95 mt=P len=0
PKT t=24097 RX ua=95 mt=R len=7
PKT t=24102 TX ua=95 mt=T len=7
PKT t=24114 TX ua=95 mt=P len=0
PKT t=24142 RX ua=95 mt=R len=7
PKT t=24147 TX ua=95 mt=P len=0
PKT t=24156 RX ua=95 mt=R len=7
PKT t=24161 TX ua=95 mt=P len=0
PKT t=24170 RX ua=95 mt=R len=7
PKT t=24175 TX ua=95 mt=P len=0
PKT t=24185 RX ua=95 mt=R len=7
PKT t=24190 TX ua=95 mt=P len=0
PKT t=24199 RX ua=95 mt=R len=7
PKT t=24204 TX ua=95 mt=P len=0
PKT t=24213 RX ua=95 mt=R len=7
PKT t=24218 TX ua=95 mt=P len=0
PKT t=24247 RX ua=95 mt=R len=7
PKT t=24252 TX ua=95 mt=P len=0
PKT t=24261 RX ua=95 mt=R len=7
PKT t=24266 TX ua=95 mt=P len=0
PKT t=24275 RX ua=95 mt=R len=7
PKT t=24280 TX ua=95 mt=P len=0
PKT t=24289 RX ua=95 mt=R len=7
PKT t=24294 TX ua=95 mt=P len=0
PKT t=24303 RX ua=95 mt=R len=7
PKT t=24308 TX ua=95 mt=P len=0
PKT t=24317 RX ua=95 mt=R len=7
PKT t=24322 TX ua=95 mt=P len=0
PKT t=24355 RX ua=95 mt=R len=7
PKT t=24360 TX ua=95 mt=T len=7
PKT t=24372 TX ua=95 mt=P len=0
PKT t=24381 RX ua=95 mt=R len=7
PKT t=24386 TX ua=95 mt=P len=0
PKT t=24395 RX ua=95 mt=R len=7
PKT t=24400 TX ua=95 mt=P len=0
PKT t=24409 RX ua=95 mt=R len=7
PKT t=24414 TX ua=95 mt=P len=0
PKT t=24423 RX ua=95 mt=R len=7
PKT t=24428 TX ua=95 mt=P len=0
PKT t=24457 RX ua=95 mt=R len=7
PKT t=24462 TX ua=95 mt=P len=0
PKT t=24471 RX ua=95 mt=R len=7
PKT t=24476 TX ua=95 mt=P len=0
PKT t=24485 RX ua=95 mt=R len=7
PKT t=24490 TX ua=95 mt=P len=0
PKT t=24499 RX ua=95 mt=R len=7
PKT t=24504 TX ua=95 mt=P len=0
PKT t=24513 RX ua=95 mt=R len=7
PKT t=24518 TX ua=95 mt=P len=0
PKT t=24527 RX ua=95 mt=R len=7
PKT t=24532 TX ua=95 mt=P len=0
PKT t=24561 RX ua=95 mt=R len=7
PKT t=24566 TX ua=95 mt=P len=0
PKT t=24575 RX ua=95 mt=R len=7
PKT t=24580 TX ua=95 mt=P len=0
PKT t=24589 RX ua=95 mt=R len=7
PKT t=24594 TX ua=95 mt=P len=0
PKT t=24603 RX ua=95 mt=R len=7
PKT t=24608 TX ua=95 mt=T len=7
PKT t=24620 TX ua=95 mt=P len=0
PKT t=24629 RX ua=95 mt=R len=7
PKT t=24634 TX ua=95 mt=P len=0
PKT t=24663 RX ua=95 mt=R len=7
PKT t=24668 TX ua=95 mt=P len=0
PKT t=24677 RX ua=95 mt=R len=7
PKT t=24682 TX ua=95 mt=P len=0
PKT t=24691 RX ua=95 mt=R len=7
PKT t=24696 TX ua=95 mt=P len=0
PKT t=24705 RX ua=95 mt=R len=7
PKT t=24710 TX ua=95 mt=P len=0
PKT t=24719 RX ua=95 mt=R len=7
PKT t=24724 TX ua=95 mt=P len=0
PKT t=24733 RX ua=95 mt=R len=7
PKT t=24738 TX ua=95 mt=P len=0
PKT t=24767 RX ua=95 mt=R len=7
PKT t=24772 TX ua=95 mt=P len=0
PKT t=24781 RX ua=95 mt=R len=7
PKT t=24786 TX ua=95 mt=P len=0
PKT t=24795 RX ua=95 mt=R len=7
PKT t=24800 TX ua=95 mt=P len=0
PKT t=24809 RX ua=95 mt=R len=7
PKT t=24814 TX ua=95 mt=P len=0
PKT t=24823 RX ua=95 mt=R len=7
PKT t=24828 TX ua=95 mt=P len=0
PKT t=24837 RX ua=95 mt=R len=7
PKT t=24842 TX ua=95 mt=P len=0
PKT t=24873 RX ua=95 mt=R len=7
PKT t=24878 TX ua=95 mt=T len=7
PKT t=24890 TX ua=95 mt=P len=0
PKT t=24899 RX ua=95 mt=R len=7
PKT t=24904 TX ua=95 mt=P len=0
PKT t=24913 RX ua=95 mt=R len=7
PKT t=24918 TX ua=95 mt=P len=0
PKT t=24927 RX ua=95 mt=R len=7
PKT t=24932 TX ua=95 mt=P len=0
PKT t=24941 RX ua=95 mt=R len=7
PKT t=24946 TX ua=95 mt=P len=0
PKT t=24976 RX ua=95 mt=R len=7
PKT t=24981 TX ua=95 mt=P len=0
PKT t=24991 RX ua=95 mt=R len=7
PKT t=24996 TX ua=95 mt=P len=0
PKT t=25005 RX ua=95 mt=R len=7
PKT t=25010 TX ua=95 mt=P len=0
PKT t=25019 RX ua=95 mt=R len=7
PKT t=25024 TX ua=95 mt=P len=0
PKT t=25033 RX ua=95 mt=R len=7
PKT t=25038 TX ua=95 mt=P len=0
PKT t=25047 RX ua=95 mt=R len=7
PKT t=25052 TX ua=95 mt=P len=0
PKT t=25081 RX ua=95 mt=R len=7
PKT t=25086 TX ua=95 mt=P len=0
PKT t=25095 RX ua=95 mt=R len=7
PKT t=25100 TX ua=95 mt=T len=7
PKT t=25112 TX ua=95 mt=P len=0
PKT t=25121 RX ua=95 mt=R len=7
PKT t=25126 TX ua=95 mt=P len=0
PKT t=25135 RX ua=95 mt=R len=7
PKT t=25140 TX ua=95 mt=P len=0
PKT t=25149 RX ua=95 mt=R len=7
PKT t=25154 TX ua=95 mt=P len=0
PKT t=25183 RX ua=95 mt=R len=7
PKT t=25188 TX ua=95 mt=P len=0
PKT t=25197 RX ua=95 mt=R len=7
PKT t=25202 TX ua=95 mt=P len=0
PKT t=25211 RX ua=95 mt=R len=7
PKT t=25216 TX ua=95 mt=P len=0
PKT t=25225 RX ua=95 mt=R len=7
PKT t=25230 TX ua=95 mt=P len=0
PKT t=25239 RX ua=95 mt=R len=7
PKT t=25244 TX ua=95 mt=P len=0
PKT t=25255 RX ua=95 mt=R len=7
PKT t=25260 TX ua=95 mt=P len=0
PKT t=25287 RX ua=95 mt=R len=7
PKT t=25292 TX ua=95 mt=P len=0
PKT t=25301 RX ua=95 mt=R len=7
PKT t=25306 TX ua=95 mt=P len=0
PKT t=25315 RX ua=95 mt=R len=7
PKT t=25320 TX ua=95 mt=P len=0
PKT t=25329 RX ua=95 mt=R len=7
PKT t=25334 TX ua=95 mt=P len=0
PKT t=25343 RX ua=95 mt=R len=7
PKT t=25348 TX ua=95 mt=T len=7
PKT t=25360 TX ua=95 mt=P len=0
PKT t=25388 RX ua=95 mt=R len=7
PKT t=25393 TX ua=95 mt=P len=0
PKT t=25403 RX ua=95 mt=R len=7
PKT t=25408 TX ua=95 mt=P len=0
PKT t=25418 RX ua=95 mt=R len=7
PKT t=25423 TX ua=95 mt=P len=0
PKT t=25433 RX ua=95 mt=R len=7
PKT t=25438 TX ua=95 mt=P len=0
PKT t=25448 RX ua=95 mt=R len=7
PKT t=25453 TX ua=95 mt=P len=0
PKT t=25463 RX ua=95 mt=R len=7
PKT t=25468 TX ua=95 mt=P len=0
PKT t=25497 RX ua=95 mt=R len=7
PKT t=25502 TX ua=95 mt=P len=0
PKT t=25512 RX ua=95 mt=R len=7
PKT t=25517 TX ua=95 mt=P len=0
PKT t=25527 RX ua=95 mt=R len=7
PKT t=25532 TX ua=95 mt=P len=0
PKT t=25542 RX ua=95 mt=R len=7
PKT t=25547 TX ua=95 mt=P len=0
PKT t=25557 RX ua=95 mt=R len=7
PKT t=25562 TX ua=95 mt=P len=0
PKT t=25572 RX ua=95 mt=R len=7
PKT t=25577 TX ua=95 mt=P len=0
PKT t=25606 RX ua=95 mt=R len=7
PKT t=25611 TX ua=95 mt=T len=7
PKT t=25623 TX ua=95 mt=P len=0
PKT t=25632 RX ua=95 mt=R len=7
PKT t=25637 TX ua=95 mt=P len=0
PKT t=25646 RX ua=95 mt=R len=7
PKT t=25651 TX ua=95 mt=P len=0
PKT t=25660 RX ua=95 mt=R len=7
PKT t=25665 TX ua=95 mt=P len=0
PKT t=25674 RX ua=95 mt=R len=7
PKT t=25679 TX ua=95 mt=P len=0
PKT t=25708 RX ua=95 mt=R len=7
PKT t=25713 TX ua=95 mt=P len=0
PKT t=25722 RX ua=95 mt=R len=7
PKT t=25727 TX ua=95 mt=P len=0
PKT t=25736 RX ua=95 mt=R len=7
PKT t=25741 TX ua=95 mt=P len=0
PKT t=25750 RX ua=95 mt=R len=7
PKT t=25755 TX ua=95 mt=P len=0
PKT t=25764 RX ua=95 mt=R len=7
PKT t=25769 TX ua=95 mt=P len=0
PKT t=25778 RX ua=95 mt=R len=7
PKT t=25783 TX ua=95 mt=P len=0
PKT t=25812 RX ua=95 mt=R len=7
PKT t=25817 TX ua=95 mt=P len=0
PKT t=25826 RX ua=95 mt=R len=7
PKT t=25831 TX ua=95 mt=P len=0
PKT t=25840 RX ua=95 mt=R len=7
PKT t=25845 TX ua=95 mt=P len=0
PKT t=25855 RX ua=95 mt=R len=7
PKT t=26110 TX ua=96 mt=P len=0
PKT t=26368 TX ua=95 mt=P len=0
PKT t=26377 RX ua=95 mt=R len=7
PKT t=26382 TX ua=95 mt=T len=7
PKT t=26395 TX ua=95 mt=P len=0
PKT t=26414 RX ua=95 mt=R len=7
PKT t=26419 TX ua=95 mt=T len=7
PKT t=26432 TX ua=95 mt=P len=0
PKT t=26441 RX ua=95 mt=R len=7
PKT t=26446 TX ua=95 mt=P len=0
PKT t=26455 RX ua=95 mt=R len=7
PKT t=26460 TX ua=95 mt=P len=0
PKT t=26469 RX ua=95 mt=R len=7
PKT t=26474 TX ua=95 mt=P len=0
PKT t=26483 RX ua=95 mt=R len=7
PKT t=26488 TX ua=95 mt=P len=0
PKT t=26517 RX ua=95 mt=R len=7
PKT t=26522 TX ua=95 mt=P len=0
PKT t=26531 RX ua=95 mt=R len=7
PKT t=26536 TX ua=95 mt=P len=0
PKT t=26545 RX ua=95 mt=R len=7
PKT t=26550 TX ua=95 mt=P len=0
PKT t=26559 RX ua=95 mt=R len=7
PKT t=26564 TX ua=95 mt=P len=0
PKT t=26573 RX ua=95 mt=R len=7
PKT t=26578 TX ua=95 mt=P len=0
PKT t=26587 RX ua=95 mt=R len=7
PKT t=26592 TX ua=95 mt=P len=0
PKT t=26621 RX ua=95 mt=R len=7
PKT t=26626 TX ua=95 mt=T len=7
PKT t=26639 TX ua=95 mt=P len=0
PKT t=26648 RX ua=95 mt=R len=7
PKT t=26653 TX ua=95 mt=P len=0
PKT t=26662 RX ua=95 mt=R len=7
PKT t=26667 TX ua=95 mt=P len=0
PKT t=26676 RX ua=95 mt=R len=7
PKT t=26681 TX ua=95 mt=P len=0
PKT t=26690 RX ua=95 mt=R len=7
PKT t=26695 TX ua=95 mt=P len=0
PKT t=26724 RX ua=95 mt=R len=7
PKT t=26729 TX ua=95 mt=P len=0
PKT t=26738 RX ua=95 mt=R len=7
PKT t=26743 TX ua=95 mt=P len=0
PKT t=26755 RX ua=95 mt=R len=7
PKT t=26760 TX ua=95 mt=P len=0
PKT t=26769 RX ua=95 mt=R len=7
PKT t=26774 TX ua=95 mt=P len=0
PKT t=26783 RX ua=95 mt=R len=7
PKT t=26788 TX ua=95 mt=P len=0
PKT t=26797 RX ua=95 mt=R len=7
PKT t=26802 TX ua=95 mt=P len=0
PKT t=26831 RX ua=95 mt=R len=7
PKT t=26836 TX ua=95 mt=P len=0
PKT t=26845 RX ua=95 mt=R len=7
PKT t=26850 TX ua=95 mt=T len=7
PKT t=26863 TX ua=95 mt=P len=0
PKT t=26872 RX ua=95 mt=R len=7
PKT t=26877 TX ua=95 mt=P len=0
PKT t=26886 RX ua=95 mt=R len=7
PKT t=26891 TX ua=95 mt=P len=0
PKT t=26900 RX ua=95 mt=R len=7
PKT t=26905 TX ua=95 mt=P len=0
PKT t=26934 RX ua=95 mt=R len=7
PKT t=26939 TX ua=95 mt=P len=0
PKT t=26948 RX ua=95 mt=R len=7
PKT t=26953 TX ua=95 mt=P len=0
PKT t=26962 RX ua=95 mt=R len=7
PKT t=26967 TX ua=95 mt=P len=0
PKT t=26976 RX ua=95 mt=R len=7
PKT t=26981 TX ua=95 mt=P len=0
PKT t=26990 RX ua=95 mt=R len=7
PKT t=26995 TX ua=95 mt=P len=0
PKT t=27004 RX ua=95 mt=R len=7
PKT t=27009 TX ua=95 mt=P len=0
PKT t=27038 RX ua=95 mt=R len=7
PKT t=27043 TX ua=95 mt=P len=0
PKT t=27055 RX ua=95 mt=R len=7
PKT t=27060 TX ua=95 mt=P len=0
PKT t=27069 RX ua=95 mt=R len=7
PKT t=27074 TX ua=95 mt=P len=0
PKT t=27083 RX ua=95 mt=R len=7
PKT t=27088 TX ua=95 mt=P len=0
PKT t=27097 RX ua=95 mt=R len=7
PKT t=27102 TX ua=95 mt=T len=7
PKT t=27114 TX ua=95 mt=P len=0
PKT t=27142 RX ua=95 mt=R len=7
PKT t=27147 TX ua=95 mt=P len=0
PKT t=27156 RX ua=95 mt=R len=7
PKT t=27161 TX ua=95 mt=P len=0
PKT t=27170 RX ua=95 mt=R len=7
PKT t=27175 TX ua=95 mt=P len=0
PKT t=27184 RX ua=95 mt=R len=7
PKT t=27189 TX ua=95 mt=P len=0
PKT t=27198 RX ua=95 mt=R len=7
PKT t=27203 TX ua=95 mt=P len=0
PKT t=27212 RX ua=95 mt=R len=7
PKT t=27217 TX ua=95 mt=P len=0
PKT t=27246 RX ua=95 mt=R len=7
PKT t=27251 TX ua=95 mt=P len=0
PKT t=27260 RX ua=95 mt=R len=7
PKT t=27265 TX ua=95 mt=P len=0
PKT t=27274 RX ua=95 mt=R len=7
PKT t=27279 TX ua=95 mt=P len=0
PKT t=27288 RX ua=95 mt=R len=7
PKT t=27293 TX ua=95 mt=P len=0
PKT t=27302 RX ua=95 mt=R len=7
PKT t=27307 TX ua=95 mt=P len=0
PKT t=27316 RX ua=95 mt=R len=7
PKT t=27321 TX ua=95 mt=P len=0
PKT t=27355 RX ua=95 mt=R len=7
PKT t=27360 TX ua=95 mt=T len=7
PKT t=27372 TX ua=95 mt=P len=0
PKT t=27382 RX ua=95 mt=R len=7
PKT t=27387 TX ua=95 mt=P len=0
PKT t=27397 RX ua=95 mt=R len=7
PKT t=27402 TX ua=95 mt=P len=0
PKT t=27412 RX ua=95 mt=R len=7
PKT t=27417 TX ua=95 mt=P len=0
PKT t=27450 RX ua=95 mt=R len=7
PKT t=27455 TX ua=95 mt=P len=0
PKT t=27465 RX ua=95 mt=R len=7
PKT t=27470 TX ua=95 mt=P len=0
PKT t=27480 RX ua=95 mt=R len=7
PKT t=27485 TX ua=95 mt=P len=0
PKT t=27495 RX ua=95 mt=R len=7
PKT t=27500 TX ua=95 mt=P len=0
PKT t=27510 RX ua=95 mt=R len=7
PKT t=27515 TX ua=95 mt=P len=0
PKT t=27525 RX ua=95 mt=R len=7
PKT t=27530 TX ua=95 mt=P len=0
PKT t=27559 RX ua=95 mt=R len=7
PKT t=27564 TX ua=95 mt=P len=0
PKT t=27574 RX ua=95 mt=R len=7
PKT t=27579 TX ua=95 mt=P len=0
PKT t=27589 RX ua=95 mt=R len=7
PKT t=27594 TX ua=95 mt=P len=0
PKT t=27604 RX ua=95 mt=R len=7
PKT t=27609 TX ua=95 mt=T len=7
PKT t=27621 TX ua=95 mt=P len=0
PKT t=27630 RX ua=95 mt=R len=7
PKT t=27635 TX ua=95 mt=P len=0
PKT t=27664 RX ua=95 mt=R len=7
PKT t=27669 TX ua=95 mt=P len=0
PKT t=27678 RX ua=95 mt=R len=7
PKT t=27683 TX ua=95 mt=P len=0
PKT t=27692 RX ua=95 mt=R len=7
PKT t=27697 TX ua=95 mt=P len=0
PKT t=27706 RX ua=95 mt=R len=7
PKT t=27711 TX ua=95 mt=P len=0
PKT t=27720 RX ua=95 mt=R len=7
PKT t=27725 TX ua=95 mt=P len=0
PKT t=27734 RX ua=95 mt=R len=7
PKT t=27739 TX ua=95 mt=P len=0
PKT t=27768 RX ua=95 mt=R len=7
PKT t=27773 TX ua=95 mt=P len=0
PKT t=27782 RX ua=95 mt=R len=7
PKT t=27787 TX ua=95 mt=P len=0
PKT t=27797 RX ua=95 mt=R len=7
PKT t=27802 TX ua=95 mt=P len=0
PKT t=27811 RX ua=95 mt=R len=7
PKT t=27816 TX ua=95 mt=P len=0
PKT t=27825 RX ua=95 mt=R len=7
PKT t=27830 TX ua=95 mt=P len=0
PKT t=27839 RX ua=95 mt=R len=7
PKT t=27844 TX ua=95 mt=P len=0
PKT t=27873 RX ua=95 mt=R len=7
PKT t=27878 TX ua=95 mt=T len=7
PKT t=27890 TX ua=95 mt=P len=0
PKT t=27899 RX ua=95 mt=R len=7
PKT t=27904 TX ua=95 mt=P len=0
PKT t=27913 RX ua=95 mt=R len=7
PKT t=27918 TX ua=95 mt=P len=0
PKT t=27927 RX ua=95 mt=R len=7
PKT t=27932 TX ua=95 mt=P len=0
PKT t=27941 RX ua=95 mt=R len=7
PKT t=27946 TX ua=95 mt=P len=0
PKT t=27975 RX ua=95 mt=R len=7
PKT t=27980 TX ua=95 mt=P len=0
PKT t=27989 RX ua=95 mt=R len=7
PKT t=27994 TX ua=95 mt=P len=0
PKT t=28003 RX ua=95 mt=R len=7
PKT t=28008 TX ua=95 mt=P len=0
PKT t=28018 RX ua=95 mt=R len=7
PKT t=28023 TX ua=95 mt=P len=0
PKT t=28032 RX ua=95 mt=R len=7
PKT t=28037 TX ua=95 mt=P len=0
PKT t=28046 RX ua=95 mt=R len=7
PKT t=28051 TX ua=95 mt=P len=0
PKT t=28080 RX ua=95 mt=R len=7
PKT t=28085 TX ua=95 mt=P len=0
PKT t=28094 RX ua=95 mt=R len=7
PKT t=28099 TX ua=95 mt=T len=7
PKT t=28111 TX ua=95 mt=P len=0
PKT t=28120 RX ua=95 mt=R len=7
PKT t=28125 TX ua=95 mt=P len=0
PKT t=28134 RX ua=95 mt=R len=7
PKT t=28139 TX ua=95 mt=P len=0
PKT t=28148 RX ua=95 mt=R len=7
PKT t=28153 TX ua=95 mt=P len=0
PKT t=28182 RX ua=95 mt=R len=7
PKT t=28187 TX ua=95 mt=P len=0
PKT t=28196 RX ua=95 mt=R len=7
PKT t=28201 TX ua=95 mt=P len=0
PKT t=28210 RX ua=95 mt=R len=7
PKT t=28215 TX ua=95 mt=P len=0
PKT t=28224 RX ua=95 mt=R len=7
PKT t=28229 TX ua=95 mt=P len=0
PKT t=28238 RX ua=95 mt=R len=7
PKT t=28243 TX ua=95 mt=P len=0
PKT t=28255 RX ua=95 mt=R len=7
PKT t=28260 TX ua=95 mt=P len=0
PKT t=28286 RX ua=95 mt=R len=7
PKT t=28291 TX ua=95 mt=P len=0
PKT t=28300 RX ua=95 mt=R len=7
PKT t=28305 TX ua=95 mt=P len=0
PKT t=28314 RX ua=95 mt=R len=7
PKT t=28319 TX ua=95 mt=P len=0
PKT t=28328 RX ua=95 mt=R len=7
PKT t=28333 TX ua=95 mt=P len=0
PKT t=28342 RX ua=95 mt=R len=7
PKT t=28347 TX ua=95 mt=P len=0
PKT t=28356 RX ua=95 mt=R len=7
PKT t=28361 TX ua=95 mt=T len=7
PKT t=28373 TX ua=95 mt=P len=0
PKT t=28392 RX ua=95 mt=R len=7
PKT t=28397 TX ua=95 mt=P len=0
PKT t=28406 RX ua=95 mt=R len=7
PKT t=28411 TX ua=95 mt=P len=0
PKT t=28420 RX ua=95 mt=R len=7
PKT t=28425 TX ua=95 mt=P len=0
PKT t=28434 RX ua=95 mt=R len=7
PKT t=28439 TX ua=95 mt=P len=0
PKT t=28448 RX ua=95 mt=R len=7
PKT t=28453 TX ua=95 mt=P len=0
PKT t=28462 RX ua=95 mt=R len=7
PKT t=28467 TX ua=95 mt=P len=0
PKT t=28496 RX ua=95 mt=R len=7
PKT t=28501 TX ua=95 mt=P len=0
PKT t=28510 RX ua=95 mt=R len=7
PKT t=28515 TX ua=95 mt=P len=0
PKT t=28524 RX ua=95 mt=R len=7
PKT t=28529 TX ua=95 mt=P len=0
PKT t=28538 RX ua=95 mt=R len=7
PKT t=28543 TX ua=95 mt=P len=0
PKT t=28555 RX ua=95 mt=R len=7
PKT t=28560 TX ua=95 mt=P len=0
PKT t=28569 RX ua=95 mt=R len=7
PKT t=28574 TX ua=95 mt=P len=0
PKT t=28603 RX ua=95 mt=R len=7
PKT t=28608 TX ua=95 mt=T len=7
PKT t=28620 TX ua=95 mt=P len=0
PKT t=28629 RX ua=95 mt=R len=7
PKT t=28634 TX ua=95 mt=P len=0
PKT t=28643 RX ua=95 mt=R len=7
PKT t=28648 TX ua=95 mt=P len=0
PKT t=28657 RX ua=95 mt=R len=7
PKT t=28662 TX ua=95 mt=P len=0
PKT t=28671 RX ua=95 mt=R len=7
PKT t=28676 TX ua=95 mt=P len=0
PKT t=28705 RX ua=95 mt=R len=7
PKT t=28710 TX ua=95 mt=P len=0
PKT t=28719 RX ua=95 mt=R len=7
PKT t=28724 TX ua=95 mt=P len=0
PKT t=28733 RX ua=95 mt=R len=7
PKT t=28738 TX ua=95 mt=P len=0
PKT t=28747 RX ua=95 mt=R len=7
PKT t=28752 TX ua=95 mt=P len=0
PKT t=28761 RX ua=95 mt=R len=7
PKT t=28766 TX ua=95 mt=P len=0
PKT t=28775 RX ua=95 mt=R len=7
PKT t=28780 TX ua=95 mt=P len=0
PKT t=28809 RX ua=95 mt=R len=7
PKT t=28814 TX ua=95 mt=P len=0
PKT t=28823 RX ua=95 mt=R len=7
PKT t=28828 TX ua=95 mt=P len=0
PKT t=28837 RX ua=95 mt=R len=7
PKT t=28842 TX ua=95 mt=P len=0
PKT t=28855 RX ua=95 mt=R len=7
PKT t=28860 TX ua=95 mt=T len=7
PKT t=28872 TX ua=95 mt=P len=0
PKT t=28881 RX ua=95 mt=R len=7
PKT t=28886 TX ua=95 mt=P len=0
PKT t=28915 RX ua=95 mt=R len=7
PKT t=28920 TX ua=95 mt=P len=0
PKT t=28929 RX ua=95 mt=R len=7
PKT t=28934 TX ua=95 mt=P len=0
PKT t=28943 RX ua=95 mt=R len=7
PKT t=28948 TX ua=95 mt=P len=0
PKT t=28957 RX ua=95 mt=R len=7
PKT t=28962 TX ua=95 mt=P len=0
PKT t=28971 RX ua=95 mt=R len=7
PKT t=28976 TX ua=95 mt=P len=0
PKT t=28985 RX ua=95 mt=R len=7
PKT t=28990 TX ua=95 mt=P len=0
PKT t=29019 RX ua=95 mt=R len=7
PKT t=29024 TX ua=95 mt=P len=0
PKT t=29033 RX ua=95 mt=R len=7
PKT t=29038 TX ua=95 mt=P len=0
PKT t=29047 RX ua=95 mt=R len=7
PKT t=29052 TX ua=95 mt=P len=0
PKT t=29061 RX ua=95 mt=R len=7
PKT t=29066 TX ua=95 mt=P len=0
PKT t=29075 RX ua=95 mt=R len=7
PKT t=29080 TX ua=95 mt=P len=0
PKT t=29089 RX ua=95 mt=R len=7
PKT t=29094 TX ua=95 mt=P len=0
PKT t=29123 RX ua=95 mt=R len=7
PKT t=29128 TX ua=95 mt=T len=7
PKT t=29141 TX ua=95 mt=P len=0
PKT t=29155 RX ua=95 mt=R len=7
PKT t=29160 TX ua=95 mt=P len=0
PKT t=29169 RX ua=95 mt=R len=7
PKT t=29174 TX ua=95 mt=P len=0
PKT t=29183 RX ua=95 mt=R len=7
PKT t=29188 TX ua=95 mt=P len=0
PKT t=29197 RX ua=95 mt=R len=7
PKT t=29202 TX ua=95 mt=P len=0
PKT t=29231 RX ua=95 mt=R len=7
PKT t=29236 TX ua=95 mt=P len=0
PKT t=29245 RX ua=95 mt=R len=7
PKT t=29250 TX ua=95 mt=P len=0
PKT t=29259 RX ua=95 mt=R len=7
PKT t=29264 TX ua=95 mt=P len=0
PKT t=29273 RX ua=95 mt=R len=7
PKT t=29278 TX ua=95 mt=P len=0
PKT t=29287 RX ua=95 mt=R len=7
PKT t=29292 TX ua=95 mt=P len=0
PKT t=29301 RX ua=95 mt=R len=7
PKT t=29306 TX ua=95 mt=P len=0
PKT t=29335 RX ua=95 mt=R len=7
PKT t=29340 TX ua=95 mt=P len=0
PKT t=29349 RX ua=95 mt=R len=7
PKT t=29354 TX ua=95 mt=T len=7
PKT t=29367 TX ua=95 mt=P len=0
PKT t=29377 RX ua=95 mt=R len=7
PKT t=29382 TX ua=95 mt=P len=0
PKT t=29392 RX ua=95 mt=R len=7
PKT t=29397 TX ua=95 mt=P len=0
PKT t=29407 RX ua=95 mt=R len=7
PKT t=29412 TX ua=95 mt=P len=0
PKT t=29441 RX ua=95 mt=R len=7
PKT t=29446 TX ua=95 mt=P len=0
PKT t=29456 RX ua=95 mt=R len=7
PKT t=29461 TX ua=95 mt=P len=0
PKT t=29471 RX ua=95 mt=R len=7
PKT t=29476 TX ua=95 mt=P len=0
PKT t=29486 RX ua=95 mt=R len=7
PKT t=29491 TX ua=95 mt=P len=0
PKT t=29501 RX ua=95 mt=R len=7
PKT t=29506 TX ua=95 mt=P len=0
PKT t=29516 RX ua=95 mt=R len=7
PKT t=29521 TX ua=95 mt=P len=0
PKT t=29550 RX ua=95 mt=R len=7
PKT t=29555 TX ua=95 mt=P len=0
PKT t=29565 RX ua=95 mt=R len=7
PKT t=29570 TX ua=95 mt=P len=0
PKT t=29580 RX ua=95 mt=R len=7
PKT t=29585 TX ua=95 mt=P len=0
PKT t=29595 RX ua=95 mt=R len=7
PKT t=29600 TX ua=95 mt=T len=7
PKT t=29613 TX ua=95 mt=P len=0
PKT t=29622 RX ua=95 mt=R len=7
PKT t=29627 TX ua=95 mt=P len=0
PKT t=29656 RX ua=95 mt=R len=7
PKT t=29661 TX ua=95 mt=P len=0
PKT t=29670 RX ua=95 mt=R len=7
PKT t=29675 TX ua=95 mt=P len=0
PKT t=29684 RX ua=95 mt=R len=7
PKT t=29689 TX ua=95 mt=P len=0
PKT t=29698 RX ua=95 mt=R len=7
PKT t=29703 TX ua=95 mt=P len=0
PKT t=29712 RX ua=95 mt=R len=7
PKT t=29717 TX ua=95 mt=P len=0
PKT t=29726 RX ua=95 mt=R len=7
PKT t=29731 TX ua=95 mt=P len=0
PKT t=29760 RX ua=95 mt=R len=7
PKT t=29765 TX ua=95 mt=P len=0
PKT t=29774 RX ua=95 mt=R len=7
PKT t=29779 TX ua=95 mt=P len=0
PKT t=29788 RX ua=95 mt=R len=7
PKT t=29793 TX ua=95 mt=P len=0
PKT t=29802 RX ua=95 mt=R len=7
PKT t=29807 TX ua=95 mt=P len=0
PKT t=29816 RX ua=95 mt=R len=7
PKT t=29821 TX ua=95 mt=P len=0
PKT t=29830 RX ua=95 mt=R len=7
PKT t=29835 TX ua=95 mt=P len=0
PKT t=29864 RX ua=95 mt=R len=7
PKT t=29869 TX ua=95 mt=T len=7
PKT t=29882 TX ua=95 mt=P len=0
PKT t=29891 RX ua=95 mt=R len=7
PKT t=29896 TX ua=95 mt=P len=0
PKT t=29905 RX ua=95 mt=R len=7
PKT t=29910 TX ua=95 mt=P len=0
PKT t=29919 RX ua=95 mt=R len=7
PKT t=29924 TX ua=95 mt=P len=0
PKT t=29933 RX ua=95 mt=R len=7
PKT t=29938 TX ua=95 mt=P len=0
PKT t=29967 RX ua=95 mt=R len=7
PKT t=29972 TX ua=95 mt=P len=0
PKT t=29981 RX ua=95 mt=R len=7
PKT t=29986 TX ua=95 mt=P len=0
PKT t=29995 RX ua=95 mt=R len=7
PKT t=30000 TX ua=95 mt=P len=0
PKT t=30009 RX ua=95 mt=R len=7
PKT t=30014 TX ua=95 mt=P len=0
PKT t=30023 RX ua=95 mt=R len=7
PKT t=30028 TX ua=95 mt=P len=0
PKT t=30037 RX ua=95 mt=R len=7
PKT t=30042 TX ua=95 mt=P len=0
PKT t=30071 RX ua=95 mt=R len=7
PKT t=30076 TX ua=95 mt=P len=0
PKT t=30085 RX ua=95 mt=R len=7
PKT t=30090 TX ua=95 mt=P len=0
PKT t=30099 RX ua=95 mt=R len=7
PKT t=30104 TX ua=95 mt=T len=7
PKT t=30116 TX ua=95 mt=P len=0
PKT t=30125 RX ua=95 mt=R len=7
PKT t=30130 TX ua=95 mt=P len=0
PKT t=30139 RX ua=95 mt=R len=7
PKT t=30144 TX ua=95 mt=P len=0
PKT t=30173 RX ua=95 mt=R len=7
PKT t=30178 TX ua=95 mt=P len=0
PKT t=30187 RX ua=95 mt=R len=7
PKT t=30192 TX ua=95 mt=P len=0
PKT t=30201 RX ua=95 mt=R len=7
PKT t=30206 TX ua=95 mt=P len=0
PKT t=30215 RX ua=95 mt=R len=7
PKT t=30220 TX ua=95 mt=P len=0
PKT t=30229 RX ua=95 mt=R len=7
PKT t=30234 TX ua=95 mt=P len=0
PKT t=30243 RX ua=95 mt=R len=7
PKT t=30248 TX ua=95 mt=P len=0
PKT t=30277 RX ua=95 mt=R len=7
PKT t=30282 TX ua=95 mt=P len=0
PKT t=30291 RX ua=95 mt=R len=7
PKT t=30296 TX ua=95 mt=P len=0
PKT t=30305 RX ua=95 mt=R len=7
PKT t=30310 TX ua=95 mt=P len=0
PKT t=30319 RX ua=95 mt=R len=7
PKT t=30324 TX ua=95 mt=P len=0
PKT t=30333 RX ua=95 mt=R len=7
PKT t=30338 TX ua=95 mt=P len=0
PKT t=30355 RX ua=95 mt=R len=7
PKT t=30360 TX ua=95 mt=T len=7
PKT t=30372 TX ua=95 mt=P len=0
PKT t=30383 RX ua=95 mt=R len=7
PKT t=30388 TX ua=95 mt=P len=0
PKT t=30397 RX ua=95 mt=R len=7
PKT t=30402 TX ua=95 mt=P len=0
PKT t=30412 RX ua=95 mt=R len=7
PKT t=30416 TX ua=95 mt=P len=0
PKT t=30425 RX ua=95 mt=R len=7
PKT t=30430 TX ua=95 mt=P len=0
PKT t=30439 RX ua=95 mt=R len=7
PKT t=30444 TX ua=95 mt=P len=0
PKT t=30453 RX ua=95 mt=R len=7
PKT t=30458 TX ua=95 mt=P len=0
PKT t=30487 RX ua=95 mt=R len=7
PKT t=30492 TX ua=95 mt=P len=0
PKT t=30501 RX ua=95 mt=R len=7
PKT t=30506 TX ua=95 mt=P len=0
PKT t=30515 RX ua=95 mt=R len=7
PKT t=30520 TX ua=95 mt=P len=0
PKT t=30529 RX ua=95 mt=R len=7
PKT t=30534 TX ua=95 mt=P len=0
PKT t=30543 RX ua=95 mt=R len=7
PKT t=30548 TX ua=95 mt=P len=0
PKT t=30557 RX ua=95 mt=R len=7
PKT t=30562 TX ua=95 mt=P len=0
PKT t=30591 RX ua=95 mt=R len=7
PKT t=30596 TX ua=95 mt=P len=0
PKT t=30605 RX ua=95 mt=R len=7
PKT t=30610 TX ua=95 mt=T len=7
PKT t=30622 TX ua=95 mt=P len=0
PKT t=30631 RX ua=95 mt=R len=7
PKT t=30636 TX ua=95 mt=P len=0
PKT t=30646 RX ua=95 mt=R len=7
PKT t=30655 TX ua=95 mt=P len=0
PKT t=30664 RX ua=95 mt=R len=7
PKT t=30669 TX ua=95 mt=P len=0
PKT t=30698 RX ua=95 mt=R len=7
PKT t=30703 TX ua=95 mt=P len=0
PKT t=30712 RX ua=95 mt=R len=7
PKT t=30717 TX ua=95 mt=P len=0
PKT t=30726 RX ua=95 mt=R len=7
PKT t=30731 TX ua=95 mt=P len=0
PKT t=30740 RX ua=95 mt=R len=7
PKT t=30745 TX ua=95 mt=P len=0
PKT t=30754 RX ua=95 mt=R len=7
PKT t=30759 TX ua=95 mt=P len=0
PKT t=30768 RX ua=95 mt=R len=7
PKT t=30773 TX ua=95 mt=P len=0
PKT t=30802 RX ua=95 mt=R len=7
PKT t=30807 TX ua=95 mt=P len=0
PKT t=30816 RX ua=95 mt=R len=7
PKT t=30821 TX ua=95 mt=P len=0
PKT t=30830 RX ua=95 mt=R len=7
PKT t=30835 TX ua=95 mt=P len=0
PKT t=30844 RX ua=95 mt=R len=7
PKT t=30849 TX ua=95 mt=T len=7
PKT t=30861 TX ua=95 mt=P len=0
PKT t=30870 RX ua=95 mt=R len=7
PKT t=30875 TX ua=95 mt=P len=0
PKT t=30904 RX ua=95 mt=R len=7
PKT t=30909 TX ua=95 mt=P len=0
PKT t=30918 RX ua=95 mt=R len=7
PKT t=30923 TX ua=95 mt=P len=0
PKT t=30932 RX ua=95 mt=R len=7
PKT t=30937 TX ua=95 mt=P len=0
PKT t=30946 RX ua=95 mt=R len=7
PKT t=30955 TX ua=95 mt=P len=0
PKT t=30964 RX ua=95 mt=R len=7
PKT t=30969 TX ua=95 mt=P len=0
PKT t=30978 RX ua=95 mt=R len=7
PKT t=30983 TX ua=95 mt=P len=0
PKT t=31012 RX ua=95 mt=R len=7
PKT t=31017 TX ua=95 mt=P len=0
PKT t=31026 RX ua=95 mt=R len=7
PKT t=31031 TX ua=95 mt=P len=0
PKT t=31040 RX ua=95 mt=R len=7
PKT t=31045 TX ua=95 mt=P len=0
PKT t=31054 RX ua=95 mt=R len=7
PKT t=31059 TX ua=95 mt=P len=0
PKT t=31068 RX ua=95 mt=R len=7
PKT t=31073 TX ua=95 mt=P len=0
PKT t=31082 RX ua=95 mt=R len=7
PKT t=31087 TX ua=95 mt=P len=0
PKT t=31116 RX ua=95 mt=R len=7
PKT t=31121 TX ua=95 mt=T len=7
PKT t=31133 TX ua=95 mt=P len=0
PKT t=31142 RX ua=95 mt=R len=7
PKT t=31147 TX ua=95 mt=P len=0
PKT t=31156 RX ua=95 mt=R len=7
PKT t=31161 TX ua=95 mt=P len=0
PKT t=31170 RX ua=95 mt=R len=7
PKT t=31175 TX ua=95 mt=P len=0
PKT t=31184 RX ua=95 mt=R len=7
PKT t=31189 TX ua=95 mt=P len=0
PKT t=31218 RX ua=95 mt=R len=7
PKT t=31223 TX ua=95 mt=P len=0
PKT t=31232 RX ua=95 mt=R len=7
PKT t=31237 TX ua=95 mt=P len=0
PKT t=31246 RX ua=95 mt=R len=7
PKT t=31255 TX ua=95 mt=P len=0
PKT t=31264 RX ua=95 mt=R len=7
PKT t=31269 TX ua=95 mt=P len=0
PKT t=31278 RX ua=95 mt=R len=7
PKT t=31283 TX ua=95 mt=P len=0
PKT t=31292 RX ua=95 mt=R len=7
PKT t=31297 TX ua=95 mt=P len=0
PKT t=31326 RX ua=95 mt=R len=7
PKT t=31331 TX ua=95 mt=P len=0
PKT t=31340 RX ua=95 mt=R len=7
PKT t=31345 TX ua=95 mt=P len=0
PKT t=31354 RX ua=95 mt=R len=7
PKT t=31359 TX ua=95 mt=T len=7
PKT t=31371 TX ua=95 mt=P len=0
PKT t=31381 RX ua=95 mt=R len=7
PKT t=31386 TX ua=95 mt=P len=0
PKT t=31396 RX ua=95 mt=R len=7
PKT t=31401 TX ua=95 mt=P len=0
PKT t=31430 RX ua=95 mt=R len=7
PKT t=31435 TX ua=95 mt=P len=0
PKT t=31445 RX ua=95 mt=R len=7
PKT t=31450 TX ua=95 mt=P len=0
PKT t=31460 RX ua=95 mt=R len=7
PKT t=31465 TX ua=95 mt=P len=0
PKT t=31475 RX ua=95 mt=R len=7
PKT t=31480 TX ua=95 mt=P len=0
PKT t=31490 RX ua=95 mt=R len=7
PKT t=31495 TX ua=95 mt=P len=0
PKT t=31505 RX ua=95 mt=R len=7
PKT t=31510 TX ua=95 mt=P len=0
PKT t=31539 RX ua=95 mt=R len=7
PKT t=31544 TX ua=95 mt=P len=0
PKT t=31555 RX ua=95 mt=R len=7
PKT t=31560 TX ua=95 mt=P len=0
PKT t=31570 RX ua=95 mt=R len=7
PKT t=31575 TX ua=95 mt=P len=0
PKT t=31585 RX ua=95 mt=R len=7
PKT t=31590 TX ua=95 mt=P len=0
PKT t=31600 RX ua=95 mt=R len=7
PKT t=31605 TX ua=95 mt=T len=7
PKT t=31617 TX ua=95 mt=P len=0
PKT t=31640 RX ua=95 mt=R len=7
PKT t=31645 TX ua=95 mt=P len=0
PKT t=31654 RX ua=95 mt=R len=7
PKT t=31659 TX ua=95 mt=P len=0
PKT t=31668 RX ua=95 mt=R len=7
PKT t=31673 TX ua=95 mt=P len=0
PKT t=31682 RX ua=95 mt=R len=7
PKT t=31687 TX ua=95 mt=P len=0
PKT t=31696 RX ua=95 mt=R len=7
PKT t=31701 TX ua=95 mt=P len=0
PKT t=31710 RX ua=95 mt=R len=7
PKT t=31715 TX ua=95 mt=P len=0
PKT t=31744 RX ua=95 mt=R len=7
PKT t=31749 TX ua=95 mt=P len=0
PKT t=31758 RX ua=95 mt=R len=7
PKT t=31763 TX ua=95 mt=P len=0
PKT t=31772 RX ua=95 mt=R len=7
PKT t=31777 TX ua=95 mt=P len=0
PKT t=31786 RX ua=95 mt=R len=7
PKT t=31791 TX ua=95 mt=P len=0
PKT t=31800 RX ua=95 mt=R len=7
PKT t=31805 TX ua=95 mt=P len=0
PKT t=31814 RX ua=95 mt=R len=7
PKT t=31819 TX ua=95 mt=P len=0
PKT t=31855 RX ua=95 mt=R len=7
PKT t=31860 TX ua=95 mt=T len=7
PKT t=31872 TX ua=95 mt=P len=0
PKT t=31881 RX ua=95 mt=R len=7
PKT t=31886 TX ua=95 mt=P len=0
PKT t=31895 RX ua=95 mt=R len=7
PKT t=31900 TX ua=95 mt=P len=0
PKT t=31909 RX ua=95 mt=R len=7
PKT t=31914 TX ua=95 mt=P len=0
PKT t=31923 RX ua=95 mt=R len=7
PKT t=31928 TX ua=95 mt=P len=0
PKT t=31957 RX ua=95 mt=R len=7
PKT t=31962 TX ua=95 mt=P len=0
PKT t=31971 RX ua=95 mt=R len=7
PKT t=31976 TX ua=95 mt=P len=0
PKT t=31985 RX ua=95 mt=R len=7
PKT t=31990 TX ua=95 mt=P len=0
PKT t=31999 RX ua=95 mt=R len=7
PKT t=32004 TX ua=95 mt=P len=0
PKT t=32013 RX ua=95 mt=R len=7
PKT t=32020 TX ua=95 mt=P len=0
PKT t=32029 RX ua=95 mt=R len=7
PKT t=32034 TX ua=95 mt=P len=0
PKT t=32063 RX ua=95 mt=R len=7
PKT t=32068 TX ua=95 mt=P len=0
PKT t=32077 RX ua=95 mt=R len=7
PKT t=32082 TX ua=95 mt=P len=0
PKT t=32091 RX ua=95 mt=R len=7
PKT t=32096 TX ua=95 mt=P len=0
PKT t=32105 RX ua=95 mt=R len=7
PKT t=32110 TX ua=95 mt=T len=7
PKT t=32122 TX ua=95 mt=P len=0
PKT t=32131 RX ua=95 mt=R len=7
PKT t=32136 TX ua=95 mt=P len=0
PKT t=32165 RX ua=95 mt=R len=7
PKT t=32170 TX ua=95 mt=P len=0
PKT t=32179 RX ua=95 mt=R len=7
PKT t=32184 TX ua=95 mt=P len=0
PKT t=32193 RX ua=95 mt=R len=7
PKT t=32198 TX ua=95 mt=P len=0
PKT t=32207 RX ua=95 mt=R len=7
PKT t=32212 TX ua=95 mt=P len=0
PKT t=32221 RX ua=95 mt=R len=7
PKT t=32226 TX ua=95 mt=P len=0
PKT t=32235 RX ua=95 mt=R len=7
PKT t=32240 TX ua=95 mt=P len=0
PKT t=32269 RX ua=95 mt=R len=7
PKT t=32274 TX ua=95 mt=P len=0
PKT t=32283 RX ua=95 mt=R len=7
PKT t=32288 TX ua=95 mt=P len=0
PKT t=32297 RX ua=95 mt=R len=7
PKT t=32302 TX ua=95 mt=P len=0
PKT t=32311 RX ua=95 mt=R len=7
PKT t=32316 TX ua=95 mt=P len=0
PKT t=32325 RX ua=95 mt=R len=7
PKT t=32330 TX ua=95 mt=P len=0
PKT t=32339 RX ua=95 mt=R len=7
PKT t=32344 TX ua=95 mt=P len=0
PKT t=32373 RX ua=95 mt=R len=7
PKT t=32378 TX ua=95 mt=T len=7
PKT t=32390 TX ua=95 mt=P len=0
PKT t=32399 RX ua=95 mt=R len=7
PKT t=32404 TX ua=95 mt=P len=0
PKT t=32413 RX ua=95 mt=R len=7
PKT t=32418 TX ua=95 mt=P len=0
PKT t=32427 RX ua=95 mt=R len=7
PKT t=32432 TX ua=95 mt=P len=0
PKT t=32441 RX ua=95 mt=R len=7
PKT t=32446 TX ua=95 mt=P len=0
PKT t=32475 RX ua=95 mt=R len=7
PKT t=32480 TX ua=95 mt=P len=0
PKT t=32489 RX ua=95 mt=R len=7
PKT t=32494 TX ua=95 mt=P len=0
PKT t=32503 RX ua=95 mt=R len=7
PKT t=32508 TX ua=95 mt=P len=0
PKT t=32517 RX ua=95 mt=R len=7
PKT t=32522 TX ua=95 mt=P len=0
PKT t=32531 RX ua=95 mt=R len=7
PKT t=32536 TX ua=95 mt=P len=0
PKT t=32545 RX ua=95 mt=R len=7
PKT t=32550 TX ua=95 mt=P len=0
PKT t=32579 RX ua=95 mt=R len=7
PKT t=32584 TX ua=95 mt=P len=0
PKT t=32593 RX ua=95 mt=R len=7
PKT t=32598 TX ua=95 mt=T len=7
PKT t=32610 TX ua=95 mt=P len=0
PKT t=32619 RX ua=95 mt=R len=7
PKT t=32624 TX ua=95 mt=P len=0
PKT t=32633 RX ua=95 mt=R len=7
PKT t=32638 TX ua=95 mt=P len=0
PKT t=32647 RX ua=95 mt=R len=7
PKT t=32652 TX ua=95 mt=P len=0
PKT t=32681 RX ua=95 mt=R len=7
PKT t=32686 TX ua=95 mt=P len=0
PKT t=32695 RX ua=95 mt=R len=7
PKT t=32700 TX ua=95 mt=P len=0
PKT t=32709 RX ua=95 mt=R len=7
PKT t=32714 TX ua=95 mt=P len=0
PKT t=32723 RX ua=95 mt=R len=7
PKT t=32728 TX ua=95 mt=P len=0
PKT t=32737 RX ua=95 mt=R len=7
PKT t=32742 TX ua=95 mt=P len=0
PKT t=32755 RX ua=95 mt=R len=7
PKT t=32760 TX ua=95 mt=P len=0
PKT t=32785 RX ua=95 mt=R len=7
PKT t=32790 TX ua=95 mt=P len=0
PKT t=32799 RX ua=95 mt=R len=7
PKT t=32804 TX ua=95 mt=P len=0
PKT t=32813 RX ua=95 mt=R len=7
PKT t=32818 TX ua=95 mt=P len=0
PKT t=32827 RX ua=95 mt=R len=7
PKT t=32832 TX ua=95 mt=P len=0
PKT t=32842 RX ua=95 mt=R len=7
PKT t=32847 TX ua=95 mt=P len=0
PKT t=32856 RX ua=95 mt=R len=7
PKT t=32861 TX ua=95 mt=T len=7
PKT t=32873 TX ua=95 mt=P len=0
PKT t=32893 RX ua=95 mt=R len=7
PKT t=32898 TX ua=95 mt=P len=0
PKT t=32907 RX ua=95 mt=R len=7
PKT t=32912 TX ua=95 mt=P len=0
PKT t=32921 RX ua=95 mt=R len=7
PKT t=32926 TX ua=95 mt=P len=0
PKT t=32935 RX ua=95 mt=R len=7
PKT t=32940 TX ua=95 mt=P len=0
PKT t=32949 RX ua=95 mt=R len=7
PKT t=32954 TX ua=95 mt=P len=0
PKT t=32963 RX ua=95 mt=R len=7
PKT t=32968 TX ua=95 mt=P len=0
PKT t=32997 RX ua=95 mt=R len=7
PKT t=33002 TX ua=95 mt=P len=0
PKT t=33011 RX ua=95 mt=R len=7
PKT t=33016 TX ua=95 mt=P len=0
PKT t=33025 RX ua=95 mt=R len=7
PKT t=33030 TX ua=95 mt=P len=0
PKT t=33039 RX ua=95 mt=R len=7
PKT t=33044 TX ua=95 mt=P len=0
PKT t=33055 RX ua=95 mt=R len=7
PKT t=33060 TX ua=95 mt=P len=0
PKT t=33069 RX ua=95 mt=R len=7
PKT t=33074 TX ua=95 mt=P len=0
PKT t=33103 RX ua=95 mt=R len=7
PKT t=33108 TX ua=95 mt=T len=7
PKT t=33120 TX ua=95 mt=P len=0
PKT t=33129 RX ua=95 mt=R len=7
PKT t=33134 TX ua=95 mt=P len=0
PKT t=33143 RX ua=95 mt=R len=7
PKT t=33148 TX ua=95 mt=P len=0
PKT t=33157 RX ua=95 mt=R len=7
PKT t=33162 TX ua=95 mt=P len=0
PKT t=33171 RX ua=95 mt=R len=7
PKT t=33176 TX ua=95 mt=P len=0
PKT t=33205 RX ua=95 mt=R len=7
PKT t=33210 TX ua=95 mt=P len=0
PKT t=33219 RX ua=95 mt=R len=7
PKT t=33224 TX ua=95 mt=P len=0
PKT t=33234 RX ua=95 mt=R len=7
PKT t=33238 TX ua=95 mt=P len=0
PKT t=33247 RX ua=95 mt=R len=7
PKT t=33252 TX ua=95 mt=P len=0
PKT t=33261 RX ua=95 mt=R len=7
PKT t=33266 TX ua=95 mt=P len=0
PKT t=33275 RX ua=95 mt=R len=7
PKT t=33280 TX ua=95 mt=P len=0
PKT t=33310 RX ua=95 mt=R len=7
PKT t=33315 TX ua=95 mt=P len=0
PKT t=33324 RX ua=95 mt=R len=7
PKT t=33329 TX ua=95 mt=P len=0
PKT t=33338 RX ua=95 mt=R len=7
PKT t=33343 TX ua=95 mt=P len=0
PKT t=33355 RX ua=95 mt=R len=7
PKT t=33360 TX ua=95 mt=T len=7
PKT t=33372 TX ua=95 mt=P len=0
PKT t=33382 RX ua=95 mt=R len=7
PKT t=33387 TX ua=95 mt=P len=0
PKT t=33416 RX ua=95 mt=R len=7
PKT t=33421 TX ua=95 mt=P len=0
PKT t=33431 RX ua=95 mt=R len=7
PKT t=33436 TX ua=95 mt=P len=0
PKT t=33446 RX ua=95 mt=R len=7
PKT t=33451 TX ua=95 mt=P len=0
PKT t=33461 RX ua=95 mt=R len=7
PKT t=33466 TX ua=95 mt=P len=0
PKT t=33476 RX ua=95 mt=R len=7
PKT t=33481 TX ua=95 mt=P len=0
PKT t=33491 RX ua=95 mt=R len=7
PKT t=33496 TX ua=95 mt=P len=0
PKT t=33525 RX ua=95 mt=R len=7
PKT t=33530 TX ua=95 mt=P len=0
PKT t=33540 RX ua=95 mt=R len=7
PKT t=33545 TX ua=95 mt=P len=0
PKT t=33555 RX ua=95 mt=R len=7
PKT t=33560 TX ua=95 mt=P len=0
PKT t=33570 RX ua=95 mt=R len=7
PKT t=33575 TX ua=95 mt=P len=0
PKT t=33585 RX ua=95 mt=R len=7
PKT t=33590 TX ua=95 mt=P len=0
PKT t=33600 RX ua=95 mt=R len=7
PKT t=33605 TX ua=95 mt=T len=7
PKT t=33617 TX ua=95 mt=P len=0
PKT t=33636 RX ua=95 mt=R len=7
PKT t=33640 TX ua=95 mt=P len=0
PKT t=33655 RX ua=95 mt=R len=7
PKT t=33660 TX ua=95 mt=P len=0
PKT t=33669 RX ua=95 mt=R len=7
PKT t=33674 TX ua=95 mt=P len=0
PKT t=33683 RX ua=95 mt=R len=7
PKT t=33688 TX ua=95 mt=P len=0
PKT t=33697 RX ua=95 mt=R len=7
PKT t=33702 TX ua=95 mt=P len=0
PKT t=33733 RX ua=95 mt=R len=7
PKT t=33738 TX ua=95 mt=P len=0
PKT t=33747 RX ua=95 mt=R len=7
PKT t=33752 TX ua=95 mt=P len=0
PKT t=33761 RX ua=95 mt=R len=7
PKT t=33766 TX ua=95 mt=P len=0
PKT t=33775 RX ua=95 mt=R len=7
PKT t=33780 TX ua=95 mt=P len=0
PKT t=33789 RX ua=95 mt=R len=7
PKT t=33794 TX ua=95 mt=P len=0
PKT t=33803 RX ua=95 mt=R len=7
PKT t=33808 TX ua=95 mt=P len=0
PKT t=33837 RX ua=95 mt=R len=7
PKT t=33842 TX ua=95 mt=P len=0
PKT t=33851 RX ua=95 mt=R len=7
PKT t=33856 TX ua=95 mt=T len=7
PKT t=33868 TX ua=95 mt=P len=0
PKT t=33877 RX ua=95 mt=R len=7
PKT t=33882 TX ua=95 mt=P len=0
PKT t=33891 RX ua=95 mt=R len=7
PKT t=33896 TX ua=95 mt=P len=0
PKT t=33905 RX ua=95 mt=R len=7
PKT t=33910 TX ua=95 mt=P len=0
PKT t=33940 RX ua=95 mt=R len=7
PKT t=33945 TX ua=95 mt=P len=0
PKT t=33955 RX ua=95 mt=R len=7
PKT t=34210 TX ua=96 mt=P len=0
PKT t=34468 TX ua=95 mt=P len=0
PKT t=34477 RX ua=95 mt=R len=7
PKT t=34482 TX ua=95 mt=T len=7
PKT t=34495 TX ua=95 mt=P len=0
PKT t=34504 RX ua=95 mt=R len=7
PKT t=34509 TX ua=95 mt=T len=7
PKT t=34522 TX ua=95 mt=P len=0
PKT t=34541 RX ua=95 mt=R len=7
PKT t=34546 TX ua=95 mt=P len=0
PKT t=34555 RX ua=95 mt=R len=7
PKT t=34560 TX ua=95 mt=P len=0
PKT t=34569 RX ua=95 mt=R len=7
PKT t=34574 TX ua=95 mt=P len=0
PKT t=34583 RX ua=95 mt=R len=7
PKT t=34588 TX ua=95 mt=P len=0
PKT t=34597 RX ua=95 mt=R len=7
PKT t=34602 TX ua=95 mt=T len=7
PKT t=34615 TX ua=95 mt=P len=0
PKT t=34642 RX ua=95 mt=R len=7
PKT t=34647 TX ua=95 mt=P len=0
PKT t=34656 RX ua=95 mt=R len=7
PKT t=34661 TX ua=95 mt=P len=0
PKT t=34670 RX ua=95 mt=R len=7
PKT t=34675 TX ua=95 mt=P len=0
PKT t=34684 RX ua=95 mt=R len=7
PKT t=34689 TX ua=95 mt=P len=0
PKT t=34698 RX ua=95 mt=R len=7
PKT t=34703 TX ua=95 mt=P len=0
PKT t=34712 RX ua=95 mt=R len=7
PKT t=34717 TX ua=95 mt=P len=0
PKT t=34746 RX ua=95 mt=R len=7
PKT t=34751 TX ua=95 mt=P len=0
PKT t=34760 RX ua=95 mt=R len=7
PKT t=34765 TX ua=95 mt=P len=0
PKT t=34774 RX ua=95 mt=R len=7
PKT t=34779 TX ua=95 mt=P len=0
PKT t=34788 RX ua=95 mt=R len=7
PKT t=34793 TX ua=95 mt=P len=0
PKT t=34802 RX ua=95 mt=R len=7
PKT t=34807 TX ua=95 mt=P len=0
PKT t=34816 RX ua=95 mt=R len=7
PKT t=34821 TX ua=95 mt=P len=0
PKT t=34855 RX ua=95 mt=R len=7
PKT t=34860 TX ua=95 mt=T len=7
PKT t=34873 TX ua=95 mt=P len=0
PKT t=34882 RX ua=95 mt=R len=7
PKT t=34887 TX ua=95 mt=P len=0
PKT t=34896 RX ua=95 mt=R len=7
PKT t=34901 TX ua=95 mt=P len=0
PKT t=34910 RX ua=95 mt=R len=7
PKT t=34915 TX ua=95 mt=P len=0
PKT t=34924 RX ua=95 mt=R len=7
PKT t=34929 TX ua=95 mt=P len=0
PKT t=34958 RX ua=95 mt=R len=7
PKT t=34963 TX ua=95 mt=P len=0
PKT t=34972 RX ua=95 mt=R len=7
PKT t=34977 TX ua=95 mt=P len=0
PKT t=34986 RX ua=95 mt=R len=7
PKT t=34991 TX ua=95 mt=P len=0
PKT t=35000 RX ua=95 mt=R len=7
PKT t=35005 TX ua=95 mt=P len=0
PKT t=35014 RX ua=95 mt=R len=7
PKT t=35019 TX ua=95 mt=P len=0
PKT t=35028 RX ua=95 mt=R len=7
PKT t=35033 TX ua=95 mt=P len=0
PKT t=35063 RX ua=95 mt=R len=7
PKT t=35068 TX ua=95 mt=P len=0
PKT t=35077 RX ua=95 mt=R len=7
PKT t=35082 TX ua=95 mt=P len=0
PKT t=35091 RX ua=95 mt=R len=7
PKT t=35096 TX ua=95 mt=P len=0
PKT t=35105 RX ua=95 mt=R len=7
PKT t=35110 TX ua=95 mt=T len=7
PKT t=35122 TX ua=95 mt=P len=0
PKT t=35131 RX ua=95 mt=R len=7
PKT t=35136 TX ua=95 mt=P len=0
PKT t=35166 RX ua=95 mt=R len=7
PKT t=35171 TX ua=95 mt=P len=0
PKT t=35180 RX ua=95 mt=R len=7
PKT t=35185 TX ua=95 mt=P len=0
PKT t=35194 RX ua=95 mt=R len=7
PKT t=35199 TX ua=95 mt=P len=0
PKT t=35208 RX ua=95 mt=R len=7
PKT t=35213 TX ua=95 mt=P len=0
PKT t=35222 RX ua=95 mt=R len=7
PKT t=35227 TX ua=95 mt=P len=0
PKT t=35236 RX ua=95 mt=R len=7
PKT t=35241 TX ua=95 mt=P len=0
PKT t=35270 RX ua=95 mt=R len=7
PKT t=35275 TX ua=95 mt=P len=0
PKT t=35284 RX ua=95 mt=R len=7
PKT t=35289 TX ua=95 mt=P len=0
PKT t=35298 RX ua=95 mt=R len=7
PKT t=35303 TX ua=95 mt=P len=0
PKT t=35312 RX ua=95 mt=R len=7
PKT t=35317 TX ua=95 mt=P len=0
PKT t=35326 RX ua=95 mt=R len=7
PKT t=35331 TX ua=95 mt=P len=0
PKT t=35340 RX ua=95 mt=R len=7
PKT t=35345 TX ua=95 mt=P len=0
PKT t=35374 RX ua=95 mt=R len=7
PKT t=35379 TX ua=95 mt=T len=7
PKT t=35391 TX ua=95 mt=P len=0
PKT t=35401 RX ua=95 mt=R len=7
PKT t=35406 TX ua=95 mt=P len=0
PKT t=35416 RX ua=95 mt=R len=7
PKT t=35421 TX ua=95 mt=P len=0
PKT t=35431 RX ua=95 mt=R len=7
PKT t=35436 TX ua=95 mt=P len=0
PKT t=35446 RX ua=95 mt=R len=7
PKT t=35455 TX ua=95 mt=P len=0
PKT t=35480 RX ua=95 mt=R len=7
PKT t=35485 TX ua=95 mt=P len=0
PKT t=35495 RX ua=95 mt=R len=7
PKT t=35500 TX ua=95 mt=P len=0
PKT t=35510 RX ua=95 mt=R len=7
PKT t=35515 TX ua=95 mt=P len=0
PKT t=35525 RX ua=95 mt=R len=7
PKT t=35530 TX ua=95 mt=P len=0
PKT t=35540 RX ua=95 mt=R len=7
PKT t=35545 TX ua=95 mt=P len=0
PKT t=35555 RX ua=95 mt=R len=7
PKT t=35560 TX ua=95 mt=P len=0
PKT t=35589 RX ua=95 mt=R len=7
PKT t=35594 TX ua=95 mt=P len=0
PKT t=35604 RX ua=95 mt=R len=7
PKT t=35609 TX ua=95 mt=T len=7
PKT t=35621 TX ua=95 mt=P len=0
PKT t=35631 RX ua=95 mt=R len=7
PKT t=35636 TX ua=95 mt=P len=0
PKT t=35645 RX ua=95 mt=R len=7
PKT t=35650 TX ua=95 mt=P len=0
PKT t=35659 RX ua=95 mt=R len=7
PKT t=35664 TX ua=95 mt=P len=0
PKT t=35693 RX ua=95 mt=R len=7
PKT t=35698 TX ua=95 mt=P len=0
PKT t=35707 RX ua=95 mt=R len=7
PKT t=35712 TX ua=95 mt=P len=0
PKT t=35721 RX ua=95 mt=R len=7
PKT t=35726 TX ua=95 mt=P len=0
PKT t=35735 RX ua=95 mt=R len=7
PKT t=35740 TX ua=95 mt=P len=0
PKT t=35755 RX ua=95 mt=R len=7
PKT t=35760 TX ua=95 mt=P len=0
PKT t=35793 RX ua=95 mt=R len=7
PKT t=35798 TX ua=95 mt=P len=0
PKT t=35807 RX ua=95 mt=R len=7
PKT t=35812 TX ua=95 mt=P len=0
PKT t=35821 RX ua=95 mt=R len=7
PKT t=35826 TX ua=95 mt=P len=0
PKT t=35835 RX ua=95 mt=R len=7
PKT t=35840 TX ua=95 mt=P len=0
PKT t=35849 RX ua=95 mt=R len=7
PKT t=35854 TX ua=95 mt=T len=7
PKT t=35866 TX ua=95 mt=P len=0
PKT t=35894 RX ua=95 mt=R len=7
PKT t=35899 TX ua=95 mt=P len=0
PKT t=35908 RX ua=95 mt=R len=7
PKT t=35913 TX ua=95 mt=P len=0
PKT t=35922 RX ua=95 mt=R len=7
PKT t=35927 TX ua=95 mt=P len=0
PKT t=35936 RX ua=95 mt=R len=7
PKT t=35941 TX ua=95 mt=P len=0
PKT t=35950 RX ua=95 mt=R len=7
PKT t=35955 TX ua=95 mt=P len=0
PKT t=35964 RX ua=95 mt=R len=7
PKT t=35969 TX ua=95 mt=P len=0
PKT t=35998 RX ua=95 mt=R len=7
PKT t=36003 TX ua=95 mt=P len=0
PKT t=36012 RX ua=95 mt=R len=7
PKT t=36017 TX ua=95 mt=P len=0
PKT t=36026 RX ua=95 mt=R len=7
PKT t=36031 TX ua=95 mt=P len=0
PKT t=36040 RX ua=95 mt=R len=7
PKT t=36045 TX ua=95 mt=P len=0
PKT t=36055 RX ua=95 mt=R len=7
PKT t=36310 TX ua=96 mt=P len=0
PKT t=36568 TX ua=95 mt=P len=0
PKT t=36578 RX ua=95 mt=R len=7
PKT t=36582 TX ua=95 mt=T len=7
PKT t=36594 TX ua=95 mt=P len=0
PKT t=36603 RX ua=95 mt=R len=7
PKT t=36608 TX ua=95 mt=T len=7
PKT t=36620 TX ua=95 mt=P len=0
PKT t=36629 RX ua=95 mt=R len=7
PKT t=36634 TX ua=95 mt=P len=0
PKT t=36643 RX ua=95 mt=R len=7
PKT t=36655 TX ua=95 mt=P len=0
PKT t=36664 RX ua=95 mt=R len=7
PKT t=36669 TX ua=95 mt=P len=0
PKT t=36698 RX ua=95 mt=R len=7
PKT t=36703 TX ua=95 mt=P len=0
PKT t=36712 RX ua=95 mt=R len=7
PKT t=36717 TX ua=95 mt=P len=0
PKT t=36726 RX ua=95 mt=R len=7
PKT t=36731 TX ua=95 mt=P len=0
PKT t=36740 RX ua=95 mt=R len=7
PKT t=36745 TX ua=95 mt=P len=0
PKT t=36754 RX ua=95 mt=R len=7
PKT t=36759 TX ua=95 mt=P len=0
PKT t=36768 RX ua=95 mt=R len=7
PKT t=36773 TX ua=95 mt=P len=0
PKT t=36802 RX ua=95 mt=R len=7
PKT t=36807 TX ua=95 mt=P len=0
PKT t=36816 RX ua=95 mt=R len=7
PKT t=36821 TX ua=95 mt=P len=0
PKT t=36830 RX ua=95 mt=R len=7
PKT t=36835 TX ua=95 mt=P len=0
PKT t=36844 RX ua=95 mt=R len=7
PKT t=36849 TX ua=95 mt=T len=7
PKT t=36861 TX ua=95 mt=P len=0
PKT t=36870 RX ua=95 mt=R len=7
PKT t=36875 TX ua=95 mt=P len=0
PKT t=36904 RX ua=95 mt=R len=7
PKT t=36909 TX ua=95 mt=P len=0
PKT t=36918 RX ua=95 mt=R len=7
PKT t=36923 TX ua=95 mt=P len=0
PKT t=36932 RX ua=95 mt=R len=7
PKT t=36937 TX ua=95 mt=P len=0
PKT t=36946 RX ua=95 mt=R len=7
PKT t=36955 TX ua=95 mt=P len=0
PKT t=36964 RX ua=95 mt=R len=7
PKT t=36969 TX ua=95 mt=P len=0
PKT t=36978 RX ua=95 mt=R len=7
PKT t=36983 TX ua=95 mt=P len=0
PKT t=37012 RX ua=95 mt=R len=7
PKT t=37017 TX ua=95 mt=P len=0
PKT t=37026 RX ua=95 mt=R len=7
PKT t=37031 TX ua=95 mt=P len=0
PKT t=37040 RX ua=95 mt=R len=7
PKT t=37045 TX ua=95 mt=P len=0
PKT t=37054 RX ua=95 mt=R len=7
PKT t=37059 TX ua=95 mt=P len=0
PKT t=37068 RX ua=95 mt=R len=7
PKT t=37073 TX ua=95 mt=P len=0
PKT t=37082 RX ua=95 mt=R len=7
PKT t=37087 TX ua=95 mt=P len=0
PKT t=37116 RX ua=95 mt=R len=7
PKT t=37121 TX ua=95 mt=T len=7
PKT t=37134 TX ua=95 mt=P len=0
PKT t=37143 RX ua=95 mt=R len=7
PKT t=37148 TX ua=95 mt=P len=0
PKT t=37157 RX ua=95 mt=R len=7
PKT t=37162 TX ua=95 mt=P len=0
PKT t=37171 RX ua=95 mt=R len=7
PKT t=37176 TX ua=95 mt=P len=0
PKT t=37186 RX ua=95 mt=R len=7
PKT t=37190 TX ua=95 mt=P len=0
PKT t=37220 RX ua=95 mt=R len=7
PKT t=37225 TX ua=95 mt=P len=0
PKT t=37234 RX ua=95 mt=R len=7
PKT t=37239 TX ua=95 mt=P len=0
PKT t=37255 RX ua=95 mt=R len=7
PKT t=37260 TX ua=95 mt=P len=0
PKT t=37269 RX ua=95 mt=R len=7
