PKT t=7114 TX ua=95 mt=P len=0
PKT t=7147 RX ua=95 mt=R len=7
PKT t=7152 TX ua=95 mt=P len=0
PKT t=7161 RX ua=95 mt=R len=7
PKT t=7166 TX ua=95 mt=P len=0
PKT t=7175 RX ua=95 mt=R len=7
PKT t=7180 TX ua=95 mt=P len=0
PKT t=7189 RX ua=95 mt=R len=7
PKT t=7194 TX ua=95 mt=P len=0
PKT t=7203 RX ua=95 mt=R len=7
PKT t=7208 TX ua=95 mt=P len=0
PKT t=7217 RX ua=95 mt=R len=7
PKT t=7222 TX ua=95 mt=P len=0
PKT t=7255 RX ua=95 mt=R len=7
PKT t=7260 TX ua=95 mt=P len=0
PKT t=7269 RX ua=95 mt=R len=7
PKT t=7274 TX ua=95 mt=P len=0
PKT t=7283 RX ua=95 mt=R len=7
PKT t=7288 TX ua=95 mt=P len=0
PKT t=7297 RX ua=95 mt=R len=7
PKT t=7302 TX ua=95 mt=P len=0
PKT t=7311 RX ua=95 mt=R len=7
PKT t=7316 TX ua=95 mt=P len=0
PKT t=7325 RX ua=95 mt=R len=7
PKT t=7330 TX ua=95 mt=P len=0
PKT t=7359 RX ua=95 mt=R len=7
PKT t=7364 TX ua=95 mt=T len=7
PKT t=7376 TX ua=95 mt=P len=0
PKT t=7386 RX ua=95 mt=R len=7
PKT t=7391 TX ua=95 mt=P len=0
PKT t=7401 RX ua=95 mt=R len=7
PKT t=7406 TX ua=95 mt=P len=0
PKT t=7416 RX ua=95 mt=R len=7
PKT t=7421 TX ua=95 mt=P len=0
PKT t=7431 RX ua=95 mt=R len=7
PKT t=7436 TX ua=95 mt=P len=0
PKT t=7465 RX ua=95 mt=R len=7
PKT t=7470 TX ua=95 mt=P len=0
PKT t=7480 RX ua=95 mt=R len=7
PKT t=7485 TX ua=95 mt=P len=0
PKT t=7495 RX ua=95 mt=R len=7
PKT t=7500 TX ua=95 mt=P len=0
PKT t=7510 RX ua=95 mt=R len=7
PKT t=7515 TX ua=95 mt=P len=0
PKT t=7525 RX ua=95 mt=R len=7
PKT t=7530 TX ua=95 mt=P len=0
PKT t=7540 RX ua=95 mt=R len=7
PKT t=7545 TX ua=95 mt=P len=0
PKT t=7574 RX ua=95 mt=R len=7
PKT t=7579 TX ua=95 mt=P len=0
PKT t=7589 RX ua=95 mt=R len=7
PKT t=7594 TX ua=95 mt=P len=0
PKT t=7604 RX ua=95 mt=R len=7
PKT t=7609 TX ua=95 mt=T len=7
PKT t=7621 TX ua=95 mt=P len=0
PKT t=7630 RX ua=95 mt=R len=7
PKT t=7635 TX ua=95 mt=P len=0
PKT t=7644 RX ua=95 mt=R len=7
PKT t=7655 TX ua=95 mt=P len=0
PKT t=7678 RX ua=95 mt=R len=7
PKT t=7683 TX ua=95 mt=P len=0
PKT t=7692 RX ua=95 mt=R len=7
PKT t=7697 TX ua=95 mt=P len=0
PKT t=7706 RX ua=95 mt=R len=7
PKT t=7711 TX ua=95 mt=P len=0
PKT t=7721 RX ua=95 mt=R len=7
PKT t=7726 TX ua=95 mt=P len=0
PKT t=7735 RX ua=95 mt=R len=7
PKT t=7740 TX ua=95 mt=P len=0
PKT t=7749 RX ua=95 mt=R len=7
PKT t=7754 TX ua=95 mt=P len=0
PKT t=7783 RX ua=95 mt=R len=7
PKT t=7788 TX ua=95 mt=P len=0
PKT t=7797 RX ua=95 mt=R len=7
PKT t=7802 TX ua=95 mt=P len=0
PKT t=7812 RX ua=95 mt=R len=7
PKT t=7816 TX ua=95 mt=P len=0
PKT t=7825 RX ua=95 mt=R len=7
PKT t=7830 TX ua=95 mt=P len=0
PKT t=7839 RX ua=95 mt=R len=7
PKT t=7844 TX ua=95 mt=P len=0
PKT t=7855 RX ua=95 mt=R len=7
PKT t=7860 TX ua=95 mt=T len=7
PKT t=7872 TX ua=95 mt=P len=0
PKT t=7890 RX ua=95 mt=R len=7
PKT t=7895 TX ua=95 mt=P len=0
PKT t=7904 RX ua=95 mt=R len=7
PKT t=7909 TX ua=95 mt=P len=0
PKT t=7918 RX ua=95 mt=R len=7
PKT t=7923 TX ua=95 mt=P len=0
PKT t=7932 RX ua=95 mt=R len=7
PKT t=7937 TX ua=95 mt=P len=0
PKT t=7946 RX ua=95 mt=R len=7
PKT t=7951 TX ua=95 mt=P len=0
PKT t=7960 RX ua=95 mt=R len=7
PKT t=7965 TX ua=95 mt=P len=0
PKT t=7994 RX ua=95 mt=R len=7
PKT t=7999 TX ua=95 mt=P len=0
PKT t=8008 RX ua=95 mt=R len=7
PKT t=8013 TX ua=95 mt=P len=0
PKT t=8022 RX ua=95 mt=R len=7
PKT t=8027 TX ua=95 mt=P len=0
PKT t=8036 RX ua=95 mt=R len=7
PKT t=8041 TX ua=95 mt=P len=0
PKT t=8055 RX ua=95 mt=R len=7
PKT t=8060 TX ua=95 mt=P len=0
PKT t=8069 RX ua=95 mt=R len=7
PKT t=8074 TX ua=95 mt=P len=0
PKT t=8103 RX ua=95 mt=R len=7
PKT t=8108 TX ua=95 mt=T len=7
PKT t=8120 TX ua=95 mt=P len=0
PKT t=8129 RX ua=95 mt=R len=7
PKT t=8134 TX ua=95 mt=P len=0
PKT t=8143 RX ua=95 mt=R len=7
PKT t=8148 TX ua=95 mt=P len=0
PKT t=8157 RX ua=95 mt=R len=7
PKT t=8162 TX ua=95 mt=P len=0
PKT t=8171 RX ua=95 mt=R len=7
PKT t=8176 TX ua=95 mt=P len=0
PKT t=8205 RX ua=95 mt=R len=7
PKT t=8210 TX ua=95 mt=P len=0
PKT t=8219 RX ua=95 mt=R len=7
PKT t=8224 TX ua=95 mt=P len=0
PKT t=8233 RX ua=95 mt=R len=7
PKT t=8238 TX ua=95 mt=P len=0
PKT t=8255 RX ua=95 mt=R len=7
PKT t=8260 TX ua=95 mt=P len=0
PKT t=8269 RX ua=95 mt=R len=7
PKT t=8274 TX ua=95 mt=P len=0
PKT t=8305 RX ua=95 mt=R len=7
PKT t=8310 TX ua=95 mt=P len=0
PKT t=8319 RX ua=95 mt=R len=7
PKT t=8324 TX ua=95 mt=P len=0
PKT t=8333 RX ua=95 mt=R len=7
PKT t=8338 TX ua=95 mt=P len=0
PKT t=8347 RX ua=95 mt=R len=7
PKT t=8352 TX ua=95 mt=T len=7
PKT t=8364 TX ua=95 mt=P len=0
PKT t=8373 RX ua=95 mt=R len=7
PKT t=8378 TX ua=95 mt=P len=0
PKT t=8407 RX ua=95 mt=R len=7
PKT t=8412 TX ua=95 mt=P len=0
PKT t=8421 RX ua=95 mt=R len=7
PKT t=8426 TX ua=95 mt=P len=0
PKT t=8435 RX ua=95 mt=R len=7
PKT t=8440 TX ua=95 mt=P len=0
PKT t=8455 RX ua=95 mt=R len=7
PKT t=8460 TX ua=95 mt=P len=0
PKT t=8469 RX ua=95 mt=R len=7
PKT t=8474 TX ua=95 mt=P len=0
PKT t=8506 RX ua=95 mt=R len=7
PKT t=8511 TX ua=95 mt=P len=0
PKT t=8520 RX ua=95 mt=R len=7
PKT t=8525 TX ua=95 mt=P len=0
PKT t=8534 RX ua=95 mt=R len=7
PKT t=8539 TX ua=95 mt=P len=0
PKT t=8548 RX ua=95 mt=R len=7
PKT t=8553 TX ua=95 mt=P len=0
PKT t=8562 RX ua=95 mt=R len=7
PKT t=8567 TX ua=95 mt=P len=0
PKT t=8576 RX ua=95 mt=R len=7
PKT t=8581 TX ua=95 mt=P len=0
PKT t=8610 RX ua=95 mt=R len=7
PKT t=8615 TX ua=95 mt=T len=7
PKT t=8627 TX ua=95 mt=P len=0
PKT t=8636 RX ua=95 mt=R len=7
PKT t=8641 TX ua=95 mt=P len=0
PKT t=8655 RX ua=95 mt=R len=7
PKT t=8660 TX ua=95 mt=P len=0
PKT t=8669 RX ua=95 mt=R len=7
PKT t=8674 TX ua=95 mt=P len=0
PKT t=8683 RX ua=95 mt=R len=7
PKT t=8688 TX ua=95 mt=P len=0
PKT t=8717 RX ua=95 mt=R len=7
PKT t=8722 TX ua=95 mt=P len=0
PKT t=8731 RX ua=95 mt=R len=7
PKT t=8736 TX ua=95 mt=P len=0
PKT t=8746 RX ua=95 mt=R len=7
PKT t=8751 TX ua=95 mt=P len=0
PKT t=8761 RX ua=95 mt=R len=7
PKT t=8766 TX ua=95 mt=P len=0
PKT t=8775 RX ua=95 mt=R len=7
PKT t=8780 TX ua=95 mt=P len=0
PKT t=8789 RX ua=95 mt=R len=7
PKT t=8794 TX ua=95 mt=P len=0
PKT t=8823 RX ua=95 mt=R len=7
PKT t=8828 TX ua=95 mt=P len=0
PKT t=8837 RX ua=95 mt=R len=7
PKT t=8842 TX ua=95 mt=P len=0
PKT t=8855 RX ua=95 mt=R len=7
PKT t=8860 TX ua=95 mt=T len=7
PKT t=8872 TX ua=95 mt=P len=0
PKT t=8881 RX ua=95 mt=R len=7
PKT t=8886 TX ua=95 mt=P len=0
PKT t=8895 RX ua=95 mt=R len=7
PKT t=8900 TX ua=95 mt=P len=0
PKT t=8929 RX ua=95 mt=R len=7
PKT t=8934 TX ua=95 mt=P len=0
PKT t=8943 RX ua=95 mt=R len=7
PKT t=8948 TX ua=95 mt=P len=0
PKT t=8957 RX ua=95 mt=R len=7
PKT t=8962 TX ua=95 mt=P len=0
PKT t=8971 RX ua=95 mt=R len=7
PKT t=8976 TX ua=95 mt=P len=0
PKT t=8985 RX ua=95 mt=R len=7
PKT t=8990 TX ua=95 mt=P len=0
PKT t=8999 RX ua=95 mt=R len=7
PKT t=9004 TX ua=95 mt=P len=0
PKT t=9033 RX ua=95 mt=R len=7
PKT t=9038 TX ua=95 mt=P len=0
PKT t=9055 RX ua=95 mt=R len=7
PKT t=9060 TX ua=95 mt=P len=0
PKT t=9069 RX ua=95 mt=R len=7
PKT t=9074 TX ua=95 mt=P len=0
PKT t=9083 RX ua=95 mt=R len=7
PKT t=9088 TX ua=95 mt=P len=0
PKT t=9097 RX ua=95 mt=R len=7
PKT t=9102 TX ua=95 mt=T len=7
PKT t=9114 TX ua=95 mt=P len=0
PKT t=9134 RX ua=95 mt=R len=7
PKT t=9139 TX ua=95 mt=P len=0
PKT t=9148 RX ua=95 mt=R len=7
PKT t=9153 TX ua=95 mt=P len=0
PKT t=9162 RX ua=95 mt=R len=7
PKT t=9167 TX ua=95 mt=P len=0
PKT t=9176 RX ua=95 mt=R len=7
PKT t=9181 TX ua=95 mt=P len=0
PKT t=9190 RX ua=95 mt=R len=7
PKT t=9195 TX ua=95 mt=P len=0
PKT t=9204 RX ua=95 mt=R len=7
PKT t=9209 TX ua=95 mt=P len=0
PKT t=9238 RX ua=95 mt=R len=7
PKT t=9243 TX ua=95 mt=P len=0
PKT t=9255 RX ua=95 mt=R len=7
PKT t=9260 TX ua=95 mt=P len=0
PKT t=9269 RX ua=95 mt=R len=7
PKT t=9274 TX ua=95 mt=P len=0
PKT t=9283 RX ua=95 mt=R len=7
PKT t=9288 TX ua=95 mt=P len=0
PKT t=9297 RX ua=95 mt=R len=7
PKT t=9302 TX ua=95 mt=P len=0
PKT t=9311 RX ua=95 mt=R len=7
PKT t=9316 TX ua=95 mt=P len=0
PKT t=9345 RX ua=95 mt=R len=7
PKT t=9350 TX ua=95 mt=T len=7
PKT t=9362 TX ua=95 mt=P len=0
PKT t=9372 RX ua=95 mt=R len=7
PKT t=9377 TX ua=95 mt=P len=0
PKT t=9387 RX ua=95 mt=R len=7
PKT t=9392 TX ua=95 mt=P len=0
PKT t=9402 RX ua=95 mt=R len=7
PKT t=9407 TX ua=95 mt=P len=0
PKT t=9417 RX ua=95 mt=R len=7
PKT t=9422 TX ua=95 mt=P len=0
PKT t=9455 RX ua=95 mt=R len=7
PKT t=9460 TX ua=95 mt=P len=0
PKT t=9470 RX ua=95 mt=R len=7
PKT t=9475 TX ua=95 mt=P len=0
PKT t=9485 RX ua=95 mt=R len=7
PKT t=9490 TX ua=95 mt=P len=0
PKT t=9500 RX ua=95 mt=R len=7
PKT t=9505 TX ua=95 mt=P len=0
PKT t=9515 RX ua=95 mt=R len=7
PKT t=9520 TX ua=95 mt=P len=0
PKT t=9550 RX ua=95 mt=R len=7
PKT t=9555 TX ua=95 mt=P len=0
PKT t=9565 RX ua=95 mt=R len=7
PKT t=9570 TX ua=95 mt=P len=0
PKT t=9580 RX ua=95 mt=R len=7
PKT t=9585 TX ua=95 mt=P len=0
PKT t=9595 RX ua=95 mt=R len=7
PKT t=9600 TX ua=95 mt=T len=7
PKT t=9612 TX ua=95 mt=P len=0
PKT t=9621 RX ua=95 mt=R len=7
PKT t=9626 TX ua=95 mt=P len=0
PKT t=9655 RX ua=95 mt=R len=7
PKT t=9660 TX ua=95 mt=P len=0
PKT t=9669 RX ua=95 mt=R len=7
PKT t=9674 TX ua=95 mt=P len=0
PKT t=9683 RX ua=95 mt=R len=7
PKT t=9688 TX ua=95 mt=P len=0
PKT t=9697 RX ua=95 mt=R len=7
PKT t=9702 TX ua=95 mt=P len=0
PKT t=9711 RX ua=95 mt=R len=7
PKT t=9716 TX ua=95 mt=P len=0
PKT t=9725 RX ua=95 mt=R len=7
PKT t=9730 TX ua=95 mt=P len=0
PKT t=9759 RX ua=95 mt=R len=7
PKT t=9764 TX ua=95 mt=P len=0
PKT t=9773 RX ua=95 mt=R len=7
PKT t=9778 TX ua=95 mt=P len=0
PKT t=9787 RX ua=95 mt=R len=7
PKT t=9792 TX ua=95 mt=P len=0
PKT t=9801 RX ua=95 mt=R len=7
PKT t=9806 TX ua=95 mt=P len=0
PKT t=9815 RX ua=95 mt=R len=7
PKT t=9820 TX ua=95 mt=P len=0
PKT t=9829 RX ua=95 mt=R len=7
PKT t=9834 TX ua=95 mt=P len=0
PKT t=9863 RX ua=95 mt=R len=7
PKT t=9868 TX ua=95 mt=T len=7
PKT t=9880 TX ua=95 mt=P len=0
PKT t=9889 RX ua=95 mt=R len=7
PKT t=9894 TX ua=95 mt=P len=0
PKT t=9903 RX ua=95 mt=R len=7
PKT t=9908 TX ua=95 mt=P len=0
PKT t=9917 RX ua=95 mt=R len=7
PKT t=9922 TX ua=95 mt=P len=0
PKT t=9931 RX ua=95 mt=R len=7
PKT t=9936 TX ua=95 mt=P len=0
PKT t=9965 RX ua=95 mt=R len=7
PKT t=9970 TX ua=95 mt=P len=0
PKT t=9979 RX ua=95 mt=R len=7
PKT t=9984 TX ua=95 mt=P len=0
PKT t=9993 RX ua=95 mt=R len=7
PKT t=9998 TX ua=95 mt=P len=0
PKT t=10009 RX ua=95 mt=R len=7
PKT t=10014 TX ua=95 mt=P len=0
PKT t=10023 RX ua=95 mt=R len=7
PKT t=10028 TX ua=95 mt=P len=0
PKT t=10037 RX ua=95 mt=R len=7
PKT t=10042 TX ua=95 mt=P len=0
PKT t=10071 RX ua=95 mt=R len=7
PKT t=10076 TX ua=95 mt=P len=0
PKT t=10085 RX ua=95 mt=R len=7
PKT t=10090 TX ua=95 mt=P len=0
PKT t=10099 RX ua=95 mt=R len=7
PKT t=10104 TX ua=95 mt=T len=7
PKT t=10117 TX ua=95 mt=P len=0
PKT t=10126 RX ua=95 mt=R len=7
PKT t=10131 TX ua=95 mt=T len=7
PKT t=10144 TX ua=95 mt=P len=0
PKT t=10172 RX ua=95 mt=R len=7
PKT t=10177 TX ua=95 mt=P len=0
PKT t=10186 RX ua=95 mt=R len=7
PKT t=10191 TX ua=96 mt=P len=0
PKT t=10455 TX ua=95 mt=P len=0
PKT t=10471 RX ua=95 mt=R len=7
PKT t=10476 TX ua=95 mt=T len=7
PKT t=10489 TX ua=95 mt=P len=0
PKT t=10498 RX ua=95 mt=R len=7
PKT t=10503 TX ua=95 mt=P len=0
PKT t=10512 RX ua=95 mt=R len=7
PKT t=10517 TX ua=95 mt=P len=0
PKT t=10526 RX ua=95 mt=R len=7
PKT t=10531 TX ua=95 mt=P len=0
PKT t=10540 RX ua=95 mt=R len=7
PKT t=10545 TX ua=95 mt=P len=0
PKT t=10574 RX ua=95 mt=R len=7
PKT t=10579 TX ua=95 mt=P len=0
PKT t=10588 RX ua=95 mt=R len=7
PKT t=10593 TX ua=95 mt=P len=0
PKT t=10602 RX ua=95 mt=R len=7
PKT t=10607 TX ua=95 mt=T len=7
PKT t=10620 TX ua=95 mt=P len=0
PKT t=10629 RX ua=95 mt=R len=7
PKT t=10634 TX ua=95 mt=P len=0
PKT t=10643 RX ua=95 mt=R len=7
PKT t=10655 TX ua=95 mt=P len=0
PKT t=10677 RX ua=95 mt=R len=7
PKT t=10682 TX ua=95 mt=P len=0
PKT t=10691 RX ua=95 mt=R len=7
PKT t=10696 TX ua=95 mt=P len=0
PKT t=10705 RX ua=95 mt=R len=7
PKT t=10710 TX ua=95 mt=P len=0
PKT t=10719 RX ua=95 mt=R len=7
PKT t=10724 TX ua=95 mt=P len=0
PKT t=10733 RX ua=95 mt=R len=7
PKT t=10738 TX ua=95 mt=P len=0
PKT t=10747 RX ua=95 mt=R len=7
PKT t=10752 TX ua=95 mt=P len=0
PKT t=10781 RX ua=95 mt=R len=7
PKT t=10786 TX ua=95 mt=P len=0
PKT t=10795 RX ua=95 mt=R len=7
PKT t=10800 TX ua=95 mt=P len=0
PKT t=10809 RX ua=95 mt=R len=7
PKT t=10814 TX ua=95 mt=P len=0
PKT t=10823 RX ua=95 mt=R len=7
PKT t=10828 TX ua=95 mt=P len=0
PKT t=10837 RX ua=95 mt=R len=7
PKT t=10842 TX ua=95 mt=P len=0
PKT t=10855 RX ua=95 mt=R len=7
PKT t=10860 TX ua=95 mt=T len=7
PKT t=10873 TX ua=95 mt=P len=0
PKT t=10887 RX ua=95 mt=R len=7
PKT t=10892 TX ua=95 mt=P len=0
PKT t=10901 RX ua=95 mt=R len=7
PKT t=10906 TX ua=95 mt=P len=0
PKT t=10915 RX ua=95 mt=R len=7
PKT t=10920 TX ua=95 mt=P len=0
PKT t=10929 RX ua=95 mt=R len=7
PKT t=10934 TX ua=95 mt=P len=0
PKT t=10943 RX ua=95 mt=R len=7
PKT t=10948 TX ua=95 mt=P len=0
PKT t=10957 RX ua=95 mt=R len=7
PKT t=10962 TX ua=95 mt=P len=0
PKT t=10991 RX ua=95 mt=R len=7
PKT t=10996 TX ua=95 mt=P len=0
PKT t=11005 RX ua=95 mt=R len=7
PKT t=11010 TX ua=95 mt=P len=0
PKT t=11019 RX ua=95 mt=R len=7
PKT t=11024 TX ua=95 mt=P len=0
PKT t=11033 RX ua=95 mt=R len=7
PKT t=11038 TX ua=95 mt=P len=0
PKT t=11055 RX ua=95 mt=R len=7
PKT t=11060 TX ua=95 mt=P len=0
PKT t=11090 RX ua=95 mt=R len=7
PKT t=11095 TX ua=95 mt=P len=0
PKT t=11104 RX ua=95 mt=R len=7
PKT t=11109 TX ua=95 mt=T len=7
PKT t=11121 TX ua=95 mt=P len=0
PKT t=11130 RX ua=95 mt=R len=7
PKT t=11135 TX ua=95 mt=P len=0
PKT t=11144 RX ua=95 mt=R len=7
PKT t=11149 TX ua=95 mt=P len=0
PKT t=11158 RX ua=95 mt=R len=7
PKT t=11163 TX ua=95 mt=P len=0
PKT t=11192 RX ua=95 mt=R len=7
PKT t=11197 TX ua=95 mt=P len=0
PKT t=11206 RX ua=95 mt=R len=7
PKT t=11211 TX ua=95 mt=P len=0
PKT t=11220 RX ua=95 mt=R len=7
PKT t=11225 TX ua=95 mt=P len=0
PKT t=11234 RX ua=95 mt=R len=7
PKT t=11239 TX ua=95 mt=P len=0
PKT t=11255 RX ua=95 mt=R len=7
PKT t=11260 TX ua=95 mt=P len=0
PKT t=11291 RX ua=95 mt=R len=7
PKT t=11296 TX ua=95 mt=P len=0
PKT t=11305 RX ua=95 mt=R len=7
PKT t=11310 TX ua=95 mt=P len=0
PKT t=11319 RX ua=95 mt=R len=7
PKT t=11324 TX ua=95 mt=P len=0
PKT t=11333 RX ua=95 mt=R len=7
PKT t=11338 TX ua=95 mt=P len=0
PKT t=11347 RX ua=95 mt=R len=7
PKT t=11352 TX ua=95 mt=T len=7
PKT t=11364 TX ua=95 mt=P len=0
PKT t=11392 RX ua=95 mt=R len=7
PKT t=11397 TX ua=95 mt=P len=0
PKT t=11407 RX ua=95 mt=R len=7
PKT t=11412 TX ua=95 mt=P len=0
PKT t=11422 RX ua=95 mt=R len=7
PKT t=11427 TX ua=95 mt=P len=0
PKT t=11437 RX ua=95 mt=R len=7
PKT t=11442 TX ua=95 mt=P len=0
PKT t=11455 RX ua=95 mt=R len=7
PKT t=11460 TX ua=95 mt=P len=0
PKT t=11492 RX ua=95 mt=R len=7
PKT t=11497 TX ua=95 mt=P len=0
PKT t=11507 RX ua=95 mt=R len=7
PKT t=11512 TX ua=95 mt=P len=0
PKT t=11522 RX ua=95 mt=R len=7
PKT t=11527 TX ua=95 mt=P len=0
PKT t=11537 RX ua=95 mt=R len=7
PKT t=11542 TX ua=95 mt=P len=0
PKT t=11552 RX ua=95 mt=R len=7
PKT t=11557 TX ua=95 mt=P len=0
PKT t=11567 RX ua=95 mt=R len=7
PKT t=11572 TX ua=95 mt=P len=0
PKT t=11601 RX ua=95 mt=R len=7
PKT t=11606 TX ua=95 mt=T len=7
PKT t=11618 TX ua=95 mt=P len=0
PKT t=11627 RX ua=95 mt=R len=7
PKT t=11632 TX ua=95 mt=P len=0
PKT t=11641 RX ua=95 mt=R len=7
PKT t=11646 TX ua=95 mt=P len=0
PKT t=11655 RX ua=95 mt=R len=7
PKT t=11660 TX ua=95 mt=P len=0
PKT t=11669 RX ua=95 mt=R len=7
PKT t=11674 TX ua=95 mt=P len=0
PKT t=11703 RX ua=95 mt=R len=7
PKT t=11708 TX ua=95 mt=P len=0
PKT t=11717 RX ua=95 mt=R len=7
PKT t=11722 TX ua=95 mt=P len=0
PKT t=11731 RX ua=95 mt=R len=7
PKT t=11736 TX ua=95 mt=P len=0
PKT t=11745 RX ua=95 mt=R len=7
PKT t=11750 TX ua=95 mt=P len=0
PKT t=11759 RX ua=95 mt=R len=7
PKT t=11764 TX ua=95 mt=P len=0
PKT t=11773 RX ua=95 mt=R len=7
PKT t=11778 TX ua=95 mt=P len=0
PKT t=11807 RX ua=95 mt=R len=7
PKT t=11812 TX ua=95 mt=P len=0
PKT t=11821 RX ua=95 mt=R len=7
PKT t=11826 TX ua=95 mt=P len=0
PKT t=11835 RX ua=95 mt=R len=7
PKT t=11840 TX ua=95 mt=P len=0
PKT t=11855 RX ua=95 mt=R len=7
PKT t=11860 TX ua=95 mt=T len=7
PKT t=11872 TX ua=95 mt=P len=0
PKT t=11881 RX ua=95 mt=R len=7
PKT t=11886 TX ua=95 mt=P len=0
PKT t=11916 RX ua=95 mt=R len=7
PKT t=11921 TX ua=95 mt=P len=0
PKT t=11930 RX ua=95 mt=R len=7
PKT t=11935 TX ua=95 mt=P len=0
PKT t=11944 RX ua=95 mt=R len=7
PKT t=11949 TX ua=95 mt=P len=0
PKT t=11958 RX ua=95 mt=R len=7
PKT t=11963 TX ua=95 mt=P len=0
PKT t=11972 RX ua=95 mt=R len=7
PKT t=11977 TX ua=95 mt=P len=0
PKT t=11986 RX ua=95 mt=R len=7
PKT t=11991 TX ua=95 mt=P len=0
PKT t=12020 RX ua=95 mt=R len=7
PKT t=12025 TX ua=95 mt=P len=0
PKT t=12034 RX ua=95 mt=R len=7
PKT t=12039 TX ua=95 mt=P len=0
PKT t=12055 RX ua=95 mt=R len=7
PKT t=12060 TX ua=95 mt=P len=0
PKT t=12069 RX ua=95 mt=R len=7
PKT t=12074 TX ua=95 mt=P len=0
PKT t=12083 RX ua=95 mt=R len=7
PKT t=12088 TX ua=95 mt=P len=0
PKT t=12119 RX ua=95 mt=R len=7
PKT t=12124 TX ua=95 mt=T len=7
PKT t=12136 TX ua=95 mt=P len=0
PKT t=12145 RX ua=95 mt=R len=7
PKT t=12150 TX ua=95 mt=P len=0
PKT t=12159 RX ua=95 mt=R len=7
PKT t=12164 TX ua=95 mt=P len=0
PKT t=12173 RX ua=95 mt=R len=7
PKT t=12178 TX ua=95 mt=P len=0
PKT t=12187 RX ua=95 mt=R len=7
PKT t=12192 TX ua=95 mt=P len=0
PKT t=12221 RX ua=95 mt=R len=7
PKT t=12226 TX ua=95 mt=P len=0
PKT t=12235 RX ua=95 mt=R len=7
PKT t=12240 TX ua=95 mt=P len=0
PKT t=12255 RX ua=95 mt=R len=7
PKT t=12260 TX ua=95 mt=P len=0
PKT t=12269 RX ua=95 mt=R len=7
PKT t=12274 TX ua=95 mt=P len=0
PKT t=12283 RX ua=95 mt=R len=7
PKT t=12288 TX ua=95 mt=P len=0
PKT t=12320 RX ua=95 mt=R len=7
PKT t=12325 TX ua=95 mt=P len=0
PKT t=12334 RX ua=95 mt=R len=7
PKT t=12339 TX ua=95 mt=P len=0
PKT t=12348 RX ua=95 mt=R len=7
PKT t=12353 TX ua=95 mt=T len=7
PKT t=12365 TX ua=95 mt=P len=0
PKT t=12374 RX ua=95 mt=R len=7
PKT t=12379 TX ua=95 mt=P len=0
PKT t=12388 RX ua=95 mt=R len=7
PKT t=12393 TX ua=95 mt=P len=0
PKT t=12423 RX ua=95 mt=R len=7
PKT t=12428 TX ua=95 mt=P len=0
PKT t=12437 RX ua=95 mt=R len=7
PKT t=12442 TX ua=95 mt=P len=0
PKT t=12455 RX ua=95 mt=R len=7
PKT t=12460 TX ua=95 mt=P len=0
PKT t=12469 RX ua=95 mt=R len=7
PKT t=12474 TX ua=95 mt=P len=0
PKT t=12483 RX ua=95 mt=R len=7
PKT t=12488 TX ua=95 mt=P len=0
PKT t=12497 RX ua=95 mt=R len=7
PKT t=12502 TX ua=95 mt=P len=0
PKT t=12531 RX ua=95 mt=R len=7
PKT t=12536 TX ua=95 mt=P len=0
PKT t=12545 RX ua=95 mt=R len=7
PKT t=12550 TX ua=95 mt=P len=0
PKT t=12559 RX ua=95 mt=R len=7
PKT t=12564 TX ua=95 mt=P len=0
PKT t=12573 RX ua=95 mt=R len=7
PKT t=12578 TX ua=95 mt=P len=0
PKT t=12587 RX ua=95 mt=R len=7
PKT t=12592 TX ua=95 mt=P len=0
PKT t=12601 RX ua=95 mt=R len=7
PKT t=12606 TX ua=95 mt=T len=7
PKT t=12618 TX ua=95 mt=P len=0
PKT t=12637 RX ua=95 mt=R len=7
PKT t=12642 TX ua=95 mt=P len=0
PKT t=12655 RX ua=95 mt=R len=7
PKT t=12660 TX ua=95 mt=P len=0
PKT t=12669 RX ua=95 mt=R len=7
PKT t=12674 TX ua=95 mt=P len=0
PKT t=12683 RX ua=95 mt=R len=7
PKT t=12688 TX ua=95 mt=P len=0
PKT t=12697 RX ua=95 mt=R len=7
PKT t=12702 TX ua=95 mt=P len=0
PKT t=12734 RX ua=95 mt=R len=7
PKT t=12739 TX ua=95 mt=P len=0
PKT t=12748 RX ua=95 mt=R len=7
PKT t=12753 TX ua=95 mt=P len=0
PKT t=12762 RX ua=95 mt=R len=7
PKT t=12767 TX ua=95 mt=P len=0
PKT t=12776 RX ua=95 mt=R len=7
PKT t=12781 TX ua=95 mt=P len=0
PKT t=12790 RX ua=95 mt=R len=7
PKT t=12795 TX ua=95 mt=P len=0
PKT t=12804 RX ua=95 mt=R len=7
PKT t=12809 TX ua=95 mt=P len=0
PKT t=12838 RX ua=95 mt=R len=7
PKT t=12843 TX ua=95 mt=P len=0
PKT t=12855 RX ua=95 mt=R len=7
PKT t=12860 TX ua=95 mt=T len=7
PKT t=12872 TX ua=95 mt=P len=0
PKT t=12881 RX ua=95 mt=R len=7
PKT t=12886 TX ua=95 mt=P len=0
PKT t=12895 RX ua=95 mt=R len=7
PKT t=12900 TX ua=95 mt=P len=0
PKT t=12909 RX ua=95 mt=R len=7
PKT t=12914 TX ua=95 mt=P len=0
PKT t=12943 RX ua=95 mt=R len=7
PKT t=12948 TX ua=95 mt=P len=0
PKT t=12957 RX ua=95 mt=R len=7
PKT t=12962 TX ua=95 mt=P len=0
PKT t=12971 RX ua=95 mt=R len=7
PKT t=12976 TX ua=95 mt=P len=0
PKT t=12985 RX ua=95 mt=R len=7
PKT t=12990 TX ua=95 mt=P len=0
PKT t=12999 RX ua=95 mt=R len=7
PKT t=13004 TX ua=95 mt=P len=0
PKT t=13013 RX ua=95 mt=R len=7
PKT t=13018 TX ua=95 mt=P len=0
PKT t=13055 RX ua=95 mt=R len=7
PKT t=13060 TX ua=95 mt=P len=0
PKT t=13069 RX ua=95 mt=R len=7
PKT t=13074 TX ua=95 mt=P len=0
PKT t=13083 RX ua=95 mt=R len=7
PKT t=13088 TX ua=95 mt=P len=0
PKT t=13097 RX ua=95 mt=R len=7
PKT t=13102 TX ua=95 mt=T len=7
PKT t=13115 TX ua=95 mt=P len=0
PKT t=13146 RX ua=95 mt=R len=7
PKT t=13151 TX ua=95 mt=P len=0
PKT t=13160 RX ua=95 mt=R len=7
PKT t=13165 TX ua=95 mt=P len=0
PKT t=13174 RX ua=95 mt=R len=7
PKT t=13179 TX ua=95 mt=P len=0
PKT t=13188 RX ua=95 mt=R len=7
PKT t=13193 TX ua=95 mt=P len=0
PKT t=13202 RX ua=95 mt=R len=7
PKT t=13207 TX ua=95 mt=P len=0
PKT t=13216 RX ua=95 mt=R len=7
PKT t=13221 TX ua=95 mt=P len=0
PKT t=13255 RX ua=95 mt=R len=7
PKT t=13260 TX ua=95 mt=P len=0
PKT t=13269 RX ua=95 mt=R len=7
PKT t=13274 TX ua=95 mt=P len=0
PKT t=13283 RX ua=95 mt=R len=7
PKT t=13288 TX ua=95 mt=P len=0
PKT t=13297 RX ua=95 mt=R len=7
PKT t=13302 TX ua=95 mt=P len=0
PKT t=13311 RX ua=95 mt=R len=7
PKT t=13316 TX ua=95 mt=P len=0
PKT t=13349 RX ua=95 mt=R len=7
PKT t=13354 TX ua=95 mt=T len=7
PKT t=13367 TX ua=95 mt=P len=0
PKT t=13377 RX ua=95 mt=R len=7
PKT t=13382 TX ua=95 mt=P len=0
PKT t=13392 RX ua=95 mt=R len=7
PKT t=13397 TX ua=95 mt=P len=0
PKT t=13407 RX ua=95 mt=R len=7
PKT t=13412 TX ua=95 mt=P len=0
PKT t=13422 RX ua=95 mt=R len=7
PKT t=13427 TX ua=95 mt=P len=0
PKT t=13456 RX ua=95 mt=R len=7
PKT t=13461 TX ua=95 mt=P len=0
PKT t=13471 RX ua=95 mt=R len=7
PKT t=13476 TX ua=95 mt=P len=0
PKT t=13486 RX ua=95 mt=R len=7
PKT t=13491 TX ua=95 mt=P len=0
PKT t=13501 RX ua=95 mt=R len=7
PKT t=13506 TX ua=95 mt=P len=0
PKT t=13516 RX ua=95 mt=R len=7
PKT t=13521 TX ua=95 mt=P len=0
PKT t=13531 RX ua=95 mt=R len=7
PKT t=13536 TX ua=95 mt=P len=0
PKT t=13565 RX ua=95 mt=R len=7
PKT t=13570 TX ua=95 mt=P len=0
PKT t=13580 RX ua=95 mt=R len=7
PKT t=13585 TX ua=95 mt=P len=0
PKT t=13595 RX ua=95 mt=R len=7
PKT t=13600 TX ua=95 mt=T len=7
PKT t=13613 TX ua=95 mt=P len=0
PKT t=13622 RX ua=95 mt=R len=7
PKT t=13627 TX ua=95 mt=P len=0
PKT t=13636 RX ua=95 mt=R len=7
PKT t=13641 TX ua=95 mt=P len=0
PKT t=13670 RX ua=95 mt=R len=7
PKT t=13675 TX ua=95 mt=P len=0
PKT t=13684 RX ua=95 mt=R len=7
PKT t=13689 TX ua=95 mt=P len=0
PKT t=13698 RX ua=95 mt=R len=7
PKT t=13703 TX ua=95 mt=P len=0
PKT t=13712 RX ua=95 mt=R len=7
PKT t=13717 TX ua=95 mt=P len=0
PKT t=13726 RX ua=95 mt=R len=7
PKT t=13731 TX ua=95 mt=P len=0
PKT t=13740 RX ua=95 mt=R len=7
PKT t=13745 TX ua=95 mt=P len=0
PKT t=13774 RX ua=95 mt=R len=7
PKT t=13779 TX ua=95 mt=P len=0
PKT t=13788 RX ua=95 mt=R len=7
PKT t=13793 TX ua=95 mt=P len=0
PKT t=13802 RX ua=95 mt=R len=7
PKT t=13807 TX ua=95 mt=P len=0
PKT t=13816 RX ua=95 mt=R len=7
PKT t=13821 TX ua=95 mt=P len=0
PKT t=13830 RX ua=95 mt=R len=7
PKT t=13835 TX ua=95 mt=P len=0
PKT t=13844 RX ua=95 mt=R len=7
PKT t=13855 TX ua=95 mt=T len=7
PKT t=13868 TX ua=95 mt=P len=0
PKT t=13880 RX ua=95 mt=R len=7
PKT t=13885 TX ua=95 mt=P len=0
PKT t=13894 RX ua=95 mt=R len=7
PKT t=13899 TX ua=95 mt=P len=0
PKT t=13908 RX ua=95 mt=R len=7
PKT t=13913 TX ua=95 mt=P len=0
PKT t=13922 RX ua=95 mt=R len=7
PKT t=13927 TX ua=95 mt=P len=0
PKT t=13936 RX ua=95 mt=R len=7
PKT t=13941 TX ua=95 mt=P len=0
PKT t=13950 RX ua=95 mt=R len=7
PKT t=13955 TX ua=95 mt=P len=0
PKT t=13984 RX ua=95 mt=R len=7
PKT t=13989 TX ua=95 mt=P len=0
PKT t=13998 RX ua=95 mt=R len=7
PKT t=14003 TX ua=95 mt=P len=0
PKT t=14012 RX ua=95 mt=R len=7
PKT t=14017 TX ua=95 mt=P len=0
PKT t=14026 RX ua=95 mt=R len=7
PKT t=14031 TX ua=95 mt=P len=0
PKT t=14040 RX ua=95 mt=R len=7
PKT t=14045 TX ua=95 mt=P len=0
PKT t=14055 RX ua=95 mt=R len=7
PKT t=14310 TX ua=96 mt=I len=13
PKT t=14818 TX ua=96 mt=T len=4
PKT t=14829 TX ua=95 mt=P len=0
PKT t=14839 RX ua=95 mt=R len=7
PKT t=14843 TX ua=95 mt=T len=7
PKT t=14862 TX ua=95 mt=P len=0
PKT t=14887 RX ua=95 mt=R len=7
PKT t=14892 TX ua=95 mt=P len=0
PKT t=14901 RX ua=95 mt=R len=7
PKT t=14906 TX ua=95 mt=P len=0
PKT t=14915 RX ua=95 mt=R len=7
PKT t=14920 TX ua=95 mt=P len=0
PKT t=14929 RX ua=95 mt=R len=7
PKT t=14934 TX ua=95 mt=P len=0
PKT t=14943 RX ua=95 mt=R len=7
PKT t=14948 TX ua=95 mt=P len=0
PKT t=14957 RX ua=95 mt=R len=7
PKT t=14962 TX ua=95 mt=P len=0
PKT t=14991 RX ua=95 mt=R len=7
PKT t=14996 TX ua=95 mt=P len=0
PKT t=15005 RX ua=95 mt=R len=7
PKT t=15010 TX ua=95 mt=P len=0
PKT t=15019 RX ua=95 mt=R len=7
PKT t=15024 TX ua=95 mt=P len=0
PKT t=15033 RX ua=95 mt=R len=7
PKT t=15038 TX ua=95 mt=P len=0
PKT t=15055 RX ua=95 mt=R len=7
PKT t=15060 TX ua=95 mt=P len=0
PKT t=15090 RX ua=95 mt=R len=7
PKT t=15095 TX ua=95 mt=P len=0
PKT t=15104 RX ua=95 mt=R len=7
PKT t=15109 TX ua=95 mt=T len=7
PKT t=15121 TX ua=95 mt=P len=0
PKT t=15130 RX ua=95 mt=R len=7
PKT t=15135 TX ua=95 mt=P len=0
PKT t=15144 RX ua=95 mt=R len=7
PKT t=15149 TX ua=95 mt=P len=0
PKT t=15158 RX ua=95 mt=R len=7
PKT t=15163 TX ua=95 mt=P len=0
PKT t=15192 RX ua=95 mt=R len=7
PKT t=15197 TX ua=95 mt=P len=0
PKT t=15206 RX ua=95 mt=R len=7
PKT t=15211 TX ua=95 mt=P len=0
PKT t=15220 RX ua=95 mt=R len=7
PKT t=15225 TX ua=95 mt=P len=0
PKT t=15234 RX ua=95 mt=R len=7
PKT t=15239 TX ua=95 mt=P len=0
PKT t=15255 RX ua=95 mt=R len=7
PKT t=15260 TX ua=95 mt=P len=0
PKT t=15291 RX ua=95 mt=R len=7
PKT t=15296 TX ua=95 mt=P len=0
PKT t=15305 RX ua=95 mt=R len=7
PKT t=15310 TX ua=95 mt=P len=0
PKT t=15319 RX ua=95 mt=R len=7
PKT t=15324 TX ua=95 mt=P len=0
PKT t=15333 RX ua=95 mt=R len=7
PKT t=15338 TX ua=95 mt=P len=0
PKT t=15347 RX ua=95 mt=R len=7
PKT t=15352 TX ua=95 mt=T len=7
PKT t=15364 TX ua=95 mt=P len=0
PKT t=15392 RX ua=95 mt=R len=7
PKT t=15397 TX ua=95 mt=P len=0
PKT t=15407 RX ua=95 mt=R len=7
PKT t=15412 TX ua=95 mt=P len=0
PKT t=15422 RX ua=95 mt=R len=7
PKT t=15427 TX ua=95 mt=P len=0
PKT t=15437 RX ua=95 mt=R len=7
PKT t=15442 TX ua=95 mt=P len=0
PKT t=15455 RX ua=95 mt=R len=7
PKT t=15460 TX ua=95 mt=P len=0
PKT t=15491 RX ua=95 mt=R len=7
PKT t=15496 TX ua=95 mt=P len=0
PKT t=15506 RX ua=95 mt=R len=7
PKT t=15511 TX ua=95 mt=P len=0
PKT t=15521 RX ua=95 mt=R len=7
PKT t=15526 TX ua=95 mt=P len=0
PKT t=15536 RX ua=95 mt=R len=7
PKT t=15541 TX ua=95 mt=P len=0
PKT t=15551 RX ua=95 mt=R len=7
PKT t=15556 TX ua=95 mt=P len=0
PKT t=15566 RX ua=95 mt=R len=7
PKT t=15571 TX ua=95 mt=P len=0
PKT t=15600 RX ua=95 mt=R len=7
PKT t=15605 TX ua=95 mt=T len=7
PKT t=15617 TX ua=95 mt=P len=0
PKT t=15626 RX ua=95 mt=R len=7
PKT t=15631 TX ua=95 mt=P len=0
PKT t=15640 RX ua=95 mt=R len=7
PKT t=15645 TX ua=95 mt=P len=0
PKT t=15655 RX ua=95 mt=R len=7
PKT t=15910 TX ua=96 mt=P len=0
PKT t=16168 TX ua=95 mt=P len=0
PKT t=16177 RX ua=95 mt=R len=7
PKT t=16182 TX ua=95 mt=T len=7
PKT t=16194 TX ua=95 mt=P len=0
PKT t=16203 RX ua=95 mt=R len=7
PKT t=16208 TX ua=95 mt=P len=0
PKT t=16217 RX ua=95 mt=R len=7
PKT t=16222 TX ua=95 mt=P len=0
PKT t=16231 RX ua=95 mt=R len=7
PKT t=16236 TX ua=95 mt=P len=0
PKT t=16245 RX ua=95 mt=R len=7
PKT t=16255 TX ua=95 mt=P len=0
PKT t=16264 RX ua=95 mt=R len=7
PKT t=16269 TX ua=95 mt=P len=0
PKT t=16299 RX ua=95 mt=R len=7
PKT t=16304 TX ua=95 mt=P len=0
PKT t=16313 RX ua=95 mt=R len=7
PKT t=16318 TX ua=95 mt=P len=0
PKT t=16327 RX ua=95 mt=R len=7
PKT t=16332 TX ua=95 mt=P len=0
PKT t=16341 RX ua=95 mt=R len=7
PKT t=16346 TX ua=95 mt=P len=0
PKT t=16355 RX ua=95 mt=R len=7
PKT t=16360 TX ua=95 mt=T len=7
PKT t=16372 TX ua=95 mt=P len=0
PKT t=16400 RX ua=95 mt=R len=7
PKT t=16405 TX ua=95 mt=P len=0
PKT t=16414 RX ua=95 mt=R len=7
PKT t=16419 TX ua=95 mt=P len=0
PKT t=16428 RX ua=95 mt=R len=7
PKT t=16433 TX ua=95 mt=P len=0
PKT t=16442 RX ua=95 mt=R len=7
PKT t=16447 TX ua=95 mt=P len=0
PKT t=16456 RX ua=95 mt=R len=7
PKT t=16461 TX ua=95 mt=P len=0
PKT t=16470 RX ua=95 mt=R len=7
PKT t=16475 TX ua=95 mt=P len=0
PKT t=16504 RX ua=95 mt=R len=7
PKT t=16509 TX ua=95 mt=P len=0
PKT t=16518 RX ua=95 mt=R len=7
PKT t=16523 TX ua=95 mt=P len=0
PKT t=16532 RX ua=95 mt=R len=7
PKT t=16537 TX ua=95 mt=P len=0
PKT t=16546 RX ua=95 mt=R len=7
PKT t=16551 TX ua=95 mt=P len=0
PKT t=16561 RX ua=95 mt=R len=7
PKT t=16566 TX ua=95 mt=P len=0
PKT t=16575 RX ua=95 mt=R len=7
PKT t=16580 TX ua=95 mt=P len=0
PKT t=16609 RX ua=95 mt=R len=7
PKT t=16614 TX ua=95 mt=T len=7
PKT t=16626 TX ua=95 mt=P len=0
PKT t=16635 RX ua=95 mt=R len=7
PKT t=16640 TX ua=95 mt=P len=0
PKT t=16655 RX ua=95 mt=R len=7
PKT t=16660 TX ua=95 mt=P len=0
PKT t=16670 RX ua=95 mt=R len=7
PKT t=16675 TX ua=95 mt=P len=0
PKT t=16708 RX ua=95 mt=R len=7
PKT t=16713 TX ua=95 mt=P len=0
PKT t=16722 RX ua=95 mt=R len=7
PKT t=16727 TX ua=95 mt=P len=0
PKT t=16736 RX ua=95 mt=R len=7
PKT t=16741 TX ua=95 mt=P len=0
PKT t=16750 RX ua=95 mt=R len=7
PKT t=16755 TX ua=95 mt=P len=0
PKT t=16764 RX ua=95 mt=R len=7
PKT t=16769 TX ua=95 mt=P len=0
PKT t=16778 RX ua=95 mt=R len=7
PKT t=16783 TX ua=95 mt=P len=0
PKT t=16813 RX ua=95 mt=R len=7
PKT t=16818 TX ua=95 mt=P len=0
PKT t=16827 RX ua=95 mt=R len=7
PKT t=16832 TX ua=95 mt=P len=0
PKT t=16841 RX ua=95 mt=R len=7
PKT t=16846 TX ua=95 mt=P len=0
PKT t=16855 RX ua=95 mt=R len=7
PKT t=16860 TX ua=95 mt=T len=7
PKT t=16872 TX ua=95 mt=P len=0
PKT t=16881 RX ua=95 mt=R len=7
PKT t=16886 TX ua=95 mt=P len=0
PKT t=16915 RX ua=95 mt=R len=7
PKT t=16920 TX ua=95 mt=P len=0
PKT t=16929 RX ua=95 mt=R len=7
PKT t=16934 TX ua=95 mt=P len=0
PKT t=16943 RX ua=95 mt=R len=7
PKT t=16948 TX ua=95 mt=P len=0
PKT t=16957 RX ua=95 mt=R len=7
PKT t=16962 TX ua=95 mt=P len=0
PKT t=16972 RX ua=95 mt=R len=7
PKT t=16977 TX ua=95 mt=P len=0
PKT t=16986 RX ua=95 mt=R len=7
PKT t=16991 TX ua=95 mt=P len=0
PKT t=17020 RX ua=95 mt=R len=7
PKT t=17025 TX ua=95 mt=P len=0
PKT t=17034 RX ua=95 mt=R len=7
PKT t=17039 TX ua=95 mt=P len=0
PKT t=17055 RX ua=95 mt=R len=7
PKT t=17060 TX ua=95 mt=P len=0
PKT t=17069 RX ua=95 mt=R len=7
PKT t=17074 TX ua=95 mt=P len=0
PKT t=17083 RX ua=95 mt=R len=7
PKT t=17088 TX ua=95 mt=P len=0
PKT t=17119 RX ua=95 mt=R len=7
PKT t=17124 TX ua=95 mt=T len=7
PKT t=17136 TX ua=95 mt=P len=0
PKT t=17145 RX ua=95 mt=R len=7
PKT t=17150 TX ua=95 mt=P len=0
PKT t=17159 RX ua=95 mt=R len=7
PKT t=17164 TX ua=95 mt=P len=0
PKT t=17173 RX ua=95 mt=R len=7
PKT t=17178 TX ua=95 mt=P len=0
PKT t=17187 RX ua=95 mt=R len=7
PKT t=17192 TX ua=95 mt=P len=0
PKT t=17221 RX ua=95 mt=R len=7
PKT t=17226 TX ua=95 mt=P len=0
PKT t=17235 RX ua=95 mt=R len=7
PKT t=17240 TX ua=95 mt=P len=0
PKT t=17255 RX ua=95 mt=R len=7
PKT t=17260 TX ua=95 mt=P len=0
PKT t=17269 RX ua=95 mt=R len=7
PKT t=17274 TX ua=95 mt=P len=0
PKT t=17283 RX ua=95 mt=R len=7
PKT t=17288 TX ua=95 mt=P len=0
PKT t=17320 RX ua=95 mt=R len=7
PKT t=17325 TX ua=95 mt=P len=0
PKT t=17334 RX ua=95 mt=R len=7
PKT t=17339 TX ua=95 mt=P len=0
PKT t=17348 RX ua=95 mt=R len=7
PKT t=17353 TX ua=95 mt=T len=7
PKT t=17365 TX ua=95 mt=P len=0
PKT t=17375 RX ua=95 mt=R len=7
PKT t=17380 TX ua=95 mt=P len=0
PKT t=17390 RX ua=95 mt=R len=7
PKT t=17395 TX ua=95 mt=P len=0
PKT t=17424 RX ua=95 mt=R len=7
PKT t=17429 TX ua=95 mt=P len=0
PKT t=17439 RX ua=95 mt=R len=7
PKT t=17444 TX ua=95 mt=P len=0
PKT t=17455 RX ua=95 mt=R len=7
PKT t=17460 TX ua=95 mt=P len=0
PKT t=17470 RX ua=95 mt=R len=7
PKT t=17475 TX ua=95 mt=P len=0
PKT t=17485 RX ua=95 mt=R len=7
PKT t=17490 TX ua=95 mt=P len=0
PKT t=17523 RX ua=95 mt=R len=7
PKT t=17528 TX ua=95 mt=P len=0
PKT t=17538 RX ua=95 mt=R len=7
PKT t=17543 TX ua=95 mt=P len=0
PKT t=17553 RX ua=95 mt=R len=7
PKT t=17558 TX ua=95 mt=P len=0
PKT t=17568 RX ua=95 mt=R len=7
PKT t=17573 TX ua=95 mt=P len=0
PKT t=17583 RX ua=95 mt=R len=7
PKT t=17588 TX ua=95 mt=P len=0
PKT t=17598 RX ua=95 mt=R len=7
PKT t=17603 TX ua=95 mt=T len=7
PKT t=17615 TX ua=95 mt=P len=0
PKT t=17633 RX ua=95 mt=R len=7
PKT t=17638 TX ua=95 mt=P len=0
PKT t=17655 RX ua=95 mt=R len=7
PKT t=17660 TX ua=95 mt=P len=0
PKT t=17669 RX ua=95 mt=R len=7
PKT t=17674 TX ua=95 mt=P len=0
PKT t=17683 RX ua=95 mt=R len=7
PKT t=17688 TX ua=95 mt=P len=0
PKT t=17697 RX ua=95 mt=R len=7
PKT t=17702 TX ua=95 mt=P len=0
PKT t=17731 RX ua=95 mt=R len=7
PKT t=17736 TX ua=95 mt=P len=0
PKT t=17745 RX ua=95 mt=R len=7
PKT t=17750 TX ua=95 mt=P len=0
PKT t=17759 RX ua=95 mt=R len=7
PKT t=17764 TX ua=95 mt=P len=0
PKT t=17773 RX ua=95 mt=R len=7
PKT t=17778 TX ua=95 mt=P len=0
PKT t=17787 RX ua=95 mt=R len=7
PKT t=17792 TX ua=95 mt=P len=0
PKT t=17801 RX ua=95 mt=R len=7
PKT t=17806 TX ua=95 mt=P len=0
PKT t=17835 RX ua=95 mt=R len=7
PKT t=17840 TX ua=95 mt=P len=0
PKT t=17855 RX ua=95 mt=R len=7
PKT t=17860 TX ua=95 mt=T len=7
PKT t=17872 TX ua=95 mt=P len=0
PKT t=17881 RX ua=95 mt=R len=7
PKT t=17886 TX ua=95 mt=P len=0
PKT t=17895 RX ua=95 mt=R len=7
PKT t=17900 TX ua=95 mt=P len=0
PKT t=17909 RX ua=95 mt=R len=7
PKT t=17914 TX ua=95 mt=P len=0
PKT t=17943 RX ua=95 mt=R len=7
PKT t=17948 TX ua=95 mt=P len=0
PKT t=17957 RX ua=95 mt=R len=7
PKT t=17962 TX ua=95 mt=P len=0
PKT t=17971 RX ua=95 mt=R len=7
PKT t=17976 TX ua=95 mt=P len=0
PKT t=17985 RX ua=95 mt=R len=7
PKT t=17990 TX ua=95 mt=P len=0
PKT t=17999 RX ua=95 mt=R len=7
PKT t=18004 TX ua=95 mt=P len=0
PKT t=18013 RX ua=95 mt=R len=7
PKT t=18018 TX ua=95 mt=P len=0
PKT t=18055 RX ua=95 mt=R len=7
PKT t=18060 TX ua=95 mt=P len=0
PKT t=18069 RX ua=95 mt=R len=7
PKT t=18074 TX ua=95 mt=P len=0
PKT t=18083 RX ua=95 mt=R len=7
PKT t=18088 TX ua=95 mt=P len=0
PKT t=18098 RX ua=95 mt=R len=7
PKT t=18103 TX ua=95 mt=T len=7
PKT t=18116 TX ua=95 mt=P len=0
PKT t=18151 RX ua=95 mt=R len=7
PKT t=18156 TX ua=95 mt=T len=7
PKT t=18169 TX ua=95 mt=P len=0
PKT t=18178 RX ua=95 mt=R len=7
PKT t=18183 TX ua=95 mt=P len=0
PKT t=18192 RX ua=95 mt=R len=7
PKT t=18197 TX ua=95 mt=P len=0
PKT t=18206 RX ua=95 mt=R len=7
PKT t=18211 TX ua=95 mt=P len=0
PKT t=18220 RX ua=95 mt=R len=7
PKT t=18225 TX ua=95 mt=P len=0
PKT t=18255 RX ua=95 mt=R len=7
PKT t=18260 TX ua=95 mt=P len=0
PKT t=18269 RX ua=95 mt=R len=7
PKT t=18274 TX ua=95 mt=P len=0
PKT t=18283 RX ua=95 mt=R len=7
PKT t=18288 TX ua=95 mt=P len=0
PKT t=18297 RX ua=95 mt=R len=7
PKT t=18302 TX ua=95 mt=P len=0
PKT t=18311 RX ua=95 mt=R len=7
PKT t=18316 TX ua=95 mt=P len=0
PKT t=18325 RX ua=95 mt=R len=7
PKT t=18330 TX ua=95 mt=P len=0
PKT t=18359 RX ua=95 mt=R len=7
PKT t=18364 TX ua=95 mt=T len=7
PKT t=18377 TX ua=95 mt=P len=0
PKT t=18386 RX ua=95 mt=R len=7
PKT t=18391 TX ua=95 mt=P len=0
PKT t=18400 RX ua=95 mt=R len=7
PKT t=18405 TX ua=95 mt=P len=0
PKT t=18414 RX ua=95 mt=R len=7
PKT t=18419 TX ua=95 mt=P len=0
PKT t=18428 RX ua=95 mt=R len=7
PKT t=18433 TX ua=95 mt=P len=0
PKT t=18462 RX ua=95 mt=R len=7
PKT t=18467 TX ua=95 mt=P len=0
PKT t=18476 RX ua=95 mt=R len=7
PKT t=18481 TX ua=95 mt=P len=0
PKT t=18490 RX ua=95 mt=R len=7
PKT t=18495 TX ua=95 mt=P len=0
PKT t=18504 RX ua=95 mt=R len=7
PKT t=18509 TX ua=95 mt=P len=0
PKT t=18518 RX ua=95 mt=R len=7
PKT t=18523 TX ua=95 mt=P len=0
PKT t=18532 RX ua=95 mt=R len=7
PKT t=18537 TX ua=95 mt=P len=0
PKT t=18566 RX ua=95 mt=R len=7
PKT t=18571 TX ua=95 mt=P len=0
PKT t=18580 RX ua=95 mt=R len=7
PKT t=18585 TX ua=95 mt=P len=0
PKT t=18594 RX ua=95 mt=R len=7
PKT t=18599 TX ua=95 mt=T len=7
PKT t=18612 TX ua=95 mt=P len=0
PKT t=18621 RX ua=95 mt=R len=7
PKT t=18626 TX ua=95 mt=P len=0
PKT t=18635 RX ua=95 mt=R len=7
PKT t=18640 TX ua=95 mt=P len=0
PKT t=18669 RX ua=95 mt=R len=7
PKT t=18674 TX ua=95 mt=P len=0
PKT t=18683 RX ua=95 mt=R len=7
PKT t=18688 TX ua=95 mt=P len=0
PKT t=18697 RX ua=95 mt=R len=7
PKT t=18702 TX ua=95 mt=P len=0
PKT t=18711 RX ua=95 mt=R len=7
PKT t=18716 TX ua=95 mt=P len=0
PKT t=18725 RX ua=95 mt=R len=7
PKT t=18730 TX ua=95 mt=P len=0
PKT t=18739 RX ua=95 mt=R len=7
PKT t=18744 TX ua=95 mt=P len=0
PKT t=18773 RX ua=95 mt=R len=7
PKT t=18778 TX ua=95 mt=P len=0
PKT t=18787 RX ua=95 mt=R len=7
PKT t=18792 TX ua=95 mt=P len=0
PKT t=18801 RX ua=95 mt=R len=7
PKT t=18806 TX ua=95 mt=P len=0
PKT t=18815 RX ua=95 mt=R len=7
PKT t=18820 TX ua=95 mt=P len=0
PKT t=18829 RX ua=95 mt=R len=7
PKT t=18834 TX ua=95 mt=P len=0
PKT t=18843 RX ua=95 mt=R len=7
PKT t=18855 TX ua=95 mt=T len=7
PKT t=18868 TX ua=95 mt=P len=0
PKT t=18879 RX ua=95 mt=R len=7
PKT t=18884 TX ua=95 mt=P len=0
PKT t=18893 RX ua=95 mt=R len=7
PKT t=18898 TX ua=95 mt=P len=0
PKT t=18907 RX ua=95 mt=R len=7
PKT t=18912 TX ua=95 mt=P len=0
PKT t=18921 RX ua=95 mt=R len=7
PKT t=18926 TX ua=95 mt=P len=0
PKT t=18935 RX ua=95 mt=R len=7
PKT t=18940 TX ua=95 mt=P len=0
PKT t=18949 RX ua=95 mt=R len=7
PKT t=18954 TX ua=95 mt=P len=0
PKT t=18983 RX ua=95 mt=R len=7
PKT t=18988 TX ua=95 mt=P len=0
PKT t=18997 RX ua=95 mt=R len=7
PKT t=19002 TX ua=95 mt=P len=0
PKT t=19011 RX ua=95 mt=R len=7
PKT t=19016 TX ua=95 mt=P len=0
PKT t=19025 RX ua=95 mt=R len=7
PKT t=19030 TX ua=95 mt=P len=0
PKT t=19039 RX ua=95 mt=R len=7
PKT t=19044 TX ua=95 mt=P len=0
PKT t=19055 RX ua=95 mt=R len=7
PKT t=19060 TX ua=95 mt=P len=0
PKT t=19087 RX ua=95 mt=R len=7
PKT t=19092 TX ua=95 mt=P len=0
PKT t=19101 RX ua=95 mt=R len=7
PKT t=19106 TX ua=95 mt=T len=7
PKT t=19118 TX ua=95 mt=P len=0
PKT t=19127 RX ua=95 mt=R len=7
PKT t=19132 TX ua=95 mt=P len=0
PKT t=19141 RX ua=95 mt=R len=7
PKT t=19146 TX ua=95 mt=P len=0
PKT t=19155 RX ua=95 mt=R len=7
PKT t=19160 TX ua=95 mt=P len=0
PKT t=19189 RX ua=95 mt=R len=7
PKT t=19194 TX ua=95 mt=P len=0
PKT t=19203 RX ua=95 mt=R len=7
PKT t=19208 TX ua=95 mt=P len=0
PKT t=19217 RX ua=95 mt=R len=7
PKT t=19222 TX ua=95 mt=P len=0
PKT t=19231 RX ua=95 mt=R len=7
PKT t=19236 TX ua=95 mt=P len=0
PKT t=19245 RX ua=95 mt=R len=7
PKT t=19255 TX ua=95 mt=P len=0
PKT t=19288 RX ua=95 mt=R len=7
PKT t=19293 TX ua=95 mt=P len=0
PKT t=19302 RX ua=95 mt=R len=7
PKT t=19307 TX ua=95 mt=P len=0
PKT t=19316 RX ua=95 mt=R len=7
PKT t=19321 TX ua=95 mt=P len=0
PKT t=19330 RX ua=95 mt=R len=7
PKT t=19335 TX ua=95 mt=P len=0
PKT t=19344 RX ua=95 mt=R len=7
PKT t=19349 TX ua=95 mt=T len=7
PKT t=19361 TX ua=95 mt=P len=0
PKT t=19389 RX ua=95 mt=R len=7
PKT t=19394 TX ua=95 mt=P len=0
PKT t=19404 RX ua=95 mt=R len=7
PKT t=19409 TX ua=95 mt=P len=0
PKT t=19419 RX ua=95 mt=R len=7
PKT t=19424 TX ua=95 mt=P len=0
PKT t=19434 RX ua=95 mt=R len=7
PKT t=19439 TX ua=95 mt=P len=0
PKT t=19455 RX ua=95 mt=R len=7
PKT t=19460 TX ua=95 mt=P len=0
PKT t=19488 RX ua=95 mt=R len=7
PKT t=19493 TX ua=95 mt=P len=0
PKT t=19503 RX ua=95 mt=R len=7
PKT t=19508 TX ua=95 mt=P len=0
PKT t=19518 RX ua=95 mt=R len=7
PKT t=19523 TX ua=95 mt=P len=0
PKT t=19533 RX ua=95 mt=R len=7
PKT t=19538 TX ua=95 mt=P len=0
PKT t=19548 RX ua=95 mt=R len=7
PKT t=19553 TX ua=95 mt=P len=0
PKT t=19563 RX ua=95 mt=R len=7
PKT t=19568 TX ua=95 mt=P len=0
PKT t=19597 RX ua=95 mt=R len=7
PKT t=19602 TX ua=95 mt=T len=7
PKT t=19614 TX ua=95 mt=P len=0
PKT t=19623 RX ua=95 mt=R len=7
PKT t=19628 TX ua=95 mt=P len=0
PKT t=19637 RX ua=95 mt=R len=7
PKT t=19642 TX ua=95 mt=P len=0
PKT t=19655 RX ua=95 mt=R len=7
PKT t=19660 TX ua=95 mt=P len=0
PKT t=19669 RX ua=95 mt=R len=7
PKT t=19674 TX ua=95 mt=P len=0
PKT t=19703 RX ua=95 mt=R len=7
PKT t=19708 TX ua=95 mt=P len=0
PKT t=19718 RX ua=95 mt=R len=7
PKT t=19723 TX ua=95 mt=P len=0
PKT t=19732 RX ua=95 mt=R len=7
PKT t=19737 TX ua=95 mt=P len=0
PKT t=19746 RX ua=95 mt=R len=7
PKT t=19751 TX ua=95 mt=P len=0
PKT t=19760 RX ua=95 mt=R len=7
PKT t=19765 TX ua=95 mt=P len=0
PKT t=19774 RX ua=95 mt=R len=7
PKT t=19779 TX ua=95 mt=P len=0
PKT t=19808 RX ua=95 mt=R len=7
PKT t=19813 TX ua=95 mt=P len=0
PKT t=19822 RX ua=95 mt=R len=7
PKT t=19827 TX ua=95 mt=P len=0
PKT t=19836 RX ua=95 mt=R len=7
PKT t=19841 TX ua=95 mt=P len=0
PKT t=19855 RX ua=95 mt=R len=7
PKT t=19860 TX ua=95 mt=T len=7
PKT t=19872 TX ua=95 mt=P len=0
PKT t=19881 RX ua=95 mt=R len=7
PKT t=19886 TX ua=95 mt=P len=0
PKT t=19915 RX ua=95 mt=R len=7
PKT t=19920 TX ua=95 mt=P len=0
PKT t=19929 RX ua=95 mt=R len=7
PKT t=19934 TX ua=95 mt=P len=0
PKT t=19943 RX ua=95 mt=R len=7
PKT t=19948 TX ua=95 mt=P len=0
PKT t=19957 RX ua=95 mt=R len=7
PKT t=19962 TX ua=95 mt=P len=0
PKT t=19971 RX ua=95 mt=R len=7
PKT t=19976 TX ua=95 mt=P len=0
PKT t=19985 RX ua=95 mt=R len=7
PKT t=19990 TX ua=95 mt=P len=0
PKT t=20019 RX ua=95 mt=R len=7
PKT t=20024 TX ua=95 mt=P len=0
PKT t=20033 RX ua=95 mt=R len=7
PKT t=20038 TX ua=95 mt=P len=0
PKT t=20055 RX ua=95 mt=R len=7
PKT t=20060 TX ua=95 mt=P len=0
PKT t=20069 RX ua=95 mt=R len=7
PKT t=20074 TX ua=95 mt=P len=0
PKT t=20083 RX ua=95 mt=R len=7
PKT t=20088 TX ua=95 mt=P len=0
PKT t=20118 RX ua=95 mt=R len=7
PKT t=20123 TX ua=95 mt=T len=7
PKT t=20135 TX ua=95 mt=P len=0
PKT t=20144 RX ua=95 mt=R len=7
PKT t=20149 TX ua=95 mt=P len=0
PKT t=20158 RX ua=95 mt=R len=7
PKT t=20163 TX ua=95 mt=P len=0
PKT t=20172 RX ua=95 mt=R len=7
PKT t=20177 TX ua=95 mt=P len=0
PKT t=20186 RX ua=95 mt=R len=7
PKT t=20191 TX ua=95 mt=P len=0
PKT t=20220 RX ua=95 mt=R len=7
PKT t=20225 TX ua=95 mt=P len=0
PKT t=20234 RX ua=95 mt=R len=7
PKT t=20239 TX ua=95 mt=P len=0
PKT t=20255 RX ua=95 mt=R len=7
PKT t=20260 TX ua=95 mt=P len=0
PKT t=20269 RX ua=95 mt=R len=7
PKT t=20274 TX ua=95 mt=P len=0
PKT t=20283 RX ua=95 mt=R len=7
PKT t=20288 TX ua=95 mt=P len=0
PKT t=20319 RX ua=95 mt=R len=7
PKT t=20324 TX ua=95 mt=P len=0
PKT t=20333 RX ua=95 mt=R len=7
PKT t=20338 TX ua=95 mt=P len=0
PKT t=20347 RX ua=95 mt=R len=7
PKT t=20352 TX ua=95 mt=T len=7
PKT t=20364 TX ua=95 mt=P len=0
PKT t=20373 RX ua=95 mt=R len=7
PKT t=20378 TX ua=95 mt=P len=0
PKT t=20387 RX ua=95 mt=R len=7
PKT t=20392 TX ua=95 mt=P len=0
PKT t=20421 RX ua=95 mt=R len=7
PKT t=20426 TX ua=95 mt=P len=0
PKT t=20435 RX ua=95 mt=R len=7
PKT t=20440 TX ua=95 mt=P len=0
PKT t=20455 RX ua=95 mt=R len=7
PKT t=20460 TX ua=95 mt=P len=0
PKT t=20469 RX ua=95 mt=R len=7
PKT t=20474 TX ua=95 mt=P len=0
PKT t=20483 RX ua=95 mt=R len=7
PKT t=20488 TX ua=95 mt=P len=0
PKT t=20520 RX ua=95 mt=R len=7
PKT t=20525 TX ua=95 mt=P len=0
PKT t=20534 RX ua=95 mt=R len=7
PKT t=20539 TX ua=95 mt=P len=0
PKT t=20548 RX ua=95 mt=R len=7
PKT t=20553 TX ua=95 mt=P len=0
PKT t=20562 RX ua=95 mt=R len=7
PKT t=20567 TX ua=95 mt=P len=0
PKT t=20576 RX ua=95 mt=R len=7
PKT t=20581 TX ua=95 mt=P len=0
PKT t=20590 RX ua=95 mt=R len=7
PKT t=20595 TX ua=95 mt=P len=0
PKT t=20624 RX ua=95 mt=R len=7
PKT t=20629 TX ua=95 mt=T len=7
PKT t=20641 TX ua=95 mt=P len=0
PKT t=20655 RX ua=95 mt=R len=7
PKT t=20660 TX ua=95 mt=P len=0
PKT t=20669 RX ua=95 mt=R len=7
PKT t=20674 TX ua=95 mt=P len=0
PKT t=20683 RX ua=95 mt=R len=7
PKT t=20688 TX ua=95 mt=P len=0
PKT t=20697 RX ua=95 mt=R len=7
PKT t=20702 TX ua=95 mt=P len=0
PKT t=20731 RX ua=95 mt=R len=7
PKT t=20736 TX ua=95 mt=P len=0
PKT t=20745 RX ua=95 mt=R len=7
PKT t=20750 TX ua=95 mt=P len=0
PKT t=20759 RX ua=95 mt=R len=7
PKT t=20764 TX ua=95 mt=P len=0
PKT t=20773 RX ua=95 mt=R len=7
PKT t=20778 TX ua=95 mt=P len=0
PKT t=20787 RX ua=95 mt=R len=7
PKT t=20792 TX ua=95 mt=P len=0
PKT t=20801 RX ua=95 mt=R len=7
PKT t=20806 TX ua=95 mt=P len=0
PKT t=20835 RX ua=95 mt=R len=7
PKT t=20840 TX ua=95 mt=P len=0
PKT t=20855 RX ua=95 mt=R len=7
PKT t=20860 TX ua=95 mt=T len=7
PKT t=20872 TX ua=95 mt=P len=0
PKT t=20881 RX ua=95 mt=R len=7
PKT t=20886 TX ua=95 mt=P len=0
PKT t=20895 RX ua=95 mt=R len=7
PKT t=20900 TX ua=95 mt=P len=0
PKT t=20909 RX ua=95 mt=R len=7
PKT t=20914 TX ua=95 mt=P len=0
PKT t=20943 RX ua=95 mt=R len=7
PKT t=20948 TX ua=95 mt=P len=0
PKT t=20957 RX ua=95 mt=R len=7
PKT t=20962 TX ua=95 mt=P len=0
PKT t=20971 RX ua=95 mt=R len=7
PKT t=20976 TX ua=95 mt=P len=0
PKT t=20985 RX ua=95 mt=R len=7
PKT t=20990 TX ua=95 mt=P len=0
PKT t=21000 RX ua=95 mt=R len=7
PKT t=21005 TX ua=95 mt=P len=0
PKT t=21014 RX ua=95 mt=R len=7
PKT t=21019 TX ua=95 mt=P len=0
PKT t=21055 RX ua=95 mt=R len=7
PKT t=21060 TX ua=95 mt=P len=0
PKT t=21069 RX ua=95 mt=R len=7
PKT t=21074 TX ua=95 mt=P len=0
PKT t=21083 RX ua=95 mt=R len=7
PKT t=21088 TX ua=95 mt=P len=0
PKT t=21097 RX ua=95 mt=R len=7
PKT t=21102 TX ua=95 mt=T len=7
PKT t=21115 TX ua=95 mt=P len=0
PKT t=21147 RX ua=95 mt=R len=7
PKT t=21152 TX ua=95 mt=P len=0
PKT t=21161 RX ua=95 mt=R len=7
PKT t=21166 TX ua=95 mt=P len=0
PKT t=21175 RX ua=95 mt=R len=7
PKT t=21180 TX ua=95 mt=P len=0
PKT t=21189 RX ua=95 mt=R len=7
PKT t=21194 TX ua=95 mt=P len=0
PKT t=21203 RX ua=95 mt=R len=7
PKT t=21208 TX ua=95 mt=P len=0
PKT t=21217 RX ua=95 mt=R len=7
PKT t=21222 TX ua=95 mt=P len=0
PKT t=21255 RX ua=95 mt=R len=7
PKT t=21260 TX ua=95 mt=P len=0
PKT t=21269 RX ua=95 mt=R len=7
PKT t=21274 TX ua=95 mt=P len=0
PKT t=21283 RX ua=95 mt=R len=7
PKT t=21288 TX ua=95 mt=P len=0
PKT t=21297 RX ua=95 mt=R len=7
PKT t=21302 TX ua=95 mt=P len=0
PKT t=21311 RX ua=95 mt=R len=7
PKT t=21316 TX ua=95 mt=P len=0
PKT t=21325 RX ua=95 mt=R len=7
PKT t=21330 TX ua=95 mt=P len=0
PKT t=21359 RX ua=95 mt=R len=7
PKT t=21364 TX ua=95 mt=T len=7
PKT t=21377 TX ua=95 mt=P len=0
PKT t=21387 RX ua=95 mt=R len=7
PKT t=21392 TX ua=95 mt=P len=0
PKT t=21402 RX ua=95 mt=R len=7
PKT t=21407 TX ua=95 mt=P len=0
PKT t=21417 RX ua=95 mt=R len=7
PKT t=21422 TX ua=95 mt=P len=0
PKT t=21432 RX ua=95 mt=R len=7
PKT t=21437 TX ua=95 mt=P len=0
PKT t=21466 RX ua=95 mt=R len=7
PKT t=21471 TX ua=95 mt=P len=0
PKT t=21481 RX ua=95 mt=R len=7
PKT t=21486 TX ua=95 mt=P len=0
PKT t=21496 RX ua=95 mt=R len=7
PKT t=21501 TX ua=95 mt=P len=0
PKT t=21511 RX ua=95 mt=R len=7
PKT t=21516 TX ua=95 mt=P len=0
PKT t=21526 RX ua=95 mt=R len=7
PKT t=21531 TX ua=95 mt=P len=0
PKT t=21541 RX ua=95 mt=R len=7
PKT t=21546 TX ua=95 mt=P len=0
PKT t=21575 RX ua=95 mt=R len=7
PKT t=21580 TX ua=95 mt=P len=0
PKT t=21590 RX ua=95 mt=R len=7
PKT t=21595 TX ua=95 mt=P len=0
PKT t=21605 RX ua=95 mt=R len=7
PKT t=21610 TX ua=95 mt=T len=7
PKT t=21623 TX ua=95 mt=P len=0
PKT t=21632 RX ua=95 mt=R len=7
PKT t=21637 TX ua=95 mt=P len=0
PKT t=21646 RX ua=95 mt=R len=7
PKT t=21655 TX ua=95 mt=P len=0
PKT t=21680 RX ua=95 mt=R len=7
PKT t=21685 TX ua=95 mt=P len=0
PKT t=21694 RX ua=95 mt=R len=7
PKT t=21699 TX ua=95 mt=P len=0
PKT t=21708 RX ua=95 mt=R len=7
PKT t=21713 TX ua=95 mt=P len=0
PKT t=21722 RX ua=95 mt=R len=7
PKT t=21727 TX ua=95 mt=P len=0
PKT t=21736 RX ua=95 mt=R len=7
PKT t=21741 TX ua=95 mt=P len=0
PKT t=21750 RX ua=95 mt=R len=7
PKT t=21755 TX ua=95 mt=P len=0
PKT t=21784 RX ua=95 mt=R len=7
PKT t=21789 TX ua=95 mt=P len=0
PKT t=21798 RX ua=95 mt=R len=7
PKT t=21803 TX ua=95 mt=P len=0
PKT t=21812 RX ua=95 mt=R len=7
PKT t=21817 TX ua=95 mt=P len=0
PKT t=21826 RX ua=95 mt=R len=7
PKT t=21831 TX ua=95 mt=P len=0
PKT t=21840 RX ua=95 mt=R len=7
PKT t=21845 TX ua=95 mt=P len=0
PKT t=21855 RX ua=95 mt=R len=7
PKT t=22110 TX ua=96 mt=P len=0
PKT t=22368 TX ua=95 mt=P len=0
PKT t=22377 RX ua=95 mt=R len=7
PKT t=22382 TX ua=95 mt=T len=7
PKT t=22394 TX ua=95 mt=P len=0
PKT t=22403 RX ua=95 mt=R len=7
PKT t=22408 TX ua=95 mt=P len=0
PKT t=22417 RX ua=95 mt=R len=7
PKT t=22422 TX ua=95 mt=P len=0
PKT t=22431 RX ua=95 mt=R len=7
PKT t=22436 TX ua=95 mt=P len=0
PKT t=22445 RX ua=95 mt=R len=7
PKT t=22455 TX ua=95 mt=P len=0
PKT t=22487 RX ua=95 mt=R len=7
PKT t=22492 TX ua=95 mt=P len=0
PKT t=22502 RX ua=95 mt=R len=7
PKT t=22507 TX ua=95 mt=P len=0
PKT t=22516 RX ua=95 mt=R len=7
PKT t=22521 TX ua=95 mt=P len=0
PKT t=22530 RX ua=95 mt=R len=7
PKT t=22535 TX ua=95 mt=P len=0
PKT t=22544 RX ua=95 mt=R len=7
PKT t=22549 TX ua=95 mt=P len=0
PKT t=22558 RX ua=95 mt=R len=7
PKT t=22563 TX ua=95 mt=P len=0
PKT t=22592 RX ua=95 mt=R len=7
PKT t=22597 TX ua=95 mt=P len=0
PKT t=22606 RX ua=95 mt=R len=7
PKT t=22611 TX ua=95 mt=T len=7
PKT t=22623 TX ua=95 mt=P len=0
PKT t=22632 RX ua=95 mt=R len=7
PKT t=22637 TX ua=95 mt=P len=0
PKT t=22646 RX ua=95 mt=R len=7
PKT t=22655 TX ua=95 mt=P len=0
PKT t=22664 RX ua=95 mt=R len=7
PKT t=22669 TX ua=95 mt=P len=0
PKT t=22698 RX ua=95 mt=R len=7
PKT t=22703 TX ua=95 mt=P len=0
PKT t=22712 RX ua=95 mt=R len=7
PKT t=22717 TX ua=95 mt=P len=0
PKT t=22726 RX ua=95 mt=R len=7
PKT t=22731 TX ua=95 mt=P len=0
PKT t=22740 RX ua=95 mt=R len=7
PKT t=22745 TX ua=95 mt=P len=0
PKT t=22754 RX ua=95 mt=R len=7
PKT t=22759 TX ua=95 mt=P len=0
PKT t=22768 RX ua=95 mt=R len=7
PKT t=22773 TX ua=95 mt=P len=0
PKT t=22802 RX ua=95 mt=R len=7
PKT t=22807 TX ua=95 mt=P len=0
PKT t=22816 RX ua=95 mt=R len=7
PKT t=22821 TX ua=95 mt=P len=0
PKT t=22830 RX ua=95 mt=R len=7
PKT t=22835 TX ua=95 mt=P len=0
PKT t=22844 RX ua=95 mt=R len=7
PKT t=22855 TX ua=95 mt=T len=7
PKT t=22867 TX ua=95 mt=P len=0
PKT t=22876 RX ua=95 mt=R len=7
PKT t=22881 TX ua=95 mt=P len=0
PKT t=22910 RX ua=95 mt=R len=7
PKT t=22915 TX ua=95 mt=P len=0
PKT t=22924 RX ua=95 mt=R len=7
PKT t=22929 TX ua=95 mt=P len=0
PKT t=22938 RX ua=95 mt=R len=7
PKT t=22943 TX ua=95 mt=P len=0
PKT t=22952 RX ua=95 mt=R len=7
PKT t=22957 TX ua=95 mt=P len=0
PKT t=22966 RX ua=95 mt=R len=7
PKT t=22971 TX ua=95 mt=P len=0
PKT t=22980 RX ua=95 mt=R len=7
PKT t=22985 TX ua=95 mt=P len=0
PKT t=23014 RX ua=95 mt=R len=7
PKT t=23019 TX ua=95 mt=P len=0
PKT t=23028 RX ua=95 mt=R len=7
PKT t=23033 TX ua=95 mt=P len=0
PKT t=23042 RX ua=95 mt=R len=7
PKT t=23047 TX ua=95 mt=P len=0
PKT t=23056 RX ua=95 mt=R len=7
PKT t=23061 TX ua=95 mt=P len=0
PKT t=23070 RX ua=95 mt=R len=7
PKT t=23075 TX ua=95 mt=P len=0
PKT t=23084 RX ua=95 mt=R len=7
PKT t=23089 TX ua=95 mt=P len=0
PKT t=23118 RX ua=95 mt=R len=7
PKT t=23123 TX ua=95 mt=T len=7
PKT t=23135 TX ua=95 mt=P len=0
PKT t=23144 RX ua=95 mt=R len=7
PKT t=23149 TX ua=95 mt=P len=0
PKT t=23158 RX ua=95 mt=R len=7
PKT t=23163 TX ua=95 mt=P len=0
PKT t=23172 RX ua=95 mt=R len=7
PKT t=23177 TX ua=95 mt=P len=0
PKT t=23186 RX ua=95 mt=R len=7
PKT t=23191 TX ua=95 mt=P len=0
PKT t=23220 RX ua=95 mt=R len=7
PKT t=23225 TX ua=95 mt=P len=0
PKT t=23234 RX ua=95 mt=R len=7
PKT t=23239 TX ua=95 mt=P len=0
PKT t=23255 RX ua=95 mt=R len=7
PKT t=23260 TX ua=95 mt=P len=0
PKT t=23269 RX ua=95 mt=R len=7
PKT t=23274 TX ua=95 mt=P len=0
PKT t=23283 RX ua=95 mt=R len=7
PKT t=23288 TX ua=95 mt=P len=0
PKT t=23319 RX ua=95 mt=R len=7
PKT t=23324 TX ua=95 mt=P len=0
PKT t=23333 RX ua=95 mt=R len=7
PKT t=23338 TX ua=95 mt=P len=0
PKT t=23347 RX ua=95 mt=R len=7
PKT t=23352 TX ua=95 mt=T len=7
PKT t=23364 TX ua=95 mt=P len=0
PKT t=23374 RX ua=95 mt=R len=7
PKT t=23379 TX ua=95 mt=P len=0
PKT t=23389 RX ua=95 mt=R len=7
PKT t=23394 TX ua=95 mt=P len=0
PKT t=23423 RX ua=95 mt=R len=7
PKT t=23428 TX ua=95 mt=P len=0
PKT t=23438 RX ua=95 mt=R len=7
PKT t=23443 TX ua=95 mt=P len=0
PKT t=23455 RX ua=95 mt=R len=7
PKT t=23460 TX ua=95 mt=P len=0
PKT t=23470 RX ua=95 mt=R len=7
PKT t=23475 TX ua=95 mt=P len=0
PKT t=23485 RX ua=95 mt=R len=7
PKT t=23490 TX ua=95 mt=P len=0
PKT t=23522 RX ua=95 mt=R len=7
PKT t=23527 TX ua=95 mt=P len=0
PKT t=23537 RX ua=95 mt=R len=7
PKT t=23542 TX ua=95 mt=P len=0
PKT t=23552 RX ua=95 mt=R len=7
PKT t=23557 TX ua=95 mt=P len=0
PKT t=23567 RX ua=95 mt=R len=7
PKT t=23572 TX ua=95 mt=P len=0
PKT t=23582 RX ua=95 mt=R len=7
PKT t=23587 TX ua=95 mt=P len=0
PKT t=23597 RX ua=95 mt=R len=7
PKT t=23602 TX ua=95 mt=T len=7
PKT t=23614 TX ua=95 mt=P len=0
PKT t=23633 RX ua=95 mt=R len=7
PKT t=23638 TX ua=95 mt=P len=0
PKT t=23655 RX ua=95 mt=R len=7
PKT t=23660 TX ua=95 mt=P len=0
PKT t=23669 RX ua=95 mt=R len=7
PKT t=23674 TX ua=95 mt=P len=0
PKT t=23683 RX ua=95 mt=R len=7
PKT t=23688 TX ua=95 mt=P len=0
PKT t=23697 RX ua=95 mt=R len=7
PKT t=23702 TX ua=95 mt=P len=0
PKT t=23731 RX ua=95 mt=R len=7
PKT t=23736 TX ua=95 mt=P len=0
PKT t=23745 RX ua=95 mt=R len=7
PKT t=23750 TX ua=95 mt=P len=0
PKT t=23759 RX ua=95 mt=R len=7
PKT t=23764 TX ua=95 mt=P len=0
PKT t=23773 RX ua=95 mt=R len=7
PKT t=23778 TX ua=95 mt=P len=0
PKT t=23787 RX ua=95 mt=R len=7
PKT t=23792 TX ua=95 mt=P len=0
PKT t=23801 RX ua=95 mt=R len=7
PKT t=23806 TX ua=95 mt=P len=0
PKT t=23835 RX ua=95 mt=R len=7
PKT t=23840 TX ua=95 mt=P len=0
PKT t=23855 RX ua=95 mt=R len=7
PKT t=23860 TX ua=95 mt=T len=7
PKT t=23872 TX ua=95 mt=P len=0
PKT t=23881 RX ua=95 mt=R len=7
PKT t=23886 TX ua=95 mt=P len=0
PKT t=23895 RX ua=95 mt=R len=7
PKT t=23900 TX ua=95 mt=P len=0
PKT t=23909 RX ua=95 mt=R len=7
PKT t=23914 TX ua=95 mt=P len=0
PKT t=23943 RX ua=95 mt=R len=7
PKT t=23948 TX ua=95 mt=P len=0
PKT t=23957 RX ua=95 mt=R len=7
PKT t=23962 TX ua=95 mt=P len=0
PKT t=23971 RX ua=95 mt=R len=7
PKT t=23976 TX ua=95 mt=P len=0
PKT t=23985 RX ua=95 mt=R len=7
PKT t=23990 TX ua=95 mt=P len=0
PKT t=23999 RX ua=95 mt=R len=7
PKT t=24004 TX ua=95 mt=P len=0
PKT t=24016 RX ua=95 mt=R len=7
PKT t=24021 TX ua=95 mt=P len=0
PKT t=24055 RX ua=95 mt=R len=7
PKT t=24060 TX ua=95 mt=P len=0
PKT t=24069 RX ua=95 mt=R len=7
PKT t=24074 TX ua=95 mt=P len=0
PKT t=24083 RX ua=95 mt=R len=7
PKT t=24088 TX ua=95 mt=P len=0
PKT t=24097 RX ua=95 mt=R len=7
PKT t=24102 TX ua=95 mt=T len=7
PKT t=24114 TX ua=95 mt=P len=0
PKT t=24148 RX ua=95 mt=R len=7
PKT t=24153 TX ua=95 mt=P len=0
PKT t=24162 RX ua=95 mt=R len=7
PKT t=24167 TX ua=95 mt=P len=0
PKT t=24176 RX ua=95 mt=R len=7
PKT t=24181 TX ua=95 mt=P len=0
PKT t=24190 RX ua=95 mt=R len=7
PKT t=24195 TX ua=95 mt=P len=0
PKT t=24204 RX ua=95 mt=R len=7
PKT t=24209 TX ua=95 mt=P len=0
PKT t=24218 RX ua=95 mt=R len=7
PKT t=24223 TX ua=95 mt=P len=0
PKT t=24255 RX ua=95 mt=R len=7
PKT t=24260 TX ua=95 mt=P len=0
PKT t=24269 RX ua=95 mt=R len=7
PKT t=24274 TX ua=95 mt=P len=0
PKT t=24283 RX ua=95 mt=R len=7
PKT t=24288 TX ua=95 mt=P len=0
PKT t=24297 RX ua=95 mt=R len=7
PKT t=24302 TX ua=95 mt=P len=0
PKT t=24311 RX ua=95 mt=R len=7
PKT t=24316 TX ua=95 mt=P len=0
PKT t=24325 RX ua=95 mt=R len=7
PKT t=24330 TX ua=95 mt=P len=0
PKT t=24360 RX ua=95 mt=R len=7
PKT t=24365 TX ua=95 mt=T len=7
PKT t=24377 TX ua=95 mt=P len=0
PKT t=24386 RX ua=95 mt=R len=7
PKT t=24391 TX ua=95 mt=P len=0
PKT t=24400 RX ua=95 mt=R len=7
PKT t=24405 TX ua=95 mt=P len=0
PKT t=24414 RX ua=95 mt=R len=7
PKT t=24419 TX ua=95 mt=P len=0
PKT t=24428 RX ua=95 mt=R len=7
PKT t=24433 TX ua=95 mt=P len=0
PKT t=24463 RX ua=95 mt=R len=7
PKT t=24468 TX ua=95 mt=P len=0
PKT t=24477 RX ua=95 mt=R len=7
PKT t=24482 TX ua=95 mt=P len=0
PKT t=24491 RX ua=95 mt=R len=7
PKT t=24496 TX ua=95 mt=P len=0
PKT t=24505 RX ua=95 mt=R len=7
PKT t=24510 TX ua=95 mt=P len=0
PKT t=24519 RX ua=95 mt=R len=7
PKT t=24524 TX ua=95 mt=P len=0
PKT t=24533 RX ua=95 mt=R len=7
PKT t=24538 TX ua=95 mt=P len=0
PKT t=24567 RX ua=95 mt=R len=7
PKT t=24572 TX ua=95 mt=P len=0
PKT t=24581 RX ua=95 mt=R len=7
PKT t=24586 TX ua=95 mt=P len=0
PKT t=24595 RX ua=95 mt=R len=7
PKT t=24600 TX ua=95 mt=T len=7
PKT t=24612 TX ua=95 mt=P len=0
PKT t=24621 RX ua=95 mt=R len=7
PKT t=24626 TX ua=95 mt=P len=0
PKT t=24635 RX ua=95 mt=R len=7
PKT t=24640 TX ua=95 mt=P len=0
PKT t=24669 RX ua=95 mt=R len=7
PKT t=24674 TX ua=95 mt=P len=0
PKT t=24683 RX ua=95 mt=R len=7
PKT t=24688 TX ua=95 mt=P len=0
PKT t=24697 RX ua=95 mt=R len=7
PKT t=24702 TX ua=95 mt=P len=0
PKT t=24711 RX ua=95 mt=R len=7
PKT t=24716 TX ua=95 mt=P len=0
PKT t=24725 RX ua=95 mt=R len=7
PKT t=24730 TX ua=95 mt=P len=0
PKT t=24739 RX ua=95 mt=R len=7
PKT t=24744 TX ua=95 mt=P len=0
PKT t=24773 RX ua=95 mt=R len=7
PKT t=24778 TX ua=95 mt=P len=0
PKT t=24787 RX ua=95 mt=R len=7
PKT t=24792 TX ua=95 mt=P len=0
PKT t=24801 RX ua=95 mt=R len=7
PKT t=24806 TX ua=95 mt=P len=0
PKT t=24815 RX ua=95 mt=R len=7
PKT t=24820 TX ua=95 mt=P len=0
PKT t=24829 RX ua=95 mt=R len=7
PKT t=24834 TX ua=95 mt=P len=0
PKT t=24843 RX ua=95 mt=R len=7
PKT t=24855 TX ua=95 mt=T len=7
PKT t=24867 TX ua=95 mt=P len=0
PKT t=24879 RX ua=95 mt=R len=7
PKT t=24884 TX ua=95 mt=P len=0
PKT t=24893 RX ua=95 mt=R len=7
PKT t=24898 TX ua=95 mt=P len=0
PKT t=24907 RX ua=95 mt=R len=7
PKT t=24912 TX ua=95 mt=P len=0
PKT t=24921 RX ua=95 mt=R len=7
PKT t=24926 TX ua=95 mt=P len=0
PKT t=24935 RX ua=95 mt=R len=7
PKT t=24940 TX ua=95 mt=P len=0
PKT t=24949 RX ua=95 mt=R len=7
PKT t=24954 TX ua=95 mt=P len=0
PKT t=24983 RX ua=95 mt=R len=7
PKT t=24988 TX ua=95 mt=P len=0
PKT t=24997 RX ua=95 mt=R len=7
PKT t=25002 TX ua=95 mt=P len=0
PKT t=25011 RX ua=95 mt=R len=7
PKT t=25016 TX ua=95 mt=P len=0
PKT t=25025 RX ua=95 mt=R len=7
PKT t=25030 TX ua=95 mt=P len=0
PKT t=25039 RX ua=95 mt=R len=7
PKT t=25044 TX ua=95 mt=P len=0
PKT t=25055 RX ua=95 mt=R len=7
PKT t=25060 TX ua=95 mt=P len=0
PKT t=25087 RX ua=95 mt=R len=7
PKT t=25092 TX ua=95 mt=P len=0
PKT t=25101 RX ua=95 mt=R len=7
PKT t=25106 TX ua=95 mt=T len=7
PKT t=25118 TX ua=95 mt=P len=0
PKT t=25127 RX ua=95 mt=R len=7
PKT t=25132 TX ua=95 mt=P len=0
PKT t=25141 RX ua=95 mt=R len=7
PKT t=25146 TX ua=95 mt=P len=0
PKT t=25156 RX ua=95 mt=R len=7
PKT t=25161 TX ua=95 mt=P len=0
PKT t=25190 RX ua=95 mt=R len=7
PKT t=25195 TX ua=95 mt=P len=0
PKT t=25204 RX ua=95 mt=R len=7
PKT t=25209 TX ua=95 mt=P len=0
PKT t=25218 RX ua=95 mt=R len=7
PKT t=25223 TX ua=95 mt=P len=0
PKT t=25232 RX ua=95 mt=R len=7
PKT t=25237 TX ua=95 mt=P len=0
PKT t=25255 RX ua=95 mt=R len=7
PKT t=25260 TX ua=95 mt=P len=0
PKT t=25290 RX ua=95 mt=R len=7
PKT t=25295 TX ua=95 mt=P len=0
PKT t=25304 RX ua=95 mt=R len=7
PKT t=25309 TX ua=95 mt=P len=0
PKT t=25318 RX ua=95 mt=R len=7
PKT t=25323 TX ua=95 mt=P len=0
PKT t=25332 RX ua=95 mt=R len=7
PKT t=25337 TX ua=95 mt=P len=0
PKT t=25347 RX ua=95 mt=R len=7
PKT t=25352 TX ua=95 mt=T len=7
PKT t=25364 TX ua=95 mt=P len=0
PKT t=25393 RX ua=95 mt=R len=7
PKT t=25397 TX ua=95 mt=P len=0
PKT t=25407 RX ua=95 mt=R len=7
PKT t=25412 TX ua=95 mt=P len=0
PKT t=25422 RX ua=95 mt=R len=7
PKT t=25427 TX ua=95 mt=P len=0
PKT t=25437 RX ua=95 mt=R len=7
PKT t=25442 TX ua=95 mt=P len=0
PKT t=25455 RX ua=95 mt=R len=7
PKT t=25460 TX ua=95 mt=P len=0
PKT t=25492 RX ua=95 mt=R len=7
PKT t=25497 TX ua=95 mt=P len=0
PKT t=25507 RX ua=95 mt=R len=7
PKT t=25512 TX ua=95 mt=P len=0
PKT t=25522 RX ua=95 mt=R len=7
PKT t=25527 TX ua=95 mt=P len=0
PKT t=25537 RX ua=95 mt=R len=7
PKT t=25542 TX ua=95 mt=P len=0
PKT t=25552 RX ua=95 mt=R len=7
PKT t=25557 TX ua=95 mt=P len=0
PKT t=25567 RX ua=95 mt=R len=7
PKT t=25572 TX ua=95 mt=P len=0
PKT t=25601 RX ua=95 mt=R len=7
PKT t=25606 TX ua=95 mt=T len=7
PKT t=25618 TX ua=95 mt=P len=0
PKT t=25627 RX ua=95 mt=R len=7
PKT t=25632 TX ua=95 mt=P len=0
PKT t=25641 RX ua=95 mt=R len=7
PKT t=25646 TX ua=95 mt=P len=0
PKT t=25655 RX ua=95 mt=R len=7
PKT t=25660 TX ua=95 mt=P len=0
PKT t=25669 RX ua=95 mt=R len=7
PKT t=25674 TX ua=95 mt=P len=0
PKT t=25703 RX ua=95 mt=R len=7
PKT t=25708 TX ua=95 mt=P len=0
PKT t=25717 RX ua=95 mt=R len=7
PKT t=25722 TX ua=95 mt=P len=0
PKT t=25731 RX ua=95 mt=R len=7
PKT t=25736 TX ua=95 mt=P len=0
PKT t=25745 RX ua=95 mt=R len=7
PKT t=25750 TX ua=95 mt=P len=0
PKT t=25759 RX ua=95 mt=R len=7
PKT t=25764 TX ua=95 mt=P len=0
PKT t=25773 RX ua=95 mt=R len=7
PKT t=25778 TX ua=95 mt=P len=0
PKT t=25807 RX ua=95 mt=R len=7
PKT t=25812 TX ua=95 mt=P len=0
PKT t=25821 RX ua=95 mt=R len=7
PKT t=25826 TX ua=95 mt=P len=0
PKT t=25835 RX ua=95 mt=R len=7
PKT t=25840 TX ua=95 mt=P len=0
PKT t=25855 RX ua=95 mt=R len=7
PKT t=25860 TX ua=95 mt=T len=7
PKT t=25872 TX ua=95 mt=P len=0
PKT t=25881 RX ua=95 mt=R len=7
PKT t=25886 TX ua=95 mt=P len=0
PKT t=25915 RX ua=95 mt=R len=7
PKT t=25920 TX ua=95 mt=P len=0
PKT t=25929 RX ua=95 mt=R len=7
PKT t=25934 TX ua=95 mt=P len=0
PKT t=25943 RX ua=95 mt=R len=7
PKT t=25948 TX ua=95 mt=P len=0
PKT t=25957 RX ua=95 mt=R len=7
PKT t=25962 TX ua=95 mt=P len=0
PKT t=25971 RX ua=95 mt=R len=7
PKT t=25976 TX ua=95 mt=P len=0
PKT t=25985 RX ua=95 mt=R len=7
PKT t=25990 TX ua=95 mt=P len=0
PKT t=26019 RX ua=95 mt=R len=7
PKT t=26024 TX ua=95 mt=P len=0
PKT t=26033 RX ua=95 mt=R len=7
PKT t=26038 TX ua=95 mt=P len=0
PKT t=26055 RX ua=95 mt=R len=7
PKT t=26060 TX ua=95 mt=P len=0
PKT t=26069 RX ua=95 mt=R len=7
PKT t=26074 TX ua=95 mt=P len=0
PKT t=26083 RX ua=95 mt=R len=7
PKT t=26088 TX ua=95 mt=P len=0
PKT t=26119 RX ua=95 mt=R len=7
PKT t=26124 TX ua=95 mt=T len=7
PKT t=26137 TX ua=95 mt=P len=0
PKT t=26146 RX ua=95 mt=R len=7
PKT t=26151 TX ua=95 mt=T len=7
PKT t=26164 TX ua=95 mt=P len=0
PKT t=26173 RX ua=95 mt=R len=7
PKT t=26178 TX ua=95 mt=P len=0
PKT t=26187 RX ua=95 mt=R len=7
PKT t=26192 TX ua=95 mt=P len=0
PKT t=26221 RX ua=95 mt=R len=7
PKT t=26226 TX ua=95 mt=P len=0
PKT t=26235 RX ua=95 mt=R len=7
PKT t=26240 TX ua=95 mt=P len=0
PKT t=26255 RX ua=95 mt=R len=7
PKT t=26260 TX ua=95 mt=P len=0
PKT t=26269 RX ua=95 mt=R len=7
PKT t=26274 TX ua=95 mt=P len=0
PKT t=26283 RX ua=95 mt=R len=7
PKT t=26288 TX ua=95 mt=P len=0
PKT t=26320 RX ua=95 mt=R len=7
PKT t=26325 TX ua=95 mt=P len=0
PKT t=26334 RX ua=95 mt=R len=7
PKT t=26339 TX ua=95 mt=P len=0
PKT t=26348 RX ua=95 mt=R len=7
PKT t=26353 TX ua=95 mt=T len=7
PKT t=26366 TX ua=95 mt=P len=0
PKT t=26375 RX ua=95 mt=R len=7
PKT t=26380 TX ua=95 mt=P len=0
PKT t=26389 RX ua=95 mt=R len=7
PKT t=26394 TX ua=95 mt=P len=0
PKT t=26423 RX ua=95 mt=R len=7
PKT t=26428 TX ua=95 mt=P len=0
PKT t=26437 RX ua=95 mt=R len=7
PKT t=26442 TX ua=95 mt=P len=0
PKT t=26455 RX ua=95 mt=R len=7
PKT t=26460 TX ua=95 mt=P len=0
PKT t=26469 RX ua=95 mt=R len=7
PKT t=26474 TX ua=95 mt=P len=0
PKT t=26483 RX ua=95 mt=R len=7
PKT t=26488 TX ua=95 mt=P len=0
PKT t=26497 RX ua=95 mt=R len=7
PKT t=26502 TX ua=95 mt=P len=0
PKT t=26531 RX ua=95 mt=R len=7
PKT t=26536 TX ua=95 mt=P len=0
PKT t=26545 RX ua=95 mt=R len=7
PKT t=26550 TX ua=95 mt=P len=0
PKT t=26559 RX ua=95 mt=R len=7
PKT t=26564 TX ua=95 mt=P len=0
PKT t=26573 RX ua=95 mt=R len=7
PKT t=26578 TX ua=95 mt=P len=0
PKT t=26587 RX ua=95 mt=R len=7
PKT t=26592 TX ua=95 mt=P len=0
PKT t=26601 RX ua=95 mt=R len=7
PKT t=26606 TX ua=95 mt=T len=7
PKT t=26619 TX ua=95 mt=P len=0
PKT t=26637 RX ua=95 mt=R len=7
PKT t=26642 TX ua=95 mt=P len=0
PKT t=26655 RX ua=95 mt=R len=7
PKT t=26660 TX ua=95 mt=P len=0
PKT t=26669 RX ua=95 mt=R len=7
PKT t=26674 TX ua=95 mt=P len=0
PKT t=26683 RX ua=95 mt=R len=7
PKT t=26688 TX ua=95 mt=P len=0
PKT t=26697 RX ua=95 mt=R len=7
PKT t=26702 TX ua=95 mt=P len=0
PKT t=26734 RX ua=95 mt=R len=7
PKT t=26739 TX ua=95 mt=P len=0
PKT t=26748 RX ua=95 mt=R len=7
PKT t=26753 TX ua=95 mt=P len=0
PKT t=26762 RX ua=95 mt=R len=7
PKT t=26767 TX ua=95 mt=P len=0
PKT t=26776 RX ua=95 mt=R len=7
PKT t=26781 TX ua=95 mt=P len=0
PKT t=26790 RX ua=95 mt=R len=7
PKT t=26795 TX ua=95 mt=P len=0
PKT t=26804 RX ua=95 mt=R len=7
PKT t=26809 TX ua=95 mt=P len=0
PKT t=26838 RX ua=95 mt=R len=7
PKT t=26843 TX ua=95 mt=P len=0
PKT t=26855 RX ua=95 mt=R len=7
PKT t=26860 TX ua=95 mt=T len=7
PKT t=26873 TX ua=95 mt=P len=0
PKT t=26882 RX ua=95 mt=R len=7
PKT t=26887 TX ua=95 mt=P len=0
PKT t=26896 RX ua=95 mt=R len=7
PKT t=26901 TX ua=95 mt=P len=0
PKT t=26910 RX ua=95 mt=R len=7
PKT t=26915 TX ua=95 mt=P len=0
PKT t=26944 RX ua=95 mt=R len=7
PKT t=26949 TX ua=95 mt=P len=0
PKT t=26958 RX ua=95 mt=R len=7
PKT t=26963 TX ua=95 mt=P len=0
PKT t=26972 RX ua=95 mt=R len=7
PKT t=26977 TX ua=95 mt=P len=0
PKT t=26986 RX ua=95 mt=R len=7
PKT t=26991 TX ua=95 mt=P len=0
PKT t=27000 RX ua=95 mt=R len=7
PKT t=27005 TX ua=95 mt=P len=0
PKT t=27014 RX ua=95 mt=R len=7
PKT t=27019 TX ua=95 mt=P len=0
PKT t=27055 RX ua=95 mt=R len=7
PKT t=27060 TX ua=95 mt=P len=0
PKT t=27069 RX ua=95 mt=R len=7
PKT t=27074 TX ua=95 mt=P len=0
PKT t=27083 RX ua=95 mt=R len=7
PKT t=27088 TX ua=95 mt=P len=0
PKT t=27097 RX ua=95 mt=R len=7
PKT t=27102 TX ua=95 mt=T len=7
PKT t=27114 TX ua=95 mt=P len=0
PKT t=27148 RX ua=95 mt=R len=7
PKT t=27153 TX ua=95 mt=P len=0
PKT t=27162 RX ua=95 mt=R len=7
PKT t=27167 TX ua=95 mt=P len=0
PKT t=27176 RX ua=95 mt=R len=7
PKT t=27181 TX ua=95 mt=P len=0
PKT t=27190 RX ua=95 mt=R len=7
PKT t=27195 TX ua=95 mt=P len=0
PKT t=27204 RX ua=95 mt=R len=7
PKT t=27209 TX ua=95 mt=P len=0
PKT t=27218 RX ua=95 mt=R len=7
PKT t=27223 TX ua=95 mt=P len=0
PKT t=27255 RX ua=95 mt=R len=7
PKT t=27260 TX ua=95 mt=P len=0
PKT t=27269 RX ua=95 mt=R len=7
PKT t=27274 TX ua=95 mt=P len=0
PKT t=27283 RX ua=95 mt=R len=7
PKT t=27288 TX ua=95 mt=P len=0
PKT t=27297 RX ua=95 mt=R len=7
PKT t=27302 TX ua=95 mt=P len=0
PKT t=27311 RX ua=95 mt=R len=7
PKT t=27316 TX ua=95 mt=P len=0
PKT t=27325 RX ua=95 mt=R len=7
PKT t=27330 TX ua=95 mt=P len=0
PKT t=27359 RX ua=95 mt=R len=7
PKT t=27364 TX ua=95 mt=T len=7
PKT t=27376 TX ua=95 mt=P len=0
PKT t=27386 RX ua=95 mt=R len=7
PKT t=27391 TX ua=95 mt=P len=0
PKT t=27401 RX ua=95 mt=R len=7
PKT t=27406 TX ua=95 mt=P len=0
PKT t=27416 RX ua=95 mt=R len=7
PKT t=27421 TX ua=95 mt=P len=0
PKT t=27431 RX ua=95 mt=R len=7
PKT t=27436 TX ua=95 mt=P len=0
PKT t=27465 RX ua=95 mt=R len=7
PKT t=27470 TX ua=95 mt=P len=0
PKT t=27480 RX ua=95 mt=R len=7
PKT t=27485 TX ua=95 mt=P len=0
PKT t=27495 RX ua=95 mt=R len=7
PKT t=27500 TX ua=95 mt=P len=0
PKT t=27510 RX ua=95 mt=R len=7
PKT t=27515 TX ua=95 mt=P len=0
PKT t=27525 RX ua=95 mt=R len=7
PKT t=27530 TX ua=95 mt=P len=0
PKT t=27540 RX ua=95 mt=R len=7
PKT t=27545 TX ua=95 mt=P len=0
PKT t=27574 RX ua=95 mt=R len=7
PKT t=27579 TX ua=95 mt=P len=0
PKT t=27589 RX ua=95 mt=R len=7
PKT t=27594 TX ua=95 mt=P len=0
PKT t=27604 RX ua=95 mt=R len=7
PKT t=27609 TX ua=95 mt=T len=7
PKT t=27621 TX ua=95 mt=P len=0
PKT t=27630 RX ua=95 mt=R len=7
PKT t=27635 TX ua=95 mt=P len=0
PKT t=27644 RX ua=95 mt=R len=7
PKT t=27655 TX ua=95 mt=P len=0
PKT t=27678 RX ua=95 mt=R len=7
PKT t=27683 TX ua=95 mt=P len=0
PKT t=27692 RX ua=95 mt=R len=7
PKT t=27697 TX ua=95 mt=P len=0
PKT t=27706 RX ua=95 mt=R len=7
PKT t=27711 TX ua=95 mt=P len=0
PKT t=27720 RX ua=95 mt=R len=7
PKT t=27725 TX ua=95 mt=P len=0
PKT t=27734 RX ua=95 mt=R len=7
PKT t=27739 TX ua=95 mt=P len=0
PKT t=27748 RX ua=95 mt=R len=7
PKT t=27753 TX ua=95 mt=P len=0
PKT t=27782 RX ua=95 mt=R len=7
PKT t=27787 TX ua=95 mt=P len=0
PKT t=27796 RX ua=95 mt=R len=7
PKT t=27801 TX ua=95 mt=P len=0
PKT t=27810 RX ua=95 mt=R len=7
PKT t=27815 TX ua=95 mt=P len=0
PKT t=27824 RX ua=95 mt=R len=7
PKT t=27829 TX ua=95 mt=P len=0
PKT t=27838 RX ua=95 mt=R len=7
PKT t=27843 TX ua=95 mt=P len=0
PKT t=27855 RX ua=95 mt=R len=7
PKT t=27860 TX ua=95 mt=T len=7
PKT t=27872 TX ua=95 mt=P len=0
PKT t=27888 RX ua=95 mt=R len=7
PKT t=27893 TX ua=95 mt=P len=0
PKT t=27902 RX ua=95 mt=R len=7
PKT t=27907 TX ua=95 mt=P len=0
PKT t=27916 RX ua=95 mt=R len=7
PKT t=27921 TX ua=95 mt=P len=0
PKT t=27930 RX ua=95 mt=R len=7
PKT t=27935 TX ua=95 mt=P len=0
PKT t=27944 RX ua=95 mt=R len=7
PKT t=27949 TX ua=95 mt=P len=0
PKT t=27958 RX ua=95 mt=R len=7
PKT t=27963 TX ua=95 mt=P len=0
PKT t=27992 RX ua=95 mt=R len=7
PKT t=27997 TX ua=95 mt=P len=0
PKT t=28006 RX ua=95 mt=R len=7
PKT t=28011 TX ua=95 mt=P len=0
PKT t=28020 RX ua=95 mt=R len=7
PKT t=28025 TX ua=95 mt=P len=0
PKT t=28034 RX ua=95 mt=R len=7
PKT t=28039 TX ua=95 mt=P len=0
PKT t=28055 RX ua=95 mt=R len=7
PKT t=28060 TX ua=95 mt=P len=0
PKT t=28092 RX ua=95 mt=R len=7
PKT t=28097 TX ua=95 mt=P len=0
PKT t=28106 RX ua=95 mt=R len=7
PKT t=28111 TX ua=95 mt=T len=7
PKT t=28123 TX ua=95 mt=P len=0
PKT t=28132 RX ua=95 mt=R len=7
PKT t=28137 TX ua=95 mt=P len=0
PKT t=28146 RX ua=95 mt=R len=7
PKT t=28151 TX ua=95 mt=P len=0
PKT t=28162 RX ua=95 mt=R len=7
PKT t=28167 TX ua=95 mt=P len=0
PKT t=28196 RX ua=95 mt=R len=7
PKT t=28201 TX ua=95 mt=P len=0
PKT t=28210 RX ua=95 mt=R len=7
PKT t=28215 TX ua=95 mt=P len=0
PKT t=28224 RX ua=95 mt=R len=7
PKT t=28229 TX ua=95 mt=P len=0
PKT t=28238 RX ua=95 mt=R len=7
PKT t=28243 TX ua=95 mt=P len=0
PKT t=28255 RX ua=95 mt=R len=7
PKT t=28260 TX ua=95 mt=P len=0
PKT t=28269 RX ua=95 mt=R len=7
PKT t=28274 TX ua=95 mt=P len=0
PKT t=28303 RX ua=95 mt=R len=7
PKT t=28308 TX ua=95 mt=P len=0
PKT t=28317 RX ua=95 mt=R len=7
PKT t=28322 TX ua=95 mt=P len=0
PKT t=28331 RX ua=95 mt=R len=7
PKT t=28336 TX ua=95 mt=P len=0
PKT t=28345 RX ua=95 mt=R len=7
PKT t=28350 TX ua=95 mt=T len=7
PKT t=28362 TX ua=95 mt=P len=0
PKT t=28371 RX ua=95 mt=R len=7
PKT t=28376 TX ua=95 mt=P len=0
PKT t=28405 RX ua=95 mt=R len=7
PKT t=28410 TX ua=95 mt=P len=0
PKT t=28419 RX ua=95 mt=R len=7
PKT t=28424 TX ua=95 mt=P len=0
PKT t=28433 RX ua=95 mt=R len=7
PKT t=28438 TX ua=95 mt=P len=0
PKT t=28455 RX ua=95 mt=R len=7
PKT t=28460 TX ua=95 mt=P len=0
PKT t=28469 RX ua=95 mt=R len=7
PKT t=28474 TX ua=95 mt=P len=0
PKT t=28504 RX ua=95 mt=R len=7
PKT t=28509 TX ua=95 mt=P len=0
PKT t=28518 RX ua=95 mt=R len=7
PKT t=28523 TX ua=95 mt=P len=0
PKT t=28532 RX ua=95 mt=R len=7
PKT t=28537 TX ua=95 mt=P len=0
PKT t=28546 RX ua=95 mt=R len=7
PKT t=28551 TX ua=95 mt=P len=0
PKT t=28560 RX ua=95 mt=R len=7
PKT t=28565 TX ua=95 mt=P len=0
PKT t=28574 RX ua=95 mt=R len=7
PKT t=28579 TX ua=95 mt=P len=0
PKT t=28608 RX ua=95 mt=R len=7
PKT t=28613 TX ua=95 mt=T len=7
PKT t=28625 TX ua=95 mt=P len=0
PKT t=28634 RX ua=95 mt=R len=7
PKT t=28639 TX ua=95 mt=P len=0
PKT t=28655 RX ua=95 mt=R len=7
PKT t=28660 TX ua=95 mt=P len=0
PKT t=28669 RX ua=95 mt=R len=7
PKT t=28674 TX ua=95 mt=P len=0
PKT t=28707 RX ua=95 mt=R len=7
PKT t=28712 TX ua=95 mt=P len=0
PKT t=28721 RX ua=95 mt=R len=7
PKT t=28726 TX ua=95 mt=P len=0
PKT t=28735 RX ua=95 mt=R len=7
PKT t=28740 TX ua=95 mt=P len=0
PKT t=28749 RX ua=95 mt=R len=7
PKT t=28754 TX ua=95 mt=P len=0
PKT t=28763 RX ua=95 mt=R len=7
PKT t=28768 TX ua=95 mt=P len=0
PKT t=28777 RX ua=95 mt=R len=7
PKT t=28782 TX ua=95 mt=P len=0
PKT t=28811 RX ua=95 mt=R len=7
PKT t=28816 TX ua=95 mt=P len=0
PKT t=28825 RX ua=95 mt=R len=7
PKT t=28830 TX ua=95 mt=P len=0
PKT t=28839 RX ua=95 mt=R len=7
PKT t=28844 TX ua=95 mt=P len=0
PKT t=28855 RX ua=95 mt=R len=7
PKT t=28860 TX ua=95 mt=T len=7
PKT t=28872 TX ua=95 mt=P len=0
PKT t=28881 RX ua=95 mt=R len=7
PKT t=28886 TX ua=95 mt=P len=0
PKT t=28915 RX ua=95 mt=R len=7
PKT t=28920 TX ua=95 mt=P len=0
PKT t=28929 RX ua=95 mt=R len=7
PKT t=28934 TX ua=95 mt=P len=0
PKT t=28943 RX ua=95 mt=R len=7
PKT t=28948 TX ua=95 mt=P len=0
PKT t=28957 RX ua=95 mt=R len=7
PKT t=28962 TX ua=95 mt=P len=0
PKT t=28971 RX ua=95 mt=R len=7
PKT t=28976 TX ua=95 mt=P len=0
PKT t=28985 RX ua=95 mt=R len=7
PKT t=28990 TX ua=95 mt=P len=0
PKT t=29019 RX ua=95 mt=R len=7
PKT t=29024 TX ua=95 mt=P len=0
PKT t=29033 RX ua=95 mt=R len=7
PKT t=29038 TX ua=95 mt=P len=0
PKT t=29055 RX ua=95 mt=R len=7
PKT t=29060 TX ua=95 mt=P len=0
PKT t=29069 RX ua=95 mt=R len=7
PKT t=29074 TX ua=95 mt=P len=0
PKT t=29083 RX ua=95 mt=R len=7
PKT t=29088 TX ua=95 mt=P len=0
PKT t=29118 RX ua=95 mt=R len=7
PKT t=29123 TX ua=95 mt=T len=7
PKT t=29136 TX ua=95 mt=P len=0
PKT t=29145 RX ua=95 mt=R len=7
PKT t=29150 TX ua=95 mt=P len=0
PKT t=29159 RX ua=95 mt=R len=7
PKT t=29164 TX ua=95 mt=P len=0
PKT t=29173 RX ua=95 mt=R len=7
PKT t=29178 TX ua=95 mt=P len=0
PKT t=29187 RX ua=95 mt=R len=7
PKT t=29192 TX ua=95 mt=P len=0
PKT t=29222 RX ua=95 mt=R len=7
PKT t=29227 TX ua=95 mt=P len=0
PKT t=29236 RX ua=95 mt=R len=7
PKT t=29241 TX ua=95 mt=P len=0
PKT t=29255 RX ua=95 mt=R len=7
PKT t=29260 TX ua=95 mt=P len=0
PKT t=29269 RX ua=95 mt=R len=7
PKT t=29274 TX ua=95 mt=P len=0
PKT t=29283 RX ua=95 mt=R len=7
PKT t=29288 TX ua=95 mt=P len=0
PKT t=29320 RX ua=95 mt=R len=7
PKT t=29325 TX ua=95 mt=P len=0
PKT t=29334 RX ua=95 mt=R len=7
PKT t=29339 TX ua=95 mt=P len=0
PKT t=29348 RX ua=95 mt=R len=7
PKT t=29353 TX ua=95 mt=T len=7
PKT t=29366 TX ua=95 mt=P len=0
PKT t=29376 RX ua=95 mt=R len=7
PKT t=29381 TX ua=95 mt=P len=0
PKT t=29391 RX ua=95 mt=R len=7
PKT t=29396 TX ua=95 mt=P len=0
PKT t=29425 RX ua=95 mt=R len=7
PKT t=29430 TX ua=95 mt=P len=0
PKT t=29440 RX ua=95 mt=R len=7
PKT t=29445 TX ua=95 mt=P len=0
PKT t=29455 RX ua=95 mt=R len=7
PKT t=29710 TX ua=96 mt=P len=0
PKT t=29968 TX ua=95 mt=P len=0
PKT t=29978 RX ua=95 mt=R len=7
PKT t=29983 TX ua=95 mt=T len=7
PKT t=29996 TX ua=95 mt=P len=0
PKT t=30024 RX ua=95 mt=R len=7
PKT t=30029 TX ua=95 mt=P len=0
PKT t=30038 RX ua=95 mt=R len=7
PKT t=30043 TX ua=95 mt=P len=0
PKT t=30055 RX ua=95 mt=R len=7
PKT t=30060 TX ua=95 mt=P len=0
PKT t=30069 RX ua=95 mt=R len=7
PKT t=30074 TX ua=95 mt=P len=0
PKT t=30083 RX ua=95 mt=R len=7
PKT t=30088 TX ua=95 mt=P len=0
PKT t=30097 RX ua=95 mt=R len=7
PKT t=30102 TX ua=95 mt=T len=7
PKT t=30114 TX ua=95 mt=P len=0
PKT t=30133 RX ua=95 mt=R len=7
PKT t=30138 TX ua=95 mt=P len=0
PKT t=30147 RX ua=95 mt=R len=7
PKT t=30152 TX ua=95 mt=P len=0
PKT t=30162 RX ua=95 mt=R len=7
PKT t=30167 TX ua=95 mt=P len=0
PKT t=30176 RX ua=95 mt=R len=7
PKT t=30181 TX ua=95 mt=P len=0
PKT t=30190 RX ua=95 mt=R len=7
PKT t=30195 TX ua=95 mt=P len=0
PKT t=30204 RX ua=95 mt=R len=7
PKT t=30209 TX ua=95 mt=P len=0
PKT t=30238 RX ua=95 mt=R len=7
PKT t=30243 TX ua=95 mt=P len=0
PKT t=30255 RX ua=95 mt=R len=7
PKT t=30260 TX ua=95 mt=P len=0
PKT t=30269 RX ua=95 mt=R len=7
PKT t=30274 TX ua=95 mt=P len=0
PKT t=30284 RX ua=95 mt=R len=7
PKT t=30289 TX ua=95 mt=P len=0
PKT t=30298 RX ua=95 mt=R len=7
PKT t=30303 TX ua=95 mt=P len=0
PKT t=30312 RX ua=95 mt=R len=7
PKT t=30317 TX ua=95 mt=P len=0
PKT t=30346 RX ua=95 mt=R len=7
PKT t=30351 TX ua=95 mt=T len=7
PKT t=30363 TX ua=95 mt=P len=0
PKT t=30372 RX ua=95 mt=R len=7
PKT t=30377 TX ua=95 mt=P len=0
PKT t=30386 RX ua=95 mt=R len=7
PKT t=30391 TX ua=95 mt=P len=0
PKT t=30400 RX ua=95 mt=R len=7
PKT t=30405 TX ua=95 mt=P len=0
PKT t=30414 RX ua=95 mt=R len=7
PKT t=30419 TX ua=95 mt=P len=0
PKT t=30455 RX ua=95 mt=R len=7
PKT t=30460 TX ua=95 mt=P len=0
PKT t=30469 RX ua=95 mt=R len=7
PKT t=30474 TX ua=95 mt=P len=0
PKT t=30483 RX ua=95 mt=R len=7
PKT t=30488 TX ua=95 mt=P len=0
PKT t=30497 RX ua=95 mt=R len=7
PKT t=30502 TX ua=95 mt=P len=0
PKT t=30511 RX ua=95 mt=R len=7
PKT t=30516 TX ua=95 mt=P len=0
PKT t=30547 RX ua=95 mt=R len=7
PKT t=30552 TX ua=95 mt=P len=0
PKT t=30561 RX ua=95 mt=R len=7
PKT t=30566 TX ua=95 mt=P len=0
PKT t=30575 RX ua=95 mt=R len=7
PKT t=30580 TX ua=95 mt=P len=0
PKT t=30589 RX ua=95 mt=R len=7
PKT t=30594 TX ua=95 mt=P len=0
PKT t=30603 RX ua=95 mt=R len=7
PKT t=30608 TX ua=95 mt=T len=7
PKT t=30620 TX ua=95 mt=P len=0
PKT t=30655 RX ua=95 mt=R len=7
PKT t=30660 TX ua=95 mt=P len=0
PKT t=30669 RX ua=95 mt=R len=7
PKT t=30674 TX ua=95 mt=P len=0
PKT t=30683 RX ua=95 mt=R len=7
PKT t=30688 TX ua=95 mt=P len=0
PKT t=30697 RX ua=95 mt=R len=7
PKT t=30702 TX ua=95 mt=P len=0
PKT t=30711 RX ua=95 mt=R len=7
PKT t=30716 TX ua=95 mt=P len=0
PKT t=30747 RX ua=95 mt=R len=7
PKT t=30752 TX ua=95 mt=P len=0
PKT t=30761 RX ua=95 mt=R len=7
PKT t=30766 TX ua=95 mt=P len=0
PKT t=30775 RX ua=95 mt=R len=7
PKT t=30780 TX ua=95 mt=P len=0
PKT t=30789 RX ua=95 mt=R len=7
PKT t=30794 TX ua=95 mt=P len=0
PKT t=30803 RX ua=95 mt=R len=7
PKT t=30808 TX ua=95 mt=P len=0
PKT t=30817 RX ua=95 mt=R len=7
PKT t=30822 TX ua=95 mt=P len=0
PKT t=30855 RX ua=95 mt=R len=7
PKT t=30860 TX ua=95 mt=T len=7
PKT t=30872 TX ua=95 mt=P len=0
PKT t=30881 RX ua=95 mt=R len=7
PKT t=30886 TX ua=95 mt=P len=0
PKT t=30895 RX ua=95 mt=R len=7
PKT t=30900 TX ua=95 mt=P len=0
PKT t=30909 RX ua=95 mt=R len=7
PKT t=30914 TX ua=95 mt=P len=0
PKT t=30923 RX ua=95 mt=R len=7
PKT t=30928 TX ua=95 mt=P len=0
PKT t=30957 RX ua=95 mt=R len=7
PKT t=30962 TX ua=95 mt=P len=0
PKT t=30971 RX ua=95 mt=R len=7
PKT t=30976 TX ua=95 mt=P len=0
PKT t=30985 RX ua=95 mt=R len=7
PKT t=30990 TX ua=95 mt=P len=0
PKT t=30999 RX ua=95 mt=R len=7
PKT t=31004 TX ua=95 mt=P len=0
PKT t=31013 RX ua=95 mt=R len=7
PKT t=31018 TX ua=95 mt=P len=0
PKT t=31027 RX ua=95 mt=R len=7
PKT t=31032 TX ua=95 mt=P len=0
PKT t=31061 RX ua=95 mt=R len=7
PKT t=31066 TX ua=95 mt=P len=0
PKT t=31075 RX ua=95 mt=R len=7
PKT t=31080 TX ua=95 mt=P len=0
PKT t=31089 RX ua=95 mt=R len=7
PKT t=31094 TX ua=95 mt=P len=0
PKT t=31103 RX ua=95 mt=R len=7
PKT t=31108 TX ua=95 mt=T len=7
PKT t=31120 TX ua=95 mt=P len=0
PKT t=31129 RX ua=95 mt=R len=7
PKT t=31134 TX ua=95 mt=P len=0
PKT t=31164 RX ua=95 mt=R len=7
PKT t=31169 TX ua=95 mt=P len=0
PKT t=31178 RX ua=95 mt=R len=7
PKT t=31183 TX ua=95 mt=P len=0
PKT t=31192 RX ua=95 mt=R len=7
PKT t=31197 TX ua=95 mt=P len=0
PKT t=31206 RX ua=95 mt=R len=7
PKT t=31211 TX ua=95 mt=P len=0
PKT t=31220 RX ua=95 mt=R len=7
PKT t=31225 TX ua=95 mt=P len=0
PKT t=31234 RX ua=95 mt=R len=7
PKT t=31239 TX ua=95 mt=P len=0
PKT t=31268 RX ua=95 mt=R len=7
PKT t=31273 TX ua=95 mt=P len=0
PKT t=31282 RX ua=95 mt=R len=7
PKT t=31287 TX ua=95 mt=P len=0
PKT t=31296 RX ua=95 mt=R len=7
PKT t=31301 TX ua=95 mt=P len=0
PKT t=31310 RX ua=95 mt=R len=7
PKT t=31315 TX ua=95 mt=P len=0
PKT t=31324 RX ua=95 mt=R len=7
PKT t=31329 TX ua=95 mt=P len=0
PKT t=31338 RX ua=95 mt=R len=7
PKT t=31343 TX ua=95 mt=P len=0
PKT t=31372 RX ua=95 mt=R len=7
PKT t=31377 TX ua=95 mt=T len=7
PKT t=31389 TX ua=95 mt=P len=0
PKT t=31399 RX ua=95 mt=R len=7
PKT t=31404 TX ua=95 mt=P len=0
PKT t=31414 RX ua=95 mt=R len=7
PKT t=31419 TX ua=95 mt=P len=0
PKT t=31429 RX ua=95 mt=R len=7
PKT t=31434 TX ua=95 mt=P len=0
PKT t=31444 RX ua=95 mt=R len=7
PKT t=31455 TX ua=95 mt=P len=0
PKT t=31478 RX ua=95 mt=R len=7
PKT t=31483 TX ua=95 mt=P len=0
PKT t=31493 RX ua=95 mt=R len=7
PKT t=31498 TX ua=95 mt=P len=0
PKT t=31508 RX ua=95 mt=R len=7
PKT t=31513 TX ua=95 mt=P len=0
PKT t=31523 RX ua=95 mt=R len=7
PKT t=31528 TX ua=95 mt=P len=0
PKT t=31538 RX ua=95 mt=R len=7
PKT t=31543 TX ua=95 mt=P len=0
PKT t=31553 RX ua=95 mt=R len=7
PKT t=31558 TX ua=95 mt=P len=0
PKT t=31587 RX ua=95 mt=R len=7
PKT t=31592 TX ua=95 mt=P len=0
PKT t=31602 RX ua=95 mt=R len=7
PKT t=31607 TX ua=95 mt=T len=7
PKT t=31619 TX ua=95 mt=P len=0
PKT t=31628 RX ua=95 mt=R len=7
PKT t=31633 TX ua=95 mt=P len=0
PKT t=31642 RX ua=95 mt=R len=7
PKT t=31647 TX ua=95 mt=P len=0
PKT t=31656 RX ua=95 mt=R len=7
PKT t=31661 TX ua=95 mt=P len=0
PKT t=31690 RX ua=95 mt=R len=7
PKT t=31695 TX ua=95 mt=P len=0
PKT t=31704 RX ua=95 mt=R len=7
PKT t=31709 TX ua=95 mt=P len=0
PKT t=31718 RX ua=95 mt=R len=7
PKT t=31723 TX ua=95 mt=P len=0
PKT t=31732 RX ua=95 mt=R len=7
PKT t=31737 TX ua=95 mt=P len=0
PKT t=31746 RX ua=95 mt=R len=7
PKT t=31751 TX ua=95 mt=P len=0
PKT t=31760 RX ua=95 mt=R len=7
PKT t=31765 TX ua=95 mt=P len=0
PKT t=31794 RX ua=95 mt=R len=7
PKT t=31799 TX ua=95 mt=P len=0
PKT t=31808 RX ua=95 mt=R len=7
PKT t=31813 TX ua=95 mt=P len=0
PKT t=31822 RX ua=95 mt=R len=7
PKT t=31827 TX ua=95 mt=P len=0
PKT t=31836 RX ua=95 mt=R len=7
PKT t=31841 TX ua=95 mt=P len=0
PKT t=31855 RX ua=95 mt=R len=7
PKT t=31860 TX ua=95 mt=T len=7
PKT t=31872 TX ua=95 mt=P len=0
PKT t=31895 RX ua=95 mt=R len=7
PKT t=31900 TX ua=95 mt=P len=0
PKT t=31909 RX ua=95 mt=R len=7
PKT t=31914 TX ua=95 mt=P len=0
PKT t=31923 RX ua=95 mt=R len=7
PKT t=31928 TX ua=95 mt=P len=0
PKT t=31937 RX ua=95 mt=R len=7
PKT t=31942 TX ua=95 mt=P len=0
PKT t=31951 RX ua=95 mt=R len=7
PKT t=31956 TX ua=95 mt=P len=0
PKT t=31965 RX ua=95 mt=R len=7
PKT t=31970 TX ua=95 mt=P len=0
PKT t=31999 RX ua=95 mt=R len=7
PKT t=32004 TX ua=95 mt=P len=0
PKT t=32013 RX ua=95 mt=R len=7
PKT t=32020 TX ua=95 mt=P len=0
PKT t=32029 RX ua=95 mt=R len=7
PKT t=32034 TX ua=95 mt=P len=0
PKT t=32043 RX ua=95 mt=R len=7
PKT t=32055 TX ua=95 mt=P len=0
PKT t=32064 RX ua=95 mt=R len=7
PKT t=32069 TX ua=95 mt=P len=0
PKT t=32098 RX ua=95 mt=R len=7
PKT t=32103 TX ua=95 mt=T len=7
PKT t=32115 TX ua=95 mt=P len=0
PKT t=32124 RX ua=95 mt=R len=7
PKT t=32129 TX ua=95 mt=P len=0
PKT t=32138 RX ua=95 mt=R len=7
PKT t=32143 TX ua=95 mt=P len=0
PKT t=32152 RX ua=95 mt=R len=7
PKT t=32157 TX ua=95 mt=P len=0
PKT t=32166 RX ua=95 mt=R len=7
PKT t=32171 TX ua=95 mt=P len=0
PKT t=32200 RX ua=95 mt=R len=7
PKT t=32205 TX ua=95 mt=P len=0
PKT t=32214 RX ua=95 mt=R len=7
PKT t=32219 TX ua=95 mt=P len=0
PKT t=32228 RX ua=95 mt=R len=7
PKT t=32233 TX ua=95 mt=P len=0
PKT t=32242 RX ua=95 mt=R len=7
PKT t=32247 TX ua=95 mt=P len=0
PKT t=32256 RX ua=95 mt=R len=7
PKT t=32261 TX ua=95 mt=P len=0
PKT t=32270 RX ua=95 mt=R len=7
PKT t=32275 TX ua=95 mt=P len=0
PKT t=32304 RX ua=95 mt=R len=7
PKT t=32309 TX ua=95 mt=P len=0
PKT t=32318 RX ua=95 mt=R len=7
PKT t=32323 TX ua=95 mt=P len=0
PKT t=32332 RX ua=95 mt=R len=7
PKT t=32337 TX ua=95 mt=P len=0
PKT t=32346 RX ua=95 mt=R len=7
PKT t=32351 TX ua=95 mt=T len=7
PKT t=32363 TX ua=95 mt=P len=0
PKT t=32372 RX ua=95 mt=R len=7
PKT t=32377 TX ua=95 mt=P len=0
PKT t=32406 RX ua=95 mt=R len=7
PKT t=32411 TX ua=95 mt=P len=0
PKT t=32420 RX ua=95 mt=R len=7
PKT t=32425 TX ua=95 mt=P len=0
PKT t=32435 RX ua=95 mt=R len=7
PKT t=32440 TX ua=95 mt=P len=0
PKT t=32455 RX ua=95 mt=R len=7
PKT t=32460 TX ua=95 mt=P len=0
PKT t=32469 RX ua=95 mt=R len=7
PKT t=32474 TX ua=95 mt=P len=0
PKT t=32505 RX ua=95 mt=R len=7
PKT t=32510 TX ua=95 mt=P len=0
PKT t=32519 RX ua=95 mt=R len=7
PKT t=32524 TX ua=95 mt=P len=0
PKT t=32533 RX ua=95 mt=R len=7
PKT t=32538 TX ua=95 mt=P len=0
PKT t=32547 RX ua=95 mt=R len=7
PKT t=32552 TX ua=95 mt=P len=0
PKT t=32561 RX ua=95 mt=R len=7
PKT t=32566 TX ua=95 mt=P len=0
PKT t=32575 RX ua=95 mt=R len=7
PKT t=32580 TX ua=95 mt=P len=0
PKT t=32609 RX ua=95 mt=R len=7
PKT t=32614 TX ua=95 mt=T len=7
PKT t=32626 TX ua=95 mt=P len=0
PKT t=32635 RX ua=95 mt=R len=7
PKT t=32640 TX ua=95 mt=P len=0
PKT t=32655 RX ua=95 mt=R len=7
PKT t=32660 TX ua=95 mt=P len=0
PKT t=32669 RX ua=95 mt=R len=7
PKT t=32674 TX ua=95 mt=P len=0
PKT t=32683 RX ua=95 mt=R len=7
PKT t=32688 TX ua=95 mt=P len=0
PKT t=32717 RX ua=95 mt=R len=7
PKT t=32722 TX ua=95 mt=P len=0
PKT t=32731 RX ua=95 mt=R len=7
PKT t=32736 TX ua=95 mt=P len=0
PKT t=32745 RX ua=95 mt=R len=7
PKT t=32750 TX ua=95 mt=P len=0
PKT t=32759 RX ua=95 mt=R len=7
PKT t=32764 TX ua=95 mt=P len=0
PKT t=32773 RX ua=95 mt=R len=7
PKT t=32778 TX ua=95 mt=P len=0
PKT t=32787 RX ua=95 mt=R len=7
PKT t=32792 TX ua=95 mt=P len=0
PKT t=32821 RX ua=95 mt=R len=7
PKT t=32826 TX ua=95 mt=P len=0
PKT t=32835 RX ua=95 mt=R len=7
PKT t=32840 TX ua=95 mt=P len=0
PKT t=32855 RX ua=95 mt=R len=7
PKT t=32860 TX ua=95 mt=T len=7
PKT t=32872 TX ua=95 mt=P len=0
PKT t=32881 RX ua=95 mt=R len=7
PKT t=32886 TX ua=95 mt=P len=0
PKT t=32895 RX ua=95 mt=R len=7
PKT t=32900 TX ua=95 mt=P len=0
PKT t=32929 RX ua=95 mt=R len=7
PKT t=32934 TX ua=95 mt=P len=0
PKT t=32943 RX ua=95 mt=R len=7
PKT t=32948 TX ua=95 mt=P len=0
PKT t=32957 RX ua=95 mt=R len=7
PKT t=32962 TX ua=95 mt=P len=0
PKT t=32971 RX ua=95 mt=R len=7
PKT t=32976 TX ua=95 mt=P len=0
PKT t=32985 RX ua=95 mt=R len=7
PKT t=32990 TX ua=95 mt=P len=0
PKT t=32999 RX ua=95 mt=R len=7
PKT t=33004 TX ua=95 mt=P len=0
PKT t=33033 RX ua=95 mt=R len=7
PKT t=33038 TX ua=95 mt=P len=0
PKT t=33055 RX ua=95 mt=R len=7
PKT t=33060 TX ua=95 mt=P len=0
PKT t=33070 RX ua=95 mt=R len=7
PKT t=33075 TX ua=95 mt=P len=0
PKT t=33084 RX ua=95 mt=R len=7
PKT t=33089 TX ua=95 mt=P len=0
PKT t=33098 RX ua=95 mt=R len=7
PKT t=33103 TX ua=95 mt=T len=7
PKT t=33115 TX ua=95 mt=P len=0
PKT t=33134 RX ua=95 mt=R len=7
PKT t=33139 TX ua=95 mt=P len=0
PKT t=33148 RX ua=95 mt=R len=7
PKT t=33153 TX ua=95 mt=P len=0
PKT t=33162 RX ua=95 mt=R len=7
PKT t=33167 TX ua=95 mt=P len=0
PKT t=33176 RX ua=95 mt=R len=7
PKT t=33181 TX ua=95 mt=P len=0
PKT t=33190 RX ua=95 mt=R len=7
PKT t=33195 TX ua=95 mt=P len=0
PKT t=33204 RX ua=95 mt=R len=7
PKT t=33209 TX ua=95 mt=P len=0
PKT t=33238 RX ua=95 mt=R len=7
PKT t=33243 TX ua=95 mt=P len=0
PKT t=33255 RX ua=95 mt=R len=7
PKT t=33260 TX ua=95 mt=P len=0
PKT t=33269 RX ua=95 mt=R len=7
PKT t=33274 TX ua=95 mt=P len=0
PKT t=33283 RX ua=95 mt=R len=7
PKT t=33288 TX ua=95 mt=P len=0
PKT t=33297 RX ua=95 mt=R len=7
PKT t=33302 TX ua=95 mt=P len=0
PKT t=33311 RX ua=95 mt=R len=7
PKT t=33316 TX ua=95 mt=P len=0
PKT t=33345 RX ua=95 mt=R len=7
PKT t=33350 TX ua=95 mt=T len=7
PKT t=33362 TX ua=95 mt=P len=0
PKT t=33372 RX ua=95 mt=R len=7
PKT t=33377 TX ua=95 mt=P len=0
PKT t=33387 RX ua=95 mt=R len=7
PKT t=33392 TX ua=95 mt=P len=0
PKT t=33402 RX ua=95 mt=R len=7
PKT t=33407 TX ua=95 mt=P len=0
PKT t=33417 RX ua=95 mt=R len=7
PKT t=33422 TX ua=95 mt=P len=0
PKT t=33455 RX ua=95 mt=R len=7
PKT t=33460 TX ua=95 mt=P len=0
PKT t=33470 RX ua=95 mt=R len=7
PKT t=33475 TX ua=95 mt=P len=0
PKT t=33485 RX ua=95 mt=R len=7
PKT t=33490 TX ua=95 mt=P len=0
PKT t=33500 RX ua=95 mt=R len=7
PKT t=33505 TX ua=95 mt=P len=0
PKT t=33515 RX ua=95 mt=R len=7
PKT t=33520 TX ua=95 mt=P len=0
PKT t=33551 RX ua=95 mt=R len=7
PKT t=33556 TX ua=95 mt=P len=0
PKT t=33566 RX ua=95 mt=R len=7
PKT t=33571 TX ua=95 mt=P len=0
PKT t=33581 RX ua=95 mt=R len=7
PKT t=33586 TX ua=95 mt=P len=0
PKT t=33596 RX ua=95 mt=R len=7
PKT t=33601 TX ua=95 mt=T len=7
PKT t=33613 TX ua=95 mt=P len=0
PKT t=33622 RX ua=95 mt=R len=7
PKT t=33627 TX ua=95 mt=P len=0
PKT t=33656 RX ua=95 mt=R len=7
PKT t=33661 TX ua=95 mt=P len=0
PKT t=33670 RX ua=95 mt=R len=7
PKT t=33675 TX ua=95 mt=P len=0
PKT t=33684 RX ua=95 mt=R len=7
PKT t=33689 TX ua=95 mt=P len=0
PKT t=33698 RX ua=95 mt=R len=7
PKT t=33703 TX ua=95 mt=P len=0
PKT t=33712 RX ua=95 mt=R len=7
PKT t=33717 TX ua=95 mt=P len=0
PKT t=33726 RX ua=95 mt=R len=7
PKT t=33731 TX ua=95 mt=P len=0
PKT t=33760 RX ua=95 mt=R len=7
PKT t=33765 TX ua=95 mt=P len=0
PKT t=33774 RX ua=95 mt=R len=7
PKT t=33779 TX ua=95 mt=P len=0
PKT t=33788 RX ua=95 mt=R len=7
PKT t=33793 TX ua=95 mt=P len=0
PKT t=33802 RX ua=95 mt=R len=7
PKT t=33807 TX ua=95 mt=P len=0
PKT t=33816 RX ua=95 mt=R len=7
PKT t=33821 TX ua=95 mt=P len=0
PKT t=33830 RX ua=95 mt=R len=7
PKT t=33835 TX ua=95 mt=P len=0
PKT t=33864 RX ua=95 mt=R len=7
PKT t=33869 TX ua=95 mt=T len=7
PKT t=33881 TX ua=95 mt=P len=0
PKT t=33890 RX ua=95 mt=R len=7
PKT t=33895 TX ua=95 mt=P len=0
PKT t=33904 RX ua=95 mt=R len=7
PKT t=33909 TX ua=95 mt=P len=0
PKT t=33918 RX ua=95 mt=R len=7
PKT t=33923 TX ua=95 mt=P len=0
PKT t=33932 RX ua=95 mt=R len=7
PKT t=33937 TX ua=95 mt=P len=0
PKT t=33966 RX ua=95 mt=R len=7
PKT t=33971 TX ua=95 mt=P len=0
PKT t=33980 RX ua=95 mt=R len=7
PKT t=33985 TX ua=95 mt=P len=0
PKT t=33994 RX ua=95 mt=R len=7
PKT t=33999 TX ua=95 mt=P len=0
PKT t=34008 RX ua=95 mt=R len=7
PKT t=34013 TX ua=95 mt=P len=0
PKT t=34022 RX ua=95 mt=R len=7
PKT t=34027 TX ua=95 mt=P len=0
PKT t=34036 RX ua=95 mt=R len=7
PKT t=34041 TX ua=95 mt=P len=0
PKT t=34070 RX ua=95 mt=R len=7
PKT t=34075 TX ua=95 mt=P len=0
PKT t=34084 RX ua=95 mt=R len=7
PKT t=34089 TX ua=95 mt=P len=0
PKT t=34098 RX ua=95 mt=R len=7
PKT t=34103 TX ua=95 mt=T len=7
PKT t=34116 TX ua=95 mt=P len=0
PKT t=34125 RX ua=95 mt=R len=7
PKT t=34130 TX ua=95 mt=T len=7
PKT t=34143 TX ua=95 mt=P len=0
PKT t=34175 RX ua=95 mt=R len=7
PKT t=34180 TX ua=95 mt=P len=0
PKT t=34189 RX ua=95 mt=R len=7
PKT t=34194 TX ua=95 mt=P len=0
PKT t=34203 RX ua=95 mt=R len=7
PKT t=34208 TX ua=95 mt=P len=0
PKT t=34217 RX ua=95 mt=R len=7
PKT t=34222 TX ua=95 mt=P len=0
PKT t=34231 RX ua=95 mt=R len=7
PKT t=34236 TX ua=95 mt=P len=0
PKT t=34245 RX ua=95 mt=R len=7
PKT t=34255 TX ua=95 mt=P len=0
PKT t=34279 RX ua=95 mt=R len=7
PKT t=34284 TX ua=95 mt=P len=0
PKT t=34293 RX ua=95 mt=R len=7
PKT t=34298 TX ua=95 mt=P len=0
PKT t=34307 RX ua=95 mt=R len=7
PKT t=34312 TX ua=95 mt=P len=0
PKT t=34321 RX ua=95 mt=R len=7
PKT t=34326 TX ua=95 mt=P len=0
PKT t=34335 RX ua=95 mt=R len=7
PKT t=34340 TX ua=95 mt=P len=0
PKT t=34349 RX ua=95 mt=R len=7
PKT t=34354 TX ua=95 mt=T len=7
PKT t=34367 TX ua=95 mt=P len=0
PKT t=34385 RX ua=95 mt=R len=7
PKT t=34390 TX ua=95 mt=P len=0
PKT t=34399 RX ua=95 mt=R len=7
PKT t=34404 TX ua=95 mt=P len=0
PKT t=34413 RX ua=95 mt=R len=7
PKT t=34418 TX ua=95 mt=P len=0
PKT t=34427 RX ua=95 mt=R len=7
PKT t=34432 TX ua=95 mt=P len=0
PKT t=34441 RX ua=95 mt=R len=7
PKT t=34446 TX ua=95 mt=P len=0
PKT t=34455 RX ua=95 mt=R len=7
PKT t=34460 TX ua=95 mt=P len=0
PKT t=34489 RX ua=95 mt=R len=7
PKT t=34494 TX ua=95 mt=P len=0
PKT t=34503 RX ua=95 mt=R len=7
PKT t=34508 TX ua=95 mt=P len=0
PKT t=34517 RX ua=95 mt=R len=7
PKT t=34522 TX ua=95 mt=P len=0
PKT t=34531 RX ua=95 mt=R len=7
PKT t=34536 TX ua=95 mt=P len=0
PKT t=34545 RX ua=95 mt=R len=7
PKT t=34550 TX ua=95 mt=P len=0
PKT t=34559 RX ua=95 mt=R len=7
PKT t=34564 TX ua=95 mt=P len=0
PKT t=34593 RX ua=95 mt=R len=7
PKT t=34598 TX ua=95 mt=T len=7
PKT t=34611 TX ua=95 mt=P len=0
PKT t=34620 RX ua=95 mt=R len=7
PKT t=34625 TX ua=95 mt=P len=0
PKT t=34634 RX ua=95 mt=R len=7
PKT t=34639 TX ua=95 mt=P len=0
PKT t=34655 RX ua=95 mt=R len=7
PKT t=34660 TX ua=95 mt=P len=0
PKT t=34693 RX ua=95 mt=R len=7
PKT t=34698 TX ua=95 mt=P len=0
PKT t=34707 RX ua=95 mt=R len=7
PKT t=34712 TX ua=95 mt=P len=0
PKT t=34721 RX ua=95 mt=R len=7
PKT t=34726 TX ua=95 mt=P len=0
PKT t=34735 RX ua=95 mt=R len=7
PKT t=34740 TX ua=95 mt=P len=0
PKT t=34749 RX ua=95 mt=R len=7
PKT t=34754 TX ua=95 mt=P len=0
PKT t=34763 RX ua=95 mt=R len=7
PKT t=34768 TX ua=95 mt=P len=0
PKT t=34797 RX ua=95 mt=R len=7
PKT t=34802 TX ua=95 mt=P len=0
PKT t=34811 RX ua=95 mt=R len=7
PKT t=34816 TX ua=95 mt=P len=0
PKT t=34825 RX ua=95 mt=R len=7
PKT t=34830 TX ua=95 mt=P len=0
PKT t=34839 RX ua=95 mt=R len=7
PKT t=34844 TX ua=95 mt=P len=0
PKT t=34855 RX ua=95 mt=R len=7
PKT t=34860 TX ua=95 mt=T len=7
PKT t=34873 TX ua=95 mt=P len=0
PKT t=34900 RX ua=95 mt=R len=7
PKT t=34905 TX ua=95 mt=P len=0
PKT t=34914 RX ua=95 mt=R len=7
PKT t=34919 TX ua=95 mt=P len=0
PKT t=34928 RX ua=95 mt=R len=7
PKT t=34933 TX ua=95 mt=P len=0
PKT t=34942 RX ua=95 mt=R len=7
PKT t=34947 TX ua=95 mt=P len=0
PKT t=34956 RX ua=95 mt=R len=7
PKT t=34961 TX ua=95 mt=P len=0
PKT t=34970 RX ua=95 mt=R len=7
PKT t=34975 TX ua=95 mt=P len=0
PKT t=35004 RX ua=95 mt=R len=7
PKT t=35009 TX ua=95 mt=P len=0
PKT t=35018 RX ua=95 mt=R len=7
PKT t=35023 TX ua=95 mt=P len=0
PKT t=35032 RX ua=95 mt=R len=7
PKT t=35037 TX ua=95 mt=P len=0
PKT t=35046 RX ua=95 mt=R len=7
PKT t=35055 TX ua=95 mt=P len=0
PKT t=35064 RX ua=95 mt=R len=7
PKT t=35069 TX ua=95 mt=P len=0
PKT t=35078 RX ua=95 mt=R len=7
PKT t=35083 TX ua=95 mt=P len=0
PKT t=35112 RX ua=95 mt=R len=7
PKT t=35117 TX ua=95 mt=T len=7
PKT t=35129 TX ua=95 mt=P len=0
PKT t=35138 RX ua=95 mt=R len=7
PKT t=35143 TX ua=95 mt=P len=0
PKT t=35152 RX ua=95 mt=R len=7
PKT t=35157 TX ua=95 mt=P len=0
PKT t=35166 RX ua=95 mt=R len=7
PKT t=35171 TX ua=95 mt=P len=0
PKT t=35180 RX ua=95 mt=R len=7
PKT t=35185 TX ua=95 mt=P len=0
PKT t=35214 RX ua=95 mt=R len=7
PKT t=35219 TX ua=95 mt=P len=0
PKT t=35228 RX ua=95 mt=R len=7
PKT t=35233 TX ua=95 mt=P len=0
PKT t=35242 RX ua=95 mt=R len=7
PKT t=35247 TX ua=95 mt=P len=0
PKT t=35256 RX ua=95 mt=R len=7
PKT t=35261 TX ua=95 mt=P len=0
PKT t=35270 RX ua=95 mt=R len=7
PKT t=35275 TX ua=95 mt=P len=0
PKT t=35284 RX ua=95 mt=R len=7
PKT t=35289 TX ua=95 mt=P len=0
PKT t=35318 RX ua=95 mt=R len=7
PKT t=35323 TX ua=95 mt=P len=0
PKT t=35332 RX ua=95 mt=R len=7
PKT t=35337 TX ua=95 mt=P len=0
PKT t=35346 RX ua=95 mt=R len=7
PKT t=35351 TX ua=95 mt=T len=7
PKT t=35363 TX ua=95 mt=P len=0
PKT t=35373 RX ua=95 mt=R len=7
PKT t=35378 TX ua=95 mt=P len=0
PKT t=35388 RX ua=95 mt=R len=7
PKT t=35393 TX ua=95 mt=P len=0
PKT t=35422 RX ua=95 mt=R len=7
PKT t=35427 TX ua=95 mt=P len=0
PKT t=35437 RX ua=95 mt=R len=7
PKT t=35442 TX ua=95 mt=P len=0
PKT t=35455 RX ua=95 mt=R len=7
PKT t=35460 TX ua=95 mt=P len=0
PKT t=35470 RX ua=95 mt=R len=7
PKT t=35475 TX ua=95 mt=P len=0
PKT t=35485 RX ua=95 mt=R len=7
PKT t=35490 TX ua=95 mt=P len=0
PKT t=35522 RX ua=95 mt=R len=7
PKT t=35527 TX ua=95 mt=P len=0
PKT t=35537 RX ua=95 mt=R len=7
PKT t=35542 TX ua=95 mt=P len=0
PKT t=35552 RX ua=95 mt=R len=7
PKT t=35557 TX ua=95 mt=P len=0
PKT t=35567 RX ua=95 mt=R len=7
PKT t=35572 TX ua=95 mt=P len=0
PKT t=35582 RX ua=95 mt=R len=7
PKT t=35587 TX ua=95 mt=P len=0
PKT t=35597 RX ua=95 mt=R len=7
PKT t=35602 TX ua=95 mt=T len=7
PKT t=35614 TX ua=95 mt=P len=0
PKT t=35632 RX ua=95 mt=R len=7
PKT t=35637 TX ua=95 mt=P len=0
PKT t=35646 RX ua=95 mt=R len=7
PKT t=35655 TX ua=95 mt=P len=0
PKT t=35664 RX ua=95 mt=R len=7
PKT t=35669 TX ua=95 mt=P len=0
PKT t=35678 RX ua=95 mt=R len=7
PKT t=35683 TX ua=95 mt=P len=0
PKT t=35692 RX ua=95 mt=R len=7
PKT t=35697 TX ua=95 mt=P len=0
PKT t=35730 RX ua=95 mt=R len=7
PKT t=35735 TX ua=95 mt=P len=0
PKT t=35744 RX ua=95 mt=R len=7
PKT t=35749 TX ua=95 mt=P len=0
PKT t=35758 RX ua=95 mt=R len=7
PKT t=35763 TX ua=95 mt=P len=0
PKT t=35772 RX ua=95 mt=R len=7
PKT t=35777 TX ua=95 mt=P len=0
PKT t=35786 RX ua=95 mt=R len=7
PKT t=35791 TX ua=95 mt=P len=0
PKT t=35800 RX ua=95 mt=R len=7
PKT t=35805 TX ua=95 mt=P len=0
PKT t=35834 RX ua=95 mt=R len=7
PKT t=35839 TX ua=95 mt=P len=0
PKT t=35855 RX ua=95 mt=R len=7
PKT t=35860 TX ua=95 mt=T len=7
PKT t=35872 TX ua=95 mt=P len=0
PKT t=35881 RX ua=95 mt=R len=7
PKT t=35886 TX ua=95 mt=P len=0
PKT t=35895 RX ua=95 mt=R len=7
PKT t=35900 TX ua=95 mt=P len=0
PKT t=35933 RX ua=95 mt=R len=7
PKT t=35938 TX ua=95 mt=P len=0
PKT t=35947 RX ua=95 mt=R len=7
PKT t=35952 TX ua=95 mt=P len=0
PKT t=35961 RX ua=95 mt=R len=7
PKT t=35966 TX ua=95 mt=P len=0
PKT t=35975 RX ua=95 mt=R len=7
PKT t=35980 TX ua=95 mt=P len=0
PKT t=35989 RX ua=95 mt=R len=7
PKT t=35994 TX ua=95 mt=P len=0
PKT t=36003 RX ua=95 mt=R len=7
PKT t=36008 TX ua=95 mt=P len=0
PKT t=36037 RX ua=95 mt=R len=7
PKT t=36042 TX ua=95 mt=P len=0
PKT t=36055 RX ua=95 mt=R len=7
PKT t=36060 TX ua=95 mt=P len=0
PKT t=36069 RX ua=95 mt=R len=7
PKT t=36074 TX ua=95 mt=P len=0
PKT t=36083 RX ua=95 mt=R len=7
PKT t=36088 TX ua=95 mt=P len=0
PKT t=36097 RX ua=95 mt=R len=7
PKT t=36102 TX ua=95 mt=T len=7
PKT t=36114 TX ua=95 mt=P len=0
PKT t=36142 RX ua=95 mt=R len=7
PKT t=36147 TX ua=95 mt=P len=0
PKT t=36156 RX ua=95 mt=R len=7
PKT t=36161 TX ua=95 mt=P len=0
PKT t=36170 RX ua=95 mt=R len=7
PKT t=36175 TX ua=95 mt=P len=0
PKT t=36184 RX ua=95 mt=R len=7
PKT t=36189 TX ua=95 mt=P len=0
PKT t=36198 RX ua=95 mt=R len=7
PKT t=36203 TX ua=95 mt=P len=0
PKT t=36212 RX ua=95 mt=R len=7
PKT t=36217 TX ua=95 mt=P len=0
PKT t=36246 RX ua=95 mt=R len=7
PKT t=36255 TX ua=95 mt=P len=0
PKT t=36264 RX ua=95 mt=R len=7
PKT t=36269 TX ua=95 mt=P len=0
PKT t=36278 RX ua=95 mt=R len=7
PKT t=36283 TX ua=95 mt=P len=0
PKT t=36292 RX ua=95 mt=R len=7
PKT t=36297 TX ua=95 mt=P len=0
PKT t=36306 RX ua=95 mt=R len=7
PKT t=36311 TX ua=95 mt=P len=0
PKT t=36320 RX ua=95 mt=R len=7
PKT t=36325 TX ua=95 mt=P len=0
PKT t=36354 RX ua=95 mt=R len=7
PKT t=36359 TX ua=95 mt=T len=7
PKT t=36371 TX ua=95 mt=P len=0
PKT t=36380 RX ua=95 mt=R len=7
PKT t=36385 TX ua=95 mt=P len=0
PKT t=36394 RX ua=95 mt=R len=7
PKT t=36399 TX ua=95 mt=P len=0
PKT t=36408 RX ua=95 mt=R len=7
PKT t=36413 TX ua=95 mt=P len=0
PKT t=36422 RX ua=95 mt=R len=7
PKT t=36427 TX ua=95 mt=P len=0
PKT t=36456 RX ua=95 mt=R len=7
PKT t=36461 TX ua=95 mt=P len=0
PKT t=36470 RX ua=95 mt=R len=7
PKT t=36475 TX ua=95 mt=P len=0
PKT t=36484 RX ua=95 mt=R len=7
PKT t=36489 TX ua=95 mt=P len=0
PKT t=36498 RX ua=95 mt=R len=7
PKT t=36503 TX ua=95 mt=P len=0
PKT t=36512 RX ua=95 mt=R len=7
PKT t=36517 TX ua=95 mt=P len=0
PKT t=36526 RX ua=95 mt=R len=7
PKT t=36531 TX ua=95 mt=P len=0
PKT t=36560 RX ua=95 mt=R len=7
PKT t=36565 TX ua=95 mt=P len=0
PKT t=36574 RX ua=95 mt=R len=7
PKT t=36579 TX ua=95 mt=P len=0
PKT t=36588 RX ua=95 mt=R len=7
PKT t=36593 TX ua=95 mt=P len=0
PKT t=36602 RX ua=95 mt=R len=7
PKT t=36607 TX ua=95 mt=T len=7
PKT t=36619 TX ua=95 mt=P len=0
PKT t=36628 RX ua=95 mt=R len=7
PKT t=36633 TX ua=95 mt=P len=0
PKT t=36662 RX ua=95 mt=R len=7
PKT t=36667 TX ua=95 mt=P len=0
PKT t=36676 RX ua=95 mt=R len=7
PKT t=36681 TX ua=95 mt=P len=0
PKT t=36690 RX ua=95 mt=R len=7
PKT t=36695 TX ua=95 mt=P len=0
PKT t=36704 RX ua=95 mt=R len=7
PKT t=36709 TX ua=95 mt=P len=0
PKT t=36718 RX ua=95 mt=R len=7
PKT t=36723 TX ua=95 mt=P len=0
PKT t=36732 RX ua=95 mt=R len=7
PKT t=36737 TX ua=95 mt=P len=0
PKT t=36766 RX ua=95 mt=R len=7
PKT t=36771 TX ua=95 mt=P len=0
PKT t=36780 RX ua=95 mt=R len=7
PKT t=36785 TX ua=95 mt=P len=0
PKT t=36794 RX ua=95 mt=R len=7
PKT t=36799 TX ua=95 mt=P len=0
PKT t=36808 RX ua=95 mt=R len=7
PKT t=36813 TX ua=95 mt=P len=0
PKT t=36822 RX ua=95 mt=R len=7
PKT t=36827 TX ua=95 mt=P len=0
PKT t=36837 RX ua=95 mt=R len=7
PKT t=36842 TX ua=95 mt=P len=0
PKT t=36871 RX ua=95 mt=R len=7
PKT t=36876 TX ua=95 mt=T len=7
PKT t=36888 TX ua=95 mt=P len=0
PKT t=36897 RX ua=95 mt=R len=7
PKT t=36902 TX ua=95 mt=P len=0
PKT t=36911 RX ua=95 mt=R len=7
PKT t=36916 TX ua=95 mt=P len=0
PKT t=36925 RX ua=95 mt=R len=7
PKT t=36930 TX ua=95 mt=P len=0
PKT t=36940 RX ua=95 mt=R len=7
PKT t=36945 TX ua=95 mt=P len=0
PKT t=36973 RX ua=95 mt=R len=7
PKT t=36978 TX ua=95 mt=P len=0
PKT t=36987 RX ua=95 mt=R len=7
PKT t=36992 TX ua=95 mt=P len=0
PKT t=37001 RX ua=95 mt=R len=7
PKT t=37006 TX ua=95 mt=P len=0
PKT t=37015 RX ua=95 mt=R len=7
PKT t=37020 TX ua=95 mt=P len=0
PKT t=37029 RX ua=95 mt=R len=7
PKT t=37034 TX ua=95 mt=P len=0
PKT t=37043 RX ua=95 mt=R len=7
PKT t=37055 TX ua=95 mt=P len=0
PKT t=37077 RX ua=95 mt=R len=7
PKT t=37082 TX ua=95 mt=P len=0
PKT t=37091 RX ua=95 mt=R len=7
PKT t=37096 TX ua=95 mt=P len=0
PKT t=37105 RX ua=95 mt=R len=7
PKT t=37110 TX ua=95 mt=T len=7
PKT t=37123 TX ua=95 mt=P len=0
PKT t=37132 RX ua=95 mt=R len=7
PKT t=37137 TX ua=95 mt=P len=0
PKT t=37146 RX ua=95 mt=R len=7
PKT t=37151 TX ua=95 mt=P len=0
PKT t=37180 RX ua=95 mt=R len=7
PKT t=37185 TX ua=95 mt=P len=0
PKT t=37194 RX ua=95 mt=R len=7
PKT t=37199 TX ua=95 mt=P len=0
PKT t=37208 RX ua=95 mt=R len=7
PKT t=37213 TX ua=95 mt=P len=0
PKT t=37222 RX ua=95 mt=R len=7
PKT t=37227 TX ua=95 mt=P len=0
PKT t=37236 RX ua=95 mt=R len=7
PKT t=37241 TX ua=95 mt=P len=0
PKT t=37255 RX ua=95 mt=R len=7
PKT t=37260 TX ua=95 mt=P len=0
PKT t=37284 RX ua=95 mt=R len=7
PKT t=37289 TX ua=95 mt=P len=0
PKT t=37298 RX ua=95 mt=R len=7
PKT t=37303 TX ua=95 mt=P len=0
PKT t=37312 RX ua=95 mt=R len=7
PKT t=37317 TX ua=95 mt=P len=0
PKT t=37326 RX ua=95 mt=R len=7
PKT t=37331 TX ua=95 mt=P len=0
PKT t=37340 RX ua=95 mt=R len=7
PKT t=37345 TX ua=95 mt=P len=0
PKT t=37354 RX ua=95 mt=R len=7
PKT t=37359 TX ua=95 mt=T len=7
