PKT t=7133 TX ua=95 mt=P len=0
PKT t=7142 RX ua=95 mt=R len=7
PKT t=7147 TX ua=95 mt=P len=0
PKT t=7156 RX ua=95 mt=R len=7
PKT t=7161 TX ua=95 mt=P len=0
PKT t=7170 RX ua=95 mt=R len=7
PKT t=7175 TX ua=95 mt=P len=0
PKT t=7185 RX ua=95 mt=R len=7
PKT t=7190 TX ua=95 mt=P len=0
PKT t=7219 RX ua=95 mt=R len=7
PKT t=7224 TX ua=95 mt=P len=0
PKT t=7233 RX ua=95 mt=R len=7
PKT t=7238 TX ua=95 mt=P len=0
PKT t=7255 RX ua=95 mt=R len=7
PKT t=7260 TX ua=95 mt=P len=0
PKT t=7270 RX ua=95 mt=R len=7
PKT t=7275 TX ua=95 mt=P len=0
PKT t=7284 RX ua=95 mt=R len=7
PKT t=7289 TX ua=95 mt=P len=0
PKT t=7319 RX ua=95 mt=R len=7
PKT t=7324 TX ua=95 mt=P len=0
PKT t=7333 RX ua=95 mt=R len=7
PKT t=7338 TX ua=95 mt=P len=0
PKT t=7347 RX ua=95 mt=R len=7
PKT t=7352 TX ua=95 mt=T len=7
PKT t=7364 TX ua=95 mt=P len=0
PKT t=7374 RX ua=95 mt=R len=7
PKT t=7379 TX ua=95 mt=P len=0
PKT t=7389 RX ua=95 mt=R len=7
PKT t=7394 TX ua=95 mt=P len=0
PKT t=7423 RX ua=95 mt=R len=7
PKT t=7428 TX ua=95 mt=P len=0
PKT t=7438 RX ua=95 mt=R len=7
PKT t=7443 TX ua=95 mt=P len=0
PKT t=7453 RX ua=95 mt=R len=7
PKT t=7458 TX ua=95 mt=P len=0
PKT t=7468 RX ua=95 mt=R len=7
PKT t=7473 TX ua=95 mt=P len=0
PKT t=7483 RX ua=95 mt=R len=7
PKT t=7488 TX ua=95 mt=P len=0
PKT t=7522 RX ua=95 mt=R len=7
PKT t=7527 TX ua=95 mt=P len=0
PKT t=7537 RX ua=95 mt=R len=7
PKT t=7542 TX ua=95 mt=P len=0
PKT t=7552 RX ua=95 mt=R len=7
PKT t=7557 TX ua=95 mt=P len=0
PKT t=7575 RX ua=95 mt=R len=7
PKT t=7580 TX ua=95 mt=P len=0
PKT t=7590 RX ua=95 mt=R len=7
PKT t=7595 TX ua=95 mt=P len=0
PKT t=7624 RX ua=95 mt=R len=7
PKT t=7629 TX ua=95 mt=T len=7
PKT t=7641 TX ua=95 mt=P len=0
PKT t=7650 RX ua=95 mt=R len=7
PKT t=7655 TX ua=95 mt=P len=0
PKT t=7664 RX ua=95 mt=R len=7
PKT t=7669 TX ua=95 mt=P len=0
PKT t=7678 RX ua=95 mt=R len=7
PKT t=7683 TX ua=95 mt=P len=0
PKT t=7692 RX ua=95 mt=R len=7
PKT t=7697 TX ua=95 mt=P len=0
PKT t=7726 RX ua=95 mt=R len=7
PKT t=7735 TX ua=95 mt=P len=0
PKT t=7744 RX ua=95 mt=R len=7
PKT t=7749 TX ua=95 mt=P len=0
PKT t=7758 RX ua=95 mt=R len=7
PKT t=7763 TX ua=95 mt=P len=0
PKT t=7772 RX ua=95 mt=R len=7
PKT t=7777 TX ua=95 mt=P len=0
PKT t=7786 RX ua=95 mt=R len=7
PKT t=7791 TX ua=95 mt=P len=0
PKT t=7800 RX ua=95 mt=R len=7
PKT t=7805 TX ua=95 mt=P len=0
PKT t=7834 RX ua=95 mt=R len=7
PKT t=7839 TX ua=95 mt=P len=0
PKT t=7848 RX ua=95 mt=R len=7
PKT t=7853 TX ua=95 mt=T len=7
PKT t=7865 TX ua=95 mt=P len=0
PKT t=7874 RX ua=95 mt=R len=7
PKT t=7879 TX ua=95 mt=P len=0
PKT t=7895 RX ua=95 mt=R len=7
PKT t=7900 TX ua=95 mt=P len=0
PKT t=7933 RX ua=95 mt=R len=7
PKT t=7938 TX ua=95 mt=P len=0
PKT t=7947 RX ua=95 mt=R len=7
PKT t=7952 TX ua=95 mt=P len=0
PKT t=7961 RX ua=95 mt=R len=7
PKT t=7966 TX ua=95 mt=P len=0
PKT t=7975 RX ua=95 mt=R len=7
PKT t=7980 TX ua=95 mt=P len=0
PKT t=7989 RX ua=95 mt=R len=7
PKT t=7994 TX ua=95 mt=P len=0
PKT t=8003 RX ua=95 mt=R len=7
PKT t=8008 TX ua=95 mt=P len=0
PKT t=8038 RX ua=95 mt=R len=7
PKT t=8043 TX ua=95 mt=P len=0
PKT t=8055 RX ua=95 mt=R len=7
PKT t=8060 TX ua=95 mt=P len=0
PKT t=8069 RX ua=95 mt=R len=7
PKT t=8074 TX ua=95 mt=P len=0
PKT t=8083 RX ua=95 mt=R len=7
PKT t=8088 TX ua=95 mt=P len=0
PKT t=8098 RX ua=95 mt=R len=7
PKT t=8103 TX ua=95 mt=T len=7
PKT t=8115 TX ua=95 mt=P len=0
PKT t=8143 RX ua=95 mt=R len=7
PKT t=8148 TX ua=95 mt=P len=0
PKT t=8157 RX ua=95 mt=R len=7
PKT t=8162 TX ua=95 mt=P len=0
PKT t=8171 RX ua=95 mt=R len=7
PKT t=8176 TX ua=95 mt=P len=0
PKT t=8185 RX ua=95 mt=R len=7
PKT t=8190 TX ua=95 mt=P len=0
PKT t=8199 RX ua=95 mt=R len=7
PKT t=8204 TX ua=95 mt=P len=0
PKT t=8237 RX ua=95 mt=R len=7
PKT t=8242 TX ua=95 mt=P len=0
PKT t=8251 RX ua=95 mt=R len=7
PKT t=8256 TX ua=95 mt=P len=0
PKT t=8265 RX ua=95 mt=R len=7
PKT t=8270 TX ua=95 mt=P len=0
PKT t=8279 RX ua=95 mt=R len=7
PKT t=8284 TX ua=95 mt=P len=0
PKT t=8293 RX ua=95 mt=R len=7
PKT t=8298 TX ua=95 mt=P len=0
PKT t=8307 RX ua=95 mt=R len=7
PKT t=8312 TX ua=95 mt=P len=0
PKT t=8341 RX ua=95 mt=R len=7
PKT t=8346 TX ua=95 mt=P len=0
PKT t=8355 RX ua=95 mt=R len=7
PKT t=8360 TX ua=95 mt=T len=7
PKT t=8375 TX ua=95 mt=P len=0
PKT t=8384 RX ua=95 mt=R len=7
PKT t=8389 TX ua=95 mt=P len=0
PKT t=8398 RX ua=95 mt=R len=7
PKT t=8403 TX ua=95 mt=P len=0
PKT t=8412 RX ua=95 mt=R len=7
PKT t=8417 TX ua=95 mt=P len=0
PKT t=8446 RX ua=95 mt=R len=7
PKT t=8451 TX ua=95 mt=P len=0
PKT t=8460 RX ua=95 mt=R len=7
PKT t=8465 TX ua=95 mt=P len=0
PKT t=8474 RX ua=95 mt=R len=7
PKT t=8479 TX ua=95 mt=P len=0
PKT t=8488 RX ua=95 mt=R len=7
PKT t=8493 TX ua=95 mt=P len=0
PKT t=8502 RX ua=95 mt=R len=7
PKT t=8507 TX ua=95 mt=P len=0
PKT t=8516 RX ua=95 mt=R len=7
PKT t=8521 TX ua=95 mt=P len=0
PKT t=8550 RX ua=95 mt=R len=7
PKT t=8555 TX ua=95 mt=P len=0
PKT t=8564 RX ua=95 mt=R len=7
PKT t=8569 TX ua=95 mt=P len=0
PKT t=8578 RX ua=95 mt=R len=7
PKT t=8583 TX ua=95 mt=P len=0
PKT t=8592 RX ua=95 mt=R len=7
PKT t=8597 TX ua=95 mt=P len=0
PKT t=8606 RX ua=95 mt=R len=7
PKT t=8611 TX ua=95 mt=T len=7
PKT t=8623 TX ua=95 mt=P len=0
PKT t=8651 RX ua=95 mt=R len=7
PKT t=8656 TX ua=95 mt=P len=0
PKT t=8665 RX ua=95 mt=R len=7
PKT t=8670 TX ua=95 mt=P len=0
PKT t=8679 RX ua=95 mt=R len=7
PKT t=8684 TX ua=95 mt=P len=0
PKT t=8695 RX ua=95 mt=R len=7
PKT t=8700 TX ua=95 mt=P len=0
PKT t=8709 RX ua=95 mt=R len=7
PKT t=8714 TX ua=95 mt=P len=0
PKT t=8723 RX ua=95 mt=R len=7
PKT t=8728 TX ua=95 mt=P len=0
PKT t=8757 RX ua=95 mt=R len=7
PKT t=8762 TX ua=95 mt=P len=0
PKT t=8771 RX ua=95 mt=R len=7
PKT t=8776 TX ua=95 mt=P len=0
PKT t=8785 RX ua=95 mt=R len=7
PKT t=8790 TX ua=95 mt=P len=0
PKT t=8799 RX ua=95 mt=R len=7
PKT t=8804 TX ua=95 mt=P len=0
PKT t=8813 RX ua=95 mt=R len=7
PKT t=8818 TX ua=95 mt=P len=0
PKT t=8827 RX ua=95 mt=R len=7
PKT t=8832 TX ua=95 mt=P len=0
PKT t=8861 RX ua=95 mt=R len=7
PKT t=8866 TX ua=95 mt=T len=7
PKT t=8878 TX ua=95 mt=P len=0
PKT t=8887 RX ua=95 mt=R len=7
PKT t=8892 TX ua=95 mt=P len=0
PKT t=8901 RX ua=95 mt=R len=7
PKT t=8906 TX ua=95 mt=P len=0
PKT t=8915 RX ua=95 mt=R len=7
PKT t=8920 TX ua=95 mt=P len=0
PKT t=8929 RX ua=95 mt=R len=7
PKT t=8934 TX ua=95 mt=P len=0
PKT t=8963 RX ua=95 mt=R len=7
PKT t=8968 TX ua=95 mt=P len=0
PKT t=8977 RX ua=95 mt=R len=7
PKT t=8982 TX ua=95 mt=P len=0
PKT t=8991 RX ua=95 mt=R len=7
PKT t=8996 TX ua=95 mt=P len=0
PKT t=9005 RX ua=95 mt=R len=7
PKT t=9015 TX ua=95 mt=P len=0
PKT t=9024 RX ua=95 mt=R len=7
PKT t=9029 TX ua=95 mt=P len=0
PKT t=9062 RX ua=95 mt=R len=7
PKT t=9067 TX ua=95 mt=P len=0
PKT t=9076 RX ua=95 mt=R len=7
PKT t=9081 TX ua=95 mt=P len=0
PKT t=9090 RX ua=95 mt=R len=7
PKT t=9095 TX ua=95 mt=P len=0
PKT t=9104 RX ua=95 mt=R len=7
PKT t=9109 TX ua=95 mt=T len=7
PKT t=9121 TX ua=95 mt=P len=0
PKT t=9130 RX ua=95 mt=R len=7
PKT t=9135 TX ua=95 mt=P len=0
PKT t=9164 RX ua=95 mt=R len=7
PKT t=9175 TX ua=95 mt=P len=0
PKT t=9184 RX ua=95 mt=R len=7
PKT t=9189 TX ua=95 mt=P len=0
PKT t=9198 RX ua=95 mt=R len=7
PKT t=9203 TX ua=95 mt=P len=0
PKT t=9212 RX ua=95 mt=R len=7
PKT t=9217 TX ua=95 mt=P len=0
PKT t=9226 RX ua=95 mt=R len=7
PKT t=9231 TX ua=95 mt=P len=0
PKT t=9264 RX ua=95 mt=R len=7
PKT t=9269 TX ua=95 mt=P len=0
PKT t=9278 RX ua=95 mt=R len=7
PKT t=9283 TX ua=95 mt=P len=0
PKT t=9292 RX ua=95 mt=R len=7
PKT t=9297 TX ua=95 mt=P len=0
PKT t=9306 RX ua=95 mt=R len=7
PKT t=9311 TX ua=95 mt=P len=0
PKT t=9320 RX ua=95 mt=R len=7
PKT t=9325 TX ua=95 mt=P len=0
PKT t=9335 RX ua=95 mt=R len=7
PKT t=9590 TX ua=96 mt=P len=0
PKT t=9848 TX ua=95 mt=P len=0
PKT t=9857 RX ua=95 mt=R len=7
PKT t=9862 TX ua=95 mt=T len=7
PKT t=9874 TX ua=95 mt=P len=0
PKT t=9883 RX ua=95 mt=R len=7
PKT t=9888 TX ua=95 mt=P len=0
PKT t=9897 RX ua=95 mt=R len=7
PKT t=9902 TX ua=95 mt=P len=0
PKT t=9911 RX ua=95 mt=R len=7
PKT t=9916 TX ua=95 mt=P len=0
PKT t=9925 RX ua=95 mt=R len=7
PKT t=9930 TX ua=95 mt=P len=0
PKT t=9939 RX ua=95 mt=R len=7
PKT t=9944 TX ua=95 mt=P len=0
PKT t=9975 RX ua=95 mt=R len=7
PKT t=9980 TX ua=95 mt=P len=0
PKT t=9989 RX ua=95 mt=R len=7
PKT t=9994 TX ua=95 mt=P len=0
PKT t=10003 RX ua=95 mt=R len=7
PKT t=10009 TX ua=95 mt=P len=0
PKT t=10018 RX ua=95 mt=R len=7
PKT t=10023 TX ua=95 mt=P len=0
PKT t=10032 RX ua=95 mt=R len=7
PKT t=10037 TX ua=95 mt=P len=0
PKT t=10046 RX ua=95 mt=R len=7
PKT t=10051 TX ua=95 mt=P len=0
PKT t=10080 RX ua=95 mt=R len=7
PKT t=10085 TX ua=95 mt=P len=0
PKT t=10094 RX ua=95 mt=R len=7
PKT t=10099 TX ua=95 mt=T len=7
PKT t=10112 TX ua=95 mt=P len=0
PKT t=10121 RX ua=95 mt=R len=7
PKT t=10126 TX ua=95 mt=T len=7
PKT t=10142 TX ua=95 mt=P len=0
PKT t=10151 RX ua=95 mt=R len=7
PKT t=10156 TX ua=95 mt=P len=0
PKT t=10185 RX ua=95 mt=R len=7
PKT t=10190 TX ua=95 mt=P len=0
PKT t=10199 RX ua=95 mt=R len=7
PKT t=10204 TX ua=95 mt=P len=0
PKT t=10213 RX ua=95 mt=R len=7
PKT t=10218 TX ua=95 mt=P len=0
PKT t=10227 RX ua=95 mt=R len=7
PKT t=10232 TX ua=95 mt=P len=0
PKT t=10241 RX ua=95 mt=R len=7
PKT t=10246 TX ua=95 mt=P len=0
PKT t=10255 RX ua=95 mt=R len=7
PKT t=10260 TX ua=95 mt=P len=0
PKT t=10295 RX ua=95 mt=R len=7
PKT t=10300 TX ua=95 mt=P len=0
PKT t=10309 RX ua=95 mt=R len=7
PKT t=10314 TX ua=95 mt=P len=0
PKT t=10323 RX ua=95 mt=R len=7
PKT t=10328 TX ua=95 mt=P len=0
PKT t=10337 RX ua=95 mt=R len=7
PKT t=10342 TX ua=95 mt=P len=0
PKT t=10352 RX ua=95 mt=R len=7
PKT t=10357 TX ua=95 mt=T len=7
PKT t=10370 TX ua=95 mt=P len=0
PKT t=10390 RX ua=95 mt=R len=7
PKT t=10395 TX ua=95 mt=P len=0
PKT t=10404 RX ua=95 mt=R len=7
PKT t=10409 TX ua=95 mt=P len=0
PKT t=10418 RX ua=95 mt=R len=7
PKT t=10423 TX ua=95 mt=P len=0
PKT t=10432 RX ua=95 mt=R len=7
PKT t=10437 TX ua=95 mt=P len=0
PKT t=10446 RX ua=95 mt=R len=7
PKT t=10455 TX ua=95 mt=P len=0
PKT t=10489 RX ua=95 mt=R len=7
PKT t=10494 TX ua=95 mt=P len=0
PKT t=10503 RX ua=95 mt=R len=7
PKT t=10508 TX ua=95 mt=P len=0
PKT t=10517 RX ua=95 mt=R len=7
PKT t=10522 TX ua=95 mt=P len=0
PKT t=10531 RX ua=95 mt=R len=7
PKT t=10536 TX ua=95 mt=P len=0
PKT t=10545 RX ua=95 mt=R len=7
PKT t=10550 TX ua=95 mt=P len=0
PKT t=10559 RX ua=95 mt=R len=7
PKT t=10564 TX ua=95 mt=P len=0
PKT t=10593 RX ua=95 mt=R len=7
PKT t=10598 TX ua=95 mt=T len=7
PKT t=10615 TX ua=95 mt=P len=0
PKT t=10624 RX ua=95 mt=R len=7
PKT t=10629 TX ua=95 mt=P len=0
PKT t=10638 RX ua=95 mt=R len=7
PKT t=10643 TX ua=95 mt=P len=0
PKT t=10652 RX ua=95 mt=R len=7
PKT t=10657 TX ua=95 mt=P len=0
PKT t=10666 RX ua=95 mt=R len=7
PKT t=10671 TX ua=95 mt=P len=0
PKT t=10701 RX ua=95 mt=R len=7
PKT t=10706 TX ua=95 mt=P len=0
PKT t=10715 RX ua=95 mt=R len=7
PKT t=10720 TX ua=95 mt=P len=0
PKT t=10729 RX ua=95 mt=R len=7
PKT t=10734 TX ua=95 mt=P len=0
PKT t=10743 RX ua=95 mt=R len=7
PKT t=10748 TX ua=95 mt=P len=0
PKT t=10757 RX ua=95 mt=R len=7
PKT t=10762 TX ua=95 mt=P len=0
PKT t=10775 RX ua=95 mt=R len=7
PKT t=10780 TX ua=95 mt=P len=0
PKT t=10805 RX ua=95 mt=R len=7
PKT t=10810 TX ua=95 mt=P len=0
PKT t=10819 RX ua=95 mt=R len=7
PKT t=10824 TX ua=95 mt=P len=0
PKT t=10833 RX ua=95 mt=R len=7
PKT t=10838 TX ua=95 mt=P len=0
PKT t=10847 RX ua=95 mt=R len=7
PKT t=10852 TX ua=95 mt=T len=7
PKT t=10865 TX ua=95 mt=P len=0
PKT t=10874 RX ua=95 mt=R len=7
PKT t=10879 TX ua=95 mt=P len=0
PKT t=10908 RX ua=95 mt=R len=7
PKT t=10913 TX ua=95 mt=P len=0
PKT t=10922 RX ua=95 mt=R len=7
PKT t=10927 TX ua=95 mt=P len=0
PKT t=10936 RX ua=95 mt=R len=7
PKT t=10941 TX ua=95 mt=P len=0
PKT t=10950 RX ua=95 mt=R len=7
PKT t=10955 TX ua=95 mt=P len=0
PKT t=10964 RX ua=95 mt=R len=7
PKT t=10969 TX ua=95 mt=P len=0
PKT t=10978 RX ua=95 mt=R len=7
PKT t=10983 TX ua=95 mt=P len=0
PKT t=11012 RX ua=95 mt=R len=7
PKT t=11017 TX ua=95 mt=P len=0
PKT t=11026 RX ua=95 mt=R len=7
PKT t=11031 TX ua=95 mt=P len=0
PKT t=11040 RX ua=95 mt=R len=7
PKT t=11045 TX ua=95 mt=P len=0
PKT t=11054 RX ua=95 mt=R len=7
PKT t=11059 TX ua=95 mt=P len=0
PKT t=11068 RX ua=95 mt=R len=7
PKT t=11073 TX ua=95 mt=P len=0
PKT t=11082 RX ua=95 mt=R len=7
PKT t=11087 TX ua=95 mt=P len=0
PKT t=11117 RX ua=95 mt=R len=7
PKT t=11122 TX ua=95 mt=T len=7
PKT t=11134 TX ua=95 mt=P len=0
PKT t=11143 RX ua=95 mt=R len=7
PKT t=11148 TX ua=95 mt=P len=0
PKT t=11157 RX ua=95 mt=R len=7
PKT t=11162 TX ua=95 mt=P len=0
PKT t=11171 RX ua=95 mt=R len=7
PKT t=11176 TX ua=95 mt=P len=0
PKT t=11185 RX ua=95 mt=R len=7
PKT t=11190 TX ua=95 mt=P len=0
PKT t=11219 RX ua=95 mt=R len=7
PKT t=11224 TX ua=95 mt=P len=0
PKT t=11233 RX ua=95 mt=R len=7
PKT t=11238 TX ua=95 mt=P len=0
PKT t=11255 RX ua=95 mt=R len=7
PKT t=11260 TX ua=95 mt=P len=0
PKT t=11269 RX ua=95 mt=R len=7
PKT t=11274 TX ua=95 mt=P len=0
PKT t=11283 RX ua=95 mt=R len=7
PKT t=11288 TX ua=95 mt=P len=0
PKT t=11319 RX ua=95 mt=R len=7
PKT t=11324 TX ua=95 mt=P len=0
PKT t=11333 RX ua=95 mt=R len=7
PKT t=11338 TX ua=95 mt=P len=0
PKT t=11347 RX ua=95 mt=R len=7
PKT t=11352 TX ua=95 mt=T len=7
PKT t=11364 TX ua=95 mt=P len=0
PKT t=11375 RX ua=95 mt=R len=7
PKT t=11380 TX ua=95 mt=P len=0
PKT t=11390 RX ua=95 mt=R len=7
PKT t=11395 TX ua=95 mt=P len=0
PKT t=11424 RX ua=95 mt=R len=7
PKT t=11429 TX ua=95 mt=P len=0
PKT t=11439 RX ua=95 mt=R len=7
PKT t=11444 TX ua=95 mt=P len=0
PKT t=11454 RX ua=95 mt=R len=7
PKT t=11459 TX ua=95 mt=P len=0
PKT t=11469 RX ua=95 mt=R len=7
PKT t=11474 TX ua=95 mt=P len=0
PKT t=11484 RX ua=95 mt=R len=7
PKT t=11489 TX ua=95 mt=P len=0
PKT t=11523 RX ua=95 mt=R len=7
PKT t=11528 TX ua=95 mt=P len=0
PKT t=11538 RX ua=95 mt=R len=7
PKT t=11543 TX ua=95 mt=P len=0
PKT t=11553 RX ua=95 mt=R len=7
PKT t=11558 TX ua=95 mt=P len=0
PKT t=11575 RX ua=95 mt=R len=7
PKT t=11580 TX ua=95 mt=P len=0
PKT t=11590 RX ua=95 mt=R len=7
PKT t=11595 TX ua=95 mt=P len=0
PKT t=11624 RX ua=95 mt=R len=7
PKT t=11629 TX ua=95 mt=T len=7
PKT t=11641 TX ua=95 mt=P len=0
PKT t=11650 RX ua=95 mt=R len=7
PKT t=11655 TX ua=95 mt=P len=0
PKT t=11664 RX ua=95 mt=R len=7
PKT t=11669 TX ua=95 mt=P len=0
PKT t=11678 RX ua=95 mt=R len=7
PKT t=11683 TX ua=95 mt=P len=0
PKT t=11692 RX ua=95 mt=R len=7
PKT t=11697 TX ua=95 mt=P len=0
PKT t=11726 RX ua=95 mt=R len=7
PKT t=11735 TX ua=95 mt=P len=0
PKT t=11744 RX ua=95 mt=R len=7
PKT t=11749 TX ua=95 mt=P len=0
PKT t=11758 RX ua=95 mt=R len=7
PKT t=11763 TX ua=95 mt=P len=0
PKT t=11773 RX ua=95 mt=R len=7
PKT t=11777 TX ua=95 mt=P len=0
PKT t=11786 RX ua=95 mt=R len=7
PKT t=11791 TX ua=95 mt=P len=0
PKT t=11800 RX ua=95 mt=R len=7
PKT t=11805 TX ua=95 mt=P len=0
PKT t=11834 RX ua=95 mt=R len=7
PKT t=11839 TX ua=95 mt=P len=0
PKT t=11848 RX ua=95 mt=R len=7
PKT t=11853 TX ua=95 mt=T len=7
PKT t=11865 TX ua=95 mt=P len=0
PKT t=11874 RX ua=95 mt=R len=7
PKT t=11879 TX ua=95 mt=P len=0
PKT t=11895 RX ua=95 mt=R len=7
PKT t=11900 TX ua=95 mt=P len=0
PKT t=11934 RX ua=95 mt=R len=7
PKT t=11939 TX ua=95 mt=P len=0
PKT t=11948 RX ua=95 mt=R len=7
PKT t=11953 TX ua=95 mt=P len=0
PKT t=11962 RX ua=95 mt=R len=7
PKT t=11967 TX ua=95 mt=P len=0
PKT t=11976 RX ua=95 mt=R len=7
PKT t=11981 TX ua=95 mt=P len=0
PKT t=11990 RX ua=95 mt=R len=7
PKT t=11995 TX ua=95 mt=P len=0
PKT t=12004 RX ua=95 mt=R len=7
PKT t=12010 TX ua=95 mt=P len=0
PKT t=12038 RX ua=95 mt=R len=7
PKT t=12043 TX ua=95 mt=P len=0
PKT t=12055 RX ua=95 mt=R len=7
PKT t=12060 TX ua=95 mt=P len=0
PKT t=12069 RX ua=95 mt=R len=7
PKT t=12074 TX ua=95 mt=P len=0
PKT t=12083 RX ua=95 mt=R len=7
PKT t=12088 TX ua=95 mt=P len=0
PKT t=12097 RX ua=95 mt=R len=7
PKT t=12102 TX ua=95 mt=T len=7
PKT t=12114 TX ua=95 mt=P len=0
PKT t=12147 RX ua=95 mt=R len=7
PKT t=12151 TX ua=95 mt=P len=0
PKT t=12160 RX ua=95 mt=R len=7
PKT t=12165 TX ua=95 mt=P len=0
PKT t=12174 RX ua=95 mt=R len=7
PKT t=12179 TX ua=95 mt=P len=0
PKT t=12188 RX ua=95 mt=R len=7
PKT t=12193 TX ua=95 mt=P len=0
PKT t=12202 RX ua=95 mt=R len=7
PKT t=12207 TX ua=95 mt=P len=0
PKT t=12216 RX ua=95 mt=R len=7
PKT t=12221 TX ua=95 mt=P len=0
PKT t=12250 RX ua=95 mt=R len=7
PKT t=12255 TX ua=95 mt=P len=0
PKT t=12264 RX ua=95 mt=R len=7
PKT t=12269 TX ua=95 mt=P len=0
PKT t=12278 RX ua=95 mt=R len=7
PKT t=12283 TX ua=95 mt=P len=0
PKT t=12292 RX ua=95 mt=R len=7
PKT t=12297 TX ua=95 mt=P len=0
PKT t=12306 RX ua=95 mt=R len=7
PKT t=12311 TX ua=95 mt=P len=0
PKT t=12320 RX ua=95 mt=R len=7
PKT t=12325 TX ua=95 mt=P len=0
PKT t=12354 RX ua=95 mt=R len=7
PKT t=12359 TX ua=95 mt=T len=7
PKT t=12375 TX ua=95 mt=P len=0
PKT t=12384 RX ua=95 mt=R len=7
PKT t=12389 TX ua=95 mt=P len=0
PKT t=12398 RX ua=95 mt=R len=7
PKT t=12403 TX ua=95 mt=P len=0
PKT t=12412 RX ua=95 mt=R len=7
PKT t=12417 TX ua=95 mt=P len=0
PKT t=12426 RX ua=95 mt=R len=7
PKT t=12431 TX ua=95 mt=P len=0
PKT t=12460 RX ua=95 mt=R len=7
PKT t=12465 TX ua=95 mt=P len=0
PKT t=12474 RX ua=95 mt=R len=7
PKT t=12479 TX ua=95 mt=P len=0
PKT t=12488 RX ua=95 mt=R len=7
PKT t=12493 TX ua=95 mt=P len=0
PKT t=12502 RX ua=95 mt=R len=7
PKT t=12507 TX ua=95 mt=P len=0
PKT t=12516 RX ua=95 mt=R len=7
PKT t=12521 TX ua=95 mt=P len=0
PKT t=12535 RX ua=95 mt=R len=7
PKT t=12540 TX ua=95 mt=P len=0
PKT t=12564 RX ua=95 mt=R len=7
PKT t=12569 TX ua=95 mt=P len=0
PKT t=12578 RX ua=95 mt=R len=7
PKT t=12583 TX ua=95 mt=P len=0
PKT t=12592 RX ua=95 mt=R len=7
PKT t=12597 TX ua=95 mt=P len=0
PKT t=12606 RX ua=95 mt=R len=7
PKT t=12611 TX ua=95 mt=T len=7
PKT t=12623 TX ua=95 mt=P len=0
PKT t=12632 RX ua=95 mt=R len=7
PKT t=12637 TX ua=95 mt=P len=0
PKT t=12666 RX ua=95 mt=R len=7
PKT t=12671 TX ua=95 mt=P len=0
PKT t=12680 RX ua=95 mt=R len=7
PKT t=12685 TX ua=95 mt=P len=0
PKT t=12695 RX ua=95 mt=R len=7
PKT t=12950 TX ua=96 mt=I len=13
PKT t=13458 TX ua=96 mt=T len=4
PKT t=13469 TX ua=95 mt=P len=0
PKT t=13478 RX ua=95 mt=R len=7
PKT t=13483 TX ua=95 mt=T len=7
PKT t=13502 TX ua=95 mt=P len=0
PKT t=13512 RX ua=95 mt=R len=7
PKT t=13517 TX ua=95 mt=P len=0
PKT t=13527 RX ua=95 mt=R len=7
PKT t=13532 TX ua=95 mt=P len=0
PKT t=13566 RX ua=95 mt=R len=7
PKT t=13571 TX ua=95 mt=P len=0
PKT t=13581 RX ua=95 mt=R len=7
PKT t=13586 TX ua=95 mt=P len=0
PKT t=13596 RX ua=95 mt=R len=7
PKT t=13601 TX ua=95 mt=T len=7
PKT t=13614 TX ua=95 mt=P len=0
PKT t=13623 RX ua=95 mt=R len=7
PKT t=13628 TX ua=95 mt=P len=0
PKT t=13638 RX ua=95 mt=R len=7
PKT t=13643 TX ua=95 mt=P len=0
PKT t=13673 RX ua=95 mt=R len=7
PKT t=13678 TX ua=95 mt=P len=0
PKT t=13687 RX ua=95 mt=R len=7
PKT t=13692 TX ua=95 mt=P len=0
PKT t=13701 RX ua=95 mt=R len=7
PKT t=13706 TX ua=95 mt=P len=0
PKT t=13715 RX ua=95 mt=R len=7
PKT t=13720 TX ua=95 mt=P len=0
PKT t=13729 RX ua=95 mt=R len=7
PKT t=13734 TX ua=95 mt=P len=0
PKT t=13743 RX ua=95 mt=R len=7
PKT t=13748 TX ua=95 mt=P len=0
PKT t=13777 RX ua=95 mt=R len=7
PKT t=13782 TX ua=95 mt=P len=0
PKT t=13791 RX ua=95 mt=R len=7
PKT t=13796 TX ua=95 mt=P len=0
PKT t=13805 RX ua=95 mt=R len=7
PKT t=13815 TX ua=95 mt=P len=0
PKT t=13824 RX ua=95 mt=R len=7
PKT t=13829 TX ua=95 mt=P len=0
PKT t=13838 RX ua=95 mt=R len=7
PKT t=13843 TX ua=95 mt=P len=0
PKT t=13877 RX ua=95 mt=R len=7
PKT t=13881 TX ua=95 mt=T len=7
PKT t=13894 TX ua=95 mt=P len=0
PKT t=13903 RX ua=95 mt=R len=7
PKT t=13908 TX ua=95 mt=P len=0
PKT t=13917 RX ua=95 mt=R len=7
PKT t=13922 TX ua=95 mt=P len=0
PKT t=13931 RX ua=95 mt=R len=7
PKT t=13936 TX ua=95 mt=P len=0
PKT t=13945 RX ua=95 mt=R len=7
PKT t=13950 TX ua=95 mt=P len=0
PKT t=13979 RX ua=95 mt=R len=7
PKT t=13984 TX ua=95 mt=P len=0
PKT t=13993 RX ua=95 mt=R len=7
PKT t=13998 TX ua=95 mt=P len=0
PKT t=14011 RX ua=95 mt=R len=7
PKT t=14016 TX ua=95 mt=P len=0
PKT t=14025 RX ua=95 mt=R len=7
PKT t=14030 TX ua=95 mt=P len=0
PKT t=14039 RX ua=95 mt=R len=7
PKT t=14044 TX ua=95 mt=P len=0
PKT t=14053 RX ua=95 mt=R len=7
PKT t=14058 TX ua=95 mt=P len=0
PKT t=14087 RX ua=95 mt=R len=7
PKT t=14092 TX ua=95 mt=P len=0
PKT t=14101 RX ua=95 mt=R len=7
PKT t=14106 TX ua=95 mt=T len=7
PKT t=14118 TX ua=95 mt=P len=0
PKT t=14135 RX ua=95 mt=R len=7
PKT t=14140 TX ua=95 mt=P len=0
PKT t=14149 RX ua=95 mt=R len=7
PKT t=14154 TX ua=95 mt=P len=0
PKT t=14187 RX ua=95 mt=R len=7
PKT t=14192 TX ua=95 mt=P len=0
PKT t=14201 RX ua=95 mt=R len=7
PKT t=14206 TX ua=95 mt=P len=0
PKT t=14215 RX ua=95 mt=R len=7
PKT t=14220 TX ua=95 mt=P len=0
PKT t=14229 RX ua=95 mt=R len=7
PKT t=14234 TX ua=95 mt=P len=0
PKT t=14243 RX ua=95 mt=R len=7
PKT t=14248 TX ua=95 mt=P len=0
PKT t=14257 RX ua=95 mt=R len=7
PKT t=14262 TX ua=95 mt=P len=0
PKT t=14295 RX ua=95 mt=R len=7
PKT t=14300 TX ua=95 mt=P len=0
PKT t=14309 RX ua=95 mt=R len=7
PKT t=14314 TX ua=95 mt=P len=0
PKT t=14323 RX ua=95 mt=R len=7
PKT t=14328 TX ua=95 mt=P len=0
PKT t=14337 RX ua=95 mt=R len=7
PKT t=14342 TX ua=95 mt=P len=0
PKT t=14351 RX ua=95 mt=R len=7
PKT t=14356 TX ua=95 mt=T len=7
PKT t=14368 TX ua=95 mt=P len=0
PKT t=14396 RX ua=95 mt=R len=7
PKT t=14401 TX ua=95 mt=P len=0
PKT t=14410 RX ua=95 mt=R len=7
PKT t=14415 TX ua=95 mt=P len=0
PKT t=14424 RX ua=95 mt=R len=7
PKT t=14429 TX ua=95 mt=P len=0
PKT t=14438 RX ua=95 mt=R len=7
PKT t=14443 TX ua=95 mt=P len=0
PKT t=14455 RX ua=95 mt=R len=7
PKT t=14460 TX ua=95 mt=P len=0
PKT t=14469 RX ua=95 mt=R len=7
PKT t=14474 TX ua=95 mt=P len=0
PKT t=14503 RX ua=95 mt=R len=7
PKT t=14508 TX ua=95 mt=P len=0
PKT t=14517 RX ua=95 mt=R len=7
PKT t=14522 TX ua=95 mt=P len=0
PKT t=14531 RX ua=95 mt=R len=7
PKT t=14536 TX ua=95 mt=P len=0
PKT t=14545 RX ua=95 mt=R len=7
PKT t=14550 TX ua=95 mt=P len=0
PKT t=14559 RX ua=95 mt=R len=7
PKT t=14564 TX ua=95 mt=P len=0
PKT t=14573 RX ua=95 mt=R len=7
PKT t=14578 TX ua=95 mt=P len=0
PKT t=14615 RX ua=95 mt=R len=7
PKT t=14620 TX ua=95 mt=T len=7
PKT t=14632 TX ua=95 mt=P len=0
PKT t=14642 RX ua=95 mt=R len=7
PKT t=14647 TX ua=95 mt=P len=0
PKT t=14656 RX ua=95 mt=R len=7
PKT t=14661 TX ua=95 mt=P len=0
PKT t=14670 RX ua=95 mt=R len=7
PKT t=14675 TX ua=95 mt=P len=0
PKT t=14708 RX ua=95 mt=R len=7
PKT t=14713 TX ua=95 mt=P len=0
PKT t=14722 RX ua=95 mt=R len=7
PKT t=14727 TX ua=95 mt=P len=0
PKT t=14736 RX ua=95 mt=R len=7
PKT t=14741 TX ua=95 mt=P len=0
PKT t=14750 RX ua=95 mt=R len=7
PKT t=14755 TX ua=95 mt=P len=0
PKT t=14764 RX ua=95 mt=R len=7
PKT t=14775 TX ua=95 mt=P len=0
PKT t=14807 RX ua=95 mt=R len=7
PKT t=14812 TX ua=95 mt=P len=0
PKT t=14821 RX ua=95 mt=R len=7
PKT t=14826 TX ua=95 mt=P len=0
PKT t=14835 RX ua=95 mt=R len=7
PKT t=14840 TX ua=95 mt=P len=0
PKT t=14849 RX ua=95 mt=R len=7
PKT t=14854 TX ua=95 mt=T len=7
PKT t=14866 TX ua=95 mt=P len=0
PKT t=14875 RX ua=95 mt=R len=7
PKT t=14880 TX ua=95 mt=P len=0
PKT t=14909 RX ua=95 mt=R len=7
PKT t=14914 TX ua=95 mt=P len=0
PKT t=14923 RX ua=95 mt=R len=7
PKT t=14935 TX ua=95 mt=P len=0
PKT t=14944 RX ua=95 mt=R len=7
PKT t=14949 TX ua=95 mt=P len=0
PKT t=14958 RX ua=95 mt=R len=7
PKT t=14963 TX ua=95 mt=P len=0
PKT t=14972 RX ua=95 mt=R len=7
PKT t=14977 TX ua=95 mt=P len=0
PKT t=15008 RX ua=95 mt=R len=7
PKT t=15013 TX ua=95 mt=P len=0
PKT t=15022 RX ua=95 mt=R len=7
PKT t=15027 TX ua=95 mt=P len=0
PKT t=15036 RX ua=95 mt=R len=7
PKT t=15041 TX ua=95 mt=P len=0
PKT t=15050 RX ua=95 mt=R len=7
PKT t=15055 TX ua=95 mt=P len=0
PKT t=15064 RX ua=95 mt=R len=7
PKT t=15069 TX ua=95 mt=P len=0
PKT t=15078 RX ua=95 mt=R len=7
PKT t=15083 TX ua=95 mt=P len=0
PKT t=15112 RX ua=95 mt=R len=7
PKT t=15117 TX ua=95 mt=T len=7
PKT t=15129 TX ua=95 mt=P len=0
PKT t=15138 RX ua=95 mt=R len=7
PKT t=15143 TX ua=95 mt=P len=0
PKT t=15152 RX ua=95 mt=R len=7
PKT t=15157 TX ua=95 mt=P len=0
PKT t=15166 RX ua=95 mt=R len=7
PKT t=15171 TX ua=95 mt=P len=0
PKT t=15180 RX ua=95 mt=R len=7
PKT t=15185 TX ua=95 mt=P len=0
PKT t=15214 RX ua=95 mt=R len=7
PKT t=15219 TX ua=95 mt=P len=0
PKT t=15228 RX ua=95 mt=R len=7
PKT t=15233 TX ua=95 mt=P len=0
PKT t=15242 RX ua=95 mt=R len=7
PKT t=15247 TX ua=95 mt=P len=0
PKT t=15256 RX ua=95 mt=R len=7
PKT t=15261 TX ua=95 mt=P len=0
PKT t=15270 RX ua=95 mt=R len=7
PKT t=15275 TX ua=95 mt=P len=0
PKT t=15284 RX ua=95 mt=R len=7
PKT t=15289 TX ua=95 mt=P len=0
PKT t=15318 RX ua=95 mt=R len=7
PKT t=15323 TX ua=95 mt=P len=0
PKT t=15332 RX ua=95 mt=R len=7
PKT t=15337 TX ua=95 mt=P len=0
PKT t=15346 RX ua=95 mt=R len=7
PKT t=15351 TX ua=95 mt=T len=7
PKT t=15363 TX ua=95 mt=P len=0
PKT t=15373 RX ua=95 mt=R len=7
PKT t=15378 TX ua=95 mt=P len=0
PKT t=15388 RX ua=95 mt=R len=7
PKT t=15393 TX ua=95 mt=P len=0
PKT t=15422 RX ua=95 mt=R len=7
PKT t=15427 TX ua=95 mt=P len=0
PKT t=15437 RX ua=95 mt=R len=7
PKT t=15442 TX ua=95 mt=P len=0
PKT t=15452 RX ua=95 mt=R len=7
PKT t=15457 TX ua=95 mt=P len=0
PKT t=15467 RX ua=95 mt=R len=7
PKT t=15472 TX ua=95 mt=P len=0
PKT t=15482 RX ua=95 mt=R len=7
PKT t=15487 TX ua=95 mt=P len=0
PKT t=15521 RX ua=95 mt=R len=7
PKT t=15526 TX ua=95 mt=P len=0
PKT t=15536 RX ua=95 mt=R len=7
PKT t=15541 TX ua=95 mt=P len=0
PKT t=15551 RX ua=95 mt=R len=7
PKT t=15556 TX ua=95 mt=P len=0
PKT t=15566 RX ua=95 mt=R len=7
PKT t=15575 TX ua=95 mt=P len=0
PKT t=15585 RX ua=95 mt=R len=7
PKT t=15590 TX ua=95 mt=P len=0
PKT t=15621 RX ua=95 mt=R len=7
PKT t=15626 TX ua=95 mt=T len=7
PKT t=15638 TX ua=95 mt=P len=0
PKT t=15647 RX ua=95 mt=R len=7
PKT t=15652 TX ua=95 mt=P len=0
PKT t=15661 RX ua=95 mt=R len=7
PKT t=15666 TX ua=95 mt=P len=0
PKT t=15675 RX ua=95 mt=R len=7
PKT t=15680 TX ua=95 mt=P len=0
PKT t=15689 RX ua=95 mt=R len=7
PKT t=15694 TX ua=95 mt=P len=0
PKT t=15723 RX ua=95 mt=R len=7
PKT t=15735 TX ua=95 mt=P len=0
PKT t=15744 RX ua=95 mt=R len=7
PKT t=15749 TX ua=95 mt=P len=0
PKT t=15758 RX ua=95 mt=R len=7
PKT t=15763 TX ua=95 mt=P len=0
PKT t=15772 RX ua=95 mt=R len=7
PKT t=15777 TX ua=95 mt=P len=0
PKT t=15786 RX ua=95 mt=R len=7
PKT t=15791 TX ua=95 mt=P len=0
PKT t=15823 RX ua=95 mt=R len=7
PKT t=15828 TX ua=95 mt=P len=0
PKT t=15837 RX ua=95 mt=R len=7
PKT t=15842 TX ua=95 mt=P len=0
PKT t=15851 RX ua=95 mt=R len=7
PKT t=15856 TX ua=95 mt=T len=7
PKT t=15868 TX ua=95 mt=P len=0
PKT t=15877 RX ua=95 mt=R len=7
PKT t=15882 TX ua=95 mt=P len=0
PKT t=15895 RX ua=95 mt=R len=7
PKT t=15900 TX ua=95 mt=P len=0
PKT t=15925 RX ua=95 mt=R len=7
PKT t=15930 TX ua=95 mt=P len=0
PKT t=15939 RX ua=95 mt=R len=7
PKT t=15944 TX ua=95 mt=P len=0
PKT t=15953 RX ua=95 mt=R len=7
PKT t=15958 TX ua=95 mt=P len=0
PKT t=15967 RX ua=95 mt=R len=7
PKT t=15972 TX ua=95 mt=P len=0
PKT t=15981 RX ua=95 mt=R len=7
PKT t=15986 TX ua=95 mt=P len=0
PKT t=15995 RX ua=95 mt=R len=7
PKT t=16000 TX ua=95 mt=P len=0
PKT t=16029 RX ua=95 mt=R len=7
PKT t=16034 TX ua=95 mt=P len=0
PKT t=16043 RX ua=95 mt=R len=7
PKT t=16055 TX ua=95 mt=P len=0
PKT t=16064 RX ua=95 mt=R len=7
PKT t=16069 TX ua=95 mt=P len=0
PKT t=16078 RX ua=95 mt=R len=7
PKT t=16083 TX ua=95 mt=P len=0
PKT t=16092 RX ua=95 mt=R len=7
PKT t=16097 TX ua=95 mt=P len=0
PKT t=16128 RX ua=95 mt=R len=7
PKT t=16133 TX ua=95 mt=T len=7
PKT t=16145 TX ua=95 mt=P len=0
PKT t=16154 RX ua=95 mt=R len=7
PKT t=16159 TX ua=95 mt=P len=0
PKT t=16168 RX ua=95 mt=R len=7
PKT t=16173 TX ua=95 mt=P len=0
PKT t=16182 RX ua=95 mt=R len=7
PKT t=16187 TX ua=95 mt=P len=0
PKT t=16196 RX ua=95 mt=R len=7
PKT t=16201 TX ua=95 mt=P len=0
PKT t=16230 RX ua=95 mt=R len=7
PKT t=16235 TX ua=95 mt=P len=0
PKT t=16244 RX ua=95 mt=R len=7
PKT t=16249 TX ua=95 mt=P len=0
PKT t=16258 RX ua=95 mt=R len=7
PKT t=16263 TX ua=95 mt=P len=0
PKT t=16272 RX ua=95 mt=R len=7
PKT t=16277 TX ua=95 mt=P len=0
PKT t=16286 RX ua=95 mt=R len=7
PKT t=16291 TX ua=95 mt=P len=0
PKT t=16300 RX ua=95 mt=R len=7
PKT t=16305 TX ua=95 mt=P len=0
PKT t=16334 RX ua=95 mt=R len=7
PKT t=16339 TX ua=95 mt=P len=0
PKT t=16348 RX ua=95 mt=R len=7
PKT t=16353 TX ua=95 mt=T len=7
PKT t=16365 TX ua=95 mt=P len=0
PKT t=16375 RX ua=95 mt=R len=7
PKT t=16630 TX ua=96 mt=P len=0
PKT t=16888 TX ua=95 mt=P len=0
PKT t=16897 RX ua=95 mt=R len=7
PKT t=16902 TX ua=95 mt=T len=7
PKT t=16914 TX ua=95 mt=P len=0
PKT t=16936 RX ua=95 mt=R len=7
PKT t=16941 TX ua=95 mt=P len=0
PKT t=16950 RX ua=95 mt=R len=7
PKT t=16955 TX ua=95 mt=P len=0
PKT t=16965 RX ua=95 mt=R len=7
PKT t=16970 TX ua=95 mt=P len=0
PKT t=16979 RX ua=95 mt=R len=7
PKT t=16984 TX ua=95 mt=P len=0
PKT t=16993 RX ua=95 mt=R len=7
PKT t=16998 TX ua=95 mt=P len=0
PKT t=17015 RX ua=95 mt=R len=7
PKT t=17020 TX ua=95 mt=P len=0
PKT t=17042 RX ua=95 mt=R len=7
PKT t=17046 TX ua=95 mt=P len=0
PKT t=17055 RX ua=95 mt=R len=7
PKT t=17060 TX ua=95 mt=P len=0
PKT t=17069 RX ua=95 mt=R len=7
PKT t=17074 TX ua=95 mt=P len=0
PKT t=17083 RX ua=95 mt=R len=7
PKT t=17088 TX ua=95 mt=P len=0
PKT t=17097 RX ua=95 mt=R len=7
PKT t=17102 TX ua=95 mt=T len=7
PKT t=17114 TX ua=95 mt=P len=0
PKT t=17142 RX ua=95 mt=R len=7
PKT t=17147 TX ua=95 mt=P len=0
PKT t=17156 RX ua=95 mt=R len=7
PKT t=17161 TX ua=95 mt=P len=0
PKT t=17175 RX ua=95 mt=R len=7
PKT t=17180 TX ua=95 mt=P len=0
PKT t=17189 RX ua=95 mt=R len=7
PKT t=17194 TX ua=95 mt=P len=0
PKT t=17203 RX ua=95 mt=R len=7
PKT t=17208 TX ua=95 mt=P len=0
PKT t=17242 RX ua=95 mt=R len=7
PKT t=17246 TX ua=95 mt=P len=0
PKT t=17255 RX ua=95 mt=R len=7
PKT t=17260 TX ua=95 mt=P len=0
PKT t=17269 RX ua=95 mt=R len=7
PKT t=17274 TX ua=95 mt=P len=0
PKT t=17283 RX ua=95 mt=R len=7
PKT t=17288 TX ua=95 mt=P len=0
PKT t=17297 RX ua=95 mt=R len=7
PKT t=17302 TX ua=95 mt=P len=0
PKT t=17311 RX ua=95 mt=R len=7
PKT t=17316 TX ua=95 mt=P len=0
PKT t=17345 RX ua=95 mt=R len=7
PKT t=17350 TX ua=95 mt=T len=7
PKT t=17362 TX ua=95 mt=P len=0
PKT t=17372 RX ua=95 mt=R len=7
PKT t=17377 TX ua=95 mt=P len=0
PKT t=17387 RX ua=95 mt=R len=7
PKT t=17392 TX ua=95 mt=P len=0
PKT t=17402 RX ua=95 mt=R len=7
PKT t=17407 TX ua=95 mt=P len=0
PKT t=17417 RX ua=95 mt=R len=7
PKT t=17422 TX ua=95 mt=P len=0
PKT t=17451 RX ua=95 mt=R len=7
PKT t=17456 TX ua=95 mt=P len=0
PKT t=17466 RX ua=95 mt=R len=7
PKT t=17471 TX ua=95 mt=P len=0
PKT t=17481 RX ua=95 mt=R len=7
PKT t=17486 TX ua=95 mt=P len=0
PKT t=17496 RX ua=95 mt=R len=7
PKT t=17501 TX ua=95 mt=P len=0
PKT t=17511 RX ua=95 mt=R len=7
PKT t=17516 TX ua=95 mt=P len=0
PKT t=17550 RX ua=95 mt=R len=7
PKT t=17555 TX ua=95 mt=P len=0
PKT t=17565 RX ua=95 mt=R len=7
PKT t=17570 TX ua=95 mt=P len=0
PKT t=17580 RX ua=95 mt=R len=7
PKT t=17585 TX ua=95 mt=P len=0
PKT t=17595 RX ua=95 mt=R len=7
PKT t=17600 TX ua=95 mt=T len=7
PKT t=17612 TX ua=95 mt=P len=0
PKT t=17621 RX ua=95 mt=R len=7
PKT t=17626 TX ua=95 mt=P len=0
PKT t=17655 RX ua=95 mt=R len=7
PKT t=17660 TX ua=95 mt=P len=0
PKT t=17669 RX ua=95 mt=R len=7
PKT t=17674 TX ua=95 mt=P len=0
PKT t=17683 RX ua=95 mt=R len=7
PKT t=17688 TX ua=95 mt=P len=0
PKT t=17697 RX ua=95 mt=R len=7
PKT t=17702 TX ua=95 mt=P len=0
PKT t=17711 RX ua=95 mt=R len=7
PKT t=17716 TX ua=95 mt=P len=0
PKT t=17725 RX ua=95 mt=R len=7
PKT t=17730 TX ua=95 mt=P len=0
PKT t=17760 RX ua=95 mt=R len=7
PKT t=17765 TX ua=95 mt=P len=0
PKT t=17774 RX ua=95 mt=R len=7
PKT t=17779 TX ua=95 mt=P len=0
PKT t=17788 RX ua=95 mt=R len=7
PKT t=17793 TX ua=95 mt=P len=0
PKT t=17802 RX ua=95 mt=R len=7
PKT t=17807 TX ua=95 mt=P len=0
PKT t=17816 RX ua=95 mt=R len=7
PKT t=17821 TX ua=95 mt=P len=0
PKT t=17830 RX ua=95 mt=R len=7
PKT t=17835 TX ua=95 mt=P len=0
PKT t=17864 RX ua=95 mt=R len=7
PKT t=17869 TX ua=95 mt=T len=7
PKT t=17881 TX ua=95 mt=P len=0
PKT t=17890 RX ua=95 mt=R len=7
PKT t=17895 TX ua=95 mt=P len=0
PKT t=17904 RX ua=95 mt=R len=7
PKT t=17909 TX ua=95 mt=P len=0
PKT t=17918 RX ua=95 mt=R len=7
PKT t=17923 TX ua=95 mt=P len=0
PKT t=17932 RX ua=95 mt=R len=7
PKT t=17937 TX ua=95 mt=P len=0
PKT t=17966 RX ua=95 mt=R len=7
PKT t=17975 TX ua=95 mt=P len=0
PKT t=17984 RX ua=95 mt=R len=7
PKT t=17989 TX ua=95 mt=P len=0
PKT t=17998 RX ua=95 mt=R len=7
PKT t=18003 TX ua=95 mt=P len=0
PKT t=18013 RX ua=95 mt=R len=7
PKT t=18018 TX ua=95 mt=P len=0
PKT t=18027 RX ua=95 mt=R len=7
PKT t=18032 TX ua=95 mt=P len=0
PKT t=18066 RX ua=95 mt=R len=7
PKT t=18071 TX ua=95 mt=P len=0
PKT t=18080 RX ua=95 mt=R len=7
PKT t=18085 TX ua=95 mt=P len=0
PKT t=18094 RX ua=95 mt=R len=7
PKT t=18099 TX ua=95 mt=T len=7
PKT t=18112 TX ua=95 mt=P len=0
PKT t=18121 RX ua=95 mt=R len=7
PKT t=18126 TX ua=95 mt=T len=7
PKT t=18142 TX ua=95 mt=P len=0
PKT t=18171 RX ua=95 mt=R len=7
PKT t=18176 TX ua=95 mt=P len=0
PKT t=18185 RX ua=95 mt=R len=7
PKT t=18190 TX ua=95 mt=P len=0
PKT t=18199 RX ua=95 mt=R len=7
PKT t=18204 TX ua=95 mt=P len=0
PKT t=18213 RX ua=95 mt=R len=7
PKT t=18218 TX ua=95 mt=P len=0
PKT t=18227 RX ua=95 mt=R len=7
PKT t=18232 TX ua=95 mt=P len=0
PKT t=18266 RX ua=95 mt=R len=7
PKT t=18270 TX ua=95 mt=P len=0
PKT t=18279 RX ua=95 mt=R len=7
PKT t=18284 TX ua=95 mt=P len=0
PKT t=18295 RX ua=95 mt=R len=7
PKT t=18300 TX ua=95 mt=P len=0
PKT t=18309 RX ua=95 mt=R len=7
PKT t=18314 TX ua=95 mt=P len=0
PKT t=18323 RX ua=95 mt=R len=7
PKT t=18328 TX ua=95 mt=P len=0
PKT t=18337 RX ua=95 mt=R len=7
PKT t=18342 TX ua=95 mt=P len=0
PKT t=18371 RX ua=95 mt=R len=7
PKT t=18376 TX ua=95 mt=T len=7
PKT t=18389 TX ua=95 mt=P len=0
PKT t=18398 RX ua=95 mt=R len=7
PKT t=18403 TX ua=95 mt=P len=0
PKT t=18412 RX ua=95 mt=R len=7
PKT t=18417 TX ua=95 mt=P len=0
PKT t=18426 RX ua=95 mt=R len=7
PKT t=18431 TX ua=95 mt=P len=0
PKT t=18440 RX ua=95 mt=R len=7
PKT t=18445 TX ua=95 mt=P len=0
PKT t=18474 RX ua=95 mt=R len=7
PKT t=18479 TX ua=95 mt=P len=0
PKT t=18488 RX ua=95 mt=R len=7
PKT t=18493 TX ua=95 mt=P len=0
PKT t=18502 RX ua=95 mt=R len=7
PKT t=18507 TX ua=95 mt=P len=0
PKT t=18516 RX ua=95 mt=R len=7
PKT t=18521 TX ua=95 mt=P len=0
PKT t=18530 RX ua=95 mt=R len=7
PKT t=18535 TX ua=95 mt=P len=0
PKT t=18544 RX ua=95 mt=R len=7
PKT t=18549 TX ua=95 mt=P len=0
PKT t=18578 RX ua=95 mt=R len=7
PKT t=18583 TX ua=95 mt=P len=0
PKT t=18592 RX ua=95 mt=R len=7
PKT t=18597 TX ua=95 mt=P len=0
PKT t=18606 RX ua=95 mt=R len=7
PKT t=18615 TX ua=95 mt=T len=7
PKT t=18628 TX ua=95 mt=P len=0
PKT t=18637 RX ua=95 mt=R len=7
PKT t=18642 TX ua=95 mt=P len=0
PKT t=18651 RX ua=95 mt=R len=7
PKT t=18656 TX ua=95 mt=P len=0
PKT t=18685 RX ua=95 mt=R len=7
PKT t=18690 TX ua=95 mt=P len=0
PKT t=18699 RX ua=95 mt=R len=7
PKT t=18704 TX ua=95 mt=P len=0
PKT t=18713 RX ua=95 mt=R len=7
PKT t=18718 TX ua=95 mt=P len=0
PKT t=18727 RX ua=95 mt=R len=7
PKT t=18732 TX ua=95 mt=P len=0
PKT t=18741 RX ua=95 mt=R len=7
PKT t=18746 TX ua=95 mt=P len=0
PKT t=18755 RX ua=95 mt=R len=7
PKT t=18760 TX ua=95 mt=P len=0
PKT t=18789 RX ua=95 mt=R len=7
PKT t=18794 TX ua=95 mt=P len=0
PKT t=18803 RX ua=95 mt=R len=7
PKT t=18808 TX ua=95 mt=P len=0
PKT t=18817 RX ua=95 mt=R len=7
PKT t=18822 TX ua=95 mt=P len=0
PKT t=18831 RX ua=95 mt=R len=7
PKT t=18836 TX ua=95 mt=P len=0
PKT t=18845 RX ua=95 mt=R len=7
PKT t=18850 TX ua=95 mt=T len=7
PKT t=18863 TX ua=95 mt=P len=0
PKT t=18890 RX ua=95 mt=R len=7
PKT t=18895 TX ua=95 mt=P len=0
PKT t=18904 RX ua=95 mt=R len=7
PKT t=18909 TX ua=95 mt=P len=0
PKT t=18918 RX ua=95 mt=R len=7
PKT t=18923 TX ua=95 mt=P len=0
PKT t=18935 RX ua=95 mt=R len=7
PKT t=18940 TX ua=95 mt=P len=0
PKT t=18949 RX ua=95 mt=R len=7
PKT t=18954 TX ua=95 mt=P len=0
PKT t=18963 RX ua=95 mt=R len=7
PKT t=18968 TX ua=95 mt=P len=0
PKT t=18997 RX ua=95 mt=R len=7
PKT t=19002 TX ua=95 mt=P len=0
PKT t=19011 RX ua=95 mt=R len=7
PKT t=19016 TX ua=95 mt=P len=0
PKT t=19025 RX ua=95 mt=R len=7
PKT t=19030 TX ua=95 mt=P len=0
PKT t=19039 RX ua=95 mt=R len=7
PKT t=19044 TX ua=95 mt=P len=0
PKT t=19053 RX ua=95 mt=R len=7
PKT t=19058 TX ua=95 mt=P len=0
PKT t=19067 RX ua=95 mt=R len=7
PKT t=19072 TX ua=95 mt=P len=0
PKT t=19101 RX ua=95 mt=R len=7
PKT t=19106 TX ua=95 mt=T len=7
PKT t=19118 TX ua=95 mt=P len=0
PKT t=19127 RX ua=95 mt=R len=7
PKT t=19132 TX ua=95 mt=P len=0
PKT t=19141 RX ua=95 mt=R len=7
PKT t=19146 TX ua=95 mt=P len=0
PKT t=19156 RX ua=95 mt=R len=7
PKT t=19161 TX ua=95 mt=P len=0
PKT t=19170 RX ua=95 mt=R len=7
PKT t=19175 TX ua=95 mt=P len=0
PKT t=19204 RX ua=95 mt=R len=7
PKT t=19209 TX ua=95 mt=P len=0
PKT t=19218 RX ua=95 mt=R len=7
PKT t=19223 TX ua=95 mt=P len=0
PKT t=19232 RX ua=95 mt=R len=7
PKT t=19237 TX ua=95 mt=P len=0
PKT t=19246 RX ua=95 mt=R len=7
PKT t=19255 TX ua=95 mt=P len=0
PKT t=19264 RX ua=95 mt=R len=7
PKT t=19269 TX ua=95 mt=P len=0
PKT t=19278 RX ua=95 mt=R len=7
PKT t=19283 TX ua=95 mt=P len=0
PKT t=19312 RX ua=95 mt=R len=7
PKT t=19317 TX ua=95 mt=P len=0
PKT t=19326 RX ua=95 mt=R len=7
PKT t=19331 TX ua=95 mt=P len=0
PKT t=19340 RX ua=95 mt=R len=7
PKT t=19345 TX ua=95 mt=P len=0
PKT t=19354 RX ua=95 mt=R len=7
PKT t=19359 TX ua=95 mt=T len=7
PKT t=19371 TX ua=95 mt=P len=0
PKT t=19381 RX ua=95 mt=R len=7
PKT t=19386 TX ua=95 mt=P len=0
PKT t=19415 RX ua=95 mt=R len=7
PKT t=19420 TX ua=95 mt=P len=0
PKT t=19430 RX ua=95 mt=R len=7
PKT t=19435 TX ua=95 mt=P len=0
PKT t=19445 RX ua=95 mt=R len=7
PKT t=19450 TX ua=95 mt=P len=0
PKT t=19460 RX ua=95 mt=R len=7
PKT t=19465 TX ua=95 mt=P len=0
PKT t=19475 RX ua=95 mt=R len=7
PKT t=19480 TX ua=95 mt=P len=0
PKT t=19514 RX ua=95 mt=R len=7
PKT t=19519 TX ua=95 mt=P len=0
PKT t=19529 RX ua=95 mt=R len=7
PKT t=19534 TX ua=95 mt=P len=0
PKT t=19544 RX ua=95 mt=R len=7
PKT t=19549 TX ua=95 mt=P len=0
PKT t=19559 RX ua=95 mt=R len=7
PKT t=19564 TX ua=95 mt=P len=0
PKT t=19575 RX ua=95 mt=R len=7
PKT t=19580 TX ua=95 mt=P len=0
PKT t=19614 RX ua=95 mt=R len=7
PKT t=19619 TX ua=95 mt=T len=7
PKT t=19631 TX ua=95 mt=P len=0
PKT t=19640 RX ua=95 mt=R len=7
PKT t=19645 TX ua=95 mt=P len=0
PKT t=19654 RX ua=95 mt=R len=7
PKT t=19659 TX ua=95 mt=P len=0
PKT t=19668 RX ua=95 mt=R len=7
PKT t=19673 TX ua=95 mt=P len=0
PKT t=19682 RX ua=95 mt=R len=7
PKT t=19687 TX ua=95 mt=P len=0
PKT t=19716 RX ua=95 mt=R len=7
PKT t=19721 TX ua=95 mt=P len=0
PKT t=19735 RX ua=95 mt=R len=7
PKT t=19740 TX ua=95 mt=P len=0
PKT t=19749 RX ua=95 mt=R len=7
PKT t=19754 TX ua=95 mt=P len=0
PKT t=19763 RX ua=95 mt=R len=7
PKT t=19768 TX ua=95 mt=P len=0
PKT t=19777 RX ua=95 mt=R len=7
PKT t=19782 TX ua=95 mt=P len=0
PKT t=19816 RX ua=95 mt=R len=7
PKT t=19820 TX ua=95 mt=P len=0
PKT t=19829 RX ua=95 mt=R len=7
PKT t=19834 TX ua=95 mt=P len=0
PKT t=19843 RX ua=95 mt=R len=7
PKT t=19848 TX ua=95 mt=T len=7
PKT t=19860 TX ua=95 mt=P len=0
PKT t=19869 RX ua=95 mt=R len=7
PKT t=19874 TX ua=95 mt=P len=0
PKT t=19883 RX ua=95 mt=R len=7
PKT t=19895 TX ua=95 mt=P len=0
PKT t=19917 RX ua=95 mt=R len=7
PKT t=19922 TX ua=95 mt=P len=0
PKT t=19931 RX ua=95 mt=R len=7
PKT t=19936 TX ua=95 mt=P len=0
PKT t=19945 RX ua=95 mt=R len=7
PKT t=19950 TX ua=95 mt=P len=0
PKT t=19959 RX ua=95 mt=R len=7
PKT t=19964 TX ua=95 mt=P len=0
PKT t=19973 RX ua=95 mt=R len=7
PKT t=19978 TX ua=95 mt=P len=0
PKT t=19987 RX ua=95 mt=R len=7
PKT t=19992 TX ua=95 mt=P len=0
PKT t=20021 RX ua=95 mt=R len=7
PKT t=20026 TX ua=95 mt=P len=0
PKT t=20035 RX ua=95 mt=R len=7
PKT t=20040 TX ua=95 mt=P len=0
PKT t=20055 RX ua=95 mt=R len=7
PKT t=20060 TX ua=95 mt=P len=0
PKT t=20069 RX ua=95 mt=R len=7
PKT t=20074 TX ua=95 mt=P len=0
PKT t=20083 RX ua=95 mt=R len=7
PKT t=20088 TX ua=95 mt=P len=0
PKT t=20120 RX ua=95 mt=R len=7
PKT t=20125 TX ua=95 mt=T len=7
PKT t=20137 TX ua=95 mt=P len=0
PKT t=20146 RX ua=95 mt=R len=7
PKT t=20151 TX ua=95 mt=P len=0
PKT t=20160 RX ua=95 mt=R len=7
PKT t=20165 TX ua=95 mt=P len=0
PKT t=20174 RX ua=95 mt=R len=7
PKT t=20179 TX ua=95 mt=P len=0
PKT t=20188 RX ua=95 mt=R len=7
PKT t=20193 TX ua=95 mt=P len=0
PKT t=20222 RX ua=95 mt=R len=7
PKT t=20227 TX ua=95 mt=P len=0
PKT t=20236 RX ua=95 mt=R len=7
PKT t=20241 TX ua=95 mt=P len=0
PKT t=20250 RX ua=95 mt=R len=7
PKT t=20255 TX ua=95 mt=P len=0
PKT t=20264 RX ua=95 mt=R len=7
PKT t=20269 TX ua=95 mt=P len=0
PKT t=20278 RX ua=95 mt=R len=7
PKT t=20283 TX ua=95 mt=P len=0
PKT t=20292 RX ua=95 mt=R len=7
PKT t=20297 TX ua=95 mt=P len=0
PKT t=20326 RX ua=95 mt=R len=7
PKT t=20331 TX ua=95 mt=P len=0
PKT t=20340 RX ua=95 mt=R len=7
PKT t=20345 TX ua=95 mt=P len=0
PKT t=20354 RX ua=95 mt=R len=7
PKT t=20359 TX ua=95 mt=T len=7
PKT t=20375 TX ua=95 mt=P len=0
PKT t=20384 RX ua=95 mt=R len=7
PKT t=20389 TX ua=95 mt=P len=0
PKT t=20398 RX ua=95 mt=R len=7
PKT t=20403 TX ua=95 mt=P len=0
PKT t=20432 RX ua=95 mt=R len=7
PKT t=20437 TX ua=95 mt=P len=0
PKT t=20446 RX ua=95 mt=R len=7
PKT t=20451 TX ua=95 mt=P len=0
PKT t=20460 RX ua=95 mt=R len=7
PKT t=20465 TX ua=95 mt=P len=0
PKT t=20474 RX ua=95 mt=R len=7
PKT t=20479 TX ua=95 mt=P len=0
PKT t=20488 RX ua=95 mt=R len=7
PKT t=20493 TX ua=95 mt=P len=0
PKT t=20502 RX ua=95 mt=R len=7
PKT t=20507 TX ua=95 mt=P len=0
PKT t=20536 RX ua=95 mt=R len=7
PKT t=20541 TX ua=95 mt=P len=0
PKT t=20550 RX ua=95 mt=R len=7
PKT t=20555 TX ua=95 mt=P len=0
PKT t=20564 RX ua=95 mt=R len=7
PKT t=20569 TX ua=95 mt=P len=0
PKT t=20578 RX ua=95 mt=R len=7
PKT t=20583 TX ua=95 mt=P len=0
PKT t=20592 RX ua=95 mt=R len=7
PKT t=20597 TX ua=95 mt=P len=0
PKT t=20606 RX ua=95 mt=R len=7
PKT t=20611 TX ua=95 mt=T len=7
PKT t=20623 TX ua=95 mt=P len=0
PKT t=20642 RX ua=95 mt=R len=7
PKT t=20647 TX ua=95 mt=P len=0
PKT t=20656 RX ua=95 mt=R len=7
PKT t=20661 TX ua=95 mt=P len=0
PKT t=20670 RX ua=95 mt=R len=7
PKT t=20675 TX ua=95 mt=P len=0
PKT t=20684 RX ua=95 mt=R len=7
PKT t=20695 TX ua=95 mt=P len=0
PKT t=20704 RX ua=95 mt=R len=7
PKT t=20709 TX ua=95 mt=P len=0
PKT t=20740 RX ua=95 mt=R len=7
PKT t=20744 TX ua=95 mt=P len=0
PKT t=20753 RX ua=95 mt=R len=7
PKT t=20758 TX ua=95 mt=P len=0
PKT t=20767 RX ua=95 mt=R len=7
PKT t=20772 TX ua=95 mt=P len=0
PKT t=20781 RX ua=95 mt=R len=7
PKT t=20786 TX ua=95 mt=P len=0
PKT t=20795 RX ua=95 mt=R len=7
PKT t=20800 TX ua=95 mt=P len=0
PKT t=20809 RX ua=95 mt=R len=7
PKT t=20814 TX ua=95 mt=P len=0
PKT t=20843 RX ua=95 mt=R len=7
PKT t=20855 TX ua=95 mt=T len=7
PKT t=20867 TX ua=95 mt=P len=0
PKT t=20876 RX ua=95 mt=R len=7
PKT t=20881 TX ua=95 mt=P len=0
PKT t=20890 RX ua=95 mt=R len=7
PKT t=20895 TX ua=95 mt=P len=0
PKT t=20904 RX ua=95 mt=R len=7
PKT t=20909 TX ua=95 mt=P len=0
PKT t=20943 RX ua=95 mt=R len=7
PKT t=20948 TX ua=95 mt=P len=0
PKT t=20957 RX ua=95 mt=R len=7
PKT t=20962 TX ua=95 mt=P len=0
PKT t=20971 RX ua=95 mt=R len=7
PKT t=20976 TX ua=95 mt=P len=0
PKT t=20985 RX ua=95 mt=R len=7
PKT t=20990 TX ua=95 mt=P len=0
PKT t=20999 RX ua=95 mt=R len=7
PKT t=21004 TX ua=95 mt=P len=0
PKT t=21015 RX ua=95 mt=R len=7
PKT t=21020 TX ua=95 mt=P len=0
PKT t=21047 RX ua=95 mt=R len=7
PKT t=21052 TX ua=95 mt=P len=0
PKT t=21061 RX ua=95 mt=R len=7
PKT t=21066 TX ua=95 mt=P len=0
PKT t=21075 RX ua=95 mt=R len=7
PKT t=21080 TX ua=95 mt=P len=0
PKT t=21089 RX ua=95 mt=R len=7
PKT t=21094 TX ua=95 mt=P len=0
PKT t=21103 RX ua=95 mt=R len=7
PKT t=21108 TX ua=95 mt=T len=7
PKT t=21121 TX ua=95 mt=P len=0
PKT t=21148 RX ua=95 mt=R len=7
PKT t=21153 TX ua=95 mt=P len=0
PKT t=21162 RX ua=95 mt=R len=7
PKT t=21167 TX ua=95 mt=P len=0
PKT t=21176 RX ua=95 mt=R len=7
PKT t=21181 TX ua=95 mt=P len=0
PKT t=21190 RX ua=95 mt=R len=7
PKT t=21195 TX ua=95 mt=P len=0
PKT t=21204 RX ua=95 mt=R len=7
PKT t=21209 TX ua=95 mt=P len=0
PKT t=21218 RX ua=95 mt=R len=7
PKT t=21223 TX ua=95 mt=P len=0
PKT t=21252 RX ua=95 mt=R len=7
PKT t=21257 TX ua=95 mt=P len=0
PKT t=21266 RX ua=95 mt=R len=7
PKT t=21271 TX ua=95 mt=P len=0
PKT t=21280 RX ua=95 mt=R len=7
PKT t=21285 TX ua=95 mt=P len=0
PKT t=21294 RX ua=95 mt=R len=7
PKT t=21299 TX ua=95 mt=P len=0
PKT t=21309 RX ua=95 mt=R len=7
PKT t=21314 TX ua=95 mt=P len=0
PKT t=21323 RX ua=95 mt=R len=7
PKT t=21335 TX ua=95 mt=P len=0
PKT t=21357 RX ua=95 mt=R len=7
PKT t=21362 TX ua=95 mt=T len=7
PKT t=21375 TX ua=95 mt=P len=0
PKT t=21385 RX ua=95 mt=R len=7
PKT t=21390 TX ua=95 mt=P len=0
PKT t=21400 RX ua=95 mt=R len=7
PKT t=21405 TX ua=95 mt=P len=0
PKT t=21415 RX ua=95 mt=R len=7
PKT t=21420 TX ua=95 mt=P len=0
PKT t=21430 RX ua=95 mt=R len=7
PKT t=21435 TX ua=95 mt=P len=0
PKT t=21464 RX ua=95 mt=R len=7
PKT t=21469 TX ua=95 mt=P len=0
PKT t=21479 RX ua=95 mt=R len=7
PKT t=21484 TX ua=95 mt=P len=0
PKT t=21495 RX ua=95 mt=R len=7
PKT t=21500 TX ua=95 mt=P len=0
PKT t=21510 RX ua=95 mt=R len=7
PKT t=21515 TX ua=95 mt=P len=0
PKT t=21525 RX ua=95 mt=R len=7
PKT t=21530 TX ua=95 mt=P len=0
PKT t=21563 RX ua=95 mt=R len=7
PKT t=21568 TX ua=95 mt=P len=0
PKT t=21578 RX ua=95 mt=R len=7
PKT t=21583 TX ua=95 mt=P len=0
PKT t=21593 RX ua=95 mt=R len=7
PKT t=21598 TX ua=95 mt=T len=7
PKT t=21611 TX ua=95 mt=P len=0
PKT t=21620 RX ua=95 mt=R len=7
PKT t=21625 TX ua=95 mt=P len=0
PKT t=21634 RX ua=95 mt=R len=7
PKT t=21639 TX ua=95 mt=P len=0
PKT t=21668 RX ua=95 mt=R len=7
PKT t=21673 TX ua=95 mt=P len=0
PKT t=21682 RX ua=95 mt=R len=7
PKT t=21687 TX ua=95 mt=P len=0
PKT t=21696 RX ua=95 mt=R len=7
PKT t=21701 TX ua=95 mt=P len=0
PKT t=21710 RX ua=95 mt=R len=7
PKT t=21715 TX ua=95 mt=P len=0
PKT t=21724 RX ua=95 mt=R len=7
PKT t=21729 TX ua=95 mt=P len=0
PKT t=21738 RX ua=95 mt=R len=7
PKT t=21743 TX ua=95 mt=P len=0
PKT t=21772 RX ua=95 mt=R len=7
PKT t=21777 TX ua=95 mt=P len=0
PKT t=21786 RX ua=95 mt=R len=7
PKT t=21791 TX ua=95 mt=P len=0
PKT t=21800 RX ua=95 mt=R len=7
PKT t=21805 TX ua=95 mt=P len=0
PKT t=21815 RX ua=95 mt=R len=7
PKT t=22070 TX ua=96 mt=P len=0
PKT t=22328 TX ua=95 mt=P len=0
PKT t=22337 RX ua=95 mt=R len=7
PKT t=22342 TX ua=95 mt=T len=7
PKT t=22354 TX ua=95 mt=P len=0
PKT t=22374 RX ua=95 mt=R len=7
PKT t=22379 TX ua=95 mt=P len=0
PKT t=22388 RX ua=95 mt=R len=7
PKT t=22393 TX ua=95 mt=P len=0
PKT t=22402 RX ua=95 mt=R len=7
PKT t=22407 TX ua=95 mt=P len=0
PKT t=22416 RX ua=95 mt=R len=7
PKT t=22421 TX ua=95 mt=P len=0
PKT t=22430 RX ua=95 mt=R len=7
PKT t=22435 TX ua=95 mt=P len=0
PKT t=22444 RX ua=95 mt=R len=7
PKT t=22455 TX ua=95 mt=P len=0
PKT t=22478 RX ua=95 mt=R len=7
PKT t=22483 TX ua=95 mt=P len=0
PKT t=22492 RX ua=95 mt=R len=7
PKT t=22497 TX ua=95 mt=P len=0
PKT t=22506 RX ua=95 mt=R len=7
PKT t=22511 TX ua=95 mt=P len=0
PKT t=22520 RX ua=95 mt=R len=7
PKT t=22525 TX ua=95 mt=P len=0
PKT t=22534 RX ua=95 mt=R len=7
PKT t=22539 TX ua=95 mt=P len=0
PKT t=22548 RX ua=95 mt=R len=7
PKT t=22553 TX ua=95 mt=P len=0
PKT t=22582 RX ua=95 mt=R len=7
PKT t=22587 TX ua=95 mt=P len=0
PKT t=22596 RX ua=95 mt=R len=7
PKT t=22601 TX ua=95 mt=T len=7
PKT t=22620 TX ua=95 mt=P len=0
PKT t=22629 RX ua=95 mt=R len=7
PKT t=22634 TX ua=95 mt=P len=0
PKT t=22643 RX ua=95 mt=R len=7
PKT t=22648 TX ua=95 mt=P len=0
PKT t=22682 RX ua=95 mt=R len=7
PKT t=22686 TX ua=95 mt=P len=0
PKT t=22695 RX ua=95 mt=R len=7
PKT t=22700 TX ua=95 mt=P len=0
PKT t=22709 RX ua=95 mt=R len=7
PKT t=22714 TX ua=95 mt=P len=0
PKT t=22723 RX ua=95 mt=R len=7
PKT t=22728 TX ua=95 mt=P len=0
PKT t=22737 RX ua=95 mt=R len=7
PKT t=22742 TX ua=95 mt=P len=0
PKT t=22751 RX ua=95 mt=R len=7
PKT t=22756 TX ua=95 mt=P len=0
PKT t=22785 RX ua=95 mt=R len=7
PKT t=22790 TX ua=95 mt=P len=0
PKT t=22799 RX ua=95 mt=R len=7
PKT t=22804 TX ua=95 mt=P len=0
PKT t=22813 RX ua=95 mt=R len=7
PKT t=22818 TX ua=95 mt=P len=0
PKT t=22827 RX ua=95 mt=R len=7
PKT t=22832 TX ua=95 mt=P len=0
PKT t=22841 RX ua=95 mt=R len=7
PKT t=22846 TX ua=95 mt=P len=0
PKT t=22855 RX ua=95 mt=R len=7
PKT t=22860 TX ua=95 mt=T len=7
PKT t=22872 TX ua=95 mt=P len=0
PKT t=22891 RX ua=95 mt=R len=7
PKT t=22896 TX ua=95 mt=P len=0
PKT t=22905 RX ua=95 mt=R len=7
PKT t=22910 TX ua=95 mt=P len=0
PKT t=22919 RX ua=95 mt=R len=7
PKT t=22924 TX ua=95 mt=P len=0
PKT t=22935 RX ua=95 mt=R len=7
PKT t=22940 TX ua=95 mt=P len=0
PKT t=22949 RX ua=95 mt=R len=7
PKT t=22954 TX ua=95 mt=P len=0
PKT t=22963 RX ua=95 mt=R len=7
PKT t=22968 TX ua=95 mt=P len=0
PKT t=22997 RX ua=95 mt=R len=7
PKT t=23002 TX ua=95 mt=P len=0
PKT t=23011 RX ua=95 mt=R len=7
PKT t=23016 TX ua=95 mt=P len=0
PKT t=23025 RX ua=95 mt=R len=7
PKT t=23030 TX ua=95 mt=P len=0
PKT t=23039 RX ua=95 mt=R len=7
PKT t=23044 TX ua=95 mt=P len=0
PKT t=23053 RX ua=95 mt=R len=7
PKT t=23058 TX ua=95 mt=P len=0
PKT t=23067 RX ua=95 mt=R len=7
PKT t=23072 TX ua=95 mt=P len=0
PKT t=23101 RX ua=95 mt=R len=7
PKT t=23106 TX ua=95 mt=T len=7
PKT t=23118 TX ua=95 mt=P len=0
PKT t=23127 RX ua=95 mt=R len=7
PKT t=23132 TX ua=95 mt=P len=0
PKT t=23141 RX ua=95 mt=R len=7
PKT t=23146 TX ua=95 mt=P len=0
PKT t=23155 RX ua=95 mt=R len=7
PKT t=23160 TX ua=95 mt=P len=0
PKT t=23169 RX ua=95 mt=R len=7
PKT t=23174 TX ua=95 mt=P len=0
PKT t=23203 RX ua=95 mt=R len=7
PKT t=23208 TX ua=95 mt=P len=0
PKT t=23217 RX ua=95 mt=R len=7
PKT t=23222 TX ua=95 mt=P len=0
PKT t=23231 RX ua=95 mt=R len=7
PKT t=23236 TX ua=95 mt=P len=0
PKT t=23245 RX ua=95 mt=R len=7
PKT t=23255 TX ua=95 mt=P len=0
PKT t=23264 RX ua=95 mt=R len=7
PKT t=23269 TX ua=95 mt=P len=0
PKT t=23303 RX ua=95 mt=R len=7
PKT t=23307 TX ua=95 mt=P len=0
PKT t=23316 RX ua=95 mt=R len=7
PKT t=23321 TX ua=95 mt=P len=0
PKT t=23330 RX ua=95 mt=R len=7
PKT t=23335 TX ua=95 mt=P len=0
PKT t=23344 RX ua=95 mt=R len=7
PKT t=23349 TX ua=95 mt=T len=7
PKT t=23361 TX ua=95 mt=P len=0
PKT t=23371 RX ua=95 mt=R len=7
PKT t=23376 TX ua=95 mt=P len=0
PKT t=23405 RX ua=95 mt=R len=7
PKT t=23415 TX ua=95 mt=P len=0
PKT t=23425 RX ua=95 mt=R len=7
PKT t=23430 TX ua=95 mt=P len=0
PKT t=23440 RX ua=95 mt=R len=7
PKT t=23445 TX ua=95 mt=P len=0
PKT t=23455 RX ua=95 mt=R len=7
PKT t=23460 TX ua=95 mt=P len=0
PKT t=23470 RX ua=95 mt=R len=7
PKT t=23475 TX ua=95 mt=P len=0
PKT t=23504 RX ua=95 mt=R len=7
PKT t=23509 TX ua=95 mt=P len=0
PKT t=23519 RX ua=95 mt=R len=7
PKT t=23524 TX ua=95 mt=P len=0
PKT t=23534 RX ua=95 mt=R len=7
PKT t=23539 TX ua=95 mt=P len=0
PKT t=23549 RX ua=95 mt=R len=7
PKT t=23554 TX ua=95 mt=P len=0
PKT t=23564 RX ua=95 mt=R len=7
PKT t=23575 TX ua=95 mt=P len=0
PKT t=23604 RX ua=95 mt=R len=7
PKT t=23609 TX ua=95 mt=T len=7
PKT t=23621 TX ua=95 mt=P len=0
PKT t=23630 RX ua=95 mt=R len=7
PKT t=23635 TX ua=95 mt=P len=0
PKT t=23644 RX ua=95 mt=R len=7
PKT t=23649 TX ua=95 mt=P len=0
PKT t=23658 RX ua=95 mt=R len=7
PKT t=23663 TX ua=95 mt=P len=0
PKT t=23672 RX ua=95 mt=R len=7
PKT t=23677 TX ua=95 mt=P len=0
PKT t=23706 RX ua=95 mt=R len=7
PKT t=23711 TX ua=95 mt=P len=0
PKT t=23720 RX ua=95 mt=R len=7
PKT t=23725 TX ua=95 mt=P len=0
PKT t=23735 RX ua=95 mt=R len=7
PKT t=23990 TX ua=96 mt=P len=0
PKT t=24248 TX ua=95 mt=P len=0
PKT t=24257 RX ua=95 mt=R len=7
PKT t=24262 TX ua=95 mt=T len=7
PKT t=24274 TX ua=95 mt=P len=0
PKT t=24306 RX ua=95 mt=R len=7
PKT t=24311 TX ua=95 mt=P len=0
PKT t=24320 RX ua=95 mt=R len=7
PKT t=24325 TX ua=95 mt=P len=0
PKT t=24334 RX ua=95 mt=R len=7
PKT t=24339 TX ua=95 mt=P len=0
PKT t=24348 RX ua=95 mt=R len=7
PKT t=24353 TX ua=95 mt=T len=7
PKT t=24365 TX ua=95 mt=P len=0
PKT t=24375 RX ua=95 mt=R len=7
PKT t=24630 TX ua=96 mt=P len=0
PKT t=24888 TX ua=95 mt=P len=0
PKT t=24897 RX ua=95 mt=R len=7
PKT t=24902 TX ua=95 mt=T len=7
PKT t=24914 TX ua=95 mt=P len=0
PKT t=24923 RX ua=95 mt=R len=7
PKT t=24928 TX ua=95 mt=P len=0
PKT t=24937 RX ua=95 mt=R len=7
PKT t=24942 TX ua=95 mt=P len=0
PKT t=24951 RX ua=95 mt=R len=7
PKT t=24956 TX ua=95 mt=P len=0
PKT t=24965 RX ua=95 mt=R len=7
PKT t=24970 TX ua=95 mt=P len=0
PKT t=24979 RX ua=95 mt=R len=7
PKT t=24984 TX ua=95 mt=P len=0
PKT t=25015 RX ua=95 mt=R len=7
PKT t=25020 TX ua=95 mt=P len=0
PKT t=25029 RX ua=95 mt=R len=7
PKT t=25034 TX ua=95 mt=P len=0
PKT t=25043 RX ua=95 mt=R len=7
PKT t=25048 TX ua=95 mt=P len=0
PKT t=25057 RX ua=95 mt=R len=7
PKT t=25062 TX ua=95 mt=P len=0
PKT t=25071 RX ua=95 mt=R len=7
PKT t=25076 TX ua=95 mt=P len=0
PKT t=25085 RX ua=95 mt=R len=7
PKT t=25090 TX ua=95 mt=P len=0
PKT t=25119 RX ua=95 mt=R len=7
PKT t=25124 TX ua=95 mt=T len=7
PKT t=25136 TX ua=95 mt=P len=0
PKT t=25145 RX ua=95 mt=R len=7
PKT t=25150 TX ua=95 mt=P len=0
PKT t=25159 RX ua=95 mt=R len=7
PKT t=25164 TX ua=95 mt=P len=0
PKT t=25175 RX ua=95 mt=R len=7
PKT t=25180 TX ua=95 mt=P len=0
PKT t=25189 RX ua=95 mt=R len=7
PKT t=25194 TX ua=95 mt=P len=0
PKT t=25223 RX ua=95 mt=R len=7
PKT t=25228 TX ua=95 mt=P len=0
PKT t=25237 RX ua=95 mt=R len=7
PKT t=25242 TX ua=95 mt=P len=0
PKT t=25251 RX ua=95 mt=R len=7
PKT t=25256 TX ua=95 mt=P len=0
PKT t=25265 RX ua=95 mt=R len=7
PKT t=25270 TX ua=95 mt=P len=0
PKT t=25279 RX ua=95 mt=R len=7
PKT t=25284 TX ua=95 mt=P len=0
PKT t=25293 RX ua=95 mt=R len=7
PKT t=25298 TX ua=95 mt=P len=0
PKT t=25335 RX ua=95 mt=R len=7
PKT t=25340 TX ua=95 mt=P len=0
PKT t=25349 RX ua=95 mt=R len=7
PKT t=25354 TX ua=95 mt=T len=7
PKT t=25366 TX ua=95 mt=P len=0
PKT t=25376 RX ua=95 mt=R len=7
PKT t=25381 TX ua=95 mt=P len=0
PKT t=25391 RX ua=95 mt=R len=7
PKT t=25396 TX ua=95 mt=P len=0
PKT t=25427 RX ua=95 mt=R len=7
PKT t=25432 TX ua=95 mt=P len=0
PKT t=25442 RX ua=95 mt=R len=7
PKT t=25447 TX ua=95 mt=P len=0
PKT t=25457 RX ua=95 mt=R len=7
PKT t=25462 TX ua=95 mt=P len=0
PKT t=25472 RX ua=95 mt=R len=7
PKT t=25477 TX ua=95 mt=P len=0
PKT t=25495 RX ua=95 mt=R len=7
PKT t=25500 TX ua=95 mt=P len=0
PKT t=25527 RX ua=95 mt=R len=7
PKT t=25532 TX ua=95 mt=P len=0
PKT t=25542 RX ua=95 mt=R len=7
PKT t=25547 TX ua=95 mt=P len=0
PKT t=25557 RX ua=95 mt=R len=7
PKT t=25562 TX ua=95 mt=P len=0
PKT t=25572 RX ua=95 mt=R len=7
PKT t=25577 TX ua=95 mt=P len=0
PKT t=25587 RX ua=95 mt=R len=7
PKT t=25592 TX ua=95 mt=P len=0
PKT t=25602 RX ua=95 mt=R len=7
PKT t=25607 TX ua=95 mt=T len=7
PKT t=25619 TX ua=95 mt=P len=0
PKT t=25637 RX ua=95 mt=R len=7
PKT t=25642 TX ua=95 mt=P len=0
PKT t=25655 RX ua=95 mt=R len=7
PKT t=25660 TX ua=95 mt=P len=0
PKT t=25669 RX ua=95 mt=R len=7
PKT t=25674 TX ua=95 mt=P len=0
PKT t=25683 RX ua=95 mt=R len=7
PKT t=25688 TX ua=95 mt=P len=0
PKT t=25697 RX ua=95 mt=R len=7
PKT t=25702 TX ua=95 mt=P len=0
PKT t=25735 RX ua=95 mt=R len=7
PKT t=25740 TX ua=95 mt=P len=0
PKT t=25749 RX ua=95 mt=R len=7
PKT t=25754 TX ua=95 mt=P len=0
PKT t=25763 RX ua=95 mt=R len=7
PKT t=25768 TX ua=95 mt=P len=0
PKT t=25777 RX ua=95 mt=R len=7
PKT t=25782 TX ua=95 mt=P len=0
PKT t=25791 RX ua=95 mt=R len=7
PKT t=25796 TX ua=95 mt=P len=0
PKT t=25805 RX ua=95 mt=R len=7
PKT t=25815 TX ua=95 mt=P len=0
PKT t=25840 RX ua=95 mt=R len=7
PKT t=25845 TX ua=95 mt=P len=0
PKT t=25854 RX ua=95 mt=R len=7
PKT t=25859 TX ua=95 mt=T len=7
PKT t=25871 TX ua=95 mt=P len=0
PKT t=25880 RX ua=95 mt=R len=7
PKT t=25885 TX ua=95 mt=P len=0
PKT t=25894 RX ua=95 mt=R len=7
PKT t=25899 TX ua=95 mt=P len=0
PKT t=25908 RX ua=95 mt=R len=7
PKT t=25913 TX ua=95 mt=P len=0
PKT t=25942 RX ua=95 mt=R len=7
PKT t=25947 TX ua=95 mt=P len=0
PKT t=25956 RX ua=95 mt=R len=7
PKT t=25961 TX ua=95 mt=P len=0
PKT t=25975 RX ua=95 mt=R len=7
PKT t=25980 TX ua=95 mt=P len=0
PKT t=25989 RX ua=95 mt=R len=7
PKT t=25994 TX ua=95 mt=P len=0
PKT t=26003 RX ua=95 mt=R len=7
PKT t=26008 TX ua=95 mt=P len=0
PKT t=26042 RX ua=95 mt=R len=7
PKT t=26047 TX ua=95 mt=P len=0
PKT t=26056 RX ua=95 mt=R len=7
PKT t=26061 TX ua=95 mt=P len=0
PKT t=26070 RX ua=95 mt=R len=7
PKT t=26075 TX ua=95 mt=P len=0
PKT t=26084 RX ua=95 mt=R len=7
PKT t=26089 TX ua=95 mt=P len=0
PKT t=26098 RX ua=95 mt=R len=7
PKT t=26103 TX ua=95 mt=T len=7
PKT t=26116 TX ua=95 mt=P len=0
PKT t=26143 RX ua=95 mt=R len=7
PKT t=26148 TX ua=95 mt=T len=7
PKT t=26161 TX ua=95 mt=P len=0
PKT t=26170 RX ua=95 mt=R len=7
PKT t=26175 TX ua=95 mt=P len=0
PKT t=26184 RX ua=95 mt=R len=7
PKT t=26189 TX ua=95 mt=P len=0
PKT t=26198 RX ua=95 mt=R len=7
PKT t=26203 TX ua=95 mt=P len=0
PKT t=26212 RX ua=95 mt=R len=7
PKT t=26217 TX ua=95 mt=P len=0
PKT t=26246 RX ua=95 mt=R len=7
PKT t=26251 TX ua=95 mt=P len=0
PKT t=26260 RX ua=95 mt=R len=7
PKT t=26265 TX ua=95 mt=P len=0
PKT t=26274 RX ua=95 mt=R len=7
PKT t=26279 TX ua=95 mt=P len=0
PKT t=26295 RX ua=95 mt=R len=7
PKT t=26300 TX ua=95 mt=P len=0
PKT t=26309 RX ua=95 mt=R len=7
PKT t=26314 TX ua=95 mt=P len=0
PKT t=26346 RX ua=95 mt=R len=7
PKT t=26351 TX ua=95 mt=T len=7
PKT t=26364 TX ua=95 mt=P len=0
PKT t=26373 RX ua=95 mt=R len=7
PKT t=26378 TX ua=95 mt=P len=0
PKT t=26387 RX ua=95 mt=R len=7
PKT t=26392 TX ua=95 mt=P len=0
PKT t=26401 RX ua=95 mt=R len=7
PKT t=26406 TX ua=95 mt=P len=0
PKT t=26415 RX ua=95 mt=R len=7
PKT t=26420 TX ua=95 mt=P len=0
PKT t=26455 RX ua=95 mt=R len=7
PKT t=26460 TX ua=95 mt=P len=0
PKT t=26469 RX ua=95 mt=R len=7
PKT t=26474 TX ua=95 mt=P len=0
PKT t=26483 RX ua=95 mt=R len=7
PKT t=26488 TX ua=95 mt=P len=0
PKT t=26497 RX ua=95 mt=R len=7
PKT t=26502 TX ua=95 mt=P len=0
PKT t=26511 RX ua=95 mt=R len=7
PKT t=26516 TX ua=95 mt=P len=0
PKT t=26549 RX ua=95 mt=R len=7
PKT t=26553 TX ua=95 mt=P len=0
PKT t=26562 RX ua=95 mt=R len=7
PKT t=26567 TX ua=95 mt=P len=0
PKT t=26576 RX ua=95 mt=R len=7
PKT t=26581 TX ua=95 mt=P len=0
PKT t=26590 RX ua=95 mt=R len=7
PKT t=26595 TX ua=95 mt=P len=0
PKT t=26604 RX ua=95 mt=R len=7
PKT t=26615 TX ua=95 mt=T len=7
PKT t=26628 TX ua=95 mt=P len=0
PKT t=26650 RX ua=95 mt=R len=7
PKT t=26655 TX ua=95 mt=P len=0
PKT t=26664 RX ua=95 mt=R len=7
PKT t=26669 TX ua=95 mt=P len=0
PKT t=26678 RX ua=95 mt=R len=7
PKT t=26683 TX ua=95 mt=P len=0
PKT t=26692 RX ua=95 mt=R len=7
PKT t=26697 TX ua=95 mt=P len=0
PKT t=26706 RX ua=95 mt=R len=7
PKT t=26711 TX ua=95 mt=P len=0
PKT t=26720 RX ua=95 mt=R len=7
PKT t=26725 TX ua=95 mt=P len=0
PKT t=26754 RX ua=95 mt=R len=7
PKT t=26759 TX ua=95 mt=P len=0
PKT t=26775 RX ua=95 mt=R len=7
PKT t=26780 TX ua=95 mt=P len=0
PKT t=26789 RX ua=95 mt=R len=7
PKT t=26794 TX ua=95 mt=P len=0
PKT t=26803 RX ua=95 mt=R len=7
PKT t=26808 TX ua=95 mt=P len=0
PKT t=26817 RX ua=95 mt=R len=7
PKT t=26822 TX ua=95 mt=P len=0
PKT t=26854 RX ua=95 mt=R len=7
PKT t=26859 TX ua=95 mt=T len=7
PKT t=26872 TX ua=95 mt=P len=0
PKT t=26881 RX ua=95 mt=R len=7
PKT t=26886 TX ua=95 mt=P len=0
PKT t=26895 RX ua=95 mt=R len=7
PKT t=26900 TX ua=95 mt=P len=0
PKT t=26909 RX ua=95 mt=R len=7
PKT t=26914 TX ua=95 mt=P len=0
PKT t=26923 RX ua=95 mt=R len=7
PKT t=26935 TX ua=95 mt=P len=0
PKT t=26957 RX ua=95 mt=R len=7
PKT t=26962 TX ua=95 mt=P len=0
PKT t=26971 RX ua=95 mt=R len=7
PKT t=26976 TX ua=95 mt=P len=0
PKT t=26985 RX ua=95 mt=R len=7
PKT t=26990 TX ua=95 mt=P len=0
PKT t=26999 RX ua=95 mt=R len=7
PKT t=27004 TX ua=95 mt=P len=0
PKT t=27014 RX ua=95 mt=R len=7
PKT t=27018 TX ua=95 mt=P len=0
PKT t=27027 RX ua=95 mt=R len=7
PKT t=27032 TX ua=95 mt=P len=0
PKT t=27061 RX ua=95 mt=R len=7
PKT t=27066 TX ua=95 mt=P len=0
PKT t=27075 RX ua=95 mt=R len=7
PKT t=27080 TX ua=95 mt=P len=0
PKT t=27095 RX ua=95 mt=R len=7
PKT t=27100 TX ua=95 mt=T len=7
PKT t=27112 TX ua=95 mt=P len=0
PKT t=27121 RX ua=95 mt=R len=7
PKT t=27126 TX ua=95 mt=P len=0
PKT t=27135 RX ua=95 mt=R len=7
PKT t=27140 TX ua=95 mt=P len=0
PKT t=27169 RX ua=95 mt=R len=7
PKT t=27174 TX ua=95 mt=P len=0
PKT t=27183 RX ua=95 mt=R len=7
PKT t=27188 TX ua=95 mt=P len=0
PKT t=27197 RX ua=95 mt=R len=7
PKT t=27202 TX ua=95 mt=P len=0
PKT t=27211 RX ua=95 mt=R len=7
PKT t=27216 TX ua=95 mt=P len=0
PKT t=27225 RX ua=95 mt=R len=7
PKT t=27230 TX ua=95 mt=P len=0
PKT t=27239 RX ua=95 mt=R len=7
PKT t=27244 TX ua=95 mt=P len=0
PKT t=27273 RX ua=95 mt=R len=7
PKT t=27278 TX ua=95 mt=P len=0
PKT t=27287 RX ua=95 mt=R len=7
PKT t=27292 TX ua=95 mt=P len=0
PKT t=27301 RX ua=95 mt=R len=7
PKT t=27306 TX ua=95 mt=P len=0
PKT t=27315 RX ua=95 mt=R len=7
PKT t=27320 TX ua=95 mt=P len=0
PKT t=27329 RX ua=95 mt=R len=7
PKT t=27334 TX ua=95 mt=P len=0
PKT t=27343 RX ua=95 mt=R len=7
PKT t=27348 TX ua=95 mt=T len=7
PKT t=27360 TX ua=95 mt=P len=0
PKT t=27379 RX ua=95 mt=R len=7
PKT t=27384 TX ua=95 mt=P len=0
PKT t=27394 RX ua=95 mt=R len=7
PKT t=27399 TX ua=95 mt=P len=0
PKT t=27415 RX ua=95 mt=R len=7
PKT t=27420 TX ua=95 mt=P len=0
PKT t=27430 RX ua=95 mt=R len=7
PKT t=27435 TX ua=95 mt=P len=0
PKT t=27445 RX ua=95 mt=R len=7
PKT t=27450 TX ua=95 mt=P len=0
PKT t=27479 RX ua=95 mt=R len=7
PKT t=27484 TX ua=95 mt=P len=0
PKT t=27494 RX ua=95 mt=R len=7
PKT t=27499 TX ua=95 mt=P len=0
PKT t=27509 RX ua=95 mt=R len=7
PKT t=27514 TX ua=95 mt=P len=0
PKT t=27524 RX ua=95 mt=R len=7
PKT t=27529 TX ua=95 mt=P len=0
PKT t=27539 RX ua=95 mt=R len=7
PKT t=27544 TX ua=95 mt=P len=0
PKT t=27578 RX ua=95 mt=R len=7
PKT t=27583 TX ua=95 mt=P len=0
PKT t=27593 RX ua=95 mt=R len=7
PKT t=27598 TX ua=95 mt=T len=7
PKT t=27610 TX ua=95 mt=P len=0
PKT t=27619 RX ua=95 mt=R len=7
PKT t=27624 TX ua=95 mt=P len=0
PKT t=27633 RX ua=95 mt=R len=7
PKT t=27638 TX ua=95 mt=P len=0
PKT t=27647 RX ua=95 mt=R len=7
PKT t=27652 TX ua=95 mt=P len=0
PKT t=27681 RX ua=95 mt=R len=7
PKT t=27686 TX ua=95 mt=P len=0
PKT t=27695 RX ua=95 mt=R len=7
PKT t=27700 TX ua=95 mt=P len=0
PKT t=27709 RX ua=95 mt=R len=7
PKT t=27714 TX ua=95 mt=P len=0
PKT t=27723 RX ua=95 mt=R len=7
PKT t=27735 TX ua=95 mt=P len=0
PKT t=27744 RX ua=95 mt=R len=7
PKT t=27749 TX ua=95 mt=P len=0
PKT t=27781 RX ua=95 mt=R len=7
PKT t=27786 TX ua=95 mt=P len=0
PKT t=27795 RX ua=95 mt=R len=7
PKT t=27800 TX ua=95 mt=P len=0
PKT t=27809 RX ua=95 mt=R len=7
PKT t=27814 TX ua=95 mt=P len=0
PKT t=27823 RX ua=95 mt=R len=7
PKT t=27828 TX ua=95 mt=P len=0
PKT t=27837 RX ua=95 mt=R len=7
PKT t=27842 TX ua=95 mt=P len=0
PKT t=27851 RX ua=95 mt=R len=7
PKT t=27856 TX ua=95 mt=T len=7
PKT t=27868 TX ua=95 mt=P len=0
PKT t=27895 RX ua=95 mt=R len=7
PKT t=27900 TX ua=95 mt=P len=0
PKT t=27909 RX ua=95 mt=R len=7
PKT t=27914 TX ua=95 mt=P len=0
PKT t=27923 RX ua=95 mt=R len=7
PKT t=27928 TX ua=95 mt=P len=0
PKT t=27937 RX ua=95 mt=R len=7
PKT t=27942 TX ua=95 mt=P len=0
PKT t=27951 RX ua=95 mt=R len=7
PKT t=27956 TX ua=95 mt=P len=0
PKT t=27986 RX ua=95 mt=R len=7
PKT t=27991 TX ua=95 mt=P len=0
PKT t=28000 RX ua=95 mt=R len=7
PKT t=28005 TX ua=95 mt=P len=0
PKT t=28018 RX ua=95 mt=R len=7
PKT t=28023 TX ua=95 mt=P len=0
PKT t=28032 RX ua=95 mt=R len=7
PKT t=28037 TX ua=95 mt=P len=0
PKT t=28046 RX ua=95 mt=R len=7
PKT t=28055 TX ua=95 mt=P len=0
PKT t=28085 RX ua=95 mt=R len=7
PKT t=28090 TX ua=95 mt=P len=0
PKT t=28099 RX ua=95 mt=R len=7
PKT t=28104 TX ua=95 mt=T len=7
PKT t=28116 TX ua=95 mt=P len=0
PKT t=28125 RX ua=95 mt=R len=7
PKT t=28130 TX ua=95 mt=P len=0
PKT t=28139 RX ua=95 mt=R len=7
PKT t=28144 TX ua=95 mt=P len=0
PKT t=28153 RX ua=95 mt=R len=7
PKT t=28158 TX ua=95 mt=P len=0
PKT t=28192 RX ua=95 mt=R len=7
PKT t=28197 TX ua=95 mt=P len=0
PKT t=28206 RX ua=95 mt=R len=7
PKT t=28215 TX ua=95 mt=P len=0
PKT t=28224 RX ua=95 mt=R len=7
PKT t=28229 TX ua=95 mt=P len=0
PKT t=28238 RX ua=95 mt=R len=7
PKT t=28243 TX ua=95 mt=P len=0
PKT t=28252 RX ua=95 mt=R len=7
PKT t=28257 TX ua=95 mt=P len=0
PKT t=28287 RX ua=95 mt=R len=7
PKT t=28292 TX ua=95 mt=P len=0
PKT t=28301 RX ua=95 mt=R len=7
PKT t=28306 TX ua=95 mt=P len=0
PKT t=28315 RX ua=95 mt=R len=7
PKT t=28320 TX ua=95 mt=P len=0
PKT t=28329 RX ua=95 mt=R len=7
PKT t=28334 TX ua=95 mt=P len=0
PKT t=28343 RX ua=95 mt=R len=7
PKT t=28348 TX ua=95 mt=T len=7
PKT t=28360 TX ua=95 mt=P len=0
PKT t=28389 RX ua=95 mt=R len=7
PKT t=28394 TX ua=95 mt=P len=0
PKT t=28404 RX ua=95 mt=R len=7
PKT t=28409 TX ua=95 mt=P len=0
PKT t=28419 RX ua=95 mt=R len=7
PKT t=28423 TX ua=95 mt=P len=0
PKT t=28432 RX ua=95 mt=R len=7
PKT t=28437 TX ua=95 mt=P len=0
PKT t=28446 RX ua=95 mt=R len=7
PKT t=28451 TX ua=95 mt=P len=0
PKT t=28460 RX ua=95 mt=R len=7
PKT t=28465 TX ua=95 mt=P len=0
PKT t=28494 RX ua=95 mt=R len=7
PKT t=28499 TX ua=95 mt=P len=0
PKT t=28508 RX ua=95 mt=R len=7
PKT t=28513 TX ua=95 mt=P len=0
PKT t=28522 RX ua=95 mt=R len=7
PKT t=28527 TX ua=95 mt=P len=0
PKT t=28536 RX ua=95 mt=R len=7
PKT t=28541 TX ua=95 mt=P len=0
PKT t=28550 RX ua=95 mt=R len=7
PKT t=28555 TX ua=95 mt=P len=0
PKT t=28564 RX ua=95 mt=R len=7
PKT t=28569 TX ua=95 mt=P len=0
PKT t=28599 RX ua=95 mt=R len=7
PKT t=28604 TX ua=95 mt=T len=7
PKT t=28616 TX ua=95 mt=P len=0
PKT t=28625 RX ua=95 mt=R len=7
PKT t=28630 TX ua=95 mt=P len=0
PKT t=28639 RX ua=95 mt=R len=7
PKT t=28644 TX ua=95 mt=P len=0
PKT t=28653 RX ua=95 mt=R len=7
PKT t=28658 TX ua=95 mt=P len=0
PKT t=28667 RX ua=95 mt=R len=7
PKT t=28672 TX ua=95 mt=P len=0
PKT t=28701 RX ua=95 mt=R len=7
PKT t=28706 TX ua=95 mt=P len=0
PKT t=28715 RX ua=95 mt=R len=7
PKT t=28720 TX ua=95 mt=P len=0
PKT t=28729 RX ua=95 mt=R len=7
PKT t=28734 TX ua=95 mt=P len=0
PKT t=28743 RX ua=95 mt=R len=7
PKT t=28748 TX ua=95 mt=P len=0
PKT t=28757 RX ua=95 mt=R len=7
PKT t=28762 TX ua=95 mt=P len=0
PKT t=28771 RX ua=95 mt=R len=7
PKT t=28776 TX ua=95 mt=P len=0
PKT t=28806 RX ua=95 mt=R len=7
PKT t=28811 TX ua=95 mt=P len=0
PKT t=28820 RX ua=95 mt=R len=7
PKT t=28825 TX ua=95 mt=P len=0
PKT t=28834 RX ua=95 mt=R len=7
PKT t=28839 TX ua=95 mt=P len=0
PKT t=28855 RX ua=95 mt=R len=7
PKT t=28860 TX ua=95 mt=T len=7
PKT t=28872 TX ua=95 mt=P len=0
PKT t=28905 RX ua=95 mt=R len=7
PKT t=28910 TX ua=95 mt=P len=0
PKT t=28919 RX ua=95 mt=R len=7
PKT t=28924 TX ua=95 mt=P len=0
PKT t=28933 RX ua=95 mt=R len=7
PKT t=28938 TX ua=95 mt=P len=0
PKT t=28947 RX ua=95 mt=R len=7
PKT t=28952 TX ua=95 mt=P len=0
PKT t=28961 RX ua=95 mt=R len=7
PKT t=28966 TX ua=95 mt=P len=0
PKT t=28975 RX ua=95 mt=R len=7
PKT t=28980 TX ua=95 mt=P len=0
PKT t=29015 RX ua=95 mt=R len=7
PKT t=29020 TX ua=95 mt=P len=0
PKT t=29029 RX ua=95 mt=R len=7
PKT t=29034 TX ua=95 mt=P len=0
PKT t=29043 RX ua=95 mt=R len=7
PKT t=29048 TX ua=95 mt=P len=0
PKT t=29057 RX ua=95 mt=R len=7
PKT t=29062 TX ua=95 mt=P len=0
PKT t=29071 RX ua=95 mt=R len=7
PKT t=29076 TX ua=95 mt=P len=0
PKT t=29109 RX ua=95 mt=R len=7
PKT t=29114 TX ua=95 mt=T len=7
PKT t=29127 TX ua=95 mt=P len=0
PKT t=29136 RX ua=95 mt=R len=7
PKT t=29141 TX ua=95 mt=P len=0
PKT t=29150 RX ua=95 mt=R len=7
PKT t=29155 TX ua=95 mt=P len=0
PKT t=29164 RX ua=95 mt=R len=7
PKT t=29175 TX ua=95 mt=P len=0
PKT t=29209 RX ua=95 mt=R len=7
PKT t=29214 TX ua=95 mt=P len=0
PKT t=29223 RX ua=95 mt=R len=7
PKT t=29228 TX ua=95 mt=P len=0
PKT t=29237 RX ua=95 mt=R len=7
PKT t=29242 TX ua=95 mt=P len=0
PKT t=29251 RX ua=95 mt=R len=7
PKT t=29256 TX ua=95 mt=P len=0
PKT t=29265 RX ua=95 mt=R len=7
PKT t=29270 TX ua=95 mt=P len=0
PKT t=29279 RX ua=95 mt=R len=7
PKT t=29284 TX ua=95 mt=P len=0
PKT t=29313 RX ua=95 mt=R len=7
PKT t=29318 TX ua=95 mt=P len=0
PKT t=29335 RX ua=95 mt=R len=7
PKT t=29340 TX ua=95 mt=P len=0
PKT t=29349 RX ua=95 mt=R len=7
PKT t=29354 TX ua=95 mt=T len=7
PKT t=29367 TX ua=95 mt=P len=0
PKT t=29377 RX ua=95 mt=R len=7
PKT t=29382 TX ua=95 mt=P len=0
PKT t=29413 RX ua=95 mt=R len=7
PKT t=29418 TX ua=95 mt=P len=0
PKT t=29428 RX ua=95 mt=R len=7
PKT t=29433 TX ua=95 mt=P len=0
PKT t=29444 RX ua=95 mt=R len=7
PKT t=29449 TX ua=95 mt=P len=0
PKT t=29459 RX ua=95 mt=R len=7
PKT t=29464 TX ua=95 mt=P len=0
PKT t=29474 RX ua=95 mt=R len=7
PKT t=29479 TX ua=95 mt=P len=0
PKT t=29513 RX ua=95 mt=R len=7
PKT t=29518 TX ua=95 mt=P len=0
PKT t=29528 RX ua=95 mt=R len=7
PKT t=29533 TX ua=95 mt=P len=0
PKT t=29543 RX ua=95 mt=R len=7
PKT t=29548 TX ua=95 mt=P len=0
PKT t=29558 RX ua=95 mt=R len=7
PKT t=29563 TX ua=95 mt=P len=0
PKT t=29573 RX ua=95 mt=R len=7
PKT t=29578 TX ua=95 mt=P len=0
PKT t=29588 RX ua=95 mt=R len=7
PKT t=29593 TX ua=95 mt=P len=0
PKT t=29622 RX ua=95 mt=R len=7
PKT t=29627 TX ua=95 mt=T len=7
PKT t=29640 TX ua=95 mt=P len=0
PKT t=29655 RX ua=95 mt=R len=7
PKT t=29660 TX ua=95 mt=P len=0
PKT t=29669 RX ua=95 mt=R len=7
PKT t=29674 TX ua=95 mt=P len=0
PKT t=29683 RX ua=95 mt=R len=7
PKT t=29688 TX ua=95 mt=P len=0
PKT t=29721 RX ua=95 mt=R len=7
PKT t=29726 TX ua=95 mt=P len=0
PKT t=29735 RX ua=95 mt=R len=7
PKT t=29740 TX ua=95 mt=P len=0
PKT t=29749 RX ua=95 mt=R len=7
PKT t=29754 TX ua=95 mt=P len=0
PKT t=29763 RX ua=95 mt=R len=7
PKT t=29768 TX ua=95 mt=P len=0
PKT t=29777 RX ua=95 mt=R len=7
PKT t=29782 TX ua=95 mt=P len=0
PKT t=29791 RX ua=95 mt=R len=7
PKT t=29796 TX ua=95 mt=P len=0
PKT t=29825 RX ua=95 mt=R len=7
PKT t=29830 TX ua=95 mt=P len=0
PKT t=29839 RX ua=95 mt=R len=7
PKT t=29844 TX ua=95 mt=P len=0
PKT t=29853 RX ua=95 mt=R len=7
PKT t=29858 TX ua=95 mt=T len=7
PKT t=29871 TX ua=95 mt=P len=0
PKT t=29880 RX ua=95 mt=R len=7
PKT t=29885 TX ua=95 mt=P len=0
PKT t=29894 RX ua=95 mt=R len=7
PKT t=29899 TX ua=95 mt=P len=0
PKT t=29928 RX ua=95 mt=R len=7
PKT t=29933 TX ua=95 mt=P len=0
PKT t=29942 RX ua=95 mt=R len=7
PKT t=29947 TX ua=95 mt=P len=0
PKT t=29957 RX ua=95 mt=R len=7
PKT t=29962 TX ua=95 mt=P len=0
PKT t=29975 RX ua=95 mt=R len=7
PKT t=29980 TX ua=95 mt=P len=0
PKT t=29989 RX ua=95 mt=R len=7
PKT t=29994 TX ua=95 mt=P len=0
PKT t=30028 RX ua=95 mt=R len=7
PKT t=30033 TX ua=95 mt=P len=0
PKT t=30042 RX ua=95 mt=R len=7
PKT t=30047 TX ua=95 mt=P len=0
PKT t=30056 RX ua=95 mt=R len=7
PKT t=30061 TX ua=95 mt=P len=0
PKT t=30070 RX ua=95 mt=R len=7
PKT t=30075 TX ua=95 mt=P len=0
PKT t=30084 RX ua=95 mt=R len=7
PKT t=30089 TX ua=95 mt=P len=0
PKT t=30098 RX ua=95 mt=R len=7
PKT t=30103 TX ua=95 mt=T len=7
PKT t=30115 TX ua=95 mt=P len=0
PKT t=30135 RX ua=95 mt=R len=7
PKT t=30140 TX ua=95 mt=P len=0
PKT t=30149 RX ua=95 mt=R len=7
PKT t=30154 TX ua=95 mt=P len=0
PKT t=30163 RX ua=95 mt=R len=7
PKT t=30168 TX ua=95 mt=P len=0
PKT t=30177 RX ua=95 mt=R len=7
PKT t=30182 TX ua=95 mt=P len=0
PKT t=30192 RX ua=95 mt=R len=7
PKT t=30197 TX ua=95 mt=P len=0
PKT t=30206 RX ua=95 mt=R len=7
PKT t=30211 TX ua=95 mt=P len=0
PKT t=30240 RX ua=95 mt=R len=7
PKT t=30245 TX ua=95 mt=P len=0
PKT t=30254 RX ua=95 mt=R len=7
PKT t=30259 TX ua=95 mt=P len=0
PKT t=30268 RX ua=95 mt=R len=7
PKT t=30273 TX ua=95 mt=P len=0
PKT t=30282 RX ua=95 mt=R len=7
PKT t=30287 TX ua=95 mt=P len=0
PKT t=30296 RX ua=95 mt=R len=7
PKT t=30301 TX ua=95 mt=P len=0
PKT t=30310 RX ua=95 mt=R len=7
PKT t=30315 TX ua=95 mt=P len=0
PKT t=30344 RX ua=95 mt=R len=7
PKT t=30349 TX ua=95 mt=T len=7
PKT t=30361 TX ua=95 mt=P len=0
PKT t=30370 RX ua=95 mt=R len=7
PKT t=30375 TX ua=95 mt=P len=0
PKT t=30384 RX ua=95 mt=R len=7
PKT t=30389 TX ua=95 mt=P len=0
PKT t=30398 RX ua=95 mt=R len=7
PKT t=30403 TX ua=95 mt=P len=0
PKT t=30412 RX ua=95 mt=R len=7
PKT t=30417 TX ua=95 mt=P len=0
PKT t=30446 RX ua=95 mt=R len=7
PKT t=30455 TX ua=95 mt=P len=0
PKT t=30464 RX ua=95 mt=R len=7
PKT t=30469 TX ua=95 mt=P len=0
PKT t=30478 RX ua=95 mt=R len=7
PKT t=30483 TX ua=95 mt=P len=0
PKT t=30492 RX ua=95 mt=R len=7
PKT t=30497 TX ua=95 mt=P len=0
PKT t=30506 RX ua=95 mt=R len=7
PKT t=30511 TX ua=95 mt=P len=0
PKT t=30521 RX ua=95 mt=R len=7
PKT t=30526 TX ua=95 mt=P len=0
PKT t=30554 RX ua=95 mt=R len=7
PKT t=30559 TX ua=95 mt=P len=0
PKT t=30568 RX ua=95 mt=R len=7
PKT t=30573 TX ua=95 mt=P len=0
PKT t=30582 RX ua=95 mt=R len=7
PKT t=30587 TX ua=95 mt=P len=0
PKT t=30596 RX ua=95 mt=R len=7
PKT t=30601 TX ua=95 mt=T len=7
PKT t=30620 TX ua=95 mt=P len=0
PKT t=30654 RX ua=95 mt=R len=7
PKT t=30659 TX ua=95 mt=P len=0
PKT t=30668 RX ua=95 mt=R len=7
PKT t=30673 TX ua=95 mt=P len=0
PKT t=30682 RX ua=95 mt=R len=7
PKT t=30687 TX ua=95 mt=P len=0
PKT t=30696 RX ua=95 mt=R len=7
PKT t=30701 TX ua=95 mt=P len=0
PKT t=30710 RX ua=95 mt=R len=7
PKT t=30715 TX ua=95 mt=P len=0
PKT t=30724 RX ua=95 mt=R len=7
PKT t=30729 TX ua=95 mt=P len=0
PKT t=30758 RX ua=95 mt=R len=7
PKT t=30763 TX ua=95 mt=P len=0
PKT t=30775 RX ua=95 mt=R len=7
PKT t=30780 TX ua=95 mt=P len=0
PKT t=30789 RX ua=95 mt=R len=7
PKT t=30794 TX ua=95 mt=P len=0
PKT t=30803 RX ua=95 mt=R len=7
PKT t=30808 TX ua=95 mt=P len=0
PKT t=30817 RX ua=95 mt=R len=7
PKT t=30822 TX ua=95 mt=P len=0
PKT t=30831 RX ua=95 mt=R len=7
PKT t=30836 TX ua=95 mt=P len=0
PKT t=30865 RX ua=95 mt=R len=7
PKT t=30870 TX ua=95 mt=T len=7
PKT t=30882 TX ua=95 mt=P len=0
PKT t=30891 RX ua=95 mt=R len=7
PKT t=30896 TX ua=95 mt=P len=0
PKT t=30905 RX ua=95 mt=R len=7
PKT t=30910 TX ua=95 mt=P len=0
PKT t=30919 RX ua=95 mt=R len=7
PKT t=30924 TX ua=95 mt=P len=0
PKT t=30935 RX ua=95 mt=R len=7
PKT t=30940 TX ua=95 mt=P len=0
PKT t=30967 RX ua=95 mt=R len=7
PKT t=30972 TX ua=95 mt=P len=0
PKT t=30981 RX ua=95 mt=R len=7
PKT t=30986 TX ua=95 mt=P len=0
PKT t=30995 RX ua=95 mt=R len=7
PKT t=31000 TX ua=95 mt=P len=0
PKT t=31009 RX ua=95 mt=R len=7
PKT t=31014 TX ua=95 mt=P len=0
PKT t=31023 RX ua=95 mt=R len=7
PKT t=31028 TX ua=95 mt=P len=0
PKT t=31037 RX ua=95 mt=R len=7
PKT t=31042 TX ua=95 mt=P len=0
PKT t=31071 RX ua=95 mt=R len=7
PKT t=31076 TX ua=95 mt=P len=0
PKT t=31085 RX ua=95 mt=R len=7
PKT t=31095 TX ua=95 mt=P len=0
PKT t=31104 RX ua=95 mt=R len=7
PKT t=31109 TX ua=95 mt=T len=7
PKT t=31121 TX ua=95 mt=P len=0
PKT t=31130 RX ua=95 mt=R len=7
PKT t=31135 TX ua=95 mt=P len=0
PKT t=31144 RX ua=95 mt=R len=7
PKT t=31149 TX ua=95 mt=P len=0
PKT t=31178 RX ua=95 mt=R len=7
PKT t=31183 TX ua=95 mt=P len=0
PKT t=31192 RX ua=95 mt=R len=7
PKT t=31197 TX ua=95 mt=P len=0
PKT t=31206 RX ua=95 mt=R len=7
PKT t=31211 TX ua=95 mt=P len=0
PKT t=31220 RX ua=95 mt=R len=7
PKT t=31225 TX ua=95 mt=P len=0
PKT t=31234 RX ua=95 mt=R len=7
PKT t=31239 TX ua=95 mt=P len=0
PKT t=31255 RX ua=95 mt=R len=7
PKT t=31260 TX ua=95 mt=P len=0
PKT t=31282 RX ua=95 mt=R len=7
PKT t=31287 TX ua=95 mt=P len=0
PKT t=31296 RX ua=95 mt=R len=7
PKT t=31301 TX ua=95 mt=P len=0
PKT t=31310 RX ua=95 mt=R len=7
PKT t=31315 TX ua=95 mt=P len=0
PKT t=31324 RX ua=95 mt=R len=7
PKT t=31329 TX ua=95 mt=P len=0
PKT t=31338 RX ua=95 mt=R len=7
PKT t=31343 TX ua=95 mt=P len=0
PKT t=31352 RX ua=95 mt=R len=7
PKT t=31357 TX ua=95 mt=T len=7
PKT t=31369 TX ua=95 mt=P len=0
PKT t=31389 RX ua=95 mt=R len=7
PKT t=31393 TX ua=95 mt=P len=0
PKT t=31403 RX ua=95 mt=R len=7
PKT t=31415 TX ua=95 mt=P len=0
PKT t=31425 RX ua=95 mt=R len=7
PKT t=31430 TX ua=95 mt=P len=0
PKT t=31440 RX ua=95 mt=R len=7
PKT t=31445 TX ua=95 mt=P len=0
PKT t=31455 RX ua=95 mt=R len=7
PKT t=31460 TX ua=95 mt=P len=0
PKT t=31490 RX ua=95 mt=R len=7
PKT t=31495 TX ua=95 mt=P len=0
PKT t=31505 RX ua=95 mt=R len=7
PKT t=31510 TX ua=95 mt=P len=0
PKT t=31520 RX ua=95 mt=R len=7
PKT t=31525 TX ua=95 mt=P len=0
PKT t=31535 RX ua=95 mt=R len=7
PKT t=31540 TX ua=95 mt=P len=0
PKT t=31550 RX ua=95 mt=R len=7
PKT t=31555 TX ua=95 mt=P len=0
PKT t=31588 RX ua=95 mt=R len=7
PKT t=31593 TX ua=95 mt=P len=0
PKT t=31603 RX ua=95 mt=R len=7
PKT t=31608 TX ua=95 mt=T len=7
PKT t=31620 TX ua=95 mt=P len=0
PKT t=31629 RX ua=95 mt=R len=7
PKT t=31634 TX ua=95 mt=P len=0
PKT t=31643 RX ua=95 mt=R len=7
PKT t=31648 TX ua=95 mt=P len=0
PKT t=31657 RX ua=95 mt=R len=7
PKT t=31662 TX ua=95 mt=P len=0
PKT t=31691 RX ua=95 mt=R len=7
PKT t=31696 TX ua=95 mt=P len=0
PKT t=31705 RX ua=95 mt=R len=7
PKT t=31710 TX ua=95 mt=P len=0
PKT t=31719 RX ua=95 mt=R len=7
PKT t=31724 TX ua=95 mt=P len=0
PKT t=31735 RX ua=95 mt=R len=7
PKT t=31740 TX ua=95 mt=P len=0
PKT t=31749 RX ua=95 mt=R len=7
PKT t=31754 TX ua=95 mt=P len=0
PKT t=31763 RX ua=95 mt=R len=7
PKT t=31768 TX ua=95 mt=P len=0
PKT t=31797 RX ua=95 mt=R len=7
PKT t=31802 TX ua=95 mt=P len=0
PKT t=31811 RX ua=95 mt=R len=7
PKT t=31816 TX ua=95 mt=P len=0
PKT t=31825 RX ua=95 mt=R len=7
PKT t=31830 TX ua=95 mt=P len=0
PKT t=31839 RX ua=95 mt=R len=7
PKT t=31844 TX ua=95 mt=P len=0
PKT t=31853 RX ua=95 mt=R len=7
PKT t=31858 TX ua=95 mt=T len=7
PKT t=31870 TX ua=95 mt=P len=0
PKT t=31899 RX ua=95 mt=R len=7
PKT t=31904 TX ua=95 mt=P len=0
PKT t=31913 RX ua=95 mt=R len=7
PKT t=31918 TX ua=95 mt=P len=0
PKT t=31927 RX ua=95 mt=R len=7
PKT t=31932 TX ua=95 mt=P len=0
PKT t=31941 RX ua=95 mt=R len=7
PKT t=31946 TX ua=95 mt=P len=0
PKT t=31955 RX ua=95 mt=R len=7
PKT t=31960 TX ua=95 mt=P len=0
PKT t=31969 RX ua=95 mt=R len=7
PKT t=31974 TX ua=95 mt=P len=0
PKT t=32003 RX ua=95 mt=R len=7
PKT t=32008 TX ua=95 mt=P len=0
PKT t=32020 RX ua=95 mt=R len=7
PKT t=32025 TX ua=95 mt=P len=0
PKT t=32034 RX ua=95 mt=R len=7
PKT t=32039 TX ua=95 mt=P len=0
PKT t=32055 RX ua=95 mt=R len=7
PKT t=32060 TX ua=95 mt=P len=0
PKT t=32069 RX ua=95 mt=R len=7
PKT t=32074 TX ua=95 mt=P len=0
PKT t=32103 RX ua=95 mt=R len=7
PKT t=32108 TX ua=95 mt=T len=7
PKT t=32120 TX ua=95 mt=P len=0
PKT t=32129 RX ua=95 mt=R len=7
PKT t=32134 TX ua=95 mt=P len=0
PKT t=32143 RX ua=95 mt=R len=7
PKT t=32148 TX ua=95 mt=P len=0
PKT t=32157 RX ua=95 mt=R len=7
PKT t=32162 TX ua=95 mt=P len=0
PKT t=32171 RX ua=95 mt=R len=7
PKT t=32176 TX ua=95 mt=P len=0
PKT t=32215 RX ua=95 mt=R len=7
PKT t=32220 TX ua=95 mt=P len=0
PKT t=32229 RX ua=95 mt=R len=7
PKT t=32234 TX ua=95 mt=P len=0
PKT t=32243 RX ua=95 mt=R len=7
PKT t=32248 TX ua=95 mt=P len=0
PKT t=32257 RX ua=95 mt=R len=7
PKT t=32262 TX ua=95 mt=P len=0
PKT t=32271 RX ua=95 mt=R len=7
PKT t=32276 TX ua=95 mt=P len=0
PKT t=32305 RX ua=95 mt=R len=7
PKT t=32310 TX ua=95 mt=P len=0
PKT t=32319 RX ua=95 mt=R len=7
PKT t=32324 TX ua=95 mt=P len=0
PKT t=32333 RX ua=95 mt=R len=7
PKT t=32338 TX ua=95 mt=P len=0
PKT t=32347 RX ua=95 mt=R len=7
PKT t=32352 TX ua=95 mt=T len=7
PKT t=32364 TX ua=95 mt=P len=0
PKT t=32375 RX ua=95 mt=R len=7
PKT t=32380 TX ua=95 mt=P len=0
PKT t=32407 RX ua=95 mt=R len=7
PKT t=32412 TX ua=95 mt=P len=0
PKT t=32421 RX ua=95 mt=R len=7
PKT t=32426 TX ua=95 mt=P len=0
PKT t=32435 RX ua=95 mt=R len=7
PKT t=32440 TX ua=95 mt=P len=0
PKT t=32449 RX ua=95 mt=R len=7
PKT t=32454 TX ua=95 mt=P len=0
PKT t=32463 RX ua=95 mt=R len=7
PKT t=32468 TX ua=95 mt=P len=0
PKT t=32477 RX ua=95 mt=R len=7
PKT t=32482 TX ua=95 mt=P len=0
PKT t=32511 RX ua=95 mt=R len=7
PKT t=32516 TX ua=95 mt=P len=0
PKT t=32525 RX ua=95 mt=R len=7
PKT t=32535 TX ua=95 mt=P len=0
PKT t=32544 RX ua=95 mt=R len=7
PKT t=32549 TX ua=95 mt=P len=0
PKT t=32558 RX ua=95 mt=R len=7
PKT t=32563 TX ua=95 mt=P len=0
PKT t=32572 RX ua=95 mt=R len=7
PKT t=32577 TX ua=95 mt=P len=0
PKT t=32611 RX ua=95 mt=R len=7
PKT t=32616 TX ua=95 mt=T len=7
PKT t=32628 TX ua=95 mt=P len=0
PKT t=32637 RX ua=95 mt=R len=7
PKT t=32642 TX ua=95 mt=P len=0
PKT t=32651 RX ua=95 mt=R len=7
PKT t=32656 TX ua=95 mt=P len=0
PKT t=32665 RX ua=95 mt=R len=7
PKT t=32670 TX ua=95 mt=P len=0
PKT t=32679 RX ua=95 mt=R len=7
PKT t=32684 TX ua=95 mt=P len=0
PKT t=32713 RX ua=95 mt=R len=7
PKT t=32718 TX ua=95 mt=P len=0
PKT t=32727 RX ua=95 mt=R len=7
PKT t=32732 TX ua=95 mt=P len=0
PKT t=32741 RX ua=95 mt=R len=7
PKT t=32746 TX ua=95 mt=P len=0
PKT t=32755 RX ua=95 mt=R len=7
PKT t=32760 TX ua=95 mt=P len=0
PKT t=32769 RX ua=95 mt=R len=7
PKT t=32774 TX ua=95 mt=P len=0
PKT t=32783 RX ua=95 mt=R len=7
PKT t=32788 TX ua=95 mt=P len=0
PKT t=32817 RX ua=95 mt=R len=7
PKT t=32822 TX ua=95 mt=P len=0
PKT t=32831 RX ua=95 mt=R len=7
PKT t=32836 TX ua=95 mt=P len=0
PKT t=32845 RX ua=95 mt=R len=7
PKT t=32855 TX ua=95 mt=T len=7
PKT t=32867 TX ua=95 mt=P len=0
PKT t=32876 RX ua=95 mt=R len=7
PKT t=32881 TX ua=95 mt=P len=0
PKT t=32890 RX ua=95 mt=R len=7
PKT t=32895 TX ua=95 mt=P len=0
PKT t=32924 RX ua=95 mt=R len=7
PKT t=32929 TX ua=95 mt=P len=0
PKT t=32938 RX ua=95 mt=R len=7
PKT t=32943 TX ua=95 mt=P len=0
PKT t=32952 RX ua=95 mt=R len=7
PKT t=32957 TX ua=95 mt=P len=0
PKT t=32966 RX ua=95 mt=R len=7
PKT t=32971 TX ua=95 mt=P len=0
PKT t=32980 RX ua=95 mt=R len=7
PKT t=32985 TX ua=95 mt=P len=0
PKT t=32994 RX ua=95 mt=R len=7
PKT t=32999 TX ua=95 mt=P len=0
PKT t=33028 RX ua=95 mt=R len=7
PKT t=33033 TX ua=95 mt=P len=0
PKT t=33042 RX ua=95 mt=R len=7
PKT t=33047 TX ua=95 mt=P len=0
PKT t=33056 RX ua=95 mt=R len=7
PKT t=33061 TX ua=95 mt=P len=0
PKT t=33070 RX ua=95 mt=R len=7
PKT t=33075 TX ua=95 mt=P len=0
PKT t=33084 RX ua=95 mt=R len=7
PKT t=33089 TX ua=95 mt=P len=0
PKT t=33098 RX ua=95 mt=R len=7
PKT t=33103 TX ua=95 mt=T len=7
PKT t=33115 TX ua=95 mt=P len=0
PKT t=33134 RX ua=95 mt=R len=7
PKT t=33139 TX ua=95 mt=P len=0
PKT t=33148 RX ua=95 mt=R len=7
PKT t=33153 TX ua=95 mt=P len=0
PKT t=33162 RX ua=95 mt=R len=7
PKT t=33167 TX ua=95 mt=P len=0
PKT t=33176 RX ua=95 mt=R len=7
PKT t=33181 TX ua=95 mt=P len=0
PKT t=33190 RX ua=95 mt=R len=7
PKT t=33195 TX ua=95 mt=P len=0
PKT t=33204 RX ua=95 mt=R len=7
PKT t=33209 TX ua=95 mt=P len=0
PKT t=33238 RX ua=95 mt=R len=7
PKT t=33243 TX ua=95 mt=P len=0
PKT t=33252 RX ua=95 mt=R len=7
PKT t=33257 TX ua=95 mt=P len=0
PKT t=33266 RX ua=95 mt=R len=7
PKT t=33271 TX ua=95 mt=P len=0
PKT t=33280 RX ua=95 mt=R len=7
PKT t=33285 TX ua=95 mt=P len=0
PKT t=33294 RX ua=95 mt=R len=7
PKT t=33299 TX ua=95 mt=P len=0
PKT t=33308 RX ua=95 mt=R len=7
PKT t=33313 TX ua=95 mt=P len=0
PKT t=33342 RX ua=95 mt=R len=7
PKT t=33347 TX ua=95 mt=P len=0
PKT t=33356 RX ua=95 mt=R len=7
PKT t=33361 TX ua=95 mt=T len=7
PKT t=33373 TX ua=95 mt=P len=0
PKT t=33383 RX ua=95 mt=R len=7
PKT t=33388 TX ua=95 mt=P len=0
PKT t=33398 RX ua=95 mt=R len=7
PKT t=33403 TX ua=95 mt=P len=0
PKT t=33413 RX ua=95 mt=R len=7
PKT t=33418 TX ua=95 mt=P len=0
PKT t=33447 RX ua=95 mt=R len=7
PKT t=33452 TX ua=95 mt=P len=0
PKT t=33462 RX ua=95 mt=R len=7
PKT t=33467 TX ua=95 mt=P len=0
PKT t=33477 RX ua=95 mt=R len=7
PKT t=33482 TX ua=95 mt=P len=0
PKT t=33495 RX ua=95 mt=R len=7
PKT t=33500 TX ua=95 mt=P len=0
PKT t=33510 RX ua=95 mt=R len=7
PKT t=33515 TX ua=95 mt=P len=0
PKT t=33546 RX ua=95 mt=R len=7
PKT t=33551 TX ua=95 mt=P len=0
PKT t=33561 RX ua=95 mt=R len=7
PKT t=33566 TX ua=95 mt=P len=0
PKT t=33576 RX ua=95 mt=R len=7
PKT t=33581 TX ua=95 mt=P len=0
PKT t=33591 RX ua=95 mt=R len=7
PKT t=33596 TX ua=95 mt=P len=0
PKT t=33606 RX ua=95 mt=R len=7
PKT t=33611 TX ua=95 mt=T len=7
PKT t=33623 TX ua=95 mt=P len=0
PKT t=33655 RX ua=95 mt=R len=7
PKT t=33660 TX ua=95 mt=P len=0
PKT t=33669 RX ua=95 mt=R len=7
PKT t=33674 TX ua=95 mt=P len=0
PKT t=33683 RX ua=95 mt=R len=7
PKT t=33688 TX ua=95 mt=P len=0
PKT t=33697 RX ua=95 mt=R len=7
PKT t=33702 TX ua=95 mt=P len=0
PKT t=33711 RX ua=95 mt=R len=7
PKT t=33716 TX ua=95 mt=P len=0
PKT t=33725 RX ua=95 mt=R len=7
PKT t=33730 TX ua=95 mt=P len=0
PKT t=33759 RX ua=95 mt=R len=7
PKT t=33764 TX ua=95 mt=P len=0
PKT t=33773 RX ua=95 mt=R len=7
PKT t=33778 TX ua=95 mt=P len=0
PKT t=33787 RX ua=95 mt=R len=7
PKT t=33792 TX ua=95 mt=P len=0
PKT t=33801 RX ua=95 mt=R len=7
PKT t=33806 TX ua=95 mt=P len=0
PKT t=33815 RX ua=95 mt=R len=7
PKT t=33820 TX ua=95 mt=P len=0
PKT t=33829 RX ua=95 mt=R len=7
PKT t=33834 TX ua=95 mt=P len=0
PKT t=33863 RX ua=95 mt=R len=7
PKT t=33868 TX ua=95 mt=T len=7
PKT t=33880 TX ua=95 mt=P len=0
PKT t=33889 RX ua=95 mt=R len=7
PKT t=33894 TX ua=95 mt=P len=0
PKT t=33903 RX ua=95 mt=R len=7
PKT t=33908 TX ua=95 mt=P len=0
PKT t=33917 RX ua=95 mt=R len=7
PKT t=33922 TX ua=95 mt=P len=0
PKT t=33931 RX ua=95 mt=R len=7
PKT t=33936 TX ua=95 mt=P len=0
PKT t=33965 RX ua=95 mt=R len=7
PKT t=33975 TX ua=95 mt=P len=0
PKT t=33984 RX ua=95 mt=R len=7
PKT t=33989 TX ua=95 mt=P len=0
PKT t=33999 RX ua=95 mt=R len=7
PKT t=34004 TX ua=95 mt=P len=0
PKT t=34013 RX ua=95 mt=R len=7
PKT t=34021 TX ua=95 mt=P len=0
PKT t=34030 RX ua=95 mt=R len=7
PKT t=34035 TX ua=95 mt=P len=0
PKT t=34065 RX ua=95 mt=R len=7
PKT t=34070 TX ua=95 mt=P len=0
PKT t=34079 RX ua=95 mt=R len=7
PKT t=34084 TX ua=95 mt=P len=0
PKT t=34093 RX ua=95 mt=R len=7
PKT t=34098 TX ua=95 mt=T len=7
PKT t=34111 TX ua=95 mt=P len=0
PKT t=34120 RX ua=95 mt=R len=7
PKT t=34125 TX ua=95 mt=T len=7
PKT t=34142 TX ua=95 mt=P len=0
PKT t=34166 RX ua=95 mt=R len=7
PKT t=34171 TX ua=95 mt=P len=0
PKT t=34180 RX ua=95 mt=R len=7
PKT t=34185 TX ua=95 mt=P len=0
PKT t=34194 RX ua=95 mt=R len=7
PKT t=34199 TX ua=95 mt=P len=0
PKT t=34210 RX ua=95 mt=R len=7
PKT t=34215 TX ua=95 mt=P len=0
PKT t=34224 RX ua=95 mt=R len=7
PKT t=34229 TX ua=95 mt=P len=0
PKT t=34238 RX ua=95 mt=R len=7
PKT t=34243 TX ua=95 mt=P len=0
PKT t=34272 RX ua=95 mt=R len=7
PKT t=34277 TX ua=95 mt=P len=0
PKT t=34286 RX ua=95 mt=R len=7
PKT t=34295 TX ua=95 mt=P len=0
PKT t=34304 RX ua=95 mt=R len=7
PKT t=34309 TX ua=95 mt=P len=0
PKT t=34318 RX ua=95 mt=R len=7
PKT t=34323 TX ua=95 mt=P len=0
PKT t=34332 RX ua=95 mt=R len=7
PKT t=34337 TX ua=95 mt=P len=0
PKT t=34346 RX ua=95 mt=R len=7
PKT t=34351 TX ua=95 mt=T len=7
PKT t=34364 TX ua=95 mt=P len=0
PKT t=34382 RX ua=95 mt=R len=7
PKT t=34387 TX ua=95 mt=P len=0
PKT t=34396 RX ua=95 mt=R len=7
PKT t=34401 TX ua=95 mt=P len=0
PKT t=34410 RX ua=95 mt=R len=7
PKT t=34415 TX ua=95 mt=P len=0
PKT t=34424 RX ua=95 mt=R len=7
PKT t=34429 TX ua=95 mt=P len=0
PKT t=34438 RX ua=95 mt=R len=7
PKT t=34443 TX ua=95 mt=P len=0
PKT t=34455 RX ua=95 mt=R len=7
PKT t=34460 TX ua=95 mt=P len=0
PKT t=34486 RX ua=95 mt=R len=7
PKT t=34491 TX ua=95 mt=P len=0
PKT t=34500 RX ua=95 mt=R len=7
PKT t=34505 TX ua=95 mt=P len=0
PKT t=34514 RX ua=95 mt=R len=7
PKT t=34519 TX ua=95 mt=P len=0
PKT t=34528 RX ua=95 mt=R len=7
PKT t=34533 TX ua=95 mt=P len=0
PKT t=34542 RX ua=95 mt=R len=7
PKT t=34547 TX ua=95 mt=P len=0
PKT t=34556 RX ua=95 mt=R len=7
PKT t=34561 TX ua=95 mt=P len=0
PKT t=34590 RX ua=95 mt=R len=7
PKT t=34595 TX ua=95 mt=P len=0
PKT t=34604 RX ua=95 mt=R len=7
PKT t=34615 TX ua=95 mt=T len=7
PKT t=34628 TX ua=95 mt=P len=0
PKT t=34637 RX ua=95 mt=R len=7
PKT t=34642 TX ua=95 mt=P len=0
PKT t=34653 RX ua=95 mt=R len=7
PKT t=34658 TX ua=95 mt=P len=0
PKT t=34690 RX ua=95 mt=R len=7
PKT t=34695 TX ua=95 mt=P len=0
PKT t=34704 RX ua=95 mt=R len=7
PKT t=34709 TX ua=95 mt=P len=0
PKT t=34718 RX ua=95 mt=R len=7
PKT t=34723 TX ua=95 mt=P len=0
PKT t=34732 RX ua=95 mt=R len=7
PKT t=34737 TX ua=95 mt=P len=0
PKT t=34746 RX ua=95 mt=R len=7
PKT t=34751 TX ua=95 mt=P len=0
PKT t=34760 RX ua=95 mt=R len=7
PKT t=34765 TX ua=95 mt=P len=0
PKT t=34794 RX ua=95 mt=R len=7
PKT t=34799 TX ua=95 mt=P len=0
PKT t=34808 RX ua=95 mt=R len=7
PKT t=34813 TX ua=95 mt=P len=0
PKT t=34822 RX ua=95 mt=R len=7
PKT t=34827 TX ua=95 mt=P len=0
PKT t=34836 RX ua=95 mt=R len=7
PKT t=34841 TX ua=95 mt=P len=0
PKT t=34850 RX ua=95 mt=R len=7
PKT t=34855 TX ua=95 mt=T len=7
PKT t=34868 TX ua=95 mt=P len=0
PKT t=34895 RX ua=95 mt=R len=7
PKT t=34900 TX ua=95 mt=P len=0
PKT t=34909 RX ua=95 mt=R len=7
PKT t=34914 TX ua=95 mt=P len=0
PKT t=34923 RX ua=95 mt=R len=7
PKT t=34935 TX ua=95 mt=P len=0
PKT t=34944 RX ua=95 mt=R len=7
PKT t=34949 TX ua=95 mt=P len=0
PKT t=34958 RX ua=95 mt=R len=7
PKT t=34963 TX ua=95 mt=P len=0
PKT t=34995 RX ua=95 mt=R len=7
PKT t=35000 TX ua=95 mt=P len=0
PKT t=35009 RX ua=95 mt=R len=7
PKT t=35014 TX ua=95 mt=P len=0
PKT t=35023 RX ua=95 mt=R len=7
PKT t=35028 TX ua=95 mt=P len=0
PKT t=35037 RX ua=95 mt=R len=7
PKT t=35042 TX ua=95 mt=P len=0
PKT t=35051 RX ua=95 mt=R len=7
PKT t=35056 TX ua=95 mt=P len=0
PKT t=35065 RX ua=95 mt=R len=7
PKT t=35070 TX ua=95 mt=P len=0
PKT t=35099 RX ua=95 mt=R len=7
PKT t=35104 TX ua=95 mt=T len=7
PKT t=35116 TX ua=95 mt=P len=0
PKT t=35126 RX ua=95 mt=R len=7
PKT t=35130 TX ua=95 mt=P len=0
PKT t=35139 RX ua=95 mt=R len=7
PKT t=35144 TX ua=95 mt=P len=0
PKT t=35153 RX ua=95 mt=R len=7
PKT t=35158 TX ua=95 mt=P len=0
PKT t=35167 RX ua=95 mt=R len=7
PKT t=35172 TX ua=95 mt=P len=0
PKT t=35201 RX ua=95 mt=R len=7
PKT t=35206 TX ua=95 mt=P len=0
PKT t=35215 RX ua=95 mt=R len=7
PKT t=35220 TX ua=95 mt=P len=0
PKT t=35229 RX ua=95 mt=R len=7
PKT t=35234 TX ua=95 mt=P len=0
PKT t=35243 RX ua=95 mt=R len=7
PKT t=35255 TX ua=95 mt=P len=0
PKT t=35264 RX ua=95 mt=R len=7
PKT t=35269 TX ua=95 mt=P len=0
PKT t=35301 RX ua=95 mt=R len=7
PKT t=35306 TX ua=95 mt=P len=0
PKT t=35315 RX ua=95 mt=R len=7
PKT t=35320 TX ua=95 mt=P len=0
PKT t=35329 RX ua=95 mt=R len=7
PKT t=35334 TX ua=95 mt=P len=0
PKT t=35343 RX ua=95 mt=R len=7
PKT t=35348 TX ua=95 mt=T len=7
PKT t=35360 TX ua=95 mt=P len=0
PKT t=35370 RX ua=95 mt=R len=7
PKT t=35375 TX ua=95 mt=P len=0
PKT t=35404 RX ua=95 mt=R len=7
PKT t=35415 TX ua=95 mt=P len=0
PKT t=35425 RX ua=95 mt=R len=7
PKT t=35430 TX ua=95 mt=P len=0
PKT t=35440 RX ua=95 mt=R len=7
PKT t=35445 TX ua=95 mt=P len=0
PKT t=35455 RX ua=95 mt=R len=7
PKT t=35460 TX ua=95 mt=P len=0
PKT t=35470 RX ua=95 mt=R len=7
PKT t=35475 TX ua=95 mt=P len=0
PKT t=35504 RX ua=95 mt=R len=7
PKT t=35509 TX ua=95 mt=P len=0
PKT t=35519 RX ua=95 mt=R len=7
PKT t=35524 TX ua=95 mt=P len=0
PKT t=35534 RX ua=95 mt=R len=7
PKT t=35539 TX ua=95 mt=P len=0
PKT t=35549 RX ua=95 mt=R len=7
PKT t=35554 TX ua=95 mt=P len=0
PKT t=35564 RX ua=95 mt=R len=7
PKT t=35575 TX ua=95 mt=P len=0
PKT t=35603 RX ua=95 mt=R len=7
PKT t=35608 TX ua=95 mt=T len=7
PKT t=35620 TX ua=95 mt=P len=0
PKT t=35629 RX ua=95 mt=R len=7
PKT t=35634 TX ua=95 mt=P len=0
PKT t=35643 RX ua=95 mt=R len=7
PKT t=35648 TX ua=95 mt=P len=0
PKT t=35657 RX ua=95 mt=R len=7
PKT t=35662 TX ua=95 mt=P len=0
PKT t=35671 RX ua=95 mt=R len=7
PKT t=35676 TX ua=95 mt=P len=0
PKT t=35705 RX ua=95 mt=R len=7
PKT t=35710 TX ua=95 mt=P len=0
PKT t=35719 RX ua=95 mt=R len=7
PKT t=35724 TX ua=95 mt=P len=0
PKT t=35735 RX ua=95 mt=R len=7
PKT t=35740 TX ua=95 mt=P len=0
PKT t=35749 RX ua=95 mt=R len=7
PKT t=35754 TX ua=95 mt=P len=0
PKT t=35763 RX ua=95 mt=R len=7
PKT t=35768 TX ua=95 mt=P len=0
PKT t=35777 RX ua=95 mt=R len=7
PKT t=35782 TX ua=95 mt=P len=0
PKT t=35811 RX ua=95 mt=R len=7
PKT t=35816 TX ua=95 mt=P len=0
PKT t=35825 RX ua=95 mt=R len=7
PKT t=35830 TX ua=95 mt=P len=0
PKT t=35839 RX ua=95 mt=R len=7
PKT t=35844 TX ua=95 mt=P len=0
PKT t=35853 RX ua=95 mt=R len=7
PKT t=35858 TX ua=95 mt=T len=7
PKT t=35870 TX ua=95 mt=P len=0
PKT t=35879 RX ua=95 mt=R len=7
PKT t=35884 TX ua=95 mt=P len=0
PKT t=35913 RX ua=95 mt=R len=7
PKT t=35918 TX ua=95 mt=P len=0
PKT t=35927 RX ua=95 mt=R len=7
PKT t=35932 TX ua=95 mt=P len=0
PKT t=35941 RX ua=95 mt=R len=7
PKT t=35946 TX ua=95 mt=P len=0
PKT t=35955 RX ua=95 mt=R len=7
PKT t=35960 TX ua=95 mt=P len=0
PKT t=35969 RX ua=95 mt=R len=7
PKT t=35974 TX ua=95 mt=P len=0
PKT t=35983 RX ua=95 mt=R len=7
PKT t=35988 TX ua=95 mt=P len=0
PKT t=36017 RX ua=95 mt=R len=7
PKT t=36022 TX ua=95 mt=P len=0
PKT t=36031 RX ua=95 mt=R len=7
PKT t=36036 TX ua=95 mt=P len=0
PKT t=36045 RX ua=95 mt=R len=7
PKT t=36055 TX ua=95 mt=P len=0
PKT t=36064 RX ua=95 mt=R len=7
PKT t=36069 TX ua=95 mt=P len=0
PKT t=36078 RX ua=95 mt=R len=7
PKT t=36083 TX ua=95 mt=P len=0
PKT t=36092 RX ua=95 mt=R len=7
PKT t=36097 TX ua=95 mt=P len=0
PKT t=36126 RX ua=95 mt=R len=7
PKT t=36131 TX ua=95 mt=T len=7
PKT t=36143 TX ua=95 mt=P len=0
PKT t=36152 RX ua=95 mt=R len=7
PKT t=36157 TX ua=95 mt=P len=0
PKT t=36166 RX ua=95 mt=R len=7
PKT t=36171 TX ua=95 mt=P len=0
PKT t=36180 RX ua=95 mt=R len=7
PKT t=36185 TX ua=95 mt=P len=0
PKT t=36194 RX ua=95 mt=R len=7
PKT t=36199 TX ua=95 mt=P len=0
PKT t=36233 RX ua=95 mt=R len=7
PKT t=36238 TX ua=95 mt=P len=0
PKT t=36247 RX ua=95 mt=R len=7
PKT t=36252 TX ua=95 mt=P len=0
PKT t=36261 RX ua=95 mt=R len=7
PKT t=36266 TX ua=95 mt=P len=0
PKT t=36275 RX ua=95 mt=R len=7
PKT t=36280 TX ua=95 mt=P len=0
PKT t=36289 RX ua=95 mt=R len=7
PKT t=36294 TX ua=95 mt=P len=0
PKT t=36303 RX ua=95 mt=R len=7
PKT t=36308 TX ua=95 mt=P len=0
PKT t=36337 RX ua=95 mt=R len=7
PKT t=36342 TX ua=95 mt=P len=0
PKT t=36351 RX ua=95 mt=R len=7
PKT t=36356 TX ua=95 mt=T len=7
PKT t=36375 TX ua=95 mt=P len=0
PKT t=36384 RX ua=95 mt=R len=7
PKT t=36389 TX ua=95 mt=P len=0
PKT t=36398 RX ua=95 mt=R len=7
PKT t=36403 TX ua=95 mt=P len=0
PKT t=36412 RX ua=95 mt=R len=7
PKT t=36417 TX ua=95 mt=P len=0
PKT t=36446 RX ua=95 mt=R len=7
PKT t=36451 TX ua=95 mt=P len=0
PKT t=36460 RX ua=95 mt=R len=7
PKT t=36465 TX ua=95 mt=P len=0
PKT t=36474 RX ua=95 mt=R len=7
PKT t=36479 TX ua=95 mt=P len=0
PKT t=36488 RX ua=95 mt=R len=7
PKT t=36493 TX ua=95 mt=P len=0
PKT t=36502 RX ua=95 mt=R len=7
PKT t=36507 TX ua=95 mt=P len=0
PKT t=36516 RX ua=95 mt=R len=7
PKT t=36521 TX ua=95 mt=P len=0
PKT t=36550 RX ua=95 mt=R len=7
PKT t=36555 TX ua=95 mt=P len=0
PKT t=36564 RX ua=95 mt=R len=7
PKT t=36569 TX ua=95 mt=P len=0
PKT t=36578 RX ua=95 mt=R len=7
PKT t=36583 TX ua=95 mt=P len=0
PKT t=36592 RX ua=95 mt=R len=7
PKT t=36597 TX ua=95 mt=P len=0
PKT t=36606 RX ua=95 mt=R len=7
PKT t=36611 TX ua=95 mt=T len=7
PKT t=36623 TX ua=95 mt=P len=0
PKT t=36651 RX ua=95 mt=R len=7
PKT t=36656 TX ua=95 mt=P len=0
PKT t=36665 RX ua=95 mt=R len=7
PKT t=36670 TX ua=95 mt=P len=0
PKT t=36679 RX ua=95 mt=R len=7
PKT t=36684 TX ua=95 mt=P len=0
PKT t=36695 RX ua=95 mt=R len=7
PKT t=36700 TX ua=95 mt=P len=0
PKT t=36709 RX ua=95 mt=R len=7
PKT t=36714 TX ua=95 mt=P len=0
PKT t=36723 RX ua=95 mt=R len=7
PKT t=36728 TX ua=95 mt=P len=0
PKT t=36757 RX ua=95 mt=R len=7
PKT t=36762 TX ua=95 mt=P len=0
PKT t=36771 RX ua=95 mt=R len=7
PKT t=36776 TX ua=95 mt=P len=0
PKT t=36785 RX ua=95 mt=R len=7
PKT t=36790 TX ua=95 mt=P len=0
PKT t=36799 RX ua=95 mt=R len=7
PKT t=36804 TX ua=95 mt=P len=0
PKT t=36813 RX ua=95 mt=R len=7
PKT t=36818 TX ua=95 mt=P len=0
PKT t=36827 RX ua=95 mt=R len=7
PKT t=36832 TX ua=95 mt=P len=0
PKT t=36861 RX ua=95 mt=R len=7
PKT t=36866 TX ua=95 mt=T len=7
PKT t=36878 TX ua=95 mt=P len=0
PKT t=36887 RX ua=95 mt=R len=7
PKT t=36892 TX ua=95 mt=P len=0
PKT t=36901 RX ua=95 mt=R len=7
PKT t=36906 TX ua=95 mt=P len=0
PKT t=36915 RX ua=95 mt=R len=7
PKT t=36920 TX ua=95 mt=P len=0
PKT t=36929 RX ua=95 mt=R len=7
PKT t=36934 TX ua=95 mt=P len=0
PKT t=36963 RX ua=95 mt=R len=7
PKT t=36968 TX ua=95 mt=P len=0
PKT t=36977 RX ua=95 mt=R len=7
PKT t=36982 TX ua=95 mt=P len=0
PKT t=36991 RX ua=95 mt=R len=7
PKT t=36996 TX ua=95 mt=P len=0
PKT t=37005 RX ua=95 mt=R len=7
PKT t=37015 TX ua=95 mt=P len=0
PKT t=37024 RX ua=95 mt=R len=7
PKT t=37029 TX ua=95 mt=P len=0
PKT t=37038 RX ua=95 mt=R len=7
PKT t=37043 TX ua=95 mt=P len=0
PKT t=37072 RX ua=95 mt=R len=7
PKT t=37077 TX ua=95 mt=P len=0
PKT t=37086 RX ua=95 mt=R len=7
PKT t=37091 TX ua=95 mt=P len=0
PKT t=37100 RX ua=95 mt=R len=7
PKT t=37105 TX ua=95 mt=T len=7
PKT t=37118 TX ua=95 mt=P len=0
PKT t=37127 RX ua=95 mt=R len=7
PKT t=37132 TX ua=95 mt=P len=0
PKT t=37141 RX ua=95 mt=R len=7
PKT t=37146 TX ua=95 mt=P len=0
PKT t=37175 RX ua=95 mt=R len=7
PKT t=37180 TX ua=95 mt=P len=0
PKT t=37189 RX ua=95 mt=R len=7
PKT t=37194 TX ua=95 mt=P len=0
PKT t=37203 RX ua=95 mt=R len=7
PKT t=37208 TX ua=95 mt=P len=0
PKT t=37217 RX ua=95 mt=R len=7
PKT t=37222 TX ua=95 mt=P len=0
PKT t=37231 RX ua=95 mt=R len=7
PKT t=37236 TX ua=95 mt=P len=0
PKT t=37245 RX ua=95 mt=R len=7
PKT t=37250 TX ua=95 mt=P len=0
PKT t=37279 RX ua=95 mt=R len=7
