PKT t=7484 RX ua=95 mt=R len=7
PKT t=7489 TX ua=95 mt=P len=0
PKT t=7499 RX ua=95 mt=R len=7
PKT t=7504 TX ua=95 mt=P len=0
PKT t=7514 RX ua=95 mt=R len=7
PKT t=7519 TX ua=95 mt=P len=0
PKT t=7529 RX ua=95 mt=R len=7
PKT t=7534 TX ua=95 mt=P len=0
PKT t=7563 RX ua=95 mt=R len=7
PKT t=7568 TX ua=95 mt=P len=0
PKT t=7578 RX ua=95 mt=R len=7
PKT t=7583 TX ua=95 mt=P len=0
PKT t=7593 RX ua=95 mt=R len=7
PKT t=7598 TX ua=95 mt=P len=0
PKT t=7608 RX ua=95 mt=R len=7
PKT t=7613 TX ua=95 mt=T len=7
PKT t=7625 TX ua=95 mt=P len=0
PKT t=7634 RX ua=95 mt=R len=7
PKT t=7639 TX ua=95 mt=P len=0
PKT t=7668 RX ua=95 mt=R len=7
PKT t=7673 TX ua=95 mt=P len=0
PKT t=7682 RX ua=95 mt=R len=7
PKT t=7687 TX ua=95 mt=P len=0
PKT t=7696 RX ua=95 mt=R len=7
PKT t=7705 TX ua=95 mt=P len=0
PKT t=7714 RX ua=95 mt=R len=7
PKT t=7719 TX ua=95 mt=P len=0
PKT t=7728 RX ua=95 mt=R len=7
PKT t=7733 TX ua=95 mt=P len=0
PKT t=7742 RX ua=95 mt=R len=7
PKT t=7747 TX ua=95 mt=P len=0
PKT t=7776 RX ua=95 mt=R len=7
PKT t=7781 TX ua=95 mt=P len=0
PKT t=7790 RX ua=95 mt=R len=7
PKT t=7795 TX ua=95 mt=P len=0
PKT t=7804 RX ua=95 mt=R len=7
PKT t=7809 TX ua=95 mt=P len=0
PKT t=7818 RX ua=95 mt=R len=7
PKT t=7823 TX ua=95 mt=P len=0
PKT t=7832 RX ua=95 mt=R len=7
PKT t=7837 TX ua=95 mt=P len=0
PKT t=7846 RX ua=95 mt=R len=7
PKT t=7855 TX ua=95 mt=P len=0
PKT t=7880 RX ua=95 mt=R len=7
PKT t=7885 TX ua=95 mt=T len=7
PKT t=7897 TX ua=95 mt=P len=0
PKT t=7907 RX ua=95 mt=R len=7
PKT t=7912 TX ua=95 mt=P len=0
PKT t=7921 RX ua=95 mt=R len=7
PKT t=7926 TX ua=95 mt=P len=0
PKT t=7935 RX ua=95 mt=R len=7
PKT t=7940 TX ua=95 mt=P len=0
PKT t=7949 RX ua=95 mt=R len=7
PKT t=7954 TX ua=95 mt=P len=0
PKT t=7983 RX ua=95 mt=R len=7
PKT t=7988 TX ua=95 mt=P len=0
PKT t=8005 RX ua=95 mt=R len=7
PKT t=8012 TX ua=95 mt=P len=0
PKT t=8021 RX ua=95 mt=R len=7
PKT t=8026 TX ua=95 mt=P len=0
PKT t=8035 RX ua=95 mt=R len=7
PKT t=8040 TX ua=95 mt=P len=0
PKT t=8049 RX ua=95 mt=R len=7
PKT t=8054 TX ua=95 mt=P len=0
PKT t=8083 RX ua=95 mt=R len=7
PKT t=8088 TX ua=95 mt=P len=0
PKT t=8097 RX ua=95 mt=R len=7
PKT t=8102 TX ua=95 mt=P len=0
PKT t=8111 RX ua=95 mt=R len=7
PKT t=8116 TX ua=95 mt=T len=7
PKT t=8128 TX ua=95 mt=P len=0
PKT t=8137 RX ua=95 mt=R len=7
PKT t=8142 TX ua=95 mt=P len=0
PKT t=8155 RX ua=95 mt=R len=7
PKT t=8160 TX ua=95 mt=P len=0
PKT t=8185 RX ua=95 mt=R len=7
PKT t=8190 TX ua=95 mt=P len=0
PKT t=8199 RX ua=95 mt=R len=7
PKT t=8204 TX ua=95 mt=P len=0
PKT t=8213 RX ua=95 mt=R len=7
PKT t=8218 TX ua=95 mt=P len=0
PKT t=8227 RX ua=95 mt=R len=7
PKT t=8232 TX ua=95 mt=P len=0
PKT t=8241 RX ua=95 mt=R len=7
PKT t=8246 TX ua=95 mt=P len=0
PKT t=8255 RX ua=95 mt=R len=7
PKT t=8260 TX ua=95 mt=P len=0
PKT t=8289 RX ua=95 mt=R len=7
PKT t=8294 TX ua=95 mt=P len=0
PKT t=8305 RX ua=95 mt=R len=7
PKT t=8310 TX ua=95 mt=P len=0
PKT t=8319 RX ua=95 mt=R len=7
PKT t=8324 TX ua=95 mt=P len=0
PKT t=8333 RX ua=95 mt=R len=7
PKT t=8338 TX ua=95 mt=P len=0
PKT t=8347 RX ua=95 mt=R len=7
PKT t=8352 TX ua=95 mt=P len=0
PKT t=8361 RX ua=95 mt=R len=7
PKT t=8366 TX ua=95 mt=T len=7
PKT t=8378 TX ua=95 mt=P len=0
PKT t=8397 RX ua=95 mt=R len=7
PKT t=8402 TX ua=95 mt=P len=0
PKT t=8411 RX ua=95 mt=R len=7
PKT t=8416 TX ua=95 mt=P len=0
PKT t=8425 RX ua=95 mt=R len=7
PKT t=8430 TX ua=95 mt=P len=0
PKT t=8439 RX ua=95 mt=R len=7
PKT t=8444 TX ua=95 mt=P len=0
PKT t=8455 RX ua=95 mt=R len=7
PKT t=8460 TX ua=95 mt=P len=0
PKT t=8469 RX ua=95 mt=R len=7
PKT t=8474 TX ua=95 mt=P len=0
PKT t=8503 RX ua=95 mt=R len=7
PKT t=8508 TX ua=95 mt=P len=0
PKT t=8517 RX ua=95 mt=R len=7
PKT t=8522 TX ua=95 mt=P len=0
PKT t=8531 RX ua=95 mt=R len=7
PKT t=8536 TX ua=95 mt=P len=0
PKT t=8545 RX ua=95 mt=R len=7
PKT t=8550 TX ua=95 mt=P len=0
PKT t=8559 RX ua=95 mt=R len=7
PKT t=8564 TX ua=95 mt=P len=0
PKT t=8573 RX ua=95 mt=R len=7
PKT t=8578 TX ua=95 mt=P len=0
PKT t=8607 RX ua=95 mt=R len=7
PKT t=8612 TX ua=95 mt=T len=7
PKT t=8624 TX ua=95 mt=P len=0
PKT t=8633 RX ua=95 mt=R len=7
PKT t=8638 TX ua=95 mt=P len=0
PKT t=8647 RX ua=95 mt=R len=7
PKT t=8652 TX ua=95 mt=P len=0
PKT t=8661 RX ua=95 mt=R len=7
PKT t=8666 TX ua=95 mt=P len=0
PKT t=8675 RX ua=95 mt=R len=7
PKT t=8680 TX ua=95 mt=P len=0
PKT t=8709 RX ua=95 mt=R len=7
PKT t=8714 TX ua=95 mt=P len=0
PKT t=8723 RX ua=95 mt=R len=7
PKT t=8728 TX ua=95 mt=P len=0
PKT t=8737 RX ua=95 mt=R len=7
PKT t=8742 TX ua=95 mt=P len=0
PKT t=8755 RX ua=95 mt=R len=7
PKT t=8760 TX ua=95 mt=P len=0
PKT t=8769 RX ua=95 mt=R len=7
PKT t=8774 TX ua=95 mt=P len=0
PKT t=8783 RX ua=95 mt=R len=7
PKT t=8788 TX ua=95 mt=P len=0
PKT t=8817 RX ua=95 mt=R len=7
PKT t=8822 TX ua=95 mt=P len=0
PKT t=8831 RX ua=95 mt=R len=7
PKT t=8836 TX ua=95 mt=P len=0
PKT t=8845 RX ua=95 mt=R len=7
PKT t=8850 TX ua=95 mt=P len=0
PKT t=8859 RX ua=95 mt=R len=7
PKT t=8864 TX ua=95 mt=T len=7
PKT t=8876 TX ua=95 mt=P len=0
PKT t=8885 RX ua=95 mt=R len=7
PKT t=8890 TX ua=95 mt=P len=0
PKT t=8919 RX ua=95 mt=R len=7
PKT t=8924 TX ua=95 mt=P len=0
PKT t=8933 RX ua=95 mt=R len=7
PKT t=8938 TX ua=95 mt=P len=0
PKT t=8947 RX ua=95 mt=R len=7
PKT t=8952 TX ua=95 mt=P len=0
PKT t=8961 RX ua=95 mt=R len=7
PKT t=8966 TX ua=95 mt=P len=0
PKT t=8975 RX ua=95 mt=R len=7
PKT t=8980 TX ua=95 mt=P len=0
PKT t=8989 RX ua=95 mt=R len=7
PKT t=8994 TX ua=95 mt=P len=0
PKT t=9023 RX ua=95 mt=R len=7
PKT t=9028 TX ua=95 mt=P len=0
PKT t=9037 RX ua=95 mt=R len=7
PKT t=9042 TX ua=95 mt=P len=0
PKT t=9055 RX ua=95 mt=R len=7
PKT t=9060 TX ua=95 mt=P len=0
PKT t=9069 RX ua=95 mt=R len=7
PKT t=9074 TX ua=95 mt=P len=0
PKT t=9083 RX ua=95 mt=R len=7
PKT t=9088 TX ua=95 mt=P len=0
PKT t=9097 RX ua=95 mt=R len=7
PKT t=9102 TX ua=95 mt=P len=0
PKT t=9131 RX ua=95 mt=R len=7
PKT t=9136 TX ua=95 mt=T len=7
PKT t=9148 TX ua=95 mt=P len=0
PKT t=9157 RX ua=95 mt=R len=7
PKT t=9162 TX ua=95 mt=P len=0
PKT t=9171 RX ua=95 mt=R len=7
PKT t=9176 TX ua=95 mt=P len=0
PKT t=9185 RX ua=95 mt=R len=7
PKT t=9190 TX ua=95 mt=P len=0
PKT t=9205 RX ua=95 mt=R len=7
PKT t=9210 TX ua=95 mt=P len=0
PKT t=9233 RX ua=95 mt=R len=7
PKT t=9238 TX ua=95 mt=P len=0
PKT t=9247 RX ua=95 mt=R len=7
PKT t=9252 TX ua=95 mt=P len=0
PKT t=9261 RX ua=95 mt=R len=7
PKT t=9266 TX ua=95 mt=P len=0
PKT t=9275 RX ua=95 mt=R len=7
PKT t=9280 TX ua=95 mt=P len=0
PKT t=9289 RX ua=95 mt=R len=7
PKT t=9294 TX ua=95 mt=P len=0
PKT t=9303 RX ua=95 mt=R len=7
PKT t=9308 TX ua=95 mt=P len=0
PKT t=9337 RX ua=95 mt=R len=7
PKT t=9342 TX ua=95 mt=P len=0
PKT t=9355 RX ua=95 mt=R len=7
PKT t=9360 TX ua=95 mt=T len=7
PKT t=9372 TX ua=95 mt=P len=0
PKT t=9382 RX ua=95 mt=R len=7
PKT t=9387 TX ua=95 mt=P len=0
PKT t=9397 RX ua=95 mt=R len=7
PKT t=9402 TX ua=95 mt=P len=0
PKT t=9412 RX ua=95 mt=R len=7
PKT t=9417 TX ua=95 mt=P len=0
PKT t=9446 RX ua=95 mt=R len=7
PKT t=9451 TX ua=95 mt=P len=0
PKT t=9461 RX ua=95 mt=R len=7
PKT t=9466 TX ua=95 mt=P len=0
PKT t=9476 RX ua=95 mt=R len=7
PKT t=9481 TX ua=95 mt=P len=0
PKT t=9491 RX ua=95 mt=R len=7
PKT t=9496 TX ua=95 mt=P len=0
PKT t=9506 RX ua=95 mt=R len=7
PKT t=9511 TX ua=95 mt=P len=0
PKT t=9545 RX ua=95 mt=R len=7
PKT t=9550 TX ua=95 mt=P len=0
PKT t=9560 RX ua=95 mt=R len=7
PKT t=9565 TX ua=95 mt=P len=0
PKT t=9575 RX ua=95 mt=R len=7
PKT t=9580 TX ua=95 mt=P len=0
PKT t=9590 RX ua=95 mt=R len=7
PKT t=9595 TX ua=95 mt=P len=0
PKT t=9605 RX ua=95 mt=R len=7
PKT t=9610 TX ua=95 mt=T len=7
PKT t=9622 TX ua=95 mt=P len=0
PKT t=9655 RX ua=95 mt=R len=7
PKT t=9660 TX ua=95 mt=P len=0
PKT t=9669 RX ua=95 mt=R len=7
PKT t=9674 TX ua=95 mt=P len=0
PKT t=9683 RX ua=95 mt=R len=7
PKT t=9688 TX ua=95 mt=P len=0
PKT t=9697 RX ua=95 mt=R len=7
PKT t=9702 TX ua=95 mt=P len=0
PKT t=9711 RX ua=95 mt=R len=7
PKT t=9716 TX ua=95 mt=P len=0
PKT t=9749 RX ua=95 mt=R len=7
PKT t=9754 TX ua=95 mt=P len=0
PKT t=9763 RX ua=95 mt=R len=7
PKT t=9768 TX ua=95 mt=P len=0
PKT t=9777 RX ua=95 mt=R len=7
PKT t=9782 TX ua=95 mt=P len=0
PKT t=9791 RX ua=95 mt=R len=7
PKT t=9796 TX ua=95 mt=P len=0
PKT t=9805 RX ua=95 mt=R len=7
PKT t=9810 TX ua=95 mt=P len=0
PKT t=9819 RX ua=95 mt=R len=7
PKT t=9824 TX ua=95 mt=P len=0
PKT t=9853 RX ua=95 mt=R len=7
PKT t=9858 TX ua=95 mt=T len=7
PKT t=9870 TX ua=95 mt=P len=0
PKT t=9879 RX ua=95 mt=R len=7
PKT t=9884 TX ua=95 mt=P len=0
PKT t=9893 RX ua=95 mt=R len=7
PKT t=9898 TX ua=95 mt=P len=0
PKT t=9907 RX ua=95 mt=R len=7
PKT t=9912 TX ua=95 mt=P len=0
PKT t=9921 RX ua=95 mt=R len=7
PKT t=9926 TX ua=95 mt=P len=0
PKT t=9955 RX ua=95 mt=R len=7
PKT t=9960 TX ua=95 mt=P len=0
PKT t=9969 RX ua=95 mt=R len=7
PKT t=9974 TX ua=95 mt=P len=0
PKT t=9983 RX ua=95 mt=R len=7
PKT t=9988 TX ua=95 mt=P len=0
PKT t=9997 RX ua=95 mt=R len=7
PKT t=10002 TX ua=95 mt=P len=0
PKT t=10013 RX ua=95 mt=R len=7
PKT t=10018 TX ua=95 mt=P len=0
PKT t=10027 RX ua=95 mt=R len=7
PKT t=10032 TX ua=95 mt=P len=0
PKT t=10061 RX ua=95 mt=R len=7
PKT t=10066 TX ua=96 mt=P len=0
PKT t=10324 TX ua=95 mt=P len=0
PKT t=10333 RX ua=95 mt=R len=7
PKT t=10338 TX ua=95 mt=T len=7
PKT t=10351 TX ua=95 mt=P len=0
PKT t=10369 RX ua=95 mt=R len=7
PKT t=10374 TX ua=95 mt=T len=7
PKT t=10387 TX ua=95 mt=P len=0
PKT t=10396 RX ua=95 mt=R len=7
PKT t=10405 TX ua=95 mt=P len=0
PKT t=10414 RX ua=95 mt=R len=7
PKT t=10419 TX ua=95 mt=P len=0
PKT t=10428 RX ua=95 mt=R len=7
PKT t=10433 TX ua=95 mt=P len=0
PKT t=10467 RX ua=95 mt=R len=7
PKT t=10471 TX ua=95 mt=P len=0
PKT t=10480 RX ua=95 mt=R len=7
PKT t=10485 TX ua=95 mt=P len=0
PKT t=10494 RX ua=95 mt=R len=7
PKT t=10499 TX ua=95 mt=P len=0
PKT t=10508 RX ua=95 mt=R len=7
PKT t=10513 TX ua=95 mt=P len=0
PKT t=10522 RX ua=95 mt=R len=7
PKT t=10527 TX ua=95 mt=P len=0
PKT t=10536 RX ua=95 mt=R len=7
PKT t=10541 TX ua=95 mt=P len=0
PKT t=10570 RX ua=95 mt=R len=7
PKT t=10575 TX ua=95 mt=P len=0
PKT t=10584 RX ua=95 mt=R len=7
PKT t=10589 TX ua=95 mt=P len=0
PKT t=10598 RX ua=95 mt=R len=7
PKT t=10603 TX ua=95 mt=P len=0
PKT t=10612 RX ua=95 mt=R len=7
PKT t=10617 TX ua=95 mt=T len=7
PKT t=10630 TX ua=95 mt=P len=0
PKT t=10639 RX ua=95 mt=R len=7
PKT t=10644 TX ua=95 mt=P len=0
PKT t=10673 RX ua=95 mt=R len=7
PKT t=10678 TX ua=95 mt=P len=0
PKT t=10687 RX ua=95 mt=R len=7
PKT t=10692 TX ua=95 mt=P len=0
PKT t=10705 RX ua=95 mt=R len=7
PKT t=10710 TX ua=95 mt=P len=0
PKT t=10719 RX ua=95 mt=R len=7
PKT t=10724 TX ua=95 mt=P len=0
PKT t=10733 RX ua=95 mt=R len=7
PKT t=10738 TX ua=95 mt=P len=0
PKT t=10747 RX ua=95 mt=R len=7
PKT t=10752 TX ua=95 mt=P len=0
PKT t=10781 RX ua=95 mt=R len=7
PKT t=10786 TX ua=95 mt=P len=0
PKT t=10795 RX ua=95 mt=R len=7
PKT t=10800 TX ua=95 mt=P len=0
PKT t=10809 RX ua=95 mt=R len=7
PKT t=10814 TX ua=95 mt=P len=0
PKT t=10823 RX ua=95 mt=R len=7
PKT t=10828 TX ua=95 mt=P len=0
PKT t=10837 RX ua=95 mt=R len=7
PKT t=10842 TX ua=95 mt=P len=0
PKT t=10855 RX ua=95 mt=R len=7
PKT t=10860 TX ua=95 mt=T len=7
PKT t=10873 TX ua=95 mt=P len=0
PKT t=10887 RX ua=95 mt=R len=7
PKT t=10892 TX ua=95 mt=P len=0
PKT t=10901 RX ua=95 mt=R len=7
PKT t=10906 TX ua=95 mt=P len=0
PKT t=10915 RX ua=95 mt=R len=7
PKT t=10920 TX ua=95 mt=P len=0
PKT t=10929 RX ua=95 mt=R len=7
PKT t=10934 TX ua=95 mt=P len=0
PKT t=10943 RX ua=95 mt=R len=7
PKT t=10948 TX ua=95 mt=P len=0
PKT t=10957 RX ua=95 mt=R len=7
PKT t=10962 TX ua=95 mt=P len=0
PKT t=10991 RX ua=95 mt=R len=7
PKT t=10996 TX ua=95 mt=P len=0
PKT t=11005 RX ua=95 mt=R len=7
PKT t=11010 TX ua=95 mt=P len=0
PKT t=11019 RX ua=95 mt=R len=7
PKT t=11024 TX ua=95 mt=P len=0
PKT t=11033 RX ua=95 mt=R len=7
PKT t=11038 TX ua=95 mt=P len=0
PKT t=11047 RX ua=95 mt=R len=7
PKT t=11052 TX ua=95 mt=P len=0
PKT t=11061 RX ua=95 mt=R len=7
PKT t=11066 TX ua=95 mt=P len=0
PKT t=11095 RX ua=95 mt=R len=7
PKT t=11100 TX ua=95 mt=P len=0
PKT t=11109 RX ua=95 mt=R len=7
PKT t=11114 TX ua=95 mt=T len=7
PKT t=11126 TX ua=95 mt=P len=0
PKT t=11135 RX ua=95 mt=R len=7
PKT t=11140 TX ua=95 mt=P len=0
PKT t=11155 RX ua=95 mt=R len=7
PKT t=11160 TX ua=95 mt=P len=0
PKT t=11169 RX ua=95 mt=R len=7
PKT t=11174 TX ua=95 mt=P len=0
PKT t=11203 RX ua=95 mt=R len=7
PKT t=11208 TX ua=95 mt=P len=0
PKT t=11217 RX ua=95 mt=R len=7
PKT t=11222 TX ua=95 mt=P len=0
PKT t=11231 RX ua=95 mt=R len=7
PKT t=11236 TX ua=95 mt=P len=0
PKT t=11245 RX ua=95 mt=R len=7
PKT t=11250 TX ua=95 mt=P len=0
PKT t=11259 RX ua=95 mt=R len=7
PKT t=11264 TX ua=95 mt=P len=0
PKT t=11273 RX ua=95 mt=R len=7
PKT t=11278 TX ua=95 mt=P len=0
PKT t=11307 RX ua=95 mt=R len=7
PKT t=11312 TX ua=95 mt=P len=0
PKT t=11321 RX ua=95 mt=R len=7
PKT t=11326 TX ua=95 mt=P len=0
PKT t=11335 RX ua=95 mt=R len=7
PKT t=11340 TX ua=95 mt=P len=0
PKT t=11349 RX ua=95 mt=R len=7
PKT t=11354 TX ua=95 mt=P len=0
PKT t=11363 RX ua=95 mt=R len=7
PKT t=11368 TX ua=95 mt=T len=7
PKT t=11380 TX ua=95 mt=P len=0
PKT t=11408 RX ua=95 mt=R len=7
PKT t=11413 TX ua=95 mt=P len=0
PKT t=11423 RX ua=95 mt=R len=7
PKT t=11428 TX ua=95 mt=P len=0
PKT t=11438 RX ua=95 mt=R len=7
PKT t=11443 TX ua=95 mt=P len=0
PKT t=11455 RX ua=95 mt=R len=7
PKT t=11460 TX ua=95 mt=P len=0
PKT t=11470 RX ua=95 mt=R len=7
PKT t=11475 TX ua=95 mt=P len=0
PKT t=11508 RX ua=95 mt=R len=7
PKT t=11513 TX ua=95 mt=P len=0
PKT t=11523 RX ua=95 mt=R len=7
PKT t=11528 TX ua=95 mt=P len=0
PKT t=11538 RX ua=95 mt=R len=7
PKT t=11543 TX ua=95 mt=P len=0
PKT t=11553 RX ua=95 mt=R len=7
PKT t=11558 TX ua=95 mt=P len=0
PKT t=11568 RX ua=95 mt=R len=7
PKT t=11573 TX ua=95 mt=P len=0
PKT t=11583 RX ua=95 mt=R len=7
PKT t=11588 TX ua=95 mt=P len=0
PKT t=11617 RX ua=95 mt=R len=7
PKT t=11622 TX ua=95 mt=T len=7
PKT t=11634 TX ua=95 mt=P len=0
PKT t=11643 RX ua=95 mt=R len=7
PKT t=11648 TX ua=95 mt=P len=0
PKT t=11657 RX ua=95 mt=R len=7
PKT t=11662 TX ua=95 mt=P len=0
PKT t=11671 RX ua=95 mt=R len=7
PKT t=11676 TX ua=95 mt=P len=0
PKT t=11685 RX ua=95 mt=R len=7
PKT t=11690 TX ua=95 mt=P len=0
PKT t=11719 RX ua=95 mt=R len=7
PKT t=11724 TX ua=95 mt=P len=0
PKT t=11733 RX ua=95 mt=R len=7
PKT t=11738 TX ua=95 mt=P len=0
PKT t=11755 RX ua=95 mt=R len=7
PKT t=11760 TX ua=95 mt=P len=0
PKT t=11769 RX ua=95 mt=R len=7
PKT t=11774 TX ua=95 mt=P len=0
PKT t=11783 RX ua=95 mt=R len=7
PKT t=11788 TX ua=95 mt=P len=0
PKT t=11818 RX ua=95 mt=R len=7
PKT t=11823 TX ua=95 mt=P len=0
PKT t=11832 RX ua=95 mt=R len=7
PKT t=11837 TX ua=95 mt=P len=0
PKT t=11846 RX ua=95 mt=R len=7
PKT t=11851 TX ua=95 mt=P len=0
PKT t=11860 RX ua=95 mt=R len=7
PKT t=11865 TX ua=95 mt=T len=7
PKT t=11877 TX ua=95 mt=P len=0
PKT t=11886 RX ua=95 mt=R len=7
PKT t=11891 TX ua=95 mt=P len=0
PKT t=11920 RX ua=95 mt=R len=7
PKT t=11925 TX ua=95 mt=P len=0
PKT t=11934 RX ua=95 mt=R len=7
PKT t=11939 TX ua=95 mt=P len=0
PKT t=11948 RX ua=95 mt=R len=7
PKT t=11953 TX ua=95 mt=P len=0
PKT t=11962 RX ua=95 mt=R len=7
PKT t=11967 TX ua=95 mt=P len=0
PKT t=11976 RX ua=95 mt=R len=7
PKT t=11981 TX ua=95 mt=P len=0
PKT t=11990 RX ua=95 mt=R len=7
PKT t=11995 TX ua=95 mt=P len=0
PKT t=12024 RX ua=95 mt=R len=7
PKT t=12029 TX ua=95 mt=P len=0
PKT t=12038 RX ua=95 mt=R len=7
PKT t=12043 TX ua=95 mt=P len=0
PKT t=12055 RX ua=95 mt=R len=7
PKT t=12060 TX ua=95 mt=P len=0
PKT t=12069 RX ua=95 mt=R len=7
PKT t=12074 TX ua=95 mt=P len=0
PKT t=12083 RX ua=95 mt=R len=7
PKT t=12088 TX ua=95 mt=P len=0
PKT t=12097 RX ua=95 mt=R len=7
PKT t=12102 TX ua=95 mt=P len=0
PKT t=12136 RX ua=95 mt=R len=7
PKT t=12141 TX ua=95 mt=T len=7
PKT t=12153 TX ua=95 mt=P len=0
PKT t=12162 RX ua=95 mt=R len=7
PKT t=12167 TX ua=95 mt=P len=0
PKT t=12176 RX ua=95 mt=R len=7
PKT t=12181 TX ua=95 mt=P len=0
PKT t=12190 RX ua=95 mt=R len=7
PKT t=12195 TX ua=95 mt=P len=0
PKT t=12205 RX ua=95 mt=R len=7
PKT t=12460 TX ua=96 mt=I len=13
PKT t=12968 TX ua=96 mt=T len=4
PKT t=12979 TX ua=95 mt=P len=0
PKT t=12988 RX ua=95 mt=R len=7
PKT t=12993 TX ua=95 mt=T len=7
PKT t=13005 TX ua=95 mt=P len=0
PKT t=13038 RX ua=95 mt=R len=7
PKT t=13043 TX ua=95 mt=P len=0
PKT t=13052 RX ua=95 mt=R len=7
PKT t=13057 TX ua=95 mt=P len=0
PKT t=13066 RX ua=95 mt=R len=7
PKT t=13071 TX ua=95 mt=P len=0
PKT t=13080 RX ua=95 mt=R len=7
PKT t=13085 TX ua=95 mt=P len=0
PKT t=13094 RX ua=95 mt=R len=7
PKT t=13105 TX ua=95 mt=P len=0
PKT t=13138 RX ua=95 mt=R len=7
PKT t=13143 TX ua=95 mt=T len=7
PKT t=13156 TX ua=95 mt=P len=0
PKT t=13165 RX ua=95 mt=R len=7
PKT t=13170 TX ua=95 mt=P len=0
PKT t=13179 RX ua=95 mt=R len=7
PKT t=13184 TX ua=95 mt=P len=0
PKT t=13193 RX ua=95 mt=R len=7
PKT t=13198 TX ua=95 mt=P len=0
PKT t=13207 RX ua=95 mt=R len=7
PKT t=13212 TX ua=95 mt=P len=0
PKT t=13241 RX ua=95 mt=R len=7
PKT t=13246 TX ua=95 mt=P len=0
PKT t=13255 RX ua=95 mt=R len=7
PKT t=13260 TX ua=95 mt=P len=0
PKT t=13269 RX ua=95 mt=R len=7
PKT t=13274 TX ua=95 mt=P len=0
PKT t=13283 RX ua=95 mt=R len=7
PKT t=13288 TX ua=95 mt=P len=0
PKT t=13297 RX ua=95 mt=R len=7
PKT t=13302 TX ua=95 mt=P len=0
PKT t=13311 RX ua=95 mt=R len=7
PKT t=13316 TX ua=95 mt=P len=0
PKT t=13345 RX ua=95 mt=R len=7
PKT t=13350 TX ua=95 mt=P len=0
PKT t=13359 RX ua=95 mt=R len=7
PKT t=13364 TX ua=95 mt=T len=7
PKT t=13377 TX ua=95 mt=P len=0
PKT t=13387 RX ua=95 mt=R len=7
PKT t=13392 TX ua=95 mt=P len=0
PKT t=13405 RX ua=95 mt=R len=7
PKT t=13410 TX ua=95 mt=P len=0
PKT t=13420 RX ua=95 mt=R len=7
PKT t=13425 TX ua=95 mt=P len=0
PKT t=13454 RX ua=95 mt=R len=7
PKT t=13459 TX ua=95 mt=P len=0
PKT t=13469 RX ua=95 mt=R len=7
PKT t=13474 TX ua=95 mt=P len=0
PKT t=13484 RX ua=95 mt=R len=7
PKT t=13489 TX ua=95 mt=P len=0
PKT t=13499 RX ua=95 mt=R len=7
PKT t=13504 TX ua=95 mt=P len=0
PKT t=13514 RX ua=95 mt=R len=7
PKT t=13519 TX ua=95 mt=P len=0
PKT t=13555 RX ua=95 mt=R len=7
PKT t=13560 TX ua=95 mt=P len=0
PKT t=13570 RX ua=95 mt=R len=7
PKT t=13575 TX ua=95 mt=P len=0
PKT t=13585 RX ua=95 mt=R len=7
PKT t=13590 TX ua=95 mt=P len=0
PKT t=13600 RX ua=95 mt=R len=7
PKT t=13605 TX ua=95 mt=P len=0
PKT t=13615 RX ua=95 mt=R len=7
PKT t=13620 TX ua=95 mt=T len=7
PKT t=13633 TX ua=95 mt=P len=0
PKT t=13655 RX ua=95 mt=R len=7
PKT t=13659 TX ua=95 mt=P len=0
PKT t=13668 RX ua=95 mt=R len=7
PKT t=13673 TX ua=95 mt=P len=0
PKT t=13682 RX ua=95 mt=R len=7
PKT t=13687 TX ua=95 mt=P len=0
PKT t=13696 RX ua=95 mt=R len=7
PKT t=13705 TX ua=95 mt=P len=0
PKT t=13714 RX ua=95 mt=R len=7
PKT t=13719 TX ua=95 mt=P len=0
PKT t=13753 RX ua=95 mt=R len=7
PKT t=13757 TX ua=95 mt=P len=0
PKT t=13766 RX ua=95 mt=R len=7
PKT t=13771 TX ua=95 mt=P len=0
PKT t=13780 RX ua=95 mt=R len=7
PKT t=13785 TX ua=95 mt=P len=0
PKT t=13794 RX ua=95 mt=R len=7
PKT t=13799 TX ua=95 mt=P len=0
PKT t=13808 RX ua=95 mt=R len=7
PKT t=13813 TX ua=95 mt=P len=0
PKT t=13822 RX ua=95 mt=R len=7
PKT t=13827 TX ua=95 mt=P len=0
PKT t=13856 RX ua=95 mt=R len=7
PKT t=13861 TX ua=95 mt=T len=7
PKT t=13874 TX ua=95 mt=P len=0
PKT t=13883 RX ua=95 mt=R len=7
PKT t=13888 TX ua=95 mt=P len=0
PKT t=13897 RX ua=95 mt=R len=7
PKT t=13902 TX ua=95 mt=P len=0
PKT t=13911 RX ua=95 mt=R len=7
PKT t=13916 TX ua=95 mt=P len=0
PKT t=13925 RX ua=95 mt=R len=7
PKT t=13930 TX ua=95 mt=P len=0
PKT t=13959 RX ua=95 mt=R len=7
PKT t=13964 TX ua=95 mt=P len=0
PKT t=13973 RX ua=95 mt=R len=7
PKT t=13978 TX ua=95 mt=P len=0
PKT t=13987 RX ua=95 mt=R len=7
PKT t=13992 TX ua=95 mt=P len=0
PKT t=14005 RX ua=95 mt=R len=7
PKT t=14010 TX ua=95 mt=P len=0
PKT t=14019 RX ua=95 mt=R len=7
PKT t=14024 TX ua=95 mt=P len=0
PKT t=14033 RX ua=95 mt=R len=7
PKT t=14038 TX ua=95 mt=P len=0
PKT t=14067 RX ua=95 mt=R len=7
PKT t=14072 TX ua=95 mt=P len=0
PKT t=14081 RX ua=95 mt=R len=7
PKT t=14086 TX ua=95 mt=P len=0
PKT t=14095 RX ua=95 mt=R len=7
PKT t=14100 TX ua=95 mt=P len=0
PKT t=14109 RX ua=95 mt=R len=7
PKT t=14114 TX ua=95 mt=T len=7
PKT t=14126 TX ua=95 mt=P len=0
PKT t=14136 RX ua=95 mt=R len=7
PKT t=14141 TX ua=95 mt=P len=0
PKT t=14169 RX ua=95 mt=R len=7
PKT t=14174 TX ua=95 mt=P len=0
PKT t=14183 RX ua=95 mt=R len=7
PKT t=14188 TX ua=95 mt=P len=0
PKT t=14197 RX ua=95 mt=R len=7
PKT t=14202 TX ua=95 mt=P len=0
PKT t=14211 RX ua=95 mt=R len=7
PKT t=14216 TX ua=95 mt=P len=0
PKT t=14225 RX ua=95 mt=R len=7
PKT t=14230 TX ua=95 mt=P len=0
PKT t=14239 RX ua=95 mt=R len=7
PKT t=14244 TX ua=95 mt=P len=0
PKT t=14273 RX ua=95 mt=R len=7
PKT t=14278 TX ua=95 mt=P len=0
PKT t=14287 RX ua=95 mt=R len=7
PKT t=14292 TX ua=95 mt=P len=0
PKT t=14305 RX ua=95 mt=R len=7
PKT t=14310 TX ua=95 mt=P len=0
PKT t=14319 RX ua=95 mt=R len=7
PKT t=14324 TX ua=95 mt=P len=0
PKT t=14333 RX ua=95 mt=R len=7
PKT t=14338 TX ua=95 mt=P len=0
PKT t=14347 RX ua=95 mt=R len=7
PKT t=14352 TX ua=95 mt=P len=0
PKT t=14381 RX ua=95 mt=R len=7
PKT t=14386 TX ua=95 mt=T len=7
PKT t=14398 TX ua=95 mt=P len=0
PKT t=14407 RX ua=95 mt=R len=7
PKT t=14412 TX ua=95 mt=P len=0
PKT t=14421 RX ua=95 mt=R len=7
PKT t=14426 TX ua=95 mt=P len=0
PKT t=14435 RX ua=95 mt=R len=7
PKT t=14440 TX ua=95 mt=P len=0
PKT t=14455 RX ua=95 mt=R len=7
PKT t=14460 TX ua=95 mt=P len=0
PKT t=14483 RX ua=95 mt=R len=7
PKT t=14488 TX ua=95 mt=P len=0
PKT t=14497 RX ua=95 mt=R len=7
PKT t=14502 TX ua=95 mt=P len=0
PKT t=14511 RX ua=95 mt=R len=7
PKT t=14516 TX ua=95 mt=P len=0
PKT t=14525 RX ua=95 mt=R len=7
PKT t=14530 TX ua=95 mt=P len=0
PKT t=14539 RX ua=95 mt=R len=7
PKT t=14544 TX ua=95 mt=P len=0
PKT t=14553 RX ua=95 mt=R len=7
PKT t=14558 TX ua=95 mt=P len=0
PKT t=14587 RX ua=95 mt=R len=7
PKT t=14592 TX ua=95 mt=P len=0
PKT t=14605 RX ua=95 mt=R len=7
PKT t=14610 TX ua=95 mt=T len=7
PKT t=14622 TX ua=95 mt=P len=0
PKT t=14631 RX ua=95 mt=R len=7
PKT t=14636 TX ua=95 mt=P len=0
PKT t=14645 RX ua=95 mt=R len=7
PKT t=14650 TX ua=95 mt=P len=0
PKT t=14659 RX ua=95 mt=R len=7
PKT t=14664 TX ua=95 mt=P len=0
PKT t=14693 RX ua=95 mt=R len=7
PKT t=14698 TX ua=95 mt=P len=0
PKT t=14707 RX ua=95 mt=R len=7
PKT t=14712 TX ua=95 mt=P len=0
PKT t=14721 RX ua=95 mt=R len=7
PKT t=14726 TX ua=95 mt=P len=0
PKT t=14735 RX ua=95 mt=R len=7
PKT t=14740 TX ua=95 mt=P len=0
PKT t=14755 RX ua=95 mt=R len=7
PKT t=14760 TX ua=95 mt=P len=0
PKT t=14793 RX ua=95 mt=R len=7
PKT t=14798 TX ua=95 mt=P len=0
PKT t=14807 RX ua=95 mt=R len=7
PKT t=14812 TX ua=95 mt=P len=0
PKT t=14821 RX ua=95 mt=R len=7
PKT t=14826 TX ua=95 mt=P len=0
PKT t=14835 RX ua=95 mt=R len=7
PKT t=14840 TX ua=95 mt=P len=0
PKT t=14849 RX ua=95 mt=R len=7
PKT t=14854 TX ua=95 mt=P len=0
PKT t=14863 RX ua=95 mt=R len=7
PKT t=14868 TX ua=95 mt=T len=7
PKT t=14880 TX ua=95 mt=P len=0
PKT t=14905 RX ua=95 mt=R len=7
PKT t=14910 TX ua=95 mt=P len=0
PKT t=14919 RX ua=95 mt=R len=7
PKT t=14924 TX ua=95 mt=P len=0
PKT t=14933 RX ua=95 mt=R len=7
PKT t=14938 TX ua=95 mt=P len=0
PKT t=14947 RX ua=95 mt=R len=7
PKT t=14952 TX ua=95 mt=P len=0
PKT t=14961 RX ua=95 mt=R len=7
PKT t=14966 TX ua=95 mt=P len=0
PKT t=14997 RX ua=95 mt=R len=7
PKT t=15001 TX ua=95 mt=P len=0
PKT t=15010 RX ua=95 mt=R len=7
PKT t=15015 TX ua=95 mt=P len=0
PKT t=15024 RX ua=95 mt=R len=7
PKT t=15029 TX ua=95 mt=P len=0
PKT t=15038 RX ua=95 mt=R len=7
PKT t=15043 TX ua=95 mt=P len=0
PKT t=15055 RX ua=95 mt=R len=7
PKT t=15060 TX ua=95 mt=P len=0
PKT t=15069 RX ua=95 mt=R len=7
PKT t=15074 TX ua=95 mt=P len=0
PKT t=15103 RX ua=95 mt=R len=7
PKT t=15108 TX ua=95 mt=T len=7
PKT t=15120 TX ua=95 mt=P len=0
PKT t=15129 RX ua=95 mt=R len=7
PKT t=15134 TX ua=95 mt=P len=0
PKT t=15143 RX ua=95 mt=R len=7
PKT t=15148 TX ua=95 mt=P len=0
PKT t=15157 RX ua=95 mt=R len=7
PKT t=15162 TX ua=95 mt=P len=0
PKT t=15171 RX ua=95 mt=R len=7
PKT t=15176 TX ua=95 mt=P len=0
PKT t=15205 RX ua=95 mt=R len=7
PKT t=15210 TX ua=95 mt=P len=0
PKT t=15219 RX ua=95 mt=R len=7
PKT t=15224 TX ua=95 mt=P len=0
PKT t=15233 RX ua=95 mt=R len=7
PKT t=15238 TX ua=95 mt=P len=0
PKT t=15247 RX ua=95 mt=R len=7
PKT t=15252 TX ua=95 mt=P len=0
PKT t=15261 RX ua=95 mt=R len=7
PKT t=15266 TX ua=95 mt=P len=0
PKT t=15275 RX ua=95 mt=R len=7
PKT t=15280 TX ua=95 mt=P len=0
PKT t=15309 RX ua=95 mt=R len=7
PKT t=15314 TX ua=95 mt=P len=0
PKT t=15323 RX ua=95 mt=R len=7
PKT t=15328 TX ua=95 mt=P len=0
PKT t=15337 RX ua=95 mt=R len=7
PKT t=15342 TX ua=95 mt=P len=0
PKT t=15355 RX ua=95 mt=R len=7
PKT t=15360 TX ua=95 mt=T len=7
PKT t=15372 TX ua=95 mt=P len=0
PKT t=15382 RX ua=95 mt=R len=7
PKT t=15387 TX ua=95 mt=P len=0
PKT t=15416 RX ua=95 mt=R len=7
PKT t=15421 TX ua=95 mt=P len=0
PKT t=15431 RX ua=95 mt=R len=7
PKT t=15436 TX ua=95 mt=P len=0
PKT t=15446 RX ua=95 mt=R len=7
PKT t=15451 TX ua=95 mt=P len=0
PKT t=15461 RX ua=95 mt=R len=7
PKT t=15466 TX ua=95 mt=P len=0
PKT t=15476 RX ua=95 mt=R len=7
PKT t=15481 TX ua=95 mt=P len=0
PKT t=15515 RX ua=95 mt=R len=7
PKT t=15520 TX ua=95 mt=P len=0
PKT t=15530 RX ua=95 mt=R len=7
PKT t=15535 TX ua=95 mt=P len=0
PKT t=15545 RX ua=95 mt=R len=7
PKT t=15550 TX ua=95 mt=P len=0
PKT t=15560 RX ua=95 mt=R len=7
PKT t=15565 TX ua=95 mt=P len=0
PKT t=15575 RX ua=95 mt=R len=7
PKT t=15580 TX ua=95 mt=P len=0
PKT t=15590 RX ua=95 mt=R len=7
PKT t=15595 TX ua=95 mt=P len=0
PKT t=15624 RX ua=95 mt=R len=7
PKT t=15629 TX ua=95 mt=T len=7
PKT t=15641 TX ua=95 mt=P len=0
PKT t=15655 RX ua=95 mt=R len=7
PKT t=15660 TX ua=95 mt=P len=0
PKT t=15669 RX ua=95 mt=R len=7
PKT t=15674 TX ua=95 mt=P len=0
PKT t=15683 RX ua=95 mt=R len=7
PKT t=15688 TX ua=95 mt=P len=0
PKT t=15697 RX ua=95 mt=R len=7
PKT t=15702 TX ua=95 mt=P len=0
PKT t=15731 RX ua=95 mt=R len=7
PKT t=15736 TX ua=95 mt=P len=0
PKT t=15745 RX ua=95 mt=R len=7
PKT t=15750 TX ua=95 mt=P len=0
PKT t=15759 RX ua=95 mt=R len=7
PKT t=15764 TX ua=95 mt=P len=0
PKT t=15773 RX ua=95 mt=R len=7
PKT t=15778 TX ua=95 mt=P len=0
PKT t=15787 RX ua=95 mt=R len=7
PKT t=15792 TX ua=95 mt=P len=0
PKT t=15805 RX ua=95 mt=R len=7
PKT t=15810 TX ua=95 mt=P len=0
PKT t=15836 RX ua=95 mt=R len=7
PKT t=15841 TX ua=95 mt=P len=0
PKT t=15850 RX ua=95 mt=R len=7
PKT t=15855 TX ua=95 mt=P len=0
PKT t=15864 RX ua=95 mt=R len=7
PKT t=15869 TX ua=95 mt=T len=7
PKT t=15881 TX ua=95 mt=P len=0
PKT t=15890 RX ua=95 mt=R len=7
PKT t=15895 TX ua=95 mt=P len=0
PKT t=15904 RX ua=95 mt=R len=7
PKT t=15909 TX ua=95 mt=P len=0
PKT t=15938 RX ua=95 mt=R len=7
PKT t=15943 TX ua=95 mt=P len=0
PKT t=15955 RX ua=95 mt=R len=7
PKT t=15960 TX ua=95 mt=P len=0
PKT t=15969 RX ua=95 mt=R len=7
PKT t=15974 TX ua=95 mt=P len=0
PKT t=15983 RX ua=95 mt=R len=7
PKT t=15988 TX ua=95 mt=P len=0
PKT t=15997 RX ua=95 mt=R len=7
PKT t=16002 TX ua=95 mt=P len=0
PKT t=16011 RX ua=95 mt=R len=7
PKT t=16016 TX ua=95 mt=P len=0
PKT t=16045 RX ua=95 mt=R len=7
PKT t=16050 TX ua=95 mt=P len=0
PKT t=16059 RX ua=95 mt=R len=7
PKT t=16064 TX ua=95 mt=P len=0
PKT t=16073 RX ua=95 mt=R len=7
PKT t=16078 TX ua=95 mt=P len=0
PKT t=16087 RX ua=95 mt=R len=7
PKT t=16092 TX ua=95 mt=P len=0
PKT t=16105 RX ua=95 mt=R len=7
PKT t=16110 TX ua=95 mt=T len=7
PKT t=16122 TX ua=95 mt=P len=0
PKT t=16155 RX ua=95 mt=R len=7
PKT t=16160 TX ua=95 mt=P len=0
PKT t=16169 RX ua=95 mt=R len=7
PKT t=16174 TX ua=95 mt=P len=0
PKT t=16183 RX ua=95 mt=R len=7
PKT t=16188 TX ua=95 mt=P len=0
PKT t=16197 RX ua=95 mt=R len=7
PKT t=16202 TX ua=95 mt=P len=0
PKT t=16211 RX ua=95 mt=R len=7
PKT t=16216 TX ua=95 mt=P len=0
PKT t=16255 RX ua=95 mt=R len=7
PKT t=16260 TX ua=95 mt=P len=0
PKT t=16269 RX ua=95 mt=R len=7
PKT t=16274 TX ua=95 mt=P len=0
PKT t=16283 RX ua=95 mt=R len=7
PKT t=16288 TX ua=95 mt=P len=0
PKT t=16297 RX ua=95 mt=R len=7
PKT t=16302 TX ua=95 mt=P len=0
PKT t=16311 RX ua=95 mt=R len=7
PKT t=16316 TX ua=95 mt=P len=0
PKT t=16350 RX ua=95 mt=R len=7
PKT t=16355 TX ua=95 mt=P len=0
PKT t=16364 RX ua=95 mt=R len=7
PKT t=16369 TX ua=95 mt=T len=7
PKT t=16381 TX ua=95 mt=P len=0
PKT t=16390 RX ua=95 mt=R len=7
PKT t=16395 TX ua=95 mt=P len=0
PKT t=16405 RX ua=95 mt=R len=7
PKT t=16660 TX ua=96 mt=P len=0
PKT t=16918 TX ua=95 mt=P len=0
PKT t=16927 RX ua=95 mt=R len=7
PKT t=16932 TX ua=95 mt=T len=7
PKT t=16944 TX ua=95 mt=P len=0
PKT t=16953 RX ua=95 mt=R len=7
PKT t=16958 TX ua=95 mt=P len=0
PKT t=16967 RX ua=95 mt=R len=7
PKT t=16972 TX ua=95 mt=P len=0
PKT t=16981 RX ua=95 mt=R len=7
PKT t=16986 TX ua=95 mt=P len=0
PKT t=16995 RX ua=95 mt=R len=7
PKT t=17005 TX ua=95 mt=P len=0
PKT t=17014 RX ua=95 mt=R len=7
PKT t=17019 TX ua=95 mt=P len=0
PKT t=17050 RX ua=95 mt=R len=7
PKT t=17055 TX ua=95 mt=P len=0
PKT t=17064 RX ua=95 mt=R len=7
PKT t=17069 TX ua=95 mt=P len=0
PKT t=17078 RX ua=95 mt=R len=7
PKT t=17083 TX ua=95 mt=P len=0
PKT t=17092 RX ua=95 mt=R len=7
PKT t=17097 TX ua=95 mt=P len=0
PKT t=17106 RX ua=95 mt=R len=7
PKT t=17111 TX ua=95 mt=T len=7
PKT t=17123 TX ua=95 mt=P len=0
PKT t=17155 RX ua=95 mt=R len=7
PKT t=17160 TX ua=95 mt=P len=0
PKT t=17169 RX ua=95 mt=R len=7
PKT t=17174 TX ua=95 mt=P len=0
PKT t=17183 RX ua=95 mt=R len=7
PKT t=17188 TX ua=95 mt=P len=0
PKT t=17197 RX ua=95 mt=R len=7
PKT t=17202 TX ua=95 mt=P len=0
PKT t=17211 RX ua=95 mt=R len=7
PKT t=17216 TX ua=95 mt=P len=0
PKT t=17225 RX ua=95 mt=R len=7
PKT t=17230 TX ua=95 mt=P len=0
PKT t=17259 RX ua=95 mt=R len=7
PKT t=17264 TX ua=95 mt=P len=0
PKT t=17273 RX ua=95 mt=R len=7
PKT t=17278 TX ua=95 mt=P len=0
PKT t=17287 RX ua=95 mt=R len=7
PKT t=17292 TX ua=95 mt=P len=0
PKT t=17305 RX ua=95 mt=R len=7
PKT t=17310 TX ua=95 mt=P len=0
PKT t=17319 RX ua=95 mt=R len=7
PKT t=17324 TX ua=95 mt=P len=0
PKT t=17333 RX ua=95 mt=R len=7
PKT t=17338 TX ua=95 mt=P len=0
PKT t=17367 RX ua=95 mt=R len=7
PKT t=17372 TX ua=95 mt=T len=7
PKT t=17384 TX ua=95 mt=P len=0
PKT t=17394 RX ua=95 mt=R len=7
PKT t=17399 TX ua=95 mt=P len=0
PKT t=17409 RX ua=95 mt=R len=7
PKT t=17414 TX ua=95 mt=P len=0
PKT t=17424 RX ua=95 mt=R len=7
PKT t=17429 TX ua=95 mt=P len=0
PKT t=17439 RX ua=95 mt=R len=7
PKT t=17444 TX ua=95 mt=P len=0
PKT t=17473 RX ua=95 mt=R len=7
PKT t=17478 TX ua=95 mt=P len=0
PKT t=17488 RX ua=95 mt=R len=7
PKT t=17493 TX ua=95 mt=P len=0
PKT t=17503 RX ua=95 mt=R len=7
PKT t=17508 TX ua=95 mt=P len=0
PKT t=17518 RX ua=95 mt=R len=7
PKT t=17523 TX ua=95 mt=P len=0
PKT t=17533 RX ua=95 mt=R len=7
PKT t=17538 TX ua=95 mt=P len=0
PKT t=17572 RX ua=95 mt=R len=7
PKT t=17577 TX ua=95 mt=P len=0
PKT t=17587 RX ua=95 mt=R len=7
PKT t=17592 TX ua=95 mt=P len=0
PKT t=17605 RX ua=95 mt=R len=7
PKT t=17610 TX ua=95 mt=T len=7
PKT t=17622 TX ua=95 mt=P len=0
PKT t=17631 RX ua=95 mt=R len=7
PKT t=17636 TX ua=95 mt=P len=0
PKT t=17645 RX ua=95 mt=R len=7
PKT t=17650 TX ua=95 mt=P len=0
PKT t=17679 RX ua=95 mt=R len=7
PKT t=17684 TX ua=95 mt=P len=0
PKT t=17693 RX ua=95 mt=R len=7
PKT t=17698 TX ua=95 mt=P len=0
PKT t=17707 RX ua=95 mt=R len=7
PKT t=17712 TX ua=95 mt=P len=0
PKT t=17721 RX ua=95 mt=R len=7
PKT t=17726 TX ua=95 mt=P len=0
PKT t=17735 RX ua=95 mt=R len=7
PKT t=17740 TX ua=95 mt=P len=0
PKT t=17755 RX ua=95 mt=R len=7
PKT t=17760 TX ua=95 mt=P len=0
PKT t=17783 RX ua=95 mt=R len=7
PKT t=17788 TX ua=95 mt=P len=0
PKT t=17797 RX ua=95 mt=R len=7
PKT t=17802 TX ua=95 mt=P len=0
PKT t=17811 RX ua=95 mt=R len=7
PKT t=17816 TX ua=95 mt=P len=0
PKT t=17825 RX ua=95 mt=R len=7
PKT t=17830 TX ua=95 mt=P len=0
PKT t=17839 RX ua=95 mt=R len=7
PKT t=17844 TX ua=95 mt=P len=0
PKT t=17853 RX ua=95 mt=R len=7
PKT t=17858 TX ua=95 mt=T len=7
PKT t=17870 TX ua=95 mt=P len=0
PKT t=17889 RX ua=95 mt=R len=7
PKT t=17894 TX ua=95 mt=P len=0
PKT t=17905 RX ua=95 mt=R len=7
PKT t=17910 TX ua=95 mt=P len=0
PKT t=17919 RX ua=95 mt=R len=7
PKT t=17924 TX ua=95 mt=P len=0
PKT t=17933 RX ua=95 mt=R len=7
PKT t=17938 TX ua=95 mt=P len=0
PKT t=17947 RX ua=95 mt=R len=7
PKT t=17952 TX ua=95 mt=P len=0
PKT t=17961 RX ua=95 mt=R len=7
PKT t=17966 TX ua=95 mt=P len=0
PKT t=17995 RX ua=95 mt=R len=7
PKT t=18000 TX ua=95 mt=P len=0
PKT t=18009 RX ua=95 mt=R len=7
PKT t=18017 TX ua=95 mt=P len=0
PKT t=18026 RX ua=95 mt=R len=7
PKT t=18031 TX ua=95 mt=P len=0
PKT t=18040 RX ua=95 mt=R len=7
PKT t=18045 TX ua=95 mt=P len=0
PKT t=18055 RX ua=95 mt=R len=7
PKT t=18310 TX ua=96 mt=P len=0
PKT t=18568 TX ua=95 mt=P len=0
PKT t=18577 RX ua=95 mt=R len=7
PKT t=18582 TX ua=95 mt=T len=7
PKT t=18595 TX ua=95 mt=P len=0
PKT t=18604 RX ua=95 mt=R len=7
PKT t=18609 TX ua=95 mt=T len=7
PKT t=18622 TX ua=95 mt=P len=0
PKT t=18631 RX ua=95 mt=R len=7
PKT t=18636 TX ua=95 mt=P len=0
PKT t=18645 RX ua=95 mt=R len=7
PKT t=18655 TX ua=95 mt=P len=0
PKT t=18664 RX ua=95 mt=R len=7
PKT t=18669 TX ua=95 mt=P len=0
PKT t=18698 RX ua=95 mt=R len=7
PKT t=18703 TX ua=95 mt=P len=0
PKT t=18712 RX ua=95 mt=R len=7
PKT t=18717 TX ua=95 mt=P len=0
PKT t=18726 RX ua=95 mt=R len=7
PKT t=18731 TX ua=95 mt=P len=0
PKT t=18740 RX ua=95 mt=R len=7
PKT t=18745 TX ua=95 mt=P len=0
PKT t=18754 RX ua=95 mt=R len=7
PKT t=18759 TX ua=95 mt=P len=0
PKT t=18768 RX ua=95 mt=R len=7
PKT t=18773 TX ua=95 mt=P len=0
PKT t=18805 RX ua=95 mt=R len=7
PKT t=18810 TX ua=95 mt=P len=0
PKT t=18819 RX ua=95 mt=R len=7
PKT t=18824 TX ua=95 mt=P len=0
PKT t=18833 RX ua=95 mt=R len=7
PKT t=18838 TX ua=95 mt=P len=0
PKT t=18847 RX ua=95 mt=R len=7
PKT t=18852 TX ua=95 mt=P len=0
PKT t=18861 RX ua=95 mt=R len=7
PKT t=18866 TX ua=95 mt=T len=7
PKT t=18879 TX ua=95 mt=P len=0
PKT t=18906 RX ua=95 mt=R len=7
PKT t=18911 TX ua=95 mt=P len=0
PKT t=18920 RX ua=95 mt=R len=7
PKT t=18925 TX ua=95 mt=P len=0
PKT t=18934 RX ua=95 mt=R len=7
PKT t=18939 TX ua=95 mt=P len=0
PKT t=18955 RX ua=95 mt=R len=7
PKT t=18960 TX ua=95 mt=P len=0
PKT t=18969 RX ua=95 mt=R len=7
PKT t=18974 TX ua=95 mt=P len=0
PKT t=19006 RX ua=95 mt=R len=7
PKT t=19011 TX ua=95 mt=P len=0
PKT t=19020 RX ua=95 mt=R len=7
PKT t=19025 TX ua=95 mt=P len=0
PKT t=19034 RX ua=95 mt=R len=7
PKT t=19039 TX ua=95 mt=P len=0
PKT t=19048 RX ua=95 mt=R len=7
PKT t=19053 TX ua=95 mt=P len=0
PKT t=19062 RX ua=95 mt=R len=7
PKT t=19067 TX ua=95 mt=P len=0
PKT t=19076 RX ua=95 mt=R len=7
PKT t=19081 TX ua=95 mt=P len=0
PKT t=19110 RX ua=95 mt=R len=7
PKT t=19115 TX ua=95 mt=T len=7
PKT t=19127 TX ua=95 mt=P len=0
PKT t=19136 RX ua=95 mt=R len=7
PKT t=19141 TX ua=95 mt=P len=0
PKT t=19150 RX ua=95 mt=R len=7
PKT t=19155 TX ua=95 mt=P len=0
PKT t=19164 RX ua=95 mt=R len=7
PKT t=19169 TX ua=95 mt=P len=0
PKT t=19178 RX ua=95 mt=R len=7
PKT t=19183 TX ua=95 mt=P len=0
PKT t=19212 RX ua=95 mt=R len=7
PKT t=19217 TX ua=95 mt=P len=0
PKT t=19226 RX ua=95 mt=R len=7
PKT t=19231 TX ua=95 mt=P len=0
PKT t=19240 RX ua=95 mt=R len=7
PKT t=19245 TX ua=95 mt=P len=0
PKT t=19255 RX ua=95 mt=R len=7
PKT t=19510 TX ua=96 mt=P len=0
PKT t=19768 TX ua=95 mt=P len=0
PKT t=19777 RX ua=95 mt=R len=7
PKT t=19782 TX ua=95 mt=T len=7
PKT t=19794 TX ua=95 mt=P len=0
PKT t=19813 RX ua=95 mt=R len=7
PKT t=19818 TX ua=95 mt=P len=0
PKT t=19827 RX ua=95 mt=R len=7
PKT t=19832 TX ua=95 mt=P len=0
PKT t=19841 RX ua=95 mt=R len=7
PKT t=19846 TX ua=95 mt=P len=0
PKT t=19855 RX ua=95 mt=R len=7
PKT t=19860 TX ua=95 mt=T len=7
PKT t=19872 TX ua=95 mt=P len=0
PKT t=19881 RX ua=95 mt=R len=7
PKT t=19886 TX ua=95 mt=P len=0
PKT t=19915 RX ua=95 mt=R len=7
PKT t=19920 TX ua=95 mt=P len=0
PKT t=19929 RX ua=95 mt=R len=7
PKT t=19934 TX ua=95 mt=P len=0
PKT t=19943 RX ua=95 mt=R len=7
PKT t=19948 TX ua=95 mt=P len=0
PKT t=19957 RX ua=95 mt=R len=7
PKT t=19962 TX ua=95 mt=P len=0
PKT t=19971 RX ua=95 mt=R len=7
PKT t=19976 TX ua=95 mt=P len=0
PKT t=19985 RX ua=95 mt=R len=7
PKT t=19990 TX ua=95 mt=P len=0
PKT t=20019 RX ua=95 mt=R len=7
PKT t=20024 TX ua=95 mt=P len=0
PKT t=20033 RX ua=95 mt=R len=7
PKT t=20038 TX ua=95 mt=P len=0
PKT t=20047 RX ua=95 mt=R len=7
PKT t=20052 TX ua=95 mt=P len=0
PKT t=20061 RX ua=95 mt=R len=7
PKT t=20066 TX ua=95 mt=P len=0
PKT t=20075 RX ua=95 mt=R len=7
PKT t=20080 TX ua=95 mt=P len=0
PKT t=20089 RX ua=95 mt=R len=7
PKT t=20094 TX ua=95 mt=P len=0
PKT t=20123 RX ua=95 mt=R len=7
PKT t=20128 TX ua=95 mt=T len=7
PKT t=20140 TX ua=95 mt=P len=0
PKT t=20155 RX ua=95 mt=R len=7
PKT t=20160 TX ua=95 mt=P len=0
PKT t=20169 RX ua=95 mt=R len=7
PKT t=20174 TX ua=95 mt=P len=0
PKT t=20183 RX ua=95 mt=R len=7
PKT t=20188 TX ua=95 mt=P len=0
PKT t=20197 RX ua=95 mt=R len=7
PKT t=20202 TX ua=95 mt=P len=0
PKT t=20231 RX ua=95 mt=R len=7
PKT t=20236 TX ua=95 mt=P len=0
PKT t=20245 RX ua=95 mt=R len=7
PKT t=20250 TX ua=95 mt=P len=0
PKT t=20259 RX ua=95 mt=R len=7
PKT t=20264 TX ua=95 mt=P len=0
PKT t=20273 RX ua=95 mt=R len=7
PKT t=20278 TX ua=95 mt=P len=0
PKT t=20287 RX ua=95 mt=R len=7
PKT t=20292 TX ua=95 mt=P len=0
PKT t=20305 RX ua=95 mt=R len=7
PKT t=20310 TX ua=95 mt=P len=0
PKT t=20335 RX ua=95 mt=R len=7
PKT t=20340 TX ua=95 mt=P len=0
PKT t=20349 RX ua=95 mt=R len=7
PKT t=20354 TX ua=95 mt=P len=0
PKT t=20363 RX ua=95 mt=R len=7
PKT t=20368 TX ua=95 mt=T len=7
PKT t=20380 TX ua=95 mt=P len=0
PKT t=20389 RX ua=95 mt=R len=7
PKT t=20394 TX ua=95 mt=P len=0
PKT t=20403 RX ua=95 mt=R len=7
PKT t=20408 TX ua=95 mt=P len=0
PKT t=20437 RX ua=95 mt=R len=7
PKT t=20442 TX ua=95 mt=P len=0
PKT t=20455 RX ua=95 mt=R len=7
PKT t=20460 TX ua=95 mt=P len=0
PKT t=20469 RX ua=95 mt=R len=7
PKT t=20474 TX ua=95 mt=P len=0
PKT t=20483 RX ua=95 mt=R len=7
PKT t=20488 TX ua=95 mt=P len=0
PKT t=20497 RX ua=95 mt=R len=7
PKT t=20502 TX ua=95 mt=P len=0
PKT t=20511 RX ua=95 mt=R len=7
PKT t=20516 TX ua=95 mt=P len=0
PKT t=20546 RX ua=95 mt=R len=7
PKT t=20551 TX ua=95 mt=P len=0
PKT t=20560 RX ua=95 mt=R len=7
PKT t=20565 TX ua=95 mt=P len=0
PKT t=20574 RX ua=95 mt=R len=7
PKT t=20579 TX ua=95 mt=P len=0
PKT t=20588 RX ua=95 mt=R len=7
PKT t=20593 TX ua=95 mt=P len=0
PKT t=20605 RX ua=95 mt=R len=7
PKT t=20610 TX ua=95 mt=T len=7
PKT t=20622 TX ua=95 mt=P len=0
PKT t=20650 RX ua=95 mt=R len=7
PKT t=20655 TX ua=95 mt=P len=0
PKT t=20664 RX ua=95 mt=R len=7
PKT t=20669 TX ua=95 mt=P len=0
PKT t=20678 RX ua=95 mt=R len=7
PKT t=20683 TX ua=95 mt=P len=0
PKT t=20692 RX ua=95 mt=R len=7
PKT t=20697 TX ua=95 mt=P len=0
PKT t=20706 RX ua=95 mt=R len=7
PKT t=20711 TX ua=95 mt=P len=0
PKT t=20720 RX ua=95 mt=R len=7
PKT t=20725 TX ua=95 mt=P len=0
PKT t=20755 RX ua=95 mt=R len=7
PKT t=20760 TX ua=95 mt=P len=0
PKT t=20769 RX ua=95 mt=R len=7
PKT t=20774 TX ua=95 mt=P len=0
PKT t=20783 RX ua=95 mt=R len=7
PKT t=20788 TX ua=95 mt=P len=0
PKT t=20797 RX ua=95 mt=R len=7
PKT t=20802 TX ua=95 mt=P len=0
PKT t=20811 RX ua=95 mt=R len=7
PKT t=20816 TX ua=95 mt=P len=0
PKT t=20825 RX ua=95 mt=R len=7
PKT t=20830 TX ua=95 mt=P len=0
PKT t=20859 RX ua=95 mt=R len=7
PKT t=20864 TX ua=95 mt=T len=7
PKT t=20876 TX ua=95 mt=P len=0
PKT t=20885 RX ua=95 mt=R len=7
PKT t=20890 TX ua=95 mt=P len=0
PKT t=20905 RX ua=95 mt=R len=7
PKT t=20910 TX ua=95 mt=P len=0
PKT t=20919 RX ua=95 mt=R len=7
PKT t=20924 TX ua=95 mt=P len=0
PKT t=20933 RX ua=95 mt=R len=7
PKT t=20938 TX ua=95 mt=P len=0
PKT t=20968 RX ua=95 mt=R len=7
PKT t=20972 TX ua=95 mt=P len=0
PKT t=20981 RX ua=95 mt=R len=7
PKT t=20986 TX ua=95 mt=P len=0
PKT t=20995 RX ua=95 mt=R len=7
PKT t=21000 TX ua=95 mt=P len=0
PKT t=21009 RX ua=95 mt=R len=7
PKT t=21014 TX ua=95 mt=P len=0
PKT t=21023 RX ua=95 mt=R len=7
PKT t=21028 TX ua=95 mt=P len=0
PKT t=21037 RX ua=95 mt=R len=7
PKT t=21042 TX ua=95 mt=P len=0
PKT t=21071 RX ua=95 mt=R len=7
PKT t=21076 TX ua=95 mt=P len=0
PKT t=21085 RX ua=95 mt=R len=7
PKT t=21090 TX ua=95 mt=P len=0
PKT t=21099 RX ua=95 mt=R len=7
PKT t=21104 TX ua=95 mt=P len=0
PKT t=21113 RX ua=95 mt=R len=7
PKT t=21118 TX ua=95 mt=T len=7
PKT t=21131 TX ua=95 mt=P len=0
PKT t=21140 RX ua=95 mt=R len=7
PKT t=21145 TX ua=95 mt=P len=0
PKT t=21174 RX ua=95 mt=R len=7
PKT t=21179 TX ua=95 mt=P len=0
PKT t=21188 RX ua=95 mt=R len=7
PKT t=21193 TX ua=95 mt=P len=0
PKT t=21205 RX ua=95 mt=R len=7
PKT t=21210 TX ua=95 mt=P len=0
PKT t=21219 RX ua=95 mt=R len=7
PKT t=21224 TX ua=95 mt=P len=0
PKT t=21233 RX ua=95 mt=R len=7
PKT t=21238 TX ua=95 mt=P len=0
PKT t=21247 RX ua=95 mt=R len=7
PKT t=21252 TX ua=95 mt=P len=0
PKT t=21282 RX ua=95 mt=R len=7
PKT t=21287 TX ua=95 mt=P len=0
PKT t=21296 RX ua=95 mt=R len=7
PKT t=21301 TX ua=95 mt=P len=0
PKT t=21310 RX ua=95 mt=R len=7
PKT t=21315 TX ua=95 mt=P len=0
PKT t=21324 RX ua=95 mt=R len=7
PKT t=21329 TX ua=95 mt=P len=0
PKT t=21338 RX ua=95 mt=R len=7
PKT t=21343 TX ua=95 mt=P len=0
PKT t=21355 RX ua=95 mt=R len=7
PKT t=21360 TX ua=95 mt=T len=7
PKT t=21373 TX ua=95 mt=P len=0
PKT t=21390 RX ua=95 mt=R len=7
PKT t=21395 TX ua=95 mt=P len=0
PKT t=21405 RX ua=95 mt=R len=7
PKT t=21410 TX ua=95 mt=P len=0
PKT t=21420 RX ua=95 mt=R len=7
PKT t=21425 TX ua=95 mt=P len=0
PKT t=21435 RX ua=95 mt=R len=7
PKT t=21440 TX ua=95 mt=P len=0
PKT t=21450 RX ua=95 mt=R len=7
PKT t=21455 TX ua=95 mt=P len=0
PKT t=21487 RX ua=95 mt=R len=7
PKT t=21492 TX ua=95 mt=P len=0
PKT t=21505 RX ua=95 mt=R len=7
PKT t=21510 TX ua=95 mt=P len=0
PKT t=21520 RX ua=95 mt=R len=7
PKT t=21525 TX ua=95 mt=P len=0
PKT t=21535 RX ua=95 mt=R len=7
PKT t=21540 TX ua=95 mt=P len=0
PKT t=21550 RX ua=95 mt=R len=7
PKT t=21555 TX ua=95 mt=P len=0
PKT t=21586 RX ua=95 mt=R len=7
PKT t=21591 TX ua=95 mt=P len=0
PKT t=21601 RX ua=95 mt=R len=7
PKT t=21606 TX ua=95 mt=T len=7
PKT t=21619 TX ua=95 mt=P len=0
PKT t=21628 RX ua=95 mt=R len=7
PKT t=21633 TX ua=95 mt=P len=0
PKT t=21642 RX ua=95 mt=R len=7
PKT t=21647 TX ua=95 mt=P len=0
PKT t=21656 RX ua=95 mt=R len=7
PKT t=21661 TX ua=95 mt=P len=0
PKT t=21690 RX ua=95 mt=R len=7
PKT t=21695 TX ua=95 mt=P len=0
PKT t=21704 RX ua=95 mt=R len=7
PKT t=21709 TX ua=95 mt=P len=0
PKT t=21718 RX ua=95 mt=R len=7
PKT t=21723 TX ua=95 mt=P len=0
PKT t=21732 RX ua=95 mt=R len=7
PKT t=21737 TX ua=95 mt=P len=0
PKT t=21746 RX ua=95 mt=R len=7
PKT t=21751 TX ua=95 mt=P len=0
PKT t=21760 RX ua=95 mt=R len=7
PKT t=21765 TX ua=95 mt=P len=0
PKT t=21794 RX ua=95 mt=R len=7
PKT t=21805 TX ua=95 mt=P len=0
PKT t=21814 RX ua=95 mt=R len=7
PKT t=21819 TX ua=95 mt=P len=0
PKT t=21828 RX ua=95 mt=R len=7
PKT t=21833 TX ua=95 mt=P len=0
PKT t=21842 RX ua=95 mt=R len=7
PKT t=21847 TX ua=95 mt=P len=0
PKT t=21856 RX ua=95 mt=R len=7
PKT t=21861 TX ua=95 mt=T len=7
PKT t=21874 TX ua=95 mt=P len=0
PKT t=21896 RX ua=95 mt=R len=7
PKT t=21901 TX ua=95 mt=P len=0
PKT t=21910 RX ua=95 mt=R len=7
PKT t=21915 TX ua=95 mt=P len=0
PKT t=21924 RX ua=95 mt=R len=7
PKT t=21929 TX ua=95 mt=P len=0
PKT t=21938 RX ua=95 mt=R len=7
PKT t=21943 TX ua=95 mt=P len=0
PKT t=21955 RX ua=95 mt=R len=7
PKT t=21960 TX ua=95 mt=P len=0
PKT t=21994 RX ua=95 mt=R len=7
PKT t=21999 TX ua=95 mt=P len=0
PKT t=22008 RX ua=95 mt=R len=7
PKT t=22013 TX ua=95 mt=P len=0
PKT t=22022 RX ua=95 mt=R len=7
PKT t=22027 TX ua=95 mt=P len=0
PKT t=22036 RX ua=95 mt=R len=7
PKT t=22041 TX ua=95 mt=P len=0
PKT t=22050 RX ua=95 mt=R len=7
PKT t=22055 TX ua=95 mt=P len=0
PKT t=22064 RX ua=95 mt=R len=7
PKT t=22069 TX ua=95 mt=P len=0
PKT t=22105 RX ua=95 mt=R len=7
PKT t=22110 TX ua=95 mt=T len=7
PKT t=22122 TX ua=95 mt=P len=0
PKT t=22131 RX ua=95 mt=R len=7
PKT t=22136 TX ua=95 mt=P len=0
PKT t=22145 RX ua=95 mt=R len=7
PKT t=22150 TX ua=95 mt=P len=0
PKT t=22162 RX ua=95 mt=R len=7
PKT t=22167 TX ua=95 mt=P len=0
PKT t=22198 RX ua=95 mt=R len=7
PKT t=22203 TX ua=95 mt=P len=0
PKT t=22212 RX ua=95 mt=R len=7
PKT t=22217 TX ua=95 mt=P len=0
PKT t=22226 RX ua=95 mt=R len=7
PKT t=22231 TX ua=95 mt=P len=0
PKT t=22240 RX ua=95 mt=R len=7
PKT t=22245 TX ua=95 mt=P len=0
PKT t=22255 RX ua=95 mt=R len=7
PKT t=22510 TX ua=96 mt=P len=0
PKT t=22768 TX ua=95 mt=P len=0
PKT t=22777 RX ua=95 mt=R len=7
PKT t=22782 TX ua=95 mt=T len=7
PKT t=22794 TX ua=95 mt=P len=0
PKT t=22803 RX ua=95 mt=R len=7
PKT t=22808 TX ua=95 mt=P len=0
PKT t=22817 RX ua=95 mt=R len=7
PKT t=22822 TX ua=95 mt=P len=0
PKT t=22831 RX ua=95 mt=R len=7
PKT t=22836 TX ua=95 mt=P len=0
PKT t=22845 RX ua=95 mt=R len=7
PKT t=22855 TX ua=95 mt=P len=0
PKT t=22864 RX ua=95 mt=R len=7
PKT t=22869 TX ua=95 mt=T len=7
PKT t=22881 TX ua=95 mt=P len=0
PKT t=22900 RX ua=95 mt=R len=7
PKT t=22905 TX ua=95 mt=P len=0
PKT t=22914 RX ua=95 mt=R len=7
PKT t=22919 TX ua=95 mt=P len=0
PKT t=22928 RX ua=95 mt=R len=7
PKT t=22933 TX ua=95 mt=P len=0
PKT t=22942 RX ua=95 mt=R len=7
PKT t=22947 TX ua=95 mt=P len=0
PKT t=22956 RX ua=95 mt=R len=7
PKT t=22961 TX ua=95 mt=P len=0
PKT t=22970 RX ua=95 mt=R len=7
PKT t=22975 TX ua=95 mt=P len=0
PKT t=23005 RX ua=95 mt=R len=7
PKT t=23010 TX ua=95 mt=P len=0
PKT t=23019 RX ua=95 mt=R len=7
PKT t=23024 TX ua=95 mt=P len=0
PKT t=23033 RX ua=95 mt=R len=7
PKT t=23038 TX ua=95 mt=P len=0
PKT t=23047 RX ua=95 mt=R len=7
PKT t=23052 TX ua=95 mt=P len=0
PKT t=23061 RX ua=95 mt=R len=7
PKT t=23066 TX ua=95 mt=P len=0
PKT t=23075 RX ua=95 mt=R len=7
PKT t=23080 TX ua=95 mt=P len=0
PKT t=23109 RX ua=95 mt=R len=7
PKT t=23114 TX ua=95 mt=T len=7
PKT t=23126 TX ua=95 mt=P len=0
PKT t=23135 RX ua=95 mt=R len=7
PKT t=23140 TX ua=95 mt=P len=0
PKT t=23155 RX ua=95 mt=R len=7
PKT t=23160 TX ua=95 mt=P len=0
PKT t=23169 RX ua=95 mt=R len=7
PKT t=23174 TX ua=95 mt=P len=0
PKT t=23183 RX ua=95 mt=R len=7
PKT t=23188 TX ua=95 mt=P len=0
PKT t=23217 RX ua=95 mt=R len=7
PKT t=23222 TX ua=95 mt=P len=0
PKT t=23231 RX ua=95 mt=R len=7
PKT t=23236 TX ua=95 mt=P len=0
PKT t=23245 RX ua=95 mt=R len=7
PKT t=23250 TX ua=95 mt=P len=0
PKT t=23259 RX ua=95 mt=R len=7
PKT t=23264 TX ua=95 mt=P len=0
PKT t=23273 RX ua=95 mt=R len=7
PKT t=23278 TX ua=95 mt=P len=0
PKT t=23287 RX ua=95 mt=R len=7
PKT t=23292 TX ua=95 mt=P len=0
PKT t=23321 RX ua=95 mt=R len=7
PKT t=23326 TX ua=95 mt=P len=0
PKT t=23335 RX ua=95 mt=R len=7
PKT t=23340 TX ua=95 mt=P len=0
PKT t=23349 RX ua=95 mt=R len=7
PKT t=23354 TX ua=95 mt=P len=0
PKT t=23363 RX ua=95 mt=R len=7
PKT t=23368 TX ua=95 mt=T len=7
PKT t=23380 TX ua=95 mt=P len=0
PKT t=23390 RX ua=95 mt=R len=7
PKT t=23395 TX ua=95 mt=P len=0
PKT t=23424 RX ua=95 mt=R len=7
PKT t=23429 TX ua=95 mt=P len=0
PKT t=23439 RX ua=95 mt=R len=7
PKT t=23444 TX ua=95 mt=P len=0
PKT t=23455 RX ua=95 mt=R len=7
PKT t=23460 TX ua=95 mt=P len=0
PKT t=23470 RX ua=95 mt=R len=7
PKT t=23475 TX ua=95 mt=P len=0
PKT t=23485 RX ua=95 mt=R len=7
PKT t=23490 TX ua=95 mt=P len=0
PKT t=23523 RX ua=95 mt=R len=7
PKT t=23528 TX ua=95 mt=P len=0
PKT t=23538 RX ua=95 mt=R len=7
PKT t=23543 TX ua=95 mt=P len=0
PKT t=23553 RX ua=95 mt=R len=7
PKT t=23558 TX ua=95 mt=P len=0
PKT t=23568 RX ua=95 mt=R len=7
PKT t=23573 TX ua=95 mt=P len=0
PKT t=23583 RX ua=95 mt=R len=7
PKT t=23588 TX ua=95 mt=P len=0
PKT t=23605 RX ua=95 mt=R len=7
PKT t=23610 TX ua=95 mt=T len=7
PKT t=23622 TX ua=95 mt=P len=0
PKT t=23634 RX ua=95 mt=R len=7
PKT t=23639 TX ua=95 mt=P len=0
PKT t=23648 RX ua=95 mt=R len=7
PKT t=23653 TX ua=95 mt=P len=0
PKT t=23662 RX ua=95 mt=R len=7
PKT t=23667 TX ua=95 mt=P len=0
PKT t=23676 RX ua=95 mt=R len=7
PKT t=23681 TX ua=95 mt=P len=0
PKT t=23690 RX ua=95 mt=R len=7
PKT t=23695 TX ua=95 mt=P len=0
PKT t=23704 RX ua=95 mt=R len=7
PKT t=23709 TX ua=95 mt=P len=0
PKT t=23738 RX ua=95 mt=R len=7
PKT t=23743 TX ua=95 mt=P len=0
PKT t=23755 RX ua=95 mt=R len=7
PKT t=23760 TX ua=95 mt=P len=0
PKT t=23769 RX ua=95 mt=R len=7
PKT t=23774 TX ua=95 mt=P len=0
PKT t=23783 RX ua=95 mt=R len=7
PKT t=23788 TX ua=95 mt=P len=0
PKT t=23797 RX ua=95 mt=R len=7
PKT t=23802 TX ua=95 mt=P len=0
PKT t=23811 RX ua=95 mt=R len=7
PKT t=23816 TX ua=95 mt=P len=0
PKT t=23845 RX ua=95 mt=R len=7
PKT t=23850 TX ua=95 mt=P len=0
PKT t=23859 RX ua=95 mt=R len=7
PKT t=23864 TX ua=95 mt=T len=7
PKT t=23876 TX ua=95 mt=P len=0
PKT t=23885 RX ua=95 mt=R len=7
PKT t=23890 TX ua=95 mt=P len=0
PKT t=23905 RX ua=95 mt=R len=7
PKT t=23910 TX ua=95 mt=P len=0
PKT t=23919 RX ua=95 mt=R len=7
PKT t=23924 TX ua=95 mt=P len=0
PKT t=23953 RX ua=95 mt=R len=7
PKT t=23958 TX ua=95 mt=P len=0
PKT t=23967 RX ua=95 mt=R len=7
PKT t=23972 TX ua=95 mt=P len=0
PKT t=23981 RX ua=95 mt=R len=7
PKT t=23986 TX ua=95 mt=P len=0
PKT t=23995 RX ua=95 mt=R len=7
PKT t=24000 TX ua=95 mt=P len=0
PKT t=24009 RX ua=95 mt=R len=7
PKT t=24014 TX ua=95 mt=P len=0
PKT t=24023 RX ua=95 mt=R len=7
PKT t=24028 TX ua=95 mt=P len=0
PKT t=24057 RX ua=95 mt=R len=7
PKT t=24062 TX ua=95 mt=P len=0
PKT t=24071 RX ua=95 mt=R len=7
PKT t=24076 TX ua=95 mt=P len=0
PKT t=24085 RX ua=95 mt=R len=7
PKT t=24090 TX ua=95 mt=P len=0
PKT t=24099 RX ua=95 mt=R len=7
PKT t=24104 TX ua=95 mt=P len=0
PKT t=24113 RX ua=95 mt=R len=7
PKT t=24118 TX ua=95 mt=T len=7
PKT t=24130 TX ua=95 mt=P len=0
PKT t=24158 RX ua=95 mt=R len=7
PKT t=24163 TX ua=95 mt=P len=0
PKT t=24172 RX ua=95 mt=R len=7
PKT t=24177 TX ua=95 mt=P len=0
PKT t=24186 RX ua=95 mt=R len=7
PKT t=24191 TX ua=95 mt=P len=0
PKT t=24205 RX ua=95 mt=R len=7
PKT t=24210 TX ua=95 mt=P len=0
PKT t=24219 RX ua=95 mt=R len=7
PKT t=24224 TX ua=95 mt=P len=0
PKT t=24258 RX ua=95 mt=R len=7
PKT t=24263 TX ua=95 mt=P len=0
PKT t=24272 RX ua=95 mt=R len=7
PKT t=24277 TX ua=95 mt=P len=0
PKT t=24286 RX ua=95 mt=R len=7
PKT t=24291 TX ua=95 mt=P len=0
PKT t=24300 RX ua=95 mt=R len=7
PKT t=24305 TX ua=95 mt=P len=0
PKT t=24314 RX ua=95 mt=R len=7
PKT t=24319 TX ua=95 mt=P len=0
PKT t=24328 RX ua=95 mt=R len=7
PKT t=24333 TX ua=95 mt=P len=0
PKT t=24362 RX ua=95 mt=R len=7
PKT t=24367 TX ua=95 mt=T len=7
PKT t=24379 TX ua=95 mt=P len=0
PKT t=24388 RX ua=95 mt=R len=7
PKT t=24393 TX ua=95 mt=P len=0
PKT t=24402 RX ua=95 mt=R len=7
PKT t=24407 TX ua=95 mt=P len=0
PKT t=24416 RX ua=95 mt=R len=7
PKT t=24421 TX ua=95 mt=P len=0
PKT t=24430 RX ua=95 mt=R len=7
PKT t=24435 TX ua=95 mt=P len=0
PKT t=24464 RX ua=95 mt=R len=7
PKT t=24469 TX ua=95 mt=P len=0
PKT t=24479 RX ua=95 mt=R len=7
PKT t=24484 TX ua=95 mt=P len=0
PKT t=24493 RX ua=95 mt=R len=7
PKT t=24505 TX ua=95 mt=P len=0
PKT t=24514 RX ua=95 mt=R len=7
PKT t=24519 TX ua=95 mt=P len=0
PKT t=24528 RX ua=95 mt=R len=7
PKT t=24533 TX ua=95 mt=P len=0
PKT t=24564 RX ua=95 mt=R len=7
PKT t=24569 TX ua=95 mt=P len=0
PKT t=24579 RX ua=95 mt=R len=7
PKT t=24584 TX ua=95 mt=P len=0
PKT t=24593 RX ua=95 mt=R len=7
PKT t=24598 TX ua=95 mt=P len=0
PKT t=24607 RX ua=95 mt=R len=7
PKT t=24612 TX ua=95 mt=T len=7
PKT t=24624 TX ua=95 mt=P len=0
PKT t=24633 RX ua=95 mt=R len=7
PKT t=24638 TX ua=95 mt=P len=0
PKT t=24668 RX ua=95 mt=R len=7
PKT t=24673 TX ua=95 mt=P len=0
PKT t=24682 RX ua=95 mt=R len=7
PKT t=24687 TX ua=95 mt=P len=0
PKT t=24696 RX ua=95 mt=R len=7
PKT t=24701 TX ua=95 mt=P len=0
PKT t=24710 RX ua=95 mt=R len=7
PKT t=24715 TX ua=95 mt=P len=0
PKT t=24724 RX ua=95 mt=R len=7
PKT t=24729 TX ua=95 mt=P len=0
PKT t=24738 RX ua=95 mt=R len=7
PKT t=24743 TX ua=95 mt=P len=0
PKT t=24772 RX ua=95 mt=R len=7
PKT t=24777 TX ua=95 mt=P len=0
PKT t=24786 RX ua=95 mt=R len=7
PKT t=24791 TX ua=95 mt=P len=0
PKT t=24805 RX ua=95 mt=R len=7
PKT t=24810 TX ua=95 mt=P len=0
PKT t=24819 RX ua=95 mt=R len=7
PKT t=24824 TX ua=95 mt=P len=0
PKT t=24833 RX ua=95 mt=R len=7
PKT t=24838 TX ua=95 mt=P len=0
PKT t=24872 RX ua=95 mt=R len=7
PKT t=24877 TX ua=95 mt=T len=7
PKT t=24889 TX ua=95 mt=P len=0
PKT t=24898 RX ua=95 mt=R len=7
PKT t=24903 TX ua=95 mt=P len=0
PKT t=24912 RX ua=95 mt=R len=7
PKT t=24917 TX ua=95 mt=P len=0
PKT t=24926 RX ua=95 mt=R len=7
PKT t=24931 TX ua=95 mt=P len=0
PKT t=24940 RX ua=95 mt=R len=7
PKT t=24945 TX ua=95 mt=P len=0
PKT t=24974 RX ua=95 mt=R len=7
PKT t=24979 TX ua=95 mt=P len=0
PKT t=24988 RX ua=95 mt=R len=7
PKT t=24993 TX ua=95 mt=P len=0
PKT t=25002 RX ua=95 mt=R len=7
PKT t=25007 TX ua=95 mt=P len=0
PKT t=25016 RX ua=95 mt=R len=7
PKT t=25021 TX ua=95 mt=P len=0
PKT t=25030 RX ua=95 mt=R len=7
PKT t=25035 TX ua=95 mt=P len=0
PKT t=25044 RX ua=95 mt=R len=7
PKT t=25049 TX ua=95 mt=P len=0
PKT t=25078 RX ua=95 mt=R len=7
PKT t=25083 TX ua=95 mt=P len=0
PKT t=25092 RX ua=95 mt=R len=7
PKT t=25097 TX ua=95 mt=P len=0
PKT t=25106 RX ua=95 mt=R len=7
PKT t=25111 TX ua=95 mt=T len=7
PKT t=25123 TX ua=95 mt=P len=0
PKT t=25132 RX ua=95 mt=R len=7
PKT t=25137 TX ua=95 mt=P len=0
PKT t=25146 RX ua=95 mt=R len=7
PKT t=25151 TX ua=95 mt=P len=0
PKT t=25180 RX ua=95 mt=R len=7
PKT t=25185 TX ua=95 mt=P len=0
PKT t=25194 RX ua=95 mt=R len=7
PKT t=25199 TX ua=95 mt=P len=0
PKT t=25208 RX ua=95 mt=R len=7
PKT t=25213 TX ua=95 mt=P len=0
PKT t=25222 RX ua=95 mt=R len=7
PKT t=25227 TX ua=95 mt=P len=0
PKT t=25236 RX ua=95 mt=R len=7
PKT t=25241 TX ua=95 mt=P len=0
PKT t=25255 RX ua=95 mt=R len=7
PKT t=25260 TX ua=95 mt=P len=0
PKT t=25285 RX ua=95 mt=R len=7
PKT t=25290 TX ua=95 mt=P len=0
PKT t=25299 RX ua=95 mt=R len=7
PKT t=25304 TX ua=95 mt=P len=0
PKT t=25313 RX ua=95 mt=R len=7
PKT t=25318 TX ua=95 mt=P len=0
PKT t=25327 RX ua=95 mt=R len=7
PKT t=25332 TX ua=95 mt=P len=0
PKT t=25341 RX ua=95 mt=R len=7
PKT t=25346 TX ua=95 mt=P len=0
PKT t=25355 RX ua=95 mt=R len=7
PKT t=25360 TX ua=95 mt=T len=7
PKT t=25372 TX ua=95 mt=P len=0
PKT t=25391 RX ua=95 mt=R len=7
PKT t=25396 TX ua=95 mt=P len=0
PKT t=25406 RX ua=95 mt=R len=7
PKT t=25411 TX ua=95 mt=P len=0
PKT t=25421 RX ua=95 mt=R len=7
PKT t=25426 TX ua=95 mt=P len=0
PKT t=25436 RX ua=95 mt=R len=7
PKT t=25441 TX ua=95 mt=P len=0
PKT t=25451 RX ua=95 mt=R len=7
PKT t=25456 TX ua=95 mt=P len=0
PKT t=25489 RX ua=95 mt=R len=7
PKT t=25494 TX ua=95 mt=P len=0
PKT t=25504 RX ua=95 mt=R len=7
PKT t=25509 TX ua=95 mt=P len=0
PKT t=25519 RX ua=95 mt=R len=7
PKT t=25524 TX ua=95 mt=P len=0
PKT t=25534 RX ua=95 mt=R len=7
PKT t=25539 TX ua=95 mt=P len=0
PKT t=25555 RX ua=95 mt=R len=7
PKT t=25560 TX ua=95 mt=P len=0
PKT t=25590 RX ua=95 mt=R len=7
PKT t=25595 TX ua=95 mt=P len=0
PKT t=25605 RX ua=95 mt=R len=7
PKT t=25610 TX ua=95 mt=T len=7
PKT t=25622 TX ua=95 mt=P len=0
PKT t=25631 RX ua=95 mt=R len=7
PKT t=25636 TX ua=95 mt=P len=0
PKT t=25645 RX ua=95 mt=R len=7
PKT t=25650 TX ua=95 mt=P len=0
PKT t=25659 RX ua=95 mt=R len=7
PKT t=25664 TX ua=95 mt=P len=0
PKT t=25693 RX ua=95 mt=R len=7
PKT t=25705 TX ua=95 mt=P len=0
PKT t=25714 RX ua=95 mt=R len=7
PKT t=25719 TX ua=95 mt=P len=0
PKT t=25728 RX ua=95 mt=R len=7
PKT t=25733 TX ua=95 mt=P len=0
PKT t=25742 RX ua=95 mt=R len=7
PKT t=25747 TX ua=95 mt=P len=0
PKT t=25756 RX ua=95 mt=R len=7
PKT t=25761 TX ua=95 mt=P len=0
PKT t=25793 RX ua=95 mt=R len=7
PKT t=25798 TX ua=95 mt=P len=0
PKT t=25807 RX ua=95 mt=R len=7
PKT t=25812 TX ua=95 mt=P len=0
PKT t=25821 RX ua=95 mt=R len=7
PKT t=25826 TX ua=95 mt=P len=0
PKT t=25835 RX ua=95 mt=R len=7
PKT t=25840 TX ua=95 mt=P len=0
PKT t=25855 RX ua=95 mt=R len=7
PKT t=25860 TX ua=95 mt=T len=7
PKT t=25872 TX ua=95 mt=P len=0
PKT t=25895 RX ua=95 mt=R len=7
PKT t=25900 TX ua=95 mt=P len=0
PKT t=25909 RX ua=95 mt=R len=7
PKT t=25914 TX ua=95 mt=P len=0
PKT t=25923 RX ua=95 mt=R len=7
PKT t=25928 TX ua=95 mt=P len=0
PKT t=25937 RX ua=95 mt=R len=7
PKT t=25942 TX ua=95 mt=P len=0
PKT t=25951 RX ua=95 mt=R len=7
PKT t=25956 TX ua=95 mt=P len=0
PKT t=25965 RX ua=95 mt=R len=7
PKT t=25970 TX ua=95 mt=P len=0
PKT t=26005 RX ua=95 mt=R len=7
PKT t=26010 TX ua=95 mt=P len=0
PKT t=26021 RX ua=95 mt=R len=7
PKT t=26026 TX ua=95 mt=P len=0
PKT t=26035 RX ua=95 mt=R len=7
PKT t=26040 TX ua=95 mt=P len=0
PKT t=26049 RX ua=95 mt=R len=7
PKT t=26054 TX ua=95 mt=P len=0
PKT t=26063 RX ua=95 mt=R len=7
PKT t=26068 TX ua=95 mt=P len=0
PKT t=26099 RX ua=95 mt=R len=7
PKT t=26104 TX ua=95 mt=P len=0
PKT t=26113 RX ua=95 mt=R len=7
PKT t=26118 TX ua=95 mt=T len=7
PKT t=26131 TX ua=95 mt=P len=0
PKT t=26140 RX ua=95 mt=R len=7
PKT t=26145 TX ua=95 mt=T len=7
PKT t=26162 TX ua=95 mt=P len=0
PKT t=26171 RX ua=95 mt=R len=7
PKT t=26176 TX ua=95 mt=P len=0
PKT t=26205 RX ua=95 mt=R len=7
PKT t=26210 TX ua=95 mt=P len=0
PKT t=26219 RX ua=95 mt=R len=7
PKT t=26224 TX ua=95 mt=P len=0
PKT t=26233 RX ua=95 mt=R len=7
PKT t=26238 TX ua=95 mt=P len=0
PKT t=26247 RX ua=95 mt=R len=7
PKT t=26252 TX ua=95 mt=P len=0
PKT t=26261 RX ua=95 mt=R len=7
PKT t=26266 TX ua=95 mt=P len=0
PKT t=26275 RX ua=95 mt=R len=7
PKT t=26280 TX ua=95 mt=P len=0
PKT t=26309 RX ua=95 mt=R len=7
PKT t=26314 TX ua=95 mt=P len=0
PKT t=26324 RX ua=95 mt=R len=7
PKT t=26329 TX ua=95 mt=P len=0
PKT t=26338 RX ua=95 mt=R len=7
PKT t=26343 TX ua=95 mt=P len=0
PKT t=26352 RX ua=95 mt=R len=7
PKT t=26357 TX ua=95 mt=T len=7
PKT t=26370 TX ua=95 mt=P len=0
PKT t=26379 RX ua=95 mt=R len=7
PKT t=26384 TX ua=95 mt=P len=0
PKT t=26413 RX ua=95 mt=R len=7
PKT t=26418 TX ua=95 mt=P len=0
PKT t=26427 RX ua=95 mt=R len=7
PKT t=26432 TX ua=95 mt=P len=0
PKT t=26441 RX ua=95 mt=R len=7
PKT t=26446 TX ua=95 mt=P len=0
PKT t=26455 RX ua=95 mt=R len=7
PKT t=26460 TX ua=95 mt=P len=0
PKT t=26469 RX ua=95 mt=R len=7
PKT t=26474 TX ua=95 mt=P len=0
PKT t=26483 RX ua=95 mt=R len=7
PKT t=26488 TX ua=95 mt=P len=0
PKT t=26517 RX ua=95 mt=R len=7
PKT t=26522 TX ua=95 mt=P len=0
PKT t=26531 RX ua=95 mt=R len=7
PKT t=26536 TX ua=95 mt=P len=0
PKT t=26545 RX ua=95 mt=R len=7
PKT t=26550 TX ua=95 mt=P len=0
PKT t=26559 RX ua=95 mt=R len=7
PKT t=26564 TX ua=95 mt=P len=0
PKT t=26573 RX ua=95 mt=R len=7
PKT t=26578 TX ua=95 mt=P len=0
PKT t=26587 RX ua=95 mt=R len=7
PKT t=26592 TX ua=95 mt=P len=0
PKT t=26621 RX ua=95 mt=R len=7
PKT t=26626 TX ua=95 mt=T len=7
PKT t=26639 TX ua=95 mt=P len=0
PKT t=26648 RX ua=95 mt=R len=7
PKT t=26653 TX ua=95 mt=P len=0
PKT t=26662 RX ua=95 mt=R len=7
PKT t=26667 TX ua=95 mt=P len=0
PKT t=26676 RX ua=95 mt=R len=7
PKT t=26681 TX ua=95 mt=P len=0
PKT t=26690 RX ua=95 mt=R len=7
PKT t=26695 TX ua=95 mt=P len=0
PKT t=26724 RX ua=95 mt=R len=7
PKT t=26729 TX ua=95 mt=P len=0
PKT t=26738 RX ua=95 mt=R len=7
PKT t=26743 TX ua=95 mt=P len=0
PKT t=26755 RX ua=95 mt=R len=7
PKT t=26760 TX ua=95 mt=P len=0
PKT t=26769 RX ua=95 mt=R len=7
PKT t=26774 TX ua=95 mt=P len=0
PKT t=26783 RX ua=95 mt=R len=7
PKT t=26788 TX ua=95 mt=P len=0
PKT t=26797 RX ua=95 mt=R len=7
PKT t=26802 TX ua=95 mt=P len=0
PKT t=26831 RX ua=95 mt=R len=7
PKT t=26836 TX ua=95 mt=P len=0
PKT t=26845 RX ua=95 mt=R len=7
PKT t=26850 TX ua=95 mt=P len=0
PKT t=26859 RX ua=95 mt=R len=7
PKT t=26864 TX ua=95 mt=T len=7
PKT t=26877 TX ua=95 mt=P len=0
PKT t=26886 RX ua=95 mt=R len=7
PKT t=26891 TX ua=95 mt=P len=0
PKT t=26905 RX ua=95 mt=R len=7
PKT t=26910 TX ua=95 mt=P len=0
PKT t=26934 RX ua=95 mt=R len=7
PKT t=26939 TX ua=95 mt=P len=0
PKT t=26948 RX ua=95 mt=R len=7
PKT t=26953 TX ua=95 mt=P len=0
PKT t=26962 RX ua=95 mt=R len=7
PKT t=26967 TX ua=95 mt=P len=0
PKT t=26976 RX ua=95 mt=R len=7
PKT t=26981 TX ua=95 mt=P len=0
PKT t=26990 RX ua=95 mt=R len=7
PKT t=26995 TX ua=95 mt=P len=0
PKT t=27004 RX ua=95 mt=R len=7
PKT t=27009 TX ua=95 mt=P len=0
PKT t=27038 RX ua=95 mt=R len=7
PKT t=27043 TX ua=95 mt=P len=0
PKT t=27055 RX ua=95 mt=R len=7
PKT t=27060 TX ua=95 mt=P len=0
PKT t=27069 RX ua=95 mt=R len=7
PKT t=27074 TX ua=95 mt=P len=0
PKT t=27083 RX ua=95 mt=R len=7
PKT t=27088 TX ua=95 mt=P len=0
PKT t=27097 RX ua=95 mt=R len=7
PKT t=27102 TX ua=95 mt=P len=0
PKT t=27111 RX ua=95 mt=R len=7
PKT t=27116 TX ua=95 mt=T len=7
PKT t=27128 TX ua=95 mt=P len=0
PKT t=27147 RX ua=95 mt=R len=7
PKT t=27152 TX ua=95 mt=P len=0
PKT t=27161 RX ua=95 mt=R len=7
PKT t=27166 TX ua=95 mt=P len=0
PKT t=27175 RX ua=95 mt=R len=7
PKT t=27180 TX ua=95 mt=P len=0
PKT t=27189 RX ua=95 mt=R len=7
PKT t=27194 TX ua=95 mt=P len=0
PKT t=27205 RX ua=95 mt=R len=7
PKT t=27210 TX ua=95 mt=P len=0
PKT t=27219 RX ua=95 mt=R len=7
PKT t=27224 TX ua=95 mt=P len=0
PKT t=27253 RX ua=95 mt=R len=7
PKT t=27258 TX ua=95 mt=P len=0
PKT t=27267 RX ua=95 mt=R len=7
PKT t=27272 TX ua=95 mt=P len=0
PKT t=27281 RX ua=95 mt=R len=7
PKT t=27286 TX ua=95 mt=P len=0
PKT t=27295 RX ua=95 mt=R len=7
PKT t=27300 TX ua=95 mt=P len=0
PKT t=27309 RX ua=95 mt=R len=7
PKT t=27314 TX ua=95 mt=P len=0
PKT t=27323 RX ua=95 mt=R len=7
PKT t=27328 TX ua=95 mt=P len=0
PKT t=27357 RX ua=95 mt=R len=7
PKT t=27362 TX ua=95 mt=T len=7
PKT t=27374 TX ua=95 mt=P len=0
PKT t=27384 RX ua=95 mt=R len=7
PKT t=27389 TX ua=95 mt=P len=0
PKT t=27399 RX ua=95 mt=R len=7
PKT t=27404 TX ua=95 mt=P len=0
PKT t=27414 RX ua=95 mt=R len=7
PKT t=27419 TX ua=95 mt=P len=0
PKT t=27429 RX ua=95 mt=R len=7
PKT t=27434 TX ua=95 mt=P len=0
PKT t=27463 RX ua=95 mt=R len=7
PKT t=27468 TX ua=95 mt=P len=0
PKT t=27478 RX ua=95 mt=R len=7
PKT t=27483 TX ua=95 mt=P len=0
PKT t=27493 RX ua=95 mt=R len=7
PKT t=27505 TX ua=95 mt=P len=0
PKT t=27515 RX ua=95 mt=R len=7
PKT t=27520 TX ua=95 mt=P len=0
PKT t=27530 RX ua=95 mt=R len=7
PKT t=27535 TX ua=95 mt=P len=0
PKT t=27564 RX ua=95 mt=R len=7
PKT t=27569 TX ua=95 mt=P len=0
PKT t=27579 RX ua=95 mt=R len=7
PKT t=27584 TX ua=95 mt=P len=0
PKT t=27594 RX ua=95 mt=R len=7
PKT t=27599 TX ua=95 mt=P len=0
PKT t=27609 RX ua=95 mt=R len=7
PKT t=27614 TX ua=95 mt=T len=7
PKT t=27626 TX ua=95 mt=P len=0
PKT t=27635 RX ua=95 mt=R len=7
PKT t=27640 TX ua=95 mt=P len=0
PKT t=27669 RX ua=95 mt=R len=7
PKT t=27674 TX ua=95 mt=P len=0
PKT t=27683 RX ua=95 mt=R len=7
PKT t=27688 TX ua=95 mt=P len=0
PKT t=27697 RX ua=95 mt=R len=7
PKT t=27702 TX ua=95 mt=P len=0
PKT t=27711 RX ua=95 mt=R len=7
PKT t=27716 TX ua=95 mt=P len=0
PKT t=27725 RX ua=95 mt=R len=7
PKT t=27730 TX ua=95 mt=P len=0
PKT t=27739 RX ua=95 mt=R len=7
PKT t=27744 TX ua=95 mt=P len=0
PKT t=27773 RX ua=95 mt=R len=7
PKT t=27778 TX ua=95 mt=P len=0
PKT t=27787 RX ua=95 mt=R len=7
PKT t=27792 TX ua=95 mt=P len=0
PKT t=27805 RX ua=95 mt=R len=7
PKT t=27810 TX ua=95 mt=P len=0
PKT t=27819 RX ua=95 mt=R len=7
PKT t=27824 TX ua=95 mt=P len=0
PKT t=27833 RX ua=95 mt=R len=7
PKT t=27838 TX ua=95 mt=P len=0
PKT t=27847 RX ua=95 mt=R len=7
PKT t=27852 TX ua=95 mt=P len=0
PKT t=27881 RX ua=95 mt=R len=7
PKT t=27886 TX ua=95 mt=T len=7
PKT t=27898 TX ua=95 mt=P len=0
PKT t=27908 RX ua=95 mt=R len=7
PKT t=27913 TX ua=95 mt=P len=0
PKT t=27922 RX ua=95 mt=R len=7
PKT t=27927 TX ua=95 mt=P len=0
PKT t=27936 RX ua=95 mt=R len=7
PKT t=27941 TX ua=95 mt=P len=0
PKT t=27955 RX ua=95 mt=R len=7
PKT t=27960 TX ua=95 mt=P len=0
PKT t=27984 RX ua=95 mt=R len=7
PKT t=27989 TX ua=95 mt=P len=0
PKT t=27998 RX ua=95 mt=R len=7
PKT t=28003 TX ua=95 mt=P len=0
PKT t=28012 RX ua=95 mt=R len=7
PKT t=28017 TX ua=95 mt=P len=0
PKT t=28026 RX ua=95 mt=R len=7
PKT t=28031 TX ua=95 mt=P len=0
PKT t=28040 RX ua=95 mt=R len=7
PKT t=28045 TX ua=95 mt=P len=0
PKT t=28054 RX ua=95 mt=R len=7
PKT t=28059 TX ua=95 mt=P len=0
PKT t=28088 RX ua=95 mt=R len=7
PKT t=28093 TX ua=95 mt=P len=0
PKT t=28105 RX ua=95 mt=R len=7
PKT t=28110 TX ua=95 mt=T len=7
PKT t=28122 TX ua=95 mt=P len=0
PKT t=28131 RX ua=95 mt=R len=7
PKT t=28136 TX ua=95 mt=P len=0
PKT t=28145 RX ua=95 mt=R len=7
PKT t=28150 TX ua=95 mt=P len=0
PKT t=28159 RX ua=95 mt=R len=7
PKT t=28164 TX ua=95 mt=P len=0
PKT t=28198 RX ua=95 mt=R len=7
PKT t=28203 TX ua=95 mt=P len=0
PKT t=28212 RX ua=95 mt=R len=7
PKT t=28217 TX ua=95 mt=P len=0
PKT t=28226 RX ua=95 mt=R len=7
PKT t=28231 TX ua=95 mt=P len=0
PKT t=28240 RX ua=95 mt=R len=7
PKT t=28245 TX ua=95 mt=P len=0
PKT t=28255 RX ua=95 mt=R len=7
PKT t=28510 TX ua=96 mt=P len=0
PKT t=28768 TX ua=95 mt=P len=0
PKT t=28777 RX ua=95 mt=R len=7
PKT t=28782 TX ua=95 mt=T len=7
PKT t=28794 TX ua=95 mt=P len=0
PKT t=28803 RX ua=95 mt=R len=7
PKT t=28808 TX ua=95 mt=P len=0
PKT t=28818 RX ua=95 mt=R len=7
PKT t=28823 TX ua=95 mt=P len=0
PKT t=28832 RX ua=95 mt=R len=7
PKT t=28837 TX ua=95 mt=P len=0
PKT t=28846 RX ua=95 mt=R len=7
PKT t=28855 TX ua=95 mt=P len=0
PKT t=28864 RX ua=95 mt=R len=7
PKT t=28869 TX ua=95 mt=T len=7
PKT t=28881 TX ua=95 mt=P len=0
PKT t=28900 RX ua=95 mt=R len=7
PKT t=28905 TX ua=95 mt=P len=0
PKT t=28914 RX ua=95 mt=R len=7
PKT t=28919 TX ua=95 mt=P len=0
PKT t=28928 RX ua=95 mt=R len=7
PKT t=28933 TX ua=95 mt=P len=0
PKT t=28942 RX ua=95 mt=R len=7
PKT t=28947 TX ua=95 mt=P len=0
PKT t=28956 RX ua=95 mt=R len=7
PKT t=28961 TX ua=95 mt=P len=0
PKT t=28970 RX ua=95 mt=R len=7
PKT t=28975 TX ua=95 mt=P len=0
PKT t=29005 RX ua=95 mt=R len=7
PKT t=29010 TX ua=95 mt=P len=0
PKT t=29019 RX ua=95 mt=R len=7
PKT t=29024 TX ua=95 mt=P len=0
PKT t=29033 RX ua=95 mt=R len=7
PKT t=29038 TX ua=95 mt=P len=0
PKT t=29047 RX ua=95 mt=R len=7
PKT t=29052 TX ua=95 mt=P len=0
PKT t=29061 RX ua=95 mt=R len=7
PKT t=29066 TX ua=95 mt=P len=0
PKT t=29075 RX ua=95 mt=R len=7
PKT t=29080 TX ua=95 mt=P len=0
PKT t=29109 RX ua=95 mt=R len=7
PKT t=29114 TX ua=95 mt=T len=7
PKT t=29127 TX ua=95 mt=P len=0
PKT t=29136 RX ua=95 mt=R len=7
PKT t=29141 TX ua=95 mt=P len=0
PKT t=29155 RX ua=95 mt=R len=7
PKT t=29160 TX ua=95 mt=P len=0
PKT t=29169 RX ua=95 mt=R len=7
PKT t=29174 TX ua=95 mt=P len=0
PKT t=29183 RX ua=95 mt=R len=7
PKT t=29188 TX ua=95 mt=P len=0
PKT t=29217 RX ua=95 mt=R len=7
PKT t=29222 TX ua=95 mt=P len=0
PKT t=29231 RX ua=95 mt=R len=7
PKT t=29236 TX ua=95 mt=P len=0
PKT t=29245 RX ua=95 mt=R len=7
PKT t=29250 TX ua=95 mt=P len=0
PKT t=29259 RX ua=95 mt=R len=7
PKT t=29264 TX ua=95 mt=P len=0
PKT t=29273 RX ua=95 mt=R len=7
PKT t=29278 TX ua=95 mt=P len=0
PKT t=29287 RX ua=95 mt=R len=7
PKT t=29292 TX ua=95 mt=P len=0
PKT t=29321 RX ua=95 mt=R len=7
PKT t=29326 TX ua=95 mt=P len=0
PKT t=29335 RX ua=95 mt=R len=7
PKT t=29340 TX ua=95 mt=P len=0
PKT t=29349 RX ua=95 mt=R len=7
PKT t=29354 TX ua=95 mt=P len=0
PKT t=29363 RX ua=95 mt=R len=7
PKT t=29368 TX ua=95 mt=T len=7
PKT t=29381 TX ua=95 mt=P len=0
PKT t=29391 RX ua=95 mt=R len=7
PKT t=29396 TX ua=95 mt=P len=0
PKT t=29425 RX ua=95 mt=R len=7
PKT t=29430 TX ua=95 mt=P len=0
PKT t=29440 RX ua=95 mt=R len=7
PKT t=29445 TX ua=95 mt=P len=0
PKT t=29455 RX ua=95 mt=R len=7
PKT t=29710 TX ua=96 mt=P len=0
PKT t=29968 TX ua=95 mt=P len=0
PKT t=29978 RX ua=95 mt=R len=7
PKT t=29983 TX ua=95 mt=T len=7
PKT t=29996 TX ua=95 mt=P len=0
PKT t=30024 RX ua=95 mt=R len=7
PKT t=30029 TX ua=95 mt=P len=0
PKT t=30038 RX ua=95 mt=R len=7
PKT t=30043 TX ua=95 mt=P len=0
PKT t=30055 RX ua=95 mt=R len=7
PKT t=30060 TX ua=95 mt=P len=0
PKT t=30069 RX ua=95 mt=R len=7
PKT t=30074 TX ua=95 mt=P len=0
PKT t=30084 RX ua=95 mt=R len=7
PKT t=30089 TX ua=95 mt=P len=0
PKT t=30098 RX ua=95 mt=R len=7
PKT t=30103 TX ua=95 mt=P len=0
PKT t=30132 RX ua=95 mt=R len=7
PKT t=30137 TX ua=95 mt=T len=7
PKT t=30149 TX ua=95 mt=P len=0
PKT t=30158 RX ua=95 mt=R len=7
PKT t=30163 TX ua=95 mt=P len=0
PKT t=30173 RX ua=95 mt=R len=7
PKT t=30178 TX ua=95 mt=P len=0
PKT t=30187 RX ua=95 mt=R len=7
PKT t=30192 TX ua=95 mt=P len=0
PKT t=30205 RX ua=95 mt=R len=7
PKT t=30210 TX ua=95 mt=P len=0
PKT t=30235 RX ua=95 mt=R len=7
PKT t=30240 TX ua=95 mt=P len=0
PKT t=30249 RX ua=95 mt=R len=7
PKT t=30254 TX ua=95 mt=P len=0
PKT t=30263 RX ua=95 mt=R len=7
PKT t=30268 TX ua=95 mt=P len=0
PKT t=30277 RX ua=95 mt=R len=7
PKT t=30282 TX ua=95 mt=P len=0
PKT t=30291 RX ua=95 mt=R len=7
PKT t=30296 TX ua=95 mt=P len=0
PKT t=30305 RX ua=95 mt=R len=7
PKT t=30310 TX ua=95 mt=P len=0
PKT t=30339 RX ua=95 mt=R len=7
PKT t=30344 TX ua=95 mt=P len=0
PKT t=30355 RX ua=95 mt=R len=7
PKT t=30360 TX ua=95 mt=T len=7
PKT t=30372 TX ua=95 mt=P len=0
PKT t=30381 RX ua=95 mt=R len=7
PKT t=30386 TX ua=95 mt=P len=0
PKT t=30395 RX ua=95 mt=R len=7
PKT t=30400 TX ua=95 mt=P len=0
PKT t=30409 RX ua=95 mt=R len=7
PKT t=30414 TX ua=95 mt=P len=0
PKT t=30443 RX ua=95 mt=R len=7
PKT t=30448 TX ua=95 mt=P len=0
PKT t=30457 RX ua=95 mt=R len=7
PKT t=30462 TX ua=95 mt=P len=0
PKT t=30471 RX ua=95 mt=R len=7
PKT t=30476 TX ua=95 mt=P len=0
PKT t=30485 RX ua=95 mt=R len=7
PKT t=30490 TX ua=95 mt=P len=0
PKT t=30505 RX ua=95 mt=R len=7
PKT t=30510 TX ua=95 mt=P len=0
PKT t=30543 RX ua=95 mt=R len=7
PKT t=30548 TX ua=95 mt=P len=0
PKT t=30557 RX ua=95 mt=R len=7
PKT t=30562 TX ua=95 mt=P len=0
PKT t=30571 RX ua=95 mt=R len=7
PKT t=30576 TX ua=95 mt=P len=0
PKT t=30585 RX ua=95 mt=R len=7
PKT t=30590 TX ua=95 mt=P len=0
PKT t=30599 RX ua=95 mt=R len=7
PKT t=30604 TX ua=95 mt=P len=0
PKT t=30613 RX ua=95 mt=R len=7
PKT t=30618 TX ua=95 mt=T len=7
PKT t=30630 TX ua=95 mt=P len=0
PKT t=30655 RX ua=95 mt=R len=7
PKT t=30660 TX ua=95 mt=P len=0
PKT t=30669 RX ua=95 mt=R len=7
PKT t=30674 TX ua=95 mt=P len=0
PKT t=30683 RX ua=95 mt=R len=7
PKT t=30688 TX ua=95 mt=P len=0
PKT t=30697 RX ua=95 mt=R len=7
PKT t=30702 TX ua=95 mt=P len=0
PKT t=30711 RX ua=95 mt=R len=7
PKT t=30716 TX ua=95 mt=P len=0
PKT t=30747 RX ua=95 mt=R len=7
PKT t=30752 TX ua=95 mt=P len=0
PKT t=30761 RX ua=95 mt=R len=7
PKT t=30766 TX ua=95 mt=P len=0
PKT t=30775 RX ua=95 mt=R len=7
PKT t=30780 TX ua=95 mt=P len=0
PKT t=30789 RX ua=95 mt=R len=7
PKT t=30794 TX ua=95 mt=P len=0
PKT t=30805 RX ua=95 mt=R len=7
PKT t=30810 TX ua=95 mt=P len=0
PKT t=30819 RX ua=95 mt=R len=7
PKT t=30824 TX ua=95 mt=P len=0
PKT t=30853 RX ua=95 mt=R len=7
PKT t=30858 TX ua=95 mt=T len=7
PKT t=30870 TX ua=95 mt=P len=0
PKT t=30879 RX ua=95 mt=R len=7
PKT t=30884 TX ua=95 mt=P len=0
PKT t=30893 RX ua=95 mt=R len=7
PKT t=30898 TX ua=95 mt=P len=0
PKT t=30907 RX ua=95 mt=R len=7
PKT t=30912 TX ua=95 mt=P len=0
PKT t=30921 RX ua=95 mt=R len=7
PKT t=30926 TX ua=95 mt=P len=0
PKT t=30955 RX ua=95 mt=R len=7
PKT t=30960 TX ua=95 mt=P len=0
PKT t=30969 RX ua=95 mt=R len=7
PKT t=30974 TX ua=95 mt=P len=0
PKT t=30983 RX ua=95 mt=R len=7
PKT t=30988 TX ua=95 mt=P len=0
PKT t=30997 RX ua=95 mt=R len=7
PKT t=31002 TX ua=95 mt=P len=0
PKT t=31011 RX ua=95 mt=R len=7
PKT t=31016 TX ua=95 mt=P len=0
PKT t=31025 RX ua=95 mt=R len=7
PKT t=31030 TX ua=95 mt=P len=0
PKT t=31059 RX ua=95 mt=R len=7
PKT t=31064 TX ua=95 mt=P len=0
PKT t=31073 RX ua=95 mt=R len=7
PKT t=31078 TX ua=95 mt=P len=0
PKT t=31087 RX ua=95 mt=R len=7
PKT t=31092 TX ua=95 mt=P len=0
PKT t=31105 RX ua=95 mt=R len=7
PKT t=31110 TX ua=95 mt=T len=7
PKT t=31122 TX ua=95 mt=P len=0
PKT t=31131 RX ua=95 mt=R len=7
PKT t=31136 TX ua=95 mt=P len=0
PKT t=31165 RX ua=95 mt=R len=7
PKT t=31170 TX ua=95 mt=P len=0
PKT t=31179 RX ua=95 mt=R len=7
PKT t=31184 TX ua=95 mt=P len=0
PKT t=31193 RX ua=95 mt=R len=7
PKT t=31198 TX ua=95 mt=P len=0
PKT t=31207 RX ua=95 mt=R len=7
PKT t=31212 TX ua=95 mt=P len=0
PKT t=31221 RX ua=95 mt=R len=7
PKT t=31226 TX ua=95 mt=P len=0
PKT t=31235 RX ua=95 mt=R len=7
PKT t=31240 TX ua=95 mt=P len=0
PKT t=31269 RX ua=95 mt=R len=7
PKT t=31274 TX ua=95 mt=P len=0
PKT t=31283 RX ua=95 mt=R len=7
PKT t=31288 TX ua=95 mt=P len=0
PKT t=31298 RX ua=95 mt=R len=7
PKT t=31303 TX ua=95 mt=P len=0
PKT t=31312 RX ua=95 mt=R len=7
PKT t=31317 TX ua=95 mt=P len=0
PKT t=31326 RX ua=95 mt=R len=7
PKT t=31331 TX ua=95 mt=P len=0
PKT t=31340 RX ua=95 mt=R len=7
PKT t=31345 TX ua=95 mt=P len=0
PKT t=31374 RX ua=95 mt=R len=7
PKT t=31379 TX ua=95 mt=T len=7
PKT t=31391 TX ua=95 mt=P len=0
PKT t=31405 RX ua=95 mt=R len=7
PKT t=31410 TX ua=95 mt=P len=0
PKT t=31420 RX ua=95 mt=R len=7
PKT t=31425 TX ua=95 mt=P len=0
PKT t=31435 RX ua=95 mt=R len=7
PKT t=31440 TX ua=95 mt=P len=0
PKT t=31450 RX ua=95 mt=R len=7
PKT t=31455 TX ua=95 mt=P len=0
PKT t=31484 RX ua=95 mt=R len=7
PKT t=31489 TX ua=95 mt=P len=0
PKT t=31499 RX ua=95 mt=R len=7
PKT t=31504 TX ua=95 mt=P len=0
PKT t=31514 RX ua=95 mt=R len=7
PKT t=31519 TX ua=95 mt=P len=0
PKT t=31529 RX ua=95 mt=R len=7
PKT t=31534 TX ua=95 mt=P len=0
PKT t=31544 RX ua=95 mt=R len=7
PKT t=31555 TX ua=95 mt=P len=0
PKT t=31583 RX ua=95 mt=R len=7
PKT t=31588 TX ua=95 mt=P len=0
PKT t=31598 RX ua=95 mt=R len=7
PKT t=31603 TX ua=95 mt=P len=0
PKT t=31613 RX ua=95 mt=R len=7
PKT t=31618 TX ua=95 mt=T len=7
PKT t=31630 TX ua=95 mt=P len=0
PKT t=31639 RX ua=95 mt=R len=7
PKT t=31644 TX ua=95 mt=P len=0
PKT t=31653 RX ua=95 mt=R len=7
PKT t=31658 TX ua=95 mt=P len=0
PKT t=31687 RX ua=95 mt=R len=7
PKT t=31692 TX ua=95 mt=P len=0
PKT t=31705 RX ua=95 mt=R len=7
PKT t=31710 TX ua=95 mt=P len=0
PKT t=31719 RX ua=95 mt=R len=7
PKT t=31724 TX ua=95 mt=P len=0
PKT t=31733 RX ua=95 mt=R len=7
PKT t=31738 TX ua=95 mt=P len=0
PKT t=31747 RX ua=95 mt=R len=7
PKT t=31752 TX ua=95 mt=P len=0
PKT t=31761 RX ua=95 mt=R len=7
PKT t=31766 TX ua=95 mt=P len=0
PKT t=31795 RX ua=95 mt=R len=7
PKT t=31800 TX ua=95 mt=P len=0
PKT t=31809 RX ua=95 mt=R len=7
PKT t=31814 TX ua=95 mt=P len=0
PKT t=31823 RX ua=95 mt=R len=7
PKT t=31828 TX ua=95 mt=P len=0
PKT t=31837 RX ua=95 mt=R len=7
PKT t=31842 TX ua=95 mt=P len=0
PKT t=31855 RX ua=95 mt=R len=7
PKT t=31860 TX ua=95 mt=T len=7
PKT t=31872 TX ua=95 mt=P len=0
PKT t=31900 RX ua=95 mt=R len=7
PKT t=31905 TX ua=95 mt=P len=0
PKT t=31914 RX ua=95 mt=R len=7
PKT t=31919 TX ua=95 mt=P len=0
PKT t=31928 RX ua=95 mt=R len=7
PKT t=31933 TX ua=95 mt=P len=0
PKT t=31942 RX ua=95 mt=R len=7
PKT t=31947 TX ua=95 mt=P len=0
PKT t=31956 RX ua=95 mt=R len=7
PKT t=31961 TX ua=95 mt=P len=0
PKT t=31970 RX ua=95 mt=R len=7
PKT t=31975 TX ua=95 mt=P len=0
PKT t=32005 RX ua=95 mt=R len=7
PKT t=32010 TX ua=95 mt=P len=0
PKT t=32019 RX ua=95 mt=R len=7
PKT t=32024 TX ua=95 mt=P len=0
PKT t=32033 RX ua=95 mt=R len=7
PKT t=32038 TX ua=95 mt=P len=0
PKT t=32047 RX ua=95 mt=R len=7
PKT t=32052 TX ua=95 mt=P len=0
PKT t=32061 RX ua=95 mt=R len=7
PKT t=32066 TX ua=95 mt=P len=0
PKT t=32075 RX ua=95 mt=R len=7
PKT t=32080 TX ua=95 mt=P len=0
PKT t=32109 RX ua=95 mt=R len=7
PKT t=32114 TX ua=95 mt=T len=7
PKT t=32126 TX ua=95 mt=P len=0
PKT t=32135 RX ua=95 mt=R len=7
PKT t=32140 TX ua=95 mt=P len=0
PKT t=32155 RX ua=95 mt=R len=7
PKT t=32160 TX ua=95 mt=P len=0
PKT t=32169 RX ua=95 mt=R len=7
PKT t=32174 TX ua=95 mt=P len=0
PKT t=32183 RX ua=95 mt=R len=7
PKT t=32188 TX ua=95 mt=P len=0
PKT t=32222 RX ua=95 mt=R len=7
PKT t=32227 TX ua=95 mt=P len=0
PKT t=32236 RX ua=95 mt=R len=7
PKT t=32241 TX ua=95 mt=P len=0
PKT t=32250 RX ua=95 mt=R len=7
PKT t=32255 TX ua=95 mt=P len=0
PKT t=32264 RX ua=95 mt=R len=7
PKT t=32269 TX ua=95 mt=P len=0
PKT t=32278 RX ua=95 mt=R len=7
PKT t=32283 TX ua=95 mt=P len=0
PKT t=32292 RX ua=95 mt=R len=7
PKT t=32297 TX ua=95 mt=P len=0
PKT t=32326 RX ua=95 mt=R len=7
PKT t=32331 TX ua=95 mt=P len=0
PKT t=32340 RX ua=95 mt=R len=7
PKT t=32345 TX ua=95 mt=P len=0
PKT t=32354 RX ua=95 mt=R len=7
PKT t=32359 TX ua=95 mt=T len=7
PKT t=32371 TX ua=95 mt=P len=0
PKT t=32380 RX ua=95 mt=R len=7
PKT t=32385 TX ua=95 mt=P len=0
PKT t=32394 RX ua=95 mt=R len=7
PKT t=32399 TX ua=95 mt=P len=0
PKT t=32428 RX ua=95 mt=R len=7
PKT t=32433 TX ua=95 mt=P len=0
PKT t=32442 RX ua=95 mt=R len=7
PKT t=32447 TX ua=95 mt=P len=0
PKT t=32456 RX ua=95 mt=R len=7
PKT t=32461 TX ua=95 mt=P len=0
PKT t=32470 RX ua=95 mt=R len=7
PKT t=32475 TX ua=95 mt=P len=0
PKT t=32484 RX ua=95 mt=R len=7
PKT t=32489 TX ua=95 mt=P len=0
PKT t=32498 RX ua=95 mt=R len=7
PKT t=32503 TX ua=95 mt=P len=0
PKT t=32532 RX ua=95 mt=R len=7
PKT t=32537 TX ua=95 mt=P len=0
PKT t=32546 RX ua=95 mt=R len=7
PKT t=32551 TX ua=95 mt=P len=0
PKT t=32560 RX ua=95 mt=R len=7
PKT t=32565 TX ua=95 mt=P len=0
PKT t=32574 RX ua=95 mt=R len=7
PKT t=32579 TX ua=95 mt=P len=0
PKT t=32589 RX ua=95 mt=R len=7
PKT t=32594 TX ua=95 mt=P len=0
PKT t=32605 RX ua=95 mt=R len=7
PKT t=32610 TX ua=95 mt=T len=7
PKT t=32622 TX ua=95 mt=P len=0
PKT t=32639 RX ua=95 mt=R len=7
PKT t=32644 TX ua=95 mt=P len=0
PKT t=32653 RX ua=95 mt=R len=7
PKT t=32658 TX ua=95 mt=P len=0
PKT t=32667 RX ua=95 mt=R len=7
PKT t=32672 TX ua=95 mt=P len=0
PKT t=32681 RX ua=95 mt=R len=7
PKT t=32686 TX ua=95 mt=P len=0
PKT t=32695 RX ua=95 mt=R len=7
PKT t=32700 TX ua=95 mt=P len=0
PKT t=32709 RX ua=95 mt=R len=7
PKT t=32714 TX ua=95 mt=P len=0
PKT t=32743 RX ua=95 mt=R len=7
PKT t=32755 TX ua=95 mt=P len=0
PKT t=32764 RX ua=95 mt=R len=7
PKT t=32769 TX ua=95 mt=P len=0
PKT t=32778 RX ua=95 mt=R len=7
PKT t=32783 TX ua=95 mt=P len=0
PKT t=32792 RX ua=95 mt=R len=7
PKT t=32797 TX ua=95 mt=P len=0
PKT t=32806 RX ua=95 mt=R len=7
PKT t=32811 TX ua=95 mt=P len=0
PKT t=32843 RX ua=95 mt=R len=7
PKT t=32848 TX ua=95 mt=P len=0
PKT t=32857 RX ua=95 mt=R len=7
PKT t=32862 TX ua=95 mt=T len=7
PKT t=32874 TX ua=95 mt=P len=0
PKT t=32883 RX ua=95 mt=R len=7
PKT t=32888 TX ua=95 mt=P len=0
PKT t=32905 RX ua=95 mt=R len=7
PKT t=32910 TX ua=95 mt=P len=0
PKT t=32943 RX ua=95 mt=R len=7
PKT t=32948 TX ua=95 mt=P len=0
PKT t=32957 RX ua=95 mt=R len=7
PKT t=32962 TX ua=95 mt=P len=0
PKT t=32971 RX ua=95 mt=R len=7
PKT t=32976 TX ua=95 mt=P len=0
PKT t=32985 RX ua=95 mt=R len=7
PKT t=32990 TX ua=95 mt=P len=0
PKT t=32999 RX ua=95 mt=R len=7
PKT t=33004 TX ua=95 mt=P len=0
PKT t=33013 RX ua=95 mt=R len=7
PKT t=33018 TX ua=95 mt=P len=0
PKT t=33055 RX ua=95 mt=R len=7
PKT t=33060 TX ua=95 mt=P len=0
PKT t=33069 RX ua=95 mt=R len=7
PKT t=33074 TX ua=95 mt=P len=0
PKT t=33083 RX ua=95 mt=R len=7
PKT t=33088 TX ua=95 mt=P len=0
PKT t=33097 RX ua=95 mt=R len=7
PKT t=33102 TX ua=95 mt=P len=0
PKT t=33111 RX ua=95 mt=R len=7
PKT t=33116 TX ua=95 mt=T len=7
PKT t=33128 TX ua=95 mt=P len=0
PKT t=33148 RX ua=95 mt=R len=7
PKT t=33153 TX ua=95 mt=P len=0
PKT t=33162 RX ua=95 mt=R len=7
PKT t=33167 TX ua=95 mt=P len=0
PKT t=33176 RX ua=95 mt=R len=7
PKT t=33181 TX ua=95 mt=P len=0
PKT t=33190 RX ua=95 mt=R len=7
PKT t=33195 TX ua=95 mt=P len=0
PKT t=33205 RX ua=95 mt=R len=7
PKT t=33460 TX ua=96 mt=P len=0
PKT t=33718 TX ua=95 mt=P len=0
PKT t=33727 RX ua=95 mt=R len=7
PKT t=33732 TX ua=95 mt=T len=7
PKT t=33744 TX ua=95 mt=P len=0
PKT t=33753 RX ua=95 mt=R len=7
PKT t=33758 TX ua=95 mt=P len=0
PKT t=33767 RX ua=95 mt=R len=7
PKT t=33772 TX ua=95 mt=P len=0
PKT t=33781 RX ua=95 mt=R len=7
PKT t=33786 TX ua=95 mt=P len=0
PKT t=33795 RX ua=95 mt=R len=7
PKT t=33805 TX ua=95 mt=P len=0
PKT t=33814 RX ua=95 mt=R len=7
PKT t=33819 TX ua=95 mt=P len=0
PKT t=33848 RX ua=95 mt=R len=7
PKT t=33853 TX ua=95 mt=P len=0
PKT t=33862 RX ua=95 mt=R len=7
PKT t=33867 TX ua=95 mt=T len=7
PKT t=33879 TX ua=95 mt=P len=0
PKT t=33888 RX ua=95 mt=R len=7
PKT t=33893 TX ua=95 mt=P len=0
PKT t=33902 RX ua=95 mt=R len=7
PKT t=33907 TX ua=95 mt=P len=0
PKT t=33916 RX ua=95 mt=R len=7
PKT t=33921 TX ua=95 mt=P len=0
PKT t=33955 RX ua=95 mt=R len=7
PKT t=33960 TX ua=95 mt=P len=0
PKT t=33969 RX ua=95 mt=R len=7
PKT t=33974 TX ua=95 mt=P len=0
PKT t=33983 RX ua=95 mt=R len=7
PKT t=33988 TX ua=95 mt=P len=0
PKT t=33997 RX ua=95 mt=R len=7
PKT t=34002 TX ua=95 mt=P len=0
PKT t=34011 RX ua=95 mt=R len=7
PKT t=34016 TX ua=95 mt=P len=0
PKT t=34025 RX ua=95 mt=R len=7
PKT t=34030 TX ua=95 mt=P len=0
PKT t=34059 RX ua=95 mt=R len=7
PKT t=34064 TX ua=95 mt=P len=0
PKT t=34073 RX ua=95 mt=R len=7
PKT t=34078 TX ua=95 mt=P len=0
PKT t=34087 RX ua=95 mt=R len=7
PKT t=34092 TX ua=95 mt=P len=0
PKT t=34105 RX ua=95 mt=R len=7
PKT t=34110 TX ua=95 mt=T len=7
PKT t=34123 TX ua=95 mt=P len=0
PKT t=34132 RX ua=95 mt=R len=7
PKT t=34137 TX ua=95 mt=T len=7
PKT t=34150 TX ua=95 mt=P len=0
PKT t=34168 RX ua=95 mt=R len=7
PKT t=34173 TX ua=95 mt=P len=0
PKT t=34182 RX ua=95 mt=R len=7
PKT t=34187 TX ua=95 mt=P len=0
PKT t=34196 RX ua=95 mt=R len=7
PKT t=34201 TX ua=95 mt=P len=0
PKT t=34210 RX ua=95 mt=R len=7
PKT t=34215 TX ua=95 mt=P len=0
PKT t=34224 RX ua=95 mt=R len=7
PKT t=34229 TX ua=95 mt=P len=0
PKT t=34238 RX ua=95 mt=R len=7
PKT t=34243 TX ua=95 mt=P len=0
PKT t=34272 RX ua=95 mt=R len=7
PKT t=34277 TX ua=95 mt=P len=0
PKT t=34286 RX ua=95 mt=R len=7
PKT t=34291 TX ua=95 mt=P len=0
PKT t=34300 RX ua=95 mt=R len=7
PKT t=34305 TX ua=95 mt=P len=0
PKT t=34314 RX ua=95 mt=R len=7
PKT t=34319 TX ua=95 mt=P len=0
PKT t=34328 RX ua=95 mt=R len=7
PKT t=34333 TX ua=95 mt=P len=0
PKT t=34342 RX ua=95 mt=R len=7
PKT t=34347 TX ua=95 mt=P len=0
PKT t=34376 RX ua=95 mt=R len=7
PKT t=34381 TX ua=95 mt=T len=7
PKT t=34394 TX ua=95 mt=P len=0
PKT t=34405 RX ua=95 mt=R len=7
PKT t=34410 TX ua=95 mt=P len=0
PKT t=34419 RX ua=95 mt=R len=7
PKT t=34424 TX ua=95 mt=P len=0
PKT t=34433 RX ua=95 mt=R len=7
PKT t=34438 TX ua=95 mt=P len=0
PKT t=34447 RX ua=95 mt=R len=7
PKT t=34452 TX ua=95 mt=P len=0
PKT t=34481 RX ua=95 mt=R len=7
PKT t=34486 TX ua=95 mt=P len=0
PKT t=34495 RX ua=95 mt=R len=7
PKT t=34500 TX ua=95 mt=P len=0
PKT t=34509 RX ua=95 mt=R len=7
PKT t=34514 TX ua=95 mt=P len=0
PKT t=34523 RX ua=95 mt=R len=7
PKT t=34528 TX ua=95 mt=P len=0
PKT t=34537 RX ua=95 mt=R len=7
PKT t=34542 TX ua=95 mt=P len=0
PKT t=34555 RX ua=95 mt=R len=7
PKT t=34560 TX ua=95 mt=P len=0
PKT t=34585 RX ua=95 mt=R len=7
PKT t=34590 TX ua=95 mt=P len=0
PKT t=34599 RX ua=95 mt=R len=7
PKT t=34604 TX ua=95 mt=P len=0
PKT t=34613 RX ua=95 mt=R len=7
PKT t=34618 TX ua=95 mt=T len=7
PKT t=34631 TX ua=95 mt=P len=0
PKT t=34640 RX ua=95 mt=R len=7
PKT t=34645 TX ua=95 mt=P len=0
PKT t=34654 RX ua=95 mt=R len=7
PKT t=34659 TX ua=95 mt=P len=0
PKT t=34688 RX ua=95 mt=R len=7
PKT t=34693 TX ua=95 mt=P len=0
PKT t=34705 RX ua=95 mt=R len=7
PKT t=34710 TX ua=95 mt=P len=0
PKT t=34719 RX ua=95 mt=R len=7
PKT t=34724 TX ua=95 mt=P len=0
PKT t=34733 RX ua=95 mt=R len=7
PKT t=34738 TX ua=95 mt=P len=0
PKT t=34747 RX ua=95 mt=R len=7
PKT t=34752 TX ua=95 mt=P len=0
PKT t=34761 RX ua=95 mt=R len=7
PKT t=34766 TX ua=95 mt=P len=0
PKT t=34795 RX ua=95 mt=R len=7
PKT t=34800 TX ua=95 mt=P len=0
PKT t=34809 RX ua=95 mt=R len=7
PKT t=34814 TX ua=95 mt=P len=0
PKT t=34823 RX ua=95 mt=R len=7
PKT t=34828 TX ua=95 mt=P len=0
PKT t=34837 RX ua=95 mt=R len=7
PKT t=34842 TX ua=95 mt=P len=0
PKT t=34855 RX ua=95 mt=R len=7
PKT t=34860 TX ua=95 mt=T len=7
PKT t=34873 TX ua=95 mt=P len=0
PKT t=34900 RX ua=95 mt=R len=7
PKT t=34905 TX ua=95 mt=P len=0
PKT t=34914 RX ua=95 mt=R len=7
PKT t=34919 TX ua=95 mt=P len=0
PKT t=34928 RX ua=95 mt=R len=7
PKT t=34933 TX ua=95 mt=P len=0
PKT t=34942 RX ua=95 mt=R len=7
PKT t=34947 TX ua=95 mt=P len=0
PKT t=34956 RX ua=95 mt=R len=7
PKT t=34961 TX ua=95 mt=P len=0
PKT t=34970 RX ua=95 mt=R len=7
PKT t=34975 TX ua=95 mt=P len=0
PKT t=35005 RX ua=95 mt=R len=7
PKT t=35010 TX ua=95 mt=P len=0
PKT t=35019 RX ua=95 mt=R len=7
PKT t=35024 TX ua=95 mt=P len=0
PKT t=35033 RX ua=95 mt=R len=7
PKT t=35038 TX ua=95 mt=P len=0
PKT t=35047 RX ua=95 mt=R len=7
PKT t=35052 TX ua=95 mt=P len=0
PKT t=35061 RX ua=95 mt=R len=7
PKT t=35066 TX ua=95 mt=P len=0
PKT t=35075 RX ua=95 mt=R len=7
PKT t=35080 TX ua=95 mt=P len=0
PKT t=35109 RX ua=95 mt=R len=7
PKT t=35114 TX ua=95 mt=T len=7
PKT t=35126 TX ua=95 mt=P len=0
PKT t=35135 RX ua=95 mt=R len=7
PKT t=35140 TX ua=95 mt=P len=0
PKT t=35155 RX ua=95 mt=R len=7
PKT t=35160 TX ua=95 mt=P len=0
PKT t=35169 RX ua=95 mt=R len=7
PKT t=35174 TX ua=95 mt=P len=0
PKT t=35183 RX ua=95 mt=R len=7
PKT t=35188 TX ua=95 mt=P len=0
PKT t=35217 RX ua=95 mt=R len=7
PKT t=35222 TX ua=95 mt=P len=0
PKT t=35231 RX ua=95 mt=R len=7
PKT t=35236 TX ua=95 mt=P len=0
PKT t=35245 RX ua=95 mt=R len=7
PKT t=35250 TX ua=95 mt=P len=0
PKT t=35259 RX ua=95 mt=R len=7
PKT t=35264 TX ua=95 mt=P len=0
PKT t=35273 RX ua=95 mt=R len=7
PKT t=35278 TX ua=95 mt=P len=0
PKT t=35287 RX ua=95 mt=R len=7
PKT t=35292 TX ua=95 mt=P len=0
PKT t=35321 RX ua=95 mt=R len=7
PKT t=35326 TX ua=95 mt=P len=0
PKT t=35335 RX ua=95 mt=R len=7
PKT t=35340 TX ua=95 mt=P len=0
PKT t=35349 RX ua=95 mt=R len=7
PKT t=35354 TX ua=95 mt=P len=0
PKT t=35363 RX ua=95 mt=R len=7
PKT t=35368 TX ua=95 mt=T len=7
PKT t=35380 TX ua=95 mt=P len=0
PKT t=35390 RX ua=95 mt=R len=7
PKT t=35395 TX ua=95 mt=P len=0
PKT t=35424 RX ua=95 mt=R len=7
PKT t=35429 TX ua=95 mt=P len=0
PKT t=35439 RX ua=95 mt=R len=7
PKT t=35444 TX ua=95 mt=P len=0
PKT t=35455 RX ua=95 mt=R len=7
PKT t=35460 TX ua=95 mt=P len=0
PKT t=35470 RX ua=95 mt=R len=7
PKT t=35475 TX ua=95 mt=P len=0
PKT t=35485 RX ua=95 mt=R len=7
PKT t=35490 TX ua=95 mt=P len=0
PKT t=35523 RX ua=95 mt=R len=7
PKT t=35528 TX ua=95 mt=P len=0
PKT t=35538 RX ua=95 mt=R len=7
PKT t=35543 TX ua=95 mt=P len=0
PKT t=35553 RX ua=95 mt=R len=7
PKT t=35558 TX ua=95 mt=P len=0
PKT t=35568 RX ua=95 mt=R len=7
PKT t=35573 TX ua=95 mt=P len=0
PKT t=35583 RX ua=95 mt=R len=7
PKT t=35588 TX ua=95 mt=P len=0
PKT t=35605 RX ua=95 mt=R len=7
PKT t=35610 TX ua=95 mt=T len=7
PKT t=35622 TX ua=95 mt=P len=0
PKT t=35633 RX ua=95 mt=R len=7
PKT t=35638 TX ua=95 mt=P len=0
PKT t=35647 RX ua=95 mt=R len=7
PKT t=35652 TX ua=95 mt=P len=0
PKT t=35661 RX ua=95 mt=R len=7
PKT t=35666 TX ua=95 mt=P len=0
PKT t=35675 RX ua=95 mt=R len=7
PKT t=35680 TX ua=95 mt=P len=0
PKT t=35689 RX ua=95 mt=R len=7
PKT t=35694 TX ua=95 mt=P len=0
PKT t=35703 RX ua=95 mt=R len=7
PKT t=35708 TX ua=95 mt=P len=0
PKT t=35737 RX ua=95 mt=R len=7
PKT t=35742 TX ua=95 mt=P len=0
PKT t=35755 RX ua=95 mt=R len=7
PKT t=35760 TX ua=95 mt=P len=0
PKT t=35769 RX ua=95 mt=R len=7
PKT t=35774 TX ua=95 mt=P len=0
PKT t=35783 RX ua=95 mt=R len=7
PKT t=35788 TX ua=95 mt=P len=0
PKT t=35797 RX ua=95 mt=R len=7
PKT t=35802 TX ua=95 mt=P len=0
PKT t=35811 RX ua=95 mt=R len=7
PKT t=35816 TX ua=95 mt=P len=0
PKT t=35845 RX ua=95 mt=R len=7
PKT t=35850 TX ua=95 mt=P len=0
PKT t=35859 RX ua=95 mt=R len=7
PKT t=35864 TX ua=95 mt=T len=7
PKT t=35876 TX ua=95 mt=P len=0
PKT t=35885 RX ua=95 mt=R len=7
PKT t=35890 TX ua=95 mt=P len=0
PKT t=35905 RX ua=95 mt=R len=7
PKT t=35910 TX ua=95 mt=P len=0
PKT t=35919 RX ua=95 mt=R len=7
PKT t=35924 TX ua=95 mt=P len=0
PKT t=35953 RX ua=95 mt=R len=7
PKT t=35958 TX ua=95 mt=P len=0
PKT t=35967 RX ua=95 mt=R len=7
PKT t=35972 TX ua=95 mt=P len=0
PKT t=35981 RX ua=95 mt=R len=7
PKT t=35986 TX ua=95 mt=P len=0
PKT t=35995 RX ua=95 mt=R len=7
PKT t=36000 TX ua=95 mt=P len=0
PKT t=36009 RX ua=95 mt=R len=7
PKT t=36014 TX ua=95 mt=P len=0
PKT t=36026 RX ua=95 mt=R len=7
PKT t=36031 TX ua=95 mt=P len=0
PKT t=36057 RX ua=95 mt=R len=7
PKT t=36062 TX ua=95 mt=P len=0
PKT t=36071 RX ua=95 mt=R len=7
PKT t=36076 TX ua=95 mt=P len=0
PKT t=36085 RX ua=95 mt=R len=7
PKT t=36090 TX ua=95 mt=P len=0
PKT t=36099 RX ua=95 mt=R len=7
PKT t=36104 TX ua=95 mt=P len=0
PKT t=36113 RX ua=95 mt=R len=7
PKT t=36118 TX ua=95 mt=T len=7
PKT t=36130 TX ua=95 mt=P len=0
PKT t=36158 RX ua=95 mt=R len=7
PKT t=36163 TX ua=95 mt=P len=0
PKT t=36172 RX ua=95 mt=R len=7
PKT t=36177 TX ua=95 mt=P len=0
PKT t=36186 RX ua=95 mt=R len=7
PKT t=36191 TX ua=95 mt=P len=0
PKT t=36205 RX ua=95 mt=R len=7
PKT t=36210 TX ua=95 mt=P len=0
PKT t=36219 RX ua=95 mt=R len=7
PKT t=36224 TX ua=95 mt=P len=0
PKT t=36233 RX ua=95 mt=R len=7
PKT t=36238 TX ua=95 mt=P len=0
PKT t=36267 RX ua=95 mt=R len=7
PKT t=36272 TX ua=95 mt=P len=0
PKT t=36281 RX ua=95 mt=R len=7
PKT t=36286 TX ua=95 mt=P len=0
PKT t=36295 RX ua=95 mt=R len=7
PKT t=36300 TX ua=95 mt=P len=0
PKT t=36309 RX ua=95 mt=R len=7
PKT t=36314 TX ua=95 mt=P len=0
PKT t=36323 RX ua=95 mt=R len=7
PKT t=36328 TX ua=95 mt=P len=0
PKT t=36337 RX ua=95 mt=R len=7
PKT t=36342 TX ua=95 mt=P len=0
PKT t=36371 RX ua=95 mt=R len=7
PKT t=36376 TX ua=95 mt=T len=7
PKT t=36388 TX ua=95 mt=P len=0
PKT t=36397 RX ua=95 mt=R len=7
PKT t=36402 TX ua=95 mt=P len=0
PKT t=36411 RX ua=95 mt=R len=7
PKT t=36416 TX ua=95 mt=P len=0
PKT t=36425 RX ua=95 mt=R len=7
PKT t=36430 TX ua=95 mt=P len=0
PKT t=36439 RX ua=95 mt=R len=7
PKT t=36444 TX ua=95 mt=P len=0
PKT t=36473 RX ua=95 mt=R len=7
PKT t=36478 TX ua=95 mt=P len=0
PKT t=36487 RX ua=95 mt=R len=7
PKT t=36492 TX ua=95 mt=P len=0
PKT t=36505 RX ua=95 mt=R len=7
PKT t=36510 TX ua=95 mt=P len=0
PKT t=36519 RX ua=95 mt=R len=7
PKT t=36524 TX ua=95 mt=P len=0
PKT t=36533 RX ua=95 mt=R len=7
PKT t=36538 TX ua=95 mt=P len=0
PKT t=36547 RX ua=95 mt=R len=7
PKT t=36552 TX ua=95 mt=P len=0
PKT t=36581 RX ua=95 mt=R len=7
PKT t=36586 TX ua=95 mt=P len=0
PKT t=36595 RX ua=95 mt=R len=7
PKT t=36600 TX ua=95 mt=P len=0
PKT t=36609 RX ua=95 mt=R len=7
PKT t=36614 TX ua=95 mt=T len=7
PKT t=36626 TX ua=95 mt=P len=0
PKT t=36635 RX ua=95 mt=R len=7
PKT t=36640 TX ua=95 mt=P len=0
PKT t=36655 RX ua=95 mt=R len=7
PKT t=36660 TX ua=95 mt=P len=0
PKT t=36683 RX ua=95 mt=R len=7
PKT t=36688 TX ua=95 mt=P len=0
PKT t=36697 RX ua=95 mt=R len=7
PKT t=36702 TX ua=95 mt=P len=0
PKT t=36711 RX ua=95 mt=R len=7
PKT t=36716 TX ua=95 mt=P len=0
PKT t=36725 RX ua=95 mt=R len=7
PKT t=36730 TX ua=95 mt=P len=0
PKT t=36739 RX ua=95 mt=R len=7
PKT t=36744 TX ua=95 mt=P len=0
PKT t=36753 RX ua=95 mt=R len=7
PKT t=36758 TX ua=95 mt=P len=0
PKT t=36787 RX ua=95 mt=R len=7
PKT t=36792 TX ua=95 mt=P len=0
PKT t=36805 RX ua=95 mt=R len=7
PKT t=36810 TX ua=95 mt=P len=0
PKT t=36819 RX ua=95 mt=R len=7
PKT t=36824 TX ua=95 mt=P len=0
PKT t=36833 RX ua=95 mt=R len=7
PKT t=36838 TX ua=95 mt=P len=0
PKT t=36847 RX ua=95 mt=R len=7
PKT t=36852 TX ua=95 mt=P len=0
PKT t=36861 RX ua=95 mt=R len=7
PKT t=36866 TX ua=95 mt=T len=7
PKT t=36878 TX ua=95 mt=P len=0
PKT t=36897 RX ua=95 mt=R len=7
PKT t=36902 TX ua=95 mt=P len=0
PKT t=36911 RX ua=95 mt=R len=7
PKT t=36916 TX ua=95 mt=P len=0
PKT t=36925 RX ua=95 mt=R len=7
PKT t=36930 TX ua=95 mt=P len=0
PKT t=36939 RX ua=95 mt=R len=7
PKT t=36944 TX ua=95 mt=P len=0
PKT t=36955 RX ua=95 mt=R len=7
PKT t=36960 TX ua=95 mt=P len=0
PKT t=36969 RX ua=95 mt=R len=7
PKT t=36974 TX ua=95 mt=P len=0
PKT t=37003 RX ua=95 mt=R len=7
PKT t=37008 TX ua=95 mt=P len=0
PKT t=37017 RX ua=95 mt=R len=7
PKT t=37022 TX ua=95 mt=P len=0
PKT t=37031 RX ua=95 mt=R len=7
PKT t=37036 TX ua=95 mt=P len=0
PKT t=37045 RX ua=95 mt=R len=7
PKT t=37050 TX ua=95 mt=P len=0
PKT t=37059 RX ua=95 mt=R len=7
PKT t=37064 TX ua=95 mt=P len=0
PKT t=37073 RX ua=95 mt=R len=7
PKT t=37078 TX ua=95 mt=P len=0
PKT t=37107 RX ua=95 mt=R len=7
PKT t=37112 TX ua=95 mt=T len=7
PKT t=37125 TX ua=95 mt=P len=0
PKT t=37134 RX ua=95 mt=R len=7
PKT t=37139 TX ua=95 mt=P len=0
PKT t=37148 RX ua=95 mt=R len=7
PKT t=37153 TX ua=95 mt=P len=0
PKT t=37162 RX ua=95 mt=R len=7
PKT t=37167 TX ua=95 mt=P len=0
PKT t=37176 RX ua=95 mt=R len=7
PKT t=37181 TX ua=95 mt=P len=0
PKT t=37210 RX ua=95 mt=R len=7
PKT t=37215 TX ua=95 mt=P len=0
PKT t=37224 RX ua=95 mt=R len=7
PKT t=37229 TX ua=95 mt=P len=0
PKT t=37238 RX ua=95 mt=R len=7
PKT t=37243 TX ua=95 mt=P len=0
PKT t=37255 RX ua=95 mt=R len=7
PKT t=37260 TX ua=95 mt=P len=0
PKT t=37269 RX ua=95 mt=R len=7
PKT t=37274 TX ua=95 mt=P len=0
PKT t=37283 RX ua=95 mt=R len=7
PKT t=37288 TX ua=95 mt=P len=0
PKT t=37317 RX ua=95 mt=R len=7
PKT t=37322 TX ua=95 mt=P len=0
PKT t=37331 RX ua=95 mt=R len=7
PKT t=37336 TX ua=95 mt=P len=0
PKT t=37345 RX ua=95 mt=R len=7
PKT t=37350 TX ua=95 mt=P len=0
PKT t=37359 RX ua=95 mt=R len=7
PKT t=37364 TX ua=95 mt=T len=7
PKT t=37377 TX ua=95 mt=P len=0
PKT t=37387 RX ua=95 mt=R len=7
PKT t=37392 TX ua=95 mt=P len=0
PKT t=37421 RX ua=95 mt=R len=7
PKT t=37426 TX ua=95 mt=P len=0
PKT t=37436 RX ua=95 mt=R len=7
PKT t=37441 TX ua=95 mt=P len=0
PKT t=37451 RX ua=95 mt=R len=7
PKT t=37456 TX ua=95 mt=P len=0
PKT t=37466 RX ua=95 mt=R len=7
PKT t=37471 TX ua=95 mt=P len=0
PKT t=37481 RX ua=95 mt=R len=7
PKT t=37486 TX ua=95 mt=P len=0
PKT t=37496 RX ua=95 mt=R len=7
PKT t=37501 TX ua=95 mt=P len=0
PKT t=37530 RX ua=95 mt=R len=7
PKT t=37535 TX ua=95 mt=P len=0
PKT t=37545 RX ua=95 mt=R len=7
PKT t=37555 TX ua=95 mt=P len=0
PKT t=37565 RX ua=95 mt=R len=7
PKT t=37570 TX ua=95 mt=P len=0
PKT t=37580 RX ua=95 mt=R len=7
PKT t=37585 TX ua=95 mt=P len=0
PKT t=37595 RX ua=95 mt=R len=7
PKT t=37600 TX ua=95 mt=P len=0
PKT t=37629 RX ua=95 mt=R len=7
PKT t=37634 TX ua=95 mt=T len=7
PKT t=37647 TX ua=95 mt=P len=0
PKT t=37656 RX ua=95 mt=R len=7
PKT t=37661 TX ua=95 mt=P len=0
PKT t=37670 RX ua=95 mt=R len=7
PKT t=37675 TX ua=95 mt=P len=0
PKT t=37684 RX ua=95 mt=R len=7
