PKT t=7104 TX ua=95 mt=P len=0
PKT t=7113 RX ua=95 mt=R len=7
PKT t=7118 TX ua=95 mt=P len=0
PKT t=7147 RX ua=95 mt=R len=7
PKT t=7152 TX ua=95 mt=T len=7
PKT t=7164 TX ua=95 mt=P len=0
PKT t=7173 RX ua=95 mt=R len=7
PKT t=7178 TX ua=95 mt=P len=0
PKT t=7187 RX ua=95 mt=R len=7
PKT t=7192 TX ua=95 mt=P len=0
PKT t=7201 RX ua=95 mt=R len=7
PKT t=7206 TX ua=95 mt=P len=0
PKT t=7215 RX ua=95 mt=R len=7
PKT t=7220 TX ua=95 mt=P len=0
PKT t=7249 RX ua=95 mt=R len=7
PKT t=7254 TX ua=95 mt=P len=0
PKT t=7263 RX ua=95 mt=R len=7
PKT t=7268 TX ua=95 mt=P len=0
PKT t=7277 RX ua=95 mt=R len=7
PKT t=7282 TX ua=95 mt=P len=0
PKT t=7291 RX ua=95 mt=R len=7
PKT t=7296 TX ua=95 mt=P len=0
PKT t=7305 RX ua=95 mt=R len=7
PKT t=7310 TX ua=95 mt=P len=0
PKT t=7319 RX ua=95 mt=R len=7
PKT t=7324 TX ua=95 mt=P len=0
PKT t=7353 RX ua=95 mt=R len=7
PKT t=7358 TX ua=95 mt=P len=0
PKT t=7367 RX ua=95 mt=R len=7
PKT t=7372 TX ua=95 mt=T len=7
PKT t=7384 TX ua=95 mt=P len=0
PKT t=7394 RX ua=95 mt=R len=7
PKT t=7399 TX ua=95 mt=P len=0
PKT t=7409 RX ua=95 mt=R len=7
PKT t=7414 TX ua=95 mt=P len=0
PKT t=7424 RX ua=95 mt=R len=7
PKT t=7429 TX ua=95 mt=P len=0
PKT t=7458 RX ua=95 mt=R len=7
PKT t=7463 TX ua=95 mt=P len=0
PKT t=7473 RX ua=95 mt=R len=7
PKT t=7478 TX ua=95 mt=P len=0
PKT t=7488 RX ua=95 mt=R len=7
PKT t=7493 TX ua=95 mt=P len=0
PKT t=7503 RX ua=95 mt=R len=7
PKT t=7508 TX ua=95 mt=P len=0
PKT t=7518 RX ua=95 mt=R len=7
PKT t=7523 TX ua=95 mt=P len=0
PKT t=7557 RX ua=95 mt=R len=7
PKT t=7562 TX ua=95 mt=P len=0
PKT t=7572 RX ua=95 mt=R len=7
PKT t=7577 TX ua=95 mt=P len=0
PKT t=7587 RX ua=95 mt=R len=7
PKT t=7592 TX ua=95 mt=P len=0
PKT t=7602 RX ua=95 mt=R len=7
PKT t=7607 TX ua=95 mt=P len=0
PKT t=7617 RX ua=95 mt=R len=7
PKT t=7622 TX ua=95 mt=T len=7
PKT t=7634 TX ua=95 mt=P len=0
PKT t=7662 RX ua=95 mt=R len=7
PKT t=7667 TX ua=95 mt=P len=0
PKT t=7676 RX ua=95 mt=R len=7
PKT t=7681 TX ua=95 mt=P len=0
PKT t=7690 RX ua=95 mt=R len=7
PKT t=7695 TX ua=95 mt=P len=0
PKT t=7704 RX ua=95 mt=R len=7
PKT t=7709 TX ua=95 mt=P len=0
PKT t=7718 RX ua=95 mt=R len=7
PKT t=7723 TX ua=95 mt=P len=0
PKT t=7732 RX ua=95 mt=R len=7
PKT t=7737 TX ua=95 mt=P len=0
PKT t=7766 RX ua=95 mt=R len=7
PKT t=7771 TX ua=95 mt=P len=0
PKT t=7780 RX ua=95 mt=R len=7
PKT t=7785 TX ua=95 mt=P len=0
PKT t=7794 RX ua=95 mt=R len=7
PKT t=7799 TX ua=95 mt=P len=0
PKT t=7808 RX ua=95 mt=R len=7
PKT t=7813 TX ua=95 mt=P len=0
PKT t=7822 RX ua=95 mt=R len=7
PKT t=7827 TX ua=95 mt=P len=0
PKT t=7836 RX ua=95 mt=R len=7
PKT t=7841 TX ua=95 mt=P len=0
PKT t=7870 RX ua=95 mt=R len=7
PKT t=7875 TX ua=95 mt=T len=7
PKT t=7887 TX ua=95 mt=P len=0
PKT t=7896 RX ua=95 mt=R len=7
PKT t=7901 TX ua=95 mt=P len=0
PKT t=7910 RX ua=95 mt=R len=7
PKT t=7915 TX ua=95 mt=P len=0
PKT t=7924 RX ua=95 mt=R len=7
PKT t=7929 TX ua=95 mt=P len=0
PKT t=7938 RX ua=95 mt=R len=7
PKT t=7943 TX ua=95 mt=P len=0
PKT t=7972 RX ua=95 mt=R len=7
PKT t=7977 TX ua=95 mt=P len=0
PKT t=7986 RX ua=95 mt=R len=7
PKT t=7991 TX ua=95 mt=P len=0
PKT t=8000 RX ua=95 mt=R len=7
PKT t=8008 TX ua=95 mt=P len=0
PKT t=8017 RX ua=95 mt=R len=7
PKT t=8022 TX ua=95 mt=P len=0
PKT t=8031 RX ua=95 mt=R len=7
PKT t=8036 TX ua=95 mt=P len=0
PKT t=8045 RX ua=95 mt=R len=7
PKT t=8076 TX ua=95 mt=P len=0
PKT t=8085 RX ua=95 mt=R len=7
PKT t=8090 TX ua=95 mt=P len=0
PKT t=8099 RX ua=95 mt=R len=7
PKT t=8104 TX ua=95 mt=P len=0
PKT t=8113 RX ua=95 mt=R len=7
PKT t=8118 TX ua=95 mt=P len=0
PKT t=8127 RX ua=95 mt=R len=7
PKT t=8132 TX ua=95 mt=T len=7
PKT t=8144 TX ua=95 mt=P len=0
PKT t=8153 RX ua=95 mt=R len=7
PKT t=8158 TX ua=95 mt=P len=0
PKT t=8187 RX ua=95 mt=R len=7
PKT t=8192 TX ua=95 mt=P len=0
PKT t=8201 RX ua=95 mt=R len=7
PKT t=8206 TX ua=95 mt=P len=0
PKT t=8215 RX ua=95 mt=R len=7
PKT t=8220 TX ua=95 mt=P len=0
PKT t=8229 RX ua=95 mt=R len=7
PKT t=8234 TX ua=95 mt=P len=0
PKT t=8243 RX ua=95 mt=R len=7
PKT t=8248 TX ua=95 mt=P len=0
PKT t=8257 RX ua=95 mt=R len=7
PKT t=8262 TX ua=95 mt=P len=0
PKT t=8291 RX ua=95 mt=R len=7
PKT t=8296 TX ua=95 mt=P len=0
PKT t=8305 RX ua=95 mt=R len=7
PKT t=8310 TX ua=95 mt=P len=0
PKT t=8319 RX ua=95 mt=R len=7
PKT t=8324 TX ua=95 mt=P len=0
PKT t=8333 RX ua=95 mt=R len=7
PKT t=8338 TX ua=95 mt=P len=0
PKT t=8347 RX ua=95 mt=R len=7
PKT t=8352 TX ua=95 mt=P len=0
PKT t=8361 RX ua=95 mt=R len=7
PKT t=8366 TX ua=95 mt=P len=0
PKT t=8395 RX ua=95 mt=R len=7
PKT t=8400 TX ua=95 mt=T len=7
PKT t=8412 TX ua=95 mt=P len=0
PKT t=8421 RX ua=95 mt=R len=7
PKT t=8426 TX ua=95 mt=P len=0
PKT t=8435 RX ua=95 mt=R len=7
PKT t=8440 TX ua=95 mt=P len=0
PKT t=8449 RX ua=95 mt=R len=7
PKT t=8454 TX ua=95 mt=P len=0
PKT t=8463 RX ua=95 mt=R len=7
PKT t=8468 TX ua=95 mt=P len=0
PKT t=8497 RX ua=95 mt=R len=7
PKT t=8502 TX ua=95 mt=P len=0
PKT t=8511 RX ua=95 mt=R len=7
PKT t=8516 TX ua=95 mt=P len=0
PKT t=8525 RX ua=95 mt=R len=7
PKT t=8530 TX ua=95 mt=P len=0
PKT t=8539 RX ua=95 mt=R len=7
PKT t=8544 TX ua=95 mt=P len=0
PKT t=8553 RX ua=95 mt=R len=7
PKT t=8558 TX ua=95 mt=P len=0
PKT t=8567 RX ua=95 mt=R len=7
PKT t=8572 TX ua=95 mt=P len=0
PKT t=8601 RX ua=95 mt=R len=7
PKT t=8606 TX ua=95 mt=P len=0
PKT t=8615 RX ua=95 mt=R len=7
PKT t=8620 TX ua=95 mt=T len=7
PKT t=8632 TX ua=95 mt=P len=0
PKT t=8641 RX ua=95 mt=R len=7
PKT t=8646 TX ua=95 mt=P len=0
PKT t=8655 RX ua=95 mt=R len=7
PKT t=8660 TX ua=95 mt=P len=0
PKT t=8669 RX ua=95 mt=R len=7
PKT t=8674 TX ua=95 mt=P len=0
PKT t=8703 RX ua=95 mt=R len=7
PKT t=8708 TX ua=95 mt=P len=0
PKT t=8717 RX ua=95 mt=R len=7
PKT t=8722 TX ua=95 mt=P len=0
PKT t=8731 RX ua=95 mt=R len=7
PKT t=8736 TX ua=95 mt=P len=0
PKT t=8745 RX ua=95 mt=R len=7
PKT t=8750 TX ua=95 mt=P len=0
PKT t=8759 RX ua=95 mt=R len=7
PKT t=8764 TX ua=95 mt=P len=0
PKT t=8773 RX ua=95 mt=R len=7
PKT t=8778 TX ua=95 mt=P len=0
PKT t=8807 RX ua=95 mt=R len=7
PKT t=8812 TX ua=95 mt=P len=0
PKT t=8821 RX ua=95 mt=R len=7
PKT t=8826 TX ua=95 mt=P len=0
PKT t=8835 RX ua=95 mt=R len=7
PKT t=8840 TX ua=95 mt=P len=0
PKT t=8849 RX ua=95 mt=R len=7
PKT t=8854 TX ua=95 mt=P len=0
PKT t=8863 RX ua=95 mt=R len=7
PKT t=8868 TX ua=95 mt=P len=0
PKT t=8877 RX ua=95 mt=R len=7
PKT t=8882 TX ua=95 mt=T len=7
PKT t=8894 TX ua=95 mt=P len=0
PKT t=8913 RX ua=95 mt=R len=7
PKT t=8918 TX ua=95 mt=P len=0
PKT t=8927 RX ua=95 mt=R len=7
PKT t=8932 TX ua=95 mt=P len=0
PKT t=8941 RX ua=95 mt=R len=7
PKT t=8946 TX ua=95 mt=P len=0
PKT t=8955 RX ua=95 mt=R len=7
PKT t=8960 TX ua=95 mt=P len=0
PKT t=8969 RX ua=95 mt=R len=7
PKT t=8974 TX ua=95 mt=P len=0
PKT t=8983 RX ua=95 mt=R len=7
PKT t=8988 TX ua=95 mt=P len=0
PKT t=9018 RX ua=95 mt=R len=7
PKT t=9023 TX ua=95 mt=P len=0
PKT t=9032 RX ua=95 mt=R len=7
PKT t=9037 TX ua=95 mt=P len=0
PKT t=9046 RX ua=95 mt=R len=7
PKT t=9076 TX ua=95 mt=P len=0
PKT t=9085 RX ua=95 mt=R len=7
PKT t=9090 TX ua=95 mt=P len=0
PKT t=9119 RX ua=95 mt=R len=7
PKT t=9124 TX ua=95 mt=T len=7
PKT t=9136 TX ua=95 mt=P len=0
PKT t=9145 RX ua=95 mt=R len=7
PKT t=9150 TX ua=95 mt=P len=0
PKT t=9159 RX ua=95 mt=R len=7
PKT t=9164 TX ua=95 mt=P len=0
PKT t=9173 RX ua=95 mt=R len=7
PKT t=9178 TX ua=95 mt=P len=0
PKT t=9187 RX ua=95 mt=R len=7
PKT t=9192 TX ua=95 mt=P len=0
PKT t=9221 RX ua=95 mt=R len=7
PKT t=9226 TX ua=95 mt=P len=0
PKT t=9235 RX ua=95 mt=R len=7
PKT t=9240 TX ua=95 mt=P len=0
PKT t=9249 RX ua=95 mt=R len=7
PKT t=9254 TX ua=95 mt=P len=0
PKT t=9263 RX ua=95 mt=R len=7
PKT t=9268 TX ua=95 mt=P len=0
PKT t=9277 RX ua=95 mt=R len=7
PKT t=9282 TX ua=95 mt=P len=0
PKT t=9291 RX ua=95 mt=R len=7
PKT t=9296 TX ua=95 mt=P len=0
PKT t=9325 RX ua=95 mt=R len=7
PKT t=9330 TX ua=95 mt=P len=0
PKT t=9339 RX ua=95 mt=R len=7
PKT t=9344 TX ua=95 mt=P len=0
PKT t=9353 RX ua=95 mt=R len=7
PKT t=9358 TX ua=95 mt=P len=0
PKT t=9367 RX ua=95 mt=R len=7
PKT t=9372 TX ua=95 mt=T len=7
PKT t=9384 TX ua=95 mt=P len=0
PKT t=9394 RX ua=95 mt=R len=7
PKT t=9399 TX ua=95 mt=P len=0
PKT t=9428 RX ua=95 mt=R len=7
PKT t=9433 TX ua=95 mt=P len=0
PKT t=9443 RX ua=95 mt=R len=7
PKT t=9448 TX ua=95 mt=P len=0
PKT t=9458 RX ua=95 mt=R len=7
PKT t=9463 TX ua=95 mt=P len=0
PKT t=9473 RX ua=95 mt=R len=7
PKT t=9478 TX ua=95 mt=P len=0
PKT t=9488 RX ua=95 mt=R len=7
PKT t=9493 TX ua=95 mt=P len=0
PKT t=9527 RX ua=95 mt=R len=7
PKT t=9532 TX ua=95 mt=P len=0
PKT t=9542 RX ua=95 mt=R len=7
PKT t=9547 TX ua=95 mt=P len=0
PKT t=9557 RX ua=95 mt=R len=7
PKT t=9562 TX ua=95 mt=P len=0
PKT t=9572 RX ua=95 mt=R len=7
PKT t=9577 TX ua=95 mt=P len=0
PKT t=9587 RX ua=95 mt=R len=7
PKT t=9592 TX ua=95 mt=P len=0
PKT t=9602 RX ua=95 mt=R len=7
PKT t=9607 TX ua=95 mt=P len=0
PKT t=9636 RX ua=95 mt=R len=7
PKT t=9641 TX ua=95 mt=T len=7
PKT t=9653 TX ua=95 mt=P len=0
PKT t=9662 RX ua=95 mt=R len=7
PKT t=9667 TX ua=95 mt=P len=0
PKT t=9676 RX ua=95 mt=R len=7
PKT t=9681 TX ua=95 mt=P len=0
PKT t=9690 RX ua=95 mt=R len=7
PKT t=9695 TX ua=95 mt=P len=0
PKT t=9704 RX ua=95 mt=R len=7
PKT t=9709 TX ua=95 mt=P len=0
PKT t=9738 RX ua=95 mt=R len=7
PKT t=9743 TX ua=95 mt=P len=0
PKT t=9752 RX ua=95 mt=R len=7
PKT t=9757 TX ua=95 mt=P len=0
PKT t=9766 RX ua=95 mt=R len=7
PKT t=9771 TX ua=95 mt=P len=0
PKT t=9780 RX ua=95 mt=R len=7
PKT t=9785 TX ua=95 mt=P len=0
PKT t=9794 RX ua=95 mt=R len=7
PKT t=9799 TX ua=95 mt=P len=0
PKT t=9808 RX ua=95 mt=R len=7
PKT t=9813 TX ua=95 mt=P len=0
PKT t=9842 RX ua=95 mt=R len=7
PKT t=9847 TX ua=95 mt=P len=0
PKT t=9856 RX ua=95 mt=R len=7
PKT t=9861 TX ua=95 mt=P len=0
PKT t=9870 RX ua=95 mt=R len=7
PKT t=9875 TX ua=95 mt=T len=7
PKT t=9887 TX ua=95 mt=P len=0
PKT t=9896 RX ua=95 mt=R len=7
PKT t=9901 TX ua=95 mt=P len=0
PKT t=9910 RX ua=95 mt=R len=7
PKT t=9915 TX ua=95 mt=P len=0
PKT t=9944 RX ua=95 mt=R len=7
PKT t=9949 TX ua=95 mt=P len=0
PKT t=9958 RX ua=95 mt=R len=7
PKT t=9963 TX ua=95 mt=P len=0
PKT t=9972 RX ua=95 mt=R len=7
PKT t=9977 TX ua=95 mt=P len=0
PKT t=9986 RX ua=95 mt=R len=7
PKT t=9991 TX ua=95 mt=P len=0
PKT t=10000 RX ua=95 mt=R len=7
PKT t=10009 TX ua=95 mt=P len=0
PKT t=10018 RX ua=95 mt=R len=7
PKT t=10023 TX ua=95 mt=P len=0
PKT t=10076 RX ua=95 mt=R len=7
PKT t=10081 TX ua=95 mt=P len=0
PKT t=10090 RX ua=95 mt=R len=7
PKT t=10095 TX ua=95 mt=P len=0
PKT t=10104 RX ua=95 mt=R len=7
PKT t=10109 TX ua=95 mt=P len=0
PKT t=10118 RX ua=95 mt=R len=7
PKT t=10123 TX ua=95 mt=T len=7
PKT t=10136 TX ua=95 mt=P len=0
PKT t=10154 RX ua=95 mt=R len=7
PKT t=10159 TX ua=95 mt=T len=7
PKT t=10172 TX ua=96 mt=P len=0
PKT t=10430 TX ua=95 mt=P len=0
PKT t=10452 RX ua=95 mt=R len=7
PKT t=10456 TX ua=95 mt=T len=7
PKT t=10469 TX ua=95 mt=P len=0
PKT t=10478 RX ua=95 mt=R len=7
PKT t=10483 TX ua=95 mt=P len=0
PKT t=10492 RX ua=95 mt=R len=7
PKT t=10497 TX ua=95 mt=P len=0
PKT t=10506 RX ua=95 mt=R len=7
PKT t=10511 TX ua=95 mt=P len=0
PKT t=10520 RX ua=95 mt=R len=7
PKT t=10525 TX ua=95 mt=P len=0
PKT t=10554 RX ua=95 mt=R len=7
PKT t=10559 TX ua=95 mt=P len=0
PKT t=10568 RX ua=95 mt=R len=7
PKT t=10573 TX ua=95 mt=P len=0
PKT t=10582 RX ua=95 mt=R len=7
PKT t=10587 TX ua=95 mt=P len=0
PKT t=10596 RX ua=95 mt=R len=7
PKT t=10601 TX ua=95 mt=P len=0
PKT t=10610 RX ua=95 mt=R len=7
PKT t=10615 TX ua=95 mt=P len=0
PKT t=10624 RX ua=95 mt=R len=7
PKT t=10629 TX ua=95 mt=T len=7
PKT t=10642 TX ua=95 mt=P len=0
PKT t=10660 RX ua=95 mt=R len=7
PKT t=10665 TX ua=95 mt=P len=0
PKT t=10674 RX ua=95 mt=R len=7
PKT t=10679 TX ua=95 mt=P len=0
PKT t=10688 RX ua=95 mt=R len=7
PKT t=10693 TX ua=95 mt=P len=0
PKT t=10702 RX ua=95 mt=R len=7
PKT t=10707 TX ua=95 mt=P len=0
PKT t=10716 RX ua=95 mt=R len=7
PKT t=10721 TX ua=95 mt=P len=0
PKT t=10730 RX ua=95 mt=R len=7
PKT t=10735 TX ua=95 mt=P len=0
PKT t=10764 RX ua=95 mt=R len=7
PKT t=10769 TX ua=95 mt=P len=0
PKT t=10778 RX ua=95 mt=R len=7
PKT t=10783 TX ua=95 mt=P len=0
PKT t=10792 RX ua=95 mt=R len=7
PKT t=10797 TX ua=95 mt=P len=0
PKT t=10806 RX ua=95 mt=R len=7
PKT t=10811 TX ua=95 mt=P len=0
PKT t=10820 RX ua=95 mt=R len=7
PKT t=10825 TX ua=95 mt=P len=0
PKT t=10834 RX ua=95 mt=R len=7
PKT t=10839 TX ua=95 mt=P len=0
PKT t=10868 RX ua=95 mt=R len=7
PKT t=10873 TX ua=95 mt=T len=7
PKT t=10886 TX ua=95 mt=P len=0
PKT t=10895 RX ua=95 mt=R len=7
PKT t=10900 TX ua=95 mt=P len=0
PKT t=10909 RX ua=95 mt=R len=7
PKT t=10914 TX ua=95 mt=P len=0
PKT t=10923 RX ua=95 mt=R len=7
PKT t=10928 TX ua=95 mt=P len=0
PKT t=10937 RX ua=95 mt=R len=7
PKT t=10942 TX ua=95 mt=P len=0
PKT t=10971 RX ua=95 mt=R len=7
PKT t=10976 TX ua=95 mt=P len=0
PKT t=10985 RX ua=95 mt=R len=7
PKT t=10990 TX ua=95 mt=P len=0
PKT t=10999 RX ua=95 mt=R len=7
PKT t=11004 TX ua=95 mt=P len=0
PKT t=11013 RX ua=95 mt=R len=7
PKT t=11018 TX ua=95 mt=P len=0
PKT t=11027 RX ua=95 mt=R len=7
PKT t=11032 TX ua=95 mt=P len=0
PKT t=11041 RX ua=95 mt=R len=7
PKT t=11046 TX ua=95 mt=P len=0
PKT t=11076 RX ua=95 mt=R len=7
PKT t=11331 TX ua=96 mt=I len=13
PKT t=11839 TX ua=96 mt=T len=4
PKT t=11850 TX ua=95 mt=P len=0
PKT t=11859 RX ua=95 mt=R len=7
PKT t=11864 TX ua=95 mt=T len=7
PKT t=11876 TX ua=95 mt=P len=0
PKT t=11885 RX ua=95 mt=R len=7
PKT t=11890 TX ua=95 mt=P len=0
PKT t=11899 RX ua=95 mt=R len=7
PKT t=11904 TX ua=95 mt=P len=0
PKT t=11913 RX ua=95 mt=R len=7
PKT t=11918 TX ua=95 mt=P len=0
PKT t=11927 RX ua=95 mt=R len=7
PKT t=11932 TX ua=95 mt=P len=0
PKT t=11941 RX ua=95 mt=R len=7
PKT t=11946 TX ua=95 mt=P len=0
PKT t=11976 RX ua=95 mt=R len=7
PKT t=11981 TX ua=95 mt=P len=0
PKT t=11990 RX ua=95 mt=R len=7
PKT t=11995 TX ua=95 mt=P len=0
PKT t=12004 RX ua=95 mt=R len=7
PKT t=12010 TX ua=95 mt=P len=0
PKT t=12019 RX ua=95 mt=R len=7
PKT t=12024 TX ua=95 mt=P len=0
PKT t=12033 RX ua=95 mt=R len=7
PKT t=12038 TX ua=95 mt=P len=0
PKT t=12076 RX ua=95 mt=R len=7
PKT t=12081 TX ua=95 mt=P len=0
PKT t=12090 RX ua=95 mt=R len=7
PKT t=12095 TX ua=95 mt=P len=0
PKT t=12104 RX ua=95 mt=R len=7
PKT t=12109 TX ua=95 mt=P len=0
PKT t=12118 RX ua=95 mt=R len=7
PKT t=12123 TX ua=95 mt=T len=7
PKT t=12135 TX ua=95 mt=P len=0
PKT t=12144 RX ua=95 mt=R len=7
PKT t=12149 TX ua=95 mt=P len=0
PKT t=12181 RX ua=95 mt=R len=7
PKT t=12186 TX ua=95 mt=P len=0
PKT t=12195 RX ua=95 mt=R len=7
PKT t=12200 TX ua=95 mt=P len=0
PKT t=12209 RX ua=95 mt=R len=7
PKT t=12214 TX ua=95 mt=P len=0
PKT t=12223 RX ua=95 mt=R len=7
PKT t=12228 TX ua=95 mt=P len=0
PKT t=12237 RX ua=95 mt=R len=7
PKT t=12242 TX ua=95 mt=P len=0
PKT t=12251 RX ua=95 mt=R len=7
PKT t=12256 TX ua=95 mt=P len=0
PKT t=12285 RX ua=95 mt=R len=7
PKT t=12290 TX ua=95 mt=P len=0
PKT t=12299 RX ua=95 mt=R len=7
PKT t=12304 TX ua=95 mt=P len=0
PKT t=12313 RX ua=95 mt=R len=7
PKT t=12318 TX ua=95 mt=P len=0
PKT t=12327 RX ua=95 mt=R len=7
PKT t=12332 TX ua=95 mt=P len=0
PKT t=12341 RX ua=95 mt=R len=7
PKT t=12346 TX ua=95 mt=P len=0
PKT t=12355 RX ua=95 mt=R len=7
PKT t=12360 TX ua=95 mt=P len=0
PKT t=12389 RX ua=95 mt=R len=7
PKT t=12394 TX ua=95 mt=T len=7
PKT t=12406 TX ua=95 mt=P len=0
PKT t=12415 RX ua=95 mt=R len=7
PKT t=12420 TX ua=95 mt=P len=0
PKT t=12429 RX ua=95 mt=R len=7
PKT t=12434 TX ua=95 mt=P len=0
PKT t=12443 RX ua=95 mt=R len=7
PKT t=12448 TX ua=95 mt=P len=0
PKT t=12458 RX ua=95 mt=R len=7
PKT t=12463 TX ua=95 mt=P len=0
PKT t=12492 RX ua=95 mt=R len=7
PKT t=12497 TX ua=95 mt=P len=0
PKT t=12506 RX ua=95 mt=R len=7
PKT t=12511 TX ua=95 mt=P len=0
PKT t=12520 RX ua=95 mt=R len=7
PKT t=12525 TX ua=95 mt=P len=0
PKT t=12534 RX ua=95 mt=R len=7
PKT t=12539 TX ua=95 mt=P len=0
PKT t=12548 RX ua=95 mt=R len=7
PKT t=12553 TX ua=95 mt=P len=0
PKT t=12562 RX ua=95 mt=R len=7
PKT t=12567 TX ua=95 mt=P len=0
PKT t=12596 RX ua=95 mt=R len=7
PKT t=12601 TX ua=95 mt=P len=0
PKT t=12610 RX ua=95 mt=R len=7
PKT t=12615 TX ua=95 mt=P len=0
PKT t=12624 RX ua=95 mt=R len=7
PKT t=12629 TX ua=95 mt=T len=7
PKT t=12641 TX ua=95 mt=P len=0
PKT t=12651 RX ua=95 mt=R len=7
PKT t=12655 TX ua=95 mt=P len=0
PKT t=12664 RX ua=95 mt=R len=7
PKT t=12669 TX ua=95 mt=P len=0
PKT t=12698 RX ua=95 mt=R len=7
PKT t=12703 TX ua=95 mt=P len=0
PKT t=12712 RX ua=95 mt=R len=7
PKT t=12717 TX ua=95 mt=P len=0
PKT t=12726 RX ua=95 mt=R len=7
PKT t=12731 TX ua=95 mt=P len=0
PKT t=12740 RX ua=95 mt=R len=7
PKT t=12745 TX ua=95 mt=P len=0
PKT t=12754 RX ua=95 mt=R len=7
PKT t=12759 TX ua=95 mt=P len=0
PKT t=12768 RX ua=95 mt=R len=7
PKT t=12773 TX ua=95 mt=P len=0
PKT t=12802 RX ua=95 mt=R len=7
PKT t=12807 TX ua=95 mt=P len=0
PKT t=12816 RX ua=95 mt=R len=7
PKT t=12821 TX ua=95 mt=P len=0
PKT t=12830 RX ua=95 mt=R len=7
PKT t=12835 TX ua=95 mt=P len=0
PKT t=12844 RX ua=95 mt=R len=7
PKT t=12849 TX ua=95 mt=P len=0
PKT t=12858 RX ua=95 mt=R len=7
PKT t=12863 TX ua=95 mt=P len=0
PKT t=12872 RX ua=95 mt=R len=7
PKT t=12877 TX ua=95 mt=T len=7
PKT t=12889 TX ua=95 mt=P len=0
PKT t=12908 RX ua=95 mt=R len=7
PKT t=12913 TX ua=95 mt=P len=0
PKT t=12922 RX ua=95 mt=R len=7
PKT t=12927 TX ua=95 mt=P len=0
PKT t=12936 RX ua=95 mt=R len=7
PKT t=12941 TX ua=95 mt=P len=0
PKT t=12950 RX ua=95 mt=R len=7
PKT t=12955 TX ua=95 mt=P len=0
PKT t=12964 RX ua=95 mt=R len=7
PKT t=12969 TX ua=95 mt=P len=0
PKT t=12978 RX ua=95 mt=R len=7
PKT t=12983 TX ua=95 mt=P len=0
PKT t=13012 RX ua=95 mt=R len=7
PKT t=13017 TX ua=95 mt=P len=0
PKT t=13026 RX ua=95 mt=R len=7
PKT t=13031 TX ua=95 mt=P len=0
PKT t=13040 RX ua=95 mt=R len=7
PKT t=13045 TX ua=95 mt=P len=0
PKT t=13076 RX ua=95 mt=R len=7
PKT t=13331 TX ua=96 mt=P len=0
PKT t=13589 TX ua=95 mt=P len=0
PKT t=13598 RX ua=95 mt=R len=7
PKT t=13603 TX ua=95 mt=T len=7
PKT t=13616 TX ua=95 mt=P len=0
PKT t=13626 RX ua=95 mt=R len=7
PKT t=13631 TX ua=95 mt=T len=7
PKT t=13644 TX ua=95 mt=P len=0
PKT t=13653 RX ua=95 mt=R len=7
PKT t=13658 TX ua=95 mt=P len=0
PKT t=13668 RX ua=95 mt=R len=7
PKT t=13673 TX ua=95 mt=P len=0
PKT t=13682 RX ua=95 mt=R len=7
PKT t=13687 TX ua=95 mt=P len=0
PKT t=13716 RX ua=95 mt=R len=7
PKT t=13721 TX ua=95 mt=P len=0
PKT t=13730 RX ua=95 mt=R len=7
PKT t=13735 TX ua=95 mt=P len=0
PKT t=13744 RX ua=95 mt=R len=7
PKT t=13749 TX ua=95 mt=P len=0
PKT t=13758 RX ua=95 mt=R len=7
PKT t=13763 TX ua=95 mt=P len=0
PKT t=13772 RX ua=95 mt=R len=7
PKT t=13777 TX ua=95 mt=P len=0
PKT t=13786 RX ua=95 mt=R len=7
PKT t=13791 TX ua=95 mt=P len=0
PKT t=13820 RX ua=95 mt=R len=7
PKT t=13825 TX ua=95 mt=P len=0
PKT t=13834 RX ua=95 mt=R len=7
PKT t=13839 TX ua=95 mt=P len=0
PKT t=13848 RX ua=95 mt=R len=7
PKT t=13853 TX ua=95 mt=P len=0
PKT t=13862 RX ua=95 mt=R len=7
PKT t=13867 TX ua=95 mt=P len=0
PKT t=13876 RX ua=95 mt=R len=7
PKT t=13881 TX ua=95 mt=T len=7
PKT t=13894 TX ua=95 mt=P len=0
PKT t=13921 RX ua=95 mt=R len=7
PKT t=13926 TX ua=95 mt=P len=0
PKT t=13935 RX ua=95 mt=R len=7
PKT t=13940 TX ua=95 mt=P len=0
PKT t=13949 RX ua=95 mt=R len=7
PKT t=13954 TX ua=95 mt=P len=0
PKT t=13963 RX ua=95 mt=R len=7
PKT t=13968 TX ua=95 mt=P len=0
PKT t=13977 RX ua=95 mt=R len=7
PKT t=13982 TX ua=95 mt=P len=0
PKT t=13991 RX ua=95 mt=R len=7
PKT t=13996 TX ua=95 mt=P len=0
PKT t=14025 RX ua=95 mt=R len=7
PKT t=14030 TX ua=95 mt=P len=0
PKT t=14039 RX ua=95 mt=R len=7
PKT t=14044 TX ua=95 mt=P len=0
PKT t=14076 RX ua=95 mt=R len=7
PKT t=14081 TX ua=95 mt=P len=0
PKT t=14090 RX ua=95 mt=R len=7
PKT t=14095 TX ua=95 mt=P len=0
PKT t=14125 RX ua=95 mt=R len=7
PKT t=14130 TX ua=95 mt=T len=7
PKT t=14142 TX ua=95 mt=P len=0
PKT t=14151 RX ua=95 mt=R len=7
PKT t=14156 TX ua=95 mt=P len=0
PKT t=14165 RX ua=95 mt=R len=7
PKT t=14170 TX ua=95 mt=P len=0
PKT t=14179 RX ua=95 mt=R len=7
PKT t=14184 TX ua=95 mt=P len=0
PKT t=14193 RX ua=95 mt=R len=7
PKT t=14198 TX ua=95 mt=P len=0
PKT t=14228 RX ua=95 mt=R len=7
PKT t=14232 TX ua=95 mt=P len=0
PKT t=14241 RX ua=95 mt=R len=7
PKT t=14246 TX ua=95 mt=P len=0
PKT t=14255 RX ua=95 mt=R len=7
PKT t=14260 TX ua=95 mt=P len=0
PKT t=14269 RX ua=95 mt=R len=7
PKT t=14274 TX ua=95 mt=P len=0
PKT t=14283 RX ua=95 mt=R len=7
PKT t=14288 TX ua=95 mt=P len=0
PKT t=14297 RX ua=95 mt=R len=7
PKT t=14302 TX ua=95 mt=P len=0
PKT t=14331 RX ua=95 mt=R len=7
PKT t=14336 TX ua=95 mt=P len=0
PKT t=14345 RX ua=95 mt=R len=7
PKT t=14350 TX ua=95 mt=P len=0
PKT t=14359 RX ua=95 mt=R len=7
PKT t=14364 TX ua=95 mt=P len=0
PKT t=14373 RX ua=95 mt=R len=7
PKT t=14378 TX ua=95 mt=T len=7
PKT t=14390 TX ua=95 mt=P len=0
PKT t=14399 RX ua=95 mt=R len=7
PKT t=14404 TX ua=95 mt=P len=0
PKT t=14433 RX ua=95 mt=R len=7
PKT t=14438 TX ua=95 mt=P len=0
PKT t=14447 RX ua=95 mt=R len=7
PKT t=14452 TX ua=95 mt=P len=0
PKT t=14461 RX ua=95 mt=R len=7
PKT t=14466 TX ua=95 mt=P len=0
PKT t=14475 RX ua=95 mt=R len=7
PKT t=14480 TX ua=95 mt=P len=0
PKT t=14489 RX ua=95 mt=R len=7
PKT t=14494 TX ua=95 mt=P len=0
PKT t=14503 RX ua=95 mt=R len=7
PKT t=14508 TX ua=95 mt=P len=0
PKT t=14537 RX ua=95 mt=R len=7
PKT t=14542 TX ua=95 mt=P len=0
PKT t=14551 RX ua=95 mt=R len=7
PKT t=14556 TX ua=95 mt=P len=0
PKT t=14567 RX ua=95 mt=R len=7
PKT t=14572 TX ua=95 mt=P len=0
PKT t=14581 RX ua=95 mt=R len=7
PKT t=14586 TX ua=95 mt=P len=0
PKT t=14595 RX ua=95 mt=R len=7
PKT t=14600 TX ua=95 mt=P len=0
PKT t=14609 RX ua=95 mt=R len=7
PKT t=14614 TX ua=95 mt=P len=0
PKT t=14643 RX ua=95 mt=R len=7
PKT t=14648 TX ua=95 mt=T len=7
PKT t=14660 TX ua=95 mt=P len=0
PKT t=14669 RX ua=95 mt=R len=7
PKT t=14674 TX ua=95 mt=P len=0
PKT t=14683 RX ua=95 mt=R len=7
PKT t=14688 TX ua=95 mt=P len=0
PKT t=14697 RX ua=95 mt=R len=7
PKT t=14702 TX ua=95 mt=P len=0
PKT t=14711 RX ua=95 mt=R len=7
PKT t=14716 TX ua=95 mt=P len=0
PKT t=14745 RX ua=95 mt=R len=7
PKT t=14750 TX ua=95 mt=P len=0
PKT t=14759 RX ua=95 mt=R len=7
PKT t=14764 TX ua=95 mt=P len=0
PKT t=14773 RX ua=95 mt=R len=7
PKT t=14778 TX ua=95 mt=P len=0
PKT t=14787 RX ua=95 mt=R len=7
PKT t=14792 TX ua=95 mt=P len=0
PKT t=14801 RX ua=95 mt=R len=7
PKT t=14806 TX ua=95 mt=P len=0
PKT t=14816 RX ua=95 mt=R len=7
PKT t=14821 TX ua=95 mt=P len=0
PKT t=14850 RX ua=95 mt=R len=7
PKT t=14855 TX ua=95 mt=P len=0
PKT t=14864 RX ua=95 mt=R len=7
PKT t=14869 TX ua=95 mt=T len=7
PKT t=14881 TX ua=95 mt=P len=0
PKT t=14890 RX ua=95 mt=R len=7
PKT t=14895 TX ua=95 mt=P len=0
PKT t=14904 RX ua=95 mt=R len=7
PKT t=14909 TX ua=95 mt=P len=0
PKT t=14918 RX ua=95 mt=R len=7
PKT t=14923 TX ua=95 mt=P len=0
PKT t=14952 RX ua=95 mt=R len=7
PKT t=14957 TX ua=95 mt=P len=0
PKT t=14966 RX ua=95 mt=R len=7
PKT t=14971 TX ua=95 mt=P len=0
PKT t=14980 RX ua=95 mt=R len=7
PKT t=14985 TX ua=95 mt=P len=0
PKT t=14994 RX ua=95 mt=R len=7
PKT t=14999 TX ua=95 mt=P len=0
PKT t=15008 RX ua=95 mt=R len=7
PKT t=15013 TX ua=95 mt=P len=0
PKT t=15022 RX ua=95 mt=R len=7
PKT t=15027 TX ua=95 mt=P len=0
PKT t=15076 RX ua=95 mt=R len=7
PKT t=15081 TX ua=95 mt=P len=0
PKT t=15090 RX ua=95 mt=R len=7
PKT t=15095 TX ua=95 mt=P len=0
PKT t=15104 RX ua=95 mt=R len=7
PKT t=15109 TX ua=95 mt=P len=0
PKT t=15118 RX ua=95 mt=R len=7
PKT t=15123 TX ua=95 mt=T len=7
PKT t=15135 TX ua=95 mt=P len=0
PKT t=15157 RX ua=95 mt=R len=7
PKT t=15162 TX ua=95 mt=P len=0
PKT t=15171 RX ua=95 mt=R len=7
PKT t=15176 TX ua=95 mt=P len=0
PKT t=15185 RX ua=95 mt=R len=7
PKT t=15190 TX ua=95 mt=P len=0
PKT t=15199 RX ua=95 mt=R len=7
PKT t=15204 TX ua=95 mt=P len=0
PKT t=15213 RX ua=95 mt=R len=7
PKT t=15218 TX ua=95 mt=P len=0
PKT t=15227 RX ua=95 mt=R len=7
PKT t=15232 TX ua=95 mt=P len=0
PKT t=15261 RX ua=95 mt=R len=7
PKT t=15266 TX ua=95 mt=P len=0
PKT t=15275 RX ua=95 mt=R len=7
PKT t=15280 TX ua=95 mt=P len=0
PKT t=15289 RX ua=95 mt=R len=7
PKT t=15294 TX ua=95 mt=P len=0
PKT t=15303 RX ua=95 mt=R len=7
PKT t=15308 TX ua=95 mt=P len=0
PKT t=15317 RX ua=95 mt=R len=7
PKT t=15322 TX ua=95 mt=P len=0
PKT t=15331 RX ua=95 mt=R len=7
PKT t=15336 TX ua=95 mt=P len=0
PKT t=15365 RX ua=95 mt=R len=7
PKT t=15370 TX ua=95 mt=T len=7
PKT t=15382 TX ua=95 mt=P len=0
PKT t=15392 RX ua=95 mt=R len=7
PKT t=15397 TX ua=95 mt=P len=0
PKT t=15407 RX ua=95 mt=R len=7
PKT t=15412 TX ua=95 mt=P len=0
PKT t=15422 RX ua=95 mt=R len=7
PKT t=15427 TX ua=95 mt=P len=0
PKT t=15437 RX ua=95 mt=R len=7
PKT t=15442 TX ua=95 mt=P len=0
PKT t=15471 RX ua=95 mt=R len=7
PKT t=15476 TX ua=95 mt=P len=0
PKT t=15486 RX ua=95 mt=R len=7
PKT t=15491 TX ua=95 mt=P len=0
PKT t=15501 RX ua=95 mt=R len=7
PKT t=15506 TX ua=95 mt=P len=0
PKT t=15516 RX ua=95 mt=R len=7
PKT t=15521 TX ua=95 mt=P len=0
PKT t=15531 RX ua=95 mt=R len=7
PKT t=15536 TX ua=95 mt=P len=0
PKT t=15546 RX ua=95 mt=R len=7
PKT t=15551 TX ua=95 mt=P len=0
PKT t=15580 RX ua=95 mt=R len=7
PKT t=15585 TX ua=95 mt=P len=0
PKT t=15595 RX ua=95 mt=R len=7
PKT t=15600 TX ua=95 mt=P len=0
PKT t=15610 RX ua=95 mt=R len=7
PKT t=15615 TX ua=95 mt=P len=0
PKT t=15625 RX ua=95 mt=R len=7
PKT t=15630 TX ua=95 mt=T len=7
PKT t=15642 TX ua=95 mt=P len=0
PKT t=15651 RX ua=95 mt=R len=7
PKT t=15656 TX ua=95 mt=P len=0
PKT t=15685 RX ua=95 mt=R len=7
PKT t=15690 TX ua=95 mt=P len=0
PKT t=15699 RX ua=95 mt=R len=7
PKT t=15704 TX ua=95 mt=P len=0
PKT t=15714 RX ua=95 mt=R len=7
PKT t=15719 TX ua=95 mt=P len=0
PKT t=15728 RX ua=95 mt=R len=7
PKT t=15733 TX ua=95 mt=P len=0
PKT t=15742 RX ua=95 mt=R len=7
PKT t=15747 TX ua=95 mt=P len=0
PKT t=15756 RX ua=95 mt=R len=7
PKT t=15761 TX ua=95 mt=P len=0
PKT t=15790 RX ua=95 mt=R len=7
PKT t=15795 TX ua=95 mt=P len=0
PKT t=15804 RX ua=95 mt=R len=7
PKT t=15809 TX ua=95 mt=P len=0
PKT t=15818 RX ua=95 mt=R len=7
PKT t=15823 TX ua=95 mt=P len=0
PKT t=15832 RX ua=95 mt=R len=7
PKT t=15837 TX ua=95 mt=P len=0
PKT t=15846 RX ua=95 mt=R len=7
PKT t=15851 TX ua=95 mt=P len=0
PKT t=15860 RX ua=95 mt=R len=7
PKT t=15865 TX ua=95 mt=P len=0
PKT t=15894 RX ua=95 mt=R len=7
PKT t=15899 TX ua=95 mt=T len=7
PKT t=15911 TX ua=95 mt=P len=0
PKT t=15920 RX ua=95 mt=R len=7
PKT t=15925 TX ua=95 mt=P len=0
PKT t=15934 RX ua=95 mt=R len=7
PKT t=15939 TX ua=95 mt=P len=0
PKT t=15948 RX ua=95 mt=R len=7
PKT t=15953 TX ua=95 mt=P len=0
PKT t=15962 RX ua=95 mt=R len=7
PKT t=15967 TX ua=95 mt=P len=0
PKT t=15996 RX ua=95 mt=R len=7
PKT t=16001 TX ua=95 mt=P len=0
PKT t=16012 RX ua=95 mt=R len=7
PKT t=16017 TX ua=95 mt=P len=0
PKT t=16026 RX ua=95 mt=R len=7
PKT t=16031 TX ua=95 mt=P len=0
PKT t=16040 RX ua=95 mt=R len=7
PKT t=16045 TX ua=95 mt=P len=0
PKT t=16076 RX ua=95 mt=R len=7
PKT t=16331 TX ua=96 mt=P len=0
PKT t=16589 TX ua=95 mt=P len=0
PKT t=16598 RX ua=95 mt=R len=7
PKT t=16603 TX ua=95 mt=T len=7
PKT t=16615 TX ua=95 mt=P len=0
PKT t=16624 RX ua=95 mt=R len=7
PKT t=16629 TX ua=95 mt=T len=7
PKT t=16641 TX ua=95 mt=P len=0
PKT t=16650 RX ua=95 mt=R len=7
PKT t=16655 TX ua=95 mt=P len=0
PKT t=16664 RX ua=95 mt=R len=7
PKT t=16669 TX ua=95 mt=P len=0
PKT t=16698 RX ua=95 mt=R len=7
PKT t=16703 TX ua=95 mt=P len=0
PKT t=16712 RX ua=95 mt=R len=7
PKT t=16717 TX ua=95 mt=P len=0
PKT t=16726 RX ua=95 mt=R len=7
PKT t=16731 TX ua=95 mt=P len=0
PKT t=16740 RX ua=95 mt=R len=7
PKT t=16745 TX ua=95 mt=P len=0
PKT t=16754 RX ua=95 mt=R len=7
PKT t=16759 TX ua=95 mt=P len=0
PKT t=16768 RX ua=95 mt=R len=7
PKT t=16773 TX ua=95 mt=P len=0
PKT t=16802 RX ua=95 mt=R len=7
PKT t=16807 TX ua=95 mt=P len=0
PKT t=16816 RX ua=95 mt=R len=7
PKT t=16821 TX ua=95 mt=P len=0
PKT t=16830 RX ua=95 mt=R len=7
PKT t=16835 TX ua=95 mt=P len=0
PKT t=16844 RX ua=95 mt=R len=7
PKT t=16849 TX ua=95 mt=P len=0
PKT t=16858 RX ua=95 mt=R len=7
PKT t=16863 TX ua=95 mt=P len=0
PKT t=16872 RX ua=95 mt=R len=7
PKT t=16877 TX ua=95 mt=T len=7
PKT t=16889 TX ua=95 mt=P len=0
PKT t=16908 RX ua=95 mt=R len=7
PKT t=16913 TX ua=95 mt=P len=0
PKT t=16922 RX ua=95 mt=R len=7
PKT t=16927 TX ua=95 mt=P len=0
PKT t=16936 RX ua=95 mt=R len=7
PKT t=16941 TX ua=95 mt=P len=0
PKT t=16950 RX ua=95 mt=R len=7
PKT t=16955 TX ua=95 mt=P len=0
PKT t=16964 RX ua=95 mt=R len=7
PKT t=16969 TX ua=95 mt=P len=0
PKT t=16978 RX ua=95 mt=R len=7
PKT t=16983 TX ua=95 mt=P len=0
PKT t=17012 RX ua=95 mt=R len=7
PKT t=17017 TX ua=95 mt=P len=0
PKT t=17026 RX ua=95 mt=R len=7
PKT t=17031 TX ua=95 mt=P len=0
PKT t=17040 RX ua=95 mt=R len=7
PKT t=17045 TX ua=95 mt=P len=0
PKT t=17076 RX ua=95 mt=R len=7
PKT t=17331 TX ua=96 mt=P len=0
PKT t=17589 TX ua=95 mt=P len=0
PKT t=17598 RX ua=95 mt=R len=7
PKT t=17603 TX ua=95 mt=T len=7
PKT t=17615 TX ua=95 mt=P len=0
PKT t=17625 RX ua=95 mt=R len=7
PKT t=17630 TX ua=95 mt=T len=7
PKT t=17642 TX ua=95 mt=P len=0
PKT t=17651 RX ua=95 mt=R len=7
PKT t=17656 TX ua=95 mt=P len=0
PKT t=17665 RX ua=95 mt=R len=7
PKT t=17670 TX ua=95 mt=P len=0
PKT t=17679 RX ua=95 mt=R len=7
PKT t=17684 TX ua=95 mt=P len=0
PKT t=17713 RX ua=95 mt=R len=7
PKT t=17718 TX ua=95 mt=P len=0
PKT t=17727 RX ua=95 mt=R len=7
PKT t=17732 TX ua=95 mt=P len=0
PKT t=17741 RX ua=95 mt=R len=7
PKT t=17746 TX ua=95 mt=P len=0
PKT t=17755 RX ua=95 mt=R len=7
PKT t=17760 TX ua=95 mt=P len=0
PKT t=17769 RX ua=95 mt=R len=7
PKT t=17774 TX ua=95 mt=P len=0
PKT t=17783 RX ua=95 mt=R len=7
PKT t=17788 TX ua=95 mt=P len=0
PKT t=17817 RX ua=95 mt=R len=7
PKT t=17822 TX ua=95 mt=P len=0
PKT t=17831 RX ua=95 mt=R len=7
PKT t=17836 TX ua=95 mt=P len=0
PKT t=17845 RX ua=95 mt=R len=7
PKT t=17850 TX ua=95 mt=P len=0
PKT t=17859 RX ua=95 mt=R len=7
PKT t=17864 TX ua=95 mt=P len=0
PKT t=17873 RX ua=95 mt=R len=7
PKT t=17878 TX ua=95 mt=T len=7
PKT t=17890 TX ua=95 mt=P len=0
PKT t=17918 RX ua=95 mt=R len=7
PKT t=17923 TX ua=95 mt=P len=0
PKT t=17932 RX ua=95 mt=R len=7
PKT t=17937 TX ua=95 mt=P len=0
PKT t=17946 RX ua=95 mt=R len=7
PKT t=17951 TX ua=95 mt=P len=0
PKT t=17960 RX ua=95 mt=R len=7
PKT t=17965 TX ua=95 mt=P len=0
PKT t=17974 RX ua=95 mt=R len=7
PKT t=17979 TX ua=95 mt=P len=0
PKT t=17988 RX ua=95 mt=R len=7
PKT t=17993 TX ua=95 mt=P len=0
PKT t=18022 RX ua=95 mt=R len=7
PKT t=18027 TX ua=95 mt=P len=0
PKT t=18036 RX ua=95 mt=R len=7
PKT t=18041 TX ua=95 mt=P len=0
PKT t=18076 RX ua=95 mt=R len=7
PKT t=18081 TX ua=95 mt=P len=0
PKT t=18090 RX ua=95 mt=R len=7
PKT t=18095 TX ua=95 mt=P len=0
PKT t=18129 RX ua=95 mt=R len=7
PKT t=18134 TX ua=95 mt=T len=7
PKT t=18147 TX ua=95 mt=P len=0
PKT t=18156 RX ua=95 mt=R len=7
PKT t=18161 TX ua=95 mt=T len=7
PKT t=18174 TX ua=95 mt=P len=0
PKT t=18183 RX ua=95 mt=R len=7
PKT t=18188 TX ua=95 mt=P len=0
PKT t=18197 RX ua=95 mt=R len=7
PKT t=18202 TX ua=95 mt=P len=0
PKT t=18231 RX ua=95 mt=R len=7
PKT t=18236 TX ua=95 mt=P len=0
PKT t=18245 RX ua=95 mt=R len=7
PKT t=18250 TX ua=95 mt=P len=0
PKT t=18259 RX ua=95 mt=R len=7
PKT t=18264 TX ua=95 mt=P len=0
PKT t=18273 RX ua=95 mt=R len=7
PKT t=18278 TX ua=95 mt=P len=0
PKT t=18287 RX ua=95 mt=R len=7
PKT t=18292 TX ua=95 mt=P len=0
PKT t=18301 RX ua=95 mt=R len=7
PKT t=18306 TX ua=95 mt=P len=0
PKT t=18335 RX ua=95 mt=R len=7
PKT t=18340 TX ua=95 mt=P len=0
PKT t=18349 RX ua=95 mt=R len=7
PKT t=18354 TX ua=95 mt=P len=0
PKT t=18363 RX ua=95 mt=R len=7
PKT t=18368 TX ua=95 mt=P len=0
PKT t=18377 RX ua=95 mt=R len=7
PKT t=18382 TX ua=95 mt=T len=7
PKT t=18395 TX ua=95 mt=P len=0
PKT t=18404 RX ua=95 mt=R len=7
PKT t=18409 TX ua=95 mt=P len=0
PKT t=18438 RX ua=95 mt=R len=7
PKT t=18443 TX ua=95 mt=P len=0
PKT t=18452 RX ua=95 mt=R len=7
PKT t=18457 TX ua=95 mt=P len=0
PKT t=18466 RX ua=95 mt=R len=7
PKT t=18471 TX ua=95 mt=P len=0
PKT t=18480 RX ua=95 mt=R len=7
PKT t=18485 TX ua=95 mt=P len=0
PKT t=18494 RX ua=95 mt=R len=7
PKT t=18499 TX ua=95 mt=P len=0
PKT t=18508 RX ua=95 mt=R len=7
PKT t=18513 TX ua=95 mt=P len=0
PKT t=18542 RX ua=95 mt=R len=7
PKT t=18547 TX ua=95 mt=P len=0
PKT t=18556 RX ua=95 mt=R len=7
PKT t=18561 TX ua=95 mt=P len=0
PKT t=18571 RX ua=95 mt=R len=7
PKT t=18576 TX ua=95 mt=P len=0
PKT t=18585 RX ua=95 mt=R len=7
PKT t=18590 TX ua=95 mt=P len=0
PKT t=18599 RX ua=95 mt=R len=7
PKT t=18604 TX ua=95 mt=P len=0
PKT t=18613 RX ua=95 mt=R len=7
PKT t=18618 TX ua=95 mt=P len=0
PKT t=18647 RX ua=95 mt=R len=7
PKT t=18652 TX ua=95 mt=T len=7
PKT t=18665 TX ua=95 mt=P len=0
PKT t=18674 RX ua=95 mt=R len=7
PKT t=18679 TX ua=95 mt=P len=0
PKT t=18688 RX ua=95 mt=R len=7
PKT t=18693 TX ua=95 mt=P len=0
PKT t=18702 RX ua=95 mt=R len=7
PKT t=18707 TX ua=95 mt=P len=0
PKT t=18716 RX ua=95 mt=R len=7
PKT t=18721 TX ua=95 mt=P len=0
PKT t=18750 RX ua=95 mt=R len=7
PKT t=18755 TX ua=95 mt=P len=0
PKT t=18764 RX ua=95 mt=R len=7
PKT t=18769 TX ua=95 mt=P len=0
PKT t=18778 RX ua=95 mt=R len=7
PKT t=18783 TX ua=95 mt=P len=0
PKT t=18792 RX ua=95 mt=R len=7
PKT t=18797 TX ua=95 mt=P len=0
PKT t=18806 RX ua=95 mt=R len=7
PKT t=18811 TX ua=95 mt=P len=0
PKT t=18820 RX ua=95 mt=R len=7
PKT t=18825 TX ua=95 mt=P len=0
PKT t=18854 RX ua=95 mt=R len=7
PKT t=18859 TX ua=95 mt=P len=0
PKT t=18868 RX ua=95 mt=R len=7
PKT t=18873 TX ua=95 mt=T len=7
PKT t=18886 TX ua=95 mt=P len=0
PKT t=18895 RX ua=95 mt=R len=7
PKT t=18900 TX ua=95 mt=P len=0
PKT t=18909 RX ua=95 mt=R len=7
PKT t=18914 TX ua=95 mt=P len=0
PKT t=18923 RX ua=95 mt=R len=7
PKT t=18928 TX ua=95 mt=P len=0
PKT t=18957 RX ua=95 mt=R len=7
PKT t=18962 TX ua=95 mt=P len=0
PKT t=18971 RX ua=95 mt=R len=7
PKT t=18976 TX ua=95 mt=P len=0
PKT t=18985 RX ua=95 mt=R len=7
PKT t=18990 TX ua=95 mt=P len=0
PKT t=18999 RX ua=95 mt=R len=7
PKT t=19004 TX ua=95 mt=P len=0
PKT t=19013 RX ua=95 mt=R len=7
PKT t=19018 TX ua=95 mt=P len=0
PKT t=19027 RX ua=95 mt=R len=7
PKT t=19032 TX ua=95 mt=P len=0
PKT t=19076 RX ua=95 mt=R len=7
PKT t=19081 TX ua=95 mt=P len=0
PKT t=19090 RX ua=95 mt=R len=7
PKT t=19095 TX ua=95 mt=P len=0
PKT t=19104 RX ua=95 mt=R len=7
PKT t=19109 TX ua=95 mt=P len=0
PKT t=19118 RX ua=95 mt=R len=7
PKT t=19123 TX ua=95 mt=T len=7
PKT t=19135 TX ua=95 mt=P len=0
PKT t=19163 RX ua=95 mt=R len=7
PKT t=19168 TX ua=95 mt=P len=0
PKT t=19177 RX ua=95 mt=R len=7
PKT t=19182 TX ua=95 mt=P len=0
PKT t=19191 RX ua=95 mt=R len=7
PKT t=19196 TX ua=95 mt=P len=0
PKT t=19205 RX ua=95 mt=R len=7
PKT t=19210 TX ua=95 mt=P len=0
PKT t=19219 RX ua=95 mt=R len=7
PKT t=19224 TX ua=95 mt=P len=0
PKT t=19233 RX ua=95 mt=R len=7
PKT t=19238 TX ua=95 mt=P len=0
PKT t=19267 RX ua=95 mt=R len=7
PKT t=19272 TX ua=95 mt=P len=0
PKT t=19281 RX ua=95 mt=R len=7
PKT t=19286 TX ua=95 mt=P len=0
PKT t=19295 RX ua=95 mt=R len=7
PKT t=19300 TX ua=95 mt=P len=0
PKT t=19309 RX ua=95 mt=R len=7
PKT t=19314 TX ua=95 mt=P len=0
PKT t=19323 RX ua=95 mt=R len=7
PKT t=19328 TX ua=95 mt=P len=0
PKT t=19337 RX ua=95 mt=R len=7
PKT t=19342 TX ua=95 mt=P len=0
PKT t=19371 RX ua=95 mt=R len=7
PKT t=19376 TX ua=95 mt=T len=7
PKT t=19388 TX ua=95 mt=P len=0
PKT t=19398 RX ua=95 mt=R len=7
PKT t=19403 TX ua=95 mt=P len=0
PKT t=19413 RX ua=95 mt=R len=7
PKT t=19418 TX ua=95 mt=P len=0
PKT t=19428 RX ua=95 mt=R len=7
PKT t=19433 TX ua=95 mt=P len=0
PKT t=19443 RX ua=95 mt=R len=7
PKT t=19448 TX ua=95 mt=P len=0
PKT t=19477 RX ua=95 mt=R len=7
PKT t=19482 TX ua=95 mt=P len=0
PKT t=19492 RX ua=95 mt=R len=7
PKT t=19497 TX ua=95 mt=P len=0
PKT t=19507 RX ua=95 mt=R len=7
PKT t=19512 TX ua=95 mt=P len=0
PKT t=19522 RX ua=95 mt=R len=7
PKT t=19527 TX ua=95 mt=P len=0
PKT t=19537 RX ua=95 mt=R len=7
PKT t=19542 TX ua=95 mt=P len=0
PKT t=19552 RX ua=95 mt=R len=7
PKT t=19557 TX ua=95 mt=P len=0
PKT t=19586 RX ua=95 mt=R len=7
PKT t=19591 TX ua=95 mt=P len=0
PKT t=19601 RX ua=95 mt=R len=7
PKT t=19606 TX ua=95 mt=P len=0
PKT t=19616 RX ua=95 mt=R len=7
PKT t=19621 TX ua=95 mt=T len=7
PKT t=19633 TX ua=95 mt=P len=0
PKT t=19642 RX ua=95 mt=R len=7
PKT t=19647 TX ua=95 mt=P len=0
PKT t=19656 RX ua=95 mt=R len=7
PKT t=19661 TX ua=95 mt=P len=0
PKT t=19690 RX ua=95 mt=R len=7
PKT t=19695 TX ua=95 mt=P len=0
PKT t=19704 RX ua=95 mt=R len=7
PKT t=19709 TX ua=95 mt=P len=0
PKT t=19718 RX ua=95 mt=R len=7
PKT t=19723 TX ua=95 mt=P len=0
PKT t=19732 RX ua=95 mt=R len=7
PKT t=19737 TX ua=95 mt=P len=0
PKT t=19746 RX ua=95 mt=R len=7
PKT t=19751 TX ua=95 mt=P len=0
PKT t=19760 RX ua=95 mt=R len=7
PKT t=19765 TX ua=95 mt=P len=0
PKT t=19794 RX ua=95 mt=R len=7
PKT t=19799 TX ua=95 mt=P len=0
PKT t=19808 RX ua=95 mt=R len=7
PKT t=19813 TX ua=95 mt=P len=0
PKT t=19822 RX ua=95 mt=R len=7
PKT t=19827 TX ua=95 mt=P len=0
PKT t=19836 RX ua=95 mt=R len=7
PKT t=19841 TX ua=95 mt=P len=0
PKT t=19850 RX ua=95 mt=R len=7
PKT t=19855 TX ua=95 mt=P len=0
PKT t=19864 RX ua=95 mt=R len=7
PKT t=19869 TX ua=95 mt=T len=7
PKT t=19881 TX ua=95 mt=P len=0
PKT t=19900 RX ua=95 mt=R len=7
PKT t=19905 TX ua=95 mt=P len=0
PKT t=19914 RX ua=95 mt=R len=7
PKT t=19919 TX ua=95 mt=P len=0
PKT t=19928 RX ua=95 mt=R len=7
PKT t=19933 TX ua=95 mt=P len=0
PKT t=19942 RX ua=95 mt=R len=7
PKT t=19947 TX ua=95 mt=P len=0
PKT t=19956 RX ua=95 mt=R len=7
PKT t=19961 TX ua=95 mt=P len=0
PKT t=19970 RX ua=95 mt=R len=7
PKT t=19975 TX ua=95 mt=P len=0
PKT t=20004 RX ua=95 mt=R len=7
PKT t=20009 TX ua=95 mt=P len=0
PKT t=20018 RX ua=95 mt=R len=7
PKT t=20023 TX ua=95 mt=P len=0
PKT t=20032 RX ua=95 mt=R len=7
PKT t=20037 TX ua=95 mt=P len=0
PKT t=20046 RX ua=95 mt=R len=7
PKT t=20076 TX ua=95 mt=P len=0
PKT t=20104 RX ua=95 mt=R len=7
PKT t=20109 TX ua=95 mt=P len=0
PKT t=20118 RX ua=95 mt=R len=7
PKT t=20123 TX ua=95 mt=T len=7
PKT t=20135 TX ua=95 mt=P len=0
PKT t=20144 RX ua=95 mt=R len=7
PKT t=20149 TX ua=95 mt=P len=0
PKT t=20158 RX ua=95 mt=R len=7
PKT t=20163 TX ua=95 mt=P len=0
PKT t=20172 RX ua=95 mt=R len=7
PKT t=20177 TX ua=95 mt=P len=0
PKT t=20206 RX ua=95 mt=R len=7
PKT t=20211 TX ua=95 mt=P len=0
PKT t=20220 RX ua=95 mt=R len=7
PKT t=20225 TX ua=95 mt=P len=0
PKT t=20234 RX ua=95 mt=R len=7
PKT t=20239 TX ua=95 mt=P len=0
PKT t=20248 RX ua=95 mt=R len=7
PKT t=20253 TX ua=95 mt=P len=0
PKT t=20262 RX ua=95 mt=R len=7
PKT t=20267 TX ua=95 mt=P len=0
PKT t=20276 RX ua=95 mt=R len=7
PKT t=20281 TX ua=95 mt=P len=0
PKT t=20310 RX ua=95 mt=R len=7
PKT t=20315 TX ua=95 mt=P len=0
PKT t=20324 RX ua=95 mt=R len=7
PKT t=20329 TX ua=95 mt=P len=0
PKT t=20338 RX ua=95 mt=R len=7
PKT t=20343 TX ua=95 mt=P len=0
PKT t=20352 RX ua=95 mt=R len=7
PKT t=20357 TX ua=95 mt=P len=0
PKT t=20366 RX ua=95 mt=R len=7
PKT t=20371 TX ua=95 mt=T len=7
PKT t=20383 TX ua=95 mt=P len=0
PKT t=20411 RX ua=95 mt=R len=7
PKT t=20416 TX ua=95 mt=P len=0
PKT t=20425 RX ua=95 mt=R len=7
PKT t=20430 TX ua=95 mt=P len=0
PKT t=20439 RX ua=95 mt=R len=7
PKT t=20444 TX ua=95 mt=P len=0
PKT t=20453 RX ua=95 mt=R len=7
PKT t=20458 TX ua=95 mt=P len=0
PKT t=20467 RX ua=95 mt=R len=7
PKT t=20472 TX ua=95 mt=P len=0
PKT t=20481 RX ua=95 mt=R len=7
PKT t=20486 TX ua=95 mt=P len=0
PKT t=20515 RX ua=95 mt=R len=7
PKT t=20520 TX ua=95 mt=P len=0
PKT t=20529 RX ua=95 mt=R len=7
PKT t=20534 TX ua=95 mt=P len=0
PKT t=20543 RX ua=95 mt=R len=7
PKT t=20548 TX ua=95 mt=P len=0
PKT t=20557 RX ua=95 mt=R len=7
PKT t=20562 TX ua=95 mt=P len=0
PKT t=20571 RX ua=95 mt=R len=7
PKT t=20576 TX ua=95 mt=P len=0
PKT t=20585 RX ua=95 mt=R len=7
PKT t=20590 TX ua=95 mt=P len=0
PKT t=20619 RX ua=95 mt=R len=7
PKT t=20624 TX ua=95 mt=T len=7
PKT t=20636 TX ua=95 mt=P len=0
PKT t=20645 RX ua=95 mt=R len=7
PKT t=20650 TX ua=95 mt=P len=0
PKT t=20659 RX ua=95 mt=R len=7
PKT t=20664 TX ua=95 mt=P len=0
PKT t=20673 RX ua=95 mt=R len=7
PKT t=20678 TX ua=95 mt=P len=0
PKT t=20687 RX ua=95 mt=R len=7
PKT t=20692 TX ua=95 mt=P len=0
PKT t=20721 RX ua=95 mt=R len=7
PKT t=20726 TX ua=95 mt=P len=0
PKT t=20735 RX ua=95 mt=R len=7
PKT t=20740 TX ua=95 mt=P len=0
PKT t=20749 RX ua=95 mt=R len=7
PKT t=20754 TX ua=95 mt=P len=0
PKT t=20763 RX ua=95 mt=R len=7
PKT t=20768 TX ua=95 mt=P len=0
PKT t=20777 RX ua=95 mt=R len=7
PKT t=20782 TX ua=95 mt=P len=0
PKT t=20791 RX ua=95 mt=R len=7
PKT t=20796 TX ua=95 mt=P len=0
PKT t=20825 RX ua=95 mt=R len=7
PKT t=20830 TX ua=95 mt=P len=0
PKT t=20839 RX ua=95 mt=R len=7
PKT t=20844 TX ua=95 mt=P len=0
PKT t=20853 RX ua=95 mt=R len=7
PKT t=20858 TX ua=95 mt=P len=0
PKT t=20867 RX ua=95 mt=R len=7
PKT t=20872 TX ua=95 mt=T len=7
PKT t=20884 TX ua=95 mt=P len=0
PKT t=20893 RX ua=95 mt=R len=7
PKT t=20898 TX ua=95 mt=P len=0
PKT t=20927 RX ua=95 mt=R len=7
PKT t=20932 TX ua=95 mt=P len=0
PKT t=20941 RX ua=95 mt=R len=7
PKT t=20946 TX ua=95 mt=P len=0
PKT t=20955 RX ua=95 mt=R len=7
PKT t=20960 TX ua=95 mt=P len=0
PKT t=20969 RX ua=95 mt=R len=7
PKT t=20974 TX ua=95 mt=P len=0
PKT t=20983 RX ua=95 mt=R len=7
PKT t=20988 TX ua=95 mt=P len=0
PKT t=20997 RX ua=95 mt=R len=7
PKT t=21002 TX ua=95 mt=P len=0
PKT t=21031 RX ua=95 mt=R len=7
PKT t=21036 TX ua=95 mt=P len=0
PKT t=21045 RX ua=95 mt=R len=7
PKT t=21076 TX ua=95 mt=P len=0
PKT t=21085 RX ua=95 mt=R len=7
PKT t=21090 TX ua=95 mt=P len=0
PKT t=21099 RX ua=95 mt=R len=7
PKT t=21104 TX ua=95 mt=P len=0
PKT t=21133 RX ua=95 mt=R len=7
PKT t=21138 TX ua=95 mt=T len=7
PKT t=21151 TX ua=95 mt=P len=0
PKT t=21160 RX ua=95 mt=R len=7
PKT t=21165 TX ua=95 mt=P len=0
PKT t=21174 RX ua=95 mt=R len=7
PKT t=21179 TX ua=95 mt=P len=0
PKT t=21188 RX ua=95 mt=R len=7
PKT t=21193 TX ua=95 mt=P len=0
PKT t=21202 RX ua=95 mt=R len=7
PKT t=21207 TX ua=95 mt=P len=0
PKT t=21236 RX ua=95 mt=R len=7
PKT t=21241 TX ua=95 mt=P len=0
PKT t=21250 RX ua=95 mt=R len=7
PKT t=21255 TX ua=95 mt=P len=0
PKT t=21264 RX ua=95 mt=R len=7
PKT t=21269 TX ua=95 mt=P len=0
PKT t=21278 RX ua=95 mt=R len=7
PKT t=21283 TX ua=95 mt=P len=0
PKT t=21292 RX ua=95 mt=R len=7
PKT t=21297 TX ua=95 mt=P len=0
PKT t=21306 RX ua=95 mt=R len=7
PKT t=21311 TX ua=95 mt=P len=0
PKT t=21340 RX ua=95 mt=R len=7
PKT t=21345 TX ua=95 mt=P len=0
PKT t=21354 RX ua=95 mt=R len=7
PKT t=21359 TX ua=95 mt=P len=0
PKT t=21368 RX ua=95 mt=R len=7
PKT t=21373 TX ua=95 mt=T len=7
PKT t=21386 TX ua=95 mt=P len=0
PKT t=21396 RX ua=95 mt=R len=7
PKT t=21401 TX ua=95 mt=P len=0
PKT t=21411 RX ua=95 mt=R len=7
PKT t=21416 TX ua=95 mt=P len=0
PKT t=21445 RX ua=95 mt=R len=7
PKT t=21450 TX ua=95 mt=P len=0
PKT t=21460 RX ua=95 mt=R len=7
PKT t=21465 TX ua=95 mt=P len=0
PKT t=21475 RX ua=95 mt=R len=7
PKT t=21480 TX ua=95 mt=P len=0
PKT t=21490 RX ua=95 mt=R len=7
PKT t=21495 TX ua=95 mt=P len=0
PKT t=21505 RX ua=95 mt=R len=7
PKT t=21510 TX ua=95 mt=P len=0
PKT t=21520 RX ua=95 mt=R len=7
PKT t=21525 TX ua=95 mt=P len=0
PKT t=21554 RX ua=95 mt=R len=7
PKT t=21559 TX ua=95 mt=P len=0
PKT t=21569 RX ua=95 mt=R len=7
PKT t=21574 TX ua=95 mt=P len=0
PKT t=21584 RX ua=95 mt=R len=7
PKT t=21589 TX ua=95 mt=P len=0
PKT t=21599 RX ua=95 mt=R len=7
PKT t=21604 TX ua=95 mt=P len=0
PKT t=21614 RX ua=95 mt=R len=7
PKT t=21619 TX ua=95 mt=T len=7
PKT t=21632 TX ua=95 mt=P len=0
PKT t=21660 RX ua=95 mt=R len=7
PKT t=21665 TX ua=95 mt=P len=0
PKT t=21674 RX ua=95 mt=R len=7
PKT t=21679 TX ua=95 mt=P len=0
PKT t=21688 RX ua=95 mt=R len=7
PKT t=21693 TX ua=95 mt=P len=0
PKT t=21702 RX ua=95 mt=R len=7
PKT t=21707 TX ua=95 mt=P len=0
PKT t=21716 RX ua=95 mt=R len=7
PKT t=21721 TX ua=95 mt=P len=0
PKT t=21730 RX ua=95 mt=R len=7
PKT t=21735 TX ua=95 mt=P len=0
PKT t=21764 RX ua=95 mt=R len=7
PKT t=21769 TX ua=95 mt=P len=0
PKT t=21778 RX ua=95 mt=R len=7
PKT t=21783 TX ua=95 mt=P len=0
PKT t=21792 RX ua=95 mt=R len=7
PKT t=21797 TX ua=95 mt=P len=0
PKT t=21806 RX ua=95 mt=R len=7
PKT t=21811 TX ua=95 mt=P len=0
PKT t=21820 RX ua=95 mt=R len=7
PKT t=21825 TX ua=95 mt=P len=0
PKT t=21834 RX ua=95 mt=R len=7
PKT t=21839 TX ua=95 mt=P len=0
PKT t=21868 RX ua=95 mt=R len=7
PKT t=21873 TX ua=95 mt=T len=7
PKT t=21886 TX ua=95 mt=P len=0
PKT t=21895 RX ua=95 mt=R len=7
PKT t=21900 TX ua=95 mt=P len=0
PKT t=21909 RX ua=95 mt=R len=7
PKT t=21914 TX ua=95 mt=P len=0
PKT t=21923 RX ua=95 mt=R len=7
PKT t=21928 TX ua=95 mt=P len=0
PKT t=21937 RX ua=95 mt=R len=7
PKT t=21942 TX ua=95 mt=P len=0
PKT t=21971 RX ua=95 mt=R len=7
PKT t=21976 TX ua=95 mt=P len=0
PKT t=21985 RX ua=95 mt=R len=7
PKT t=21990 TX ua=95 mt=P len=0
PKT t=21999 RX ua=95 mt=R len=7
PKT t=22004 TX ua=95 mt=P len=0
PKT t=22015 RX ua=95 mt=R len=7
PKT t=22020 TX ua=95 mt=P len=0
PKT t=22029 RX ua=95 mt=R len=7
PKT t=22034 TX ua=95 mt=P len=0
PKT t=22043 RX ua=95 mt=R len=7
PKT t=22076 TX ua=95 mt=P len=0
PKT t=22085 RX ua=95 mt=R len=7
PKT t=22090 TX ua=95 mt=P len=0
PKT t=22099 RX ua=95 mt=R len=7
PKT t=22104 TX ua=95 mt=P len=0
PKT t=22113 RX ua=95 mt=R len=7
PKT t=22118 TX ua=95 mt=P len=0
PKT t=22127 RX ua=95 mt=R len=7
PKT t=22132 TX ua=95 mt=T len=7
PKT t=22144 TX ua=95 mt=P len=0
PKT t=22177 RX ua=95 mt=R len=7
PKT t=22182 TX ua=95 mt=P len=0
PKT t=22191 RX ua=95 mt=R len=7
PKT t=22196 TX ua=95 mt=P len=0
PKT t=22205 RX ua=95 mt=R len=7
PKT t=22210 TX ua=95 mt=P len=0
PKT t=22219 RX ua=95 mt=R len=7
PKT t=22224 TX ua=95 mt=P len=0
PKT t=22233 RX ua=95 mt=R len=7
PKT t=22238 TX ua=95 mt=P len=0
PKT t=22247 RX ua=95 mt=R len=7
PKT t=22252 TX ua=95 mt=P len=0
PKT t=22281 RX ua=95 mt=R len=7
PKT t=22286 TX ua=95 mt=P len=0
PKT t=22295 RX ua=95 mt=R len=7
PKT t=22300 TX ua=95 mt=P len=0
PKT t=22309 RX ua=95 mt=R len=7
PKT t=22314 TX ua=95 mt=P len=0
PKT t=22323 RX ua=95 mt=R len=7
PKT t=22328 TX ua=95 mt=P len=0
PKT t=22337 RX ua=95 mt=R len=7
PKT t=22342 TX ua=95 mt=P len=0
PKT t=22351 RX ua=95 mt=R len=7
PKT t=22356 TX ua=95 mt=P len=0
PKT t=22385 RX ua=95 mt=R len=7
PKT t=22390 TX ua=95 mt=T len=7
PKT t=22402 TX ua=95 mt=P len=0
PKT t=22411 RX ua=95 mt=R len=7
PKT t=22416 TX ua=95 mt=P len=0
PKT t=22425 RX ua=95 mt=R len=7
PKT t=22430 TX ua=95 mt=P len=0
PKT t=22439 RX ua=95 mt=R len=7
PKT t=22444 TX ua=95 mt=P len=0
PKT t=22453 RX ua=95 mt=R len=7
PKT t=22458 TX ua=95 mt=P len=0
PKT t=22487 RX ua=95 mt=R len=7
PKT t=22492 TX ua=95 mt=P len=0
PKT t=22501 RX ua=95 mt=R len=7
PKT t=22506 TX ua=95 mt=P len=0
PKT t=22515 RX ua=95 mt=R len=7
PKT t=22520 TX ua=95 mt=P len=0
PKT t=22529 RX ua=95 mt=R len=7
PKT t=22534 TX ua=95 mt=P len=0
PKT t=22543 RX ua=95 mt=R len=7
PKT t=22548 TX ua=95 mt=P len=0
PKT t=22557 RX ua=95 mt=R len=7
PKT t=22562 TX ua=95 mt=P len=0
PKT t=22591 RX ua=95 mt=R len=7
PKT t=22596 TX ua=95 mt=P len=0
PKT t=22605 RX ua=95 mt=R len=7
PKT t=22610 TX ua=95 mt=P len=0
PKT t=22619 RX ua=95 mt=R len=7
PKT t=22624 TX ua=95 mt=T len=7
PKT t=22636 TX ua=95 mt=P len=0
PKT t=22645 RX ua=95 mt=R len=7
PKT t=22650 TX ua=95 mt=P len=0
PKT t=22659 RX ua=95 mt=R len=7
PKT t=22664 TX ua=95 mt=P len=0
PKT t=22693 RX ua=95 mt=R len=7
PKT t=22698 TX ua=95 mt=P len=0
PKT t=22707 RX ua=95 mt=R len=7
PKT t=22712 TX ua=95 mt=P len=0
PKT t=22721 RX ua=95 mt=R len=7
PKT t=22726 TX ua=95 mt=P len=0
PKT t=22735 RX ua=95 mt=R len=7
PKT t=22740 TX ua=95 mt=P len=0
PKT t=22749 RX ua=95 mt=R len=7
PKT t=22754 TX ua=95 mt=P len=0
PKT t=22763 RX ua=95 mt=R len=7
PKT t=22768 TX ua=95 mt=P len=0
PKT t=22797 RX ua=95 mt=R len=7
PKT t=22802 TX ua=95 mt=P len=0
PKT t=22811 RX ua=95 mt=R len=7
PKT t=22816 TX ua=95 mt=P len=0
PKT t=22825 RX ua=95 mt=R len=7
PKT t=22830 TX ua=95 mt=P len=0
PKT t=22839 RX ua=95 mt=R len=7
PKT t=22844 TX ua=95 mt=P len=0
PKT t=22853 RX ua=95 mt=R len=7
PKT t=22858 TX ua=95 mt=P len=0
PKT t=22867 RX ua=95 mt=R len=7
PKT t=22872 TX ua=95 mt=T len=7
PKT t=22884 TX ua=95 mt=P len=0
PKT t=22903 RX ua=95 mt=R len=7
PKT t=22908 TX ua=95 mt=P len=0
PKT t=22917 RX ua=95 mt=R len=7
PKT t=22922 TX ua=95 mt=P len=0
PKT t=22931 RX ua=95 mt=R len=7
PKT t=22936 TX ua=95 mt=P len=0
PKT t=22945 RX ua=95 mt=R len=7
PKT t=22950 TX ua=95 mt=P len=0
PKT t=22959 RX ua=95 mt=R len=7
PKT t=22964 TX ua=95 mt=P len=0
PKT t=22973 RX ua=95 mt=R len=7
PKT t=22978 TX ua=95 mt=P len=0
PKT t=23007 RX ua=95 mt=R len=7
PKT t=23012 TX ua=95 mt=P len=0
PKT t=23021 RX ua=95 mt=R len=7
PKT t=23026 TX ua=95 mt=P len=0
PKT t=23035 RX ua=95 mt=R len=7
PKT t=23040 TX ua=95 mt=P len=0
PKT t=23076 RX ua=95 mt=R len=7
PKT t=23081 TX ua=95 mt=P len=0
PKT t=23107 RX ua=95 mt=R len=7
PKT t=23112 TX ua=95 mt=P len=0
PKT t=23121 RX ua=95 mt=R len=7
PKT t=23126 TX ua=95 mt=T len=7
PKT t=23138 TX ua=95 mt=P len=0
PKT t=23147 RX ua=95 mt=R len=7
PKT t=23152 TX ua=95 mt=P len=0
PKT t=23161 RX ua=95 mt=R len=7
PKT t=23166 TX ua=95 mt=P len=0
PKT t=23175 RX ua=95 mt=R len=7
PKT t=23180 TX ua=95 mt=P len=0
PKT t=23209 RX ua=95 mt=R len=7
PKT t=23214 TX ua=95 mt=P len=0
PKT t=23223 RX ua=95 mt=R len=7
PKT t=23228 TX ua=95 mt=P len=0
PKT t=23237 RX ua=95 mt=R len=7
PKT t=23242 TX ua=95 mt=P len=0
PKT t=23251 RX ua=95 mt=R len=7
PKT t=23256 TX ua=95 mt=P len=0
PKT t=23265 RX ua=95 mt=R len=7
PKT t=23270 TX ua=95 mt=P len=0
PKT t=23279 RX ua=95 mt=R len=7
PKT t=23284 TX ua=95 mt=P len=0
PKT t=23313 RX ua=95 mt=R len=7
PKT t=23318 TX ua=95 mt=P len=0
PKT t=23327 RX ua=95 mt=R len=7
PKT t=23332 TX ua=95 mt=P len=0
PKT t=23341 RX ua=95 mt=R len=7
PKT t=23346 TX ua=95 mt=P len=0
PKT t=23355 RX ua=95 mt=R len=7
PKT t=23360 TX ua=95 mt=P len=0
PKT t=23369 RX ua=95 mt=R len=7
PKT t=23374 TX ua=95 mt=T len=7
PKT t=23386 TX ua=95 mt=P len=0
PKT t=23414 RX ua=95 mt=R len=7
PKT t=23419 TX ua=95 mt=P len=0
PKT t=23429 RX ua=95 mt=R len=7
PKT t=23434 TX ua=95 mt=P len=0
PKT t=23444 RX ua=95 mt=R len=7
PKT t=23449 TX ua=95 mt=P len=0
PKT t=23459 RX ua=95 mt=R len=7
PKT t=23464 TX ua=95 mt=P len=0
PKT t=23474 RX ua=95 mt=R len=7
PKT t=23479 TX ua=95 mt=P len=0
PKT t=23489 RX ua=95 mt=R len=7
PKT t=23494 TX ua=95 mt=P len=0
PKT t=23523 RX ua=95 mt=R len=7
PKT t=23528 TX ua=95 mt=P len=0
PKT t=23538 RX ua=95 mt=R len=7
PKT t=23543 TX ua=95 mt=P len=0
PKT t=23553 RX ua=95 mt=R len=7
PKT t=23558 TX ua=95 mt=P len=0
PKT t=23568 RX ua=95 mt=R len=7
PKT t=23573 TX ua=95 mt=P len=0
PKT t=23583 RX ua=95 mt=R len=7
PKT t=23588 TX ua=95 mt=P len=0
PKT t=23598 RX ua=95 mt=R len=7
PKT t=23603 TX ua=95 mt=P len=0
PKT t=23632 RX ua=95 mt=R len=7
PKT t=23637 TX ua=95 mt=T len=7
PKT t=23649 TX ua=95 mt=P len=0
PKT t=23658 RX ua=95 mt=R len=7
PKT t=23663 TX ua=95 mt=P len=0
PKT t=23672 RX ua=95 mt=R len=7
PKT t=23677 TX ua=95 mt=P len=0
PKT t=23686 RX ua=95 mt=R len=7
PKT t=23691 TX ua=95 mt=P len=0
PKT t=23700 RX ua=95 mt=R len=7
PKT t=23705 TX ua=95 mt=P len=0
PKT t=23734 RX ua=95 mt=R len=7
PKT t=23739 TX ua=95 mt=P len=0
PKT t=23748 RX ua=95 mt=R len=7
PKT t=23753 TX ua=95 mt=P len=0
PKT t=23762 RX ua=95 mt=R len=7
PKT t=23767 TX ua=95 mt=P len=0
PKT t=23776 RX ua=95 mt=R len=7
PKT t=23781 TX ua=95 mt=P len=0
PKT t=23790 RX ua=95 mt=R len=7
PKT t=23795 TX ua=95 mt=P len=0
PKT t=23804 RX ua=95 mt=R len=7
PKT t=23809 TX ua=95 mt=P len=0
PKT t=23838 RX ua=95 mt=R len=7
PKT t=23843 TX ua=95 mt=P len=0
PKT t=23852 RX ua=95 mt=R len=7
PKT t=23857 TX ua=95 mt=P len=0
PKT t=23866 RX ua=95 mt=R len=7
PKT t=23871 TX ua=95 mt=T len=7
PKT t=23883 TX ua=95 mt=P len=0
PKT t=23892 RX ua=95 mt=R len=7
PKT t=23897 TX ua=95 mt=P len=0
PKT t=23906 RX ua=95 mt=R len=7
PKT t=23911 TX ua=95 mt=P len=0
PKT t=23940 RX ua=95 mt=R len=7
PKT t=23945 TX ua=95 mt=P len=0
PKT t=23954 RX ua=95 mt=R len=7
PKT t=23959 TX ua=95 mt=P len=0
PKT t=23968 RX ua=95 mt=R len=7
PKT t=23973 TX ua=95 mt=P len=0
PKT t=23982 RX ua=95 mt=R len=7
PKT t=23987 TX ua=95 mt=P len=0
PKT t=23996 RX ua=95 mt=R len=7
PKT t=24001 TX ua=95 mt=P len=0
PKT t=24010 RX ua=95 mt=R len=7
PKT t=24016 TX ua=95 mt=P len=0
PKT t=24044 RX ua=95 mt=R len=7
PKT t=24076 TX ua=95 mt=P len=0
PKT t=24085 RX ua=95 mt=R len=7
PKT t=24090 TX ua=95 mt=P len=0
PKT t=24099 RX ua=95 mt=R len=7
PKT t=24104 TX ua=95 mt=P len=0
PKT t=24113 RX ua=95 mt=R len=7
PKT t=24118 TX ua=95 mt=P len=0
PKT t=24152 RX ua=95 mt=R len=7
PKT t=24157 TX ua=95 mt=T len=7
PKT t=24169 TX ua=95 mt=P len=0
PKT t=24178 RX ua=95 mt=R len=7
PKT t=24183 TX ua=95 mt=P len=0
PKT t=24192 RX ua=95 mt=R len=7
PKT t=24197 TX ua=95 mt=P len=0
PKT t=24206 RX ua=95 mt=R len=7
PKT t=24211 TX ua=95 mt=P len=0
PKT t=24220 RX ua=95 mt=R len=7
PKT t=24225 TX ua=95 mt=P len=0
PKT t=24254 RX ua=95 mt=R len=7
PKT t=24259 TX ua=95 mt=P len=0
PKT t=24268 RX ua=95 mt=R len=7
PKT t=24273 TX ua=95 mt=P len=0
PKT t=24282 RX ua=95 mt=R len=7
PKT t=24287 TX ua=95 mt=P len=0
PKT t=24296 RX ua=95 mt=R len=7
PKT t=24301 TX ua=95 mt=P len=0
PKT t=24310 RX ua=95 mt=R len=7
PKT t=24315 TX ua=95 mt=P len=0
PKT t=24324 RX ua=95 mt=R len=7
PKT t=24329 TX ua=95 mt=P len=0
PKT t=24358 RX ua=95 mt=R len=7
PKT t=24363 TX ua=95 mt=P len=0
PKT t=24372 RX ua=95 mt=R len=7
PKT t=24377 TX ua=95 mt=T len=7
PKT t=24389 TX ua=95 mt=P len=0
PKT t=24398 RX ua=95 mt=R len=7
PKT t=24403 TX ua=95 mt=P len=0
PKT t=24412 RX ua=95 mt=R len=7
PKT t=24417 TX ua=95 mt=P len=0
PKT t=24426 RX ua=95 mt=R len=7
PKT t=24431 TX ua=95 mt=P len=0
PKT t=24460 RX ua=95 mt=R len=7
PKT t=24465 TX ua=95 mt=P len=0
PKT t=24474 RX ua=95 mt=R len=7
PKT t=24479 TX ua=95 mt=P len=0
PKT t=24488 RX ua=95 mt=R len=7
PKT t=24493 TX ua=95 mt=P len=0
PKT t=24502 RX ua=95 mt=R len=7
PKT t=24507 TX ua=95 mt=P len=0
PKT t=24517 RX ua=95 mt=R len=7
PKT t=24522 TX ua=95 mt=P len=0
PKT t=24531 RX ua=95 mt=R len=7
PKT t=24536 TX ua=95 mt=P len=0
PKT t=24565 RX ua=95 mt=R len=7
PKT t=24570 TX ua=95 mt=P len=0
PKT t=24579 RX ua=95 mt=R len=7
PKT t=24584 TX ua=95 mt=P len=0
PKT t=24593 RX ua=95 mt=R len=7
PKT t=24598 TX ua=95 mt=P len=0
PKT t=24607 RX ua=95 mt=R len=7
PKT t=24612 TX ua=95 mt=P len=0
PKT t=24621 RX ua=95 mt=R len=7
PKT t=24626 TX ua=95 mt=T len=7
PKT t=24638 TX ua=95 mt=P len=0
PKT t=24666 RX ua=95 mt=R len=7
PKT t=24671 TX ua=95 mt=P len=0
PKT t=24680 RX ua=95 mt=R len=7
PKT t=24685 TX ua=95 mt=P len=0
PKT t=24694 RX ua=95 mt=R len=7
PKT t=24699 TX ua=95 mt=P len=0
PKT t=24708 RX ua=95 mt=R len=7
PKT t=24713 TX ua=95 mt=P len=0
PKT t=24722 RX ua=95 mt=R len=7
PKT t=24727 TX ua=95 mt=P len=0
PKT t=24736 RX ua=95 mt=R len=7
PKT t=24741 TX ua=95 mt=P len=0
PKT t=24770 RX ua=95 mt=R len=7
PKT t=24775 TX ua=95 mt=P len=0
PKT t=24784 RX ua=95 mt=R len=7
PKT t=24789 TX ua=95 mt=P len=0
PKT t=24798 RX ua=95 mt=R len=7
PKT t=24803 TX ua=95 mt=P len=0
PKT t=24812 RX ua=95 mt=R len=7
PKT t=24817 TX ua=95 mt=P len=0
PKT t=24826 RX ua=95 mt=R len=7
PKT t=24831 TX ua=95 mt=P len=0
PKT t=24840 RX ua=95 mt=R len=7
PKT t=24845 TX ua=95 mt=P len=0
PKT t=24874 RX ua=95 mt=R len=7
PKT t=24879 TX ua=95 mt=T len=7
PKT t=24891 TX ua=95 mt=P len=0
PKT t=24900 RX ua=95 mt=R len=7
PKT t=24905 TX ua=95 mt=P len=0
PKT t=24914 RX ua=95 mt=R len=7
PKT t=24919 TX ua=95 mt=P len=0
PKT t=24928 RX ua=95 mt=R len=7
PKT t=24933 TX ua=95 mt=P len=0
PKT t=24942 RX ua=95 mt=R len=7
PKT t=24947 TX ua=95 mt=P len=0
PKT t=24976 RX ua=95 mt=R len=7
PKT t=24981 TX ua=95 mt=P len=0
PKT t=24990 RX ua=95 mt=R len=7
PKT t=24995 TX ua=95 mt=P len=0
PKT t=25004 RX ua=95 mt=R len=7
PKT t=25009 TX ua=95 mt=P len=0
PKT t=25018 RX ua=95 mt=R len=7
PKT t=25023 TX ua=95 mt=P len=0
PKT t=25032 RX ua=95 mt=R len=7
PKT t=25037 TX ua=95 mt=P len=0
PKT t=25046 RX ua=95 mt=R len=7
PKT t=25076 TX ua=95 mt=P len=0
PKT t=25085 RX ua=95 mt=R len=7
PKT t=25090 TX ua=95 mt=P len=0
PKT t=25099 RX ua=95 mt=R len=7
PKT t=25104 TX ua=95 mt=P len=0
PKT t=25113 RX ua=95 mt=R len=7
PKT t=25118 TX ua=95 mt=P len=0
PKT t=25127 RX ua=95 mt=R len=7
PKT t=25132 TX ua=95 mt=T len=7
PKT t=25144 TX ua=95 mt=P len=0
PKT t=25153 RX ua=95 mt=R len=7
PKT t=25158 TX ua=95 mt=P len=0
PKT t=25187 RX ua=95 mt=R len=7
PKT t=25192 TX ua=95 mt=P len=0
PKT t=25201 RX ua=95 mt=R len=7
PKT t=25206 TX ua=95 mt=P len=0
PKT t=25215 RX ua=95 mt=R len=7
PKT t=25220 TX ua=95 mt=P len=0
PKT t=25229 RX ua=95 mt=R len=7
PKT t=25234 TX ua=95 mt=P len=0
PKT t=25243 RX ua=95 mt=R len=7
PKT t=25248 TX ua=95 mt=P len=0
PKT t=25257 RX ua=95 mt=R len=7
PKT t=25262 TX ua=95 mt=P len=0
PKT t=25291 RX ua=95 mt=R len=7
PKT t=25296 TX ua=95 mt=P len=0
PKT t=25305 RX ua=95 mt=R len=7
PKT t=25310 TX ua=95 mt=P len=0
PKT t=25319 RX ua=95 mt=R len=7
PKT t=25324 TX ua=95 mt=P len=0
PKT t=25333 RX ua=95 mt=R len=7
PKT t=25338 TX ua=95 mt=P len=0
PKT t=25347 RX ua=95 mt=R len=7
PKT t=25352 TX ua=95 mt=P len=0
PKT t=25361 RX ua=95 mt=R len=7
PKT t=25366 TX ua=95 mt=P len=0
PKT t=25395 RX ua=95 mt=R len=7
PKT t=25400 TX ua=95 mt=T len=7
PKT t=25412 TX ua=95 mt=P len=0
PKT t=25422 RX ua=95 mt=R len=7
PKT t=25427 TX ua=95 mt=P len=0
PKT t=25437 RX ua=95 mt=R len=7
PKT t=25442 TX ua=95 mt=P len=0
PKT t=25452 RX ua=95 mt=R len=7
PKT t=25457 TX ua=95 mt=P len=0
PKT t=25467 RX ua=95 mt=R len=7
PKT t=25472 TX ua=95 mt=P len=0
PKT t=25501 RX ua=95 mt=R len=7
PKT t=25506 TX ua=95 mt=P len=0
PKT t=25516 RX ua=95 mt=R len=7
PKT t=25521 TX ua=95 mt=P len=0
PKT t=25531 RX ua=95 mt=R len=7
PKT t=25536 TX ua=95 mt=P len=0
PKT t=25546 RX ua=95 mt=R len=7
PKT t=25551 TX ua=95 mt=P len=0
PKT t=25561 RX ua=95 mt=R len=7
PKT t=25566 TX ua=95 mt=P len=0
PKT t=25576 RX ua=95 mt=R len=7
PKT t=25581 TX ua=95 mt=P len=0
PKT t=25610 RX ua=95 mt=R len=7
PKT t=25615 TX ua=95 mt=P len=0
PKT t=25625 RX ua=95 mt=R len=7
PKT t=25630 TX ua=95 mt=T len=7
PKT t=25642 TX ua=95 mt=P len=0
PKT t=25651 RX ua=95 mt=R len=7
PKT t=25656 TX ua=95 mt=P len=0
PKT t=25665 RX ua=95 mt=R len=7
PKT t=25670 TX ua=95 mt=P len=0
PKT t=25679 RX ua=95 mt=R len=7
PKT t=25684 TX ua=95 mt=P len=0
PKT t=25713 RX ua=95 mt=R len=7
PKT t=25718 TX ua=95 mt=P len=0
PKT t=25727 RX ua=95 mt=R len=7
PKT t=25732 TX ua=95 mt=P len=0
PKT t=25741 RX ua=95 mt=R len=7
PKT t=25746 TX ua=95 mt=P len=0
PKT t=25755 RX ua=95 mt=R len=7
PKT t=25760 TX ua=95 mt=P len=0
PKT t=25769 RX ua=95 mt=R len=7
PKT t=25774 TX ua=95 mt=P len=0
PKT t=25783 RX ua=95 mt=R len=7
PKT t=25788 TX ua=95 mt=P len=0
PKT t=25818 RX ua=95 mt=R len=7
PKT t=25823 TX ua=95 mt=P len=0
PKT t=25832 RX ua=95 mt=R len=7
PKT t=25837 TX ua=95 mt=P len=0
PKT t=25846 RX ua=95 mt=R len=7
PKT t=25851 TX ua=95 mt=P len=0
PKT t=25860 RX ua=95 mt=R len=7
PKT t=25865 TX ua=95 mt=P len=0
PKT t=25874 RX ua=95 mt=R len=7
PKT t=25879 TX ua=95 mt=T len=7
PKT t=25891 TX ua=95 mt=P len=0
PKT t=25919 RX ua=95 mt=R len=7
PKT t=25924 TX ua=95 mt=P len=0
PKT t=25933 RX ua=95 mt=R len=7
PKT t=25938 TX ua=95 mt=P len=0
PKT t=25947 RX ua=95 mt=R len=7
PKT t=25952 TX ua=95 mt=P len=0
PKT t=25961 RX ua=95 mt=R len=7
PKT t=25966 TX ua=95 mt=P len=0
PKT t=25975 RX ua=95 mt=R len=7
PKT t=25980 TX ua=95 mt=P len=0
PKT t=25989 RX ua=95 mt=R len=7
PKT t=25994 TX ua=95 mt=P len=0
PKT t=26023 RX ua=95 mt=R len=7
PKT t=26028 TX ua=95 mt=P len=0
PKT t=26037 RX ua=95 mt=R len=7
PKT t=26042 TX ua=95 mt=P len=0
PKT t=26076 RX ua=95 mt=R len=7
PKT t=26081 TX ua=95 mt=P len=0
PKT t=26090 RX ua=95 mt=R len=7
PKT t=26095 TX ua=95 mt=P len=0
PKT t=26124 RX ua=95 mt=R len=7
PKT t=26129 TX ua=95 mt=T len=7
PKT t=26142 TX ua=95 mt=P len=0
PKT t=26152 RX ua=95 mt=R len=7
PKT t=26157 TX ua=95 mt=T len=7
PKT t=26170 TX ua=95 mt=P len=0
PKT t=26179 RX ua=95 mt=R len=7
PKT t=26184 TX ua=95 mt=P len=0
PKT t=26193 RX ua=95 mt=R len=7
PKT t=26198 TX ua=95 mt=P len=0
PKT t=26227 RX ua=95 mt=R len=7
PKT t=26232 TX ua=95 mt=P len=0
PKT t=26241 RX ua=95 mt=R len=7
PKT t=26246 TX ua=95 mt=P len=0
PKT t=26255 RX ua=95 mt=R len=7
PKT t=26260 TX ua=95 mt=P len=0
PKT t=26269 RX ua=95 mt=R len=7
PKT t=26274 TX ua=95 mt=P len=0
PKT t=26283 RX ua=95 mt=R len=7
PKT t=26288 TX ua=95 mt=P len=0
PKT t=26297 RX ua=95 mt=R len=7
PKT t=26302 TX ua=95 mt=P len=0
PKT t=26331 RX ua=95 mt=R len=7
PKT t=26336 TX ua=95 mt=P len=0
PKT t=26345 RX ua=95 mt=R len=7
PKT t=26350 TX ua=95 mt=P len=0
PKT t=26359 RX ua=95 mt=R len=7
PKT t=26364 TX ua=95 mt=P len=0
PKT t=26373 RX ua=95 mt=R len=7
PKT t=26378 TX ua=95 mt=T len=7
PKT t=26391 TX ua=95 mt=P len=0
PKT t=26400 RX ua=95 mt=R len=7
PKT t=26405 TX ua=95 mt=P len=0
PKT t=26434 RX ua=95 mt=R len=7
PKT t=26439 TX ua=95 mt=P len=0
PKT t=26448 RX ua=95 mt=R len=7
PKT t=26453 TX ua=95 mt=P len=0
PKT t=26462 RX ua=95 mt=R len=7
PKT t=26467 TX ua=95 mt=P len=0
PKT t=26476 RX ua=95 mt=R len=7
PKT t=26481 TX ua=95 mt=P len=0
PKT t=26490 RX ua=95 mt=R len=7
PKT t=26495 TX ua=95 mt=P len=0
PKT t=26504 RX ua=95 mt=R len=7
PKT t=26509 TX ua=95 mt=P len=0
PKT t=26538 RX ua=95 mt=R len=7
PKT t=26543 TX ua=95 mt=P len=0
PKT t=26552 RX ua=95 mt=R len=7
PKT t=26557 TX ua=95 mt=P len=0
PKT t=26566 RX ua=95 mt=R len=7
PKT t=26571 TX ua=95 mt=P len=0
PKT t=26580 RX ua=95 mt=R len=7
PKT t=26585 TX ua=95 mt=P len=0
PKT t=26594 RX ua=95 mt=R len=7
PKT t=26599 TX ua=95 mt=P len=0
PKT t=26608 RX ua=95 mt=R len=7
PKT t=26613 TX ua=95 mt=P len=0
PKT t=26642 RX ua=95 mt=R len=7
PKT t=26647 TX ua=95 mt=T len=7
PKT t=26660 TX ua=95 mt=P len=0
PKT t=26669 RX ua=95 mt=R len=7
PKT t=26674 TX ua=95 mt=P len=0
PKT t=26683 RX ua=95 mt=R len=7
PKT t=26688 TX ua=95 mt=P len=0
PKT t=26697 RX ua=95 mt=R len=7
PKT t=26702 TX ua=95 mt=P len=0
PKT t=26711 RX ua=95 mt=R len=7
PKT t=26716 TX ua=95 mt=P len=0
PKT t=26745 RX ua=95 mt=R len=7
PKT t=26750 TX ua=95 mt=P len=0
PKT t=26759 RX ua=95 mt=R len=7
PKT t=26764 TX ua=95 mt=P len=0
PKT t=26773 RX ua=95 mt=R len=7
PKT t=26778 TX ua=95 mt=P len=0
PKT t=26787 RX ua=95 mt=R len=7
PKT t=26792 TX ua=95 mt=P len=0
PKT t=26801 RX ua=95 mt=R len=7
PKT t=26806 TX ua=95 mt=P len=0
PKT t=26815 RX ua=95 mt=R len=7
PKT t=26820 TX ua=95 mt=P len=0
PKT t=26849 RX ua=95 mt=R len=7
PKT t=26854 TX ua=95 mt=P len=0
PKT t=26863 RX ua=95 mt=R len=7
PKT t=26868 TX ua=95 mt=P len=0
PKT t=26877 RX ua=95 mt=R len=7
PKT t=26882 TX ua=95 mt=T len=7
PKT t=26895 TX ua=95 mt=P len=0
PKT t=26904 RX ua=95 mt=R len=7
PKT t=26909 TX ua=95 mt=P len=0
PKT t=26918 RX ua=95 mt=R len=7
PKT t=26923 TX ua=95 mt=P len=0
PKT t=26952 RX ua=95 mt=R len=7
PKT t=26957 TX ua=95 mt=P len=0
PKT t=26966 RX ua=95 mt=R len=7
PKT t=26971 TX ua=95 mt=P len=0
PKT t=26980 RX ua=95 mt=R len=7
PKT t=26985 TX ua=95 mt=P len=0
PKT t=26994 RX ua=95 mt=R len=7
PKT t=26999 TX ua=95 mt=P len=0
PKT t=27008 RX ua=95 mt=R len=7
PKT t=27013 TX ua=95 mt=P len=0
PKT t=27022 RX ua=95 mt=R len=7
PKT t=27027 TX ua=95 mt=P len=0
PKT t=27076 RX ua=95 mt=R len=7
PKT t=27081 TX ua=95 mt=P len=0
PKT t=27090 RX ua=95 mt=R len=7
PKT t=27095 TX ua=95 mt=P len=0
PKT t=27104 RX ua=95 mt=R len=7
PKT t=27109 TX ua=95 mt=P len=0
PKT t=27118 RX ua=95 mt=R len=7
PKT t=27123 TX ua=95 mt=T len=7
PKT t=27135 TX ua=95 mt=P len=0
PKT t=27158 RX ua=95 mt=R len=7
PKT t=27162 TX ua=95 mt=P len=0
PKT t=27171 RX ua=95 mt=R len=7
PKT t=27176 TX ua=95 mt=P len=0
PKT t=27185 RX ua=95 mt=R len=7
PKT t=27190 TX ua=95 mt=P len=0
PKT t=27199 RX ua=95 mt=R len=7
PKT t=27204 TX ua=95 mt=P len=0
PKT t=27213 RX ua=95 mt=R len=7
PKT t=27218 TX ua=95 mt=P len=0
PKT t=27227 RX ua=95 mt=R len=7
PKT t=27232 TX ua=95 mt=P len=0
PKT t=27261 RX ua=95 mt=R len=7
PKT t=27266 TX ua=95 mt=P len=0
PKT t=27275 RX ua=95 mt=R len=7
PKT t=27280 TX ua=95 mt=P len=0
PKT t=27289 RX ua=95 mt=R len=7
PKT t=27294 TX ua=95 mt=P len=0
PKT t=27303 RX ua=95 mt=R len=7
PKT t=27308 TX ua=95 mt=P len=0
PKT t=27317 RX ua=95 mt=R len=7
PKT t=27322 TX ua=95 mt=P len=0
PKT t=27331 RX ua=95 mt=R len=7
PKT t=27336 TX ua=95 mt=P len=0
PKT t=27365 RX ua=95 mt=R len=7
PKT t=27370 TX ua=95 mt=T len=7
PKT t=27382 TX ua=95 mt=P len=0
PKT t=27392 RX ua=95 mt=R len=7
PKT t=27397 TX ua=95 mt=P len=0
PKT t=27407 RX ua=95 mt=R len=7
PKT t=27412 TX ua=95 mt=P len=0
PKT t=27422 RX ua=95 mt=R len=7
PKT t=27427 TX ua=95 mt=P len=0
PKT t=27437 RX ua=95 mt=R len=7
PKT t=27442 TX ua=95 mt=P len=0
PKT t=27471 RX ua=95 mt=R len=7
PKT t=27476 TX ua=95 mt=P len=0
PKT t=27486 RX ua=95 mt=R len=7
PKT t=27491 TX ua=95 mt=P len=0
PKT t=27501 RX ua=95 mt=R len=7
PKT t=27506 TX ua=95 mt=P len=0
PKT t=27516 RX ua=95 mt=R len=7
PKT t=27521 TX ua=95 mt=P len=0
PKT t=27531 RX ua=95 mt=R len=7
PKT t=27536 TX ua=95 mt=P len=0
PKT t=27546 RX ua=95 mt=R len=7
PKT t=27551 TX ua=95 mt=P len=0
PKT t=27580 RX ua=95 mt=R len=7
PKT t=27585 TX ua=95 mt=P len=0
PKT t=27595 RX ua=95 mt=R len=7
PKT t=27600 TX ua=95 mt=P len=0
PKT t=27610 RX ua=95 mt=R len=7
PKT t=27615 TX ua=95 mt=P len=0
PKT t=27625 RX ua=95 mt=R len=7
PKT t=27630 TX ua=95 mt=T len=7
PKT t=27642 TX ua=95 mt=P len=0
PKT t=27651 RX ua=95 mt=R len=7
PKT t=27656 TX ua=95 mt=P len=0
PKT t=27685 RX ua=95 mt=R len=7
PKT t=27690 TX ua=95 mt=P len=0
PKT t=27699 RX ua=95 mt=R len=7
PKT t=27704 TX ua=95 mt=P len=0
PKT t=27713 RX ua=95 mt=R len=7
PKT t=27718 TX ua=95 mt=P len=0
PKT t=27727 RX ua=95 mt=R len=7
PKT t=27732 TX ua=95 mt=P len=0
PKT t=27741 RX ua=95 mt=R len=7
PKT t=27746 TX ua=95 mt=P len=0
PKT t=27755 RX ua=95 mt=R len=7
PKT t=27760 TX ua=95 mt=P len=0
PKT t=27789 RX ua=95 mt=R len=7
PKT t=27794 TX ua=95 mt=P len=0
PKT t=27803 RX ua=95 mt=R len=7
PKT t=27808 TX ua=95 mt=P len=0
PKT t=27817 RX ua=95 mt=R len=7
PKT t=27822 TX ua=95 mt=P len=0
PKT t=27831 RX ua=95 mt=R len=7
PKT t=27836 TX ua=95 mt=P len=0
PKT t=27845 RX ua=95 mt=R len=7
PKT t=27850 TX ua=95 mt=P len=0
PKT t=27859 RX ua=95 mt=R len=7
PKT t=27864 TX ua=95 mt=P len=0
PKT t=27893 RX ua=95 mt=R len=7
PKT t=27898 TX ua=95 mt=T len=7
PKT t=27910 TX ua=95 mt=P len=0
PKT t=27919 RX ua=95 mt=R len=7
PKT t=27924 TX ua=95 mt=P len=0
PKT t=27933 RX ua=95 mt=R len=7
PKT t=27938 TX ua=95 mt=P len=0
PKT t=27947 RX ua=95 mt=R len=7
PKT t=27952 TX ua=95 mt=P len=0
PKT t=27961 RX ua=95 mt=R len=7
PKT t=27966 TX ua=95 mt=P len=0
PKT t=27995 RX ua=95 mt=R len=7
PKT t=28000 TX ua=95 mt=P len=0
PKT t=28009 RX ua=95 mt=R len=7
PKT t=28018 TX ua=95 mt=P len=0
PKT t=28027 RX ua=95 mt=R len=7
PKT t=28032 TX ua=95 mt=P len=0
PKT t=28041 RX ua=95 mt=R len=7
PKT t=28046 TX ua=95 mt=P len=0
PKT t=28076 RX ua=95 mt=R len=7
PKT t=28331 TX ua=96 mt=P len=0
PKT t=28589 TX ua=95 mt=P len=0
PKT t=28598 RX ua=95 mt=R len=7
PKT t=28603 TX ua=95 mt=T len=7
PKT t=28615 TX ua=95 mt=P len=0
PKT t=28624 RX ua=95 mt=R len=7
PKT t=28629 TX ua=95 mt=T len=7
PKT t=28641 TX ua=95 mt=P len=0
PKT t=28650 RX ua=95 mt=R len=7
PKT t=28655 TX ua=95 mt=P len=0
PKT t=28664 RX ua=95 mt=R len=7
PKT t=28669 TX ua=95 mt=P len=0
PKT t=28698 RX ua=95 mt=R len=7
PKT t=28703 TX ua=95 mt=P len=0
PKT t=28712 RX ua=95 mt=R len=7
PKT t=28717 TX ua=95 mt=P len=0
PKT t=28726 RX ua=95 mt=R len=7
PKT t=28731 TX ua=95 mt=P len=0
PKT t=28740 RX ua=95 mt=R len=7
PKT t=28745 TX ua=95 mt=P len=0
PKT t=28754 RX ua=95 mt=R len=7
PKT t=28759 TX ua=95 mt=P len=0
PKT t=28768 RX ua=95 mt=R len=7
PKT t=28773 TX ua=95 mt=P len=0
PKT t=28802 RX ua=95 mt=R len=7
PKT t=28807 TX ua=95 mt=P len=0
PKT t=28816 RX ua=95 mt=R len=7
PKT t=28821 TX ua=95 mt=P len=0
PKT t=28830 RX ua=95 mt=R len=7
PKT t=28835 TX ua=95 mt=P len=0
PKT t=28844 RX ua=95 mt=R len=7
PKT t=28849 TX ua=95 mt=P len=0
PKT t=28858 RX ua=95 mt=R len=7
PKT t=28863 TX ua=95 mt=P len=0
PKT t=28872 RX ua=95 mt=R len=7
PKT t=28877 TX ua=95 mt=T len=7
PKT t=28889 TX ua=95 mt=P len=0
PKT t=28908 RX ua=95 mt=R len=7
PKT t=28913 TX ua=95 mt=P len=0
PKT t=28922 RX ua=95 mt=R len=7
PKT t=28927 TX ua=95 mt=P len=0
PKT t=28936 RX ua=95 mt=R len=7
PKT t=28941 TX ua=95 mt=P len=0
PKT t=28950 RX ua=95 mt=R len=7
PKT t=28955 TX ua=95 mt=P len=0
PKT t=28964 RX ua=95 mt=R len=7
PKT t=28969 TX ua=95 mt=P len=0
PKT t=28978 RX ua=95 mt=R len=7
PKT t=28983 TX ua=95 mt=P len=0
PKT t=29012 RX ua=95 mt=R len=7
PKT t=29017 TX ua=95 mt=P len=0
PKT t=29026 RX ua=95 mt=R len=7
PKT t=29031 TX ua=95 mt=P len=0
PKT t=29040 RX ua=95 mt=R len=7
PKT t=29045 TX ua=95 mt=P len=0
PKT t=29076 RX ua=95 mt=R len=7
PKT t=29331 TX ua=96 mt=P len=0
PKT t=29589 TX ua=95 mt=P len=0
PKT t=29598 RX ua=95 mt=R len=7
PKT t=29603 TX ua=95 mt=T len=7
PKT t=29616 TX ua=95 mt=P len=0
PKT t=29626 RX ua=95 mt=R len=7
PKT t=29631 TX ua=95 mt=T len=7
PKT t=29644 TX ua=95 mt=P len=0
PKT t=29653 RX ua=95 mt=R len=7
PKT t=29658 TX ua=95 mt=P len=0
PKT t=29667 RX ua=95 mt=R len=7
PKT t=29672 TX ua=95 mt=P len=0
PKT t=29681 RX ua=95 mt=R len=7
PKT t=29686 TX ua=95 mt=P len=0
PKT t=29715 RX ua=95 mt=R len=7
PKT t=29720 TX ua=95 mt=P len=0
PKT t=29729 RX ua=95 mt=R len=7
PKT t=29734 TX ua=95 mt=P len=0
PKT t=29743 RX ua=95 mt=R len=7
PKT t=29748 TX ua=95 mt=P len=0
PKT t=29757 RX ua=95 mt=R len=7
PKT t=29762 TX ua=95 mt=P len=0
PKT t=29771 RX ua=95 mt=R len=7
PKT t=29776 TX ua=95 mt=P len=0
PKT t=29785 RX ua=95 mt=R len=7
PKT t=29790 TX ua=95 mt=P len=0
PKT t=29819 RX ua=95 mt=R len=7
PKT t=29824 TX ua=95 mt=P len=0
PKT t=29833 RX ua=95 mt=R len=7
PKT t=29838 TX ua=95 mt=P len=0
PKT t=29848 RX ua=95 mt=R len=7
PKT t=29853 TX ua=95 mt=P len=0
PKT t=29862 RX ua=95 mt=R len=7
PKT t=29867 TX ua=95 mt=P len=0
PKT t=29876 RX ua=95 mt=R len=7
PKT t=29881 TX ua=95 mt=T len=7
PKT t=29894 TX ua=95 mt=P len=0
PKT t=29921 RX ua=95 mt=R len=7
PKT t=29926 TX ua=95 mt=P len=0
PKT t=29935 RX ua=95 mt=R len=7
PKT t=29940 TX ua=95 mt=P len=0
PKT t=29949 RX ua=95 mt=R len=7
PKT t=29954 TX ua=95 mt=P len=0
PKT t=29963 RX ua=95 mt=R len=7
PKT t=29968 TX ua=95 mt=P len=0
PKT t=29977 RX ua=95 mt=R len=7
PKT t=29982 TX ua=95 mt=P len=0
PKT t=29991 RX ua=95 mt=R len=7
PKT t=29996 TX ua=95 mt=P len=0
PKT t=30025 RX ua=95 mt=R len=7
PKT t=30030 TX ua=95 mt=P len=0
PKT t=30039 RX ua=95 mt=R len=7
PKT t=30044 TX ua=95 mt=P len=0
PKT t=30076 RX ua=95 mt=R len=7
PKT t=30081 TX ua=95 mt=P len=0
PKT t=30090 RX ua=95 mt=R len=7
PKT t=30095 TX ua=95 mt=P len=0
PKT t=30125 RX ua=95 mt=R len=7
PKT t=30130 TX ua=95 mt=T len=7
PKT t=30142 TX ua=95 mt=P len=0
PKT t=30151 RX ua=95 mt=R len=7
PKT t=30156 TX ua=95 mt=P len=0
PKT t=30165 RX ua=95 mt=R len=7
PKT t=30170 TX ua=95 mt=P len=0
PKT t=30179 RX ua=95 mt=R len=7
PKT t=30184 TX ua=95 mt=P len=0
PKT t=30193 RX ua=95 mt=R len=7
PKT t=30198 TX ua=95 mt=P len=0
PKT t=30227 RX ua=95 mt=R len=7
PKT t=30232 TX ua=95 mt=P len=0
PKT t=30241 RX ua=95 mt=R len=7
PKT t=30246 TX ua=95 mt=P len=0
PKT t=30255 RX ua=95 mt=R len=7
PKT t=30260 TX ua=95 mt=P len=0
PKT t=30269 RX ua=95 mt=R len=7
PKT t=30274 TX ua=95 mt=P len=0
PKT t=30283 RX ua=95 mt=R len=7
PKT t=30288 TX ua=95 mt=P len=0
PKT t=30297 RX ua=95 mt=R len=7
PKT t=30302 TX ua=95 mt=P len=0
PKT t=30331 RX ua=95 mt=R len=7
PKT t=30336 TX ua=95 mt=P len=0
PKT t=30345 RX ua=95 mt=R len=7
PKT t=30350 TX ua=95 mt=P len=0
PKT t=30359 RX ua=95 mt=R len=7
PKT t=30364 TX ua=95 mt=P len=0
PKT t=30373 RX ua=95 mt=R len=7
PKT t=30378 TX ua=95 mt=T len=7
PKT t=30390 TX ua=95 mt=P len=0
PKT t=30399 RX ua=95 mt=R len=7
PKT t=30404 TX ua=95 mt=P len=0
PKT t=30433 RX ua=95 mt=R len=7
PKT t=30438 TX ua=95 mt=P len=0
PKT t=30447 RX ua=95 mt=R len=7
PKT t=30452 TX ua=95 mt=P len=0
PKT t=30461 RX ua=95 mt=R len=7
PKT t=30466 TX ua=95 mt=P len=0
PKT t=30475 RX ua=95 mt=R len=7
PKT t=30480 TX ua=95 mt=P len=0
PKT t=30489 RX ua=95 mt=R len=7
PKT t=30494 TX ua=95 mt=P len=0
PKT t=30503 RX ua=95 mt=R len=7
PKT t=30508 TX ua=95 mt=P len=0
PKT t=30537 RX ua=95 mt=R len=7
PKT t=30542 TX ua=95 mt=P len=0
PKT t=30551 RX ua=95 mt=R len=7
PKT t=30556 TX ua=95 mt=P len=0
PKT t=30565 RX ua=95 mt=R len=7
PKT t=30570 TX ua=95 mt=P len=0
PKT t=30579 RX ua=95 mt=R len=7
PKT t=30584 TX ua=95 mt=P len=0
PKT t=30593 RX ua=95 mt=R len=7
PKT t=30598 TX ua=95 mt=P len=0
PKT t=30607 RX ua=95 mt=R len=7
PKT t=30612 TX ua=95 mt=P len=0
PKT t=30641 RX ua=95 mt=R len=7
PKT t=30646 TX ua=95 mt=T len=7
PKT t=30658 TX ua=95 mt=P len=0
PKT t=30667 RX ua=95 mt=R len=7
PKT t=30672 TX ua=95 mt=P len=0
PKT t=30681 RX ua=95 mt=R len=7
PKT t=30686 TX ua=95 mt=P len=0
PKT t=30695 RX ua=95 mt=R len=7
PKT t=30700 TX ua=95 mt=P len=0
PKT t=30709 RX ua=95 mt=R len=7
PKT t=30714 TX ua=95 mt=P len=0
PKT t=30743 RX ua=95 mt=R len=7
PKT t=30748 TX ua=95 mt=P len=0
PKT t=30757 RX ua=95 mt=R len=7
PKT t=30762 TX ua=95 mt=P len=0
PKT t=30771 RX ua=95 mt=R len=7
PKT t=30776 TX ua=95 mt=P len=0
PKT t=30785 RX ua=95 mt=R len=7
PKT t=30790 TX ua=95 mt=P len=0
PKT t=30799 RX ua=95 mt=R len=7
PKT t=30804 TX ua=95 mt=P len=0
PKT t=30813 RX ua=95 mt=R len=7
PKT t=30818 TX ua=95 mt=P len=0
PKT t=30847 RX ua=95 mt=R len=7
PKT t=30852 TX ua=95 mt=P len=0
PKT t=30861 RX ua=95 mt=R len=7
PKT t=30866 TX ua=95 mt=P len=0
PKT t=30875 RX ua=95 mt=R len=7
PKT t=30880 TX ua=95 mt=T len=7
PKT t=30892 TX ua=95 mt=P len=0
PKT t=30901 RX ua=95 mt=R len=7
PKT t=30906 TX ua=95 mt=P len=0
PKT t=30915 RX ua=95 mt=R len=7
PKT t=30920 TX ua=95 mt=P len=0
PKT t=30949 RX ua=95 mt=R len=7
PKT t=30954 TX ua=95 mt=P len=0
PKT t=30963 RX ua=95 mt=R len=7
PKT t=30968 TX ua=95 mt=P len=0
PKT t=30977 RX ua=95 mt=R len=7
PKT t=30982 TX ua=95 mt=P len=0
PKT t=30991 RX ua=95 mt=R len=7
PKT t=30996 TX ua=95 mt=P len=0
PKT t=31005 RX ua=95 mt=R len=7
PKT t=31010 TX ua=95 mt=P len=0
PKT t=31019 RX ua=95 mt=R len=7
PKT t=31024 TX ua=95 mt=P len=0
PKT t=31076 RX ua=95 mt=R len=7
PKT t=31081 TX ua=95 mt=P len=0
PKT t=31090 RX ua=95 mt=R len=7
PKT t=31095 TX ua=95 mt=P len=0
PKT t=31104 RX ua=95 mt=R len=7
PKT t=31109 TX ua=95 mt=P len=0
PKT t=31118 RX ua=95 mt=R len=7
PKT t=31123 TX ua=95 mt=T len=7
PKT t=31135 TX ua=95 mt=P len=0
PKT t=31155 RX ua=95 mt=R len=7
PKT t=31160 TX ua=95 mt=P len=0
PKT t=31169 RX ua=95 mt=R len=7
PKT t=31174 TX ua=95 mt=P len=0
PKT t=31183 RX ua=95 mt=R len=7
PKT t=31188 TX ua=95 mt=P len=0
PKT t=31197 RX ua=95 mt=R len=7
PKT t=31202 TX ua=95 mt=P len=0
PKT t=31211 RX ua=95 mt=R len=7
PKT t=31216 TX ua=95 mt=P len=0
PKT t=31225 RX ua=95 mt=R len=7
PKT t=31230 TX ua=95 mt=P len=0
PKT t=31259 RX ua=95 mt=R len=7
PKT t=31264 TX ua=95 mt=P len=0
PKT t=31273 RX ua=95 mt=R len=7
PKT t=31278 TX ua=95 mt=P len=0
PKT t=31287 RX ua=95 mt=R len=7
PKT t=31292 TX ua=95 mt=P len=0
PKT t=31301 RX ua=95 mt=R len=7
PKT t=31306 TX ua=95 mt=P len=0
PKT t=31315 RX ua=95 mt=R len=7
PKT t=31320 TX ua=95 mt=P len=0
PKT t=31329 RX ua=95 mt=R len=7
PKT t=31334 TX ua=95 mt=P len=0
PKT t=31363 RX ua=95 mt=R len=7
PKT t=31368 TX ua=95 mt=P len=0
PKT t=31377 RX ua=95 mt=R len=7
PKT t=31382 TX ua=95 mt=T len=7
PKT t=31394 TX ua=95 mt=P len=0
PKT t=31404 RX ua=95 mt=R len=7
PKT t=31409 TX ua=95 mt=P len=0
PKT t=31419 RX ua=95 mt=R len=7
PKT t=31424 TX ua=95 mt=P len=0
PKT t=31434 RX ua=95 mt=R len=7
PKT t=31439 TX ua=95 mt=P len=0
PKT t=31468 RX ua=95 mt=R len=7
PKT t=31473 TX ua=95 mt=P len=0
PKT t=31483 RX ua=95 mt=R len=7
PKT t=31488 TX ua=95 mt=P len=0
PKT t=31498 RX ua=95 mt=R len=7
PKT t=31503 TX ua=95 mt=P len=0
PKT t=31513 RX ua=95 mt=R len=7
PKT t=31518 TX ua=95 mt=P len=0
PKT t=31528 RX ua=95 mt=R len=7
PKT t=31533 TX ua=95 mt=P len=0
PKT t=31543 RX ua=95 mt=R len=7
PKT t=31548 TX ua=95 mt=P len=0
PKT t=31577 RX ua=95 mt=R len=7
PKT t=31582 TX ua=95 mt=P len=0
PKT t=31592 RX ua=95 mt=R len=7
PKT t=31597 TX ua=95 mt=P len=0
PKT t=31607 RX ua=95 mt=R len=7
PKT t=31612 TX ua=95 mt=P len=0
PKT t=31622 RX ua=95 mt=R len=7
PKT t=31627 TX ua=95 mt=T len=7
PKT t=31639 TX ua=95 mt=P len=0
PKT t=31648 RX ua=95 mt=R len=7
PKT t=31653 TX ua=95 mt=P len=0
PKT t=31682 RX ua=95 mt=R len=7
PKT t=31687 TX ua=95 mt=P len=0
PKT t=31696 RX ua=95 mt=R len=7
PKT t=31701 TX ua=95 mt=P len=0
PKT t=31710 RX ua=95 mt=R len=7
PKT t=31715 TX ua=95 mt=P len=0
PKT t=31724 RX ua=95 mt=R len=7
PKT t=31729 TX ua=95 mt=P len=0
PKT t=31738 RX ua=95 mt=R len=7
PKT t=31743 TX ua=95 mt=P len=0
PKT t=31752 RX ua=95 mt=R len=7
PKT t=31757 TX ua=95 mt=P len=0
PKT t=31786 RX ua=95 mt=R len=7
PKT t=31791 TX ua=95 mt=P len=0
PKT t=31800 RX ua=95 mt=R len=7
PKT t=31805 TX ua=95 mt=P len=0
PKT t=31814 RX ua=95 mt=R len=7
PKT t=31819 TX ua=95 mt=P len=0
PKT t=31828 RX ua=95 mt=R len=7
PKT t=31833 TX ua=95 mt=P len=0
PKT t=31842 RX ua=95 mt=R len=7
PKT t=31847 TX ua=95 mt=P len=0
PKT t=31856 RX ua=95 mt=R len=7
PKT t=31861 TX ua=95 mt=P len=0
PKT t=31890 RX ua=95 mt=R len=7
PKT t=31895 TX ua=95 mt=T len=7
PKT t=31907 TX ua=95 mt=P len=0
PKT t=31916 RX ua=95 mt=R len=7
PKT t=31921 TX ua=95 mt=P len=0
PKT t=31930 RX ua=95 mt=R len=7
PKT t=31935 TX ua=95 mt=P len=0
PKT t=31944 RX ua=95 mt=R len=7
PKT t=31949 TX ua=95 mt=P len=0
PKT t=31958 RX ua=95 mt=R len=7
PKT t=31963 TX ua=95 mt=P len=0
PKT t=31992 RX ua=95 mt=R len=7
PKT t=31997 TX ua=95 mt=P len=0
PKT t=32006 RX ua=95 mt=R len=7
PKT t=32011 TX ua=95 mt=P len=0
PKT t=32020 RX ua=95 mt=R len=7
PKT t=32025 TX ua=95 mt=P len=0
PKT t=32034 RX ua=95 mt=R len=7
PKT t=32039 TX ua=95 mt=P len=0
PKT t=32076 RX ua=95 mt=R len=7
PKT t=32081 TX ua=95 mt=P len=0
PKT t=32092 RX ua=95 mt=R len=7
PKT t=32097 TX ua=95 mt=P len=0
PKT t=32106 RX ua=95 mt=R len=7
PKT t=32111 TX ua=95 mt=P len=0
PKT t=32120 RX ua=95 mt=R len=7
PKT t=32125 TX ua=95 mt=T len=7
PKT t=32137 TX ua=95 mt=P len=0
PKT t=32146 RX ua=95 mt=R len=7
PKT t=32151 TX ua=95 mt=P len=0
PKT t=32160 RX ua=95 mt=R len=7
PKT t=32165 TX ua=95 mt=P len=0
PKT t=32199 RX ua=95 mt=R len=7
PKT t=32204 TX ua=95 mt=P len=0
PKT t=32213 RX ua=95 mt=R len=7
PKT t=32218 TX ua=95 mt=P len=0
PKT t=32227 RX ua=95 mt=R len=7
PKT t=32232 TX ua=95 mt=P len=0
PKT t=32241 RX ua=95 mt=R len=7
PKT t=32246 TX ua=95 mt=P len=0
PKT t=32255 RX ua=95 mt=R len=7
PKT t=32260 TX ua=95 mt=P len=0
PKT t=32269 RX ua=95 mt=R len=7
PKT t=32274 TX ua=95 mt=P len=0
PKT t=32303 RX ua=95 mt=R len=7
PKT t=32308 TX ua=95 mt=P len=0
PKT t=32317 RX ua=95 mt=R len=7
PKT t=32322 TX ua=95 mt=P len=0
PKT t=32331 RX ua=95 mt=R len=7
PKT t=32336 TX ua=95 mt=P len=0
PKT t=32345 RX ua=95 mt=R len=7
PKT t=32350 TX ua=95 mt=P len=0
PKT t=32359 RX ua=95 mt=R len=7
PKT t=32364 TX ua=95 mt=P len=0
PKT t=32373 RX ua=95 mt=R len=7
PKT t=32378 TX ua=95 mt=T len=7
PKT t=32390 TX ua=95 mt=P len=0
PKT t=32409 RX ua=95 mt=R len=7
PKT t=32414 TX ua=95 mt=P len=0
PKT t=32423 RX ua=95 mt=R len=7
PKT t=32428 TX ua=95 mt=P len=0
PKT t=32437 RX ua=95 mt=R len=7
PKT t=32442 TX ua=95 mt=P len=0
PKT t=32451 RX ua=95 mt=R len=7
PKT t=32456 TX ua=95 mt=P len=0
PKT t=32465 RX ua=95 mt=R len=7
PKT t=32470 TX ua=95 mt=P len=0
PKT t=32479 RX ua=95 mt=R len=7
PKT t=32484 TX ua=95 mt=P len=0
PKT t=32513 RX ua=95 mt=R len=7
PKT t=32518 TX ua=95 mt=P len=0
PKT t=32527 RX ua=95 mt=R len=7
PKT t=32532 TX ua=95 mt=P len=0
PKT t=32541 RX ua=95 mt=R len=7
PKT t=32546 TX ua=95 mt=P len=0
PKT t=32555 RX ua=95 mt=R len=7
PKT t=32560 TX ua=95 mt=P len=0
PKT t=32569 RX ua=95 mt=R len=7
PKT t=32574 TX ua=95 mt=P len=0
PKT t=32583 RX ua=95 mt=R len=7
PKT t=32588 TX ua=95 mt=P len=0
PKT t=32617 RX ua=95 mt=R len=7
PKT t=32622 TX ua=95 mt=T len=7
PKT t=32634 TX ua=95 mt=P len=0
PKT t=32643 RX ua=95 mt=R len=7
PKT t=32648 TX ua=95 mt=P len=0
PKT t=32657 RX ua=95 mt=R len=7
PKT t=32662 TX ua=95 mt=P len=0
PKT t=32671 RX ua=95 mt=R len=7
PKT t=32676 TX ua=95 mt=P len=0
PKT t=32685 RX ua=95 mt=R len=7
PKT t=32690 TX ua=95 mt=P len=0
PKT t=32719 RX ua=95 mt=R len=7
PKT t=32724 TX ua=95 mt=P len=0
PKT t=32733 RX ua=95 mt=R len=7
PKT t=32738 TX ua=95 mt=P len=0
PKT t=32747 RX ua=95 mt=R len=7
PKT t=32752 TX ua=95 mt=P len=0
PKT t=32761 RX ua=95 mt=R len=7
PKT t=32766 TX ua=95 mt=P len=0
PKT t=32775 RX ua=95 mt=R len=7
PKT t=32780 TX ua=95 mt=P len=0
PKT t=32789 RX ua=95 mt=R len=7
PKT t=32794 TX ua=95 mt=P len=0
PKT t=32823 RX ua=95 mt=R len=7
PKT t=32828 TX ua=95 mt=P len=0
PKT t=32837 RX ua=95 mt=R len=7
PKT t=32842 TX ua=95 mt=P len=0
PKT t=32851 RX ua=95 mt=R len=7
PKT t=32856 TX ua=95 mt=P len=0
PKT t=32865 RX ua=95 mt=R len=7
PKT t=32870 TX ua=95 mt=T len=7
PKT t=32882 TX ua=95 mt=P len=0
PKT t=32891 RX ua=95 mt=R len=7
PKT t=32896 TX ua=95 mt=P len=0
PKT t=32925 RX ua=95 mt=R len=7
PKT t=32930 TX ua=95 mt=P len=0
PKT t=32939 RX ua=95 mt=R len=7
PKT t=32944 TX ua=95 mt=P len=0
PKT t=32953 RX ua=95 mt=R len=7
PKT t=32958 TX ua=95 mt=P len=0
PKT t=32967 RX ua=95 mt=R len=7
PKT t=32972 TX ua=95 mt=P len=0
PKT t=32981 RX ua=95 mt=R len=7
PKT t=32986 TX ua=95 mt=P len=0
PKT t=32995 RX ua=95 mt=R len=7
PKT t=33000 TX ua=95 mt=P len=0
PKT t=33029 RX ua=95 mt=R len=7
PKT t=33034 TX ua=95 mt=P len=0
PKT t=33043 RX ua=95 mt=R len=7
PKT t=33076 TX ua=95 mt=P len=0
PKT t=33085 RX ua=95 mt=R len=7
PKT t=33090 TX ua=95 mt=P len=0
PKT t=33099 RX ua=95 mt=R len=7
PKT t=33104 TX ua=95 mt=P len=0
PKT t=33133 RX ua=95 mt=R len=7
PKT t=33138 TX ua=95 mt=T len=7
PKT t=33150 TX ua=95 mt=P len=0
PKT t=33159 RX ua=95 mt=R len=7
PKT t=33164 TX ua=95 mt=P len=0
PKT t=33173 RX ua=95 mt=R len=7
PKT t=33178 TX ua=95 mt=P len=0
PKT t=33187 RX ua=95 mt=R len=7
PKT t=33192 TX ua=95 mt=P len=0
PKT t=33201 RX ua=95 mt=R len=7
PKT t=33206 TX ua=95 mt=P len=0
PKT t=33235 RX ua=95 mt=R len=7
PKT t=33240 TX ua=95 mt=P len=0
PKT t=33249 RX ua=95 mt=R len=7
PKT t=33254 TX ua=95 mt=P len=0
PKT t=33263 RX ua=95 mt=R len=7
PKT t=33268 TX ua=95 mt=P len=0
PKT t=33277 RX ua=95 mt=R len=7
PKT t=33282 TX ua=95 mt=P len=0
PKT t=33291 RX ua=95 mt=R len=7
PKT t=33296 TX ua=95 mt=P len=0
PKT t=33305 RX ua=95 mt=R len=7
PKT t=33310 TX ua=95 mt=P len=0
PKT t=33339 RX ua=95 mt=R len=7
PKT t=33344 TX ua=95 mt=P len=0
PKT t=33353 RX ua=95 mt=R len=7
PKT t=33358 TX ua=95 mt=P len=0
PKT t=33368 RX ua=95 mt=R len=7
PKT t=33373 TX ua=95 mt=T len=7
PKT t=33385 TX ua=95 mt=P len=0
PKT t=33395 RX ua=95 mt=R len=7
PKT t=33400 TX ua=95 mt=P len=0
PKT t=33410 RX ua=95 mt=R len=7
PKT t=33415 TX ua=95 mt=P len=0
PKT t=33445 RX ua=95 mt=R len=7
PKT t=33450 TX ua=95 mt=P len=0
PKT t=33460 RX ua=95 mt=R len=7
PKT t=33465 TX ua=95 mt=P len=0
PKT t=33475 RX ua=95 mt=R len=7
PKT t=33480 TX ua=95 mt=P len=0
PKT t=33490 RX ua=95 mt=R len=7
PKT t=33495 TX ua=95 mt=P len=0
PKT t=33505 RX ua=95 mt=R len=7
PKT t=33510 TX ua=95 mt=P len=0
PKT t=33543 RX ua=95 mt=R len=7
PKT t=33548 TX ua=95 mt=P len=0
PKT t=33558 RX ua=95 mt=R len=7
PKT t=33563 TX ua=95 mt=P len=0
PKT t=33573 RX ua=95 mt=R len=7
PKT t=33578 TX ua=95 mt=P len=0
PKT t=33588 RX ua=95 mt=R len=7
PKT t=33593 TX ua=95 mt=P len=0
PKT t=33603 RX ua=95 mt=R len=7
PKT t=33608 TX ua=95 mt=P len=0
PKT t=33618 RX ua=95 mt=R len=7
PKT t=33623 TX ua=95 mt=T len=7
PKT t=33635 TX ua=95 mt=P len=0
PKT t=33654 RX ua=95 mt=R len=7
PKT t=33659 TX ua=95 mt=P len=0
PKT t=33668 RX ua=95 mt=R len=7
PKT t=33673 TX ua=95 mt=P len=0
PKT t=33682 RX ua=95 mt=R len=7
PKT t=33687 TX ua=95 mt=P len=0
PKT t=33696 RX ua=95 mt=R len=7
PKT t=33701 TX ua=95 mt=P len=0
PKT t=33710 RX ua=95 mt=R len=7
PKT t=33715 TX ua=95 mt=P len=0
PKT t=33724 RX ua=95 mt=R len=7
PKT t=33729 TX ua=95 mt=P len=0
PKT t=33758 RX ua=95 mt=R len=7
PKT t=33763 TX ua=95 mt=P len=0
PKT t=33772 RX ua=95 mt=R len=7
PKT t=33777 TX ua=95 mt=P len=0
PKT t=33786 RX ua=95 mt=R len=7
PKT t=33791 TX ua=95 mt=P len=0
PKT t=33800 RX ua=95 mt=R len=7
PKT t=33805 TX ua=95 mt=P len=0
PKT t=33814 RX ua=95 mt=R len=7
PKT t=33819 TX ua=95 mt=P len=0
PKT t=33828 RX ua=95 mt=R len=7
PKT t=33833 TX ua=95 mt=P len=0
PKT t=33862 RX ua=95 mt=R len=7
PKT t=33867 TX ua=95 mt=P len=0
PKT t=33876 RX ua=95 mt=R len=7
PKT t=33881 TX ua=95 mt=T len=7
PKT t=33893 TX ua=95 mt=P len=0
PKT t=33902 RX ua=95 mt=R len=7
PKT t=33907 TX ua=95 mt=P len=0
PKT t=33916 RX ua=95 mt=R len=7
PKT t=33921 TX ua=95 mt=P len=0
PKT t=33930 RX ua=95 mt=R len=7
PKT t=33935 TX ua=95 mt=P len=0
PKT t=33965 RX ua=95 mt=R len=7
PKT t=33970 TX ua=95 mt=P len=0
PKT t=33979 RX ua=95 mt=R len=7
PKT t=33984 TX ua=95 mt=P len=0
PKT t=33993 RX ua=95 mt=R len=7
PKT t=33998 TX ua=95 mt=P len=0
PKT t=34007 RX ua=95 mt=R len=7
PKT t=34012 TX ua=95 mt=P len=0
PKT t=34021 RX ua=95 mt=R len=7
PKT t=34026 TX ua=95 mt=P len=0
PKT t=34035 RX ua=95 mt=R len=7
PKT t=34040 TX ua=95 mt=P len=0
PKT t=34076 RX ua=95 mt=R len=7
PKT t=34081 TX ua=95 mt=P len=0
PKT t=34090 RX ua=95 mt=R len=7
PKT t=34095 TX ua=95 mt=P len=0
PKT t=34104 RX ua=95 mt=R len=7
PKT t=34109 TX ua=95 mt=P len=0
PKT t=34119 RX ua=95 mt=R len=7
PKT t=34124 TX ua=95 mt=T len=7
PKT t=34137 TX ua=95 mt=P len=0
PKT t=34169 RX ua=95 mt=R len=7
PKT t=34174 TX ua=95 mt=T len=7
PKT t=34187 TX ua=95 mt=P len=0
PKT t=34196 RX ua=95 mt=R len=7
PKT t=34201 TX ua=95 mt=P len=0
PKT t=34210 RX ua=95 mt=R len=7
PKT t=34215 TX ua=95 mt=P len=0
PKT t=34224 RX ua=95 mt=R len=7
PKT t=34229 TX ua=95 mt=P len=0
PKT t=34238 RX ua=95 mt=R len=7
PKT t=34243 TX ua=95 mt=P len=0
PKT t=34272 RX ua=95 mt=R len=7
PKT t=34277 TX ua=95 mt=P len=0
PKT t=34286 RX ua=95 mt=R len=7
PKT t=34291 TX ua=95 mt=P len=0
PKT t=34300 RX ua=95 mt=R len=7
PKT t=34305 TX ua=95 mt=P len=0
PKT t=34314 RX ua=95 mt=R len=7
PKT t=34319 TX ua=95 mt=P len=0
PKT t=34328 RX ua=95 mt=R len=7
PKT t=34333 TX ua=95 mt=P len=0
PKT t=34342 RX ua=95 mt=R len=7
PKT t=34347 TX ua=95 mt=P len=0
PKT t=34376 RX ua=95 mt=R len=7
PKT t=34381 TX ua=95 mt=T len=7
PKT t=34394 TX ua=95 mt=P len=0
PKT t=34403 RX ua=95 mt=R len=7
PKT t=34408 TX ua=95 mt=P len=0
PKT t=34418 RX ua=95 mt=R len=7
PKT t=34423 TX ua=95 mt=P len=0
PKT t=34432 RX ua=95 mt=R len=7
PKT t=34437 TX ua=95 mt=P len=0
PKT t=34446 RX ua=95 mt=R len=7
PKT t=34451 TX ua=95 mt=P len=0
PKT t=34480 RX ua=95 mt=R len=7
PKT t=34485 TX ua=95 mt=P len=0
PKT t=34494 RX ua=95 mt=R len=7
PKT t=34499 TX ua=95 mt=P len=0
PKT t=34508 RX ua=95 mt=R len=7
PKT t=34513 TX ua=95 mt=P len=0
PKT t=34522 RX ua=95 mt=R len=7
PKT t=34527 TX ua=95 mt=P len=0
PKT t=34536 RX ua=95 mt=R len=7
PKT t=34541 TX ua=95 mt=P len=0
PKT t=34550 RX ua=95 mt=R len=7
PKT t=34555 TX ua=95 mt=P len=0
PKT t=34586 RX ua=95 mt=R len=7
PKT t=34591 TX ua=95 mt=P len=0
PKT t=34600 RX ua=95 mt=R len=7
PKT t=34605 TX ua=95 mt=P len=0
PKT t=34614 RX ua=95 mt=R len=7
PKT t=34619 TX ua=95 mt=T len=7
PKT t=34632 TX ua=95 mt=P len=0
PKT t=34641 RX ua=95 mt=R len=7
PKT t=34646 TX ua=95 mt=P len=0
PKT t=34655 RX ua=95 mt=R len=7
PKT t=34660 TX ua=95 mt=P len=0
PKT t=34689 RX ua=95 mt=R len=7
PKT t=34694 TX ua=95 mt=P len=0
PKT t=34703 RX ua=95 mt=R len=7
PKT t=34708 TX ua=95 mt=P len=0
PKT t=34717 RX ua=95 mt=R len=7
PKT t=34722 TX ua=95 mt=P len=0
PKT t=34731 RX ua=95 mt=R len=7
PKT t=34736 TX ua=95 mt=P len=0
PKT t=34745 RX ua=95 mt=R len=7
PKT t=34750 TX ua=95 mt=P len=0
PKT t=34759 RX ua=95 mt=R len=7
PKT t=34764 TX ua=95 mt=P len=0
PKT t=34793 RX ua=95 mt=R len=7
PKT t=34798 TX ua=95 mt=P len=0
PKT t=34807 RX ua=95 mt=R len=7
PKT t=34812 TX ua=95 mt=P len=0
PKT t=34821 RX ua=95 mt=R len=7
PKT t=34826 TX ua=95 mt=P len=0
PKT t=34835 RX ua=95 mt=R len=7
PKT t=34840 TX ua=95 mt=P len=0
PKT t=34849 RX ua=95 mt=R len=7
PKT t=34854 TX ua=95 mt=P len=0
PKT t=34863 RX ua=95 mt=R len=7
PKT t=34868 TX ua=95 mt=P len=0
PKT t=34897 RX ua=95 mt=R len=7
PKT t=34902 TX ua=95 mt=T len=7
PKT t=34915 TX ua=95 mt=P len=0
PKT t=34924 RX ua=95 mt=R len=7
PKT t=34929 TX ua=95 mt=P len=0
PKT t=34938 RX ua=95 mt=R len=7
PKT t=34943 TX ua=95 mt=P len=0
PKT t=34952 RX ua=95 mt=R len=7
PKT t=34957 TX ua=95 mt=P len=0
PKT t=34966 RX ua=95 mt=R len=7
PKT t=34971 TX ua=95 mt=P len=0
PKT t=35000 RX ua=95 mt=R len=7
PKT t=35005 TX ua=95 mt=P len=0
PKT t=35014 RX ua=95 mt=R len=7
PKT t=35019 TX ua=95 mt=P len=0
PKT t=35028 RX ua=95 mt=R len=7
PKT t=35033 TX ua=95 mt=P len=0
PKT t=35042 RX ua=95 mt=R len=7
PKT t=35047 TX ua=95 mt=P len=0
PKT t=35077 RX ua=95 mt=R len=7
PKT t=35332 TX ua=96 mt=P len=0
PKT t=35590 TX ua=95 mt=P len=0
PKT t=35600 RX ua=95 mt=R len=7
PKT t=35605 TX ua=95 mt=T len=7
PKT t=35617 TX ua=95 mt=P len=0
PKT t=35627 RX ua=95 mt=R len=7
PKT t=35632 TX ua=95 mt=T len=7
PKT t=35644 TX ua=95 mt=P len=0
PKT t=35653 RX ua=95 mt=R len=7
PKT t=35658 TX ua=95 mt=P len=0
PKT t=35667 RX ua=95 mt=R len=7
PKT t=35672 TX ua=95 mt=P len=0
PKT t=35701 RX ua=95 mt=R len=7
PKT t=35706 TX ua=95 mt=P len=0
PKT t=35715 RX ua=95 mt=R len=7
PKT t=35720 TX ua=95 mt=P len=0
PKT t=35729 RX ua=95 mt=R len=7
PKT t=35734 TX ua=95 mt=P len=0
PKT t=35743 RX ua=95 mt=R len=7
PKT t=35748 TX ua=95 mt=P len=0
PKT t=35757 RX ua=95 mt=R len=7
PKT t=35762 TX ua=95 mt=P len=0
PKT t=35771 RX ua=95 mt=R len=7
PKT t=35776 TX ua=95 mt=P len=0
PKT t=35805 RX ua=95 mt=R len=7
PKT t=35810 TX ua=95 mt=P len=0
PKT t=35819 RX ua=95 mt=R len=7
PKT t=35824 TX ua=95 mt=P len=0
PKT t=35833 RX ua=95 mt=R len=7
PKT t=35838 TX ua=95 mt=P len=0
PKT t=35847 RX ua=95 mt=R len=7
PKT t=35852 TX ua=95 mt=P len=0
PKT t=35861 RX ua=95 mt=R len=7
PKT t=35866 TX ua=95 mt=P len=0
PKT t=35875 RX ua=95 mt=R len=7
PKT t=35880 TX ua=95 mt=T len=7
PKT t=35892 TX ua=95 mt=P len=0
PKT t=35911 RX ua=95 mt=R len=7
PKT t=35916 TX ua=95 mt=P len=0
PKT t=35925 RX ua=95 mt=R len=7
PKT t=35930 TX ua=95 mt=P len=0
PKT t=35939 RX ua=95 mt=R len=7
PKT t=35944 TX ua=95 mt=P len=0
PKT t=35953 RX ua=95 mt=R len=7
PKT t=35958 TX ua=95 mt=P len=0
PKT t=35967 RX ua=95 mt=R len=7
PKT t=35972 TX ua=95 mt=P len=0
PKT t=35981 RX ua=95 mt=R len=7
PKT t=35986 TX ua=95 mt=P len=0
PKT t=36015 RX ua=95 mt=R len=7
PKT t=36022 TX ua=95 mt=P len=0
PKT t=36031 RX ua=95 mt=R len=7
PKT t=36036 TX ua=95 mt=P len=0
PKT t=36045 RX ua=95 mt=R len=7
PKT t=36076 TX ua=95 mt=P len=0
PKT t=36085 RX ua=95 mt=R len=7
PKT t=36090 TX ua=95 mt=P len=0
PKT t=36119 RX ua=95 mt=R len=7
PKT t=36124 TX ua=95 mt=T len=7
PKT t=36136 TX ua=95 mt=P len=0
PKT t=36145 RX ua=95 mt=R len=7
PKT t=36150 TX ua=95 mt=P len=0
PKT t=36159 RX ua=95 mt=R len=7
PKT t=36164 TX ua=95 mt=P len=0
PKT t=36173 RX ua=95 mt=R len=7
PKT t=36178 TX ua=95 mt=P len=0
PKT t=36187 RX ua=95 mt=R len=7
PKT t=36192 TX ua=95 mt=P len=0
PKT t=36226 RX ua=95 mt=R len=7
PKT t=36231 TX ua=95 mt=P len=0
PKT t=36240 RX ua=95 mt=R len=7
PKT t=36245 TX ua=95 mt=P len=0
PKT t=36254 RX ua=95 mt=R len=7
PKT t=36259 TX ua=95 mt=P len=0
PKT t=36268 RX ua=95 mt=R len=7
PKT t=36273 TX ua=95 mt=P len=0
PKT t=36282 RX ua=95 mt=R len=7
PKT t=36287 TX ua=95 mt=P len=0
PKT t=36296 RX ua=95 mt=R len=7
PKT t=36301 TX ua=95 mt=P len=0
PKT t=36330 RX ua=95 mt=R len=7
PKT t=36335 TX ua=95 mt=P len=0
PKT t=36344 RX ua=95 mt=R len=7
PKT t=36349 TX ua=95 mt=P len=0
PKT t=36358 RX ua=95 mt=R len=7
PKT t=36363 TX ua=95 mt=P len=0
PKT t=36372 RX ua=95 mt=R len=7
PKT t=36377 TX ua=95 mt=T len=7
PKT t=36389 TX ua=95 mt=P len=0
PKT t=36398 RX ua=95 mt=R len=7
PKT t=36403 TX ua=95 mt=P len=0
PKT t=36432 RX ua=95 mt=R len=7
PKT t=36437 TX ua=95 mt=P len=0
PKT t=36446 RX ua=95 mt=R len=7
PKT t=36451 TX ua=95 mt=P len=0
PKT t=36460 RX ua=95 mt=R len=7
PKT t=36465 TX ua=95 mt=P len=0
PKT t=36474 RX ua=95 mt=R len=7
PKT t=36479 TX ua=95 mt=P len=0
PKT t=36488 RX ua=95 mt=R len=7
PKT t=36493 TX ua=95 mt=P len=0
PKT t=36502 RX ua=95 mt=R len=7
PKT t=36507 TX ua=95 mt=P len=0
PKT t=36536 RX ua=95 mt=R len=7
PKT t=36541 TX ua=95 mt=P len=0
PKT t=36550 RX ua=95 mt=R len=7
PKT t=36555 TX ua=95 mt=P len=0
PKT t=36565 RX ua=95 mt=R len=7
PKT t=36570 TX ua=95 mt=P len=0
PKT t=36579 RX ua=95 mt=R len=7
PKT t=36584 TX ua=95 mt=P len=0
PKT t=36593 RX ua=95 mt=R len=7
PKT t=36598 TX ua=95 mt=P len=0
PKT t=36607 RX ua=95 mt=R len=7
PKT t=36612 TX ua=95 mt=P len=0
PKT t=36641 RX ua=95 mt=R len=7
PKT t=36646 TX ua=95 mt=T len=7
PKT t=36658 TX ua=95 mt=P len=0
PKT t=36667 RX ua=95 mt=R len=7
PKT t=36672 TX ua=95 mt=P len=0
PKT t=36681 RX ua=95 mt=R len=7
PKT t=36686 TX ua=95 mt=P len=0
PKT t=36695 RX ua=95 mt=R len=7
PKT t=36700 TX ua=95 mt=P len=0
PKT t=36709 RX ua=95 mt=R len=7
PKT t=36714 TX ua=95 mt=P len=0
PKT t=36743 RX ua=95 mt=R len=7
PKT t=36748 TX ua=95 mt=P len=0
PKT t=36757 RX ua=95 mt=R len=7
PKT t=36762 TX ua=95 mt=P len=0
PKT t=36771 RX ua=95 mt=R len=7
PKT t=36776 TX ua=95 mt=P len=0
PKT t=36785 RX ua=95 mt=R len=7
PKT t=36790 TX ua=95 mt=P len=0
PKT t=36799 RX ua=95 mt=R len=7
PKT t=36804 TX ua=95 mt=P len=0
PKT t=36813 RX ua=95 mt=R len=7
PKT t=36818 TX ua=95 mt=P len=0
PKT t=36847 RX ua=95 mt=R len=7
PKT t=36852 TX ua=95 mt=P len=0
PKT t=36861 RX ua=95 mt=R len=7
PKT t=36866 TX ua=95 mt=P len=0
PKT t=36875 RX ua=95 mt=R len=7
PKT t=36880 TX ua=95 mt=T len=7
PKT t=36892 TX ua=95 mt=P len=0
PKT t=36901 RX ua=95 mt=R len=7
PKT t=36906 TX ua=95 mt=P len=0
PKT t=36915 RX ua=95 mt=R len=7
PKT t=36920 TX ua=95 mt=P len=0
PKT t=36949 RX ua=95 mt=R len=7
PKT t=36954 TX ua=95 mt=P len=0
PKT t=36963 RX ua=95 mt=R len=7
PKT t=36968 TX ua=95 mt=P len=0
PKT t=36977 RX ua=95 mt=R len=7
PKT t=36982 TX ua=95 mt=P len=0
PKT t=36991 RX ua=95 mt=R len=7
PKT t=36996 TX ua=95 mt=P len=0
PKT t=37005 RX ua=95 mt=R len=7
PKT t=37010 TX ua=95 mt=P len=0
PKT t=37019 RX ua=95 mt=R len=7
PKT t=37024 TX ua=95 mt=P len=0
PKT t=37076 RX ua=95 mt=R len=7
PKT t=37081 TX ua=95 mt=P len=0
PKT t=37090 RX ua=95 mt=R len=7
PKT t=37095 TX ua=95 mt=P len=0
PKT t=37104 RX ua=95 mt=R len=7
PKT t=37109 TX ua=95 mt=P len=0
PKT t=37118 RX ua=95 mt=R len=7
PKT t=37123 TX ua=95 mt=T len=7
PKT t=37136 TX ua=95 mt=P len=0
PKT t=37155 RX ua=95 mt=R len=7
PKT t=37160 TX ua=95 mt=P len=0
PKT t=37169 RX ua=95 mt=R len=7
PKT t=37174 TX ua=95 mt=P len=0
PKT t=37183 RX ua=95 mt=R len=7
