PKT t=7120 TX ua=95 mt=P len=0
PKT t=7129 RX ua=95 mt=R len=7
PKT t=7134 TX ua=95 mt=P len=0
PKT t=7143 RX ua=95 mt=R len=7
PKT t=7161 TX ua=95 mt=P len=0
PKT t=7189 RX ua=95 mt=R len=7
PKT t=7194 TX ua=95 mt=P len=0
PKT t=7203 RX ua=95 mt=R len=7
PKT t=7208 TX ua=95 mt=P len=0
PKT t=7217 RX ua=95 mt=R len=7
PKT t=7222 TX ua=95 mt=P len=0
PKT t=7231 RX ua=95 mt=R len=7
PKT t=7236 TX ua=95 mt=P len=0
PKT t=7245 RX ua=95 mt=R len=7
PKT t=7261 TX ua=95 mt=P len=0
PKT t=7289 RX ua=95 mt=R len=7
PKT t=7294 TX ua=95 mt=P len=0
PKT t=7303 RX ua=95 mt=R len=7
PKT t=7308 TX ua=95 mt=P len=0
PKT t=7317 RX ua=95 mt=R len=7
PKT t=7322 TX ua=95 mt=P len=0
PKT t=7331 RX ua=95 mt=R len=7
PKT t=7336 TX ua=95 mt=P len=0
PKT t=7345 RX ua=95 mt=R len=7
PKT t=7361 TX ua=95 mt=P len=0
PKT t=7389 RX ua=95 mt=R len=7
PKT t=7394 TX ua=95 mt=T len=7
PKT t=7406 TX ua=95 mt=P len=0
PKT t=7416 RX ua=95 mt=R len=7
PKT t=7421 TX ua=95 mt=P len=0
PKT t=7431 RX ua=95 mt=R len=7
PKT t=7436 TX ua=95 mt=P len=0
PKT t=7446 RX ua=95 mt=R len=7
PKT t=7461 TX ua=95 mt=P len=0
PKT t=7489 RX ua=95 mt=R len=7
PKT t=7494 TX ua=95 mt=P len=0
PKT t=7504 RX ua=95 mt=R len=7
PKT t=7509 TX ua=95 mt=P len=0
PKT t=7519 RX ua=95 mt=R len=7
PKT t=7524 TX ua=95 mt=P len=0
PKT t=7534 RX ua=95 mt=R len=7
PKT t=7539 TX ua=95 mt=P len=0
PKT t=7561 RX ua=95 mt=R len=7
PKT t=7566 TX ua=95 mt=P len=0
PKT t=7589 RX ua=95 mt=R len=7
PKT t=7594 TX ua=95 mt=P len=0
PKT t=7604 RX ua=95 mt=R len=7
PKT t=7609 TX ua=95 mt=P len=0
PKT t=7619 RX ua=95 mt=R len=7
PKT t=7624 TX ua=95 mt=T len=7
PKT t=7636 TX ua=95 mt=P len=0
PKT t=7645 RX ua=95 mt=R len=7
PKT t=7661 TX ua=95 mt=P len=0
PKT t=7689 RX ua=95 mt=R len=7
PKT t=7694 TX ua=95 mt=P len=0
PKT t=7703 RX ua=95 mt=R len=7
PKT t=7708 TX ua=95 mt=P len=0
PKT t=7717 RX ua=95 mt=R len=7
PKT t=7722 TX ua=95 mt=P len=0
PKT t=7731 RX ua=95 mt=R len=7
PKT t=7736 TX ua=95 mt=P len=0
PKT t=7745 RX ua=95 mt=R len=7
PKT t=7761 TX ua=95 mt=P len=0
PKT t=7789 RX ua=95 mt=R len=7
PKT t=7794 TX ua=95 mt=P len=0
PKT t=7803 RX ua=95 mt=R len=7
PKT t=7808 TX ua=95 mt=P len=0
PKT t=7817 RX ua=95 mt=R len=7
PKT t=7822 TX ua=95 mt=P len=0
PKT t=7831 RX ua=95 mt=R len=7
PKT t=7836 TX ua=95 mt=P len=0
PKT t=7845 RX ua=95 mt=R len=7
PKT t=7861 TX ua=95 mt=P len=0
PKT t=7889 RX ua=95 mt=R len=7
PKT t=7894 TX ua=95 mt=T len=7
PKT t=7906 TX ua=95 mt=P len=0
PKT t=7915 RX ua=95 mt=R len=7
PKT t=7920 TX ua=95 mt=P len=0
PKT t=7929 RX ua=95 mt=R len=7
PKT t=7934 TX ua=95 mt=P len=0
PKT t=7943 RX ua=95 mt=R len=7
PKT t=7961 TX ua=95 mt=P len=0
PKT t=7989 RX ua=95 mt=R len=7
PKT t=7994 TX ua=95 mt=P len=0
PKT t=8003 RX ua=95 mt=R len=7
PKT t=8008 TX ua=95 mt=P len=0
PKT t=8017 RX ua=95 mt=R len=7
PKT t=8022 TX ua=95 mt=P len=0
PKT t=8031 RX ua=95 mt=R len=7
PKT t=8036 TX ua=95 mt=P len=0
PKT t=8045 RX ua=95 mt=R len=7
PKT t=8061 TX ua=95 mt=P len=0
PKT t=8089 RX ua=95 mt=R len=7
PKT t=8094 TX ua=95 mt=P len=0
PKT t=8103 RX ua=95 mt=R len=7
PKT t=8108 TX ua=95 mt=T len=7
PKT t=8120 TX ua=95 mt=P len=0
PKT t=8129 RX ua=95 mt=R len=7
PKT t=8134 TX ua=95 mt=P len=0
PKT t=8143 RX ua=95 mt=R len=7
PKT t=8161 TX ua=95 mt=P len=0
PKT t=8189 RX ua=95 mt=R len=7
PKT t=8194 TX ua=95 mt=P len=0
PKT t=8203 RX ua=95 mt=R len=7
PKT t=8208 TX ua=95 mt=P len=0
PKT t=8217 RX ua=95 mt=R len=7
PKT t=8222 TX ua=95 mt=P len=0
PKT t=8231 RX ua=95 mt=R len=7
PKT t=8236 TX ua=95 mt=P len=0
PKT t=8245 RX ua=95 mt=R len=7
PKT t=8261 TX ua=95 mt=P len=0
PKT t=8289 RX ua=95 mt=R len=7
PKT t=8294 TX ua=95 mt=P len=0
PKT t=8303 RX ua=95 mt=R len=7
PKT t=8308 TX ua=95 mt=P len=0
PKT t=8317 RX ua=95 mt=R len=7
PKT t=8322 TX ua=95 mt=P len=0
PKT t=8331 RX ua=95 mt=R len=7
PKT t=8336 TX ua=95 mt=P len=0
PKT t=8345 RX ua=95 mt=R len=7
PKT t=8361 TX ua=95 mt=P len=0
PKT t=8389 RX ua=95 mt=R len=7
PKT t=8394 TX ua=95 mt=T len=7
PKT t=8406 TX ua=95 mt=P len=0
PKT t=8415 RX ua=95 mt=R len=7
PKT t=8420 TX ua=95 mt=P len=0
PKT t=8429 RX ua=95 mt=R len=7
PKT t=8434 TX ua=95 mt=P len=0
PKT t=8443 RX ua=95 mt=R len=7
PKT t=8461 TX ua=95 mt=P len=0
PKT t=8489 RX ua=95 mt=R len=7
PKT t=8494 TX ua=95 mt=P len=0
PKT t=8503 RX ua=95 mt=R len=7
PKT t=8508 TX ua=95 mt=P len=0
PKT t=8517 RX ua=95 mt=R len=7
PKT t=8522 TX ua=95 mt=P len=0
PKT t=8531 RX ua=95 mt=R len=7
PKT t=8536 TX ua=95 mt=P len=0
PKT t=8545 RX ua=95 mt=R len=7
PKT t=8561 TX ua=95 mt=P len=0
PKT t=8589 RX ua=95 mt=R len=7
PKT t=8594 TX ua=95 mt=P len=0
PKT t=8603 RX ua=95 mt=R len=7
PKT t=8608 TX ua=95 mt=P len=0
PKT t=8617 RX ua=95 mt=R len=7
PKT t=8622 TX ua=95 mt=T len=7
PKT t=8634 TX ua=95 mt=P len=0
PKT t=8643 RX ua=95 mt=R len=7
PKT t=8661 TX ua=95 mt=P len=0
PKT t=8689 RX ua=95 mt=R len=7
PKT t=8694 TX ua=95 mt=P len=0
PKT t=8703 RX ua=95 mt=R len=7
PKT t=8708 TX ua=95 mt=P len=0
PKT t=8717 RX ua=95 mt=R len=7
PKT t=8722 TX ua=95 mt=P len=0
PKT t=8732 RX ua=95 mt=R len=7
PKT t=8737 TX ua=95 mt=P len=0
PKT t=8746 RX ua=95 mt=R len=7
PKT t=8761 TX ua=95 mt=P len=0
PKT t=8789 RX ua=95 mt=R len=7
PKT t=8794 TX ua=95 mt=P len=0
PKT t=8803 RX ua=95 mt=R len=7
PKT t=8808 TX ua=95 mt=P len=0
PKT t=8817 RX ua=95 mt=R len=7
PKT t=8822 TX ua=95 mt=P len=0
PKT t=8831 RX ua=95 mt=R len=7
PKT t=8836 TX ua=95 mt=P len=0
PKT t=8845 RX ua=95 mt=R len=7
PKT t=8861 TX ua=95 mt=P len=0
PKT t=8889 RX ua=95 mt=R len=7
PKT t=8894 TX ua=95 mt=T len=7
PKT t=8906 TX ua=95 mt=P len=0
PKT t=8915 RX ua=95 mt=R len=7
PKT t=8920 TX ua=95 mt=P len=0
PKT t=8929 RX ua=95 mt=R len=7
PKT t=8934 TX ua=95 mt=P len=0
PKT t=8943 RX ua=95 mt=R len=7
PKT t=8961 TX ua=95 mt=P len=0
PKT t=8989 RX ua=95 mt=R len=7
PKT t=8994 TX ua=95 mt=P len=0
PKT t=9003 RX ua=95 mt=R len=7
PKT t=9008 TX ua=95 mt=P len=0
PKT t=9017 RX ua=95 mt=R len=7
PKT t=9022 TX ua=95 mt=P len=0
PKT t=9032 RX ua=95 mt=R len=7
PKT t=9036 TX ua=95 mt=P len=0
PKT t=9045 RX ua=95 mt=R len=7
PKT t=9061 TX ua=95 mt=P len=0
PKT t=9089 RX ua=95 mt=R len=7
PKT t=9094 TX ua=95 mt=P len=0
PKT t=9103 RX ua=95 mt=R len=7
PKT t=9108 TX ua=95 mt=T len=7
PKT t=9120 TX ua=95 mt=P len=0
PKT t=9129 RX ua=95 mt=R len=7
PKT t=9134 TX ua=95 mt=P len=0
PKT t=9143 RX ua=95 mt=R len=7
PKT t=9161 TX ua=95 mt=P len=0
PKT t=9189 RX ua=95 mt=R len=7
PKT t=9194 TX ua=95 mt=P len=0
PKT t=9203 RX ua=95 mt=R len=7
PKT t=9208 TX ua=95 mt=P len=0
PKT t=9217 RX ua=95 mt=R len=7
PKT t=9222 TX ua=95 mt=P len=0
PKT t=9231 RX ua=95 mt=R len=7
PKT t=9236 TX ua=95 mt=P len=0
PKT t=9245 RX ua=95 mt=R len=7
PKT t=9261 TX ua=95 mt=P len=0
PKT t=9289 RX ua=95 mt=R len=7
PKT t=9294 TX ua=95 mt=P len=0
PKT t=9303 RX ua=95 mt=R len=7
PKT t=9308 TX ua=95 mt=P len=0
PKT t=9317 RX ua=95 mt=R len=7
PKT t=9322 TX ua=95 mt=P len=0
PKT t=9331 RX ua=95 mt=R len=7
PKT t=9336 TX ua=95 mt=P len=0
PKT t=9345 RX ua=95 mt=R len=7
PKT t=9361 TX ua=95 mt=P len=0
PKT t=9389 RX ua=95 mt=R len=7
PKT t=9394 TX ua=95 mt=T len=7
PKT t=9406 TX ua=95 mt=P len=0
PKT t=9416 RX ua=95 mt=R len=7
PKT t=9421 TX ua=95 mt=P len=0
PKT t=9431 RX ua=95 mt=R len=7
PKT t=9436 TX ua=95 mt=P len=0
PKT t=9446 RX ua=95 mt=R len=7
PKT t=9461 TX ua=95 mt=P len=0
PKT t=9490 RX ua=95 mt=R len=7
PKT t=9495 TX ua=95 mt=P len=0
PKT t=9505 RX ua=95 mt=R len=7
PKT t=9510 TX ua=95 mt=P len=0
PKT t=9520 RX ua=95 mt=R len=7
PKT t=9525 TX ua=95 mt=P len=0
PKT t=9535 RX ua=95 mt=R len=7
PKT t=9540 TX ua=95 mt=P len=0
PKT t=9561 RX ua=95 mt=R len=7
PKT t=9566 TX ua=95 mt=P len=0
PKT t=9590 RX ua=95 mt=R len=7
PKT t=9595 TX ua=95 mt=P len=0
PKT t=9605 RX ua=95 mt=R len=7
PKT t=9610 TX ua=95 mt=P len=0
PKT t=9620 RX ua=95 mt=R len=7
PKT t=9625 TX ua=95 mt=T len=7
PKT t=9637 TX ua=95 mt=P len=0
PKT t=9646 RX ua=95 mt=R len=7
PKT t=9661 TX ua=95 mt=P len=0
PKT t=9689 RX ua=95 mt=R len=7
PKT t=9694 TX ua=95 mt=P len=0
PKT t=9703 RX ua=95 mt=R len=7
PKT t=9708 TX ua=95 mt=P len=0
PKT t=9717 RX ua=95 mt=R len=7
PKT t=9722 TX ua=95 mt=P len=0
PKT t=9731 RX ua=95 mt=R len=7
PKT t=9736 TX ua=95 mt=P len=0
PKT t=9745 RX ua=95 mt=R len=7
PKT t=9761 TX ua=95 mt=P len=0
PKT t=9789 RX ua=95 mt=R len=7
PKT t=9794 TX ua=95 mt=P len=0
PKT t=9803 RX ua=95 mt=R len=7
PKT t=9808 TX ua=95 mt=P len=0
PKT t=9817 RX ua=95 mt=R len=7
PKT t=9822 TX ua=95 mt=P len=0
PKT t=9831 RX ua=95 mt=R len=7
PKT t=9836 TX ua=95 mt=P len=0
PKT t=9845 RX ua=95 mt=R len=7
PKT t=9861 TX ua=95 mt=P len=0
PKT t=9889 RX ua=95 mt=R len=7
PKT t=9894 TX ua=95 mt=T len=7
PKT t=9906 TX ua=95 mt=P len=0
PKT t=9915 RX ua=95 mt=R len=7
PKT t=9920 TX ua=95 mt=P len=0
PKT t=9929 RX ua=95 mt=R len=7
PKT t=9934 TX ua=95 mt=P len=0
PKT t=9943 RX ua=95 mt=R len=7
PKT t=9961 TX ua=95 mt=P len=0
PKT t=9989 RX ua=95 mt=R len=7
PKT t=9994 TX ua=95 mt=P len=0
PKT t=10003 RX ua=95 mt=R len=7
PKT t=10009 TX ua=95 mt=P len=0
PKT t=10018 RX ua=95 mt=R len=7
PKT t=10023 TX ua=95 mt=P len=0
PKT t=10032 RX ua=95 mt=R len=7
PKT t=10037 TX ua=95 mt=P len=0
PKT t=10046 RX ua=95 mt=R len=7
PKT t=10061 TX ua=95 mt=P len=0
PKT t=10089 RX ua=95 mt=R len=7
PKT t=10094 TX ua=95 mt=P len=0
PKT t=10103 RX ua=95 mt=R len=7
PKT t=10108 TX ua=95 mt=T len=7
PKT t=10121 TX ua=95 mt=P len=0
PKT t=10130 RX ua=95 mt=R len=7
PKT t=10135 TX ua=95 mt=T len=7
PKT t=10161 TX ua=95 mt=P len=0
PKT t=10190 RX ua=95 mt=R len=7
PKT t=10195 TX ua=95 mt=P len=0
PKT t=10204 RX ua=95 mt=R len=7
PKT t=10209 TX ua=95 mt=P len=0
PKT t=10218 RX ua=95 mt=R len=7
PKT t=10223 TX ua=95 mt=P len=0
PKT t=10232 RX ua=95 mt=R len=7
PKT t=10237 TX ua=95 mt=P len=0
PKT t=10246 RX ua=95 mt=R len=7
PKT t=10261 TX ua=95 mt=P len=0
PKT t=10289 RX ua=95 mt=R len=7
PKT t=10294 TX ua=95 mt=P len=0
PKT t=10303 RX ua=95 mt=R len=7
PKT t=10308 TX ua=95 mt=P len=0
PKT t=10317 RX ua=95 mt=R len=7
PKT t=10322 TX ua=95 mt=P len=0
PKT t=10331 RX ua=95 mt=R len=7
PKT t=10336 TX ua=95 mt=P len=0
PKT t=10345 RX ua=95 mt=R len=7
PKT t=10361 TX ua=95 mt=P len=0
PKT t=10389 RX ua=95 mt=R len=7
PKT t=10394 TX ua=95 mt=T len=7
PKT t=10407 TX ua=95 mt=P len=0
PKT t=10416 RX ua=95 mt=R len=7
PKT t=10421 TX ua=95 mt=P len=0
PKT t=10430 RX ua=95 mt=R len=7
PKT t=10435 TX ua=95 mt=P len=0
PKT t=10444 RX ua=95 mt=R len=7
PKT t=10461 TX ua=95 mt=P len=0
PKT t=10489 RX ua=95 mt=R len=7
PKT t=10494 TX ua=95 mt=P len=0
PKT t=10503 RX ua=95 mt=R len=7
PKT t=10508 TX ua=95 mt=P len=0
PKT t=10517 RX ua=95 mt=R len=7
PKT t=10522 TX ua=95 mt=P len=0
PKT t=10531 RX ua=95 mt=R len=7
PKT t=10536 TX ua=95 mt=P len=0
PKT t=10545 RX ua=95 mt=R len=7
PKT t=10561 TX ua=95 mt=P len=0
PKT t=10589 RX ua=95 mt=R len=7
PKT t=10594 TX ua=95 mt=P len=0
PKT t=10603 RX ua=95 mt=R len=7
PKT t=10608 TX ua=95 mt=P len=0
PKT t=10617 RX ua=95 mt=R len=7
PKT t=10622 TX ua=95 mt=T len=7
PKT t=10635 TX ua=95 mt=P len=0
PKT t=10644 RX ua=95 mt=R len=7
PKT t=10661 TX ua=95 mt=P len=0
PKT t=10689 RX ua=95 mt=R len=7
PKT t=10694 TX ua=95 mt=P len=0
PKT t=10703 RX ua=95 mt=R len=7
PKT t=10708 TX ua=95 mt=P len=0
PKT t=10717 RX ua=95 mt=R len=7
PKT t=10722 TX ua=95 mt=P len=0
PKT t=10731 RX ua=95 mt=R len=7
PKT t=10736 TX ua=95 mt=P len=0
PKT t=10745 RX ua=95 mt=R len=7
PKT t=10761 TX ua=95 mt=P len=0
PKT t=10789 RX ua=95 mt=R len=7
PKT t=10794 TX ua=95 mt=P len=0
PKT t=10803 RX ua=95 mt=R len=7
PKT t=10808 TX ua=95 mt=P len=0
PKT t=10817 RX ua=95 mt=R len=7
PKT t=10822 TX ua=95 mt=P len=0
PKT t=10831 RX ua=95 mt=R len=7
PKT t=10836 TX ua=95 mt=P len=0
PKT t=10845 RX ua=95 mt=R len=7
PKT t=10861 TX ua=95 mt=P len=0
PKT t=10889 RX ua=95 mt=R len=7
PKT t=10894 TX ua=95 mt=T len=7
PKT t=10907 TX ua=95 mt=P len=0
PKT t=10916 RX ua=95 mt=R len=7
PKT t=10921 TX ua=95 mt=P len=0
PKT t=10930 RX ua=95 mt=R len=7
PKT t=10935 TX ua=95 mt=P len=0
PKT t=10944 RX ua=95 mt=R len=7
PKT t=10961 TX ua=95 mt=P len=0
PKT t=10989 RX ua=95 mt=R len=7
PKT t=10994 TX ua=95 mt=P len=0
PKT t=11003 RX ua=95 mt=R len=7
PKT t=11008 TX ua=95 mt=P len=0
PKT t=11017 RX ua=95 mt=R len=7
PKT t=11022 TX ua=95 mt=P len=0
PKT t=11031 RX ua=95 mt=R len=7
PKT t=11036 TX ua=95 mt=P len=0
PKT t=11045 RX ua=95 mt=R len=7
PKT t=11061 TX ua=95 mt=P len=0
PKT t=11089 RX ua=95 mt=R len=7
PKT t=11094 TX ua=95 mt=P len=0
PKT t=11103 RX ua=95 mt=R len=7
PKT t=11108 TX ua=95 mt=T len=7
PKT t=11120 TX ua=95 mt=P len=0
PKT t=11129 RX ua=95 mt=R len=7
PKT t=11134 TX ua=95 mt=P len=0
PKT t=11143 RX ua=95 mt=R len=7
PKT t=11161 TX ua=95 mt=P len=0
PKT t=11189 RX ua=95 mt=R len=7
PKT t=11194 TX ua=95 mt=P len=0
PKT t=11203 RX ua=95 mt=R len=7
PKT t=11208 TX ua=95 mt=P len=0
PKT t=11217 RX ua=95 mt=R len=7
PKT t=11222 TX ua=95 mt=P len=0
PKT t=11231 RX ua=95 mt=R len=7
PKT t=11236 TX ua=95 mt=P len=0
PKT t=11245 RX ua=95 mt=R len=7
PKT t=11261 TX ua=95 mt=P len=0
PKT t=11289 RX ua=95 mt=R len=7
PKT t=11294 TX ua=95 mt=P len=0
PKT t=11303 RX ua=95 mt=R len=7
PKT t=11308 TX ua=95 mt=P len=0
PKT t=11317 RX ua=95 mt=R len=7
PKT t=11322 TX ua=95 mt=P len=0
PKT t=11331 RX ua=95 mt=R len=7
PKT t=11336 TX ua=95 mt=P len=0
PKT t=11345 RX ua=95 mt=R len=7
PKT t=11361 TX ua=95 mt=P len=0
PKT t=11389 RX ua=95 mt=R len=7
PKT t=11394 TX ua=95 mt=T len=7
PKT t=11406 TX ua=95 mt=P len=0
PKT t=11416 RX ua=95 mt=R len=7
PKT t=11421 TX ua=95 mt=P len=0
PKT t=11431 RX ua=95 mt=R len=7
PKT t=11436 TX ua=95 mt=P len=0
PKT t=11446 RX ua=95 mt=R len=7
PKT t=11461 TX ua=95 mt=P len=0
PKT t=11489 RX ua=95 mt=R len=7
PKT t=11494 TX ua=95 mt=P len=0
PKT t=11504 RX ua=95 mt=R len=7
PKT t=11509 TX ua=95 mt=P len=0
PKT t=11519 RX ua=95 mt=R len=7
PKT t=11524 TX ua=95 mt=P len=0
PKT t=11534 RX ua=95 mt=R len=7
PKT t=11539 TX ua=95 mt=P len=0
PKT t=11561 RX ua=95 mt=R len=7
PKT t=11566 TX ua=95 mt=P len=0
PKT t=11589 RX ua=95 mt=R len=7
PKT t=11594 TX ua=95 mt=P len=0
PKT t=11604 RX ua=95 mt=R len=7
PKT t=11609 TX ua=95 mt=P len=0
PKT t=11619 RX ua=95 mt=R len=7
PKT t=11624 TX ua=95 mt=T len=7
PKT t=11636 TX ua=95 mt=P len=0
PKT t=11645 RX ua=95 mt=R len=7
PKT t=11661 TX ua=95 mt=P len=0
PKT t=11689 RX ua=95 mt=R len=7
PKT t=11694 TX ua=95 mt=P len=0
PKT t=11703 RX ua=95 mt=R len=7
PKT t=11708 TX ua=95 mt=P len=0
PKT t=11717 RX ua=95 mt=R len=7
PKT t=11722 TX ua=95 mt=P len=0
PKT t=11731 RX ua=95 mt=R len=7
PKT t=11736 TX ua=95 mt=P len=0
PKT t=11745 RX ua=95 mt=R len=7
PKT t=11761 TX ua=95 mt=P len=0
PKT t=11789 RX ua=95 mt=R len=7
PKT t=11794 TX ua=95 mt=P len=0
PKT t=11803 RX ua=95 mt=R len=7
PKT t=11808 TX ua=95 mt=P len=0
PKT t=11817 RX ua=95 mt=R len=7
PKT t=11822 TX ua=95 mt=P len=0
PKT t=11831 RX ua=95 mt=R len=7
PKT t=11836 TX ua=95 mt=P len=0
PKT t=11845 RX ua=95 mt=R len=7
PKT t=11861 TX ua=95 mt=P len=0
PKT t=11889 RX ua=95 mt=R len=7
PKT t=11894 TX ua=95 mt=T len=7
PKT t=11906 TX ua=95 mt=P len=0
PKT t=11915 RX ua=95 mt=R len=7
PKT t=11920 TX ua=95 mt=P len=0
PKT t=11929 RX ua=95 mt=R len=7
PKT t=11934 TX ua=95 mt=P len=0
PKT t=11943 RX ua=95 mt=R len=7
PKT t=11961 TX ua=95 mt=P len=0
PKT t=11989 RX ua=95 mt=R len=7
PKT t=11994 TX ua=95 mt=P len=0
PKT t=12003 RX ua=95 mt=R len=7
PKT t=12010 TX ua=95 mt=P len=0
PKT t=12019 RX ua=95 mt=R len=7
PKT t=12024 TX ua=95 mt=P len=0
PKT t=12033 RX ua=95 mt=R len=7
PKT t=12038 TX ua=95 mt=P len=0
PKT t=12061 RX ua=95 mt=R len=7
PKT t=12066 TX ua=95 mt=P len=0
PKT t=12089 RX ua=95 mt=R len=7
PKT t=12094 TX ua=95 mt=P len=0
PKT t=12104 RX ua=95 mt=R len=7
PKT t=12109 TX ua=95 mt=T len=7
PKT t=12121 TX ua=95 mt=P len=0
PKT t=12130 RX ua=95 mt=R len=7
PKT t=12135 TX ua=95 mt=P len=0
PKT t=12144 RX ua=95 mt=R len=7
PKT t=12161 TX ua=95 mt=P len=0
PKT t=12189 RX ua=95 mt=R len=7
PKT t=12194 TX ua=95 mt=P len=0
PKT t=12203 RX ua=95 mt=R len=7
PKT t=12208 TX ua=95 mt=P len=0
PKT t=12217 RX ua=95 mt=R len=7
PKT t=12222 TX ua=95 mt=P len=0
PKT t=12231 RX ua=95 mt=R len=7
PKT t=12236 TX ua=95 mt=P len=0
PKT t=12245 RX ua=95 mt=R len=7
PKT t=12261 TX ua=95 mt=P len=0
PKT t=12289 RX ua=95 mt=R len=7
PKT t=12294 TX ua=95 mt=P len=0
PKT t=12303 RX ua=95 mt=R len=7
PKT t=12308 TX ua=95 mt=P len=0
PKT t=12317 RX ua=95 mt=R len=7
PKT t=12322 TX ua=95 mt=P len=0
PKT t=12331 RX ua=95 mt=R len=7
PKT t=12336 TX ua=95 mt=P len=0
PKT t=12345 RX ua=95 mt=R len=7
PKT t=12361 TX ua=95 mt=P len=0
PKT t=12389 RX ua=95 mt=R len=7
PKT t=12394 TX ua=95 mt=T len=7
PKT t=12406 TX ua=95 mt=P len=0
PKT t=12415 RX ua=95 mt=R len=7
PKT t=12420 TX ua=95 mt=P len=0
PKT t=12429 RX ua=95 mt=R len=7
PKT t=12434 TX ua=95 mt=P len=0
PKT t=12443 RX ua=95 mt=R len=7
PKT t=12461 TX ua=95 mt=P len=0
PKT t=12489 RX ua=95 mt=R len=7
PKT t=12494 TX ua=95 mt=P len=0
PKT t=12503 RX ua=95 mt=R len=7
PKT t=12508 TX ua=95 mt=P len=0
PKT t=12517 RX ua=95 mt=R len=7
PKT t=12522 TX ua=95 mt=P len=0
PKT t=12531 RX ua=95 mt=R len=7
PKT t=12536 TX ua=95 mt=P len=0
PKT t=12545 RX ua=95 mt=R len=7
PKT t=12561 TX ua=95 mt=P len=0
PKT t=12589 RX ua=95 mt=R len=7
PKT t=12594 TX ua=95 mt=P len=0
PKT t=12603 RX ua=95 mt=R len=7
PKT t=12608 TX ua=95 mt=P len=0
PKT t=12617 RX ua=95 mt=R len=7
PKT t=12622 TX ua=95 mt=T len=7
PKT t=12634 TX ua=95 mt=P len=0
PKT t=12643 RX ua=95 mt=R len=7
PKT t=12661 TX ua=95 mt=P len=0
PKT t=12689 RX ua=95 mt=R len=7
PKT t=12694 TX ua=95 mt=P len=0
PKT t=12703 RX ua=95 mt=R len=7
PKT t=12708 TX ua=95 mt=P len=0
PKT t=12717 RX ua=95 mt=R len=7
PKT t=12722 TX ua=95 mt=P len=0
PKT t=12731 RX ua=95 mt=R len=7
PKT t=12736 TX ua=95 mt=P len=0
PKT t=12746 RX ua=95 mt=R len=7
PKT t=12761 TX ua=95 mt=P len=0
PKT t=12789 RX ua=95 mt=R len=7
PKT t=12794 TX ua=95 mt=P len=0
PKT t=12803 RX ua=95 mt=R len=7
PKT t=12808 TX ua=95 mt=P len=0
PKT t=12817 RX ua=95 mt=R len=7
PKT t=12822 TX ua=95 mt=P len=0
PKT t=12831 RX ua=95 mt=R len=7
PKT t=12836 TX ua=95 mt=P len=0
PKT t=12845 RX ua=95 mt=R len=7
PKT t=12861 TX ua=95 mt=P len=0
PKT t=12889 RX ua=95 mt=R len=7
PKT t=12894 TX ua=95 mt=T len=7
PKT t=12906 TX ua=95 mt=P len=0
PKT t=12915 RX ua=95 mt=R len=7
PKT t=12920 TX ua=95 mt=P len=0
PKT t=12929 RX ua=95 mt=R len=7
PKT t=12934 TX ua=95 mt=P len=0
PKT t=12943 RX ua=95 mt=R len=7
PKT t=12961 TX ua=95 mt=P len=0
PKT t=12989 RX ua=95 mt=R len=7
PKT t=12994 TX ua=95 mt=P len=0
PKT t=13003 RX ua=95 mt=R len=7
PKT t=13008 TX ua=95 mt=P len=0
PKT t=13017 RX ua=95 mt=R len=7
PKT t=13022 TX ua=95 mt=P len=0
PKT t=13031 RX ua=95 mt=R len=7
PKT t=13036 TX ua=95 mt=P len=0
PKT t=13045 RX ua=95 mt=R len=7
PKT t=13061 TX ua=95 mt=P len=0
PKT t=13089 RX ua=95 mt=R len=7
PKT t=13094 TX ua=95 mt=P len=0
PKT t=13103 RX ua=95 mt=R len=7
PKT t=13108 TX ua=95 mt=T len=7
PKT t=13121 TX ua=95 mt=P len=0
PKT t=13130 RX ua=95 mt=R len=7
PKT t=13135 TX ua=95 mt=P len=0
PKT t=13144 RX ua=95 mt=R len=7
PKT t=13161 TX ua=95 mt=P len=0
PKT t=13189 RX ua=95 mt=R len=7
PKT t=13194 TX ua=95 mt=P len=0
PKT t=13203 RX ua=95 mt=R len=7
PKT t=13208 TX ua=95 mt=P len=0
PKT t=13217 RX ua=95 mt=R len=7
PKT t=13222 TX ua=95 mt=P len=0
PKT t=13231 RX ua=95 mt=R len=7
PKT t=13236 TX ua=95 mt=P len=0
PKT t=13245 RX ua=95 mt=R len=7
PKT t=13261 TX ua=95 mt=P len=0
PKT t=13289 RX ua=95 mt=R len=7
PKT t=13294 TX ua=95 mt=P len=0
PKT t=13303 RX ua=95 mt=R len=7
PKT t=13308 TX ua=95 mt=P len=0
PKT t=13317 RX ua=95 mt=R len=7
PKT t=13322 TX ua=95 mt=P len=0
PKT t=13331 RX ua=95 mt=R len=7
PKT t=13336 TX ua=95 mt=P len=0
PKT t=13345 RX ua=95 mt=R len=7
PKT t=13361 TX ua=95 mt=P len=0
PKT t=13389 RX ua=95 mt=R len=7
PKT t=13394 TX ua=95 mt=T len=7
PKT t=13407 TX ua=95 mt=P len=0
PKT t=13417 RX ua=95 mt=R len=7
PKT t=13422 TX ua=95 mt=P len=0
PKT t=13432 RX ua=95 mt=R len=7
PKT t=13437 TX ua=95 mt=P len=0
PKT t=13461 RX ua=95 mt=R len=7
PKT t=13466 TX ua=95 mt=P len=0
PKT t=13489 RX ua=95 mt=R len=7
PKT t=13494 TX ua=95 mt=P len=0
PKT t=13504 RX ua=95 mt=R len=7
PKT t=13509 TX ua=95 mt=P len=0
PKT t=13519 RX ua=95 mt=R len=7
PKT t=13524 TX ua=95 mt=P len=0
PKT t=13534 RX ua=95 mt=R len=7
PKT t=13539 TX ua=95 mt=P len=0
PKT t=13561 RX ua=95 mt=R len=7
PKT t=13566 TX ua=95 mt=P len=0
PKT t=13589 RX ua=95 mt=R len=7
PKT t=13594 TX ua=95 mt=P len=0
PKT t=13604 RX ua=95 mt=R len=7
PKT t=13609 TX ua=95 mt=P len=0
PKT t=13619 RX ua=95 mt=R len=7
PKT t=13624 TX ua=95 mt=T len=7
PKT t=13637 TX ua=95 mt=P len=0
PKT t=13646 RX ua=95 mt=R len=7
PKT t=13661 TX ua=95 mt=P len=0
PKT t=13689 RX ua=95 mt=R len=7
PKT t=13694 TX ua=95 mt=P len=0
PKT t=13703 RX ua=95 mt=R len=7
PKT t=13708 TX ua=95 mt=P len=0
PKT t=13717 RX ua=95 mt=R len=7
PKT t=13722 TX ua=95 mt=P len=0
PKT t=13731 RX ua=95 mt=R len=7
PKT t=13736 TX ua=95 mt=P len=0
PKT t=13745 RX ua=95 mt=R len=7
PKT t=13761 TX ua=95 mt=P len=0
PKT t=13789 RX ua=95 mt=R len=7
PKT t=13794 TX ua=95 mt=P len=0
PKT t=13803 RX ua=95 mt=R len=7
PKT t=13808 TX ua=95 mt=P len=0
PKT t=13817 RX ua=95 mt=R len=7
PKT t=13822 TX ua=95 mt=P len=0
PKT t=13831 RX ua=95 mt=R len=7
PKT t=13836 TX ua=95 mt=P len=0
PKT t=13845 RX ua=95 mt=R len=7
PKT t=13861 TX ua=95 mt=P len=0
PKT t=13889 RX ua=95 mt=R len=7
PKT t=13894 TX ua=95 mt=T len=7
PKT t=13907 TX ua=95 mt=P len=0
PKT t=13916 RX ua=95 mt=R len=7
PKT t=13921 TX ua=95 mt=P len=0
PKT t=13930 RX ua=95 mt=R len=7
PKT t=13935 TX ua=95 mt=P len=0
PKT t=13944 RX ua=95 mt=R len=7
PKT t=13961 TX ua=95 mt=P len=0
PKT t=13989 RX ua=95 mt=R len=7
PKT t=13994 TX ua=95 mt=P len=0
PKT t=14003 RX ua=95 mt=R len=7
PKT t=14011 TX ua=95 mt=P len=0
PKT t=14020 RX ua=95 mt=R len=7
PKT t=14025 TX ua=95 mt=P len=0
PKT t=14034 RX ua=95 mt=R len=7
PKT t=14039 TX ua=95 mt=P len=0
PKT t=14061 RX ua=95 mt=R len=7
PKT t=14066 TX ua=95 mt=P len=0
PKT t=14089 RX ua=95 mt=R len=7
PKT t=14094 TX ua=95 mt=P len=0
PKT t=14105 RX ua=95 mt=R len=7
PKT t=14110 TX ua=95 mt=T len=7
PKT t=14122 TX ua=95 mt=P len=0
PKT t=14131 RX ua=95 mt=R len=7
PKT t=14136 TX ua=95 mt=P len=0
PKT t=14145 RX ua=95 mt=R len=7
PKT t=14161 TX ua=95 mt=P len=0
PKT t=14189 RX ua=95 mt=R len=7
PKT t=14194 TX ua=95 mt=P len=0
PKT t=14203 RX ua=95 mt=R len=7
PKT t=14208 TX ua=95 mt=P len=0
PKT t=14217 RX ua=95 mt=R len=7
PKT t=14222 TX ua=95 mt=P len=0
PKT t=14231 RX ua=95 mt=R len=7
PKT t=14236 TX ua=95 mt=P len=0
PKT t=14245 RX ua=95 mt=R len=7
PKT t=14261 TX ua=95 mt=P len=0
PKT t=14289 RX ua=95 mt=R len=7
PKT t=14294 TX ua=95 mt=P len=0
PKT t=14303 RX ua=95 mt=R len=7
PKT t=14308 TX ua=95 mt=P len=0
PKT t=14317 RX ua=95 mt=R len=7
PKT t=14322 TX ua=95 mt=P len=0
PKT t=14331 RX ua=95 mt=R len=7
PKT t=14336 TX ua=95 mt=P len=0
PKT t=14345 RX ua=95 mt=R len=7
PKT t=14361 TX ua=95 mt=P len=0
PKT t=14389 RX ua=95 mt=R len=7
PKT t=14394 TX ua=95 mt=T len=7
PKT t=14406 TX ua=95 mt=P len=0
PKT t=14415 RX ua=95 mt=R len=7
PKT t=14420 TX ua=95 mt=P len=0
PKT t=14429 RX ua=95 mt=R len=7
PKT t=14434 TX ua=95 mt=P len=0
PKT t=14443 RX ua=95 mt=R len=7
PKT t=14461 TX ua=95 mt=P len=0
PKT t=14489 RX ua=95 mt=R len=7
PKT t=14494 TX ua=95 mt=P len=0
PKT t=14503 RX ua=95 mt=R len=7
PKT t=14508 TX ua=95 mt=P len=0
PKT t=14517 RX ua=95 mt=R len=7
PKT t=14522 TX ua=95 mt=P len=0
PKT t=14531 RX ua=95 mt=R len=7
PKT t=14536 TX ua=95 mt=P len=0
PKT t=14545 RX ua=95 mt=R len=7
PKT t=14561 TX ua=95 mt=P len=0
PKT t=14590 RX ua=95 mt=R len=7
PKT t=14595 TX ua=95 mt=P len=0
PKT t=14604 RX ua=95 mt=R len=7
PKT t=14609 TX ua=95 mt=P len=0
PKT t=14618 RX ua=95 mt=R len=7
PKT t=14623 TX ua=95 mt=T len=7
PKT t=14635 TX ua=95 mt=P len=0
PKT t=14644 RX ua=95 mt=R len=7
PKT t=14661 TX ua=95 mt=P len=0
PKT t=14689 RX ua=95 mt=R len=7
PKT t=14694 TX ua=95 mt=P len=0
PKT t=14703 RX ua=95 mt=R len=7
PKT t=14708 TX ua=95 mt=P len=0
PKT t=14717 RX ua=95 mt=R len=7
PKT t=14722 TX ua=95 mt=P len=0
PKT t=14731 RX ua=95 mt=R len=7
PKT t=14736 TX ua=95 mt=P len=0
PKT t=14745 RX ua=95 mt=R len=7
PKT t=14761 TX ua=95 mt=P len=0
PKT t=14789 RX ua=95 mt=R len=7
PKT t=14794 TX ua=96 mt=I len=13
PKT t=15302 TX ua=96 mt=T len=4
PKT t=15313 TX ua=95 mt=P len=0
PKT t=15322 RX ua=95 mt=R len=7
PKT t=15327 TX ua=96 mt=P len=0
PKT t=15585 TX ua=95 mt=P len=0
PKT t=15594 RX ua=95 mt=R len=7
PKT t=15599 TX ua=95 mt=T len=7
PKT t=15611 TX ua=95 mt=P len=0
PKT t=15621 RX ua=95 mt=R len=7
PKT t=15626 TX ua=95 mt=T len=7
PKT t=15638 TX ua=95 mt=P len=0
PKT t=15661 RX ua=95 mt=R len=7
PKT t=15666 TX ua=95 mt=P len=0
PKT t=15689 RX ua=95 mt=R len=7
PKT t=15694 TX ua=95 mt=P len=0
PKT t=15703 RX ua=95 mt=R len=7
PKT t=15708 TX ua=95 mt=P len=0
PKT t=15717 RX ua=95 mt=R len=7
PKT t=15722 TX ua=95 mt=P len=0
PKT t=15731 RX ua=95 mt=R len=7
PKT t=15736 TX ua=95 mt=P len=0
PKT t=15745 RX ua=95 mt=R len=7
PKT t=15761 TX ua=95 mt=P len=0
PKT t=15789 RX ua=95 mt=R len=7
PKT t=15794 TX ua=95 mt=P len=0
PKT t=15803 RX ua=95 mt=R len=7
PKT t=15808 TX ua=95 mt=P len=0
PKT t=15817 RX ua=95 mt=R len=7
PKT t=15822 TX ua=95 mt=P len=0
PKT t=15832 RX ua=95 mt=R len=7
PKT t=15836 TX ua=95 mt=P len=0
PKT t=15845 RX ua=95 mt=R len=7
PKT t=15861 TX ua=95 mt=P len=0
PKT t=15889 RX ua=95 mt=R len=7
PKT t=15894 TX ua=95 mt=T len=7
PKT t=15906 TX ua=95 mt=P len=0
PKT t=15915 RX ua=95 mt=R len=7
PKT t=15920 TX ua=95 mt=P len=0
PKT t=15929 RX ua=95 mt=R len=7
PKT t=15934 TX ua=95 mt=P len=0
PKT t=15943 RX ua=95 mt=R len=7
PKT t=15961 TX ua=95 mt=P len=0
PKT t=15989 RX ua=95 mt=R len=7
PKT t=15994 TX ua=95 mt=P len=0
PKT t=16003 RX ua=95 mt=R len=7
PKT t=16012 TX ua=95 mt=P len=0
PKT t=16021 RX ua=95 mt=R len=7
PKT t=16026 TX ua=95 mt=P len=0
PKT t=16035 RX ua=95 mt=R len=7
PKT t=16040 TX ua=95 mt=P len=0
PKT t=16061 RX ua=95 mt=R len=7
PKT t=16066 TX ua=95 mt=P len=0
PKT t=16089 RX ua=95 mt=R len=7
PKT t=16094 TX ua=95 mt=P len=0
PKT t=16103 RX ua=95 mt=R len=7
PKT t=16108 TX ua=95 mt=T len=7
PKT t=16120 TX ua=95 mt=P len=0
PKT t=16129 RX ua=95 mt=R len=7
PKT t=16134 TX ua=95 mt=P len=0
PKT t=16143 RX ua=95 mt=R len=7
PKT t=16161 TX ua=95 mt=P len=0
PKT t=16189 RX ua=95 mt=R len=7
PKT t=16194 TX ua=95 mt=P len=0
PKT t=16203 RX ua=95 mt=R len=7
PKT t=16208 TX ua=95 mt=P len=0
PKT t=16217 RX ua=95 mt=R len=7
PKT t=16222 TX ua=95 mt=P len=0
PKT t=16231 RX ua=95 mt=R len=7
PKT t=16236 TX ua=95 mt=P len=0
PKT t=16245 RX ua=95 mt=R len=7
PKT t=16261 TX ua=95 mt=P len=0
PKT t=16289 RX ua=95 mt=R len=7
PKT t=16294 TX ua=95 mt=P len=0
PKT t=16303 RX ua=95 mt=R len=7
PKT t=16308 TX ua=95 mt=P len=0
PKT t=16317 RX ua=95 mt=R len=7
PKT t=16322 TX ua=95 mt=P len=0
PKT t=16331 RX ua=95 mt=R len=7
PKT t=16336 TX ua=95 mt=P len=0
PKT t=16345 RX ua=95 mt=R len=7
PKT t=16361 TX ua=95 mt=P len=0
PKT t=16389 RX ua=95 mt=R len=7
PKT t=16394 TX ua=95 mt=T len=7
PKT t=16406 TX ua=95 mt=P len=0
PKT t=16415 RX ua=95 mt=R len=7
PKT t=16420 TX ua=95 mt=P len=0
PKT t=16429 RX ua=95 mt=R len=7
PKT t=16434 TX ua=95 mt=P len=0
PKT t=16443 RX ua=95 mt=R len=7
PKT t=16461 TX ua=95 mt=P len=0
PKT t=16489 RX ua=95 mt=R len=7
PKT t=16494 TX ua=95 mt=P len=0
PKT t=16503 RX ua=95 mt=R len=7
PKT t=16508 TX ua=95 mt=P len=0
PKT t=16517 RX ua=95 mt=R len=7
PKT t=16522 TX ua=95 mt=P len=0
PKT t=16531 RX ua=95 mt=R len=7
PKT t=16536 TX ua=95 mt=P len=0
PKT t=16545 RX ua=95 mt=R len=7
PKT t=16561 TX ua=95 mt=P len=0
PKT t=16589 RX ua=95 mt=R len=7
PKT t=16594 TX ua=95 mt=P len=0
PKT t=16603 RX ua=95 mt=R len=7
PKT t=16608 TX ua=95 mt=P len=0
PKT t=16617 RX ua=95 mt=R len=7
PKT t=16622 TX ua=95 mt=T len=7
PKT t=16634 TX ua=95 mt=P len=0
PKT t=16643 RX ua=95 mt=R len=7
PKT t=16661 TX ua=95 mt=P len=0
PKT t=16689 RX ua=95 mt=R len=7
PKT t=16694 TX ua=95 mt=P len=0
PKT t=16703 RX ua=95 mt=R len=7
PKT t=16708 TX ua=95 mt=P len=0
PKT t=16717 RX ua=95 mt=R len=7
PKT t=16722 TX ua=95 mt=P len=0
PKT t=16731 RX ua=95 mt=R len=7
PKT t=16736 TX ua=95 mt=P len=0
PKT t=16745 RX ua=95 mt=R len=7
PKT t=16761 TX ua=95 mt=P len=0
PKT t=16789 RX ua=95 mt=R len=7
PKT t=16794 TX ua=95 mt=P len=0
PKT t=16803 RX ua=95 mt=R len=7
PKT t=16808 TX ua=95 mt=P len=0
PKT t=16817 RX ua=95 mt=R len=7
PKT t=16822 TX ua=95 mt=P len=0
PKT t=16831 RX ua=95 mt=R len=7
PKT t=16836 TX ua=95 mt=P len=0
PKT t=16845 RX ua=95 mt=R len=7
PKT t=16861 TX ua=95 mt=P len=0
PKT t=16889 RX ua=95 mt=R len=7
PKT t=16894 TX ua=95 mt=T len=7
PKT t=16906 TX ua=95 mt=P len=0
PKT t=16915 RX ua=95 mt=R len=7
PKT t=16920 TX ua=95 mt=P len=0
PKT t=16929 RX ua=95 mt=R len=7
PKT t=16934 TX ua=95 mt=P len=0
PKT t=16943 RX ua=95 mt=R len=7
PKT t=16961 TX ua=95 mt=P len=0
PKT t=16989 RX ua=95 mt=R len=7
PKT t=16994 TX ua=95 mt=P len=0
PKT t=17003 RX ua=95 mt=R len=7
PKT t=17008 TX ua=95 mt=P len=0
PKT t=17017 RX ua=95 mt=R len=7
PKT t=17022 TX ua=95 mt=P len=0
PKT t=17031 RX ua=95 mt=R len=7
PKT t=17036 TX ua=95 mt=P len=0
PKT t=17045 RX ua=95 mt=R len=7
PKT t=17061 TX ua=95 mt=P len=0
PKT t=17089 RX ua=95 mt=R len=7
PKT t=17094 TX ua=95 mt=P len=0
PKT t=17103 RX ua=95 mt=R len=7
PKT t=17108 TX ua=95 mt=T len=7
PKT t=17120 TX ua=95 mt=P len=0
PKT t=17129 RX ua=95 mt=R len=7
PKT t=17134 TX ua=95 mt=P len=0
PKT t=17143 RX ua=95 mt=R len=7
PKT t=17161 TX ua=95 mt=P len=0
PKT t=17189 RX ua=95 mt=R len=7
PKT t=17194 TX ua=95 mt=P len=0
PKT t=17203 RX ua=95 mt=R len=7
PKT t=17208 TX ua=95 mt=P len=0
PKT t=17217 RX ua=95 mt=R len=7
PKT t=17222 TX ua=95 mt=P len=0
PKT t=17231 RX ua=95 mt=R len=7
PKT t=17236 TX ua=95 mt=P len=0
PKT t=17245 RX ua=95 mt=R len=7
PKT t=17261 TX ua=95 mt=P len=0
PKT t=17289 RX ua=95 mt=R len=7
PKT t=17294 TX ua=95 mt=P len=0
PKT t=17303 RX ua=95 mt=R len=7
PKT t=17308 TX ua=95 mt=P len=0
PKT t=17317 RX ua=95 mt=R len=7
PKT t=17322 TX ua=95 mt=P len=0
PKT t=17331 RX ua=95 mt=R len=7
PKT t=17336 TX ua=95 mt=P len=0
PKT t=17345 RX ua=95 mt=R len=7
PKT t=17361 TX ua=95 mt=P len=0
PKT t=17389 RX ua=95 mt=R len=7
PKT t=17394 TX ua=95 mt=T len=7
PKT t=17406 TX ua=95 mt=P len=0
PKT t=17416 RX ua=95 mt=R len=7
PKT t=17421 TX ua=95 mt=P len=0
PKT t=17431 RX ua=95 mt=R len=7
PKT t=17436 TX ua=95 mt=P len=0
PKT t=17446 RX ua=95 mt=R len=7
PKT t=17461 TX ua=95 mt=P len=0
PKT t=17489 RX ua=95 mt=R len=7
PKT t=17494 TX ua=95 mt=P len=0
PKT t=17504 RX ua=95 mt=R len=7
PKT t=17509 TX ua=95 mt=P len=0
PKT t=17519 RX ua=95 mt=R len=7
PKT t=17524 TX ua=95 mt=P len=0
PKT t=17534 RX ua=95 mt=R len=7
PKT t=17539 TX ua=95 mt=P len=0
PKT t=17561 RX ua=95 mt=R len=7
PKT t=17566 TX ua=95 mt=P len=0
PKT t=17589 RX ua=95 mt=R len=7
PKT t=17594 TX ua=95 mt=P len=0
PKT t=17604 RX ua=95 mt=R len=7
PKT t=17609 TX ua=95 mt=P len=0
PKT t=17619 RX ua=95 mt=R len=7
PKT t=17624 TX ua=95 mt=T len=7
PKT t=17636 TX ua=95 mt=P len=0
PKT t=17645 RX ua=95 mt=R len=7
PKT t=17661 TX ua=95 mt=P len=0
PKT t=17689 RX ua=95 mt=R len=7
PKT t=17694 TX ua=95 mt=P len=0
PKT t=17703 RX ua=95 mt=R len=7
PKT t=17708 TX ua=95 mt=P len=0
PKT t=17717 RX ua=95 mt=R len=7
PKT t=17722 TX ua=95 mt=P len=0
PKT t=17731 RX ua=95 mt=R len=7
PKT t=17736 TX ua=95 mt=P len=0
PKT t=17745 RX ua=95 mt=R len=7
PKT t=17761 TX ua=95 mt=P len=0
PKT t=17789 RX ua=95 mt=R len=7
PKT t=17794 TX ua=95 mt=P len=0
PKT t=17803 RX ua=95 mt=R len=7
PKT t=17808 TX ua=95 mt=P len=0
PKT t=17817 RX ua=95 mt=R len=7
PKT t=17822 TX ua=95 mt=P len=0
PKT t=17831 RX ua=95 mt=R len=7
PKT t=17836 TX ua=95 mt=P len=0
PKT t=17845 RX ua=95 mt=R len=7
PKT t=17861 TX ua=95 mt=P len=0
PKT t=17889 RX ua=95 mt=R len=7
PKT t=17894 TX ua=95 mt=T len=7
PKT t=17906 TX ua=95 mt=P len=0
PKT t=17915 RX ua=95 mt=R len=7
PKT t=17920 TX ua=95 mt=P len=0
PKT t=17929 RX ua=95 mt=R len=7
PKT t=17934 TX ua=95 mt=P len=0
PKT t=17943 RX ua=95 mt=R len=7
PKT t=17961 TX ua=95 mt=P len=0
PKT t=17989 RX ua=95 mt=R len=7
PKT t=17994 TX ua=95 mt=P len=0
PKT t=18003 RX ua=95 mt=R len=7
PKT t=18008 TX ua=95 mt=P len=0
PKT t=18017 RX ua=95 mt=R len=7
PKT t=18022 TX ua=95 mt=P len=0
PKT t=18031 RX ua=95 mt=R len=7
PKT t=18036 TX ua=95 mt=P len=0
PKT t=18045 RX ua=95 mt=R len=7
PKT t=18061 TX ua=95 mt=P len=0
PKT t=18089 RX ua=95 mt=R len=7
PKT t=18094 TX ua=95 mt=P len=0
PKT t=18103 RX ua=95 mt=R len=7
PKT t=18108 TX ua=95 mt=T len=7
PKT t=18121 TX ua=95 mt=P len=0
PKT t=18130 RX ua=95 mt=R len=7
PKT t=18135 TX ua=95 mt=T len=7
PKT t=18161 TX ua=95 mt=P len=0
PKT t=18189 RX ua=95 mt=R len=7
PKT t=18194 TX ua=95 mt=P len=0
PKT t=18203 RX ua=95 mt=R len=7
PKT t=18208 TX ua=95 mt=P len=0
PKT t=18217 RX ua=95 mt=R len=7
PKT t=18222 TX ua=95 mt=P len=0
PKT t=18231 RX ua=95 mt=R len=7
PKT t=18236 TX ua=95 mt=P len=0
PKT t=18245 RX ua=95 mt=R len=7
PKT t=18261 TX ua=95 mt=P len=0
PKT t=18290 RX ua=95 mt=R len=7
PKT t=18294 TX ua=95 mt=P len=0
PKT t=18303 RX ua=95 mt=R len=7
PKT t=18308 TX ua=95 mt=P len=0
PKT t=18317 RX ua=95 mt=R len=7
PKT t=18322 TX ua=95 mt=P len=0
PKT t=18331 RX ua=95 mt=R len=7
PKT t=18336 TX ua=95 mt=P len=0
PKT t=18345 RX ua=95 mt=R len=7
PKT t=18361 TX ua=95 mt=P len=0
PKT t=18389 RX ua=95 mt=R len=7
PKT t=18394 TX ua=95 mt=T len=7
PKT t=18407 TX ua=95 mt=P len=0
PKT t=18416 RX ua=95 mt=R len=7
PKT t=18421 TX ua=95 mt=P len=0
PKT t=18430 RX ua=95 mt=R len=7
PKT t=18435 TX ua=95 mt=P len=0
PKT t=18444 RX ua=95 mt=R len=7
PKT t=18461 TX ua=95 mt=P len=0
PKT t=18489 RX ua=95 mt=R len=7
PKT t=18494 TX ua=95 mt=P len=0
PKT t=18503 RX ua=95 mt=R len=7
PKT t=18508 TX ua=95 mt=P len=0
PKT t=18517 RX ua=95 mt=R len=7
PKT t=18522 TX ua=95 mt=P len=0
PKT t=18531 RX ua=95 mt=R len=7
PKT t=18536 TX ua=95 mt=P len=0
PKT t=18545 RX ua=95 mt=R len=7
PKT t=18561 TX ua=95 mt=P len=0
PKT t=18589 RX ua=95 mt=R len=7
PKT t=18594 TX ua=95 mt=P len=0
PKT t=18603 RX ua=95 mt=R len=7
PKT t=18608 TX ua=95 mt=P len=0
PKT t=18617 RX ua=95 mt=R len=7
PKT t=18622 TX ua=95 mt=T len=7
PKT t=18635 TX ua=95 mt=P len=0
PKT t=18644 RX ua=95 mt=R len=7
PKT t=18661 TX ua=95 mt=P len=0
PKT t=18689 RX ua=95 mt=R len=7
PKT t=18694 TX ua=95 mt=P len=0
PKT t=18703 RX ua=95 mt=R len=7
PKT t=18708 TX ua=95 mt=P len=0
PKT t=18717 RX ua=95 mt=R len=7
PKT t=18722 TX ua=95 mt=P len=0
PKT t=18732 RX ua=95 mt=R len=7
PKT t=18737 TX ua=95 mt=P len=0
PKT t=18746 RX ua=95 mt=R len=7
PKT t=18761 TX ua=95 mt=P len=0
PKT t=18789 RX ua=95 mt=R len=7
PKT t=18794 TX ua=95 mt=P len=0
PKT t=18803 RX ua=95 mt=R len=7
PKT t=18808 TX ua=95 mt=P len=0
PKT t=18817 RX ua=95 mt=R len=7
PKT t=18822 TX ua=95 mt=P len=0
PKT t=18831 RX ua=95 mt=R len=7
PKT t=18836 TX ua=95 mt=P len=0
PKT t=18845 RX ua=95 mt=R len=7
PKT t=18861 TX ua=95 mt=P len=0
PKT t=18889 RX ua=95 mt=R len=7
PKT t=18894 TX ua=95 mt=T len=7
PKT t=18907 TX ua=95 mt=P len=0
PKT t=18916 RX ua=95 mt=R len=7
PKT t=18921 TX ua=95 mt=P len=0
PKT t=18931 RX ua=95 mt=R len=7
PKT t=18936 TX ua=95 mt=P len=0
PKT t=18945 RX ua=95 mt=R len=7
PKT t=18961 TX ua=95 mt=P len=0
PKT t=18989 RX ua=95 mt=R len=7
PKT t=18994 TX ua=95 mt=P len=0
PKT t=19003 RX ua=95 mt=R len=7
PKT t=19008 TX ua=95 mt=P len=0
PKT t=19017 RX ua=95 mt=R len=7
PKT t=19022 TX ua=95 mt=P len=0
PKT t=19031 RX ua=95 mt=R len=7
PKT t=19036 TX ua=95 mt=P len=0
PKT t=19045 RX ua=95 mt=R len=7
PKT t=19061 TX ua=95 mt=P len=0
PKT t=19089 RX ua=95 mt=R len=7
PKT t=19094 TX ua=95 mt=P len=0
PKT t=19103 RX ua=95 mt=R len=7
PKT t=19108 TX ua=95 mt=T len=7
PKT t=19120 TX ua=95 mt=P len=0
PKT t=19129 RX ua=95 mt=R len=7
PKT t=19134 TX ua=95 mt=P len=0
PKT t=19143 RX ua=95 mt=R len=7
PKT t=19161 TX ua=95 mt=P len=0
PKT t=19189 RX ua=95 mt=R len=7
PKT t=19194 TX ua=95 mt=P len=0
PKT t=19203 RX ua=95 mt=R len=7
PKT t=19208 TX ua=95 mt=P len=0
PKT t=19217 RX ua=95 mt=R len=7
PKT t=19222 TX ua=95 mt=P len=0
PKT t=19231 RX ua=95 mt=R len=7
PKT t=19236 TX ua=95 mt=P len=0
PKT t=19245 RX ua=95 mt=R len=7
PKT t=19261 TX ua=95 mt=P len=0
PKT t=19289 RX ua=95 mt=R len=7
PKT t=19294 TX ua=95 mt=P len=0
PKT t=19303 RX ua=95 mt=R len=7
PKT t=19308 TX ua=95 mt=P len=0
PKT t=19317 RX ua=95 mt=R len=7
PKT t=19322 TX ua=95 mt=P len=0
PKT t=19331 RX ua=95 mt=R len=7
PKT t=19336 TX ua=95 mt=P len=0
PKT t=19345 RX ua=95 mt=R len=7
PKT t=19361 TX ua=95 mt=P len=0
PKT t=19389 RX ua=95 mt=R len=7
PKT t=19394 TX ua=95 mt=T len=7
PKT t=19406 TX ua=95 mt=P len=0
PKT t=19416 RX ua=95 mt=R len=7
PKT t=19421 TX ua=95 mt=P len=0
PKT t=19431 RX ua=95 mt=R len=7
PKT t=19436 TX ua=95 mt=P len=0
PKT t=19446 RX ua=95 mt=R len=7
PKT t=19461 TX ua=95 mt=P len=0
PKT t=19490 RX ua=95 mt=R len=7
PKT t=19495 TX ua=95 mt=P len=0
PKT t=19505 RX ua=95 mt=R len=7
PKT t=19510 TX ua=95 mt=P len=0
PKT t=19520 RX ua=95 mt=R len=7
PKT t=19525 TX ua=95 mt=P len=0
PKT t=19535 RX ua=95 mt=R len=7
PKT t=19540 TX ua=95 mt=P len=0
PKT t=19561 RX ua=95 mt=R len=7
PKT t=19566 TX ua=95 mt=P len=0
PKT t=19590 RX ua=95 mt=R len=7
PKT t=19595 TX ua=95 mt=P len=0
PKT t=19605 RX ua=95 mt=R len=7
PKT t=19610 TX ua=95 mt=P len=0
PKT t=19620 RX ua=95 mt=R len=7
PKT t=19625 TX ua=95 mt=T len=7
PKT t=19637 TX ua=95 mt=P len=0
PKT t=19646 RX ua=95 mt=R len=7
PKT t=19661 TX ua=95 mt=P len=0
PKT t=19690 RX ua=95 mt=R len=7
PKT t=19695 TX ua=95 mt=P len=0
PKT t=19704 RX ua=95 mt=R len=7
PKT t=19709 TX ua=95 mt=P len=0
PKT t=19718 RX ua=95 mt=R len=7
PKT t=19723 TX ua=95 mt=P len=0
PKT t=19732 RX ua=95 mt=R len=7
PKT t=19737 TX ua=95 mt=P len=0
PKT t=19746 RX ua=95 mt=R len=7
PKT t=19761 TX ua=95 mt=P len=0
PKT t=19789 RX ua=95 mt=R len=7
PKT t=19794 TX ua=95 mt=P len=0
PKT t=19803 RX ua=95 mt=R len=7
PKT t=19808 TX ua=95 mt=P len=0
PKT t=19817 RX ua=95 mt=R len=7
PKT t=19822 TX ua=95 mt=P len=0
PKT t=19831 RX ua=95 mt=R len=7
PKT t=19836 TX ua=95 mt=P len=0
PKT t=19845 RX ua=95 mt=R len=7
PKT t=19861 TX ua=95 mt=P len=0
PKT t=19889 RX ua=95 mt=R len=7
PKT t=19894 TX ua=95 mt=T len=7
PKT t=19906 TX ua=95 mt=P len=0
PKT t=19915 RX ua=95 mt=R len=7
PKT t=19920 TX ua=95 mt=P len=0
PKT t=19929 RX ua=95 mt=R len=7
PKT t=19934 TX ua=95 mt=P len=0
PKT t=19943 RX ua=95 mt=R len=7
PKT t=19961 TX ua=95 mt=P len=0
PKT t=19989 RX ua=95 mt=R len=7
PKT t=19994 TX ua=95 mt=P len=0
PKT t=20003 RX ua=95 mt=R len=7
PKT t=20008 TX ua=95 mt=P len=0
PKT t=20017 RX ua=95 mt=R len=7
PKT t=20022 TX ua=95 mt=P len=0
PKT t=20031 RX ua=95 mt=R len=7
PKT t=20036 TX ua=95 mt=P len=0
PKT t=20045 RX ua=95 mt=R len=7
PKT t=20061 TX ua=95 mt=P len=0
PKT t=20089 RX ua=95 mt=R len=7
PKT t=20094 TX ua=95 mt=P len=0
PKT t=20103 RX ua=95 mt=R len=7
PKT t=20108 TX ua=95 mt=T len=7
PKT t=20120 TX ua=95 mt=P len=0
PKT t=20129 RX ua=95 mt=R len=7
PKT t=20134 TX ua=95 mt=P len=0
PKT t=20143 RX ua=95 mt=R len=7
PKT t=20161 TX ua=95 mt=P len=0
PKT t=20190 RX ua=95 mt=R len=7
PKT t=20195 TX ua=95 mt=P len=0
PKT t=20204 RX ua=95 mt=R len=7
PKT t=20209 TX ua=95 mt=P len=0
PKT t=20218 RX ua=95 mt=R len=7
PKT t=20223 TX ua=95 mt=P len=0
PKT t=20232 RX ua=95 mt=R len=7
PKT t=20237 TX ua=95 mt=P len=0
PKT t=20246 RX ua=95 mt=R len=7
PKT t=20261 TX ua=95 mt=P len=0
PKT t=20289 RX ua=95 mt=R len=7
PKT t=20294 TX ua=95 mt=P len=0
PKT t=20303 RX ua=95 mt=R len=7
PKT t=20308 TX ua=95 mt=P len=0
PKT t=20317 RX ua=95 mt=R len=7
PKT t=20322 TX ua=95 mt=P len=0
PKT t=20331 RX ua=95 mt=R len=7
PKT t=20336 TX ua=95 mt=P len=0
PKT t=20345 RX ua=95 mt=R len=7
PKT t=20361 TX ua=95 mt=P len=0
PKT t=20389 RX ua=95 mt=R len=7
PKT t=20394 TX ua=95 mt=T len=7
PKT t=20406 TX ua=95 mt=P len=0
PKT t=20415 RX ua=95 mt=R len=7
PKT t=20420 TX ua=95 mt=P len=0
PKT t=20429 RX ua=95 mt=R len=7
PKT t=20434 TX ua=95 mt=P len=0
PKT t=20443 RX ua=95 mt=R len=7
PKT t=20461 TX ua=95 mt=P len=0
PKT t=20489 RX ua=95 mt=R len=7
PKT t=20494 TX ua=95 mt=P len=0
PKT t=20503 RX ua=95 mt=R len=7
PKT t=20508 TX ua=95 mt=P len=0
PKT t=20517 RX ua=95 mt=R len=7
PKT t=20522 TX ua=95 mt=P len=0
PKT t=20531 RX ua=95 mt=R len=7
PKT t=20536 TX ua=95 mt=P len=0
PKT t=20545 RX ua=95 mt=R len=7
PKT t=20561 TX ua=95 mt=P len=0
PKT t=20589 RX ua=95 mt=R len=7
PKT t=20594 TX ua=95 mt=P len=0
PKT t=20603 RX ua=95 mt=R len=7
PKT t=20608 TX ua=95 mt=P len=0
PKT t=20617 RX ua=95 mt=R len=7
PKT t=20622 TX ua=95 mt=T len=7
PKT t=20634 TX ua=95 mt=P len=0
PKT t=20643 RX ua=95 mt=R len=7
PKT t=20661 TX ua=95 mt=P len=0
PKT t=20690 RX ua=95 mt=R len=7
PKT t=20695 TX ua=95 mt=P len=0
PKT t=20704 RX ua=95 mt=R len=7
PKT t=20709 TX ua=95 mt=P len=0
PKT t=20718 RX ua=95 mt=R len=7
PKT t=20723 TX ua=95 mt=P len=0
PKT t=20733 RX ua=95 mt=R len=7
PKT t=20738 TX ua=95 mt=P len=0
PKT t=20761 RX ua=95 mt=R len=7
PKT t=20766 TX ua=95 mt=P len=0
PKT t=20789 RX ua=95 mt=R len=7
PKT t=20794 TX ua=95 mt=P len=0
PKT t=20803 RX ua=95 mt=R len=7
PKT t=20808 TX ua=95 mt=P len=0
PKT t=20817 RX ua=95 mt=R len=7
PKT t=20822 TX ua=95 mt=P len=0
PKT t=20831 RX ua=95 mt=R len=7
PKT t=20836 TX ua=95 mt=P len=0
PKT t=20845 RX ua=95 mt=R len=7
PKT t=20861 TX ua=95 mt=P len=0
PKT t=20889 RX ua=95 mt=R len=7
PKT t=20894 TX ua=95 mt=T len=7
PKT t=20906 TX ua=95 mt=P len=0
PKT t=20915 RX ua=95 mt=R len=7
PKT t=20920 TX ua=95 mt=P len=0
PKT t=20929 RX ua=95 mt=R len=7
PKT t=20934 TX ua=95 mt=P len=0
PKT t=20943 RX ua=95 mt=R len=7
PKT t=20961 TX ua=95 mt=P len=0
PKT t=20989 RX ua=95 mt=R len=7
PKT t=20994 TX ua=95 mt=P len=0
PKT t=21003 RX ua=95 mt=R len=7
PKT t=21008 TX ua=95 mt=P len=0
PKT t=21017 RX ua=95 mt=R len=7
PKT t=21022 TX ua=95 mt=P len=0
PKT t=21031 RX ua=95 mt=R len=7
PKT t=21036 TX ua=95 mt=P len=0
PKT t=21045 RX ua=95 mt=R len=7
PKT t=21061 TX ua=95 mt=P len=0
PKT t=21089 RX ua=95 mt=R len=7
PKT t=21094 TX ua=95 mt=P len=0
PKT t=21103 RX ua=95 mt=R len=7
PKT t=21108 TX ua=95 mt=T len=7
PKT t=21121 TX ua=95 mt=P len=0
PKT t=21130 RX ua=95 mt=R len=7
PKT t=21135 TX ua=95 mt=P len=0
PKT t=21144 RX ua=95 mt=R len=7
PKT t=21161 TX ua=95 mt=P len=0
PKT t=21189 RX ua=95 mt=R len=7
PKT t=21194 TX ua=95 mt=P len=0
PKT t=21203 RX ua=95 mt=R len=7
PKT t=21208 TX ua=95 mt=P len=0
PKT t=21217 RX ua=95 mt=R len=7
PKT t=21222 TX ua=95 mt=P len=0
PKT t=21231 RX ua=95 mt=R len=7
PKT t=21236 TX ua=95 mt=P len=0
PKT t=21245 RX ua=95 mt=R len=7
PKT t=21261 TX ua=95 mt=P len=0
PKT t=21289 RX ua=95 mt=R len=7
PKT t=21294 TX ua=95 mt=P len=0
PKT t=21303 RX ua=95 mt=R len=7
PKT t=21308 TX ua=95 mt=P len=0
PKT t=21317 RX ua=95 mt=R len=7
PKT t=21322 TX ua=95 mt=P len=0
PKT t=21331 RX ua=95 mt=R len=7
PKT t=21336 TX ua=95 mt=P len=0
PKT t=21345 RX ua=95 mt=R len=7
PKT t=21361 TX ua=95 mt=P len=0
PKT t=21389 RX ua=95 mt=R len=7
PKT t=21394 TX ua=95 mt=T len=7
PKT t=21407 TX ua=95 mt=P len=0
PKT t=21417 RX ua=95 mt=R len=7
PKT t=21422 TX ua=95 mt=P len=0
PKT t=21432 RX ua=95 mt=R len=7
PKT t=21437 TX ua=95 mt=P len=0
PKT t=21461 RX ua=95 mt=R len=7
PKT t=21466 TX ua=95 mt=P len=0
PKT t=21489 RX ua=95 mt=R len=7
PKT t=21494 TX ua=95 mt=P len=0
PKT t=21504 RX ua=95 mt=R len=7
PKT t=21509 TX ua=95 mt=P len=0
PKT t=21519 RX ua=95 mt=R len=7
PKT t=21524 TX ua=95 mt=P len=0
PKT t=21534 RX ua=95 mt=R len=7
PKT t=21539 TX ua=95 mt=P len=0
PKT t=21561 RX ua=95 mt=R len=7
PKT t=21566 TX ua=95 mt=P len=0
PKT t=21590 RX ua=95 mt=R len=7
PKT t=21594 TX ua=95 mt=P len=0
PKT t=21604 RX ua=95 mt=R len=7
PKT t=21609 TX ua=95 mt=P len=0
PKT t=21619 RX ua=95 mt=R len=7
PKT t=21624 TX ua=95 mt=T len=7
PKT t=21637 TX ua=95 mt=P len=0
PKT t=21646 RX ua=95 mt=R len=7
PKT t=21661 TX ua=95 mt=P len=0
PKT t=21689 RX ua=95 mt=R len=7
PKT t=21694 TX ua=95 mt=P len=0
PKT t=21703 RX ua=95 mt=R len=7
PKT t=21708 TX ua=95 mt=P len=0
PKT t=21717 RX ua=95 mt=R len=7
PKT t=21722 TX ua=95 mt=P len=0
PKT t=21731 RX ua=95 mt=R len=7
PKT t=21736 TX ua=95 mt=P len=0
PKT t=21745 RX ua=95 mt=R len=7
PKT t=21761 TX ua=95 mt=P len=0
PKT t=21789 RX ua=95 mt=R len=7
PKT t=21794 TX ua=95 mt=P len=0
PKT t=21803 RX ua=95 mt=R len=7
PKT t=21808 TX ua=95 mt=P len=0
PKT t=21817 RX ua=95 mt=R len=7
PKT t=21822 TX ua=95 mt=P len=0
PKT t=21831 RX ua=95 mt=R len=7
PKT t=21836 TX ua=95 mt=P len=0
PKT t=21845 RX ua=95 mt=R len=7
PKT t=21861 TX ua=95 mt=P len=0
PKT t=21889 RX ua=95 mt=R len=7
PKT t=21894 TX ua=95 mt=T len=7
PKT t=21907 TX ua=95 mt=P len=0
PKT t=21916 RX ua=95 mt=R len=7
PKT t=21921 TX ua=95 mt=P len=0
PKT t=21930 RX ua=95 mt=R len=7
PKT t=21935 TX ua=95 mt=P len=0
PKT t=21944 RX ua=95 mt=R len=7
PKT t=21961 TX ua=95 mt=P len=0
PKT t=21989 RX ua=95 mt=R len=7
PKT t=21994 TX ua=95 mt=P len=0
PKT t=22003 RX ua=95 mt=R len=7
PKT t=22008 TX ua=95 mt=P len=0
PKT t=22017 RX ua=95 mt=R len=7
PKT t=22022 TX ua=95 mt=P len=0
PKT t=22031 RX ua=95 mt=R len=7
PKT t=22036 TX ua=95 mt=P len=0
PKT t=22045 RX ua=95 mt=R len=7
PKT t=22061 TX ua=95 mt=P len=0
PKT t=22089 RX ua=95 mt=R len=7
PKT t=22094 TX ua=95 mt=P len=0
PKT t=22103 RX ua=95 mt=R len=7
PKT t=22108 TX ua=95 mt=T len=7
PKT t=22120 TX ua=95 mt=P len=0
PKT t=22129 RX ua=95 mt=R len=7
PKT t=22134 TX ua=95 mt=P len=0
PKT t=22143 RX ua=95 mt=R len=7
PKT t=22161 TX ua=95 mt=P len=0
PKT t=22189 RX ua=95 mt=R len=7
PKT t=22194 TX ua=95 mt=P len=0
PKT t=22203 RX ua=95 mt=R len=7
PKT t=22208 TX ua=95 mt=P len=0
PKT t=22217 RX ua=95 mt=R len=7
PKT t=22222 TX ua=95 mt=P len=0
PKT t=22231 RX ua=95 mt=R len=7
PKT t=22236 TX ua=95 mt=P len=0
PKT t=22245 RX ua=95 mt=R len=7
PKT t=22261 TX ua=95 mt=P len=0
PKT t=22289 RX ua=95 mt=R len=7
PKT t=22294 TX ua=95 mt=P len=0
PKT t=22303 RX ua=95 mt=R len=7
PKT t=22308 TX ua=95 mt=P len=0
PKT t=22317 RX ua=95 mt=R len=7
PKT t=22322 TX ua=95 mt=P len=0
PKT t=22331 RX ua=95 mt=R len=7
PKT t=22336 TX ua=95 mt=P len=0
PKT t=22345 RX ua=95 mt=R len=7
PKT t=22361 TX ua=95 mt=P len=0
PKT t=22389 RX ua=95 mt=R len=7
PKT t=22394 TX ua=95 mt=T len=7
PKT t=22406 TX ua=95 mt=P len=0
PKT t=22415 RX ua=95 mt=R len=7
PKT t=22420 TX ua=95 mt=P len=0
PKT t=22429 RX ua=95 mt=R len=7
PKT t=22434 TX ua=95 mt=P len=0
PKT t=22443 RX ua=95 mt=R len=7
PKT t=22461 TX ua=95 mt=P len=0
PKT t=22489 RX ua=95 mt=R len=7
PKT t=22494 TX ua=95 mt=P len=0
PKT t=22503 RX ua=95 mt=R len=7
PKT t=22508 TX ua=95 mt=P len=0
PKT t=22517 RX ua=95 mt=R len=7
PKT t=22522 TX ua=95 mt=P len=0
PKT t=22531 RX ua=95 mt=R len=7
PKT t=22536 TX ua=95 mt=P len=0
PKT t=22545 RX ua=95 mt=R len=7
PKT t=22561 TX ua=95 mt=P len=0
PKT t=22589 RX ua=95 mt=R len=7
PKT t=22594 TX ua=95 mt=P len=0
PKT t=22603 RX ua=95 mt=R len=7
PKT t=22608 TX ua=95 mt=P len=0
PKT t=22617 RX ua=95 mt=R len=7
PKT t=22622 TX ua=95 mt=T len=7
PKT t=22634 TX ua=95 mt=P len=0
PKT t=22643 RX ua=95 mt=R len=7
PKT t=22661 TX ua=95 mt=P len=0
PKT t=22691 RX ua=95 mt=R len=7
PKT t=22696 TX ua=95 mt=P len=0
PKT t=22705 RX ua=95 mt=R len=7
PKT t=22710 TX ua=95 mt=P len=0
PKT t=22719 RX ua=95 mt=R len=7
PKT t=22724 TX ua=95 mt=P len=0
PKT t=22733 RX ua=95 mt=R len=7
PKT t=22738 TX ua=95 mt=P len=0
PKT t=22761 RX ua=95 mt=R len=7
PKT t=22766 TX ua=95 mt=P len=0
PKT t=22789 RX ua=95 mt=R len=7
PKT t=22794 TX ua=95 mt=P len=0
PKT t=22803 RX ua=95 mt=R len=7
PKT t=22808 TX ua=95 mt=P len=0
PKT t=22817 RX ua=95 mt=R len=7
PKT t=22822 TX ua=95 mt=P len=0
PKT t=22831 RX ua=95 mt=R len=7
PKT t=22836 TX ua=95 mt=P len=0
PKT t=22845 RX ua=95 mt=R len=7
PKT t=22861 TX ua=95 mt=P len=0
PKT t=22889 RX ua=95 mt=R len=7
PKT t=22894 TX ua=95 mt=T len=7
PKT t=22906 TX ua=95 mt=P len=0
PKT t=22915 RX ua=95 mt=R len=7
PKT t=22920 TX ua=95 mt=P len=0
PKT t=22929 RX ua=95 mt=R len=7
PKT t=22934 TX ua=95 mt=P len=0
PKT t=22943 RX ua=95 mt=R len=7
PKT t=22961 TX ua=95 mt=P len=0
PKT t=22989 RX ua=95 mt=R len=7
PKT t=22994 TX ua=95 mt=P len=0
PKT t=23003 RX ua=95 mt=R len=7
PKT t=23008 TX ua=95 mt=P len=0
PKT t=23017 RX ua=95 mt=R len=7
PKT t=23022 TX ua=95 mt=P len=0
PKT t=23031 RX ua=95 mt=R len=7
PKT t=23036 TX ua=95 mt=P len=0
PKT t=23045 RX ua=95 mt=R len=7
PKT t=23061 TX ua=95 mt=P len=0
PKT t=23089 RX ua=95 mt=R len=7
PKT t=23094 TX ua=95 mt=P len=0
PKT t=23103 RX ua=95 mt=R len=7
PKT t=23108 TX ua=95 mt=T len=7
PKT t=23120 TX ua=95 mt=P len=0
PKT t=23129 RX ua=95 mt=R len=7
PKT t=23134 TX ua=95 mt=P len=0
PKT t=23143 RX ua=95 mt=R len=7
PKT t=23161 TX ua=95 mt=P len=0
PKT t=23189 RX ua=95 mt=R len=7
PKT t=23194 TX ua=95 mt=P len=0
PKT t=23203 RX ua=95 mt=R len=7
PKT t=23208 TX ua=95 mt=P len=0
PKT t=23217 RX ua=95 mt=R len=7
PKT t=23222 TX ua=95 mt=P len=0
PKT t=23231 RX ua=95 mt=R len=7
PKT t=23236 TX ua=95 mt=P len=0
PKT t=23246 RX ua=95 mt=R len=7
PKT t=23261 TX ua=95 mt=P len=0
PKT t=23289 RX ua=95 mt=R len=7
PKT t=23294 TX ua=95 mt=P len=0
PKT t=23304 RX ua=95 mt=R len=7
PKT t=23309 TX ua=95 mt=P len=0
PKT t=23318 RX ua=95 mt=R len=7
PKT t=23323 TX ua=95 mt=P len=0
PKT t=23332 RX ua=95 mt=R len=7
PKT t=23337 TX ua=95 mt=P len=0
PKT t=23346 RX ua=95 mt=R len=7
PKT t=23361 TX ua=95 mt=P len=0
PKT t=23389 RX ua=95 mt=R len=7
PKT t=23394 TX ua=95 mt=T len=7
PKT t=23406 TX ua=95 mt=P len=0
PKT t=23416 RX ua=95 mt=R len=7
PKT t=23421 TX ua=95 mt=P len=0
PKT t=23431 RX ua=95 mt=R len=7
PKT t=23436 TX ua=95 mt=P len=0
PKT t=23446 RX ua=95 mt=R len=7
PKT t=23461 TX ua=95 mt=P len=0
PKT t=23489 RX ua=95 mt=R len=7
PKT t=23494 TX ua=95 mt=P len=0
PKT t=23504 RX ua=95 mt=R len=7
PKT t=23509 TX ua=95 mt=P len=0
PKT t=23519 RX ua=95 mt=R len=7
PKT t=23524 TX ua=95 mt=P len=0
PKT t=23534 RX ua=95 mt=R len=7
PKT t=23539 TX ua=95 mt=P len=0
PKT t=23561 RX ua=95 mt=R len=7
PKT t=23566 TX ua=95 mt=P len=0
PKT t=23589 RX ua=95 mt=R len=7
PKT t=23594 TX ua=95 mt=P len=0
PKT t=23604 RX ua=95 mt=R len=7
PKT t=23609 TX ua=95 mt=P len=0
PKT t=23619 RX ua=95 mt=R len=7
PKT t=23624 TX ua=95 mt=T len=7
PKT t=23636 TX ua=95 mt=P len=0
PKT t=23645 RX ua=95 mt=R len=7
PKT t=23661 TX ua=95 mt=P len=0
PKT t=23689 RX ua=95 mt=R len=7
PKT t=23694 TX ua=95 mt=P len=0
PKT t=23703 RX ua=95 mt=R len=7
PKT t=23708 TX ua=95 mt=P len=0
PKT t=23717 RX ua=95 mt=R len=7
PKT t=23722 TX ua=95 mt=P len=0
PKT t=23731 RX ua=95 mt=R len=7
PKT t=23736 TX ua=95 mt=P len=0
PKT t=23745 RX ua=95 mt=R len=7
PKT t=23761 TX ua=95 mt=P len=0
PKT t=23789 RX ua=95 mt=R len=7
PKT t=23794 TX ua=95 mt=P len=0
PKT t=23804 RX ua=95 mt=R len=7
PKT t=23809 TX ua=95 mt=P len=0
PKT t=23818 RX ua=95 mt=R len=7
PKT t=23823 TX ua=95 mt=P len=0
PKT t=23832 RX ua=95 mt=R len=7
PKT t=23837 TX ua=95 mt=P len=0
PKT t=23861 RX ua=95 mt=R len=7
PKT t=23866 TX ua=95 mt=T len=7
PKT t=23878 TX ua=95 mt=P len=0
PKT t=23891 RX ua=95 mt=R len=7
PKT t=23896 TX ua=95 mt=P len=0
PKT t=23905 RX ua=95 mt=R len=7
PKT t=23910 TX ua=95 mt=P len=0
PKT t=23919 RX ua=95 mt=R len=7
PKT t=23924 TX ua=95 mt=P len=0
PKT t=23933 RX ua=95 mt=R len=7
PKT t=23938 TX ua=95 mt=P len=0
PKT t=23961 RX ua=95 mt=R len=7
PKT t=23966 TX ua=95 mt=P len=0
PKT t=23989 RX ua=95 mt=R len=7
PKT t=23994 TX ua=95 mt=P len=0
PKT t=24003 RX ua=95 mt=R len=7
PKT t=24008 TX ua=95 mt=P len=0
PKT t=24017 RX ua=95 mt=R len=7
PKT t=24022 TX ua=95 mt=P len=0
PKT t=24031 RX ua=95 mt=R len=7
PKT t=24036 TX ua=95 mt=P len=0
PKT t=24045 RX ua=95 mt=R len=7
PKT t=24061 TX ua=95 mt=P len=0
PKT t=24089 RX ua=95 mt=R len=7
PKT t=24094 TX ua=95 mt=P len=0
PKT t=24103 RX ua=95 mt=R len=7
PKT t=24108 TX ua=95 mt=T len=7
PKT t=24120 TX ua=95 mt=P len=0
PKT t=24129 RX ua=95 mt=R len=7
PKT t=24134 TX ua=95 mt=P len=0
PKT t=24143 RX ua=95 mt=R len=7
PKT t=24161 TX ua=95 mt=P len=0
PKT t=24189 RX ua=95 mt=R len=7
PKT t=24194 TX ua=95 mt=P len=0
PKT t=24203 RX ua=95 mt=R len=7
PKT t=24208 TX ua=95 mt=P len=0
PKT t=24217 RX ua=95 mt=R len=7
PKT t=24222 TX ua=95 mt=P len=0
PKT t=24231 RX ua=95 mt=R len=7
PKT t=24236 TX ua=95 mt=P len=0
PKT t=24245 RX ua=95 mt=R len=7
PKT t=24261 TX ua=95 mt=P len=0
PKT t=24289 RX ua=95 mt=R len=7
PKT t=24294 TX ua=95 mt=P len=0
PKT t=24303 RX ua=95 mt=R len=7
PKT t=24308 TX ua=95 mt=P len=0
PKT t=24317 RX ua=95 mt=R len=7
PKT t=24322 TX ua=95 mt=P len=0
PKT t=24331 RX ua=95 mt=R len=7
PKT t=24336 TX ua=95 mt=P len=0
PKT t=24345 RX ua=95 mt=R len=7
PKT t=24361 TX ua=95 mt=P len=0
PKT t=24389 RX ua=95 mt=R len=7
PKT t=24394 TX ua=95 mt=T len=7
PKT t=24406 TX ua=95 mt=P len=0
PKT t=24415 RX ua=95 mt=R len=7
PKT t=24420 TX ua=95 mt=P len=0
PKT t=24429 RX ua=95 mt=R len=7
PKT t=24434 TX ua=95 mt=P len=0
PKT t=24443 RX ua=95 mt=R len=7
PKT t=24461 TX ua=95 mt=P len=0
PKT t=24489 RX ua=95 mt=R len=7
PKT t=24494 TX ua=95 mt=P len=0
PKT t=24503 RX ua=95 mt=R len=7
PKT t=24508 TX ua=95 mt=P len=0
PKT t=24517 RX ua=95 mt=R len=7
PKT t=24522 TX ua=95 mt=P len=0
PKT t=24531 RX ua=95 mt=R len=7
PKT t=24536 TX ua=95 mt=P len=0
PKT t=24545 RX ua=95 mt=R len=7
PKT t=24561 TX ua=95 mt=P len=0
PKT t=24589 RX ua=95 mt=R len=7
PKT t=24594 TX ua=95 mt=P len=0
PKT t=24603 RX ua=95 mt=R len=7
PKT t=24608 TX ua=95 mt=P len=0
PKT t=24617 RX ua=95 mt=R len=7
PKT t=24622 TX ua=95 mt=T len=7
PKT t=24634 TX ua=95 mt=P len=0
PKT t=24643 RX ua=95 mt=R len=7
PKT t=24661 TX ua=95 mt=P len=0
PKT t=24689 RX ua=95 mt=R len=7
PKT t=24694 TX ua=95 mt=P len=0
PKT t=24703 RX ua=95 mt=R len=7
PKT t=24708 TX ua=95 mt=P len=0
PKT t=24717 RX ua=95 mt=R len=7
PKT t=24722 TX ua=95 mt=P len=0
PKT t=24731 RX ua=95 mt=R len=7
PKT t=24736 TX ua=95 mt=P len=0
PKT t=24746 RX ua=95 mt=R len=7
PKT t=24761 TX ua=95 mt=P len=0
PKT t=24789 RX ua=95 mt=R len=7
PKT t=24794 TX ua=95 mt=P len=0
PKT t=24803 RX ua=95 mt=R len=7
PKT t=24808 TX ua=95 mt=P len=0
PKT t=24817 RX ua=95 mt=R len=7
PKT t=24822 TX ua=95 mt=P len=0
PKT t=24831 RX ua=95 mt=R len=7
PKT t=24836 TX ua=95 mt=P len=0
PKT t=24845 RX ua=95 mt=R len=7
PKT t=24861 TX ua=95 mt=P len=0
PKT t=24889 RX ua=95 mt=R len=7
PKT t=24894 TX ua=95 mt=T len=7
PKT t=24906 TX ua=95 mt=P len=0
PKT t=24915 RX ua=95 mt=R len=7
PKT t=24920 TX ua=95 mt=P len=0
PKT t=24930 RX ua=95 mt=R len=7
PKT t=24935 TX ua=95 mt=P len=0
PKT t=24944 RX ua=95 mt=R len=7
PKT t=24961 TX ua=95 mt=P len=0
PKT t=24989 RX ua=95 mt=R len=7
PKT t=24994 TX ua=95 mt=P len=0
PKT t=25003 RX ua=95 mt=R len=7
PKT t=25008 TX ua=95 mt=P len=0
PKT t=25017 RX ua=95 mt=R len=7
PKT t=25022 TX ua=95 mt=P len=0
PKT t=25031 RX ua=95 mt=R len=7
PKT t=25036 TX ua=95 mt=P len=0
PKT t=25045 RX ua=95 mt=R len=7
PKT t=25061 TX ua=95 mt=P len=0
PKT t=25089 RX ua=95 mt=R len=7
PKT t=25094 TX ua=95 mt=P len=0
PKT t=25103 RX ua=95 mt=R len=7
PKT t=25108 TX ua=95 mt=T len=7
PKT t=25120 TX ua=95 mt=P len=0
PKT t=25129 RX ua=95 mt=R len=7
PKT t=25134 TX ua=95 mt=P len=0
PKT t=25143 RX ua=95 mt=R len=7
PKT t=25161 TX ua=95 mt=P len=0
PKT t=25189 RX ua=95 mt=R len=7
PKT t=25194 TX ua=95 mt=P len=0
PKT t=25203 RX ua=95 mt=R len=7
PKT t=25208 TX ua=95 mt=P len=0
PKT t=25217 RX ua=95 mt=R len=7
PKT t=25222 TX ua=95 mt=P len=0
PKT t=25231 RX ua=95 mt=R len=7
PKT t=25236 TX ua=95 mt=P len=0
PKT t=25245 RX ua=95 mt=R len=7
PKT t=25261 TX ua=95 mt=P len=0
PKT t=25289 RX ua=95 mt=R len=7
PKT t=25294 TX ua=95 mt=P len=0
PKT t=25303 RX ua=95 mt=R len=7
PKT t=25308 TX ua=95 mt=P len=0
PKT t=25317 RX ua=95 mt=R len=7
PKT t=25322 TX ua=95 mt=P len=0
PKT t=25331 RX ua=95 mt=R len=7
PKT t=25336 TX ua=95 mt=P len=0
PKT t=25345 RX ua=95 mt=R len=7
PKT t=25361 TX ua=95 mt=P len=0
PKT t=25389 RX ua=95 mt=R len=7
PKT t=25394 TX ua=95 mt=T len=7
PKT t=25406 TX ua=95 mt=P len=0
PKT t=25416 RX ua=95 mt=R len=7
PKT t=25421 TX ua=95 mt=P len=0
PKT t=25431 RX ua=95 mt=R len=7
PKT t=25436 TX ua=95 mt=P len=0
PKT t=25446 RX ua=95 mt=R len=7
PKT t=25461 TX ua=95 mt=P len=0
PKT t=25489 RX ua=95 mt=R len=7
PKT t=25494 TX ua=95 mt=P len=0
PKT t=25504 RX ua=95 mt=R len=7
PKT t=25509 TX ua=95 mt=P len=0
PKT t=25519 RX ua=95 mt=R len=7
PKT t=25524 TX ua=95 mt=P len=0
PKT t=25534 RX ua=95 mt=R len=7
PKT t=25539 TX ua=95 mt=P len=0
PKT t=25561 RX ua=95 mt=R len=7
PKT t=25566 TX ua=95 mt=P len=0
PKT t=25589 RX ua=95 mt=R len=7
PKT t=25594 TX ua=95 mt=P len=0
PKT t=25604 RX ua=95 mt=R len=7
PKT t=25609 TX ua=95 mt=P len=0
PKT t=25619 RX ua=95 mt=R len=7
PKT t=25624 TX ua=95 mt=T len=7
PKT t=25636 TX ua=95 mt=P len=0
PKT t=25645 RX ua=95 mt=R len=7
PKT t=25661 TX ua=95 mt=P len=0
PKT t=25689 RX ua=95 mt=R len=7
PKT t=25694 TX ua=95 mt=P len=0
PKT t=25703 RX ua=95 mt=R len=7
PKT t=25708 TX ua=95 mt=P len=0
PKT t=25717 RX ua=95 mt=R len=7
PKT t=25722 TX ua=95 mt=P len=0
PKT t=25731 RX ua=95 mt=R len=7
PKT t=25736 TX ua=95 mt=P len=0
PKT t=25745 RX ua=95 mt=R len=7
PKT t=25761 TX ua=95 mt=P len=0
PKT t=25789 RX ua=95 mt=R len=7
PKT t=25794 TX ua=95 mt=P len=0
PKT t=25803 RX ua=95 mt=R len=7
PKT t=25808 TX ua=95 mt=P len=0
PKT t=25817 RX ua=95 mt=R len=7
PKT t=25822 TX ua=95 mt=P len=0
PKT t=25831 RX ua=95 mt=R len=7
PKT t=25836 TX ua=95 mt=P len=0
PKT t=25845 RX ua=95 mt=R len=7
PKT t=25861 TX ua=95 mt=P len=0
PKT t=25889 RX ua=95 mt=R len=7
PKT t=25894 TX ua=95 mt=T len=7
PKT t=25906 TX ua=95 mt=P len=0
PKT t=25915 RX ua=95 mt=R len=7
PKT t=25920 TX ua=95 mt=P len=0
PKT t=25929 RX ua=95 mt=R len=7
PKT t=25934 TX ua=95 mt=P len=0
PKT t=25943 RX ua=95 mt=R len=7
PKT t=25961 TX ua=95 mt=P len=0
PKT t=25989 RX ua=95 mt=R len=7
PKT t=25994 TX ua=95 mt=P len=0
PKT t=26003 RX ua=95 mt=R len=7
PKT t=26008 TX ua=95 mt=P len=0
PKT t=26017 RX ua=95 mt=R len=7
PKT t=26022 TX ua=95 mt=P len=0
PKT t=26031 RX ua=95 mt=R len=7
PKT t=26036 TX ua=95 mt=P len=0
PKT t=26045 RX ua=95 mt=R len=7
PKT t=26061 TX ua=95 mt=P len=0
PKT t=26089 RX ua=95 mt=R len=7
PKT t=26094 TX ua=95 mt=P len=0
PKT t=26103 RX ua=95 mt=R len=7
PKT t=26108 TX ua=95 mt=T len=7
PKT t=26121 TX ua=95 mt=P len=0
PKT t=26130 RX ua=95 mt=R len=7
PKT t=26135 TX ua=95 mt=T len=7
PKT t=26161 TX ua=95 mt=P len=0
PKT t=26189 RX ua=95 mt=R len=7
PKT t=26194 TX ua=95 mt=P len=0
PKT t=26203 RX ua=95 mt=R len=7
PKT t=26208 TX ua=95 mt=P len=0
PKT t=26217 RX ua=95 mt=R len=7
PKT t=26222 TX ua=95 mt=P len=0
PKT t=26232 RX ua=95 mt=R len=7
PKT t=26237 TX ua=95 mt=P len=0
PKT t=26246 RX ua=95 mt=R len=7
PKT t=26261 TX ua=95 mt=P len=0
PKT t=26289 RX ua=95 mt=R len=7
PKT t=26294 TX ua=95 mt=P len=0
PKT t=26303 RX ua=95 mt=R len=7
PKT t=26308 TX ua=95 mt=P len=0
PKT t=26317 RX ua=95 mt=R len=7
PKT t=26322 TX ua=95 mt=P len=0
PKT t=26331 RX ua=95 mt=R len=7
PKT t=26336 TX ua=95 mt=P len=0
PKT t=26345 RX ua=95 mt=R len=7
PKT t=26361 TX ua=95 mt=P len=0
PKT t=26389 RX ua=95 mt=R len=7
PKT t=26394 TX ua=95 mt=T len=7
PKT t=26407 TX ua=95 mt=P len=0
PKT t=26416 RX ua=95 mt=R len=7
PKT t=26421 TX ua=95 mt=P len=0
PKT t=26430 RX ua=95 mt=R len=7
PKT t=26435 TX ua=95 mt=P len=0
PKT t=26444 RX ua=95 mt=R len=7
PKT t=26461 TX ua=95 mt=P len=0
PKT t=26489 RX ua=95 mt=R len=7
PKT t=26494 TX ua=95 mt=P len=0
PKT t=26503 RX ua=95 mt=R len=7
PKT t=26508 TX ua=95 mt=P len=0
PKT t=26517 RX ua=95 mt=R len=7
PKT t=26522 TX ua=95 mt=P len=0
PKT t=26531 RX ua=95 mt=R len=7
PKT t=26536 TX ua=95 mt=P len=0
PKT t=26545 RX ua=95 mt=R len=7
PKT t=26561 TX ua=95 mt=P len=0
PKT t=26589 RX ua=95 mt=R len=7
PKT t=26594 TX ua=95 mt=P len=0
PKT t=26603 RX ua=95 mt=R len=7
PKT t=26608 TX ua=95 mt=P len=0
PKT t=26617 RX ua=95 mt=R len=7
PKT t=26622 TX ua=95 mt=T len=7
PKT t=26635 TX ua=95 mt=P len=0
PKT t=26644 RX ua=95 mt=R len=7
PKT t=26661 TX ua=95 mt=P len=0
PKT t=26690 RX ua=95 mt=R len=7
PKT t=26695 TX ua=95 mt=P len=0
PKT t=26704 RX ua=95 mt=R len=7
PKT t=26709 TX ua=95 mt=P len=0
PKT t=26718 RX ua=95 mt=R len=7
PKT t=26723 TX ua=95 mt=P len=0
PKT t=26732 RX ua=95 mt=R len=7
PKT t=26737 TX ua=95 mt=P len=0
PKT t=26746 RX ua=95 mt=R len=7
PKT t=26761 TX ua=95 mt=P len=0
PKT t=26789 RX ua=95 mt=R len=7
PKT t=26794 TX ua=95 mt=P len=0
PKT t=26803 RX ua=95 mt=R len=7
PKT t=26808 TX ua=95 mt=P len=0
PKT t=26818 RX ua=95 mt=R len=7
PKT t=26823 TX ua=95 mt=P len=0
PKT t=26832 RX ua=95 mt=R len=7
PKT t=26837 TX ua=95 mt=P len=0
PKT t=26846 RX ua=95 mt=R len=7
PKT t=26861 TX ua=95 mt=P len=0
PKT t=26889 RX ua=95 mt=R len=7
PKT t=26894 TX ua=95 mt=T len=7
PKT t=26907 TX ua=95 mt=P len=0
PKT t=26916 RX ua=95 mt=R len=7
PKT t=26921 TX ua=95 mt=P len=0
PKT t=26930 RX ua=95 mt=R len=7
PKT t=26935 TX ua=95 mt=P len=0
PKT t=26944 RX ua=95 mt=R len=7
PKT t=26961 TX ua=95 mt=P len=0
PKT t=26989 RX ua=95 mt=R len=7
PKT t=26994 TX ua=95 mt=P len=0
PKT t=27003 RX ua=95 mt=R len=7
PKT t=27008 TX ua=95 mt=P len=0
PKT t=27017 RX ua=95 mt=R len=7
PKT t=27022 TX ua=95 mt=P len=0
PKT t=27031 RX ua=95 mt=R len=7
PKT t=27036 TX ua=95 mt=P len=0
PKT t=27045 RX ua=95 mt=R len=7
PKT t=27061 TX ua=95 mt=P len=0
PKT t=27089 RX ua=95 mt=R len=7
PKT t=27094 TX ua=95 mt=P len=0
PKT t=27103 RX ua=95 mt=R len=7
PKT t=27108 TX ua=95 mt=T len=7
PKT t=27120 TX ua=95 mt=P len=0
PKT t=27129 RX ua=95 mt=R len=7
PKT t=27134 TX ua=95 mt=P len=0
PKT t=27143 RX ua=95 mt=R len=7
PKT t=27161 TX ua=95 mt=P len=0
PKT t=27189 RX ua=95 mt=R len=7
PKT t=27194 TX ua=95 mt=P len=0
PKT t=27203 RX ua=95 mt=R len=7
PKT t=27208 TX ua=95 mt=P len=0
PKT t=27217 RX ua=95 mt=R len=7
PKT t=27222 TX ua=95 mt=P len=0
PKT t=27231 RX ua=95 mt=R len=7
PKT t=27236 TX ua=95 mt=P len=0
PKT t=27245 RX ua=95 mt=R len=7
PKT t=27261 TX ua=95 mt=P len=0
PKT t=27289 RX ua=95 mt=R len=7
PKT t=27294 TX ua=95 mt=P len=0
PKT t=27303 RX ua=95 mt=R len=7
PKT t=27308 TX ua=95 mt=P len=0
PKT t=27317 RX ua=95 mt=R len=7
PKT t=27322 TX ua=95 mt=P len=0
PKT t=27331 RX ua=95 mt=R len=7
PKT t=27336 TX ua=95 mt=P len=0
PKT t=27345 RX ua=95 mt=R len=7
PKT t=27361 TX ua=95 mt=P len=0
PKT t=27389 RX ua=95 mt=R len=7
PKT t=27394 TX ua=95 mt=T len=7
PKT t=27406 TX ua=95 mt=P len=0
PKT t=27416 RX ua=95 mt=R len=7
PKT t=27421 TX ua=95 mt=P len=0
PKT t=27431 RX ua=95 mt=R len=7
PKT t=27436 TX ua=95 mt=P len=0
PKT t=27446 RX ua=95 mt=R len=7
PKT t=27461 TX ua=95 mt=P len=0
PKT t=27490 RX ua=95 mt=R len=7
PKT t=27495 TX ua=95 mt=P len=0
PKT t=27505 RX ua=95 mt=R len=7
PKT t=27510 TX ua=95 mt=P len=0
PKT t=27520 RX ua=95 mt=R len=7
PKT t=27525 TX ua=95 mt=P len=0
PKT t=27535 RX ua=95 mt=R len=7
PKT t=27540 TX ua=95 mt=P len=0
PKT t=27561 RX ua=95 mt=R len=7
PKT t=27566 TX ua=95 mt=P len=0
PKT t=27590 RX ua=95 mt=R len=7
PKT t=27595 TX ua=95 mt=P len=0
PKT t=27605 RX ua=95 mt=R len=7
PKT t=27610 TX ua=95 mt=P len=0
PKT t=27620 RX ua=95 mt=R len=7
PKT t=27625 TX ua=95 mt=T len=7
PKT t=27637 TX ua=95 mt=P len=0
PKT t=27646 RX ua=95 mt=R len=7
PKT t=27661 TX ua=95 mt=P len=0
PKT t=27689 RX ua=95 mt=R len=7
PKT t=27694 TX ua=95 mt=P len=0
PKT t=27703 RX ua=95 mt=R len=7
PKT t=27708 TX ua=95 mt=P len=0
PKT t=27717 RX ua=95 mt=R len=7
PKT t=27722 TX ua=95 mt=P len=0
PKT t=27731 RX ua=95 mt=R len=7
PKT t=27736 TX ua=95 mt=P len=0
PKT t=27745 RX ua=95 mt=R len=7
PKT t=27761 TX ua=95 mt=P len=0
PKT t=27789 RX ua=95 mt=R len=7
PKT t=27794 TX ua=95 mt=P len=0
PKT t=27803 RX ua=95 mt=R len=7
PKT t=27808 TX ua=95 mt=P len=0
PKT t=27817 RX ua=95 mt=R len=7
PKT t=27822 TX ua=95 mt=P len=0
PKT t=27831 RX ua=95 mt=R len=7
PKT t=27836 TX ua=95 mt=P len=0
PKT t=27845 RX ua=95 mt=R len=7
PKT t=27861 TX ua=95 mt=P len=0
PKT t=27889 RX ua=95 mt=R len=7
PKT t=27894 TX ua=95 mt=T len=7
PKT t=27906 TX ua=95 mt=P len=0
PKT t=27915 RX ua=95 mt=R len=7
PKT t=27920 TX ua=95 mt=P len=0
PKT t=27929 RX ua=95 mt=R len=7
PKT t=27934 TX ua=95 mt=P len=0
PKT t=27943 RX ua=95 mt=R len=7
PKT t=27961 TX ua=95 mt=P len=0
PKT t=27989 RX ua=95 mt=R len=7
PKT t=27994 TX ua=95 mt=P len=0
PKT t=28003 RX ua=95 mt=R len=7
PKT t=28008 TX ua=95 mt=P len=0
PKT t=28018 RX ua=95 mt=R len=7
PKT t=28023 TX ua=95 mt=P len=0
PKT t=28032 RX ua=95 mt=R len=7
PKT t=28037 TX ua=95 mt=P len=0
PKT t=28046 RX ua=95 mt=R len=7
PKT t=28061 TX ua=95 mt=P len=0
PKT t=28089 RX ua=95 mt=R len=7
PKT t=28094 TX ua=95 mt=P len=0
PKT t=28103 RX ua=95 mt=R len=7
PKT t=28108 TX ua=95 mt=T len=7
PKT t=28120 TX ua=95 mt=P len=0
PKT t=28129 RX ua=95 mt=R len=7
PKT t=28134 TX ua=95 mt=P len=0
PKT t=28143 RX ua=95 mt=R len=7
PKT t=28161 TX ua=95 mt=P len=0
PKT t=28189 RX ua=95 mt=R len=7
PKT t=28194 TX ua=95 mt=P len=0
PKT t=28204 RX ua=95 mt=R len=7
PKT t=28208 TX ua=95 mt=P len=0
PKT t=28217 RX ua=95 mt=R len=7
PKT t=28222 TX ua=95 mt=P len=0
PKT t=28231 RX ua=95 mt=R len=7
PKT t=28236 TX ua=95 mt=P len=0
PKT t=28245 RX ua=95 mt=R len=7
PKT t=28261 TX ua=95 mt=P len=0
PKT t=28289 RX ua=95 mt=R len=7
PKT t=28294 TX ua=95 mt=P len=0
PKT t=28303 RX ua=95 mt=R len=7
PKT t=28308 TX ua=95 mt=P len=0
PKT t=28317 RX ua=95 mt=R len=7
PKT t=28322 TX ua=95 mt=P len=0
PKT t=28331 RX ua=95 mt=R len=7
PKT t=28336 TX ua=95 mt=P len=0
PKT t=28345 RX ua=95 mt=R len=7
PKT t=28361 TX ua=95 mt=P len=0
PKT t=28389 RX ua=95 mt=R len=7
PKT t=28394 TX ua=95 mt=T len=7
PKT t=28406 TX ua=95 mt=P len=0
PKT t=28415 RX ua=95 mt=R len=7
PKT t=28420 TX ua=95 mt=P len=0
PKT t=28429 RX ua=95 mt=R len=7
PKT t=28434 TX ua=95 mt=P len=0
PKT t=28443 RX ua=95 mt=R len=7
PKT t=28461 TX ua=95 mt=P len=0
PKT t=28489 RX ua=95 mt=R len=7
PKT t=28494 TX ua=95 mt=P len=0
PKT t=28503 RX ua=95 mt=R len=7
PKT t=28508 TX ua=95 mt=P len=0
PKT t=28517 RX ua=95 mt=R len=7
PKT t=28522 TX ua=95 mt=P len=0
PKT t=28531 RX ua=95 mt=R len=7
PKT t=28536 TX ua=95 mt=P len=0
PKT t=28545 RX ua=95 mt=R len=7
PKT t=28561 TX ua=95 mt=P len=0
PKT t=28589 RX ua=95 mt=R len=7
PKT t=28594 TX ua=95 mt=P len=0
PKT t=28603 RX ua=95 mt=R len=7
PKT t=28608 TX ua=95 mt=P len=0
PKT t=28617 RX ua=95 mt=R len=7
PKT t=28622 TX ua=95 mt=T len=7
PKT t=28634 TX ua=95 mt=P len=0
PKT t=28643 RX ua=95 mt=R len=7
PKT t=28661 TX ua=95 mt=P len=0
PKT t=28689 RX ua=95 mt=R len=7
PKT t=28694 TX ua=95 mt=P len=0
PKT t=28703 RX ua=95 mt=R len=7
PKT t=28708 TX ua=95 mt=P len=0
PKT t=28717 RX ua=95 mt=R len=7
PKT t=28722 TX ua=95 mt=P len=0
PKT t=28732 RX ua=95 mt=R len=7
PKT t=28737 TX ua=95 mt=P len=0
PKT t=28746 RX ua=95 mt=R len=7
PKT t=28761 TX ua=95 mt=P len=0
PKT t=28789 RX ua=95 mt=R len=7
PKT t=28794 TX ua=95 mt=P len=0
PKT t=28803 RX ua=95 mt=R len=7
PKT t=28808 TX ua=95 mt=P len=0
PKT t=28817 RX ua=95 mt=R len=7
PKT t=28822 TX ua=95 mt=P len=0
PKT t=28831 RX ua=95 mt=R len=7
PKT t=28836 TX ua=95 mt=P len=0
PKT t=28845 RX ua=95 mt=R len=7
PKT t=28861 TX ua=95 mt=P len=0
PKT t=28889 RX ua=95 mt=R len=7
PKT t=28894 TX ua=95 mt=T len=7
PKT t=28906 TX ua=95 mt=P len=0
PKT t=28915 RX ua=95 mt=R len=7
PKT t=28920 TX ua=95 mt=P len=0
PKT t=28929 RX ua=95 mt=R len=7
PKT t=28934 TX ua=95 mt=P len=0
PKT t=28943 RX ua=95 mt=R len=7
PKT t=28961 TX ua=95 mt=P len=0
PKT t=28989 RX ua=95 mt=R len=7
PKT t=28994 TX ua=95 mt=P len=0
PKT t=29003 RX ua=95 mt=R len=7
PKT t=29008 TX ua=95 mt=P len=0
PKT t=29017 RX ua=95 mt=R len=7
PKT t=29022 TX ua=95 mt=P len=0
PKT t=29031 RX ua=95 mt=R len=7
PKT t=29036 TX ua=95 mt=P len=0
PKT t=29045 RX ua=95 mt=R len=7
PKT t=29061 TX ua=95 mt=P len=0
PKT t=29089 RX ua=95 mt=R len=7
PKT t=29094 TX ua=95 mt=P len=0
PKT t=29103 RX ua=95 mt=R len=7
PKT t=29108 TX ua=95 mt=T len=7
PKT t=29121 TX ua=95 mt=P len=0
PKT t=29130 RX ua=95 mt=R len=7
PKT t=29135 TX ua=95 mt=P len=0
PKT t=29144 RX ua=95 mt=R len=7
PKT t=29161 TX ua=95 mt=P len=0
PKT t=29189 RX ua=95 mt=R len=7
PKT t=29194 TX ua=95 mt=P len=0
PKT t=29203 RX ua=95 mt=R len=7
PKT t=29208 TX ua=95 mt=P len=0
PKT t=29217 RX ua=95 mt=R len=7
PKT t=29222 TX ua=95 mt=P len=0
PKT t=29231 RX ua=95 mt=R len=7
PKT t=29236 TX ua=95 mt=P len=0
PKT t=29245 RX ua=95 mt=R len=7
PKT t=29261 TX ua=95 mt=P len=0
PKT t=29289 RX ua=95 mt=R len=7
PKT t=29294 TX ua=95 mt=P len=0
PKT t=29303 RX ua=95 mt=R len=7
PKT t=29308 TX ua=95 mt=P len=0
PKT t=29317 RX ua=95 mt=R len=7
PKT t=29322 TX ua=95 mt=P len=0
PKT t=29332 RX ua=95 mt=R len=7
PKT t=29337 TX ua=95 mt=P len=0
PKT t=29346 RX ua=95 mt=R len=7
PKT t=29361 TX ua=95 mt=P len=0
PKT t=29389 RX ua=95 mt=R len=7
PKT t=29394 TX ua=95 mt=T len=7
PKT t=29407 TX ua=95 mt=P len=0
PKT t=29417 RX ua=95 mt=R len=7
PKT t=29422 TX ua=95 mt=P len=0
PKT t=29432 RX ua=95 mt=R len=7
PKT t=29437 TX ua=95 mt=P len=0
PKT t=29461 RX ua=95 mt=R len=7
PKT t=29466 TX ua=95 mt=P len=0
PKT t=29489 RX ua=95 mt=R len=7
PKT t=29494 TX ua=95 mt=P len=0
PKT t=29504 RX ua=95 mt=R len=7
PKT t=29509 TX ua=95 mt=P len=0
PKT t=29519 RX ua=95 mt=R len=7
PKT t=29524 TX ua=95 mt=P len=0
PKT t=29534 RX ua=95 mt=R len=7
PKT t=29539 TX ua=95 mt=P len=0
PKT t=29561 RX ua=95 mt=R len=7
PKT t=29566 TX ua=95 mt=P len=0
PKT t=29589 RX ua=95 mt=R len=7
PKT t=29594 TX ua=95 mt=P len=0
PKT t=29604 RX ua=95 mt=R len=7
PKT t=29609 TX ua=95 mt=P len=0
PKT t=29619 RX ua=95 mt=R len=7
PKT t=29624 TX ua=95 mt=T len=7
PKT t=29637 TX ua=95 mt=P len=0
PKT t=29646 RX ua=95 mt=R len=7
PKT t=29661 TX ua=95 mt=P len=0
PKT t=29689 RX ua=95 mt=R len=7
PKT t=29694 TX ua=95 mt=P len=0
PKT t=29703 RX ua=95 mt=R len=7
PKT t=29708 TX ua=95 mt=P len=0
PKT t=29717 RX ua=95 mt=R len=7
PKT t=29722 TX ua=95 mt=P len=0
PKT t=29731 RX ua=95 mt=R len=7
PKT t=29736 TX ua=95 mt=P len=0
PKT t=29745 RX ua=95 mt=R len=7
PKT t=29761 TX ua=95 mt=P len=0
PKT t=29789 RX ua=95 mt=R len=7
PKT t=29794 TX ua=95 mt=P len=0
PKT t=29803 RX ua=95 mt=R len=7
PKT t=29808 TX ua=95 mt=P len=0
PKT t=29817 RX ua=95 mt=R len=7
PKT t=29822 TX ua=95 mt=P len=0
PKT t=29831 RX ua=95 mt=R len=7
PKT t=29836 TX ua=95 mt=P len=0
PKT t=29845 RX ua=95 mt=R len=7
PKT t=29861 TX ua=95 mt=P len=0
PKT t=29889 RX ua=95 mt=R len=7
PKT t=29894 TX ua=95 mt=T len=7
PKT t=29907 TX ua=95 mt=P len=0
PKT t=29916 RX ua=95 mt=R len=7
PKT t=29921 TX ua=95 mt=P len=0
PKT t=29930 RX ua=95 mt=R len=7
PKT t=29935 TX ua=95 mt=P len=0
PKT t=29944 RX ua=95 mt=R len=7
PKT t=29961 TX ua=95 mt=P len=0
PKT t=29989 RX ua=95 mt=R len=7
PKT t=29994 TX ua=95 mt=P len=0
PKT t=30003 RX ua=95 mt=R len=7
PKT t=30008 TX ua=95 mt=P len=0
PKT t=30019 RX ua=95 mt=R len=7
PKT t=30024 TX ua=95 mt=P len=0
PKT t=30033 RX ua=95 mt=R len=7
PKT t=30038 TX ua=95 mt=P len=0
PKT t=30061 RX ua=95 mt=R len=7
PKT t=30066 TX ua=95 mt=P len=0
PKT t=30089 RX ua=95 mt=R len=7
PKT t=30094 TX ua=95 mt=P len=0
PKT t=30103 RX ua=95 mt=R len=7
PKT t=30108 TX ua=95 mt=T len=7
PKT t=30120 TX ua=95 mt=P len=0
PKT t=30129 RX ua=95 mt=R len=7
PKT t=30134 TX ua=95 mt=P len=0
PKT t=30143 RX ua=95 mt=R len=7
PKT t=30161 TX ua=95 mt=P len=0
PKT t=30189 RX ua=95 mt=R len=7
PKT t=30194 TX ua=95 mt=P len=0
PKT t=30203 RX ua=95 mt=R len=7
PKT t=30208 TX ua=95 mt=P len=0
PKT t=30217 RX ua=95 mt=R len=7
PKT t=30222 TX ua=95 mt=P len=0
PKT t=30231 RX ua=95 mt=R len=7
PKT t=30236 TX ua=95 mt=P len=0
PKT t=30245 RX ua=95 mt=R len=7
PKT t=30261 TX ua=95 mt=P len=0
PKT t=30289 RX ua=95 mt=R len=7
PKT t=30294 TX ua=95 mt=P len=0
PKT t=30303 RX ua=95 mt=R len=7
PKT t=30308 TX ua=95 mt=P len=0
PKT t=30317 RX ua=95 mt=R len=7
PKT t=30322 TX ua=95 mt=P len=0
PKT t=30331 RX ua=95 mt=R len=7
PKT t=30336 TX ua=95 mt=P len=0
PKT t=30345 RX ua=95 mt=R len=7
PKT t=30361 TX ua=95 mt=P len=0
PKT t=30389 RX ua=95 mt=R len=7
PKT t=30394 TX ua=95 mt=T len=7
PKT t=30406 TX ua=95 mt=P len=0
PKT t=30415 RX ua=95 mt=R len=7
PKT t=30420 TX ua=95 mt=P len=0
PKT t=30429 RX ua=95 mt=R len=7
PKT t=30434 TX ua=95 mt=P len=0
PKT t=30443 RX ua=95 mt=R len=7
PKT t=30461 TX ua=95 mt=P len=0
PKT t=30489 RX ua=95 mt=R len=7
PKT t=30494 TX ua=95 mt=P len=0
PKT t=30503 RX ua=95 mt=R len=7
PKT t=30508 TX ua=95 mt=P len=0
PKT t=30517 RX ua=95 mt=R len=7
PKT t=30522 TX ua=95 mt=P len=0
PKT t=30531 RX ua=95 mt=R len=7
PKT t=30536 TX ua=95 mt=P len=0
PKT t=30545 RX ua=95 mt=R len=7
PKT t=30561 TX ua=95 mt=P len=0
PKT t=30589 RX ua=95 mt=R len=7
PKT t=30594 TX ua=95 mt=P len=0
PKT t=30603 RX ua=95 mt=R len=7
PKT t=30608 TX ua=95 mt=P len=0
PKT t=30617 RX ua=95 mt=R len=7
PKT t=30622 TX ua=95 mt=T len=7
PKT t=30634 TX ua=95 mt=P len=0
PKT t=30643 RX ua=95 mt=R len=7
PKT t=30661 TX ua=95 mt=P len=0
PKT t=30689 RX ua=95 mt=R len=7
PKT t=30694 TX ua=95 mt=P len=0
PKT t=30703 RX ua=95 mt=R len=7
PKT t=30708 TX ua=95 mt=P len=0
PKT t=30717 RX ua=95 mt=R len=7
PKT t=30722 TX ua=95 mt=P len=0
PKT t=30731 RX ua=95 mt=R len=7
PKT t=30736 TX ua=95 mt=P len=0
PKT t=30745 RX ua=95 mt=R len=7
PKT t=30761 TX ua=95 mt=P len=0
PKT t=30789 RX ua=95 mt=R len=7
PKT t=30794 TX ua=95 mt=P len=0
PKT t=30803 RX ua=95 mt=R len=7
PKT t=30808 TX ua=95 mt=P len=0
PKT t=30817 RX ua=95 mt=R len=7
PKT t=30822 TX ua=95 mt=P len=0
PKT t=30831 RX ua=95 mt=R len=7
PKT t=30836 TX ua=95 mt=P len=0
PKT t=30845 RX ua=95 mt=R len=7
PKT t=30861 TX ua=95 mt=P len=0
PKT t=30889 RX ua=95 mt=R len=7
PKT t=30894 TX ua=95 mt=T len=7
PKT t=30906 TX ua=95 mt=P len=0
PKT t=30915 RX ua=95 mt=R len=7
PKT t=30920 TX ua=95 mt=P len=0
PKT t=30929 RX ua=95 mt=R len=7
PKT t=30934 TX ua=95 mt=P len=0
PKT t=30943 RX ua=95 mt=R len=7
PKT t=30961 TX ua=95 mt=P len=0
PKT t=30989 RX ua=95 mt=R len=7
PKT t=30994 TX ua=95 mt=P len=0
PKT t=31003 RX ua=95 mt=R len=7
PKT t=31008 TX ua=95 mt=P len=0
PKT t=31017 RX ua=95 mt=R len=7
PKT t=31022 TX ua=95 mt=P len=0
PKT t=31031 RX ua=95 mt=R len=7
PKT t=31036 TX ua=95 mt=P len=0
PKT t=31045 RX ua=95 mt=R len=7
PKT t=31061 TX ua=95 mt=P len=0
PKT t=31089 RX ua=95 mt=R len=7
PKT t=31094 TX ua=95 mt=P len=0
PKT t=31103 RX ua=95 mt=R len=7
PKT t=31108 TX ua=95 mt=T len=7
PKT t=31120 TX ua=95 mt=P len=0
PKT t=31129 RX ua=95 mt=R len=7
PKT t=31134 TX ua=95 mt=P len=0
PKT t=31143 RX ua=95 mt=R len=7
PKT t=31161 TX ua=95 mt=P len=0
PKT t=31189 RX ua=95 mt=R len=7
PKT t=31194 TX ua=95 mt=P len=0
PKT t=31203 RX ua=95 mt=R len=7
PKT t=31208 TX ua=95 mt=P len=0
PKT t=31217 RX ua=95 mt=R len=7
PKT t=31222 TX ua=95 mt=P len=0
PKT t=31231 RX ua=95 mt=R len=7
PKT t=31236 TX ua=95 mt=P len=0
PKT t=31245 RX ua=95 mt=R len=7
PKT t=31261 TX ua=95 mt=P len=0
PKT t=31289 RX ua=95 mt=R len=7
PKT t=31294 TX ua=95 mt=P len=0
PKT t=31303 RX ua=95 mt=R len=7
PKT t=31308 TX ua=95 mt=P len=0
PKT t=31317 RX ua=95 mt=R len=7
PKT t=31322 TX ua=95 mt=P len=0
PKT t=31331 RX ua=95 mt=R len=7
PKT t=31336 TX ua=95 mt=P len=0
PKT t=31345 RX ua=95 mt=R len=7
PKT t=31361 TX ua=95 mt=P len=0
PKT t=31389 RX ua=95 mt=R len=7
PKT t=31394 TX ua=95 mt=T len=7
PKT t=31406 TX ua=95 mt=P len=0
PKT t=31416 RX ua=95 mt=R len=7
PKT t=31421 TX ua=95 mt=P len=0
PKT t=31431 RX ua=95 mt=R len=7
PKT t=31436 TX ua=95 mt=P len=0
PKT t=31446 RX ua=95 mt=R len=7
PKT t=31461 TX ua=95 mt=P len=0
PKT t=31489 RX ua=95 mt=R len=7
PKT t=31494 TX ua=95 mt=P len=0
PKT t=31504 RX ua=95 mt=R len=7
PKT t=31509 TX ua=95 mt=P len=0
PKT t=31519 RX ua=95 mt=R len=7
PKT t=31524 TX ua=95 mt=P len=0
PKT t=31534 RX ua=95 mt=R len=7
PKT t=31539 TX ua=95 mt=P len=0
PKT t=31561 RX ua=95 mt=R len=7
PKT t=31566 TX ua=95 mt=P len=0
PKT t=31590 RX ua=95 mt=R len=7
PKT t=31595 TX ua=96 mt=P len=0
PKT t=31866 TX ua=95 mt=P len=0
PKT t=31876 RX ua=95 mt=R len=7
PKT t=31881 TX ua=95 mt=T len=7
PKT t=31893 TX ua=95 mt=P len=0
PKT t=31902 RX ua=95 mt=R len=7
PKT t=31907 TX ua=95 mt=P len=0
PKT t=31916 RX ua=95 mt=R len=7
PKT t=31921 TX ua=95 mt=P len=0
PKT t=31930 RX ua=95 mt=R len=7
PKT t=31935 TX ua=95 mt=P len=0
PKT t=31944 RX ua=95 mt=R len=7
PKT t=31961 TX ua=95 mt=P len=0
PKT t=31989 RX ua=95 mt=R len=7
PKT t=31994 TX ua=95 mt=P len=0
PKT t=32003 RX ua=95 mt=R len=7
PKT t=32008 TX ua=95 mt=P len=0
PKT t=32020 RX ua=95 mt=R len=7
PKT t=32025 TX ua=95 mt=P len=0
PKT t=32034 RX ua=95 mt=R len=7
PKT t=32039 TX ua=95 mt=P len=0
PKT t=32061 RX ua=95 mt=R len=7
PKT t=32066 TX ua=95 mt=P len=0
PKT t=32089 RX ua=95 mt=R len=7
PKT t=32094 TX ua=95 mt=P len=0
PKT t=32103 RX ua=95 mt=R len=7
PKT t=32108 TX ua=95 mt=T len=7
PKT t=32120 TX ua=95 mt=P len=0
PKT t=32129 RX ua=95 mt=R len=7
PKT t=32134 TX ua=95 mt=P len=0
PKT t=32143 RX ua=95 mt=R len=7
PKT t=32161 TX ua=95 mt=P len=0
PKT t=32189 RX ua=95 mt=R len=7
PKT t=32194 TX ua=95 mt=P len=0
PKT t=32203 RX ua=95 mt=R len=7
PKT t=32208 TX ua=95 mt=P len=0
PKT t=32217 RX ua=95 mt=R len=7
PKT t=32222 TX ua=95 mt=P len=0
PKT t=32231 RX ua=95 mt=R len=7
PKT t=32236 TX ua=95 mt=P len=0
PKT t=32245 RX ua=95 mt=R len=7
PKT t=32261 TX ua=95 mt=P len=0
PKT t=32289 RX ua=95 mt=R len=7
PKT t=32294 TX ua=95 mt=P len=0
PKT t=32303 RX ua=95 mt=R len=7
PKT t=32308 TX ua=95 mt=P len=0
PKT t=32317 RX ua=95 mt=R len=7
PKT t=32322 TX ua=95 mt=P len=0
PKT t=32331 RX ua=95 mt=R len=7
PKT t=32336 TX ua=95 mt=P len=0
PKT t=32345 RX ua=95 mt=R len=7
PKT t=32361 TX ua=95 mt=P len=0
PKT t=32389 RX ua=95 mt=R len=7
PKT t=32394 TX ua=95 mt=T len=7
PKT t=32406 TX ua=95 mt=P len=0
PKT t=32415 RX ua=95 mt=R len=7
PKT t=32420 TX ua=95 mt=P len=0
PKT t=32429 RX ua=95 mt=R len=7
PKT t=32434 TX ua=95 mt=P len=0
PKT t=32443 RX ua=95 mt=R len=7
PKT t=32461 TX ua=95 mt=P len=0
PKT t=32489 RX ua=95 mt=R len=7
PKT t=32494 TX ua=95 mt=P len=0
PKT t=32503 RX ua=95 mt=R len=7
PKT t=32508 TX ua=95 mt=P len=0
PKT t=32517 RX ua=95 mt=R len=7
PKT t=32522 TX ua=95 mt=P len=0
PKT t=32531 RX ua=95 mt=R len=7
PKT t=32536 TX ua=95 mt=P len=0
PKT t=32545 RX ua=95 mt=R len=7
PKT t=32561 TX ua=95 mt=P len=0
PKT t=32589 RX ua=95 mt=R len=7
PKT t=32594 TX ua=95 mt=P len=0
PKT t=32603 RX ua=95 mt=R len=7
PKT t=32608 TX ua=95 mt=P len=0
PKT t=32617 RX ua=95 mt=R len=7
PKT t=32622 TX ua=95 mt=T len=7
PKT t=32634 TX ua=95 mt=P len=0
PKT t=32643 RX ua=95 mt=R len=7
PKT t=32661 TX ua=95 mt=P len=0
PKT t=32689 RX ua=95 mt=R len=7
PKT t=32694 TX ua=95 mt=P len=0
PKT t=32703 RX ua=95 mt=R len=7
PKT t=32708 TX ua=95 mt=P len=0
PKT t=32717 RX ua=95 mt=R len=7
PKT t=32722 TX ua=95 mt=P len=0
PKT t=32731 RX ua=95 mt=R len=7
PKT t=32736 TX ua=95 mt=P len=0
PKT t=32745 RX ua=95 mt=R len=7
PKT t=32761 TX ua=95 mt=P len=0
PKT t=32789 RX ua=95 mt=R len=7
PKT t=32794 TX ua=95 mt=P len=0
PKT t=32803 RX ua=95 mt=R len=7
PKT t=32808 TX ua=95 mt=P len=0
PKT t=32817 RX ua=95 mt=R len=7
PKT t=32822 TX ua=95 mt=P len=0
PKT t=32831 RX ua=95 mt=R len=7
PKT t=32836 TX ua=95 mt=P len=0
PKT t=32845 RX ua=95 mt=R len=7
PKT t=32861 TX ua=95 mt=P len=0
PKT t=32889 RX ua=95 mt=R len=7
PKT t=32894 TX ua=95 mt=T len=7
PKT t=32906 TX ua=95 mt=P len=0
PKT t=32915 RX ua=95 mt=R len=7
PKT t=32920 TX ua=95 mt=P len=0
PKT t=32929 RX ua=95 mt=R len=7
PKT t=32934 TX ua=95 mt=P len=0
PKT t=32943 RX ua=95 mt=R len=7
PKT t=32961 TX ua=95 mt=P len=0
PKT t=32989 RX ua=95 mt=R len=7
PKT t=32994 TX ua=95 mt=P len=0
PKT t=33003 RX ua=95 mt=R len=7
PKT t=33008 TX ua=95 mt=P len=0
PKT t=33017 RX ua=95 mt=R len=7
PKT t=33022 TX ua=95 mt=P len=0
PKT t=33031 RX ua=95 mt=R len=7
PKT t=33036 TX ua=95 mt=P len=0
PKT t=33045 RX ua=95 mt=R len=7
PKT t=33061 TX ua=95 mt=P len=0
PKT t=33089 RX ua=95 mt=R len=7
PKT t=33094 TX ua=95 mt=P len=0
PKT t=33103 RX ua=95 mt=R len=7
PKT t=33108 TX ua=95 mt=T len=7
PKT t=33120 TX ua=95 mt=P len=0
PKT t=33129 RX ua=95 mt=R len=7
PKT t=33134 TX ua=95 mt=P len=0
PKT t=33143 RX ua=95 mt=R len=7
PKT t=33161 TX ua=95 mt=P len=0
PKT t=33189 RX ua=95 mt=R len=7
PKT t=33194 TX ua=95 mt=P len=0
PKT t=33203 RX ua=95 mt=R len=7
PKT t=33208 TX ua=95 mt=P len=0
PKT t=33217 RX ua=95 mt=R len=7
PKT t=33222 TX ua=95 mt=P len=0
PKT t=33231 RX ua=95 mt=R len=7
PKT t=33236 TX ua=95 mt=P len=0
PKT t=33245 RX ua=95 mt=R len=7
PKT t=33261 TX ua=95 mt=P len=0
PKT t=33289 RX ua=95 mt=R len=7
PKT t=33294 TX ua=95 mt=P len=0
PKT t=33303 RX ua=95 mt=R len=7
PKT t=33308 TX ua=95 mt=P len=0
PKT t=33317 RX ua=95 mt=R len=7
PKT t=33322 TX ua=95 mt=P len=0
PKT t=33331 RX ua=95 mt=R len=7
PKT t=33336 TX ua=95 mt=P len=0
PKT t=33345 RX ua=95 mt=R len=7
PKT t=33361 TX ua=95 mt=P len=0
PKT t=33389 RX ua=95 mt=R len=7
PKT t=33394 TX ua=95 mt=T len=7
PKT t=33406 TX ua=95 mt=P len=0
PKT t=33416 RX ua=95 mt=R len=7
PKT t=33421 TX ua=95 mt=P len=0
PKT t=33431 RX ua=95 mt=R len=7
PKT t=33436 TX ua=95 mt=P len=0
PKT t=33446 RX ua=95 mt=R len=7
PKT t=33461 TX ua=95 mt=P len=0
PKT t=33489 RX ua=95 mt=R len=7
PKT t=33494 TX ua=95 mt=P len=0
PKT t=33504 RX ua=95 mt=R len=7
PKT t=33509 TX ua=95 mt=P len=0
PKT t=33519 RX ua=95 mt=R len=7
PKT t=33524 TX ua=95 mt=P len=0
PKT t=33534 RX ua=95 mt=R len=7
PKT t=33539 TX ua=95 mt=P len=0
PKT t=33561 RX ua=95 mt=R len=7
PKT t=33566 TX ua=95 mt=P len=0
PKT t=33590 RX ua=95 mt=R len=7
PKT t=33594 TX ua=95 mt=P len=0
PKT t=33604 RX ua=95 mt=R len=7
PKT t=33609 TX ua=95 mt=P len=0
PKT t=33619 RX ua=95 mt=R len=7
PKT t=33624 TX ua=95 mt=T len=7
PKT t=33636 TX ua=95 mt=P len=0
PKT t=33645 RX ua=95 mt=R len=7
PKT t=33661 TX ua=95 mt=P len=0
PKT t=33689 RX ua=95 mt=R len=7
PKT t=33694 TX ua=95 mt=P len=0
PKT t=33703 RX ua=95 mt=R len=7
PKT t=33708 TX ua=95 mt=P len=0
PKT t=33717 RX ua=95 mt=R len=7
PKT t=33722 TX ua=95 mt=P len=0
PKT t=33731 RX ua=95 mt=R len=7
PKT t=33736 TX ua=95 mt=P len=0
PKT t=33745 RX ua=95 mt=R len=7
PKT t=33761 TX ua=95 mt=P len=0
PKT t=33789 RX ua=95 mt=R len=7
PKT t=33794 TX ua=95 mt=P len=0
PKT t=33803 RX ua=95 mt=R len=7
PKT t=33808 TX ua=95 mt=P len=0
PKT t=33817 RX ua=95 mt=R len=7
PKT t=33822 TX ua=95 mt=P len=0
PKT t=33831 RX ua=95 mt=R len=7
PKT t=33836 TX ua=95 mt=P len=0
PKT t=33845 RX ua=95 mt=R len=7
PKT t=33861 TX ua=95 mt=P len=0
PKT t=33889 RX ua=95 mt=R len=7
PKT t=33894 TX ua=95 mt=T len=7
PKT t=33906 TX ua=95 mt=P len=0
PKT t=33915 RX ua=95 mt=R len=7
PKT t=33920 TX ua=95 mt=P len=0
PKT t=33929 RX ua=95 mt=R len=7
PKT t=33934 TX ua=95 mt=P len=0
PKT t=33943 RX ua=95 mt=R len=7
PKT t=33961 TX ua=95 mt=P len=0
PKT t=33989 RX ua=95 mt=R len=7
PKT t=33994 TX ua=95 mt=P len=0
PKT t=34003 RX ua=95 mt=R len=7
PKT t=34008 TX ua=95 mt=P len=0
PKT t=34021 RX ua=95 mt=R len=7
PKT t=34026 TX ua=95 mt=P len=0
PKT t=34035 RX ua=95 mt=R len=7
PKT t=34040 TX ua=95 mt=P len=0
PKT t=34061 RX ua=95 mt=R len=7
PKT t=34066 TX ua=95 mt=P len=0
PKT t=34089 RX ua=95 mt=R len=7
PKT t=34094 TX ua=95 mt=P len=0
PKT t=34103 RX ua=95 mt=R len=7
PKT t=34108 TX ua=95 mt=T len=7
PKT t=34121 TX ua=95 mt=P len=0
PKT t=34130 RX ua=95 mt=R len=7
PKT t=34135 TX ua=95 mt=T len=7
PKT t=34161 TX ua=95 mt=P len=0
PKT t=34189 RX ua=95 mt=R len=7
PKT t=34194 TX ua=95 mt=P len=0
PKT t=34203 RX ua=95 mt=R len=7
PKT t=34208 TX ua=95 mt=P len=0
PKT t=34217 RX ua=95 mt=R len=7
PKT t=34222 TX ua=95 mt=P len=0
PKT t=34231 RX ua=95 mt=R len=7
PKT t=34236 TX ua=95 mt=P len=0
PKT t=34245 RX ua=95 mt=R len=7
PKT t=34261 TX ua=95 mt=P len=0
PKT t=34289 RX ua=95 mt=R len=7
PKT t=34294 TX ua=95 mt=P len=0
PKT t=34303 RX ua=95 mt=R len=7
PKT t=34308 TX ua=95 mt=P len=0
PKT t=34317 RX ua=95 mt=R len=7
PKT t=34322 TX ua=95 mt=P len=0
PKT t=34331 RX ua=95 mt=R len=7
PKT t=34336 TX ua=95 mt=P len=0
PKT t=34345 RX ua=95 mt=R len=7
PKT t=34361 TX ua=95 mt=P len=0
PKT t=34389 RX ua=95 mt=R len=7
PKT t=34394 TX ua=95 mt=T len=7
PKT t=34407 TX ua=95 mt=P len=0
PKT t=34416 RX ua=95 mt=R len=7
PKT t=34421 TX ua=95 mt=P len=0
PKT t=34430 RX ua=95 mt=R len=7
PKT t=34435 TX ua=95 mt=P len=0
PKT t=34444 RX ua=95 mt=R len=7
PKT t=34461 TX ua=95 mt=P len=0
PKT t=34489 RX ua=95 mt=R len=7
PKT t=34494 TX ua=95 mt=P len=0
PKT t=34503 RX ua=95 mt=R len=7
PKT t=34508 TX ua=95 mt=P len=0
PKT t=34517 RX ua=95 mt=R len=7
PKT t=34522 TX ua=95 mt=P len=0
PKT t=34531 RX ua=95 mt=R len=7
PKT t=34536 TX ua=95 mt=P len=0
PKT t=34545 RX ua=95 mt=R len=7
PKT t=34561 TX ua=95 mt=P len=0
PKT t=34589 RX ua=95 mt=R len=7
PKT t=34594 TX ua=95 mt=P len=0
PKT t=34603 RX ua=95 mt=R len=7
PKT t=34608 TX ua=95 mt=P len=0
PKT t=34617 RX ua=95 mt=R len=7
PKT t=34622 TX ua=95 mt=T len=7
PKT t=34635 TX ua=95 mt=P len=0
PKT t=34644 RX ua=95 mt=R len=7
PKT t=34661 TX ua=95 mt=P len=0
PKT t=34689 RX ua=95 mt=R len=7
PKT t=34694 TX ua=95 mt=P len=0
PKT t=34703 RX ua=95 mt=R len=7
PKT t=34708 TX ua=95 mt=P len=0
PKT t=34717 RX ua=95 mt=R len=7
PKT t=34722 TX ua=95 mt=P len=0
PKT t=34731 RX ua=95 mt=R len=7
PKT t=34736 TX ua=95 mt=P len=0
PKT t=34745 RX ua=95 mt=R len=7
PKT t=34761 TX ua=95 mt=P len=0
PKT t=34789 RX ua=95 mt=R len=7
PKT t=34794 TX ua=95 mt=P len=0
PKT t=34803 RX ua=95 mt=R len=7
PKT t=34808 TX ua=95 mt=P len=0
PKT t=34817 RX ua=95 mt=R len=7
PKT t=34822 TX ua=95 mt=P len=0
PKT t=34831 RX ua=95 mt=R len=7
PKT t=34836 TX ua=95 mt=P len=0
PKT t=34845 RX ua=95 mt=R len=7
PKT t=34861 TX ua=95 mt=P len=0
PKT t=34890 RX ua=95 mt=R len=7
PKT t=34895 TX ua=95 mt=T len=7
PKT t=34908 TX ua=95 mt=P len=0
PKT t=34917 RX ua=95 mt=R len=7
PKT t=34922 TX ua=95 mt=P len=0
PKT t=34931 RX ua=95 mt=R len=7
PKT t=34936 TX ua=95 mt=P len=0
PKT t=34945 RX ua=95 mt=R len=7
PKT t=34961 TX ua=95 mt=P len=0
PKT t=34989 RX ua=95 mt=R len=7
PKT t=34994 TX ua=95 mt=P len=0
PKT t=35003 RX ua=95 mt=R len=7
PKT t=35008 TX ua=95 mt=P len=0
PKT t=35017 RX ua=95 mt=R len=7
PKT t=35022 TX ua=95 mt=P len=0
PKT t=35031 RX ua=95 mt=R len=7
PKT t=35036 TX ua=95 mt=P len=0
PKT t=35045 RX ua=95 mt=R len=7
PKT t=35061 TX ua=95 mt=P len=0
PKT t=35089 RX ua=95 mt=R len=7
PKT t=35094 TX ua=95 mt=P len=0
PKT t=35103 RX ua=95 mt=R len=7
PKT t=35108 TX ua=95 mt=T len=7
PKT t=35120 TX ua=95 mt=P len=0
PKT t=35129 RX ua=95 mt=R len=7
PKT t=35134 TX ua=95 mt=P len=0
PKT t=35143 RX ua=95 mt=R len=7
PKT t=35161 TX ua=95 mt=P len=0
PKT t=35189 RX ua=95 mt=R len=7
PKT t=35194 TX ua=95 mt=P len=0
PKT t=35203 RX ua=95 mt=R len=7
PKT t=35208 TX ua=95 mt=P len=0
PKT t=35217 RX ua=95 mt=R len=7
PKT t=35222 TX ua=95 mt=P len=0
PKT t=35231 RX ua=95 mt=R len=7
PKT t=35236 TX ua=95 mt=P len=0
PKT t=35245 RX ua=95 mt=R len=7
PKT t=35261 TX ua=95 mt=P len=0
PKT t=35289 RX ua=95 mt=R len=7
PKT t=35294 TX ua=95 mt=P len=0
PKT t=35303 RX ua=95 mt=R len=7
PKT t=35308 TX ua=95 mt=P len=0
PKT t=35317 RX ua=95 mt=R len=7
PKT t=35322 TX ua=95 mt=P len=0
PKT t=35331 RX ua=95 mt=R len=7
PKT t=35336 TX ua=95 mt=P len=0
PKT t=35345 RX ua=95 mt=R len=7
PKT t=35361 TX ua=95 mt=P len=0
PKT t=35389 RX ua=95 mt=R len=7
PKT t=35394 TX ua=95 mt=T len=7
PKT t=35406 TX ua=95 mt=P len=0
PKT t=35416 RX ua=95 mt=R len=7
PKT t=35421 TX ua=95 mt=P len=0
PKT t=35431 RX ua=95 mt=R len=7
PKT t=35436 TX ua=95 mt=P len=0
PKT t=35446 RX ua=95 mt=R len=7
PKT t=35461 TX ua=95 mt=P len=0
PKT t=35490 RX ua=95 mt=R len=7
PKT t=35494 TX ua=95 mt=P len=0
PKT t=35504 RX ua=95 mt=R len=7
PKT t=35509 TX ua=95 mt=P len=0
PKT t=35519 RX ua=95 mt=R len=7
PKT t=35524 TX ua=95 mt=P len=0
PKT t=35534 RX ua=95 mt=R len=7
PKT t=35539 TX ua=95 mt=P len=0
PKT t=35561 RX ua=95 mt=R len=7
PKT t=35566 TX ua=95 mt=P len=0
PKT t=35590 RX ua=95 mt=R len=7
PKT t=35595 TX ua=95 mt=P len=0
PKT t=35605 RX ua=95 mt=R len=7
PKT t=35610 TX ua=95 mt=P len=0
PKT t=35620 RX ua=95 mt=R len=7
PKT t=35625 TX ua=95 mt=T len=7
PKT t=35637 TX ua=95 mt=P len=0
PKT t=35646 RX ua=95 mt=R len=7
PKT t=35661 TX ua=95 mt=P len=0
PKT t=35689 RX ua=95 mt=R len=7
PKT t=35694 TX ua=95 mt=P len=0
PKT t=35703 RX ua=95 mt=R len=7
PKT t=35708 TX ua=95 mt=P len=0
PKT t=35717 RX ua=95 mt=R len=7
PKT t=35722 TX ua=95 mt=P len=0
PKT t=35731 RX ua=95 mt=R len=7
PKT t=35736 TX ua=95 mt=P len=0
PKT t=35745 RX ua=95 mt=R len=7
PKT t=35761 TX ua=95 mt=P len=0
PKT t=35789 RX ua=95 mt=R len=7
PKT t=35794 TX ua=95 mt=P len=0
PKT t=35803 RX ua=95 mt=R len=7
PKT t=35808 TX ua=95 mt=P len=0
PKT t=35817 RX ua=95 mt=R len=7
PKT t=35822 TX ua=95 mt=P len=0
PKT t=35831 RX ua=95 mt=R len=7
PKT t=35836 TX ua=95 mt=P len=0
PKT t=35845 RX ua=95 mt=R len=7
PKT t=35861 TX ua=95 mt=P len=0
PKT t=35889 RX ua=95 mt=R len=7
PKT t=35894 TX ua=95 mt=T len=7
PKT t=35906 TX ua=95 mt=P len=0
PKT t=35915 RX ua=95 mt=R len=7
PKT t=35920 TX ua=95 mt=P len=0
PKT t=35929 RX ua=95 mt=R len=7
PKT t=35934 TX ua=95 mt=P len=0
PKT t=35943 RX ua=95 mt=R len=7
PKT t=35961 TX ua=95 mt=P len=0
PKT t=35990 RX ua=95 mt=R len=7
PKT t=35995 TX ua=95 mt=P len=0
PKT t=36004 RX ua=95 mt=R len=7
PKT t=36009 TX ua=95 mt=P len=0
PKT t=36022 RX ua=95 mt=R len=7
PKT t=36027 TX ua=95 mt=P len=0
PKT t=36036 RX ua=95 mt=R len=7
PKT t=36041 TX ua=95 mt=P len=0
PKT t=36061 RX ua=95 mt=R len=7
PKT t=36066 TX ua=95 mt=P len=0
PKT t=36090 RX ua=95 mt=R len=7
PKT t=36095 TX ua=95 mt=P len=0
PKT t=36104 RX ua=95 mt=R len=7
PKT t=36109 TX ua=95 mt=T len=7
PKT t=36121 TX ua=95 mt=P len=0
PKT t=36130 RX ua=95 mt=R len=7
PKT t=36135 TX ua=95 mt=P len=0
PKT t=36144 RX ua=95 mt=R len=7
PKT t=36161 TX ua=95 mt=P len=0
PKT t=36190 RX ua=95 mt=R len=7
PKT t=36195 TX ua=95 mt=P len=0
PKT t=36204 RX ua=95 mt=R len=7
PKT t=36209 TX ua=95 mt=P len=0
PKT t=36218 RX ua=95 mt=R len=7
PKT t=36223 TX ua=95 mt=P len=0
PKT t=36232 RX ua=95 mt=R len=7
PKT t=36237 TX ua=95 mt=P len=0
PKT t=36246 RX ua=95 mt=R len=7
PKT t=36261 TX ua=95 mt=P len=0
PKT t=36289 RX ua=95 mt=R len=7
PKT t=36294 TX ua=95 mt=P len=0
PKT t=36303 RX ua=95 mt=R len=7
PKT t=36308 TX ua=95 mt=P len=0
PKT t=36317 RX ua=95 mt=R len=7
PKT t=36322 TX ua=95 mt=P len=0
PKT t=36331 RX ua=95 mt=R len=7
PKT t=36336 TX ua=95 mt=P len=0
PKT t=36345 RX ua=95 mt=R len=7
PKT t=36361 TX ua=95 mt=P len=0
PKT t=36389 RX ua=95 mt=R len=7
PKT t=36394 TX ua=95 mt=T len=7
PKT t=36406 TX ua=95 mt=P len=0
PKT t=36415 RX ua=95 mt=R len=7
PKT t=36420 TX ua=95 mt=P len=0
PKT t=36429 RX ua=95 mt=R len=7
PKT t=36434 TX ua=95 mt=P len=0
PKT t=36443 RX ua=95 mt=R len=7
PKT t=36461 TX ua=95 mt=P len=0
PKT t=36489 RX ua=95 mt=R len=7
PKT t=36494 TX ua=95 mt=P len=0
PKT t=36503 RX ua=95 mt=R len=7
PKT t=36508 TX ua=95 mt=P len=0
PKT t=36517 RX ua=95 mt=R len=7
PKT t=36522 TX ua=95 mt=P len=0
PKT t=36531 RX ua=95 mt=R len=7
PKT t=36536 TX ua=95 mt=P len=0
PKT t=36545 RX ua=95 mt=R len=7
PKT t=36561 TX ua=95 mt=P len=0
PKT t=36589 RX ua=95 mt=R len=7
PKT t=36594 TX ua=95 mt=P len=0
PKT t=36603 RX ua=95 mt=R len=7
PKT t=36608 TX ua=95 mt=P len=0
PKT t=36617 RX ua=95 mt=R len=7
PKT t=36622 TX ua=95 mt=T len=7
PKT t=36634 TX ua=95 mt=P len=0
PKT t=36643 RX ua=95 mt=R len=7
PKT t=36661 TX ua=95 mt=P len=0
PKT t=36689 RX ua=95 mt=R len=7
PKT t=36694 TX ua=95 mt=P len=0
PKT t=36703 RX ua=95 mt=R len=7
PKT t=36708 TX ua=95 mt=P len=0
PKT t=36717 RX ua=95 mt=R len=7
PKT t=36722 TX ua=95 mt=P len=0
PKT t=36731 RX ua=95 mt=R len=7
PKT t=36736 TX ua=95 mt=P len=0
PKT t=36745 RX ua=95 mt=R len=7
PKT t=36761 TX ua=95 mt=P len=0
PKT t=36789 RX ua=95 mt=R len=7
PKT t=36794 TX ua=95 mt=P len=0
PKT t=36803 RX ua=95 mt=R len=7
PKT t=36808 TX ua=95 mt=P len=0
PKT t=36817 RX ua=95 mt=R len=7
PKT t=36822 TX ua=95 mt=P len=0
PKT t=36831 RX ua=95 mt=R len=7
PKT t=36836 TX ua=95 mt=P len=0
PKT t=36845 RX ua=95 mt=R len=7
PKT t=36861 TX ua=95 mt=P len=0
PKT t=36889 RX ua=95 mt=R len=7
PKT t=36894 TX ua=95 mt=T len=7
PKT t=36906 TX ua=95 mt=P len=0
PKT t=36915 RX ua=95 mt=R len=7
PKT t=36920 TX ua=95 mt=P len=0
PKT t=36929 RX ua=95 mt=R len=7
PKT t=36934 TX ua=95 mt=P len=0
PKT t=36943 RX ua=95 mt=R len=7
PKT t=36961 TX ua=95 mt=P len=0
PKT t=36989 RX ua=95 mt=R len=7
PKT t=36994 TX ua=95 mt=P len=0
PKT t=37003 RX ua=95 mt=R len=7
PKT t=37008 TX ua=95 mt=P len=0
PKT t=37017 RX ua=95 mt=R len=7
PKT t=37022 TX ua=95 mt=P len=0
PKT t=37031 RX ua=95 mt=R len=7
PKT t=37036 TX ua=95 mt=P len=0
PKT t=37045 RX ua=95 mt=R len=7
PKT t=37061 TX ua=95 mt=P len=0
PKT t=37089 RX ua=95 mt=R len=7
PKT t=37094 TX ua=95 mt=P len=0
PKT t=37103 RX ua=95 mt=R len=7
PKT t=37108 TX ua=95 mt=T len=7
PKT t=37121 TX ua=95 mt=P len=0
PKT t=37130 RX ua=95 mt=R len=7
PKT t=37135 TX ua=95 mt=P len=0
PKT t=37144 RX ua=95 mt=R len=7
PKT t=37161 TX ua=95 mt=P len=0
PKT t=37189 RX ua=95 mt=R len=7
PKT t=37194 TX ua=95 mt=P len=0
PKT t=37203 RX ua=95 mt=R len=7
PKT t=37208 TX ua=95 mt=P len=0
