PKT t=7121 RX ua=95 mt=R len=7
PKT t=7126 TX ua=95 mt=P len=0
PKT t=7171 RX ua=95 mt=R len=7
PKT t=7176 TX ua=95 mt=T len=7
PKT t=7188 TX ua=95 mt=P len=0
PKT t=7197 RX ua=95 mt=R len=7
PKT t=7202 TX ua=95 mt=T len=7
PKT t=7214 TX ua=95 mt=P len=0
PKT t=7223 RX ua=95 mt=R len=7
PKT t=7228 TX ua=95 mt=P len=0
PKT t=7257 RX ua=95 mt=R len=7
PKT t=7262 TX ua=95 mt=P len=0
PKT t=7271 RX ua=95 mt=R len=7
PKT t=7276 TX ua=95 mt=P len=0
PKT t=7285 RX ua=95 mt=R len=7
PKT t=7290 TX ua=95 mt=P len=0
PKT t=7316 RX ua=95 mt=R len=7
PKT t=7321 TX ua=95 mt=P len=0
PKT t=7330 RX ua=95 mt=R len=7
PKT t=7335 TX ua=95 mt=P len=0
PKT t=7364 RX ua=95 mt=R len=7
PKT t=7369 TX ua=95 mt=P len=0
PKT t=7378 RX ua=95 mt=R len=7
PKT t=7383 TX ua=95 mt=P len=0
PKT t=7392 RX ua=95 mt=R len=7
PKT t=7397 TX ua=95 mt=P len=0
PKT t=7406 RX ua=95 mt=R len=7
PKT t=7411 TX ua=95 mt=P len=0
PKT t=7420 RX ua=95 mt=R len=7
PKT t=7425 TX ua=95 mt=P len=0
PKT t=7434 RX ua=95 mt=R len=7
PKT t=7439 TX ua=95 mt=P len=0
PKT t=7468 RX ua=95 mt=R len=7
PKT t=7473 TX ua=95 mt=T len=7
PKT t=7485 TX ua=95 mt=P len=0
PKT t=7495 RX ua=95 mt=R len=7
PKT t=7500 TX ua=95 mt=P len=0
PKT t=7510 RX ua=95 mt=R len=7
PKT t=7515 TX ua=95 mt=P len=0
PKT t=7525 RX ua=95 mt=R len=7
PKT t=7530 TX ua=95 mt=P len=0
PKT t=7540 RX ua=95 mt=R len=7
PKT t=7545 TX ua=95 mt=P len=0
PKT t=7574 RX ua=95 mt=R len=7
PKT t=7579 TX ua=95 mt=P len=0
PKT t=7606 RX ua=95 mt=R len=7
PKT t=7611 TX ua=95 mt=P len=0
PKT t=7621 RX ua=95 mt=R len=7
PKT t=7626 TX ua=95 mt=P len=0
PKT t=7636 RX ua=95 mt=R len=7
PKT t=7641 TX ua=95 mt=P len=0
PKT t=7673 RX ua=95 mt=R len=7
PKT t=7678 TX ua=95 mt=P len=0
PKT t=7688 RX ua=95 mt=R len=7
PKT t=7693 TX ua=95 mt=P len=0
PKT t=7703 RX ua=95 mt=R len=7
PKT t=7708 TX ua=95 mt=P len=0
PKT t=7718 RX ua=95 mt=R len=7
PKT t=7723 TX ua=95 mt=T len=7
PKT t=7751 TX ua=95 mt=P len=0
PKT t=7772 RX ua=95 mt=R len=7
PKT t=7777 TX ua=95 mt=P len=0
PKT t=7786 RX ua=95 mt=R len=7
PKT t=7791 TX ua=95 mt=P len=0
PKT t=7800 RX ua=95 mt=R len=7
PKT t=7805 TX ua=95 mt=P len=0
PKT t=7814 RX ua=95 mt=R len=7
PKT t=7819 TX ua=95 mt=P len=0
PKT t=7828 RX ua=95 mt=R len=7
PKT t=7833 TX ua=95 mt=P len=0
PKT t=7842 RX ua=95 mt=R len=7
PKT t=7847 TX ua=95 mt=P len=0
PKT t=7876 RX ua=95 mt=R len=7
PKT t=7896 TX ua=95 mt=P len=0
PKT t=7905 RX ua=95 mt=R len=7
PKT t=7910 TX ua=95 mt=P len=0
PKT t=7919 RX ua=95 mt=R len=7
PKT t=7924 TX ua=95 mt=P len=0
PKT t=7933 RX ua=95 mt=R len=7
PKT t=7938 TX ua=95 mt=P len=0
PKT t=7947 RX ua=95 mt=R len=7
PKT t=7952 TX ua=95 mt=P len=0
PKT t=7981 RX ua=95 mt=R len=7
PKT t=7986 TX ua=95 mt=T len=7
PKT t=7998 TX ua=95 mt=P len=0
PKT t=8007 RX ua=95 mt=R len=7
PKT t=8016 TX ua=95 mt=P len=0
PKT t=8041 RX ua=95 mt=R len=7
PKT t=8046 TX ua=95 mt=P len=0
PKT t=8055 RX ua=95 mt=R len=7
PKT t=8060 TX ua=95 mt=P len=0
PKT t=8089 RX ua=95 mt=R len=7
PKT t=8094 TX ua=95 mt=P len=0
PKT t=8103 RX ua=95 mt=R len=7
PKT t=8108 TX ua=95 mt=P len=0
PKT t=8117 RX ua=95 mt=R len=7
PKT t=8122 TX ua=95 mt=P len=0
PKT t=8131 RX ua=95 mt=R len=7
PKT t=8136 TX ua=95 mt=P len=0
PKT t=8145 RX ua=95 mt=R len=7
PKT t=8150 TX ua=95 mt=P len=0
PKT t=8159 RX ua=95 mt=R len=7
PKT t=8164 TX ua=95 mt=P len=0
PKT t=8193 RX ua=95 mt=R len=7
PKT t=8198 TX ua=95 mt=T len=7
PKT t=8210 TX ua=95 mt=P len=0
PKT t=8219 RX ua=95 mt=R len=7
PKT t=8224 TX ua=95 mt=T len=7
PKT t=8236 TX ua=95 mt=P len=0
PKT t=8245 RX ua=95 mt=R len=7
PKT t=8250 TX ua=95 mt=P len=0
PKT t=8259 RX ua=95 mt=R len=7
PKT t=8264 TX ua=95 mt=P len=0
PKT t=8293 RX ua=95 mt=R len=7
PKT t=8298 TX ua=95 mt=P len=0
PKT t=8307 RX ua=95 mt=R len=7
PKT t=8312 TX ua=95 mt=P len=0
PKT t=8332 RX ua=95 mt=R len=7
PKT t=8587 TX ua=96 mt=P len=0
PKT t=8845 TX ua=95 mt=P len=0
PKT t=8854 RX ua=95 mt=R len=7
PKT t=8859 TX ua=95 mt=T len=7
PKT t=8871 TX ua=95 mt=P len=0
PKT t=8911 RX ua=95 mt=R len=7
PKT t=8916 TX ua=95 mt=P len=0
PKT t=8925 RX ua=95 mt=R len=7
PKT t=8930 TX ua=95 mt=P len=0
PKT t=8939 RX ua=95 mt=R len=7
PKT t=8944 TX ua=95 mt=P len=0
PKT t=8953 RX ua=95 mt=R len=7
PKT t=8958 TX ua=95 mt=P len=0
PKT t=8967 RX ua=95 mt=R len=7
PKT t=8972 TX ua=95 mt=P len=0
PKT t=9001 RX ua=95 mt=R len=7
PKT t=9006 TX ua=95 mt=T len=7
PKT t=9018 TX ua=95 mt=P len=0
PKT t=9027 RX ua=95 mt=R len=7
PKT t=9032 TX ua=95 mt=P len=0
PKT t=9056 RX ua=95 mt=R len=7
PKT t=9061 TX ua=95 mt=P len=0
PKT t=9070 RX ua=95 mt=R len=7
PKT t=9075 TX ua=95 mt=P len=0
PKT t=9104 RX ua=95 mt=R len=7
PKT t=9109 TX ua=95 mt=P len=0
PKT t=9118 RX ua=95 mt=R len=7
PKT t=9123 TX ua=95 mt=P len=0
PKT t=9132 RX ua=95 mt=R len=7
PKT t=9137 TX ua=95 mt=P len=0
PKT t=9146 RX ua=95 mt=R len=7
PKT t=9151 TX ua=95 mt=P len=0
PKT t=9160 RX ua=95 mt=R len=7
PKT t=9165 TX ua=95 mt=P len=0
PKT t=9174 RX ua=95 mt=R len=7
PKT t=9179 TX ua=95 mt=P len=0
PKT t=9208 RX ua=95 mt=R len=7
PKT t=9213 TX ua=95 mt=T len=7
PKT t=9225 TX ua=95 mt=P len=0
PKT t=9234 RX ua=95 mt=R len=7
PKT t=9239 TX ua=95 mt=T len=7
PKT t=9251 TX ua=95 mt=P len=0
PKT t=9260 RX ua=95 mt=R len=7
PKT t=9265 TX ua=95 mt=P len=0
PKT t=9274 RX ua=95 mt=R len=7
PKT t=9279 TX ua=95 mt=P len=0
PKT t=9308 RX ua=95 mt=R len=7
PKT t=9313 TX ua=95 mt=P len=0
PKT t=9322 RX ua=95 mt=R len=7
PKT t=9327 TX ua=95 mt=P len=0
PKT t=9347 RX ua=95 mt=R len=7
PKT t=9602 TX ua=96 mt=I len=13
PKT t=10110 TX ua=96 mt=T len=4
PKT t=10121 TX ua=95 mt=P len=0
PKT t=10130 RX ua=95 mt=R len=7
PKT t=10135 TX ua=95 mt=T len=7
PKT t=10147 TX ua=95 mt=P len=0
PKT t=10156 RX ua=95 mt=R len=7
PKT t=10161 TX ua=95 mt=P len=0
PKT t=10170 RX ua=95 mt=R len=7
PKT t=10175 TX ua=95 mt=P len=0
PKT t=10216 RX ua=95 mt=R len=7
PKT t=10221 TX ua=95 mt=T len=7
PKT t=10234 TX ua=95 mt=P len=0
PKT t=10243 RX ua=95 mt=R len=7
PKT t=10248 TX ua=95 mt=T len=7
PKT t=10261 TX ua=95 mt=P len=0
PKT t=10270 RX ua=95 mt=R len=7
PKT t=10275 TX ua=95 mt=P len=0
PKT t=10307 RX ua=95 mt=R len=7
PKT t=10312 TX ua=95 mt=P len=0
PKT t=10321 RX ua=95 mt=R len=7
PKT t=10326 TX ua=95 mt=P len=0
PKT t=10335 RX ua=95 mt=R len=7
PKT t=10340 TX ua=95 mt=P len=0
PKT t=10361 RX ua=95 mt=R len=7
PKT t=10616 TX ua=96 mt=P len=0
PKT t=10874 TX ua=95 mt=P len=0
PKT t=10883 RX ua=95 mt=R len=7
PKT t=10888 TX ua=95 mt=T len=7
PKT t=10901 TX ua=95 mt=P len=0
PKT t=10910 RX ua=95 mt=R len=7
PKT t=10915 TX ua=95 mt=P len=0
PKT t=10941 RX ua=95 mt=R len=7
PKT t=10946 TX ua=95 mt=P len=0
PKT t=10955 RX ua=95 mt=R len=7
PKT t=10960 TX ua=95 mt=P len=0
PKT t=10969 RX ua=95 mt=R len=7
PKT t=10974 TX ua=95 mt=P len=0
PKT t=11008 RX ua=95 mt=R len=7
PKT t=11013 TX ua=95 mt=T len=7
PKT t=11026 TX ua=95 mt=P len=0
PKT t=11035 RX ua=95 mt=R len=7
PKT t=11040 TX ua=95 mt=P len=0
PKT t=11049 RX ua=95 mt=R len=7
PKT t=11054 TX ua=95 mt=P len=0
PKT t=11063 RX ua=95 mt=R len=7
PKT t=11086 TX ua=95 mt=P len=0
PKT t=11107 RX ua=95 mt=R len=7
PKT t=11112 TX ua=95 mt=P len=0
PKT t=11121 RX ua=95 mt=R len=7
PKT t=11126 TX ua=95 mt=P len=0
PKT t=11135 RX ua=95 mt=R len=7
PKT t=11140 TX ua=95 mt=P len=0
PKT t=11149 RX ua=95 mt=R len=7
PKT t=11154 TX ua=95 mt=P len=0
PKT t=11163 RX ua=95 mt=R len=7
PKT t=11168 TX ua=95 mt=P len=0
PKT t=11177 RX ua=95 mt=R len=7
PKT t=11182 TX ua=95 mt=P len=0
PKT t=11211 RX ua=95 mt=R len=7
PKT t=11231 TX ua=95 mt=P len=0
PKT t=11240 RX ua=95 mt=R len=7
PKT t=11245 TX ua=95 mt=T len=7
PKT t=11257 TX ua=95 mt=T len=7
PKT t=11269 TX ua=95 mt=P len=0
PKT t=11278 RX ua=95 mt=R len=7
PKT t=11283 TX ua=95 mt=P len=0
PKT t=11312 RX ua=95 mt=R len=7
PKT t=11317 TX ua=95 mt=P len=0
PKT t=11326 RX ua=95 mt=R len=7
PKT t=11331 TX ua=95 mt=P len=0
PKT t=11340 RX ua=95 mt=R len=7
PKT t=11345 TX ua=95 mt=P len=0
PKT t=11354 RX ua=95 mt=R len=7
PKT t=11376 TX ua=95 mt=P len=0
PKT t=11385 RX ua=95 mt=R len=7
PKT t=11390 TX ua=95 mt=P len=0
PKT t=11419 RX ua=95 mt=R len=7
PKT t=11424 TX ua=95 mt=P len=0
PKT t=11433 RX ua=95 mt=R len=7
PKT t=11438 TX ua=95 mt=P len=0
PKT t=11447 RX ua=95 mt=R len=7
PKT t=11452 TX ua=95 mt=P len=0
PKT t=11461 RX ua=95 mt=R len=7
PKT t=11466 TX ua=95 mt=P len=0
PKT t=11475 RX ua=95 mt=R len=7
PKT t=11480 TX ua=95 mt=P len=0
PKT t=11489 RX ua=95 mt=R len=7
PKT t=11494 TX ua=95 mt=P len=0
PKT t=11523 RX ua=95 mt=R len=7
PKT t=11528 TX ua=95 mt=T len=7
PKT t=11540 TX ua=95 mt=P len=0
PKT t=11550 RX ua=95 mt=R len=7
PKT t=11555 TX ua=95 mt=P len=0
PKT t=11565 RX ua=95 mt=R len=7
PKT t=11570 TX ua=95 mt=P len=0
PKT t=11580 RX ua=95 mt=R len=7
PKT t=11585 TX ua=95 mt=P len=0
PKT t=11595 RX ua=95 mt=R len=7
PKT t=11600 TX ua=95 mt=P len=0
PKT t=11629 RX ua=95 mt=R len=7
PKT t=11634 TX ua=95 mt=P len=0
PKT t=11644 RX ua=95 mt=R len=7
PKT t=11666 TX ua=95 mt=P len=0
PKT t=11676 RX ua=95 mt=R len=7
PKT t=11681 TX ua=95 mt=P len=0
PKT t=11691 RX ua=95 mt=R len=7
PKT t=11696 TX ua=95 mt=P len=0
PKT t=11728 RX ua=95 mt=R len=7
PKT t=11733 TX ua=95 mt=P len=0
PKT t=11743 RX ua=95 mt=R len=7
PKT t=11748 TX ua=95 mt=P len=0
PKT t=11758 RX ua=95 mt=R len=7
PKT t=11763 TX ua=95 mt=P len=0
PKT t=11773 RX ua=95 mt=R len=7
PKT t=11778 TX ua=95 mt=T len=7
PKT t=11790 TX ua=95 mt=P len=0
PKT t=11811 RX ua=95 mt=R len=7
PKT t=12066 TX ua=96 mt=P len=0
PKT t=12324 TX ua=95 mt=P len=0
PKT t=12333 RX ua=95 mt=R len=7
PKT t=12338 TX ua=95 mt=T len=7
PKT t=12350 TX ua=95 mt=P len=0
PKT t=12359 RX ua=95 mt=R len=7
PKT t=12364 TX ua=95 mt=P len=0
PKT t=12391 RX ua=95 mt=R len=7
PKT t=12396 TX ua=95 mt=P len=0
PKT t=12405 RX ua=95 mt=R len=7
PKT t=12410 TX ua=95 mt=P len=0
PKT t=12439 RX ua=95 mt=R len=7
PKT t=12444 TX ua=95 mt=P len=0
PKT t=12453 RX ua=95 mt=R len=7
PKT t=12458 TX ua=95 mt=P len=0
PKT t=12467 RX ua=95 mt=R len=7
PKT t=12472 TX ua=95 mt=P len=0
PKT t=12481 RX ua=95 mt=R len=7
PKT t=12486 TX ua=95 mt=P len=0
PKT t=12495 RX ua=95 mt=R len=7
PKT t=12500 TX ua=95 mt=P len=0
PKT t=12509 RX ua=95 mt=R len=7
PKT t=12514 TX ua=95 mt=P len=0
PKT t=12543 RX ua=95 mt=R len=7
PKT t=12548 TX ua=95 mt=T len=7
PKT t=12560 TX ua=95 mt=P len=0
PKT t=12569 RX ua=95 mt=R len=7
PKT t=12574 TX ua=95 mt=P len=0
PKT t=12583 RX ua=95 mt=R len=7
PKT t=12588 TX ua=95 mt=P len=0
PKT t=12597 RX ua=95 mt=R len=7
PKT t=12602 TX ua=95 mt=P len=0
PKT t=12611 RX ua=95 mt=R len=7
PKT t=12616 TX ua=95 mt=P len=0
PKT t=12645 RX ua=95 mt=R len=7
PKT t=12650 TX ua=95 mt=P len=0
PKT t=12659 RX ua=95 mt=R len=7
PKT t=12681 TX ua=95 mt=P len=0
PKT t=12690 RX ua=95 mt=R len=7
PKT t=12695 TX ua=95 mt=P len=0
PKT t=12704 RX ua=95 mt=R len=7
PKT t=12709 TX ua=95 mt=P len=0
PKT t=12718 RX ua=95 mt=R len=7
PKT t=12723 TX ua=95 mt=P len=0
PKT t=12752 RX ua=95 mt=R len=7
PKT t=12757 TX ua=95 mt=P len=0
PKT t=12766 RX ua=95 mt=R len=7
PKT t=12771 TX ua=95 mt=P len=0
PKT t=12780 RX ua=95 mt=R len=7
PKT t=12785 TX ua=95 mt=P len=0
PKT t=12795 RX ua=95 mt=R len=7
PKT t=12800 TX ua=95 mt=T len=7
PKT t=12826 TX ua=95 mt=P len=0
PKT t=12852 RX ua=95 mt=R len=7
PKT t=12857 TX ua=95 mt=P len=0
PKT t=12866 RX ua=95 mt=R len=7
PKT t=12871 TX ua=95 mt=P len=0
PKT t=12880 RX ua=95 mt=R len=7
PKT t=12885 TX ua=95 mt=P len=0
PKT t=12894 RX ua=95 mt=R len=7
PKT t=12899 TX ua=95 mt=P len=0
PKT t=12908 RX ua=95 mt=R len=7
PKT t=12913 TX ua=95 mt=P len=0
PKT t=12922 RX ua=95 mt=R len=7
PKT t=12927 TX ua=95 mt=P len=0
PKT t=12971 RX ua=95 mt=R len=7
PKT t=12976 TX ua=95 mt=P len=0
PKT t=12985 RX ua=95 mt=R len=7
PKT t=12990 TX ua=95 mt=P len=0
PKT t=12999 RX ua=95 mt=R len=7
PKT t=13004 TX ua=95 mt=P len=0
PKT t=13013 RX ua=95 mt=R len=7
PKT t=13018 TX ua=95 mt=P len=0
PKT t=13027 RX ua=95 mt=R len=7
PKT t=13032 TX ua=95 mt=P len=0
PKT t=13061 RX ua=95 mt=R len=7
PKT t=13066 TX ua=95 mt=T len=7
PKT t=13078 TX ua=95 mt=P len=0
PKT t=13087 RX ua=95 mt=R len=7
PKT t=13092 TX ua=95 mt=P len=0
PKT t=13116 RX ua=95 mt=R len=7
PKT t=13121 TX ua=95 mt=P len=0
PKT t=13130 RX ua=95 mt=R len=7
PKT t=13135 TX ua=95 mt=P len=0
PKT t=13164 RX ua=95 mt=R len=7
PKT t=13169 TX ua=95 mt=P len=0
PKT t=13178 RX ua=95 mt=R len=7
PKT t=13183 TX ua=95 mt=P len=0
PKT t=13192 RX ua=95 mt=R len=7
PKT t=13197 TX ua=95 mt=P len=0
PKT t=13207 RX ua=95 mt=R len=7
PKT t=13212 TX ua=95 mt=P len=0
PKT t=13221 RX ua=95 mt=R len=7
PKT t=13226 TX ua=95 mt=P len=0
PKT t=13235 RX ua=95 mt=R len=7
PKT t=13240 TX ua=95 mt=P len=0
PKT t=13269 RX ua=95 mt=R len=7
PKT t=13274 TX ua=95 mt=T len=7
PKT t=13287 TX ua=95 mt=T len=7
PKT t=13300 TX ua=95 mt=P len=0
PKT t=13309 RX ua=95 mt=R len=7
PKT t=13314 TX ua=95 mt=P len=0
PKT t=13323 RX ua=95 mt=R len=7
PKT t=13328 TX ua=95 mt=P len=0
PKT t=13337 RX ua=95 mt=R len=7
PKT t=13342 TX ua=95 mt=P len=0
PKT t=13371 RX ua=95 mt=R len=7
PKT t=13376 TX ua=95 mt=P len=0
PKT t=13385 RX ua=95 mt=R len=7
PKT t=13406 TX ua=95 mt=P len=0
PKT t=13415 RX ua=95 mt=R len=7
PKT t=13420 TX ua=95 mt=P len=0
PKT t=13429 RX ua=95 mt=R len=7
PKT t=13434 TX ua=95 mt=P len=0
PKT t=13443 RX ua=95 mt=R len=7
PKT t=13448 TX ua=95 mt=P len=0
PKT t=13477 RX ua=95 mt=R len=7
PKT t=13482 TX ua=95 mt=P len=0
PKT t=13492 RX ua=95 mt=R len=7
PKT t=13497 TX ua=95 mt=P len=0
PKT t=13506 RX ua=95 mt=R len=7
PKT t=13511 TX ua=95 mt=P len=0
PKT t=13520 RX ua=95 mt=R len=7
PKT t=13525 TX ua=95 mt=P len=0
PKT t=13551 RX ua=95 mt=R len=7
PKT t=13556 TX ua=95 mt=T len=7
PKT t=13569 TX ua=95 mt=P len=0
PKT t=13579 RX ua=95 mt=R len=7
PKT t=13584 TX ua=95 mt=P len=0
PKT t=13594 RX ua=95 mt=R len=7
PKT t=13599 TX ua=95 mt=P len=0
PKT t=13609 RX ua=95 mt=R len=7
PKT t=13614 TX ua=95 mt=P len=0
PKT t=13624 RX ua=95 mt=R len=7
PKT t=13629 TX ua=95 mt=P len=0
PKT t=13639 RX ua=95 mt=R len=7
PKT t=13644 TX ua=95 mt=P len=0
PKT t=13696 RX ua=95 mt=R len=7
PKT t=13701 TX ua=95 mt=P len=0
PKT t=13711 RX ua=95 mt=R len=7
PKT t=13716 TX ua=95 mt=P len=0
PKT t=13726 RX ua=95 mt=R len=7
PKT t=13731 TX ua=95 mt=P len=0
PKT t=13741 RX ua=95 mt=R len=7
PKT t=13746 TX ua=95 mt=P len=0
PKT t=13777 RX ua=95 mt=R len=7
PKT t=13782 TX ua=95 mt=P len=0
PKT t=13792 RX ua=95 mt=R len=7
PKT t=13797 TX ua=95 mt=P len=0
PKT t=13807 RX ua=95 mt=R len=7
PKT t=13812 TX ua=95 mt=T len=7
PKT t=13841 TX ua=95 mt=P len=0
PKT t=13850 RX ua=95 mt=R len=7
PKT t=13855 TX ua=95 mt=P len=0
PKT t=13884 RX ua=95 mt=R len=7
PKT t=13889 TX ua=95 mt=P len=0
PKT t=13898 RX ua=95 mt=R len=7
PKT t=13903 TX ua=95 mt=P len=0
PKT t=13912 RX ua=95 mt=R len=7
PKT t=13917 TX ua=95 mt=P len=0
PKT t=13926 RX ua=95 mt=R len=7
PKT t=13931 TX ua=95 mt=P len=0
PKT t=13940 RX ua=95 mt=R len=7
PKT t=13945 TX ua=95 mt=P len=0
PKT t=13954 RX ua=95 mt=R len=7
PKT t=13959 TX ua=95 mt=P len=0
PKT t=13988 RX ua=95 mt=R len=7
PKT t=13993 TX ua=95 mt=P len=0
PKT t=14002 RX ua=95 mt=R len=7
PKT t=14007 TX ua=95 mt=P len=0
PKT t=14019 RX ua=95 mt=R len=7
PKT t=14024 TX ua=95 mt=P len=0
PKT t=14033 RX ua=95 mt=R len=7
PKT t=14038 TX ua=95 mt=P len=0
PKT t=14047 RX ua=95 mt=R len=7
PKT t=14052 TX ua=95 mt=T len=7
PKT t=14065 TX ua=95 mt=P len=0
PKT t=14093 RX ua=95 mt=R len=7
PKT t=14098 TX ua=95 mt=P len=0
PKT t=14107 RX ua=95 mt=R len=7
PKT t=14112 TX ua=95 mt=P len=0
PKT t=14132 RX ua=95 mt=R len=7
PKT t=14387 TX ua=96 mt=P len=0
PKT t=14645 TX ua=95 mt=P len=0
PKT t=14654 RX ua=95 mt=R len=7
PKT t=14659 TX ua=95 mt=T len=7
PKT t=14671 TX ua=95 mt=P len=0
PKT t=14711 RX ua=95 mt=R len=7
PKT t=14716 TX ua=95 mt=P len=0
PKT t=14725 RX ua=95 mt=R len=7
PKT t=14730 TX ua=95 mt=P len=0
PKT t=14739 RX ua=95 mt=R len=7
PKT t=14744 TX ua=95 mt=P len=0
PKT t=14753 RX ua=95 mt=R len=7
PKT t=14758 TX ua=95 mt=P len=0
PKT t=14767 RX ua=95 mt=R len=7
PKT t=14772 TX ua=95 mt=P len=0
PKT t=14801 RX ua=95 mt=R len=7
PKT t=14806 TX ua=95 mt=P len=0
PKT t=14815 RX ua=95 mt=R len=7
PKT t=14820 TX ua=95 mt=T len=7
PKT t=14832 TX ua=95 mt=P len=0
PKT t=14856 RX ua=95 mt=R len=7
PKT t=14861 TX ua=95 mt=P len=0
PKT t=14870 RX ua=95 mt=R len=7
PKT t=14875 TX ua=95 mt=P len=0
PKT t=14904 RX ua=95 mt=R len=7
PKT t=14909 TX ua=95 mt=P len=0
PKT t=14918 RX ua=95 mt=R len=7
PKT t=14923 TX ua=95 mt=P len=0
PKT t=14932 RX ua=95 mt=R len=7
PKT t=14937 TX ua=95 mt=P len=0
PKT t=14946 RX ua=95 mt=R len=7
PKT t=14951 TX ua=95 mt=P len=0
PKT t=14960 RX ua=95 mt=R len=7
PKT t=14965 TX ua=95 mt=P len=0
PKT t=14974 RX ua=95 mt=R len=7
PKT t=14979 TX ua=95 mt=P len=0
PKT t=15008 RX ua=95 mt=R len=7
PKT t=15013 TX ua=95 mt=P len=0
PKT t=15022 RX ua=95 mt=R len=7
PKT t=15027 TX ua=95 mt=P len=0
PKT t=15036 RX ua=95 mt=R len=7
PKT t=15041 TX ua=95 mt=P len=0
PKT t=15050 RX ua=95 mt=R len=7
PKT t=15055 TX ua=95 mt=P len=0
PKT t=15064 RX ua=95 mt=R len=7
PKT t=15069 TX ua=95 mt=T len=7
PKT t=15081 TX ua=95 mt=P len=0
PKT t=15109 RX ua=95 mt=R len=7
PKT t=15114 TX ua=95 mt=P len=0
PKT t=15123 RX ua=95 mt=R len=7
PKT t=15146 TX ua=95 mt=P len=0
PKT t=15155 RX ua=95 mt=R len=7
PKT t=15160 TX ua=95 mt=P len=0
PKT t=15169 RX ua=95 mt=R len=7
PKT t=15174 TX ua=95 mt=P len=0
PKT t=15183 RX ua=95 mt=R len=7
PKT t=15188 TX ua=95 mt=P len=0
PKT t=15217 RX ua=95 mt=R len=7
PKT t=15222 TX ua=95 mt=P len=0
PKT t=15232 RX ua=95 mt=R len=7
PKT t=15236 TX ua=95 mt=P len=0
PKT t=15245 RX ua=95 mt=R len=7
PKT t=15250 TX ua=95 mt=P len=0
PKT t=15259 RX ua=95 mt=R len=7
PKT t=15264 TX ua=95 mt=P len=0
PKT t=15291 RX ua=95 mt=R len=7
PKT t=15296 TX ua=95 mt=T len=7
PKT t=15308 TX ua=95 mt=P len=0
PKT t=15318 RX ua=95 mt=R len=7
PKT t=15323 TX ua=95 mt=T len=7
PKT t=15335 TX ua=95 mt=P len=0
PKT t=15344 RX ua=95 mt=R len=7
PKT t=15349 TX ua=95 mt=P len=0
PKT t=15358 RX ua=95 mt=R len=7
PKT t=15363 TX ua=95 mt=P len=0
PKT t=15372 RX ua=95 mt=R len=7
PKT t=15377 TX ua=95 mt=P len=0
PKT t=15386 RX ua=95 mt=R len=7
PKT t=15391 TX ua=95 mt=P len=0
PKT t=15436 RX ua=95 mt=R len=7
PKT t=15441 TX ua=95 mt=P len=0
PKT t=15450 RX ua=95 mt=R len=7
PKT t=15455 TX ua=95 mt=P len=0
PKT t=15464 RX ua=95 mt=R len=7
PKT t=15469 TX ua=95 mt=P len=0
PKT t=15478 RX ua=95 mt=R len=7
PKT t=15483 TX ua=95 mt=P len=0
PKT t=15492 RX ua=95 mt=R len=7
PKT t=15497 TX ua=95 mt=P len=0
PKT t=15526 RX ua=95 mt=R len=7
PKT t=15531 TX ua=95 mt=P len=0
PKT t=15540 RX ua=95 mt=R len=7
PKT t=15545 TX ua=95 mt=P len=0
PKT t=15554 RX ua=95 mt=R len=7
PKT t=15559 TX ua=95 mt=P len=0
PKT t=15581 RX ua=95 mt=R len=7
PKT t=15586 TX ua=95 mt=T len=7
PKT t=15598 TX ua=95 mt=P len=0
PKT t=15626 RX ua=95 mt=R len=7
PKT t=15631 TX ua=95 mt=P len=0
PKT t=15641 RX ua=95 mt=R len=7
PKT t=15646 TX ua=95 mt=P len=0
PKT t=15656 RX ua=95 mt=R len=7
PKT t=15661 TX ua=95 mt=P len=0
PKT t=15671 RX ua=95 mt=R len=7
PKT t=15676 TX ua=95 mt=P len=0
PKT t=15686 RX ua=95 mt=R len=7
PKT t=15691 TX ua=95 mt=P len=0
PKT t=15701 RX ua=95 mt=R len=7
PKT t=15706 TX ua=95 mt=P len=0
PKT t=15735 RX ua=95 mt=R len=7
PKT t=15740 TX ua=95 mt=P len=0
PKT t=15750 RX ua=95 mt=R len=7
PKT t=15755 TX ua=95 mt=P len=0
PKT t=15765 RX ua=95 mt=R len=7
PKT t=15770 TX ua=95 mt=P len=0
PKT t=15780 RX ua=95 mt=R len=7
PKT t=15785 TX ua=95 mt=P len=0
PKT t=15795 RX ua=95 mt=R len=7
PKT t=15800 TX ua=95 mt=P len=0
PKT t=15834 RX ua=95 mt=R len=7
PKT t=15839 TX ua=95 mt=T len=7
PKT t=15851 TX ua=95 mt=P len=0
PKT t=15871 RX ua=95 mt=R len=7
PKT t=16126 TX ua=96 mt=P len=0
PKT t=16384 TX ua=95 mt=P len=0
PKT t=16393 RX ua=95 mt=R len=7
PKT t=16398 TX ua=95 mt=T len=7
PKT t=16410 TX ua=95 mt=P len=0
PKT t=16451 RX ua=95 mt=R len=7
PKT t=16456 TX ua=95 mt=P len=0
PKT t=16465 RX ua=95 mt=R len=7
PKT t=16470 TX ua=95 mt=P len=0
PKT t=16479 RX ua=95 mt=R len=7
PKT t=16484 TX ua=95 mt=P len=0
PKT t=16493 RX ua=95 mt=R len=7
PKT t=16498 TX ua=95 mt=P len=0
PKT t=16507 RX ua=95 mt=R len=7
PKT t=16512 TX ua=95 mt=P len=0
PKT t=16541 RX ua=95 mt=R len=7
PKT t=16546 TX ua=95 mt=P len=0
PKT t=16555 RX ua=95 mt=R len=7
PKT t=16560 TX ua=95 mt=P len=0
PKT t=16569 RX ua=95 mt=R len=7
PKT t=16574 TX ua=95 mt=P len=0
PKT t=16596 RX ua=95 mt=R len=7
PKT t=16601 TX ua=95 mt=T len=7
PKT t=16613 TX ua=95 mt=P len=0
PKT t=16641 RX ua=95 mt=R len=7
PKT t=16646 TX ua=95 mt=P len=0
PKT t=16655 RX ua=95 mt=R len=7
PKT t=16660 TX ua=95 mt=P len=0
PKT t=16669 RX ua=95 mt=R len=7
PKT t=16674 TX ua=95 mt=P len=0
PKT t=16683 RX ua=95 mt=R len=7
PKT t=16688 TX ua=95 mt=P len=0
PKT t=16697 RX ua=95 mt=R len=7
PKT t=16702 TX ua=95 mt=P len=0
PKT t=16711 RX ua=95 mt=R len=7
PKT t=16716 TX ua=95 mt=P len=0
PKT t=16745 RX ua=95 mt=R len=7
PKT t=16750 TX ua=95 mt=P len=0
PKT t=16759 RX ua=95 mt=R len=7
PKT t=16764 TX ua=95 mt=P len=0
PKT t=16773 RX ua=95 mt=R len=7
PKT t=16778 TX ua=95 mt=P len=0
PKT t=16787 RX ua=95 mt=R len=7
PKT t=16792 TX ua=95 mt=P len=0
PKT t=16801 RX ua=95 mt=R len=7
PKT t=16806 TX ua=95 mt=P len=0
PKT t=16815 RX ua=95 mt=R len=7
PKT t=16820 TX ua=95 mt=P len=0
PKT t=16849 RX ua=95 mt=R len=7
PKT t=16854 TX ua=95 mt=T len=7
PKT t=16866 TX ua=95 mt=P len=0
PKT t=16886 RX ua=95 mt=R len=7
PKT t=17141 TX ua=96 mt=P len=0
PKT t=17399 TX ua=95 mt=P len=0
PKT t=17408 RX ua=95 mt=R len=7
PKT t=17413 TX ua=95 mt=T len=7
PKT t=17425 TX ua=95 mt=P len=0
PKT t=17466 RX ua=95 mt=R len=7
PKT t=17471 TX ua=95 mt=P len=0
PKT t=17480 RX ua=95 mt=R len=7
PKT t=17485 TX ua=95 mt=P len=0
PKT t=17494 RX ua=95 mt=R len=7
PKT t=17499 TX ua=95 mt=P len=0
PKT t=17508 RX ua=95 mt=R len=7
PKT t=17513 TX ua=95 mt=P len=0
PKT t=17522 RX ua=95 mt=R len=7
PKT t=17527 TX ua=95 mt=P len=0
PKT t=17556 RX ua=95 mt=R len=7
PKT t=17561 TX ua=95 mt=P len=0
PKT t=17570 RX ua=95 mt=R len=7
PKT t=17575 TX ua=95 mt=P len=0
PKT t=17584 RX ua=95 mt=R len=7
PKT t=17589 TX ua=95 mt=P len=0
PKT t=17611 RX ua=95 mt=R len=7
PKT t=17616 TX ua=95 mt=T len=7
PKT t=17628 TX ua=95 mt=P len=0
PKT t=17656 RX ua=95 mt=R len=7
PKT t=17661 TX ua=95 mt=P len=0
PKT t=17671 RX ua=95 mt=R len=7
PKT t=17676 TX ua=95 mt=P len=0
PKT t=17686 RX ua=95 mt=R len=7
PKT t=17691 TX ua=95 mt=P len=0
PKT t=17701 RX ua=95 mt=R len=7
PKT t=17706 TX ua=95 mt=P len=0
PKT t=17716 RX ua=95 mt=R len=7
PKT t=17721 TX ua=95 mt=P len=0
PKT t=17731 RX ua=95 mt=R len=7
PKT t=17736 TX ua=95 mt=P len=0
PKT t=17765 RX ua=95 mt=R len=7
PKT t=17770 TX ua=95 mt=P len=0
PKT t=17780 RX ua=95 mt=R len=7
PKT t=17785 TX ua=95 mt=P len=0
PKT t=17795 RX ua=95 mt=R len=7
PKT t=17800 TX ua=95 mt=P len=0
PKT t=17810 RX ua=95 mt=R len=7
PKT t=17815 TX ua=95 mt=P len=0
PKT t=17825 RX ua=95 mt=R len=7
PKT t=17830 TX ua=95 mt=P len=0
PKT t=17864 RX ua=95 mt=R len=7
PKT t=17869 TX ua=95 mt=T len=7
PKT t=17881 TX ua=95 mt=P len=0
PKT t=17901 RX ua=95 mt=R len=7
PKT t=18156 TX ua=96 mt=P len=0
PKT t=18414 TX ua=95 mt=P len=0
PKT t=18423 RX ua=95 mt=R len=7
PKT t=18428 TX ua=95 mt=T len=7
PKT t=18441 TX ua=95 mt=P len=0
PKT t=18481 RX ua=95 mt=R len=7
PKT t=18486 TX ua=95 mt=T len=7
PKT t=18499 TX ua=95 mt=P len=0
PKT t=18508 RX ua=95 mt=R len=7
PKT t=18513 TX ua=95 mt=P len=0
PKT t=18522 RX ua=95 mt=R len=7
PKT t=18527 TX ua=95 mt=P len=0
PKT t=18536 RX ua=95 mt=R len=7
PKT t=18541 TX ua=95 mt=P len=0
PKT t=18570 RX ua=95 mt=R len=7
PKT t=18575 TX ua=95 mt=P len=0
PKT t=18584 RX ua=95 mt=R len=7
PKT t=18589 TX ua=95 mt=P len=0
PKT t=18598 RX ua=95 mt=R len=7
PKT t=18603 TX ua=95 mt=P len=0
PKT t=18626 RX ua=95 mt=R len=7
PKT t=18631 TX ua=95 mt=T len=7
PKT t=18644 TX ua=95 mt=P len=0
PKT t=18671 RX ua=95 mt=R len=7
PKT t=18676 TX ua=95 mt=P len=0
PKT t=18685 RX ua=95 mt=R len=7
PKT t=18690 TX ua=95 mt=P len=0
PKT t=18699 RX ua=95 mt=R len=7
PKT t=18704 TX ua=95 mt=P len=0
PKT t=18713 RX ua=95 mt=R len=7
PKT t=18718 TX ua=95 mt=P len=0
PKT t=18727 RX ua=95 mt=R len=7
PKT t=18732 TX ua=95 mt=P len=0
PKT t=18741 RX ua=95 mt=R len=7
PKT t=18746 TX ua=95 mt=P len=0
PKT t=18775 RX ua=95 mt=R len=7
PKT t=18780 TX ua=95 mt=P len=0
PKT t=18789 RX ua=95 mt=R len=7
PKT t=18794 TX ua=95 mt=P len=0
PKT t=18803 RX ua=95 mt=R len=7
PKT t=18808 TX ua=95 mt=P len=0
PKT t=18817 RX ua=95 mt=R len=7
PKT t=18822 TX ua=95 mt=P len=0
PKT t=18831 RX ua=95 mt=R len=7
PKT t=18836 TX ua=95 mt=P len=0
PKT t=18845 RX ua=95 mt=R len=7
PKT t=18850 TX ua=95 mt=P len=0
PKT t=18880 RX ua=95 mt=R len=7
PKT t=18885 TX ua=95 mt=T len=7
PKT t=18916 TX ua=95 mt=P len=0
PKT t=18925 RX ua=95 mt=R len=7
PKT t=18930 TX ua=95 mt=P len=0
PKT t=18939 RX ua=95 mt=R len=7
PKT t=18944 TX ua=95 mt=P len=0
PKT t=18953 RX ua=95 mt=R len=7
PKT t=18958 TX ua=95 mt=P len=0
PKT t=18987 RX ua=95 mt=R len=7
PKT t=18992 TX ua=95 mt=P len=0
PKT t=19001 RX ua=95 mt=R len=7
PKT t=19006 TX ua=95 mt=P len=0
PKT t=19015 RX ua=95 mt=R len=7
PKT t=19020 TX ua=95 mt=P len=0
PKT t=19029 RX ua=95 mt=R len=7
PKT t=19034 TX ua=95 mt=P len=0
PKT t=19061 RX ua=95 mt=R len=7
PKT t=19066 TX ua=95 mt=P len=0
PKT t=19086 RX ua=95 mt=R len=7
PKT t=19091 TX ua=95 mt=P len=0
PKT t=19100 RX ua=95 mt=R len=7
PKT t=19105 TX ua=95 mt=P len=0
PKT t=19114 RX ua=95 mt=R len=7
PKT t=19119 TX ua=95 mt=P len=0
PKT t=19128 RX ua=95 mt=R len=7
PKT t=19133 TX ua=95 mt=T len=7
PKT t=19146 TX ua=95 mt=P len=0
PKT t=19155 RX ua=95 mt=R len=7
PKT t=19160 TX ua=95 mt=P len=0
PKT t=19206 RX ua=95 mt=R len=7
PKT t=19211 TX ua=95 mt=P len=0
PKT t=19220 RX ua=95 mt=R len=7
PKT t=19225 TX ua=95 mt=P len=0
PKT t=19234 RX ua=95 mt=R len=7
PKT t=19239 TX ua=95 mt=P len=0
PKT t=19248 RX ua=95 mt=R len=7
PKT t=19253 TX ua=95 mt=P len=0
PKT t=19262 RX ua=95 mt=R len=7
PKT t=19267 TX ua=95 mt=P len=0
PKT t=19296 RX ua=95 mt=R len=7
PKT t=19301 TX ua=95 mt=P len=0
PKT t=19310 RX ua=95 mt=R len=7
PKT t=19315 TX ua=95 mt=P len=0
PKT t=19324 RX ua=95 mt=R len=7
PKT t=19329 TX ua=95 mt=P len=0
PKT t=19351 RX ua=95 mt=R len=7
PKT t=19356 TX ua=95 mt=T len=7
PKT t=19368 TX ua=95 mt=P len=0
PKT t=19396 RX ua=95 mt=R len=7
PKT t=19401 TX ua=95 mt=T len=7
PKT t=19413 TX ua=95 mt=P len=0
PKT t=19422 RX ua=95 mt=R len=7
PKT t=19427 TX ua=95 mt=P len=0
PKT t=19436 RX ua=95 mt=R len=7
PKT t=19441 TX ua=95 mt=P len=0
PKT t=19450 RX ua=95 mt=R len=7
PKT t=19455 TX ua=95 mt=P len=0
PKT t=19464 RX ua=95 mt=R len=7
PKT t=19469 TX ua=95 mt=P len=0
PKT t=19498 RX ua=95 mt=R len=7
PKT t=19503 TX ua=95 mt=P len=0
PKT t=19512 RX ua=95 mt=R len=7
PKT t=19517 TX ua=95 mt=P len=0
PKT t=19526 RX ua=95 mt=R len=7
PKT t=19531 TX ua=95 mt=P len=0
PKT t=19540 RX ua=95 mt=R len=7
PKT t=19545 TX ua=95 mt=P len=0
PKT t=19554 RX ua=95 mt=R len=7
PKT t=19559 TX ua=95 mt=P len=0
PKT t=19568 RX ua=95 mt=R len=7
PKT t=19573 TX ua=95 mt=P len=0
PKT t=19602 RX ua=95 mt=R len=7
PKT t=19607 TX ua=95 mt=P len=0
PKT t=19616 RX ua=95 mt=R len=7
PKT t=19621 TX ua=95 mt=P len=0
PKT t=19641 RX ua=95 mt=R len=7
PKT t=19896 TX ua=96 mt=P len=0
PKT t=20154 TX ua=95 mt=P len=0
PKT t=20163 RX ua=95 mt=R len=7
PKT t=20168 TX ua=95 mt=T len=7
PKT t=20180 TX ua=95 mt=P len=0
PKT t=20221 RX ua=95 mt=R len=7
PKT t=20226 TX ua=95 mt=P len=0
PKT t=20235 RX ua=95 mt=R len=7
PKT t=20240 TX ua=95 mt=P len=0
PKT t=20249 RX ua=95 mt=R len=7
PKT t=20254 TX ua=95 mt=P len=0
PKT t=20263 RX ua=95 mt=R len=7
PKT t=20268 TX ua=95 mt=P len=0
PKT t=20301 RX ua=95 mt=R len=7
PKT t=20306 TX ua=95 mt=P len=0
PKT t=20315 RX ua=95 mt=R len=7
PKT t=20320 TX ua=95 mt=P len=0
PKT t=20329 RX ua=95 mt=R len=7
PKT t=20334 TX ua=95 mt=P len=0
PKT t=20343 RX ua=95 mt=R len=7
PKT t=20366 TX ua=95 mt=P len=0
PKT t=20375 RX ua=95 mt=R len=7
PKT t=20380 TX ua=95 mt=T len=7
PKT t=20392 TX ua=95 mt=T len=7
PKT t=20404 TX ua=95 mt=P len=0
PKT t=20413 RX ua=95 mt=R len=7
PKT t=20418 TX ua=95 mt=P len=0
PKT t=20427 RX ua=95 mt=R len=7
PKT t=20432 TX ua=95 mt=P len=0
PKT t=20441 RX ua=95 mt=R len=7
PKT t=20446 TX ua=95 mt=P len=0
PKT t=20455 RX ua=95 mt=R len=7
PKT t=20460 TX ua=95 mt=P len=0
PKT t=20469 RX ua=95 mt=R len=7
PKT t=20474 TX ua=95 mt=P len=0
PKT t=20483 RX ua=95 mt=R len=7
PKT t=20488 TX ua=95 mt=P len=0
PKT t=20517 RX ua=95 mt=R len=7
PKT t=20522 TX ua=95 mt=P len=0
PKT t=20531 RX ua=95 mt=R len=7
PKT t=20536 TX ua=95 mt=P len=0
PKT t=20545 RX ua=95 mt=R len=7
PKT t=20550 TX ua=95 mt=P len=0
PKT t=20559 RX ua=95 mt=R len=7
PKT t=20564 TX ua=95 mt=P len=0
PKT t=20573 RX ua=95 mt=R len=7
PKT t=20578 TX ua=95 mt=P len=0
PKT t=20587 RX ua=95 mt=R len=7
PKT t=20592 TX ua=95 mt=P len=0
PKT t=20621 RX ua=95 mt=R len=7
PKT t=20626 TX ua=95 mt=P len=0
PKT t=20635 RX ua=95 mt=R len=7
PKT t=20656 TX ua=95 mt=P len=0
PKT t=20665 RX ua=95 mt=R len=7
PKT t=20670 TX ua=95 mt=T len=7
PKT t=20682 TX ua=95 mt=P len=0
PKT t=20691 RX ua=95 mt=R len=7
PKT t=20696 TX ua=95 mt=P len=0
PKT t=20725 RX ua=95 mt=R len=7
PKT t=20730 TX ua=95 mt=P len=0
PKT t=20739 RX ua=95 mt=R len=7
PKT t=20744 TX ua=95 mt=P len=0
PKT t=20753 RX ua=95 mt=R len=7
PKT t=20758 TX ua=95 mt=P len=0
PKT t=20767 RX ua=95 mt=R len=7
PKT t=20772 TX ua=95 mt=P len=0
PKT t=20781 RX ua=95 mt=R len=7
PKT t=20801 TX ua=95 mt=P len=0
PKT t=20825 RX ua=95 mt=R len=7
PKT t=20830 TX ua=95 mt=P len=0
PKT t=20839 RX ua=95 mt=R len=7
PKT t=20844 TX ua=95 mt=P len=0
PKT t=20853 RX ua=95 mt=R len=7
PKT t=20858 TX ua=95 mt=P len=0
PKT t=20867 RX ua=95 mt=R len=7
PKT t=20872 TX ua=95 mt=P len=0
PKT t=20881 RX ua=95 mt=R len=7
PKT t=20886 TX ua=95 mt=P len=0
PKT t=20895 RX ua=95 mt=R len=7
PKT t=20900 TX ua=95 mt=P len=0
PKT t=20946 RX ua=95 mt=R len=7
PKT t=20951 TX ua=95 mt=T len=7
PKT t=20963 TX ua=95 mt=P len=0
PKT t=20972 RX ua=95 mt=R len=7
PKT t=20977 TX ua=95 mt=P len=0
PKT t=20986 RX ua=95 mt=R len=7
PKT t=20991 TX ua=95 mt=P len=0
PKT t=21000 RX ua=95 mt=R len=7
PKT t=21005 TX ua=95 mt=P len=0
PKT t=21034 RX ua=95 mt=R len=7
PKT t=21039 TX ua=95 mt=P len=0
PKT t=21048 RX ua=95 mt=R len=7
PKT t=21053 TX ua=95 mt=P len=0
PKT t=21062 RX ua=95 mt=R len=7
PKT t=21067 TX ua=95 mt=P len=0
PKT t=21091 RX ua=95 mt=R len=7
PKT t=21096 TX ua=95 mt=P len=0
PKT t=21105 RX ua=95 mt=R len=7
PKT t=21110 TX ua=95 mt=P len=0
PKT t=21139 RX ua=95 mt=R len=7
PKT t=21144 TX ua=95 mt=P len=0
PKT t=21153 RX ua=95 mt=R len=7
PKT t=21158 TX ua=95 mt=T len=7
PKT t=21170 TX ua=95 mt=P len=0
PKT t=21179 RX ua=95 mt=R len=7
PKT t=21184 TX ua=95 mt=P len=0
PKT t=21193 RX ua=95 mt=R len=7
PKT t=21198 TX ua=95 mt=P len=0
PKT t=21207 RX ua=95 mt=R len=7
PKT t=21212 TX ua=95 mt=P len=0
PKT t=21241 RX ua=95 mt=R len=7
PKT t=21246 TX ua=95 mt=P len=0
PKT t=21255 RX ua=95 mt=R len=7
PKT t=21260 TX ua=95 mt=P len=0
PKT t=21269 RX ua=95 mt=R len=7
PKT t=21274 TX ua=95 mt=P len=0
PKT t=21283 RX ua=95 mt=R len=7
PKT t=21288 TX ua=95 mt=P len=0
PKT t=21297 RX ua=95 mt=R len=7
PKT t=21302 TX ua=95 mt=P len=0
PKT t=21312 RX ua=95 mt=R len=7
PKT t=21317 TX ua=95 mt=P len=0
PKT t=21346 RX ua=95 mt=R len=7
PKT t=21351 TX ua=95 mt=P len=0
PKT t=21360 RX ua=95 mt=R len=7
PKT t=21381 TX ua=95 mt=P len=0
PKT t=21390 RX ua=95 mt=R len=7
PKT t=21395 TX ua=95 mt=T len=7
PKT t=21408 TX ua=95 mt=T len=7
PKT t=21421 TX ua=95 mt=P len=0
PKT t=21448 RX ua=95 mt=R len=7
PKT t=21453 TX ua=95 mt=P len=0
PKT t=21462 RX ua=95 mt=R len=7
PKT t=21467 TX ua=95 mt=P len=0
PKT t=21476 RX ua=95 mt=R len=7
PKT t=21481 TX ua=95 mt=P len=0
PKT t=21490 RX ua=95 mt=R len=7
PKT t=21495 TX ua=95 mt=P len=0
PKT t=21504 RX ua=95 mt=R len=7
PKT t=21526 TX ua=95 mt=P len=0
PKT t=21548 RX ua=95 mt=R len=7
PKT t=21552 TX ua=95 mt=P len=0
PKT t=21561 RX ua=95 mt=R len=7
PKT t=21566 TX ua=95 mt=P len=0
PKT t=21575 RX ua=95 mt=R len=7
PKT t=21580 TX ua=95 mt=P len=0
PKT t=21589 RX ua=95 mt=R len=7
PKT t=21594 TX ua=95 mt=P len=0
PKT t=21603 RX ua=95 mt=R len=7
PKT t=21608 TX ua=95 mt=P len=0
PKT t=21617 RX ua=95 mt=R len=7
PKT t=21622 TX ua=95 mt=P len=0
PKT t=21651 RX ua=95 mt=R len=7
PKT t=21671 TX ua=95 mt=P len=0
PKT t=21680 RX ua=95 mt=R len=7
PKT t=21685 TX ua=95 mt=T len=7
PKT t=21698 TX ua=95 mt=P len=0
PKT t=21708 RX ua=95 mt=R len=7
PKT t=21713 TX ua=95 mt=P len=0
PKT t=21723 RX ua=95 mt=R len=7
PKT t=21728 TX ua=95 mt=P len=0
PKT t=21757 RX ua=95 mt=R len=7
PKT t=21762 TX ua=95 mt=P len=0
PKT t=21772 RX ua=95 mt=R len=7
PKT t=21777 TX ua=95 mt=P len=0
PKT t=21787 RX ua=95 mt=R len=7
PKT t=21792 TX ua=95 mt=P len=0
PKT t=21816 RX ua=95 mt=R len=7
PKT t=21821 TX ua=95 mt=P len=0
PKT t=21831 RX ua=95 mt=R len=7
PKT t=21836 TX ua=95 mt=P len=0
PKT t=21865 RX ua=95 mt=R len=7
PKT t=21870 TX ua=95 mt=P len=0
PKT t=21880 RX ua=95 mt=R len=7
PKT t=21885 TX ua=95 mt=P len=0
PKT t=21895 RX ua=95 mt=R len=7
PKT t=21900 TX ua=95 mt=P len=0
PKT t=21910 RX ua=95 mt=R len=7
PKT t=21915 TX ua=95 mt=P len=0
PKT t=21925 RX ua=95 mt=R len=7
PKT t=21930 TX ua=95 mt=T len=7
PKT t=21961 TX ua=95 mt=P len=0
PKT t=21970 RX ua=95 mt=R len=7
PKT t=21975 TX ua=95 mt=P len=0
PKT t=21984 RX ua=95 mt=R len=7
PKT t=21989 TX ua=95 mt=P len=0
PKT t=21998 RX ua=95 mt=R len=7
PKT t=22003 TX ua=95 mt=P len=0
PKT t=22012 RX ua=95 mt=R len=7
PKT t=22017 TX ua=95 mt=P len=0
PKT t=22026 RX ua=95 mt=R len=7
PKT t=22031 TX ua=95 mt=P len=0
PKT t=22063 RX ua=95 mt=R len=7
PKT t=22068 TX ua=95 mt=P len=0
PKT t=22077 RX ua=95 mt=R len=7
PKT t=22082 TX ua=95 mt=P len=0
PKT t=22106 RX ua=95 mt=R len=7
PKT t=22111 TX ua=95 mt=P len=0
PKT t=22120 RX ua=95 mt=R len=7
PKT t=22125 TX ua=95 mt=P len=0
PKT t=22134 RX ua=95 mt=R len=7
PKT t=22139 TX ua=95 mt=P len=0
PKT t=22173 RX ua=95 mt=R len=7
PKT t=22178 TX ua=95 mt=T len=7
PKT t=22191 TX ua=95 mt=P len=0
PKT t=22200 RX ua=95 mt=R len=7
PKT t=22205 TX ua=95 mt=P len=0
PKT t=22214 RX ua=95 mt=R len=7
PKT t=22219 TX ua=95 mt=P len=0
PKT t=22228 RX ua=95 mt=R len=7
PKT t=22251 TX ua=95 mt=P len=0
PKT t=22268 RX ua=95 mt=R len=7
PKT t=22273 TX ua=95 mt=P len=0
PKT t=22282 RX ua=95 mt=R len=7
PKT t=22287 TX ua=95 mt=P len=0
PKT t=22296 RX ua=95 mt=R len=7
PKT t=22301 TX ua=95 mt=P len=0
PKT t=22310 RX ua=95 mt=R len=7
PKT t=22315 TX ua=95 mt=P len=0
PKT t=22324 RX ua=95 mt=R len=7
PKT t=22329 TX ua=95 mt=P len=0
PKT t=22338 RX ua=95 mt=R len=7
PKT t=22343 TX ua=95 mt=P len=0
PKT t=22372 RX ua=95 mt=R len=7
PKT t=22377 TX ua=95 mt=P len=0
PKT t=22397 RX ua=95 mt=R len=7
PKT t=22652 TX ua=96 mt=P len=0
PKT t=22910 TX ua=95 mt=P len=0
PKT t=22919 RX ua=95 mt=R len=7
PKT t=22924 TX ua=95 mt=T len=7
PKT t=22936 TX ua=95 mt=P len=0
PKT t=22945 RX ua=95 mt=R len=7
PKT t=22950 TX ua=95 mt=T len=7
PKT t=22976 TX ua=95 mt=P len=0
PKT t=22985 RX ua=95 mt=R len=7
PKT t=22990 TX ua=95 mt=P len=0
PKT t=22999 RX ua=95 mt=R len=7
PKT t=23004 TX ua=95 mt=P len=0
PKT t=23013 RX ua=95 mt=R len=7
PKT t=23018 TX ua=95 mt=P len=0
PKT t=23027 RX ua=95 mt=R len=7
PKT t=23032 TX ua=95 mt=P len=0
PKT t=23041 RX ua=95 mt=R len=7
PKT t=23046 TX ua=95 mt=P len=0
PKT t=23078 RX ua=95 mt=R len=7
PKT t=23083 TX ua=95 mt=P len=0
PKT t=23092 RX ua=95 mt=R len=7
PKT t=23097 TX ua=95 mt=P len=0
PKT t=23121 RX ua=95 mt=R len=7
PKT t=23126 TX ua=95 mt=P len=0
PKT t=23135 RX ua=95 mt=R len=7
PKT t=23140 TX ua=95 mt=P len=0
PKT t=23149 RX ua=95 mt=R len=7
PKT t=23154 TX ua=95 mt=P len=0
PKT t=23183 RX ua=95 mt=R len=7
PKT t=23188 TX ua=95 mt=T len=7
PKT t=23200 TX ua=95 mt=P len=0
PKT t=23209 RX ua=95 mt=R len=7
PKT t=23214 TX ua=95 mt=P len=0
PKT t=23223 RX ua=95 mt=R len=7
PKT t=23228 TX ua=95 mt=P len=0
PKT t=23237 RX ua=95 mt=R len=7
PKT t=23242 TX ua=95 mt=P len=0
PKT t=23266 RX ua=95 mt=R len=7
PKT t=23271 TX ua=95 mt=P len=0
PKT t=23285 RX ua=95 mt=R len=7
PKT t=23290 TX ua=95 mt=P len=0
PKT t=23300 RX ua=95 mt=R len=7
PKT t=23304 TX ua=95 mt=P len=0
PKT t=23313 RX ua=95 mt=R len=7
PKT t=23318 TX ua=95 mt=P len=0
PKT t=23327 RX ua=95 mt=R len=7
PKT t=23332 TX ua=95 mt=P len=0
PKT t=23341 RX ua=95 mt=R len=7
PKT t=23346 TX ua=95 mt=P len=0
PKT t=23355 RX ua=95 mt=R len=7
PKT t=23360 TX ua=95 mt=P len=0
PKT t=23389 RX ua=95 mt=R len=7
PKT t=23411 TX ua=95 mt=P len=0
PKT t=23420 RX ua=95 mt=R len=7
PKT t=23425 TX ua=95 mt=T len=7
PKT t=23437 TX ua=95 mt=T len=7
PKT t=23449 TX ua=95 mt=P len=0
PKT t=23458 RX ua=95 mt=R len=7
PKT t=23463 TX ua=95 mt=P len=0
PKT t=23492 RX ua=95 mt=R len=7
PKT t=23497 TX ua=95 mt=P len=0
PKT t=23506 RX ua=95 mt=R len=7
PKT t=23511 TX ua=95 mt=P len=0
PKT t=23520 RX ua=95 mt=R len=7
PKT t=23525 TX ua=95 mt=P len=0
PKT t=23534 RX ua=95 mt=R len=7
PKT t=23556 TX ua=95 mt=P len=0
PKT t=23565 RX ua=95 mt=R len=7
PKT t=23570 TX ua=95 mt=P len=0
PKT t=23599 RX ua=95 mt=R len=7
PKT t=23604 TX ua=95 mt=P len=0
PKT t=23613 RX ua=95 mt=R len=7
PKT t=23618 TX ua=95 mt=P len=0
PKT t=23627 RX ua=95 mt=R len=7
PKT t=23632 TX ua=95 mt=P len=0
PKT t=23641 RX ua=95 mt=R len=7
PKT t=23646 TX ua=95 mt=P len=0
PKT t=23655 RX ua=95 mt=R len=7
PKT t=23660 TX ua=95 mt=P len=0
PKT t=23669 RX ua=95 mt=R len=7
PKT t=23674 TX ua=95 mt=P len=0
PKT t=23703 RX ua=95 mt=R len=7
PKT t=23708 TX ua=95 mt=T len=7
PKT t=23720 TX ua=95 mt=P len=0
PKT t=23730 RX ua=95 mt=R len=7
PKT t=23735 TX ua=95 mt=P len=0
PKT t=23745 RX ua=95 mt=R len=7
PKT t=23750 TX ua=95 mt=P len=0
PKT t=23760 RX ua=95 mt=R len=7
PKT t=23765 TX ua=95 mt=P len=0
PKT t=23775 RX ua=95 mt=R len=7
PKT t=23780 TX ua=95 mt=P len=0
PKT t=23809 RX ua=95 mt=R len=7
PKT t=23814 TX ua=95 mt=P len=0
PKT t=23824 RX ua=95 mt=R len=7
PKT t=23846 TX ua=95 mt=P len=0
PKT t=23856 RX ua=95 mt=R len=7
PKT t=23861 TX ua=95 mt=P len=0
PKT t=23871 RX ua=95 mt=R len=7
PKT t=23876 TX ua=95 mt=P len=0
PKT t=23908 RX ua=95 mt=R len=7
PKT t=23913 TX ua=95 mt=P len=0
PKT t=23923 RX ua=95 mt=R len=7
PKT t=23928 TX ua=95 mt=P len=0
PKT t=23938 RX ua=95 mt=R len=7
PKT t=23943 TX ua=95 mt=P len=0
PKT t=23953 RX ua=95 mt=R len=7
PKT t=23958 TX ua=95 mt=T len=7
PKT t=23970 TX ua=95 mt=P len=0
PKT t=23991 RX ua=95 mt=R len=7
PKT t=24246 TX ua=96 mt=P len=0
PKT t=24504 TX ua=95 mt=P len=0
PKT t=24513 RX ua=95 mt=R len=7
PKT t=24518 TX ua=95 mt=T len=7
PKT t=24530 TX ua=95 mt=P len=0
PKT t=24539 RX ua=95 mt=R len=7
PKT t=24544 TX ua=95 mt=P len=0
PKT t=24571 RX ua=95 mt=R len=7
PKT t=24576 TX ua=95 mt=P len=0
PKT t=24585 RX ua=95 mt=R len=7
PKT t=24590 TX ua=95 mt=P len=0
PKT t=24619 RX ua=95 mt=R len=7
PKT t=24624 TX ua=95 mt=P len=0
PKT t=24633 RX ua=95 mt=R len=7
PKT t=24638 TX ua=95 mt=P len=0
PKT t=24647 RX ua=95 mt=R len=7
PKT t=24652 TX ua=95 mt=P len=0
PKT t=24661 RX ua=95 mt=R len=7
PKT t=24666 TX ua=95 mt=P len=0
PKT t=24675 RX ua=95 mt=R len=7
PKT t=24680 TX ua=95 mt=P len=0
PKT t=24689 RX ua=95 mt=R len=7
PKT t=24694 TX ua=95 mt=P len=0
PKT t=24723 RX ua=95 mt=R len=7
PKT t=24728 TX ua=95 mt=T len=7
PKT t=24740 TX ua=95 mt=P len=0
PKT t=24749 RX ua=95 mt=R len=7
PKT t=24754 TX ua=95 mt=P len=0
PKT t=24763 RX ua=95 mt=R len=7
PKT t=24768 TX ua=95 mt=P len=0
PKT t=24777 RX ua=95 mt=R len=7
PKT t=24782 TX ua=95 mt=P len=0
PKT t=24791 RX ua=95 mt=R len=7
PKT t=24796 TX ua=95 mt=P len=0
PKT t=24825 RX ua=95 mt=R len=7
PKT t=24830 TX ua=95 mt=P len=0
PKT t=24839 RX ua=95 mt=R len=7
PKT t=24861 TX ua=95 mt=P len=0
PKT t=24870 RX ua=95 mt=R len=7
PKT t=24875 TX ua=95 mt=P len=0
PKT t=24884 RX ua=95 mt=R len=7
PKT t=24889 TX ua=95 mt=P len=0
PKT t=24898 RX ua=95 mt=R len=7
PKT t=24903 TX ua=95 mt=P len=0
PKT t=24932 RX ua=95 mt=R len=7
PKT t=24937 TX ua=95 mt=P len=0
PKT t=24946 RX ua=95 mt=R len=7
PKT t=24951 TX ua=95 mt=P len=0
PKT t=24960 RX ua=95 mt=R len=7
PKT t=24965 TX ua=95 mt=P len=0
PKT t=24974 RX ua=95 mt=R len=7
PKT t=24979 TX ua=95 mt=T len=7
PKT t=25006 TX ua=95 mt=P len=0
PKT t=25031 RX ua=95 mt=R len=7
PKT t=25036 TX ua=95 mt=P len=0
PKT t=25045 RX ua=95 mt=R len=7
PKT t=25050 TX ua=95 mt=P len=0
PKT t=25059 RX ua=95 mt=R len=7
PKT t=25064 TX ua=95 mt=P len=0
PKT t=25073 RX ua=95 mt=R len=7
PKT t=25078 TX ua=95 mt=P len=0
PKT t=25087 RX ua=95 mt=R len=7
PKT t=25092 TX ua=95 mt=P len=0
PKT t=25101 RX ua=95 mt=R len=7
PKT t=25106 TX ua=95 mt=P len=0
PKT t=25151 RX ua=95 mt=R len=7
PKT t=25156 TX ua=95 mt=P len=0
PKT t=25165 RX ua=95 mt=R len=7
PKT t=25170 TX ua=95 mt=P len=0
PKT t=25179 RX ua=95 mt=R len=7
PKT t=25184 TX ua=95 mt=P len=0
PKT t=25193 RX ua=95 mt=R len=7
PKT t=25198 TX ua=95 mt=P len=0
PKT t=25207 RX ua=95 mt=R len=7
PKT t=25212 TX ua=95 mt=P len=0
PKT t=25241 RX ua=95 mt=R len=7
PKT t=25246 TX ua=95 mt=T len=7
PKT t=25258 TX ua=95 mt=P len=0
PKT t=25267 RX ua=95 mt=R len=7
PKT t=25272 TX ua=95 mt=P len=0
PKT t=25296 RX ua=95 mt=R len=7
PKT t=25301 TX ua=95 mt=P len=0
PKT t=25310 RX ua=95 mt=R len=7
PKT t=25315 TX ua=95 mt=P len=0
PKT t=25344 RX ua=95 mt=R len=7
PKT t=25349 TX ua=95 mt=P len=0
PKT t=25358 RX ua=95 mt=R len=7
PKT t=25363 TX ua=95 mt=P len=0
PKT t=25372 RX ua=95 mt=R len=7
PKT t=25377 TX ua=95 mt=P len=0
PKT t=25386 RX ua=95 mt=R len=7
PKT t=25391 TX ua=95 mt=P len=0
PKT t=25400 RX ua=95 mt=R len=7
PKT t=25405 TX ua=95 mt=P len=0
PKT t=25414 RX ua=95 mt=R len=7
PKT t=25419 TX ua=95 mt=P len=0
PKT t=25448 RX ua=95 mt=R len=7
PKT t=25453 TX ua=95 mt=T len=7
PKT t=25465 TX ua=95 mt=P len=0
PKT t=25474 RX ua=95 mt=R len=7
PKT t=25479 TX ua=95 mt=T len=7
PKT t=25491 TX ua=95 mt=P len=0
PKT t=25500 RX ua=95 mt=R len=7
PKT t=25505 TX ua=95 mt=P len=0
PKT t=25514 RX ua=95 mt=R len=7
PKT t=25519 TX ua=95 mt=P len=0
PKT t=25548 RX ua=95 mt=R len=7
PKT t=25553 TX ua=95 mt=P len=0
PKT t=25562 RX ua=95 mt=R len=7
PKT t=25567 TX ua=95 mt=P len=0
PKT t=25587 RX ua=95 mt=R len=7
PKT t=25842 TX ua=96 mt=P len=0
PKT t=26100 TX ua=95 mt=P len=0
PKT t=26109 RX ua=95 mt=R len=7
PKT t=26114 TX ua=95 mt=T len=7
PKT t=26126 TX ua=95 mt=P len=0
PKT t=26166 RX ua=95 mt=R len=7
PKT t=26171 TX ua=95 mt=P len=0
PKT t=26180 RX ua=95 mt=R len=7
PKT t=26185 TX ua=95 mt=P len=0
PKT t=26194 RX ua=95 mt=R len=7
PKT t=26199 TX ua=95 mt=P len=0
PKT t=26208 RX ua=95 mt=R len=7
PKT t=26213 TX ua=95 mt=P len=0
PKT t=26222 RX ua=95 mt=R len=7
PKT t=26227 TX ua=95 mt=P len=0
PKT t=26256 RX ua=95 mt=R len=7
PKT t=26261 TX ua=95 mt=T len=7
PKT t=26273 TX ua=95 mt=P len=0
PKT t=26282 RX ua=95 mt=R len=7
PKT t=26287 TX ua=95 mt=P len=0
PKT t=26311 RX ua=95 mt=R len=7
PKT t=26316 TX ua=95 mt=P len=0
PKT t=26325 RX ua=95 mt=R len=7
PKT t=26330 TX ua=95 mt=P len=0
PKT t=26359 RX ua=95 mt=R len=7
PKT t=26364 TX ua=95 mt=P len=0
PKT t=26373 RX ua=95 mt=R len=7
PKT t=26378 TX ua=95 mt=P len=0
PKT t=26387 RX ua=95 mt=R len=7
PKT t=26392 TX ua=95 mt=P len=0
PKT t=26401 RX ua=95 mt=R len=7
PKT t=26406 TX ua=95 mt=P len=0
PKT t=26415 RX ua=95 mt=R len=7
PKT t=26420 TX ua=95 mt=P len=0
PKT t=26429 RX ua=95 mt=R len=7
PKT t=26434 TX ua=95 mt=P len=0
PKT t=26463 RX ua=95 mt=R len=7
PKT t=26468 TX ua=95 mt=T len=7
PKT t=26481 TX ua=95 mt=P len=0
PKT t=26490 RX ua=95 mt=R len=7
PKT t=26495 TX ua=95 mt=T len=7
PKT t=26508 TX ua=95 mt=P len=0
PKT t=26517 RX ua=95 mt=R len=7
PKT t=26522 TX ua=95 mt=P len=0
PKT t=26531 RX ua=95 mt=R len=7
PKT t=26536 TX ua=95 mt=P len=0
PKT t=26565 RX ua=95 mt=R len=7
PKT t=26570 TX ua=95 mt=P len=0
PKT t=26579 RX ua=95 mt=R len=7
PKT t=26601 TX ua=95 mt=P len=0
PKT t=26610 RX ua=95 mt=R len=7
PKT t=26615 TX ua=95 mt=P len=0
PKT t=26624 RX ua=95 mt=R len=7
PKT t=26629 TX ua=95 mt=P len=0
PKT t=26638 RX ua=95 mt=R len=7
PKT t=26643 TX ua=95 mt=P len=0
PKT t=26672 RX ua=95 mt=R len=7
PKT t=26677 TX ua=95 mt=P len=0
PKT t=26686 RX ua=95 mt=R len=7
PKT t=26691 TX ua=95 mt=P len=0
PKT t=26700 RX ua=95 mt=R len=7
PKT t=26705 TX ua=95 mt=P len=0
PKT t=26714 RX ua=95 mt=R len=7
PKT t=26719 TX ua=95 mt=P len=0
PKT t=26746 RX ua=95 mt=R len=7
PKT t=26751 TX ua=95 mt=T len=7
PKT t=26764 TX ua=95 mt=P len=0
PKT t=26773 RX ua=95 mt=R len=7
PKT t=26778 TX ua=95 mt=P len=0
PKT t=26787 RX ua=95 mt=R len=7
PKT t=26792 TX ua=95 mt=P len=0
PKT t=26801 RX ua=95 mt=R len=7
PKT t=26806 TX ua=95 mt=P len=0
PKT t=26815 RX ua=95 mt=R len=7
PKT t=26820 TX ua=95 mt=P len=0
PKT t=26829 RX ua=95 mt=R len=7
PKT t=26834 TX ua=95 mt=P len=0
PKT t=26843 RX ua=95 mt=R len=7
PKT t=26848 TX ua=95 mt=P len=0
PKT t=26891 RX ua=95 mt=R len=7
PKT t=26896 TX ua=95 mt=P len=0
PKT t=26905 RX ua=95 mt=R len=7
PKT t=26910 TX ua=95 mt=P len=0
PKT t=26919 RX ua=95 mt=R len=7
PKT t=26924 TX ua=95 mt=P len=0
PKT t=26933 RX ua=95 mt=R len=7
PKT t=26938 TX ua=95 mt=P len=0
PKT t=26947 RX ua=95 mt=R len=7
PKT t=26952 TX ua=95 mt=P len=0
PKT t=26981 RX ua=95 mt=R len=7
PKT t=26986 TX ua=95 mt=P len=0
PKT t=26995 RX ua=95 mt=R len=7
PKT t=27000 TX ua=95 mt=T len=7
PKT t=27013 TX ua=95 mt=P len=0
PKT t=27036 RX ua=95 mt=R len=7
PKT t=27041 TX ua=95 mt=P len=0
PKT t=27050 RX ua=95 mt=R len=7
PKT t=27055 TX ua=95 mt=P len=0
PKT t=27084 RX ua=95 mt=R len=7
PKT t=27089 TX ua=95 mt=P len=0
PKT t=27098 RX ua=95 mt=R len=7
PKT t=27103 TX ua=95 mt=P len=0
PKT t=27112 RX ua=95 mt=R len=7
PKT t=27117 TX ua=95 mt=P len=0
PKT t=27126 RX ua=95 mt=R len=7
PKT t=27131 TX ua=95 mt=P len=0
PKT t=27140 RX ua=95 mt=R len=7
PKT t=27145 TX ua=95 mt=P len=0
PKT t=27154 RX ua=95 mt=R len=7
PKT t=27159 TX ua=95 mt=P len=0
PKT t=27188 RX ua=95 mt=R len=7
PKT t=27193 TX ua=95 mt=P len=0
PKT t=27202 RX ua=95 mt=R len=7
PKT t=27207 TX ua=95 mt=P len=0
PKT t=27216 RX ua=95 mt=R len=7
PKT t=27221 TX ua=95 mt=P len=0
PKT t=27230 RX ua=95 mt=R len=7
PKT t=27235 TX ua=95 mt=P len=0
PKT t=27244 RX ua=95 mt=R len=7
PKT t=27249 TX ua=95 mt=T len=7
PKT t=27262 TX ua=95 mt=P len=0
PKT t=27289 RX ua=95 mt=R len=7
PKT t=27294 TX ua=95 mt=P len=0
PKT t=27303 RX ua=95 mt=R len=7
PKT t=27326 TX ua=95 mt=P len=0
PKT t=27335 RX ua=95 mt=R len=7
PKT t=27340 TX ua=95 mt=P len=0
PKT t=27349 RX ua=95 mt=R len=7
PKT t=27354 TX ua=95 mt=P len=0
PKT t=27363 RX ua=95 mt=R len=7
PKT t=27368 TX ua=95 mt=P len=0
PKT t=27397 RX ua=95 mt=R len=7
PKT t=27402 TX ua=95 mt=P len=0
PKT t=27411 RX ua=95 mt=R len=7
PKT t=27416 TX ua=95 mt=P len=0
PKT t=27425 RX ua=95 mt=R len=7
PKT t=27430 TX ua=95 mt=P len=0
PKT t=27439 RX ua=95 mt=R len=7
PKT t=27444 TX ua=95 mt=P len=0
PKT t=27471 RX ua=95 mt=R len=7
PKT t=27476 TX ua=95 mt=T len=7
PKT t=27488 TX ua=95 mt=P len=0
PKT t=27499 RX ua=95 mt=R len=7
PKT t=27504 TX ua=95 mt=T len=7
PKT t=27516 TX ua=95 mt=P len=0
PKT t=27525 RX ua=95 mt=R len=7
PKT t=27530 TX ua=95 mt=P len=0
PKT t=27539 RX ua=95 mt=R len=7
PKT t=27544 TX ua=95 mt=P len=0
PKT t=27553 RX ua=95 mt=R len=7
PKT t=27558 TX ua=95 mt=P len=0
PKT t=27567 RX ua=95 mt=R len=7
PKT t=27572 TX ua=95 mt=P len=0
PKT t=27616 RX ua=95 mt=R len=7
PKT t=27621 TX ua=95 mt=P len=0
PKT t=27630 RX ua=95 mt=R len=7
PKT t=27635 TX ua=95 mt=P len=0
PKT t=27644 RX ua=95 mt=R len=7
PKT t=27649 TX ua=95 mt=P len=0
PKT t=27658 RX ua=95 mt=R len=7
PKT t=27663 TX ua=95 mt=P len=0
PKT t=27672 RX ua=95 mt=R len=7
PKT t=27677 TX ua=95 mt=P len=0
PKT t=27706 RX ua=95 mt=R len=7
PKT t=27711 TX ua=95 mt=P len=0
PKT t=27720 RX ua=95 mt=R len=7
PKT t=27725 TX ua=95 mt=P len=0
PKT t=27734 RX ua=95 mt=R len=7
PKT t=27739 TX ua=95 mt=P len=0
PKT t=27761 RX ua=95 mt=R len=7
PKT t=27766 TX ua=95 mt=T len=7
PKT t=27778 TX ua=95 mt=P len=0
PKT t=27806 RX ua=95 mt=R len=7
PKT t=27811 TX ua=95 mt=P len=0
PKT t=27821 RX ua=95 mt=R len=7
PKT t=27826 TX ua=95 mt=P len=0
PKT t=27836 RX ua=95 mt=R len=7
PKT t=27841 TX ua=95 mt=P len=0
PKT t=27851 RX ua=95 mt=R len=7
PKT t=27856 TX ua=95 mt=P len=0
PKT t=27866 RX ua=95 mt=R len=7
PKT t=27871 TX ua=95 mt=P len=0
PKT t=27881 RX ua=95 mt=R len=7
PKT t=27886 TX ua=95 mt=P len=0
PKT t=27915 RX ua=95 mt=R len=7
PKT t=27920 TX ua=95 mt=P len=0
PKT t=27930 RX ua=95 mt=R len=7
PKT t=27935 TX ua=95 mt=P len=0
PKT t=27945 RX ua=95 mt=R len=7
PKT t=27950 TX ua=95 mt=P len=0
PKT t=27960 RX ua=95 mt=R len=7
PKT t=27965 TX ua=95 mt=P len=0
PKT t=27975 RX ua=95 mt=R len=7
PKT t=27980 TX ua=95 mt=P len=0
PKT t=28014 RX ua=95 mt=R len=7
PKT t=28019 TX ua=95 mt=T len=7
PKT t=28051 TX ua=95 mt=P len=0
PKT t=28060 RX ua=95 mt=R len=7
PKT t=28065 TX ua=95 mt=P len=0
PKT t=28074 RX ua=95 mt=R len=7
PKT t=28079 TX ua=95 mt=P len=0
PKT t=28088 RX ua=95 mt=R len=7
PKT t=28093 TX ua=95 mt=P len=0
PKT t=28122 RX ua=95 mt=R len=7
PKT t=28127 TX ua=95 mt=P len=0
PKT t=28136 RX ua=95 mt=R len=7
PKT t=28141 TX ua=95 mt=P len=0
PKT t=28150 RX ua=95 mt=R len=7
PKT t=28155 TX ua=95 mt=P len=0
PKT t=28164 RX ua=95 mt=R len=7
PKT t=28169 TX ua=95 mt=P len=0
PKT t=28196 RX ua=95 mt=R len=7
PKT t=28201 TX ua=95 mt=P len=0
PKT t=28222 RX ua=95 mt=R len=7
PKT t=28226 TX ua=95 mt=P len=0
PKT t=28235 RX ua=95 mt=R len=7
PKT t=28240 TX ua=95 mt=P len=0
PKT t=28249 RX ua=95 mt=R len=7
PKT t=28254 TX ua=95 mt=P len=0
PKT t=28263 RX ua=95 mt=R len=7
PKT t=28268 TX ua=95 mt=T len=7
PKT t=28280 TX ua=95 mt=P len=0
PKT t=28289 RX ua=95 mt=R len=7
PKT t=28294 TX ua=95 mt=P len=0
PKT t=28341 RX ua=95 mt=R len=7
PKT t=28346 TX ua=95 mt=P len=0
PKT t=28355 RX ua=95 mt=R len=7
PKT t=28360 TX ua=95 mt=P len=0
PKT t=28369 RX ua=95 mt=R len=7
PKT t=28374 TX ua=95 mt=P len=0
PKT t=28383 RX ua=95 mt=R len=7
PKT t=28388 TX ua=95 mt=P len=0
PKT t=28397 RX ua=95 mt=R len=7
PKT t=28402 TX ua=95 mt=P len=0
PKT t=28431 RX ua=95 mt=R len=7
PKT t=28436 TX ua=95 mt=P len=0
PKT t=28445 RX ua=95 mt=R len=7
PKT t=28450 TX ua=95 mt=P len=0
PKT t=28459 RX ua=95 mt=R len=7
PKT t=28464 TX ua=95 mt=P len=0
PKT t=28486 RX ua=95 mt=R len=7
PKT t=28491 TX ua=95 mt=T len=7
PKT t=28503 TX ua=95 mt=P len=0
PKT t=28531 RX ua=95 mt=R len=7
PKT t=28536 TX ua=95 mt=T len=7
PKT t=28548 TX ua=95 mt=P len=0
PKT t=28557 RX ua=95 mt=R len=7
PKT t=28562 TX ua=95 mt=P len=0
PKT t=28571 RX ua=95 mt=R len=7
PKT t=28576 TX ua=95 mt=P len=0
PKT t=28585 RX ua=95 mt=R len=7
PKT t=28590 TX ua=95 mt=P len=0
PKT t=28599 RX ua=95 mt=R len=7
PKT t=28604 TX ua=95 mt=P len=0
PKT t=28633 RX ua=95 mt=R len=7
PKT t=28638 TX ua=95 mt=P len=0
PKT t=28649 RX ua=95 mt=R len=7
PKT t=28654 TX ua=95 mt=P len=0
PKT t=28663 RX ua=95 mt=R len=7
PKT t=28668 TX ua=95 mt=P len=0
PKT t=28677 RX ua=95 mt=R len=7
PKT t=28682 TX ua=95 mt=P len=0
PKT t=28691 RX ua=95 mt=R len=7
PKT t=28696 TX ua=95 mt=P len=0
PKT t=28705 RX ua=95 mt=R len=7
PKT t=28710 TX ua=95 mt=P len=0
PKT t=28739 RX ua=95 mt=R len=7
PKT t=28744 TX ua=95 mt=P len=0
PKT t=28753 RX ua=95 mt=R len=7
PKT t=28776 TX ua=95 mt=P len=0
PKT t=28785 RX ua=95 mt=R len=7
PKT t=28790 TX ua=95 mt=T len=7
PKT t=28802 TX ua=95 mt=P len=0
PKT t=28811 RX ua=95 mt=R len=7
PKT t=28816 TX ua=95 mt=P len=0
PKT t=28845 RX ua=95 mt=R len=7
PKT t=28850 TX ua=95 mt=P len=0
PKT t=28859 RX ua=95 mt=R len=7
PKT t=28864 TX ua=95 mt=P len=0
PKT t=28873 RX ua=95 mt=R len=7
PKT t=28878 TX ua=95 mt=P len=0
PKT t=28887 RX ua=95 mt=R len=7
PKT t=28892 TX ua=95 mt=P len=0
PKT t=28901 RX ua=95 mt=R len=7
PKT t=28921 TX ua=95 mt=P len=0
PKT t=28945 RX ua=95 mt=R len=7
PKT t=28949 TX ua=95 mt=P len=0
PKT t=28958 RX ua=95 mt=R len=7
PKT t=28963 TX ua=95 mt=P len=0
PKT t=28972 RX ua=95 mt=R len=7
PKT t=28977 TX ua=95 mt=P len=0
PKT t=28986 RX ua=95 mt=R len=7
PKT t=28991 TX ua=95 mt=P len=0
PKT t=29000 RX ua=95 mt=R len=7
PKT t=29005 TX ua=95 mt=P len=0
PKT t=29014 RX ua=95 mt=R len=7
PKT t=29019 TX ua=95 mt=P len=0
PKT t=29066 RX ua=95 mt=R len=7
PKT t=29071 TX ua=95 mt=T len=7
PKT t=29083 TX ua=95 mt=P len=0
PKT t=29092 RX ua=95 mt=R len=7
PKT t=29097 TX ua=95 mt=P len=0
PKT t=29106 RX ua=95 mt=R len=7
PKT t=29111 TX ua=95 mt=P len=0
PKT t=29120 RX ua=95 mt=R len=7
PKT t=29125 TX ua=95 mt=P len=0
PKT t=29154 RX ua=95 mt=R len=7
PKT t=29159 TX ua=95 mt=P len=0
PKT t=29168 RX ua=95 mt=R len=7
PKT t=29173 TX ua=95 mt=P len=0
PKT t=29182 RX ua=95 mt=R len=7
PKT t=29187 TX ua=95 mt=P len=0
PKT t=29211 RX ua=95 mt=R len=7
PKT t=29216 TX ua=95 mt=P len=0
PKT t=29225 RX ua=95 mt=R len=7
PKT t=29230 TX ua=95 mt=P len=0
PKT t=29259 RX ua=95 mt=R len=7
PKT t=29264 TX ua=95 mt=P len=0
PKT t=29273 RX ua=95 mt=R len=7
PKT t=29278 TX ua=95 mt=T len=7
PKT t=29290 TX ua=95 mt=P len=0
PKT t=29299 RX ua=95 mt=R len=7
PKT t=29304 TX ua=95 mt=P len=0
PKT t=29313 RX ua=95 mt=R len=7
PKT t=29318 TX ua=95 mt=P len=0
PKT t=29327 RX ua=95 mt=R len=7
PKT t=29332 TX ua=95 mt=P len=0
PKT t=29361 RX ua=95 mt=R len=7
PKT t=29366 TX ua=95 mt=P len=0
PKT t=29375 RX ua=95 mt=R len=7
PKT t=29380 TX ua=95 mt=P len=0
PKT t=29389 RX ua=95 mt=R len=7
PKT t=29394 TX ua=95 mt=P len=0
PKT t=29403 RX ua=95 mt=R len=7
PKT t=29408 TX ua=95 mt=P len=0
PKT t=29417 RX ua=95 mt=R len=7
PKT t=29422 TX ua=95 mt=P len=0
PKT t=29431 RX ua=95 mt=R len=7
PKT t=29436 TX ua=95 mt=P len=0
PKT t=29465 RX ua=95 mt=R len=7
PKT t=29470 TX ua=95 mt=P len=0
PKT t=29479 RX ua=95 mt=R len=7
PKT t=29501 TX ua=95 mt=P len=0
PKT t=29510 RX ua=95 mt=R len=7
PKT t=29515 TX ua=95 mt=T len=7
PKT t=29528 TX ua=95 mt=T len=7
PKT t=29541 TX ua=95 mt=P len=0
PKT t=29569 RX ua=95 mt=R len=7
PKT t=29574 TX ua=95 mt=P len=0
PKT t=29583 RX ua=95 mt=R len=7
PKT t=29588 TX ua=95 mt=P len=0
PKT t=29597 RX ua=95 mt=R len=7
PKT t=29602 TX ua=95 mt=P len=0
PKT t=29611 RX ua=95 mt=R len=7
PKT t=29616 TX ua=95 mt=P len=0
PKT t=29625 RX ua=95 mt=R len=7
PKT t=29646 TX ua=95 mt=P len=0
PKT t=29668 RX ua=95 mt=R len=7
PKT t=29673 TX ua=95 mt=P len=0
PKT t=29682 RX ua=95 mt=R len=7
PKT t=29687 TX ua=95 mt=P len=0
PKT t=29696 RX ua=95 mt=R len=7
PKT t=29701 TX ua=95 mt=P len=0
PKT t=29710 RX ua=95 mt=R len=7
PKT t=29715 TX ua=95 mt=P len=0
PKT t=29724 RX ua=95 mt=R len=7
PKT t=29729 TX ua=95 mt=P len=0
PKT t=29738 RX ua=95 mt=R len=7
PKT t=29743 TX ua=95 mt=P len=0
PKT t=29791 RX ua=95 mt=R len=7
PKT t=29796 TX ua=95 mt=T len=7
PKT t=29809 TX ua=95 mt=P len=0
PKT t=29819 RX ua=95 mt=R len=7
PKT t=29824 TX ua=95 mt=P len=0
PKT t=29834 RX ua=95 mt=R len=7
PKT t=29839 TX ua=95 mt=P len=0
PKT t=29872 RX ua=95 mt=R len=7
PKT t=29877 TX ua=95 mt=P len=0
PKT t=29887 RX ua=95 mt=R len=7
PKT t=29892 TX ua=95 mt=P len=0
PKT t=29902 RX ua=95 mt=R len=7
PKT t=29907 TX ua=95 mt=P len=0
PKT t=29936 RX ua=95 mt=R len=7
PKT t=29941 TX ua=95 mt=P len=0
PKT t=29972 RX ua=95 mt=R len=7
PKT t=29977 TX ua=95 mt=P len=0
PKT t=29987 RX ua=95 mt=R len=7
PKT t=29992 TX ua=95 mt=P len=0
PKT t=30002 RX ua=95 mt=R len=7
PKT t=30007 TX ua=95 mt=P len=0
PKT t=30017 RX ua=95 mt=R len=7
PKT t=30022 TX ua=95 mt=P len=0
PKT t=30032 RX ua=95 mt=R len=7
PKT t=30037 TX ua=95 mt=P len=0
PKT t=30047 RX ua=95 mt=R len=7
PKT t=30052 TX ua=95 mt=T len=7
PKT t=30081 TX ua=95 mt=P len=0
PKT t=30090 RX ua=95 mt=R len=7
PKT t=30095 TX ua=95 mt=P len=0
PKT t=30104 RX ua=95 mt=R len=7
PKT t=30109 TX ua=95 mt=P len=0
PKT t=30118 RX ua=95 mt=R len=7
PKT t=30123 TX ua=95 mt=P len=0
PKT t=30132 RX ua=95 mt=R len=7
PKT t=30137 TX ua=95 mt=P len=0
PKT t=30146 RX ua=95 mt=R len=7
PKT t=30151 TX ua=95 mt=P len=0
PKT t=30185 RX ua=95 mt=R len=7
PKT t=30190 TX ua=95 mt=P len=0
PKT t=30199 RX ua=95 mt=R len=7
PKT t=30204 TX ua=95 mt=P len=0
PKT t=30226 RX ua=95 mt=R len=7
PKT t=30231 TX ua=95 mt=P len=0
PKT t=30240 RX ua=95 mt=R len=7
PKT t=30245 TX ua=95 mt=P len=0
PKT t=30254 RX ua=95 mt=R len=7
PKT t=30259 TX ua=95 mt=P len=0
PKT t=30288 RX ua=95 mt=R len=7
PKT t=30293 TX ua=95 mt=T len=7
PKT t=30306 TX ua=95 mt=P len=0
PKT t=30315 RX ua=95 mt=R len=7
PKT t=30320 TX ua=95 mt=P len=0
PKT t=30329 RX ua=95 mt=R len=7
PKT t=30334 TX ua=95 mt=P len=0
PKT t=30343 RX ua=95 mt=R len=7
PKT t=30348 TX ua=95 mt=P len=0
PKT t=30371 RX ua=95 mt=R len=7
PKT t=30376 TX ua=95 mt=P len=0
PKT t=30391 RX ua=95 mt=R len=7
PKT t=30396 TX ua=95 mt=P len=0
PKT t=30405 RX ua=95 mt=R len=7
PKT t=30410 TX ua=95 mt=P len=0
PKT t=30419 RX ua=95 mt=R len=7
PKT t=30424 TX ua=95 mt=P len=0
PKT t=30433 RX ua=95 mt=R len=7
PKT t=30438 TX ua=95 mt=P len=0
PKT t=30447 RX ua=95 mt=R len=7
PKT t=30452 TX ua=95 mt=P len=0
PKT t=30461 RX ua=95 mt=R len=7
PKT t=30466 TX ua=95 mt=P len=0
PKT t=30495 RX ua=95 mt=R len=7
PKT t=30516 TX ua=95 mt=P len=0
PKT t=30525 RX ua=95 mt=R len=7
PKT t=30530 TX ua=95 mt=T len=7
PKT t=30542 TX ua=95 mt=T len=7
PKT t=30554 TX ua=95 mt=P len=0
PKT t=30563 RX ua=95 mt=R len=7
PKT t=30568 TX ua=95 mt=P len=0
PKT t=30597 RX ua=95 mt=R len=7
PKT t=30602 TX ua=95 mt=P len=0
PKT t=30611 RX ua=95 mt=R len=7
PKT t=30616 TX ua=95 mt=P len=0
PKT t=30625 RX ua=95 mt=R len=7
PKT t=30630 TX ua=95 mt=P len=0
PKT t=30639 RX ua=95 mt=R len=7
PKT t=30661 TX ua=95 mt=P len=0
PKT t=30670 RX ua=95 mt=R len=7
PKT t=30675 TX ua=95 mt=P len=0
PKT t=30705 RX ua=95 mt=R len=7
PKT t=30710 TX ua=95 mt=P len=0
PKT t=30719 RX ua=95 mt=R len=7
PKT t=30724 TX ua=95 mt=P len=0
PKT t=30733 RX ua=95 mt=R len=7
PKT t=30738 TX ua=95 mt=P len=0
PKT t=30747 RX ua=95 mt=R len=7
PKT t=30752 TX ua=95 mt=P len=0
PKT t=30761 RX ua=95 mt=R len=7
PKT t=30766 TX ua=95 mt=P len=0
PKT t=30775 RX ua=95 mt=R len=7
PKT t=30780 TX ua=95 mt=P len=0
PKT t=30809 RX ua=95 mt=R len=7
PKT t=30814 TX ua=95 mt=T len=7
PKT t=30826 TX ua=95 mt=P len=0
PKT t=30835 RX ua=95 mt=R len=7
PKT t=30840 TX ua=95 mt=P len=0
PKT t=30849 RX ua=95 mt=R len=7
PKT t=30854 TX ua=95 mt=P len=0
PKT t=30863 RX ua=95 mt=R len=7
PKT t=30868 TX ua=95 mt=P len=0
PKT t=30877 RX ua=95 mt=R len=7
PKT t=30882 TX ua=95 mt=P len=0
PKT t=30911 RX ua=95 mt=R len=7
PKT t=30916 TX ua=95 mt=P len=0
PKT t=30925 RX ua=95 mt=R len=7
PKT t=30930 TX ua=95 mt=P len=0
PKT t=30951 RX ua=95 mt=R len=7
PKT t=31206 TX ua=96 mt=P len=0
PKT t=31464 TX ua=95 mt=P len=0
PKT t=31473 RX ua=95 mt=R len=7
PKT t=31478 TX ua=95 mt=T len=7
PKT t=31490 TX ua=95 mt=P len=0
PKT t=31531 RX ua=95 mt=R len=7
PKT t=31536 TX ua=95 mt=T len=7
PKT t=31548 TX ua=95 mt=P len=0
PKT t=31557 RX ua=95 mt=R len=7
PKT t=31562 TX ua=95 mt=T len=7
PKT t=31574 TX ua=95 mt=P len=0
PKT t=31583 RX ua=95 mt=R len=7
PKT t=31588 TX ua=95 mt=P len=0
PKT t=31617 RX ua=95 mt=R len=7
PKT t=31622 TX ua=95 mt=P len=0
PKT t=31631 RX ua=95 mt=R len=7
PKT t=31636 TX ua=95 mt=P len=0
PKT t=31645 RX ua=95 mt=R len=7
PKT t=31650 TX ua=95 mt=P len=0
PKT t=31676 RX ua=95 mt=R len=7
PKT t=31681 TX ua=95 mt=P len=0
PKT t=31690 RX ua=95 mt=R len=7
PKT t=31695 TX ua=95 mt=P len=0
PKT t=31724 RX ua=95 mt=R len=7
PKT t=31729 TX ua=95 mt=P len=0
PKT t=31738 RX ua=95 mt=R len=7
PKT t=31743 TX ua=95 mt=P len=0
PKT t=31752 RX ua=95 mt=R len=7
PKT t=31757 TX ua=95 mt=P len=0
PKT t=31766 RX ua=95 mt=R len=7
PKT t=31771 TX ua=95 mt=P len=0
PKT t=31780 RX ua=95 mt=R len=7
PKT t=31785 TX ua=95 mt=P len=0
PKT t=31794 RX ua=95 mt=R len=7
PKT t=31799 TX ua=95 mt=P len=0
PKT t=31829 RX ua=95 mt=R len=7
PKT t=31834 TX ua=95 mt=T len=7
PKT t=31846 TX ua=95 mt=P len=0
PKT t=31856 RX ua=95 mt=R len=7
PKT t=31861 TX ua=95 mt=P len=0
PKT t=31871 RX ua=95 mt=R len=7
PKT t=31876 TX ua=95 mt=P len=0
PKT t=31886 RX ua=95 mt=R len=7
PKT t=31891 TX ua=95 mt=P len=0
PKT t=31901 RX ua=95 mt=R len=7
PKT t=31906 TX ua=95 mt=P len=0
PKT t=31935 RX ua=95 mt=R len=7
PKT t=31940 TX ua=95 mt=P len=0
PKT t=31966 RX ua=95 mt=R len=7
PKT t=31971 TX ua=95 mt=P len=0
PKT t=31981 RX ua=95 mt=R len=7
PKT t=31986 TX ua=95 mt=P len=0
PKT t=31996 RX ua=95 mt=R len=7
PKT t=32001 TX ua=95 mt=P len=0
PKT t=32034 RX ua=95 mt=R len=7
PKT t=32039 TX ua=95 mt=P len=0
PKT t=32049 RX ua=95 mt=R len=7
PKT t=32054 TX ua=95 mt=P len=0
PKT t=32064 RX ua=95 mt=R len=7
PKT t=32069 TX ua=95 mt=P len=0
PKT t=32079 RX ua=95 mt=R len=7
PKT t=32084 TX ua=95 mt=T len=7
PKT t=32111 TX ua=95 mt=P len=0
PKT t=32134 RX ua=95 mt=R len=7
PKT t=32139 TX ua=95 mt=P len=0
PKT t=32148 RX ua=95 mt=R len=7
PKT t=32153 TX ua=95 mt=P len=0
PKT t=32162 RX ua=95 mt=R len=7
PKT t=32167 TX ua=95 mt=P len=0
PKT t=32176 RX ua=95 mt=R len=7
PKT t=32181 TX ua=95 mt=P len=0
PKT t=32190 RX ua=95 mt=R len=7
PKT t=32195 TX ua=95 mt=P len=0
PKT t=32204 RX ua=95 mt=R len=7
PKT t=32209 TX ua=95 mt=P len=0
PKT t=32256 RX ua=95 mt=R len=7
PKT t=32261 TX ua=95 mt=P len=0
PKT t=32270 RX ua=95 mt=R len=7
PKT t=32275 TX ua=95 mt=P len=0
PKT t=32284 RX ua=95 mt=R len=7
PKT t=32289 TX ua=95 mt=P len=0
PKT t=32298 RX ua=95 mt=R len=7
PKT t=32303 TX ua=95 mt=P len=0
PKT t=32312 RX ua=95 mt=R len=7
PKT t=32317 TX ua=95 mt=P len=0
PKT t=32346 RX ua=95 mt=R len=7
PKT t=32351 TX ua=95 mt=T len=7
PKT t=32363 TX ua=95 mt=P len=0
PKT t=32372 RX ua=95 mt=R len=7
PKT t=32377 TX ua=95 mt=P len=0
PKT t=32401 RX ua=95 mt=R len=7
PKT t=32406 TX ua=95 mt=P len=0
PKT t=32415 RX ua=95 mt=R len=7
PKT t=32420 TX ua=95 mt=P len=0
PKT t=32449 RX ua=95 mt=R len=7
PKT t=32454 TX ua=95 mt=P len=0
PKT t=32463 RX ua=95 mt=R len=7
PKT t=32468 TX ua=95 mt=P len=0
PKT t=32477 RX ua=95 mt=R len=7
PKT t=32482 TX ua=95 mt=P len=0
PKT t=32491 RX ua=95 mt=R len=7
PKT t=32496 TX ua=95 mt=P len=0
PKT t=32505 RX ua=95 mt=R len=7
PKT t=32510 TX ua=95 mt=P len=0
PKT t=32519 RX ua=95 mt=R len=7
PKT t=32524 TX ua=95 mt=P len=0
PKT t=32554 RX ua=95 mt=R len=7
PKT t=32559 TX ua=95 mt=T len=7
PKT t=32571 TX ua=95 mt=P len=0
PKT t=32580 RX ua=95 mt=R len=7
PKT t=32585 TX ua=95 mt=T len=7
PKT t=32597 TX ua=95 mt=P len=0
PKT t=32607 RX ua=95 mt=R len=7
PKT t=32612 TX ua=95 mt=P len=0
PKT t=32621 RX ua=95 mt=R len=7
PKT t=32626 TX ua=95 mt=P len=0
PKT t=32655 RX ua=95 mt=R len=7
PKT t=32660 TX ua=95 mt=P len=0
PKT t=32669 RX ua=95 mt=R len=7
PKT t=32691 TX ua=95 mt=P len=0
PKT t=32700 RX ua=95 mt=R len=7
PKT t=32705 TX ua=95 mt=P len=0
PKT t=32714 RX ua=95 mt=R len=7
PKT t=32719 TX ua=95 mt=P len=0
PKT t=32728 RX ua=95 mt=R len=7
PKT t=32733 TX ua=95 mt=P len=0
PKT t=32762 RX ua=95 mt=R len=7
PKT t=32767 TX ua=95 mt=P len=0
PKT t=32776 RX ua=95 mt=R len=7
PKT t=32781 TX ua=95 mt=P len=0
PKT t=32790 RX ua=95 mt=R len=7
PKT t=32795 TX ua=95 mt=P len=0
PKT t=32804 RX ua=95 mt=R len=7
PKT t=32809 TX ua=95 mt=P len=0
PKT t=32836 RX ua=95 mt=R len=7
PKT t=32841 TX ua=95 mt=T len=7
PKT t=32853 TX ua=95 mt=P len=0
PKT t=32864 RX ua=95 mt=R len=7
PKT t=32868 TX ua=95 mt=P len=0
PKT t=32877 RX ua=95 mt=R len=7
PKT t=32882 TX ua=95 mt=P len=0
PKT t=32891 RX ua=95 mt=R len=7
PKT t=32896 TX ua=95 mt=P len=0
PKT t=32905 RX ua=95 mt=R len=7
PKT t=32910 TX ua=95 mt=P len=0
PKT t=32919 RX ua=95 mt=R len=7
PKT t=32924 TX ua=95 mt=P len=0
PKT t=32933 RX ua=95 mt=R len=7
PKT t=32938 TX ua=95 mt=P len=0
PKT t=32981 RX ua=95 mt=R len=7
PKT t=32986 TX ua=95 mt=P len=0
PKT t=32995 RX ua=95 mt=R len=7
PKT t=33000 TX ua=95 mt=P len=0
PKT t=33009 RX ua=95 mt=R len=7
PKT t=33014 TX ua=95 mt=P len=0
PKT t=33024 RX ua=95 mt=R len=7
PKT t=33029 TX ua=95 mt=P len=0
PKT t=33038 RX ua=95 mt=R len=7
PKT t=33043 TX ua=95 mt=P len=0
PKT t=33072 RX ua=95 mt=R len=7
PKT t=33077 TX ua=95 mt=P len=0
PKT t=33086 RX ua=95 mt=R len=7
PKT t=33091 TX ua=95 mt=T len=7
PKT t=33103 TX ua=95 mt=P len=0
PKT t=33126 RX ua=95 mt=R len=7
PKT t=33131 TX ua=95 mt=P len=0
PKT t=33140 RX ua=95 mt=R len=7
PKT t=33145 TX ua=95 mt=P len=0
PKT t=33174 RX ua=95 mt=R len=7
PKT t=33179 TX ua=95 mt=P len=0
PKT t=33188 RX ua=95 mt=R len=7
PKT t=33193 TX ua=95 mt=P len=0
PKT t=33202 RX ua=95 mt=R len=7
PKT t=33207 TX ua=95 mt=P len=0
PKT t=33216 RX ua=95 mt=R len=7
PKT t=33221 TX ua=95 mt=P len=0
PKT t=33230 RX ua=95 mt=R len=7
PKT t=33235 TX ua=95 mt=P len=0
PKT t=33244 RX ua=95 mt=R len=7
PKT t=33249 TX ua=95 mt=P len=0
PKT t=33278 RX ua=95 mt=R len=7
PKT t=33283 TX ua=95 mt=P len=0
PKT t=33292 RX ua=95 mt=R len=7
PKT t=33297 TX ua=95 mt=P len=0
PKT t=33306 RX ua=95 mt=R len=7
PKT t=33311 TX ua=95 mt=P len=0
PKT t=33320 RX ua=95 mt=R len=7
PKT t=33325 TX ua=95 mt=P len=0
PKT t=33334 RX ua=95 mt=R len=7
PKT t=33339 TX ua=95 mt=T len=7
PKT t=33351 TX ua=95 mt=P len=0
PKT t=33379 RX ua=95 mt=R len=7
PKT t=33384 TX ua=95 mt=P len=0
PKT t=33393 RX ua=95 mt=R len=7
PKT t=33416 TX ua=95 mt=P len=0
PKT t=33425 RX ua=95 mt=R len=7
PKT t=33430 TX ua=95 mt=P len=0
PKT t=33439 RX ua=95 mt=R len=7
PKT t=33444 TX ua=95 mt=P len=0
PKT t=33453 RX ua=95 mt=R len=7
PKT t=33458 TX ua=95 mt=P len=0
PKT t=33488 RX ua=95 mt=R len=7
PKT t=33493 TX ua=95 mt=P len=0
PKT t=33502 RX ua=95 mt=R len=7
PKT t=33507 TX ua=95 mt=P len=0
PKT t=33516 RX ua=95 mt=R len=7
PKT t=33521 TX ua=95 mt=P len=0
PKT t=33530 RX ua=95 mt=R len=7
PKT t=33535 TX ua=95 mt=P len=0
PKT t=33561 RX ua=95 mt=R len=7
PKT t=33566 TX ua=95 mt=T len=7
PKT t=33578 TX ua=95 mt=P len=0
PKT t=33589 RX ua=95 mt=R len=7
PKT t=33594 TX ua=95 mt=T len=7
PKT t=33606 TX ua=95 mt=P len=0
PKT t=33615 RX ua=95 mt=R len=7
PKT t=33620 TX ua=95 mt=P len=0
PKT t=33629 RX ua=95 mt=R len=7
PKT t=33634 TX ua=95 mt=P len=0
PKT t=33643 RX ua=95 mt=R len=7
PKT t=33648 TX ua=95 mt=P len=0
PKT t=33657 RX ua=95 mt=R len=7
PKT t=33662 TX ua=95 mt=P len=0
PKT t=33706 RX ua=95 mt=R len=7
PKT t=33711 TX ua=95 mt=P len=0
PKT t=33720 RX ua=95 mt=R len=7
PKT t=33725 TX ua=95 mt=P len=0
PKT t=33734 RX ua=95 mt=R len=7
PKT t=33739 TX ua=95 mt=P len=0
PKT t=33748 RX ua=95 mt=R len=7
PKT t=33753 TX ua=95 mt=P len=0
PKT t=33762 RX ua=95 mt=R len=7
PKT t=33767 TX ua=95 mt=P len=0
PKT t=33796 RX ua=95 mt=R len=7
PKT t=33801 TX ua=95 mt=P len=0
PKT t=33810 RX ua=95 mt=R len=7
PKT t=33815 TX ua=95 mt=P len=0
PKT t=33824 RX ua=95 mt=R len=7
PKT t=33829 TX ua=95 mt=P len=0
PKT t=33851 RX ua=95 mt=R len=7
PKT t=33856 TX ua=95 mt=T len=7
PKT t=33868 TX ua=95 mt=P len=0
PKT t=33896 RX ua=95 mt=R len=7
PKT t=33901 TX ua=95 mt=P len=0
PKT t=33911 RX ua=95 mt=R len=7
PKT t=33916 TX ua=95 mt=P len=0
PKT t=33926 RX ua=95 mt=R len=7
PKT t=33931 TX ua=95 mt=P len=0
PKT t=33941 RX ua=95 mt=R len=7
PKT t=33946 TX ua=95 mt=P len=0
PKT t=33956 RX ua=95 mt=R len=7
PKT t=33961 TX ua=95 mt=P len=0
PKT t=33971 RX ua=95 mt=R len=7
PKT t=33976 TX ua=95 mt=P len=0
PKT t=34006 RX ua=95 mt=R len=7
PKT t=34011 TX ua=95 mt=P len=0
PKT t=34021 RX ua=95 mt=R len=7
PKT t=34029 TX ua=95 mt=P len=0
PKT t=34039 RX ua=95 mt=R len=7
PKT t=34044 TX ua=95 mt=P len=0
PKT t=34054 RX ua=95 mt=R len=7
PKT t=34059 TX ua=95 mt=P len=0
PKT t=34069 RX ua=95 mt=R len=7
PKT t=34074 TX ua=95 mt=P len=0
PKT t=34105 RX ua=95 mt=R len=7
PKT t=34110 TX ua=95 mt=T len=7
PKT t=34122 TX ua=95 mt=P len=0
PKT t=34142 RX ua=95 mt=R len=7
PKT t=34397 TX ua=96 mt=P len=0
PKT t=34655 TX ua=95 mt=P len=0
PKT t=34665 RX ua=95 mt=R len=7
PKT t=34670 TX ua=95 mt=T len=7
PKT t=34683 TX ua=95 mt=P len=0
PKT t=34721 RX ua=95 mt=R len=7
PKT t=34726 TX ua=95 mt=T len=7
PKT t=34739 TX ua=95 mt=P len=0
PKT t=34748 RX ua=95 mt=R len=7
PKT t=34753 TX ua=95 mt=P len=0
PKT t=34762 RX ua=95 mt=R len=7
PKT t=34767 TX ua=95 mt=P len=0
PKT t=34776 RX ua=95 mt=R len=7
PKT t=34781 TX ua=95 mt=P len=0
PKT t=34810 RX ua=95 mt=R len=7
PKT t=34815 TX ua=95 mt=P len=0
PKT t=34824 RX ua=95 mt=R len=7
PKT t=34829 TX ua=95 mt=P len=0
PKT t=34838 RX ua=95 mt=R len=7
PKT t=34843 TX ua=95 mt=P len=0
PKT t=34866 RX ua=95 mt=R len=7
PKT t=34871 TX ua=95 mt=T len=7
PKT t=34884 TX ua=95 mt=P len=0
PKT t=34911 RX ua=95 mt=R len=7
PKT t=34916 TX ua=95 mt=P len=0
PKT t=34925 RX ua=95 mt=R len=7
PKT t=34930 TX ua=95 mt=P len=0
PKT t=34939 RX ua=95 mt=R len=7
PKT t=34944 TX ua=95 mt=P len=0
PKT t=34953 RX ua=95 mt=R len=7
PKT t=34958 TX ua=95 mt=P len=0
PKT t=34967 RX ua=95 mt=R len=7
PKT t=34972 TX ua=95 mt=P len=0
PKT t=34981 RX ua=95 mt=R len=7
PKT t=34986 TX ua=95 mt=P len=0
PKT t=35015 RX ua=95 mt=R len=7
PKT t=35020 TX ua=95 mt=P len=0
PKT t=35029 RX ua=95 mt=R len=7
PKT t=35034 TX ua=95 mt=P len=0
PKT t=35043 RX ua=95 mt=R len=7
PKT t=35048 TX ua=95 mt=P len=0
PKT t=35057 RX ua=95 mt=R len=7
PKT t=35062 TX ua=95 mt=P len=0
PKT t=35071 RX ua=95 mt=R len=7
PKT t=35076 TX ua=95 mt=P len=0
PKT t=35085 RX ua=95 mt=R len=7
PKT t=35090 TX ua=95 mt=P len=0
PKT t=35119 RX ua=95 mt=R len=7
PKT t=35124 TX ua=95 mt=T len=7
PKT t=35137 TX ua=95 mt=P len=0
PKT t=35157 RX ua=95 mt=R len=7
PKT t=35412 TX ua=96 mt=P len=0
PKT t=35670 TX ua=95 mt=P len=0
PKT t=35679 RX ua=95 mt=R len=7
PKT t=35684 TX ua=95 mt=T len=7
PKT t=35696 TX ua=95 mt=P len=0
PKT t=35736 RX ua=95 mt=R len=7
PKT t=35741 TX ua=95 mt=P len=0
PKT t=35750 RX ua=95 mt=R len=7
PKT t=35755 TX ua=95 mt=P len=0
PKT t=35764 RX ua=95 mt=R len=7
PKT t=35769 TX ua=95 mt=P len=0
PKT t=35778 RX ua=95 mt=R len=7
PKT t=35783 TX ua=95 mt=P len=0
PKT t=35792 RX ua=95 mt=R len=7
PKT t=35797 TX ua=95 mt=P len=0
PKT t=35826 RX ua=95 mt=R len=7
PKT t=35831 TX ua=95 mt=P len=0
PKT t=35840 RX ua=95 mt=R len=7
PKT t=35845 TX ua=95 mt=P len=0
PKT t=35854 RX ua=95 mt=R len=7
PKT t=35859 TX ua=95 mt=P len=0
PKT t=35881 RX ua=95 mt=R len=7
PKT t=35886 TX ua=95 mt=T len=7
PKT t=35898 TX ua=95 mt=P len=0
PKT t=35926 RX ua=95 mt=R len=7
PKT t=35931 TX ua=95 mt=P len=0
PKT t=35941 RX ua=95 mt=R len=7
PKT t=35946 TX ua=95 mt=P len=0
PKT t=35956 RX ua=95 mt=R len=7
PKT t=35961 TX ua=95 mt=P len=0
PKT t=35971 RX ua=95 mt=R len=7
PKT t=35976 TX ua=95 mt=P len=0
PKT t=35986 RX ua=95 mt=R len=7
PKT t=35991 TX ua=95 mt=P len=0
PKT t=36001 RX ua=95 mt=R len=7
PKT t=36006 TX ua=95 mt=P len=0
PKT t=36035 RX ua=95 mt=R len=7
PKT t=36040 TX ua=95 mt=P len=0
PKT t=36050 RX ua=95 mt=R len=7
PKT t=36055 TX ua=95 mt=P len=0
PKT t=36065 RX ua=95 mt=R len=7
PKT t=36070 TX ua=95 mt=P len=0
PKT t=36080 RX ua=95 mt=R len=7
PKT t=36085 TX ua=95 mt=P len=0
PKT t=36095 RX ua=95 mt=R len=7
PKT t=36100 TX ua=95 mt=P len=0
PKT t=36134 RX ua=95 mt=R len=7
PKT t=36139 TX ua=95 mt=T len=7
PKT t=36151 TX ua=95 mt=P len=0
PKT t=36171 RX ua=95 mt=R len=7
PKT t=36426 TX ua=96 mt=P len=0
PKT t=36684 TX ua=95 mt=P len=0
PKT t=36693 RX ua=95 mt=R len=7
PKT t=36698 TX ua=95 mt=T len=7
PKT t=36710 TX ua=95 mt=P len=0
PKT t=36751 RX ua=95 mt=R len=7
PKT t=36756 TX ua=95 mt=P len=0
PKT t=36765 RX ua=95 mt=R len=7
PKT t=36770 TX ua=95 mt=P len=0
PKT t=36779 RX ua=95 mt=R len=7
PKT t=36784 TX ua=95 mt=P len=0
PKT t=36793 RX ua=95 mt=R len=7
PKT t=36798 TX ua=95 mt=P len=0
PKT t=36807 RX ua=95 mt=R len=7
PKT t=36812 TX ua=95 mt=P len=0
PKT t=36841 RX ua=95 mt=R len=7
PKT t=36846 TX ua=95 mt=P len=0
PKT t=36855 RX ua=95 mt=R len=7
PKT t=36860 TX ua=95 mt=P len=0
PKT t=36869 RX ua=95 mt=R len=7
PKT t=36874 TX ua=95 mt=P len=0
PKT t=36896 RX ua=95 mt=R len=7
PKT t=36901 TX ua=95 mt=T len=7
PKT t=36913 TX ua=95 mt=P len=0
PKT t=36941 RX ua=95 mt=R len=7
PKT t=36946 TX ua=95 mt=P len=0
PKT t=36955 RX ua=95 mt=R len=7
PKT t=36960 TX ua=95 mt=P len=0
PKT t=36969 RX ua=95 mt=R len=7
PKT t=36974 TX ua=95 mt=P len=0
PKT t=36983 RX ua=95 mt=R len=7
PKT t=36988 TX ua=95 mt=P len=0
PKT t=36997 RX ua=95 mt=R len=7
PKT t=37002 TX ua=95 mt=P len=0
PKT t=37011 RX ua=95 mt=R len=7
PKT t=37016 TX ua=95 mt=P len=0
PKT t=37045 RX ua=95 mt=R len=7
PKT t=37050 TX ua=95 mt=P len=0
PKT t=37059 RX ua=95 mt=R len=7
PKT t=37064 TX ua=95 mt=P len=0
PKT t=37073 RX ua=95 mt=R len=7
PKT t=37078 TX ua=95 mt=P len=0
PKT t=37087 RX ua=95 mt=R len=7
PKT t=37092 TX ua=95 mt=P len=0
PKT t=37101 RX ua=95 mt=R len=7
PKT t=37106 TX ua=95 mt=P len=0
PKT t=37115 RX ua=95 mt=R len=7
PKT t=37120 TX ua=95 mt=P len=0
PKT t=37149 RX ua=95 mt=R len=7
PKT t=37154 TX ua=95 mt=T len=7
PKT t=37166 TX ua=95 mt=P len=0
PKT t=37186 RX ua=95 mt=R len=7
