PKT t=7116 RX ua=95 mt=R len=7
PKT t=7121 TX ua=95 mt=T len=7
PKT t=7133 TX ua=95 mt=P len=0
PKT t=7142 RX ua=95 mt=R len=7
PKT t=7147 TX ua=95 mt=P len=0
PKT t=7156 RX ua=95 mt=R len=7
PKT t=7161 TX ua=95 mt=P len=0
PKT t=7170 RX ua=95 mt=R len=7
PKT t=7175 TX ua=95 mt=P len=0
PKT t=7184 RX ua=95 mt=R len=7
PKT t=7189 TX ua=95 mt=P len=0
PKT t=7218 RX ua=95 mt=R len=7
PKT t=7223 TX ua=95 mt=P len=0
PKT t=7232 RX ua=95 mt=R len=7
PKT t=7237 TX ua=95 mt=P len=0
PKT t=7255 RX ua=95 mt=R len=7
PKT t=7260 TX ua=95 mt=P len=0
PKT t=7269 RX ua=95 mt=R len=7
PKT t=7274 TX ua=95 mt=P len=0
PKT t=7283 RX ua=95 mt=R len=7
PKT t=7288 TX ua=95 mt=P len=0
PKT t=7317 RX ua=95 mt=R len=7
PKT t=7322 TX ua=95 mt=P len=0
PKT t=7331 RX ua=95 mt=R len=7
PKT t=7336 TX ua=95 mt=P len=0
PKT t=7345 RX ua=95 mt=R len=7
PKT t=7355 TX ua=95 mt=T len=7
PKT t=7367 TX ua=95 mt=P len=0
PKT t=7377 RX ua=95 mt=R len=7
PKT t=7382 TX ua=95 mt=P len=0
PKT t=7392 RX ua=95 mt=R len=7
PKT t=7397 TX ua=95 mt=P len=0
PKT t=7426 RX ua=95 mt=R len=7
PKT t=7431 TX ua=95 mt=P len=0
PKT t=7441 RX ua=95 mt=R len=7
PKT t=7446 TX ua=95 mt=P len=0
PKT t=7456 RX ua=95 mt=R len=7
PKT t=7461 TX ua=95 mt=P len=0
PKT t=7471 RX ua=95 mt=R len=7
PKT t=7476 TX ua=95 mt=P len=0
PKT t=7486 RX ua=95 mt=R len=7
PKT t=7491 TX ua=95 mt=P len=0
PKT t=7501 RX ua=95 mt=R len=7
PKT t=7506 TX ua=95 mt=P len=0
PKT t=7535 RX ua=95 mt=R len=7
PKT t=7540 TX ua=95 mt=P len=0
PKT t=7555 RX ua=95 mt=R len=7
PKT t=7560 TX ua=95 mt=P len=0
PKT t=7570 RX ua=95 mt=R len=7
PKT t=7575 TX ua=95 mt=P len=0
PKT t=7585 RX ua=95 mt=R len=7
PKT t=7590 TX ua=95 mt=P len=0
PKT t=7600 RX ua=95 mt=R len=7
PKT t=7605 TX ua=95 mt=T len=7
PKT t=7617 TX ua=95 mt=P len=0
PKT t=7636 RX ua=95 mt=R len=7
PKT t=7641 TX ua=95 mt=P len=0
PKT t=7655 RX ua=95 mt=R len=7
PKT t=7660 TX ua=95 mt=P len=0
PKT t=7669 RX ua=95 mt=R len=7
PKT t=7674 TX ua=95 mt=P len=0
PKT t=7683 RX ua=95 mt=R len=7
PKT t=7688 TX ua=95 mt=P len=0
PKT t=7697 RX ua=95 mt=R len=7
PKT t=7702 TX ua=95 mt=P len=0
PKT t=7734 RX ua=95 mt=R len=7
PKT t=7739 TX ua=95 mt=P len=0
PKT t=7755 RX ua=95 mt=R len=7
PKT t=7760 TX ua=95 mt=P len=0
PKT t=7769 RX ua=95 mt=R len=7
PKT t=7774 TX ua=95 mt=P len=0
PKT t=7783 RX ua=95 mt=R len=7
PKT t=7788 TX ua=95 mt=P len=0
PKT t=7797 RX ua=95 mt=R len=7
PKT t=7802 TX ua=95 mt=P len=0
PKT t=7834 RX ua=95 mt=R len=7
PKT t=7839 TX ua=95 mt=P len=0
PKT t=7855 RX ua=95 mt=R len=7
PKT t=7860 TX ua=95 mt=T len=7
PKT t=7872 TX ua=95 mt=P len=0
PKT t=7881 RX ua=95 mt=R len=7
PKT t=7886 TX ua=95 mt=P len=0
PKT t=7895 RX ua=95 mt=R len=7
PKT t=7900 TX ua=95 mt=P len=0
PKT t=7909 RX ua=95 mt=R len=7
PKT t=7914 TX ua=95 mt=P len=0
PKT t=7943 RX ua=95 mt=R len=7
PKT t=7955 TX ua=95 mt=P len=0
PKT t=7964 RX ua=95 mt=R len=7
PKT t=7969 TX ua=95 mt=P len=0
PKT t=7978 RX ua=95 mt=R len=7
PKT t=7983 TX ua=95 mt=P len=0
PKT t=7992 RX ua=95 mt=R len=7
PKT t=7997 TX ua=95 mt=P len=0
PKT t=8008 RX ua=95 mt=R len=7
PKT t=8013 TX ua=95 mt=P len=0
PKT t=8043 RX ua=95 mt=R len=7
PKT t=8055 TX ua=95 mt=P len=0
PKT t=8064 RX ua=95 mt=R len=7
PKT t=8069 TX ua=95 mt=P len=0
PKT t=8078 RX ua=95 mt=R len=7
PKT t=8083 TX ua=95 mt=P len=0
PKT t=8092 RX ua=95 mt=R len=7
PKT t=8097 TX ua=95 mt=P len=0
PKT t=8106 RX ua=95 mt=R len=7
PKT t=8111 TX ua=95 mt=T len=7
PKT t=8123 TX ua=95 mt=P len=0
PKT t=8144 RX ua=95 mt=R len=7
PKT t=8155 TX ua=95 mt=P len=0
PKT t=8164 RX ua=95 mt=R len=7
PKT t=8169 TX ua=95 mt=P len=0
PKT t=8178 RX ua=95 mt=R len=7
PKT t=8183 TX ua=95 mt=P len=0
PKT t=8192 RX ua=95 mt=R len=7
PKT t=8197 TX ua=95 mt=P len=0
PKT t=8206 RX ua=95 mt=R len=7
PKT t=8211 TX ua=95 mt=P len=0
PKT t=8242 RX ua=95 mt=R len=7
PKT t=8247 TX ua=95 mt=P len=0
PKT t=8256 RX ua=95 mt=R len=7
PKT t=8261 TX ua=95 mt=P len=0
PKT t=8270 RX ua=95 mt=R len=7
PKT t=8275 TX ua=95 mt=P len=0
PKT t=8284 RX ua=95 mt=R len=7
PKT t=8289 TX ua=95 mt=P len=0
PKT t=8298 RX ua=95 mt=R len=7
PKT t=8303 TX ua=95 mt=P len=0
PKT t=8312 RX ua=95 mt=R len=7
PKT t=8317 TX ua=95 mt=P len=0
PKT t=8346 RX ua=95 mt=R len=7
PKT t=8355 TX ua=95 mt=T len=7
PKT t=8367 TX ua=95 mt=P len=0
PKT t=8376 RX ua=95 mt=R len=7
PKT t=8381 TX ua=95 mt=P len=0
PKT t=8390 RX ua=95 mt=R len=7
PKT t=8395 TX ua=95 mt=P len=0
PKT t=8404 RX ua=95 mt=R len=7
PKT t=8409 TX ua=95 mt=P len=0
PKT t=8418 RX ua=95 mt=R len=7
PKT t=8423 TX ua=95 mt=P len=0
PKT t=8455 RX ua=95 mt=R len=7
PKT t=8460 TX ua=95 mt=P len=0
PKT t=8469 RX ua=95 mt=R len=7
PKT t=8474 TX ua=95 mt=P len=0
PKT t=8483 RX ua=95 mt=R len=7
PKT t=8488 TX ua=95 mt=P len=0
PKT t=8497 RX ua=95 mt=R len=7
PKT t=8502 TX ua=95 mt=P len=0
PKT t=8511 RX ua=95 mt=R len=7
PKT t=8516 TX ua=95 mt=P len=0
PKT t=8525 RX ua=95 mt=R len=7
PKT t=8530 TX ua=95 mt=P len=0
PKT t=8560 RX ua=95 mt=R len=7
PKT t=8564 TX ua=95 mt=P len=0
PKT t=8573 RX ua=95 mt=R len=7
PKT t=8578 TX ua=95 mt=P len=0
PKT t=8587 RX ua=95 mt=R len=7
PKT t=8592 TX ua=95 mt=P len=0
PKT t=8601 RX ua=95 mt=R len=7
PKT t=8606 TX ua=95 mt=T len=7
PKT t=8618 TX ua=95 mt=P len=0
PKT t=8627 RX ua=95 mt=R len=7
PKT t=8632 TX ua=95 mt=P len=0
PKT t=8661 RX ua=95 mt=R len=7
PKT t=8666 TX ua=95 mt=P len=0
PKT t=8675 RX ua=95 mt=R len=7
PKT t=8680 TX ua=95 mt=P len=0
PKT t=8689 RX ua=95 mt=R len=7
PKT t=8694 TX ua=95 mt=P len=0
PKT t=8703 RX ua=95 mt=R len=7
PKT t=8708 TX ua=95 mt=P len=0
PKT t=8717 RX ua=95 mt=R len=7
PKT t=8722 TX ua=95 mt=P len=0
PKT t=8731 RX ua=95 mt=R len=7
PKT t=8736 TX ua=95 mt=P len=0
PKT t=8765 RX ua=95 mt=R len=7
PKT t=8770 TX ua=95 mt=P len=0
PKT t=8779 RX ua=95 mt=R len=7
PKT t=8784 TX ua=95 mt=P len=0
PKT t=8793 RX ua=95 mt=R len=7
PKT t=8798 TX ua=95 mt=P len=0
PKT t=8807 RX ua=95 mt=R len=7
PKT t=8812 TX ua=95 mt=P len=0
PKT t=8821 RX ua=95 mt=R len=7
PKT t=8826 TX ua=95 mt=P len=0
PKT t=8835 RX ua=95 mt=R len=7
PKT t=8840 TX ua=95 mt=P len=0
PKT t=8869 RX ua=95 mt=R len=7
PKT t=8874 TX ua=95 mt=T len=7
PKT t=8886 TX ua=95 mt=P len=0
PKT t=8895 RX ua=95 mt=R len=7
PKT t=8900 TX ua=95 mt=P len=0
PKT t=8909 RX ua=95 mt=R len=7
PKT t=8914 TX ua=95 mt=P len=0
PKT t=8923 RX ua=95 mt=R len=7
PKT t=8928 TX ua=95 mt=P len=0
PKT t=8937 RX ua=95 mt=R len=7
PKT t=8942 TX ua=95 mt=P len=0
PKT t=8971 RX ua=95 mt=R len=7
PKT t=8976 TX ua=95 mt=P len=0
PKT t=8985 RX ua=95 mt=R len=7
PKT t=8990 TX ua=95 mt=P len=0
PKT t=8999 RX ua=95 mt=R len=7
PKT t=9004 TX ua=95 mt=P len=0
PKT t=9013 RX ua=95 mt=R len=7
PKT t=9018 TX ua=95 mt=P len=0
PKT t=9027 RX ua=95 mt=R len=7
PKT t=9032 TX ua=95 mt=P len=0
PKT t=9041 RX ua=95 mt=R len=7
PKT t=9046 TX ua=95 mt=P len=0
PKT t=9075 RX ua=95 mt=R len=7
PKT t=9080 TX ua=95 mt=P len=0
PKT t=9089 RX ua=95 mt=R len=7
PKT t=9094 TX ua=95 mt=P len=0
PKT t=9103 RX ua=95 mt=R len=7
PKT t=9108 TX ua=95 mt=T len=7
PKT t=9120 TX ua=95 mt=P len=0
PKT t=9129 RX ua=95 mt=R len=7
PKT t=9134 TX ua=95 mt=P len=0
PKT t=9143 RX ua=95 mt=R len=7
PKT t=9155 TX ua=95 mt=P len=0
PKT t=9177 RX ua=95 mt=R len=7
PKT t=9182 TX ua=95 mt=P len=0
PKT t=9191 RX ua=95 mt=R len=7
PKT t=9196 TX ua=95 mt=P len=0
PKT t=9205 RX ua=95 mt=R len=7
PKT t=9210 TX ua=95 mt=P len=0
PKT t=9219 RX ua=95 mt=R len=7
PKT t=9224 TX ua=95 mt=P len=0
PKT t=9233 RX ua=95 mt=R len=7
PKT t=9238 TX ua=95 mt=P len=0
PKT t=9255 RX ua=95 mt=R len=7
PKT t=9260 TX ua=95 mt=P len=0
PKT t=9281 RX ua=95 mt=R len=7
PKT t=9286 TX ua=95 mt=P len=0
PKT t=9295 RX ua=95 mt=R len=7
PKT t=9300 TX ua=95 mt=P len=0
PKT t=9309 RX ua=95 mt=R len=7
PKT t=9314 TX ua=95 mt=P len=0
PKT t=9323 RX ua=95 mt=R len=7
PKT t=9328 TX ua=95 mt=P len=0
PKT t=9337 RX ua=95 mt=R len=7
PKT t=9342 TX ua=95 mt=P len=0
PKT t=9355 RX ua=95 mt=R len=7
PKT t=9360 TX ua=95 mt=T len=7
PKT t=9372 TX ua=95 mt=P len=0
PKT t=9387 RX ua=95 mt=R len=7
PKT t=9392 TX ua=95 mt=P len=0
PKT t=9402 RX ua=95 mt=R len=7
PKT t=9407 TX ua=95 mt=P len=0
PKT t=9417 RX ua=95 mt=R len=7
PKT t=9422 TX ua=95 mt=P len=0
PKT t=9432 RX ua=95 mt=R len=7
PKT t=9437 TX ua=95 mt=P len=0
PKT t=9455 RX ua=95 mt=R len=7
PKT t=9460 TX ua=95 mt=P len=0
PKT t=9484 RX ua=95 mt=R len=7
PKT t=9489 TX ua=95 mt=P len=0
PKT t=9499 RX ua=95 mt=R len=7
PKT t=9504 TX ua=95 mt=P len=0
PKT t=9514 RX ua=95 mt=R len=7
PKT t=9519 TX ua=95 mt=P len=0
PKT t=9529 RX ua=95 mt=R len=7
PKT t=9534 TX ua=95 mt=P len=0
PKT t=9544 RX ua=95 mt=R len=7
PKT t=9555 TX ua=95 mt=P len=0
PKT t=9585 RX ua=95 mt=R len=7
PKT t=9590 TX ua=95 mt=P len=0
PKT t=9600 RX ua=95 mt=R len=7
PKT t=9605 TX ua=95 mt=T len=7
PKT t=9617 TX ua=95 mt=P len=0
PKT t=9626 RX ua=95 mt=R len=7
PKT t=9631 TX ua=95 mt=P len=0
PKT t=9640 RX ua=95 mt=R len=7
PKT t=9645 TX ua=95 mt=P len=0
PKT t=9655 RX ua=95 mt=R len=7
PKT t=9910 TX ua=96 mt=P len=0
PKT t=10168 TX ua=95 mt=P len=0
PKT t=10177 RX ua=95 mt=R len=7
PKT t=10182 TX ua=95 mt=T len=7
PKT t=10195 TX ua=95 mt=P len=0
PKT t=10204 RX ua=95 mt=R len=7
PKT t=10209 TX ua=95 mt=T len=7
PKT t=10222 TX ua=95 mt=P len=0
PKT t=10231 RX ua=95 mt=R len=7
PKT t=10236 TX ua=95 mt=P len=0
PKT t=10245 RX ua=95 mt=R len=7
PKT t=10255 TX ua=95 mt=P len=0
PKT t=10289 RX ua=95 mt=R len=7
PKT t=10294 TX ua=95 mt=P len=0
PKT t=10303 RX ua=95 mt=R len=7
PKT t=10308 TX ua=95 mt=P len=0
PKT t=10317 RX ua=95 mt=R len=7
PKT t=10322 TX ua=95 mt=P len=0
PKT t=10331 RX ua=95 mt=R len=7
PKT t=10336 TX ua=95 mt=P len=0
PKT t=10345 RX ua=95 mt=R len=7
PKT t=10355 TX ua=95 mt=T len=7
PKT t=10368 TX ua=95 mt=P len=0
PKT t=10390 RX ua=95 mt=R len=7
PKT t=10395 TX ua=95 mt=P len=0
PKT t=10404 RX ua=95 mt=R len=7
PKT t=10409 TX ua=95 mt=P len=0
PKT t=10418 RX ua=95 mt=R len=7
PKT t=10423 TX ua=95 mt=P len=0
PKT t=10432 RX ua=95 mt=R len=7
PKT t=10437 TX ua=95 mt=P len=0
PKT t=10446 RX ua=95 mt=R len=7
PKT t=10455 TX ua=95 mt=P len=0
PKT t=10488 RX ua=95 mt=R len=7
PKT t=10493 TX ua=95 mt=P len=0
PKT t=10502 RX ua=95 mt=R len=7
PKT t=10507 TX ua=95 mt=P len=0
PKT t=10516 RX ua=95 mt=R len=7
PKT t=10521 TX ua=95 mt=P len=0
PKT t=10530 RX ua=95 mt=R len=7
PKT t=10535 TX ua=95 mt=P len=0
PKT t=10544 RX ua=95 mt=R len=7
PKT t=10555 TX ua=95 mt=P len=0
PKT t=10588 RX ua=95 mt=R len=7
PKT t=10593 TX ua=95 mt=P len=0
PKT t=10602 RX ua=95 mt=R len=7
PKT t=10607 TX ua=95 mt=T len=7
PKT t=10620 TX ua=95 mt=P len=0
PKT t=10629 RX ua=95 mt=R len=7
PKT t=10634 TX ua=95 mt=P len=0
PKT t=10643 RX ua=95 mt=R len=7
PKT t=10655 TX ua=95 mt=P len=0
PKT t=10688 RX ua=95 mt=R len=7
PKT t=10693 TX ua=95 mt=P len=0
PKT t=10702 RX ua=95 mt=R len=7
PKT t=10707 TX ua=95 mt=P len=0
PKT t=10716 RX ua=95 mt=R len=7
PKT t=10721 TX ua=95 mt=P len=0
PKT t=10730 RX ua=95 mt=R len=7
PKT t=10735 TX ua=95 mt=P len=0
PKT t=10744 RX ua=95 mt=R len=7
PKT t=10755 TX ua=95 mt=P len=0
PKT t=10788 RX ua=95 mt=R len=7
PKT t=10793 TX ua=95 mt=P len=0
PKT t=10802 RX ua=95 mt=R len=7
PKT t=10807 TX ua=95 mt=P len=0
PKT t=10816 RX ua=95 mt=R len=7
PKT t=10821 TX ua=95 mt=P len=0
PKT t=10830 RX ua=95 mt=R len=7
PKT t=10835 TX ua=95 mt=P len=0
PKT t=10844 RX ua=95 mt=R len=7
PKT t=10855 TX ua=95 mt=T len=7
PKT t=10868 TX ua=95 mt=P len=0
PKT t=10890 RX ua=95 mt=R len=7
PKT t=10895 TX ua=95 mt=P len=0
PKT t=10904 RX ua=95 mt=R len=7
PKT t=10909 TX ua=95 mt=P len=0
PKT t=10918 RX ua=95 mt=R len=7
PKT t=10923 TX ua=95 mt=P len=0
PKT t=10932 RX ua=95 mt=R len=7
PKT t=10937 TX ua=95 mt=P len=0
PKT t=10946 RX ua=95 mt=R len=7
PKT t=10955 TX ua=95 mt=P len=0
PKT t=10988 RX ua=95 mt=R len=7
PKT t=10993 TX ua=95 mt=P len=0
PKT t=11003 RX ua=95 mt=R len=7
PKT t=11008 TX ua=95 mt=P len=0
PKT t=11017 RX ua=95 mt=R len=7
PKT t=11022 TX ua=95 mt=P len=0
PKT t=11031 RX ua=95 mt=R len=7
PKT t=11036 TX ua=95 mt=P len=0
PKT t=11045 RX ua=95 mt=R len=7
PKT t=11055 TX ua=95 mt=P len=0
PKT t=11088 RX ua=95 mt=R len=7
PKT t=11093 TX ua=95 mt=P len=0
PKT t=11102 RX ua=95 mt=R len=7
PKT t=11107 TX ua=95 mt=T len=7
PKT t=11119 TX ua=95 mt=P len=0
PKT t=11128 RX ua=95 mt=R len=7
PKT t=11133 TX ua=95 mt=P len=0
PKT t=11143 RX ua=95 mt=R len=7
PKT t=11155 TX ua=95 mt=P len=0
PKT t=11189 RX ua=95 mt=R len=7
PKT t=11193 TX ua=95 mt=P len=0
PKT t=11202 RX ua=95 mt=R len=7
PKT t=11207 TX ua=95 mt=P len=0
PKT t=11216 RX ua=95 mt=R len=7
PKT t=11221 TX ua=95 mt=P len=0
PKT t=11230 RX ua=95 mt=R len=7
PKT t=11235 TX ua=95 mt=P len=0
PKT t=11244 RX ua=95 mt=R len=7
PKT t=11255 TX ua=95 mt=P len=0
PKT t=11288 RX ua=95 mt=R len=7
PKT t=11293 TX ua=95 mt=P len=0
PKT t=11302 RX ua=95 mt=R len=7
PKT t=11307 TX ua=95 mt=P len=0
PKT t=11316 RX ua=95 mt=R len=7
PKT t=11321 TX ua=95 mt=P len=0
PKT t=11330 RX ua=95 mt=R len=7
PKT t=11335 TX ua=95 mt=P len=0
PKT t=11344 RX ua=95 mt=R len=7
PKT t=11355 TX ua=95 mt=T len=7
PKT t=11367 TX ua=95 mt=P len=0
PKT t=11390 RX ua=95 mt=R len=7
PKT t=11395 TX ua=95 mt=P len=0
PKT t=11405 RX ua=95 mt=R len=7
PKT t=11410 TX ua=95 mt=P len=0
PKT t=11420 RX ua=95 mt=R len=7
PKT t=11425 TX ua=95 mt=P len=0
PKT t=11435 RX ua=95 mt=R len=7
PKT t=11440 TX ua=95 mt=P len=0
PKT t=11455 RX ua=95 mt=R len=7
PKT t=11460 TX ua=95 mt=P len=0
PKT t=11488 RX ua=95 mt=R len=7
PKT t=11493 TX ua=95 mt=P len=0
PKT t=11503 RX ua=95 mt=R len=7
PKT t=11508 TX ua=95 mt=P len=0
PKT t=11518 RX ua=95 mt=R len=7
PKT t=11523 TX ua=95 mt=P len=0
PKT t=11533 RX ua=95 mt=R len=7
PKT t=11538 TX ua=95 mt=P len=0
PKT t=11555 RX ua=95 mt=R len=7
PKT t=11560 TX ua=95 mt=P len=0
PKT t=11588 RX ua=95 mt=R len=7
PKT t=11593 TX ua=95 mt=P len=0
PKT t=11603 RX ua=95 mt=R len=7
PKT t=11608 TX ua=95 mt=T len=7
PKT t=11620 TX ua=95 mt=P len=0
PKT t=11629 RX ua=95 mt=R len=7
PKT t=11634 TX ua=95 mt=P len=0
PKT t=11643 RX ua=95 mt=R len=7
PKT t=11655 TX ua=95 mt=P len=0
PKT t=11688 RX ua=95 mt=R len=7
PKT t=11693 TX ua=95 mt=P len=0
PKT t=11702 RX ua=95 mt=R len=7
PKT t=11707 TX ua=95 mt=P len=0
PKT t=11716 RX ua=95 mt=R len=7
PKT t=11721 TX ua=95 mt=P len=0
PKT t=11730 RX ua=95 mt=R len=7
PKT t=11735 TX ua=95 mt=P len=0
PKT t=11744 RX ua=95 mt=R len=7
PKT t=11755 TX ua=95 mt=P len=0
PKT t=11788 RX ua=95 mt=R len=7
PKT t=11793 TX ua=95 mt=P len=0
PKT t=11802 RX ua=95 mt=R len=7
PKT t=11807 TX ua=95 mt=P len=0
PKT t=11816 RX ua=95 mt=R len=7
PKT t=11821 TX ua=95 mt=P len=0
PKT t=11830 RX ua=95 mt=R len=7
PKT t=11835 TX ua=95 mt=P len=0
PKT t=11844 RX ua=95 mt=R len=7
PKT t=11855 TX ua=95 mt=T len=7
PKT t=11867 TX ua=95 mt=P len=0
PKT t=11890 RX ua=95 mt=R len=7
PKT t=11895 TX ua=95 mt=P len=0
PKT t=11904 RX ua=95 mt=R len=7
PKT t=11909 TX ua=95 mt=P len=0
PKT t=11918 RX ua=95 mt=R len=7
PKT t=11923 TX ua=95 mt=P len=0
PKT t=11932 RX ua=95 mt=R len=7
PKT t=11937 TX ua=95 mt=P len=0
PKT t=11946 RX ua=95 mt=R len=7
PKT t=11955 TX ua=95 mt=P len=0
PKT t=11988 RX ua=95 mt=R len=7
PKT t=11993 TX ua=95 mt=P len=0
PKT t=12002 RX ua=95 mt=R len=7
PKT t=12010 TX ua=95 mt=P len=0
PKT t=12019 RX ua=95 mt=R len=7
PKT t=12024 TX ua=95 mt=P len=0
PKT t=12033 RX ua=95 mt=R len=7
PKT t=12038 TX ua=95 mt=P len=0
PKT t=12055 RX ua=95 mt=R len=7
PKT t=12060 TX ua=95 mt=P len=0
PKT t=12088 RX ua=95 mt=R len=7
PKT t=12093 TX ua=95 mt=P len=0
PKT t=12102 RX ua=95 mt=R len=7
PKT t=12107 TX ua=95 mt=T len=7
PKT t=12119 TX ua=95 mt=P len=0
PKT t=12128 RX ua=95 mt=R len=7
PKT t=12133 TX ua=95 mt=P len=0
PKT t=12142 RX ua=95 mt=R len=7
PKT t=12147 TX ua=95 mt=P len=0
PKT t=12156 RX ua=95 mt=R len=7
PKT t=12161 TX ua=95 mt=P len=0
PKT t=12190 RX ua=95 mt=R len=7
PKT t=12195 TX ua=95 mt=P len=0
PKT t=12204 RX ua=95 mt=R len=7
PKT t=12209 TX ua=95 mt=P len=0
PKT t=12218 RX ua=95 mt=R len=7
PKT t=12223 TX ua=95 mt=P len=0
PKT t=12233 RX ua=95 mt=R len=7
PKT t=12238 TX ua=95 mt=P len=0
PKT t=12255 RX ua=95 mt=R len=7
PKT t=12260 TX ua=95 mt=P len=0
PKT t=12291 RX ua=95 mt=R len=7
PKT t=12296 TX ua=95 mt=P len=0
PKT t=12305 RX ua=95 mt=R len=7
PKT t=12310 TX ua=95 mt=P len=0
PKT t=12319 RX ua=95 mt=R len=7
PKT t=12324 TX ua=95 mt=P len=0
PKT t=12333 RX ua=95 mt=R len=7
PKT t=12338 TX ua=95 mt=P len=0
PKT t=12355 RX ua=95 mt=R len=7
PKT t=12360 TX ua=95 mt=T len=7
PKT t=12372 TX ua=95 mt=P len=0
PKT t=12392 RX ua=95 mt=R len=7
PKT t=12397 TX ua=95 mt=P len=0
PKT t=12406 RX ua=95 mt=R len=7
PKT t=12411 TX ua=95 mt=P len=0
PKT t=12420 RX ua=95 mt=R len=7
PKT t=12425 TX ua=95 mt=P len=0
PKT t=12434 RX ua=95 mt=R len=7
PKT t=12439 TX ua=95 mt=P len=0
PKT t=12455 RX ua=95 mt=R len=7
PKT t=12460 TX ua=95 mt=P len=0
PKT t=12491 RX ua=95 mt=R len=7
PKT t=12496 TX ua=95 mt=P len=0
PKT t=12505 RX ua=95 mt=R len=7
PKT t=12510 TX ua=95 mt=P len=0
PKT t=12519 RX ua=95 mt=R len=7
PKT t=12524 TX ua=95 mt=P len=0
PKT t=12533 RX ua=95 mt=R len=7
PKT t=12538 TX ua=95 mt=P len=0
PKT t=12555 RX ua=95 mt=R len=7
PKT t=12560 TX ua=95 mt=P len=0
PKT t=12590 RX ua=95 mt=R len=7
PKT t=12595 TX ua=95 mt=P len=0
PKT t=12604 RX ua=95 mt=R len=7
PKT t=12609 TX ua=95 mt=T len=7
PKT t=12621 TX ua=95 mt=P len=0
PKT t=12630 RX ua=95 mt=R len=7
PKT t=12635 TX ua=95 mt=P len=0
PKT t=12644 RX ua=95 mt=R len=7
PKT t=12655 TX ua=95 mt=P len=0
PKT t=12665 RX ua=95 mt=R len=7
PKT t=12670 TX ua=95 mt=P len=0
PKT t=12698 RX ua=95 mt=R len=7
PKT t=12703 TX ua=95 mt=P len=0
PKT t=12712 RX ua=95 mt=R len=7
PKT t=12717 TX ua=95 mt=P len=0
PKT t=12726 RX ua=95 mt=R len=7
PKT t=12731 TX ua=95 mt=P len=0
PKT t=12740 RX ua=95 mt=R len=7
PKT t=12745 TX ua=95 mt=P len=0
PKT t=12755 RX ua=95 mt=R len=7
PKT t=13010 TX ua=96 mt=I len=13
PKT t=13518 TX ua=96 mt=T len=4
PKT t=13529 TX ua=95 mt=P len=0
PKT t=13538 RX ua=95 mt=R len=7
PKT t=13543 TX ua=95 mt=T len=7
PKT t=13562 TX ua=95 mt=P len=0
PKT t=13572 RX ua=95 mt=R len=7
PKT t=13577 TX ua=95 mt=P len=0
PKT t=13606 RX ua=95 mt=R len=7
PKT t=13611 TX ua=95 mt=T len=7
PKT t=13624 TX ua=95 mt=P len=0
PKT t=13633 RX ua=95 mt=R len=7
PKT t=13638 TX ua=95 mt=P len=0
PKT t=13655 RX ua=95 mt=R len=7
PKT t=13660 TX ua=95 mt=P len=0
PKT t=13669 RX ua=95 mt=R len=7
PKT t=13674 TX ua=95 mt=P len=0
PKT t=13705 RX ua=95 mt=R len=7
PKT t=13710 TX ua=95 mt=P len=0
PKT t=13719 RX ua=95 mt=R len=7
PKT t=13724 TX ua=95 mt=P len=0
PKT t=13733 RX ua=95 mt=R len=7
PKT t=13738 TX ua=95 mt=P len=0
PKT t=13755 RX ua=95 mt=R len=7
PKT t=13760 TX ua=95 mt=P len=0
PKT t=13769 RX ua=95 mt=R len=7
PKT t=13774 TX ua=95 mt=P len=0
PKT t=13806 RX ua=95 mt=R len=7
PKT t=13811 TX ua=95 mt=P len=0
PKT t=13820 RX ua=95 mt=R len=7
PKT t=13825 TX ua=95 mt=P len=0
PKT t=13834 RX ua=95 mt=R len=7
PKT t=13839 TX ua=95 mt=P len=0
PKT t=13855 RX ua=95 mt=R len=7
PKT t=13860 TX ua=95 mt=T len=7
PKT t=13873 TX ua=95 mt=P len=0
PKT t=13906 RX ua=95 mt=R len=7
PKT t=13911 TX ua=95 mt=P len=0
PKT t=13920 RX ua=95 mt=R len=7
PKT t=13925 TX ua=95 mt=P len=0
PKT t=13934 RX ua=95 mt=R len=7
PKT t=13939 TX ua=95 mt=P len=0
PKT t=13955 RX ua=95 mt=R len=7
PKT t=13960 TX ua=95 mt=P len=0
PKT t=13969 RX ua=95 mt=R len=7
PKT t=13974 TX ua=95 mt=P len=0
PKT t=14005 RX ua=95 mt=R len=7
PKT t=14011 TX ua=95 mt=P len=0
PKT t=14021 RX ua=95 mt=R len=7
PKT t=14026 TX ua=95 mt=P len=0
PKT t=14035 RX ua=95 mt=R len=7
PKT t=14040 TX ua=95 mt=P len=0
PKT t=14055 RX ua=95 mt=R len=7
PKT t=14060 TX ua=95 mt=P len=0
PKT t=14069 RX ua=95 mt=R len=7
PKT t=14074 TX ua=95 mt=P len=0
PKT t=14105 RX ua=95 mt=R len=7
PKT t=14110 TX ua=95 mt=T len=7
PKT t=14122 TX ua=95 mt=P len=0
PKT t=14131 RX ua=95 mt=R len=7
PKT t=14136 TX ua=95 mt=P len=0
PKT t=14145 RX ua=95 mt=R len=7
PKT t=14155 TX ua=95 mt=P len=0
PKT t=14164 RX ua=95 mt=R len=7
PKT t=14169 TX ua=95 mt=P len=0
PKT t=14178 RX ua=95 mt=R len=7
PKT t=14183 TX ua=95 mt=P len=0
PKT t=14212 RX ua=95 mt=R len=7
PKT t=14217 TX ua=95 mt=P len=0
PKT t=14226 RX ua=95 mt=R len=7
PKT t=14231 TX ua=95 mt=P len=0
PKT t=14240 RX ua=95 mt=R len=7
PKT t=14245 TX ua=95 mt=P len=0
PKT t=14255 RX ua=95 mt=R len=7
PKT t=14510 TX ua=96 mt=P len=0
PKT t=14768 TX ua=95 mt=P len=0
PKT t=14777 RX ua=95 mt=R len=7
PKT t=14782 TX ua=95 mt=T len=7
PKT t=14794 TX ua=95 mt=P len=0
PKT t=14813 RX ua=95 mt=R len=7
PKT t=14818 TX ua=95 mt=P len=0
PKT t=14827 RX ua=95 mt=R len=7
PKT t=14832 TX ua=95 mt=P len=0
PKT t=14841 RX ua=95 mt=R len=7
PKT t=14846 TX ua=95 mt=P len=0
PKT t=14855 RX ua=95 mt=R len=7
PKT t=14860 TX ua=95 mt=T len=7
PKT t=14872 TX ua=95 mt=P len=0
PKT t=14881 RX ua=95 mt=R len=7
PKT t=14886 TX ua=95 mt=P len=0
PKT t=14915 RX ua=95 mt=R len=7
PKT t=14920 TX ua=95 mt=P len=0
PKT t=14929 RX ua=95 mt=R len=7
PKT t=14934 TX ua=95 mt=P len=0
PKT t=14943 RX ua=95 mt=R len=7
PKT t=14955 TX ua=95 mt=P len=0
PKT t=14964 RX ua=95 mt=R len=7
PKT t=14969 TX ua=95 mt=P len=0
PKT t=14978 RX ua=95 mt=R len=7
PKT t=14983 TX ua=95 mt=P len=0
PKT t=15014 RX ua=95 mt=R len=7
PKT t=15019 TX ua=95 mt=P len=0
PKT t=15028 RX ua=95 mt=R len=7
PKT t=15033 TX ua=95 mt=P len=0
PKT t=15042 RX ua=95 mt=R len=7
PKT t=15047 TX ua=95 mt=P len=0
PKT t=15056 RX ua=95 mt=R len=7
PKT t=15061 TX ua=95 mt=P len=0
PKT t=15070 RX ua=95 mt=R len=7
PKT t=15075 TX ua=95 mt=P len=0
PKT t=15084 RX ua=95 mt=R len=7
PKT t=15089 TX ua=95 mt=P len=0
PKT t=15118 RX ua=95 mt=R len=7
PKT t=15123 TX ua=95 mt=T len=7
PKT t=15135 TX ua=95 mt=P len=0
PKT t=15144 RX ua=95 mt=R len=7
PKT t=15155 TX ua=95 mt=P len=0
PKT t=15164 RX ua=95 mt=R len=7
PKT t=15169 TX ua=95 mt=P len=0
PKT t=15178 RX ua=95 mt=R len=7
PKT t=15183 TX ua=95 mt=P len=0
PKT t=15192 RX ua=95 mt=R len=7
PKT t=15197 TX ua=95 mt=P len=0
PKT t=15226 RX ua=95 mt=R len=7
PKT t=15231 TX ua=95 mt=P len=0
PKT t=15240 RX ua=95 mt=R len=7
PKT t=15245 TX ua=95 mt=P len=0
PKT t=15255 RX ua=95 mt=R len=7
PKT t=15510 TX ua=96 mt=P len=0
PKT t=15768 TX ua=95 mt=P len=0
PKT t=15777 RX ua=95 mt=R len=7
PKT t=15782 TX ua=95 mt=T len=7
PKT t=15794 TX ua=95 mt=P len=0
PKT t=15825 RX ua=95 mt=R len=7
PKT t=15830 TX ua=95 mt=P len=0
PKT t=15839 RX ua=95 mt=R len=7
PKT t=15844 TX ua=95 mt=P len=0
PKT t=15855 RX ua=95 mt=R len=7
PKT t=15860 TX ua=95 mt=T len=7
PKT t=15872 TX ua=95 mt=P len=0
PKT t=15881 RX ua=95 mt=R len=7
PKT t=15886 TX ua=95 mt=P len=0
PKT t=15895 RX ua=95 mt=R len=7
PKT t=15900 TX ua=95 mt=P len=0
PKT t=15929 RX ua=95 mt=R len=7
PKT t=15934 TX ua=95 mt=P len=0
PKT t=15943 RX ua=95 mt=R len=7
PKT t=15955 TX ua=95 mt=P len=0
PKT t=15964 RX ua=95 mt=R len=7
PKT t=15969 TX ua=95 mt=P len=0
PKT t=15978 RX ua=95 mt=R len=7
PKT t=15983 TX ua=95 mt=P len=0
PKT t=15992 RX ua=95 mt=R len=7
PKT t=15997 TX ua=95 mt=P len=0
PKT t=16028 RX ua=95 mt=R len=7
PKT t=16033 TX ua=95 mt=P len=0
PKT t=16042 RX ua=95 mt=R len=7
PKT t=16047 TX ua=95 mt=P len=0
PKT t=16056 RX ua=95 mt=R len=7
PKT t=16061 TX ua=95 mt=P len=0
PKT t=16070 RX ua=95 mt=R len=7
PKT t=16075 TX ua=95 mt=P len=0
PKT t=16084 RX ua=95 mt=R len=7
PKT t=16089 TX ua=95 mt=P len=0
PKT t=16098 RX ua=95 mt=R len=7
PKT t=16103 TX ua=95 mt=T len=7
PKT t=16115 TX ua=95 mt=P len=0
PKT t=16138 RX ua=95 mt=R len=7
PKT t=16143 TX ua=95 mt=P len=0
PKT t=16155 RX ua=95 mt=R len=7
PKT t=16160 TX ua=95 mt=P len=0
PKT t=16169 RX ua=95 mt=R len=7
PKT t=16174 TX ua=95 mt=P len=0
PKT t=16183 RX ua=95 mt=R len=7
PKT t=16188 TX ua=95 mt=P len=0
PKT t=16197 RX ua=95 mt=R len=7
PKT t=16202 TX ua=95 mt=P len=0
PKT t=16231 RX ua=95 mt=R len=7
PKT t=16236 TX ua=95 mt=P len=0
PKT t=16245 RX ua=95 mt=R len=7
PKT t=16255 TX ua=95 mt=P len=0
PKT t=16264 RX ua=95 mt=R len=7
PKT t=16269 TX ua=95 mt=P len=0
PKT t=16278 RX ua=95 mt=R len=7
PKT t=16283 TX ua=95 mt=P len=0
PKT t=16292 RX ua=95 mt=R len=7
PKT t=16297 TX ua=95 mt=P len=0
PKT t=16306 RX ua=95 mt=R len=7
PKT t=16311 TX ua=95 mt=P len=0
PKT t=16340 RX ua=95 mt=R len=7
PKT t=16345 TX ua=95 mt=P len=0
PKT t=16355 RX ua=95 mt=R len=7
PKT t=16610 TX ua=96 mt=P len=0
PKT t=16868 TX ua=95 mt=P len=0
PKT t=16877 RX ua=95 mt=R len=7
PKT t=16882 TX ua=95 mt=T len=7
PKT t=16894 TX ua=95 mt=P len=0
PKT t=16903 RX ua=95 mt=R len=7
PKT t=16908 TX ua=95 mt=P len=0
PKT t=16940 RX ua=95 mt=R len=7
PKT t=16944 TX ua=95 mt=P len=0
PKT t=16955 RX ua=95 mt=R len=7
PKT t=16960 TX ua=95 mt=P len=0
PKT t=16969 RX ua=95 mt=R len=7
PKT t=16974 TX ua=95 mt=P len=0
PKT t=16983 RX ua=95 mt=R len=7
PKT t=16988 TX ua=95 mt=P len=0
PKT t=16997 RX ua=95 mt=R len=7
PKT t=17002 TX ua=95 mt=P len=0
PKT t=17011 RX ua=95 mt=R len=7
PKT t=17016 TX ua=95 mt=P len=0
PKT t=17045 RX ua=95 mt=R len=7
PKT t=17055 TX ua=95 mt=P len=0
PKT t=17064 RX ua=95 mt=R len=7
PKT t=17069 TX ua=95 mt=P len=0
PKT t=17078 RX ua=95 mt=R len=7
PKT t=17083 TX ua=95 mt=P len=0
PKT t=17092 RX ua=95 mt=R len=7
PKT t=17097 TX ua=95 mt=P len=0
PKT t=17106 RX ua=95 mt=R len=7
PKT t=17111 TX ua=95 mt=T len=7
PKT t=17123 TX ua=95 mt=P len=0
PKT t=17146 RX ua=95 mt=R len=7
PKT t=17155 TX ua=95 mt=P len=0
PKT t=17164 RX ua=95 mt=R len=7
PKT t=17169 TX ua=95 mt=P len=0
PKT t=17178 RX ua=95 mt=R len=7
PKT t=17183 TX ua=95 mt=P len=0
PKT t=17192 RX ua=95 mt=R len=7
PKT t=17197 TX ua=95 mt=P len=0
PKT t=17206 RX ua=95 mt=R len=7
PKT t=17211 TX ua=95 mt=P len=0
PKT t=17244 RX ua=95 mt=R len=7
PKT t=17255 TX ua=95 mt=P len=0
PKT t=17264 RX ua=95 mt=R len=7
PKT t=17269 TX ua=95 mt=P len=0
PKT t=17278 RX ua=95 mt=R len=7
PKT t=17283 TX ua=95 mt=P len=0
PKT t=17292 RX ua=95 mt=R len=7
PKT t=17297 TX ua=95 mt=P len=0
PKT t=17306 RX ua=95 mt=R len=7
PKT t=17311 TX ua=95 mt=P len=0
PKT t=17344 RX ua=95 mt=R len=7
PKT t=17355 TX ua=95 mt=T len=7
PKT t=17367 TX ua=95 mt=P len=0
PKT t=17377 RX ua=95 mt=R len=7
PKT t=17382 TX ua=95 mt=P len=0
PKT t=17392 RX ua=95 mt=R len=7
PKT t=17397 TX ua=95 mt=P len=0
PKT t=17407 RX ua=95 mt=R len=7
PKT t=17412 TX ua=95 mt=P len=0
PKT t=17444 RX ua=95 mt=R len=7
PKT t=17455 TX ua=95 mt=P len=0
PKT t=17465 RX ua=95 mt=R len=7
PKT t=17470 TX ua=95 mt=P len=0
PKT t=17480 RX ua=95 mt=R len=7
PKT t=17485 TX ua=95 mt=P len=0
PKT t=17495 RX ua=95 mt=R len=7
PKT t=17500 TX ua=95 mt=P len=0
PKT t=17510 RX ua=95 mt=R len=7
PKT t=17515 TX ua=95 mt=P len=0
PKT t=17544 RX ua=95 mt=R len=7
PKT t=17555 TX ua=95 mt=P len=0
PKT t=17565 RX ua=95 mt=R len=7
PKT t=17570 TX ua=95 mt=P len=0
PKT t=17580 RX ua=95 mt=R len=7
PKT t=17585 TX ua=95 mt=P len=0
PKT t=17595 RX ua=95 mt=R len=7
PKT t=17600 TX ua=95 mt=T len=7
PKT t=17612 TX ua=95 mt=P len=0
PKT t=17644 RX ua=95 mt=R len=7
PKT t=17655 TX ua=95 mt=P len=0
PKT t=17664 RX ua=95 mt=R len=7
PKT t=17669 TX ua=95 mt=P len=0
PKT t=17678 RX ua=95 mt=R len=7
PKT t=17683 TX ua=95 mt=P len=0
PKT t=17692 RX ua=95 mt=R len=7
PKT t=17697 TX ua=95 mt=P len=0
PKT t=17706 RX ua=95 mt=R len=7
PKT t=17711 TX ua=95 mt=P len=0
PKT t=17744 RX ua=95 mt=R len=7
PKT t=17755 TX ua=95 mt=P len=0
PKT t=17764 RX ua=95 mt=R len=7
PKT t=17769 TX ua=95 mt=P len=0
PKT t=17778 RX ua=95 mt=R len=7
PKT t=17783 TX ua=95 mt=P len=0
PKT t=17792 RX ua=95 mt=R len=7
PKT t=17797 TX ua=95 mt=P len=0
PKT t=17806 RX ua=95 mt=R len=7
PKT t=17811 TX ua=95 mt=P len=0
PKT t=17844 RX ua=95 mt=R len=7
PKT t=17855 TX ua=95 mt=T len=7
PKT t=17867 TX ua=95 mt=P len=0
PKT t=17876 RX ua=95 mt=R len=7
PKT t=17881 TX ua=95 mt=P len=0
PKT t=17890 RX ua=95 mt=R len=7
PKT t=17895 TX ua=95 mt=P len=0
PKT t=17904 RX ua=95 mt=R len=7
PKT t=17909 TX ua=95 mt=P len=0
PKT t=17918 RX ua=95 mt=R len=7
PKT t=17923 TX ua=95 mt=P len=0
PKT t=17955 RX ua=95 mt=R len=7
PKT t=17960 TX ua=95 mt=P len=0
PKT t=17969 RX ua=95 mt=R len=7
PKT t=17974 TX ua=95 mt=P len=0
PKT t=17983 RX ua=95 mt=R len=7
PKT t=17988 TX ua=95 mt=P len=0
PKT t=17997 RX ua=95 mt=R len=7
PKT t=18002 TX ua=95 mt=P len=0
PKT t=18013 RX ua=95 mt=R len=7
PKT t=18018 TX ua=95 mt=P len=0
PKT t=18055 RX ua=95 mt=R len=7
PKT t=18060 TX ua=95 mt=P len=0
PKT t=18069 RX ua=95 mt=R len=7
PKT t=18074 TX ua=95 mt=P len=0
PKT t=18083 RX ua=95 mt=R len=7
PKT t=18088 TX ua=95 mt=P len=0
PKT t=18097 RX ua=95 mt=R len=7
PKT t=18102 TX ua=95 mt=T len=7
PKT t=18115 TX ua=95 mt=P len=0
PKT t=18124 RX ua=95 mt=R len=7
PKT t=18129 TX ua=95 mt=T len=7
PKT t=18142 TX ua=95 mt=P len=0
PKT t=18164 RX ua=95 mt=R len=7
PKT t=18169 TX ua=95 mt=P len=0
PKT t=18178 RX ua=95 mt=R len=7
PKT t=18183 TX ua=95 mt=P len=0
PKT t=18192 RX ua=95 mt=R len=7
PKT t=18197 TX ua=95 mt=P len=0
PKT t=18206 RX ua=95 mt=R len=7
PKT t=18211 TX ua=95 mt=P len=0
PKT t=18220 RX ua=95 mt=R len=7
PKT t=18225 TX ua=95 mt=P len=0
PKT t=18257 RX ua=95 mt=R len=7
PKT t=18262 TX ua=95 mt=P len=0
PKT t=18271 RX ua=95 mt=R len=7
PKT t=18276 TX ua=95 mt=P len=0
PKT t=18285 RX ua=95 mt=R len=7
PKT t=18290 TX ua=95 mt=P len=0
PKT t=18299 RX ua=95 mt=R len=7
PKT t=18304 TX ua=95 mt=P len=0
PKT t=18313 RX ua=95 mt=R len=7
PKT t=18318 TX ua=95 mt=P len=0
PKT t=18327 RX ua=95 mt=R len=7
PKT t=18332 TX ua=95 mt=P len=0
PKT t=18361 RX ua=95 mt=R len=7
PKT t=18366 TX ua=95 mt=T len=7
PKT t=18379 TX ua=95 mt=P len=0
PKT t=18388 RX ua=95 mt=R len=7
PKT t=18393 TX ua=95 mt=P len=0
PKT t=18402 RX ua=95 mt=R len=7
PKT t=18407 TX ua=95 mt=P len=0
PKT t=18416 RX ua=95 mt=R len=7
PKT t=18421 TX ua=95 mt=P len=0
PKT t=18430 RX ua=95 mt=R len=7
PKT t=18435 TX ua=95 mt=P len=0
PKT t=18464 RX ua=95 mt=R len=7
PKT t=18469 TX ua=95 mt=P len=0
PKT t=18478 RX ua=95 mt=R len=7
PKT t=18483 TX ua=95 mt=P len=0
PKT t=18492 RX ua=95 mt=R len=7
PKT t=18497 TX ua=95 mt=P len=0
PKT t=18506 RX ua=95 mt=R len=7
PKT t=18511 TX ua=95 mt=P len=0
PKT t=18520 RX ua=95 mt=R len=7
PKT t=18525 TX ua=95 mt=P len=0
PKT t=18534 RX ua=95 mt=R len=7
PKT t=18539 TX ua=95 mt=P len=0
PKT t=18568 RX ua=95 mt=R len=7
PKT t=18573 TX ua=95 mt=P len=0
PKT t=18582 RX ua=95 mt=R len=7
PKT t=18587 TX ua=95 mt=P len=0
PKT t=18596 RX ua=95 mt=R len=7
PKT t=18601 TX ua=95 mt=T len=7
PKT t=18614 TX ua=95 mt=P len=0
PKT t=18623 RX ua=95 mt=R len=7
PKT t=18628 TX ua=95 mt=P len=0
PKT t=18637 RX ua=95 mt=R len=7
PKT t=18642 TX ua=95 mt=P len=0
PKT t=18671 RX ua=95 mt=R len=7
PKT t=18676 TX ua=95 mt=P len=0
PKT t=18685 RX ua=95 mt=R len=7
PKT t=18690 TX ua=95 mt=P len=0
PKT t=18699 RX ua=95 mt=R len=7
PKT t=18704 TX ua=95 mt=P len=0
PKT t=18713 RX ua=95 mt=R len=7
PKT t=18718 TX ua=95 mt=P len=0
PKT t=18727 RX ua=95 mt=R len=7
PKT t=18732 TX ua=95 mt=P len=0
PKT t=18741 RX ua=95 mt=R len=7
PKT t=18746 TX ua=95 mt=P len=0
PKT t=18775 RX ua=95 mt=R len=7
PKT t=18780 TX ua=95 mt=P len=0
PKT t=18789 RX ua=95 mt=R len=7
PKT t=18794 TX ua=95 mt=P len=0
PKT t=18803 RX ua=95 mt=R len=7
PKT t=18808 TX ua=95 mt=P len=0
PKT t=18817 RX ua=95 mt=R len=7
PKT t=18822 TX ua=95 mt=P len=0
PKT t=18831 RX ua=95 mt=R len=7
PKT t=18836 TX ua=95 mt=P len=0
PKT t=18845 RX ua=95 mt=R len=7
PKT t=18855 TX ua=95 mt=T len=7
PKT t=18868 TX ua=95 mt=P len=0
PKT t=18881 RX ua=95 mt=R len=7
PKT t=18886 TX ua=95 mt=P len=0
PKT t=18895 RX ua=95 mt=R len=7
PKT t=18900 TX ua=95 mt=P len=0
PKT t=18909 RX ua=95 mt=R len=7
PKT t=18914 TX ua=95 mt=P len=0
PKT t=18923 RX ua=95 mt=R len=7
PKT t=18928 TX ua=95 mt=P len=0
PKT t=18937 RX ua=95 mt=R len=7
PKT t=18942 TX ua=95 mt=P len=0
PKT t=18955 RX ua=95 mt=R len=7
PKT t=18960 TX ua=95 mt=P len=0
PKT t=18985 RX ua=95 mt=R len=7
PKT t=18990 TX ua=95 mt=P len=0
PKT t=18999 RX ua=95 mt=R len=7
PKT t=19004 TX ua=95 mt=P len=0
PKT t=19013 RX ua=95 mt=R len=7
PKT t=19018 TX ua=95 mt=P len=0
PKT t=19027 RX ua=95 mt=R len=7
PKT t=19032 TX ua=95 mt=P len=0
PKT t=19041 RX ua=95 mt=R len=7
PKT t=19046 TX ua=95 mt=P len=0
PKT t=19055 RX ua=95 mt=R len=7
PKT t=19060 TX ua=95 mt=P len=0
PKT t=19089 RX ua=95 mt=R len=7
PKT t=19094 TX ua=95 mt=P len=0
PKT t=19103 RX ua=95 mt=R len=7
PKT t=19108 TX ua=95 mt=T len=7
PKT t=19120 TX ua=95 mt=P len=0
PKT t=19129 RX ua=95 mt=R len=7
PKT t=19134 TX ua=95 mt=P len=0
PKT t=19143 RX ua=95 mt=R len=7
PKT t=19155 TX ua=95 mt=P len=0
PKT t=19188 RX ua=95 mt=R len=7
PKT t=19193 TX ua=95 mt=P len=0
PKT t=19202 RX ua=95 mt=R len=7
PKT t=19207 TX ua=95 mt=P len=0
PKT t=19216 RX ua=95 mt=R len=7
PKT t=19221 TX ua=95 mt=P len=0
PKT t=19230 RX ua=95 mt=R len=7
PKT t=19235 TX ua=95 mt=P len=0
PKT t=19244 RX ua=95 mt=R len=7
PKT t=19255 TX ua=95 mt=P len=0
PKT t=19288 RX ua=95 mt=R len=7
PKT t=19293 TX ua=95 mt=P len=0
PKT t=19302 RX ua=95 mt=R len=7
PKT t=19307 TX ua=95 mt=P len=0
PKT t=19316 RX ua=95 mt=R len=7
PKT t=19321 TX ua=95 mt=P len=0
PKT t=19330 RX ua=95 mt=R len=7
PKT t=19335 TX ua=95 mt=P len=0
PKT t=19344 RX ua=95 mt=R len=7
PKT t=19355 TX ua=95 mt=T len=7
PKT t=19367 TX ua=95 mt=P len=0
PKT t=19391 RX ua=95 mt=R len=7
PKT t=19395 TX ua=95 mt=P len=0
PKT t=19405 RX ua=95 mt=R len=7
PKT t=19410 TX ua=95 mt=P len=0
PKT t=19420 RX ua=95 mt=R len=7
PKT t=19425 TX ua=95 mt=P len=0
PKT t=19435 RX ua=95 mt=R len=7
PKT t=19440 TX ua=95 mt=P len=0
PKT t=19455 RX ua=95 mt=R len=7
PKT t=19460 TX ua=95 mt=P len=0
PKT t=19489 RX ua=95 mt=R len=7
PKT t=19494 TX ua=95 mt=P len=0
PKT t=19504 RX ua=95 mt=R len=7
PKT t=19509 TX ua=95 mt=P len=0
PKT t=19519 RX ua=95 mt=R len=7
PKT t=19524 TX ua=95 mt=P len=0
PKT t=19534 RX ua=95 mt=R len=7
PKT t=19539 TX ua=95 mt=P len=0
PKT t=19555 RX ua=95 mt=R len=7
PKT t=19560 TX ua=95 mt=P len=0
PKT t=19589 RX ua=95 mt=R len=7
PKT t=19594 TX ua=95 mt=P len=0
PKT t=19604 RX ua=95 mt=R len=7
PKT t=19609 TX ua=95 mt=T len=7
PKT t=19621 TX ua=95 mt=P len=0
PKT t=19630 RX ua=95 mt=R len=7
PKT t=19635 TX ua=95 mt=P len=0
PKT t=19644 RX ua=95 mt=R len=7
PKT t=19655 TX ua=95 mt=P len=0
PKT t=19689 RX ua=95 mt=R len=7
PKT t=19693 TX ua=95 mt=P len=0
PKT t=19702 RX ua=95 mt=R len=7
PKT t=19707 TX ua=95 mt=P len=0
PKT t=19716 RX ua=95 mt=R len=7
PKT t=19721 TX ua=95 mt=P len=0
PKT t=19730 RX ua=95 mt=R len=7
PKT t=19735 TX ua=95 mt=P len=0
PKT t=19744 RX ua=95 mt=R len=7
PKT t=19755 TX ua=95 mt=P len=0
PKT t=19788 RX ua=95 mt=R len=7
PKT t=19793 TX ua=95 mt=P len=0
PKT t=19802 RX ua=95 mt=R len=7
PKT t=19807 TX ua=95 mt=P len=0
PKT t=19816 RX ua=95 mt=R len=7
PKT t=19821 TX ua=95 mt=P len=0
PKT t=19830 RX ua=95 mt=R len=7
PKT t=19835 TX ua=95 mt=P len=0
PKT t=19844 RX ua=95 mt=R len=7
PKT t=19855 TX ua=95 mt=T len=7
PKT t=19867 TX ua=95 mt=P len=0
PKT t=19890 RX ua=95 mt=R len=7
PKT t=19895 TX ua=95 mt=P len=0
PKT t=19904 RX ua=95 mt=R len=7
PKT t=19909 TX ua=95 mt=P len=0
PKT t=19918 RX ua=95 mt=R len=7
PKT t=19923 TX ua=95 mt=P len=0
PKT t=19932 RX ua=95 mt=R len=7
PKT t=19937 TX ua=95 mt=P len=0
PKT t=19946 RX ua=95 mt=R len=7
PKT t=19955 TX ua=95 mt=P len=0
PKT t=19988 RX ua=95 mt=R len=7
PKT t=19993 TX ua=95 mt=P len=0
PKT t=20002 RX ua=95 mt=R len=7
PKT t=20007 TX ua=95 mt=P len=0
PKT t=20016 RX ua=95 mt=R len=7
PKT t=20021 TX ua=95 mt=P len=0
PKT t=20030 RX ua=95 mt=R len=7
PKT t=20035 TX ua=95 mt=P len=0
PKT t=20044 RX ua=95 mt=R len=7
PKT t=20055 TX ua=95 mt=P len=0
PKT t=20088 RX ua=95 mt=R len=7
PKT t=20093 TX ua=95 mt=P len=0
PKT t=20102 RX ua=95 mt=R len=7
PKT t=20107 TX ua=95 mt=T len=7
PKT t=20119 TX ua=95 mt=P len=0
PKT t=20128 RX ua=95 mt=R len=7
PKT t=20133 TX ua=95 mt=P len=0
PKT t=20142 RX ua=95 mt=R len=7
PKT t=20147 TX ua=95 mt=P len=0
PKT t=20156 RX ua=95 mt=R len=7
PKT t=20161 TX ua=95 mt=P len=0
PKT t=20194 RX ua=95 mt=R len=7
PKT t=20199 TX ua=95 mt=P len=0
PKT t=20208 RX ua=95 mt=R len=7
PKT t=20213 TX ua=95 mt=P len=0
PKT t=20222 RX ua=95 mt=R len=7
PKT t=20227 TX ua=95 mt=P len=0
PKT t=20236 RX ua=95 mt=R len=7
PKT t=20241 TX ua=95 mt=P len=0
PKT t=20255 RX ua=95 mt=R len=7
PKT t=20260 TX ua=95 mt=P len=0
PKT t=20289 RX ua=95 mt=R len=7
PKT t=20294 TX ua=95 mt=P len=0
PKT t=20303 RX ua=95 mt=R len=7
PKT t=20308 TX ua=95 mt=P len=0
PKT t=20317 RX ua=95 mt=R len=7
PKT t=20322 TX ua=95 mt=P len=0
PKT t=20331 RX ua=95 mt=R len=7
PKT t=20336 TX ua=95 mt=P len=0
PKT t=20345 RX ua=95 mt=R len=7
PKT t=20355 TX ua=95 mt=T len=7
PKT t=20367 TX ua=95 mt=P len=0
PKT t=20395 RX ua=95 mt=R len=7
PKT t=20400 TX ua=95 mt=P len=0
PKT t=20409 RX ua=95 mt=R len=7
PKT t=20414 TX ua=95 mt=P len=0
PKT t=20423 RX ua=95 mt=R len=7
PKT t=20428 TX ua=95 mt=P len=0
PKT t=20437 RX ua=95 mt=R len=7
PKT t=20442 TX ua=95 mt=P len=0
PKT t=20455 RX ua=95 mt=R len=7
PKT t=20460 TX ua=95 mt=P len=0
PKT t=20469 RX ua=95 mt=R len=7
PKT t=20474 TX ua=95 mt=P len=0
PKT t=20503 RX ua=95 mt=R len=7
PKT t=20508 TX ua=95 mt=P len=0
PKT t=20517 RX ua=95 mt=R len=7
PKT t=20522 TX ua=95 mt=P len=0
PKT t=20531 RX ua=95 mt=R len=7
PKT t=20536 TX ua=95 mt=P len=0
PKT t=20545 RX ua=95 mt=R len=7
PKT t=20555 TX ua=95 mt=P len=0
PKT t=20564 RX ua=95 mt=R len=7
PKT t=20569 TX ua=95 mt=P len=0
PKT t=20602 RX ua=95 mt=R len=7
PKT t=20607 TX ua=95 mt=T len=7
PKT t=20619 TX ua=95 mt=P len=0
PKT t=20628 RX ua=95 mt=R len=7
PKT t=20633 TX ua=95 mt=P len=0
PKT t=20642 RX ua=95 mt=R len=7
PKT t=20647 TX ua=95 mt=P len=0
PKT t=20656 RX ua=95 mt=R len=7
PKT t=20661 TX ua=95 mt=P len=0
PKT t=20670 RX ua=95 mt=R len=7
PKT t=20675 TX ua=95 mt=P len=0
PKT t=20704 RX ua=95 mt=R len=7
PKT t=20709 TX ua=95 mt=P len=0
PKT t=20718 RX ua=95 mt=R len=7
PKT t=20723 TX ua=95 mt=P len=0
PKT t=20732 RX ua=95 mt=R len=7
PKT t=20737 TX ua=95 mt=P len=0
PKT t=20746 RX ua=95 mt=R len=7
PKT t=20755 TX ua=95 mt=P len=0
PKT t=20764 RX ua=95 mt=R len=7
PKT t=20769 TX ua=95 mt=P len=0
PKT t=20778 RX ua=95 mt=R len=7
PKT t=20783 TX ua=95 mt=P len=0
PKT t=20812 RX ua=95 mt=R len=7
PKT t=20817 TX ua=95 mt=P len=0
PKT t=20826 RX ua=95 mt=R len=7
PKT t=20831 TX ua=95 mt=P len=0
PKT t=20840 RX ua=95 mt=R len=7
PKT t=20845 TX ua=95 mt=P len=0
PKT t=20855 RX ua=95 mt=R len=7
PKT t=21110 TX ua=96 mt=P len=0
PKT t=21368 TX ua=95 mt=P len=0
PKT t=21377 RX ua=95 mt=R len=7
PKT t=21382 TX ua=95 mt=T len=7
PKT t=21395 TX ua=95 mt=P len=0
PKT t=21413 RX ua=95 mt=R len=7
PKT t=21418 TX ua=95 mt=P len=0
PKT t=21428 RX ua=95 mt=R len=7
PKT t=21433 TX ua=95 mt=P len=0
PKT t=21443 RX ua=95 mt=R len=7
PKT t=21455 TX ua=95 mt=P len=0
PKT t=21465 RX ua=95 mt=R len=7
PKT t=21470 TX ua=95 mt=P len=0
PKT t=21480 RX ua=95 mt=R len=7
PKT t=21485 TX ua=95 mt=P len=0
PKT t=21514 RX ua=95 mt=R len=7
PKT t=21519 TX ua=95 mt=P len=0
PKT t=21529 RX ua=95 mt=R len=7
PKT t=21534 TX ua=95 mt=P len=0
PKT t=21544 RX ua=95 mt=R len=7
PKT t=21555 TX ua=95 mt=P len=0
PKT t=21565 RX ua=95 mt=R len=7
PKT t=21570 TX ua=95 mt=P len=0
PKT t=21580 RX ua=95 mt=R len=7
PKT t=21585 TX ua=95 mt=P len=0
PKT t=21614 RX ua=95 mt=R len=7
PKT t=21619 TX ua=95 mt=T len=7
PKT t=21632 TX ua=95 mt=P len=0
PKT t=21641 RX ua=95 mt=R len=7
PKT t=21646 TX ua=95 mt=P len=0
PKT t=21655 RX ua=95 mt=R len=7
PKT t=21660 TX ua=95 mt=P len=0
PKT t=21669 RX ua=95 mt=R len=7
PKT t=21674 TX ua=95 mt=P len=0
PKT t=21683 RX ua=95 mt=R len=7
PKT t=21688 TX ua=95 mt=P len=0
PKT t=21717 RX ua=95 mt=R len=7
PKT t=21722 TX ua=95 mt=P len=0
PKT t=21731 RX ua=95 mt=R len=7
PKT t=21736 TX ua=95 mt=P len=0
PKT t=21745 RX ua=95 mt=R len=7
PKT t=21755 TX ua=95 mt=P len=0
PKT t=21764 RX ua=95 mt=R len=7
PKT t=21769 TX ua=95 mt=P len=0
PKT t=21778 RX ua=95 mt=R len=7
PKT t=21783 TX ua=95 mt=P len=0
PKT t=21816 RX ua=95 mt=R len=7
PKT t=21821 TX ua=95 mt=P len=0
PKT t=21830 RX ua=95 mt=R len=7
PKT t=21835 TX ua=95 mt=P len=0
PKT t=21844 RX ua=95 mt=R len=7
PKT t=21855 TX ua=95 mt=T len=7
PKT t=21868 TX ua=95 mt=P len=0
PKT t=21877 RX ua=95 mt=R len=7
PKT t=21882 TX ua=95 mt=P len=0
PKT t=21891 RX ua=95 mt=R len=7
PKT t=21896 TX ua=95 mt=P len=0
PKT t=21925 RX ua=95 mt=R len=7
PKT t=21930 TX ua=95 mt=P len=0
PKT t=21939 RX ua=95 mt=R len=7
PKT t=21944 TX ua=95 mt=P len=0
PKT t=21955 RX ua=95 mt=R len=7
PKT t=21960 TX ua=95 mt=P len=0
PKT t=21969 RX ua=95 mt=R len=7
PKT t=21974 TX ua=95 mt=P len=0
PKT t=21983 RX ua=95 mt=R len=7
PKT t=21988 TX ua=95 mt=P len=0
PKT t=21997 RX ua=95 mt=R len=7
PKT t=22002 TX ua=95 mt=P len=0
PKT t=22031 RX ua=95 mt=R len=7
PKT t=22036 TX ua=95 mt=P len=0
PKT t=22045 RX ua=95 mt=R len=7
PKT t=22055 TX ua=95 mt=P len=0
PKT t=22064 RX ua=95 mt=R len=7
PKT t=22069 TX ua=95 mt=P len=0
PKT t=22078 RX ua=95 mt=R len=7
PKT t=22083 TX ua=95 mt=P len=0
PKT t=22092 RX ua=95 mt=R len=7
PKT t=22097 TX ua=95 mt=P len=0
PKT t=22130 RX ua=95 mt=R len=7
PKT t=22135 TX ua=95 mt=T len=7
PKT t=22147 TX ua=95 mt=P len=0
PKT t=22156 RX ua=95 mt=R len=7
PKT t=22161 TX ua=95 mt=P len=0
PKT t=22170 RX ua=95 mt=R len=7
PKT t=22175 TX ua=95 mt=P len=0
PKT t=22184 RX ua=95 mt=R len=7
PKT t=22189 TX ua=95 mt=P len=0
PKT t=22198 RX ua=95 mt=R len=7
PKT t=22203 TX ua=95 mt=P len=0
PKT t=22232 RX ua=95 mt=R len=7
PKT t=22237 TX ua=95 mt=P len=0
PKT t=22246 RX ua=95 mt=R len=7
PKT t=22255 TX ua=95 mt=P len=0
PKT t=22264 RX ua=95 mt=R len=7
PKT t=22269 TX ua=95 mt=P len=0
PKT t=22278 RX ua=95 mt=R len=7
PKT t=22283 TX ua=95 mt=P len=0
PKT t=22292 RX ua=95 mt=R len=7
PKT t=22297 TX ua=95 mt=P len=0
PKT t=22306 RX ua=95 mt=R len=7
PKT t=22311 TX ua=95 mt=P len=0
PKT t=22340 RX ua=95 mt=R len=7
PKT t=22345 TX ua=95 mt=P len=0
PKT t=22355 RX ua=95 mt=R len=7
PKT t=22610 TX ua=96 mt=P len=0
PKT t=22868 TX ua=95 mt=P len=0
PKT t=22877 RX ua=95 mt=R len=7
PKT t=22882 TX ua=95 mt=T len=7
PKT t=22894 TX ua=95 mt=P len=0
PKT t=22903 RX ua=95 mt=R len=7
PKT t=22908 TX ua=95 mt=P len=0
PKT t=22939 RX ua=95 mt=R len=7
PKT t=22944 TX ua=95 mt=P len=0
PKT t=22955 RX ua=95 mt=R len=7
PKT t=22960 TX ua=95 mt=P len=0
PKT t=22969 RX ua=95 mt=R len=7
PKT t=22974 TX ua=95 mt=P len=0
PKT t=22983 RX ua=95 mt=R len=7
PKT t=22988 TX ua=95 mt=P len=0
PKT t=22997 RX ua=95 mt=R len=7
PKT t=23002 TX ua=95 mt=P len=0
PKT t=23011 RX ua=95 mt=R len=7
PKT t=23016 TX ua=95 mt=P len=0
PKT t=23045 RX ua=95 mt=R len=7
PKT t=23055 TX ua=95 mt=P len=0
PKT t=23064 RX ua=95 mt=R len=7
PKT t=23069 TX ua=95 mt=P len=0
PKT t=23078 RX ua=95 mt=R len=7
PKT t=23083 TX ua=95 mt=P len=0
PKT t=23092 RX ua=95 mt=R len=7
PKT t=23097 TX ua=95 mt=P len=0
PKT t=23106 RX ua=95 mt=R len=7
PKT t=23111 TX ua=95 mt=T len=7
PKT t=23123 TX ua=95 mt=P len=0
PKT t=23146 RX ua=95 mt=R len=7
PKT t=23155 TX ua=95 mt=P len=0
PKT t=23164 RX ua=95 mt=R len=7
PKT t=23169 TX ua=95 mt=P len=0
PKT t=23178 RX ua=95 mt=R len=7
PKT t=23183 TX ua=95 mt=P len=0
PKT t=23192 RX ua=95 mt=R len=7
PKT t=23197 TX ua=95 mt=P len=0
PKT t=23206 RX ua=95 mt=R len=7
PKT t=23211 TX ua=95 mt=P len=0
PKT t=23244 RX ua=95 mt=R len=7
PKT t=23255 TX ua=95 mt=P len=0
PKT t=23264 RX ua=95 mt=R len=7
PKT t=23269 TX ua=95 mt=P len=0
PKT t=23278 RX ua=95 mt=R len=7
PKT t=23283 TX ua=95 mt=P len=0
PKT t=23292 RX ua=95 mt=R len=7
PKT t=23297 TX ua=95 mt=P len=0
PKT t=23306 RX ua=95 mt=R len=7
PKT t=23311 TX ua=95 mt=P len=0
PKT t=23344 RX ua=95 mt=R len=7
PKT t=23355 TX ua=95 mt=T len=7
PKT t=23367 TX ua=95 mt=P len=0
PKT t=23377 RX ua=95 mt=R len=7
PKT t=23382 TX ua=95 mt=P len=0
PKT t=23392 RX ua=95 mt=R len=7
PKT t=23397 TX ua=95 mt=P len=0
PKT t=23407 RX ua=95 mt=R len=7
PKT t=23412 TX ua=95 mt=P len=0
PKT t=23445 RX ua=95 mt=R len=7
PKT t=23455 TX ua=95 mt=P len=0
PKT t=23465 RX ua=95 mt=R len=7
PKT t=23470 TX ua=95 mt=P len=0
PKT t=23480 RX ua=95 mt=R len=7
PKT t=23485 TX ua=95 mt=P len=0
PKT t=23495 RX ua=95 mt=R len=7
PKT t=23500 TX ua=95 mt=P len=0
PKT t=23510 RX ua=95 mt=R len=7
PKT t=23515 TX ua=95 mt=P len=0
PKT t=23544 RX ua=95 mt=R len=7
PKT t=23555 TX ua=95 mt=P len=0
PKT t=23565 RX ua=95 mt=R len=7
PKT t=23570 TX ua=95 mt=P len=0
PKT t=23580 RX ua=95 mt=R len=7
PKT t=23585 TX ua=95 mt=P len=0
PKT t=23595 RX ua=95 mt=R len=7
PKT t=23600 TX ua=95 mt=T len=7
PKT t=23612 TX ua=95 mt=P len=0
PKT t=23645 RX ua=95 mt=R len=7
PKT t=23655 TX ua=95 mt=P len=0
PKT t=23664 RX ua=95 mt=R len=7
PKT t=23669 TX ua=95 mt=P len=0
PKT t=23678 RX ua=95 mt=R len=7
PKT t=23683 TX ua=95 mt=P len=0
PKT t=23692 RX ua=95 mt=R len=7
PKT t=23697 TX ua=95 mt=P len=0
PKT t=23706 RX ua=95 mt=R len=7
PKT t=23711 TX ua=95 mt=P len=0
PKT t=23744 RX ua=95 mt=R len=7
PKT t=23755 TX ua=95 mt=P len=0
PKT t=23764 RX ua=95 mt=R len=7
PKT t=23769 TX ua=95 mt=P len=0
PKT t=23778 RX ua=95 mt=R len=7
PKT t=23783 TX ua=95 mt=P len=0
PKT t=23792 RX ua=95 mt=R len=7
PKT t=23797 TX ua=95 mt=P len=0
PKT t=23806 RX ua=95 mt=R len=7
PKT t=23811 TX ua=95 mt=P len=0
PKT t=23844 RX ua=95 mt=R len=7
PKT t=23855 TX ua=95 mt=T len=7
PKT t=23867 TX ua=95 mt=P len=0
PKT t=23876 RX ua=95 mt=R len=7
PKT t=23881 TX ua=95 mt=P len=0
PKT t=23890 RX ua=95 mt=R len=7
PKT t=23895 TX ua=95 mt=P len=0
PKT t=23904 RX ua=95 mt=R len=7
PKT t=23909 TX ua=95 mt=P len=0
PKT t=23918 RX ua=95 mt=R len=7
PKT t=23923 TX ua=95 mt=P len=0
PKT t=23955 RX ua=95 mt=R len=7
PKT t=23960 TX ua=95 mt=P len=0
PKT t=23969 RX ua=95 mt=R len=7
PKT t=23974 TX ua=95 mt=P len=0
PKT t=23983 RX ua=95 mt=R len=7
PKT t=23988 TX ua=95 mt=P len=0
PKT t=23997 RX ua=95 mt=R len=7
PKT t=24002 TX ua=95 mt=P len=0
PKT t=24011 RX ua=95 mt=R len=7
PKT t=24016 TX ua=95 mt=P len=0
PKT t=24025 RX ua=95 mt=R len=7
PKT t=24030 TX ua=95 mt=P len=0
PKT t=24059 RX ua=95 mt=R len=7
PKT t=24064 TX ua=95 mt=P len=0
PKT t=24073 RX ua=95 mt=R len=7
PKT t=24078 TX ua=95 mt=P len=0
PKT t=24088 RX ua=95 mt=R len=7
PKT t=24093 TX ua=95 mt=P len=0
PKT t=24102 RX ua=95 mt=R len=7
PKT t=24107 TX ua=95 mt=T len=7
PKT t=24119 TX ua=95 mt=P len=0
PKT t=24128 RX ua=95 mt=R len=7
PKT t=24133 TX ua=95 mt=P len=0
PKT t=24162 RX ua=95 mt=R len=7
PKT t=24167 TX ua=95 mt=P len=0
PKT t=24176 RX ua=95 mt=R len=7
PKT t=24181 TX ua=95 mt=P len=0
PKT t=24190 RX ua=95 mt=R len=7
PKT t=24195 TX ua=95 mt=P len=0
PKT t=24204 RX ua=95 mt=R len=7
PKT t=24209 TX ua=95 mt=P len=0
PKT t=24218 RX ua=95 mt=R len=7
PKT t=24223 TX ua=95 mt=P len=0
PKT t=24232 RX ua=95 mt=R len=7
PKT t=24237 TX ua=95 mt=P len=0
PKT t=24266 RX ua=95 mt=R len=7
PKT t=24271 TX ua=95 mt=P len=0
PKT t=24280 RX ua=95 mt=R len=7
PKT t=24285 TX ua=95 mt=P len=0
PKT t=24294 RX ua=95 mt=R len=7
PKT t=24299 TX ua=95 mt=P len=0
PKT t=24308 RX ua=95 mt=R len=7
PKT t=24313 TX ua=95 mt=P len=0
PKT t=24322 RX ua=95 mt=R len=7
PKT t=24327 TX ua=95 mt=P len=0
PKT t=24336 RX ua=95 mt=R len=7
PKT t=24341 TX ua=95 mt=P len=0
PKT t=24370 RX ua=95 mt=R len=7
PKT t=24375 TX ua=95 mt=T len=7
PKT t=24387 TX ua=95 mt=P len=0
PKT t=24396 RX ua=95 mt=R len=7
PKT t=24401 TX ua=95 mt=P len=0
PKT t=24410 RX ua=95 mt=R len=7
PKT t=24415 TX ua=95 mt=P len=0
PKT t=24424 RX ua=95 mt=R len=7
PKT t=24429 TX ua=95 mt=P len=0
PKT t=24438 RX ua=95 mt=R len=7
PKT t=24443 TX ua=95 mt=P len=0
PKT t=24472 RX ua=95 mt=R len=7
PKT t=24477 TX ua=95 mt=P len=0
PKT t=24486 RX ua=95 mt=R len=7
PKT t=24491 TX ua=95 mt=P len=0
PKT t=24500 RX ua=95 mt=R len=7
PKT t=24505 TX ua=95 mt=P len=0
PKT t=24514 RX ua=95 mt=R len=7
PKT t=24519 TX ua=95 mt=P len=0
PKT t=24528 RX ua=95 mt=R len=7
PKT t=24533 TX ua=95 mt=P len=0
PKT t=24542 RX ua=95 mt=R len=7
PKT t=24547 TX ua=95 mt=P len=0
PKT t=24576 RX ua=95 mt=R len=7
PKT t=24581 TX ua=95 mt=P len=0
PKT t=24590 RX ua=95 mt=R len=7
PKT t=24595 TX ua=95 mt=P len=0
PKT t=24604 RX ua=95 mt=R len=7
PKT t=24609 TX ua=95 mt=T len=7
PKT t=24621 TX ua=95 mt=P len=0
PKT t=24630 RX ua=95 mt=R len=7
PKT t=24635 TX ua=95 mt=P len=0
PKT t=24644 RX ua=95 mt=R len=7
PKT t=24655 TX ua=95 mt=P len=0
PKT t=24678 RX ua=95 mt=R len=7
PKT t=24683 TX ua=95 mt=P len=0
PKT t=24692 RX ua=95 mt=R len=7
PKT t=24697 TX ua=95 mt=P len=0
PKT t=24706 RX ua=95 mt=R len=7
PKT t=24711 TX ua=95 mt=P len=0
PKT t=24720 RX ua=95 mt=R len=7
PKT t=24725 TX ua=95 mt=P len=0
PKT t=24734 RX ua=95 mt=R len=7
PKT t=24739 TX ua=95 mt=P len=0
PKT t=24755 RX ua=95 mt=R len=7
PKT t=24760 TX ua=95 mt=P len=0
PKT t=24782 RX ua=95 mt=R len=7
PKT t=24787 TX ua=95 mt=P len=0
PKT t=24796 RX ua=95 mt=R len=7
PKT t=24801 TX ua=95 mt=P len=0
PKT t=24810 RX ua=95 mt=R len=7
PKT t=24815 TX ua=95 mt=P len=0
PKT t=24824 RX ua=95 mt=R len=7
PKT t=24829 TX ua=95 mt=P len=0
PKT t=24838 RX ua=95 mt=R len=7
PKT t=24843 TX ua=95 mt=P len=0
PKT t=24855 RX ua=95 mt=R len=7
PKT t=24860 TX ua=95 mt=T len=7
PKT t=24872 TX ua=95 mt=P len=0
PKT t=24888 RX ua=95 mt=R len=7
PKT t=24893 TX ua=95 mt=P len=0
PKT t=24902 RX ua=95 mt=R len=7
PKT t=24907 TX ua=95 mt=P len=0
PKT t=24916 RX ua=95 mt=R len=7
PKT t=24921 TX ua=95 mt=P len=0
PKT t=24930 RX ua=95 mt=R len=7
PKT t=24935 TX ua=95 mt=P len=0
PKT t=24944 RX ua=95 mt=R len=7
PKT t=24955 TX ua=95 mt=P len=0
PKT t=24985 RX ua=95 mt=R len=7
PKT t=24990 TX ua=95 mt=P len=0
PKT t=24999 RX ua=95 mt=R len=7
PKT t=25004 TX ua=95 mt=P len=0
PKT t=25013 RX ua=95 mt=R len=7
PKT t=25018 TX ua=95 mt=P len=0
PKT t=25027 RX ua=95 mt=R len=7
PKT t=25032 TX ua=95 mt=P len=0
PKT t=25041 RX ua=95 mt=R len=7
PKT t=25046 TX ua=95 mt=P len=0
PKT t=25055 RX ua=95 mt=R len=7
PKT t=25060 TX ua=95 mt=P len=0
PKT t=25089 RX ua=95 mt=R len=7
PKT t=25094 TX ua=95 mt=P len=0
PKT t=25103 RX ua=95 mt=R len=7
PKT t=25108 TX ua=95 mt=T len=7
PKT t=25120 TX ua=95 mt=P len=0
PKT t=25129 RX ua=95 mt=R len=7
PKT t=25134 TX ua=95 mt=P len=0
PKT t=25143 RX ua=95 mt=R len=7
PKT t=25155 TX ua=95 mt=P len=0
PKT t=25188 RX ua=95 mt=R len=7
PKT t=25193 TX ua=95 mt=P len=0
PKT t=25202 RX ua=95 mt=R len=7
PKT t=25207 TX ua=95 mt=P len=0
PKT t=25216 RX ua=95 mt=R len=7
PKT t=25221 TX ua=95 mt=P len=0
PKT t=25230 RX ua=95 mt=R len=7
PKT t=25235 TX ua=95 mt=P len=0
PKT t=25244 RX ua=95 mt=R len=7
PKT t=25255 TX ua=95 mt=P len=0
PKT t=25289 RX ua=95 mt=R len=7
PKT t=25294 TX ua=95 mt=P len=0
PKT t=25303 RX ua=95 mt=R len=7
PKT t=25308 TX ua=95 mt=P len=0
PKT t=25317 RX ua=95 mt=R len=7
PKT t=25322 TX ua=95 mt=P len=0
PKT t=25331 RX ua=95 mt=R len=7
PKT t=25336 TX ua=95 mt=P len=0
PKT t=25345 RX ua=95 mt=R len=7
PKT t=25355 TX ua=95 mt=T len=7
PKT t=25367 TX ua=95 mt=P len=0
PKT t=25391 RX ua=95 mt=R len=7
PKT t=25396 TX ua=95 mt=P len=0
PKT t=25406 RX ua=95 mt=R len=7
PKT t=25411 TX ua=95 mt=P len=0
PKT t=25421 RX ua=95 mt=R len=7
PKT t=25426 TX ua=95 mt=P len=0
PKT t=25436 RX ua=95 mt=R len=7
PKT t=25441 TX ua=95 mt=P len=0
PKT t=25455 RX ua=95 mt=R len=7
PKT t=25460 TX ua=95 mt=P len=0
PKT t=25489 RX ua=95 mt=R len=7
PKT t=25494 TX ua=95 mt=P len=0
PKT t=25504 RX ua=95 mt=R len=7
PKT t=25509 TX ua=95 mt=P len=0
PKT t=25519 RX ua=95 mt=R len=7
PKT t=25524 TX ua=95 mt=P len=0
PKT t=25534 RX ua=95 mt=R len=7
PKT t=25539 TX ua=95 mt=P len=0
PKT t=25555 RX ua=95 mt=R len=7
PKT t=25560 TX ua=95 mt=P len=0
PKT t=25589 RX ua=95 mt=R len=7
PKT t=25594 TX ua=95 mt=P len=0
PKT t=25604 RX ua=95 mt=R len=7
PKT t=25609 TX ua=95 mt=T len=7
PKT t=25621 TX ua=95 mt=P len=0
PKT t=25630 RX ua=95 mt=R len=7
PKT t=25635 TX ua=95 mt=P len=0
PKT t=25644 RX ua=95 mt=R len=7
PKT t=25655 TX ua=95 mt=P len=0
PKT t=25688 RX ua=95 mt=R len=7
PKT t=25693 TX ua=95 mt=P len=0
PKT t=25702 RX ua=95 mt=R len=7
PKT t=25707 TX ua=95 mt=P len=0
PKT t=25716 RX ua=95 mt=R len=7
PKT t=25721 TX ua=95 mt=P len=0
PKT t=25730 RX ua=95 mt=R len=7
PKT t=25735 TX ua=95 mt=P len=0
PKT t=25744 RX ua=95 mt=R len=7
PKT t=25755 TX ua=95 mt=P len=0
PKT t=25789 RX ua=95 mt=R len=7
PKT t=25794 TX ua=95 mt=P len=0
PKT t=25803 RX ua=95 mt=R len=7
PKT t=25808 TX ua=95 mt=P len=0
PKT t=25817 RX ua=95 mt=R len=7
PKT t=25822 TX ua=95 mt=P len=0
PKT t=25831 RX ua=95 mt=R len=7
PKT t=25836 TX ua=95 mt=P len=0
PKT t=25845 RX ua=95 mt=R len=7
PKT t=25855 TX ua=95 mt=T len=7
PKT t=25867 TX ua=95 mt=P len=0
PKT t=25890 RX ua=95 mt=R len=7
PKT t=25895 TX ua=95 mt=P len=0
PKT t=25904 RX ua=95 mt=R len=7
PKT t=25909 TX ua=95 mt=P len=0
PKT t=25918 RX ua=95 mt=R len=7
PKT t=25923 TX ua=95 mt=P len=0
PKT t=25932 RX ua=95 mt=R len=7
PKT t=25937 TX ua=95 mt=P len=0
PKT t=25946 RX ua=95 mt=R len=7
PKT t=25955 TX ua=95 mt=P len=0
PKT t=25988 RX ua=95 mt=R len=7
PKT t=25993 TX ua=95 mt=P len=0
PKT t=26002 RX ua=95 mt=R len=7
PKT t=26007 TX ua=95 mt=P len=0
PKT t=26017 RX ua=95 mt=R len=7
PKT t=26022 TX ua=95 mt=P len=0
PKT t=26031 RX ua=95 mt=R len=7
PKT t=26036 TX ua=95 mt=P len=0
PKT t=26045 RX ua=95 mt=R len=7
PKT t=26055 TX ua=95 mt=P len=0
PKT t=26090 RX ua=95 mt=R len=7
PKT t=26095 TX ua=95 mt=P len=0
PKT t=26104 RX ua=95 mt=R len=7
PKT t=26109 TX ua=95 mt=T len=7
PKT t=26122 TX ua=95 mt=P len=0
PKT t=26131 RX ua=95 mt=R len=7
PKT t=26136 TX ua=95 mt=T len=7
PKT t=26155 TX ua=95 mt=P len=0
PKT t=26189 RX ua=95 mt=R len=7
PKT t=26194 TX ua=95 mt=P len=0
PKT t=26203 RX ua=95 mt=R len=7
PKT t=26208 TX ua=95 mt=P len=0
PKT t=26217 RX ua=95 mt=R len=7
PKT t=26222 TX ua=95 mt=P len=0
PKT t=26231 RX ua=95 mt=R len=7
PKT t=26236 TX ua=95 mt=P len=0
PKT t=26245 RX ua=95 mt=R len=7
PKT t=26255 TX ua=95 mt=P len=0
PKT t=26289 RX ua=95 mt=R len=7
PKT t=26294 TX ua=95 mt=P len=0
PKT t=26303 RX ua=95 mt=R len=7
PKT t=26308 TX ua=95 mt=P len=0
PKT t=26317 RX ua=95 mt=R len=7
PKT t=26322 TX ua=95 mt=P len=0
PKT t=26331 RX ua=95 mt=R len=7
PKT t=26336 TX ua=95 mt=P len=0
PKT t=26345 RX ua=95 mt=R len=7
PKT t=26355 TX ua=95 mt=T len=7
PKT t=26368 TX ua=95 mt=P len=0
PKT t=26391 RX ua=95 mt=R len=7
PKT t=26396 TX ua=95 mt=P len=0
PKT t=26405 RX ua=95 mt=R len=7
PKT t=26410 TX ua=95 mt=P len=0
PKT t=26419 RX ua=95 mt=R len=7
PKT t=26424 TX ua=95 mt=P len=0
PKT t=26433 RX ua=95 mt=R len=7
PKT t=26438 TX ua=95 mt=P len=0
PKT t=26455 RX ua=95 mt=R len=7
PKT t=26460 TX ua=95 mt=P len=0
PKT t=26489 RX ua=95 mt=R len=7
PKT t=26494 TX ua=95 mt=P len=0
PKT t=26503 RX ua=95 mt=R len=7
PKT t=26508 TX ua=95 mt=P len=0
PKT t=26517 RX ua=95 mt=R len=7
PKT t=26522 TX ua=95 mt=P len=0
PKT t=26531 RX ua=95 mt=R len=7
PKT t=26536 TX ua=95 mt=P len=0
PKT t=26545 RX ua=95 mt=R len=7
PKT t=26555 TX ua=95 mt=P len=0
PKT t=26589 RX ua=95 mt=R len=7
PKT t=26594 TX ua=95 mt=P len=0
PKT t=26603 RX ua=95 mt=R len=7
PKT t=26608 TX ua=95 mt=T len=7
PKT t=26621 TX ua=95 mt=P len=0
PKT t=26630 RX ua=95 mt=R len=7
PKT t=26635 TX ua=95 mt=P len=0
PKT t=26644 RX ua=95 mt=R len=7
PKT t=26655 TX ua=95 mt=P len=0
PKT t=26688 RX ua=95 mt=R len=7
PKT t=26693 TX ua=95 mt=P len=0
PKT t=26702 RX ua=95 mt=R len=7
PKT t=26707 TX ua=95 mt=P len=0
PKT t=26716 RX ua=95 mt=R len=7
PKT t=26721 TX ua=95 mt=P len=0
PKT t=26730 RX ua=95 mt=R len=7
PKT t=26735 TX ua=95 mt=P len=0
PKT t=26744 RX ua=95 mt=R len=7
PKT t=26755 TX ua=95 mt=P len=0
PKT t=26788 RX ua=95 mt=R len=7
PKT t=26793 TX ua=95 mt=P len=0
PKT t=26802 RX ua=95 mt=R len=7
PKT t=26807 TX ua=95 mt=P len=0
PKT t=26816 RX ua=95 mt=R len=7
PKT t=26821 TX ua=95 mt=P len=0
PKT t=26830 RX ua=95 mt=R len=7
PKT t=26835 TX ua=95 mt=P len=0
PKT t=26844 RX ua=95 mt=R len=7
PKT t=26855 TX ua=95 mt=T len=7
PKT t=26868 TX ua=95 mt=P len=0
PKT t=26890 RX ua=95 mt=R len=7
PKT t=26895 TX ua=95 mt=P len=0
PKT t=26904 RX ua=95 mt=R len=7
PKT t=26909 TX ua=95 mt=P len=0
PKT t=26918 RX ua=95 mt=R len=7
PKT t=26923 TX ua=95 mt=P len=0
PKT t=26932 RX ua=95 mt=R len=7
PKT t=26937 TX ua=95 mt=P len=0
PKT t=26946 RX ua=95 mt=R len=7
PKT t=26955 TX ua=95 mt=P len=0
PKT t=26988 RX ua=95 mt=R len=7
PKT t=26993 TX ua=95 mt=P len=0
PKT t=27002 RX ua=95 mt=R len=7
PKT t=27007 TX ua=95 mt=P len=0
PKT t=27016 RX ua=95 mt=R len=7
PKT t=27021 TX ua=95 mt=P len=0
PKT t=27030 RX ua=95 mt=R len=7
PKT t=27035 TX ua=95 mt=P len=0
PKT t=27044 RX ua=95 mt=R len=7
PKT t=27055 TX ua=95 mt=P len=0
PKT t=27088 RX ua=95 mt=R len=7
PKT t=27093 TX ua=95 mt=P len=0
PKT t=27102 RX ua=95 mt=R len=7
PKT t=27107 TX ua=95 mt=T len=7
PKT t=27119 TX ua=95 mt=P len=0
PKT t=27128 RX ua=95 mt=R len=7
PKT t=27133 TX ua=95 mt=P len=0
PKT t=27142 RX ua=95 mt=R len=7
PKT t=27147 TX ua=95 mt=P len=0
PKT t=27156 RX ua=95 mt=R len=7
PKT t=27161 TX ua=95 mt=P len=0
PKT t=27190 RX ua=95 mt=R len=7
PKT t=27195 TX ua=95 mt=P len=0
PKT t=27204 RX ua=95 mt=R len=7
PKT t=27209 TX ua=95 mt=P len=0
PKT t=27218 RX ua=95 mt=R len=7
PKT t=27223 TX ua=95 mt=P len=0
PKT t=27232 RX ua=95 mt=R len=7
PKT t=27237 TX ua=95 mt=P len=0
PKT t=27246 RX ua=95 mt=R len=7
PKT t=27255 TX ua=95 mt=P len=0
PKT t=27264 RX ua=95 mt=R len=7
PKT t=27269 TX ua=95 mt=P len=0
PKT t=27298 RX ua=95 mt=R len=7
PKT t=27303 TX ua=95 mt=P len=0
PKT t=27312 RX ua=95 mt=R len=7
PKT t=27317 TX ua=95 mt=P len=0
PKT t=27326 RX ua=95 mt=R len=7
PKT t=27331 TX ua=95 mt=P len=0
PKT t=27340 RX ua=95 mt=R len=7
PKT t=27345 TX ua=95 mt=P len=0
PKT t=27355 RX ua=95 mt=R len=7
PKT t=27610 TX ua=96 mt=P len=0
PKT t=27868 TX ua=95 mt=P len=0
PKT t=27877 RX ua=95 mt=R len=7
PKT t=27882 TX ua=95 mt=T len=7
PKT t=27894 TX ua=95 mt=P len=0
PKT t=27903 RX ua=95 mt=R len=7
PKT t=27908 TX ua=95 mt=P len=0
PKT t=27917 RX ua=95 mt=R len=7
PKT t=27922 TX ua=95 mt=P len=0
PKT t=27931 RX ua=95 mt=R len=7
PKT t=27936 TX ua=95 mt=P len=0
PKT t=27945 RX ua=95 mt=R len=7
PKT t=27955 TX ua=95 mt=P len=0
PKT t=27964 RX ua=95 mt=R len=7
PKT t=27969 TX ua=95 mt=P len=0
PKT t=27998 RX ua=95 mt=R len=7
PKT t=28003 TX ua=95 mt=P len=0
PKT t=28012 RX ua=95 mt=R len=7
PKT t=28018 TX ua=95 mt=P len=0
PKT t=28027 RX ua=95 mt=R len=7
PKT t=28032 TX ua=95 mt=P len=0
PKT t=28041 RX ua=95 mt=R len=7
PKT t=28046 TX ua=95 mt=P len=0
PKT t=28055 RX ua=95 mt=R len=7
PKT t=28060 TX ua=95 mt=P len=0
PKT t=28069 RX ua=95 mt=R len=7
PKT t=28074 TX ua=95 mt=P len=0
PKT t=28103 RX ua=95 mt=R len=7
PKT t=28108 TX ua=95 mt=T len=7
PKT t=28120 TX ua=95 mt=P len=0
PKT t=28129 RX ua=95 mt=R len=7
PKT t=28134 TX ua=95 mt=P len=0
PKT t=28143 RX ua=95 mt=R len=7
PKT t=28155 TX ua=95 mt=P len=0
PKT t=28164 RX ua=95 mt=R len=7
PKT t=28169 TX ua=95 mt=P len=0
PKT t=28206 RX ua=95 mt=R len=7
PKT t=28211 TX ua=95 mt=P len=0
PKT t=28220 RX ua=95 mt=R len=7
PKT t=28225 TX ua=95 mt=P len=0
PKT t=28234 RX ua=95 mt=R len=7
PKT t=28239 TX ua=95 mt=P len=0
PKT t=28255 RX ua=95 mt=R len=7
PKT t=28260 TX ua=95 mt=P len=0
PKT t=28269 RX ua=95 mt=R len=7
PKT t=28274 TX ua=95 mt=P len=0
PKT t=28303 RX ua=95 mt=R len=7
PKT t=28308 TX ua=95 mt=P len=0
PKT t=28317 RX ua=95 mt=R len=7
PKT t=28322 TX ua=95 mt=P len=0
PKT t=28331 RX ua=95 mt=R len=7
PKT t=28336 TX ua=95 mt=P len=0
PKT t=28345 RX ua=95 mt=R len=7
PKT t=28355 TX ua=95 mt=T len=7
PKT t=28367 TX ua=95 mt=P len=0
PKT t=28376 RX ua=95 mt=R len=7
PKT t=28381 TX ua=95 mt=P len=0
PKT t=28410 RX ua=95 mt=R len=7
PKT t=28415 TX ua=95 mt=P len=0
PKT t=28424 RX ua=95 mt=R len=7
PKT t=28429 TX ua=95 mt=P len=0
PKT t=28438 RX ua=95 mt=R len=7
PKT t=28443 TX ua=95 mt=P len=0
PKT t=28455 RX ua=95 mt=R len=7
PKT t=28460 TX ua=95 mt=P len=0
PKT t=28469 RX ua=95 mt=R len=7
PKT t=28474 TX ua=95 mt=P len=0
PKT t=28483 RX ua=95 mt=R len=7
PKT t=28488 TX ua=95 mt=P len=0
PKT t=28517 RX ua=95 mt=R len=7
PKT t=28522 TX ua=95 mt=P len=0
PKT t=28531 RX ua=95 mt=R len=7
PKT t=28536 TX ua=95 mt=P len=0
PKT t=28545 RX ua=95 mt=R len=7
PKT t=28555 TX ua=95 mt=P len=0
PKT t=28564 RX ua=95 mt=R len=7
PKT t=28569 TX ua=95 mt=P len=0
PKT t=28578 RX ua=95 mt=R len=7
PKT t=28583 TX ua=95 mt=P len=0
PKT t=28616 RX ua=95 mt=R len=7
PKT t=28621 TX ua=95 mt=T len=7
PKT t=28633 TX ua=95 mt=P len=0
PKT t=28642 RX ua=95 mt=R len=7
PKT t=28647 TX ua=95 mt=P len=0
PKT t=28656 RX ua=95 mt=R len=7
PKT t=28661 TX ua=95 mt=P len=0
PKT t=28670 RX ua=95 mt=R len=7
PKT t=28675 TX ua=95 mt=P len=0
PKT t=28684 RX ua=95 mt=R len=7
PKT t=28689 TX ua=95 mt=P len=0
PKT t=28718 RX ua=95 mt=R len=7
PKT t=28723 TX ua=95 mt=P len=0
PKT t=28732 RX ua=95 mt=R len=7
PKT t=28737 TX ua=95 mt=P len=0
PKT t=28746 RX ua=95 mt=R len=7
PKT t=28755 TX ua=95 mt=P len=0
PKT t=28764 RX ua=95 mt=R len=7
PKT t=28769 TX ua=95 mt=P len=0
PKT t=28778 RX ua=95 mt=R len=7
PKT t=28783 TX ua=95 mt=P len=0
PKT t=28792 RX ua=95 mt=R len=7
PKT t=28797 TX ua=95 mt=P len=0
PKT t=28826 RX ua=95 mt=R len=7
PKT t=28831 TX ua=95 mt=P len=0
PKT t=28840 RX ua=95 mt=R len=7
PKT t=28845 TX ua=95 mt=P len=0
PKT t=28855 RX ua=95 mt=R len=7
PKT t=29110 TX ua=96 mt=P len=0
PKT t=29368 TX ua=95 mt=P len=0
PKT t=29377 RX ua=95 mt=R len=7
PKT t=29382 TX ua=95 mt=T len=7
PKT t=29395 TX ua=95 mt=P len=0
PKT t=29426 RX ua=95 mt=R len=7
PKT t=29430 TX ua=95 mt=P len=0
PKT t=29440 RX ua=95 mt=R len=7
PKT t=29445 TX ua=95 mt=P len=0
PKT t=29455 RX ua=95 mt=R len=7
PKT t=29710 TX ua=96 mt=P len=0
PKT t=29968 TX ua=95 mt=P len=0
PKT t=29978 RX ua=95 mt=R len=7
PKT t=29983 TX ua=95 mt=T len=7
PKT t=29996 TX ua=95 mt=P len=0
PKT t=30025 RX ua=95 mt=R len=7
PKT t=30030 TX ua=95 mt=P len=0
PKT t=30039 RX ua=95 mt=R len=7
PKT t=30044 TX ua=95 mt=P len=0
PKT t=30055 RX ua=95 mt=R len=7
PKT t=30060 TX ua=95 mt=P len=0
PKT t=30069 RX ua=95 mt=R len=7
PKT t=30074 TX ua=95 mt=P len=0
PKT t=30083 RX ua=95 mt=R len=7
PKT t=30088 TX ua=95 mt=P len=0
PKT t=30097 RX ua=95 mt=R len=7
PKT t=30102 TX ua=95 mt=T len=7
PKT t=30114 TX ua=95 mt=P len=0
PKT t=30133 RX ua=95 mt=R len=7
PKT t=30138 TX ua=95 mt=P len=0
PKT t=30155 RX ua=95 mt=R len=7
PKT t=30160 TX ua=95 mt=P len=0
PKT t=30169 RX ua=95 mt=R len=7
PKT t=30174 TX ua=95 mt=P len=0
PKT t=30183 RX ua=95 mt=R len=7
PKT t=30188 TX ua=95 mt=P len=0
PKT t=30197 RX ua=95 mt=R len=7
PKT t=30202 TX ua=95 mt=P len=0
PKT t=30235 RX ua=95 mt=R len=7
PKT t=30240 TX ua=95 mt=P len=0
PKT t=30255 RX ua=95 mt=R len=7
PKT t=30260 TX ua=95 mt=P len=0
PKT t=30269 RX ua=95 mt=R len=7
PKT t=30274 TX ua=95 mt=P len=0
PKT t=30283 RX ua=95 mt=R len=7
PKT t=30288 TX ua=95 mt=P len=0
PKT t=30297 RX ua=95 mt=R len=7
PKT t=30302 TX ua=95 mt=P len=0
PKT t=30331 RX ua=95 mt=R len=7
PKT t=30336 TX ua=95 mt=P len=0
PKT t=30345 RX ua=95 mt=R len=7
PKT t=30355 TX ua=95 mt=T len=7
PKT t=30367 TX ua=95 mt=P len=0
PKT t=30376 RX ua=95 mt=R len=7
PKT t=30381 TX ua=95 mt=P len=0
PKT t=30390 RX ua=95 mt=R len=7
PKT t=30395 TX ua=95 mt=P len=0
PKT t=30404 RX ua=95 mt=R len=7
PKT t=30409 TX ua=95 mt=P len=0
PKT t=30438 RX ua=95 mt=R len=7
PKT t=30443 TX ua=95 mt=P len=0
PKT t=30455 RX ua=95 mt=R len=7
PKT t=30460 TX ua=95 mt=P len=0
PKT t=30469 RX ua=95 mt=R len=7
PKT t=30474 TX ua=95 mt=P len=0
PKT t=30483 RX ua=95 mt=R len=7
PKT t=30488 TX ua=95 mt=P len=0
PKT t=30497 RX ua=95 mt=R len=7
PKT t=30502 TX ua=95 mt=P len=0
PKT t=30511 RX ua=95 mt=R len=7
PKT t=30516 TX ua=95 mt=P len=0
PKT t=30545 RX ua=95 mt=R len=7
PKT t=30555 TX ua=95 mt=P len=0
PKT t=30564 RX ua=95 mt=R len=7
PKT t=30569 TX ua=95 mt=P len=0
PKT t=30578 RX ua=95 mt=R len=7
PKT t=30583 TX ua=95 mt=P len=0
PKT t=30592 RX ua=95 mt=R len=7
PKT t=30597 TX ua=95 mt=P len=0
PKT t=30606 RX ua=95 mt=R len=7
PKT t=30611 TX ua=95 mt=T len=7
PKT t=30623 TX ua=95 mt=P len=0
PKT t=30655 RX ua=95 mt=R len=7
PKT t=30660 TX ua=95 mt=P len=0
PKT t=30669 RX ua=95 mt=R len=7
PKT t=30674 TX ua=95 mt=P len=0
PKT t=30684 RX ua=95 mt=R len=7
PKT t=30688 TX ua=95 mt=P len=0
PKT t=30697 RX ua=95 mt=R len=7
PKT t=30702 TX ua=95 mt=P len=0
PKT t=30711 RX ua=95 mt=R len=7
PKT t=30716 TX ua=95 mt=P len=0
PKT t=30746 RX ua=95 mt=R len=7
PKT t=30755 TX ua=95 mt=P len=0
PKT t=30764 RX ua=95 mt=R len=7
PKT t=30769 TX ua=95 mt=P len=0
PKT t=30778 RX ua=95 mt=R len=7
PKT t=30783 TX ua=95 mt=P len=0
PKT t=30792 RX ua=95 mt=R len=7
PKT t=30797 TX ua=95 mt=P len=0
PKT t=30806 RX ua=95 mt=R len=7
PKT t=30811 TX ua=95 mt=P len=0
PKT t=30844 RX ua=95 mt=R len=7
PKT t=30855 TX ua=95 mt=T len=7
PKT t=30867 TX ua=95 mt=P len=0
PKT t=30876 RX ua=95 mt=R len=7
PKT t=30881 TX ua=95 mt=P len=0
PKT t=30890 RX ua=95 mt=R len=7
PKT t=30895 TX ua=95 mt=P len=0
PKT t=30904 RX ua=95 mt=R len=7
PKT t=30909 TX ua=95 mt=P len=0
PKT t=30918 RX ua=95 mt=R len=7
PKT t=30923 TX ua=95 mt=P len=0
PKT t=30955 RX ua=95 mt=R len=7
PKT t=30960 TX ua=95 mt=P len=0
PKT t=30969 RX ua=95 mt=R len=7
PKT t=30974 TX ua=95 mt=P len=0
PKT t=30983 RX ua=95 mt=R len=7
PKT t=30988 TX ua=95 mt=P len=0
PKT t=30997 RX ua=95 mt=R len=7
PKT t=31002 TX ua=95 mt=P len=0
PKT t=31011 RX ua=95 mt=R len=7
PKT t=31016 TX ua=95 mt=P len=0
PKT t=31025 RX ua=95 mt=R len=7
PKT t=31030 TX ua=95 mt=P len=0
PKT t=31059 RX ua=95 mt=R len=7
PKT t=31064 TX ua=95 mt=P len=0
PKT t=31073 RX ua=95 mt=R len=7
PKT t=31078 TX ua=95 mt=P len=0
PKT t=31087 RX ua=95 mt=R len=7
PKT t=31092 TX ua=95 mt=P len=0
PKT t=31101 RX ua=95 mt=R len=7
PKT t=31106 TX ua=95 mt=T len=7
PKT t=31118 TX ua=95 mt=P len=0
PKT t=31127 RX ua=95 mt=R len=7
PKT t=31132 TX ua=95 mt=P len=0
PKT t=31161 RX ua=95 mt=R len=7
PKT t=31166 TX ua=95 mt=P len=0
PKT t=31175 RX ua=95 mt=R len=7
PKT t=31180 TX ua=95 mt=P len=0
PKT t=31189 RX ua=95 mt=R len=7
PKT t=31194 TX ua=95 mt=P len=0
PKT t=31203 RX ua=95 mt=R len=7
PKT t=31208 TX ua=95 mt=P len=0
PKT t=31217 RX ua=95 mt=R len=7
PKT t=31222 TX ua=95 mt=P len=0
PKT t=31231 RX ua=95 mt=R len=7
PKT t=31236 TX ua=95 mt=P len=0
PKT t=31265 RX ua=95 mt=R len=7
PKT t=31270 TX ua=95 mt=P len=0
PKT t=31279 RX ua=95 mt=R len=7
PKT t=31284 TX ua=95 mt=P len=0
PKT t=31293 RX ua=95 mt=R len=7
PKT t=31298 TX ua=95 mt=P len=0
PKT t=31307 RX ua=95 mt=R len=7
PKT t=31312 TX ua=95 mt=P len=0
PKT t=31321 RX ua=95 mt=R len=7
PKT t=31326 TX ua=95 mt=P len=0
PKT t=31335 RX ua=95 mt=R len=7
PKT t=31340 TX ua=95 mt=P len=0
PKT t=31369 RX ua=95 mt=R len=7
PKT t=31374 TX ua=95 mt=T len=7
PKT t=31386 TX ua=95 mt=P len=0
PKT t=31396 RX ua=95 mt=R len=7
PKT t=31401 TX ua=95 mt=P len=0
PKT t=31411 RX ua=95 mt=R len=7
PKT t=31416 TX ua=95 mt=P len=0
PKT t=31426 RX ua=95 mt=R len=7
PKT t=31431 TX ua=95 mt=P len=0
PKT t=31441 RX ua=95 mt=R len=7
PKT t=31446 TX ua=95 mt=P len=0
PKT t=31475 RX ua=95 mt=R len=7
PKT t=31480 TX ua=95 mt=P len=0
PKT t=31490 RX ua=95 mt=R len=7
PKT t=31495 TX ua=95 mt=P len=0
PKT t=31505 RX ua=95 mt=R len=7
PKT t=31510 TX ua=95 mt=P len=0
PKT t=31520 RX ua=95 mt=R len=7
PKT t=31525 TX ua=95 mt=P len=0
PKT t=31535 RX ua=95 mt=R len=7
PKT t=31540 TX ua=95 mt=P len=0
PKT t=31555 RX ua=95 mt=R len=7
PKT t=31560 TX ua=95 mt=P len=0
PKT t=31584 RX ua=95 mt=R len=7
PKT t=31589 TX ua=95 mt=P len=0
PKT t=31599 RX ua=95 mt=R len=7
PKT t=31604 TX ua=95 mt=T len=7
PKT t=31616 TX ua=95 mt=P len=0
PKT t=31625 RX ua=95 mt=R len=7
PKT t=31630 TX ua=95 mt=P len=0
PKT t=31639 RX ua=95 mt=R len=7
PKT t=31644 TX ua=95 mt=P len=0
PKT t=31655 RX ua=95 mt=R len=7
PKT t=31660 TX ua=95 mt=P len=0
PKT t=31687 RX ua=95 mt=R len=7
PKT t=31692 TX ua=95 mt=P len=0
PKT t=31701 RX ua=95 mt=R len=7
PKT t=31706 TX ua=95 mt=P len=0
PKT t=31715 RX ua=95 mt=R len=7
PKT t=31720 TX ua=95 mt=P len=0
PKT t=31729 RX ua=95 mt=R len=7
PKT t=31734 TX ua=95 mt=P len=0
PKT t=31743 RX ua=95 mt=R len=7
PKT t=31755 TX ua=95 mt=P len=0
PKT t=31787 RX ua=95 mt=R len=7
PKT t=31792 TX ua=95 mt=P len=0
PKT t=31801 RX ua=95 mt=R len=7
PKT t=31806 TX ua=95 mt=P len=0
PKT t=31815 RX ua=95 mt=R len=7
PKT t=31820 TX ua=95 mt=P len=0
PKT t=31829 RX ua=95 mt=R len=7
PKT t=31834 TX ua=95 mt=P len=0
PKT t=31843 RX ua=95 mt=R len=7
PKT t=31855 TX ua=95 mt=T len=7
PKT t=31867 TX ua=95 mt=P len=0
PKT t=31888 RX ua=95 mt=R len=7
PKT t=31893 TX ua=95 mt=P len=0
PKT t=31902 RX ua=95 mt=R len=7
PKT t=31907 TX ua=95 mt=P len=0
PKT t=31916 RX ua=95 mt=R len=7
PKT t=31921 TX ua=95 mt=P len=0
PKT t=31930 RX ua=95 mt=R len=7
PKT t=31935 TX ua=95 mt=P len=0
PKT t=31944 RX ua=95 mt=R len=7
PKT t=31955 TX ua=95 mt=P len=0
PKT t=31986 RX ua=95 mt=R len=7
PKT t=31991 TX ua=95 mt=P len=0
PKT t=32000 RX ua=95 mt=R len=7
PKT t=32005 TX ua=95 mt=P len=0
PKT t=32014 RX ua=95 mt=R len=7
PKT t=32020 TX ua=95 mt=P len=0
PKT t=32029 RX ua=95 mt=R len=7
PKT t=32034 TX ua=95 mt=P len=0
PKT t=32043 RX ua=95 mt=R len=7
PKT t=32055 TX ua=95 mt=P len=0
PKT t=32086 RX ua=95 mt=R len=7
PKT t=32091 TX ua=95 mt=P len=0
PKT t=32100 RX ua=95 mt=R len=7
PKT t=32105 TX ua=95 mt=T len=7
PKT t=32117 TX ua=95 mt=P len=0
PKT t=32126 RX ua=95 mt=R len=7
PKT t=32131 TX ua=95 mt=P len=0
PKT t=32140 RX ua=95 mt=R len=7
PKT t=32145 TX ua=95 mt=P len=0
PKT t=32155 RX ua=95 mt=R len=7
PKT t=32410 TX ua=96 mt=P len=0
PKT t=32668 TX ua=95 mt=P len=0
PKT t=32677 RX ua=95 mt=R len=7
PKT t=32682 TX ua=95 mt=T len=7
PKT t=32694 TX ua=95 mt=P len=0
PKT t=32703 RX ua=95 mt=R len=7
PKT t=32708 TX ua=95 mt=P len=0
PKT t=32717 RX ua=95 mt=R len=7
PKT t=32722 TX ua=95 mt=P len=0
PKT t=32731 RX ua=95 mt=R len=7
PKT t=32736 TX ua=95 mt=P len=0
PKT t=32746 RX ua=95 mt=R len=7
PKT t=32755 TX ua=95 mt=P len=0
PKT t=32787 RX ua=95 mt=R len=7
PKT t=32792 TX ua=95 mt=P len=0
PKT t=32801 RX ua=95 mt=R len=7
PKT t=32806 TX ua=95 mt=P len=0
PKT t=32815 RX ua=95 mt=R len=7
PKT t=32820 TX ua=95 mt=P len=0
PKT t=32829 RX ua=95 mt=R len=7
PKT t=32834 TX ua=95 mt=P len=0
PKT t=32843 RX ua=95 mt=R len=7
PKT t=32855 TX ua=95 mt=T len=7
PKT t=32867 TX ua=95 mt=P len=0
PKT t=32889 RX ua=95 mt=R len=7
PKT t=32894 TX ua=95 mt=P len=0
PKT t=32903 RX ua=95 mt=R len=7
PKT t=32908 TX ua=95 mt=P len=0
PKT t=32917 RX ua=95 mt=R len=7
PKT t=32922 TX ua=95 mt=P len=0
PKT t=32931 RX ua=95 mt=R len=7
PKT t=32936 TX ua=95 mt=P len=0
PKT t=32945 RX ua=95 mt=R len=7
PKT t=32955 TX ua=95 mt=P len=0
PKT t=32987 RX ua=95 mt=R len=7
PKT t=32992 TX ua=95 mt=P len=0
PKT t=33001 RX ua=95 mt=R len=7
PKT t=33006 TX ua=95 mt=P len=0
PKT t=33015 RX ua=95 mt=R len=7
PKT t=33020 TX ua=95 mt=P len=0
PKT t=33029 RX ua=95 mt=R len=7
PKT t=33034 TX ua=95 mt=P len=0
PKT t=33043 RX ua=95 mt=R len=7
PKT t=33055 TX ua=95 mt=P len=0
PKT t=33087 RX ua=95 mt=R len=7
PKT t=33092 TX ua=95 mt=P len=0
PKT t=33101 RX ua=95 mt=R len=7
PKT t=33106 TX ua=95 mt=T len=7
PKT t=33118 TX ua=95 mt=P len=0
PKT t=33127 RX ua=95 mt=R len=7
PKT t=33132 TX ua=95 mt=P len=0
PKT t=33141 RX ua=95 mt=R len=7
PKT t=33146 TX ua=95 mt=P len=0
PKT t=33155 RX ua=95 mt=R len=7
PKT t=33160 TX ua=95 mt=P len=0
PKT t=33189 RX ua=95 mt=R len=7
PKT t=33194 TX ua=95 mt=P len=0
PKT t=33203 RX ua=95 mt=R len=7
PKT t=33208 TX ua=95 mt=P len=0
PKT t=33217 RX ua=95 mt=R len=7
PKT t=33222 TX ua=95 mt=P len=0
PKT t=33231 RX ua=95 mt=R len=7
PKT t=33236 TX ua=95 mt=P len=0
PKT t=33245 RX ua=95 mt=R len=7
PKT t=33255 TX ua=95 mt=P len=0
PKT t=33288 RX ua=95 mt=R len=7
PKT t=33293 TX ua=95 mt=P len=0
PKT t=33302 RX ua=95 mt=R len=7
PKT t=33307 TX ua=95 mt=P len=0
PKT t=33316 RX ua=95 mt=R len=7
PKT t=33321 TX ua=95 mt=P len=0
PKT t=33330 RX ua=95 mt=R len=7
PKT t=33335 TX ua=95 mt=P len=0
PKT t=33344 RX ua=95 mt=R len=7
PKT t=33355 TX ua=95 mt=T len=7
PKT t=33367 TX ua=95 mt=P len=0
PKT t=33390 RX ua=95 mt=R len=7
PKT t=33395 TX ua=95 mt=P len=0
PKT t=33405 RX ua=95 mt=R len=7
PKT t=33410 TX ua=95 mt=P len=0
PKT t=33420 RX ua=95 mt=R len=7
PKT t=33425 TX ua=95 mt=P len=0
PKT t=33435 RX ua=95 mt=R len=7
PKT t=33440 TX ua=95 mt=P len=0
PKT t=33455 RX ua=95 mt=R len=7
PKT t=33460 TX ua=95 mt=P len=0
PKT t=33489 RX ua=95 mt=R len=7
PKT t=33494 TX ua=95 mt=P len=0
PKT t=33504 RX ua=95 mt=R len=7
PKT t=33509 TX ua=95 mt=P len=0
PKT t=33519 RX ua=95 mt=R len=7
PKT t=33524 TX ua=95 mt=P len=0
PKT t=33534 RX ua=95 mt=R len=7
PKT t=33539 TX ua=95 mt=P len=0
PKT t=33555 RX ua=95 mt=R len=7
PKT t=33560 TX ua=95 mt=P len=0
PKT t=33589 RX ua=95 mt=R len=7
PKT t=33594 TX ua=95 mt=P len=0
PKT t=33604 RX ua=95 mt=R len=7
PKT t=33609 TX ua=95 mt=T len=7
PKT t=33621 TX ua=95 mt=P len=0
PKT t=33630 RX ua=95 mt=R len=7
PKT t=33635 TX ua=95 mt=P len=0
PKT t=33644 RX ua=95 mt=R len=7
PKT t=33655 TX ua=95 mt=P len=0
PKT t=33688 RX ua=95 mt=R len=7
PKT t=33693 TX ua=95 mt=P len=0
PKT t=33702 RX ua=95 mt=R len=7
PKT t=33707 TX ua=95 mt=P len=0
PKT t=33716 RX ua=95 mt=R len=7
PKT t=33721 TX ua=95 mt=P len=0
PKT t=33730 RX ua=95 mt=R len=7
PKT t=33735 TX ua=95 mt=P len=0
PKT t=33744 RX ua=95 mt=R len=7
PKT t=33755 TX ua=95 mt=P len=0
PKT t=33788 RX ua=95 mt=R len=7
PKT t=33793 TX ua=95 mt=P len=0
PKT t=33802 RX ua=95 mt=R len=7
PKT t=33807 TX ua=95 mt=P len=0
PKT t=33816 RX ua=95 mt=R len=7
PKT t=33821 TX ua=95 mt=P len=0
PKT t=33830 RX ua=95 mt=R len=7
PKT t=33835 TX ua=95 mt=P len=0
PKT t=33844 RX ua=95 mt=R len=7
PKT t=33855 TX ua=95 mt=T len=7
PKT t=33867 TX ua=95 mt=P len=0
PKT t=33891 RX ua=95 mt=R len=7
PKT t=33896 TX ua=95 mt=P len=0
PKT t=33905 RX ua=95 mt=R len=7
PKT t=33910 TX ua=95 mt=P len=0
PKT t=33919 RX ua=95 mt=R len=7
PKT t=33924 TX ua=95 mt=P len=0
PKT t=33933 RX ua=95 mt=R len=7
PKT t=33938 TX ua=95 mt=P len=0
PKT t=33955 RX ua=95 mt=R len=7
PKT t=33960 TX ua=95 mt=P len=0
PKT t=33988 RX ua=95 mt=R len=7
PKT t=33993 TX ua=95 mt=P len=0
PKT t=34002 RX ua=95 mt=R len=7
PKT t=34007 TX ua=95 mt=P len=0
PKT t=34016 RX ua=95 mt=R len=7
PKT t=34021 TX ua=95 mt=P len=0
PKT t=34030 RX ua=95 mt=R len=7
PKT t=34035 TX ua=95 mt=P len=0
PKT t=34044 RX ua=95 mt=R len=7
PKT t=34055 TX ua=95 mt=P len=0
PKT t=34088 RX ua=95 mt=R len=7
PKT t=34093 TX ua=95 mt=P len=0
PKT t=34102 RX ua=95 mt=R len=7
PKT t=34107 TX ua=95 mt=T len=7
PKT t=34120 TX ua=95 mt=P len=0
PKT t=34129 RX ua=95 mt=R len=7
PKT t=34134 TX ua=95 mt=T len=7
PKT t=34147 TX ua=95 mt=P len=0
PKT t=34156 RX ua=95 mt=R len=7
PKT t=34161 TX ua=95 mt=P len=0
PKT t=34190 RX ua=95 mt=R len=7
PKT t=34195 TX ua=95 mt=P len=0
PKT t=34204 RX ua=95 mt=R len=7
PKT t=34209 TX ua=95 mt=P len=0
PKT t=34218 RX ua=95 mt=R len=7
PKT t=34223 TX ua=95 mt=P len=0
PKT t=34232 RX ua=95 mt=R len=7
PKT t=34237 TX ua=95 mt=P len=0
PKT t=34246 RX ua=95 mt=R len=7
PKT t=34255 TX ua=95 mt=P len=0
PKT t=34264 RX ua=95 mt=R len=7
PKT t=34269 TX ua=95 mt=P len=0
PKT t=34298 RX ua=95 mt=R len=7
PKT t=34303 TX ua=95 mt=P len=0
PKT t=34312 RX ua=95 mt=R len=7
PKT t=34317 TX ua=95 mt=P len=0
PKT t=34326 RX ua=95 mt=R len=7
PKT t=34331 TX ua=95 mt=P len=0
PKT t=34340 RX ua=95 mt=R len=7
PKT t=34345 TX ua=95 mt=P len=0
PKT t=34355 RX ua=95 mt=R len=7
PKT t=34610 TX ua=96 mt=P len=0
PKT t=34868 TX ua=95 mt=P len=0
PKT t=34877 RX ua=95 mt=R len=7
PKT t=34882 TX ua=95 mt=T len=7
PKT t=34895 TX ua=95 mt=P len=0
PKT t=34904 RX ua=95 mt=R len=7
PKT t=34909 TX ua=95 mt=P len=0
PKT t=34918 RX ua=95 mt=R len=7
PKT t=34923 TX ua=95 mt=P len=0
PKT t=34932 RX ua=95 mt=R len=7
PKT t=34937 TX ua=95 mt=P len=0
PKT t=34946 RX ua=95 mt=R len=7
PKT t=34955 TX ua=95 mt=P len=0
PKT t=34964 RX ua=95 mt=R len=7
PKT t=34969 TX ua=95 mt=P len=0
PKT t=34999 RX ua=95 mt=R len=7
PKT t=35004 TX ua=95 mt=P len=0
PKT t=35013 RX ua=95 mt=R len=7
PKT t=35018 TX ua=95 mt=P len=0
PKT t=35029 RX ua=95 mt=R len=7
PKT t=35034 TX ua=95 mt=P len=0
PKT t=35043 RX ua=95 mt=R len=7
PKT t=35055 TX ua=95 mt=P len=0
PKT t=35064 RX ua=95 mt=R len=7
PKT t=35069 TX ua=95 mt=P len=0
PKT t=35098 RX ua=95 mt=R len=7
PKT t=35103 TX ua=95 mt=T len=7
PKT t=35115 TX ua=95 mt=P len=0
PKT t=35124 RX ua=95 mt=R len=7
PKT t=35129 TX ua=95 mt=P len=0
PKT t=35138 RX ua=95 mt=R len=7
PKT t=35143 TX ua=95 mt=P len=0
PKT t=35155 RX ua=95 mt=R len=7
PKT t=35160 TX ua=95 mt=P len=0
PKT t=35169 RX ua=95 mt=R len=7
PKT t=35174 TX ua=95 mt=P len=0
PKT t=35203 RX ua=95 mt=R len=7
PKT t=35208 TX ua=95 mt=P len=0
PKT t=35217 RX ua=95 mt=R len=7
PKT t=35222 TX ua=95 mt=P len=0
PKT t=35231 RX ua=95 mt=R len=7
PKT t=35236 TX ua=95 mt=P len=0
PKT t=35245 RX ua=95 mt=R len=7
PKT t=35255 TX ua=95 mt=P len=0
PKT t=35264 RX ua=95 mt=R len=7
PKT t=35269 TX ua=95 mt=P len=0
PKT t=35302 RX ua=95 mt=R len=7
PKT t=35307 TX ua=95 mt=P len=0
PKT t=35316 RX ua=95 mt=R len=7
PKT t=35321 TX ua=95 mt=P len=0
PKT t=35330 RX ua=95 mt=R len=7
PKT t=35335 TX ua=95 mt=P len=0
PKT t=35344 RX ua=95 mt=R len=7
PKT t=35355 TX ua=95 mt=T len=7
PKT t=35367 TX ua=95 mt=P len=0
PKT t=35377 RX ua=95 mt=R len=7
PKT t=35382 TX ua=95 mt=P len=0
PKT t=35411 RX ua=95 mt=R len=7
PKT t=35416 TX ua=95 mt=P len=0
PKT t=35426 RX ua=95 mt=R len=7
PKT t=35431 TX ua=95 mt=P len=0
PKT t=35441 RX ua=95 mt=R len=7
PKT t=35446 TX ua=95 mt=P len=0
PKT t=35456 RX ua=95 mt=R len=7
PKT t=35461 TX ua=95 mt=P len=0
PKT t=35471 RX ua=95 mt=R len=7
PKT t=35476 TX ua=95 mt=P len=0
PKT t=35486 RX ua=95 mt=R len=7
PKT t=35491 TX ua=95 mt=P len=0
PKT t=35520 RX ua=95 mt=R len=7
PKT t=35525 TX ua=95 mt=P len=0
PKT t=35535 RX ua=95 mt=R len=7
PKT t=35540 TX ua=95 mt=P len=0
PKT t=35555 RX ua=95 mt=R len=7
PKT t=35560 TX ua=95 mt=P len=0
PKT t=35570 RX ua=95 mt=R len=7
PKT t=35575 TX ua=95 mt=P len=0
PKT t=35585 RX ua=95 mt=R len=7
PKT t=35590 TX ua=95 mt=P len=0
PKT t=35620 RX ua=95 mt=R len=7
PKT t=35625 TX ua=95 mt=T len=7
PKT t=35637 TX ua=95 mt=P len=0
PKT t=35646 RX ua=95 mt=R len=7
PKT t=35655 TX ua=95 mt=P len=0
PKT t=35664 RX ua=95 mt=R len=7
PKT t=35669 TX ua=95 mt=P len=0
PKT t=35678 RX ua=95 mt=R len=7
PKT t=35683 TX ua=95 mt=P len=0
PKT t=35692 RX ua=95 mt=R len=7
PKT t=35697 TX ua=95 mt=P len=0
PKT t=35726 RX ua=95 mt=R len=7
PKT t=35731 TX ua=95 mt=P len=0
PKT t=35740 RX ua=95 mt=R len=7
PKT t=35745 TX ua=95 mt=P len=0
PKT t=35755 RX ua=95 mt=R len=7
PKT t=36010 TX ua=96 mt=P len=0
PKT t=36268 TX ua=95 mt=P len=0
PKT t=36277 RX ua=95 mt=R len=7
PKT t=36282 TX ua=95 mt=T len=7
PKT t=36294 TX ua=95 mt=P len=0
PKT t=36325 RX ua=95 mt=R len=7
PKT t=36330 TX ua=95 mt=P len=0
PKT t=36339 RX ua=95 mt=R len=7
PKT t=36344 TX ua=95 mt=P len=0
PKT t=36355 RX ua=95 mt=R len=7
PKT t=36360 TX ua=95 mt=T len=7
PKT t=36372 TX ua=95 mt=P len=0
PKT t=36381 RX ua=95 mt=R len=7
PKT t=36386 TX ua=95 mt=P len=0
PKT t=36395 RX ua=95 mt=R len=7
PKT t=36400 TX ua=95 mt=P len=0
PKT t=36429 RX ua=95 mt=R len=7
PKT t=36434 TX ua=95 mt=P len=0
PKT t=36443 RX ua=95 mt=R len=7
PKT t=36455 TX ua=95 mt=P len=0
PKT t=36464 RX ua=95 mt=R len=7
PKT t=36469 TX ua=95 mt=P len=0
PKT t=36478 RX ua=95 mt=R len=7
PKT t=36483 TX ua=95 mt=P len=0
PKT t=36492 RX ua=95 mt=R len=7
PKT t=36497 TX ua=95 mt=P len=0
PKT t=36529 RX ua=95 mt=R len=7
PKT t=36534 TX ua=95 mt=P len=0
PKT t=36543 RX ua=95 mt=R len=7
PKT t=36555 TX ua=95 mt=P len=0
PKT t=36564 RX ua=95 mt=R len=7
PKT t=36569 TX ua=95 mt=P len=0
PKT t=36578 RX ua=95 mt=R len=7
PKT t=36583 TX ua=95 mt=P len=0
PKT t=36592 RX ua=95 mt=R len=7
PKT t=36597 TX ua=95 mt=P len=0
PKT t=36628 RX ua=95 mt=R len=7
PKT t=36633 TX ua=95 mt=T len=7
PKT t=36645 TX ua=95 mt=P len=0
PKT t=36655 RX ua=95 mt=R len=7
PKT t=36910 TX ua=96 mt=P len=0
PKT t=37168 TX ua=95 mt=P len=0
PKT t=37177 RX ua=95 mt=R len=7
PKT t=37182 TX ua=95 mt=T len=7
PKT t=37195 TX ua=95 mt=P len=0
PKT t=37229 RX ua=95 mt=R len=7
PKT t=37234 TX ua=95 mt=P len=0
PKT t=37243 RX ua=95 mt=R len=7
PKT t=37255 TX ua=95 mt=P len=0
PKT t=37264 RX ua=95 mt=R len=7
PKT t=37269 TX ua=95 mt=P len=0
PKT t=37278 RX ua=95 mt=R len=7
PKT t=37283 TX ua=95 mt=P len=0
PKT t=37292 RX ua=95 mt=R len=7
PKT t=37297 TX ua=95 mt=P len=0
PKT t=37328 RX ua=95 mt=R len=7
