PKT t=7468 RX ua=95 mt=R len=7
PKT t=7473 TX ua=95 mt=P len=0
PKT t=7483 RX ua=95 mt=R len=7
PKT t=7488 TX ua=95 mt=P len=0
PKT t=7498 RX ua=95 mt=R len=7
PKT t=7503 TX ua=95 mt=P len=0
PKT t=7513 RX ua=95 mt=R len=7
PKT t=7518 TX ua=95 mt=P len=0
PKT t=7566 RX ua=95 mt=R len=7
PKT t=7571 TX ua=95 mt=P len=0
PKT t=7581 RX ua=95 mt=R len=7
PKT t=7586 TX ua=95 mt=P len=0
PKT t=7596 RX ua=95 mt=R len=7
PKT t=7601 TX ua=95 mt=P len=0
PKT t=7611 RX ua=95 mt=R len=7
PKT t=7616 TX ua=95 mt=T len=7
PKT t=7628 TX ua=95 mt=P len=0
PKT t=7648 RX ua=95 mt=R len=7
PKT t=7653 TX ua=95 mt=P len=0
PKT t=7662 RX ua=95 mt=R len=7
PKT t=7667 TX ua=95 mt=P len=0
PKT t=7676 RX ua=95 mt=R len=7
PKT t=7681 TX ua=95 mt=P len=0
PKT t=7690 RX ua=95 mt=R len=7
PKT t=7695 TX ua=95 mt=P len=0
PKT t=7704 RX ua=95 mt=R len=7
PKT t=7709 TX ua=95 mt=P len=0
PKT t=7718 RX ua=95 mt=R len=7
PKT t=7723 TX ua=95 mt=P len=0
PKT t=7752 RX ua=95 mt=R len=7
PKT t=7757 TX ua=95 mt=P len=0
PKT t=7766 RX ua=95 mt=R len=7
PKT t=7771 TX ua=95 mt=P len=0
PKT t=7780 RX ua=95 mt=R len=7
PKT t=7785 TX ua=95 mt=P len=0
PKT t=7794 RX ua=95 mt=R len=7
PKT t=7816 TX ua=95 mt=P len=0
PKT t=7825 RX ua=95 mt=R len=7
PKT t=7830 TX ua=95 mt=P len=0
PKT t=7859 RX ua=95 mt=R len=7
PKT t=7864 TX ua=95 mt=T len=7
PKT t=7876 TX ua=95 mt=P len=0
PKT t=7885 RX ua=95 mt=R len=7
PKT t=7890 TX ua=95 mt=P len=0
PKT t=7899 RX ua=95 mt=R len=7
PKT t=7904 TX ua=95 mt=P len=0
PKT t=7913 RX ua=95 mt=R len=7
PKT t=7918 TX ua=95 mt=P len=0
PKT t=7927 RX ua=95 mt=R len=7
PKT t=7932 TX ua=95 mt=P len=0
PKT t=7961 RX ua=95 mt=R len=7
PKT t=7966 TX ua=95 mt=P len=0
PKT t=7975 RX ua=95 mt=R len=7
PKT t=7980 TX ua=95 mt=P len=0
PKT t=7989 RX ua=95 mt=R len=7
PKT t=7994 TX ua=95 mt=P len=0
PKT t=8003 RX ua=95 mt=R len=7
PKT t=8008 TX ua=95 mt=P len=0
PKT t=8017 RX ua=95 mt=R len=7
PKT t=8022 TX ua=95 mt=P len=0
PKT t=8031 RX ua=95 mt=R len=7
PKT t=8036 TX ua=95 mt=P len=0
PKT t=8066 RX ua=95 mt=R len=7
PKT t=8071 TX ua=95 mt=P len=0
PKT t=8080 RX ua=95 mt=R len=7
PKT t=8085 TX ua=95 mt=P len=0
PKT t=8094 RX ua=95 mt=R len=7
PKT t=8099 TX ua=95 mt=P len=0
PKT t=8108 RX ua=95 mt=R len=7
PKT t=8113 TX ua=95 mt=T len=7
PKT t=8125 TX ua=95 mt=P len=0
PKT t=8134 RX ua=95 mt=R len=7
PKT t=8139 TX ua=95 mt=P len=0
PKT t=8168 RX ua=95 mt=R len=7
PKT t=8173 TX ua=95 mt=P len=0
PKT t=8182 RX ua=95 mt=R len=7
PKT t=8187 TX ua=95 mt=P len=0
PKT t=8196 RX ua=95 mt=R len=7
PKT t=8201 TX ua=95 mt=P len=0
PKT t=8210 RX ua=95 mt=R len=7
PKT t=8215 TX ua=95 mt=P len=0
PKT t=8224 RX ua=95 mt=R len=7
PKT t=8229 TX ua=95 mt=P len=0
PKT t=8238 RX ua=95 mt=R len=7
PKT t=8243 TX ua=95 mt=P len=0
PKT t=8272 RX ua=95 mt=R len=7
PKT t=8277 TX ua=95 mt=P len=0
PKT t=8286 RX ua=95 mt=R len=7
PKT t=8291 TX ua=95 mt=P len=0
PKT t=8316 RX ua=95 mt=R len=7
PKT t=8321 TX ua=95 mt=P len=0
PKT t=8330 RX ua=95 mt=R len=7
PKT t=8335 TX ua=95 mt=P len=0
PKT t=8344 RX ua=95 mt=R len=7
PKT t=8349 TX ua=95 mt=P len=0
PKT t=8378 RX ua=95 mt=R len=7
PKT t=8383 TX ua=95 mt=T len=7
PKT t=8395 TX ua=95 mt=P len=0
PKT t=8404 RX ua=95 mt=R len=7
PKT t=8409 TX ua=95 mt=P len=0
PKT t=8418 RX ua=95 mt=R len=7
PKT t=8423 TX ua=95 mt=P len=0
PKT t=8432 RX ua=95 mt=R len=7
PKT t=8437 TX ua=95 mt=P len=0
PKT t=8446 RX ua=95 mt=R len=7
PKT t=8451 TX ua=95 mt=P len=0
PKT t=8480 RX ua=95 mt=R len=7
PKT t=8485 TX ua=95 mt=P len=0
PKT t=8494 RX ua=95 mt=R len=7
PKT t=8499 TX ua=95 mt=P len=0
PKT t=8508 RX ua=95 mt=R len=7
PKT t=8513 TX ua=95 mt=P len=0
PKT t=8522 RX ua=95 mt=R len=7
PKT t=8527 TX ua=95 mt=P len=0
PKT t=8536 RX ua=95 mt=R len=7
PKT t=8541 TX ua=95 mt=P len=0
PKT t=8566 RX ua=95 mt=R len=7
PKT t=8571 TX ua=95 mt=P len=0
PKT t=8584 RX ua=95 mt=R len=7
PKT t=8589 TX ua=95 mt=P len=0
PKT t=8598 RX ua=95 mt=R len=7
PKT t=8603 TX ua=95 mt=P len=0
PKT t=8612 RX ua=95 mt=R len=7
PKT t=8617 TX ua=95 mt=T len=7
PKT t=8629 TX ua=95 mt=P len=0
PKT t=8638 RX ua=95 mt=R len=7
PKT t=8643 TX ua=95 mt=P len=0
PKT t=8652 RX ua=95 mt=R len=7
PKT t=8657 TX ua=95 mt=P len=0
PKT t=8686 RX ua=95 mt=R len=7
PKT t=8691 TX ua=95 mt=P len=0
PKT t=8700 RX ua=95 mt=R len=7
PKT t=8705 TX ua=95 mt=P len=0
PKT t=8714 RX ua=95 mt=R len=7
PKT t=8719 TX ua=95 mt=P len=0
PKT t=8728 RX ua=95 mt=R len=7
PKT t=8733 TX ua=95 mt=P len=0
PKT t=8742 RX ua=95 mt=R len=7
PKT t=8747 TX ua=95 mt=P len=0
PKT t=8756 RX ua=95 mt=R len=7
PKT t=8761 TX ua=95 mt=P len=0
PKT t=8790 RX ua=95 mt=R len=7
PKT t=8795 TX ua=95 mt=P len=0
PKT t=8816 RX ua=95 mt=R len=7
PKT t=9071 TX ua=96 mt=I len=13
PKT t=9579 TX ua=96 mt=T len=4
PKT t=9590 TX ua=95 mt=P len=0
PKT t=9599 RX ua=95 mt=R len=7
PKT t=9604 TX ua=95 mt=T len=7
PKT t=9616 TX ua=95 mt=P len=0
PKT t=9626 RX ua=95 mt=R len=7
PKT t=9631 TX ua=95 mt=P len=0
PKT t=9641 RX ua=95 mt=R len=7
PKT t=9646 TX ua=95 mt=P len=0
PKT t=9656 RX ua=95 mt=R len=7
PKT t=9661 TX ua=95 mt=P len=0
PKT t=9691 RX ua=95 mt=R len=7
PKT t=9695 TX ua=95 mt=P len=0
PKT t=9705 RX ua=95 mt=R len=7
PKT t=9710 TX ua=95 mt=P len=0
PKT t=9720 RX ua=95 mt=R len=7
PKT t=9725 TX ua=95 mt=P len=0
PKT t=9735 RX ua=95 mt=R len=7
PKT t=9740 TX ua=95 mt=P len=0
PKT t=9750 RX ua=95 mt=R len=7
PKT t=9755 TX ua=95 mt=P len=0
PKT t=9765 RX ua=95 mt=R len=7
PKT t=9770 TX ua=95 mt=P len=0
PKT t=9816 RX ua=95 mt=R len=7
PKT t=9821 TX ua=95 mt=P len=0
PKT t=9831 RX ua=95 mt=R len=7
PKT t=9836 TX ua=95 mt=P len=0
PKT t=9846 RX ua=95 mt=R len=7
PKT t=9851 TX ua=95 mt=P len=0
PKT t=9861 RX ua=95 mt=R len=7
PKT t=9866 TX ua=95 mt=T len=7
PKT t=9878 TX ua=95 mt=P len=0
PKT t=9900 RX ua=95 mt=R len=7
PKT t=9905 TX ua=95 mt=P len=0
PKT t=9914 RX ua=95 mt=R len=7
PKT t=9919 TX ua=95 mt=P len=0
PKT t=9928 RX ua=95 mt=R len=7
PKT t=9933 TX ua=95 mt=P len=0
PKT t=9942 RX ua=95 mt=R len=7
PKT t=9947 TX ua=95 mt=P len=0
PKT t=9956 RX ua=95 mt=R len=7
PKT t=9961 TX ua=95 mt=P len=0
PKT t=9970 RX ua=95 mt=R len=7
PKT t=9975 TX ua=95 mt=P len=0
PKT t=10004 RX ua=95 mt=R len=7
PKT t=10010 TX ua=95 mt=P len=0
PKT t=10019 RX ua=95 mt=R len=7
PKT t=10024 TX ua=95 mt=P len=0
PKT t=10033 RX ua=95 mt=R len=7
PKT t=10038 TX ua=95 mt=P len=0
PKT t=10066 RX ua=95 mt=R len=7
PKT t=10071 TX ua=95 mt=P len=0
PKT t=10104 RX ua=95 mt=R len=7
PKT t=10109 TX ua=95 mt=T len=7
PKT t=10122 TX ua=95 mt=P len=0
PKT t=10131 RX ua=95 mt=R len=7
PKT t=10136 TX ua=95 mt=T len=7
PKT t=10149 TX ua=95 mt=P len=0
PKT t=10158 RX ua=95 mt=R len=7
PKT t=10163 TX ua=95 mt=P len=0
PKT t=10172 RX ua=95 mt=R len=7
PKT t=10177 TX ua=95 mt=P len=0
PKT t=10206 RX ua=95 mt=R len=7
PKT t=10211 TX ua=95 mt=P len=0
PKT t=10220 RX ua=95 mt=R len=7
PKT t=10225 TX ua=95 mt=P len=0
PKT t=10234 RX ua=95 mt=R len=7
PKT t=10239 TX ua=95 mt=P len=0
PKT t=10248 RX ua=95 mt=R len=7
PKT t=10253 TX ua=95 mt=P len=0
PKT t=10262 RX ua=95 mt=R len=7
PKT t=10267 TX ua=95 mt=P len=0
PKT t=10276 RX ua=95 mt=R len=7
PKT t=10281 TX ua=95 mt=P len=0
PKT t=10316 RX ua=95 mt=R len=7
PKT t=10321 TX ua=95 mt=P len=0
PKT t=10330 RX ua=95 mt=R len=7
PKT t=10335 TX ua=95 mt=P len=0
PKT t=10344 RX ua=95 mt=R len=7
PKT t=10349 TX ua=95 mt=P len=0
PKT t=10358 RX ua=95 mt=R len=7
PKT t=10363 TX ua=95 mt=T len=7
PKT t=10376 TX ua=95 mt=P len=0
PKT t=10385 RX ua=95 mt=R len=7
PKT t=10390 TX ua=95 mt=P len=0
PKT t=10419 RX ua=95 mt=R len=7
PKT t=10424 TX ua=95 mt=P len=0
PKT t=10433 RX ua=95 mt=R len=7
PKT t=10438 TX ua=95 mt=P len=0
PKT t=10447 RX ua=95 mt=R len=7
PKT t=10452 TX ua=95 mt=P len=0
PKT t=10461 RX ua=95 mt=R len=7
PKT t=10466 TX ua=95 mt=P len=0
PKT t=10475 RX ua=95 mt=R len=7
PKT t=10480 TX ua=95 mt=P len=0
PKT t=10489 RX ua=95 mt=R len=7
PKT t=10494 TX ua=95 mt=P len=0
PKT t=10523 RX ua=95 mt=R len=7
PKT t=10528 TX ua=95 mt=P len=0
PKT t=10537 RX ua=95 mt=R len=7
PKT t=10542 TX ua=95 mt=P len=0
PKT t=10566 RX ua=95 mt=R len=7
PKT t=10571 TX ua=95 mt=P len=0
PKT t=10580 RX ua=95 mt=R len=7
PKT t=10585 TX ua=95 mt=P len=0
PKT t=10594 RX ua=95 mt=R len=7
PKT t=10599 TX ua=95 mt=P len=0
PKT t=10628 RX ua=95 mt=R len=7
PKT t=10633 TX ua=95 mt=T len=7
PKT t=10646 TX ua=95 mt=P len=0
PKT t=10655 RX ua=95 mt=R len=7
PKT t=10660 TX ua=95 mt=P len=0
PKT t=10669 RX ua=95 mt=R len=7
PKT t=10674 TX ua=95 mt=P len=0
PKT t=10683 RX ua=95 mt=R len=7
PKT t=10688 TX ua=95 mt=P len=0
PKT t=10698 RX ua=95 mt=R len=7
PKT t=10703 TX ua=95 mt=P len=0
PKT t=10732 RX ua=95 mt=R len=7
PKT t=10737 TX ua=95 mt=P len=0
PKT t=10746 RX ua=95 mt=R len=7
PKT t=10751 TX ua=95 mt=P len=0
PKT t=10760 RX ua=95 mt=R len=7
PKT t=10765 TX ua=95 mt=P len=0
PKT t=10774 RX ua=95 mt=R len=7
PKT t=10779 TX ua=95 mt=P len=0
PKT t=10788 RX ua=95 mt=R len=7
PKT t=10793 TX ua=95 mt=P len=0
PKT t=10816 RX ua=95 mt=R len=7
PKT t=10821 TX ua=95 mt=P len=0
PKT t=10836 RX ua=95 mt=R len=7
PKT t=10841 TX ua=95 mt=P len=0
PKT t=10850 RX ua=95 mt=R len=7
PKT t=10855 TX ua=95 mt=P len=0
PKT t=10864 RX ua=95 mt=R len=7
PKT t=10869 TX ua=95 mt=T len=7
PKT t=10882 TX ua=95 mt=P len=0
PKT t=10891 RX ua=95 mt=R len=7
PKT t=10896 TX ua=95 mt=P len=0
PKT t=10905 RX ua=95 mt=R len=7
PKT t=10910 TX ua=95 mt=P len=0
PKT t=10939 RX ua=95 mt=R len=7
PKT t=10944 TX ua=95 mt=P len=0
PKT t=10953 RX ua=95 mt=R len=7
PKT t=10958 TX ua=95 mt=P len=0
PKT t=10967 RX ua=95 mt=R len=7
PKT t=10972 TX ua=95 mt=P len=0
PKT t=10981 RX ua=95 mt=R len=7
PKT t=10986 TX ua=95 mt=P len=0
PKT t=10995 RX ua=95 mt=R len=7
PKT t=11000 TX ua=95 mt=P len=0
PKT t=11009 RX ua=95 mt=R len=7
PKT t=11014 TX ua=95 mt=P len=0
PKT t=11043 RX ua=95 mt=R len=7
PKT t=11066 TX ua=95 mt=P len=0
PKT t=11075 RX ua=95 mt=R len=7
PKT t=11080 TX ua=95 mt=P len=0
PKT t=11089 RX ua=95 mt=R len=7
PKT t=11094 TX ua=95 mt=P len=0
PKT t=11103 RX ua=95 mt=R len=7
PKT t=11108 TX ua=95 mt=P len=0
PKT t=11117 RX ua=95 mt=R len=7
PKT t=11122 TX ua=95 mt=T len=7
PKT t=11134 TX ua=95 mt=P len=0
PKT t=11153 RX ua=95 mt=R len=7
PKT t=11158 TX ua=95 mt=P len=0
PKT t=11167 RX ua=95 mt=R len=7
PKT t=11172 TX ua=95 mt=P len=0
PKT t=11181 RX ua=95 mt=R len=7
PKT t=11186 TX ua=95 mt=P len=0
PKT t=11195 RX ua=95 mt=R len=7
PKT t=11200 TX ua=95 mt=P len=0
PKT t=11209 RX ua=95 mt=R len=7
PKT t=11214 TX ua=95 mt=P len=0
PKT t=11223 RX ua=95 mt=R len=7
PKT t=11228 TX ua=95 mt=P len=0
PKT t=11257 RX ua=95 mt=R len=7
PKT t=11262 TX ua=95 mt=P len=0
PKT t=11271 RX ua=95 mt=R len=7
PKT t=11276 TX ua=95 mt=P len=0
PKT t=11285 RX ua=95 mt=R len=7
PKT t=11290 TX ua=95 mt=P len=0
PKT t=11316 RX ua=95 mt=R len=7
PKT t=11321 TX ua=95 mt=P len=0
PKT t=11330 RX ua=95 mt=R len=7
PKT t=11335 TX ua=95 mt=P len=0
PKT t=11364 RX ua=95 mt=R len=7
PKT t=11369 TX ua=95 mt=T len=7
PKT t=11381 TX ua=95 mt=P len=0
PKT t=11391 RX ua=95 mt=R len=7
PKT t=11396 TX ua=95 mt=P len=0
PKT t=11406 RX ua=95 mt=R len=7
PKT t=11411 TX ua=95 mt=P len=0
PKT t=11421 RX ua=95 mt=R len=7
PKT t=11426 TX ua=95 mt=P len=0
PKT t=11436 RX ua=95 mt=R len=7
PKT t=11441 TX ua=95 mt=P len=0
PKT t=11470 RX ua=95 mt=R len=7
PKT t=11475 TX ua=95 mt=P len=0
PKT t=11485 RX ua=95 mt=R len=7
PKT t=11490 TX ua=95 mt=P len=0
PKT t=11500 RX ua=95 mt=R len=7
PKT t=11505 TX ua=95 mt=P len=0
PKT t=11515 RX ua=95 mt=R len=7
PKT t=11520 TX ua=95 mt=P len=0
PKT t=11530 RX ua=95 mt=R len=7
PKT t=11535 TX ua=95 mt=P len=0
PKT t=11545 RX ua=95 mt=R len=7
PKT t=11566 TX ua=95 mt=P len=0
PKT t=11580 RX ua=95 mt=R len=7
PKT t=11584 TX ua=95 mt=P len=0
PKT t=11594 RX ua=95 mt=R len=7
PKT t=11599 TX ua=95 mt=P len=0
PKT t=11609 RX ua=95 mt=R len=7
PKT t=11614 TX ua=95 mt=T len=7
PKT t=11626 TX ua=95 mt=P len=0
PKT t=11635 RX ua=95 mt=R len=7
PKT t=11640 TX ua=95 mt=P len=0
PKT t=11649 RX ua=95 mt=R len=7
PKT t=11654 TX ua=95 mt=P len=0
PKT t=11683 RX ua=95 mt=R len=7
PKT t=11688 TX ua=95 mt=P len=0
PKT t=11697 RX ua=95 mt=R len=7
PKT t=11702 TX ua=95 mt=P len=0
PKT t=11711 RX ua=95 mt=R len=7
PKT t=11716 TX ua=95 mt=P len=0
PKT t=11725 RX ua=95 mt=R len=7
PKT t=11730 TX ua=95 mt=P len=0
PKT t=11739 RX ua=95 mt=R len=7
PKT t=11744 TX ua=95 mt=P len=0
PKT t=11753 RX ua=95 mt=R len=7
PKT t=11758 TX ua=95 mt=P len=0
PKT t=11787 RX ua=95 mt=R len=7
PKT t=11792 TX ua=95 mt=P len=0
PKT t=11816 RX ua=95 mt=R len=7
PKT t=11821 TX ua=95 mt=P len=0
PKT t=11830 RX ua=95 mt=R len=7
PKT t=11835 TX ua=95 mt=P len=0
PKT t=11844 RX ua=95 mt=R len=7
PKT t=11849 TX ua=95 mt=P len=0
PKT t=11858 RX ua=95 mt=R len=7
PKT t=11863 TX ua=95 mt=T len=7
PKT t=11875 TX ua=95 mt=P len=0
PKT t=11894 RX ua=95 mt=R len=7
PKT t=11899 TX ua=95 mt=P len=0
PKT t=11908 RX ua=95 mt=R len=7
PKT t=11913 TX ua=95 mt=P len=0
PKT t=11922 RX ua=95 mt=R len=7
PKT t=11927 TX ua=95 mt=P len=0
PKT t=11936 RX ua=95 mt=R len=7
PKT t=11941 TX ua=95 mt=P len=0
PKT t=11950 RX ua=95 mt=R len=7
PKT t=11955 TX ua=95 mt=P len=0
PKT t=11964 RX ua=95 mt=R len=7
PKT t=11969 TX ua=95 mt=P len=0
PKT t=11998 RX ua=95 mt=R len=7
PKT t=12003 TX ua=95 mt=P len=0
PKT t=12012 RX ua=95 mt=R len=7
PKT t=12017 TX ua=95 mt=P len=0
PKT t=12026 RX ua=95 mt=R len=7
PKT t=12031 TX ua=95 mt=P len=0
PKT t=12040 RX ua=95 mt=R len=7
PKT t=12045 TX ua=95 mt=P len=0
PKT t=12066 RX ua=95 mt=R len=7
PKT t=12321 TX ua=96 mt=P len=0
PKT t=12579 TX ua=95 mt=P len=0
PKT t=12588 RX ua=95 mt=R len=7
PKT t=12593 TX ua=95 mt=T len=7
PKT t=12605 TX ua=95 mt=P len=0
PKT t=12614 RX ua=95 mt=R len=7
PKT t=12619 TX ua=95 mt=T len=7
PKT t=12631 TX ua=95 mt=P len=0
PKT t=12640 RX ua=95 mt=R len=7
PKT t=12645 TX ua=95 mt=P len=0
PKT t=12654 RX ua=95 mt=R len=7
PKT t=12659 TX ua=95 mt=P len=0
PKT t=12668 RX ua=95 mt=R len=7
PKT t=12673 TX ua=95 mt=P len=0
PKT t=12702 RX ua=95 mt=R len=7
PKT t=12707 TX ua=95 mt=P len=0
PKT t=12716 RX ua=95 mt=R len=7
PKT t=12721 TX ua=95 mt=P len=0
PKT t=12730 RX ua=95 mt=R len=7
PKT t=12735 TX ua=95 mt=P len=0
PKT t=12744 RX ua=95 mt=R len=7
PKT t=12749 TX ua=95 mt=P len=0
PKT t=12758 RX ua=95 mt=R len=7
PKT t=12763 TX ua=95 mt=P len=0
PKT t=12772 RX ua=95 mt=R len=7
PKT t=12777 TX ua=95 mt=P len=0
PKT t=12816 RX ua=95 mt=R len=7
PKT t=12821 TX ua=95 mt=P len=0
PKT t=12830 RX ua=95 mt=R len=7
PKT t=12835 TX ua=95 mt=P len=0
PKT t=12844 RX ua=95 mt=R len=7
PKT t=12849 TX ua=95 mt=P len=0
PKT t=12858 RX ua=95 mt=R len=7
PKT t=12863 TX ua=95 mt=T len=7
PKT t=12875 TX ua=95 mt=P len=0
PKT t=12907 RX ua=95 mt=R len=7
PKT t=12911 TX ua=95 mt=P len=0
PKT t=12920 RX ua=95 mt=R len=7
PKT t=12925 TX ua=95 mt=P len=0
PKT t=12934 RX ua=95 mt=R len=7
PKT t=12939 TX ua=95 mt=P len=0
PKT t=12948 RX ua=95 mt=R len=7
PKT t=12953 TX ua=95 mt=P len=0
PKT t=12962 RX ua=95 mt=R len=7
PKT t=12967 TX ua=95 mt=P len=0
PKT t=12976 RX ua=95 mt=R len=7
PKT t=12981 TX ua=95 mt=P len=0
PKT t=13011 RX ua=95 mt=R len=7
PKT t=13016 TX ua=95 mt=P len=0
PKT t=13025 RX ua=95 mt=R len=7
PKT t=13030 TX ua=95 mt=P len=0
PKT t=13039 RX ua=95 mt=R len=7
PKT t=13044 TX ua=95 mt=P len=0
PKT t=13066 RX ua=95 mt=R len=7
PKT t=13071 TX ua=95 mt=P len=0
PKT t=13080 RX ua=95 mt=R len=7
PKT t=13085 TX ua=95 mt=P len=0
PKT t=13114 RX ua=95 mt=R len=7
PKT t=13119 TX ua=95 mt=T len=7
PKT t=13132 TX ua=95 mt=P len=0
PKT t=13141 RX ua=95 mt=R len=7
PKT t=13146 TX ua=95 mt=P len=0
PKT t=13155 RX ua=95 mt=R len=7
PKT t=13160 TX ua=95 mt=P len=0
PKT t=13169 RX ua=95 mt=R len=7
PKT t=13174 TX ua=95 mt=P len=0
PKT t=13183 RX ua=95 mt=R len=7
PKT t=13188 TX ua=95 mt=P len=0
PKT t=13217 RX ua=95 mt=R len=7
PKT t=13222 TX ua=95 mt=P len=0
PKT t=13231 RX ua=95 mt=R len=7
PKT t=13236 TX ua=95 mt=P len=0
PKT t=13245 RX ua=95 mt=R len=7
PKT t=13250 TX ua=95 mt=P len=0
PKT t=13259 RX ua=95 mt=R len=7
PKT t=13264 TX ua=95 mt=P len=0
PKT t=13273 RX ua=95 mt=R len=7
PKT t=13278 TX ua=95 mt=P len=0
PKT t=13287 RX ua=95 mt=R len=7
PKT t=13292 TX ua=95 mt=P len=0
PKT t=13321 RX ua=95 mt=R len=7
PKT t=13326 TX ua=95 mt=P len=0
PKT t=13335 RX ua=95 mt=R len=7
PKT t=13340 TX ua=95 mt=P len=0
PKT t=13349 RX ua=95 mt=R len=7
PKT t=13354 TX ua=95 mt=P len=0
PKT t=13363 RX ua=95 mt=R len=7
PKT t=13368 TX ua=95 mt=T len=7
PKT t=13381 TX ua=95 mt=P len=0
PKT t=13391 RX ua=95 mt=R len=7
PKT t=13396 TX ua=95 mt=P len=0
PKT t=13425 RX ua=95 mt=R len=7
PKT t=13430 TX ua=95 mt=P len=0
PKT t=13440 RX ua=95 mt=R len=7
PKT t=13445 TX ua=95 mt=P len=0
PKT t=13455 RX ua=95 mt=R len=7
PKT t=13460 TX ua=95 mt=P len=0
PKT t=13470 RX ua=95 mt=R len=7
PKT t=13475 TX ua=95 mt=P len=0
PKT t=13485 RX ua=95 mt=R len=7
PKT t=13490 TX ua=95 mt=P len=0
PKT t=13500 RX ua=95 mt=R len=7
PKT t=13505 TX ua=95 mt=P len=0
PKT t=13534 RX ua=95 mt=R len=7
PKT t=13539 TX ua=95 mt=P len=0
PKT t=13566 RX ua=95 mt=R len=7
PKT t=13571 TX ua=95 mt=P len=0
PKT t=13581 RX ua=95 mt=R len=7
PKT t=13586 TX ua=95 mt=P len=0
PKT t=13596 RX ua=95 mt=R len=7
PKT t=13601 TX ua=95 mt=P len=0
PKT t=13633 RX ua=95 mt=R len=7
PKT t=13638 TX ua=95 mt=T len=7
PKT t=13651 TX ua=95 mt=P len=0
PKT t=13660 RX ua=95 mt=R len=7
PKT t=13665 TX ua=95 mt=P len=0
PKT t=13674 RX ua=95 mt=R len=7
PKT t=13679 TX ua=95 mt=P len=0
PKT t=13688 RX ua=95 mt=R len=7
PKT t=13693 TX ua=95 mt=P len=0
PKT t=13702 RX ua=95 mt=R len=7
PKT t=13707 TX ua=95 mt=P len=0
PKT t=13738 RX ua=95 mt=R len=7
PKT t=13743 TX ua=95 mt=P len=0
PKT t=13752 RX ua=95 mt=R len=7
PKT t=13757 TX ua=95 mt=P len=0
PKT t=13766 RX ua=95 mt=R len=7
PKT t=13771 TX ua=95 mt=P len=0
PKT t=13780 RX ua=95 mt=R len=7
PKT t=13785 TX ua=95 mt=P len=0
PKT t=13794 RX ua=95 mt=R len=7
PKT t=13816 TX ua=95 mt=P len=0
PKT t=13836 RX ua=95 mt=R len=7
PKT t=13841 TX ua=95 mt=P len=0
PKT t=13850 RX ua=95 mt=R len=7
PKT t=13855 TX ua=95 mt=P len=0
PKT t=13864 RX ua=95 mt=R len=7
PKT t=13869 TX ua=95 mt=T len=7
PKT t=13882 TX ua=95 mt=P len=0
PKT t=13891 RX ua=95 mt=R len=7
PKT t=13896 TX ua=95 mt=P len=0
PKT t=13905 RX ua=95 mt=R len=7
PKT t=13910 TX ua=95 mt=P len=0
PKT t=13939 RX ua=95 mt=R len=7
PKT t=13944 TX ua=95 mt=P len=0
PKT t=13953 RX ua=95 mt=R len=7
PKT t=13958 TX ua=95 mt=P len=0
PKT t=13967 RX ua=95 mt=R len=7
PKT t=13972 TX ua=95 mt=P len=0
PKT t=13981 RX ua=95 mt=R len=7
PKT t=13986 TX ua=95 mt=P len=0
PKT t=13996 RX ua=95 mt=R len=7
PKT t=14001 TX ua=95 mt=P len=0
PKT t=14011 RX ua=95 mt=R len=7
PKT t=14016 TX ua=95 mt=P len=0
PKT t=14044 RX ua=95 mt=R len=7
PKT t=14066 TX ua=95 mt=P len=0
PKT t=14075 RX ua=95 mt=R len=7
PKT t=14080 TX ua=95 mt=P len=0
PKT t=14090 RX ua=95 mt=R len=7
PKT t=14094 TX ua=95 mt=P len=0
PKT t=14103 RX ua=95 mt=R len=7
PKT t=14108 TX ua=95 mt=P len=0
PKT t=14117 RX ua=95 mt=R len=7
PKT t=14122 TX ua=95 mt=T len=7
PKT t=14134 TX ua=95 mt=P len=0
PKT t=14153 RX ua=95 mt=R len=7
PKT t=14158 TX ua=95 mt=P len=0
PKT t=14167 RX ua=95 mt=R len=7
PKT t=14172 TX ua=95 mt=P len=0
PKT t=14181 RX ua=95 mt=R len=7
PKT t=14186 TX ua=95 mt=P len=0
PKT t=14195 RX ua=95 mt=R len=7
PKT t=14200 TX ua=95 mt=P len=0
PKT t=14209 RX ua=95 mt=R len=7
PKT t=14214 TX ua=95 mt=P len=0
PKT t=14223 RX ua=95 mt=R len=7
PKT t=14228 TX ua=95 mt=P len=0
PKT t=14257 RX ua=95 mt=R len=7
PKT t=14262 TX ua=95 mt=P len=0
PKT t=14271 RX ua=95 mt=R len=7
PKT t=14276 TX ua=95 mt=P len=0
PKT t=14285 RX ua=95 mt=R len=7
PKT t=14290 TX ua=95 mt=P len=0
PKT t=14316 RX ua=95 mt=R len=7
PKT t=14321 TX ua=95 mt=P len=0
PKT t=14330 RX ua=95 mt=R len=7
PKT t=14335 TX ua=95 mt=P len=0
PKT t=14364 RX ua=95 mt=R len=7
PKT t=14369 TX ua=95 mt=T len=7
PKT t=14381 TX ua=95 mt=P len=0
PKT t=14390 RX ua=95 mt=R len=7
PKT t=14395 TX ua=95 mt=P len=0
PKT t=14404 RX ua=95 mt=R len=7
PKT t=14409 TX ua=95 mt=P len=0
PKT t=14418 RX ua=95 mt=R len=7
PKT t=14423 TX ua=95 mt=P len=0
PKT t=14432 RX ua=95 mt=R len=7
PKT t=14437 TX ua=95 mt=P len=0
PKT t=14466 RX ua=95 mt=R len=7
PKT t=14471 TX ua=95 mt=P len=0
PKT t=14480 RX ua=95 mt=R len=7
PKT t=14485 TX ua=95 mt=P len=0
PKT t=14494 RX ua=95 mt=R len=7
PKT t=14499 TX ua=95 mt=P len=0
PKT t=14508 RX ua=95 mt=R len=7
PKT t=14513 TX ua=95 mt=P len=0
PKT t=14522 RX ua=95 mt=R len=7
PKT t=14527 TX ua=95 mt=P len=0
PKT t=14536 RX ua=95 mt=R len=7
PKT t=14541 TX ua=95 mt=P len=0
PKT t=14570 RX ua=95 mt=R len=7
PKT t=14575 TX ua=95 mt=P len=0
PKT t=14584 RX ua=95 mt=R len=7
PKT t=14589 TX ua=95 mt=P len=0
PKT t=14598 RX ua=95 mt=R len=7
PKT t=14603 TX ua=95 mt=P len=0
PKT t=14612 RX ua=95 mt=R len=7
PKT t=14617 TX ua=95 mt=T len=7
PKT t=14629 TX ua=95 mt=P len=0
PKT t=14638 RX ua=95 mt=R len=7
PKT t=14643 TX ua=95 mt=P len=0
PKT t=14673 RX ua=95 mt=R len=7
PKT t=14678 TX ua=95 mt=P len=0
PKT t=14687 RX ua=95 mt=R len=7
PKT t=14692 TX ua=95 mt=P len=0
PKT t=14701 RX ua=95 mt=R len=7
PKT t=14706 TX ua=95 mt=P len=0
PKT t=14715 RX ua=95 mt=R len=7
PKT t=14720 TX ua=95 mt=P len=0
PKT t=14729 RX ua=95 mt=R len=7
PKT t=14734 TX ua=95 mt=P len=0
PKT t=14743 RX ua=95 mt=R len=7
PKT t=14748 TX ua=95 mt=P len=0
PKT t=14777 RX ua=95 mt=R len=7
PKT t=14782 TX ua=95 mt=P len=0
PKT t=14791 RX ua=95 mt=R len=7
PKT t=14796 TX ua=95 mt=P len=0
PKT t=14816 RX ua=95 mt=R len=7
PKT t=15071 TX ua=96 mt=P len=0
PKT t=15329 TX ua=95 mt=P len=0
PKT t=15338 RX ua=95 mt=R len=7
PKT t=15343 TX ua=95 mt=T len=7
PKT t=15355 TX ua=95 mt=P len=0
PKT t=15383 RX ua=95 mt=R len=7
PKT t=15388 TX ua=95 mt=T len=7
PKT t=15400 TX ua=95 mt=P len=0
PKT t=15410 RX ua=95 mt=R len=7
PKT t=15415 TX ua=95 mt=P len=0
PKT t=15425 RX ua=95 mt=R len=7
PKT t=15430 TX ua=95 mt=P len=0
PKT t=15440 RX ua=95 mt=R len=7
PKT t=15445 TX ua=95 mt=P len=0
PKT t=15455 RX ua=95 mt=R len=7
PKT t=15460 TX ua=95 mt=P len=0
PKT t=15489 RX ua=95 mt=R len=7
PKT t=15494 TX ua=95 mt=P len=0
PKT t=15504 RX ua=95 mt=R len=7
PKT t=15509 TX ua=95 mt=P len=0
PKT t=15519 RX ua=95 mt=R len=7
PKT t=15524 TX ua=95 mt=P len=0
PKT t=15534 RX ua=95 mt=R len=7
PKT t=15539 TX ua=95 mt=P len=0
PKT t=15566 RX ua=95 mt=R len=7
PKT t=15571 TX ua=95 mt=P len=0
PKT t=15588 RX ua=95 mt=R len=7
PKT t=15593 TX ua=95 mt=P len=0
PKT t=15603 RX ua=95 mt=R len=7
PKT t=15608 TX ua=95 mt=P len=0
PKT t=15618 RX ua=95 mt=R len=7
PKT t=15623 TX ua=95 mt=T len=7
PKT t=15635 TX ua=95 mt=P len=0
PKT t=15644 RX ua=95 mt=R len=7
PKT t=15649 TX ua=95 mt=P len=0
PKT t=15658 RX ua=95 mt=R len=7
PKT t=15663 TX ua=95 mt=P len=0
PKT t=15693 RX ua=95 mt=R len=7
PKT t=15697 TX ua=95 mt=P len=0
PKT t=15706 RX ua=95 mt=R len=7
PKT t=15711 TX ua=95 mt=P len=0
PKT t=15720 RX ua=95 mt=R len=7
PKT t=15725 TX ua=95 mt=P len=0
PKT t=15734 RX ua=95 mt=R len=7
PKT t=15739 TX ua=95 mt=P len=0
PKT t=15748 RX ua=95 mt=R len=7
PKT t=15753 TX ua=95 mt=P len=0
PKT t=15762 RX ua=95 mt=R len=7
PKT t=15767 TX ua=95 mt=P len=0
PKT t=15796 RX ua=95 mt=R len=7
PKT t=15816 TX ua=95 mt=P len=0
PKT t=15825 RX ua=95 mt=R len=7
PKT t=15830 TX ua=95 mt=P len=0
PKT t=15839 RX ua=95 mt=R len=7
PKT t=15844 TX ua=95 mt=P len=0
PKT t=15853 RX ua=95 mt=R len=7
PKT t=15858 TX ua=95 mt=P len=0
PKT t=15867 RX ua=95 mt=R len=7
PKT t=15872 TX ua=95 mt=T len=7
PKT t=15884 TX ua=95 mt=P len=0
PKT t=15903 RX ua=95 mt=R len=7
PKT t=15908 TX ua=95 mt=P len=0
PKT t=15917 RX ua=95 mt=R len=7
PKT t=15922 TX ua=95 mt=P len=0
PKT t=15931 RX ua=95 mt=R len=7
PKT t=15936 TX ua=95 mt=P len=0
PKT t=15945 RX ua=95 mt=R len=7
PKT t=15950 TX ua=95 mt=P len=0
PKT t=15959 RX ua=95 mt=R len=7
PKT t=15964 TX ua=95 mt=P len=0
PKT t=15973 RX ua=95 mt=R len=7
PKT t=15978 TX ua=95 mt=P len=0
PKT t=16007 RX ua=95 mt=R len=7
PKT t=16012 TX ua=95 mt=P len=0
PKT t=16021 RX ua=95 mt=R len=7
PKT t=16026 TX ua=95 mt=P len=0
PKT t=16035 RX ua=95 mt=R len=7
PKT t=16040 TX ua=95 mt=P len=0
PKT t=16066 RX ua=95 mt=R len=7
PKT t=16071 TX ua=95 mt=P len=0
PKT t=16080 RX ua=95 mt=R len=7
PKT t=16085 TX ua=95 mt=P len=0
PKT t=16119 RX ua=95 mt=R len=7
PKT t=16124 TX ua=95 mt=T len=7
PKT t=16136 TX ua=95 mt=P len=0
PKT t=16145 RX ua=95 mt=R len=7
PKT t=16150 TX ua=95 mt=P len=0
PKT t=16159 RX ua=95 mt=R len=7
PKT t=16164 TX ua=95 mt=P len=0
PKT t=16173 RX ua=95 mt=R len=7
PKT t=16178 TX ua=95 mt=P len=0
PKT t=16187 RX ua=95 mt=R len=7
PKT t=16192 TX ua=95 mt=P len=0
PKT t=16221 RX ua=95 mt=R len=7
PKT t=16226 TX ua=95 mt=P len=0
PKT t=16235 RX ua=95 mt=R len=7
PKT t=16240 TX ua=95 mt=P len=0
PKT t=16249 RX ua=95 mt=R len=7
PKT t=16254 TX ua=95 mt=P len=0
PKT t=16263 RX ua=95 mt=R len=7
PKT t=16268 TX ua=95 mt=P len=0
PKT t=16277 RX ua=95 mt=R len=7
PKT t=16282 TX ua=95 mt=P len=0
PKT t=16291 RX ua=95 mt=R len=7
PKT t=16296 TX ua=95 mt=P len=0
PKT t=16325 RX ua=95 mt=R len=7
PKT t=16330 TX ua=95 mt=P len=0
PKT t=16339 RX ua=95 mt=R len=7
PKT t=16344 TX ua=95 mt=P len=0
PKT t=16353 RX ua=95 mt=R len=7
PKT t=16358 TX ua=95 mt=P len=0
PKT t=16367 RX ua=95 mt=R len=7
PKT t=16372 TX ua=95 mt=T len=7
PKT t=16384 TX ua=95 mt=P len=0
PKT t=16393 RX ua=95 mt=R len=7
PKT t=16398 TX ua=95 mt=P len=0
PKT t=16427 RX ua=95 mt=R len=7
PKT t=16432 TX ua=95 mt=P len=0
PKT t=16441 RX ua=95 mt=R len=7
PKT t=16446 TX ua=95 mt=P len=0
PKT t=16455 RX ua=95 mt=R len=7
PKT t=16460 TX ua=95 mt=P len=0
PKT t=16469 RX ua=95 mt=R len=7
PKT t=16474 TX ua=95 mt=P len=0
PKT t=16483 RX ua=95 mt=R len=7
PKT t=16488 TX ua=95 mt=P len=0
PKT t=16497 RX ua=95 mt=R len=7
PKT t=16502 TX ua=95 mt=P len=0
PKT t=16531 RX ua=95 mt=R len=7
PKT t=16536 TX ua=95 mt=P len=0
PKT t=16545 RX ua=95 mt=R len=7
PKT t=16566 TX ua=95 mt=P len=0
PKT t=16575 RX ua=95 mt=R len=7
PKT t=16580 TX ua=95 mt=P len=0
PKT t=16589 RX ua=95 mt=R len=7
PKT t=16594 TX ua=95 mt=P len=0
PKT t=16603 RX ua=95 mt=R len=7
PKT t=16608 TX ua=95 mt=P len=0
PKT t=16637 RX ua=95 mt=R len=7
PKT t=16642 TX ua=95 mt=T len=7
PKT t=16654 TX ua=95 mt=P len=0
PKT t=16663 RX ua=95 mt=R len=7
PKT t=16668 TX ua=95 mt=P len=0
PKT t=16677 RX ua=95 mt=R len=7
PKT t=16682 TX ua=95 mt=P len=0
PKT t=16691 RX ua=95 mt=R len=7
PKT t=16696 TX ua=95 mt=P len=0
PKT t=16705 RX ua=95 mt=R len=7
PKT t=16710 TX ua=95 mt=P len=0
PKT t=16739 RX ua=95 mt=R len=7
PKT t=16744 TX ua=95 mt=P len=0
PKT t=16753 RX ua=95 mt=R len=7
PKT t=16758 TX ua=95 mt=P len=0
PKT t=16767 RX ua=95 mt=R len=7
PKT t=16772 TX ua=95 mt=P len=0
PKT t=16781 RX ua=95 mt=R len=7
PKT t=16786 TX ua=95 mt=P len=0
PKT t=16796 RX ua=95 mt=R len=7
PKT t=16816 TX ua=95 mt=P len=0
PKT t=16839 RX ua=95 mt=R len=7
PKT t=16844 TX ua=95 mt=P len=0
PKT t=16853 RX ua=95 mt=R len=7
PKT t=16858 TX ua=95 mt=P len=0
PKT t=16867 RX ua=95 mt=R len=7
PKT t=16872 TX ua=95 mt=T len=7
PKT t=16884 TX ua=95 mt=P len=0
PKT t=16893 RX ua=95 mt=R len=7
PKT t=16898 TX ua=95 mt=P len=0
PKT t=16907 RX ua=95 mt=R len=7
PKT t=16912 TX ua=95 mt=P len=0
PKT t=16941 RX ua=95 mt=R len=7
PKT t=16946 TX ua=95 mt=P len=0
PKT t=16955 RX ua=95 mt=R len=7
PKT t=16960 TX ua=95 mt=P len=0
PKT t=16969 RX ua=95 mt=R len=7
PKT t=16974 TX ua=95 mt=P len=0
PKT t=16983 RX ua=95 mt=R len=7
PKT t=16988 TX ua=95 mt=P len=0
PKT t=16997 RX ua=95 mt=R len=7
PKT t=17002 TX ua=95 mt=P len=0
PKT t=17011 RX ua=95 mt=R len=7
PKT t=17016 TX ua=95 mt=P len=0
PKT t=17045 RX ua=95 mt=R len=7
PKT t=17066 TX ua=95 mt=P len=0
PKT t=17075 RX ua=95 mt=R len=7
PKT t=17080 TX ua=95 mt=P len=0
PKT t=17089 RX ua=95 mt=R len=7
PKT t=17094 TX ua=95 mt=P len=0
PKT t=17103 RX ua=95 mt=R len=7
PKT t=17108 TX ua=95 mt=P len=0
PKT t=17117 RX ua=95 mt=R len=7
PKT t=17122 TX ua=95 mt=T len=7
PKT t=17134 TX ua=95 mt=P len=0
PKT t=17153 RX ua=95 mt=R len=7
PKT t=17158 TX ua=95 mt=P len=0
PKT t=17167 RX ua=95 mt=R len=7
PKT t=17172 TX ua=95 mt=P len=0
PKT t=17181 RX ua=95 mt=R len=7
PKT t=17186 TX ua=95 mt=P len=0
PKT t=17195 RX ua=95 mt=R len=7
PKT t=17200 TX ua=95 mt=P len=0
PKT t=17209 RX ua=95 mt=R len=7
PKT t=17214 TX ua=95 mt=P len=0
PKT t=17223 RX ua=95 mt=R len=7
PKT t=17228 TX ua=95 mt=P len=0
PKT t=17257 RX ua=95 mt=R len=7
PKT t=17262 TX ua=95 mt=P len=0
PKT t=17271 RX ua=95 mt=R len=7
PKT t=17276 TX ua=95 mt=P len=0
PKT t=17285 RX ua=95 mt=R len=7
PKT t=17290 TX ua=95 mt=P len=0
PKT t=17316 RX ua=95 mt=R len=7
PKT t=17321 TX ua=95 mt=P len=0
PKT t=17330 RX ua=95 mt=R len=7
PKT t=17335 TX ua=95 mt=P len=0
PKT t=17364 RX ua=95 mt=R len=7
PKT t=17369 TX ua=95 mt=T len=7
PKT t=17381 TX ua=95 mt=P len=0
PKT t=17391 RX ua=95 mt=R len=7
PKT t=17396 TX ua=95 mt=P len=0
PKT t=17406 RX ua=95 mt=R len=7
PKT t=17411 TX ua=95 mt=P len=0
PKT t=17421 RX ua=95 mt=R len=7
PKT t=17426 TX ua=95 mt=P len=0
PKT t=17436 RX ua=95 mt=R len=7
PKT t=17441 TX ua=95 mt=P len=0
PKT t=17470 RX ua=95 mt=R len=7
PKT t=17475 TX ua=95 mt=P len=0
PKT t=17485 RX ua=95 mt=R len=7
PKT t=17490 TX ua=95 mt=P len=0
PKT t=17500 RX ua=95 mt=R len=7
PKT t=17505 TX ua=95 mt=P len=0
PKT t=17515 RX ua=95 mt=R len=7
PKT t=17520 TX ua=95 mt=P len=0
PKT t=17530 RX ua=95 mt=R len=7
PKT t=17535 TX ua=95 mt=P len=0
PKT t=17545 RX ua=95 mt=R len=7
PKT t=17566 TX ua=95 mt=P len=0
PKT t=17579 RX ua=95 mt=R len=7
PKT t=17584 TX ua=95 mt=P len=0
PKT t=17594 RX ua=95 mt=R len=7
PKT t=17599 TX ua=95 mt=P len=0
PKT t=17609 RX ua=95 mt=R len=7
PKT t=17614 TX ua=95 mt=T len=7
PKT t=17626 TX ua=95 mt=P len=0
PKT t=17635 RX ua=95 mt=R len=7
PKT t=17640 TX ua=95 mt=P len=0
PKT t=17649 RX ua=95 mt=R len=7
PKT t=17654 TX ua=95 mt=P len=0
PKT t=17683 RX ua=95 mt=R len=7
PKT t=17688 TX ua=95 mt=P len=0
PKT t=17698 RX ua=95 mt=R len=7
PKT t=17702 TX ua=95 mt=P len=0
PKT t=17711 RX ua=95 mt=R len=7
PKT t=17716 TX ua=95 mt=P len=0
PKT t=17725 RX ua=95 mt=R len=7
PKT t=17730 TX ua=95 mt=P len=0
PKT t=17739 RX ua=95 mt=R len=7
PKT t=17744 TX ua=95 mt=P len=0
PKT t=17753 RX ua=95 mt=R len=7
PKT t=17758 TX ua=95 mt=P len=0
PKT t=17787 RX ua=95 mt=R len=7
PKT t=17792 TX ua=95 mt=P len=0
PKT t=17816 RX ua=95 mt=R len=7
PKT t=17821 TX ua=95 mt=P len=0
PKT t=17830 RX ua=95 mt=R len=7
PKT t=17835 TX ua=95 mt=P len=0
PKT t=17844 RX ua=95 mt=R len=7
PKT t=17849 TX ua=95 mt=P len=0
PKT t=17858 RX ua=95 mt=R len=7
PKT t=17863 TX ua=95 mt=T len=7
PKT t=17875 TX ua=95 mt=P len=0
PKT t=17894 RX ua=95 mt=R len=7
PKT t=17899 TX ua=95 mt=P len=0
PKT t=17908 RX ua=95 mt=R len=7
PKT t=17913 TX ua=95 mt=P len=0
PKT t=17922 RX ua=95 mt=R len=7
PKT t=17927 TX ua=95 mt=P len=0
PKT t=17936 RX ua=95 mt=R len=7
PKT t=17941 TX ua=95 mt=P len=0
PKT t=17950 RX ua=95 mt=R len=7
PKT t=17955 TX ua=95 mt=P len=0
PKT t=17964 RX ua=95 mt=R len=7
PKT t=17969 TX ua=95 mt=P len=0
PKT t=17998 RX ua=95 mt=R len=7
PKT t=18003 TX ua=95 mt=P len=0
PKT t=18013 RX ua=95 mt=R len=7
PKT t=18018 TX ua=95 mt=P len=0
PKT t=18027 RX ua=95 mt=R len=7
PKT t=18032 TX ua=95 mt=P len=0
PKT t=18041 RX ua=95 mt=R len=7
PKT t=18046 TX ua=95 mt=P len=0
PKT t=18066 RX ua=95 mt=R len=7
PKT t=18321 TX ua=96 mt=P len=0
PKT t=18579 TX ua=95 mt=P len=0
PKT t=18588 RX ua=95 mt=R len=7
PKT t=18593 TX ua=95 mt=T len=7
PKT t=18606 TX ua=95 mt=P len=0
PKT t=18615 RX ua=95 mt=R len=7
PKT t=18620 TX ua=95 mt=T len=7
PKT t=18633 TX ua=95 mt=P len=0
PKT t=18642 RX ua=95 mt=R len=7
PKT t=18647 TX ua=95 mt=P len=0
PKT t=18656 RX ua=95 mt=R len=7
PKT t=18661 TX ua=95 mt=P len=0
PKT t=18670 RX ua=95 mt=R len=7
PKT t=18675 TX ua=95 mt=P len=0
PKT t=18704 RX ua=95 mt=R len=7
PKT t=18709 TX ua=95 mt=P len=0
PKT t=18718 RX ua=95 mt=R len=7
PKT t=18723 TX ua=95 mt=P len=0
PKT t=18732 RX ua=95 mt=R len=7
PKT t=18737 TX ua=95 mt=P len=0
PKT t=18746 RX ua=95 mt=R len=7
PKT t=18751 TX ua=95 mt=P len=0
PKT t=18760 RX ua=95 mt=R len=7
PKT t=18765 TX ua=95 mt=P len=0
PKT t=18774 RX ua=95 mt=R len=7
PKT t=18779 TX ua=95 mt=P len=0
PKT t=18816 RX ua=95 mt=R len=7
PKT t=18821 TX ua=95 mt=P len=0
PKT t=18830 RX ua=95 mt=R len=7
PKT t=18835 TX ua=95 mt=P len=0
PKT t=18844 RX ua=95 mt=R len=7
PKT t=18849 TX ua=95 mt=P len=0
PKT t=18858 RX ua=95 mt=R len=7
PKT t=18863 TX ua=95 mt=T len=7
PKT t=18876 TX ua=95 mt=P len=0
PKT t=18909 RX ua=95 mt=R len=7
PKT t=18914 TX ua=95 mt=P len=0
PKT t=18923 RX ua=95 mt=R len=7
PKT t=18928 TX ua=95 mt=P len=0
PKT t=18937 RX ua=95 mt=R len=7
PKT t=18942 TX ua=95 mt=P len=0
PKT t=18951 RX ua=95 mt=R len=7
PKT t=18956 TX ua=95 mt=P len=0
PKT t=18965 RX ua=95 mt=R len=7
PKT t=18970 TX ua=95 mt=P len=0
PKT t=18979 RX ua=95 mt=R len=7
PKT t=18984 TX ua=95 mt=P len=0
PKT t=19013 RX ua=95 mt=R len=7
PKT t=19018 TX ua=95 mt=P len=0
PKT t=19027 RX ua=95 mt=R len=7
PKT t=19032 TX ua=95 mt=P len=0
PKT t=19041 RX ua=95 mt=R len=7
PKT t=19046 TX ua=95 mt=P len=0
PKT t=19066 RX ua=95 mt=R len=7
PKT t=19321 TX ua=96 mt=P len=0
PKT t=19579 TX ua=95 mt=P len=0
PKT t=19588 RX ua=95 mt=R len=7
PKT t=19593 TX ua=95 mt=T len=7
PKT t=19605 TX ua=95 mt=P len=0
PKT t=19624 RX ua=95 mt=R len=7
PKT t=19629 TX ua=95 mt=T len=7
PKT t=19641 TX ua=95 mt=P len=0
PKT t=19650 RX ua=95 mt=R len=7
PKT t=19655 TX ua=95 mt=P len=0
PKT t=19664 RX ua=95 mt=R len=7
PKT t=19669 TX ua=95 mt=P len=0
PKT t=19678 RX ua=95 mt=R len=7
PKT t=19683 TX ua=95 mt=P len=0
PKT t=19692 RX ua=95 mt=R len=7
PKT t=19697 TX ua=95 mt=P len=0
PKT t=19727 RX ua=95 mt=R len=7
PKT t=19731 TX ua=95 mt=P len=0
PKT t=19740 RX ua=95 mt=R len=7
PKT t=19745 TX ua=95 mt=P len=0
PKT t=19754 RX ua=95 mt=R len=7
PKT t=19759 TX ua=95 mt=P len=0
PKT t=19768 RX ua=95 mt=R len=7
PKT t=19773 TX ua=95 mt=P len=0
PKT t=19782 RX ua=95 mt=R len=7
PKT t=19787 TX ua=95 mt=P len=0
PKT t=19796 RX ua=95 mt=R len=7
PKT t=19816 TX ua=95 mt=P len=0
PKT t=19831 RX ua=95 mt=R len=7
PKT t=19836 TX ua=95 mt=P len=0
PKT t=19845 RX ua=95 mt=R len=7
PKT t=19850 TX ua=95 mt=P len=0
PKT t=19859 RX ua=95 mt=R len=7
PKT t=19864 TX ua=95 mt=T len=7
PKT t=19876 TX ua=95 mt=P len=0
PKT t=19885 RX ua=95 mt=R len=7
PKT t=19890 TX ua=95 mt=P len=0
PKT t=19899 RX ua=95 mt=R len=7
PKT t=19904 TX ua=95 mt=P len=0
PKT t=19933 RX ua=95 mt=R len=7
PKT t=19938 TX ua=95 mt=P len=0
PKT t=19947 RX ua=95 mt=R len=7
PKT t=19952 TX ua=95 mt=P len=0
PKT t=19961 RX ua=95 mt=R len=7
PKT t=19966 TX ua=95 mt=P len=0
PKT t=19975 RX ua=95 mt=R len=7
PKT t=19980 TX ua=95 mt=P len=0
PKT t=19989 RX ua=95 mt=R len=7
PKT t=19994 TX ua=95 mt=P len=0
PKT t=20003 RX ua=95 mt=R len=7
PKT t=20008 TX ua=95 mt=P len=0
PKT t=20037 RX ua=95 mt=R len=7
PKT t=20042 TX ua=95 mt=P len=0
PKT t=20066 RX ua=95 mt=R len=7
PKT t=20071 TX ua=95 mt=P len=0
PKT t=20080 RX ua=95 mt=R len=7
PKT t=20085 TX ua=95 mt=P len=0
PKT t=20094 RX ua=95 mt=R len=7
PKT t=20099 TX ua=95 mt=P len=0
PKT t=20108 RX ua=95 mt=R len=7
PKT t=20113 TX ua=95 mt=T len=7
PKT t=20125 TX ua=95 mt=P len=0
PKT t=20149 RX ua=95 mt=R len=7
PKT t=20154 TX ua=95 mt=P len=0
PKT t=20163 RX ua=95 mt=R len=7
PKT t=20168 TX ua=95 mt=P len=0
PKT t=20177 RX ua=95 mt=R len=7
PKT t=20182 TX ua=95 mt=P len=0
PKT t=20191 RX ua=95 mt=R len=7
PKT t=20196 TX ua=95 mt=P len=0
PKT t=20205 RX ua=95 mt=R len=7
PKT t=20210 TX ua=95 mt=P len=0
PKT t=20242 RX ua=95 mt=R len=7
PKT t=20247 TX ua=95 mt=P len=0
PKT t=20256 RX ua=95 mt=R len=7
PKT t=20261 TX ua=95 mt=P len=0
PKT t=20270 RX ua=95 mt=R len=7
PKT t=20275 TX ua=95 mt=P len=0
PKT t=20284 RX ua=95 mt=R len=7
PKT t=20289 TX ua=95 mt=P len=0
PKT t=20316 RX ua=95 mt=R len=7
PKT t=20321 TX ua=95 mt=P len=0
PKT t=20342 RX ua=95 mt=R len=7
PKT t=20347 TX ua=95 mt=P len=0
PKT t=20356 RX ua=95 mt=R len=7
PKT t=20361 TX ua=95 mt=T len=7
PKT t=20373 TX ua=95 mt=P len=0
PKT t=20382 RX ua=95 mt=R len=7
PKT t=20387 TX ua=95 mt=P len=0
PKT t=20396 RX ua=95 mt=R len=7
PKT t=20401 TX ua=95 mt=P len=0
PKT t=20410 RX ua=95 mt=R len=7
PKT t=20415 TX ua=95 mt=P len=0
PKT t=20444 RX ua=95 mt=R len=7
PKT t=20449 TX ua=95 mt=P len=0
PKT t=20458 RX ua=95 mt=R len=7
PKT t=20463 TX ua=95 mt=P len=0
PKT t=20472 RX ua=95 mt=R len=7
PKT t=20477 TX ua=95 mt=P len=0
PKT t=20486 RX ua=95 mt=R len=7
PKT t=20491 TX ua=95 mt=P len=0
PKT t=20500 RX ua=95 mt=R len=7
PKT t=20505 TX ua=95 mt=P len=0
PKT t=20514 RX ua=95 mt=R len=7
PKT t=20519 TX ua=95 mt=P len=0
PKT t=20566 RX ua=95 mt=R len=7
PKT t=20571 TX ua=95 mt=P len=0
PKT t=20580 RX ua=95 mt=R len=7
PKT t=20585 TX ua=95 mt=P len=0
PKT t=20594 RX ua=95 mt=R len=7
PKT t=20599 TX ua=95 mt=P len=0
PKT t=20608 RX ua=95 mt=R len=7
PKT t=20613 TX ua=95 mt=T len=7
PKT t=20625 TX ua=95 mt=P len=0
PKT t=20653 RX ua=95 mt=R len=7
PKT t=20658 TX ua=95 mt=P len=0
PKT t=20667 RX ua=95 mt=R len=7
PKT t=20672 TX ua=95 mt=P len=0
PKT t=20681 RX ua=95 mt=R len=7
PKT t=20686 TX ua=95 mt=P len=0
PKT t=20695 RX ua=95 mt=R len=7
PKT t=20700 TX ua=95 mt=P len=0
PKT t=20709 RX ua=95 mt=R len=7
PKT t=20714 TX ua=95 mt=P len=0
PKT t=20723 RX ua=95 mt=R len=7
PKT t=20728 TX ua=95 mt=P len=0
PKT t=20758 RX ua=95 mt=R len=7
PKT t=20762 TX ua=95 mt=P len=0
PKT t=20771 RX ua=95 mt=R len=7
PKT t=20776 TX ua=95 mt=P len=0
PKT t=20785 RX ua=95 mt=R len=7
PKT t=20790 TX ua=95 mt=P len=0
PKT t=20816 RX ua=95 mt=R len=7
PKT t=20821 TX ua=95 mt=P len=0
PKT t=20830 RX ua=95 mt=R len=7
PKT t=20835 TX ua=95 mt=P len=0
PKT t=20864 RX ua=95 mt=R len=7
PKT t=20869 TX ua=95 mt=T len=7
PKT t=20881 TX ua=95 mt=P len=0
PKT t=20890 RX ua=95 mt=R len=7
PKT t=20895 TX ua=95 mt=P len=0
PKT t=20904 RX ua=95 mt=R len=7
PKT t=20909 TX ua=95 mt=P len=0
PKT t=20918 RX ua=95 mt=R len=7
PKT t=20923 TX ua=95 mt=P len=0
PKT t=20932 RX ua=95 mt=R len=7
PKT t=20937 TX ua=95 mt=P len=0
PKT t=20966 RX ua=95 mt=R len=7
PKT t=20971 TX ua=95 mt=P len=0
PKT t=20980 RX ua=95 mt=R len=7
PKT t=20985 TX ua=95 mt=P len=0
PKT t=20994 RX ua=95 mt=R len=7
PKT t=20999 TX ua=95 mt=P len=0
PKT t=21008 RX ua=95 mt=R len=7
PKT t=21013 TX ua=95 mt=P len=0
PKT t=21022 RX ua=95 mt=R len=7
PKT t=21027 TX ua=95 mt=P len=0
PKT t=21036 RX ua=95 mt=R len=7
PKT t=21041 TX ua=95 mt=P len=0
PKT t=21070 RX ua=95 mt=R len=7
PKT t=21075 TX ua=95 mt=P len=0
PKT t=21084 RX ua=95 mt=R len=7
PKT t=21089 TX ua=95 mt=P len=0
PKT t=21098 RX ua=95 mt=R len=7
PKT t=21103 TX ua=95 mt=P len=0
PKT t=21112 RX ua=95 mt=R len=7
PKT t=21117 TX ua=95 mt=T len=7
PKT t=21130 TX ua=95 mt=P len=0
PKT t=21139 RX ua=95 mt=R len=7
PKT t=21144 TX ua=95 mt=P len=0
PKT t=21173 RX ua=95 mt=R len=7
PKT t=21178 TX ua=95 mt=P len=0
PKT t=21187 RX ua=95 mt=R len=7
PKT t=21192 TX ua=95 mt=P len=0
PKT t=21201 RX ua=95 mt=R len=7
PKT t=21206 TX ua=95 mt=P len=0
PKT t=21215 RX ua=95 mt=R len=7
PKT t=21220 TX ua=95 mt=P len=0
PKT t=21229 RX ua=95 mt=R len=7
PKT t=21234 TX ua=95 mt=P len=0
PKT t=21243 RX ua=95 mt=R len=7
PKT t=21248 TX ua=95 mt=P len=0
PKT t=21277 RX ua=95 mt=R len=7
PKT t=21282 TX ua=95 mt=P len=0
PKT t=21291 RX ua=95 mt=R len=7
PKT t=21296 TX ua=95 mt=P len=0
PKT t=21316 RX ua=95 mt=R len=7
PKT t=21571 TX ua=96 mt=P len=0
PKT t=21829 TX ua=95 mt=P len=0
PKT t=21838 RX ua=95 mt=R len=7
PKT t=21843 TX ua=95 mt=T len=7
PKT t=21856 TX ua=95 mt=P len=0
PKT t=21879 RX ua=95 mt=R len=7
PKT t=21884 TX ua=95 mt=T len=7
PKT t=21897 TX ua=95 mt=P len=0
PKT t=21906 RX ua=95 mt=R len=7
PKT t=21911 TX ua=95 mt=P len=0
PKT t=21920 RX ua=95 mt=R len=7
PKT t=21925 TX ua=95 mt=P len=0
PKT t=21934 RX ua=95 mt=R len=7
PKT t=21939 TX ua=95 mt=P len=0
PKT t=21948 RX ua=95 mt=R len=7
PKT t=21953 TX ua=95 mt=P len=0
PKT t=21982 RX ua=95 mt=R len=7
PKT t=21987 TX ua=95 mt=P len=0
PKT t=21996 RX ua=95 mt=R len=7
PKT t=22001 TX ua=95 mt=P len=0
PKT t=22010 RX ua=95 mt=R len=7
PKT t=22015 TX ua=95 mt=P len=0
PKT t=22024 RX ua=95 mt=R len=7
PKT t=22029 TX ua=95 mt=P len=0
PKT t=22038 RX ua=95 mt=R len=7
PKT t=22043 TX ua=95 mt=P len=0
PKT t=22066 RX ua=95 mt=R len=7
PKT t=22071 TX ua=95 mt=P len=0
PKT t=22086 RX ua=95 mt=R len=7
PKT t=22091 TX ua=95 mt=P len=0
PKT t=22100 RX ua=95 mt=R len=7
PKT t=22105 TX ua=95 mt=P len=0
PKT t=22114 RX ua=95 mt=R len=7
PKT t=22119 TX ua=95 mt=T len=7
PKT t=22131 TX ua=95 mt=P len=0
PKT t=22140 RX ua=95 mt=R len=7
PKT t=22145 TX ua=95 mt=P len=0
PKT t=22154 RX ua=95 mt=R len=7
PKT t=22159 TX ua=95 mt=P len=0
PKT t=22188 RX ua=95 mt=R len=7
PKT t=22193 TX ua=95 mt=P len=0
PKT t=22202 RX ua=95 mt=R len=7
PKT t=22207 TX ua=95 mt=P len=0
PKT t=22216 RX ua=95 mt=R len=7
PKT t=22221 TX ua=95 mt=P len=0
PKT t=22230 RX ua=95 mt=R len=7
PKT t=22235 TX ua=95 mt=P len=0
PKT t=22244 RX ua=95 mt=R len=7
PKT t=22249 TX ua=95 mt=P len=0
PKT t=22258 RX ua=95 mt=R len=7
PKT t=22263 TX ua=95 mt=P len=0
PKT t=22292 RX ua=95 mt=R len=7
PKT t=22297 TX ua=95 mt=P len=0
PKT t=22317 RX ua=95 mt=R len=7
PKT t=22572 TX ua=96 mt=P len=0
PKT t=22830 TX ua=95 mt=P len=0
PKT t=22839 RX ua=95 mt=R len=7
PKT t=22844 TX ua=95 mt=T len=7
PKT t=22856 TX ua=95 mt=P len=0
PKT t=22866 RX ua=95 mt=R len=7
PKT t=22871 TX ua=95 mt=T len=7
PKT t=22883 TX ua=95 mt=P len=0
PKT t=22902 RX ua=95 mt=R len=7
PKT t=22907 TX ua=95 mt=P len=0
PKT t=22916 RX ua=95 mt=R len=7
PKT t=22921 TX ua=95 mt=P len=0
PKT t=22930 RX ua=95 mt=R len=7
PKT t=22935 TX ua=95 mt=P len=0
PKT t=22944 RX ua=95 mt=R len=7
PKT t=22949 TX ua=95 mt=P len=0
PKT t=22958 RX ua=95 mt=R len=7
PKT t=22963 TX ua=95 mt=P len=0
PKT t=22972 RX ua=95 mt=R len=7
PKT t=22977 TX ua=95 mt=P len=0
PKT t=23006 RX ua=95 mt=R len=7
PKT t=23011 TX ua=95 mt=P len=0
PKT t=23020 RX ua=95 mt=R len=7
PKT t=23025 TX ua=95 mt=P len=0
PKT t=23034 RX ua=95 mt=R len=7
PKT t=23039 TX ua=95 mt=P len=0
PKT t=23066 RX ua=95 mt=R len=7
PKT t=23071 TX ua=95 mt=P len=0
PKT t=23080 RX ua=95 mt=R len=7
PKT t=23085 TX ua=95 mt=P len=0
PKT t=23114 RX ua=95 mt=R len=7
PKT t=23119 TX ua=95 mt=T len=7
PKT t=23131 TX ua=95 mt=P len=0
PKT t=23140 RX ua=95 mt=R len=7
PKT t=23145 TX ua=95 mt=P len=0
PKT t=23154 RX ua=95 mt=R len=7
PKT t=23159 TX ua=95 mt=P len=0
PKT t=23168 RX ua=95 mt=R len=7
PKT t=23173 TX ua=95 mt=P len=0
PKT t=23182 RX ua=95 mt=R len=7
PKT t=23187 TX ua=95 mt=P len=0
PKT t=23216 RX ua=95 mt=R len=7
PKT t=23221 TX ua=95 mt=P len=0
PKT t=23230 RX ua=95 mt=R len=7
PKT t=23235 TX ua=95 mt=P len=0
PKT t=23244 RX ua=95 mt=R len=7
PKT t=23249 TX ua=95 mt=P len=0
PKT t=23258 RX ua=95 mt=R len=7
PKT t=23263 TX ua=95 mt=P len=0
PKT t=23272 RX ua=95 mt=R len=7
PKT t=23277 TX ua=95 mt=P len=0
PKT t=23286 RX ua=95 mt=R len=7
PKT t=23291 TX ua=95 mt=P len=0
PKT t=23320 RX ua=95 mt=R len=7
PKT t=23325 TX ua=95 mt=P len=0
PKT t=23334 RX ua=95 mt=R len=7
PKT t=23339 TX ua=95 mt=P len=0
PKT t=23348 RX ua=95 mt=R len=7
PKT t=23353 TX ua=95 mt=P len=0
PKT t=23362 RX ua=95 mt=R len=7
PKT t=23367 TX ua=95 mt=T len=7
PKT t=23379 TX ua=95 mt=P len=0
PKT t=23389 RX ua=95 mt=R len=7
PKT t=23394 TX ua=95 mt=P len=0
PKT t=23423 RX ua=95 mt=R len=7
PKT t=23428 TX ua=95 mt=P len=0
PKT t=23438 RX ua=95 mt=R len=7
PKT t=23443 TX ua=95 mt=P len=0
PKT t=23453 RX ua=95 mt=R len=7
PKT t=23458 TX ua=95 mt=P len=0
PKT t=23468 RX ua=95 mt=R len=7
PKT t=23473 TX ua=95 mt=P len=0
PKT t=23483 RX ua=95 mt=R len=7
PKT t=23488 TX ua=95 mt=P len=0
PKT t=23498 RX ua=95 mt=R len=7
PKT t=23503 TX ua=95 mt=P len=0
PKT t=23532 RX ua=95 mt=R len=7
PKT t=23537 TX ua=95 mt=P len=0
PKT t=23566 RX ua=95 mt=R len=7
PKT t=23571 TX ua=95 mt=P len=0
PKT t=23581 RX ua=95 mt=R len=7
PKT t=23586 TX ua=95 mt=P len=0
PKT t=23596 RX ua=95 mt=R len=7
PKT t=23601 TX ua=95 mt=P len=0
PKT t=23631 RX ua=95 mt=R len=7
PKT t=23636 TX ua=95 mt=T len=7
PKT t=23648 TX ua=95 mt=P len=0
PKT t=23657 RX ua=95 mt=R len=7
PKT t=23662 TX ua=95 mt=P len=0
PKT t=23671 RX ua=95 mt=R len=7
PKT t=23676 TX ua=95 mt=P len=0
PKT t=23685 RX ua=95 mt=R len=7
PKT t=23690 TX ua=95 mt=P len=0
PKT t=23699 RX ua=95 mt=R len=7
PKT t=23704 TX ua=95 mt=P len=0
PKT t=23733 RX ua=95 mt=R len=7
PKT t=23738 TX ua=95 mt=P len=0
PKT t=23747 RX ua=95 mt=R len=7
PKT t=23752 TX ua=95 mt=P len=0
PKT t=23761 RX ua=95 mt=R len=7
PKT t=23766 TX ua=95 mt=P len=0
PKT t=23775 RX ua=95 mt=R len=7
PKT t=23780 TX ua=95 mt=P len=0
PKT t=23789 RX ua=95 mt=R len=7
PKT t=23794 TX ua=95 mt=P len=0
PKT t=23816 RX ua=95 mt=R len=7
PKT t=23821 TX ua=95 mt=P len=0
PKT t=23837 RX ua=95 mt=R len=7
PKT t=23842 TX ua=95 mt=P len=0
PKT t=23851 RX ua=95 mt=R len=7
PKT t=23856 TX ua=95 mt=P len=0
PKT t=23865 RX ua=95 mt=R len=7
PKT t=23870 TX ua=95 mt=T len=7
PKT t=23882 TX ua=95 mt=P len=0
PKT t=23891 RX ua=95 mt=R len=7
PKT t=23896 TX ua=95 mt=P len=0
PKT t=23905 RX ua=95 mt=R len=7
PKT t=23910 TX ua=95 mt=P len=0
PKT t=23939 RX ua=95 mt=R len=7
PKT t=23944 TX ua=95 mt=P len=0
PKT t=23953 RX ua=95 mt=R len=7
PKT t=23958 TX ua=95 mt=P len=0
PKT t=23967 RX ua=95 mt=R len=7
PKT t=23972 TX ua=95 mt=P len=0
PKT t=23981 RX ua=95 mt=R len=7
PKT t=23986 TX ua=95 mt=P len=0
PKT t=23995 RX ua=95 mt=R len=7
PKT t=24000 TX ua=95 mt=P len=0
PKT t=24009 RX ua=95 mt=R len=7
PKT t=24016 TX ua=95 mt=P len=0
PKT t=24043 RX ua=95 mt=R len=7
PKT t=24066 TX ua=95 mt=P len=0
PKT t=24075 RX ua=95 mt=R len=7
PKT t=24080 TX ua=95 mt=P len=0
PKT t=24089 RX ua=95 mt=R len=7
PKT t=24094 TX ua=95 mt=P len=0
PKT t=24103 RX ua=95 mt=R len=7
PKT t=24108 TX ua=95 mt=P len=0
PKT t=24117 RX ua=95 mt=R len=7
PKT t=24122 TX ua=95 mt=T len=7
PKT t=24134 TX ua=95 mt=P len=0
PKT t=24158 RX ua=95 mt=R len=7
PKT t=24163 TX ua=95 mt=P len=0
PKT t=24172 RX ua=95 mt=R len=7
PKT t=24177 TX ua=95 mt=P len=0
PKT t=24186 RX ua=95 mt=R len=7
PKT t=24191 TX ua=95 mt=P len=0
PKT t=24200 RX ua=95 mt=R len=7
PKT t=24205 TX ua=95 mt=P len=0
PKT t=24214 RX ua=95 mt=R len=7
PKT t=24219 TX ua=95 mt=P len=0
PKT t=24251 RX ua=95 mt=R len=7
PKT t=24256 TX ua=95 mt=P len=0
PKT t=24265 RX ua=95 mt=R len=7
PKT t=24270 TX ua=95 mt=P len=0
PKT t=24279 RX ua=95 mt=R len=7
PKT t=24284 TX ua=95 mt=P len=0
PKT t=24293 RX ua=95 mt=R len=7
PKT t=24316 TX ua=95 mt=P len=0
PKT t=24325 RX ua=95 mt=R len=7
PKT t=24330 TX ua=95 mt=P len=0
PKT t=24360 RX ua=95 mt=R len=7
PKT t=24365 TX ua=95 mt=T len=7
PKT t=24377 TX ua=95 mt=P len=0
PKT t=24386 RX ua=95 mt=R len=7
PKT t=24391 TX ua=95 mt=P len=0
PKT t=24400 RX ua=95 mt=R len=7
PKT t=24405 TX ua=95 mt=P len=0
PKT t=24414 RX ua=95 mt=R len=7
PKT t=24419 TX ua=95 mt=P len=0
PKT t=24428 RX ua=95 mt=R len=7
PKT t=24433 TX ua=95 mt=P len=0
PKT t=24462 RX ua=95 mt=R len=7
PKT t=24467 TX ua=95 mt=P len=0
PKT t=24476 RX ua=95 mt=R len=7
PKT t=24481 TX ua=95 mt=P len=0
PKT t=24490 RX ua=95 mt=R len=7
PKT t=24495 TX ua=95 mt=P len=0
PKT t=24504 RX ua=95 mt=R len=7
PKT t=24509 TX ua=95 mt=P len=0
PKT t=24518 RX ua=95 mt=R len=7
PKT t=24523 TX ua=95 mt=P len=0
PKT t=24532 RX ua=95 mt=R len=7
PKT t=24537 TX ua=95 mt=P len=0
PKT t=24566 RX ua=95 mt=R len=7
PKT t=24571 TX ua=95 mt=P len=0
PKT t=24580 RX ua=95 mt=R len=7
PKT t=24585 TX ua=95 mt=P len=0
PKT t=24594 RX ua=95 mt=R len=7
PKT t=24599 TX ua=95 mt=P len=0
PKT t=24608 RX ua=95 mt=R len=7
PKT t=24613 TX ua=95 mt=T len=7
PKT t=24625 TX ua=95 mt=P len=0
PKT t=24634 RX ua=95 mt=R len=7
PKT t=24639 TX ua=95 mt=P len=0
PKT t=24668 RX ua=95 mt=R len=7
PKT t=24673 TX ua=95 mt=P len=0
PKT t=24682 RX ua=95 mt=R len=7
PKT t=24687 TX ua=95 mt=P len=0
PKT t=24696 RX ua=95 mt=R len=7
PKT t=24701 TX ua=95 mt=P len=0
PKT t=24710 RX ua=95 mt=R len=7
PKT t=24715 TX ua=95 mt=P len=0
PKT t=24724 RX ua=95 mt=R len=7
PKT t=24729 TX ua=95 mt=P len=0
PKT t=24738 RX ua=95 mt=R len=7
PKT t=24743 TX ua=95 mt=P len=0
PKT t=24772 RX ua=95 mt=R len=7
PKT t=24777 TX ua=95 mt=P len=0
PKT t=24786 RX ua=95 mt=R len=7
PKT t=24791 TX ua=95 mt=P len=0
PKT t=24816 RX ua=95 mt=R len=7
PKT t=24821 TX ua=95 mt=P len=0
PKT t=24830 RX ua=95 mt=R len=7
PKT t=24835 TX ua=95 mt=P len=0
PKT t=24844 RX ua=95 mt=R len=7
PKT t=24849 TX ua=95 mt=P len=0
PKT t=24878 RX ua=95 mt=R len=7
PKT t=24883 TX ua=95 mt=T len=7
PKT t=24895 TX ua=95 mt=P len=0
PKT t=24904 RX ua=95 mt=R len=7
PKT t=24909 TX ua=95 mt=P len=0
PKT t=24918 RX ua=95 mt=R len=7
PKT t=24923 TX ua=95 mt=P len=0
PKT t=24932 RX ua=95 mt=R len=7
PKT t=24937 TX ua=95 mt=P len=0
PKT t=24946 RX ua=95 mt=R len=7
PKT t=24951 TX ua=95 mt=P len=0
PKT t=24980 RX ua=95 mt=R len=7
PKT t=24985 TX ua=95 mt=P len=0
PKT t=24994 RX ua=95 mt=R len=7
PKT t=24999 TX ua=95 mt=P len=0
PKT t=25008 RX ua=95 mt=R len=7
PKT t=25013 TX ua=95 mt=P len=0
PKT t=25022 RX ua=95 mt=R len=7
PKT t=25027 TX ua=95 mt=P len=0
PKT t=25036 RX ua=95 mt=R len=7
PKT t=25041 TX ua=95 mt=P len=0
PKT t=25066 RX ua=95 mt=R len=7
PKT t=25071 TX ua=95 mt=P len=0
PKT t=25084 RX ua=95 mt=R len=7
PKT t=25089 TX ua=95 mt=P len=0
PKT t=25098 RX ua=95 mt=R len=7
PKT t=25103 TX ua=95 mt=P len=0
PKT t=25112 RX ua=95 mt=R len=7
PKT t=25117 TX ua=95 mt=T len=7
PKT t=25129 TX ua=95 mt=P len=0
PKT t=25139 RX ua=95 mt=R len=7
PKT t=25144 TX ua=95 mt=P len=0
PKT t=25153 RX ua=95 mt=R len=7
PKT t=25158 TX ua=95 mt=P len=0
PKT t=25187 RX ua=95 mt=R len=7
PKT t=25192 TX ua=95 mt=P len=0
PKT t=25201 RX ua=95 mt=R len=7
PKT t=25206 TX ua=95 mt=P len=0
PKT t=25215 RX ua=95 mt=R len=7
PKT t=25220 TX ua=95 mt=P len=0
PKT t=25229 RX ua=95 mt=R len=7
PKT t=25234 TX ua=95 mt=P len=0
PKT t=25243 RX ua=95 mt=R len=7
PKT t=25248 TX ua=95 mt=P len=0
PKT t=25257 RX ua=95 mt=R len=7
PKT t=25262 TX ua=95 mt=P len=0
PKT t=25291 RX ua=95 mt=R len=7
PKT t=25296 TX ua=95 mt=P len=0
PKT t=25316 RX ua=95 mt=R len=7
PKT t=25571 TX ua=96 mt=P len=0
PKT t=25829 TX ua=95 mt=P len=0
PKT t=25838 RX ua=95 mt=R len=7
PKT t=25843 TX ua=95 mt=T len=7
PKT t=25855 TX ua=95 mt=P len=0
PKT t=25864 RX ua=95 mt=R len=7
PKT t=25869 TX ua=95 mt=T len=7
PKT t=25881 TX ua=95 mt=P len=0
PKT t=25900 RX ua=95 mt=R len=7
PKT t=25905 TX ua=95 mt=P len=0
PKT t=25914 RX ua=95 mt=R len=7
PKT t=25919 TX ua=95 mt=P len=0
PKT t=25928 RX ua=95 mt=R len=7
PKT t=25933 TX ua=95 mt=P len=0
PKT t=25942 RX ua=95 mt=R len=7
PKT t=25947 TX ua=95 mt=P len=0
PKT t=25956 RX ua=95 mt=R len=7
PKT t=25961 TX ua=95 mt=P len=0
PKT t=25970 RX ua=95 mt=R len=7
PKT t=25975 TX ua=95 mt=P len=0
PKT t=26004 RX ua=95 mt=R len=7
PKT t=26009 TX ua=95 mt=P len=0
PKT t=26018 RX ua=95 mt=R len=7
PKT t=26023 TX ua=95 mt=P len=0
PKT t=26032 RX ua=95 mt=R len=7
PKT t=26037 TX ua=95 mt=P len=0
PKT t=26046 RX ua=95 mt=R len=7
PKT t=26066 TX ua=95 mt=P len=0
PKT t=26075 RX ua=95 mt=R len=7
PKT t=26080 TX ua=95 mt=P len=0
PKT t=26109 RX ua=95 mt=R len=7
PKT t=26114 TX ua=95 mt=T len=7
PKT t=26127 TX ua=95 mt=P len=0
PKT t=26136 RX ua=95 mt=R len=7
PKT t=26141 TX ua=95 mt=T len=7
PKT t=26154 TX ua=95 mt=P len=0
PKT t=26163 RX ua=95 mt=R len=7
PKT t=26168 TX ua=95 mt=P len=0
PKT t=26177 RX ua=95 mt=R len=7
PKT t=26182 TX ua=95 mt=P len=0
PKT t=26211 RX ua=95 mt=R len=7
PKT t=26216 TX ua=95 mt=P len=0
PKT t=26225 RX ua=95 mt=R len=7
PKT t=26230 TX ua=95 mt=P len=0
PKT t=26239 RX ua=95 mt=R len=7
PKT t=26244 TX ua=95 mt=P len=0
PKT t=26253 RX ua=95 mt=R len=7
PKT t=26258 TX ua=95 mt=P len=0
PKT t=26267 RX ua=95 mt=R len=7
PKT t=26272 TX ua=95 mt=P len=0
PKT t=26281 RX ua=95 mt=R len=7
PKT t=26286 TX ua=95 mt=P len=0
PKT t=26316 RX ua=95 mt=R len=7
PKT t=26321 TX ua=95 mt=P len=0
PKT t=26330 RX ua=95 mt=R len=7
PKT t=26335 TX ua=95 mt=P len=0
PKT t=26344 RX ua=95 mt=R len=7
PKT t=26349 TX ua=95 mt=P len=0
PKT t=26358 RX ua=95 mt=R len=7
PKT t=26363 TX ua=95 mt=T len=7
PKT t=26376 TX ua=95 mt=P len=0
PKT t=26385 RX ua=95 mt=R len=7
PKT t=26390 TX ua=95 mt=P len=0
PKT t=26419 RX ua=95 mt=R len=7
PKT t=26424 TX ua=95 mt=P len=0
PKT t=26433 RX ua=95 mt=R len=7
PKT t=26438 TX ua=95 mt=P len=0
PKT t=26447 RX ua=95 mt=R len=7
PKT t=26452 TX ua=95 mt=P len=0
PKT t=26461 RX ua=95 mt=R len=7
PKT t=26466 TX ua=95 mt=P len=0
PKT t=26475 RX ua=95 mt=R len=7
PKT t=26480 TX ua=95 mt=P len=0
PKT t=26489 RX ua=95 mt=R len=7
PKT t=26494 TX ua=95 mt=P len=0
PKT t=26523 RX ua=95 mt=R len=7
PKT t=26528 TX ua=95 mt=P len=0
PKT t=26537 RX ua=95 mt=R len=7
PKT t=26542 TX ua=95 mt=P len=0
PKT t=26566 RX ua=95 mt=R len=7
PKT t=26571 TX ua=95 mt=P len=0
PKT t=26580 RX ua=95 mt=R len=7
PKT t=26585 TX ua=95 mt=P len=0
PKT t=26594 RX ua=95 mt=R len=7
PKT t=26599 TX ua=95 mt=P len=0
PKT t=26628 RX ua=95 mt=R len=7
PKT t=26633 TX ua=95 mt=T len=7
PKT t=26646 TX ua=95 mt=P len=0
PKT t=26655 RX ua=95 mt=R len=7
PKT t=26660 TX ua=95 mt=P len=0
PKT t=26669 RX ua=95 mt=R len=7
PKT t=26674 TX ua=95 mt=P len=0
PKT t=26683 RX ua=95 mt=R len=7
PKT t=26688 TX ua=95 mt=P len=0
PKT t=26697 RX ua=95 mt=R len=7
PKT t=26702 TX ua=95 mt=P len=0
PKT t=26731 RX ua=95 mt=R len=7
PKT t=26736 TX ua=95 mt=P len=0
PKT t=26745 RX ua=95 mt=R len=7
PKT t=26750 TX ua=95 mt=P len=0
PKT t=26759 RX ua=95 mt=R len=7
PKT t=26764 TX ua=95 mt=P len=0
PKT t=26773 RX ua=95 mt=R len=7
PKT t=26778 TX ua=95 mt=P len=0
PKT t=26787 RX ua=95 mt=R len=7
PKT t=26792 TX ua=95 mt=P len=0
PKT t=26816 RX ua=95 mt=R len=7
PKT t=26821 TX ua=95 mt=P len=0
PKT t=26835 RX ua=95 mt=R len=7
PKT t=26840 TX ua=95 mt=P len=0
PKT t=26849 RX ua=95 mt=R len=7
PKT t=26854 TX ua=95 mt=P len=0
PKT t=26863 RX ua=95 mt=R len=7
PKT t=26868 TX ua=95 mt=T len=7
PKT t=26881 TX ua=95 mt=P len=0
PKT t=26890 RX ua=95 mt=R len=7
PKT t=26895 TX ua=95 mt=P len=0
PKT t=26904 RX ua=95 mt=R len=7
PKT t=26909 TX ua=95 mt=P len=0
PKT t=26938 RX ua=95 mt=R len=7
PKT t=26943 TX ua=95 mt=P len=0
PKT t=26952 RX ua=95 mt=R len=7
PKT t=26957 TX ua=95 mt=P len=0
PKT t=26966 RX ua=95 mt=R len=7
PKT t=26971 TX ua=95 mt=P len=0
PKT t=26980 RX ua=95 mt=R len=7
PKT t=26985 TX ua=95 mt=P len=0
PKT t=26994 RX ua=95 mt=R len=7
PKT t=26999 TX ua=95 mt=P len=0
PKT t=27008 RX ua=95 mt=R len=7
PKT t=27013 TX ua=95 mt=P len=0
PKT t=27042 RX ua=95 mt=R len=7
PKT t=27047 TX ua=95 mt=P len=0
PKT t=27067 RX ua=95 mt=R len=7
PKT t=27322 TX ua=96 mt=P len=0
PKT t=27580 TX ua=95 mt=P len=0
PKT t=27589 RX ua=95 mt=R len=7
PKT t=27594 TX ua=95 mt=T len=7
PKT t=27606 TX ua=95 mt=P len=0
PKT t=27616 RX ua=95 mt=R len=7
PKT t=27621 TX ua=95 mt=T len=7
PKT t=27633 TX ua=95 mt=P len=0
PKT t=27652 RX ua=95 mt=R len=7
PKT t=27657 TX ua=95 mt=P len=0
PKT t=27666 RX ua=95 mt=R len=7
PKT t=27671 TX ua=95 mt=P len=0
PKT t=27680 RX ua=95 mt=R len=7
PKT t=27685 TX ua=95 mt=P len=0
PKT t=27694 RX ua=95 mt=R len=7
PKT t=27699 TX ua=95 mt=P len=0
PKT t=27708 RX ua=95 mt=R len=7
PKT t=27713 TX ua=95 mt=P len=0
PKT t=27722 RX ua=95 mt=R len=7
PKT t=27727 TX ua=95 mt=P len=0
PKT t=27756 RX ua=95 mt=R len=7
PKT t=27761 TX ua=95 mt=P len=0
PKT t=27770 RX ua=95 mt=R len=7
PKT t=27775 TX ua=95 mt=P len=0
PKT t=27784 RX ua=95 mt=R len=7
PKT t=27789 TX ua=95 mt=P len=0
PKT t=27816 RX ua=95 mt=R len=7
PKT t=27821 TX ua=95 mt=P len=0
PKT t=27830 RX ua=95 mt=R len=7
PKT t=27835 TX ua=95 mt=P len=0
PKT t=27864 RX ua=95 mt=R len=7
PKT t=27869 TX ua=95 mt=T len=7
PKT t=27881 TX ua=95 mt=P len=0
PKT t=27890 RX ua=95 mt=R len=7
PKT t=27895 TX ua=95 mt=P len=0
PKT t=27904 RX ua=95 mt=R len=7
PKT t=27909 TX ua=95 mt=P len=0
PKT t=27918 RX ua=95 mt=R len=7
PKT t=27923 TX ua=95 mt=P len=0
PKT t=27932 RX ua=95 mt=R len=7
PKT t=27937 TX ua=95 mt=P len=0
PKT t=27966 RX ua=95 mt=R len=7
PKT t=27971 TX ua=95 mt=P len=0
PKT t=27980 RX ua=95 mt=R len=7
PKT t=27985 TX ua=95 mt=P len=0
PKT t=27994 RX ua=95 mt=R len=7
PKT t=27999 TX ua=95 mt=P len=0
PKT t=28008 RX ua=95 mt=R len=7
PKT t=28013 TX ua=95 mt=P len=0
PKT t=28022 RX ua=95 mt=R len=7
PKT t=28027 TX ua=95 mt=P len=0
PKT t=28036 RX ua=95 mt=R len=7
PKT t=28041 TX ua=95 mt=P len=0
PKT t=28070 RX ua=95 mt=R len=7
PKT t=28075 TX ua=95 mt=P len=0
PKT t=28084 RX ua=95 mt=R len=7
PKT t=28089 TX ua=95 mt=P len=0
PKT t=28098 RX ua=95 mt=R len=7
PKT t=28103 TX ua=95 mt=P len=0
PKT t=28112 RX ua=95 mt=R len=7
PKT t=28117 TX ua=95 mt=T len=7
PKT t=28129 TX ua=95 mt=P len=0
PKT t=28138 RX ua=95 mt=R len=7
PKT t=28143 TX ua=95 mt=P len=0
PKT t=28176 RX ua=95 mt=R len=7
PKT t=28181 TX ua=95 mt=P len=0
PKT t=28190 RX ua=95 mt=R len=7
PKT t=28195 TX ua=95 mt=P len=0
PKT t=28204 RX ua=95 mt=R len=7
PKT t=28209 TX ua=95 mt=P len=0
PKT t=28218 RX ua=95 mt=R len=7
PKT t=28223 TX ua=95 mt=P len=0
PKT t=28232 RX ua=95 mt=R len=7
PKT t=28237 TX ua=95 mt=P len=0
PKT t=28246 RX ua=95 mt=R len=7
PKT t=28251 TX ua=95 mt=P len=0
PKT t=28280 RX ua=95 mt=R len=7
PKT t=28285 TX ua=95 mt=P len=0
PKT t=28294 RX ua=95 mt=R len=7
PKT t=28316 TX ua=95 mt=P len=0
PKT t=28325 RX ua=95 mt=R len=7
PKT t=28330 TX ua=95 mt=P len=0
PKT t=28339 RX ua=95 mt=R len=7
PKT t=28344 TX ua=95 mt=P len=0
PKT t=28353 RX ua=95 mt=R len=7
PKT t=28358 TX ua=95 mt=P len=0
PKT t=28387 RX ua=95 mt=R len=7
PKT t=28392 TX ua=95 mt=T len=7
PKT t=28404 TX ua=95 mt=P len=0
PKT t=28413 RX ua=95 mt=R len=7
PKT t=28418 TX ua=95 mt=P len=0
PKT t=28427 RX ua=95 mt=R len=7
PKT t=28432 TX ua=95 mt=P len=0
PKT t=28441 RX ua=95 mt=R len=7
PKT t=28446 TX ua=95 mt=P len=0
PKT t=28455 RX ua=95 mt=R len=7
PKT t=28460 TX ua=95 mt=P len=0
PKT t=28489 RX ua=95 mt=R len=7
PKT t=28494 TX ua=95 mt=P len=0
PKT t=28503 RX ua=95 mt=R len=7
PKT t=28508 TX ua=95 mt=P len=0
PKT t=28518 RX ua=95 mt=R len=7
PKT t=28523 TX ua=95 mt=P len=0
PKT t=28532 RX ua=95 mt=R len=7
PKT t=28537 TX ua=95 mt=P len=0
PKT t=28546 RX ua=95 mt=R len=7
PKT t=28566 TX ua=95 mt=P len=0
PKT t=28588 RX ua=95 mt=R len=7
PKT t=28593 TX ua=95 mt=P len=0
PKT t=28602 RX ua=95 mt=R len=7
PKT t=28607 TX ua=95 mt=P len=0
PKT t=28616 RX ua=95 mt=R len=7
PKT t=28621 TX ua=95 mt=T len=7
PKT t=28633 TX ua=95 mt=P len=0
PKT t=28642 RX ua=95 mt=R len=7
PKT t=28647 TX ua=95 mt=P len=0
PKT t=28656 RX ua=95 mt=R len=7
PKT t=28661 TX ua=95 mt=P len=0
PKT t=28690 RX ua=95 mt=R len=7
PKT t=28695 TX ua=95 mt=P len=0
PKT t=28704 RX ua=95 mt=R len=7
PKT t=28709 TX ua=95 mt=P len=0
PKT t=28718 RX ua=95 mt=R len=7
PKT t=28723 TX ua=95 mt=P len=0
PKT t=28732 RX ua=95 mt=R len=7
PKT t=28737 TX ua=95 mt=P len=0
PKT t=28746 RX ua=95 mt=R len=7
PKT t=28751 TX ua=95 mt=P len=0
PKT t=28760 RX ua=95 mt=R len=7
PKT t=28765 TX ua=95 mt=P len=0
PKT t=28794 RX ua=95 mt=R len=7
PKT t=28816 TX ua=95 mt=P len=0
PKT t=28825 RX ua=95 mt=R len=7
PKT t=28830 TX ua=95 mt=P len=0
PKT t=28839 RX ua=95 mt=R len=7
PKT t=28844 TX ua=95 mt=P len=0
PKT t=28853 RX ua=95 mt=R len=7
PKT t=28858 TX ua=95 mt=P len=0
PKT t=28867 RX ua=95 mt=R len=7
PKT t=28872 TX ua=95 mt=T len=7
PKT t=28884 TX ua=95 mt=P len=0
PKT t=28903 RX ua=95 mt=R len=7
PKT t=28908 TX ua=95 mt=P len=0
PKT t=28917 RX ua=95 mt=R len=7
PKT t=28922 TX ua=95 mt=P len=0
PKT t=28931 RX ua=95 mt=R len=7
PKT t=28936 TX ua=95 mt=P len=0
PKT t=28945 RX ua=95 mt=R len=7
PKT t=28950 TX ua=95 mt=P len=0
PKT t=28959 RX ua=95 mt=R len=7
PKT t=28964 TX ua=95 mt=P len=0
PKT t=28973 RX ua=95 mt=R len=7
PKT t=28978 TX ua=95 mt=P len=0
PKT t=29007 RX ua=95 mt=R len=7
PKT t=29012 TX ua=95 mt=P len=0
PKT t=29021 RX ua=95 mt=R len=7
PKT t=29026 TX ua=95 mt=P len=0
PKT t=29035 RX ua=95 mt=R len=7
PKT t=29040 TX ua=95 mt=P len=0
PKT t=29066 RX ua=95 mt=R len=7
PKT t=29071 TX ua=95 mt=P len=0
PKT t=29080 RX ua=95 mt=R len=7
PKT t=29085 TX ua=95 mt=P len=0
PKT t=29114 RX ua=95 mt=R len=7
PKT t=29119 TX ua=95 mt=T len=7
PKT t=29132 TX ua=95 mt=P len=0
PKT t=29141 RX ua=95 mt=R len=7
PKT t=29146 TX ua=95 mt=P len=0
PKT t=29155 RX ua=95 mt=R len=7
PKT t=29160 TX ua=95 mt=P len=0
PKT t=29169 RX ua=95 mt=R len=7
PKT t=29174 TX ua=95 mt=P len=0
PKT t=29183 RX ua=95 mt=R len=7
PKT t=29188 TX ua=95 mt=P len=0
PKT t=29217 RX ua=95 mt=R len=7
PKT t=29222 TX ua=95 mt=P len=0
PKT t=29231 RX ua=95 mt=R len=7
PKT t=29236 TX ua=95 mt=P len=0
PKT t=29245 RX ua=95 mt=R len=7
PKT t=29250 TX ua=95 mt=P len=0
PKT t=29259 RX ua=95 mt=R len=7
PKT t=29264 TX ua=95 mt=P len=0
PKT t=29273 RX ua=95 mt=R len=7
PKT t=29278 TX ua=95 mt=P len=0
PKT t=29287 RX ua=95 mt=R len=7
PKT t=29292 TX ua=95 mt=P len=0
PKT t=29321 RX ua=95 mt=R len=7
PKT t=29326 TX ua=95 mt=P len=0
PKT t=29335 RX ua=95 mt=R len=7
PKT t=29340 TX ua=95 mt=P len=0
PKT t=29349 RX ua=95 mt=R len=7
PKT t=29354 TX ua=95 mt=P len=0
PKT t=29363 RX ua=95 mt=R len=7
PKT t=29368 TX ua=95 mt=T len=7
PKT t=29381 TX ua=95 mt=P len=0
PKT t=29391 RX ua=95 mt=R len=7
PKT t=29396 TX ua=95 mt=P len=0
PKT t=29425 RX ua=95 mt=R len=7
PKT t=29430 TX ua=95 mt=P len=0
PKT t=29440 RX ua=95 mt=R len=7
PKT t=29445 TX ua=95 mt=P len=0
PKT t=29455 RX ua=95 mt=R len=7
PKT t=29460 TX ua=95 mt=P len=0
PKT t=29470 RX ua=95 mt=R len=7
PKT t=29475 TX ua=95 mt=P len=0
PKT t=29485 RX ua=95 mt=R len=7
PKT t=29490 TX ua=95 mt=P len=0
PKT t=29500 RX ua=95 mt=R len=7
PKT t=29505 TX ua=95 mt=P len=0
PKT t=29534 RX ua=95 mt=R len=7
PKT t=29539 TX ua=95 mt=P len=0
PKT t=29566 RX ua=95 mt=R len=7
PKT t=29571 TX ua=95 mt=P len=0
PKT t=29581 RX ua=95 mt=R len=7
PKT t=29586 TX ua=95 mt=P len=0
PKT t=29596 RX ua=95 mt=R len=7
PKT t=29601 TX ua=95 mt=P len=0
PKT t=29633 RX ua=95 mt=R len=7
PKT t=29638 TX ua=95 mt=T len=7
PKT t=29651 TX ua=95 mt=P len=0
PKT t=29660 RX ua=95 mt=R len=7
PKT t=29665 TX ua=95 mt=P len=0
PKT t=29674 RX ua=95 mt=R len=7
PKT t=29679 TX ua=95 mt=P len=0
PKT t=29688 RX ua=95 mt=R len=7
PKT t=29693 TX ua=95 mt=P len=0
PKT t=29702 RX ua=95 mt=R len=7
PKT t=29707 TX ua=95 mt=P len=0
PKT t=29736 RX ua=95 mt=R len=7
PKT t=29741 TX ua=95 mt=P len=0
PKT t=29750 RX ua=95 mt=R len=7
PKT t=29755 TX ua=95 mt=P len=0
PKT t=29764 RX ua=95 mt=R len=7
PKT t=29769 TX ua=95 mt=P len=0
PKT t=29778 RX ua=95 mt=R len=7
PKT t=29783 TX ua=95 mt=P len=0
PKT t=29792 RX ua=95 mt=R len=7
PKT t=29797 TX ua=95 mt=P len=0
PKT t=29817 RX ua=95 mt=R len=7
PKT t=30072 TX ua=96 mt=P len=0
PKT t=30330 TX ua=95 mt=P len=0
PKT t=30339 RX ua=95 mt=R len=7
PKT t=30344 TX ua=95 mt=T len=7
PKT t=30356 TX ua=95 mt=P len=0
PKT t=30365 RX ua=95 mt=R len=7
PKT t=30370 TX ua=95 mt=T len=7
PKT t=30382 TX ua=95 mt=P len=0
PKT t=30391 RX ua=95 mt=R len=7
PKT t=30396 TX ua=95 mt=P len=0
PKT t=30405 RX ua=95 mt=R len=7
PKT t=30410 TX ua=95 mt=P len=0
PKT t=30439 RX ua=95 mt=R len=7
PKT t=30444 TX ua=95 mt=P len=0
PKT t=30453 RX ua=95 mt=R len=7
PKT t=30458 TX ua=95 mt=P len=0
PKT t=30467 RX ua=95 mt=R len=7
PKT t=30472 TX ua=95 mt=P len=0
PKT t=30481 RX ua=95 mt=R len=7
PKT t=30486 TX ua=95 mt=P len=0
PKT t=30495 RX ua=95 mt=R len=7
PKT t=30500 TX ua=95 mt=P len=0
PKT t=30509 RX ua=95 mt=R len=7
PKT t=30514 TX ua=95 mt=P len=0
PKT t=30543 RX ua=95 mt=R len=7
PKT t=30566 TX ua=95 mt=P len=0
PKT t=30575 RX ua=95 mt=R len=7
PKT t=30580 TX ua=95 mt=P len=0
PKT t=30589 RX ua=95 mt=R len=7
PKT t=30594 TX ua=95 mt=P len=0
PKT t=30603 RX ua=95 mt=R len=7
PKT t=30608 TX ua=95 mt=P len=0
PKT t=30617 RX ua=95 mt=R len=7
PKT t=30622 TX ua=95 mt=T len=7
PKT t=30634 TX ua=95 mt=P len=0
PKT t=30653 RX ua=95 mt=R len=7
PKT t=30658 TX ua=95 mt=P len=0
PKT t=30668 RX ua=95 mt=R len=7
PKT t=30673 TX ua=95 mt=P len=0
PKT t=30682 RX ua=95 mt=R len=7
PKT t=30687 TX ua=95 mt=P len=0
PKT t=30696 RX ua=95 mt=R len=7
PKT t=30701 TX ua=95 mt=P len=0
PKT t=30710 RX ua=95 mt=R len=7
PKT t=30715 TX ua=95 mt=P len=0
PKT t=30724 RX ua=95 mt=R len=7
PKT t=30729 TX ua=95 mt=P len=0
PKT t=30758 RX ua=95 mt=R len=7
PKT t=30763 TX ua=95 mt=P len=0
PKT t=30772 RX ua=95 mt=R len=7
PKT t=30777 TX ua=95 mt=P len=0
PKT t=30786 RX ua=95 mt=R len=7
PKT t=30791 TX ua=95 mt=P len=0
PKT t=30816 RX ua=95 mt=R len=7
PKT t=30821 TX ua=95 mt=P len=0
PKT t=30830 RX ua=95 mt=R len=7
PKT t=30835 TX ua=95 mt=P len=0
PKT t=30864 RX ua=95 mt=R len=7
PKT t=30869 TX ua=95 mt=T len=7
PKT t=30881 TX ua=95 mt=P len=0
PKT t=30890 RX ua=95 mt=R len=7
PKT t=30895 TX ua=95 mt=P len=0
PKT t=30904 RX ua=95 mt=R len=7
PKT t=30909 TX ua=95 mt=P len=0
PKT t=30918 RX ua=95 mt=R len=7
PKT t=30923 TX ua=95 mt=P len=0
PKT t=30932 RX ua=95 mt=R len=7
PKT t=30937 TX ua=95 mt=P len=0
PKT t=30966 RX ua=95 mt=R len=7
PKT t=30971 TX ua=95 mt=P len=0
PKT t=30980 RX ua=95 mt=R len=7
PKT t=30985 TX ua=95 mt=P len=0
PKT t=30994 RX ua=95 mt=R len=7
PKT t=30999 TX ua=95 mt=P len=0
PKT t=31008 RX ua=95 mt=R len=7
PKT t=31013 TX ua=95 mt=P len=0
PKT t=31022 RX ua=95 mt=R len=7
PKT t=31027 TX ua=95 mt=P len=0
PKT t=31036 RX ua=95 mt=R len=7
PKT t=31041 TX ua=95 mt=P len=0
PKT t=31070 RX ua=95 mt=R len=7
PKT t=31075 TX ua=95 mt=P len=0
PKT t=31084 RX ua=95 mt=R len=7
PKT t=31089 TX ua=95 mt=P len=0
PKT t=31098 RX ua=95 mt=R len=7
PKT t=31103 TX ua=95 mt=P len=0
PKT t=31112 RX ua=95 mt=R len=7
PKT t=31117 TX ua=95 mt=T len=7
PKT t=31129 TX ua=95 mt=P len=0
PKT t=31138 RX ua=95 mt=R len=7
PKT t=31143 TX ua=95 mt=P len=0
PKT t=31172 RX ua=95 mt=R len=7
PKT t=31177 TX ua=95 mt=P len=0
PKT t=31186 RX ua=95 mt=R len=7
PKT t=31191 TX ua=95 mt=P len=0
PKT t=31200 RX ua=95 mt=R len=7
PKT t=31205 TX ua=95 mt=P len=0
PKT t=31214 RX ua=95 mt=R len=7
PKT t=31219 TX ua=95 mt=P len=0
PKT t=31228 RX ua=95 mt=R len=7
PKT t=31233 TX ua=95 mt=P len=0
PKT t=31242 RX ua=95 mt=R len=7
PKT t=31247 TX ua=95 mt=P len=0
PKT t=31276 RX ua=95 mt=R len=7
PKT t=31281 TX ua=95 mt=P len=0
PKT t=31290 RX ua=95 mt=R len=7
PKT t=31295 TX ua=95 mt=P len=0
PKT t=31316 RX ua=95 mt=R len=7
PKT t=31571 TX ua=96 mt=P len=0
PKT t=31829 TX ua=95 mt=P len=0
PKT t=31838 RX ua=95 mt=R len=7
PKT t=31843 TX ua=95 mt=T len=7
PKT t=31855 TX ua=95 mt=P len=0
PKT t=31877 RX ua=95 mt=R len=7
PKT t=31882 TX ua=95 mt=T len=7
PKT t=31894 TX ua=95 mt=P len=0
PKT t=31903 RX ua=95 mt=R len=7
PKT t=31908 TX ua=95 mt=P len=0
PKT t=31917 RX ua=95 mt=R len=7
PKT t=31922 TX ua=95 mt=P len=0
PKT t=31931 RX ua=95 mt=R len=7
PKT t=31936 TX ua=95 mt=P len=0
PKT t=31945 RX ua=95 mt=R len=7
PKT t=31950 TX ua=95 mt=P len=0
PKT t=31979 RX ua=95 mt=R len=7
PKT t=31984 TX ua=95 mt=P len=0
PKT t=31993 RX ua=95 mt=R len=7
PKT t=31998 TX ua=95 mt=P len=0
PKT t=32007 RX ua=95 mt=R len=7
PKT t=32012 TX ua=95 mt=P len=0
PKT t=32021 RX ua=95 mt=R len=7
PKT t=32026 TX ua=95 mt=P len=0
PKT t=32035 RX ua=95 mt=R len=7
PKT t=32040 TX ua=95 mt=P len=0
PKT t=32066 RX ua=95 mt=R len=7
PKT t=32071 TX ua=95 mt=P len=0
PKT t=32083 RX ua=95 mt=R len=7
PKT t=32088 TX ua=95 mt=P len=0
PKT t=32097 RX ua=95 mt=R len=7
PKT t=32102 TX ua=95 mt=P len=0
PKT t=32111 RX ua=95 mt=R len=7
PKT t=32116 TX ua=95 mt=T len=7
PKT t=32128 TX ua=95 mt=P len=0
PKT t=32137 RX ua=95 mt=R len=7
PKT t=32142 TX ua=95 mt=P len=0
PKT t=32151 RX ua=95 mt=R len=7
PKT t=32156 TX ua=95 mt=P len=0
PKT t=32189 RX ua=95 mt=R len=7
PKT t=32194 TX ua=95 mt=P len=0
PKT t=32203 RX ua=95 mt=R len=7
PKT t=32208 TX ua=95 mt=P len=0
PKT t=32217 RX ua=95 mt=R len=7
PKT t=32222 TX ua=95 mt=P len=0
PKT t=32231 RX ua=95 mt=R len=7
PKT t=32236 TX ua=95 mt=P len=0
PKT t=32245 RX ua=95 mt=R len=7
PKT t=32250 TX ua=95 mt=P len=0
PKT t=32259 RX ua=95 mt=R len=7
PKT t=32264 TX ua=95 mt=P len=0
PKT t=32293 RX ua=95 mt=R len=7
PKT t=32316 TX ua=95 mt=P len=0
PKT t=32325 RX ua=95 mt=R len=7
PKT t=32330 TX ua=95 mt=P len=0
PKT t=32339 RX ua=95 mt=R len=7
PKT t=32344 TX ua=95 mt=P len=0
PKT t=32353 RX ua=95 mt=R len=7
PKT t=32358 TX ua=95 mt=P len=0
PKT t=32367 RX ua=95 mt=R len=7
PKT t=32372 TX ua=95 mt=T len=7
PKT t=32384 TX ua=95 mt=P len=0
PKT t=32403 RX ua=95 mt=R len=7
PKT t=32408 TX ua=95 mt=P len=0
PKT t=32417 RX ua=95 mt=R len=7
PKT t=32422 TX ua=95 mt=P len=0
PKT t=32431 RX ua=95 mt=R len=7
PKT t=32436 TX ua=95 mt=P len=0
PKT t=32445 RX ua=95 mt=R len=7
PKT t=32450 TX ua=95 mt=P len=0
PKT t=32459 RX ua=95 mt=R len=7
PKT t=32464 TX ua=95 mt=P len=0
PKT t=32473 RX ua=95 mt=R len=7
PKT t=32478 TX ua=95 mt=P len=0
PKT t=32507 RX ua=95 mt=R len=7
PKT t=32512 TX ua=95 mt=P len=0
PKT t=32521 RX ua=95 mt=R len=7
PKT t=32526 TX ua=95 mt=P len=0
PKT t=32535 RX ua=95 mt=R len=7
PKT t=32540 TX ua=95 mt=P len=0
PKT t=32566 RX ua=95 mt=R len=7
PKT t=32571 TX ua=95 mt=P len=0
PKT t=32580 RX ua=95 mt=R len=7
PKT t=32585 TX ua=95 mt=P len=0
PKT t=32614 RX ua=95 mt=R len=7
PKT t=32619 TX ua=95 mt=T len=7
PKT t=32631 TX ua=95 mt=P len=0
PKT t=32640 RX ua=95 mt=R len=7
PKT t=32645 TX ua=95 mt=P len=0
PKT t=32654 RX ua=95 mt=R len=7
PKT t=32659 TX ua=95 mt=P len=0
PKT t=32668 RX ua=95 mt=R len=7
PKT t=32673 TX ua=95 mt=P len=0
PKT t=32682 RX ua=95 mt=R len=7
PKT t=32687 TX ua=95 mt=P len=0
PKT t=32716 RX ua=95 mt=R len=7
PKT t=32721 TX ua=95 mt=P len=0
PKT t=32730 RX ua=95 mt=R len=7
PKT t=32735 TX ua=95 mt=P len=0
PKT t=32744 RX ua=95 mt=R len=7
PKT t=32749 TX ua=95 mt=P len=0
PKT t=32758 RX ua=95 mt=R len=7
PKT t=32763 TX ua=95 mt=P len=0
PKT t=32772 RX ua=95 mt=R len=7
PKT t=32777 TX ua=95 mt=P len=0
PKT t=32786 RX ua=95 mt=R len=7
PKT t=32791 TX ua=95 mt=P len=0
PKT t=32820 RX ua=95 mt=R len=7
PKT t=32825 TX ua=95 mt=P len=0
PKT t=32834 RX ua=95 mt=R len=7
PKT t=32839 TX ua=95 mt=P len=0
PKT t=32848 RX ua=95 mt=R len=7
PKT t=32853 TX ua=95 mt=P len=0
PKT t=32862 RX ua=95 mt=R len=7
PKT t=32867 TX ua=95 mt=T len=7
PKT t=32879 TX ua=95 mt=P len=0
PKT t=32888 RX ua=95 mt=R len=7
PKT t=32893 TX ua=95 mt=P len=0
PKT t=32923 RX ua=95 mt=R len=7
PKT t=32928 TX ua=95 mt=P len=0
PKT t=32937 RX ua=95 mt=R len=7
PKT t=32942 TX ua=95 mt=P len=0
PKT t=32951 RX ua=95 mt=R len=7
PKT t=32956 TX ua=95 mt=P len=0
PKT t=32965 RX ua=95 mt=R len=7
PKT t=32970 TX ua=95 mt=P len=0
PKT t=32979 RX ua=95 mt=R len=7
PKT t=32984 TX ua=95 mt=P len=0
PKT t=32993 RX ua=95 mt=R len=7
PKT t=32998 TX ua=95 mt=P len=0
PKT t=33027 RX ua=95 mt=R len=7
PKT t=33032 TX ua=95 mt=P len=0
PKT t=33041 RX ua=95 mt=R len=7
PKT t=33046 TX ua=95 mt=P len=0
PKT t=33066 RX ua=95 mt=R len=7
PKT t=33321 TX ua=96 mt=P len=0
PKT t=33579 TX ua=95 mt=P len=0
PKT t=33588 RX ua=95 mt=R len=7
PKT t=33593 TX ua=95 mt=T len=7
PKT t=33605 TX ua=95 mt=P len=0
PKT t=33628 RX ua=95 mt=R len=7
PKT t=33633 TX ua=95 mt=T len=7
PKT t=33645 TX ua=95 mt=P len=0
PKT t=33654 RX ua=95 mt=R len=7
PKT t=33659 TX ua=95 mt=P len=0
PKT t=33668 RX ua=95 mt=R len=7
PKT t=33673 TX ua=95 mt=P len=0
PKT t=33682 RX ua=95 mt=R len=7
PKT t=33687 TX ua=95 mt=P len=0
PKT t=33696 RX ua=95 mt=R len=7
PKT t=33701 TX ua=95 mt=P len=0
PKT t=33730 RX ua=95 mt=R len=7
PKT t=33735 TX ua=95 mt=P len=0
PKT t=33744 RX ua=95 mt=R len=7
PKT t=33749 TX ua=95 mt=P len=0
PKT t=33758 RX ua=95 mt=R len=7
PKT t=33763 TX ua=95 mt=P len=0
PKT t=33772 RX ua=95 mt=R len=7
PKT t=33777 TX ua=95 mt=P len=0
PKT t=33786 RX ua=95 mt=R len=7
PKT t=33791 TX ua=95 mt=P len=0
PKT t=33816 RX ua=95 mt=R len=7
PKT t=33821 TX ua=95 mt=P len=0
PKT t=33834 RX ua=95 mt=R len=7
PKT t=33839 TX ua=95 mt=P len=0
PKT t=33848 RX ua=95 mt=R len=7
PKT t=33853 TX ua=95 mt=P len=0
PKT t=33862 RX ua=95 mt=R len=7
PKT t=33867 TX ua=95 mt=T len=7
PKT t=33879 TX ua=95 mt=P len=0
PKT t=33888 RX ua=95 mt=R len=7
PKT t=33893 TX ua=95 mt=P len=0
PKT t=33902 RX ua=95 mt=R len=7
PKT t=33907 TX ua=95 mt=P len=0
PKT t=33936 RX ua=95 mt=R len=7
PKT t=33941 TX ua=95 mt=P len=0
PKT t=33950 RX ua=95 mt=R len=7
PKT t=33955 TX ua=95 mt=P len=0
PKT t=33964 RX ua=95 mt=R len=7
PKT t=33969 TX ua=95 mt=P len=0
PKT t=33978 RX ua=95 mt=R len=7
PKT t=33983 TX ua=95 mt=P len=0
PKT t=33992 RX ua=95 mt=R len=7
PKT t=33997 TX ua=95 mt=P len=0
PKT t=34006 RX ua=95 mt=R len=7
PKT t=34011 TX ua=95 mt=P len=0
PKT t=34040 RX ua=95 mt=R len=7
PKT t=34045 TX ua=95 mt=P len=0
PKT t=34066 RX ua=95 mt=R len=7
PKT t=34321 TX ua=96 mt=P len=0
PKT t=34579 TX ua=95 mt=P len=0
PKT t=34588 RX ua=95 mt=R len=7
PKT t=34593 TX ua=95 mt=T len=7
PKT t=34606 TX ua=95 mt=P len=0
PKT t=34639 RX ua=95 mt=R len=7
PKT t=34644 TX ua=95 mt=T len=7
PKT t=34657 TX ua=95 mt=P len=0
PKT t=34666 RX ua=95 mt=R len=7
PKT t=34671 TX ua=95 mt=P len=0
PKT t=34680 RX ua=95 mt=R len=7
PKT t=34685 TX ua=95 mt=P len=0
PKT t=34694 RX ua=95 mt=R len=7
PKT t=34699 TX ua=95 mt=P len=0
PKT t=34708 RX ua=95 mt=R len=7
PKT t=34713 TX ua=95 mt=P len=0
PKT t=34742 RX ua=95 mt=R len=7
PKT t=34747 TX ua=95 mt=P len=0
PKT t=34756 RX ua=95 mt=R len=7
PKT t=34761 TX ua=95 mt=P len=0
PKT t=34770 RX ua=95 mt=R len=7
PKT t=34775 TX ua=95 mt=P len=0
PKT t=34784 RX ua=95 mt=R len=7
PKT t=34789 TX ua=95 mt=P len=0
PKT t=34816 RX ua=95 mt=R len=7
PKT t=34821 TX ua=95 mt=P len=0
PKT t=34841 RX ua=95 mt=R len=7
PKT t=34846 TX ua=95 mt=P len=0
PKT t=34855 RX ua=95 mt=R len=7
PKT t=34860 TX ua=95 mt=T len=7
PKT t=34873 TX ua=95 mt=P len=0
PKT t=34882 RX ua=95 mt=R len=7
PKT t=34887 TX ua=95 mt=P len=0
PKT t=34896 RX ua=95 mt=R len=7
PKT t=34901 TX ua=95 mt=P len=0
PKT t=34910 RX ua=95 mt=R len=7
PKT t=34915 TX ua=95 mt=P len=0
PKT t=34944 RX ua=95 mt=R len=7
PKT t=34949 TX ua=95 mt=P len=0
PKT t=34958 RX ua=95 mt=R len=7
PKT t=34963 TX ua=95 mt=P len=0
PKT t=34972 RX ua=95 mt=R len=7
PKT t=34977 TX ua=95 mt=P len=0
PKT t=34986 RX ua=95 mt=R len=7
PKT t=34991 TX ua=95 mt=P len=0
PKT t=35000 RX ua=95 mt=R len=7
PKT t=35005 TX ua=95 mt=P len=0
PKT t=35014 RX ua=95 mt=R len=7
PKT t=35019 TX ua=95 mt=P len=0
PKT t=35066 RX ua=95 mt=R len=7
PKT t=35071 TX ua=95 mt=P len=0
PKT t=35080 RX ua=95 mt=R len=7
PKT t=35085 TX ua=95 mt=P len=0
PKT t=35094 RX ua=95 mt=R len=7
PKT t=35099 TX ua=95 mt=P len=0
PKT t=35109 RX ua=95 mt=R len=7
PKT t=35114 TX ua=95 mt=T len=7
PKT t=35126 TX ua=95 mt=P len=0
PKT t=35149 RX ua=95 mt=R len=7
PKT t=35154 TX ua=95 mt=P len=0
PKT t=35163 RX ua=95 mt=R len=7
PKT t=35168 TX ua=95 mt=P len=0
PKT t=35177 RX ua=95 mt=R len=7
PKT t=35182 TX ua=95 mt=P len=0
PKT t=35191 RX ua=95 mt=R len=7
PKT t=35196 TX ua=95 mt=P len=0
PKT t=35205 RX ua=95 mt=R len=7
PKT t=35210 TX ua=95 mt=P len=0
PKT t=35219 RX ua=95 mt=R len=7
PKT t=35224 TX ua=95 mt=P len=0
PKT t=35254 RX ua=95 mt=R len=7
PKT t=35259 TX ua=95 mt=P len=0
PKT t=35268 RX ua=95 mt=R len=7
PKT t=35273 TX ua=95 mt=P len=0
PKT t=35282 RX ua=95 mt=R len=7
PKT t=35287 TX ua=95 mt=P len=0
PKT t=35316 RX ua=95 mt=R len=7
PKT t=35321 TX ua=95 mt=P len=0
PKT t=35353 RX ua=95 mt=R len=7
PKT t=35358 TX ua=95 mt=P len=0
PKT t=35367 RX ua=95 mt=R len=7
PKT t=35372 TX ua=95 mt=T len=7
PKT t=35384 TX ua=95 mt=P len=0
PKT t=35394 RX ua=95 mt=R len=7
PKT t=35399 TX ua=95 mt=P len=0
PKT t=35409 RX ua=95 mt=R len=7
PKT t=35414 TX ua=95 mt=P len=0
PKT t=35424 RX ua=95 mt=R len=7
PKT t=35429 TX ua=95 mt=P len=0
PKT t=35458 RX ua=95 mt=R len=7
PKT t=35463 TX ua=95 mt=P len=0
PKT t=35473 RX ua=95 mt=R len=7
PKT t=35478 TX ua=95 mt=P len=0
PKT t=35488 RX ua=95 mt=R len=7
PKT t=35493 TX ua=95 mt=P len=0
PKT t=35503 RX ua=95 mt=R len=7
PKT t=35508 TX ua=95 mt=P len=0
PKT t=35518 RX ua=95 mt=R len=7
PKT t=35523 TX ua=95 mt=P len=0
PKT t=35533 RX ua=95 mt=R len=7
PKT t=35538 TX ua=95 mt=P len=0
PKT t=35567 RX ua=95 mt=R len=7
PKT t=35572 TX ua=95 mt=P len=0
PKT t=35582 RX ua=95 mt=R len=7
PKT t=35587 TX ua=95 mt=P len=0
PKT t=35597 RX ua=95 mt=R len=7
PKT t=35602 TX ua=95 mt=P len=0
PKT t=35612 RX ua=95 mt=R len=7
PKT t=35617 TX ua=95 mt=T len=7
PKT t=35629 TX ua=95 mt=P len=0
PKT t=35638 RX ua=95 mt=R len=7
PKT t=35643 TX ua=95 mt=P len=0
PKT t=35672 RX ua=95 mt=R len=7
PKT t=35677 TX ua=95 mt=P len=0
PKT t=35686 RX ua=95 mt=R len=7
PKT t=35691 TX ua=95 mt=P len=0
PKT t=35700 RX ua=95 mt=R len=7
PKT t=35705 TX ua=95 mt=P len=0
PKT t=35714 RX ua=95 mt=R len=7
PKT t=35719 TX ua=95 mt=P len=0
PKT t=35728 RX ua=95 mt=R len=7
PKT t=35733 TX ua=95 mt=P len=0
PKT t=35742 RX ua=95 mt=R len=7
PKT t=35747 TX ua=95 mt=P len=0
PKT t=35776 RX ua=95 mt=R len=7
PKT t=35781 TX ua=95 mt=P len=0
PKT t=35790 RX ua=95 mt=R len=7
PKT t=35795 TX ua=95 mt=P len=0
PKT t=35816 RX ua=95 mt=R len=7
PKT t=36071 TX ua=96 mt=P len=0
PKT t=36329 TX ua=95 mt=P len=0
PKT t=36339 RX ua=95 mt=R len=7
PKT t=36343 TX ua=95 mt=T len=7
PKT t=36355 TX ua=95 mt=P len=0
PKT t=36378 RX ua=95 mt=R len=7
PKT t=36383 TX ua=95 mt=T len=7
PKT t=36395 TX ua=95 mt=P len=0
PKT t=36404 RX ua=95 mt=R len=7
PKT t=36409 TX ua=95 mt=P len=0
PKT t=36418 RX ua=95 mt=R len=7
PKT t=36423 TX ua=95 mt=P len=0
PKT t=36432 RX ua=95 mt=R len=7
PKT t=36437 TX ua=95 mt=P len=0
PKT t=36446 RX ua=95 mt=R len=7
PKT t=36451 TX ua=95 mt=P len=0
PKT t=36480 RX ua=95 mt=R len=7
PKT t=36485 TX ua=95 mt=P len=0
PKT t=36494 RX ua=95 mt=R len=7
PKT t=36499 TX ua=95 mt=P len=0
PKT t=36508 RX ua=95 mt=R len=7
PKT t=36513 TX ua=95 mt=P len=0
PKT t=36522 RX ua=95 mt=R len=7
PKT t=36527 TX ua=95 mt=P len=0
PKT t=36536 RX ua=95 mt=R len=7
PKT t=36541 TX ua=95 mt=P len=0
PKT t=36566 RX ua=95 mt=R len=7
PKT t=36571 TX ua=95 mt=P len=0
PKT t=36584 RX ua=95 mt=R len=7
PKT t=36589 TX ua=95 mt=P len=0
PKT t=36598 RX ua=95 mt=R len=7
PKT t=36603 TX ua=95 mt=P len=0
PKT t=36612 RX ua=95 mt=R len=7
PKT t=36617 TX ua=95 mt=T len=7
PKT t=36629 TX ua=95 mt=P len=0
PKT t=36638 RX ua=95 mt=R len=7
PKT t=36643 TX ua=95 mt=P len=0
PKT t=36652 RX ua=95 mt=R len=7
PKT t=36657 TX ua=95 mt=P len=0
PKT t=36686 RX ua=95 mt=R len=7
PKT t=36691 TX ua=95 mt=P len=0
PKT t=36700 RX ua=95 mt=R len=7
PKT t=36705 TX ua=95 mt=P len=0
PKT t=36714 RX ua=95 mt=R len=7
PKT t=36719 TX ua=95 mt=P len=0
PKT t=36728 RX ua=95 mt=R len=7
PKT t=36733 TX ua=95 mt=P len=0
PKT t=36742 RX ua=95 mt=R len=7
PKT t=36747 TX ua=95 mt=P len=0
PKT t=36756 RX ua=95 mt=R len=7
PKT t=36761 TX ua=95 mt=P len=0
PKT t=36790 RX ua=95 mt=R len=7
PKT t=36795 TX ua=95 mt=P len=0
PKT t=36816 RX ua=95 mt=R len=7
PKT t=37071 TX ua=96 mt=P len=0
PKT t=37329 TX ua=95 mt=P len=0
PKT t=37338 RX ua=95 mt=R len=7
PKT t=37343 TX ua=95 mt=T len=7
PKT t=37356 TX ua=95 mt=P len=0
PKT t=37389 RX ua=95 mt=R len=7
PKT t=37394 TX ua=95 mt=T len=7
PKT t=37407 TX ua=95 mt=P len=0
PKT t=37417 RX ua=95 mt=R len=7
PKT t=37422 TX ua=95 mt=P len=0
PKT t=37432 RX ua=95 mt=R len=7
PKT t=37437 TX ua=95 mt=P len=0
PKT t=37447 RX ua=95 mt=R len=7
PKT t=37452 TX ua=95 mt=P len=0
PKT t=37462 RX ua=95 mt=R len=7
PKT t=37467 TX ua=95 mt=P len=0
PKT t=37496 RX ua=95 mt=R len=7
PKT t=37501 TX ua=95 mt=P len=0
PKT t=37511 RX ua=95 mt=R len=7
PKT t=37516 TX ua=95 mt=P len=0
PKT t=37526 RX ua=95 mt=R len=7
PKT t=37531 TX ua=95 mt=P len=0
PKT t=37541 RX ua=95 mt=R len=7
PKT t=37546 TX ua=95 mt=P len=0
PKT t=37566 RX ua=95 mt=R len=7
