PKT t=7123 TX ua=95 mt=P len=0
PKT t=7132 RX ua=95 mt=R len=7
PKT t=7137 TX ua=95 mt=P len=0
PKT t=7146 RX ua=95 mt=R len=7
PKT t=7151 TX ua=95 mt=P len=0
PKT t=7160 RX ua=95 mt=R len=7
PKT t=7165 TX ua=95 mt=P len=0
PKT t=7174 RX ua=95 mt=R len=7
PKT t=7179 TX ua=95 mt=P len=0
PKT t=7208 RX ua=95 mt=R len=7
PKT t=7213 TX ua=95 mt=P len=0
PKT t=7222 RX ua=95 mt=R len=7
PKT t=7227 TX ua=95 mt=P len=0
PKT t=7236 RX ua=95 mt=R len=7
PKT t=7241 TX ua=95 mt=P len=0
PKT t=7250 RX ua=95 mt=R len=7
PKT t=7255 TX ua=95 mt=P len=0
PKT t=7264 RX ua=95 mt=R len=7
PKT t=7269 TX ua=95 mt=P len=0
PKT t=7278 RX ua=95 mt=R len=7
PKT t=7283 TX ua=95 mt=P len=0
PKT t=7312 RX ua=95 mt=R len=7
PKT t=7317 TX ua=95 mt=P len=0
PKT t=7326 RX ua=95 mt=R len=7
PKT t=7336 TX ua=95 mt=P len=0
PKT t=7345 RX ua=95 mt=R len=7
PKT t=7350 TX ua=95 mt=P len=0
PKT t=7359 RX ua=95 mt=R len=7
PKT t=7364 TX ua=95 mt=T len=7
PKT t=7376 TX ua=95 mt=P len=0
PKT t=7386 RX ua=95 mt=R len=7
PKT t=7391 TX ua=95 mt=P len=0
PKT t=7420 RX ua=95 mt=R len=7
PKT t=7425 TX ua=95 mt=P len=0
PKT t=7435 RX ua=95 mt=R len=7
PKT t=7440 TX ua=95 mt=P len=0
PKT t=7450 RX ua=95 mt=R len=7
PKT t=7455 TX ua=95 mt=P len=0
PKT t=7465 RX ua=95 mt=R len=7
PKT t=7476 TX ua=95 mt=P len=0
PKT t=7486 RX ua=95 mt=R len=7
PKT t=7491 TX ua=95 mt=P len=0
PKT t=7520 RX ua=95 mt=R len=7
PKT t=7525 TX ua=95 mt=P len=0
PKT t=7535 RX ua=95 mt=R len=7
PKT t=7540 TX ua=95 mt=P len=0
PKT t=7550 RX ua=95 mt=R len=7
PKT t=7555 TX ua=95 mt=P len=0
PKT t=7565 RX ua=95 mt=R len=7
PKT t=7570 TX ua=95 mt=P len=0
PKT t=7580 RX ua=95 mt=R len=7
PKT t=7585 TX ua=95 mt=P len=0
PKT t=7595 RX ua=95 mt=R len=7
PKT t=7600 TX ua=95 mt=P len=0
PKT t=7629 RX ua=95 mt=R len=7
PKT t=7634 TX ua=95 mt=T len=7
PKT t=7646 TX ua=95 mt=P len=0
PKT t=7655 RX ua=95 mt=R len=7
PKT t=7660 TX ua=95 mt=P len=0
PKT t=7669 RX ua=95 mt=R len=7
PKT t=7674 TX ua=95 mt=P len=0
PKT t=7683 RX ua=95 mt=R len=7
PKT t=7688 TX ua=95 mt=P len=0
PKT t=7697 RX ua=95 mt=R len=7
PKT t=7702 TX ua=95 mt=P len=0
PKT t=7731 RX ua=95 mt=R len=7
PKT t=7736 TX ua=95 mt=P len=0
PKT t=7745 RX ua=95 mt=R len=7
PKT t=7756 TX ua=95 mt=P len=0
PKT t=7765 RX ua=95 mt=R len=7
PKT t=7770 TX ua=95 mt=P len=0
PKT t=7779 RX ua=95 mt=R len=7
PKT t=7784 TX ua=95 mt=P len=0
PKT t=7793 RX ua=95 mt=R len=7
PKT t=7798 TX ua=95 mt=P len=0
PKT t=7830 RX ua=95 mt=R len=7
PKT t=7835 TX ua=95 mt=P len=0
PKT t=7844 RX ua=95 mt=R len=7
PKT t=7849 TX ua=95 mt=P len=0
PKT t=7858 RX ua=95 mt=R len=7
PKT t=7863 TX ua=95 mt=T len=7
PKT t=7875 TX ua=95 mt=P len=0
PKT t=7884 RX ua=95 mt=R len=7
PKT t=7896 TX ua=95 mt=P len=0
PKT t=7905 RX ua=95 mt=R len=7
PKT t=7910 TX ua=95 mt=P len=0
PKT t=7939 RX ua=95 mt=R len=7
PKT t=7944 TX ua=95 mt=P len=0
PKT t=7953 RX ua=95 mt=R len=7
PKT t=7958 TX ua=95 mt=P len=0
PKT t=7967 RX ua=95 mt=R len=7
PKT t=7972 TX ua=95 mt=P len=0
PKT t=7981 RX ua=95 mt=R len=7
PKT t=7986 TX ua=95 mt=P len=0
PKT t=7995 RX ua=95 mt=R len=7
PKT t=8000 TX ua=95 mt=P len=0
PKT t=8009 RX ua=95 mt=R len=7
PKT t=8014 TX ua=95 mt=P len=0
PKT t=8044 RX ua=95 mt=R len=7
PKT t=8049 TX ua=95 mt=P len=0
PKT t=8058 RX ua=95 mt=R len=7
PKT t=8063 TX ua=95 mt=P len=0
PKT t=8072 RX ua=95 mt=R len=7
PKT t=8077 TX ua=95 mt=P len=0
PKT t=8086 RX ua=95 mt=R len=7
PKT t=8091 TX ua=95 mt=P len=0
PKT t=8100 RX ua=95 mt=R len=7
PKT t=8105 TX ua=95 mt=T len=7
PKT t=8117 TX ua=95 mt=P len=0
PKT t=8145 RX ua=95 mt=R len=7
PKT t=8150 TX ua=95 mt=P len=0
PKT t=8159 RX ua=95 mt=R len=7
PKT t=8164 TX ua=95 mt=P len=0
PKT t=8176 RX ua=95 mt=R len=7
PKT t=8181 TX ua=95 mt=P len=0
PKT t=8191 RX ua=95 mt=R len=7
PKT t=8195 TX ua=95 mt=P len=0
PKT t=8204 RX ua=95 mt=R len=7
PKT t=8209 TX ua=95 mt=P len=0
PKT t=8218 RX ua=95 mt=R len=7
PKT t=8223 TX ua=95 mt=P len=0
PKT t=8252 RX ua=95 mt=R len=7
PKT t=8257 TX ua=95 mt=P len=0
PKT t=8266 RX ua=95 mt=R len=7
PKT t=8271 TX ua=95 mt=P len=0
PKT t=8280 RX ua=95 mt=R len=7
PKT t=8285 TX ua=95 mt=P len=0
PKT t=8294 RX ua=95 mt=R len=7
PKT t=8299 TX ua=95 mt=P len=0
PKT t=8316 RX ua=95 mt=R len=7
PKT t=8321 TX ua=95 mt=P len=0
PKT t=8351 RX ua=95 mt=R len=7
PKT t=8356 TX ua=95 mt=P len=0
PKT t=8365 RX ua=95 mt=R len=7
PKT t=8370 TX ua=95 mt=T len=7
PKT t=8382 TX ua=95 mt=P len=0
PKT t=8391 RX ua=95 mt=R len=7
PKT t=8396 TX ua=95 mt=P len=0
PKT t=8405 RX ua=95 mt=R len=7
PKT t=8410 TX ua=95 mt=P len=0
PKT t=8419 RX ua=95 mt=R len=7
PKT t=8424 TX ua=95 mt=P len=0
PKT t=8456 RX ua=95 mt=R len=7
PKT t=8461 TX ua=95 mt=P len=0
PKT t=8470 RX ua=95 mt=R len=7
PKT t=8475 TX ua=95 mt=P len=0
PKT t=8484 RX ua=95 mt=R len=7
PKT t=8489 TX ua=95 mt=P len=0
PKT t=8498 RX ua=95 mt=R len=7
PKT t=8503 TX ua=95 mt=P len=0
PKT t=8512 RX ua=95 mt=R len=7
PKT t=8517 TX ua=95 mt=P len=0
PKT t=8526 RX ua=95 mt=R len=7
PKT t=8531 TX ua=95 mt=P len=0
PKT t=8560 RX ua=95 mt=R len=7
PKT t=8565 TX ua=95 mt=P len=0
PKT t=8574 RX ua=95 mt=R len=7
PKT t=8579 TX ua=95 mt=P len=0
PKT t=8596 RX ua=95 mt=R len=7
PKT t=8601 TX ua=95 mt=P len=0
PKT t=8610 RX ua=95 mt=R len=7
PKT t=8615 TX ua=95 mt=T len=7
PKT t=8627 TX ua=95 mt=P len=0
PKT t=8659 RX ua=95 mt=R len=7
PKT t=8664 TX ua=95 mt=P len=0
PKT t=8673 RX ua=95 mt=R len=7
PKT t=8678 TX ua=95 mt=P len=0
PKT t=8687 RX ua=95 mt=R len=7
PKT t=8692 TX ua=95 mt=P len=0
PKT t=8701 RX ua=95 mt=R len=7
PKT t=8706 TX ua=95 mt=P len=0
PKT t=8715 RX ua=95 mt=R len=7
PKT t=8720 TX ua=95 mt=P len=0
PKT t=8736 RX ua=95 mt=R len=7
PKT t=8741 TX ua=95 mt=P len=0
PKT t=8763 RX ua=95 mt=R len=7
PKT t=8768 TX ua=95 mt=P len=0
PKT t=8777 RX ua=95 mt=R len=7
PKT t=8782 TX ua=95 mt=P len=0
PKT t=8791 RX ua=95 mt=R len=7
PKT t=8796 TX ua=95 mt=P len=0
PKT t=8805 RX ua=95 mt=R len=7
PKT t=8810 TX ua=95 mt=P len=0
PKT t=8819 RX ua=95 mt=R len=7
PKT t=8824 TX ua=95 mt=P len=0
PKT t=8833 RX ua=95 mt=R len=7
PKT t=8838 TX ua=95 mt=P len=0
PKT t=8876 RX ua=95 mt=R len=7
PKT t=8881 TX ua=95 mt=T len=7
PKT t=8893 TX ua=95 mt=P len=0
PKT t=8902 RX ua=95 mt=R len=7
PKT t=8907 TX ua=95 mt=P len=0
PKT t=8916 RX ua=95 mt=R len=7
PKT t=8921 TX ua=95 mt=P len=0
PKT t=8930 RX ua=95 mt=R len=7
PKT t=8935 TX ua=95 mt=P len=0
PKT t=8966 RX ua=95 mt=R len=7
PKT t=8971 TX ua=95 mt=P len=0
PKT t=8980 RX ua=95 mt=R len=7
PKT t=8985 TX ua=95 mt=P len=0
PKT t=8994 RX ua=95 mt=R len=7
PKT t=8999 TX ua=95 mt=P len=0
PKT t=9016 RX ua=95 mt=R len=7
PKT t=9021 TX ua=95 mt=P len=0
PKT t=9030 RX ua=95 mt=R len=7
PKT t=9035 TX ua=95 mt=P len=0
PKT t=9066 RX ua=95 mt=R len=7
PKT t=9071 TX ua=95 mt=P len=0
PKT t=9080 RX ua=95 mt=R len=7
PKT t=9085 TX ua=95 mt=P len=0
PKT t=9094 RX ua=95 mt=R len=7
PKT t=9099 TX ua=95 mt=T len=7
PKT t=9111 TX ua=95 mt=T len=7
PKT t=9123 TX ua=95 mt=P len=0
PKT t=9132 RX ua=95 mt=R len=7
PKT t=9137 TX ua=95 mt=P len=0
PKT t=9166 RX ua=95 mt=R len=7
PKT t=9171 TX ua=95 mt=P len=0
PKT t=9180 RX ua=95 mt=R len=7
PKT t=9185 TX ua=95 mt=P len=0
PKT t=9194 RX ua=95 mt=R len=7
PKT t=9199 TX ua=95 mt=P len=0
PKT t=9208 RX ua=95 mt=R len=7
PKT t=9213 TX ua=95 mt=P len=0
PKT t=9222 RX ua=95 mt=R len=7
PKT t=9227 TX ua=95 mt=P len=0
PKT t=9236 RX ua=95 mt=R len=7
PKT t=9241 TX ua=95 mt=P len=0
PKT t=9270 RX ua=95 mt=R len=7
PKT t=9275 TX ua=95 mt=P len=0
PKT t=9284 RX ua=95 mt=R len=7
PKT t=9296 TX ua=95 mt=P len=0
PKT t=9305 RX ua=95 mt=R len=7
PKT t=9310 TX ua=95 mt=P len=0
PKT t=9319 RX ua=95 mt=R len=7
PKT t=9324 TX ua=95 mt=P len=0
PKT t=9333 RX ua=95 mt=R len=7
PKT t=9338 TX ua=95 mt=P len=0
PKT t=9370 RX ua=95 mt=R len=7
PKT t=9375 TX ua=95 mt=T len=7
PKT t=9387 TX ua=95 mt=P len=0
PKT t=9397 RX ua=95 mt=R len=7
PKT t=9402 TX ua=95 mt=P len=0
PKT t=9412 RX ua=95 mt=R len=7
PKT t=9417 TX ua=95 mt=P len=0
PKT t=9436 RX ua=95 mt=R len=7
PKT t=9441 TX ua=95 mt=P len=0
PKT t=9471 RX ua=95 mt=R len=7
PKT t=9475 TX ua=95 mt=P len=0
PKT t=9485 RX ua=95 mt=R len=7
PKT t=9490 TX ua=95 mt=P len=0
PKT t=9500 RX ua=95 mt=R len=7
PKT t=9505 TX ua=95 mt=P len=0
PKT t=9516 RX ua=95 mt=R len=7
PKT t=9521 TX ua=95 mt=P len=0
PKT t=9531 RX ua=95 mt=R len=7
PKT t=9536 TX ua=95 mt=P len=0
PKT t=9546 RX ua=95 mt=R len=7
PKT t=9551 TX ua=95 mt=P len=0
PKT t=9580 RX ua=95 mt=R len=7
PKT t=9585 TX ua=95 mt=P len=0
PKT t=9595 RX ua=95 mt=R len=7
PKT t=9600 TX ua=95 mt=P len=0
PKT t=9610 RX ua=95 mt=R len=7
PKT t=9615 TX ua=95 mt=T len=7
PKT t=9627 TX ua=95 mt=P len=0
PKT t=9636 RX ua=95 mt=R len=7
PKT t=9641 TX ua=95 mt=P len=0
PKT t=9650 RX ua=95 mt=R len=7
PKT t=9655 TX ua=95 mt=P len=0
PKT t=9684 RX ua=95 mt=R len=7
PKT t=9689 TX ua=95 mt=P len=0
PKT t=9698 RX ua=95 mt=R len=7
PKT t=9703 TX ua=95 mt=P len=0
PKT t=9716 RX ua=95 mt=R len=7
PKT t=9721 TX ua=95 mt=P len=0
PKT t=9730 RX ua=95 mt=R len=7
PKT t=9735 TX ua=95 mt=P len=0
PKT t=9744 RX ua=95 mt=R len=7
PKT t=9749 TX ua=95 mt=P len=0
PKT t=9758 RX ua=95 mt=R len=7
PKT t=9763 TX ua=95 mt=P len=0
PKT t=9792 RX ua=95 mt=R len=7
PKT t=9797 TX ua=95 mt=P len=0
PKT t=9806 RX ua=95 mt=R len=7
PKT t=9811 TX ua=95 mt=P len=0
PKT t=9820 RX ua=95 mt=R len=7
PKT t=9825 TX ua=95 mt=P len=0
PKT t=9834 RX ua=95 mt=R len=7
PKT t=9839 TX ua=95 mt=P len=0
PKT t=9856 RX ua=95 mt=R len=7
PKT t=9861 TX ua=95 mt=T len=7
PKT t=9873 TX ua=95 mt=P len=0
PKT t=9893 RX ua=95 mt=R len=7
PKT t=9898 TX ua=95 mt=P len=0
PKT t=9907 RX ua=95 mt=R len=7
PKT t=9912 TX ua=95 mt=P len=0
PKT t=9921 RX ua=95 mt=R len=7
PKT t=9926 TX ua=95 mt=P len=0
PKT t=9935 RX ua=95 mt=R len=7
PKT t=9940 TX ua=95 mt=P len=0
PKT t=9949 RX ua=95 mt=R len=7
PKT t=9954 TX ua=95 mt=P len=0
PKT t=9963 RX ua=95 mt=R len=7
PKT t=9968 TX ua=95 mt=P len=0
PKT t=9997 RX ua=95 mt=R len=7
PKT t=10002 TX ua=95 mt=P len=0
PKT t=10011 RX ua=95 mt=R len=7
PKT t=10016 TX ua=95 mt=P len=0
PKT t=10025 RX ua=95 mt=R len=7
PKT t=10030 TX ua=95 mt=P len=0
PKT t=10039 RX ua=95 mt=R len=7
PKT t=10044 TX ua=95 mt=P len=0
PKT t=10053 RX ua=95 mt=R len=7
PKT t=10058 TX ua=96 mt=P len=0
PKT t=10316 TX ua=95 mt=P len=0
PKT t=10325 RX ua=95 mt=R len=7
PKT t=10330 TX ua=95 mt=T len=7
PKT t=10343 TX ua=95 mt=P len=0
PKT t=10352 RX ua=95 mt=R len=7
PKT t=10357 TX ua=95 mt=T len=7
PKT t=10370 TX ua=95 mt=P len=0
PKT t=10397 RX ua=95 mt=R len=7
PKT t=10402 TX ua=95 mt=P len=0
PKT t=10416 RX ua=95 mt=R len=7
PKT t=10421 TX ua=95 mt=P len=0
PKT t=10430 RX ua=95 mt=R len=7
PKT t=10435 TX ua=95 mt=P len=0
PKT t=10444 RX ua=95 mt=R len=7
PKT t=10449 TX ua=95 mt=P len=0
PKT t=10458 RX ua=95 mt=R len=7
PKT t=10463 TX ua=95 mt=P len=0
PKT t=10472 RX ua=95 mt=R len=7
PKT t=10477 TX ua=95 mt=P len=0
PKT t=10506 RX ua=95 mt=R len=7
PKT t=10511 TX ua=95 mt=P len=0
PKT t=10520 RX ua=95 mt=R len=7
PKT t=10525 TX ua=95 mt=P len=0
PKT t=10534 RX ua=95 mt=R len=7
PKT t=10539 TX ua=95 mt=P len=0
PKT t=10556 RX ua=95 mt=R len=7
PKT t=10561 TX ua=95 mt=P len=0
PKT t=10570 RX ua=95 mt=R len=7
PKT t=10575 TX ua=95 mt=P len=0
PKT t=10605 RX ua=95 mt=R len=7
PKT t=10610 TX ua=95 mt=T len=7
PKT t=10623 TX ua=95 mt=P len=0
PKT t=10632 RX ua=95 mt=R len=7
PKT t=10637 TX ua=95 mt=P len=0
PKT t=10646 RX ua=95 mt=R len=7
PKT t=10651 TX ua=95 mt=P len=0
PKT t=10660 RX ua=95 mt=R len=7
PKT t=10665 TX ua=95 mt=P len=0
PKT t=10674 RX ua=95 mt=R len=7
PKT t=10679 TX ua=95 mt=P len=0
PKT t=10708 RX ua=95 mt=R len=7
PKT t=10713 TX ua=95 mt=P len=0
PKT t=10722 RX ua=95 mt=R len=7
PKT t=10727 TX ua=95 mt=P len=0
PKT t=10736 RX ua=95 mt=R len=7
PKT t=10741 TX ua=95 mt=P len=0
PKT t=10750 RX ua=95 mt=R len=7
PKT t=10755 TX ua=95 mt=P len=0
PKT t=10764 RX ua=95 mt=R len=7
PKT t=10769 TX ua=95 mt=P len=0
PKT t=10778 RX ua=95 mt=R len=7
PKT t=10783 TX ua=95 mt=P len=0
PKT t=10812 RX ua=95 mt=R len=7
PKT t=10817 TX ua=95 mt=P len=0
PKT t=10826 RX ua=95 mt=R len=7
PKT t=10836 TX ua=95 mt=P len=0
PKT t=10845 RX ua=95 mt=R len=7
PKT t=10850 TX ua=95 mt=P len=0
PKT t=10859 RX ua=95 mt=R len=7
PKT t=10864 TX ua=95 mt=T len=7
PKT t=10877 TX ua=95 mt=P len=0
PKT t=10886 RX ua=95 mt=R len=7
PKT t=10891 TX ua=95 mt=P len=0
PKT t=10920 RX ua=95 mt=R len=7
PKT t=10925 TX ua=95 mt=P len=0
PKT t=10934 RX ua=95 mt=R len=7
PKT t=10939 TX ua=95 mt=P len=0
PKT t=10948 RX ua=95 mt=R len=7
PKT t=10953 TX ua=95 mt=P len=0
PKT t=10962 RX ua=95 mt=R len=7
PKT t=10967 TX ua=95 mt=P len=0
PKT t=10977 RX ua=95 mt=R len=7
PKT t=11232 TX ua=96 mt=I len=13
PKT t=11740 TX ua=96 mt=T len=4
PKT t=11751 TX ua=95 mt=P len=0
PKT t=11760 RX ua=95 mt=R len=7
PKT t=11765 TX ua=95 mt=T len=7
PKT t=11777 TX ua=95 mt=P len=0
PKT t=11786 RX ua=95 mt=R len=7
PKT t=11791 TX ua=95 mt=P len=0
PKT t=11820 RX ua=95 mt=R len=7
PKT t=11825 TX ua=95 mt=P len=0
PKT t=11834 RX ua=95 mt=R len=7
PKT t=11839 TX ua=95 mt=P len=0
PKT t=11848 RX ua=95 mt=R len=7
PKT t=11853 TX ua=95 mt=P len=0
PKT t=11862 RX ua=95 mt=R len=7
PKT t=11867 TX ua=95 mt=T len=7
PKT t=11879 TX ua=95 mt=P len=0
PKT t=11888 RX ua=95 mt=R len=7
PKT t=11893 TX ua=95 mt=P len=0
PKT t=11922 RX ua=95 mt=R len=7
PKT t=11927 TX ua=95 mt=P len=0
PKT t=11936 RX ua=95 mt=R len=7
PKT t=11941 TX ua=95 mt=P len=0
PKT t=11956 RX ua=95 mt=R len=7
PKT t=11961 TX ua=95 mt=P len=0
PKT t=11970 RX ua=95 mt=R len=7
PKT t=11975 TX ua=95 mt=P len=0
PKT t=11984 RX ua=95 mt=R len=7
PKT t=11989 TX ua=95 mt=P len=0
PKT t=12021 RX ua=95 mt=R len=7
PKT t=12026 TX ua=95 mt=P len=0
PKT t=12035 RX ua=95 mt=R len=7
PKT t=12040 TX ua=95 mt=P len=0
PKT t=12049 RX ua=95 mt=R len=7
PKT t=12054 TX ua=95 mt=P len=0
PKT t=12063 RX ua=95 mt=R len=7
PKT t=12068 TX ua=95 mt=P len=0
PKT t=12077 RX ua=95 mt=R len=7
PKT t=12082 TX ua=95 mt=P len=0
PKT t=12096 RX ua=95 mt=R len=7
PKT t=12101 TX ua=95 mt=T len=7
PKT t=12113 TX ua=95 mt=P len=0
PKT t=12131 RX ua=95 mt=R len=7
PKT t=12136 TX ua=95 mt=P len=0
PKT t=12145 RX ua=95 mt=R len=7
PKT t=12150 TX ua=95 mt=P len=0
PKT t=12159 RX ua=95 mt=R len=7
PKT t=12164 TX ua=95 mt=P len=0
PKT t=12173 RX ua=95 mt=R len=7
PKT t=12178 TX ua=95 mt=P len=0
PKT t=12187 RX ua=95 mt=R len=7
PKT t=12192 TX ua=95 mt=P len=0
PKT t=12224 RX ua=95 mt=R len=7
PKT t=12236 TX ua=95 mt=P len=0
PKT t=12245 RX ua=95 mt=R len=7
PKT t=12250 TX ua=95 mt=P len=0
PKT t=12259 RX ua=95 mt=R len=7
PKT t=12264 TX ua=95 mt=P len=0
PKT t=12273 RX ua=95 mt=R len=7
PKT t=12278 TX ua=95 mt=P len=0
PKT t=12287 RX ua=95 mt=R len=7
PKT t=12292 TX ua=95 mt=P len=0
PKT t=12324 RX ua=95 mt=R len=7
PKT t=12329 TX ua=95 mt=P len=0
PKT t=12338 RX ua=95 mt=R len=7
PKT t=12343 TX ua=95 mt=P len=0
PKT t=12352 RX ua=95 mt=R len=7
PKT t=12357 TX ua=95 mt=P len=0
PKT t=12366 RX ua=95 mt=R len=7
PKT t=12376 TX ua=95 mt=T len=7
PKT t=12388 TX ua=95 mt=P len=0
PKT t=12397 RX ua=95 mt=R len=7
PKT t=12402 TX ua=95 mt=P len=0
PKT t=12431 RX ua=95 mt=R len=7
PKT t=12436 TX ua=95 mt=P len=0
PKT t=12445 RX ua=95 mt=R len=7
PKT t=12450 TX ua=95 mt=P len=0
PKT t=12459 RX ua=95 mt=R len=7
PKT t=12464 TX ua=95 mt=P len=0
PKT t=12473 RX ua=95 mt=R len=7
PKT t=12478 TX ua=95 mt=P len=0
PKT t=12487 RX ua=95 mt=R len=7
PKT t=12492 TX ua=95 mt=P len=0
PKT t=12501 RX ua=95 mt=R len=7
PKT t=12506 TX ua=95 mt=P len=0
PKT t=12535 RX ua=95 mt=R len=7
PKT t=12540 TX ua=95 mt=P len=0
PKT t=12549 RX ua=95 mt=R len=7
PKT t=12554 TX ua=95 mt=P len=0
PKT t=12563 RX ua=95 mt=R len=7
PKT t=12568 TX ua=95 mt=P len=0
PKT t=12577 RX ua=95 mt=R len=7
PKT t=12582 TX ua=95 mt=P len=0
PKT t=12591 RX ua=95 mt=R len=7
PKT t=12596 TX ua=95 mt=P len=0
PKT t=12605 RX ua=95 mt=R len=7
PKT t=12610 TX ua=95 mt=T len=7
PKT t=12622 TX ua=95 mt=P len=0
PKT t=12641 RX ua=95 mt=R len=7
PKT t=12646 TX ua=95 mt=P len=0
PKT t=12656 RX ua=95 mt=R len=7
PKT t=12911 TX ua=96 mt=P len=0
PKT t=13169 TX ua=95 mt=P len=0
PKT t=13178 RX ua=95 mt=R len=7
PKT t=13183 TX ua=95 mt=T len=7
PKT t=13196 TX ua=95 mt=P len=0
PKT t=13205 RX ua=95 mt=R len=7
PKT t=13216 TX ua=95 mt=P len=0
PKT t=13239 RX ua=95 mt=R len=7
PKT t=13244 TX ua=95 mt=P len=0
PKT t=13253 RX ua=95 mt=R len=7
PKT t=13258 TX ua=95 mt=P len=0
PKT t=13267 RX ua=95 mt=R len=7
PKT t=13272 TX ua=95 mt=P len=0
PKT t=13281 RX ua=95 mt=R len=7
PKT t=13286 TX ua=95 mt=P len=0
PKT t=13295 RX ua=95 mt=R len=7
PKT t=13300 TX ua=95 mt=P len=0
PKT t=13309 RX ua=95 mt=R len=7
PKT t=13314 TX ua=95 mt=P len=0
PKT t=13343 RX ua=95 mt=R len=7
PKT t=13356 TX ua=95 mt=P len=0
PKT t=13365 RX ua=95 mt=R len=7
PKT t=13370 TX ua=95 mt=T len=7
PKT t=13383 TX ua=95 mt=P len=0
PKT t=13393 RX ua=95 mt=R len=7
PKT t=13398 TX ua=95 mt=P len=0
PKT t=13408 RX ua=95 mt=R len=7
PKT t=13413 TX ua=95 mt=P len=0
PKT t=13443 RX ua=95 mt=R len=7
PKT t=13448 TX ua=95 mt=P len=0
PKT t=13458 RX ua=95 mt=R len=7
PKT t=13463 TX ua=95 mt=P len=0
PKT t=13473 RX ua=95 mt=R len=7
PKT t=13478 TX ua=95 mt=P len=0
PKT t=13496 RX ua=95 mt=R len=7
PKT t=13501 TX ua=95 mt=P len=0
PKT t=13511 RX ua=95 mt=R len=7
PKT t=13516 TX ua=95 mt=P len=0
PKT t=13545 RX ua=95 mt=R len=7
PKT t=13550 TX ua=95 mt=P len=0
PKT t=13560 RX ua=95 mt=R len=7
PKT t=13565 TX ua=95 mt=P len=0
PKT t=13575 RX ua=95 mt=R len=7
PKT t=13580 TX ua=95 mt=P len=0
PKT t=13590 RX ua=95 mt=R len=7
PKT t=13595 TX ua=95 mt=P len=0
PKT t=13605 RX ua=95 mt=R len=7
PKT t=13610 TX ua=95 mt=T len=7
PKT t=13623 TX ua=95 mt=P len=0
PKT t=13650 RX ua=95 mt=R len=7
PKT t=13655 TX ua=95 mt=P len=0
PKT t=13664 RX ua=95 mt=R len=7
PKT t=13669 TX ua=95 mt=P len=0
PKT t=13678 RX ua=95 mt=R len=7
PKT t=13683 TX ua=95 mt=P len=0
PKT t=13692 RX ua=95 mt=R len=7
PKT t=13697 TX ua=95 mt=P len=0
PKT t=13706 RX ua=95 mt=R len=7
PKT t=13711 TX ua=95 mt=P len=0
PKT t=13720 RX ua=95 mt=R len=7
PKT t=13725 TX ua=95 mt=P len=0
PKT t=13754 RX ua=95 mt=R len=7
PKT t=13759 TX ua=95 mt=P len=0
PKT t=13776 RX ua=95 mt=R len=7
PKT t=13781 TX ua=95 mt=P len=0
PKT t=13790 RX ua=95 mt=R len=7
PKT t=13795 TX ua=95 mt=P len=0
PKT t=13804 RX ua=95 mt=R len=7
PKT t=13809 TX ua=95 mt=P len=0
PKT t=13818 RX ua=95 mt=R len=7
PKT t=13823 TX ua=95 mt=P len=0
PKT t=13853 RX ua=95 mt=R len=7
PKT t=13858 TX ua=95 mt=T len=7
PKT t=13871 TX ua=95 mt=P len=0
PKT t=13880 RX ua=95 mt=R len=7
PKT t=13885 TX ua=95 mt=P len=0
PKT t=13894 RX ua=95 mt=R len=7
PKT t=13899 TX ua=95 mt=P len=0
PKT t=13916 RX ua=95 mt=R len=7
PKT t=13921 TX ua=95 mt=P len=0
PKT t=13953 RX ua=95 mt=R len=7
PKT t=13958 TX ua=95 mt=P len=0
PKT t=13967 RX ua=95 mt=R len=7
PKT t=13972 TX ua=95 mt=P len=0
PKT t=13981 RX ua=95 mt=R len=7
PKT t=13986 TX ua=95 mt=P len=0
PKT t=13995 RX ua=95 mt=R len=7
PKT t=14000 TX ua=95 mt=P len=0
PKT t=14011 RX ua=95 mt=R len=7
PKT t=14016 TX ua=95 mt=P len=0
PKT t=14025 RX ua=95 mt=R len=7
PKT t=14030 TX ua=95 mt=P len=0
PKT t=14059 RX ua=95 mt=R len=7
PKT t=14064 TX ua=95 mt=P len=0
PKT t=14073 RX ua=95 mt=R len=7
PKT t=14078 TX ua=95 mt=P len=0
PKT t=14087 RX ua=95 mt=R len=7
PKT t=14092 TX ua=95 mt=P len=0
PKT t=14101 RX ua=95 mt=R len=7
PKT t=14106 TX ua=95 mt=T len=7
PKT t=14118 TX ua=95 mt=P len=0
PKT t=14127 RX ua=95 mt=R len=7
PKT t=14132 TX ua=95 mt=P len=0
PKT t=14165 RX ua=95 mt=R len=7
PKT t=14170 TX ua=95 mt=P len=0
PKT t=14179 RX ua=95 mt=R len=7
PKT t=14184 TX ua=95 mt=P len=0
PKT t=14196 RX ua=95 mt=R len=7
PKT t=14201 TX ua=95 mt=P len=0
PKT t=14210 RX ua=95 mt=R len=7
PKT t=14215 TX ua=95 mt=P len=0
PKT t=14224 RX ua=95 mt=R len=7
PKT t=14229 TX ua=95 mt=P len=0
PKT t=14260 RX ua=95 mt=R len=7
PKT t=14265 TX ua=95 mt=P len=0
PKT t=14274 RX ua=95 mt=R len=7
PKT t=14279 TX ua=95 mt=P len=0
PKT t=14288 RX ua=95 mt=R len=7
PKT t=14293 TX ua=95 mt=P len=0
PKT t=14302 RX ua=95 mt=R len=7
PKT t=14307 TX ua=95 mt=P len=0
PKT t=14316 RX ua=95 mt=R len=7
PKT t=14321 TX ua=95 mt=P len=0
PKT t=14336 RX ua=95 mt=R len=7
PKT t=14341 TX ua=95 mt=P len=0
PKT t=14364 RX ua=95 mt=R len=7
PKT t=14369 TX ua=95 mt=T len=7
PKT t=14381 TX ua=95 mt=P len=0
PKT t=14390 RX ua=95 mt=R len=7
PKT t=14395 TX ua=95 mt=P len=0
PKT t=14404 RX ua=95 mt=R len=7
PKT t=14409 TX ua=95 mt=P len=0
PKT t=14418 RX ua=95 mt=R len=7
PKT t=14423 TX ua=95 mt=P len=0
PKT t=14432 RX ua=95 mt=R len=7
PKT t=14437 TX ua=95 mt=P len=0
PKT t=14466 RX ua=95 mt=R len=7
PKT t=14476 TX ua=95 mt=P len=0
PKT t=14485 RX ua=95 mt=R len=7
PKT t=14490 TX ua=95 mt=P len=0
PKT t=14499 RX ua=95 mt=R len=7
PKT t=14504 TX ua=95 mt=P len=0
PKT t=14513 RX ua=95 mt=R len=7
PKT t=14518 TX ua=95 mt=P len=0
PKT t=14527 RX ua=95 mt=R len=7
PKT t=14532 TX ua=95 mt=P len=0
PKT t=14565 RX ua=95 mt=R len=7
PKT t=14570 TX ua=95 mt=P len=0
PKT t=14579 RX ua=95 mt=R len=7
PKT t=14584 TX ua=95 mt=P len=0
PKT t=14593 RX ua=95 mt=R len=7
PKT t=14598 TX ua=95 mt=P len=0
PKT t=14616 RX ua=95 mt=R len=7
PKT t=14621 TX ua=95 mt=T len=7
PKT t=14633 TX ua=95 mt=P len=0
PKT t=14665 RX ua=95 mt=R len=7
PKT t=14670 TX ua=95 mt=P len=0
PKT t=14679 RX ua=95 mt=R len=7
PKT t=14684 TX ua=95 mt=P len=0
PKT t=14693 RX ua=95 mt=R len=7
PKT t=14698 TX ua=95 mt=P len=0
PKT t=14707 RX ua=95 mt=R len=7
PKT t=14712 TX ua=95 mt=P len=0
PKT t=14721 RX ua=95 mt=R len=7
PKT t=14726 TX ua=95 mt=P len=0
PKT t=14735 RX ua=95 mt=R len=7
PKT t=14740 TX ua=95 mt=P len=0
PKT t=14769 RX ua=95 mt=R len=7
PKT t=14774 TX ua=95 mt=P len=0
PKT t=14783 RX ua=95 mt=R len=7
PKT t=14788 TX ua=95 mt=P len=0
PKT t=14797 RX ua=95 mt=R len=7
PKT t=14802 TX ua=95 mt=P len=0
PKT t=14811 RX ua=95 mt=R len=7
PKT t=14816 TX ua=95 mt=P len=0
PKT t=14826 RX ua=95 mt=R len=7
PKT t=14831 TX ua=95 mt=P len=0
PKT t=14840 RX ua=95 mt=R len=7
PKT t=14845 TX ua=95 mt=P len=0
PKT t=14874 RX ua=95 mt=R len=7
PKT t=14879 TX ua=95 mt=T len=7
PKT t=14896 TX ua=95 mt=P len=0
PKT t=14905 RX ua=95 mt=R len=7
PKT t=14910 TX ua=95 mt=P len=0
PKT t=14919 RX ua=95 mt=R len=7
PKT t=14924 TX ua=95 mt=P len=0
PKT t=14933 RX ua=95 mt=R len=7
PKT t=14938 TX ua=95 mt=P len=0
PKT t=14947 RX ua=95 mt=R len=7
PKT t=14952 TX ua=95 mt=P len=0
PKT t=14981 RX ua=95 mt=R len=7
PKT t=14986 TX ua=95 mt=P len=0
PKT t=14995 RX ua=95 mt=R len=7
PKT t=15000 TX ua=95 mt=P len=0
PKT t=15009 RX ua=95 mt=R len=7
PKT t=15014 TX ua=95 mt=P len=0
PKT t=15023 RX ua=95 mt=R len=7
PKT t=15036 TX ua=95 mt=P len=0
PKT t=15045 RX ua=95 mt=R len=7
PKT t=15050 TX ua=95 mt=P len=0
PKT t=15080 RX ua=95 mt=R len=7
PKT t=15085 TX ua=95 mt=P len=0
PKT t=15094 RX ua=95 mt=R len=7
PKT t=15099 TX ua=95 mt=T len=7
PKT t=15111 TX ua=95 mt=T len=7
PKT t=15123 TX ua=95 mt=P len=0
PKT t=15132 RX ua=95 mt=R len=7
PKT t=15137 TX ua=95 mt=P len=0
PKT t=15147 RX ua=95 mt=R len=7
PKT t=15152 TX ua=95 mt=P len=0
PKT t=15181 RX ua=95 mt=R len=7
PKT t=15186 TX ua=95 mt=P len=0
PKT t=15195 RX ua=95 mt=R len=7
PKT t=15200 TX ua=95 mt=P len=0
PKT t=15209 RX ua=95 mt=R len=7
PKT t=15214 TX ua=95 mt=P len=0
PKT t=15223 RX ua=95 mt=R len=7
PKT t=15228 TX ua=95 mt=P len=0
PKT t=15237 RX ua=95 mt=R len=7
PKT t=15242 TX ua=95 mt=P len=0
PKT t=15251 RX ua=95 mt=R len=7
PKT t=15256 TX ua=95 mt=P len=0
PKT t=15285 RX ua=95 mt=R len=7
PKT t=15290 TX ua=95 mt=P len=0
PKT t=15299 RX ua=95 mt=R len=7
PKT t=15304 TX ua=95 mt=P len=0
PKT t=15316 RX ua=95 mt=R len=7
PKT t=15321 TX ua=95 mt=P len=0
PKT t=15330 RX ua=95 mt=R len=7
PKT t=15335 TX ua=95 mt=P len=0
PKT t=15344 RX ua=95 mt=R len=7
PKT t=15349 TX ua=95 mt=P len=0
PKT t=15358 RX ua=95 mt=R len=7
PKT t=15363 TX ua=95 mt=T len=7
PKT t=15375 TX ua=95 mt=P len=0
PKT t=15394 RX ua=95 mt=R len=7
PKT t=15399 TX ua=95 mt=P len=0
PKT t=15409 RX ua=95 mt=R len=7
PKT t=15414 TX ua=95 mt=P len=0
PKT t=15424 RX ua=95 mt=R len=7
PKT t=15429 TX ua=95 mt=P len=0
PKT t=15439 RX ua=95 mt=R len=7
PKT t=15444 TX ua=95 mt=P len=0
PKT t=15456 RX ua=95 mt=R len=7
PKT t=15461 TX ua=95 mt=P len=0
PKT t=15492 RX ua=95 mt=R len=7
PKT t=15496 TX ua=95 mt=P len=0
PKT t=15506 RX ua=95 mt=R len=7
PKT t=15511 TX ua=95 mt=P len=0
PKT t=15521 RX ua=95 mt=R len=7
PKT t=15526 TX ua=95 mt=P len=0
PKT t=15536 RX ua=95 mt=R len=7
PKT t=15541 TX ua=95 mt=P len=0
PKT t=15551 RX ua=95 mt=R len=7
PKT t=15556 TX ua=95 mt=P len=0
PKT t=15566 RX ua=95 mt=R len=7
PKT t=15571 TX ua=95 mt=P len=0
PKT t=15600 RX ua=95 mt=R len=7
PKT t=15605 TX ua=95 mt=P len=0
PKT t=15615 RX ua=95 mt=R len=7
PKT t=15620 TX ua=95 mt=T len=7
PKT t=15632 TX ua=95 mt=P len=0
PKT t=15641 RX ua=95 mt=R len=7
PKT t=15646 TX ua=95 mt=P len=0
PKT t=15655 RX ua=95 mt=R len=7
PKT t=15660 TX ua=95 mt=P len=0
PKT t=15669 RX ua=95 mt=R len=7
PKT t=15674 TX ua=95 mt=P len=0
PKT t=15703 RX ua=95 mt=R len=7
PKT t=15708 TX ua=95 mt=P len=0
PKT t=15717 RX ua=95 mt=R len=7
PKT t=15722 TX ua=95 mt=P len=0
PKT t=15736 RX ua=95 mt=R len=7
PKT t=15741 TX ua=95 mt=P len=0
PKT t=15750 RX ua=95 mt=R len=7
PKT t=15755 TX ua=95 mt=P len=0
PKT t=15764 RX ua=95 mt=R len=7
PKT t=15769 TX ua=95 mt=P len=0
PKT t=15802 RX ua=95 mt=R len=7
PKT t=15807 TX ua=95 mt=P len=0
PKT t=15816 RX ua=95 mt=R len=7
PKT t=15821 TX ua=95 mt=P len=0
PKT t=15830 RX ua=95 mt=R len=7
PKT t=15835 TX ua=95 mt=P len=0
PKT t=15844 RX ua=95 mt=R len=7
PKT t=15849 TX ua=95 mt=P len=0
PKT t=15858 RX ua=95 mt=R len=7
PKT t=15863 TX ua=95 mt=T len=7
PKT t=15883 TX ua=95 mt=P len=0
PKT t=15903 RX ua=95 mt=R len=7
PKT t=15908 TX ua=95 mt=P len=0
PKT t=15917 RX ua=95 mt=R len=7
PKT t=15922 TX ua=95 mt=P len=0
PKT t=15931 RX ua=95 mt=R len=7
PKT t=15936 TX ua=95 mt=P len=0
PKT t=15945 RX ua=95 mt=R len=7
PKT t=15950 TX ua=95 mt=P len=0
PKT t=15959 RX ua=95 mt=R len=7
PKT t=15964 TX ua=95 mt=P len=0
PKT t=15973 RX ua=95 mt=R len=7
PKT t=15978 TX ua=95 mt=P len=0
PKT t=16021 RX ua=95 mt=R len=7
PKT t=16026 TX ua=95 mt=P len=0
PKT t=16035 RX ua=95 mt=R len=7
PKT t=16040 TX ua=95 mt=P len=0
PKT t=16049 RX ua=95 mt=R len=7
PKT t=16054 TX ua=95 mt=P len=0
PKT t=16063 RX ua=95 mt=R len=7
PKT t=16068 TX ua=95 mt=P len=0
PKT t=16077 RX ua=95 mt=R len=7
PKT t=16082 TX ua=95 mt=P len=0
PKT t=16111 RX ua=95 mt=R len=7
PKT t=16116 TX ua=95 mt=T len=7
PKT t=16128 TX ua=95 mt=P len=0
PKT t=16137 RX ua=95 mt=R len=7
PKT t=16142 TX ua=95 mt=P len=0
PKT t=16156 RX ua=95 mt=R len=7
PKT t=16161 TX ua=95 mt=P len=0
PKT t=16170 RX ua=95 mt=R len=7
PKT t=16175 TX ua=95 mt=P len=0
PKT t=16184 RX ua=95 mt=R len=7
PKT t=16189 TX ua=95 mt=P len=0
PKT t=16218 RX ua=95 mt=R len=7
PKT t=16223 TX ua=95 mt=P len=0
PKT t=16232 RX ua=95 mt=R len=7
PKT t=16237 TX ua=95 mt=P len=0
PKT t=16246 RX ua=95 mt=R len=7
PKT t=16251 TX ua=95 mt=P len=0
PKT t=16260 RX ua=95 mt=R len=7
PKT t=16265 TX ua=95 mt=P len=0
PKT t=16275 RX ua=95 mt=R len=7
PKT t=16280 TX ua=95 mt=P len=0
PKT t=16296 RX ua=95 mt=R len=7
PKT t=16301 TX ua=95 mt=P len=0
PKT t=16323 RX ua=95 mt=R len=7
PKT t=16328 TX ua=95 mt=P len=0
PKT t=16337 RX ua=95 mt=R len=7
PKT t=16342 TX ua=95 mt=P len=0
PKT t=16351 RX ua=95 mt=R len=7
PKT t=16356 TX ua=95 mt=P len=0
PKT t=16365 RX ua=95 mt=R len=7
PKT t=16370 TX ua=95 mt=T len=7
PKT t=16382 TX ua=95 mt=P len=0
PKT t=16391 RX ua=95 mt=R len=7
PKT t=16396 TX ua=95 mt=P len=0
PKT t=16425 RX ua=95 mt=R len=7
PKT t=16436 TX ua=95 mt=P len=0
PKT t=16445 RX ua=95 mt=R len=7
PKT t=16450 TX ua=95 mt=P len=0
PKT t=16459 RX ua=95 mt=R len=7
PKT t=16464 TX ua=95 mt=P len=0
PKT t=16473 RX ua=95 mt=R len=7
PKT t=16478 TX ua=95 mt=P len=0
PKT t=16487 RX ua=95 mt=R len=7
PKT t=16492 TX ua=95 mt=P len=0
PKT t=16525 RX ua=95 mt=R len=7
PKT t=16530 TX ua=95 mt=P len=0
PKT t=16539 RX ua=95 mt=R len=7
PKT t=16544 TX ua=95 mt=P len=0
PKT t=16553 RX ua=95 mt=R len=7
PKT t=16558 TX ua=95 mt=P len=0
PKT t=16576 RX ua=95 mt=R len=7
PKT t=16581 TX ua=95 mt=P len=0
PKT t=16590 RX ua=95 mt=R len=7
PKT t=16595 TX ua=95 mt=P len=0
PKT t=16625 RX ua=95 mt=R len=7
PKT t=16630 TX ua=95 mt=T len=7
PKT t=16642 TX ua=95 mt=P len=0
PKT t=16651 RX ua=95 mt=R len=7
PKT t=16656 TX ua=95 mt=P len=0
PKT t=16665 RX ua=95 mt=R len=7
PKT t=16670 TX ua=95 mt=P len=0
PKT t=16679 RX ua=95 mt=R len=7
PKT t=16684 TX ua=95 mt=P len=0
PKT t=16693 RX ua=95 mt=R len=7
PKT t=16698 TX ua=95 mt=P len=0
PKT t=16727 RX ua=95 mt=R len=7
PKT t=16732 TX ua=95 mt=P len=0
PKT t=16741 RX ua=95 mt=R len=7
PKT t=16746 TX ua=95 mt=P len=0
PKT t=16755 RX ua=95 mt=R len=7
PKT t=16760 TX ua=95 mt=P len=0
PKT t=16769 RX ua=95 mt=R len=7
PKT t=16774 TX ua=95 mt=P len=0
PKT t=16783 RX ua=95 mt=R len=7
PKT t=16788 TX ua=95 mt=P len=0
PKT t=16797 RX ua=95 mt=R len=7
PKT t=16802 TX ua=95 mt=P len=0
PKT t=16831 RX ua=95 mt=R len=7
PKT t=16836 TX ua=95 mt=P len=0
PKT t=16845 RX ua=95 mt=R len=7
PKT t=16856 TX ua=95 mt=P len=0
PKT t=16865 RX ua=95 mt=R len=7
PKT t=16870 TX ua=95 mt=T len=7
PKT t=16882 TX ua=95 mt=P len=0
PKT t=16891 RX ua=95 mt=R len=7
PKT t=16896 TX ua=95 mt=P len=0
PKT t=16905 RX ua=95 mt=R len=7
PKT t=16910 TX ua=95 mt=P len=0
PKT t=16939 RX ua=95 mt=R len=7
PKT t=16944 TX ua=95 mt=P len=0
PKT t=16953 RX ua=95 mt=R len=7
PKT t=16958 TX ua=95 mt=P len=0
PKT t=16967 RX ua=95 mt=R len=7
PKT t=16972 TX ua=95 mt=P len=0
PKT t=16981 RX ua=95 mt=R len=7
PKT t=16986 TX ua=95 mt=P len=0
PKT t=16996 RX ua=95 mt=R len=7
PKT t=17251 TX ua=96 mt=P len=0
PKT t=17509 TX ua=95 mt=P len=0
PKT t=17518 RX ua=95 mt=R len=7
PKT t=17523 TX ua=95 mt=T len=7
PKT t=17535 TX ua=95 mt=P len=0
PKT t=17545 RX ua=95 mt=R len=7
PKT t=17556 TX ua=95 mt=P len=0
PKT t=17566 RX ua=95 mt=R len=7
PKT t=17571 TX ua=95 mt=P len=0
PKT t=17581 RX ua=95 mt=R len=7
PKT t=17586 TX ua=95 mt=P len=0
PKT t=17596 RX ua=95 mt=R len=7
PKT t=17601 TX ua=95 mt=P len=0
PKT t=17611 RX ua=95 mt=R len=7
PKT t=17616 TX ua=95 mt=T len=7
PKT t=17628 TX ua=95 mt=P len=0
PKT t=17647 RX ua=95 mt=R len=7
PKT t=17652 TX ua=95 mt=P len=0
PKT t=17661 RX ua=95 mt=R len=7
PKT t=17666 TX ua=95 mt=P len=0
PKT t=17675 RX ua=95 mt=R len=7
PKT t=17680 TX ua=95 mt=P len=0
PKT t=17696 RX ua=95 mt=R len=7
PKT t=17701 TX ua=95 mt=P len=0
PKT t=17710 RX ua=95 mt=R len=7
PKT t=17715 TX ua=95 mt=P len=0
PKT t=17745 RX ua=95 mt=R len=7
PKT t=17750 TX ua=95 mt=P len=0
PKT t=17759 RX ua=95 mt=R len=7
PKT t=17764 TX ua=95 mt=P len=0
PKT t=17773 RX ua=95 mt=R len=7
PKT t=17778 TX ua=95 mt=P len=0
PKT t=17787 RX ua=95 mt=R len=7
PKT t=17792 TX ua=95 mt=P len=0
PKT t=17801 RX ua=95 mt=R len=7
PKT t=17806 TX ua=95 mt=P len=0
PKT t=17815 RX ua=95 mt=R len=7
PKT t=17820 TX ua=95 mt=P len=0
PKT t=17850 RX ua=95 mt=R len=7
PKT t=17855 TX ua=95 mt=P len=0
PKT t=17864 RX ua=95 mt=R len=7
PKT t=17869 TX ua=95 mt=T len=7
PKT t=17881 TX ua=95 mt=P len=0
PKT t=17891 RX ua=95 mt=R len=7
PKT t=17896 TX ua=95 mt=P len=0
PKT t=17905 RX ua=95 mt=R len=7
PKT t=17910 TX ua=95 mt=P len=0
PKT t=17919 RX ua=95 mt=R len=7
PKT t=17924 TX ua=95 mt=P len=0
PKT t=17953 RX ua=95 mt=R len=7
PKT t=17958 TX ua=95 mt=P len=0
PKT t=17976 RX ua=95 mt=R len=7
PKT t=17981 TX ua=95 mt=P len=0
PKT t=17990 RX ua=95 mt=R len=7
PKT t=17995 TX ua=95 mt=P len=0
PKT t=18004 RX ua=95 mt=R len=7
PKT t=18009 TX ua=95 mt=P len=0
PKT t=18021 RX ua=95 mt=R len=7
PKT t=18026 TX ua=95 mt=P len=0
PKT t=18052 RX ua=95 mt=R len=7
PKT t=18057 TX ua=95 mt=P len=0
PKT t=18066 RX ua=95 mt=R len=7
PKT t=18071 TX ua=95 mt=P len=0
PKT t=18080 RX ua=95 mt=R len=7
PKT t=18085 TX ua=95 mt=P len=0
PKT t=18094 RX ua=95 mt=R len=7
PKT t=18099 TX ua=95 mt=T len=7
PKT t=18116 TX ua=95 mt=T len=7
PKT t=18129 TX ua=95 mt=P len=0
PKT t=18156 RX ua=95 mt=R len=7
PKT t=18161 TX ua=95 mt=T len=7
PKT t=18174 TX ua=95 mt=P len=0
PKT t=18183 RX ua=95 mt=R len=7
PKT t=18188 TX ua=95 mt=P len=0
PKT t=18197 RX ua=95 mt=R len=7
PKT t=18202 TX ua=95 mt=P len=0
PKT t=18211 RX ua=95 mt=R len=7
PKT t=18216 TX ua=95 mt=P len=0
PKT t=18225 RX ua=95 mt=R len=7
PKT t=18230 TX ua=95 mt=P len=0
PKT t=18259 RX ua=95 mt=R len=7
PKT t=18264 TX ua=95 mt=P len=0
PKT t=18273 RX ua=95 mt=R len=7
PKT t=18278 TX ua=95 mt=P len=0
PKT t=18287 RX ua=95 mt=R len=7
PKT t=18292 TX ua=95 mt=P len=0
PKT t=18301 RX ua=95 mt=R len=7
PKT t=18306 TX ua=95 mt=P len=0
PKT t=18315 RX ua=95 mt=R len=7
PKT t=18320 TX ua=95 mt=P len=0
PKT t=18329 RX ua=95 mt=R len=7
PKT t=18334 TX ua=95 mt=P len=0
PKT t=18363 RX ua=95 mt=R len=7
PKT t=18368 TX ua=95 mt=T len=7
PKT t=18381 TX ua=95 mt=P len=0
PKT t=18396 RX ua=95 mt=R len=7
PKT t=18401 TX ua=95 mt=P len=0
PKT t=18410 RX ua=95 mt=R len=7
PKT t=18415 TX ua=95 mt=P len=0
PKT t=18425 RX ua=95 mt=R len=7
PKT t=18430 TX ua=95 mt=P len=0
PKT t=18462 RX ua=95 mt=R len=7
PKT t=18467 TX ua=95 mt=P len=0
PKT t=18476 RX ua=95 mt=R len=7
PKT t=18481 TX ua=95 mt=P len=0
PKT t=18491 RX ua=95 mt=R len=7
PKT t=18496 TX ua=95 mt=P len=0
PKT t=18505 RX ua=95 mt=R len=7
PKT t=18510 TX ua=95 mt=P len=0
PKT t=18519 RX ua=95 mt=R len=7
PKT t=18524 TX ua=95 mt=P len=0
PKT t=18536 RX ua=95 mt=R len=7
PKT t=18541 TX ua=95 mt=P len=0
PKT t=18567 RX ua=95 mt=R len=7
PKT t=18572 TX ua=95 mt=P len=0
PKT t=18581 RX ua=95 mt=R len=7
PKT t=18586 TX ua=95 mt=P len=0
PKT t=18595 RX ua=95 mt=R len=7
PKT t=18600 TX ua=95 mt=P len=0
PKT t=18609 RX ua=95 mt=R len=7
PKT t=18614 TX ua=95 mt=T len=7
PKT t=18627 TX ua=95 mt=P len=0
PKT t=18636 RX ua=95 mt=R len=7
PKT t=18641 TX ua=95 mt=P len=0
PKT t=18676 RX ua=95 mt=R len=7
PKT t=18681 TX ua=95 mt=P len=0
PKT t=18690 RX ua=95 mt=R len=7
PKT t=18695 TX ua=95 mt=P len=0
PKT t=18704 RX ua=95 mt=R len=7
PKT t=18709 TX ua=95 mt=P len=0
PKT t=18718 RX ua=95 mt=R len=7
PKT t=18723 TX ua=95 mt=P len=0
PKT t=18732 RX ua=95 mt=R len=7
PKT t=18737 TX ua=95 mt=P len=0
PKT t=18769 RX ua=95 mt=R len=7
PKT t=18774 TX ua=95 mt=P len=0
PKT t=18783 RX ua=95 mt=R len=7
PKT t=18788 TX ua=95 mt=P len=0
PKT t=18797 RX ua=95 mt=R len=7
PKT t=18802 TX ua=95 mt=P len=0
PKT t=18816 RX ua=95 mt=R len=7
PKT t=18821 TX ua=95 mt=P len=0
PKT t=18830 RX ua=95 mt=R len=7
PKT t=18835 TX ua=95 mt=P len=0
PKT t=18844 RX ua=95 mt=R len=7
PKT t=18849 TX ua=95 mt=P len=0
PKT t=18878 RX ua=95 mt=R len=7
PKT t=18883 TX ua=95 mt=T len=7
PKT t=18896 TX ua=95 mt=P len=0
PKT t=18905 RX ua=95 mt=R len=7
PKT t=18910 TX ua=95 mt=P len=0
PKT t=18919 RX ua=95 mt=R len=7
PKT t=18924 TX ua=95 mt=P len=0
PKT t=18933 RX ua=95 mt=R len=7
PKT t=18938 TX ua=95 mt=P len=0
PKT t=18956 RX ua=95 mt=R len=7
PKT t=18961 TX ua=95 mt=P len=0
PKT t=18981 RX ua=95 mt=R len=7
PKT t=18986 TX ua=95 mt=P len=0
PKT t=18995 RX ua=95 mt=R len=7
PKT t=19000 TX ua=95 mt=P len=0
PKT t=19009 RX ua=95 mt=R len=7
PKT t=19014 TX ua=95 mt=P len=0
PKT t=19023 RX ua=95 mt=R len=7
PKT t=19028 TX ua=95 mt=P len=0
PKT t=19037 RX ua=95 mt=R len=7
PKT t=19042 TX ua=95 mt=P len=0
PKT t=19051 RX ua=95 mt=R len=7
PKT t=19056 TX ua=95 mt=P len=0
PKT t=19085 RX ua=95 mt=R len=7
PKT t=19096 TX ua=95 mt=P len=0
PKT t=19105 RX ua=95 mt=R len=7
PKT t=19110 TX ua=95 mt=T len=7
PKT t=19122 TX ua=95 mt=P len=0
PKT t=19131 RX ua=95 mt=R len=7
PKT t=19136 TX ua=95 mt=P len=0
PKT t=19145 RX ua=95 mt=R len=7
PKT t=19150 TX ua=95 mt=P len=0
PKT t=19159 RX ua=95 mt=R len=7
PKT t=19164 TX ua=95 mt=P len=0
PKT t=19194 RX ua=95 mt=R len=7
PKT t=19199 TX ua=95 mt=P len=0
PKT t=19208 RX ua=95 mt=R len=7
PKT t=19213 TX ua=95 mt=P len=0
PKT t=19222 RX ua=95 mt=R len=7
PKT t=19227 TX ua=95 mt=P len=0
PKT t=19237 RX ua=95 mt=R len=7
PKT t=19492 TX ua=96 mt=P len=0
PKT t=19750 TX ua=95 mt=P len=0
PKT t=19759 RX ua=95 mt=R len=7
PKT t=19764 TX ua=95 mt=T len=7
PKT t=19776 TX ua=95 mt=P len=0
PKT t=19796 RX ua=95 mt=R len=7
PKT t=19801 TX ua=95 mt=P len=0
PKT t=19810 RX ua=95 mt=R len=7
PKT t=19815 TX ua=95 mt=P len=0
PKT t=19824 RX ua=95 mt=R len=7
PKT t=19829 TX ua=95 mt=P len=0
PKT t=19838 RX ua=95 mt=R len=7
PKT t=19843 TX ua=95 mt=P len=0
PKT t=19852 RX ua=95 mt=R len=7
PKT t=19857 TX ua=95 mt=P len=0
PKT t=19866 RX ua=95 mt=R len=7
PKT t=19871 TX ua=95 mt=T len=7
PKT t=19883 TX ua=95 mt=P len=0
PKT t=19902 RX ua=95 mt=R len=7
PKT t=19907 TX ua=95 mt=P len=0
PKT t=19916 RX ua=95 mt=R len=7
PKT t=19921 TX ua=95 mt=P len=0
PKT t=19936 RX ua=95 mt=R len=7
PKT t=19941 TX ua=95 mt=P len=0
PKT t=19950 RX ua=95 mt=R len=7
PKT t=19955 TX ua=95 mt=P len=0
PKT t=19964 RX ua=95 mt=R len=7
PKT t=19969 TX ua=95 mt=P len=0
PKT t=19999 RX ua=95 mt=R len=7
PKT t=20004 TX ua=95 mt=P len=0
PKT t=20013 RX ua=95 mt=R len=7
PKT t=20022 TX ua=95 mt=P len=0
PKT t=20031 RX ua=95 mt=R len=7
PKT t=20036 TX ua=95 mt=P len=0
PKT t=20045 RX ua=95 mt=R len=7
PKT t=20050 TX ua=95 mt=P len=0
PKT t=20059 RX ua=95 mt=R len=7
PKT t=20064 TX ua=95 mt=P len=0
PKT t=20076 RX ua=95 mt=R len=7
PKT t=20081 TX ua=95 mt=P len=0
PKT t=20107 RX ua=95 mt=R len=7
PKT t=20112 TX ua=95 mt=T len=7
PKT t=20124 TX ua=95 mt=P len=0
PKT t=20133 RX ua=95 mt=R len=7
PKT t=20138 TX ua=95 mt=P len=0
PKT t=20147 RX ua=95 mt=R len=7
PKT t=20152 TX ua=95 mt=P len=0
PKT t=20161 RX ua=95 mt=R len=7
PKT t=20166 TX ua=95 mt=P len=0
PKT t=20175 RX ua=95 mt=R len=7
PKT t=20180 TX ua=95 mt=P len=0
PKT t=20216 RX ua=95 mt=R len=7
PKT t=20221 TX ua=95 mt=P len=0
PKT t=20230 RX ua=95 mt=R len=7
PKT t=20235 TX ua=95 mt=P len=0
PKT t=20244 RX ua=95 mt=R len=7
PKT t=20249 TX ua=95 mt=P len=0
PKT t=20258 RX ua=95 mt=R len=7
PKT t=20263 TX ua=95 mt=P len=0
PKT t=20272 RX ua=95 mt=R len=7
PKT t=20277 TX ua=95 mt=P len=0
PKT t=20308 RX ua=95 mt=R len=7
PKT t=20313 TX ua=95 mt=P len=0
PKT t=20322 RX ua=95 mt=R len=7
PKT t=20327 TX ua=95 mt=P len=0
PKT t=20336 RX ua=95 mt=R len=7
PKT t=20341 TX ua=95 mt=P len=0
PKT t=20356 RX ua=95 mt=R len=7
PKT t=20361 TX ua=95 mt=T len=7
PKT t=20373 TX ua=95 mt=P len=0
PKT t=20382 RX ua=95 mt=R len=7
PKT t=20387 TX ua=95 mt=P len=0
PKT t=20416 RX ua=95 mt=R len=7
PKT t=20421 TX ua=95 mt=P len=0
PKT t=20430 RX ua=95 mt=R len=7
PKT t=20435 TX ua=95 mt=P len=0
PKT t=20444 RX ua=95 mt=R len=7
PKT t=20449 TX ua=95 mt=P len=0
PKT t=20458 RX ua=95 mt=R len=7
PKT t=20463 TX ua=95 mt=P len=0
PKT t=20472 RX ua=95 mt=R len=7
PKT t=20477 TX ua=95 mt=P len=0
PKT t=20486 RX ua=95 mt=R len=7
PKT t=20496 TX ua=95 mt=P len=0
PKT t=20520 RX ua=95 mt=R len=7
PKT t=20525 TX ua=95 mt=P len=0
PKT t=20534 RX ua=95 mt=R len=7
PKT t=20539 TX ua=95 mt=P len=0
PKT t=20548 RX ua=95 mt=R len=7
PKT t=20553 TX ua=95 mt=P len=0
PKT t=20562 RX ua=95 mt=R len=7
PKT t=20567 TX ua=95 mt=P len=0
PKT t=20576 RX ua=95 mt=R len=7
PKT t=20581 TX ua=95 mt=P len=0
PKT t=20590 RX ua=95 mt=R len=7
PKT t=20595 TX ua=95 mt=P len=0
PKT t=20624 RX ua=95 mt=R len=7
PKT t=20636 TX ua=95 mt=T len=7
PKT t=20648 TX ua=95 mt=P len=0
PKT t=20658 RX ua=95 mt=R len=7
PKT t=20663 TX ua=95 mt=P len=0
PKT t=20672 RX ua=95 mt=R len=7
PKT t=20677 TX ua=95 mt=P len=0
PKT t=20686 RX ua=95 mt=R len=7
PKT t=20691 TX ua=95 mt=P len=0
PKT t=20723 RX ua=95 mt=R len=7
PKT t=20728 TX ua=95 mt=P len=0
PKT t=20737 RX ua=95 mt=R len=7
PKT t=20742 TX ua=95 mt=P len=0
PKT t=20751 RX ua=95 mt=R len=7
PKT t=20756 TX ua=95 mt=P len=0
PKT t=20765 RX ua=95 mt=R len=7
PKT t=20776 TX ua=95 mt=P len=0
PKT t=20785 RX ua=95 mt=R len=7
PKT t=20790 TX ua=95 mt=P len=0
PKT t=20824 RX ua=95 mt=R len=7
PKT t=20829 TX ua=95 mt=P len=0
PKT t=20838 RX ua=95 mt=R len=7
PKT t=20843 TX ua=95 mt=P len=0
PKT t=20852 RX ua=95 mt=R len=7
PKT t=20857 TX ua=95 mt=P len=0
PKT t=20866 RX ua=95 mt=R len=7
PKT t=20871 TX ua=95 mt=T len=7
PKT t=20883 TX ua=95 mt=P len=0
PKT t=20892 RX ua=95 mt=R len=7
PKT t=20897 TX ua=95 mt=P len=0
PKT t=20926 RX ua=95 mt=R len=7
PKT t=20931 TX ua=95 mt=P len=0
PKT t=20940 RX ua=95 mt=R len=7
PKT t=20945 TX ua=95 mt=P len=0
PKT t=20954 RX ua=95 mt=R len=7
PKT t=20959 TX ua=95 mt=P len=0
PKT t=20968 RX ua=95 mt=R len=7
PKT t=20973 TX ua=95 mt=P len=0
PKT t=20982 RX ua=95 mt=R len=7
PKT t=20987 TX ua=95 mt=P len=0
PKT t=20996 RX ua=95 mt=R len=7
PKT t=21001 TX ua=95 mt=P len=0
PKT t=21030 RX ua=95 mt=R len=7
PKT t=21035 TX ua=95 mt=P len=0
PKT t=21044 RX ua=95 mt=R len=7
PKT t=21056 TX ua=95 mt=P len=0
PKT t=21065 RX ua=95 mt=R len=7
PKT t=21070 TX ua=95 mt=P len=0
PKT t=21079 RX ua=95 mt=R len=7
PKT t=21084 TX ua=95 mt=P len=0
PKT t=21093 RX ua=95 mt=R len=7
PKT t=21098 TX ua=95 mt=P len=0
PKT t=21129 RX ua=95 mt=R len=7
PKT t=21134 TX ua=95 mt=T len=7
PKT t=21147 TX ua=95 mt=P len=0
PKT t=21156 RX ua=95 mt=R len=7
PKT t=21161 TX ua=95 mt=P len=0
PKT t=21170 RX ua=95 mt=R len=7
PKT t=21175 TX ua=95 mt=P len=0
PKT t=21184 RX ua=95 mt=R len=7
PKT t=21196 TX ua=95 mt=P len=0
PKT t=21229 RX ua=95 mt=R len=7
PKT t=21234 TX ua=95 mt=P len=0
PKT t=21243 RX ua=95 mt=R len=7
PKT t=21248 TX ua=95 mt=P len=0
PKT t=21257 RX ua=95 mt=R len=7
PKT t=21262 TX ua=95 mt=P len=0
PKT t=21271 RX ua=95 mt=R len=7
PKT t=21276 TX ua=95 mt=P len=0
PKT t=21285 RX ua=95 mt=R len=7
PKT t=21290 TX ua=95 mt=P len=0
PKT t=21299 RX ua=95 mt=R len=7
PKT t=21304 TX ua=95 mt=P len=0
PKT t=21336 RX ua=95 mt=R len=7
PKT t=21341 TX ua=95 mt=P len=0
PKT t=21350 RX ua=95 mt=R len=7
PKT t=21355 TX ua=95 mt=P len=0
PKT t=21364 RX ua=95 mt=R len=7
PKT t=21369 TX ua=95 mt=T len=7
PKT t=21382 TX ua=95 mt=P len=0
PKT t=21392 RX ua=95 mt=R len=7
PKT t=21397 TX ua=95 mt=P len=0
PKT t=21407 RX ua=95 mt=R len=7
PKT t=21412 TX ua=95 mt=P len=0
PKT t=21441 RX ua=95 mt=R len=7
PKT t=21446 TX ua=95 mt=P len=0
PKT t=21456 RX ua=95 mt=R len=7
PKT t=21461 TX ua=95 mt=P len=0
PKT t=21476 RX ua=95 mt=R len=7
PKT t=21481 TX ua=95 mt=P len=0
PKT t=21491 RX ua=95 mt=R len=7
PKT t=21496 TX ua=95 mt=P len=0
PKT t=21506 RX ua=95 mt=R len=7
PKT t=21511 TX ua=95 mt=P len=0
PKT t=21541 RX ua=95 mt=R len=7
PKT t=21545 TX ua=95 mt=P len=0
PKT t=21556 RX ua=95 mt=R len=7
PKT t=21561 TX ua=95 mt=P len=0
PKT t=21571 RX ua=95 mt=R len=7
PKT t=21576 TX ua=95 mt=P len=0
PKT t=21586 RX ua=95 mt=R len=7
PKT t=21591 TX ua=95 mt=P len=0
PKT t=21601 RX ua=95 mt=R len=7
PKT t=21606 TX ua=95 mt=P len=0
PKT t=21616 RX ua=95 mt=R len=7
PKT t=21871 TX ua=96 mt=P len=0
PKT t=22129 TX ua=95 mt=P len=0
PKT t=22139 RX ua=95 mt=R len=7
PKT t=22144 TX ua=95 mt=T len=7
PKT t=22156 TX ua=95 mt=P len=0
PKT t=22165 RX ua=95 mt=R len=7
PKT t=22176 TX ua=95 mt=P len=0
PKT t=22185 RX ua=95 mt=R len=7
PKT t=22190 TX ua=95 mt=P len=0
PKT t=22199 RX ua=95 mt=R len=7
PKT t=22204 TX ua=95 mt=P len=0
PKT t=22213 RX ua=95 mt=R len=7
PKT t=22218 TX ua=95 mt=P len=0
PKT t=22249 RX ua=95 mt=R len=7
PKT t=22254 TX ua=95 mt=P len=0
PKT t=22264 RX ua=95 mt=R len=7
PKT t=22269 TX ua=95 mt=P len=0
PKT t=22278 RX ua=95 mt=R len=7
PKT t=22283 TX ua=95 mt=P len=0
PKT t=22292 RX ua=95 mt=R len=7
PKT t=22297 TX ua=95 mt=P len=0
PKT t=22306 RX ua=95 mt=R len=7
PKT t=22316 TX ua=95 mt=P len=0
PKT t=22349 RX ua=95 mt=R len=7
PKT t=22354 TX ua=95 mt=P len=0
PKT t=22363 RX ua=95 mt=R len=7
PKT t=22368 TX ua=95 mt=T len=7
PKT t=22380 TX ua=95 mt=P len=0
PKT t=22389 RX ua=95 mt=R len=7
PKT t=22394 TX ua=95 mt=P len=0
PKT t=22403 RX ua=95 mt=R len=7
PKT t=22408 TX ua=95 mt=P len=0
PKT t=22417 RX ua=95 mt=R len=7
PKT t=22422 TX ua=95 mt=P len=0
PKT t=22456 RX ua=95 mt=R len=7
PKT t=22461 TX ua=95 mt=P len=0
PKT t=22470 RX ua=95 mt=R len=7
PKT t=22475 TX ua=95 mt=P len=0
PKT t=22484 RX ua=95 mt=R len=7
PKT t=22489 TX ua=95 mt=P len=0
PKT t=22498 RX ua=95 mt=R len=7
PKT t=22503 TX ua=95 mt=P len=0
PKT t=22512 RX ua=95 mt=R len=7
PKT t=22517 TX ua=95 mt=P len=0
PKT t=22550 RX ua=95 mt=R len=7
PKT t=22555 TX ua=95 mt=P len=0
PKT t=22564 RX ua=95 mt=R len=7
PKT t=22569 TX ua=95 mt=P len=0
PKT t=22578 RX ua=95 mt=R len=7
PKT t=22583 TX ua=95 mt=P len=0
PKT t=22596 RX ua=95 mt=R len=7
PKT t=22601 TX ua=95 mt=P len=0
PKT t=22610 RX ua=95 mt=R len=7
PKT t=22615 TX ua=95 mt=T len=7
PKT t=22627 TX ua=95 mt=P len=0
PKT t=22655 RX ua=95 mt=R len=7
PKT t=22660 TX ua=95 mt=P len=0
PKT t=22669 RX ua=95 mt=R len=7
PKT t=22674 TX ua=95 mt=P len=0
PKT t=22683 RX ua=95 mt=R len=7
PKT t=22688 TX ua=95 mt=P len=0
PKT t=22697 RX ua=95 mt=R len=7
PKT t=22702 TX ua=95 mt=P len=0
PKT t=22711 RX ua=95 mt=R len=7
PKT t=22716 TX ua=95 mt=P len=0
PKT t=22725 RX ua=95 mt=R len=7
PKT t=22736 TX ua=95 mt=P len=0
PKT t=22759 RX ua=95 mt=R len=7
PKT t=22764 TX ua=95 mt=P len=0
PKT t=22773 RX ua=95 mt=R len=7
PKT t=22778 TX ua=95 mt=P len=0
PKT t=22787 RX ua=95 mt=R len=7
PKT t=22792 TX ua=95 mt=P len=0
PKT t=22801 RX ua=95 mt=R len=7
PKT t=22806 TX ua=95 mt=P len=0
PKT t=22815 RX ua=95 mt=R len=7
PKT t=22820 TX ua=95 mt=P len=0
PKT t=22829 RX ua=95 mt=R len=7
PKT t=22834 TX ua=95 mt=P len=0
PKT t=22863 RX ua=95 mt=R len=7
PKT t=22876 TX ua=95 mt=T len=7
PKT t=22888 TX ua=95 mt=P len=0
PKT t=22897 RX ua=95 mt=R len=7
PKT t=22902 TX ua=95 mt=P len=0
PKT t=22911 RX ua=95 mt=R len=7
PKT t=22916 TX ua=95 mt=P len=0
PKT t=22925 RX ua=95 mt=R len=7
PKT t=22930 TX ua=95 mt=P len=0
PKT t=22963 RX ua=95 mt=R len=7
PKT t=22968 TX ua=95 mt=P len=0
PKT t=22977 RX ua=95 mt=R len=7
PKT t=22982 TX ua=95 mt=P len=0
PKT t=22991 RX ua=95 mt=R len=7
PKT t=22996 TX ua=95 mt=P len=0
PKT t=23005 RX ua=95 mt=R len=7
PKT t=23016 TX ua=95 mt=P len=0
PKT t=23025 RX ua=95 mt=R len=7
PKT t=23030 TX ua=95 mt=P len=0
PKT t=23063 RX ua=95 mt=R len=7
PKT t=23068 TX ua=95 mt=P len=0
PKT t=23077 RX ua=95 mt=R len=7
PKT t=23082 TX ua=95 mt=P len=0
PKT t=23091 RX ua=95 mt=R len=7
PKT t=23096 TX ua=95 mt=P len=0
PKT t=23105 RX ua=95 mt=R len=7
PKT t=23110 TX ua=95 mt=T len=7
PKT t=23122 TX ua=95 mt=P len=0
PKT t=23131 RX ua=95 mt=R len=7
PKT t=23136 TX ua=95 mt=P len=0
PKT t=23165 RX ua=95 mt=R len=7
PKT t=23170 TX ua=95 mt=P len=0
PKT t=23179 RX ua=95 mt=R len=7
PKT t=23184 TX ua=95 mt=P len=0
PKT t=23193 RX ua=95 mt=R len=7
PKT t=23198 TX ua=95 mt=P len=0
PKT t=23207 RX ua=95 mt=R len=7
PKT t=23212 TX ua=95 mt=P len=0
PKT t=23221 RX ua=95 mt=R len=7
PKT t=23226 TX ua=95 mt=P len=0
PKT t=23235 RX ua=95 mt=R len=7
PKT t=23240 TX ua=95 mt=P len=0
PKT t=23269 RX ua=95 mt=R len=7
PKT t=23274 TX ua=95 mt=P len=0
PKT t=23283 RX ua=95 mt=R len=7
PKT t=23296 TX ua=95 mt=P len=0
PKT t=23305 RX ua=95 mt=R len=7
PKT t=23310 TX ua=95 mt=P len=0
PKT t=23319 RX ua=95 mt=R len=7
PKT t=23324 TX ua=95 mt=P len=0
PKT t=23333 RX ua=95 mt=R len=7
PKT t=23338 TX ua=95 mt=P len=0
PKT t=23368 RX ua=95 mt=R len=7
PKT t=23373 TX ua=95 mt=T len=7
PKT t=23385 TX ua=95 mt=P len=0
PKT t=23395 RX ua=95 mt=R len=7
PKT t=23400 TX ua=95 mt=P len=0
PKT t=23410 RX ua=95 mt=R len=7
PKT t=23415 TX ua=95 mt=P len=0
PKT t=23425 RX ua=95 mt=R len=7
PKT t=23436 TX ua=95 mt=P len=0
PKT t=23469 RX ua=95 mt=R len=7
PKT t=23474 TX ua=95 mt=P len=0
PKT t=23484 RX ua=95 mt=R len=7
PKT t=23489 TX ua=95 mt=P len=0
PKT t=23499 RX ua=95 mt=R len=7
PKT t=23504 TX ua=95 mt=P len=0
PKT t=23514 RX ua=95 mt=R len=7
PKT t=23519 TX ua=95 mt=P len=0
PKT t=23529 RX ua=95 mt=R len=7
PKT t=23534 TX ua=95 mt=P len=0
PKT t=23544 RX ua=95 mt=R len=7
PKT t=23549 TX ua=95 mt=P len=0
PKT t=23578 RX ua=95 mt=R len=7
PKT t=23583 TX ua=95 mt=P len=0
PKT t=23593 RX ua=95 mt=R len=7
PKT t=23598 TX ua=95 mt=P len=0
PKT t=23608 RX ua=95 mt=R len=7
PKT t=23613 TX ua=95 mt=T len=7
PKT t=23625 TX ua=95 mt=P len=0
PKT t=23634 RX ua=95 mt=R len=7
PKT t=23639 TX ua=95 mt=P len=0
PKT t=23648 RX ua=95 mt=R len=7
PKT t=23653 TX ua=95 mt=P len=0
PKT t=23682 RX ua=95 mt=R len=7
PKT t=23687 TX ua=95 mt=P len=0
PKT t=23696 RX ua=95 mt=R len=7
PKT t=23701 TX ua=95 mt=P len=0
PKT t=23716 RX ua=95 mt=R len=7
PKT t=23721 TX ua=95 mt=P len=0
PKT t=23730 RX ua=95 mt=R len=7
PKT t=23735 TX ua=95 mt=P len=0
PKT t=23744 RX ua=95 mt=R len=7
PKT t=23749 TX ua=95 mt=P len=0
PKT t=23781 RX ua=95 mt=R len=7
PKT t=23786 TX ua=95 mt=P len=0
PKT t=23795 RX ua=95 mt=R len=7
PKT t=23800 TX ua=95 mt=P len=0
PKT t=23809 RX ua=95 mt=R len=7
PKT t=23814 TX ua=95 mt=P len=0
PKT t=23823 RX ua=95 mt=R len=7
PKT t=23828 TX ua=95 mt=P len=0
PKT t=23837 RX ua=95 mt=R len=7
PKT t=23842 TX ua=95 mt=P len=0
PKT t=23856 RX ua=95 mt=R len=7
PKT t=23861 TX ua=95 mt=T len=7
PKT t=23873 TX ua=95 mt=P len=0
PKT t=23887 RX ua=95 mt=R len=7
PKT t=23892 TX ua=95 mt=P len=0
PKT t=23901 RX ua=95 mt=R len=7
PKT t=23906 TX ua=95 mt=P len=0
PKT t=23915 RX ua=95 mt=R len=7
PKT t=23920 TX ua=95 mt=P len=0
PKT t=23929 RX ua=95 mt=R len=7
PKT t=23934 TX ua=95 mt=P len=0
PKT t=23943 RX ua=95 mt=R len=7
PKT t=23948 TX ua=95 mt=P len=0
PKT t=23957 RX ua=95 mt=R len=7
PKT t=23962 TX ua=95 mt=P len=0
PKT t=23996 RX ua=95 mt=R len=7
PKT t=24001 TX ua=95 mt=P len=0
PKT t=24010 RX ua=95 mt=R len=7
PKT t=24015 TX ua=95 mt=P len=0
PKT t=24024 RX ua=95 mt=R len=7
PKT t=24029 TX ua=95 mt=P len=0
PKT t=24038 RX ua=95 mt=R len=7
PKT t=24043 TX ua=95 mt=P len=0
PKT t=24052 RX ua=95 mt=R len=7
PKT t=24057 TX ua=95 mt=P len=0
PKT t=24066 RX ua=95 mt=R len=7
PKT t=24071 TX ua=95 mt=P len=0
PKT t=24100 RX ua=95 mt=R len=7
PKT t=24105 TX ua=95 mt=T len=7
PKT t=24117 TX ua=95 mt=P len=0
PKT t=24126 RX ua=95 mt=R len=7
PKT t=24136 TX ua=95 mt=P len=0
PKT t=24145 RX ua=95 mt=R len=7
PKT t=24150 TX ua=95 mt=P len=0
PKT t=24159 RX ua=95 mt=R len=7
PKT t=24164 TX ua=95 mt=P len=0
PKT t=24173 RX ua=95 mt=R len=7
PKT t=24178 TX ua=95 mt=P len=0
PKT t=24211 RX ua=95 mt=R len=7
PKT t=24216 TX ua=95 mt=P len=0
PKT t=24225 RX ua=95 mt=R len=7
PKT t=24230 TX ua=95 mt=P len=0
PKT t=24239 RX ua=95 mt=R len=7
PKT t=24244 TX ua=95 mt=P len=0
PKT t=24253 RX ua=95 mt=R len=7
PKT t=24258 TX ua=95 mt=P len=0
PKT t=24276 RX ua=95 mt=R len=7
PKT t=24281 TX ua=95 mt=P len=0
PKT t=24306 RX ua=95 mt=R len=7
PKT t=24311 TX ua=95 mt=P len=0
PKT t=24320 RX ua=95 mt=R len=7
PKT t=24325 TX ua=95 mt=P len=0
PKT t=24334 RX ua=95 mt=R len=7
PKT t=24339 TX ua=95 mt=P len=0
PKT t=24348 RX ua=95 mt=R len=7
PKT t=24353 TX ua=95 mt=P len=0
PKT t=24362 RX ua=95 mt=R len=7
PKT t=24367 TX ua=95 mt=T len=7
PKT t=24379 TX ua=95 mt=P len=0
PKT t=24416 RX ua=95 mt=R len=7
PKT t=24421 TX ua=95 mt=P len=0
PKT t=24430 RX ua=95 mt=R len=7
PKT t=24435 TX ua=95 mt=P len=0
PKT t=24444 RX ua=95 mt=R len=7
PKT t=24449 TX ua=95 mt=P len=0
PKT t=24458 RX ua=95 mt=R len=7
PKT t=24463 TX ua=95 mt=P len=0
PKT t=24472 RX ua=95 mt=R len=7
PKT t=24477 TX ua=95 mt=P len=0
PKT t=24506 RX ua=95 mt=R len=7
PKT t=24511 TX ua=95 mt=P len=0
PKT t=24520 RX ua=95 mt=R len=7
PKT t=24525 TX ua=95 mt=P len=0
PKT t=24534 RX ua=95 mt=R len=7
PKT t=24539 TX ua=95 mt=P len=0
PKT t=24556 RX ua=95 mt=R len=7
PKT t=24561 TX ua=95 mt=P len=0
PKT t=24570 RX ua=95 mt=R len=7
PKT t=24575 TX ua=95 mt=P len=0
PKT t=24606 RX ua=95 mt=R len=7
PKT t=24611 TX ua=95 mt=T len=7
PKT t=24623 TX ua=95 mt=P len=0
PKT t=24632 RX ua=95 mt=R len=7
PKT t=24637 TX ua=95 mt=P len=0
PKT t=24646 RX ua=95 mt=R len=7
PKT t=24651 TX ua=95 mt=P len=0
PKT t=24660 RX ua=95 mt=R len=7
PKT t=24665 TX ua=95 mt=P len=0
PKT t=24674 RX ua=95 mt=R len=7
PKT t=24679 TX ua=95 mt=P len=0
PKT t=24708 RX ua=95 mt=R len=7
PKT t=24713 TX ua=95 mt=P len=0
PKT t=24723 RX ua=95 mt=R len=7
PKT t=24728 TX ua=95 mt=P len=0
PKT t=24737 RX ua=95 mt=R len=7
PKT t=24742 TX ua=95 mt=P len=0
PKT t=24751 RX ua=95 mt=R len=7
PKT t=24756 TX ua=95 mt=P len=0
PKT t=24765 RX ua=95 mt=R len=7
PKT t=24770 TX ua=95 mt=P len=0
PKT t=24779 RX ua=95 mt=R len=7
PKT t=24784 TX ua=95 mt=P len=0
PKT t=24813 RX ua=95 mt=R len=7
PKT t=24818 TX ua=95 mt=P len=0
PKT t=24836 RX ua=95 mt=R len=7
PKT t=24841 TX ua=95 mt=P len=0
PKT t=24850 RX ua=95 mt=R len=7
PKT t=24855 TX ua=95 mt=P len=0
PKT t=24864 RX ua=95 mt=R len=7
PKT t=24869 TX ua=95 mt=T len=7
PKT t=24881 TX ua=95 mt=P len=0
PKT t=24912 RX ua=95 mt=R len=7
PKT t=24917 TX ua=95 mt=P len=0
PKT t=24926 RX ua=95 mt=R len=7
PKT t=24931 TX ua=95 mt=P len=0
PKT t=24940 RX ua=95 mt=R len=7
PKT t=24945 TX ua=95 mt=P len=0
PKT t=24954 RX ua=95 mt=R len=7
PKT t=24959 TX ua=95 mt=P len=0
PKT t=24976 RX ua=95 mt=R len=7
PKT t=24981 TX ua=95 mt=P len=0
PKT t=25012 RX ua=95 mt=R len=7
PKT t=25017 TX ua=95 mt=P len=0
PKT t=25026 RX ua=95 mt=R len=7
PKT t=25031 TX ua=95 mt=P len=0
PKT t=25040 RX ua=95 mt=R len=7
PKT t=25045 TX ua=95 mt=P len=0
PKT t=25054 RX ua=95 mt=R len=7
PKT t=25059 TX ua=95 mt=P len=0
PKT t=25068 RX ua=95 mt=R len=7
PKT t=25073 TX ua=95 mt=P len=0
PKT t=25082 RX ua=95 mt=R len=7
PKT t=25087 TX ua=95 mt=P len=0
PKT t=25116 RX ua=95 mt=R len=7
PKT t=25121 TX ua=95 mt=T len=7
PKT t=25133 TX ua=95 mt=P len=0
PKT t=25142 RX ua=95 mt=R len=7
PKT t=25147 TX ua=95 mt=P len=0
PKT t=25156 RX ua=95 mt=R len=7
PKT t=25161 TX ua=95 mt=P len=0
PKT t=25170 RX ua=95 mt=R len=7
PKT t=25175 TX ua=95 mt=P len=0
PKT t=25184 RX ua=95 mt=R len=7
PKT t=25189 TX ua=95 mt=P len=0
PKT t=25218 RX ua=95 mt=R len=7
PKT t=25223 TX ua=95 mt=P len=0
PKT t=25232 RX ua=95 mt=R len=7
PKT t=25237 TX ua=95 mt=P len=0
PKT t=25246 RX ua=95 mt=R len=7
PKT t=25256 TX ua=95 mt=P len=0
PKT t=25265 RX ua=95 mt=R len=7
PKT t=25270 TX ua=95 mt=P len=0
PKT t=25279 RX ua=95 mt=R len=7
PKT t=25284 TX ua=95 mt=P len=0
PKT t=25317 RX ua=95 mt=R len=7
PKT t=25322 TX ua=95 mt=P len=0
PKT t=25331 RX ua=95 mt=R len=7
PKT t=25336 TX ua=95 mt=P len=0
PKT t=25345 RX ua=95 mt=R len=7
PKT t=25350 TX ua=95 mt=P len=0
PKT t=25359 RX ua=95 mt=R len=7
PKT t=25364 TX ua=95 mt=T len=7
PKT t=25376 TX ua=95 mt=P len=0
PKT t=25386 RX ua=95 mt=R len=7
PKT t=25396 TX ua=95 mt=P len=0
PKT t=25420 RX ua=95 mt=R len=7
PKT t=25425 TX ua=95 mt=P len=0
PKT t=25435 RX ua=95 mt=R len=7
PKT t=25440 TX ua=95 mt=P len=0
PKT t=25450 RX ua=95 mt=R len=7
PKT t=25455 TX ua=95 mt=P len=0
PKT t=25465 RX ua=95 mt=R len=7
PKT t=25470 TX ua=95 mt=P len=0
PKT t=25480 RX ua=95 mt=R len=7
PKT t=25485 TX ua=95 mt=P len=0
PKT t=25495 RX ua=95 mt=R len=7
PKT t=25500 TX ua=95 mt=P len=0
PKT t=25536 RX ua=95 mt=R len=7
PKT t=25541 TX ua=95 mt=P len=0
PKT t=25551 RX ua=95 mt=R len=7
PKT t=25556 TX ua=95 mt=P len=0
PKT t=25566 RX ua=95 mt=R len=7
PKT t=25571 TX ua=95 mt=P len=0
PKT t=25581 RX ua=95 mt=R len=7
PKT t=25586 TX ua=95 mt=P len=0
PKT t=25596 RX ua=95 mt=R len=7
PKT t=25601 TX ua=95 mt=P len=0
PKT t=25630 RX ua=95 mt=R len=7
PKT t=25635 TX ua=95 mt=T len=7
PKT t=25647 TX ua=95 mt=P len=0
PKT t=25656 RX ua=95 mt=R len=7
PKT t=25661 TX ua=95 mt=P len=0
PKT t=25676 RX ua=95 mt=R len=7
PKT t=25681 TX ua=95 mt=P len=0
PKT t=25690 RX ua=95 mt=R len=7
PKT t=25695 TX ua=95 mt=P len=0
PKT t=25704 RX ua=95 mt=R len=7
PKT t=25709 TX ua=95 mt=P len=0
PKT t=25738 RX ua=95 mt=R len=7
PKT t=25743 TX ua=95 mt=P len=0
PKT t=25752 RX ua=95 mt=R len=7
PKT t=25757 TX ua=95 mt=P len=0
PKT t=25766 RX ua=95 mt=R len=7
PKT t=25771 TX ua=95 mt=P len=0
PKT t=25780 RX ua=95 mt=R len=7
PKT t=25785 TX ua=95 mt=P len=0
PKT t=25794 RX ua=95 mt=R len=7
PKT t=25799 TX ua=95 mt=P len=0
PKT t=25816 RX ua=95 mt=R len=7
PKT t=25821 TX ua=95 mt=P len=0
PKT t=25842 RX ua=95 mt=R len=7
PKT t=25847 TX ua=95 mt=P len=0
PKT t=25856 RX ua=95 mt=R len=7
PKT t=25861 TX ua=95 mt=T len=7
PKT t=25873 TX ua=95 mt=P len=0
PKT t=25882 RX ua=95 mt=R len=7
PKT t=25887 TX ua=95 mt=P len=0
PKT t=25896 RX ua=95 mt=R len=7
PKT t=25901 TX ua=95 mt=P len=0
PKT t=25910 RX ua=95 mt=R len=7
PKT t=25915 TX ua=95 mt=P len=0
PKT t=25944 RX ua=95 mt=R len=7
PKT t=25956 TX ua=95 mt=P len=0
PKT t=25965 RX ua=95 mt=R len=7
PKT t=25970 TX ua=95 mt=P len=0
PKT t=25979 RX ua=95 mt=R len=7
PKT t=25984 TX ua=95 mt=P len=0
PKT t=25993 RX ua=95 mt=R len=7
PKT t=25998 TX ua=95 mt=P len=0
PKT t=26007 RX ua=95 mt=R len=7
PKT t=26012 TX ua=95 mt=P len=0
PKT t=26043 RX ua=95 mt=R len=7
PKT t=26048 TX ua=95 mt=P len=0
PKT t=26057 RX ua=95 mt=R len=7
PKT t=26062 TX ua=95 mt=P len=0
PKT t=26071 RX ua=95 mt=R len=7
PKT t=26076 TX ua=95 mt=P len=0
PKT t=26085 RX ua=95 mt=R len=7
PKT t=26096 TX ua=95 mt=P len=0
PKT t=26105 RX ua=95 mt=R len=7
PKT t=26110 TX ua=95 mt=T len=7
PKT t=26123 TX ua=95 mt=P len=0
PKT t=26145 RX ua=95 mt=R len=7
PKT t=26150 TX ua=95 mt=T len=7
PKT t=26163 TX ua=95 mt=P len=0
PKT t=26172 RX ua=95 mt=R len=7
PKT t=26177 TX ua=95 mt=P len=0
PKT t=26186 RX ua=95 mt=R len=7
PKT t=26191 TX ua=95 mt=P len=0
PKT t=26200 RX ua=95 mt=R len=7
PKT t=26205 TX ua=95 mt=P len=0
PKT t=26214 RX ua=95 mt=R len=7
PKT t=26219 TX ua=95 mt=P len=0
PKT t=26248 RX ua=95 mt=R len=7
PKT t=26253 TX ua=95 mt=P len=0
PKT t=26262 RX ua=95 mt=R len=7
PKT t=26267 TX ua=95 mt=P len=0
PKT t=26276 RX ua=95 mt=R len=7
PKT t=26281 TX ua=95 mt=P len=0
PKT t=26290 RX ua=95 mt=R len=7
PKT t=26295 TX ua=95 mt=P len=0
PKT t=26305 RX ua=95 mt=R len=7
PKT t=26310 TX ua=95 mt=P len=0
PKT t=26319 RX ua=95 mt=R len=7
PKT t=26324 TX ua=95 mt=P len=0
PKT t=26353 RX ua=95 mt=R len=7
PKT t=26358 TX ua=95 mt=T len=7
PKT t=26376 TX ua=95 mt=P len=0
PKT t=26385 RX ua=95 mt=R len=7
PKT t=26390 TX ua=95 mt=P len=0
PKT t=26399 RX ua=95 mt=R len=7
PKT t=26404 TX ua=95 mt=P len=0
PKT t=26413 RX ua=95 mt=R len=7
PKT t=26418 TX ua=95 mt=P len=0
PKT t=26427 RX ua=95 mt=R len=7
PKT t=26432 TX ua=95 mt=P len=0
PKT t=26461 RX ua=95 mt=R len=7
PKT t=26466 TX ua=95 mt=P len=0
PKT t=26475 RX ua=95 mt=R len=7
PKT t=26480 TX ua=95 mt=P len=0
PKT t=26489 RX ua=95 mt=R len=7
PKT t=26494 TX ua=95 mt=P len=0
PKT t=26503 RX ua=95 mt=R len=7
PKT t=26516 TX ua=95 mt=P len=0
PKT t=26525 RX ua=95 mt=R len=7
PKT t=26530 TX ua=95 mt=P len=0
PKT t=26560 RX ua=95 mt=R len=7
PKT t=26565 TX ua=95 mt=P len=0
PKT t=26574 RX ua=95 mt=R len=7
PKT t=26579 TX ua=95 mt=P len=0
PKT t=26588 RX ua=95 mt=R len=7
PKT t=26593 TX ua=95 mt=P len=0
PKT t=26602 RX ua=95 mt=R len=7
PKT t=26607 TX ua=95 mt=P len=0
PKT t=26616 RX ua=95 mt=R len=7
PKT t=26621 TX ua=95 mt=T len=7
PKT t=26634 TX ua=95 mt=P len=0
PKT t=26661 RX ua=95 mt=R len=7
PKT t=26666 TX ua=95 mt=P len=0
PKT t=26675 RX ua=95 mt=R len=7
PKT t=26680 TX ua=95 mt=P len=0
PKT t=26689 RX ua=95 mt=R len=7
PKT t=26694 TX ua=95 mt=P len=0
PKT t=26703 RX ua=95 mt=R len=7
PKT t=26708 TX ua=95 mt=P len=0
PKT t=26717 RX ua=95 mt=R len=7
PKT t=26722 TX ua=95 mt=P len=0
PKT t=26731 RX ua=95 mt=R len=7
PKT t=26736 TX ua=95 mt=P len=0
PKT t=26765 RX ua=95 mt=R len=7
PKT t=26770 TX ua=95 mt=P len=0
PKT t=26779 RX ua=95 mt=R len=7
PKT t=26784 TX ua=95 mt=P len=0
PKT t=26796 RX ua=95 mt=R len=7
PKT t=26801 TX ua=95 mt=P len=0
PKT t=26810 RX ua=95 mt=R len=7
PKT t=26815 TX ua=95 mt=P len=0
PKT t=26824 RX ua=95 mt=R len=7
PKT t=26829 TX ua=95 mt=P len=0
PKT t=26838 RX ua=95 mt=R len=7
PKT t=26843 TX ua=95 mt=P len=0
PKT t=26872 RX ua=95 mt=R len=7
PKT t=26877 TX ua=95 mt=T len=7
PKT t=26890 TX ua=95 mt=P len=0
PKT t=26899 RX ua=95 mt=R len=7
PKT t=26904 TX ua=95 mt=P len=0
PKT t=26913 RX ua=95 mt=R len=7
PKT t=26918 TX ua=95 mt=P len=0
PKT t=26936 RX ua=95 mt=R len=7
PKT t=26941 TX ua=95 mt=P len=0
PKT t=26971 RX ua=95 mt=R len=7
PKT t=26976 TX ua=95 mt=P len=0
PKT t=26985 RX ua=95 mt=R len=7
PKT t=26990 TX ua=95 mt=P len=0
PKT t=26999 RX ua=95 mt=R len=7
PKT t=27004 TX ua=95 mt=P len=0
PKT t=27013 RX ua=95 mt=R len=7
PKT t=27018 TX ua=95 mt=P len=0
PKT t=27027 RX ua=95 mt=R len=7
PKT t=27032 TX ua=95 mt=P len=0
PKT t=27041 RX ua=95 mt=R len=7
PKT t=27046 TX ua=95 mt=P len=0
PKT t=27076 RX ua=95 mt=R len=7
PKT t=27081 TX ua=95 mt=P len=0
PKT t=27090 RX ua=95 mt=R len=7
PKT t=27095 TX ua=95 mt=P len=0
PKT t=27104 RX ua=95 mt=R len=7
PKT t=27109 TX ua=95 mt=T len=7
PKT t=27121 TX ua=95 mt=P len=0
PKT t=27130 RX ua=95 mt=R len=7
PKT t=27135 TX ua=95 mt=P len=0
PKT t=27144 RX ua=95 mt=R len=7
PKT t=27149 TX ua=95 mt=P len=0
PKT t=27178 RX ua=95 mt=R len=7
PKT t=27183 TX ua=95 mt=P len=0
PKT t=27192 RX ua=95 mt=R len=7
PKT t=27197 TX ua=95 mt=P len=0
PKT t=27206 RX ua=95 mt=R len=7
PKT t=27216 TX ua=95 mt=P len=0
PKT t=27225 RX ua=95 mt=R len=7
PKT t=27230 TX ua=95 mt=P len=0
PKT t=27239 RX ua=95 mt=R len=7
PKT t=27244 TX ua=95 mt=P len=0
PKT t=27277 RX ua=95 mt=R len=7
PKT t=27282 TX ua=95 mt=P len=0
PKT t=27291 RX ua=95 mt=R len=7
PKT t=27296 TX ua=95 mt=P len=0
PKT t=27305 RX ua=95 mt=R len=7
PKT t=27310 TX ua=95 mt=P len=0
PKT t=27319 RX ua=95 mt=R len=7
PKT t=27324 TX ua=95 mt=P len=0
PKT t=27333 RX ua=95 mt=R len=7
PKT t=27338 TX ua=95 mt=P len=0
PKT t=27356 RX ua=95 mt=R len=7
PKT t=27361 TX ua=95 mt=T len=7
PKT t=27373 TX ua=95 mt=P len=0
PKT t=27383 RX ua=95 mt=R len=7
PKT t=27388 TX ua=95 mt=P len=0
PKT t=27398 RX ua=95 mt=R len=7
PKT t=27403 TX ua=95 mt=P len=0
PKT t=27413 RX ua=95 mt=R len=7
PKT t=27418 TX ua=95 mt=P len=0
PKT t=27428 RX ua=95 mt=R len=7
PKT t=27433 TX ua=95 mt=P len=0
PKT t=27443 RX ua=95 mt=R len=7
PKT t=27448 TX ua=95 mt=P len=0
PKT t=27481 RX ua=95 mt=R len=7
PKT t=27486 TX ua=95 mt=P len=0
PKT t=27496 RX ua=95 mt=R len=7
PKT t=27751 TX ua=96 mt=P len=0
PKT t=28009 TX ua=95 mt=P len=0
PKT t=28019 RX ua=95 mt=R len=7
PKT t=28026 TX ua=95 mt=T len=7
PKT t=28038 TX ua=95 mt=P len=0
PKT t=28056 RX ua=95 mt=R len=7
PKT t=28061 TX ua=95 mt=P len=0
PKT t=28081 RX ua=95 mt=R len=7
PKT t=28086 TX ua=95 mt=P len=0
PKT t=28095 RX ua=95 mt=R len=7
PKT t=28100 TX ua=95 mt=T len=7
PKT t=28112 TX ua=95 mt=T len=7
PKT t=28124 TX ua=95 mt=P len=0
PKT t=28133 RX ua=95 mt=R len=7
PKT t=28138 TX ua=95 mt=P len=0
PKT t=28147 RX ua=95 mt=R len=7
PKT t=28152 TX ua=95 mt=P len=0
PKT t=28181 RX ua=95 mt=R len=7
PKT t=28186 TX ua=95 mt=P len=0
PKT t=28196 RX ua=95 mt=R len=7
PKT t=28451 TX ua=96 mt=P len=0
PKT t=28709 TX ua=95 mt=P len=0
PKT t=28718 RX ua=95 mt=R len=7
PKT t=28723 TX ua=95 mt=T len=7
PKT t=28735 TX ua=95 mt=P len=0
PKT t=28744 RX ua=95 mt=R len=7
PKT t=28756 TX ua=95 mt=P len=0
PKT t=28780 RX ua=95 mt=R len=7
PKT t=28785 TX ua=95 mt=P len=0
PKT t=28794 RX ua=95 mt=R len=7
PKT t=28799 TX ua=95 mt=P len=0
PKT t=28808 RX ua=95 mt=R len=7
PKT t=28813 TX ua=95 mt=P len=0
PKT t=28822 RX ua=95 mt=R len=7
PKT t=28827 TX ua=95 mt=P len=0
PKT t=28836 RX ua=95 mt=R len=7
PKT t=28841 TX ua=95 mt=P len=0
PKT t=28850 RX ua=95 mt=R len=7
PKT t=28855 TX ua=95 mt=P len=0
PKT t=28884 RX ua=95 mt=R len=7
PKT t=28896 TX ua=95 mt=T len=7
PKT t=28908 TX ua=95 mt=P len=0
PKT t=28917 RX ua=95 mt=R len=7
PKT t=28922 TX ua=95 mt=P len=0
PKT t=28931 RX ua=95 mt=R len=7
PKT t=28936 TX ua=95 mt=P len=0
PKT t=28945 RX ua=95 mt=R len=7
PKT t=28950 TX ua=95 mt=P len=0
PKT t=28983 RX ua=95 mt=R len=7
PKT t=28988 TX ua=95 mt=P len=0
PKT t=28997 RX ua=95 mt=R len=7
PKT t=29002 TX ua=95 mt=P len=0
PKT t=29011 RX ua=95 mt=R len=7
PKT t=29016 TX ua=95 mt=P len=0
PKT t=29025 RX ua=95 mt=R len=7
PKT t=29036 TX ua=95 mt=P len=0
PKT t=29045 RX ua=95 mt=R len=7
PKT t=29050 TX ua=95 mt=P len=0
PKT t=29083 RX ua=95 mt=R len=7
PKT t=29088 TX ua=95 mt=P len=0
PKT t=29097 RX ua=95 mt=R len=7
PKT t=29102 TX ua=95 mt=T len=7
PKT t=29115 TX ua=95 mt=P len=0
PKT t=29124 RX ua=95 mt=R len=7
PKT t=29129 TX ua=95 mt=P len=0
PKT t=29138 RX ua=95 mt=R len=7
PKT t=29143 TX ua=95 mt=P len=0
PKT t=29152 RX ua=95 mt=R len=7
PKT t=29157 TX ua=95 mt=P len=0
PKT t=29186 RX ua=95 mt=R len=7
PKT t=29191 TX ua=95 mt=P len=0
PKT t=29200 RX ua=95 mt=R len=7
PKT t=29205 TX ua=95 mt=P len=0
PKT t=29214 RX ua=95 mt=R len=7
PKT t=29219 TX ua=95 mt=P len=0
PKT t=29228 RX ua=95 mt=R len=7
PKT t=29233 TX ua=95 mt=P len=0
PKT t=29242 RX ua=95 mt=R len=7
PKT t=29247 TX ua=95 mt=P len=0
PKT t=29256 RX ua=95 mt=R len=7
PKT t=29261 TX ua=95 mt=P len=0
PKT t=29290 RX ua=95 mt=R len=7
PKT t=29295 TX ua=95 mt=P len=0
PKT t=29304 RX ua=95 mt=R len=7
PKT t=29316 TX ua=95 mt=P len=0
PKT t=29325 RX ua=95 mt=R len=7
PKT t=29330 TX ua=95 mt=P len=0
PKT t=29339 RX ua=95 mt=R len=7
PKT t=29344 TX ua=95 mt=P len=0
PKT t=29353 RX ua=95 mt=R len=7
PKT t=29358 TX ua=95 mt=T len=7
PKT t=29371 TX ua=95 mt=P len=0
PKT t=29391 RX ua=95 mt=R len=7
PKT t=29396 TX ua=95 mt=P len=0
PKT t=29406 RX ua=95 mt=R len=7
PKT t=29411 TX ua=95 mt=P len=0
PKT t=29421 RX ua=95 mt=R len=7
PKT t=29426 TX ua=95 mt=P len=0
PKT t=29436 RX ua=95 mt=R len=7
PKT t=29441 TX ua=95 mt=P len=0
PKT t=29456 RX ua=95 mt=R len=7
PKT t=29461 TX ua=95 mt=P len=0
PKT t=29490 RX ua=95 mt=R len=7
PKT t=29495 TX ua=95 mt=P len=0
PKT t=29505 RX ua=95 mt=R len=7
PKT t=29510 TX ua=95 mt=P len=0
PKT t=29520 RX ua=95 mt=R len=7
PKT t=29525 TX ua=95 mt=P len=0
PKT t=29535 RX ua=95 mt=R len=7
PKT t=29540 TX ua=95 mt=P len=0
PKT t=29550 RX ua=95 mt=R len=7
PKT t=29555 TX ua=95 mt=P len=0
PKT t=29565 RX ua=95 mt=R len=7
PKT t=29570 TX ua=95 mt=P len=0
PKT t=29599 RX ua=95 mt=R len=7
PKT t=29604 TX ua=95 mt=P len=0
PKT t=29614 RX ua=95 mt=R len=7
PKT t=29619 TX ua=95 mt=T len=7
PKT t=29632 TX ua=95 mt=P len=0
PKT t=29641 RX ua=95 mt=R len=7
PKT t=29646 TX ua=95 mt=P len=0
PKT t=29655 RX ua=95 mt=R len=7
PKT t=29660 TX ua=95 mt=P len=0
PKT t=29669 RX ua=95 mt=R len=7
PKT t=29674 TX ua=95 mt=P len=0
PKT t=29703 RX ua=95 mt=R len=7
PKT t=29708 TX ua=95 mt=P len=0
PKT t=29717 RX ua=95 mt=R len=7
PKT t=29722 TX ua=95 mt=P len=0
PKT t=29736 RX ua=95 mt=R len=7
PKT t=29741 TX ua=95 mt=P len=0
PKT t=29750 RX ua=95 mt=R len=7
PKT t=29755 TX ua=95 mt=P len=0
PKT t=29764 RX ua=95 mt=R len=7
PKT t=29769 TX ua=95 mt=P len=0
PKT t=29802 RX ua=95 mt=R len=7
PKT t=29807 TX ua=95 mt=P len=0
PKT t=29816 RX ua=95 mt=R len=7
PKT t=29821 TX ua=95 mt=P len=0
PKT t=29830 RX ua=95 mt=R len=7
PKT t=29835 TX ua=95 mt=P len=0
PKT t=29844 RX ua=95 mt=R len=7
PKT t=29849 TX ua=95 mt=P len=0
PKT t=29858 RX ua=95 mt=R len=7
PKT t=29863 TX ua=95 mt=T len=7
PKT t=29883 TX ua=95 mt=P len=0
PKT t=29903 RX ua=95 mt=R len=7
PKT t=29908 TX ua=95 mt=P len=0
PKT t=29917 RX ua=95 mt=R len=7
PKT t=29922 TX ua=95 mt=P len=0
PKT t=29931 RX ua=95 mt=R len=7
PKT t=29936 TX ua=95 mt=P len=0
PKT t=29945 RX ua=95 mt=R len=7
PKT t=29950 TX ua=95 mt=P len=0
PKT t=29959 RX ua=95 mt=R len=7
PKT t=29964 TX ua=95 mt=P len=0
PKT t=29973 RX ua=95 mt=R len=7
PKT t=29978 TX ua=95 mt=P len=0
PKT t=30016 RX ua=95 mt=R len=7
PKT t=30021 TX ua=95 mt=P len=0
PKT t=30030 RX ua=95 mt=R len=7
PKT t=30035 TX ua=95 mt=P len=0
PKT t=30044 RX ua=95 mt=R len=7
PKT t=30049 TX ua=95 mt=P len=0
PKT t=30058 RX ua=95 mt=R len=7
PKT t=30063 TX ua=95 mt=P len=0
PKT t=30072 RX ua=95 mt=R len=7
PKT t=30077 TX ua=95 mt=P len=0
PKT t=30106 RX ua=95 mt=R len=7
PKT t=30111 TX ua=95 mt=T len=7
PKT t=30123 TX ua=95 mt=P len=0
PKT t=30132 RX ua=95 mt=R len=7
PKT t=30137 TX ua=95 mt=P len=0
PKT t=30146 RX ua=95 mt=R len=7
PKT t=30156 TX ua=95 mt=P len=0
PKT t=30165 RX ua=95 mt=R len=7
PKT t=30170 TX ua=95 mt=P len=0
PKT t=30179 RX ua=95 mt=R len=7
PKT t=30184 TX ua=95 mt=P len=0
PKT t=30217 RX ua=95 mt=R len=7
PKT t=30222 TX ua=95 mt=P len=0
PKT t=30231 RX ua=95 mt=R len=7
PKT t=30236 TX ua=95 mt=P len=0
PKT t=30245 RX ua=95 mt=R len=7
PKT t=30250 TX ua=95 mt=P len=0
PKT t=30259 RX ua=95 mt=R len=7
PKT t=30264 TX ua=95 mt=P len=0
PKT t=30273 RX ua=95 mt=R len=7
PKT t=30278 TX ua=95 mt=P len=0
PKT t=30296 RX ua=95 mt=R len=7
PKT t=30301 TX ua=95 mt=P len=0
PKT t=30321 RX ua=95 mt=R len=7
PKT t=30326 TX ua=95 mt=P len=0
PKT t=30335 RX ua=95 mt=R len=7
PKT t=30340 TX ua=95 mt=P len=0
PKT t=30349 RX ua=95 mt=R len=7
PKT t=30354 TX ua=95 mt=P len=0
PKT t=30363 RX ua=95 mt=R len=7
PKT t=30368 TX ua=95 mt=T len=7
PKT t=30380 TX ua=95 mt=P len=0
PKT t=30389 RX ua=95 mt=R len=7
PKT t=30394 TX ua=95 mt=P len=0
PKT t=30423 RX ua=95 mt=R len=7
PKT t=30436 TX ua=95 mt=P len=0
PKT t=30445 RX ua=95 mt=R len=7
PKT t=30450 TX ua=95 mt=P len=0
PKT t=30459 RX ua=95 mt=R len=7
PKT t=30464 TX ua=95 mt=P len=0
PKT t=30473 RX ua=95 mt=R len=7
PKT t=30478 TX ua=95 mt=P len=0
PKT t=30487 RX ua=95 mt=R len=7
PKT t=30492 TX ua=95 mt=P len=0
PKT t=30522 RX ua=95 mt=R len=7
PKT t=30527 TX ua=95 mt=P len=0
PKT t=30536 RX ua=95 mt=R len=7
PKT t=30541 TX ua=95 mt=P len=0
PKT t=30550 RX ua=95 mt=R len=7
PKT t=30555 TX ua=95 mt=P len=0
PKT t=30564 RX ua=95 mt=R len=7
PKT t=30576 TX ua=95 mt=P len=0
PKT t=30585 RX ua=95 mt=R len=7
PKT t=30590 TX ua=95 mt=P len=0
PKT t=30623 RX ua=95 mt=R len=7
PKT t=30628 TX ua=95 mt=T len=7
PKT t=30640 TX ua=95 mt=P len=0
PKT t=30649 RX ua=95 mt=R len=7
PKT t=30654 TX ua=95 mt=P len=0
PKT t=30663 RX ua=95 mt=R len=7
PKT t=30668 TX ua=95 mt=P len=0
PKT t=30678 RX ua=95 mt=R len=7
PKT t=30683 TX ua=95 mt=P len=0
PKT t=30692 RX ua=95 mt=R len=7
PKT t=30697 TX ua=95 mt=P len=0
PKT t=30726 RX ua=95 mt=R len=7
PKT t=30731 TX ua=95 mt=P len=0
PKT t=30741 RX ua=95 mt=R len=7
PKT t=30746 TX ua=95 mt=P len=0
PKT t=30755 RX ua=95 mt=R len=7
PKT t=30760 TX ua=95 mt=P len=0
PKT t=30769 RX ua=95 mt=R len=7
PKT t=30774 TX ua=95 mt=P len=0
PKT t=30783 RX ua=95 mt=R len=7
PKT t=30788 TX ua=95 mt=P len=0
PKT t=30797 RX ua=95 mt=R len=7
PKT t=30802 TX ua=95 mt=P len=0
PKT t=30831 RX ua=95 mt=R len=7
PKT t=30836 TX ua=95 mt=P len=0
PKT t=30845 RX ua=95 mt=R len=7
PKT t=30856 TX ua=95 mt=P len=0
PKT t=30865 RX ua=95 mt=R len=7
PKT t=30870 TX ua=95 mt=T len=7
PKT t=30882 TX ua=95 mt=P len=0
PKT t=30891 RX ua=95 mt=R len=7
PKT t=30896 TX ua=95 mt=P len=0
PKT t=30905 RX ua=95 mt=R len=7
PKT t=30910 TX ua=95 mt=P len=0
PKT t=30939 RX ua=95 mt=R len=7
PKT t=30944 TX ua=95 mt=P len=0
PKT t=30953 RX ua=95 mt=R len=7
PKT t=30958 TX ua=95 mt=P len=0
PKT t=30967 RX ua=95 mt=R len=7
PKT t=30972 TX ua=95 mt=P len=0
PKT t=30981 RX ua=95 mt=R len=7
PKT t=30986 TX ua=95 mt=P len=0
PKT t=30996 RX ua=95 mt=R len=7
PKT t=31251 TX ua=96 mt=P len=0
PKT t=31509 TX ua=95 mt=P len=0
PKT t=31518 RX ua=95 mt=R len=7
PKT t=31523 TX ua=95 mt=T len=7
PKT t=31535 TX ua=95 mt=P len=0
PKT t=31545 RX ua=95 mt=R len=7
PKT t=31556 TX ua=95 mt=P len=0
PKT t=31566 RX ua=95 mt=R len=7
PKT t=31571 TX ua=95 mt=P len=0
PKT t=31581 RX ua=95 mt=R len=7
PKT t=31586 TX ua=95 mt=P len=0
PKT t=31596 RX ua=95 mt=R len=7
PKT t=31601 TX ua=95 mt=P len=0
PKT t=31611 RX ua=95 mt=R len=7
PKT t=31616 TX ua=95 mt=T len=7
PKT t=31628 TX ua=95 mt=P len=0
PKT t=31646 RX ua=95 mt=R len=7
PKT t=31651 TX ua=95 mt=P len=0
PKT t=31660 RX ua=95 mt=R len=7
PKT t=31665 TX ua=95 mt=P len=0
PKT t=31674 RX ua=95 mt=R len=7
PKT t=31679 TX ua=95 mt=P len=0
PKT t=31696 RX ua=95 mt=R len=7
PKT t=31701 TX ua=95 mt=P len=0
PKT t=31710 RX ua=95 mt=R len=7
PKT t=31715 TX ua=95 mt=P len=0
PKT t=31745 RX ua=95 mt=R len=7
PKT t=31750 TX ua=95 mt=P len=0
PKT t=31759 RX ua=95 mt=R len=7
PKT t=31764 TX ua=95 mt=P len=0
PKT t=31773 RX ua=95 mt=R len=7
PKT t=31778 TX ua=95 mt=P len=0
PKT t=31787 RX ua=95 mt=R len=7
PKT t=31792 TX ua=95 mt=P len=0
PKT t=31801 RX ua=95 mt=R len=7
PKT t=31806 TX ua=95 mt=P len=0
PKT t=31815 RX ua=95 mt=R len=7
PKT t=31820 TX ua=95 mt=P len=0
PKT t=31849 RX ua=95 mt=R len=7
PKT t=31854 TX ua=95 mt=P len=0
PKT t=31863 RX ua=95 mt=R len=7
PKT t=31868 TX ua=95 mt=T len=7
PKT t=31880 TX ua=95 mt=P len=0
PKT t=31889 RX ua=95 mt=R len=7
PKT t=31894 TX ua=95 mt=P len=0
PKT t=31903 RX ua=95 mt=R len=7
PKT t=31908 TX ua=95 mt=P len=0
PKT t=31917 RX ua=95 mt=R len=7
PKT t=31922 TX ua=95 mt=P len=0
PKT t=31951 RX ua=95 mt=R len=7
PKT t=31956 TX ua=95 mt=P len=0
PKT t=31965 RX ua=95 mt=R len=7
PKT t=31976 TX ua=95 mt=P len=0
PKT t=31985 RX ua=95 mt=R len=7
PKT t=31990 TX ua=95 mt=P len=0
PKT t=31999 RX ua=95 mt=R len=7
PKT t=32004 TX ua=95 mt=P len=0
PKT t=32013 RX ua=95 mt=R len=7
PKT t=32018 TX ua=95 mt=P len=0
PKT t=32050 RX ua=95 mt=R len=7
PKT t=32055 TX ua=95 mt=P len=0
PKT t=32064 RX ua=95 mt=R len=7
PKT t=32069 TX ua=95 mt=P len=0
PKT t=32078 RX ua=95 mt=R len=7
PKT t=32083 TX ua=95 mt=P len=0
PKT t=32092 RX ua=95 mt=R len=7
PKT t=32097 TX ua=95 mt=P len=0
PKT t=32106 RX ua=95 mt=R len=7
PKT t=32116 TX ua=95 mt=T len=7
PKT t=32128 TX ua=95 mt=P len=0
PKT t=32156 RX ua=95 mt=R len=7
PKT t=32161 TX ua=95 mt=P len=0
PKT t=32170 RX ua=95 mt=R len=7
PKT t=32175 TX ua=95 mt=P len=0
PKT t=32184 RX ua=95 mt=R len=7
PKT t=32189 TX ua=95 mt=P len=0
PKT t=32198 RX ua=95 mt=R len=7
PKT t=32203 TX ua=95 mt=P len=0
PKT t=32212 RX ua=95 mt=R len=7
PKT t=32217 TX ua=95 mt=P len=0
PKT t=32226 RX ua=95 mt=R len=7
PKT t=32231 TX ua=95 mt=P len=0
PKT t=32260 RX ua=95 mt=R len=7
PKT t=32265 TX ua=95 mt=P len=0
PKT t=32274 RX ua=95 mt=R len=7
PKT t=32279 TX ua=95 mt=P len=0
PKT t=32288 RX ua=95 mt=R len=7
PKT t=32293 TX ua=95 mt=P len=0
PKT t=32302 RX ua=95 mt=R len=7
PKT t=32307 TX ua=95 mt=P len=0
PKT t=32316 RX ua=95 mt=R len=7
PKT t=32321 TX ua=95 mt=P len=0
PKT t=32330 RX ua=95 mt=R len=7
PKT t=32335 TX ua=95 mt=P len=0
PKT t=32364 RX ua=95 mt=R len=7
PKT t=32369 TX ua=95 mt=T len=7
PKT t=32381 TX ua=95 mt=P len=0
PKT t=32396 RX ua=95 mt=R len=7
PKT t=32401 TX ua=95 mt=P len=0
PKT t=32410 RX ua=95 mt=R len=7
PKT t=32415 TX ua=95 mt=P len=0
PKT t=32424 RX ua=95 mt=R len=7
PKT t=32429 TX ua=95 mt=P len=0
PKT t=32438 RX ua=95 mt=R len=7
PKT t=32443 TX ua=95 mt=P len=0
PKT t=32472 RX ua=95 mt=R len=7
PKT t=32477 TX ua=95 mt=P len=0
PKT t=32486 RX ua=95 mt=R len=7
PKT t=32491 TX ua=95 mt=P len=0
PKT t=32500 RX ua=95 mt=R len=7
PKT t=32505 TX ua=95 mt=P len=0
PKT t=32514 RX ua=95 mt=R len=7
PKT t=32519 TX ua=95 mt=P len=0
PKT t=32536 RX ua=95 mt=R len=7
PKT t=32541 TX ua=95 mt=P len=0
PKT t=32571 RX ua=95 mt=R len=7
PKT t=32576 TX ua=95 mt=P len=0
PKT t=32585 RX ua=95 mt=R len=7
PKT t=32590 TX ua=95 mt=P len=0
PKT t=32599 RX ua=95 mt=R len=7
PKT t=32604 TX ua=95 mt=P len=0
PKT t=32613 RX ua=95 mt=R len=7
PKT t=32618 TX ua=95 mt=T len=7
PKT t=32630 TX ua=95 mt=P len=0
PKT t=32639 RX ua=95 mt=R len=7
PKT t=32644 TX ua=95 mt=P len=0
PKT t=32676 RX ua=95 mt=R len=7
PKT t=32681 TX ua=95 mt=P len=0
PKT t=32690 RX ua=95 mt=R len=7
PKT t=32695 TX ua=95 mt=P len=0
PKT t=32704 RX ua=95 mt=R len=7
PKT t=32709 TX ua=95 mt=P len=0
PKT t=32718 RX ua=95 mt=R len=7
PKT t=32723 TX ua=95 mt=P len=0
PKT t=32732 RX ua=95 mt=R len=7
PKT t=32737 TX ua=95 mt=P len=0
PKT t=32746 RX ua=95 mt=R len=7
PKT t=32751 TX ua=95 mt=P len=0
PKT t=32781 RX ua=95 mt=R len=7
PKT t=32786 TX ua=95 mt=P len=0
PKT t=32795 RX ua=95 mt=R len=7
PKT t=32800 TX ua=95 mt=P len=0
PKT t=32816 RX ua=95 mt=R len=7
PKT t=32821 TX ua=95 mt=P len=0
PKT t=32830 RX ua=95 mt=R len=7
PKT t=32835 TX ua=95 mt=P len=0
PKT t=32844 RX ua=95 mt=R len=7
PKT t=32849 TX ua=95 mt=P len=0
PKT t=32879 RX ua=95 mt=R len=7
PKT t=32884 TX ua=95 mt=T len=7
PKT t=32896 TX ua=95 mt=P len=0
PKT t=32905 RX ua=95 mt=R len=7
PKT t=32910 TX ua=95 mt=P len=0
PKT t=32919 RX ua=95 mt=R len=7
PKT t=32924 TX ua=95 mt=P len=0
PKT t=32933 RX ua=95 mt=R len=7
PKT t=32938 TX ua=95 mt=P len=0
PKT t=32956 RX ua=95 mt=R len=7
PKT t=32961 TX ua=95 mt=P len=0
PKT t=32981 RX ua=95 mt=R len=7
PKT t=32986 TX ua=95 mt=P len=0
PKT t=32995 RX ua=95 mt=R len=7
PKT t=33000 TX ua=95 mt=P len=0
PKT t=33009 RX ua=95 mt=R len=7
PKT t=33014 TX ua=95 mt=P len=0
PKT t=33023 RX ua=95 mt=R len=7
PKT t=33028 TX ua=95 mt=P len=0
PKT t=33037 RX ua=95 mt=R len=7
PKT t=33042 TX ua=95 mt=P len=0
PKT t=33051 RX ua=95 mt=R len=7
PKT t=33056 TX ua=95 mt=P len=0
PKT t=33085 RX ua=95 mt=R len=7
PKT t=33096 TX ua=95 mt=P len=0
PKT t=33105 RX ua=95 mt=R len=7
PKT t=33110 TX ua=95 mt=T len=7
PKT t=33122 TX ua=95 mt=P len=0
PKT t=33131 RX ua=95 mt=R len=7
PKT t=33136 TX ua=95 mt=P len=0
PKT t=33145 RX ua=95 mt=R len=7
PKT t=33150 TX ua=95 mt=P len=0
PKT t=33159 RX ua=95 mt=R len=7
PKT t=33164 TX ua=95 mt=P len=0
PKT t=33193 RX ua=95 mt=R len=7
PKT t=33198 TX ua=95 mt=P len=0
PKT t=33207 RX ua=95 mt=R len=7
PKT t=33212 TX ua=95 mt=P len=0
PKT t=33221 RX ua=95 mt=R len=7
PKT t=33226 TX ua=95 mt=P len=0
PKT t=33236 RX ua=95 mt=R len=7
PKT t=33491 TX ua=96 mt=P len=0
PKT t=33749 TX ua=95 mt=P len=0
PKT t=33758 RX ua=95 mt=R len=7
PKT t=33763 TX ua=95 mt=T len=7
PKT t=33775 TX ua=95 mt=P len=0
PKT t=33796 RX ua=95 mt=R len=7
PKT t=33801 TX ua=95 mt=P len=0
PKT t=33810 RX ua=95 mt=R len=7
PKT t=33815 TX ua=95 mt=P len=0
PKT t=33824 RX ua=95 mt=R len=7
PKT t=33829 TX ua=95 mt=P len=0
PKT t=33838 RX ua=95 mt=R len=7
PKT t=33843 TX ua=95 mt=P len=0
PKT t=33852 RX ua=95 mt=R len=7
PKT t=33857 TX ua=95 mt=P len=0
PKT t=33866 RX ua=95 mt=R len=7
PKT t=33871 TX ua=95 mt=T len=7
PKT t=33883 TX ua=95 mt=P len=0
PKT t=33902 RX ua=95 mt=R len=7
PKT t=33907 TX ua=95 mt=P len=0
PKT t=33916 RX ua=95 mt=R len=7
PKT t=33921 TX ua=95 mt=P len=0
PKT t=33936 RX ua=95 mt=R len=7
PKT t=33941 TX ua=95 mt=P len=0
PKT t=33950 RX ua=95 mt=R len=7
PKT t=33955 TX ua=95 mt=P len=0
PKT t=33964 RX ua=95 mt=R len=7
PKT t=33969 TX ua=95 mt=P len=0
PKT t=33999 RX ua=95 mt=R len=7
PKT t=34004 TX ua=95 mt=P len=0
PKT t=34013 RX ua=95 mt=R len=7
PKT t=34018 TX ua=95 mt=P len=0
PKT t=34029 RX ua=95 mt=R len=7
PKT t=34034 TX ua=95 mt=P len=0
PKT t=34043 RX ua=95 mt=R len=7
PKT t=34048 TX ua=95 mt=P len=0
PKT t=34057 RX ua=95 mt=R len=7
PKT t=34062 TX ua=95 mt=P len=0
PKT t=34076 RX ua=95 mt=R len=7
PKT t=34081 TX ua=95 mt=P len=0
PKT t=34105 RX ua=95 mt=R len=7
PKT t=34110 TX ua=95 mt=T len=7
PKT t=34123 TX ua=95 mt=P len=0
PKT t=34132 RX ua=95 mt=R len=7
PKT t=34137 TX ua=95 mt=T len=7
PKT t=34150 TX ua=95 mt=P len=0
PKT t=34159 RX ua=95 mt=R len=7
PKT t=34164 TX ua=95 mt=P len=0
PKT t=34173 RX ua=95 mt=R len=7
PKT t=34178 TX ua=95 mt=P len=0
PKT t=34216 RX ua=95 mt=R len=7
PKT t=34221 TX ua=95 mt=P len=0
PKT t=34230 RX ua=95 mt=R len=7
PKT t=34235 TX ua=95 mt=P len=0
PKT t=34244 RX ua=95 mt=R len=7
PKT t=34249 TX ua=95 mt=P len=0
PKT t=34258 RX ua=95 mt=R len=7
PKT t=34263 TX ua=95 mt=P len=0
PKT t=34272 RX ua=95 mt=R len=7
PKT t=34277 TX ua=95 mt=P len=0
PKT t=34306 RX ua=95 mt=R len=7
PKT t=34311 TX ua=95 mt=P len=0
PKT t=34320 RX ua=95 mt=R len=7
PKT t=34325 TX ua=95 mt=P len=0
PKT t=34334 RX ua=95 mt=R len=7
PKT t=34339 TX ua=95 mt=P len=0
PKT t=34356 RX ua=95 mt=R len=7
PKT t=34361 TX ua=95 mt=T len=7
PKT t=34374 TX ua=95 mt=P len=0
PKT t=34407 RX ua=95 mt=R len=7
PKT t=34412 TX ua=95 mt=P len=0
PKT t=34421 RX ua=95 mt=R len=7
PKT t=34426 TX ua=95 mt=P len=0
PKT t=34435 RX ua=95 mt=R len=7
PKT t=34440 TX ua=95 mt=P len=0
PKT t=34449 RX ua=95 mt=R len=7
PKT t=34454 TX ua=95 mt=P len=0
PKT t=34463 RX ua=95 mt=R len=7
PKT t=34468 TX ua=95 mt=P len=0
PKT t=34477 RX ua=95 mt=R len=7
PKT t=34482 TX ua=95 mt=P len=0
PKT t=34511 RX ua=95 mt=R len=7
PKT t=34516 TX ua=95 mt=P len=0
PKT t=34525 RX ua=95 mt=R len=7
PKT t=34530 TX ua=95 mt=P len=0
PKT t=34539 RX ua=95 mt=R len=7
PKT t=34544 TX ua=95 mt=P len=0
PKT t=34554 RX ua=95 mt=R len=7
PKT t=34559 TX ua=95 mt=P len=0
PKT t=34568 RX ua=95 mt=R len=7
PKT t=34573 TX ua=95 mt=P len=0
PKT t=34582 RX ua=95 mt=R len=7
PKT t=34587 TX ua=95 mt=P len=0
PKT t=34617 RX ua=95 mt=R len=7
PKT t=34622 TX ua=95 mt=T len=7
PKT t=34643 TX ua=95 mt=P len=0
PKT t=34652 RX ua=95 mt=R len=7
PKT t=34657 TX ua=95 mt=P len=0
PKT t=34666 RX ua=95 mt=R len=7
PKT t=34671 TX ua=95 mt=P len=0
PKT t=34680 RX ua=95 mt=R len=7
PKT t=34685 TX ua=95 mt=P len=0
PKT t=34716 RX ua=95 mt=R len=7
PKT t=34721 TX ua=95 mt=P len=0
PKT t=34730 RX ua=95 mt=R len=7
PKT t=34735 TX ua=95 mt=P len=0
PKT t=34744 RX ua=95 mt=R len=7
PKT t=34749 TX ua=95 mt=P len=0
PKT t=34758 RX ua=95 mt=R len=7
PKT t=34763 TX ua=95 mt=P len=0
PKT t=34776 RX ua=95 mt=R len=7
PKT t=34781 TX ua=95 mt=P len=0
PKT t=34790 RX ua=95 mt=R len=7
PKT t=34795 TX ua=95 mt=P len=0
PKT t=34825 RX ua=95 mt=R len=7
PKT t=34829 TX ua=95 mt=P len=0
PKT t=34838 RX ua=95 mt=R len=7
PKT t=34843 TX ua=95 mt=P len=0
PKT t=34852 RX ua=95 mt=R len=7
PKT t=34857 TX ua=95 mt=P len=0
PKT t=34866 RX ua=95 mt=R len=7
PKT t=34871 TX ua=95 mt=T len=7
PKT t=34884 TX ua=95 mt=P len=0
PKT t=34893 RX ua=95 mt=R len=7
PKT t=34898 TX ua=95 mt=P len=0
PKT t=34927 RX ua=95 mt=R len=7
PKT t=34932 TX ua=95 mt=P len=0
PKT t=34941 RX ua=95 mt=R len=7
PKT t=34946 TX ua=95 mt=P len=0
PKT t=34955 RX ua=95 mt=R len=7
PKT t=34960 TX ua=95 mt=P len=0
PKT t=34969 RX ua=95 mt=R len=7
PKT t=34974 TX ua=95 mt=P len=0
PKT t=34983 RX ua=95 mt=R len=7
PKT t=34988 TX ua=95 mt=P len=0
PKT t=34997 RX ua=95 mt=R len=7
PKT t=35002 TX ua=95 mt=P len=0
PKT t=35032 RX ua=95 mt=R len=7
PKT t=35037 TX ua=95 mt=P len=0
PKT t=35046 RX ua=95 mt=R len=7
PKT t=35056 TX ua=95 mt=P len=0
PKT t=35065 RX ua=95 mt=R len=7
PKT t=35070 TX ua=95 mt=P len=0
PKT t=35079 RX ua=95 mt=R len=7
PKT t=35084 TX ua=95 mt=P len=0
PKT t=35093 RX ua=95 mt=R len=7
PKT t=35098 TX ua=95 mt=P len=0
PKT t=35131 RX ua=95 mt=R len=7
PKT t=35136 TX ua=95 mt=T len=7
PKT t=35148 TX ua=95 mt=P len=0
PKT t=35157 RX ua=95 mt=R len=7
PKT t=35162 TX ua=95 mt=P len=0
PKT t=35171 RX ua=95 mt=R len=7
PKT t=35176 TX ua=95 mt=P len=0
PKT t=35185 RX ua=95 mt=R len=7
PKT t=35196 TX ua=95 mt=P len=0
PKT t=35205 RX ua=95 mt=R len=7
PKT t=35210 TX ua=95 mt=P len=0
PKT t=35240 RX ua=95 mt=R len=7
PKT t=35245 TX ua=95 mt=P len=0
PKT t=35254 RX ua=95 mt=R len=7
PKT t=35259 TX ua=95 mt=P len=0
PKT t=35268 RX ua=95 mt=R len=7
PKT t=35273 TX ua=95 mt=P len=0
PKT t=35282 RX ua=95 mt=R len=7
PKT t=35287 TX ua=95 mt=P len=0
PKT t=35296 RX ua=95 mt=R len=7
PKT t=35301 TX ua=95 mt=P len=0
PKT t=35310 RX ua=95 mt=R len=7
PKT t=35315 TX ua=95 mt=P len=0
PKT t=35344 RX ua=95 mt=R len=7
PKT t=35349 TX ua=95 mt=P len=0
PKT t=35358 RX ua=95 mt=R len=7
PKT t=35363 TX ua=95 mt=T len=7
PKT t=35375 TX ua=95 mt=P len=0
PKT t=35385 RX ua=95 mt=R len=7
PKT t=35390 TX ua=95 mt=P len=0
PKT t=35400 RX ua=95 mt=R len=7
PKT t=35405 TX ua=95 mt=P len=0
PKT t=35415 RX ua=95 mt=R len=7
PKT t=35420 TX ua=95 mt=P len=0
PKT t=35449 RX ua=95 mt=R len=7
PKT t=35454 TX ua=95 mt=P len=0
PKT t=35464 RX ua=95 mt=R len=7
PKT t=35476 TX ua=95 mt=P len=0
PKT t=35486 RX ua=95 mt=R len=7
PKT t=35491 TX ua=95 mt=P len=0
PKT t=35501 RX ua=95 mt=R len=7
PKT t=35506 TX ua=95 mt=P len=0
PKT t=35516 RX ua=95 mt=R len=7
PKT t=35521 TX ua=95 mt=P len=0
PKT t=35550 RX ua=95 mt=R len=7
PKT t=35555 TX ua=95 mt=P len=0
PKT t=35565 RX ua=95 mt=R len=7
PKT t=35570 TX ua=95 mt=P len=0
PKT t=35580 RX ua=95 mt=R len=7
PKT t=35585 TX ua=95 mt=P len=0
PKT t=35595 RX ua=95 mt=R len=7
PKT t=35600 TX ua=95 mt=P len=0
PKT t=35616 RX ua=95 mt=R len=7
PKT t=35621 TX ua=95 mt=T len=7
PKT t=35633 TX ua=95 mt=P len=0
PKT t=35651 RX ua=95 mt=R len=7
PKT t=35656 TX ua=95 mt=P len=0
PKT t=35665 RX ua=95 mt=R len=7
PKT t=35670 TX ua=95 mt=P len=0
PKT t=35679 RX ua=95 mt=R len=7
PKT t=35684 TX ua=95 mt=P len=0
PKT t=35693 RX ua=95 mt=R len=7
PKT t=35698 TX ua=95 mt=P len=0
PKT t=35707 RX ua=95 mt=R len=7
PKT t=35712 TX ua=95 mt=P len=0
PKT t=35721 RX ua=95 mt=R len=7
PKT t=35726 TX ua=95 mt=P len=0
PKT t=35756 RX ua=95 mt=R len=7
PKT t=35761 TX ua=95 mt=P len=0
PKT t=35770 RX ua=95 mt=R len=7
PKT t=35775 TX ua=95 mt=P len=0
PKT t=35784 RX ua=95 mt=R len=7
PKT t=35789 TX ua=95 mt=P len=0
PKT t=35798 RX ua=95 mt=R len=7
PKT t=35803 TX ua=95 mt=P len=0
PKT t=35812 RX ua=95 mt=R len=7
PKT t=35817 TX ua=95 mt=P len=0
PKT t=35826 RX ua=95 mt=R len=7
PKT t=35831 TX ua=95 mt=P len=0
PKT t=35861 RX ua=95 mt=R len=7
PKT t=35866 TX ua=95 mt=T len=7
PKT t=35878 TX ua=95 mt=P len=0
PKT t=35896 RX ua=95 mt=R len=7
PKT t=35901 TX ua=95 mt=P len=0
PKT t=35910 RX ua=95 mt=R len=7
PKT t=35915 TX ua=95 mt=P len=0
PKT t=35924 RX ua=95 mt=R len=7
PKT t=35929 TX ua=95 mt=P len=0
PKT t=35961 RX ua=95 mt=R len=7
PKT t=35966 TX ua=95 mt=P len=0
PKT t=35975 RX ua=95 mt=R len=7
PKT t=35980 TX ua=95 mt=P len=0
PKT t=35989 RX ua=95 mt=R len=7
PKT t=35994 TX ua=95 mt=P len=0
PKT t=36003 RX ua=95 mt=R len=7
PKT t=36008 TX ua=95 mt=P len=0
PKT t=36017 RX ua=95 mt=R len=7
PKT t=36022 TX ua=95 mt=P len=0
PKT t=36040 RX ua=95 mt=R len=7
PKT t=36045 TX ua=95 mt=P len=0
PKT t=36065 RX ua=95 mt=R len=7
PKT t=36070 TX ua=95 mt=P len=0
PKT t=36079 RX ua=95 mt=R len=7
PKT t=36084 TX ua=95 mt=P len=0
PKT t=36093 RX ua=95 mt=R len=7
PKT t=36098 TX ua=95 mt=P len=0
PKT t=36107 RX ua=95 mt=R len=7
PKT t=36112 TX ua=95 mt=T len=7
PKT t=36124 TX ua=95 mt=P len=0
PKT t=36133 RX ua=95 mt=R len=7
PKT t=36138 TX ua=95 mt=P len=0
PKT t=36168 RX ua=95 mt=R len=7
PKT t=36179 TX ua=95 mt=P len=0
PKT t=36188 RX ua=95 mt=R len=7
PKT t=36193 TX ua=95 mt=P len=0
PKT t=36202 RX ua=95 mt=R len=7
PKT t=36207 TX ua=95 mt=P len=0
PKT t=36216 RX ua=95 mt=R len=7
PKT t=36221 TX ua=95 mt=P len=0
PKT t=36230 RX ua=95 mt=R len=7
PKT t=36235 TX ua=95 mt=P len=0
PKT t=36267 RX ua=95 mt=R len=7
PKT t=36272 TX ua=95 mt=P len=0
PKT t=36281 RX ua=95 mt=R len=7
PKT t=36286 TX ua=95 mt=P len=0
PKT t=36295 RX ua=95 mt=R len=7
PKT t=36300 TX ua=95 mt=P len=0
PKT t=36309 RX ua=95 mt=R len=7
PKT t=36319 TX ua=95 mt=P len=0
PKT t=36328 RX ua=95 mt=R len=7
PKT t=36333 TX ua=95 mt=P len=0
PKT t=36342 RX ua=95 mt=R len=7
PKT t=36347 TX ua=95 mt=P len=0
PKT t=36376 RX ua=95 mt=R len=7
PKT t=36381 TX ua=95 mt=T len=7
PKT t=36393 TX ua=95 mt=P len=0
PKT t=36402 RX ua=95 mt=R len=7
PKT t=36407 TX ua=95 mt=P len=0
PKT t=36416 RX ua=95 mt=R len=7
PKT t=36421 TX ua=95 mt=P len=0
PKT t=36430 RX ua=95 mt=R len=7
PKT t=36435 TX ua=95 mt=P len=0
PKT t=36444 RX ua=95 mt=R len=7
PKT t=36449 TX ua=95 mt=P len=0
PKT t=36478 RX ua=95 mt=R len=7
PKT t=36483 TX ua=95 mt=P len=0
PKT t=36492 RX ua=95 mt=R len=7
PKT t=36497 TX ua=95 mt=P len=0
PKT t=36506 RX ua=95 mt=R len=7
PKT t=36511 TX ua=95 mt=P len=0
PKT t=36520 RX ua=95 mt=R len=7
PKT t=36525 TX ua=95 mt=P len=0
PKT t=36534 RX ua=95 mt=R len=7
PKT t=36539 TX ua=95 mt=P len=0
PKT t=36548 RX ua=95 mt=R len=7
PKT t=36553 TX ua=95 mt=P len=0
PKT t=36582 RX ua=95 mt=R len=7
PKT t=36587 TX ua=95 mt=P len=0
PKT t=36599 RX ua=95 mt=R len=7
PKT t=36604 TX ua=95 mt=P len=0
PKT t=36613 RX ua=95 mt=R len=7
PKT t=36618 TX ua=95 mt=T len=7
PKT t=36630 TX ua=95 mt=P len=0
PKT t=36639 RX ua=95 mt=R len=7
PKT t=36644 TX ua=95 mt=P len=0
PKT t=36653 RX ua=95 mt=R len=7
PKT t=36658 TX ua=95 mt=P len=0
PKT t=36687 RX ua=95 mt=R len=7
PKT t=36692 TX ua=95 mt=P len=0
PKT t=36701 RX ua=95 mt=R len=7
PKT t=36706 TX ua=95 mt=P len=0
PKT t=36715 RX ua=95 mt=R len=7
PKT t=36720 TX ua=95 mt=P len=0
PKT t=36729 RX ua=95 mt=R len=7
PKT t=36739 TX ua=95 mt=P len=0
PKT t=36748 RX ua=95 mt=R len=7
PKT t=36753 TX ua=95 mt=P len=0
PKT t=36786 RX ua=95 mt=R len=7
PKT t=36791 TX ua=95 mt=P len=0
PKT t=36800 RX ua=95 mt=R len=7
PKT t=36805 TX ua=95 mt=P len=0
PKT t=36814 RX ua=95 mt=R len=7
PKT t=36819 TX ua=95 mt=P len=0
PKT t=36828 RX ua=95 mt=R len=7
PKT t=36833 TX ua=95 mt=P len=0
PKT t=36842 RX ua=95 mt=R len=7
PKT t=36847 TX ua=95 mt=P len=0
PKT t=36856 RX ua=95 mt=R len=7
PKT t=36861 TX ua=95 mt=T len=7
PKT t=36879 TX ua=95 mt=P len=0
PKT t=36892 RX ua=95 mt=R len=7
PKT t=36897 TX ua=95 mt=P len=0
PKT t=36906 RX ua=95 mt=R len=7
PKT t=36911 TX ua=95 mt=P len=0
PKT t=36920 RX ua=95 mt=R len=7
PKT t=36925 TX ua=95 mt=P len=0
PKT t=36934 RX ua=95 mt=R len=7
PKT t=36939 TX ua=95 mt=P len=0
PKT t=36948 RX ua=95 mt=R len=7
PKT t=36953 TX ua=95 mt=P len=0
PKT t=36962 RX ua=95 mt=R len=7
PKT t=36967 TX ua=95 mt=P len=0
PKT t=36996 RX ua=95 mt=R len=7
PKT t=37001 TX ua=95 mt=P len=0
PKT t=37019 RX ua=95 mt=R len=7
PKT t=37024 TX ua=95 mt=P len=0
PKT t=37033 RX ua=95 mt=R len=7
PKT t=37038 TX ua=95 mt=P len=0
PKT t=37047 RX ua=95 mt=R len=7
PKT t=37052 TX ua=95 mt=P len=0
PKT t=37061 RX ua=95 mt=R len=7
PKT t=37066 TX ua=95 mt=P len=0
PKT t=37095 RX ua=95 mt=R len=7
PKT t=37100 TX ua=95 mt=T len=7
PKT t=37113 TX ua=95 mt=P len=0
PKT t=37122 RX ua=95 mt=R len=7
PKT t=37127 TX ua=95 mt=P len=0
PKT t=37136 RX ua=95 mt=R len=7
PKT t=37141 TX ua=95 mt=P len=0
PKT t=37159 RX ua=95 mt=R len=7
PKT t=37164 TX ua=95 mt=P len=0
PKT t=37195 RX ua=95 mt=R len=7
PKT t=37200 TX ua=95 mt=P len=0
PKT t=37209 RX ua=95 mt=R len=7
PKT t=37214 TX ua=95 mt=P len=0
PKT t=37223 RX ua=95 mt=R len=7
PKT t=37228 TX ua=95 mt=P len=0
PKT t=37237 RX ua=95 mt=R len=7
PKT t=37242 TX ua=95 mt=P len=0
PKT t=37251 RX ua=95 mt=R len=7
PKT t=37256 TX ua=95 mt=P len=0
PKT t=37265 RX ua=95 mt=R len=7
PKT t=37270 TX ua=95 mt=P len=0
