PKT t=7116 TX ua=95 mt=P len=0
PKT t=7125 RX ua=95 mt=R len=7
PKT t=7130 TX ua=95 mt=T len=7
PKT t=7142 TX ua=95 mt=P len=0
PKT t=7151 RX ua=95 mt=R len=7
PKT t=7156 TX ua=95 mt=P len=0
PKT t=7165 RX ua=95 mt=R len=7
PKT t=7170 TX ua=95 mt=P len=0
PKT t=7179 RX ua=95 mt=R len=7
PKT t=7184 TX ua=95 mt=P len=0
PKT t=7214 RX ua=95 mt=R len=7
PKT t=7219 TX ua=95 mt=P len=0
PKT t=7228 RX ua=95 mt=R len=7
PKT t=7233 TX ua=95 mt=P len=0
PKT t=7242 RX ua=95 mt=R len=7
PKT t=7247 TX ua=95 mt=P len=0
PKT t=7256 RX ua=95 mt=R len=7
PKT t=7261 TX ua=95 mt=P len=0
PKT t=7270 RX ua=95 mt=R len=7
PKT t=7275 TX ua=95 mt=P len=0
PKT t=7284 RX ua=95 mt=R len=7
PKT t=7289 TX ua=95 mt=P len=0
PKT t=7318 RX ua=95 mt=R len=7
PKT t=7323 TX ua=95 mt=P len=0
PKT t=7332 RX ua=95 mt=R len=7
PKT t=7337 TX ua=95 mt=P len=0
PKT t=7346 RX ua=95 mt=R len=7
PKT t=7351 TX ua=95 mt=P len=0
PKT t=7360 RX ua=95 mt=R len=7
PKT t=7365 TX ua=95 mt=P len=0
PKT t=7374 RX ua=95 mt=R len=7
PKT t=7379 TX ua=95 mt=T len=7
PKT t=7391 TX ua=95 mt=P len=0
PKT t=7419 RX ua=95 mt=R len=7
PKT t=7424 TX ua=95 mt=P len=0
PKT t=7434 RX ua=95 mt=R len=7
PKT t=7439 TX ua=95 mt=P len=0
PKT t=7449 RX ua=95 mt=R len=7
PKT t=7454 TX ua=95 mt=P len=0
PKT t=7464 RX ua=95 mt=R len=7
PKT t=7469 TX ua=95 mt=P len=0
PKT t=7479 RX ua=95 mt=R len=7
PKT t=7484 TX ua=95 mt=P len=0
PKT t=7494 RX ua=95 mt=R len=7
PKT t=7499 TX ua=95 mt=P len=0
PKT t=7528 RX ua=95 mt=R len=7
PKT t=7533 TX ua=95 mt=P len=0
PKT t=7543 RX ua=95 mt=R len=7
PKT t=7576 TX ua=95 mt=P len=0
PKT t=7586 RX ua=95 mt=R len=7
PKT t=7591 TX ua=95 mt=P len=0
PKT t=7601 RX ua=95 mt=R len=7
PKT t=7606 TX ua=95 mt=P len=0
PKT t=7635 RX ua=95 mt=R len=7
PKT t=7640 TX ua=95 mt=T len=7
PKT t=7652 TX ua=95 mt=P len=0
PKT t=7661 RX ua=95 mt=R len=7
PKT t=7666 TX ua=95 mt=P len=0
PKT t=7675 RX ua=95 mt=R len=7
PKT t=7680 TX ua=95 mt=P len=0
PKT t=7689 RX ua=95 mt=R len=7
PKT t=7694 TX ua=95 mt=P len=0
PKT t=7703 RX ua=95 mt=R len=7
PKT t=7708 TX ua=95 mt=P len=0
PKT t=7737 RX ua=95 mt=R len=7
PKT t=7742 TX ua=95 mt=P len=0
PKT t=7751 RX ua=95 mt=R len=7
PKT t=7756 TX ua=95 mt=P len=0
PKT t=7765 RX ua=95 mt=R len=7
PKT t=7770 TX ua=95 mt=P len=0
PKT t=7779 RX ua=95 mt=R len=7
PKT t=7784 TX ua=95 mt=P len=0
PKT t=7793 RX ua=95 mt=R len=7
PKT t=7798 TX ua=95 mt=P len=0
PKT t=7807 RX ua=95 mt=R len=7
PKT t=7812 TX ua=95 mt=P len=0
PKT t=7841 RX ua=95 mt=R len=7
PKT t=7846 TX ua=95 mt=P len=0
PKT t=7855 RX ua=95 mt=R len=7
PKT t=7860 TX ua=95 mt=P len=0
PKT t=7869 RX ua=95 mt=R len=7
PKT t=7874 TX ua=95 mt=T len=7
PKT t=7886 TX ua=95 mt=P len=0
PKT t=7895 RX ua=95 mt=R len=7
PKT t=7900 TX ua=95 mt=P len=0
PKT t=7909 RX ua=95 mt=R len=7
PKT t=7914 TX ua=95 mt=P len=0
PKT t=7943 RX ua=95 mt=R len=7
PKT t=7948 TX ua=95 mt=P len=0
PKT t=7957 RX ua=95 mt=R len=7
PKT t=7962 TX ua=95 mt=P len=0
PKT t=7971 RX ua=95 mt=R len=7
PKT t=7976 TX ua=95 mt=P len=0
PKT t=7985 RX ua=95 mt=R len=7
PKT t=7990 TX ua=95 mt=P len=0
PKT t=7999 RX ua=95 mt=R len=7
PKT t=8008 TX ua=95 mt=P len=0
PKT t=8017 RX ua=95 mt=R len=7
PKT t=8022 TX ua=95 mt=P len=0
PKT t=8076 RX ua=95 mt=R len=7
PKT t=8081 TX ua=95 mt=P len=0
PKT t=8090 RX ua=95 mt=R len=7
PKT t=8095 TX ua=95 mt=P len=0
PKT t=8104 RX ua=95 mt=R len=7
PKT t=8109 TX ua=95 mt=P len=0
PKT t=8118 RX ua=95 mt=R len=7
PKT t=8123 TX ua=95 mt=T len=7
PKT t=8135 TX ua=95 mt=P len=0
PKT t=8154 RX ua=95 mt=R len=7
PKT t=8159 TX ua=95 mt=P len=0
PKT t=8168 RX ua=95 mt=R len=7
PKT t=8173 TX ua=95 mt=P len=0
PKT t=8182 RX ua=95 mt=R len=7
PKT t=8187 TX ua=95 mt=P len=0
PKT t=8196 RX ua=95 mt=R len=7
PKT t=8201 TX ua=95 mt=P len=0
PKT t=8210 RX ua=95 mt=R len=7
PKT t=8215 TX ua=95 mt=P len=0
PKT t=8224 RX ua=95 mt=R len=7
PKT t=8229 TX ua=95 mt=P len=0
PKT t=8258 RX ua=95 mt=R len=7
PKT t=8263 TX ua=95 mt=P len=0
PKT t=8272 RX ua=95 mt=R len=7
PKT t=8277 TX ua=95 mt=P len=0
PKT t=8286 RX ua=95 mt=R len=7
PKT t=8291 TX ua=95 mt=P len=0
PKT t=8300 RX ua=95 mt=R len=7
PKT t=8305 TX ua=95 mt=P len=0
PKT t=8314 RX ua=95 mt=R len=7
PKT t=8319 TX ua=95 mt=P len=0
PKT t=8328 RX ua=95 mt=R len=7
PKT t=8333 TX ua=95 mt=P len=0
PKT t=8363 RX ua=95 mt=R len=7
PKT t=8368 TX ua=95 mt=P len=0
PKT t=8377 RX ua=95 mt=R len=7
PKT t=8382 TX ua=95 mt=T len=7
PKT t=8394 TX ua=95 mt=P len=0
PKT t=8403 RX ua=95 mt=R len=7
PKT t=8408 TX ua=95 mt=P len=0
PKT t=8417 RX ua=95 mt=R len=7
PKT t=8422 TX ua=95 mt=P len=0
PKT t=8431 RX ua=95 mt=R len=7
PKT t=8436 TX ua=95 mt=P len=0
PKT t=8465 RX ua=95 mt=R len=7
PKT t=8470 TX ua=95 mt=P len=0
PKT t=8479 RX ua=95 mt=R len=7
PKT t=8484 TX ua=95 mt=P len=0
PKT t=8493 RX ua=95 mt=R len=7
PKT t=8498 TX ua=95 mt=P len=0
PKT t=8507 RX ua=95 mt=R len=7
PKT t=8512 TX ua=95 mt=P len=0
PKT t=8521 RX ua=95 mt=R len=7
PKT t=8526 TX ua=95 mt=P len=0
PKT t=8535 RX ua=95 mt=R len=7
PKT t=8540 TX ua=95 mt=P len=0
PKT t=8576 RX ua=95 mt=R len=7
PKT t=8581 TX ua=95 mt=P len=0
PKT t=8590 RX ua=95 mt=R len=7
PKT t=8595 TX ua=95 mt=P len=0
PKT t=8604 RX ua=95 mt=R len=7
PKT t=8609 TX ua=95 mt=P len=0
PKT t=8618 RX ua=95 mt=R len=7
PKT t=8623 TX ua=95 mt=T len=7
PKT t=8635 TX ua=95 mt=P len=0
PKT t=8669 RX ua=95 mt=R len=7
PKT t=8673 TX ua=95 mt=P len=0
PKT t=8682 RX ua=95 mt=R len=7
PKT t=8687 TX ua=95 mt=P len=0
PKT t=8696 RX ua=95 mt=R len=7
PKT t=8701 TX ua=95 mt=P len=0
PKT t=8710 RX ua=95 mt=R len=7
PKT t=8715 TX ua=95 mt=P len=0
PKT t=8724 RX ua=95 mt=R len=7
PKT t=8729 TX ua=95 mt=P len=0
PKT t=8738 RX ua=95 mt=R len=7
PKT t=8743 TX ua=95 mt=P len=0
PKT t=8772 RX ua=95 mt=R len=7
PKT t=8777 TX ua=95 mt=P len=0
PKT t=8786 RX ua=95 mt=R len=7
PKT t=8791 TX ua=95 mt=P len=0
PKT t=8800 RX ua=95 mt=R len=7
PKT t=8805 TX ua=95 mt=P len=0
PKT t=8814 RX ua=95 mt=R len=7
PKT t=8819 TX ua=95 mt=P len=0
PKT t=8828 RX ua=95 mt=R len=7
PKT t=8833 TX ua=95 mt=P len=0
PKT t=8842 RX ua=95 mt=R len=7
PKT t=8847 TX ua=95 mt=P len=0
PKT t=8876 RX ua=95 mt=R len=7
PKT t=8881 TX ua=95 mt=T len=7
PKT t=8893 TX ua=95 mt=P len=0
PKT t=8902 RX ua=95 mt=R len=7
PKT t=8907 TX ua=95 mt=P len=0
PKT t=8916 RX ua=95 mt=R len=7
PKT t=8921 TX ua=95 mt=P len=0
PKT t=8930 RX ua=95 mt=R len=7
PKT t=8935 TX ua=95 mt=P len=0
PKT t=8944 RX ua=95 mt=R len=7
PKT t=8949 TX ua=95 mt=P len=0
PKT t=8978 RX ua=95 mt=R len=7
PKT t=8983 TX ua=95 mt=P len=0
PKT t=8992 RX ua=95 mt=R len=7
PKT t=8997 TX ua=95 mt=P len=0
PKT t=9006 RX ua=95 mt=R len=7
PKT t=9011 TX ua=95 mt=P len=0
PKT t=9020 RX ua=95 mt=R len=7
PKT t=9025 TX ua=95 mt=P len=0
PKT t=9034 RX ua=95 mt=R len=7
PKT t=9039 TX ua=95 mt=P len=0
PKT t=9076 RX ua=95 mt=R len=7
PKT t=9081 TX ua=95 mt=P len=0
PKT t=9090 RX ua=95 mt=R len=7
PKT t=9095 TX ua=95 mt=P len=0
PKT t=9104 RX ua=95 mt=R len=7
PKT t=9109 TX ua=95 mt=P len=0
PKT t=9118 RX ua=95 mt=R len=7
PKT t=9123 TX ua=95 mt=T len=7
PKT t=9135 TX ua=95 mt=P len=0
PKT t=9144 RX ua=95 mt=R len=7
PKT t=9149 TX ua=95 mt=P len=0
PKT t=9182 RX ua=95 mt=R len=7
PKT t=9187 TX ua=95 mt=P len=0
PKT t=9196 RX ua=95 mt=R len=7
PKT t=9201 TX ua=95 mt=P len=0
PKT t=9210 RX ua=95 mt=R len=7
PKT t=9215 TX ua=95 mt=P len=0
PKT t=9224 RX ua=95 mt=R len=7
PKT t=9229 TX ua=95 mt=P len=0
PKT t=9238 RX ua=95 mt=R len=7
PKT t=9243 TX ua=95 mt=P len=0
PKT t=9252 RX ua=95 mt=R len=7
PKT t=9257 TX ua=95 mt=P len=0
PKT t=9286 RX ua=95 mt=R len=7
PKT t=9291 TX ua=95 mt=P len=0
PKT t=9300 RX ua=95 mt=R len=7
PKT t=9305 TX ua=95 mt=P len=0
PKT t=9314 RX ua=95 mt=R len=7
PKT t=9319 TX ua=95 mt=P len=0
PKT t=9328 RX ua=95 mt=R len=7
PKT t=9333 TX ua=95 mt=P len=0
PKT t=9342 RX ua=95 mt=R len=7
PKT t=9347 TX ua=95 mt=P len=0
PKT t=9356 RX ua=95 mt=R len=7
PKT t=9361 TX ua=95 mt=P len=0
PKT t=9390 RX ua=95 mt=R len=7
PKT t=9395 TX ua=95 mt=T len=7
PKT t=9407 TX ua=95 mt=P len=0
PKT t=9417 RX ua=95 mt=R len=7
PKT t=9422 TX ua=95 mt=P len=0
PKT t=9432 RX ua=95 mt=R len=7
PKT t=9437 TX ua=95 mt=P len=0
PKT t=9447 RX ua=95 mt=R len=7
PKT t=9452 TX ua=95 mt=P len=0
PKT t=9462 RX ua=95 mt=R len=7
PKT t=9467 TX ua=95 mt=P len=0
PKT t=9496 RX ua=95 mt=R len=7
PKT t=9501 TX ua=95 mt=P len=0
PKT t=9511 RX ua=95 mt=R len=7
PKT t=9516 TX ua=95 mt=P len=0
PKT t=9526 RX ua=95 mt=R len=7
PKT t=9531 TX ua=95 mt=P len=0
PKT t=9541 RX ua=95 mt=R len=7
PKT t=9546 TX ua=95 mt=P len=0
PKT t=9576 RX ua=95 mt=R len=7
PKT t=9831 TX ua=96 mt=I len=13
PKT t=10339 TX ua=96 mt=T len=4
PKT t=10350 TX ua=95 mt=P len=0
PKT t=10360 RX ua=95 mt=R len=7
PKT t=10365 TX ua=95 mt=T len=7
PKT t=10378 TX ua=95 mt=P len=0
PKT t=10397 RX ua=95 mt=R len=7
PKT t=10402 TX ua=95 mt=T len=7
PKT t=10415 TX ua=95 mt=P len=0
PKT t=10424 RX ua=95 mt=R len=7
PKT t=10429 TX ua=95 mt=P len=0
PKT t=10438 RX ua=95 mt=R len=7
PKT t=10443 TX ua=95 mt=P len=0
PKT t=10452 RX ua=95 mt=R len=7
PKT t=10457 TX ua=95 mt=P len=0
PKT t=10466 RX ua=95 mt=R len=7
PKT t=10471 TX ua=95 mt=P len=0
PKT t=10500 RX ua=95 mt=R len=7
PKT t=10505 TX ua=95 mt=P len=0
PKT t=10514 RX ua=95 mt=R len=7
PKT t=10519 TX ua=95 mt=P len=0
PKT t=10528 RX ua=95 mt=R len=7
PKT t=10533 TX ua=95 mt=P len=0
PKT t=10542 RX ua=95 mt=R len=7
PKT t=10547 TX ua=95 mt=P len=0
PKT t=10577 RX ua=95 mt=R len=7
PKT t=10832 TX ua=96 mt=P len=0
PKT t=11090 TX ua=95 mt=P len=0
PKT t=11099 RX ua=95 mt=R len=7
PKT t=11104 TX ua=95 mt=T len=7
PKT t=11117 TX ua=95 mt=P len=0
PKT t=11126 RX ua=95 mt=R len=7
PKT t=11131 TX ua=95 mt=T len=7
PKT t=11143 TX ua=95 mt=P len=0
PKT t=11152 RX ua=95 mt=R len=7
PKT t=11157 TX ua=95 mt=P len=0
PKT t=11166 RX ua=95 mt=R len=7
PKT t=11171 TX ua=95 mt=P len=0
PKT t=11200 RX ua=95 mt=R len=7
PKT t=11205 TX ua=95 mt=P len=0
PKT t=11214 RX ua=95 mt=R len=7
PKT t=11219 TX ua=95 mt=P len=0
PKT t=11228 RX ua=95 mt=R len=7
PKT t=11233 TX ua=95 mt=P len=0
PKT t=11242 RX ua=95 mt=R len=7
PKT t=11247 TX ua=95 mt=P len=0
PKT t=11256 RX ua=95 mt=R len=7
PKT t=11261 TX ua=95 mt=P len=0
PKT t=11270 RX ua=95 mt=R len=7
PKT t=11275 TX ua=95 mt=P len=0
PKT t=11304 RX ua=95 mt=R len=7
PKT t=11309 TX ua=95 mt=P len=0
PKT t=11318 RX ua=95 mt=R len=7
PKT t=11323 TX ua=95 mt=P len=0
PKT t=11332 RX ua=95 mt=R len=7
PKT t=11337 TX ua=95 mt=P len=0
PKT t=11346 RX ua=95 mt=R len=7
PKT t=11351 TX ua=95 mt=P len=0
PKT t=11360 RX ua=95 mt=R len=7
PKT t=11365 TX ua=95 mt=P len=0
PKT t=11374 RX ua=95 mt=R len=7
PKT t=11379 TX ua=95 mt=T len=7
PKT t=11391 TX ua=95 mt=P len=0
PKT t=11410 RX ua=95 mt=R len=7
PKT t=11415 TX ua=95 mt=P len=0
PKT t=11425 RX ua=95 mt=R len=7
PKT t=11430 TX ua=95 mt=P len=0
PKT t=11440 RX ua=95 mt=R len=7
PKT t=11445 TX ua=95 mt=P len=0
PKT t=11455 RX ua=95 mt=R len=7
PKT t=11460 TX ua=95 mt=P len=0
PKT t=11470 RX ua=95 mt=R len=7
PKT t=11475 TX ua=95 mt=P len=0
PKT t=11508 RX ua=95 mt=R len=7
PKT t=11513 TX ua=95 mt=P len=0
PKT t=11523 RX ua=95 mt=R len=7
PKT t=11528 TX ua=95 mt=P len=0
PKT t=11538 RX ua=95 mt=R len=7
PKT t=11543 TX ua=95 mt=P len=0
PKT t=11576 RX ua=95 mt=R len=7
PKT t=11581 TX ua=95 mt=P len=0
PKT t=11608 RX ua=95 mt=R len=7
PKT t=11613 TX ua=95 mt=P len=0
PKT t=11623 RX ua=95 mt=R len=7
PKT t=11628 TX ua=95 mt=T len=7
PKT t=11640 TX ua=95 mt=P len=0
PKT t=11649 RX ua=95 mt=R len=7
PKT t=11654 TX ua=95 mt=P len=0
PKT t=11663 RX ua=95 mt=R len=7
PKT t=11668 TX ua=95 mt=P len=0
PKT t=11677 RX ua=95 mt=R len=7
PKT t=11682 TX ua=95 mt=P len=0
PKT t=11711 RX ua=95 mt=R len=7
PKT t=11716 TX ua=95 mt=P len=0
PKT t=11725 RX ua=95 mt=R len=7
PKT t=11730 TX ua=95 mt=P len=0
PKT t=11739 RX ua=95 mt=R len=7
PKT t=11744 TX ua=95 mt=P len=0
PKT t=11753 RX ua=95 mt=R len=7
PKT t=11758 TX ua=95 mt=P len=0
PKT t=11767 RX ua=95 mt=R len=7
PKT t=11772 TX ua=95 mt=P len=0
PKT t=11781 RX ua=95 mt=R len=7
PKT t=11786 TX ua=95 mt=P len=0
PKT t=11815 RX ua=95 mt=R len=7
PKT t=11820 TX ua=95 mt=P len=0
PKT t=11829 RX ua=95 mt=R len=7
PKT t=11834 TX ua=95 mt=P len=0
PKT t=11843 RX ua=95 mt=R len=7
PKT t=11848 TX ua=95 mt=P len=0
PKT t=11857 RX ua=95 mt=R len=7
PKT t=11862 TX ua=95 mt=P len=0
PKT t=11871 RX ua=95 mt=R len=7
PKT t=11876 TX ua=95 mt=T len=7
PKT t=11888 TX ua=95 mt=P len=0
PKT t=11916 RX ua=95 mt=R len=7
PKT t=11921 TX ua=95 mt=P len=0
PKT t=11930 RX ua=95 mt=R len=7
PKT t=11935 TX ua=95 mt=P len=0
PKT t=11944 RX ua=95 mt=R len=7
PKT t=11949 TX ua=95 mt=P len=0
PKT t=11958 RX ua=95 mt=R len=7
PKT t=11963 TX ua=95 mt=P len=0
PKT t=11972 RX ua=95 mt=R len=7
PKT t=11977 TX ua=95 mt=P len=0
PKT t=11986 RX ua=95 mt=R len=7
PKT t=11991 TX ua=95 mt=P len=0
PKT t=12020 RX ua=95 mt=R len=7
PKT t=12025 TX ua=95 mt=P len=0
PKT t=12034 RX ua=95 mt=R len=7
PKT t=12039 TX ua=95 mt=P len=0
PKT t=12076 RX ua=95 mt=R len=7
PKT t=12081 TX ua=95 mt=P len=0
PKT t=12090 RX ua=95 mt=R len=7
PKT t=12095 TX ua=95 mt=P len=0
PKT t=12129 RX ua=95 mt=R len=7
PKT t=12134 TX ua=95 mt=T len=7
PKT t=12146 TX ua=95 mt=P len=0
PKT t=12155 RX ua=95 mt=R len=7
PKT t=12160 TX ua=95 mt=P len=0
PKT t=12169 RX ua=95 mt=R len=7
PKT t=12174 TX ua=95 mt=P len=0
PKT t=12183 RX ua=95 mt=R len=7
PKT t=12188 TX ua=95 mt=P len=0
PKT t=12197 RX ua=95 mt=R len=7
PKT t=12202 TX ua=95 mt=P len=0
PKT t=12231 RX ua=95 mt=R len=7
PKT t=12236 TX ua=95 mt=P len=0
PKT t=12245 RX ua=95 mt=R len=7
PKT t=12250 TX ua=95 mt=P len=0
PKT t=12259 RX ua=95 mt=R len=7
PKT t=12264 TX ua=95 mt=P len=0
PKT t=12273 RX ua=95 mt=R len=7
PKT t=12278 TX ua=95 mt=P len=0
PKT t=12287 RX ua=95 mt=R len=7
PKT t=12292 TX ua=95 mt=P len=0
PKT t=12301 RX ua=95 mt=R len=7
PKT t=12306 TX ua=95 mt=P len=0
PKT t=12335 RX ua=95 mt=R len=7
PKT t=12340 TX ua=95 mt=P len=0
PKT t=12349 RX ua=95 mt=R len=7
PKT t=12354 TX ua=95 mt=P len=0
PKT t=12363 RX ua=95 mt=R len=7
PKT t=12368 TX ua=95 mt=P len=0
PKT t=12377 RX ua=95 mt=R len=7
PKT t=12382 TX ua=95 mt=T len=7
PKT t=12394 TX ua=95 mt=P len=0
PKT t=12403 RX ua=95 mt=R len=7
PKT t=12408 TX ua=95 mt=P len=0
PKT t=12437 RX ua=95 mt=R len=7
PKT t=12442 TX ua=95 mt=P len=0
PKT t=12451 RX ua=95 mt=R len=7
PKT t=12456 TX ua=95 mt=P len=0
PKT t=12465 RX ua=95 mt=R len=7
PKT t=12470 TX ua=95 mt=P len=0
PKT t=12479 RX ua=95 mt=R len=7
PKT t=12484 TX ua=95 mt=P len=0
PKT t=12493 RX ua=95 mt=R len=7
PKT t=12498 TX ua=95 mt=P len=0
PKT t=12507 RX ua=95 mt=R len=7
PKT t=12512 TX ua=95 mt=P len=0
PKT t=12541 RX ua=95 mt=R len=7
PKT t=12546 TX ua=95 mt=P len=0
PKT t=12576 RX ua=95 mt=R len=7
PKT t=12831 TX ua=96 mt=P len=0
PKT t=13089 TX ua=95 mt=P len=0
PKT t=13098 RX ua=95 mt=R len=7
PKT t=13103 TX ua=95 mt=T len=7
PKT t=13115 TX ua=95 mt=P len=0
PKT t=13143 RX ua=95 mt=R len=7
PKT t=13148 TX ua=95 mt=T len=7
PKT t=13161 TX ua=95 mt=P len=0
PKT t=13170 RX ua=95 mt=R len=7
PKT t=13175 TX ua=95 mt=P len=0
PKT t=13184 RX ua=95 mt=R len=7
PKT t=13189 TX ua=95 mt=P len=0
PKT t=13198 RX ua=95 mt=R len=7
PKT t=13203 TX ua=95 mt=P len=0
PKT t=13212 RX ua=95 mt=R len=7
PKT t=13217 TX ua=95 mt=P len=0
PKT t=13246 RX ua=95 mt=R len=7
PKT t=13251 TX ua=95 mt=P len=0
PKT t=13260 RX ua=95 mt=R len=7
PKT t=13265 TX ua=95 mt=P len=0
PKT t=13274 RX ua=95 mt=R len=7
PKT t=13279 TX ua=95 mt=P len=0
PKT t=13288 RX ua=95 mt=R len=7
PKT t=13293 TX ua=95 mt=P len=0
PKT t=13302 RX ua=95 mt=R len=7
PKT t=13307 TX ua=95 mt=P len=0
PKT t=13316 RX ua=95 mt=R len=7
PKT t=13321 TX ua=95 mt=P len=0
PKT t=13350 RX ua=95 mt=R len=7
PKT t=13355 TX ua=95 mt=P len=0
PKT t=13364 RX ua=95 mt=R len=7
PKT t=13369 TX ua=95 mt=T len=7
PKT t=13382 TX ua=95 mt=P len=0
PKT t=13392 RX ua=95 mt=R len=7
PKT t=13397 TX ua=95 mt=P len=0
PKT t=13407 RX ua=95 mt=R len=7
PKT t=13412 TX ua=95 mt=P len=0
PKT t=13422 RX ua=95 mt=R len=7
PKT t=13427 TX ua=95 mt=P len=0
PKT t=13456 RX ua=95 mt=R len=7
PKT t=13461 TX ua=95 mt=P len=0
PKT t=13471 RX ua=95 mt=R len=7
PKT t=13476 TX ua=95 mt=P len=0
PKT t=13486 RX ua=95 mt=R len=7
PKT t=13491 TX ua=95 mt=P len=0
PKT t=13501 RX ua=95 mt=R len=7
PKT t=13506 TX ua=95 mt=P len=0
PKT t=13516 RX ua=95 mt=R len=7
PKT t=13521 TX ua=95 mt=P len=0
PKT t=13576 RX ua=95 mt=R len=7
PKT t=13581 TX ua=95 mt=P len=0
PKT t=13591 RX ua=95 mt=R len=7
PKT t=13596 TX ua=95 mt=P len=0
PKT t=13606 RX ua=95 mt=R len=7
PKT t=13611 TX ua=95 mt=P len=0
PKT t=13621 RX ua=95 mt=R len=7
PKT t=13626 TX ua=95 mt=T len=7
PKT t=13639 TX ua=95 mt=P len=0
PKT t=13657 RX ua=95 mt=R len=7
PKT t=13662 TX ua=95 mt=P len=0
PKT t=13671 RX ua=95 mt=R len=7
PKT t=13676 TX ua=95 mt=P len=0
PKT t=13685 RX ua=95 mt=R len=7
PKT t=13690 TX ua=95 mt=P len=0
PKT t=13700 RX ua=95 mt=R len=7
PKT t=13705 TX ua=95 mt=P len=0
PKT t=13714 RX ua=95 mt=R len=7
PKT t=13719 TX ua=95 mt=P len=0
PKT t=13728 RX ua=95 mt=R len=7
PKT t=13733 TX ua=95 mt=P len=0
PKT t=13762 RX ua=95 mt=R len=7
PKT t=13767 TX ua=95 mt=P len=0
PKT t=13776 RX ua=95 mt=R len=7
PKT t=13781 TX ua=95 mt=P len=0
PKT t=13790 RX ua=95 mt=R len=7
PKT t=13795 TX ua=95 mt=P len=0
PKT t=13804 RX ua=95 mt=R len=7
PKT t=13809 TX ua=95 mt=P len=0
PKT t=13818 RX ua=95 mt=R len=7
PKT t=13823 TX ua=95 mt=P len=0
PKT t=13832 RX ua=95 mt=R len=7
PKT t=13837 TX ua=95 mt=P len=0
PKT t=13866 RX ua=95 mt=R len=7
PKT t=13871 TX ua=95 mt=T len=7
PKT t=13884 TX ua=95 mt=P len=0
PKT t=13893 RX ua=95 mt=R len=7
PKT t=13898 TX ua=95 mt=P len=0
PKT t=13907 RX ua=95 mt=R len=7
PKT t=13912 TX ua=95 mt=P len=0
PKT t=13921 RX ua=95 mt=R len=7
PKT t=13926 TX ua=95 mt=P len=0
PKT t=13935 RX ua=95 mt=R len=7
PKT t=13940 TX ua=95 mt=P len=0
PKT t=13969 RX ua=95 mt=R len=7
PKT t=13974 TX ua=95 mt=P len=0
PKT t=13983 RX ua=95 mt=R len=7
PKT t=13988 TX ua=95 mt=P len=0
PKT t=13997 RX ua=95 mt=R len=7
PKT t=14002 TX ua=95 mt=P len=0
PKT t=14011 RX ua=95 mt=R len=7
PKT t=14016 TX ua=95 mt=P len=0
PKT t=14025 RX ua=95 mt=R len=7
PKT t=14030 TX ua=95 mt=P len=0
PKT t=14039 RX ua=95 mt=R len=7
PKT t=14044 TX ua=95 mt=P len=0
PKT t=14076 RX ua=95 mt=R len=7
PKT t=14081 TX ua=95 mt=P len=0
PKT t=14090 RX ua=95 mt=R len=7
PKT t=14095 TX ua=95 mt=P len=0
PKT t=14104 RX ua=95 mt=R len=7
PKT t=14109 TX ua=95 mt=P len=0
PKT t=14118 RX ua=95 mt=R len=7
PKT t=14123 TX ua=95 mt=T len=7
PKT t=14135 TX ua=95 mt=P len=0
PKT t=14144 RX ua=95 mt=R len=7
PKT t=14149 TX ua=95 mt=P len=0
PKT t=14178 RX ua=95 mt=R len=7
PKT t=14183 TX ua=95 mt=P len=0
PKT t=14192 RX ua=95 mt=R len=7
PKT t=14197 TX ua=95 mt=P len=0
PKT t=14206 RX ua=95 mt=R len=7
PKT t=14211 TX ua=95 mt=P len=0
PKT t=14220 RX ua=95 mt=R len=7
PKT t=14225 TX ua=95 mt=P len=0
PKT t=14234 RX ua=95 mt=R len=7
PKT t=14239 TX ua=95 mt=P len=0
PKT t=14248 RX ua=95 mt=R len=7
PKT t=14253 TX ua=95 mt=P len=0
PKT t=14282 RX ua=95 mt=R len=7
PKT t=14287 TX ua=95 mt=P len=0
PKT t=14296 RX ua=95 mt=R len=7
PKT t=14301 TX ua=95 mt=P len=0
PKT t=14310 RX ua=95 mt=R len=7
PKT t=14315 TX ua=95 mt=P len=0
PKT t=14324 RX ua=95 mt=R len=7
PKT t=14329 TX ua=95 mt=P len=0
PKT t=14338 RX ua=95 mt=R len=7
PKT t=14343 TX ua=95 mt=P len=0
PKT t=14352 RX ua=95 mt=R len=7
PKT t=14357 TX ua=95 mt=P len=0
PKT t=14386 RX ua=95 mt=R len=7
PKT t=14391 TX ua=95 mt=T len=7
PKT t=14403 TX ua=95 mt=P len=0
PKT t=14412 RX ua=95 mt=R len=7
PKT t=14417 TX ua=95 mt=P len=0
PKT t=14426 RX ua=95 mt=R len=7
PKT t=14431 TX ua=95 mt=P len=0
PKT t=14440 RX ua=95 mt=R len=7
PKT t=14445 TX ua=95 mt=P len=0
PKT t=14454 RX ua=95 mt=R len=7
PKT t=14459 TX ua=95 mt=P len=0
PKT t=14488 RX ua=95 mt=R len=7
PKT t=14493 TX ua=95 mt=P len=0
PKT t=14502 RX ua=95 mt=R len=7
PKT t=14507 TX ua=95 mt=P len=0
PKT t=14516 RX ua=95 mt=R len=7
PKT t=14521 TX ua=95 mt=P len=0
PKT t=14530 RX ua=95 mt=R len=7
PKT t=14535 TX ua=95 mt=P len=0
PKT t=14544 RX ua=95 mt=R len=7
PKT t=14576 TX ua=95 mt=P len=0
PKT t=14588 RX ua=95 mt=R len=7
PKT t=14593 TX ua=95 mt=P len=0
PKT t=14602 RX ua=95 mt=R len=7
PKT t=14607 TX ua=95 mt=P len=0
PKT t=14616 RX ua=95 mt=R len=7
PKT t=14621 TX ua=95 mt=T len=7
PKT t=14633 TX ua=95 mt=P len=0
PKT t=14642 RX ua=95 mt=R len=7
PKT t=14647 TX ua=95 mt=P len=0
PKT t=14656 RX ua=95 mt=R len=7
PKT t=14661 TX ua=95 mt=P len=0
PKT t=14690 RX ua=95 mt=R len=7
PKT t=14695 TX ua=95 mt=P len=0
PKT t=14704 RX ua=95 mt=R len=7
PKT t=14709 TX ua=95 mt=P len=0
PKT t=14718 RX ua=95 mt=R len=7
PKT t=14723 TX ua=95 mt=P len=0
PKT t=14732 RX ua=95 mt=R len=7
PKT t=14737 TX ua=95 mt=P len=0
PKT t=14746 RX ua=95 mt=R len=7
PKT t=14751 TX ua=95 mt=P len=0
PKT t=14760 RX ua=95 mt=R len=7
PKT t=14765 TX ua=95 mt=P len=0
PKT t=14794 RX ua=95 mt=R len=7
PKT t=14799 TX ua=95 mt=P len=0
PKT t=14808 RX ua=95 mt=R len=7
PKT t=14813 TX ua=95 mt=P len=0
PKT t=14822 RX ua=95 mt=R len=7
PKT t=14827 TX ua=95 mt=P len=0
PKT t=14836 RX ua=95 mt=R len=7
PKT t=14841 TX ua=95 mt=P len=0
PKT t=14850 RX ua=95 mt=R len=7
PKT t=14855 TX ua=95 mt=P len=0
PKT t=14864 RX ua=95 mt=R len=7
PKT t=14869 TX ua=95 mt=T len=7
PKT t=14881 TX ua=95 mt=P len=0
PKT t=14900 RX ua=95 mt=R len=7
PKT t=14905 TX ua=95 mt=P len=0
PKT t=14914 RX ua=95 mt=R len=7
PKT t=14919 TX ua=95 mt=P len=0
PKT t=14928 RX ua=95 mt=R len=7
PKT t=14933 TX ua=95 mt=P len=0
PKT t=14942 RX ua=95 mt=R len=7
PKT t=14947 TX ua=95 mt=P len=0
PKT t=14956 RX ua=95 mt=R len=7
PKT t=14961 TX ua=95 mt=P len=0
PKT t=14970 RX ua=95 mt=R len=7
PKT t=14975 TX ua=95 mt=P len=0
PKT t=15005 RX ua=95 mt=R len=7
PKT t=15010 TX ua=95 mt=P len=0
PKT t=15019 RX ua=95 mt=R len=7
PKT t=15024 TX ua=95 mt=P len=0
PKT t=15033 RX ua=95 mt=R len=7
PKT t=15038 TX ua=95 mt=P len=0
PKT t=15076 RX ua=95 mt=R len=7
PKT t=15081 TX ua=95 mt=P len=0
PKT t=15104 RX ua=95 mt=R len=7
PKT t=15109 TX ua=95 mt=P len=0
PKT t=15118 RX ua=95 mt=R len=7
PKT t=15123 TX ua=95 mt=T len=7
PKT t=15135 TX ua=95 mt=P len=0
PKT t=15144 RX ua=95 mt=R len=7
PKT t=15149 TX ua=95 mt=P len=0
PKT t=15158 RX ua=95 mt=R len=7
PKT t=15163 TX ua=95 mt=P len=0
PKT t=15172 RX ua=95 mt=R len=7
PKT t=15177 TX ua=95 mt=P len=0
PKT t=15206 RX ua=95 mt=R len=7
PKT t=15211 TX ua=95 mt=P len=0
PKT t=15220 RX ua=95 mt=R len=7
PKT t=15225 TX ua=95 mt=P len=0
PKT t=15234 RX ua=95 mt=R len=7
PKT t=15239 TX ua=95 mt=P len=0
PKT t=15248 RX ua=95 mt=R len=7
PKT t=15253 TX ua=95 mt=P len=0
PKT t=15262 RX ua=95 mt=R len=7
PKT t=15267 TX ua=95 mt=P len=0
PKT t=15276 RX ua=95 mt=R len=7
PKT t=15281 TX ua=95 mt=P len=0
PKT t=15310 RX ua=95 mt=R len=7
PKT t=15315 TX ua=95 mt=P len=0
PKT t=15324 RX ua=95 mt=R len=7
PKT t=15329 TX ua=95 mt=P len=0
PKT t=15338 RX ua=95 mt=R len=7
PKT t=15343 TX ua=95 mt=P len=0
PKT t=15352 RX ua=95 mt=R len=7
PKT t=15357 TX ua=95 mt=P len=0
PKT t=15366 RX ua=95 mt=R len=7
PKT t=15371 TX ua=95 mt=T len=7
PKT t=15383 TX ua=95 mt=P len=0
PKT t=15411 RX ua=95 mt=R len=7
PKT t=15416 TX ua=95 mt=P len=0
PKT t=15426 RX ua=95 mt=R len=7
PKT t=15431 TX ua=95 mt=P len=0
PKT t=15441 RX ua=95 mt=R len=7
PKT t=15446 TX ua=95 mt=P len=0
PKT t=15456 RX ua=95 mt=R len=7
PKT t=15461 TX ua=95 mt=P len=0
PKT t=15471 RX ua=95 mt=R len=7
PKT t=15476 TX ua=95 mt=P len=0
PKT t=15486 RX ua=95 mt=R len=7
PKT t=15491 TX ua=95 mt=P len=0
PKT t=15520 RX ua=95 mt=R len=7
PKT t=15525 TX ua=95 mt=P len=0
PKT t=15535 RX ua=95 mt=R len=7
PKT t=15540 TX ua=95 mt=P len=0
PKT t=15576 RX ua=95 mt=R len=7
PKT t=15581 TX ua=95 mt=P len=0
PKT t=15591 RX ua=95 mt=R len=7
PKT t=15596 TX ua=95 mt=P len=0
PKT t=15625 RX ua=95 mt=R len=7
PKT t=15630 TX ua=95 mt=T len=7
PKT t=15642 TX ua=95 mt=P len=0
PKT t=15651 RX ua=95 mt=R len=7
PKT t=15656 TX ua=95 mt=P len=0
PKT t=15665 RX ua=95 mt=R len=7
PKT t=15670 TX ua=95 mt=P len=0
PKT t=15679 RX ua=95 mt=R len=7
PKT t=15684 TX ua=95 mt=P len=0
PKT t=15693 RX ua=95 mt=R len=7
PKT t=15698 TX ua=95 mt=P len=0
PKT t=15727 RX ua=95 mt=R len=7
PKT t=15732 TX ua=95 mt=P len=0
PKT t=15741 RX ua=95 mt=R len=7
PKT t=15746 TX ua=95 mt=P len=0
PKT t=15755 RX ua=95 mt=R len=7
PKT t=15760 TX ua=95 mt=P len=0
PKT t=15769 RX ua=95 mt=R len=7
PKT t=15774 TX ua=95 mt=P len=0
PKT t=15783 RX ua=95 mt=R len=7
PKT t=15788 TX ua=95 mt=P len=0
PKT t=15797 RX ua=95 mt=R len=7
PKT t=15802 TX ua=95 mt=P len=0
PKT t=15831 RX ua=95 mt=R len=7
PKT t=15836 TX ua=95 mt=P len=0
PKT t=15845 RX ua=95 mt=R len=7
PKT t=15850 TX ua=95 mt=P len=0
PKT t=15859 RX ua=95 mt=R len=7
PKT t=15864 TX ua=95 mt=P len=0
PKT t=15873 RX ua=95 mt=R len=7
PKT t=15878 TX ua=95 mt=T len=7
PKT t=15890 TX ua=95 mt=P len=0
PKT t=15899 RX ua=95 mt=R len=7
PKT t=15904 TX ua=95 mt=P len=0
PKT t=15934 RX ua=95 mt=R len=7
PKT t=15939 TX ua=95 mt=P len=0
PKT t=15948 RX ua=95 mt=R len=7
PKT t=15953 TX ua=95 mt=P len=0
PKT t=15962 RX ua=95 mt=R len=7
PKT t=15967 TX ua=95 mt=P len=0
PKT t=15976 RX ua=95 mt=R len=7
PKT t=15981 TX ua=95 mt=P len=0
PKT t=15990 RX ua=95 mt=R len=7
PKT t=15995 TX ua=95 mt=P len=0
PKT t=16004 RX ua=95 mt=R len=7
PKT t=16012 TX ua=95 mt=P len=0
PKT t=16038 RX ua=95 mt=R len=7
PKT t=16043 TX ua=95 mt=P len=0
PKT t=16076 RX ua=95 mt=R len=7
PKT t=16081 TX ua=95 mt=P len=0
PKT t=16090 RX ua=95 mt=R len=7
PKT t=16095 TX ua=95 mt=P len=0
PKT t=16104 RX ua=95 mt=R len=7
PKT t=16109 TX ua=95 mt=P len=0
PKT t=16144 RX ua=95 mt=R len=7
PKT t=16149 TX ua=95 mt=T len=7
PKT t=16161 TX ua=95 mt=P len=0
PKT t=16170 RX ua=95 mt=R len=7
PKT t=16175 TX ua=95 mt=P len=0
PKT t=16184 RX ua=95 mt=R len=7
PKT t=16189 TX ua=95 mt=P len=0
PKT t=16198 RX ua=95 mt=R len=7
PKT t=16203 TX ua=95 mt=P len=0
PKT t=16212 RX ua=95 mt=R len=7
PKT t=16217 TX ua=95 mt=P len=0
PKT t=16247 RX ua=95 mt=R len=7
PKT t=16251 TX ua=95 mt=P len=0
PKT t=16260 RX ua=95 mt=R len=7
PKT t=16265 TX ua=95 mt=P len=0
PKT t=16274 RX ua=95 mt=R len=7
PKT t=16279 TX ua=95 mt=P len=0
PKT t=16288 RX ua=95 mt=R len=7
PKT t=16293 TX ua=95 mt=P len=0
PKT t=16302 RX ua=95 mt=R len=7
PKT t=16307 TX ua=95 mt=P len=0
PKT t=16316 RX ua=95 mt=R len=7
PKT t=16321 TX ua=95 mt=P len=0
PKT t=16351 RX ua=95 mt=R len=7
PKT t=16355 TX ua=95 mt=P len=0
PKT t=16364 RX ua=95 mt=R len=7
PKT t=16369 TX ua=95 mt=T len=7
PKT t=16381 TX ua=95 mt=P len=0
PKT t=16390 RX ua=95 mt=R len=7
PKT t=16395 TX ua=95 mt=P len=0
PKT t=16404 RX ua=95 mt=R len=7
PKT t=16409 TX ua=95 mt=P len=0
PKT t=16418 RX ua=95 mt=R len=7
PKT t=16423 TX ua=95 mt=P len=0
PKT t=16452 RX ua=95 mt=R len=7
PKT t=16457 TX ua=95 mt=P len=0
PKT t=16466 RX ua=95 mt=R len=7
PKT t=16471 TX ua=95 mt=P len=0
PKT t=16481 RX ua=95 mt=R len=7
PKT t=16486 TX ua=95 mt=P len=0
PKT t=16495 RX ua=95 mt=R len=7
PKT t=16500 TX ua=95 mt=P len=0
PKT t=16509 RX ua=95 mt=R len=7
PKT t=16514 TX ua=95 mt=P len=0
PKT t=16523 RX ua=95 mt=R len=7
PKT t=16528 TX ua=95 mt=P len=0
PKT t=16576 RX ua=95 mt=R len=7
PKT t=16581 TX ua=95 mt=P len=0
PKT t=16590 RX ua=95 mt=R len=7
PKT t=16595 TX ua=95 mt=P len=0
PKT t=16604 RX ua=95 mt=R len=7
PKT t=16609 TX ua=95 mt=P len=0
PKT t=16618 RX ua=95 mt=R len=7
PKT t=16623 TX ua=95 mt=T len=7
PKT t=16635 TX ua=95 mt=P len=0
PKT t=16659 RX ua=95 mt=R len=7
PKT t=16664 TX ua=95 mt=P len=0
PKT t=16673 RX ua=95 mt=R len=7
PKT t=16678 TX ua=95 mt=P len=0
PKT t=16687 RX ua=95 mt=R len=7
PKT t=16692 TX ua=95 mt=P len=0
PKT t=16701 RX ua=95 mt=R len=7
PKT t=16706 TX ua=95 mt=P len=0
PKT t=16715 RX ua=95 mt=R len=7
PKT t=16720 TX ua=95 mt=P len=0
PKT t=16729 RX ua=95 mt=R len=7
PKT t=16734 TX ua=95 mt=P len=0
PKT t=16764 RX ua=95 mt=R len=7
PKT t=16769 TX ua=95 mt=P len=0
PKT t=16778 RX ua=95 mt=R len=7
PKT t=16783 TX ua=95 mt=P len=0
PKT t=16792 RX ua=95 mt=R len=7
PKT t=16797 TX ua=95 mt=P len=0
PKT t=16806 RX ua=95 mt=R len=7
PKT t=16811 TX ua=95 mt=P len=0
PKT t=16820 RX ua=95 mt=R len=7
PKT t=16825 TX ua=95 mt=P len=0
PKT t=16834 RX ua=95 mt=R len=7
PKT t=16839 TX ua=95 mt=P len=0
PKT t=16868 RX ua=95 mt=R len=7
PKT t=16873 TX ua=95 mt=T len=7
PKT t=16885 TX ua=95 mt=P len=0
PKT t=16894 RX ua=95 mt=R len=7
PKT t=16899 TX ua=95 mt=P len=0
PKT t=16908 RX ua=95 mt=R len=7
PKT t=16913 TX ua=95 mt=P len=0
PKT t=16922 RX ua=95 mt=R len=7
PKT t=16927 TX ua=95 mt=P len=0
PKT t=16936 RX ua=95 mt=R len=7
PKT t=16941 TX ua=95 mt=P len=0
PKT t=16970 RX ua=95 mt=R len=7
PKT t=16975 TX ua=95 mt=P len=0
PKT t=16984 RX ua=95 mt=R len=7
PKT t=16989 TX ua=95 mt=P len=0
PKT t=16998 RX ua=95 mt=R len=7
PKT t=17003 TX ua=95 mt=P len=0
PKT t=17012 RX ua=95 mt=R len=7
PKT t=17017 TX ua=95 mt=P len=0
PKT t=17026 RX ua=95 mt=R len=7
PKT t=17031 TX ua=95 mt=P len=0
PKT t=17040 RX ua=95 mt=R len=7
PKT t=17045 TX ua=95 mt=P len=0
PKT t=17076 RX ua=95 mt=R len=7
PKT t=17331 TX ua=96 mt=P len=0
PKT t=17589 TX ua=95 mt=P len=0
PKT t=17598 RX ua=95 mt=R len=7
PKT t=17603 TX ua=95 mt=T len=7
PKT t=17615 TX ua=95 mt=P len=0
PKT t=17625 RX ua=95 mt=R len=7
PKT t=17630 TX ua=95 mt=T len=7
PKT t=17642 TX ua=95 mt=P len=0
PKT t=17674 RX ua=95 mt=R len=7
PKT t=17679 TX ua=95 mt=P len=0
PKT t=17688 RX ua=95 mt=R len=7
PKT t=17693 TX ua=95 mt=P len=0
PKT t=17702 RX ua=95 mt=R len=7
PKT t=17707 TX ua=95 mt=P len=0
PKT t=17716 RX ua=95 mt=R len=7
PKT t=17721 TX ua=95 mt=P len=0
PKT t=17730 RX ua=95 mt=R len=7
PKT t=17735 TX ua=95 mt=P len=0
PKT t=17744 RX ua=95 mt=R len=7
PKT t=17749 TX ua=95 mt=P len=0
PKT t=17778 RX ua=95 mt=R len=7
PKT t=17783 TX ua=95 mt=P len=0
PKT t=17792 RX ua=95 mt=R len=7
PKT t=17797 TX ua=95 mt=P len=0
PKT t=17806 RX ua=95 mt=R len=7
PKT t=17811 TX ua=95 mt=P len=0
PKT t=17820 RX ua=95 mt=R len=7
PKT t=17825 TX ua=95 mt=P len=0
PKT t=17834 RX ua=95 mt=R len=7
PKT t=17839 TX ua=95 mt=P len=0
PKT t=17848 RX ua=95 mt=R len=7
PKT t=17853 TX ua=95 mt=P len=0
PKT t=17882 RX ua=95 mt=R len=7
PKT t=17887 TX ua=95 mt=T len=7
PKT t=17899 TX ua=95 mt=P len=0
PKT t=17908 RX ua=95 mt=R len=7
PKT t=17913 TX ua=95 mt=P len=0
PKT t=17922 RX ua=95 mt=R len=7
PKT t=17927 TX ua=95 mt=P len=0
PKT t=17936 RX ua=95 mt=R len=7
PKT t=17941 TX ua=95 mt=P len=0
PKT t=17950 RX ua=95 mt=R len=7
PKT t=17955 TX ua=95 mt=P len=0
PKT t=17984 RX ua=95 mt=R len=7
PKT t=17989 TX ua=95 mt=P len=0
PKT t=17998 RX ua=95 mt=R len=7
PKT t=18003 TX ua=95 mt=P len=0
PKT t=18013 RX ua=95 mt=R len=7
PKT t=18018 TX ua=95 mt=P len=0
PKT t=18027 RX ua=95 mt=R len=7
PKT t=18032 TX ua=95 mt=P len=0
PKT t=18041 RX ua=95 mt=R len=7
PKT t=18046 TX ua=95 mt=P len=0
PKT t=18076 RX ua=95 mt=R len=7
PKT t=18331 TX ua=96 mt=P len=0
PKT t=18589 TX ua=95 mt=P len=0
PKT t=18598 RX ua=95 mt=R len=7
PKT t=18603 TX ua=95 mt=T len=7
PKT t=18616 TX ua=95 mt=P len=0
PKT t=18625 RX ua=95 mt=R len=7
PKT t=18630 TX ua=95 mt=T len=7
PKT t=18643 TX ua=95 mt=P len=0
PKT t=18652 RX ua=95 mt=R len=7
PKT t=18657 TX ua=95 mt=P len=0
PKT t=18689 RX ua=95 mt=R len=7
PKT t=18694 TX ua=95 mt=P len=0
PKT t=18703 RX ua=95 mt=R len=7
PKT t=18708 TX ua=95 mt=P len=0
PKT t=18717 RX ua=95 mt=R len=7
PKT t=18722 TX ua=95 mt=P len=0
PKT t=18731 RX ua=95 mt=R len=7
PKT t=18736 TX ua=95 mt=P len=0
PKT t=18745 RX ua=95 mt=R len=7
PKT t=18750 TX ua=95 mt=P len=0
PKT t=18759 RX ua=95 mt=R len=7
PKT t=18764 TX ua=95 mt=P len=0
PKT t=18793 RX ua=95 mt=R len=7
PKT t=18798 TX ua=95 mt=P len=0
PKT t=18808 RX ua=95 mt=R len=7
PKT t=18812 TX ua=95 mt=P len=0
PKT t=18821 RX ua=95 mt=R len=7
PKT t=18826 TX ua=95 mt=P len=0
PKT t=18835 RX ua=95 mt=R len=7
PKT t=18840 TX ua=95 mt=P len=0
PKT t=18849 RX ua=95 mt=R len=7
PKT t=18854 TX ua=95 mt=P len=0
PKT t=18864 RX ua=95 mt=R len=7
PKT t=18868 TX ua=95 mt=P len=0
PKT t=18899 RX ua=95 mt=R len=7
PKT t=18904 TX ua=95 mt=T len=7
PKT t=18917 TX ua=95 mt=P len=0
PKT t=18926 RX ua=95 mt=R len=7
PKT t=18931 TX ua=95 mt=P len=0
PKT t=18940 RX ua=95 mt=R len=7
PKT t=18945 TX ua=95 mt=P len=0
PKT t=18954 RX ua=95 mt=R len=7
PKT t=18959 TX ua=95 mt=P len=0
PKT t=18968 RX ua=95 mt=R len=7
PKT t=18973 TX ua=95 mt=P len=0
PKT t=19002 RX ua=95 mt=R len=7
PKT t=19007 TX ua=95 mt=P len=0
PKT t=19016 RX ua=95 mt=R len=7
PKT t=19021 TX ua=95 mt=P len=0
PKT t=19030 RX ua=95 mt=R len=7
PKT t=19035 TX ua=95 mt=P len=0
PKT t=19044 RX ua=95 mt=R len=7
PKT t=19076 TX ua=95 mt=P len=0
PKT t=19102 RX ua=95 mt=R len=7
PKT t=19107 TX ua=95 mt=P len=0
PKT t=19116 RX ua=95 mt=R len=7
PKT t=19121 TX ua=95 mt=T len=7
PKT t=19133 TX ua=95 mt=P len=0
PKT t=19142 RX ua=95 mt=R len=7
PKT t=19147 TX ua=95 mt=P len=0
PKT t=19156 RX ua=95 mt=R len=7
PKT t=19161 TX ua=95 mt=P len=0
PKT t=19170 RX ua=95 mt=R len=7
PKT t=19175 TX ua=95 mt=P len=0
PKT t=19204 RX ua=95 mt=R len=7
PKT t=19209 TX ua=95 mt=P len=0
PKT t=19218 RX ua=95 mt=R len=7
PKT t=19223 TX ua=95 mt=P len=0
PKT t=19232 RX ua=95 mt=R len=7
PKT t=19237 TX ua=95 mt=P len=0
PKT t=19246 RX ua=95 mt=R len=7
PKT t=19251 TX ua=95 mt=P len=0
PKT t=19260 RX ua=95 mt=R len=7
PKT t=19265 TX ua=95 mt=P len=0
PKT t=19274 RX ua=95 mt=R len=7
PKT t=19279 TX ua=95 mt=P len=0
PKT t=19308 RX ua=95 mt=R len=7
PKT t=19313 TX ua=95 mt=P len=0
PKT t=19322 RX ua=95 mt=R len=7
PKT t=19327 TX ua=95 mt=P len=0
PKT t=19336 RX ua=95 mt=R len=7
PKT t=19341 TX ua=95 mt=P len=0
PKT t=19350 RX ua=95 mt=R len=7
PKT t=19355 TX ua=95 mt=P len=0
PKT t=19364 RX ua=95 mt=R len=7
PKT t=19369 TX ua=95 mt=T len=7
PKT t=19381 TX ua=95 mt=P len=0
PKT t=19410 RX ua=95 mt=R len=7
PKT t=19415 TX ua=95 mt=P len=0
PKT t=19425 RX ua=95 mt=R len=7
PKT t=19430 TX ua=95 mt=P len=0
PKT t=19440 RX ua=95 mt=R len=7
PKT t=19445 TX ua=95 mt=P len=0
PKT t=19455 RX ua=95 mt=R len=7
PKT t=19460 TX ua=95 mt=P len=0
PKT t=19470 RX ua=95 mt=R len=7
PKT t=19475 TX ua=95 mt=P len=0
PKT t=19485 RX ua=95 mt=R len=7
PKT t=19490 TX ua=95 mt=P len=0
PKT t=19520 RX ua=95 mt=R len=7
PKT t=19525 TX ua=95 mt=P len=0
PKT t=19535 RX ua=95 mt=R len=7
PKT t=19540 TX ua=95 mt=P len=0
PKT t=19576 RX ua=95 mt=R len=7
PKT t=19581 TX ua=95 mt=P len=0
PKT t=19591 RX ua=95 mt=R len=7
PKT t=19596 TX ua=95 mt=P len=0
PKT t=19625 RX ua=95 mt=R len=7
PKT t=19630 TX ua=95 mt=T len=7
PKT t=19642 TX ua=95 mt=P len=0
PKT t=19651 RX ua=95 mt=R len=7
PKT t=19656 TX ua=95 mt=P len=0
PKT t=19665 RX ua=95 mt=R len=7
PKT t=19670 TX ua=95 mt=P len=0
PKT t=19679 RX ua=95 mt=R len=7
PKT t=19684 TX ua=95 mt=P len=0
PKT t=19693 RX ua=95 mt=R len=7
PKT t=19698 TX ua=95 mt=P len=0
PKT t=19727 RX ua=95 mt=R len=7
PKT t=19732 TX ua=95 mt=P len=0
PKT t=19741 RX ua=95 mt=R len=7
PKT t=19746 TX ua=95 mt=P len=0
PKT t=19755 RX ua=95 mt=R len=7
PKT t=19760 TX ua=95 mt=P len=0
PKT t=19769 RX ua=95 mt=R len=7
PKT t=19774 TX ua=95 mt=P len=0
PKT t=19783 RX ua=95 mt=R len=7
PKT t=19788 TX ua=95 mt=P len=0
PKT t=19797 RX ua=95 mt=R len=7
PKT t=19802 TX ua=95 mt=P len=0
PKT t=19831 RX ua=95 mt=R len=7
PKT t=19836 TX ua=95 mt=P len=0
PKT t=19845 RX ua=95 mt=R len=7
PKT t=19850 TX ua=95 mt=P len=0
PKT t=19859 RX ua=95 mt=R len=7
PKT t=19864 TX ua=95 mt=P len=0
PKT t=19873 RX ua=95 mt=R len=7
PKT t=19878 TX ua=95 mt=T len=7
PKT t=19890 TX ua=95 mt=P len=0
PKT t=19899 RX ua=95 mt=R len=7
PKT t=19904 TX ua=95 mt=P len=0
PKT t=19934 RX ua=95 mt=R len=7
PKT t=19939 TX ua=95 mt=P len=0
PKT t=19948 RX ua=95 mt=R len=7
PKT t=19953 TX ua=95 mt=P len=0
PKT t=19962 RX ua=95 mt=R len=7
PKT t=19967 TX ua=95 mt=P len=0
PKT t=19976 RX ua=95 mt=R len=7
PKT t=19981 TX ua=95 mt=P len=0
PKT t=19990 RX ua=95 mt=R len=7
PKT t=19995 TX ua=95 mt=P len=0
PKT t=20004 RX ua=95 mt=R len=7
PKT t=20009 TX ua=95 mt=P len=0
PKT t=20038 RX ua=95 mt=R len=7
PKT t=20043 TX ua=95 mt=P len=0
PKT t=20076 RX ua=95 mt=R len=7
PKT t=20081 TX ua=95 mt=P len=0
PKT t=20091 RX ua=95 mt=R len=7
PKT t=20096 TX ua=95 mt=P len=0
PKT t=20105 RX ua=95 mt=R len=7
PKT t=20110 TX ua=95 mt=P len=0
PKT t=20139 RX ua=95 mt=R len=7
PKT t=20144 TX ua=95 mt=T len=7
PKT t=20156 TX ua=95 mt=P len=0
PKT t=20165 RX ua=95 mt=R len=7
PKT t=20170 TX ua=95 mt=P len=0
PKT t=20179 RX ua=95 mt=R len=7
PKT t=20184 TX ua=95 mt=P len=0
PKT t=20193 RX ua=95 mt=R len=7
PKT t=20198 TX ua=95 mt=P len=0
PKT t=20208 RX ua=95 mt=R len=7
PKT t=20213 TX ua=95 mt=P len=0
PKT t=20242 RX ua=95 mt=R len=7
PKT t=20246 TX ua=95 mt=P len=0
PKT t=20255 RX ua=95 mt=R len=7
PKT t=20260 TX ua=95 mt=P len=0
PKT t=20269 RX ua=95 mt=R len=7
PKT t=20274 TX ua=95 mt=P len=0
PKT t=20283 RX ua=95 mt=R len=7
PKT t=20288 TX ua=95 mt=P len=0
PKT t=20297 RX ua=95 mt=R len=7
PKT t=20302 TX ua=95 mt=P len=0
PKT t=20311 RX ua=95 mt=R len=7
PKT t=20316 TX ua=95 mt=P len=0
PKT t=20345 RX ua=95 mt=R len=7
PKT t=20350 TX ua=95 mt=P len=0
PKT t=20359 RX ua=95 mt=R len=7
PKT t=20364 TX ua=95 mt=P len=0
PKT t=20373 RX ua=95 mt=R len=7
PKT t=20378 TX ua=95 mt=T len=7
PKT t=20390 TX ua=95 mt=P len=0
PKT t=20399 RX ua=95 mt=R len=7
PKT t=20404 TX ua=95 mt=P len=0
PKT t=20413 RX ua=95 mt=R len=7
PKT t=20418 TX ua=95 mt=P len=0
PKT t=20447 RX ua=95 mt=R len=7
PKT t=20452 TX ua=95 mt=P len=0
PKT t=20461 RX ua=95 mt=R len=7
PKT t=20466 TX ua=95 mt=P len=0
PKT t=20475 RX ua=95 mt=R len=7
PKT t=20480 TX ua=95 mt=P len=0
PKT t=20489 RX ua=95 mt=R len=7
PKT t=20494 TX ua=95 mt=P len=0
PKT t=20503 RX ua=95 mt=R len=7
PKT t=20508 TX ua=95 mt=P len=0
PKT t=20517 RX ua=95 mt=R len=7
PKT t=20522 TX ua=95 mt=P len=0
PKT t=20576 RX ua=95 mt=R len=7
PKT t=20581 TX ua=95 mt=P len=0
PKT t=20590 RX ua=95 mt=R len=7
PKT t=20595 TX ua=95 mt=P len=0
PKT t=20604 RX ua=95 mt=R len=7
PKT t=20609 TX ua=95 mt=P len=0
PKT t=20618 RX ua=95 mt=R len=7
PKT t=20623 TX ua=95 mt=T len=7
PKT t=20635 TX ua=95 mt=P len=0
PKT t=20654 RX ua=95 mt=R len=7
PKT t=20659 TX ua=95 mt=P len=0
PKT t=20668 RX ua=95 mt=R len=7
PKT t=20673 TX ua=95 mt=P len=0
PKT t=20682 RX ua=95 mt=R len=7
PKT t=20687 TX ua=95 mt=P len=0
PKT t=20696 RX ua=95 mt=R len=7
PKT t=20701 TX ua=95 mt=P len=0
PKT t=20710 RX ua=95 mt=R len=7
PKT t=20715 TX ua=95 mt=P len=0
PKT t=20724 RX ua=95 mt=R len=7
PKT t=20729 TX ua=95 mt=P len=0
PKT t=20758 RX ua=95 mt=R len=7
PKT t=20763 TX ua=95 mt=P len=0
PKT t=20772 RX ua=95 mt=R len=7
PKT t=20777 TX ua=95 mt=P len=0
PKT t=20786 RX ua=95 mt=R len=7
PKT t=20791 TX ua=95 mt=P len=0
PKT t=20800 RX ua=95 mt=R len=7
PKT t=20805 TX ua=95 mt=P len=0
PKT t=20814 RX ua=95 mt=R len=7
PKT t=20819 TX ua=95 mt=P len=0
PKT t=20828 RX ua=95 mt=R len=7
PKT t=20833 TX ua=95 mt=P len=0
PKT t=20862 RX ua=95 mt=R len=7
PKT t=20867 TX ua=95 mt=P len=0
PKT t=20876 RX ua=95 mt=R len=7
PKT t=20881 TX ua=95 mt=T len=7
PKT t=20893 TX ua=95 mt=P len=0
PKT t=20902 RX ua=95 mt=R len=7
PKT t=20907 TX ua=95 mt=P len=0
PKT t=20916 RX ua=95 mt=R len=7
PKT t=20921 TX ua=95 mt=P len=0
PKT t=20930 RX ua=95 mt=R len=7
PKT t=20935 TX ua=95 mt=P len=0
PKT t=20964 RX ua=95 mt=R len=7
PKT t=20969 TX ua=95 mt=P len=0
PKT t=20978 RX ua=95 mt=R len=7
PKT t=20983 TX ua=95 mt=P len=0
PKT t=20992 RX ua=95 mt=R len=7
PKT t=20997 TX ua=95 mt=P len=0
PKT t=21006 RX ua=95 mt=R len=7
PKT t=21011 TX ua=95 mt=P len=0
PKT t=21020 RX ua=95 mt=R len=7
PKT t=21025 TX ua=95 mt=P len=0
PKT t=21034 RX ua=95 mt=R len=7
PKT t=21039 TX ua=95 mt=P len=0
PKT t=21076 RX ua=95 mt=R len=7
PKT t=21081 TX ua=95 mt=P len=0
PKT t=21090 RX ua=95 mt=R len=7
PKT t=21095 TX ua=95 mt=P len=0
PKT t=21104 RX ua=95 mt=R len=7
PKT t=21109 TX ua=95 mt=P len=0
PKT t=21119 RX ua=95 mt=R len=7
PKT t=21124 TX ua=95 mt=T len=7
PKT t=21137 TX ua=95 mt=P len=0
PKT t=21169 RX ua=95 mt=R len=7
PKT t=21174 TX ua=95 mt=P len=0
PKT t=21184 RX ua=95 mt=R len=7
PKT t=21189 TX ua=95 mt=P len=0
PKT t=21198 RX ua=95 mt=R len=7
PKT t=21203 TX ua=95 mt=P len=0
PKT t=21212 RX ua=95 mt=R len=7
PKT t=21217 TX ua=95 mt=P len=0
PKT t=21226 RX ua=95 mt=R len=7
PKT t=21231 TX ua=95 mt=P len=0
PKT t=21240 RX ua=95 mt=R len=7
PKT t=21245 TX ua=95 mt=P len=0
PKT t=21274 RX ua=95 mt=R len=7
PKT t=21279 TX ua=95 mt=P len=0
PKT t=21288 RX ua=95 mt=R len=7
PKT t=21293 TX ua=95 mt=P len=0
PKT t=21302 RX ua=95 mt=R len=7
PKT t=21307 TX ua=95 mt=P len=0
PKT t=21316 RX ua=95 mt=R len=7
PKT t=21321 TX ua=95 mt=P len=0
PKT t=21330 RX ua=95 mt=R len=7
PKT t=21335 TX ua=95 mt=P len=0
PKT t=21344 RX ua=95 mt=R len=7
PKT t=21349 TX ua=95 mt=P len=0
PKT t=21378 RX ua=95 mt=R len=7
PKT t=21383 TX ua=95 mt=T len=7
PKT t=21396 TX ua=95 mt=P len=0
PKT t=21406 RX ua=95 mt=R len=7
PKT t=21411 TX ua=95 mt=P len=0
PKT t=21421 RX ua=95 mt=R len=7
PKT t=21426 TX ua=95 mt=P len=0
PKT t=21436 RX ua=95 mt=R len=7
PKT t=21441 TX ua=95 mt=P len=0
PKT t=21451 RX ua=95 mt=R len=7
PKT t=21456 TX ua=95 mt=P len=0
PKT t=21485 RX ua=95 mt=R len=7
PKT t=21490 TX ua=95 mt=P len=0
PKT t=21500 RX ua=95 mt=R len=7
PKT t=21505 TX ua=95 mt=P len=0
PKT t=21515 RX ua=95 mt=R len=7
PKT t=21520 TX ua=95 mt=P len=0
PKT t=21530 RX ua=95 mt=R len=7
PKT t=21535 TX ua=95 mt=P len=0
PKT t=21545 RX ua=95 mt=R len=7
PKT t=21576 TX ua=95 mt=P len=0
PKT t=21586 RX ua=95 mt=R len=7
PKT t=21591 TX ua=95 mt=P len=0
PKT t=21601 RX ua=95 mt=R len=7
PKT t=21606 TX ua=95 mt=P len=0
PKT t=21616 RX ua=95 mt=R len=7
PKT t=21621 TX ua=95 mt=T len=7
PKT t=21634 TX ua=95 mt=P len=0
PKT t=21643 RX ua=95 mt=R len=7
PKT t=21648 TX ua=95 mt=P len=0
PKT t=21657 RX ua=95 mt=R len=7
PKT t=21662 TX ua=95 mt=P len=0
PKT t=21691 RX ua=95 mt=R len=7
PKT t=21696 TX ua=95 mt=P len=0
PKT t=21705 RX ua=95 mt=R len=7
PKT t=21710 TX ua=95 mt=P len=0
PKT t=21719 RX ua=95 mt=R len=7
PKT t=21724 TX ua=95 mt=P len=0
PKT t=21733 RX ua=95 mt=R len=7
PKT t=21738 TX ua=95 mt=P len=0
PKT t=21747 RX ua=95 mt=R len=7
PKT t=21752 TX ua=95 mt=P len=0
PKT t=21761 RX ua=95 mt=R len=7
PKT t=21766 TX ua=95 mt=P len=0
PKT t=21795 RX ua=95 mt=R len=7
PKT t=21800 TX ua=95 mt=P len=0
PKT t=21809 RX ua=95 mt=R len=7
PKT t=21814 TX ua=95 mt=P len=0
PKT t=21823 RX ua=95 mt=R len=7
PKT t=21828 TX ua=95 mt=P len=0
PKT t=21837 RX ua=95 mt=R len=7
PKT t=21842 TX ua=95 mt=P len=0
PKT t=21851 RX ua=95 mt=R len=7
PKT t=21856 TX ua=95 mt=P len=0
PKT t=21865 RX ua=95 mt=R len=7
PKT t=21870 TX ua=95 mt=T len=7
PKT t=21883 TX ua=95 mt=P len=0
PKT t=21901 RX ua=95 mt=R len=7
PKT t=21906 TX ua=95 mt=P len=0
PKT t=21915 RX ua=95 mt=R len=7
PKT t=21920 TX ua=95 mt=P len=0
PKT t=21929 RX ua=95 mt=R len=7
PKT t=21934 TX ua=95 mt=P len=0
PKT t=21943 RX ua=95 mt=R len=7
PKT t=21948 TX ua=95 mt=P len=0
PKT t=21957 RX ua=95 mt=R len=7
PKT t=21962 TX ua=95 mt=P len=0
PKT t=21972 RX ua=95 mt=R len=7
PKT t=21977 TX ua=95 mt=P len=0
PKT t=22006 RX ua=95 mt=R len=7
PKT t=22015 TX ua=95 mt=P len=0
PKT t=22024 RX ua=95 mt=R len=7
PKT t=22029 TX ua=95 mt=P len=0
PKT t=22038 RX ua=95 mt=R len=7
PKT t=22043 TX ua=95 mt=P len=0
PKT t=22076 RX ua=95 mt=R len=7
PKT t=22081 TX ua=95 mt=P len=0
PKT t=22106 RX ua=95 mt=R len=7
PKT t=22111 TX ua=95 mt=P len=0
PKT t=22120 RX ua=95 mt=R len=7
PKT t=22125 TX ua=95 mt=T len=7
PKT t=22137 TX ua=95 mt=P len=0
PKT t=22146 RX ua=95 mt=R len=7
PKT t=22151 TX ua=95 mt=P len=0
PKT t=22160 RX ua=95 mt=R len=7
PKT t=22165 TX ua=95 mt=P len=0
PKT t=22174 RX ua=95 mt=R len=7
PKT t=22179 TX ua=95 mt=P len=0
PKT t=22208 RX ua=95 mt=R len=7
PKT t=22213 TX ua=95 mt=P len=0
PKT t=22222 RX ua=95 mt=R len=7
PKT t=22227 TX ua=95 mt=P len=0
PKT t=22236 RX ua=95 mt=R len=7
PKT t=22241 TX ua=95 mt=P len=0
PKT t=22250 RX ua=95 mt=R len=7
PKT t=22255 TX ua=95 mt=P len=0
PKT t=22264 RX ua=95 mt=R len=7
PKT t=22269 TX ua=95 mt=P len=0
PKT t=22278 RX ua=95 mt=R len=7
PKT t=22283 TX ua=95 mt=P len=0
PKT t=22312 RX ua=95 mt=R len=7
PKT t=22317 TX ua=95 mt=P len=0
PKT t=22326 RX ua=95 mt=R len=7
PKT t=22331 TX ua=95 mt=P len=0
PKT t=22340 RX ua=95 mt=R len=7
PKT t=22345 TX ua=95 mt=P len=0
PKT t=22354 RX ua=95 mt=R len=7
PKT t=22359 TX ua=95 mt=P len=0
PKT t=22368 RX ua=95 mt=R len=7
PKT t=22373 TX ua=95 mt=T len=7
PKT t=22385 TX ua=95 mt=P len=0
PKT t=22413 RX ua=95 mt=R len=7
PKT t=22418 TX ua=95 mt=P len=0
PKT t=22427 RX ua=95 mt=R len=7
PKT t=22432 TX ua=95 mt=P len=0
PKT t=22441 RX ua=95 mt=R len=7
PKT t=22446 TX ua=95 mt=P len=0
PKT t=22455 RX ua=95 mt=R len=7
PKT t=22460 TX ua=95 mt=P len=0
PKT t=22469 RX ua=95 mt=R len=7
PKT t=22474 TX ua=95 mt=P len=0
PKT t=22483 RX ua=95 mt=R len=7
PKT t=22488 TX ua=95 mt=P len=0
PKT t=22517 RX ua=95 mt=R len=7
PKT t=22522 TX ua=95 mt=P len=0
PKT t=22531 RX ua=95 mt=R len=7
PKT t=22536 TX ua=95 mt=P len=0
PKT t=22545 RX ua=95 mt=R len=7
PKT t=22576 TX ua=95 mt=P len=0
PKT t=22585 RX ua=95 mt=R len=7
PKT t=22590 TX ua=95 mt=P len=0
PKT t=22619 RX ua=95 mt=R len=7
PKT t=22624 TX ua=95 mt=T len=7
PKT t=22636 TX ua=95 mt=P len=0
PKT t=22645 RX ua=95 mt=R len=7
PKT t=22650 TX ua=95 mt=P len=0
PKT t=22659 RX ua=95 mt=R len=7
PKT t=22664 TX ua=95 mt=P len=0
PKT t=22673 RX ua=95 mt=R len=7
PKT t=22678 TX ua=95 mt=P len=0
PKT t=22687 RX ua=95 mt=R len=7
PKT t=22692 TX ua=95 mt=P len=0
PKT t=22721 RX ua=95 mt=R len=7
PKT t=22726 TX ua=95 mt=P len=0
PKT t=22735 RX ua=95 mt=R len=7
PKT t=22740 TX ua=95 mt=P len=0
PKT t=22749 RX ua=95 mt=R len=7
PKT t=22754 TX ua=95 mt=P len=0
PKT t=22763 RX ua=95 mt=R len=7
PKT t=22768 TX ua=95 mt=P len=0
PKT t=22777 RX ua=95 mt=R len=7
PKT t=22782 TX ua=95 mt=P len=0
PKT t=22791 RX ua=95 mt=R len=7
PKT t=22796 TX ua=95 mt=P len=0
PKT t=22825 RX ua=95 mt=R len=7
PKT t=22830 TX ua=95 mt=P len=0
PKT t=22839 RX ua=95 mt=R len=7
PKT t=22844 TX ua=95 mt=P len=0
PKT t=22853 RX ua=95 mt=R len=7
PKT t=22858 TX ua=95 mt=P len=0
PKT t=22867 RX ua=95 mt=R len=7
PKT t=22872 TX ua=95 mt=T len=7
PKT t=22884 TX ua=95 mt=P len=0
PKT t=22893 RX ua=95 mt=R len=7
PKT t=22898 TX ua=95 mt=P len=0
PKT t=22927 RX ua=95 mt=R len=7
PKT t=22932 TX ua=95 mt=P len=0
PKT t=22941 RX ua=95 mt=R len=7
PKT t=22946 TX ua=95 mt=P len=0
PKT t=22955 RX ua=95 mt=R len=7
PKT t=22960 TX ua=95 mt=P len=0
PKT t=22969 RX ua=95 mt=R len=7
PKT t=22974 TX ua=95 mt=P len=0
PKT t=22983 RX ua=95 mt=R len=7
PKT t=22988 TX ua=95 mt=P len=0
PKT t=22997 RX ua=95 mt=R len=7
PKT t=23002 TX ua=95 mt=P len=0
PKT t=23031 RX ua=95 mt=R len=7
PKT t=23036 TX ua=95 mt=P len=0
PKT t=23045 RX ua=95 mt=R len=7
PKT t=23076 TX ua=95 mt=P len=0
PKT t=23085 RX ua=95 mt=R len=7
PKT t=23090 TX ua=95 mt=P len=0
PKT t=23100 RX ua=95 mt=R len=7
PKT t=23105 TX ua=95 mt=P len=0
PKT t=23134 RX ua=95 mt=R len=7
PKT t=23139 TX ua=95 mt=T len=7
PKT t=23151 TX ua=95 mt=P len=0
PKT t=23160 RX ua=95 mt=R len=7
PKT t=23165 TX ua=95 mt=P len=0
PKT t=23174 RX ua=95 mt=R len=7
PKT t=23179 TX ua=95 mt=P len=0
PKT t=23188 RX ua=95 mt=R len=7
PKT t=23193 TX ua=95 mt=P len=0
PKT t=23202 RX ua=95 mt=R len=7
PKT t=23207 TX ua=95 mt=P len=0
PKT t=23236 RX ua=95 mt=R len=7
PKT t=23241 TX ua=95 mt=P len=0
PKT t=23250 RX ua=95 mt=R len=7
PKT t=23255 TX ua=95 mt=P len=0
PKT t=23264 RX ua=95 mt=R len=7
PKT t=23269 TX ua=95 mt=P len=0
PKT t=23278 RX ua=95 mt=R len=7
PKT t=23283 TX ua=95 mt=P len=0
PKT t=23292 RX ua=95 mt=R len=7
PKT t=23297 TX ua=95 mt=P len=0
PKT t=23306 RX ua=95 mt=R len=7
PKT t=23311 TX ua=95 mt=P len=0
PKT t=23340 RX ua=95 mt=R len=7
PKT t=23345 TX ua=95 mt=P len=0
PKT t=23354 RX ua=95 mt=R len=7
PKT t=23359 TX ua=95 mt=P len=0
PKT t=23368 RX ua=95 mt=R len=7
PKT t=23373 TX ua=95 mt=T len=7
PKT t=23385 TX ua=95 mt=P len=0
PKT t=23395 RX ua=95 mt=R len=7
PKT t=23400 TX ua=95 mt=P len=0
PKT t=23410 RX ua=95 mt=R len=7
PKT t=23415 TX ua=95 mt=P len=0
PKT t=23444 RX ua=95 mt=R len=7
PKT t=23449 TX ua=95 mt=P len=0
PKT t=23459 RX ua=95 mt=R len=7
PKT t=23464 TX ua=95 mt=P len=0
PKT t=23474 RX ua=95 mt=R len=7
PKT t=23479 TX ua=95 mt=P len=0
PKT t=23489 RX ua=95 mt=R len=7
PKT t=23494 TX ua=95 mt=P len=0
PKT t=23504 RX ua=95 mt=R len=7
PKT t=23509 TX ua=95 mt=P len=0
PKT t=23519 RX ua=95 mt=R len=7
PKT t=23524 TX ua=95 mt=P len=0
PKT t=23576 RX ua=95 mt=R len=7
PKT t=23581 TX ua=95 mt=P len=0
PKT t=23591 RX ua=95 mt=R len=7
PKT t=23596 TX ua=95 mt=P len=0
PKT t=23606 RX ua=95 mt=R len=7
PKT t=23611 TX ua=95 mt=P len=0
PKT t=23621 RX ua=95 mt=R len=7
PKT t=23626 TX ua=95 mt=T len=7
PKT t=23638 TX ua=95 mt=P len=0
PKT t=23656 RX ua=95 mt=R len=7
PKT t=23661 TX ua=95 mt=P len=0
PKT t=23670 RX ua=95 mt=R len=7
PKT t=23675 TX ua=95 mt=P len=0
PKT t=23684 RX ua=95 mt=R len=7
PKT t=23689 TX ua=95 mt=P len=0
PKT t=23698 RX ua=95 mt=R len=7
PKT t=23703 TX ua=95 mt=P len=0
PKT t=23712 RX ua=95 mt=R len=7
PKT t=23717 TX ua=95 mt=P len=0
PKT t=23726 RX ua=95 mt=R len=7
PKT t=23731 TX ua=95 mt=P len=0
PKT t=23760 RX ua=95 mt=R len=7
PKT t=23765 TX ua=95 mt=P len=0
PKT t=23774 RX ua=95 mt=R len=7
PKT t=23779 TX ua=95 mt=P len=0
PKT t=23788 RX ua=95 mt=R len=7
PKT t=23793 TX ua=95 mt=P len=0
PKT t=23802 RX ua=95 mt=R len=7
PKT t=23807 TX ua=95 mt=P len=0
PKT t=23816 RX ua=95 mt=R len=7
PKT t=23821 TX ua=95 mt=P len=0
PKT t=23830 RX ua=95 mt=R len=7
PKT t=23835 TX ua=95 mt=P len=0
PKT t=23864 RX ua=95 mt=R len=7
PKT t=23869 TX ua=95 mt=T len=7
PKT t=23881 TX ua=95 mt=P len=0
PKT t=23890 RX ua=95 mt=R len=7
PKT t=23895 TX ua=95 mt=P len=0
PKT t=23904 RX ua=95 mt=R len=7
PKT t=23909 TX ua=95 mt=P len=0
PKT t=23918 RX ua=95 mt=R len=7
PKT t=23923 TX ua=95 mt=P len=0
PKT t=23932 RX ua=95 mt=R len=7
PKT t=23937 TX ua=95 mt=P len=0
PKT t=23966 RX ua=95 mt=R len=7
PKT t=23971 TX ua=95 mt=P len=0
PKT t=23980 RX ua=95 mt=R len=7
PKT t=23985 TX ua=95 mt=P len=0
PKT t=23994 RX ua=95 mt=R len=7
PKT t=23999 TX ua=95 mt=P len=0
PKT t=24008 RX ua=95 mt=R len=7
PKT t=24016 TX ua=95 mt=P len=0
PKT t=24026 RX ua=95 mt=R len=7
PKT t=24031 TX ua=95 mt=P len=0
PKT t=24040 RX ua=95 mt=R len=7
PKT t=24045 TX ua=95 mt=P len=0
PKT t=24076 RX ua=95 mt=R len=7
PKT t=24331 TX ua=96 mt=P len=0
PKT t=24589 TX ua=95 mt=P len=0
PKT t=24598 RX ua=95 mt=R len=7
PKT t=24603 TX ua=95 mt=T len=7
PKT t=24615 TX ua=95 mt=P len=0
PKT t=24624 RX ua=95 mt=R len=7
PKT t=24629 TX ua=95 mt=T len=7
PKT t=24641 TX ua=95 mt=P len=0
PKT t=24674 RX ua=95 mt=R len=7
PKT t=24679 TX ua=95 mt=P len=0
PKT t=24688 RX ua=95 mt=R len=7
PKT t=24693 TX ua=95 mt=P len=0
PKT t=24702 RX ua=95 mt=R len=7
PKT t=24707 TX ua=95 mt=P len=0
PKT t=24716 RX ua=95 mt=R len=7
PKT t=24721 TX ua=95 mt=P len=0
PKT t=24730 RX ua=95 mt=R len=7
PKT t=24735 TX ua=95 mt=P len=0
PKT t=24744 RX ua=95 mt=R len=7
PKT t=24749 TX ua=95 mt=P len=0
PKT t=24778 RX ua=95 mt=R len=7
PKT t=24783 TX ua=95 mt=P len=0
PKT t=24792 RX ua=95 mt=R len=7
PKT t=24797 TX ua=95 mt=P len=0
PKT t=24806 RX ua=95 mt=R len=7
PKT t=24811 TX ua=95 mt=P len=0
PKT t=24820 RX ua=95 mt=R len=7
PKT t=24825 TX ua=95 mt=P len=0
PKT t=24834 RX ua=95 mt=R len=7
PKT t=24839 TX ua=95 mt=P len=0
PKT t=24848 RX ua=95 mt=R len=7
PKT t=24853 TX ua=95 mt=P len=0
PKT t=24882 RX ua=95 mt=R len=7
PKT t=24887 TX ua=95 mt=T len=7
PKT t=24899 TX ua=95 mt=P len=0
PKT t=24908 RX ua=95 mt=R len=7
PKT t=24913 TX ua=95 mt=P len=0
PKT t=24922 RX ua=95 mt=R len=7
PKT t=24927 TX ua=95 mt=P len=0
PKT t=24936 RX ua=95 mt=R len=7
PKT t=24941 TX ua=95 mt=P len=0
PKT t=24950 RX ua=95 mt=R len=7
PKT t=24955 TX ua=95 mt=P len=0
PKT t=24984 RX ua=95 mt=R len=7
PKT t=24989 TX ua=95 mt=P len=0
PKT t=24998 RX ua=95 mt=R len=7
PKT t=25003 TX ua=95 mt=P len=0
PKT t=25012 RX ua=95 mt=R len=7
PKT t=25017 TX ua=95 mt=P len=0
PKT t=25027 RX ua=95 mt=R len=7
PKT t=25032 TX ua=95 mt=P len=0
PKT t=25041 RX ua=95 mt=R len=7
PKT t=25046 TX ua=95 mt=P len=0
PKT t=25076 RX ua=95 mt=R len=7
PKT t=25331 TX ua=96 mt=P len=0
PKT t=25589 TX ua=95 mt=P len=0
PKT t=25598 RX ua=95 mt=R len=7
PKT t=25603 TX ua=95 mt=T len=7
PKT t=25615 TX ua=95 mt=P len=0
PKT t=25625 RX ua=95 mt=R len=7
PKT t=25630 TX ua=95 mt=T len=7
PKT t=25642 TX ua=95 mt=P len=0
PKT t=25651 RX ua=95 mt=R len=7
PKT t=25656 TX ua=95 mt=P len=0
PKT t=25689 RX ua=95 mt=R len=7
PKT t=25694 TX ua=95 mt=P len=0
PKT t=25703 RX ua=95 mt=R len=7
PKT t=25708 TX ua=95 mt=P len=0
PKT t=25717 RX ua=95 mt=R len=7
PKT t=25722 TX ua=95 mt=P len=0
PKT t=25731 RX ua=95 mt=R len=7
PKT t=25736 TX ua=95 mt=P len=0
PKT t=25745 RX ua=95 mt=R len=7
PKT t=25750 TX ua=95 mt=P len=0
PKT t=25759 RX ua=95 mt=R len=7
PKT t=25764 TX ua=95 mt=P len=0
PKT t=25793 RX ua=95 mt=R len=7
PKT t=25798 TX ua=95 mt=P len=0
PKT t=25807 RX ua=95 mt=R len=7
PKT t=25812 TX ua=95 mt=P len=0
PKT t=25821 RX ua=95 mt=R len=7
PKT t=25826 TX ua=95 mt=P len=0
PKT t=25835 RX ua=95 mt=R len=7
PKT t=25840 TX ua=95 mt=P len=0
PKT t=25849 RX ua=95 mt=R len=7
PKT t=25854 TX ua=95 mt=P len=0
PKT t=25863 RX ua=95 mt=R len=7
PKT t=25868 TX ua=95 mt=P len=0
PKT t=25897 RX ua=95 mt=R len=7
PKT t=25902 TX ua=95 mt=T len=7
PKT t=25914 TX ua=95 mt=P len=0
PKT t=25923 RX ua=95 mt=R len=7
PKT t=25928 TX ua=95 mt=P len=0
PKT t=25937 RX ua=95 mt=R len=7
PKT t=25942 TX ua=95 mt=P len=0
PKT t=25951 RX ua=95 mt=R len=7
PKT t=25956 TX ua=95 mt=P len=0
PKT t=25965 RX ua=95 mt=R len=7
PKT t=25970 TX ua=95 mt=P len=0
PKT t=26000 RX ua=95 mt=R len=7
PKT t=26005 TX ua=95 mt=P len=0
PKT t=26017 RX ua=95 mt=R len=7
PKT t=26022 TX ua=95 mt=P len=0
PKT t=26031 RX ua=95 mt=R len=7
PKT t=26036 TX ua=95 mt=P len=0
PKT t=26045 RX ua=95 mt=R len=7
PKT t=26076 TX ua=95 mt=P len=0
PKT t=26099 RX ua=95 mt=R len=7
PKT t=26104 TX ua=95 mt=P len=0
PKT t=26113 RX ua=95 mt=R len=7
PKT t=26118 TX ua=95 mt=P len=0
PKT t=26128 RX ua=95 mt=R len=7
PKT t=26133 TX ua=95 mt=T len=7
PKT t=26146 TX ua=95 mt=P len=0
PKT t=26155 RX ua=95 mt=R len=7
PKT t=26160 TX ua=95 mt=T len=7
PKT t=26173 TX ua=95 mt=P len=0
PKT t=26205 RX ua=95 mt=R len=7
PKT t=26210 TX ua=95 mt=P len=0
PKT t=26219 RX ua=95 mt=R len=7
PKT t=26224 TX ua=95 mt=P len=0
PKT t=26233 RX ua=95 mt=R len=7
PKT t=26238 TX ua=95 mt=P len=0
PKT t=26247 RX ua=95 mt=R len=7
PKT t=26252 TX ua=95 mt=P len=0
PKT t=26261 RX ua=95 mt=R len=7
PKT t=26266 TX ua=95 mt=P len=0
PKT t=26275 RX ua=95 mt=R len=7
PKT t=26280 TX ua=95 mt=P len=0
PKT t=26309 RX ua=95 mt=R len=7
PKT t=26314 TX ua=95 mt=P len=0
PKT t=26323 RX ua=95 mt=R len=7
PKT t=26328 TX ua=95 mt=P len=0
PKT t=26337 RX ua=95 mt=R len=7
PKT t=26342 TX ua=95 mt=P len=0
PKT t=26351 RX ua=95 mt=R len=7
PKT t=26356 TX ua=95 mt=P len=0
PKT t=26365 RX ua=95 mt=R len=7
PKT t=26370 TX ua=95 mt=T len=7
PKT t=26383 TX ua=95 mt=P len=0
PKT t=26410 RX ua=95 mt=R len=7
PKT t=26415 TX ua=95 mt=P len=0
PKT t=26424 RX ua=95 mt=R len=7
PKT t=26429 TX ua=95 mt=P len=0
PKT t=26438 RX ua=95 mt=R len=7
PKT t=26443 TX ua=95 mt=P len=0
PKT t=26452 RX ua=95 mt=R len=7
PKT t=26457 TX ua=95 mt=P len=0
PKT t=26466 RX ua=95 mt=R len=7
PKT t=26471 TX ua=95 mt=P len=0
PKT t=26480 RX ua=95 mt=R len=7
PKT t=26485 TX ua=95 mt=P len=0
PKT t=26514 RX ua=95 mt=R len=7
PKT t=26519 TX ua=95 mt=P len=0
PKT t=26528 RX ua=95 mt=R len=7
PKT t=26533 TX ua=95 mt=P len=0
PKT t=26542 RX ua=95 mt=R len=7
PKT t=26547 TX ua=95 mt=P len=0
PKT t=26577 RX ua=95 mt=R len=7
PKT t=26832 TX ua=96 mt=P len=0
PKT t=27090 TX ua=95 mt=P len=0
PKT t=27099 RX ua=95 mt=R len=7
PKT t=27104 TX ua=95 mt=T len=7
PKT t=27117 TX ua=95 mt=P len=0
PKT t=27126 RX ua=95 mt=R len=7
PKT t=27131 TX ua=95 mt=T len=7
PKT t=27143 TX ua=95 mt=P len=0
PKT t=27152 RX ua=95 mt=R len=7
PKT t=27157 TX ua=95 mt=P len=0
PKT t=27166 RX ua=95 mt=R len=7
PKT t=27171 TX ua=95 mt=P len=0
PKT t=27180 RX ua=95 mt=R len=7
PKT t=27185 TX ua=95 mt=P len=0
PKT t=27215 RX ua=95 mt=R len=7
PKT t=27220 TX ua=95 mt=P len=0
PKT t=27229 RX ua=95 mt=R len=7
PKT t=27234 TX ua=95 mt=P len=0
PKT t=27243 RX ua=95 mt=R len=7
PKT t=27248 TX ua=95 mt=P len=0
PKT t=27257 RX ua=95 mt=R len=7
PKT t=27262 TX ua=95 mt=P len=0
PKT t=27271 RX ua=95 mt=R len=7
PKT t=27276 TX ua=95 mt=P len=0
PKT t=27285 RX ua=95 mt=R len=7
PKT t=27290 TX ua=95 mt=P len=0
PKT t=27319 RX ua=95 mt=R len=7
PKT t=27324 TX ua=95 mt=P len=0
PKT t=27333 RX ua=95 mt=R len=7
PKT t=27338 TX ua=95 mt=P len=0
PKT t=27347 RX ua=95 mt=R len=7
PKT t=27352 TX ua=95 mt=P len=0
PKT t=27362 RX ua=95 mt=R len=7
PKT t=27367 TX ua=95 mt=P len=0
PKT t=27376 RX ua=95 mt=R len=7
PKT t=27381 TX ua=95 mt=T len=7
PKT t=27393 TX ua=95 mt=P len=0
PKT t=27421 RX ua=95 mt=R len=7
PKT t=27426 TX ua=95 mt=P len=0
PKT t=27436 RX ua=95 mt=R len=7
PKT t=27441 TX ua=95 mt=P len=0
PKT t=27451 RX ua=95 mt=R len=7
PKT t=27456 TX ua=95 mt=P len=0
PKT t=27466 RX ua=95 mt=R len=7
PKT t=27471 TX ua=95 mt=P len=0
PKT t=27481 RX ua=95 mt=R len=7
PKT t=27486 TX ua=95 mt=P len=0
PKT t=27496 RX ua=95 mt=R len=7
PKT t=27501 TX ua=95 mt=P len=0
PKT t=27531 RX ua=95 mt=R len=7
PKT t=27536 TX ua=95 mt=P len=0
PKT t=27546 RX ua=95 mt=R len=7
PKT t=27576 TX ua=95 mt=P len=0
PKT t=27586 RX ua=95 mt=R len=7
PKT t=27591 TX ua=95 mt=P len=0
PKT t=27601 RX ua=95 mt=R len=7
PKT t=27606 TX ua=95 mt=P len=0
PKT t=27636 RX ua=95 mt=R len=7
PKT t=27641 TX ua=95 mt=T len=7
PKT t=27653 TX ua=95 mt=P len=0
PKT t=27662 RX ua=95 mt=R len=7
PKT t=27667 TX ua=95 mt=P len=0
PKT t=27676 RX ua=95 mt=R len=7
PKT t=27681 TX ua=95 mt=P len=0
PKT t=27690 RX ua=95 mt=R len=7
PKT t=27695 TX ua=95 mt=P len=0
PKT t=27704 RX ua=95 mt=R len=7
PKT t=27709 TX ua=95 mt=P len=0
PKT t=27738 RX ua=95 mt=R len=7
PKT t=27743 TX ua=95 mt=P len=0
PKT t=27752 RX ua=95 mt=R len=7
PKT t=27757 TX ua=95 mt=P len=0
PKT t=27766 RX ua=95 mt=R len=7
PKT t=27771 TX ua=95 mt=P len=0
PKT t=27780 RX ua=95 mt=R len=7
PKT t=27785 TX ua=95 mt=P len=0
PKT t=27794 RX ua=95 mt=R len=7
PKT t=27799 TX ua=95 mt=P len=0
PKT t=27809 RX ua=95 mt=R len=7
PKT t=27814 TX ua=95 mt=P len=0
PKT t=27843 RX ua=95 mt=R len=7
PKT t=27848 TX ua=95 mt=P len=0
PKT t=27857 RX ua=95 mt=R len=7
PKT t=27862 TX ua=95 mt=P len=0
PKT t=27871 RX ua=95 mt=R len=7
PKT t=27876 TX ua=95 mt=T len=7
PKT t=27888 TX ua=95 mt=P len=0
PKT t=27897 RX ua=95 mt=R len=7
PKT t=27902 TX ua=95 mt=P len=0
PKT t=27911 RX ua=95 mt=R len=7
PKT t=27916 TX ua=95 mt=P len=0
PKT t=27946 RX ua=95 mt=R len=7
PKT t=27950 TX ua=95 mt=P len=0
PKT t=27959 RX ua=95 mt=R len=7
PKT t=27964 TX ua=95 mt=P len=0
PKT t=27974 RX ua=95 mt=R len=7
PKT t=27979 TX ua=95 mt=P len=0
PKT t=27988 RX ua=95 mt=R len=7
PKT t=27993 TX ua=95 mt=P len=0
PKT t=28002 RX ua=95 mt=R len=7
PKT t=28007 TX ua=95 mt=P len=0
PKT t=28018 RX ua=95 mt=R len=7
PKT t=28023 TX ua=95 mt=P len=0
PKT t=28076 RX ua=95 mt=R len=7
PKT t=28081 TX ua=95 mt=P len=0
PKT t=28090 RX ua=95 mt=R len=7
PKT t=28095 TX ua=95 mt=P len=0
PKT t=28104 RX ua=95 mt=R len=7
PKT t=28109 TX ua=95 mt=P len=0
PKT t=28118 RX ua=95 mt=R len=7
PKT t=28123 TX ua=95 mt=T len=7
PKT t=28135 TX ua=95 mt=P len=0
PKT t=28154 RX ua=95 mt=R len=7
PKT t=28159 TX ua=95 mt=P len=0
PKT t=28168 RX ua=95 mt=R len=7
PKT t=28173 TX ua=95 mt=P len=0
PKT t=28182 RX ua=95 mt=R len=7
PKT t=28187 TX ua=95 mt=P len=0
PKT t=28196 RX ua=95 mt=R len=7
PKT t=28201 TX ua=95 mt=P len=0
PKT t=28210 RX ua=95 mt=R len=7
PKT t=28215 TX ua=95 mt=P len=0
PKT t=28224 RX ua=95 mt=R len=7
PKT t=28229 TX ua=95 mt=P len=0
PKT t=28259 RX ua=95 mt=R len=7
PKT t=28263 TX ua=95 mt=P len=0
PKT t=28272 RX ua=95 mt=R len=7
PKT t=28277 TX ua=95 mt=P len=0
PKT t=28286 RX ua=95 mt=R len=7
PKT t=28291 TX ua=95 mt=P len=0
PKT t=28300 RX ua=95 mt=R len=7
PKT t=28305 TX ua=95 mt=P len=0
PKT t=28314 RX ua=95 mt=R len=7
PKT t=28319 TX ua=95 mt=P len=0
PKT t=28328 RX ua=95 mt=R len=7
PKT t=28333 TX ua=95 mt=P len=0
PKT t=28362 RX ua=95 mt=R len=7
PKT t=28367 TX ua=95 mt=P len=0
PKT t=28376 RX ua=95 mt=R len=7
PKT t=28381 TX ua=95 mt=T len=7
PKT t=28393 TX ua=95 mt=P len=0
PKT t=28402 RX ua=95 mt=R len=7
PKT t=28407 TX ua=95 mt=P len=0
PKT t=28417 RX ua=95 mt=R len=7
PKT t=28422 TX ua=95 mt=P len=0
PKT t=28431 RX ua=95 mt=R len=7
PKT t=28436 TX ua=95 mt=P len=0
PKT t=28465 RX ua=95 mt=R len=7
PKT t=28470 TX ua=95 mt=P len=0
PKT t=28479 RX ua=95 mt=R len=7
PKT t=28484 TX ua=95 mt=P len=0
PKT t=28493 RX ua=95 mt=R len=7
PKT t=28498 TX ua=95 mt=P len=0
PKT t=28507 RX ua=95 mt=R len=7
PKT t=28512 TX ua=95 mt=P len=0
PKT t=28521 RX ua=95 mt=R len=7
PKT t=28526 TX ua=95 mt=P len=0
PKT t=28535 RX ua=95 mt=R len=7
PKT t=28540 TX ua=95 mt=P len=0
PKT t=28576 RX ua=95 mt=R len=7
PKT t=28581 TX ua=95 mt=P len=0
PKT t=28590 RX ua=95 mt=R len=7
PKT t=28595 TX ua=95 mt=P len=0
PKT t=28604 RX ua=95 mt=R len=7
PKT t=28609 TX ua=95 mt=P len=0
PKT t=28618 RX ua=95 mt=R len=7
PKT t=28623 TX ua=95 mt=T len=7
PKT t=28635 TX ua=95 mt=P len=0
PKT t=28644 RX ua=95 mt=R len=7
PKT t=28649 TX ua=95 mt=P len=0
PKT t=28678 RX ua=95 mt=R len=7
PKT t=28683 TX ua=95 mt=P len=0
PKT t=28692 RX ua=95 mt=R len=7
PKT t=28697 TX ua=95 mt=P len=0
PKT t=28706 RX ua=95 mt=R len=7
PKT t=28711 TX ua=95 mt=P len=0
PKT t=28720 RX ua=95 mt=R len=7
PKT t=28725 TX ua=95 mt=P len=0
PKT t=28734 RX ua=95 mt=R len=7
PKT t=28739 TX ua=95 mt=P len=0
PKT t=28748 RX ua=95 mt=R len=7
PKT t=28753 TX ua=95 mt=P len=0
PKT t=28782 RX ua=95 mt=R len=7
PKT t=28787 TX ua=95 mt=P len=0
PKT t=28796 RX ua=95 mt=R len=7
PKT t=28801 TX ua=95 mt=P len=0
PKT t=28810 RX ua=95 mt=R len=7
PKT t=28815 TX ua=95 mt=P len=0
PKT t=28824 RX ua=95 mt=R len=7
PKT t=28829 TX ua=95 mt=P len=0
PKT t=28838 RX ua=95 mt=R len=7
PKT t=28843 TX ua=95 mt=P len=0
PKT t=28852 RX ua=95 mt=R len=7
PKT t=28857 TX ua=95 mt=P len=0
PKT t=28886 RX ua=95 mt=R len=7
PKT t=28891 TX ua=95 mt=T len=7
PKT t=28903 TX ua=95 mt=P len=0
PKT t=28913 RX ua=95 mt=R len=7
PKT t=28918 TX ua=95 mt=P len=0
PKT t=28927 RX ua=95 mt=R len=7
PKT t=28932 TX ua=95 mt=P len=0
PKT t=28941 RX ua=95 mt=R len=7
PKT t=28946 TX ua=95 mt=P len=0
PKT t=28955 RX ua=95 mt=R len=7
PKT t=28960 TX ua=95 mt=P len=0
PKT t=28989 RX ua=95 mt=R len=7
PKT t=28994 TX ua=95 mt=P len=0
PKT t=29003 RX ua=95 mt=R len=7
PKT t=29008 TX ua=95 mt=P len=0
PKT t=29017 RX ua=95 mt=R len=7
PKT t=29022 TX ua=95 mt=P len=0
PKT t=29031 RX ua=95 mt=R len=7
PKT t=29036 TX ua=95 mt=P len=0
PKT t=29045 RX ua=95 mt=R len=7
PKT t=29076 TX ua=95 mt=P len=0
PKT t=29089 RX ua=95 mt=R len=7
PKT t=29094 TX ua=95 mt=P len=0
PKT t=29103 RX ua=95 mt=R len=7
PKT t=29108 TX ua=95 mt=P len=0
PKT t=29117 RX ua=95 mt=R len=7
PKT t=29122 TX ua=95 mt=T len=7
PKT t=29135 TX ua=95 mt=P len=0
PKT t=29144 RX ua=95 mt=R len=7
PKT t=29149 TX ua=95 mt=P len=0
PKT t=29158 RX ua=95 mt=R len=7
PKT t=29163 TX ua=95 mt=P len=0
PKT t=29192 RX ua=95 mt=R len=7
PKT t=29197 TX ua=95 mt=P len=0
PKT t=29206 RX ua=95 mt=R len=7
PKT t=29211 TX ua=95 mt=P len=0
PKT t=29220 RX ua=95 mt=R len=7
PKT t=29225 TX ua=95 mt=P len=0
PKT t=29235 RX ua=95 mt=R len=7
PKT t=29240 TX ua=95 mt=P len=0
PKT t=29249 RX ua=95 mt=R len=7
PKT t=29254 TX ua=95 mt=P len=0
PKT t=29263 RX ua=95 mt=R len=7
PKT t=29268 TX ua=95 mt=P len=0
PKT t=29297 RX ua=95 mt=R len=7
PKT t=29302 TX ua=95 mt=P len=0
PKT t=29311 RX ua=95 mt=R len=7
PKT t=29316 TX ua=95 mt=P len=0
PKT t=29325 RX ua=95 mt=R len=7
PKT t=29330 TX ua=95 mt=P len=0
PKT t=29339 RX ua=95 mt=R len=7
PKT t=29344 TX ua=95 mt=P len=0
PKT t=29353 RX ua=95 mt=R len=7
PKT t=29358 TX ua=95 mt=P len=0
PKT t=29367 RX ua=95 mt=R len=7
PKT t=29372 TX ua=95 mt=T len=7
PKT t=29385 TX ua=95 mt=P len=0
PKT t=29403 RX ua=95 mt=R len=7
PKT t=29408 TX ua=95 mt=P len=0
PKT t=29418 RX ua=95 mt=R len=7
PKT t=29423 TX ua=95 mt=P len=0
PKT t=29433 RX ua=95 mt=R len=7
PKT t=29438 TX ua=95 mt=P len=0
PKT t=29448 RX ua=95 mt=R len=7
PKT t=29453 TX ua=95 mt=P len=0
PKT t=29463 RX ua=95 mt=R len=7
PKT t=29468 TX ua=95 mt=P len=0
PKT t=29501 RX ua=95 mt=R len=7
PKT t=29506 TX ua=95 mt=P len=0
PKT t=29516 RX ua=95 mt=R len=7
PKT t=29521 TX ua=95 mt=P len=0
PKT t=29531 RX ua=95 mt=R len=7
PKT t=29536 TX ua=95 mt=P len=0
PKT t=29546 RX ua=95 mt=R len=7
PKT t=29576 TX ua=95 mt=P len=0
PKT t=29601 RX ua=95 mt=R len=7
PKT t=29606 TX ua=95 mt=P len=0
PKT t=29616 RX ua=95 mt=R len=7
PKT t=29621 TX ua=95 mt=T len=7
PKT t=29634 TX ua=95 mt=P len=0
PKT t=29643 RX ua=95 mt=R len=7
PKT t=29648 TX ua=95 mt=P len=0
PKT t=29657 RX ua=95 mt=R len=7
PKT t=29662 TX ua=95 mt=P len=0
PKT t=29671 RX ua=95 mt=R len=7
PKT t=29676 TX ua=95 mt=P len=0
PKT t=29705 RX ua=95 mt=R len=7
PKT t=29710 TX ua=95 mt=P len=0
PKT t=29719 RX ua=95 mt=R len=7
PKT t=29724 TX ua=95 mt=P len=0
PKT t=29733 RX ua=95 mt=R len=7
PKT t=29738 TX ua=95 mt=P len=0
PKT t=29747 RX ua=95 mt=R len=7
PKT t=29752 TX ua=95 mt=P len=0
PKT t=29761 RX ua=95 mt=R len=7
PKT t=29766 TX ua=95 mt=P len=0
PKT t=29775 RX ua=95 mt=R len=7
PKT t=29780 TX ua=95 mt=P len=0
PKT t=29809 RX ua=95 mt=R len=7
PKT t=29814 TX ua=95 mt=P len=0
PKT t=29823 RX ua=95 mt=R len=7
PKT t=29828 TX ua=95 mt=P len=0
PKT t=29837 RX ua=95 mt=R len=7
PKT t=29842 TX ua=95 mt=P len=0
PKT t=29851 RX ua=95 mt=R len=7
PKT t=29856 TX ua=95 mt=P len=0
PKT t=29865 RX ua=95 mt=R len=7
PKT t=29870 TX ua=95 mt=T len=7
PKT t=29883 TX ua=95 mt=P len=0
PKT t=29910 RX ua=95 mt=R len=7
PKT t=29915 TX ua=95 mt=P len=0
PKT t=29924 RX ua=95 mt=R len=7
PKT t=29929 TX ua=95 mt=P len=0
PKT t=29938 RX ua=95 mt=R len=7
PKT t=29943 TX ua=95 mt=P len=0
PKT t=29952 RX ua=95 mt=R len=7
PKT t=29957 TX ua=95 mt=P len=0
PKT t=29966 RX ua=95 mt=R len=7
PKT t=29971 TX ua=95 mt=P len=0
PKT t=29980 RX ua=95 mt=R len=7
PKT t=29985 TX ua=95 mt=P len=0
PKT t=30014 RX ua=95 mt=R len=7
PKT t=30019 TX ua=95 mt=P len=0
PKT t=30028 RX ua=95 mt=R len=7
PKT t=30033 TX ua=95 mt=P len=0
PKT t=30042 RX ua=95 mt=R len=7
PKT t=30047 TX ua=95 mt=P len=0
PKT t=30077 RX ua=95 mt=R len=7
PKT t=30332 TX ua=96 mt=P len=0
PKT t=30590 TX ua=95 mt=P len=0
PKT t=30599 RX ua=95 mt=R len=7
PKT t=30604 TX ua=95 mt=T len=7
PKT t=30616 TX ua=95 mt=P len=0
PKT t=30625 RX ua=95 mt=R len=7
PKT t=30630 TX ua=95 mt=T len=7
PKT t=30642 TX ua=95 mt=P len=0
PKT t=30651 RX ua=95 mt=R len=7
PKT t=30656 TX ua=95 mt=P len=0
PKT t=30665 RX ua=95 mt=R len=7
PKT t=30670 TX ua=95 mt=P len=0
PKT t=30679 RX ua=95 mt=R len=7
PKT t=30684 TX ua=95 mt=P len=0
PKT t=30714 RX ua=95 mt=R len=7
PKT t=30719 TX ua=95 mt=P len=0
PKT t=30728 RX ua=95 mt=R len=7
PKT t=30733 TX ua=95 mt=P len=0
PKT t=30742 RX ua=95 mt=R len=7
PKT t=30747 TX ua=95 mt=P len=0
PKT t=30756 RX ua=95 mt=R len=7
PKT t=30761 TX ua=95 mt=P len=0
PKT t=30770 RX ua=95 mt=R len=7
PKT t=30775 TX ua=95 mt=P len=0
PKT t=30784 RX ua=95 mt=R len=7
PKT t=30789 TX ua=95 mt=P len=0
PKT t=30819 RX ua=95 mt=R len=7
PKT t=30824 TX ua=95 mt=P len=0
PKT t=30833 RX ua=95 mt=R len=7
PKT t=30838 TX ua=95 mt=P len=0
PKT t=30847 RX ua=95 mt=R len=7
PKT t=30852 TX ua=95 mt=P len=0
PKT t=30861 RX ua=95 mt=R len=7
PKT t=30866 TX ua=95 mt=P len=0
PKT t=30875 RX ua=95 mt=R len=7
PKT t=30880 TX ua=95 mt=T len=7
PKT t=30892 TX ua=95 mt=P len=0
PKT t=30920 RX ua=95 mt=R len=7
PKT t=30925 TX ua=95 mt=P len=0
PKT t=30934 RX ua=95 mt=R len=7
PKT t=30939 TX ua=95 mt=P len=0
PKT t=30948 RX ua=95 mt=R len=7
PKT t=30953 TX ua=95 mt=P len=0
PKT t=30962 RX ua=95 mt=R len=7
PKT t=30967 TX ua=95 mt=P len=0
PKT t=30976 RX ua=95 mt=R len=7
PKT t=30981 TX ua=95 mt=P len=0
PKT t=30990 RX ua=95 mt=R len=7
PKT t=30995 TX ua=95 mt=P len=0
PKT t=31024 RX ua=95 mt=R len=7
PKT t=31029 TX ua=95 mt=P len=0
PKT t=31038 RX ua=95 mt=R len=7
PKT t=31043 TX ua=95 mt=P len=0
PKT t=31076 RX ua=95 mt=R len=7
PKT t=31081 TX ua=95 mt=P len=0
PKT t=31090 RX ua=95 mt=R len=7
PKT t=31095 TX ua=95 mt=P len=0
PKT t=31124 RX ua=95 mt=R len=7
PKT t=31129 TX ua=95 mt=T len=7
PKT t=31141 TX ua=95 mt=P len=0
PKT t=31150 RX ua=95 mt=R len=7
PKT t=31155 TX ua=95 mt=P len=0
PKT t=31164 RX ua=95 mt=R len=7
PKT t=31169 TX ua=95 mt=P len=0
PKT t=31178 RX ua=95 mt=R len=7
PKT t=31183 TX ua=95 mt=P len=0
PKT t=31192 RX ua=95 mt=R len=7
PKT t=31197 TX ua=95 mt=P len=0
PKT t=31227 RX ua=95 mt=R len=7
PKT t=31232 TX ua=95 mt=P len=0
PKT t=31241 RX ua=95 mt=R len=7
PKT t=31246 TX ua=95 mt=P len=0
PKT t=31255 RX ua=95 mt=R len=7
PKT t=31260 TX ua=95 mt=P len=0
PKT t=31269 RX ua=95 mt=R len=7
PKT t=31274 TX ua=95 mt=P len=0
PKT t=31283 RX ua=95 mt=R len=7
PKT t=31288 TX ua=95 mt=P len=0
PKT t=31297 RX ua=95 mt=R len=7
PKT t=31302 TX ua=95 mt=P len=0
PKT t=31331 RX ua=95 mt=R len=7
PKT t=31336 TX ua=95 mt=P len=0
PKT t=31345 RX ua=95 mt=R len=7
PKT t=31350 TX ua=95 mt=P len=0
PKT t=31359 RX ua=95 mt=R len=7
PKT t=31364 TX ua=95 mt=P len=0
PKT t=31373 RX ua=95 mt=R len=7
PKT t=31378 TX ua=95 mt=T len=7
PKT t=31390 TX ua=95 mt=P len=0
PKT t=31400 RX ua=95 mt=R len=7
PKT t=31405 TX ua=95 mt=P len=0
PKT t=31434 RX ua=95 mt=R len=7
PKT t=31439 TX ua=95 mt=P len=0
PKT t=31449 RX ua=95 mt=R len=7
PKT t=31454 TX ua=95 mt=P len=0
PKT t=31464 RX ua=95 mt=R len=7
PKT t=31469 TX ua=95 mt=P len=0
PKT t=31479 RX ua=95 mt=R len=7
PKT t=31484 TX ua=95 mt=P len=0
PKT t=31494 RX ua=95 mt=R len=7
PKT t=31499 TX ua=95 mt=P len=0
PKT t=31509 RX ua=95 mt=R len=7
PKT t=31514 TX ua=95 mt=P len=0
PKT t=31543 RX ua=95 mt=R len=7
PKT t=31576 TX ua=95 mt=P len=0
PKT t=31587 RX ua=95 mt=R len=7
PKT t=31592 TX ua=95 mt=P len=0
PKT t=31602 RX ua=95 mt=R len=7
PKT t=31607 TX ua=95 mt=P len=0
PKT t=31617 RX ua=95 mt=R len=7
PKT t=31622 TX ua=95 mt=T len=7
PKT t=31634 TX ua=95 mt=P len=0
PKT t=31652 RX ua=95 mt=R len=7
PKT t=31657 TX ua=95 mt=P len=0
PKT t=31666 RX ua=95 mt=R len=7
PKT t=31671 TX ua=95 mt=P len=0
PKT t=31680 RX ua=95 mt=R len=7
PKT t=31685 TX ua=95 mt=P len=0
PKT t=31694 RX ua=95 mt=R len=7
PKT t=31699 TX ua=95 mt=P len=0
PKT t=31708 RX ua=95 mt=R len=7
PKT t=31713 TX ua=95 mt=P len=0
PKT t=31722 RX ua=95 mt=R len=7
PKT t=31727 TX ua=95 mt=P len=0
PKT t=31756 RX ua=95 mt=R len=7
PKT t=31761 TX ua=95 mt=P len=0
PKT t=31770 RX ua=95 mt=R len=7
PKT t=31775 TX ua=95 mt=P len=0
PKT t=31784 RX ua=95 mt=R len=7
PKT t=31789 TX ua=95 mt=P len=0
PKT t=31798 RX ua=95 mt=R len=7
PKT t=31803 TX ua=95 mt=P len=0
PKT t=31812 RX ua=95 mt=R len=7
PKT t=31817 TX ua=95 mt=P len=0
PKT t=31826 RX ua=95 mt=R len=7
PKT t=31831 TX ua=95 mt=P len=0
PKT t=31861 RX ua=95 mt=R len=7
PKT t=31865 TX ua=95 mt=P len=0
PKT t=31874 RX ua=95 mt=R len=7
PKT t=31879 TX ua=95 mt=T len=7
PKT t=31891 TX ua=95 mt=P len=0
PKT t=31900 RX ua=95 mt=R len=7
PKT t=31905 TX ua=95 mt=P len=0
PKT t=31914 RX ua=95 mt=R len=7
PKT t=31919 TX ua=95 mt=P len=0
PKT t=31928 RX ua=95 mt=R len=7
PKT t=31933 TX ua=95 mt=P len=0
PKT t=31962 RX ua=95 mt=R len=7
PKT t=31967 TX ua=95 mt=P len=0
PKT t=31976 RX ua=95 mt=R len=7
PKT t=31981 TX ua=95 mt=P len=0
PKT t=31990 RX ua=95 mt=R len=7
PKT t=31995 TX ua=95 mt=P len=0
PKT t=32004 RX ua=95 mt=R len=7
PKT t=32009 TX ua=95 mt=P len=0
PKT t=32020 RX ua=95 mt=R len=7
PKT t=32025 TX ua=95 mt=P len=0
PKT t=32034 RX ua=95 mt=R len=7
PKT t=32039 TX ua=95 mt=P len=0
PKT t=32076 RX ua=95 mt=R len=7
PKT t=32081 TX ua=95 mt=P len=0
PKT t=32090 RX ua=95 mt=R len=7
PKT t=32095 TX ua=95 mt=P len=0
PKT t=32104 RX ua=95 mt=R len=7
PKT t=32109 TX ua=95 mt=P len=0
PKT t=32118 RX ua=95 mt=R len=7
PKT t=32123 TX ua=95 mt=T len=7
PKT t=32135 TX ua=95 mt=P len=0
PKT t=32168 RX ua=95 mt=R len=7
PKT t=32173 TX ua=95 mt=P len=0
PKT t=32182 RX ua=95 mt=R len=7
PKT t=32187 TX ua=95 mt=P len=0
PKT t=32196 RX ua=95 mt=R len=7
PKT t=32201 TX ua=95 mt=P len=0
PKT t=32210 RX ua=95 mt=R len=7
PKT t=32215 TX ua=95 mt=P len=0
PKT t=32224 RX ua=95 mt=R len=7
PKT t=32229 TX ua=95 mt=P len=0
PKT t=32238 RX ua=95 mt=R len=7
PKT t=32243 TX ua=95 mt=P len=0
PKT t=32272 RX ua=95 mt=R len=7
PKT t=32277 TX ua=95 mt=P len=0
PKT t=32286 RX ua=95 mt=R len=7
PKT t=32291 TX ua=95 mt=P len=0
PKT t=32300 RX ua=95 mt=R len=7
PKT t=32305 TX ua=95 mt=P len=0
PKT t=32314 RX ua=95 mt=R len=7
PKT t=32319 TX ua=95 mt=P len=0
PKT t=32328 RX ua=95 mt=R len=7
PKT t=32333 TX ua=95 mt=P len=0
PKT t=32342 RX ua=95 mt=R len=7
PKT t=32347 TX ua=95 mt=P len=0
PKT t=32376 RX ua=95 mt=R len=7
PKT t=32381 TX ua=95 mt=T len=7
PKT t=32393 TX ua=95 mt=P len=0
PKT t=32402 RX ua=95 mt=R len=7
PKT t=32407 TX ua=95 mt=P len=0
PKT t=32416 RX ua=95 mt=R len=7
PKT t=32421 TX ua=95 mt=P len=0
PKT t=32430 RX ua=95 mt=R len=7
PKT t=32435 TX ua=95 mt=P len=0
PKT t=32444 RX ua=95 mt=R len=7
PKT t=32449 TX ua=95 mt=P len=0
PKT t=32478 RX ua=95 mt=R len=7
PKT t=32483 TX ua=95 mt=P len=0
PKT t=32492 RX ua=95 mt=R len=7
PKT t=32497 TX ua=95 mt=P len=0
PKT t=32506 RX ua=95 mt=R len=7
PKT t=32511 TX ua=95 mt=P len=0
PKT t=32520 RX ua=95 mt=R len=7
PKT t=32525 TX ua=95 mt=P len=0
PKT t=32534 RX ua=95 mt=R len=7
PKT t=32539 TX ua=95 mt=P len=0
PKT t=32576 RX ua=95 mt=R len=7
PKT t=32581 TX ua=95 mt=P len=0
PKT t=32590 RX ua=95 mt=R len=7
PKT t=32595 TX ua=95 mt=P len=0
PKT t=32604 RX ua=95 mt=R len=7
PKT t=32609 TX ua=95 mt=P len=0
PKT t=32618 RX ua=95 mt=R len=7
PKT t=32623 TX ua=95 mt=T len=7
PKT t=32635 TX ua=95 mt=P len=0
PKT t=32644 RX ua=95 mt=R len=7
PKT t=32649 TX ua=95 mt=P len=0
PKT t=32682 RX ua=95 mt=R len=7
PKT t=32687 TX ua=95 mt=P len=0
PKT t=32696 RX ua=95 mt=R len=7
PKT t=32701 TX ua=95 mt=P len=0
PKT t=32710 RX ua=95 mt=R len=7
PKT t=32715 TX ua=95 mt=P len=0
PKT t=32724 RX ua=95 mt=R len=7
PKT t=32729 TX ua=95 mt=P len=0
PKT t=32738 RX ua=95 mt=R len=7
PKT t=32743 TX ua=95 mt=P len=0
PKT t=32752 RX ua=95 mt=R len=7
PKT t=32757 TX ua=95 mt=P len=0
PKT t=32786 RX ua=95 mt=R len=7
PKT t=32791 TX ua=95 mt=P len=0
PKT t=32800 RX ua=95 mt=R len=7
PKT t=32805 TX ua=95 mt=P len=0
PKT t=32814 RX ua=95 mt=R len=7
PKT t=32819 TX ua=95 mt=P len=0
PKT t=32828 RX ua=95 mt=R len=7
PKT t=32833 TX ua=95 mt=P len=0
PKT t=32842 RX ua=95 mt=R len=7
PKT t=32847 TX ua=95 mt=P len=0
PKT t=32856 RX ua=95 mt=R len=7
PKT t=32861 TX ua=95 mt=P len=0
PKT t=32890 RX ua=95 mt=R len=7
PKT t=32895 TX ua=95 mt=T len=7
PKT t=32907 TX ua=95 mt=P len=0
PKT t=32916 RX ua=95 mt=R len=7
PKT t=32921 TX ua=95 mt=P len=0
PKT t=32930 RX ua=95 mt=R len=7
PKT t=32935 TX ua=95 mt=P len=0
PKT t=32944 RX ua=95 mt=R len=7
PKT t=32949 TX ua=95 mt=P len=0
PKT t=32958 RX ua=95 mt=R len=7
PKT t=32963 TX ua=95 mt=P len=0
PKT t=32992 RX ua=95 mt=R len=7
PKT t=32997 TX ua=95 mt=P len=0
PKT t=33006 RX ua=95 mt=R len=7
PKT t=33011 TX ua=95 mt=P len=0
PKT t=33020 RX ua=95 mt=R len=7
PKT t=33025 TX ua=95 mt=P len=0
PKT t=33034 RX ua=95 mt=R len=7
PKT t=33039 TX ua=95 mt=P len=0
PKT t=33076 RX ua=95 mt=R len=7
PKT t=33081 TX ua=95 mt=P len=0
PKT t=33092 RX ua=95 mt=R len=7
PKT t=33097 TX ua=95 mt=P len=0
PKT t=33106 RX ua=95 mt=R len=7
PKT t=33111 TX ua=95 mt=P len=0
PKT t=33120 RX ua=95 mt=R len=7
PKT t=33125 TX ua=95 mt=T len=7
PKT t=33137 TX ua=95 mt=P len=0
PKT t=33146 RX ua=95 mt=R len=7
PKT t=33151 TX ua=95 mt=P len=0
PKT t=33160 RX ua=95 mt=R len=7
PKT t=33165 TX ua=95 mt=P len=0
PKT t=33194 RX ua=95 mt=R len=7
PKT t=33199 TX ua=95 mt=P len=0
PKT t=33208 RX ua=95 mt=R len=7
PKT t=33213 TX ua=95 mt=P len=0
PKT t=33222 RX ua=95 mt=R len=7
PKT t=33227 TX ua=95 mt=P len=0
PKT t=33236 RX ua=95 mt=R len=7
PKT t=33241 TX ua=95 mt=P len=0
PKT t=33250 RX ua=95 mt=R len=7
PKT t=33255 TX ua=95 mt=P len=0
PKT t=33264 RX ua=95 mt=R len=7
PKT t=33269 TX ua=95 mt=P len=0
PKT t=33298 RX ua=95 mt=R len=7
PKT t=33303 TX ua=95 mt=P len=0
PKT t=33312 RX ua=95 mt=R len=7
PKT t=33317 TX ua=95 mt=P len=0
PKT t=33326 RX ua=95 mt=R len=7
PKT t=33331 TX ua=95 mt=P len=0
PKT t=33340 RX ua=95 mt=R len=7
PKT t=33345 TX ua=95 mt=P len=0
PKT t=33354 RX ua=95 mt=R len=7
PKT t=33359 TX ua=95 mt=P len=0
PKT t=33368 RX ua=95 mt=R len=7
PKT t=33373 TX ua=95 mt=T len=7
PKT t=33385 TX ua=95 mt=P len=0
PKT t=33404 RX ua=95 mt=R len=7
PKT t=33409 TX ua=95 mt=P len=0
PKT t=33419 RX ua=95 mt=R len=7
PKT t=33424 TX ua=95 mt=P len=0
PKT t=33434 RX ua=95 mt=R len=7
PKT t=33439 TX ua=95 mt=P len=0
PKT t=33449 RX ua=95 mt=R len=7
PKT t=33454 TX ua=95 mt=P len=0
PKT t=33464 RX ua=95 mt=R len=7
PKT t=33469 TX ua=95 mt=P len=0
PKT t=33502 RX ua=95 mt=R len=7
PKT t=33507 TX ua=95 mt=P len=0
PKT t=33517 RX ua=95 mt=R len=7
PKT t=33522 TX ua=95 mt=P len=0
PKT t=33532 RX ua=95 mt=R len=7
PKT t=33537 TX ua=95 mt=P len=0
PKT t=33576 RX ua=95 mt=R len=7
PKT t=33581 TX ua=95 mt=P len=0
PKT t=33602 RX ua=95 mt=R len=7
PKT t=33607 TX ua=95 mt=P len=0
PKT t=33617 RX ua=95 mt=R len=7
PKT t=33622 TX ua=95 mt=T len=7
PKT t=33634 TX ua=95 mt=P len=0
PKT t=33643 RX ua=95 mt=R len=7
PKT t=33648 TX ua=95 mt=P len=0
PKT t=33657 RX ua=95 mt=R len=7
PKT t=33662 TX ua=95 mt=P len=0
PKT t=33671 RX ua=95 mt=R len=7
PKT t=33676 TX ua=95 mt=P len=0
PKT t=33705 RX ua=95 mt=R len=7
PKT t=33710 TX ua=95 mt=P len=0
PKT t=33719 RX ua=95 mt=R len=7
PKT t=33724 TX ua=95 mt=P len=0
PKT t=33733 RX ua=95 mt=R len=7
PKT t=33738 TX ua=95 mt=P len=0
PKT t=33747 RX ua=95 mt=R len=7
PKT t=33752 TX ua=95 mt=P len=0
PKT t=33761 RX ua=95 mt=R len=7
PKT t=33766 TX ua=95 mt=P len=0
PKT t=33775 RX ua=95 mt=R len=7
PKT t=33780 TX ua=95 mt=P len=0
PKT t=33810 RX ua=95 mt=R len=7
PKT t=33815 TX ua=95 mt=P len=0
PKT t=33824 RX ua=95 mt=R len=7
PKT t=33829 TX ua=95 mt=P len=0
PKT t=33839 RX ua=95 mt=R len=7
PKT t=33844 TX ua=95 mt=P len=0
PKT t=33853 RX ua=95 mt=R len=7
PKT t=33858 TX ua=95 mt=P len=0
PKT t=33867 RX ua=95 mt=R len=7
PKT t=33872 TX ua=95 mt=T len=7
PKT t=33884 TX ua=95 mt=P len=0
PKT t=33912 RX ua=95 mt=R len=7
PKT t=33917 TX ua=95 mt=P len=0
PKT t=33926 RX ua=95 mt=R len=7
PKT t=33931 TX ua=95 mt=P len=0
PKT t=33940 RX ua=95 mt=R len=7
PKT t=33945 TX ua=95 mt=P len=0
PKT t=33954 RX ua=95 mt=R len=7
PKT t=33959 TX ua=95 mt=P len=0
PKT t=33968 RX ua=95 mt=R len=7
PKT t=33973 TX ua=95 mt=P len=0
PKT t=33982 RX ua=95 mt=R len=7
PKT t=33987 TX ua=95 mt=P len=0
PKT t=34016 RX ua=95 mt=R len=7
PKT t=34021 TX ua=95 mt=P len=0
PKT t=34030 RX ua=95 mt=R len=7
PKT t=34035 TX ua=95 mt=P len=0
PKT t=34044 RX ua=95 mt=R len=7
PKT t=34076 TX ua=95 mt=P len=0
PKT t=34085 RX ua=95 mt=R len=7
PKT t=34090 TX ua=95 mt=P len=0
PKT t=34119 RX ua=95 mt=R len=7
PKT t=34124 TX ua=95 mt=T len=7
PKT t=34137 TX ua=95 mt=P len=0
PKT t=34146 RX ua=95 mt=R len=7
PKT t=34151 TX ua=95 mt=T len=7
PKT t=34164 TX ua=95 mt=P len=0
PKT t=34173 RX ua=95 mt=R len=7
PKT t=34178 TX ua=95 mt=P len=0
PKT t=34187 RX ua=95 mt=R len=7
PKT t=34192 TX ua=95 mt=P len=0
PKT t=34226 RX ua=95 mt=R len=7
PKT t=34231 TX ua=95 mt=P len=0
PKT t=34240 RX ua=95 mt=R len=7
PKT t=34245 TX ua=95 mt=P len=0
PKT t=34254 RX ua=95 mt=R len=7
PKT t=34259 TX ua=95 mt=P len=0
PKT t=34268 RX ua=95 mt=R len=7
PKT t=34273 TX ua=95 mt=P len=0
PKT t=34282 RX ua=95 mt=R len=7
PKT t=34287 TX ua=95 mt=P len=0
PKT t=34296 RX ua=95 mt=R len=7
PKT t=34301 TX ua=95 mt=P len=0
PKT t=34330 RX ua=95 mt=R len=7
PKT t=34335 TX ua=95 mt=P len=0
PKT t=34344 RX ua=95 mt=R len=7
PKT t=34349 TX ua=95 mt=P len=0
PKT t=34358 RX ua=95 mt=R len=7
PKT t=34363 TX ua=95 mt=P len=0
PKT t=34372 RX ua=95 mt=R len=7
PKT t=34377 TX ua=95 mt=T len=7
PKT t=34390 TX ua=95 mt=P len=0
PKT t=34399 RX ua=95 mt=R len=7
PKT t=34404 TX ua=95 mt=P len=0
PKT t=34433 RX ua=95 mt=R len=7
PKT t=34438 TX ua=95 mt=P len=0
PKT t=34447 RX ua=95 mt=R len=7
PKT t=34452 TX ua=95 mt=P len=0
PKT t=34461 RX ua=95 mt=R len=7
PKT t=34466 TX ua=95 mt=P len=0
PKT t=34475 RX ua=95 mt=R len=7
PKT t=34480 TX ua=95 mt=P len=0
PKT t=34489 RX ua=95 mt=R len=7
PKT t=34494 TX ua=95 mt=P len=0
PKT t=34503 RX ua=95 mt=R len=7
PKT t=34508 TX ua=95 mt=P len=0
PKT t=34537 RX ua=95 mt=R len=7
PKT t=34542 TX ua=95 mt=P len=0
PKT t=34576 RX ua=95 mt=R len=7
PKT t=34581 TX ua=95 mt=P len=0
PKT t=34590 RX ua=95 mt=R len=7
PKT t=34595 TX ua=95 mt=P len=0
PKT t=34604 RX ua=95 mt=R len=7
PKT t=34609 TX ua=95 mt=P len=0
PKT t=34638 RX ua=95 mt=R len=7
PKT t=34643 TX ua=95 mt=T len=7
PKT t=34656 TX ua=95 mt=P len=0
PKT t=34665 RX ua=95 mt=R len=7
PKT t=34670 TX ua=95 mt=P len=0
PKT t=34679 RX ua=95 mt=R len=7
PKT t=34684 TX ua=95 mt=P len=0
PKT t=34693 RX ua=95 mt=R len=7
PKT t=34698 TX ua=95 mt=P len=0
PKT t=34707 RX ua=95 mt=R len=7
PKT t=34712 TX ua=95 mt=P len=0
PKT t=34741 RX ua=95 mt=R len=7
PKT t=34746 TX ua=95 mt=P len=0
PKT t=34755 RX ua=95 mt=R len=7
PKT t=34760 TX ua=95 mt=P len=0
PKT t=34769 RX ua=95 mt=R len=7
PKT t=34774 TX ua=95 mt=P len=0
PKT t=34783 RX ua=95 mt=R len=7
PKT t=34788 TX ua=95 mt=P len=0
PKT t=34797 RX ua=95 mt=R len=7
PKT t=34802 TX ua=95 mt=P len=0
PKT t=34811 RX ua=95 mt=R len=7
PKT t=34816 TX ua=95 mt=P len=0
PKT t=34845 RX ua=95 mt=R len=7
PKT t=34850 TX ua=95 mt=P len=0
PKT t=34859 RX ua=95 mt=R len=7
PKT t=34864 TX ua=95 mt=P len=0
PKT t=34873 RX ua=95 mt=R len=7
PKT t=34878 TX ua=95 mt=T len=7
PKT t=34891 TX ua=95 mt=P len=0
PKT t=34900 RX ua=95 mt=R len=7
PKT t=34905 TX ua=95 mt=P len=0
PKT t=34914 RX ua=95 mt=R len=7
PKT t=34919 TX ua=95 mt=P len=0
PKT t=34949 RX ua=95 mt=R len=7
PKT t=34954 TX ua=95 mt=P len=0
PKT t=34963 RX ua=95 mt=R len=7
PKT t=34968 TX ua=95 mt=P len=0
PKT t=34977 RX ua=95 mt=R len=7
PKT t=34982 TX ua=95 mt=P len=0
PKT t=34991 RX ua=95 mt=R len=7
PKT t=34996 TX ua=95 mt=P len=0
PKT t=35005 RX ua=95 mt=R len=7
PKT t=35010 TX ua=95 mt=P len=0
PKT t=35019 RX ua=95 mt=R len=7
PKT t=35024 TX ua=95 mt=P len=0
PKT t=35076 RX ua=95 mt=R len=7
PKT t=35081 TX ua=95 mt=P len=0
PKT t=35090 RX ua=95 mt=R len=7
PKT t=35095 TX ua=95 mt=P len=0
PKT t=35104 RX ua=95 mt=R len=7
PKT t=35109 TX ua=95 mt=P len=0
PKT t=35118 RX ua=95 mt=R len=7
PKT t=35123 TX ua=95 mt=T len=7
PKT t=35135 TX ua=95 mt=P len=0
PKT t=35155 RX ua=95 mt=R len=7
PKT t=35160 TX ua=95 mt=P len=0
PKT t=35169 RX ua=95 mt=R len=7
PKT t=35174 TX ua=95 mt=P len=0
PKT t=35183 RX ua=95 mt=R len=7
PKT t=35188 TX ua=95 mt=P len=0
PKT t=35197 RX ua=95 mt=R len=7
PKT t=35202 TX ua=95 mt=P len=0
PKT t=35211 RX ua=95 mt=R len=7
PKT t=35216 TX ua=95 mt=P len=0
PKT t=35225 RX ua=95 mt=R len=7
PKT t=35230 TX ua=95 mt=P len=0
PKT t=35259 RX ua=95 mt=R len=7
PKT t=35264 TX ua=95 mt=P len=0
PKT t=35273 RX ua=95 mt=R len=7
PKT t=35278 TX ua=95 mt=P len=0
PKT t=35287 RX ua=95 mt=R len=7
PKT t=35292 TX ua=95 mt=P len=0
PKT t=35301 RX ua=95 mt=R len=7
PKT t=35306 TX ua=95 mt=P len=0
PKT t=35316 RX ua=95 mt=R len=7
PKT t=35321 TX ua=95 mt=P len=0
PKT t=35330 RX ua=95 mt=R len=7
PKT t=35335 TX ua=95 mt=P len=0
PKT t=35364 RX ua=95 mt=R len=7
PKT t=35369 TX ua=95 mt=T len=7
PKT t=35381 TX ua=95 mt=P len=0
PKT t=35391 RX ua=95 mt=R len=7
PKT t=35396 TX ua=95 mt=P len=0
PKT t=35406 RX ua=95 mt=R len=7
PKT t=35411 TX ua=95 mt=P len=0
PKT t=35421 RX ua=95 mt=R len=7
PKT t=35426 TX ua=95 mt=P len=0
PKT t=35436 RX ua=95 mt=R len=7
PKT t=35441 TX ua=95 mt=P len=0
PKT t=35470 RX ua=95 mt=R len=7
PKT t=35475 TX ua=95 mt=P len=0
PKT t=35485 RX ua=95 mt=R len=7
PKT t=35490 TX ua=95 mt=P len=0
PKT t=35500 RX ua=95 mt=R len=7
PKT t=35505 TX ua=95 mt=P len=0
PKT t=35515 RX ua=95 mt=R len=7
PKT t=35520 TX ua=95 mt=P len=0
PKT t=35530 RX ua=95 mt=R len=7
PKT t=35535 TX ua=95 mt=P len=0
PKT t=35545 RX ua=95 mt=R len=7
PKT t=35576 TX ua=95 mt=P len=0
PKT t=35586 RX ua=95 mt=R len=7
PKT t=35591 TX ua=95 mt=P len=0
PKT t=35601 RX ua=95 mt=R len=7
PKT t=35606 TX ua=95 mt=P len=0
PKT t=35616 RX ua=95 mt=R len=7
PKT t=35621 TX ua=95 mt=T len=7
PKT t=35633 TX ua=95 mt=P len=0
PKT t=35642 RX ua=95 mt=R len=7
PKT t=35647 TX ua=95 mt=P len=0
PKT t=35678 RX ua=95 mt=R len=7
PKT t=35683 TX ua=95 mt=P len=0
PKT t=35692 RX ua=95 mt=R len=7
PKT t=35697 TX ua=95 mt=P len=0
PKT t=35707 RX ua=95 mt=R len=7
PKT t=35712 TX ua=95 mt=P len=0
PKT t=35721 RX ua=95 mt=R len=7
PKT t=35726 TX ua=95 mt=P len=0
PKT t=35736 RX ua=95 mt=R len=7
PKT t=35741 TX ua=95 mt=P len=0
PKT t=35750 RX ua=95 mt=R len=7
PKT t=35755 TX ua=95 mt=P len=0
PKT t=35784 RX ua=95 mt=R len=7
PKT t=35789 TX ua=95 mt=P len=0
PKT t=35798 RX ua=95 mt=R len=7
PKT t=35803 TX ua=95 mt=P len=0
PKT t=35812 RX ua=95 mt=R len=7
PKT t=35817 TX ua=95 mt=P len=0
PKT t=35826 RX ua=95 mt=R len=7
PKT t=35831 TX ua=95 mt=P len=0
PKT t=35840 RX ua=95 mt=R len=7
PKT t=35845 TX ua=95 mt=P len=0
PKT t=35854 RX ua=95 mt=R len=7
PKT t=35859 TX ua=95 mt=P len=0
PKT t=35888 RX ua=95 mt=R len=7
PKT t=35893 TX ua=95 mt=T len=7
PKT t=35905 TX ua=95 mt=P len=0
PKT t=35914 RX ua=95 mt=R len=7
PKT t=35919 TX ua=95 mt=P len=0
PKT t=35928 RX ua=95 mt=R len=7
PKT t=35933 TX ua=95 mt=P len=0
PKT t=35942 RX ua=95 mt=R len=7
PKT t=35947 TX ua=95 mt=P len=0
PKT t=35956 RX ua=95 mt=R len=7
PKT t=35961 TX ua=95 mt=P len=0
PKT t=35991 RX ua=95 mt=R len=7
PKT t=35996 TX ua=95 mt=P len=0
PKT t=36006 RX ua=95 mt=R len=7
PKT t=36011 TX ua=95 mt=P len=0
PKT t=36022 RX ua=95 mt=R len=7
PKT t=36027 TX ua=95 mt=P len=0
PKT t=36036 RX ua=95 mt=R len=7
PKT t=36041 TX ua=95 mt=P len=0
PKT t=36076 RX ua=95 mt=R len=7
PKT t=36081 TX ua=95 mt=P len=0
PKT t=36090 RX ua=95 mt=R len=7
PKT t=36095 TX ua=95 mt=P len=0
PKT t=36104 RX ua=95 mt=R len=7
PKT t=36109 TX ua=95 mt=P len=0
PKT t=36118 RX ua=95 mt=R len=7
PKT t=36123 TX ua=95 mt=T len=7
PKT t=36135 TX ua=95 mt=P len=0
PKT t=36144 RX ua=95 mt=R len=7
PKT t=36149 TX ua=95 mt=P len=0
PKT t=36158 RX ua=95 mt=R len=7
PKT t=36163 TX ua=95 mt=P len=0
PKT t=36192 RX ua=95 mt=R len=7
PKT t=36197 TX ua=95 mt=P len=0
PKT t=36206 RX ua=95 mt=R len=7
PKT t=36211 TX ua=95 mt=P len=0
PKT t=36220 RX ua=95 mt=R len=7
PKT t=36225 TX ua=95 mt=P len=0
PKT t=36234 RX ua=95 mt=R len=7
PKT t=36239 TX ua=95 mt=P len=0
PKT t=36248 RX ua=95 mt=R len=7
PKT t=36253 TX ua=95 mt=P len=0
PKT t=36262 RX ua=95 mt=R len=7
PKT t=36267 TX ua=95 mt=P len=0
PKT t=36296 RX ua=95 mt=R len=7
PKT t=36301 TX ua=95 mt=P len=0
PKT t=36310 RX ua=95 mt=R len=7
PKT t=36315 TX ua=95 mt=P len=0
PKT t=36324 RX ua=95 mt=R len=7
PKT t=36329 TX ua=95 mt=P len=0
PKT t=36338 RX ua=95 mt=R len=7
PKT t=36343 TX ua=95 mt=P len=0
PKT t=36352 RX ua=95 mt=R len=7
PKT t=36357 TX ua=95 mt=P len=0
PKT t=36366 RX ua=95 mt=R len=7
PKT t=36371 TX ua=95 mt=T len=7
PKT t=36383 TX ua=95 mt=P len=0
PKT t=36402 RX ua=95 mt=R len=7
PKT t=36407 TX ua=95 mt=P len=0
PKT t=36416 RX ua=95 mt=R len=7
PKT t=36421 TX ua=95 mt=P len=0
PKT t=36430 RX ua=95 mt=R len=7
PKT t=36435 TX ua=95 mt=P len=0
PKT t=36444 RX ua=95 mt=R len=7
PKT t=36449 TX ua=95 mt=P len=0
PKT t=36458 RX ua=95 mt=R len=7
PKT t=36463 TX ua=95 mt=P len=0
PKT t=36472 RX ua=95 mt=R len=7
PKT t=36477 TX ua=95 mt=P len=0
PKT t=36506 RX ua=95 mt=R len=7
PKT t=36511 TX ua=95 mt=P len=0
PKT t=36520 RX ua=95 mt=R len=7
PKT t=36525 TX ua=95 mt=P len=0
PKT t=36534 RX ua=95 mt=R len=7
PKT t=36539 TX ua=95 mt=P len=0
PKT t=36576 RX ua=95 mt=R len=7
PKT t=36581 TX ua=95 mt=P len=0
PKT t=36606 RX ua=95 mt=R len=7
PKT t=36611 TX ua=95 mt=P len=0
PKT t=36620 RX ua=95 mt=R len=7
PKT t=36625 TX ua=95 mt=T len=7
PKT t=36637 TX ua=95 mt=P len=0
PKT t=36646 RX ua=95 mt=R len=7
PKT t=36651 TX ua=95 mt=P len=0
PKT t=36660 RX ua=95 mt=R len=7
PKT t=36665 TX ua=95 mt=P len=0
PKT t=36674 RX ua=95 mt=R len=7
PKT t=36679 TX ua=95 mt=P len=0
PKT t=36708 RX ua=95 mt=R len=7
PKT t=36713 TX ua=95 mt=P len=0
PKT t=36722 RX ua=95 mt=R len=7
PKT t=36727 TX ua=95 mt=P len=0
PKT t=36736 RX ua=95 mt=R len=7
PKT t=36741 TX ua=95 mt=P len=0
PKT t=36750 RX ua=95 mt=R len=7
PKT t=36755 TX ua=95 mt=P len=0
PKT t=36764 RX ua=95 mt=R len=7
PKT t=36769 TX ua=95 mt=P len=0
PKT t=36778 RX ua=95 mt=R len=7
PKT t=36783 TX ua=95 mt=P len=0
PKT t=36812 RX ua=95 mt=R len=7
PKT t=36817 TX ua=95 mt=P len=0
PKT t=36826 RX ua=95 mt=R len=7
PKT t=36831 TX ua=95 mt=P len=0
PKT t=36840 RX ua=95 mt=R len=7
PKT t=36845 TX ua=95 mt=P len=0
PKT t=36854 RX ua=95 mt=R len=7
PKT t=36859 TX ua=95 mt=P len=0
PKT t=36868 RX ua=95 mt=R len=7
PKT t=36873 TX ua=95 mt=T len=7
PKT t=36885 TX ua=95 mt=P len=0
PKT t=36913 RX ua=95 mt=R len=7
PKT t=36918 TX ua=95 mt=P len=0
PKT t=36927 RX ua=95 mt=R len=7
PKT t=36932 TX ua=95 mt=P len=0
PKT t=36941 RX ua=95 mt=R len=7
PKT t=36946 TX ua=95 mt=P len=0
PKT t=36955 RX ua=95 mt=R len=7
PKT t=36960 TX ua=95 mt=P len=0
PKT t=36969 RX ua=95 mt=R len=7
PKT t=36974 TX ua=95 mt=P len=0
PKT t=36983 RX ua=95 mt=R len=7
PKT t=36988 TX ua=95 mt=P len=0
PKT t=37017 RX ua=95 mt=R len=7
PKT t=37022 TX ua=95 mt=P len=0
PKT t=37031 RX ua=95 mt=R len=7
PKT t=37036 TX ua=95 mt=P len=0
PKT t=37045 RX ua=95 mt=R len=7
PKT t=37076 TX ua=95 mt=P len=0
PKT t=37085 RX ua=95 mt=R len=7
PKT t=37090 TX ua=95 mt=P len=0
PKT t=37119 RX ua=95 mt=R len=7
PKT t=37124 TX ua=95 mt=T len=7
PKT t=37137 TX ua=95 mt=P len=0
PKT t=37146 RX ua=95 mt=R len=7
PKT t=37151 TX ua=95 mt=P len=0
PKT t=37160 RX ua=95 mt=R len=7
PKT t=37165 TX ua=95 mt=P len=0
PKT t=37174 RX ua=95 mt=R len=7
PKT t=37179 TX ua=95 mt=P len=0
PKT t=37188 RX ua=95 mt=R len=7
PKT t=37193 TX ua=95 mt=P len=0
