PKT t=7849 TX ua=95 mt=P len=0
PKT t=7858 RX ua=95 mt=R len=7
PKT t=7863 TX ua=95 mt=T len=7
PKT t=7875 TX ua=95 mt=P len=0
PKT t=7884 RX ua=95 mt=R len=7
PKT t=7889 TX ua=95 mt=P len=0
PKT t=7898 RX ua=95 mt=R len=7
PKT t=7903 TX ua=95 mt=P len=0
PKT t=7912 RX ua=95 mt=R len=7
PKT t=7917 TX ua=95 mt=P len=0
PKT t=7946 RX ua=95 mt=R len=7
PKT t=7951 TX ua=95 mt=P len=0
PKT t=7960 RX ua=95 mt=R len=7
PKT t=7965 TX ua=95 mt=P len=0
PKT t=7974 RX ua=95 mt=R len=7
PKT t=7979 TX ua=95 mt=P len=0
PKT t=7988 RX ua=95 mt=R len=7
PKT t=7993 TX ua=95 mt=P len=0
PKT t=8002 RX ua=95 mt=R len=7
PKT t=8008 TX ua=95 mt=P len=0
PKT t=8017 RX ua=95 mt=R len=7
PKT t=8022 TX ua=95 mt=P len=0
PKT t=8061 RX ua=95 mt=R len=7
PKT t=8066 TX ua=95 mt=P len=0
PKT t=8075 RX ua=95 mt=R len=7
PKT t=8080 TX ua=95 mt=P len=0
PKT t=8089 RX ua=95 mt=R len=7
PKT t=8094 TX ua=95 mt=P len=0
PKT t=8103 RX ua=95 mt=R len=7
PKT t=8108 TX ua=95 mt=T len=7
PKT t=8120 TX ua=95 mt=P len=0
PKT t=8150 RX ua=95 mt=R len=7
PKT t=8155 TX ua=95 mt=P len=0
PKT t=8164 RX ua=95 mt=R len=7
PKT t=8169 TX ua=95 mt=P len=0
PKT t=8178 RX ua=95 mt=R len=7
PKT t=8183 TX ua=95 mt=P len=0
PKT t=8192 RX ua=95 mt=R len=7
PKT t=8197 TX ua=95 mt=P len=0
PKT t=8207 RX ua=95 mt=R len=7
PKT t=8212 TX ua=95 mt=P len=0
PKT t=8221 RX ua=95 mt=R len=7
PKT t=8226 TX ua=95 mt=P len=0
PKT t=8255 RX ua=95 mt=R len=7
PKT t=8260 TX ua=95 mt=P len=0
PKT t=8269 RX ua=95 mt=R len=7
PKT t=8274 TX ua=95 mt=P len=0
PKT t=8283 RX ua=95 mt=R len=7
PKT t=8288 TX ua=95 mt=P len=0
PKT t=8311 RX ua=95 mt=R len=7
PKT t=8316 TX ua=95 mt=P len=0
PKT t=8325 RX ua=95 mt=R len=7
PKT t=8330 TX ua=95 mt=P len=0
PKT t=8359 RX ua=95 mt=R len=7
PKT t=8364 TX ua=95 mt=T len=7
PKT t=8376 TX ua=95 mt=P len=0
PKT t=8385 RX ua=95 mt=R len=7
PKT t=8390 TX ua=95 mt=P len=0
PKT t=8399 RX ua=95 mt=R len=7
PKT t=8404 TX ua=95 mt=P len=0
PKT t=8413 RX ua=95 mt=R len=7
PKT t=8418 TX ua=95 mt=P len=0
PKT t=8427 RX ua=95 mt=R len=7
PKT t=8432 TX ua=95 mt=P len=0
PKT t=8461 RX ua=95 mt=R len=7
PKT t=8466 TX ua=95 mt=P len=0
PKT t=8475 RX ua=95 mt=R len=7
PKT t=8480 TX ua=95 mt=P len=0
PKT t=8489 RX ua=95 mt=R len=7
PKT t=8494 TX ua=95 mt=P len=0
PKT t=8503 RX ua=95 mt=R len=7
PKT t=8508 TX ua=95 mt=P len=0
PKT t=8517 RX ua=95 mt=R len=7
PKT t=8522 TX ua=95 mt=P len=0
PKT t=8531 RX ua=95 mt=R len=7
PKT t=8536 TX ua=95 mt=P len=0
PKT t=8565 RX ua=95 mt=R len=7
PKT t=8570 TX ua=95 mt=P len=0
PKT t=8579 RX ua=95 mt=R len=7
PKT t=8584 TX ua=95 mt=P len=0
PKT t=8593 RX ua=95 mt=R len=7
PKT t=8598 TX ua=95 mt=P len=0
PKT t=8607 RX ua=95 mt=R len=7
PKT t=8612 TX ua=95 mt=T len=7
PKT t=8624 TX ua=95 mt=P len=0
PKT t=8633 RX ua=95 mt=R len=7
PKT t=8638 TX ua=95 mt=P len=0
PKT t=8667 RX ua=95 mt=R len=7
PKT t=8672 TX ua=95 mt=P len=0
PKT t=8681 RX ua=95 mt=R len=7
PKT t=8686 TX ua=95 mt=P len=0
PKT t=8695 RX ua=95 mt=R len=7
PKT t=8700 TX ua=95 mt=P len=0
PKT t=8709 RX ua=95 mt=R len=7
PKT t=8714 TX ua=95 mt=P len=0
PKT t=8723 RX ua=95 mt=R len=7
PKT t=8728 TX ua=95 mt=P len=0
PKT t=8737 RX ua=95 mt=R len=7
PKT t=8742 TX ua=95 mt=P len=0
PKT t=8771 RX ua=95 mt=R len=7
PKT t=8776 TX ua=95 mt=P len=0
PKT t=8786 RX ua=95 mt=R len=7
PKT t=8791 TX ua=95 mt=P len=0
PKT t=8811 RX ua=95 mt=R len=7
PKT t=8816 TX ua=95 mt=P len=0
PKT t=8825 RX ua=95 mt=R len=7
PKT t=8830 TX ua=95 mt=P len=0
PKT t=8839 RX ua=95 mt=R len=7
PKT t=8844 TX ua=95 mt=P len=0
PKT t=8873 RX ua=95 mt=R len=7
PKT t=8878 TX ua=95 mt=T len=7
PKT t=8890 TX ua=95 mt=P len=0
PKT t=8899 RX ua=95 mt=R len=7
PKT t=8904 TX ua=95 mt=P len=0
PKT t=8913 RX ua=95 mt=R len=7
PKT t=8918 TX ua=95 mt=P len=0
PKT t=8927 RX ua=95 mt=R len=7
PKT t=8932 TX ua=95 mt=P len=0
PKT t=8941 RX ua=95 mt=R len=7
PKT t=8946 TX ua=95 mt=P len=0
PKT t=8975 RX ua=95 mt=R len=7
PKT t=8980 TX ua=95 mt=P len=0
PKT t=8989 RX ua=95 mt=R len=7
PKT t=8994 TX ua=95 mt=P len=0
PKT t=9003 RX ua=95 mt=R len=7
PKT t=9008 TX ua=95 mt=P len=0
PKT t=9017 RX ua=95 mt=R len=7
PKT t=9022 TX ua=95 mt=P len=0
PKT t=9031 RX ua=95 mt=R len=7
PKT t=9036 TX ua=95 mt=P len=0
PKT t=9045 RX ua=95 mt=R len=7
PKT t=9061 TX ua=95 mt=P len=0
PKT t=9079 RX ua=95 mt=R len=7
PKT t=9084 TX ua=95 mt=P len=0
PKT t=9093 RX ua=95 mt=R len=7
PKT t=9098 TX ua=95 mt=P len=0
PKT t=9107 RX ua=95 mt=R len=7
PKT t=9112 TX ua=95 mt=T len=7
PKT t=9124 TX ua=95 mt=P len=0
PKT t=9133 RX ua=95 mt=R len=7
PKT t=9138 TX ua=95 mt=P len=0
PKT t=9147 RX ua=95 mt=R len=7
PKT t=9152 TX ua=95 mt=P len=0
PKT t=9181 RX ua=95 mt=R len=7
PKT t=9186 TX ua=95 mt=P len=0
PKT t=9195 RX ua=95 mt=R len=7
PKT t=9200 TX ua=95 mt=P len=0
PKT t=9209 RX ua=95 mt=R len=7
PKT t=9214 TX ua=95 mt=P len=0
PKT t=9223 RX ua=95 mt=R len=7
PKT t=9228 TX ua=95 mt=P len=0
PKT t=9237 RX ua=95 mt=R len=7
PKT t=9242 TX ua=95 mt=P len=0
PKT t=9251 RX ua=95 mt=R len=7
PKT t=9256 TX ua=95 mt=P len=0
PKT t=9285 RX ua=95 mt=R len=7
PKT t=9290 TX ua=95 mt=P len=0
PKT t=9311 RX ua=95 mt=R len=7
PKT t=9316 TX ua=95 mt=P len=0
PKT t=9325 RX ua=95 mt=R len=7
PKT t=9330 TX ua=95 mt=P len=0
PKT t=9339 RX ua=95 mt=R len=7
PKT t=9344 TX ua=95 mt=P len=0
PKT t=9353 RX ua=95 mt=R len=7
PKT t=9358 TX ua=95 mt=T len=7
PKT t=9370 TX ua=95 mt=P len=0
PKT t=9389 RX ua=95 mt=R len=7
PKT t=9394 TX ua=95 mt=P len=0
PKT t=9404 RX ua=95 mt=R len=7
PKT t=9409 TX ua=95 mt=P len=0
PKT t=9419 RX ua=95 mt=R len=7
PKT t=9424 TX ua=95 mt=P len=0
PKT t=9434 RX ua=95 mt=R len=7
PKT t=9439 TX ua=95 mt=P len=0
PKT t=9449 RX ua=95 mt=R len=7
PKT t=9454 TX ua=95 mt=P len=0
PKT t=9486 RX ua=95 mt=R len=7
PKT t=9491 TX ua=95 mt=P len=0
PKT t=9501 RX ua=95 mt=R len=7
PKT t=9506 TX ua=95 mt=P len=0
PKT t=9516 RX ua=95 mt=R len=7
PKT t=9521 TX ua=95 mt=P len=0
PKT t=9531 RX ua=95 mt=R len=7
PKT t=9536 TX ua=95 mt=P len=0
PKT t=9546 RX ua=95 mt=R len=7
PKT t=9561 TX ua=95 mt=P len=0
PKT t=9586 RX ua=95 mt=R len=7
PKT t=9591 TX ua=95 mt=P len=0
PKT t=9601 RX ua=95 mt=R len=7
PKT t=9606 TX ua=95 mt=T len=7
PKT t=9618 TX ua=95 mt=P len=0
PKT t=9627 RX ua=95 mt=R len=7
PKT t=9632 TX ua=95 mt=P len=0
PKT t=9641 RX ua=95 mt=R len=7
PKT t=9646 TX ua=95 mt=P len=0
PKT t=9655 RX ua=95 mt=R len=7
PKT t=9660 TX ua=95 mt=P len=0
PKT t=9689 RX ua=95 mt=R len=7
PKT t=9694 TX ua=95 mt=P len=0
PKT t=9703 RX ua=95 mt=R len=7
PKT t=9708 TX ua=95 mt=P len=0
PKT t=9717 RX ua=95 mt=R len=7
PKT t=9722 TX ua=95 mt=P len=0
PKT t=9731 RX ua=95 mt=R len=7
PKT t=9736 TX ua=95 mt=P len=0
PKT t=9745 RX ua=95 mt=R len=7
PKT t=9750 TX ua=95 mt=P len=0
PKT t=9759 RX ua=95 mt=R len=7
PKT t=9764 TX ua=95 mt=P len=0
PKT t=9793 RX ua=95 mt=R len=7
PKT t=9811 TX ua=95 mt=P len=0
PKT t=9820 RX ua=95 mt=R len=7
PKT t=9825 TX ua=95 mt=P len=0
PKT t=9834 RX ua=95 mt=R len=7
PKT t=9839 TX ua=95 mt=P len=0
PKT t=9848 RX ua=95 mt=R len=7
PKT t=9853 TX ua=95 mt=P len=0
PKT t=9862 RX ua=95 mt=R len=7
PKT t=9867 TX ua=95 mt=T len=7
PKT t=9879 TX ua=95 mt=P len=0
PKT t=9898 RX ua=95 mt=R len=7
PKT t=9903 TX ua=95 mt=P len=0
PKT t=9912 RX ua=95 mt=R len=7
PKT t=9917 TX ua=95 mt=P len=0
PKT t=9926 RX ua=95 mt=R len=7
PKT t=9931 TX ua=95 mt=P len=0
PKT t=9940 RX ua=95 mt=R len=7
PKT t=9945 TX ua=95 mt=P len=0
PKT t=9954 RX ua=95 mt=R len=7
PKT t=9959 TX ua=95 mt=P len=0
PKT t=9968 RX ua=95 mt=R len=7
PKT t=9973 TX ua=95 mt=P len=0
PKT t=10002 RX ua=95 mt=R len=7
PKT t=10009 TX ua=95 mt=P len=0
PKT t=10018 RX ua=95 mt=R len=7
PKT t=10023 TX ua=95 mt=P len=0
PKT t=10032 RX ua=95 mt=R len=7
PKT t=10037 TX ua=95 mt=P len=0
PKT t=10046 RX ua=95 mt=R len=7
PKT t=10061 TX ua=95 mt=P len=0
PKT t=10070 RX ua=95 mt=R len=7
PKT t=10075 TX ua=95 mt=P len=0
PKT t=10108 RX ua=95 mt=R len=7
PKT t=10113 TX ua=96 mt=P len=0
PKT t=10371 TX ua=95 mt=P len=0
PKT t=10380 RX ua=95 mt=R len=7
PKT t=10385 TX ua=95 mt=T len=7
PKT t=10398 TX ua=95 mt=P len=0
PKT t=10407 RX ua=95 mt=R len=7
PKT t=10412 TX ua=95 mt=T len=7
PKT t=10425 TX ua=95 mt=P len=0
PKT t=10434 RX ua=95 mt=R len=7
PKT t=10439 TX ua=95 mt=P len=0
PKT t=10448 RX ua=95 mt=R len=7
PKT t=10453 TX ua=95 mt=P len=0
PKT t=10462 RX ua=95 mt=R len=7
PKT t=10467 TX ua=95 mt=P len=0
PKT t=10476 RX ua=95 mt=R len=7
PKT t=10481 TX ua=95 mt=P len=0
PKT t=10510 RX ua=95 mt=R len=7
PKT t=10515 TX ua=95 mt=P len=0
PKT t=10524 RX ua=95 mt=R len=7
PKT t=10529 TX ua=95 mt=P len=0
PKT t=10538 RX ua=95 mt=R len=7
PKT t=10543 TX ua=95 mt=P len=0
PKT t=10561 RX ua=95 mt=R len=7
PKT t=10566 TX ua=95 mt=P len=0
PKT t=10575 RX ua=95 mt=R len=7
PKT t=10580 TX ua=95 mt=P len=0
PKT t=10609 RX ua=95 mt=R len=7
PKT t=10614 TX ua=95 mt=T len=7
PKT t=10627 TX ua=95 mt=P len=0
PKT t=10636 RX ua=95 mt=R len=7
PKT t=10641 TX ua=95 mt=P len=0
PKT t=10650 RX ua=95 mt=R len=7
PKT t=10655 TX ua=95 mt=P len=0
PKT t=10664 RX ua=95 mt=R len=7
PKT t=10669 TX ua=95 mt=P len=0
PKT t=10678 RX ua=95 mt=R len=7
PKT t=10683 TX ua=95 mt=P len=0
PKT t=10712 RX ua=95 mt=R len=7
PKT t=10717 TX ua=95 mt=P len=0
PKT t=10726 RX ua=95 mt=R len=7
PKT t=10731 TX ua=95 mt=P len=0
PKT t=10740 RX ua=95 mt=R len=7
PKT t=10745 TX ua=95 mt=P len=0
PKT t=10754 RX ua=95 mt=R len=7
PKT t=10759 TX ua=95 mt=P len=0
PKT t=10768 RX ua=95 mt=R len=7
PKT t=10773 TX ua=95 mt=P len=0
PKT t=10782 RX ua=95 mt=R len=7
PKT t=10787 TX ua=95 mt=P len=0
PKT t=10816 RX ua=95 mt=R len=7
PKT t=10821 TX ua=95 mt=P len=0
PKT t=10830 RX ua=95 mt=R len=7
PKT t=10835 TX ua=95 mt=P len=0
PKT t=10844 RX ua=95 mt=R len=7
PKT t=10849 TX ua=95 mt=P len=0
PKT t=10858 RX ua=95 mt=R len=7
PKT t=10863 TX ua=95 mt=T len=7
PKT t=10876 TX ua=95 mt=P len=0
PKT t=10885 RX ua=95 mt=R len=7
PKT t=10890 TX ua=95 mt=P len=0
PKT t=10919 RX ua=95 mt=R len=7
PKT t=10924 TX ua=95 mt=P len=0
PKT t=10934 RX ua=95 mt=R len=7
PKT t=10939 TX ua=95 mt=P len=0
PKT t=10948 RX ua=95 mt=R len=7
PKT t=10953 TX ua=95 mt=P len=0
PKT t=10962 RX ua=95 mt=R len=7
PKT t=10967 TX ua=95 mt=P len=0
PKT t=10976 RX ua=95 mt=R len=7
PKT t=10981 TX ua=95 mt=P len=0
PKT t=10990 RX ua=95 mt=R len=7
PKT t=10995 TX ua=95 mt=P len=0
PKT t=11024 RX ua=95 mt=R len=7
PKT t=11029 TX ua=95 mt=P len=0
PKT t=11038 RX ua=95 mt=R len=7
PKT t=11043 TX ua=95 mt=P len=0
PKT t=11061 RX ua=95 mt=R len=7
PKT t=11066 TX ua=95 mt=P len=0
PKT t=11075 RX ua=95 mt=R len=7
PKT t=11080 TX ua=95 mt=P len=0
PKT t=11089 RX ua=95 mt=R len=7
PKT t=11094 TX ua=95 mt=P len=0
PKT t=11123 RX ua=95 mt=R len=7
PKT t=11128 TX ua=95 mt=T len=7
PKT t=11140 TX ua=95 mt=P len=0
PKT t=11149 RX ua=95 mt=R len=7
PKT t=11154 TX ua=95 mt=P len=0
PKT t=11163 RX ua=95 mt=R len=7
PKT t=11168 TX ua=95 mt=P len=0
PKT t=11177 RX ua=95 mt=R len=7
PKT t=11182 TX ua=95 mt=P len=0
PKT t=11191 RX ua=95 mt=R len=7
PKT t=11196 TX ua=95 mt=P len=0
PKT t=11225 RX ua=95 mt=R len=7
PKT t=11230 TX ua=95 mt=P len=0
PKT t=11239 RX ua=95 mt=R len=7
PKT t=11244 TX ua=95 mt=P len=0
PKT t=11253 RX ua=95 mt=R len=7
PKT t=11258 TX ua=95 mt=P len=0
PKT t=11267 RX ua=95 mt=R len=7
PKT t=11272 TX ua=95 mt=P len=0
PKT t=11281 RX ua=95 mt=R len=7
PKT t=11286 TX ua=95 mt=P len=0
PKT t=11295 RX ua=95 mt=R len=7
PKT t=11311 TX ua=95 mt=P len=0
PKT t=11329 RX ua=95 mt=R len=7
PKT t=11334 TX ua=95 mt=P len=0
PKT t=11343 RX ua=95 mt=R len=7
PKT t=11348 TX ua=95 mt=P len=0
PKT t=11357 RX ua=95 mt=R len=7
PKT t=11362 TX ua=95 mt=T len=7
PKT t=11374 TX ua=95 mt=P len=0
PKT t=11384 RX ua=95 mt=R len=7
PKT t=11389 TX ua=95 mt=P len=0
PKT t=11399 RX ua=95 mt=R len=7
PKT t=11404 TX ua=95 mt=P len=0
PKT t=11433 RX ua=95 mt=R len=7
PKT t=11438 TX ua=95 mt=P len=0
PKT t=11448 RX ua=95 mt=R len=7
PKT t=11453 TX ua=95 mt=P len=0
PKT t=11463 RX ua=95 mt=R len=7
PKT t=11468 TX ua=95 mt=P len=0
PKT t=11478 RX ua=95 mt=R len=7
PKT t=11483 TX ua=95 mt=P len=0
PKT t=11493 RX ua=95 mt=R len=7
PKT t=11498 TX ua=95 mt=P len=0
PKT t=11508 RX ua=95 mt=R len=7
PKT t=11513 TX ua=95 mt=P len=0
PKT t=11542 RX ua=95 mt=R len=7
PKT t=11547 TX ua=95 mt=P len=0
PKT t=11562 RX ua=95 mt=R len=7
PKT t=11817 TX ua=96 mt=I len=13
PKT t=12325 TX ua=96 mt=T len=4
PKT t=12336 TX ua=95 mt=P len=0
PKT t=12346 RX ua=95 mt=R len=7
PKT t=12351 TX ua=95 mt=T len=7
PKT t=12363 TX ua=95 mt=P len=0
PKT t=12372 RX ua=95 mt=R len=7
PKT t=12377 TX ua=95 mt=P len=0
PKT t=12386 RX ua=95 mt=R len=7
PKT t=12391 TX ua=95 mt=P len=0
PKT t=12400 RX ua=95 mt=R len=7
PKT t=12405 TX ua=95 mt=P len=0
PKT t=12414 RX ua=95 mt=R len=7
PKT t=12419 TX ua=95 mt=P len=0
PKT t=12448 RX ua=95 mt=R len=7
PKT t=12453 TX ua=95 mt=P len=0
PKT t=12462 RX ua=95 mt=R len=7
PKT t=12467 TX ua=95 mt=P len=0
PKT t=12476 RX ua=95 mt=R len=7
PKT t=12481 TX ua=95 mt=P len=0
PKT t=12490 RX ua=95 mt=R len=7
PKT t=12495 TX ua=95 mt=P len=0
PKT t=12504 RX ua=95 mt=R len=7
PKT t=12509 TX ua=95 mt=P len=0
PKT t=12518 RX ua=95 mt=R len=7
PKT t=12523 TX ua=95 mt=P len=0
PKT t=12561 RX ua=95 mt=R len=7
PKT t=12566 TX ua=95 mt=P len=0
PKT t=12576 RX ua=95 mt=R len=7
PKT t=12581 TX ua=95 mt=P len=0
PKT t=12590 RX ua=95 mt=R len=7
PKT t=12595 TX ua=95 mt=P len=0
PKT t=12604 RX ua=95 mt=R len=7
PKT t=12609 TX ua=95 mt=T len=7
PKT t=12621 TX ua=95 mt=P len=0
PKT t=12652 RX ua=95 mt=R len=7
PKT t=12657 TX ua=95 mt=P len=0
PKT t=12666 RX ua=95 mt=R len=7
PKT t=12671 TX ua=95 mt=P len=0
PKT t=12680 RX ua=95 mt=R len=7
PKT t=12685 TX ua=95 mt=P len=0
PKT t=12695 RX ua=95 mt=R len=7
PKT t=12699 TX ua=95 mt=P len=0
PKT t=12708 RX ua=95 mt=R len=7
PKT t=12713 TX ua=95 mt=P len=0
PKT t=12722 RX ua=95 mt=R len=7
PKT t=12727 TX ua=95 mt=P len=0
PKT t=12756 RX ua=95 mt=R len=7
PKT t=12761 TX ua=95 mt=P len=0
PKT t=12770 RX ua=95 mt=R len=7
PKT t=12775 TX ua=95 mt=P len=0
PKT t=12784 RX ua=95 mt=R len=7
PKT t=12789 TX ua=95 mt=P len=0
PKT t=12811 RX ua=95 mt=R len=7
PKT t=12816 TX ua=95 mt=P len=0
PKT t=12825 RX ua=95 mt=R len=7
PKT t=12830 TX ua=95 mt=P len=0
PKT t=12859 RX ua=95 mt=R len=7
PKT t=12864 TX ua=95 mt=T len=7
PKT t=12876 TX ua=95 mt=P len=0
PKT t=12885 RX ua=95 mt=R len=7
PKT t=12890 TX ua=95 mt=P len=0
PKT t=12899 RX ua=95 mt=R len=7
PKT t=12904 TX ua=95 mt=P len=0
PKT t=12913 RX ua=95 mt=R len=7
PKT t=12918 TX ua=95 mt=P len=0
PKT t=12927 RX ua=95 mt=R len=7
PKT t=12932 TX ua=95 mt=P len=0
PKT t=12961 RX ua=95 mt=R len=7
PKT t=12966 TX ua=95 mt=P len=0
PKT t=12975 RX ua=95 mt=R len=7
PKT t=12980 TX ua=95 mt=P len=0
PKT t=12989 RX ua=95 mt=R len=7
PKT t=12994 TX ua=95 mt=P len=0
PKT t=13003 RX ua=95 mt=R len=7
PKT t=13008 TX ua=95 mt=P len=0
PKT t=13017 RX ua=95 mt=R len=7
PKT t=13022 TX ua=95 mt=P len=0
PKT t=13031 RX ua=95 mt=R len=7
PKT t=13036 TX ua=95 mt=P len=0
PKT t=13065 RX ua=95 mt=R len=7
PKT t=13070 TX ua=95 mt=P len=0
PKT t=13079 RX ua=95 mt=R len=7
PKT t=13084 TX ua=95 mt=P len=0
PKT t=13093 RX ua=95 mt=R len=7
PKT t=13098 TX ua=95 mt=P len=0
PKT t=13107 RX ua=95 mt=R len=7
PKT t=13112 TX ua=95 mt=T len=7
PKT t=13125 TX ua=95 mt=P len=0
PKT t=13134 RX ua=95 mt=R len=7
PKT t=13139 TX ua=95 mt=P len=0
PKT t=13168 RX ua=95 mt=R len=7
PKT t=13173 TX ua=95 mt=P len=0
PKT t=13182 RX ua=95 mt=R len=7
PKT t=13187 TX ua=95 mt=P len=0
PKT t=13196 RX ua=95 mt=R len=7
PKT t=13201 TX ua=95 mt=P len=0
PKT t=13210 RX ua=95 mt=R len=7
PKT t=13215 TX ua=95 mt=P len=0
PKT t=13224 RX ua=95 mt=R len=7
PKT t=13229 TX ua=95 mt=P len=0
PKT t=13238 RX ua=95 mt=R len=7
PKT t=13243 TX ua=95 mt=P len=0
PKT t=13272 RX ua=95 mt=R len=7
PKT t=13277 TX ua=95 mt=P len=0
PKT t=13286 RX ua=95 mt=R len=7
PKT t=13291 TX ua=95 mt=P len=0
PKT t=13311 RX ua=95 mt=R len=7
PKT t=13316 TX ua=95 mt=P len=0
PKT t=13325 RX ua=95 mt=R len=7
PKT t=13330 TX ua=95 mt=P len=0
PKT t=13339 RX ua=95 mt=R len=7
PKT t=13344 TX ua=95 mt=P len=0
PKT t=13373 RX ua=95 mt=R len=7
PKT t=13378 TX ua=95 mt=T len=7
PKT t=13391 TX ua=95 mt=P len=0
PKT t=13401 RX ua=95 mt=R len=7
PKT t=13406 TX ua=95 mt=P len=0
PKT t=13416 RX ua=95 mt=R len=7
PKT t=13421 TX ua=95 mt=P len=0
PKT t=13431 RX ua=95 mt=R len=7
PKT t=13436 TX ua=95 mt=P len=0
PKT t=13446 RX ua=95 mt=R len=7
PKT t=13451 TX ua=95 mt=P len=0
PKT t=13480 RX ua=95 mt=R len=7
PKT t=13485 TX ua=95 mt=P len=0
PKT t=13495 RX ua=95 mt=R len=7
PKT t=13500 TX ua=95 mt=P len=0
PKT t=13510 RX ua=95 mt=R len=7
PKT t=13515 TX ua=95 mt=P len=0
PKT t=13525 RX ua=95 mt=R len=7
PKT t=13530 TX ua=95 mt=P len=0
PKT t=13540 RX ua=95 mt=R len=7
PKT t=13545 TX ua=95 mt=P len=0
PKT t=13561 RX ua=95 mt=R len=7
PKT t=13816 TX ua=96 mt=P len=0
PKT t=14074 TX ua=95 mt=P len=0
PKT t=14084 RX ua=95 mt=R len=7
PKT t=14089 TX ua=95 mt=T len=7
PKT t=14102 TX ua=95 mt=P len=0
PKT t=14111 RX ua=95 mt=R len=7
PKT t=14116 TX ua=95 mt=T len=7
PKT t=14128 TX ua=95 mt=P len=0
PKT t=14137 RX ua=95 mt=R len=7
PKT t=14142 TX ua=95 mt=P len=0
PKT t=14151 RX ua=95 mt=R len=7
PKT t=14156 TX ua=95 mt=P len=0
PKT t=14188 RX ua=95 mt=R len=7
PKT t=14193 TX ua=95 mt=P len=0
PKT t=14202 RX ua=95 mt=R len=7
PKT t=14207 TX ua=95 mt=P len=0
PKT t=14216 RX ua=95 mt=R len=7
PKT t=14221 TX ua=95 mt=P len=0
PKT t=14230 RX ua=95 mt=R len=7
PKT t=14235 TX ua=95 mt=P len=0
PKT t=14244 RX ua=95 mt=R len=7
PKT t=14249 TX ua=95 mt=P len=0
PKT t=14258 RX ua=95 mt=R len=7
PKT t=14263 TX ua=95 mt=P len=0
PKT t=14292 RX ua=95 mt=R len=7
PKT t=14297 TX ua=95 mt=P len=0
PKT t=14312 RX ua=95 mt=R len=7
PKT t=14567 TX ua=96 mt=P len=0
PKT t=14825 TX ua=95 mt=P len=0
PKT t=14834 RX ua=95 mt=R len=7
PKT t=14839 TX ua=95 mt=T len=7
PKT t=14851 TX ua=95 mt=P len=0
PKT t=14860 RX ua=95 mt=R len=7
PKT t=14865 TX ua=95 mt=T len=7
PKT t=14877 TX ua=95 mt=P len=0
PKT t=14896 RX ua=95 mt=R len=7
PKT t=14901 TX ua=95 mt=P len=0
PKT t=14910 RX ua=95 mt=R len=7
PKT t=14915 TX ua=95 mt=P len=0
PKT t=14924 RX ua=95 mt=R len=7
PKT t=14929 TX ua=95 mt=P len=0
PKT t=14938 RX ua=95 mt=R len=7
PKT t=14943 TX ua=95 mt=P len=0
PKT t=14952 RX ua=95 mt=R len=7
PKT t=14957 TX ua=95 mt=P len=0
PKT t=14966 RX ua=95 mt=R len=7
PKT t=14971 TX ua=95 mt=P len=0
PKT t=15000 RX ua=95 mt=R len=7
PKT t=15005 TX ua=95 mt=P len=0
PKT t=15014 RX ua=95 mt=R len=7
PKT t=15019 TX ua=95 mt=P len=0
PKT t=15028 RX ua=95 mt=R len=7
PKT t=15033 TX ua=95 mt=P len=0
PKT t=15042 RX ua=95 mt=R len=7
PKT t=15047 TX ua=95 mt=P len=0
PKT t=15062 RX ua=95 mt=R len=7
PKT t=15317 TX ua=96 mt=P len=0
PKT t=15575 TX ua=95 mt=P len=0
PKT t=15584 RX ua=95 mt=R len=7
PKT t=15589 TX ua=95 mt=T len=7
PKT t=15601 TX ua=95 mt=P len=0
PKT t=15611 RX ua=95 mt=R len=7
PKT t=15616 TX ua=95 mt=T len=7
PKT t=15628 TX ua=95 mt=P len=0
PKT t=15637 RX ua=95 mt=R len=7
PKT t=15642 TX ua=95 mt=P len=0
PKT t=15651 RX ua=95 mt=R len=7
PKT t=15656 TX ua=95 mt=P len=0
PKT t=15665 RX ua=95 mt=R len=7
PKT t=15670 TX ua=95 mt=P len=0
PKT t=15699 RX ua=95 mt=R len=7
PKT t=15704 TX ua=95 mt=P len=0
PKT t=15713 RX ua=95 mt=R len=7
PKT t=15718 TX ua=95 mt=P len=0
PKT t=15727 RX ua=95 mt=R len=7
PKT t=15732 TX ua=95 mt=P len=0
PKT t=15741 RX ua=95 mt=R len=7
PKT t=15746 TX ua=95 mt=P len=0
PKT t=15755 RX ua=95 mt=R len=7
PKT t=15760 TX ua=95 mt=P len=0
PKT t=15769 RX ua=95 mt=R len=7
PKT t=15774 TX ua=95 mt=P len=0
PKT t=15811 RX ua=95 mt=R len=7
PKT t=15816 TX ua=95 mt=P len=0
PKT t=15825 RX ua=95 mt=R len=7
PKT t=15830 TX ua=95 mt=P len=0
PKT t=15839 RX ua=95 mt=R len=7
PKT t=15844 TX ua=95 mt=P len=0
PKT t=15853 RX ua=95 mt=R len=7
PKT t=15858 TX ua=95 mt=T len=7
PKT t=15870 TX ua=95 mt=P len=0
PKT t=15902 RX ua=95 mt=R len=7
PKT t=15907 TX ua=95 mt=P len=0
PKT t=15916 RX ua=95 mt=R len=7
PKT t=15921 TX ua=95 mt=P len=0
PKT t=15930 RX ua=95 mt=R len=7
PKT t=15935 TX ua=95 mt=P len=0
PKT t=15944 RX ua=95 mt=R len=7
PKT t=15949 TX ua=95 mt=P len=0
PKT t=15958 RX ua=95 mt=R len=7
PKT t=15963 TX ua=95 mt=P len=0
PKT t=15972 RX ua=95 mt=R len=7
PKT t=15977 TX ua=95 mt=P len=0
PKT t=16006 RX ua=95 mt=R len=7
PKT t=16012 TX ua=95 mt=P len=0
PKT t=16021 RX ua=95 mt=R len=7
PKT t=16026 TX ua=95 mt=P len=0
PKT t=16035 RX ua=95 mt=R len=7
PKT t=16040 TX ua=95 mt=P len=0
PKT t=16061 RX ua=95 mt=R len=7
PKT t=16066 TX ua=95 mt=P len=0
PKT t=16075 RX ua=95 mt=R len=7
PKT t=16080 TX ua=95 mt=P len=0
PKT t=16113 RX ua=95 mt=R len=7
PKT t=16118 TX ua=95 mt=T len=7
PKT t=16130 TX ua=95 mt=P len=0
PKT t=16139 RX ua=95 mt=R len=7
PKT t=16144 TX ua=95 mt=P len=0
PKT t=16153 RX ua=95 mt=R len=7
PKT t=16158 TX ua=95 mt=P len=0
PKT t=16167 RX ua=95 mt=R len=7
PKT t=16172 TX ua=95 mt=P len=0
PKT t=16181 RX ua=95 mt=R len=7
PKT t=16186 TX ua=95 mt=P len=0
PKT t=16215 RX ua=95 mt=R len=7
PKT t=16220 TX ua=95 mt=P len=0
PKT t=16229 RX ua=95 mt=R len=7
PKT t=16234 TX ua=95 mt=P len=0
PKT t=16243 RX ua=95 mt=R len=7
PKT t=16248 TX ua=95 mt=P len=0
PKT t=16257 RX ua=95 mt=R len=7
PKT t=16262 TX ua=95 mt=P len=0
PKT t=16271 RX ua=95 mt=R len=7
PKT t=16276 TX ua=95 mt=P len=0
PKT t=16285 RX ua=95 mt=R len=7
PKT t=16290 TX ua=95 mt=P len=0
PKT t=16319 RX ua=95 mt=R len=7
PKT t=16324 TX ua=95 mt=P len=0
PKT t=16333 RX ua=95 mt=R len=7
PKT t=16338 TX ua=95 mt=P len=0
PKT t=16347 RX ua=95 mt=R len=7
PKT t=16352 TX ua=95 mt=P len=0
PKT t=16361 RX ua=95 mt=R len=7
PKT t=16366 TX ua=95 mt=T len=7
PKT t=16378 TX ua=95 mt=P len=0
PKT t=16387 RX ua=95 mt=R len=7
PKT t=16392 TX ua=95 mt=P len=0
PKT t=16421 RX ua=95 mt=R len=7
PKT t=16426 TX ua=95 mt=P len=0
PKT t=16435 RX ua=95 mt=R len=7
PKT t=16440 TX ua=95 mt=P len=0
PKT t=16449 RX ua=95 mt=R len=7
PKT t=16454 TX ua=95 mt=P len=0
PKT t=16463 RX ua=95 mt=R len=7
PKT t=16468 TX ua=95 mt=P len=0
PKT t=16477 RX ua=95 mt=R len=7
PKT t=16482 TX ua=95 mt=P len=0
PKT t=16491 RX ua=95 mt=R len=7
PKT t=16496 TX ua=95 mt=P len=0
PKT t=16526 RX ua=95 mt=R len=7
PKT t=16531 TX ua=95 mt=P len=0
PKT t=16540 RX ua=95 mt=R len=7
PKT t=16545 TX ua=95 mt=P len=0
PKT t=16561 RX ua=95 mt=R len=7
PKT t=16816 TX ua=96 mt=P len=0
PKT t=17074 TX ua=95 mt=P len=0
PKT t=17083 RX ua=95 mt=R len=7
PKT t=17088 TX ua=95 mt=T len=7
PKT t=17100 TX ua=95 mt=P len=0
PKT t=17128 RX ua=95 mt=R len=7
PKT t=17133 TX ua=95 mt=T len=7
PKT t=17145 TX ua=95 mt=P len=0
PKT t=17154 RX ua=95 mt=R len=7
PKT t=17159 TX ua=95 mt=P len=0
PKT t=17168 RX ua=95 mt=R len=7
PKT t=17173 TX ua=95 mt=P len=0
PKT t=17182 RX ua=95 mt=R len=7
PKT t=17187 TX ua=95 mt=P len=0
PKT t=17196 RX ua=95 mt=R len=7
PKT t=17201 TX ua=95 mt=P len=0
PKT t=17230 RX ua=95 mt=R len=7
PKT t=17235 TX ua=95 mt=P len=0
PKT t=17244 RX ua=95 mt=R len=7
PKT t=17249 TX ua=95 mt=P len=0
PKT t=17258 RX ua=95 mt=R len=7
PKT t=17263 TX ua=95 mt=P len=0
PKT t=17272 RX ua=95 mt=R len=7
PKT t=17277 TX ua=95 mt=P len=0
PKT t=17286 RX ua=95 mt=R len=7
PKT t=17291 TX ua=95 mt=P len=0
PKT t=17311 RX ua=95 mt=R len=7
PKT t=17316 TX ua=95 mt=P len=0
PKT t=17334 RX ua=95 mt=R len=7
PKT t=17339 TX ua=95 mt=P len=0
PKT t=17348 RX ua=95 mt=R len=7
PKT t=17353 TX ua=95 mt=P len=0
PKT t=17362 RX ua=95 mt=R len=7
PKT t=17367 TX ua=95 mt=T len=7
PKT t=17379 TX ua=95 mt=P len=0
PKT t=17389 RX ua=95 mt=R len=7
PKT t=17394 TX ua=95 mt=P len=0
PKT t=17404 RX ua=95 mt=R len=7
PKT t=17409 TX ua=95 mt=P len=0
PKT t=17438 RX ua=95 mt=R len=7
PKT t=17443 TX ua=95 mt=P len=0
PKT t=17453 RX ua=95 mt=R len=7
PKT t=17458 TX ua=95 mt=P len=0
PKT t=17468 RX ua=95 mt=R len=7
PKT t=17473 TX ua=95 mt=P len=0
PKT t=17483 RX ua=95 mt=R len=7
PKT t=17488 TX ua=95 mt=P len=0
PKT t=17498 RX ua=95 mt=R len=7
PKT t=17503 TX ua=95 mt=P len=0
PKT t=17513 RX ua=95 mt=R len=7
PKT t=17518 TX ua=95 mt=P len=0
PKT t=17561 RX ua=95 mt=R len=7
PKT t=17566 TX ua=95 mt=P len=0
PKT t=17576 RX ua=95 mt=R len=7
PKT t=17581 TX ua=95 mt=P len=0
PKT t=17592 RX ua=95 mt=R len=7
PKT t=17597 TX ua=95 mt=P len=0
PKT t=17607 RX ua=95 mt=R len=7
PKT t=17612 TX ua=95 mt=T len=7
PKT t=17624 TX ua=95 mt=P len=0
PKT t=17652 RX ua=95 mt=R len=7
PKT t=17657 TX ua=95 mt=P len=0
PKT t=17666 RX ua=95 mt=R len=7
PKT t=17671 TX ua=95 mt=P len=0
PKT t=17680 RX ua=95 mt=R len=7
PKT t=17685 TX ua=95 mt=P len=0
PKT t=17694 RX ua=95 mt=R len=7
PKT t=17699 TX ua=95 mt=P len=0
PKT t=17708 RX ua=95 mt=R len=7
PKT t=17713 TX ua=95 mt=P len=0
PKT t=17722 RX ua=95 mt=R len=7
PKT t=17727 TX ua=95 mt=P len=0
PKT t=17756 RX ua=95 mt=R len=7
PKT t=17761 TX ua=95 mt=P len=0
PKT t=17770 RX ua=95 mt=R len=7
PKT t=17775 TX ua=95 mt=P len=0
PKT t=17784 RX ua=95 mt=R len=7
PKT t=17789 TX ua=95 mt=P len=0
PKT t=17811 RX ua=95 mt=R len=7
PKT t=17816 TX ua=95 mt=P len=0
PKT t=17825 RX ua=95 mt=R len=7
PKT t=17830 TX ua=95 mt=P len=0
PKT t=17859 RX ua=95 mt=R len=7
PKT t=17864 TX ua=95 mt=T len=7
PKT t=17876 TX ua=95 mt=P len=0
PKT t=17885 RX ua=95 mt=R len=7
PKT t=17890 TX ua=95 mt=P len=0
PKT t=17899 RX ua=95 mt=R len=7
PKT t=17904 TX ua=95 mt=P len=0
PKT t=17913 RX ua=95 mt=R len=7
PKT t=17918 TX ua=95 mt=P len=0
PKT t=17927 RX ua=95 mt=R len=7
PKT t=17932 TX ua=95 mt=P len=0
PKT t=17961 RX ua=95 mt=R len=7
PKT t=17966 TX ua=95 mt=P len=0
PKT t=17975 RX ua=95 mt=R len=7
PKT t=17980 TX ua=95 mt=P len=0
PKT t=17989 RX ua=95 mt=R len=7
PKT t=17994 TX ua=95 mt=P len=0
PKT t=18003 RX ua=95 mt=R len=7
PKT t=18008 TX ua=95 mt=P len=0
PKT t=18017 RX ua=95 mt=R len=7
PKT t=18022 TX ua=95 mt=P len=0
PKT t=18031 RX ua=95 mt=R len=7
PKT t=18036 TX ua=95 mt=P len=0
PKT t=18065 RX ua=95 mt=R len=7
PKT t=18070 TX ua=95 mt=P len=0
PKT t=18079 RX ua=95 mt=R len=7
PKT t=18084 TX ua=95 mt=P len=0
PKT t=18093 RX ua=95 mt=R len=7
PKT t=18098 TX ua=95 mt=P len=0
PKT t=18107 RX ua=95 mt=R len=7
PKT t=18112 TX ua=95 mt=T len=7
PKT t=18125 TX ua=95 mt=P len=0
PKT t=18134 RX ua=95 mt=R len=7
PKT t=18139 TX ua=95 mt=T len=7
PKT t=18152 TX ua=95 mt=P len=0
PKT t=18170 RX ua=95 mt=R len=7
PKT t=18175 TX ua=95 mt=P len=0
PKT t=18184 RX ua=95 mt=R len=7
PKT t=18189 TX ua=95 mt=P len=0
PKT t=18198 RX ua=95 mt=R len=7
PKT t=18203 TX ua=95 mt=P len=0
PKT t=18212 RX ua=95 mt=R len=7
PKT t=18217 TX ua=95 mt=P len=0
PKT t=18226 RX ua=95 mt=R len=7
PKT t=18231 TX ua=95 mt=P len=0
PKT t=18240 RX ua=95 mt=R len=7
PKT t=18245 TX ua=95 mt=P len=0
PKT t=18274 RX ua=95 mt=R len=7
PKT t=18279 TX ua=95 mt=P len=0
PKT t=18288 RX ua=95 mt=R len=7
PKT t=18293 TX ua=95 mt=P len=0
PKT t=18311 RX ua=95 mt=R len=7
PKT t=18316 TX ua=95 mt=P len=0
PKT t=18325 RX ua=95 mt=R len=7
PKT t=18330 TX ua=95 mt=P len=0
PKT t=18339 RX ua=95 mt=R len=7
PKT t=18344 TX ua=95 mt=P len=0
PKT t=18375 RX ua=95 mt=R len=7
PKT t=18380 TX ua=95 mt=T len=7
PKT t=18393 TX ua=95 mt=P len=0
PKT t=18402 RX ua=95 mt=R len=7
PKT t=18407 TX ua=95 mt=P len=0
PKT t=18416 RX ua=95 mt=R len=7
PKT t=18421 TX ua=95 mt=P len=0
PKT t=18430 RX ua=95 mt=R len=7
PKT t=18435 TX ua=95 mt=P len=0
PKT t=18444 RX ua=95 mt=R len=7
PKT t=18449 TX ua=95 mt=P len=0
PKT t=18478 RX ua=95 mt=R len=7
PKT t=18483 TX ua=95 mt=P len=0
PKT t=18492 RX ua=95 mt=R len=7
PKT t=18497 TX ua=95 mt=P len=0
PKT t=18506 RX ua=95 mt=R len=7
PKT t=18511 TX ua=95 mt=P len=0
PKT t=18521 RX ua=95 mt=R len=7
PKT t=18526 TX ua=95 mt=P len=0
PKT t=18535 RX ua=95 mt=R len=7
PKT t=18540 TX ua=95 mt=P len=0
PKT t=18561 RX ua=95 mt=R len=7
PKT t=18566 TX ua=95 mt=P len=0
PKT t=18583 RX ua=95 mt=R len=7
PKT t=18588 TX ua=95 mt=P len=0
PKT t=18597 RX ua=95 mt=R len=7
PKT t=18602 TX ua=95 mt=P len=0
PKT t=18611 RX ua=95 mt=R len=7
PKT t=18616 TX ua=95 mt=T len=7
PKT t=18629 TX ua=95 mt=P len=0
PKT t=18638 RX ua=95 mt=R len=7
PKT t=18643 TX ua=95 mt=P len=0
PKT t=18652 RX ua=95 mt=R len=7
PKT t=18657 TX ua=95 mt=P len=0
PKT t=18686 RX ua=95 mt=R len=7
PKT t=18691 TX ua=95 mt=P len=0
PKT t=18700 RX ua=95 mt=R len=7
PKT t=18705 TX ua=95 mt=P len=0
PKT t=18714 RX ua=95 mt=R len=7
PKT t=18719 TX ua=95 mt=P len=0
PKT t=18728 RX ua=95 mt=R len=7
PKT t=18733 TX ua=95 mt=P len=0
PKT t=18742 RX ua=95 mt=R len=7
PKT t=18747 TX ua=95 mt=P len=0
PKT t=18756 RX ua=95 mt=R len=7
PKT t=18761 TX ua=95 mt=P len=0
PKT t=18790 RX ua=95 mt=R len=7
PKT t=18795 TX ua=95 mt=P len=0
PKT t=18811 RX ua=95 mt=R len=7
PKT t=19066 TX ua=96 mt=P len=0
PKT t=19324 TX ua=95 mt=P len=0
PKT t=19333 RX ua=95 mt=R len=7
PKT t=19338 TX ua=95 mt=T len=7
PKT t=19350 TX ua=95 mt=P len=0
PKT t=19359 RX ua=95 mt=R len=7
PKT t=19364 TX ua=95 mt=T len=7
PKT t=19376 TX ua=95 mt=P len=0
PKT t=19395 RX ua=95 mt=R len=7
PKT t=19400 TX ua=95 mt=P len=0
PKT t=19410 RX ua=95 mt=R len=7
PKT t=19415 TX ua=95 mt=P len=0
PKT t=19425 RX ua=95 mt=R len=7
PKT t=19430 TX ua=95 mt=P len=0
PKT t=19440 RX ua=95 mt=R len=7
PKT t=19445 TX ua=95 mt=P len=0
PKT t=19455 RX ua=95 mt=R len=7
PKT t=19460 TX ua=95 mt=P len=0
PKT t=19492 RX ua=95 mt=R len=7
PKT t=19497 TX ua=95 mt=P len=0
PKT t=19507 RX ua=95 mt=R len=7
PKT t=19512 TX ua=95 mt=P len=0
PKT t=19522 RX ua=95 mt=R len=7
PKT t=19527 TX ua=95 mt=P len=0
PKT t=19537 RX ua=95 mt=R len=7
PKT t=19542 TX ua=95 mt=P len=0
PKT t=19561 RX ua=95 mt=R len=7
PKT t=19566 TX ua=95 mt=P len=0
PKT t=19592 RX ua=95 mt=R len=7
PKT t=19597 TX ua=95 mt=P len=0
PKT t=19607 RX ua=95 mt=R len=7
PKT t=19612 TX ua=95 mt=T len=7
PKT t=19624 TX ua=95 mt=P len=0
PKT t=19633 RX ua=95 mt=R len=7
PKT t=19638 TX ua=95 mt=P len=0
PKT t=19647 RX ua=95 mt=R len=7
PKT t=19652 TX ua=95 mt=P len=0
PKT t=19661 RX ua=95 mt=R len=7
PKT t=19666 TX ua=95 mt=P len=0
PKT t=19695 RX ua=95 mt=R len=7
PKT t=19700 TX ua=95 mt=P len=0
PKT t=19709 RX ua=95 mt=R len=7
PKT t=19714 TX ua=95 mt=P len=0
PKT t=19723 RX ua=95 mt=R len=7
PKT t=19728 TX ua=95 mt=P len=0
PKT t=19737 RX ua=95 mt=R len=7
PKT t=19742 TX ua=95 mt=P len=0
PKT t=19751 RX ua=95 mt=R len=7
PKT t=19756 TX ua=95 mt=P len=0
PKT t=19765 RX ua=95 mt=R len=7
PKT t=19770 TX ua=95 mt=P len=0
PKT t=19811 RX ua=95 mt=R len=7
PKT t=19816 TX ua=95 mt=P len=0
PKT t=19825 RX ua=95 mt=R len=7
PKT t=19830 TX ua=95 mt=P len=0
PKT t=19839 RX ua=95 mt=R len=7
PKT t=19844 TX ua=95 mt=P len=0
PKT t=19853 RX ua=95 mt=R len=7
PKT t=19858 TX ua=95 mt=T len=7
PKT t=19870 TX ua=95 mt=P len=0
PKT t=19898 RX ua=95 mt=R len=7
PKT t=19903 TX ua=95 mt=P len=0
PKT t=19912 RX ua=95 mt=R len=7
PKT t=19917 TX ua=95 mt=P len=0
PKT t=19926 RX ua=95 mt=R len=7
PKT t=19931 TX ua=95 mt=P len=0
PKT t=19940 RX ua=95 mt=R len=7
PKT t=19945 TX ua=95 mt=P len=0
PKT t=19954 RX ua=95 mt=R len=7
PKT t=19959 TX ua=95 mt=P len=0
PKT t=19968 RX ua=95 mt=R len=7
PKT t=19973 TX ua=95 mt=P len=0
PKT t=20002 RX ua=95 mt=R len=7
PKT t=20007 TX ua=95 mt=P len=0
PKT t=20016 RX ua=95 mt=R len=7
PKT t=20021 TX ua=95 mt=P len=0
PKT t=20030 RX ua=95 mt=R len=7
PKT t=20035 TX ua=95 mt=P len=0
PKT t=20044 RX ua=95 mt=R len=7
PKT t=20061 TX ua=95 mt=P len=0
PKT t=20070 RX ua=95 mt=R len=7
PKT t=20075 TX ua=95 mt=P len=0
PKT t=20104 RX ua=95 mt=R len=7
PKT t=20109 TX ua=95 mt=T len=7
PKT t=20121 TX ua=95 mt=P len=0
PKT t=20130 RX ua=95 mt=R len=7
PKT t=20135 TX ua=95 mt=P len=0
PKT t=20144 RX ua=95 mt=R len=7
PKT t=20149 TX ua=95 mt=P len=0
PKT t=20158 RX ua=95 mt=R len=7
PKT t=20163 TX ua=95 mt=P len=0
PKT t=20172 RX ua=95 mt=R len=7
PKT t=20177 TX ua=95 mt=P len=0
PKT t=20206 RX ua=95 mt=R len=7
PKT t=20211 TX ua=95 mt=P len=0
PKT t=20220 RX ua=95 mt=R len=7
PKT t=20225 TX ua=95 mt=P len=0
PKT t=20234 RX ua=95 mt=R len=7
PKT t=20239 TX ua=95 mt=P len=0
PKT t=20248 RX ua=95 mt=R len=7
PKT t=20253 TX ua=95 mt=P len=0
PKT t=20262 RX ua=95 mt=R len=7
PKT t=20267 TX ua=95 mt=P len=0
PKT t=20276 RX ua=95 mt=R len=7
PKT t=20281 TX ua=95 mt=P len=0
PKT t=20311 RX ua=95 mt=R len=7
PKT t=20316 TX ua=95 mt=P len=0
PKT t=20325 RX ua=95 mt=R len=7
PKT t=20330 TX ua=95 mt=P len=0
PKT t=20339 RX ua=95 mt=R len=7
PKT t=20344 TX ua=95 mt=P len=0
PKT t=20353 RX ua=95 mt=R len=7
PKT t=20358 TX ua=95 mt=T len=7
PKT t=20370 TX ua=95 mt=P len=0
PKT t=20379 RX ua=95 mt=R len=7
PKT t=20384 TX ua=95 mt=P len=0
PKT t=20413 RX ua=95 mt=R len=7
PKT t=20418 TX ua=95 mt=P len=0
PKT t=20427 RX ua=95 mt=R len=7
PKT t=20432 TX ua=95 mt=P len=0
PKT t=20441 RX ua=95 mt=R len=7
PKT t=20446 TX ua=95 mt=P len=0
PKT t=20455 RX ua=95 mt=R len=7
PKT t=20460 TX ua=95 mt=P len=0
PKT t=20469 RX ua=95 mt=R len=7
PKT t=20474 TX ua=95 mt=P len=0
PKT t=20483 RX ua=95 mt=R len=7
PKT t=20488 TX ua=95 mt=P len=0
PKT t=20517 RX ua=95 mt=R len=7
PKT t=20522 TX ua=95 mt=P len=0
PKT t=20531 RX ua=95 mt=R len=7
PKT t=20536 TX ua=95 mt=P len=0
PKT t=20545 RX ua=95 mt=R len=7
PKT t=20561 TX ua=95 mt=P len=0
PKT t=20570 RX ua=95 mt=R len=7
PKT t=20575 TX ua=95 mt=P len=0
PKT t=20584 RX ua=95 mt=R len=7
PKT t=20589 TX ua=95 mt=P len=0
PKT t=20618 RX ua=95 mt=R len=7
PKT t=20623 TX ua=95 mt=T len=7
PKT t=20635 TX ua=95 mt=P len=0
PKT t=20644 RX ua=95 mt=R len=7
PKT t=20649 TX ua=95 mt=P len=0
PKT t=20658 RX ua=95 mt=R len=7
PKT t=20663 TX ua=95 mt=P len=0
PKT t=20672 RX ua=95 mt=R len=7
PKT t=20677 TX ua=95 mt=P len=0
PKT t=20686 RX ua=95 mt=R len=7
PKT t=20691 TX ua=95 mt=P len=0
PKT t=20720 RX ua=95 mt=R len=7
PKT t=20725 TX ua=95 mt=P len=0
PKT t=20734 RX ua=95 mt=R len=7
PKT t=20739 TX ua=95 mt=P len=0
PKT t=20748 RX ua=95 mt=R len=7
PKT t=20753 TX ua=95 mt=P len=0
PKT t=20762 RX ua=95 mt=R len=7
PKT t=20767 TX ua=95 mt=P len=0
PKT t=20776 RX ua=95 mt=R len=7
PKT t=20781 TX ua=95 mt=P len=0
PKT t=20790 RX ua=95 mt=R len=7
PKT t=20795 TX ua=95 mt=P len=0
PKT t=20824 RX ua=95 mt=R len=7
PKT t=20829 TX ua=95 mt=P len=0
PKT t=20838 RX ua=95 mt=R len=7
PKT t=20843 TX ua=95 mt=P len=0
PKT t=20852 RX ua=95 mt=R len=7
PKT t=20857 TX ua=95 mt=T len=7
PKT t=20869 TX ua=95 mt=P len=0
PKT t=20878 RX ua=95 mt=R len=7
PKT t=20883 TX ua=95 mt=P len=0
PKT t=20892 RX ua=95 mt=R len=7
PKT t=20897 TX ua=95 mt=P len=0
PKT t=20926 RX ua=95 mt=R len=7
PKT t=20931 TX ua=95 mt=P len=0
PKT t=20940 RX ua=95 mt=R len=7
PKT t=20945 TX ua=95 mt=P len=0
PKT t=20954 RX ua=95 mt=R len=7
PKT t=20959 TX ua=95 mt=P len=0
PKT t=20969 RX ua=95 mt=R len=7
PKT t=20974 TX ua=95 mt=P len=0
PKT t=20983 RX ua=95 mt=R len=7
PKT t=20988 TX ua=95 mt=P len=0
PKT t=20997 RX ua=95 mt=R len=7
PKT t=21002 TX ua=95 mt=P len=0
PKT t=21031 RX ua=95 mt=R len=7
PKT t=21036 TX ua=95 mt=P len=0
PKT t=21045 RX ua=95 mt=R len=7
PKT t=21061 TX ua=95 mt=P len=0
PKT t=21070 RX ua=95 mt=R len=7
PKT t=21075 TX ua=95 mt=P len=0
PKT t=21084 RX ua=95 mt=R len=7
PKT t=21089 TX ua=95 mt=P len=0
PKT t=21098 RX ua=95 mt=R len=7
PKT t=21103 TX ua=95 mt=P len=0
PKT t=21132 RX ua=95 mt=R len=7
PKT t=21137 TX ua=95 mt=T len=7
PKT t=21150 TX ua=95 mt=P len=0
PKT t=21159 RX ua=95 mt=R len=7
PKT t=21164 TX ua=95 mt=P len=0
PKT t=21173 RX ua=95 mt=R len=7
PKT t=21178 TX ua=95 mt=P len=0
PKT t=21187 RX ua=95 mt=R len=7
PKT t=21192 TX ua=95 mt=P len=0
PKT t=21201 RX ua=95 mt=R len=7
PKT t=21206 TX ua=95 mt=P len=0
PKT t=21235 RX ua=95 mt=R len=7
PKT t=21240 TX ua=95 mt=P len=0
PKT t=21249 RX ua=95 mt=R len=7
PKT t=21254 TX ua=95 mt=P len=0
PKT t=21263 RX ua=95 mt=R len=7
PKT t=21268 TX ua=95 mt=P len=0
PKT t=21277 RX ua=95 mt=R len=7
PKT t=21282 TX ua=95 mt=P len=0
PKT t=21291 RX ua=95 mt=R len=7
PKT t=21296 TX ua=95 mt=P len=0
PKT t=21311 RX ua=95 mt=R len=7
PKT t=21566 TX ua=96 mt=P len=0
PKT t=21824 TX ua=95 mt=P len=0
PKT t=21833 RX ua=95 mt=R len=7
PKT t=21838 TX ua=95 mt=T len=7
PKT t=21851 TX ua=95 mt=P len=0
PKT t=21860 RX ua=95 mt=R len=7
PKT t=21865 TX ua=95 mt=T len=7
PKT t=21878 TX ua=95 mt=P len=0
PKT t=21887 RX ua=95 mt=R len=7
PKT t=21892 TX ua=95 mt=P len=0
PKT t=21901 RX ua=95 mt=R len=7
PKT t=21906 TX ua=95 mt=P len=0
PKT t=21938 RX ua=95 mt=R len=7
PKT t=21943 TX ua=95 mt=P len=0
PKT t=21952 RX ua=95 mt=R len=7
PKT t=21957 TX ua=95 mt=P len=0
PKT t=21966 RX ua=95 mt=R len=7
PKT t=21971 TX ua=95 mt=P len=0
PKT t=21980 RX ua=95 mt=R len=7
PKT t=21985 TX ua=95 mt=P len=0
PKT t=21994 RX ua=95 mt=R len=7
PKT t=21999 TX ua=95 mt=P len=0
PKT t=22008 RX ua=95 mt=R len=7
PKT t=22015 TX ua=95 mt=P len=0
PKT t=22042 RX ua=95 mt=R len=7
PKT t=22047 TX ua=95 mt=P len=0
PKT t=22062 RX ua=95 mt=R len=7
PKT t=22317 TX ua=96 mt=P len=0
PKT t=22575 TX ua=95 mt=P len=0
PKT t=22584 RX ua=95 mt=R len=7
PKT t=22589 TX ua=95 mt=T len=7
PKT t=22601 TX ua=95 mt=P len=0
PKT t=22610 RX ua=95 mt=R len=7
PKT t=22615 TX ua=95 mt=T len=7
PKT t=22627 TX ua=95 mt=P len=0
PKT t=22646 RX ua=95 mt=R len=7
PKT t=22651 TX ua=95 mt=P len=0
PKT t=22660 RX ua=95 mt=R len=7
PKT t=22665 TX ua=95 mt=P len=0
PKT t=22674 RX ua=95 mt=R len=7
PKT t=22679 TX ua=95 mt=P len=0
PKT t=22688 RX ua=95 mt=R len=7
PKT t=22693 TX ua=95 mt=P len=0
PKT t=22702 RX ua=95 mt=R len=7
PKT t=22707 TX ua=95 mt=P len=0
PKT t=22716 RX ua=95 mt=R len=7
PKT t=22721 TX ua=95 mt=P len=0
PKT t=22750 RX ua=95 mt=R len=7
PKT t=22755 TX ua=95 mt=P len=0
PKT t=22764 RX ua=95 mt=R len=7
PKT t=22769 TX ua=95 mt=P len=0
PKT t=22778 RX ua=95 mt=R len=7
PKT t=22783 TX ua=95 mt=P len=0
PKT t=22792 RX ua=95 mt=R len=7
PKT t=22797 TX ua=95 mt=P len=0
PKT t=22812 RX ua=95 mt=R len=7
PKT t=23067 TX ua=96 mt=P len=0
PKT t=23325 TX ua=95 mt=P len=0
PKT t=23334 RX ua=95 mt=R len=7
PKT t=23339 TX ua=95 mt=T len=7
PKT t=23351 TX ua=95 mt=P len=0
PKT t=23360 RX ua=95 mt=R len=7
PKT t=23365 TX ua=95 mt=T len=7
PKT t=23377 TX ua=95 mt=P len=0
PKT t=23387 RX ua=95 mt=R len=7
PKT t=23392 TX ua=95 mt=P len=0
PKT t=23402 RX ua=95 mt=R len=7
PKT t=23407 TX ua=95 mt=P len=0
PKT t=23417 RX ua=95 mt=R len=7
PKT t=23422 TX ua=95 mt=P len=0
PKT t=23451 RX ua=95 mt=R len=7
PKT t=23456 TX ua=95 mt=P len=0
PKT t=23466 RX ua=95 mt=R len=7
PKT t=23471 TX ua=95 mt=P len=0
PKT t=23481 RX ua=95 mt=R len=7
PKT t=23486 TX ua=95 mt=P len=0
PKT t=23496 RX ua=95 mt=R len=7
PKT t=23501 TX ua=95 mt=P len=0
PKT t=23511 RX ua=95 mt=R len=7
PKT t=23516 TX ua=95 mt=P len=0
PKT t=23526 RX ua=95 mt=R len=7
PKT t=23531 TX ua=95 mt=P len=0
PKT t=23561 RX ua=95 mt=R len=7
PKT t=23566 TX ua=95 mt=P len=0
PKT t=23576 RX ua=95 mt=R len=7
PKT t=23581 TX ua=95 mt=P len=0
PKT t=23591 RX ua=95 mt=R len=7
PKT t=23596 TX ua=95 mt=P len=0
PKT t=23606 RX ua=95 mt=R len=7
PKT t=23611 TX ua=95 mt=T len=7
PKT t=23623 TX ua=95 mt=P len=0
PKT t=23632 RX ua=95 mt=R len=7
PKT t=23637 TX ua=95 mt=P len=0
PKT t=23666 RX ua=95 mt=R len=7
PKT t=23671 TX ua=95 mt=P len=0
PKT t=23680 RX ua=95 mt=R len=7
PKT t=23685 TX ua=95 mt=P len=0
PKT t=23694 RX ua=95 mt=R len=7
PKT t=23699 TX ua=95 mt=P len=0
PKT t=23708 RX ua=95 mt=R len=7
PKT t=23713 TX ua=95 mt=P len=0
PKT t=23722 RX ua=95 mt=R len=7
PKT t=23727 TX ua=95 mt=P len=0
PKT t=23736 RX ua=95 mt=R len=7
PKT t=23741 TX ua=95 mt=P len=0
PKT t=23770 RX ua=95 mt=R len=7
PKT t=23775 TX ua=95 mt=P len=0
PKT t=23784 RX ua=95 mt=R len=7
PKT t=23789 TX ua=95 mt=P len=0
PKT t=23811 RX ua=95 mt=R len=7
PKT t=23816 TX ua=95 mt=P len=0
PKT t=23825 RX ua=95 mt=R len=7
PKT t=23830 TX ua=95 mt=P len=0
PKT t=23839 RX ua=95 mt=R len=7
PKT t=23844 TX ua=95 mt=P len=0
PKT t=23873 RX ua=95 mt=R len=7
PKT t=23878 TX ua=95 mt=T len=7
PKT t=23890 TX ua=95 mt=P len=0
PKT t=23899 RX ua=95 mt=R len=7
PKT t=23904 TX ua=95 mt=P len=0
PKT t=23913 RX ua=95 mt=R len=7
PKT t=23918 TX ua=95 mt=P len=0
PKT t=23927 RX ua=95 mt=R len=7
PKT t=23932 TX ua=95 mt=P len=0
PKT t=23941 RX ua=95 mt=R len=7
PKT t=23946 TX ua=95 mt=P len=0
PKT t=23975 RX ua=95 mt=R len=7
PKT t=23980 TX ua=95 mt=P len=0
PKT t=23989 RX ua=95 mt=R len=7
PKT t=23994 TX ua=95 mt=P len=0
PKT t=24003 RX ua=95 mt=R len=7
PKT t=24008 TX ua=95 mt=P len=0
PKT t=24017 RX ua=95 mt=R len=7
PKT t=24022 TX ua=95 mt=P len=0
PKT t=24031 RX ua=95 mt=R len=7
PKT t=24036 TX ua=95 mt=P len=0
PKT t=24045 RX ua=95 mt=R len=7
PKT t=24061 TX ua=95 mt=P len=0
PKT t=24079 RX ua=95 mt=R len=7
PKT t=24084 TX ua=95 mt=P len=0
PKT t=24093 RX ua=95 mt=R len=7
PKT t=24098 TX ua=95 mt=P len=0
PKT t=24107 RX ua=95 mt=R len=7
PKT t=24112 TX ua=95 mt=T len=7
PKT t=24124 TX ua=95 mt=P len=0
PKT t=24133 RX ua=95 mt=R len=7
PKT t=24138 TX ua=95 mt=P len=0
PKT t=24147 RX ua=95 mt=R len=7
PKT t=24152 TX ua=95 mt=P len=0
PKT t=24181 RX ua=95 mt=R len=7
PKT t=24186 TX ua=95 mt=P len=0
PKT t=24195 RX ua=95 mt=R len=7
PKT t=24200 TX ua=95 mt=P len=0
PKT t=24209 RX ua=95 mt=R len=7
PKT t=24214 TX ua=95 mt=P len=0
PKT t=24223 RX ua=95 mt=R len=7
PKT t=24228 TX ua=95 mt=P len=0
PKT t=24237 RX ua=95 mt=R len=7
PKT t=24242 TX ua=95 mt=P len=0
PKT t=24251 RX ua=95 mt=R len=7
PKT t=24256 TX ua=95 mt=P len=0
PKT t=24285 RX ua=95 mt=R len=7
PKT t=24290 TX ua=95 mt=P len=0
PKT t=24311 RX ua=95 mt=R len=7
PKT t=24316 TX ua=95 mt=P len=0
PKT t=24325 RX ua=95 mt=R len=7
PKT t=24330 TX ua=95 mt=P len=0
PKT t=24339 RX ua=95 mt=R len=7
PKT t=24344 TX ua=95 mt=P len=0
PKT t=24353 RX ua=95 mt=R len=7
PKT t=24358 TX ua=95 mt=T len=7
PKT t=24370 TX ua=95 mt=P len=0
PKT t=24389 RX ua=95 mt=R len=7
PKT t=24394 TX ua=95 mt=P len=0
PKT t=24403 RX ua=95 mt=R len=7
PKT t=24408 TX ua=95 mt=P len=0
PKT t=24417 RX ua=95 mt=R len=7
PKT t=24422 TX ua=95 mt=P len=0
PKT t=24431 RX ua=95 mt=R len=7
PKT t=24436 TX ua=95 mt=P len=0
PKT t=24445 RX ua=95 mt=R len=7
PKT t=24450 TX ua=95 mt=P len=0
PKT t=24459 RX ua=95 mt=R len=7
PKT t=24464 TX ua=95 mt=P len=0
PKT t=24493 RX ua=95 mt=R len=7
PKT t=24498 TX ua=95 mt=P len=0
PKT t=24507 RX ua=95 mt=R len=7
PKT t=24512 TX ua=95 mt=P len=0
PKT t=24521 RX ua=95 mt=R len=7
PKT t=24526 TX ua=95 mt=P len=0
PKT t=24535 RX ua=95 mt=R len=7
PKT t=24540 TX ua=95 mt=P len=0
PKT t=24561 RX ua=95 mt=R len=7
PKT t=24566 TX ua=95 mt=P len=0
PKT t=24592 RX ua=95 mt=R len=7
PKT t=24597 TX ua=95 mt=P len=0
PKT t=24606 RX ua=95 mt=R len=7
PKT t=24611 TX ua=95 mt=T len=7
PKT t=24623 TX ua=95 mt=P len=0
PKT t=24632 RX ua=95 mt=R len=7
PKT t=24637 TX ua=95 mt=P len=0
PKT t=24646 RX ua=95 mt=R len=7
PKT t=24651 TX ua=95 mt=P len=0
PKT t=24660 RX ua=95 mt=R len=7
PKT t=24665 TX ua=95 mt=P len=0
PKT t=24694 RX ua=95 mt=R len=7
PKT t=24699 TX ua=95 mt=P len=0
PKT t=24708 RX ua=95 mt=R len=7
PKT t=24713 TX ua=95 mt=P len=0
PKT t=24722 RX ua=95 mt=R len=7
PKT t=24727 TX ua=95 mt=P len=0
PKT t=24736 RX ua=95 mt=R len=7
PKT t=24741 TX ua=95 mt=P len=0
PKT t=24750 RX ua=95 mt=R len=7
PKT t=24755 TX ua=95 mt=P len=0
PKT t=24764 RX ua=95 mt=R len=7
PKT t=24769 TX ua=95 mt=P len=0
PKT t=24811 RX ua=95 mt=R len=7
PKT t=24816 TX ua=95 mt=P len=0
PKT t=24825 RX ua=95 mt=R len=7
PKT t=24830 TX ua=95 mt=P len=0
PKT t=24839 RX ua=95 mt=R len=7
PKT t=24844 TX ua=95 mt=P len=0
PKT t=24853 RX ua=95 mt=R len=7
PKT t=24858 TX ua=95 mt=T len=7
PKT t=24870 TX ua=95 mt=P len=0
PKT t=24898 RX ua=95 mt=R len=7
PKT t=24903 TX ua=95 mt=P len=0
PKT t=24912 RX ua=95 mt=R len=7
PKT t=24917 TX ua=95 mt=P len=0
PKT t=24926 RX ua=95 mt=R len=7
PKT t=24931 TX ua=95 mt=P len=0
PKT t=24940 RX ua=95 mt=R len=7
PKT t=24945 TX ua=95 mt=P len=0
PKT t=24954 RX ua=95 mt=R len=7
PKT t=24959 TX ua=95 mt=P len=0
PKT t=24968 RX ua=95 mt=R len=7
PKT t=24973 TX ua=95 mt=P len=0
PKT t=25002 RX ua=95 mt=R len=7
PKT t=25007 TX ua=95 mt=P len=0
PKT t=25016 RX ua=95 mt=R len=7
PKT t=25021 TX ua=95 mt=P len=0
PKT t=25030 RX ua=95 mt=R len=7
PKT t=25035 TX ua=95 mt=P len=0
PKT t=25044 RX ua=95 mt=R len=7
PKT t=25061 TX ua=95 mt=P len=0
PKT t=25071 RX ua=95 mt=R len=7
PKT t=25075 TX ua=95 mt=P len=0
PKT t=25104 RX ua=95 mt=R len=7
PKT t=25109 TX ua=95 mt=T len=7
PKT t=25121 TX ua=95 mt=P len=0
PKT t=25130 RX ua=95 mt=R len=7
PKT t=25135 TX ua=95 mt=P len=0
PKT t=25144 RX ua=95 mt=R len=7
PKT t=25149 TX ua=95 mt=P len=0
PKT t=25158 RX ua=95 mt=R len=7
PKT t=25163 TX ua=95 mt=P len=0
PKT t=25172 RX ua=95 mt=R len=7
PKT t=25177 TX ua=95 mt=P len=0
PKT t=25206 RX ua=95 mt=R len=7
PKT t=25211 TX ua=95 mt=P len=0
PKT t=25220 RX ua=95 mt=R len=7
PKT t=25225 TX ua=95 mt=P len=0
PKT t=25234 RX ua=95 mt=R len=7
PKT t=25239 TX ua=95 mt=P len=0
PKT t=25248 RX ua=95 mt=R len=7
PKT t=25253 TX ua=95 mt=P len=0
PKT t=25262 RX ua=95 mt=R len=7
PKT t=25267 TX ua=95 mt=P len=0
PKT t=25276 RX ua=95 mt=R len=7
PKT t=25281 TX ua=95 mt=P len=0
PKT t=25311 RX ua=95 mt=R len=7
PKT t=25316 TX ua=95 mt=P len=0
PKT t=25325 RX ua=95 mt=R len=7
PKT t=25330 TX ua=95 mt=P len=0
PKT t=25339 RX ua=95 mt=R len=7
PKT t=25344 TX ua=95 mt=P len=0
PKT t=25353 RX ua=95 mt=R len=7
PKT t=25358 TX ua=95 mt=T len=7
PKT t=25370 TX ua=95 mt=P len=0
PKT t=25380 RX ua=95 mt=R len=7
PKT t=25385 TX ua=95 mt=P len=0
PKT t=25414 RX ua=95 mt=R len=7
PKT t=25419 TX ua=95 mt=P len=0
PKT t=25429 RX ua=95 mt=R len=7
PKT t=25434 TX ua=95 mt=P len=0
PKT t=25444 RX ua=95 mt=R len=7
PKT t=25449 TX ua=95 mt=P len=0
PKT t=25459 RX ua=95 mt=R len=7
PKT t=25464 TX ua=95 mt=P len=0
PKT t=25474 RX ua=95 mt=R len=7
PKT t=25479 TX ua=95 mt=P len=0
PKT t=25489 RX ua=95 mt=R len=7
PKT t=25494 TX ua=95 mt=P len=0
PKT t=25523 RX ua=95 mt=R len=7
PKT t=25528 TX ua=95 mt=P len=0
PKT t=25538 RX ua=95 mt=R len=7
PKT t=25543 TX ua=95 mt=P len=0
PKT t=25561 RX ua=95 mt=R len=7
PKT t=25566 TX ua=95 mt=P len=0
PKT t=25576 RX ua=95 mt=R len=7
PKT t=25581 TX ua=95 mt=P len=0
PKT t=25591 RX ua=95 mt=R len=7
PKT t=25596 TX ua=95 mt=P len=0
PKT t=25625 RX ua=95 mt=R len=7
PKT t=25630 TX ua=95 mt=T len=7
PKT t=25642 TX ua=95 mt=P len=0
PKT t=25651 RX ua=95 mt=R len=7
PKT t=25656 TX ua=95 mt=P len=0
PKT t=25665 RX ua=95 mt=R len=7
PKT t=25670 TX ua=95 mt=P len=0
PKT t=25679 RX ua=95 mt=R len=7
PKT t=25684 TX ua=95 mt=P len=0
PKT t=25693 RX ua=95 mt=R len=7
PKT t=25698 TX ua=95 mt=P len=0
PKT t=25727 RX ua=95 mt=R len=7
PKT t=25732 TX ua=95 mt=P len=0
PKT t=25741 RX ua=95 mt=R len=7
PKT t=25746 TX ua=95 mt=P len=0
PKT t=25755 RX ua=95 mt=R len=7
PKT t=25760 TX ua=95 mt=P len=0
PKT t=25769 RX ua=95 mt=R len=7
PKT t=25774 TX ua=95 mt=P len=0
PKT t=25783 RX ua=95 mt=R len=7
PKT t=25788 TX ua=95 mt=P len=0
PKT t=25811 RX ua=95 mt=R len=7
PKT t=25816 TX ua=95 mt=P len=0
PKT t=25831 RX ua=95 mt=R len=7
PKT t=25836 TX ua=95 mt=P len=0
PKT t=25845 RX ua=95 mt=R len=7
PKT t=25850 TX ua=95 mt=P len=0
PKT t=25859 RX ua=95 mt=R len=7
PKT t=25864 TX ua=95 mt=T len=7
PKT t=25876 TX ua=95 mt=P len=0
PKT t=25885 RX ua=95 mt=R len=7
PKT t=25890 TX ua=95 mt=P len=0
PKT t=25899 RX ua=95 mt=R len=7
PKT t=25904 TX ua=95 mt=P len=0
PKT t=25933 RX ua=95 mt=R len=7
PKT t=25938 TX ua=95 mt=P len=0
PKT t=25947 RX ua=95 mt=R len=7
PKT t=25952 TX ua=95 mt=P len=0
PKT t=25961 RX ua=95 mt=R len=7
PKT t=25966 TX ua=95 mt=P len=0
PKT t=25975 RX ua=95 mt=R len=7
PKT t=25980 TX ua=95 mt=P len=0
PKT t=25989 RX ua=95 mt=R len=7
PKT t=25994 TX ua=95 mt=P len=0
PKT t=26003 RX ua=95 mt=R len=7
PKT t=26008 TX ua=95 mt=P len=0
PKT t=26037 RX ua=95 mt=R len=7
PKT t=26042 TX ua=95 mt=P len=0
PKT t=26061 RX ua=95 mt=R len=7
PKT t=26066 TX ua=95 mt=P len=0
PKT t=26075 RX ua=95 mt=R len=7
PKT t=26080 TX ua=95 mt=P len=0
PKT t=26089 RX ua=95 mt=R len=7
PKT t=26094 TX ua=95 mt=P len=0
PKT t=26103 RX ua=95 mt=R len=7
PKT t=26108 TX ua=95 mt=T len=7
PKT t=26121 TX ua=95 mt=P len=0
PKT t=26139 RX ua=95 mt=R len=7
PKT t=26144 TX ua=95 mt=T len=7
PKT t=26157 TX ua=95 mt=P len=0
PKT t=26166 RX ua=95 mt=R len=7
PKT t=26171 TX ua=95 mt=P len=0
PKT t=26180 RX ua=95 mt=R len=7
PKT t=26185 TX ua=95 mt=P len=0
PKT t=26194 RX ua=95 mt=R len=7
PKT t=26199 TX ua=95 mt=P len=0
PKT t=26208 RX ua=95 mt=R len=7
PKT t=26213 TX ua=95 mt=P len=0
PKT t=26242 RX ua=95 mt=R len=7
PKT t=26247 TX ua=95 mt=P len=0
PKT t=26256 RX ua=95 mt=R len=7
PKT t=26261 TX ua=95 mt=P len=0
PKT t=26270 RX ua=95 mt=R len=7
PKT t=26275 TX ua=95 mt=P len=0
PKT t=26284 RX ua=95 mt=R len=7
PKT t=26289 TX ua=95 mt=P len=0
PKT t=26311 RX ua=95 mt=R len=7
PKT t=26316 TX ua=95 mt=P len=0
PKT t=26341 RX ua=95 mt=R len=7
PKT t=26346 TX ua=95 mt=P len=0
PKT t=26355 RX ua=95 mt=R len=7
PKT t=26360 TX ua=95 mt=T len=7
PKT t=26373 TX ua=95 mt=P len=0
PKT t=26382 RX ua=95 mt=R len=7
PKT t=26387 TX ua=95 mt=P len=0
PKT t=26396 RX ua=95 mt=R len=7
PKT t=26401 TX ua=95 mt=P len=0
PKT t=26410 RX ua=95 mt=R len=7
PKT t=26415 TX ua=95 mt=P len=0
PKT t=26444 RX ua=95 mt=R len=7
PKT t=26449 TX ua=95 mt=P len=0
PKT t=26458 RX ua=95 mt=R len=7
PKT t=26463 TX ua=95 mt=P len=0
PKT t=26472 RX ua=95 mt=R len=7
PKT t=26477 TX ua=95 mt=P len=0
PKT t=26486 RX ua=95 mt=R len=7
PKT t=26491 TX ua=95 mt=P len=0
PKT t=26501 RX ua=95 mt=R len=7
PKT t=26506 TX ua=95 mt=P len=0
PKT t=26515 RX ua=95 mt=R len=7
PKT t=26520 TX ua=95 mt=P len=0
PKT t=26561 RX ua=95 mt=R len=7
PKT t=26566 TX ua=95 mt=P len=0
PKT t=26575 RX ua=95 mt=R len=7
PKT t=26580 TX ua=95 mt=P len=0
PKT t=26589 RX ua=95 mt=R len=7
PKT t=26594 TX ua=95 mt=P len=0
PKT t=26603 RX ua=95 mt=R len=7
PKT t=26608 TX ua=95 mt=T len=7
PKT t=26621 TX ua=95 mt=P len=0
PKT t=26648 RX ua=95 mt=R len=7
PKT t=26653 TX ua=95 mt=P len=0
PKT t=26662 RX ua=95 mt=R len=7
PKT t=26667 TX ua=95 mt=P len=0
PKT t=26676 RX ua=95 mt=R len=7
PKT t=26681 TX ua=95 mt=P len=0
PKT t=26690 RX ua=95 mt=R len=7
PKT t=26695 TX ua=95 mt=P len=0
PKT t=26704 RX ua=95 mt=R len=7
PKT t=26709 TX ua=95 mt=P len=0
PKT t=26718 RX ua=95 mt=R len=7
PKT t=26723 TX ua=95 mt=P len=0
PKT t=26752 RX ua=95 mt=R len=7
PKT t=26757 TX ua=95 mt=P len=0
PKT t=26766 RX ua=95 mt=R len=7
PKT t=26771 TX ua=95 mt=P len=0
PKT t=26780 RX ua=95 mt=R len=7
PKT t=26785 TX ua=95 mt=P len=0
PKT t=26794 RX ua=95 mt=R len=7
PKT t=26811 TX ua=95 mt=P len=0
PKT t=26820 RX ua=95 mt=R len=7
PKT t=26825 TX ua=95 mt=P len=0
PKT t=26854 RX ua=95 mt=R len=7
PKT t=26859 TX ua=95 mt=T len=7
PKT t=26872 TX ua=95 mt=P len=0
PKT t=26881 RX ua=95 mt=R len=7
PKT t=26886 TX ua=95 mt=P len=0
PKT t=26895 RX ua=95 mt=R len=7
PKT t=26900 TX ua=95 mt=P len=0
PKT t=26909 RX ua=95 mt=R len=7
PKT t=26914 TX ua=95 mt=P len=0
PKT t=26923 RX ua=95 mt=R len=7
PKT t=26928 TX ua=95 mt=P len=0
PKT t=26957 RX ua=95 mt=R len=7
PKT t=26962 TX ua=95 mt=P len=0
PKT t=26971 RX ua=95 mt=R len=7
PKT t=26976 TX ua=95 mt=P len=0
PKT t=26985 RX ua=95 mt=R len=7
PKT t=26990 TX ua=95 mt=P len=0
PKT t=26999 RX ua=95 mt=R len=7
PKT t=27004 TX ua=95 mt=P len=0
PKT t=27013 RX ua=95 mt=R len=7
PKT t=27018 TX ua=95 mt=P len=0
PKT t=27027 RX ua=95 mt=R len=7
PKT t=27032 TX ua=95 mt=P len=0
PKT t=27061 RX ua=95 mt=R len=7
PKT t=27066 TX ua=95 mt=P len=0
PKT t=27075 RX ua=95 mt=R len=7
PKT t=27080 TX ua=95 mt=P len=0
PKT t=27089 RX ua=95 mt=R len=7
PKT t=27094 TX ua=95 mt=P len=0
PKT t=27103 RX ua=95 mt=R len=7
PKT t=27108 TX ua=95 mt=T len=7
PKT t=27120 TX ua=95 mt=P len=0
PKT t=27129 RX ua=95 mt=R len=7
PKT t=27134 TX ua=95 mt=P len=0
PKT t=27163 RX ua=95 mt=R len=7
PKT t=27168 TX ua=95 mt=P len=0
PKT t=27177 RX ua=95 mt=R len=7
PKT t=27182 TX ua=95 mt=P len=0
PKT t=27191 RX ua=95 mt=R len=7
PKT t=27196 TX ua=95 mt=P len=0
PKT t=27205 RX ua=95 mt=R len=7
PKT t=27210 TX ua=95 mt=P len=0
PKT t=27219 RX ua=95 mt=R len=7
PKT t=27224 TX ua=95 mt=P len=0
PKT t=27233 RX ua=95 mt=R len=7
PKT t=27238 TX ua=95 mt=P len=0
PKT t=27267 RX ua=95 mt=R len=7
PKT t=27272 TX ua=95 mt=P len=0
PKT t=27281 RX ua=95 mt=R len=7
PKT t=27286 TX ua=95 mt=P len=0
PKT t=27295 RX ua=95 mt=R len=7
PKT t=27311 TX ua=95 mt=P len=0
PKT t=27320 RX ua=95 mt=R len=7
PKT t=27325 TX ua=95 mt=P len=0
PKT t=27334 RX ua=95 mt=R len=7
PKT t=27339 TX ua=95 mt=P len=0
PKT t=27368 RX ua=95 mt=R len=7
PKT t=27373 TX ua=95 mt=T len=7
PKT t=27385 TX ua=95 mt=P len=0
PKT t=27395 RX ua=95 mt=R len=7
PKT t=27400 TX ua=95 mt=P len=0
PKT t=27410 RX ua=95 mt=R len=7
PKT t=27415 TX ua=95 mt=P len=0
PKT t=27425 RX ua=95 mt=R len=7
PKT t=27430 TX ua=95 mt=P len=0
PKT t=27440 RX ua=95 mt=R len=7
PKT t=27445 TX ua=95 mt=P len=0
PKT t=27474 RX ua=95 mt=R len=7
PKT t=27479 TX ua=95 mt=P len=0
PKT t=27489 RX ua=95 mt=R len=7
PKT t=27494 TX ua=95 mt=P len=0
PKT t=27504 RX ua=95 mt=R len=7
PKT t=27509 TX ua=95 mt=P len=0
PKT t=27519 RX ua=95 mt=R len=7
PKT t=27524 TX ua=95 mt=P len=0
PKT t=27534 RX ua=95 mt=R len=7
PKT t=27539 TX ua=95 mt=P len=0
PKT t=27561 RX ua=95 mt=R len=7
PKT t=27566 TX ua=95 mt=P len=0
PKT t=27583 RX ua=95 mt=R len=7
PKT t=27588 TX ua=95 mt=P len=0
PKT t=27598 RX ua=95 mt=R len=7
PKT t=27603 TX ua=95 mt=P len=0
PKT t=27613 RX ua=95 mt=R len=7
PKT t=27618 TX ua=95 mt=T len=7
PKT t=27630 TX ua=95 mt=P len=0
PKT t=27639 RX ua=95 mt=R len=7
PKT t=27644 TX ua=95 mt=P len=0
PKT t=27653 RX ua=95 mt=R len=7
PKT t=27658 TX ua=95 mt=P len=0
PKT t=27687 RX ua=95 mt=R len=7
PKT t=27692 TX ua=95 mt=P len=0
PKT t=27701 RX ua=95 mt=R len=7
PKT t=27706 TX ua=95 mt=P len=0
PKT t=27715 RX ua=95 mt=R len=7
PKT t=27720 TX ua=95 mt=P len=0
PKT t=27729 RX ua=95 mt=R len=7
PKT t=27734 TX ua=95 mt=P len=0
PKT t=27743 RX ua=95 mt=R len=7
PKT t=27748 TX ua=95 mt=P len=0
PKT t=27757 RX ua=95 mt=R len=7
PKT t=27762 TX ua=95 mt=P len=0
PKT t=27791 RX ua=95 mt=R len=7
PKT t=27796 TX ua=95 mt=P len=0
PKT t=27811 RX ua=95 mt=R len=7
PKT t=28066 TX ua=96 mt=P len=0
PKT t=28324 TX ua=95 mt=P len=0
PKT t=28333 RX ua=95 mt=R len=7
PKT t=28338 TX ua=95 mt=T len=7
PKT t=28350 TX ua=95 mt=P len=0
PKT t=28359 RX ua=95 mt=R len=7
PKT t=28364 TX ua=95 mt=T len=7
PKT t=28376 TX ua=95 mt=P len=0
PKT t=28395 RX ua=95 mt=R len=7
PKT t=28400 TX ua=95 mt=P len=0
PKT t=28409 RX ua=95 mt=R len=7
PKT t=28414 TX ua=95 mt=P len=0
PKT t=28423 RX ua=95 mt=R len=7
PKT t=28428 TX ua=95 mt=P len=0
PKT t=28437 RX ua=95 mt=R len=7
PKT t=28442 TX ua=95 mt=P len=0
PKT t=28451 RX ua=95 mt=R len=7
PKT t=28456 TX ua=95 mt=P len=0
PKT t=28465 RX ua=95 mt=R len=7
PKT t=28470 TX ua=95 mt=P len=0
PKT t=28499 RX ua=95 mt=R len=7
PKT t=28504 TX ua=95 mt=P len=0
PKT t=28513 RX ua=95 mt=R len=7
PKT t=28518 TX ua=95 mt=P len=0
PKT t=28527 RX ua=95 mt=R len=7
PKT t=28532 TX ua=95 mt=P len=0
PKT t=28541 RX ua=95 mt=R len=7
PKT t=28546 TX ua=95 mt=P len=0
PKT t=28561 RX ua=95 mt=R len=7
PKT t=28816 TX ua=96 mt=P len=0
PKT t=29074 TX ua=95 mt=P len=0
PKT t=29083 RX ua=95 mt=R len=7
PKT t=29088 TX ua=95 mt=T len=7
PKT t=29100 TX ua=95 mt=P len=0
PKT t=29109 RX ua=95 mt=R len=7
PKT t=29114 TX ua=95 mt=T len=7
PKT t=29127 TX ua=95 mt=P len=0
PKT t=29136 RX ua=95 mt=R len=7
PKT t=29141 TX ua=95 mt=P len=0
PKT t=29150 RX ua=95 mt=R len=7
PKT t=29155 TX ua=95 mt=P len=0
PKT t=29164 RX ua=95 mt=R len=7
PKT t=29169 TX ua=95 mt=P len=0
PKT t=29198 RX ua=95 mt=R len=7
PKT t=29203 TX ua=95 mt=P len=0
PKT t=29212 RX ua=95 mt=R len=7
PKT t=29217 TX ua=95 mt=P len=0
PKT t=29226 RX ua=95 mt=R len=7
PKT t=29231 TX ua=95 mt=P len=0
PKT t=29240 RX ua=95 mt=R len=7
PKT t=29245 TX ua=95 mt=P len=0
PKT t=29254 RX ua=95 mt=R len=7
PKT t=29259 TX ua=95 mt=P len=0
PKT t=29268 RX ua=95 mt=R len=7
PKT t=29273 TX ua=95 mt=P len=0
PKT t=29311 RX ua=95 mt=R len=7
PKT t=29316 TX ua=95 mt=P len=0
PKT t=29325 RX ua=95 mt=R len=7
PKT t=29330 TX ua=95 mt=P len=0
PKT t=29339 RX ua=95 mt=R len=7
PKT t=29344 TX ua=95 mt=P len=0
PKT t=29353 RX ua=95 mt=R len=7
PKT t=29358 TX ua=95 mt=T len=7
PKT t=29371 TX ua=95 mt=P len=0
PKT t=29402 RX ua=95 mt=R len=7
PKT t=29406 TX ua=95 mt=P len=0
PKT t=29416 RX ua=95 mt=R len=7
PKT t=29421 TX ua=95 mt=P len=0
PKT t=29431 RX ua=95 mt=R len=7
PKT t=29436 TX ua=95 mt=P len=0
PKT t=29446 RX ua=95 mt=R len=7
PKT t=29451 TX ua=95 mt=P len=0
PKT t=29461 RX ua=95 mt=R len=7
PKT t=29466 TX ua=95 mt=P len=0
PKT t=29476 RX ua=95 mt=R len=7
PKT t=29481 TX ua=95 mt=P len=0
PKT t=29511 RX ua=95 mt=R len=7
PKT t=29516 TX ua=95 mt=P len=0
PKT t=29526 RX ua=95 mt=R len=7
PKT t=29531 TX ua=95 mt=P len=0
PKT t=29541 RX ua=95 mt=R len=7
PKT t=29546 TX ua=95 mt=P len=0
PKT t=29561 RX ua=95 mt=R len=7
PKT t=29816 TX ua=96 mt=P len=0
PKT t=30074 TX ua=95 mt=P len=0
PKT t=30084 RX ua=95 mt=R len=7
PKT t=30089 TX ua=95 mt=T len=7
PKT t=30102 TX ua=95 mt=P len=0
PKT t=30120 RX ua=95 mt=R len=7
PKT t=30125 TX ua=95 mt=T len=7
PKT t=30137 TX ua=95 mt=P len=0
PKT t=30146 RX ua=95 mt=R len=7
PKT t=30151 TX ua=95 mt=P len=0
PKT t=30160 RX ua=95 mt=R len=7
PKT t=30165 TX ua=95 mt=P len=0
PKT t=30174 RX ua=95 mt=R len=7
PKT t=30179 TX ua=95 mt=P len=0
PKT t=30188 RX ua=95 mt=R len=7
PKT t=30193 TX ua=95 mt=P len=0
PKT t=30222 RX ua=95 mt=R len=7
PKT t=30227 TX ua=95 mt=P len=0
PKT t=30236 RX ua=95 mt=R len=7
PKT t=30241 TX ua=95 mt=P len=0
PKT t=30250 RX ua=95 mt=R len=7
PKT t=30255 TX ua=95 mt=P len=0
PKT t=30264 RX ua=95 mt=R len=7
PKT t=30269 TX ua=95 mt=P len=0
PKT t=30278 RX ua=95 mt=R len=7
PKT t=30283 TX ua=95 mt=P len=0
PKT t=30292 RX ua=95 mt=R len=7
PKT t=30297 TX ua=95 mt=P len=0
PKT t=30326 RX ua=95 mt=R len=7
PKT t=30331 TX ua=95 mt=P len=0
PKT t=30340 RX ua=95 mt=R len=7
PKT t=30345 TX ua=95 mt=P len=0
PKT t=30354 RX ua=95 mt=R len=7
PKT t=30359 TX ua=95 mt=T len=7
PKT t=30371 TX ua=95 mt=P len=0
PKT t=30380 RX ua=95 mt=R len=7
PKT t=30385 TX ua=95 mt=P len=0
PKT t=30394 RX ua=95 mt=R len=7
PKT t=30399 TX ua=95 mt=P len=0
PKT t=30428 RX ua=95 mt=R len=7
PKT t=30433 TX ua=95 mt=P len=0
PKT t=30442 RX ua=95 mt=R len=7
PKT t=30447 TX ua=95 mt=P len=0
PKT t=30456 RX ua=95 mt=R len=7
PKT t=30461 TX ua=95 mt=P len=0
PKT t=30470 RX ua=95 mt=R len=7
PKT t=30475 TX ua=95 mt=P len=0
PKT t=30484 RX ua=95 mt=R len=7
PKT t=30489 TX ua=95 mt=P len=0
PKT t=30498 RX ua=95 mt=R len=7
PKT t=30503 TX ua=95 mt=P len=0
PKT t=30532 RX ua=95 mt=R len=7
PKT t=30537 TX ua=95 mt=P len=0
PKT t=30546 RX ua=95 mt=R len=7
PKT t=30561 TX ua=95 mt=P len=0
PKT t=30571 RX ua=95 mt=R len=7
PKT t=30576 TX ua=95 mt=P len=0
PKT t=30585 RX ua=95 mt=R len=7
PKT t=30590 TX ua=95 mt=P len=0
PKT t=30599 RX ua=95 mt=R len=7
PKT t=30604 TX ua=95 mt=T len=7
PKT t=30616 TX ua=95 mt=P len=0
PKT t=30635 RX ua=95 mt=R len=7
PKT t=30640 TX ua=95 mt=P len=0
PKT t=30649 RX ua=95 mt=R len=7
PKT t=30654 TX ua=95 mt=P len=0
PKT t=30663 RX ua=95 mt=R len=7
PKT t=30668 TX ua=95 mt=P len=0
PKT t=30677 RX ua=95 mt=R len=7
PKT t=30682 TX ua=95 mt=P len=0
PKT t=30691 RX ua=95 mt=R len=7
PKT t=30696 TX ua=95 mt=P len=0
PKT t=30705 RX ua=95 mt=R len=7
PKT t=30710 TX ua=95 mt=P len=0
PKT t=30739 RX ua=95 mt=R len=7
PKT t=30744 TX ua=95 mt=P len=0
PKT t=30753 RX ua=95 mt=R len=7
PKT t=30758 TX ua=95 mt=P len=0
PKT t=30767 RX ua=95 mt=R len=7
PKT t=30772 TX ua=95 mt=P len=0
PKT t=30781 RX ua=95 mt=R len=7
PKT t=30786 TX ua=95 mt=P len=0
PKT t=30795 RX ua=95 mt=R len=7
PKT t=30811 TX ua=95 mt=P len=0
PKT t=30838 RX ua=95 mt=R len=7
PKT t=30843 TX ua=95 mt=P len=0
PKT t=30852 RX ua=95 mt=R len=7
PKT t=30857 TX ua=95 mt=T len=7
PKT t=30869 TX ua=95 mt=P len=0
PKT t=30878 RX ua=95 mt=R len=7
PKT t=30883 TX ua=95 mt=P len=0
PKT t=30892 RX ua=95 mt=R len=7
PKT t=30897 TX ua=95 mt=P len=0
PKT t=30907 RX ua=95 mt=R len=7
PKT t=30912 TX ua=95 mt=P len=0
PKT t=30941 RX ua=95 mt=R len=7
PKT t=30946 TX ua=95 mt=P len=0
PKT t=30955 RX ua=95 mt=R len=7
PKT t=30960 TX ua=95 mt=P len=0
PKT t=30969 RX ua=95 mt=R len=7
PKT t=30974 TX ua=95 mt=P len=0
PKT t=30983 RX ua=95 mt=R len=7
PKT t=30988 TX ua=95 mt=P len=0
PKT t=30997 RX ua=95 mt=R len=7
PKT t=31002 TX ua=95 mt=P len=0
PKT t=31011 RX ua=95 mt=R len=7
PKT t=31016 TX ua=95 mt=P len=0
PKT t=31045 RX ua=95 mt=R len=7
PKT t=31061 TX ua=95 mt=P len=0
PKT t=31070 RX ua=95 mt=R len=7
PKT t=31075 TX ua=95 mt=P len=0
PKT t=31084 RX ua=95 mt=R len=7
PKT t=31089 TX ua=95 mt=P len=0
PKT t=31098 RX ua=95 mt=R len=7
PKT t=31103 TX ua=95 mt=P len=0
PKT t=31112 RX ua=95 mt=R len=7
PKT t=31117 TX ua=95 mt=T len=7
PKT t=31129 TX ua=95 mt=P len=0
PKT t=31148 RX ua=95 mt=R len=7
PKT t=31153 TX ua=95 mt=P len=0
PKT t=31162 RX ua=95 mt=R len=7
PKT t=31167 TX ua=95 mt=P len=0
PKT t=31176 RX ua=95 mt=R len=7
PKT t=31181 TX ua=95 mt=P len=0
PKT t=31190 RX ua=95 mt=R len=7
PKT t=31195 TX ua=95 mt=P len=0
PKT t=31204 RX ua=95 mt=R len=7
PKT t=31209 TX ua=95 mt=P len=0
PKT t=31218 RX ua=95 mt=R len=7
PKT t=31223 TX ua=95 mt=P len=0
PKT t=31252 RX ua=95 mt=R len=7
PKT t=31257 TX ua=95 mt=P len=0
PKT t=31266 RX ua=95 mt=R len=7
PKT t=31271 TX ua=95 mt=P len=0
PKT t=31280 RX ua=95 mt=R len=7
PKT t=31285 TX ua=95 mt=P len=0
PKT t=31294 RX ua=95 mt=R len=7
PKT t=31311 TX ua=95 mt=P len=0
PKT t=31320 RX ua=95 mt=R len=7
PKT t=31325 TX ua=95 mt=P len=0
PKT t=31354 RX ua=95 mt=R len=7
PKT t=31359 TX ua=95 mt=T len=7
PKT t=31371 TX ua=95 mt=P len=0
PKT t=31381 RX ua=95 mt=R len=7
PKT t=31386 TX ua=95 mt=P len=0
PKT t=31396 RX ua=95 mt=R len=7
PKT t=31401 TX ua=95 mt=P len=0
PKT t=31411 RX ua=95 mt=R len=7
PKT t=31416 TX ua=95 mt=P len=0
PKT t=31426 RX ua=95 mt=R len=7
PKT t=31431 TX ua=95 mt=P len=0
PKT t=31460 RX ua=95 mt=R len=7
PKT t=31465 TX ua=95 mt=P len=0
PKT t=31475 RX ua=95 mt=R len=7
PKT t=31480 TX ua=95 mt=P len=0
PKT t=31490 RX ua=95 mt=R len=7
PKT t=31495 TX ua=95 mt=P len=0
PKT t=31505 RX ua=95 mt=R len=7
PKT t=31510 TX ua=95 mt=P len=0
PKT t=31520 RX ua=95 mt=R len=7
PKT t=31525 TX ua=95 mt=P len=0
PKT t=31535 RX ua=95 mt=R len=7
PKT t=31540 TX ua=95 mt=P len=0
PKT t=31569 RX ua=95 mt=R len=7
PKT t=31574 TX ua=95 mt=P len=0
PKT t=31584 RX ua=95 mt=R len=7
PKT t=31589 TX ua=95 mt=P len=0
PKT t=31599 RX ua=95 mt=R len=7
PKT t=31604 TX ua=95 mt=T len=7
PKT t=31616 TX ua=95 mt=P len=0
PKT t=31626 RX ua=95 mt=R len=7
PKT t=31631 TX ua=95 mt=P len=0
PKT t=31640 RX ua=95 mt=R len=7
PKT t=31645 TX ua=95 mt=P len=0
PKT t=31674 RX ua=95 mt=R len=7
PKT t=31679 TX ua=95 mt=P len=0
PKT t=31688 RX ua=95 mt=R len=7
PKT t=31693 TX ua=95 mt=P len=0
PKT t=31703 RX ua=95 mt=R len=7
PKT t=31708 TX ua=95 mt=P len=0
PKT t=31717 RX ua=95 mt=R len=7
PKT t=31722 TX ua=95 mt=P len=0
PKT t=31731 RX ua=95 mt=R len=7
PKT t=31736 TX ua=95 mt=P len=0
PKT t=31745 RX ua=95 mt=R len=7
PKT t=31750 TX ua=95 mt=P len=0
PKT t=31779 RX ua=95 mt=R len=7
PKT t=31784 TX ua=95 mt=P len=0
PKT t=31793 RX ua=95 mt=R len=7
PKT t=31811 TX ua=95 mt=P len=0
PKT t=31820 RX ua=95 mt=R len=7
PKT t=31825 TX ua=95 mt=P len=0
PKT t=31834 RX ua=95 mt=R len=7
PKT t=31839 TX ua=95 mt=P len=0
PKT t=31848 RX ua=95 mt=R len=7
PKT t=31853 TX ua=95 mt=P len=0
PKT t=31882 RX ua=95 mt=R len=7
PKT t=31887 TX ua=95 mt=T len=7
PKT t=31899 TX ua=95 mt=P len=0
PKT t=31908 RX ua=95 mt=R len=7
PKT t=31913 TX ua=95 mt=P len=0
PKT t=31922 RX ua=95 mt=R len=7
PKT t=31927 TX ua=95 mt=P len=0
PKT t=31936 RX ua=95 mt=R len=7
PKT t=31941 TX ua=95 mt=P len=0
PKT t=31950 RX ua=95 mt=R len=7
PKT t=31955 TX ua=95 mt=P len=0
PKT t=31984 RX ua=95 mt=R len=7
PKT t=31989 TX ua=95 mt=P len=0
PKT t=31998 RX ua=95 mt=R len=7
PKT t=32003 TX ua=95 mt=P len=0
PKT t=32012 RX ua=95 mt=R len=7
PKT t=32020 TX ua=95 mt=P len=0
PKT t=32030 RX ua=95 mt=R len=7
PKT t=32035 TX ua=95 mt=P len=0
PKT t=32044 RX ua=95 mt=R len=7
PKT t=32061 TX ua=95 mt=P len=0
PKT t=32083 RX ua=95 mt=R len=7
PKT t=32088 TX ua=95 mt=P len=0
PKT t=32097 RX ua=95 mt=R len=7
PKT t=32102 TX ua=95 mt=P len=0
PKT t=32111 RX ua=95 mt=R len=7
PKT t=32116 TX ua=95 mt=T len=7
PKT t=32128 TX ua=95 mt=P len=0
PKT t=32137 RX ua=95 mt=R len=7
PKT t=32142 TX ua=95 mt=P len=0
PKT t=32151 RX ua=95 mt=R len=7
PKT t=32156 TX ua=95 mt=P len=0
PKT t=32189 RX ua=95 mt=R len=7
PKT t=32194 TX ua=95 mt=P len=0
PKT t=32203 RX ua=95 mt=R len=7
PKT t=32208 TX ua=95 mt=P len=0
PKT t=32217 RX ua=95 mt=R len=7
PKT t=32222 TX ua=95 mt=P len=0
PKT t=32231 RX ua=95 mt=R len=7
PKT t=32236 TX ua=95 mt=P len=0
PKT t=32245 RX ua=95 mt=R len=7
PKT t=32250 TX ua=95 mt=P len=0
PKT t=32259 RX ua=95 mt=R len=7
PKT t=32264 TX ua=95 mt=P len=0
PKT t=32293 RX ua=95 mt=R len=7
PKT t=32311 TX ua=95 mt=P len=0
PKT t=32320 RX ua=95 mt=R len=7
PKT t=32325 TX ua=95 mt=P len=0
PKT t=32334 RX ua=95 mt=R len=7
PKT t=32339 TX ua=95 mt=P len=0
PKT t=32348 RX ua=95 mt=R len=7
PKT t=32353 TX ua=95 mt=P len=0
PKT t=32362 RX ua=95 mt=R len=7
PKT t=32367 TX ua=95 mt=T len=7
PKT t=32379 TX ua=95 mt=P len=0
PKT t=32398 RX ua=95 mt=R len=7
PKT t=32403 TX ua=95 mt=P len=0
PKT t=32412 RX ua=95 mt=R len=7
PKT t=32417 TX ua=95 mt=P len=0
PKT t=32426 RX ua=95 mt=R len=7
PKT t=32431 TX ua=95 mt=P len=0
PKT t=32440 RX ua=95 mt=R len=7
PKT t=32445 TX ua=95 mt=P len=0
PKT t=32454 RX ua=95 mt=R len=7
PKT t=32459 TX ua=95 mt=P len=0
PKT t=32468 RX ua=95 mt=R len=7
PKT t=32473 TX ua=95 mt=P len=0
PKT t=32502 RX ua=95 mt=R len=7
PKT t=32507 TX ua=95 mt=P len=0
PKT t=32516 RX ua=95 mt=R len=7
PKT t=32521 TX ua=95 mt=P len=0
PKT t=32530 RX ua=95 mt=R len=7
PKT t=32535 TX ua=95 mt=P len=0
PKT t=32544 RX ua=95 mt=R len=7
PKT t=32561 TX ua=95 mt=P len=0
PKT t=32570 RX ua=95 mt=R len=7
PKT t=32575 TX ua=95 mt=P len=0
PKT t=32604 RX ua=95 mt=R len=7
PKT t=32609 TX ua=95 mt=T len=7
PKT t=32621 TX ua=95 mt=P len=0
PKT t=32630 RX ua=95 mt=R len=7
PKT t=32635 TX ua=95 mt=P len=0
PKT t=32644 RX ua=95 mt=R len=7
PKT t=32649 TX ua=95 mt=P len=0
PKT t=32658 RX ua=95 mt=R len=7
PKT t=32663 TX ua=95 mt=P len=0
PKT t=32672 RX ua=95 mt=R len=7
PKT t=32677 TX ua=95 mt=P len=0
PKT t=32706 RX ua=95 mt=R len=7
PKT t=32711 TX ua=95 mt=P len=0
PKT t=32720 RX ua=95 mt=R len=7
PKT t=32725 TX ua=95 mt=P len=0
PKT t=32734 RX ua=95 mt=R len=7
PKT t=32739 TX ua=95 mt=P len=0
PKT t=32748 RX ua=95 mt=R len=7
PKT t=32753 TX ua=95 mt=P len=0
PKT t=32762 RX ua=95 mt=R len=7
PKT t=32767 TX ua=95 mt=P len=0
PKT t=32776 RX ua=95 mt=R len=7
PKT t=32781 TX ua=95 mt=P len=0
PKT t=32811 RX ua=95 mt=R len=7
PKT t=32816 TX ua=95 mt=P len=0
PKT t=32825 RX ua=95 mt=R len=7
PKT t=32830 TX ua=95 mt=P len=0
PKT t=32839 RX ua=95 mt=R len=7
PKT t=32844 TX ua=95 mt=P len=0
PKT t=32853 RX ua=95 mt=R len=7
PKT t=32858 TX ua=95 mt=T len=7
PKT t=32870 TX ua=95 mt=P len=0
PKT t=32879 RX ua=95 mt=R len=7
PKT t=32884 TX ua=95 mt=P len=0
PKT t=32915 RX ua=95 mt=R len=7
PKT t=32920 TX ua=95 mt=P len=0
PKT t=32929 RX ua=95 mt=R len=7
PKT t=32934 TX ua=95 mt=P len=0
PKT t=32943 RX ua=95 mt=R len=7
PKT t=32948 TX ua=95 mt=P len=0
PKT t=32957 RX ua=95 mt=R len=7
PKT t=32962 TX ua=95 mt=P len=0
PKT t=32971 RX ua=95 mt=R len=7
PKT t=32976 TX ua=95 mt=P len=0
PKT t=32985 RX ua=95 mt=R len=7
PKT t=32990 TX ua=95 mt=P len=0
PKT t=33019 RX ua=95 mt=R len=7
PKT t=33024 TX ua=95 mt=P len=0
PKT t=33033 RX ua=95 mt=R len=7
PKT t=33038 TX ua=95 mt=P len=0
PKT t=33061 RX ua=95 mt=R len=7
PKT t=33066 TX ua=95 mt=P len=0
PKT t=33075 RX ua=95 mt=R len=7
PKT t=33080 TX ua=95 mt=P len=0
PKT t=33089 RX ua=95 mt=R len=7
PKT t=33094 TX ua=95 mt=P len=0
PKT t=33123 RX ua=95 mt=R len=7
PKT t=33128 TX ua=95 mt=T len=7
PKT t=33140 TX ua=95 mt=P len=0
PKT t=33149 RX ua=95 mt=R len=7
PKT t=33154 TX ua=95 mt=P len=0
PKT t=33163 RX ua=95 mt=R len=7
PKT t=33168 TX ua=95 mt=P len=0
PKT t=33177 RX ua=95 mt=R len=7
PKT t=33182 TX ua=95 mt=P len=0
PKT t=33191 RX ua=95 mt=R len=7
PKT t=33196 TX ua=95 mt=P len=0
PKT t=33225 RX ua=95 mt=R len=7
PKT t=33230 TX ua=95 mt=P len=0
PKT t=33239 RX ua=95 mt=R len=7
PKT t=33244 TX ua=95 mt=P len=0
PKT t=33253 RX ua=95 mt=R len=7
PKT t=33258 TX ua=95 mt=P len=0
PKT t=33267 RX ua=95 mt=R len=7
PKT t=33272 TX ua=95 mt=P len=0
PKT t=33281 RX ua=95 mt=R len=7
PKT t=33286 TX ua=95 mt=P len=0
PKT t=33295 RX ua=95 mt=R len=7
PKT t=33311 TX ua=95 mt=P len=0
PKT t=33329 RX ua=95 mt=R len=7
PKT t=33334 TX ua=95 mt=P len=0
PKT t=33343 RX ua=95 mt=R len=7
PKT t=33348 TX ua=95 mt=P len=0
PKT t=33357 RX ua=95 mt=R len=7
PKT t=33362 TX ua=95 mt=T len=7
PKT t=33374 TX ua=95 mt=P len=0
PKT t=33384 RX ua=95 mt=R len=7
PKT t=33389 TX ua=95 mt=P len=0
PKT t=33399 RX ua=95 mt=R len=7
PKT t=33404 TX ua=95 mt=P len=0
PKT t=33433 RX ua=95 mt=R len=7
PKT t=33438 TX ua=95 mt=P len=0
PKT t=33448 RX ua=95 mt=R len=7
PKT t=33453 TX ua=95 mt=P len=0
PKT t=33463 RX ua=95 mt=R len=7
PKT t=33468 TX ua=95 mt=P len=0
PKT t=33478 RX ua=95 mt=R len=7
PKT t=33483 TX ua=95 mt=P len=0
PKT t=33493 RX ua=95 mt=R len=7
PKT t=33498 TX ua=95 mt=P len=0
PKT t=33508 RX ua=95 mt=R len=7
PKT t=33513 TX ua=95 mt=P len=0
PKT t=33542 RX ua=95 mt=R len=7
PKT t=33547 TX ua=95 mt=P len=0
PKT t=33562 RX ua=95 mt=R len=7
PKT t=33817 TX ua=96 mt=P len=0
PKT t=34075 TX ua=95 mt=P len=0
PKT t=34085 RX ua=95 mt=R len=7
PKT t=34090 TX ua=95 mt=T len=7
PKT t=34102 TX ua=95 mt=P len=0
PKT t=34111 RX ua=95 mt=R len=7
PKT t=34116 TX ua=95 mt=T len=7
PKT t=34129 TX ua=95 mt=P len=0
PKT t=34147 RX ua=95 mt=R len=7
PKT t=34152 TX ua=95 mt=T len=7
PKT t=34165 TX ua=95 mt=P len=0
PKT t=34174 RX ua=95 mt=R len=7
PKT t=34179 TX ua=95 mt=P len=0
PKT t=34190 RX ua=95 mt=R len=7
PKT t=34195 TX ua=95 mt=P len=0
PKT t=34204 RX ua=95 mt=R len=7
PKT t=34209 TX ua=95 mt=P len=0
PKT t=34218 RX ua=95 mt=R len=7
PKT t=34223 TX ua=95 mt=P len=0
PKT t=34252 RX ua=95 mt=R len=7
PKT t=34257 TX ua=95 mt=P len=0
PKT t=34266 RX ua=95 mt=R len=7
PKT t=34271 TX ua=95 mt=P len=0
PKT t=34280 RX ua=95 mt=R len=7
PKT t=34285 TX ua=95 mt=P len=0
PKT t=34294 RX ua=95 mt=R len=7
PKT t=34311 TX ua=95 mt=P len=0
PKT t=34320 RX ua=95 mt=R len=7
PKT t=34325 TX ua=95 mt=P len=0
PKT t=34355 RX ua=95 mt=R len=7
PKT t=34359 TX ua=95 mt=T len=7
PKT t=34372 TX ua=95 mt=P len=0
PKT t=34381 RX ua=95 mt=R len=7
PKT t=34386 TX ua=95 mt=P len=0
PKT t=34395 RX ua=95 mt=R len=7
PKT t=34400 TX ua=95 mt=P len=0
PKT t=34409 RX ua=95 mt=R len=7
PKT t=34414 TX ua=95 mt=P len=0
PKT t=34423 RX ua=95 mt=R len=7
PKT t=34428 TX ua=95 mt=P len=0
PKT t=34457 RX ua=95 mt=R len=7
PKT t=34462 TX ua=95 mt=P len=0
PKT t=34471 RX ua=95 mt=R len=7
PKT t=34476 TX ua=95 mt=P len=0
PKT t=34485 RX ua=95 mt=R len=7
PKT t=34490 TX ua=95 mt=P len=0
PKT t=34499 RX ua=95 mt=R len=7
PKT t=34504 TX ua=95 mt=P len=0
PKT t=34513 RX ua=95 mt=R len=7
PKT t=34518 TX ua=95 mt=P len=0
PKT t=34527 RX ua=95 mt=R len=7
PKT t=34532 TX ua=95 mt=P len=0
PKT t=34561 RX ua=95 mt=R len=7
PKT t=34566 TX ua=95 mt=P len=0
PKT t=34575 RX ua=95 mt=R len=7
PKT t=34580 TX ua=95 mt=P len=0
PKT t=34589 RX ua=95 mt=R len=7
PKT t=34594 TX ua=95 mt=P len=0
PKT t=34603 RX ua=95 mt=R len=7
PKT t=34608 TX ua=95 mt=T len=7
PKT t=34621 TX ua=95 mt=P len=0
PKT t=34630 RX ua=95 mt=R len=7
PKT t=34635 TX ua=95 mt=P len=0
PKT t=34664 RX ua=95 mt=R len=7
PKT t=34669 TX ua=95 mt=P len=0
PKT t=34678 RX ua=95 mt=R len=7
PKT t=34683 TX ua=95 mt=P len=0
PKT t=34692 RX ua=95 mt=R len=7
PKT t=34697 TX ua=95 mt=P len=0
PKT t=34706 RX ua=95 mt=R len=7
PKT t=34711 TX ua=95 mt=P len=0
PKT t=34720 RX ua=95 mt=R len=7
PKT t=34725 TX ua=95 mt=P len=0
PKT t=34734 RX ua=95 mt=R len=7
PKT t=34739 TX ua=95 mt=P len=0
PKT t=34768 RX ua=95 mt=R len=7
PKT t=34773 TX ua=95 mt=P len=0
PKT t=34782 RX ua=95 mt=R len=7
PKT t=34787 TX ua=95 mt=P len=0
PKT t=34796 RX ua=95 mt=R len=7
PKT t=34811 TX ua=95 mt=P len=0
PKT t=34820 RX ua=95 mt=R len=7
PKT t=34825 TX ua=95 mt=P len=0
PKT t=34834 RX ua=95 mt=R len=7
PKT t=34839 TX ua=95 mt=P len=0
PKT t=34868 RX ua=95 mt=R len=7
PKT t=34873 TX ua=95 mt=T len=7
PKT t=34886 TX ua=95 mt=P len=0
PKT t=34895 RX ua=95 mt=R len=7
PKT t=34900 TX ua=95 mt=P len=0
PKT t=34909 RX ua=95 mt=R len=7
PKT t=34914 TX ua=95 mt=P len=0
PKT t=34923 RX ua=95 mt=R len=7
PKT t=34928 TX ua=95 mt=P len=0
PKT t=34937 RX ua=95 mt=R len=7
PKT t=34942 TX ua=95 mt=P len=0
PKT t=34971 RX ua=95 mt=R len=7
PKT t=34976 TX ua=95 mt=P len=0
PKT t=34985 RX ua=95 mt=R len=7
PKT t=34990 TX ua=95 mt=P len=0
PKT t=34999 RX ua=95 mt=R len=7
PKT t=35004 TX ua=95 mt=P len=0
PKT t=35013 RX ua=95 mt=R len=7
PKT t=35018 TX ua=95 mt=P len=0
PKT t=35027 RX ua=95 mt=R len=7
PKT t=35032 TX ua=95 mt=P len=0
PKT t=35041 RX ua=95 mt=R len=7
PKT t=35046 TX ua=95 mt=P len=0
PKT t=35075 RX ua=95 mt=R len=7
PKT t=35080 TX ua=95 mt=P len=0
PKT t=35089 RX ua=95 mt=R len=7
PKT t=35094 TX ua=95 mt=P len=0
PKT t=35103 RX ua=95 mt=R len=7
PKT t=35108 TX ua=95 mt=T len=7
PKT t=35120 TX ua=95 mt=P len=0
PKT t=35129 RX ua=95 mt=R len=7
PKT t=35134 TX ua=95 mt=P len=0
PKT t=35143 RX ua=95 mt=R len=7
PKT t=35148 TX ua=95 mt=P len=0
PKT t=35177 RX ua=95 mt=R len=7
PKT t=35182 TX ua=95 mt=P len=0
PKT t=35191 RX ua=95 mt=R len=7
PKT t=35196 TX ua=95 mt=P len=0
PKT t=35205 RX ua=95 mt=R len=7
PKT t=35210 TX ua=95 mt=P len=0
PKT t=35219 RX ua=95 mt=R len=7
PKT t=35224 TX ua=95 mt=P len=0
PKT t=35233 RX ua=95 mt=R len=7
PKT t=35238 TX ua=95 mt=P len=0
PKT t=35247 RX ua=95 mt=R len=7
PKT t=35252 TX ua=95 mt=P len=0
PKT t=35281 RX ua=95 mt=R len=7
PKT t=35286 TX ua=95 mt=P len=0
PKT t=35295 RX ua=95 mt=R len=7
PKT t=35311 TX ua=95 mt=P len=0
PKT t=35320 RX ua=95 mt=R len=7
PKT t=35325 TX ua=95 mt=P len=0
PKT t=35334 RX ua=95 mt=R len=7
PKT t=35339 TX ua=95 mt=P len=0
PKT t=35348 RX ua=95 mt=R len=7
PKT t=35353 TX ua=95 mt=P len=0
PKT t=35382 RX ua=95 mt=R len=7
PKT t=35387 TX ua=95 mt=T len=7
PKT t=35399 TX ua=95 mt=P len=0
PKT t=35409 RX ua=95 mt=R len=7
PKT t=35414 TX ua=95 mt=P len=0
PKT t=35424 RX ua=95 mt=R len=7
PKT t=35429 TX ua=95 mt=P len=0
PKT t=35439 RX ua=95 mt=R len=7
PKT t=35444 TX ua=95 mt=P len=0
PKT t=35454 RX ua=95 mt=R len=7
PKT t=35459 TX ua=95 mt=P len=0
PKT t=35488 RX ua=95 mt=R len=7
PKT t=35493 TX ua=95 mt=P len=0
PKT t=35503 RX ua=95 mt=R len=7
PKT t=35508 TX ua=95 mt=P len=0
PKT t=35518 RX ua=95 mt=R len=7
PKT t=35523 TX ua=95 mt=P len=0
PKT t=35533 RX ua=95 mt=R len=7
PKT t=35538 TX ua=95 mt=P len=0
PKT t=35561 RX ua=95 mt=R len=7
PKT t=35566 TX ua=95 mt=P len=0
PKT t=35588 RX ua=95 mt=R len=7
PKT t=35593 TX ua=95 mt=P len=0
PKT t=35603 RX ua=95 mt=R len=7
PKT t=35608 TX ua=95 mt=T len=7
PKT t=35620 TX ua=95 mt=P len=0
PKT t=35629 RX ua=95 mt=R len=7
PKT t=35634 TX ua=95 mt=P len=0
PKT t=35643 RX ua=95 mt=R len=7
PKT t=35648 TX ua=95 mt=P len=0
PKT t=35657 RX ua=95 mt=R len=7
PKT t=35662 TX ua=95 mt=P len=0
PKT t=35691 RX ua=95 mt=R len=7
PKT t=35696 TX ua=95 mt=P len=0
PKT t=35707 RX ua=95 mt=R len=7
PKT t=35712 TX ua=95 mt=P len=0
PKT t=35721 RX ua=95 mt=R len=7
PKT t=35726 TX ua=95 mt=P len=0
PKT t=35735 RX ua=95 mt=R len=7
PKT t=35740 TX ua=95 mt=P len=0
PKT t=35749 RX ua=95 mt=R len=7
PKT t=35754 TX ua=95 mt=P len=0
PKT t=35763 RX ua=95 mt=R len=7
PKT t=35768 TX ua=95 mt=P len=0
PKT t=35811 RX ua=95 mt=R len=7
PKT t=35816 TX ua=95 mt=P len=0
PKT t=35825 RX ua=95 mt=R len=7
PKT t=35830 TX ua=95 mt=P len=0
PKT t=35839 RX ua=95 mt=R len=7
PKT t=35844 TX ua=95 mt=P len=0
PKT t=35853 RX ua=95 mt=R len=7
PKT t=35858 TX ua=95 mt=T len=7
PKT t=35870 TX ua=95 mt=P len=0
PKT t=35898 RX ua=95 mt=R len=7
PKT t=35903 TX ua=95 mt=P len=0
PKT t=35912 RX ua=95 mt=R len=7
PKT t=35917 TX ua=95 mt=P len=0
PKT t=35926 RX ua=95 mt=R len=7
PKT t=35931 TX ua=95 mt=P len=0
PKT t=35940 RX ua=95 mt=R len=7
PKT t=35945 TX ua=95 mt=P len=0
PKT t=35954 RX ua=95 mt=R len=7
PKT t=35959 TX ua=95 mt=P len=0
PKT t=35968 RX ua=95 mt=R len=7
PKT t=35973 TX ua=95 mt=P len=0
PKT t=36002 RX ua=95 mt=R len=7
PKT t=36007 TX ua=95 mt=P len=0
PKT t=36016 RX ua=95 mt=R len=7
PKT t=36022 TX ua=95 mt=P len=0
PKT t=36031 RX ua=95 mt=R len=7
PKT t=36036 TX ua=95 mt=P len=0
PKT t=36045 RX ua=95 mt=R len=7
PKT t=36061 TX ua=95 mt=P len=0
PKT t=36070 RX ua=95 mt=R len=7
PKT t=36075 TX ua=95 mt=P len=0
PKT t=36104 RX ua=95 mt=R len=7
PKT t=36109 TX ua=95 mt=T len=7
PKT t=36121 TX ua=95 mt=P len=0
PKT t=36130 RX ua=95 mt=R len=7
PKT t=36135 TX ua=95 mt=P len=0
PKT t=36144 RX ua=95 mt=R len=7
PKT t=36149 TX ua=95 mt=P len=0
PKT t=36158 RX ua=95 mt=R len=7
PKT t=36163 TX ua=95 mt=P len=0
PKT t=36172 RX ua=95 mt=R len=7
PKT t=36177 TX ua=95 mt=P len=0
PKT t=36210 RX ua=95 mt=R len=7
PKT t=36215 TX ua=95 mt=P len=0
PKT t=36224 RX ua=95 mt=R len=7
PKT t=36229 TX ua=95 mt=P len=0
PKT t=36238 RX ua=95 mt=R len=7
PKT t=36243 TX ua=95 mt=P len=0
PKT t=36252 RX ua=95 mt=R len=7
PKT t=36257 TX ua=95 mt=P len=0
PKT t=36266 RX ua=95 mt=R len=7
PKT t=36271 TX ua=95 mt=P len=0
PKT t=36280 RX ua=95 mt=R len=7
PKT t=36285 TX ua=95 mt=P len=0
PKT t=36314 RX ua=95 mt=R len=7
PKT t=36319 TX ua=95 mt=P len=0
PKT t=36328 RX ua=95 mt=R len=7
PKT t=36333 TX ua=95 mt=P len=0
PKT t=36342 RX ua=95 mt=R len=7
PKT t=36347 TX ua=95 mt=P len=0
PKT t=36356 RX ua=95 mt=R len=7
PKT t=36361 TX ua=95 mt=T len=7
PKT t=36373 TX ua=95 mt=P len=0
PKT t=36382 RX ua=95 mt=R len=7
PKT t=36387 TX ua=95 mt=P len=0
PKT t=36416 RX ua=95 mt=R len=7
PKT t=36421 TX ua=95 mt=P len=0
PKT t=36430 RX ua=95 mt=R len=7
PKT t=36435 TX ua=95 mt=P len=0
PKT t=36444 RX ua=95 mt=R len=7
PKT t=36449 TX ua=95 mt=P len=0
PKT t=36458 RX ua=95 mt=R len=7
PKT t=36463 TX ua=95 mt=P len=0
PKT t=36472 RX ua=95 mt=R len=7
PKT t=36477 TX ua=95 mt=P len=0
PKT t=36486 RX ua=95 mt=R len=7
PKT t=36491 TX ua=95 mt=P len=0
PKT t=36520 RX ua=95 mt=R len=7
PKT t=36525 TX ua=95 mt=P len=0
PKT t=36534 RX ua=95 mt=R len=7
PKT t=36539 TX ua=95 mt=P len=0
PKT t=36561 RX ua=95 mt=R len=7
PKT t=36566 TX ua=95 mt=P len=0
PKT t=36575 RX ua=95 mt=R len=7
PKT t=36580 TX ua=95 mt=P len=0
PKT t=36589 RX ua=95 mt=R len=7
PKT t=36594 TX ua=95 mt=P len=0
PKT t=36623 RX ua=95 mt=R len=7
PKT t=36628 TX ua=95 mt=T len=7
PKT t=36640 TX ua=95 mt=P len=0
PKT t=36649 RX ua=95 mt=R len=7
PKT t=36654 TX ua=95 mt=P len=0
PKT t=36663 RX ua=95 mt=R len=7
PKT t=36668 TX ua=95 mt=P len=0
PKT t=36677 RX ua=95 mt=R len=7
PKT t=36682 TX ua=95 mt=P len=0
PKT t=36691 RX ua=95 mt=R len=7
PKT t=36696 TX ua=95 mt=P len=0
PKT t=36725 RX ua=95 mt=R len=7
PKT t=36730 TX ua=95 mt=P len=0
PKT t=36739 RX ua=95 mt=R len=7
PKT t=36744 TX ua=95 mt=P len=0
PKT t=36753 RX ua=95 mt=R len=7
PKT t=36758 TX ua=95 mt=P len=0
PKT t=36767 RX ua=95 mt=R len=7
PKT t=36772 TX ua=95 mt=P len=0
PKT t=36781 RX ua=95 mt=R len=7
PKT t=36786 TX ua=95 mt=P len=0
PKT t=36795 RX ua=95 mt=R len=7
PKT t=36811 TX ua=95 mt=P len=0
PKT t=36829 RX ua=95 mt=R len=7
PKT t=36834 TX ua=95 mt=P len=0
PKT t=36843 RX ua=95 mt=R len=7
PKT t=36848 TX ua=95 mt=P len=0
PKT t=36857 RX ua=95 mt=R len=7
PKT t=36862 TX ua=95 mt=T len=7
PKT t=36874 TX ua=95 mt=P len=0
PKT t=36883 RX ua=95 mt=R len=7
PKT t=36888 TX ua=95 mt=P len=0
PKT t=36897 RX ua=95 mt=R len=7
PKT t=36902 TX ua=95 mt=P len=0
PKT t=36931 RX ua=95 mt=R len=7
PKT t=36936 TX ua=95 mt=P len=0
PKT t=36945 RX ua=95 mt=R len=7
PKT t=36950 TX ua=95 mt=P len=0
PKT t=36959 RX ua=95 mt=R len=7
PKT t=36964 TX ua=95 mt=P len=0
PKT t=36973 RX ua=95 mt=R len=7
PKT t=36978 TX ua=95 mt=P len=0
PKT t=36987 RX ua=95 mt=R len=7
PKT t=36992 TX ua=95 mt=P len=0
PKT t=37001 RX ua=95 mt=R len=7
PKT t=37006 TX ua=95 mt=P len=0
PKT t=37035 RX ua=95 mt=R len=7
PKT t=37040 TX ua=95 mt=P len=0
PKT t=37061 RX ua=95 mt=R len=7
PKT t=37066 TX ua=95 mt=P len=0
PKT t=37075 RX ua=95 mt=R len=7
PKT t=37080 TX ua=95 mt=P len=0
PKT t=37089 RX ua=95 mt=R len=7
PKT t=37094 TX ua=95 mt=P len=0
PKT t=37103 RX ua=95 mt=R len=7
PKT t=37108 TX ua=95 mt=T len=7
PKT t=37121 TX ua=95 mt=P len=0
PKT t=37139 RX ua=95 mt=R len=7
PKT t=37144 TX ua=95 mt=P len=0
PKT t=37153 RX ua=95 mt=R len=7
PKT t=37158 TX ua=95 mt=P len=0
PKT t=37167 RX ua=95 mt=R len=7
PKT t=37172 TX ua=95 mt=P len=0
PKT t=37181 RX ua=95 mt=R len=7
PKT t=37186 TX ua=95 mt=P len=0
PKT t=37195 RX ua=95 mt=R len=7
PKT t=37200 TX ua=95 mt=P len=0
PKT t=37209 RX ua=95 mt=R len=7
PKT t=37214 TX ua=95 mt=P len=0
PKT t=37243 RX ua=95 mt=R len=7
PKT t=37248 TX ua=95 mt=P len=0
PKT t=37257 RX ua=95 mt=R len=7
PKT t=37262 TX ua=95 mt=P len=0
PKT t=37271 RX ua=95 mt=R len=7
PKT t=37276 TX ua=95 mt=P len=0
PKT t=37285 RX ua=95 mt=R len=7
PKT t=37290 TX ua=95 mt=P len=0
PKT t=37311 RX ua=95 mt=R len=7
PKT t=37316 TX ua=95 mt=P len=0
PKT t=37342 RX ua=95 mt=R len=7
PKT t=37347 TX ua=95 mt=P len=0
PKT t=37356 RX ua=95 mt=R len=7
PKT t=37361 TX ua=95 mt=T len=7
PKT t=37374 TX ua=95 mt=P len=0
PKT t=37384 RX ua=95 mt=R len=7
PKT t=37389 TX ua=95 mt=P len=0
PKT t=37399 RX ua=95 mt=R len=7
PKT t=37404 TX ua=95 mt=P len=0
PKT t=37414 RX ua=95 mt=R len=7
PKT t=37419 TX ua=95 mt=P len=0
PKT t=37448 RX ua=95 mt=R len=7
PKT t=37453 TX ua=95 mt=P len=0
PKT t=37463 RX ua=95 mt=R len=7
PKT t=37468 TX ua=95 mt=P len=0
PKT t=37478 RX ua=95 mt=R len=7
PKT t=37483 TX ua=95 mt=P len=0
PKT t=37493 RX ua=95 mt=R len=7
PKT t=37498 TX ua=95 mt=P len=0
PKT t=37508 RX ua=95 mt=R len=7
PKT t=37513 TX ua=95 mt=P len=0
PKT t=37523 RX ua=95 mt=R len=7
PKT t=37528 TX ua=95 mt=P len=0
PKT t=37561 RX ua=95 mt=R len=7
PKT t=37566 TX ua=95 mt=P len=0
PKT t=37576 RX ua=95 mt=R len=7
PKT t=37581 TX ua=95 mt=P len=0
PKT t=37591 RX ua=95 mt=R len=7
PKT t=37596 TX ua=95 mt=P len=0
PKT t=37606 RX ua=95 mt=R len=7
PKT t=37611 TX ua=95 mt=T len=7
PKT t=37624 TX ua=95 mt=P len=0
PKT t=37656 RX ua=95 mt=R len=7
PKT t=37661 TX ua=95 mt=P len=0
PKT t=37670 RX ua=95 mt=R len=7
PKT t=37675 TX ua=95 mt=P len=0
PKT t=37684 RX ua=95 mt=R len=7
PKT t=37689 TX ua=95 mt=P len=0
PKT t=37698 RX ua=95 mt=R len=7
PKT t=37703 TX ua=95 mt=P len=0
PKT t=37712 RX ua=95 mt=R len=7
PKT t=37717 TX ua=95 mt=P len=0
PKT t=37726 RX ua=95 mt=R len=7
PKT t=37731 TX ua=95 mt=P len=0
PKT t=37760 RX ua=95 mt=R len=7
PKT t=37765 TX ua=95 mt=P len=0
PKT t=37774 RX ua=95 mt=R len=7
PKT t=37779 TX ua=95 mt=P len=0
PKT t=37788 RX ua=95 mt=R len=7
PKT t=37793 TX ua=95 mt=P len=0
PKT t=37811 RX ua=95 mt=R len=7
PKT t=37816 TX ua=95 mt=P len=0
PKT t=37825 RX ua=95 mt=R len=7
PKT t=37830 TX ua=95 mt=P len=0
PKT t=37859 RX ua=95 mt=R len=7
PKT t=37864 TX ua=95 mt=T len=7
PKT t=37877 TX ua=95 mt=P len=0
PKT t=37886 RX ua=95 mt=R len=7
PKT t=37891 TX ua=95 mt=P len=0
PKT t=37900 RX ua=95 mt=R len=7
PKT t=37905 TX ua=95 mt=P len=0
PKT t=37914 RX ua=95 mt=R len=7
PKT t=37919 TX ua=95 mt=P len=0
PKT t=37928 RX ua=95 mt=R len=7
PKT t=37933 TX ua=95 mt=P len=0
PKT t=37962 RX ua=95 mt=R len=7
PKT t=37967 TX ua=95 mt=P len=0
PKT t=37976 RX ua=95 mt=R len=7
PKT t=37981 TX ua=95 mt=P len=0
PKT t=37990 RX ua=95 mt=R len=7
PKT t=37995 TX ua=95 mt=P len=0
PKT t=38004 RX ua=95 mt=R len=7
PKT t=38009 TX ua=95 mt=P len=0
PKT t=38018 RX ua=95 mt=R len=7
PKT t=38023 TX ua=95 mt=P len=0
PKT t=38032 RX ua=95 mt=R len=7
PKT t=38037 TX ua=95 mt=P len=0
PKT t=38066 RX ua=95 mt=R len=7
PKT t=38071 TX ua=95 mt=P len=0
PKT t=38080 RX ua=95 mt=R len=7
PKT t=38085 TX ua=95 mt=P len=0
PKT t=38094 RX ua=95 mt=R len=7
PKT t=38099 TX ua=95 mt=P len=0
PKT t=38108 RX ua=95 mt=R len=7
