PKT t=7194 TX ua=95 mt=P len=0
PKT t=7203 RX ua=95 mt=R len=7
PKT t=7208 TX ua=95 mt=T len=7
PKT t=7220 TX ua=95 mt=P len=0
PKT t=7229 RX ua=95 mt=R len=7
PKT t=7234 TX ua=95 mt=P len=0
PKT t=7243 RX ua=95 mt=R len=7
PKT t=7281 TX ua=95 mt=P len=0
PKT t=7301 RX ua=95 mt=R len=7
PKT t=7306 TX ua=95 mt=P len=0
PKT t=7315 RX ua=95 mt=R len=7
PKT t=7320 TX ua=95 mt=P len=0
PKT t=7329 RX ua=95 mt=R len=7
PKT t=7334 TX ua=95 mt=P len=0
PKT t=7343 RX ua=95 mt=R len=7
PKT t=7348 TX ua=95 mt=P len=0
PKT t=7357 RX ua=95 mt=R len=7
PKT t=7362 TX ua=95 mt=P len=0
PKT t=7371 RX ua=95 mt=R len=7
PKT t=7376 TX ua=95 mt=P len=0
PKT t=7405 RX ua=95 mt=R len=7
PKT t=7410 TX ua=95 mt=T len=7
PKT t=7422 TX ua=95 mt=P len=0
PKT t=7432 RX ua=95 mt=R len=7
PKT t=7437 TX ua=95 mt=P len=0
PKT t=7447 RX ua=95 mt=R len=7
PKT t=7452 TX ua=95 mt=P len=0
PKT t=7462 RX ua=95 mt=R len=7
PKT t=7467 TX ua=95 mt=P len=0
PKT t=7477 RX ua=95 mt=R len=7
PKT t=7482 TX ua=95 mt=P len=0
PKT t=7511 RX ua=95 mt=R len=7
PKT t=7516 TX ua=95 mt=P len=0
PKT t=7526 RX ua=95 mt=R len=7
PKT t=7531 TX ua=95 mt=P len=0
PKT t=7541 RX ua=95 mt=R len=7
PKT t=7546 TX ua=95 mt=P len=0
PKT t=7581 RX ua=95 mt=R len=7
PKT t=7836 TX ua=96 mt=I len=13
PKT t=8344 TX ua=96 mt=T len=4
PKT t=8355 TX ua=95 mt=P len=0
PKT t=8365 RX ua=95 mt=R len=7
PKT t=8370 TX ua=95 mt=T len=7
PKT t=8382 TX ua=95 mt=T len=7
PKT t=8394 TX ua=95 mt=P len=0
PKT t=8412 RX ua=95 mt=R len=7
PKT t=8417 TX ua=95 mt=P len=0
PKT t=8426 RX ua=95 mt=R len=7
PKT t=8431 TX ua=95 mt=P len=0
PKT t=8440 RX ua=95 mt=R len=7
PKT t=8445 TX ua=95 mt=P len=0
PKT t=8481 RX ua=95 mt=R len=7
PKT t=8736 TX ua=96 mt=P len=0
PKT t=8994 TX ua=95 mt=P len=0
PKT t=9003 RX ua=95 mt=R len=7
PKT t=9008 TX ua=95 mt=T len=7
PKT t=9020 TX ua=95 mt=P len=0
PKT t=9029 RX ua=95 mt=R len=7
PKT t=9034 TX ua=95 mt=P len=0
PKT t=9043 RX ua=95 mt=R len=7
PKT t=9081 TX ua=95 mt=P len=0
PKT t=9110 RX ua=95 mt=R len=7
PKT t=9115 TX ua=95 mt=P len=0
PKT t=9124 RX ua=95 mt=R len=7
PKT t=9129 TX ua=95 mt=T len=7
PKT t=9141 TX ua=95 mt=P len=0
PKT t=9150 RX ua=95 mt=R len=7
PKT t=9155 TX ua=95 mt=P len=0
PKT t=9164 RX ua=95 mt=R len=7
PKT t=9169 TX ua=95 mt=P len=0
PKT t=9178 RX ua=95 mt=R len=7
PKT t=9183 TX ua=95 mt=P len=0
PKT t=9212 RX ua=95 mt=R len=7
PKT t=9217 TX ua=95 mt=P len=0
PKT t=9226 RX ua=95 mt=R len=7
PKT t=9231 TX ua=95 mt=P len=0
PKT t=9240 RX ua=95 mt=R len=7
PKT t=9245 TX ua=95 mt=P len=0
PKT t=9254 RX ua=95 mt=R len=7
PKT t=9259 TX ua=95 mt=P len=0
PKT t=9268 RX ua=95 mt=R len=7
PKT t=9273 TX ua=95 mt=P len=0
PKT t=9282 RX ua=95 mt=R len=7
PKT t=9287 TX ua=95 mt=P len=0
PKT t=9316 RX ua=95 mt=R len=7
PKT t=9321 TX ua=95 mt=P len=0
PKT t=9330 RX ua=95 mt=R len=7
PKT t=9335 TX ua=95 mt=P len=0
PKT t=9344 RX ua=95 mt=R len=7
PKT t=9381 TX ua=95 mt=P len=0
PKT t=9390 RX ua=95 mt=R len=7
PKT t=9395 TX ua=95 mt=T len=7
PKT t=9407 TX ua=95 mt=P len=0
PKT t=9426 RX ua=95 mt=R len=7
PKT t=9431 TX ua=95 mt=P len=0
PKT t=9441 RX ua=95 mt=R len=7
PKT t=9446 TX ua=95 mt=P len=0
PKT t=9456 RX ua=95 mt=R len=7
PKT t=9461 TX ua=95 mt=P len=0
PKT t=9471 RX ua=95 mt=R len=7
PKT t=9476 TX ua=95 mt=P len=0
PKT t=9486 RX ua=95 mt=R len=7
PKT t=9491 TX ua=95 mt=P len=0
PKT t=9524 RX ua=95 mt=R len=7
PKT t=9529 TX ua=95 mt=P len=0
PKT t=9539 RX ua=95 mt=R len=7
PKT t=9544 TX ua=95 mt=P len=0
PKT t=9554 RX ua=95 mt=R len=7
PKT t=9559 TX ua=95 mt=P len=0
PKT t=9569 RX ua=95 mt=R len=7
PKT t=9574 TX ua=95 mt=P len=0
PKT t=9584 RX ua=95 mt=R len=7
PKT t=9589 TX ua=95 mt=P len=0
PKT t=9599 RX ua=95 mt=R len=7
PKT t=9604 TX ua=95 mt=P len=0
PKT t=9633 RX ua=95 mt=R len=7
PKT t=9638 TX ua=95 mt=T len=7
PKT t=9681 TX ua=95 mt=P len=0
PKT t=9690 RX ua=95 mt=R len=7
PKT t=9695 TX ua=95 mt=P len=0
PKT t=9704 RX ua=95 mt=R len=7
PKT t=9709 TX ua=95 mt=P len=0
PKT t=9738 RX ua=95 mt=R len=7
PKT t=9743 TX ua=95 mt=P len=0
PKT t=9752 RX ua=95 mt=R len=7
PKT t=9757 TX ua=95 mt=P len=0
PKT t=9766 RX ua=95 mt=R len=7
PKT t=9771 TX ua=95 mt=P len=0
PKT t=9780 RX ua=95 mt=R len=7
PKT t=9785 TX ua=95 mt=P len=0
PKT t=9794 RX ua=95 mt=R len=7
PKT t=9799 TX ua=95 mt=P len=0
PKT t=9808 RX ua=95 mt=R len=7
PKT t=9813 TX ua=95 mt=P len=0
PKT t=9842 RX ua=95 mt=R len=7
PKT t=9847 TX ua=95 mt=P len=0
PKT t=9856 RX ua=95 mt=R len=7
PKT t=9861 TX ua=95 mt=P len=0
PKT t=9870 RX ua=95 mt=R len=7
PKT t=9875 TX ua=95 mt=P len=0
PKT t=9884 RX ua=95 mt=R len=7
PKT t=9889 TX ua=95 mt=T len=7
PKT t=9901 TX ua=95 mt=P len=0
PKT t=9910 RX ua=95 mt=R len=7
PKT t=9915 TX ua=95 mt=P len=0
PKT t=9944 RX ua=95 mt=R len=7
PKT t=9981 TX ua=95 mt=P len=0
PKT t=9990 RX ua=95 mt=R len=7
PKT t=9995 TX ua=95 mt=P len=0
PKT t=10004 RX ua=95 mt=R len=7
PKT t=10009 TX ua=95 mt=P len=0
PKT t=10018 RX ua=95 mt=R len=7
PKT t=10023 TX ua=95 mt=P len=0
PKT t=10052 RX ua=95 mt=R len=7
PKT t=10057 TX ua=95 mt=P len=0
PKT t=10066 RX ua=95 mt=R len=7
PKT t=10071 TX ua=95 mt=P len=0
PKT t=10080 RX ua=95 mt=R len=7
PKT t=10085 TX ua=95 mt=P len=0
PKT t=10094 RX ua=95 mt=R len=7
PKT t=10099 TX ua=95 mt=P len=0
PKT t=10109 RX ua=95 mt=R len=7
PKT t=10114 TX ua=95 mt=P len=0
PKT t=10123 RX ua=95 mt=R len=7
PKT t=10128 TX ua=95 mt=T len=7
PKT t=10141 TX ua=95 mt=P len=0
PKT t=10159 RX ua=95 mt=R len=7
PKT t=10164 TX ua=95 mt=T len=7
PKT t=10177 TX ua=95 mt=P len=0
PKT t=10186 RX ua=95 mt=R len=7
PKT t=10191 TX ua=95 mt=P len=0
PKT t=10200 RX ua=95 mt=R len=7
PKT t=10205 TX ua=95 mt=P len=0
PKT t=10214 RX ua=95 mt=R len=7
PKT t=10219 TX ua=95 mt=P len=0
PKT t=10228 RX ua=95 mt=R len=7
PKT t=10233 TX ua=95 mt=P len=0
PKT t=10281 RX ua=95 mt=R len=7
PKT t=10286 TX ua=95 mt=P len=0
PKT t=10295 RX ua=95 mt=R len=7
PKT t=10300 TX ua=95 mt=P len=0
PKT t=10309 RX ua=95 mt=R len=7
PKT t=10314 TX ua=95 mt=P len=0
PKT t=10323 RX ua=95 mt=R len=7
PKT t=10328 TX ua=95 mt=P len=0
PKT t=10337 RX ua=95 mt=R len=7
PKT t=10342 TX ua=95 mt=P len=0
PKT t=10371 RX ua=95 mt=R len=7
PKT t=10376 TX ua=95 mt=P len=0
PKT t=10385 RX ua=95 mt=R len=7
PKT t=10390 TX ua=95 mt=T len=7
PKT t=10403 TX ua=95 mt=P len=0
PKT t=10412 RX ua=95 mt=R len=7
PKT t=10417 TX ua=95 mt=P len=0
PKT t=10426 RX ua=95 mt=R len=7
PKT t=10431 TX ua=95 mt=P len=0
PKT t=10440 RX ua=95 mt=R len=7
PKT t=10445 TX ua=95 mt=P len=0
PKT t=10474 RX ua=95 mt=R len=7
PKT t=10479 TX ua=95 mt=P len=0
PKT t=10488 RX ua=95 mt=R len=7
PKT t=10493 TX ua=95 mt=P len=0
PKT t=10502 RX ua=95 mt=R len=7
PKT t=10507 TX ua=95 mt=P len=0
PKT t=10516 RX ua=95 mt=R len=7
PKT t=10521 TX ua=95 mt=P len=0
PKT t=10530 RX ua=95 mt=R len=7
PKT t=10535 TX ua=95 mt=P len=0
PKT t=10544 RX ua=95 mt=R len=7
PKT t=10581 TX ua=95 mt=P len=0
PKT t=10590 RX ua=95 mt=R len=7
PKT t=10595 TX ua=95 mt=P len=0
PKT t=10604 RX ua=95 mt=R len=7
PKT t=10609 TX ua=95 mt=P len=0
PKT t=10618 RX ua=95 mt=R len=7
PKT t=10623 TX ua=95 mt=P len=0
PKT t=10632 RX ua=95 mt=R len=7
PKT t=10637 TX ua=95 mt=T len=7
PKT t=10650 TX ua=95 mt=P len=0
PKT t=10678 RX ua=95 mt=R len=7
PKT t=10683 TX ua=95 mt=P len=0
PKT t=10692 RX ua=95 mt=R len=7
PKT t=10697 TX ua=95 mt=P len=0
PKT t=10706 RX ua=95 mt=R len=7
PKT t=10711 TX ua=95 mt=P len=0
PKT t=10720 RX ua=95 mt=R len=7
PKT t=10725 TX ua=95 mt=P len=0
PKT t=10734 RX ua=95 mt=R len=7
PKT t=10739 TX ua=95 mt=P len=0
PKT t=10748 RX ua=95 mt=R len=7
PKT t=10753 TX ua=95 mt=P len=0
PKT t=10782 RX ua=95 mt=R len=7
PKT t=10787 TX ua=95 mt=P len=0
PKT t=10796 RX ua=95 mt=R len=7
PKT t=10801 TX ua=95 mt=P len=0
PKT t=10810 RX ua=95 mt=R len=7
PKT t=10815 TX ua=95 mt=P len=0
PKT t=10824 RX ua=95 mt=R len=7
PKT t=10829 TX ua=95 mt=P len=0
PKT t=10838 RX ua=95 mt=R len=7
PKT t=10843 TX ua=95 mt=P len=0
PKT t=10881 RX ua=95 mt=R len=7
PKT t=10886 TX ua=95 mt=T len=7
PKT t=10899 TX ua=95 mt=P len=0
PKT t=10908 RX ua=95 mt=R len=7
PKT t=10913 TX ua=95 mt=P len=0
PKT t=10922 RX ua=95 mt=R len=7
PKT t=10927 TX ua=95 mt=P len=0
PKT t=10936 RX ua=95 mt=R len=7
PKT t=10941 TX ua=95 mt=P len=0
PKT t=10950 RX ua=95 mt=R len=7
PKT t=10955 TX ua=95 mt=P len=0
PKT t=10987 RX ua=95 mt=R len=7
PKT t=10992 TX ua=95 mt=P len=0
PKT t=11001 RX ua=95 mt=R len=7
PKT t=11006 TX ua=95 mt=P len=0
PKT t=11015 RX ua=95 mt=R len=7
PKT t=11020 TX ua=95 mt=P len=0
PKT t=11029 RX ua=95 mt=R len=7
PKT t=11034 TX ua=95 mt=P len=0
PKT t=11043 RX ua=95 mt=R len=7
PKT t=11048 TX ua=95 mt=P len=0
PKT t=11057 RX ua=95 mt=R len=7
PKT t=11062 TX ua=95 mt=P len=0
PKT t=11091 RX ua=95 mt=R len=7
PKT t=11096 TX ua=95 mt=P len=0
PKT t=11105 RX ua=95 mt=R len=7
PKT t=11110 TX ua=95 mt=P len=0
PKT t=11119 RX ua=95 mt=R len=7
PKT t=11124 TX ua=95 mt=T len=7
PKT t=11136 TX ua=95 mt=T len=7
PKT t=11181 TX ua=95 mt=P len=0
PKT t=11191 RX ua=95 mt=R len=7
PKT t=11196 TX ua=95 mt=P len=0
PKT t=11205 RX ua=95 mt=R len=7
PKT t=11210 TX ua=95 mt=P len=0
PKT t=11219 RX ua=95 mt=R len=7
PKT t=11224 TX ua=95 mt=P len=0
PKT t=11233 RX ua=95 mt=R len=7
PKT t=11238 TX ua=95 mt=P len=0
PKT t=11247 RX ua=95 mt=R len=7
PKT t=11252 TX ua=95 mt=P len=0
PKT t=11261 RX ua=95 mt=R len=7
PKT t=11266 TX ua=95 mt=P len=0
PKT t=11296 RX ua=95 mt=R len=7
PKT t=11301 TX ua=95 mt=P len=0
PKT t=11310 RX ua=95 mt=R len=7
PKT t=11315 TX ua=95 mt=P len=0
PKT t=11324 RX ua=95 mt=R len=7
PKT t=11329 TX ua=95 mt=P len=0
PKT t=11338 RX ua=95 mt=R len=7
PKT t=11343 TX ua=95 mt=P len=0
PKT t=11352 RX ua=95 mt=R len=7
PKT t=11357 TX ua=95 mt=P len=0
PKT t=11366 RX ua=95 mt=R len=7
PKT t=11371 TX ua=95 mt=P len=0
PKT t=11400 RX ua=95 mt=R len=7
PKT t=11405 TX ua=95 mt=T len=7
PKT t=11417 TX ua=95 mt=P len=0
PKT t=11427 RX ua=95 mt=R len=7
PKT t=11432 TX ua=95 mt=P len=0
PKT t=11442 RX ua=95 mt=R len=7
PKT t=11447 TX ua=95 mt=P len=0
PKT t=11482 RX ua=95 mt=R len=7
PKT t=11737 TX ua=96 mt=P len=0
PKT t=11995 TX ua=95 mt=P len=0
PKT t=12005 RX ua=95 mt=R len=7
PKT t=12010 TX ua=95 mt=T len=7
PKT t=12022 TX ua=95 mt=P len=0
PKT t=12031 RX ua=95 mt=R len=7
PKT t=12036 TX ua=95 mt=P len=0
PKT t=12045 RX ua=95 mt=R len=7
PKT t=12081 TX ua=95 mt=P len=0
PKT t=12100 RX ua=95 mt=R len=7
PKT t=12105 TX ua=95 mt=P len=0
PKT t=12114 RX ua=95 mt=R len=7
PKT t=12119 TX ua=95 mt=P len=0
PKT t=12128 RX ua=95 mt=R len=7
PKT t=12133 TX ua=95 mt=T len=7
PKT t=12145 TX ua=95 mt=P len=0
PKT t=12156 RX ua=95 mt=R len=7
PKT t=12161 TX ua=95 mt=P len=0
PKT t=12170 RX ua=95 mt=R len=7
PKT t=12175 TX ua=95 mt=P len=0
PKT t=12204 RX ua=95 mt=R len=7
PKT t=12209 TX ua=95 mt=P len=0
PKT t=12218 RX ua=95 mt=R len=7
PKT t=12223 TX ua=95 mt=P len=0
PKT t=12232 RX ua=95 mt=R len=7
PKT t=12237 TX ua=95 mt=P len=0
PKT t=12246 RX ua=95 mt=R len=7
PKT t=12251 TX ua=95 mt=P len=0
PKT t=12260 RX ua=95 mt=R len=7
PKT t=12265 TX ua=95 mt=P len=0
PKT t=12274 RX ua=95 mt=R len=7
PKT t=12279 TX ua=95 mt=P len=0
PKT t=12308 RX ua=95 mt=R len=7
PKT t=12313 TX ua=95 mt=P len=0
PKT t=12323 RX ua=95 mt=R len=7
PKT t=12328 TX ua=95 mt=P len=0
PKT t=12337 RX ua=95 mt=R len=7
PKT t=12342 TX ua=95 mt=P len=0
PKT t=12381 RX ua=95 mt=R len=7
PKT t=12386 TX ua=95 mt=T len=7
PKT t=12398 TX ua=95 mt=P len=0
PKT t=12410 RX ua=95 mt=R len=7
PKT t=12415 TX ua=95 mt=P len=0
PKT t=12424 RX ua=95 mt=R len=7
PKT t=12429 TX ua=95 mt=P len=0
PKT t=12438 RX ua=95 mt=R len=7
PKT t=12443 TX ua=95 mt=P len=0
PKT t=12452 RX ua=95 mt=R len=7
PKT t=12457 TX ua=95 mt=P len=0
PKT t=12466 RX ua=95 mt=R len=7
PKT t=12471 TX ua=95 mt=P len=0
PKT t=12480 RX ua=95 mt=R len=7
PKT t=12485 TX ua=95 mt=P len=0
PKT t=12514 RX ua=95 mt=R len=7
PKT t=12519 TX ua=95 mt=P len=0
PKT t=12528 RX ua=95 mt=R len=7
PKT t=12533 TX ua=95 mt=P len=0
PKT t=12542 RX ua=95 mt=R len=7
PKT t=12547 TX ua=95 mt=P len=0
PKT t=12556 RX ua=95 mt=R len=7
PKT t=12561 TX ua=95 mt=P len=0
PKT t=12570 RX ua=95 mt=R len=7
PKT t=12575 TX ua=95 mt=P len=0
PKT t=12584 RX ua=95 mt=R len=7
PKT t=12589 TX ua=95 mt=P len=0
PKT t=12618 RX ua=95 mt=R len=7
PKT t=12623 TX ua=95 mt=P len=0
PKT t=12632 RX ua=95 mt=R len=7
PKT t=12637 TX ua=95 mt=T len=7
PKT t=12681 TX ua=95 mt=P len=0
PKT t=12690 RX ua=95 mt=R len=7
PKT t=12695 TX ua=95 mt=P len=0
PKT t=12724 RX ua=95 mt=R len=7
PKT t=12729 TX ua=95 mt=P len=0
PKT t=12738 RX ua=95 mt=R len=7
PKT t=12743 TX ua=95 mt=P len=0
PKT t=12752 RX ua=95 mt=R len=7
PKT t=12757 TX ua=95 mt=P len=0
PKT t=12766 RX ua=95 mt=R len=7
PKT t=12771 TX ua=95 mt=P len=0
PKT t=12780 RX ua=95 mt=R len=7
PKT t=12785 TX ua=95 mt=P len=0
PKT t=12794 RX ua=95 mt=R len=7
PKT t=12799 TX ua=95 mt=P len=0
PKT t=12828 RX ua=95 mt=R len=7
PKT t=12833 TX ua=95 mt=P len=0
PKT t=12842 RX ua=95 mt=R len=7
PKT t=12847 TX ua=95 mt=P len=0
PKT t=12856 RX ua=95 mt=R len=7
PKT t=12861 TX ua=95 mt=P len=0
PKT t=12870 RX ua=95 mt=R len=7
PKT t=12875 TX ua=95 mt=P len=0
PKT t=12884 RX ua=95 mt=R len=7
PKT t=12889 TX ua=95 mt=T len=7
PKT t=12901 TX ua=95 mt=P len=0
PKT t=12929 RX ua=95 mt=R len=7
PKT t=12934 TX ua=95 mt=P len=0
PKT t=12943 RX ua=95 mt=R len=7
PKT t=12981 TX ua=95 mt=P len=0
PKT t=12990 RX ua=95 mt=R len=7
PKT t=12995 TX ua=95 mt=P len=0
PKT t=13004 RX ua=95 mt=R len=7
PKT t=13009 TX ua=95 mt=P len=0
PKT t=13038 RX ua=95 mt=R len=7
PKT t=13043 TX ua=95 mt=P len=0
PKT t=13052 RX ua=95 mt=R len=7
PKT t=13057 TX ua=95 mt=P len=0
PKT t=13066 RX ua=95 mt=R len=7
PKT t=13071 TX ua=95 mt=P len=0
PKT t=13080 RX ua=95 mt=R len=7
PKT t=13085 TX ua=95 mt=P len=0
PKT t=13094 RX ua=95 mt=R len=7
PKT t=13099 TX ua=95 mt=P len=0
PKT t=13108 RX ua=95 mt=R len=7
PKT t=13113 TX ua=95 mt=P len=0
PKT t=13142 RX ua=95 mt=R len=7
PKT t=13147 TX ua=95 mt=T len=7
PKT t=13160 TX ua=95 mt=P len=0
PKT t=13169 RX ua=95 mt=R len=7
PKT t=13174 TX ua=95 mt=P len=0
PKT t=13183 RX ua=95 mt=R len=7
PKT t=13188 TX ua=95 mt=P len=0
PKT t=13197 RX ua=95 mt=R len=7
PKT t=13202 TX ua=95 mt=P len=0
PKT t=13211 RX ua=95 mt=R len=7
PKT t=13216 TX ua=95 mt=P len=0
PKT t=13245 RX ua=95 mt=R len=7
PKT t=13281 TX ua=95 mt=P len=0
PKT t=13290 RX ua=95 mt=R len=7
PKT t=13295 TX ua=95 mt=P len=0
PKT t=13304 RX ua=95 mt=R len=7
PKT t=13309 TX ua=95 mt=P len=0
PKT t=13318 RX ua=95 mt=R len=7
PKT t=13323 TX ua=95 mt=P len=0
PKT t=13352 RX ua=95 mt=R len=7
PKT t=13357 TX ua=95 mt=P len=0
PKT t=13366 RX ua=95 mt=R len=7
PKT t=13371 TX ua=95 mt=P len=0
PKT t=13380 RX ua=95 mt=R len=7
PKT t=13385 TX ua=95 mt=T len=7
PKT t=13398 TX ua=95 mt=P len=0
PKT t=13408 RX ua=95 mt=R len=7
PKT t=13413 TX ua=95 mt=P len=0
PKT t=13423 RX ua=95 mt=R len=7
PKT t=13428 TX ua=95 mt=P len=0
PKT t=13457 RX ua=95 mt=R len=7
PKT t=13462 TX ua=95 mt=P len=0
PKT t=13472 RX ua=95 mt=R len=7
PKT t=13477 TX ua=95 mt=P len=0
PKT t=13487 RX ua=95 mt=R len=7
PKT t=13492 TX ua=95 mt=P len=0
PKT t=13502 RX ua=95 mt=R len=7
PKT t=13507 TX ua=95 mt=P len=0
PKT t=13517 RX ua=95 mt=R len=7
PKT t=13522 TX ua=95 mt=P len=0
PKT t=13532 RX ua=95 mt=R len=7
PKT t=13537 TX ua=95 mt=P len=0
PKT t=13581 RX ua=95 mt=R len=7
PKT t=13586 TX ua=95 mt=P len=0
PKT t=13596 RX ua=95 mt=R len=7
PKT t=13601 TX ua=95 mt=P len=0
PKT t=13611 RX ua=95 mt=R len=7
PKT t=13616 TX ua=95 mt=P len=0
PKT t=13626 RX ua=95 mt=R len=7
PKT t=13631 TX ua=95 mt=P len=0
PKT t=13641 RX ua=95 mt=R len=7
PKT t=13646 TX ua=95 mt=T len=7
PKT t=13659 TX ua=95 mt=P len=0
PKT t=13676 RX ua=95 mt=R len=7
PKT t=13681 TX ua=95 mt=P len=0
PKT t=13690 RX ua=95 mt=R len=7
PKT t=13695 TX ua=95 mt=P len=0
PKT t=13704 RX ua=95 mt=R len=7
PKT t=13709 TX ua=95 mt=P len=0
PKT t=13718 RX ua=95 mt=R len=7
PKT t=13723 TX ua=95 mt=P len=0
PKT t=13732 RX ua=95 mt=R len=7
PKT t=13737 TX ua=95 mt=P len=0
PKT t=13746 RX ua=95 mt=R len=7
PKT t=13751 TX ua=95 mt=P len=0
PKT t=13780 RX ua=95 mt=R len=7
PKT t=13785 TX ua=95 mt=P len=0
PKT t=13794 RX ua=95 mt=R len=7
PKT t=13799 TX ua=95 mt=P len=0
PKT t=13808 RX ua=95 mt=R len=7
PKT t=13813 TX ua=95 mt=P len=0
PKT t=13822 RX ua=95 mt=R len=7
PKT t=13827 TX ua=95 mt=P len=0
PKT t=13836 RX ua=95 mt=R len=7
PKT t=13841 TX ua=95 mt=P len=0
PKT t=13881 RX ua=95 mt=R len=7
PKT t=13886 TX ua=95 mt=T len=7
PKT t=13899 TX ua=95 mt=P len=0
PKT t=13908 RX ua=95 mt=R len=7
PKT t=13913 TX ua=95 mt=P len=0
PKT t=13922 RX ua=95 mt=R len=7
PKT t=13927 TX ua=95 mt=P len=0
PKT t=13936 RX ua=95 mt=R len=7
PKT t=13941 TX ua=95 mt=P len=0
PKT t=13950 RX ua=95 mt=R len=7
PKT t=13955 TX ua=95 mt=P len=0
PKT t=13984 RX ua=95 mt=R len=7
PKT t=13989 TX ua=95 mt=P len=0
PKT t=13998 RX ua=95 mt=R len=7
PKT t=14003 TX ua=95 mt=P len=0
PKT t=14012 RX ua=95 mt=R len=7
PKT t=14017 TX ua=95 mt=P len=0
PKT t=14026 RX ua=95 mt=R len=7
PKT t=14031 TX ua=95 mt=P len=0
PKT t=14040 RX ua=95 mt=R len=7
PKT t=14045 TX ua=95 mt=P len=0
PKT t=14054 RX ua=95 mt=R len=7
PKT t=14059 TX ua=95 mt=P len=0
PKT t=14088 RX ua=95 mt=R len=7
PKT t=14093 TX ua=95 mt=P len=0
PKT t=14102 RX ua=95 mt=R len=7
PKT t=14107 TX ua=95 mt=P len=0
PKT t=14116 RX ua=95 mt=R len=7
PKT t=14121 TX ua=95 mt=P len=0
PKT t=14130 RX ua=95 mt=R len=7
PKT t=14135 TX ua=95 mt=T len=7
PKT t=14147 TX ua=95 mt=P len=0
PKT t=14182 RX ua=95 mt=R len=7
PKT t=14437 TX ua=96 mt=P len=0
PKT t=14695 TX ua=95 mt=P len=0
PKT t=14704 RX ua=95 mt=R len=7
PKT t=14709 TX ua=95 mt=T len=7
PKT t=14721 TX ua=95 mt=P len=0
PKT t=14730 RX ua=95 mt=R len=7
PKT t=14735 TX ua=95 mt=P len=0
PKT t=14744 RX ua=95 mt=R len=7
PKT t=14781 TX ua=95 mt=P len=0
PKT t=14791 RX ua=95 mt=R len=7
PKT t=14796 TX ua=95 mt=P len=0
PKT t=14805 RX ua=95 mt=R len=7
PKT t=14810 TX ua=95 mt=P len=0
PKT t=14819 RX ua=95 mt=R len=7
PKT t=14824 TX ua=95 mt=P len=0
PKT t=14833 RX ua=95 mt=R len=7
PKT t=14838 TX ua=95 mt=P len=0
PKT t=14847 RX ua=95 mt=R len=7
PKT t=14852 TX ua=95 mt=P len=0
PKT t=14861 RX ua=95 mt=R len=7
PKT t=14866 TX ua=95 mt=P len=0
PKT t=14895 RX ua=95 mt=R len=7
PKT t=14900 TX ua=95 mt=T len=7
PKT t=14912 TX ua=95 mt=P len=0
PKT t=14921 RX ua=95 mt=R len=7
PKT t=14926 TX ua=95 mt=P len=0
PKT t=14935 RX ua=95 mt=R len=7
PKT t=14940 TX ua=95 mt=P len=0
PKT t=14949 RX ua=95 mt=R len=7
PKT t=14954 TX ua=95 mt=P len=0
PKT t=14963 RX ua=95 mt=R len=7
PKT t=14968 TX ua=95 mt=P len=0
PKT t=14997 RX ua=95 mt=R len=7
PKT t=15002 TX ua=95 mt=P len=0
PKT t=15011 RX ua=95 mt=R len=7
PKT t=15016 TX ua=95 mt=P len=0
PKT t=15025 RX ua=95 mt=R len=7
PKT t=15030 TX ua=95 mt=P len=0
PKT t=15039 RX ua=95 mt=R len=7
PKT t=15044 TX ua=95 mt=P len=0
PKT t=15081 RX ua=95 mt=R len=7
PKT t=15086 TX ua=95 mt=P len=0
PKT t=15097 RX ua=95 mt=R len=7
PKT t=15102 TX ua=95 mt=P len=0
PKT t=15111 RX ua=95 mt=R len=7
PKT t=15116 TX ua=95 mt=P len=0
PKT t=15125 RX ua=95 mt=R len=7
PKT t=15130 TX ua=95 mt=T len=7
PKT t=15142 TX ua=95 mt=P len=0
PKT t=15151 RX ua=95 mt=R len=7
PKT t=15156 TX ua=95 mt=P len=0
PKT t=15165 RX ua=95 mt=R len=7
PKT t=15170 TX ua=95 mt=P len=0
PKT t=15199 RX ua=95 mt=R len=7
PKT t=15204 TX ua=95 mt=P len=0
PKT t=15213 RX ua=95 mt=R len=7
PKT t=15218 TX ua=95 mt=P len=0
PKT t=15227 RX ua=95 mt=R len=7
PKT t=15232 TX ua=95 mt=P len=0
PKT t=15241 RX ua=95 mt=R len=7
PKT t=15246 TX ua=95 mt=P len=0
PKT t=15255 RX ua=95 mt=R len=7
PKT t=15260 TX ua=95 mt=P len=0
PKT t=15269 RX ua=95 mt=R len=7
PKT t=15274 TX ua=95 mt=P len=0
PKT t=15303 RX ua=95 mt=R len=7
PKT t=15308 TX ua=95 mt=P len=0
PKT t=15317 RX ua=95 mt=R len=7
PKT t=15322 TX ua=95 mt=P len=0
PKT t=15331 RX ua=95 mt=R len=7
PKT t=15336 TX ua=95 mt=P len=0
PKT t=15345 RX ua=95 mt=R len=7
PKT t=15381 TX ua=95 mt=P len=0
PKT t=15403 RX ua=95 mt=R len=7
PKT t=15408 TX ua=95 mt=T len=7
PKT t=15420 TX ua=95 mt=P len=0
PKT t=15430 RX ua=95 mt=R len=7
PKT t=15435 TX ua=95 mt=P len=0
PKT t=15445 RX ua=95 mt=R len=7
PKT t=15450 TX ua=95 mt=P len=0
PKT t=15460 RX ua=95 mt=R len=7
PKT t=15465 TX ua=95 mt=P len=0
PKT t=15475 RX ua=95 mt=R len=7
PKT t=15480 TX ua=95 mt=P len=0
PKT t=15509 RX ua=95 mt=R len=7
PKT t=15514 TX ua=95 mt=P len=0
PKT t=15524 RX ua=95 mt=R len=7
PKT t=15529 TX ua=95 mt=P len=0
PKT t=15539 RX ua=95 mt=R len=7
PKT t=15544 TX ua=95 mt=P len=0
PKT t=15554 RX ua=95 mt=R len=7
PKT t=15559 TX ua=95 mt=P len=0
PKT t=15569 RX ua=95 mt=R len=7
PKT t=15574 TX ua=95 mt=P len=0
PKT t=15584 RX ua=95 mt=R len=7
PKT t=15589 TX ua=95 mt=P len=0
PKT t=15619 RX ua=95 mt=R len=7
PKT t=15624 TX ua=95 mt=P len=0
PKT t=15634 RX ua=95 mt=R len=7
PKT t=15639 TX ua=95 mt=T len=7
PKT t=15681 TX ua=95 mt=P len=0
PKT t=15690 RX ua=95 mt=R len=7
PKT t=15695 TX ua=95 mt=P len=0
PKT t=15724 RX ua=95 mt=R len=7
PKT t=15729 TX ua=95 mt=P len=0
PKT t=15738 RX ua=95 mt=R len=7
PKT t=15743 TX ua=95 mt=P len=0
PKT t=15752 RX ua=95 mt=R len=7
PKT t=15757 TX ua=95 mt=P len=0
PKT t=15766 RX ua=95 mt=R len=7
PKT t=15771 TX ua=95 mt=P len=0
PKT t=15780 RX ua=95 mt=R len=7
PKT t=15785 TX ua=95 mt=P len=0
PKT t=15794 RX ua=95 mt=R len=7
PKT t=15799 TX ua=95 mt=P len=0
PKT t=15828 RX ua=95 mt=R len=7
PKT t=15833 TX ua=95 mt=P len=0
PKT t=15842 RX ua=95 mt=R len=7
PKT t=15847 TX ua=95 mt=P len=0
PKT t=15856 RX ua=95 mt=R len=7
PKT t=15861 TX ua=95 mt=P len=0
PKT t=15870 RX ua=95 mt=R len=7
PKT t=15875 TX ua=95 mt=P len=0
PKT t=15884 RX ua=95 mt=R len=7
PKT t=15889 TX ua=95 mt=T len=7
PKT t=15901 TX ua=95 mt=P len=0
PKT t=15929 RX ua=95 mt=R len=7
PKT t=15934 TX ua=95 mt=P len=0
PKT t=15943 RX ua=95 mt=R len=7
PKT t=15981 TX ua=95 mt=P len=0
PKT t=15990 RX ua=95 mt=R len=7
PKT t=15995 TX ua=95 mt=P len=0
PKT t=16005 RX ua=95 mt=R len=7
PKT t=16012 TX ua=95 mt=P len=0
PKT t=16039 RX ua=95 mt=R len=7
PKT t=16044 TX ua=95 mt=P len=0
PKT t=16053 RX ua=95 mt=R len=7
PKT t=16058 TX ua=95 mt=P len=0
PKT t=16067 RX ua=95 mt=R len=7
PKT t=16072 TX ua=95 mt=P len=0
PKT t=16081 RX ua=95 mt=R len=7
PKT t=16086 TX ua=95 mt=P len=0
PKT t=16095 RX ua=95 mt=R len=7
PKT t=16100 TX ua=95 mt=P len=0
PKT t=16109 RX ua=95 mt=R len=7
PKT t=16114 TX ua=95 mt=P len=0
PKT t=16148 RX ua=95 mt=R len=7
PKT t=16153 TX ua=95 mt=T len=7
PKT t=16165 TX ua=95 mt=P len=0
PKT t=16174 RX ua=95 mt=R len=7
PKT t=16179 TX ua=95 mt=P len=0
PKT t=16188 RX ua=95 mt=R len=7
PKT t=16193 TX ua=95 mt=P len=0
PKT t=16202 RX ua=95 mt=R len=7
PKT t=16207 TX ua=95 mt=P len=0
PKT t=16216 RX ua=95 mt=R len=7
PKT t=16221 TX ua=95 mt=P len=0
PKT t=16281 RX ua=95 mt=R len=7
PKT t=16286 TX ua=95 mt=P len=0
PKT t=16295 RX ua=95 mt=R len=7
PKT t=16300 TX ua=95 mt=P len=0
PKT t=16309 RX ua=95 mt=R len=7
PKT t=16314 TX ua=95 mt=P len=0
PKT t=16323 RX ua=95 mt=R len=7
PKT t=16328 TX ua=95 mt=P len=0
PKT t=16357 RX ua=95 mt=R len=7
PKT t=16362 TX ua=95 mt=P len=0
PKT t=16371 RX ua=95 mt=R len=7
PKT t=16376 TX ua=95 mt=P len=0
PKT t=16385 RX ua=95 mt=R len=7
PKT t=16390 TX ua=95 mt=T len=7
PKT t=16402 TX ua=95 mt=P len=0
PKT t=16411 RX ua=95 mt=R len=7
PKT t=16416 TX ua=95 mt=P len=0
PKT t=16425 RX ua=95 mt=R len=7
PKT t=16430 TX ua=95 mt=P len=0
PKT t=16459 RX ua=95 mt=R len=7
PKT t=16464 TX ua=95 mt=P len=0
PKT t=16473 RX ua=95 mt=R len=7
PKT t=16478 TX ua=95 mt=P len=0
PKT t=16487 RX ua=95 mt=R len=7
PKT t=16492 TX ua=95 mt=P len=0
PKT t=16501 RX ua=95 mt=R len=7
PKT t=16506 TX ua=95 mt=P len=0
PKT t=16515 RX ua=95 mt=R len=7
PKT t=16520 TX ua=95 mt=P len=0
PKT t=16529 RX ua=95 mt=R len=7
PKT t=16534 TX ua=95 mt=P len=0
PKT t=16581 RX ua=95 mt=R len=7
PKT t=16586 TX ua=95 mt=P len=0
PKT t=16595 RX ua=95 mt=R len=7
PKT t=16600 TX ua=95 mt=P len=0
PKT t=16609 RX ua=95 mt=R len=7
PKT t=16614 TX ua=95 mt=P len=0
PKT t=16623 RX ua=95 mt=R len=7
PKT t=16628 TX ua=95 mt=P len=0
PKT t=16637 RX ua=95 mt=R len=7
PKT t=16642 TX ua=95 mt=T len=7
PKT t=16654 TX ua=95 mt=P len=0
PKT t=16673 RX ua=95 mt=R len=7
PKT t=16678 TX ua=95 mt=P len=0
PKT t=16687 RX ua=95 mt=R len=7
PKT t=16692 TX ua=95 mt=P len=0
PKT t=16701 RX ua=95 mt=R len=7
PKT t=16706 TX ua=95 mt=P len=0
PKT t=16718 RX ua=95 mt=R len=7
PKT t=16722 TX ua=95 mt=P len=0
PKT t=16731 RX ua=95 mt=R len=7
PKT t=16736 TX ua=95 mt=P len=0
PKT t=16745 RX ua=95 mt=R len=7
PKT t=16750 TX ua=95 mt=P len=0
PKT t=16779 RX ua=95 mt=R len=7
PKT t=16784 TX ua=95 mt=P len=0
PKT t=16793 RX ua=95 mt=R len=7
PKT t=16798 TX ua=95 mt=P len=0
PKT t=16807 RX ua=95 mt=R len=7
PKT t=16812 TX ua=95 mt=P len=0
PKT t=16821 RX ua=95 mt=R len=7
PKT t=16826 TX ua=95 mt=P len=0
PKT t=16835 RX ua=95 mt=R len=7
PKT t=16840 TX ua=95 mt=P len=0
PKT t=16881 RX ua=95 mt=R len=7
PKT t=16886 TX ua=95 mt=T len=7
PKT t=16898 TX ua=95 mt=P len=0
PKT t=16907 RX ua=95 mt=R len=7
PKT t=16912 TX ua=95 mt=P len=0
PKT t=16921 RX ua=95 mt=R len=7
PKT t=16926 TX ua=95 mt=P len=0
PKT t=16935 RX ua=95 mt=R len=7
PKT t=16940 TX ua=95 mt=P len=0
PKT t=16949 RX ua=95 mt=R len=7
PKT t=16954 TX ua=95 mt=P len=0
PKT t=16983 RX ua=95 mt=R len=7
PKT t=16988 TX ua=95 mt=P len=0
PKT t=16997 RX ua=95 mt=R len=7
PKT t=17002 TX ua=95 mt=P len=0
PKT t=17012 RX ua=95 mt=R len=7
PKT t=17017 TX ua=95 mt=P len=0
PKT t=17026 RX ua=95 mt=R len=7
PKT t=17031 TX ua=95 mt=P len=0
PKT t=17040 RX ua=95 mt=R len=7
PKT t=17045 TX ua=95 mt=P len=0
PKT t=17054 RX ua=95 mt=R len=7
PKT t=17059 TX ua=95 mt=P len=0
PKT t=17088 RX ua=95 mt=R len=7
PKT t=17093 TX ua=95 mt=P len=0
PKT t=17102 RX ua=95 mt=R len=7
PKT t=17107 TX ua=95 mt=P len=0
PKT t=17116 RX ua=95 mt=R len=7
PKT t=17121 TX ua=95 mt=P len=0
PKT t=17130 RX ua=95 mt=R len=7
PKT t=17135 TX ua=95 mt=T len=7
PKT t=17147 TX ua=95 mt=P len=0
PKT t=17182 RX ua=95 mt=R len=7
PKT t=17437 TX ua=96 mt=P len=0
PKT t=17695 TX ua=95 mt=P len=0
PKT t=17704 RX ua=95 mt=R len=7
PKT t=17709 TX ua=95 mt=T len=7
PKT t=17721 TX ua=95 mt=P len=0
PKT t=17730 RX ua=95 mt=R len=7
PKT t=17735 TX ua=95 mt=P len=0
PKT t=17744 RX ua=95 mt=R len=7
PKT t=17781 TX ua=95 mt=P len=0
PKT t=17790 RX ua=95 mt=R len=7
PKT t=17795 TX ua=95 mt=P len=0
PKT t=17804 RX ua=95 mt=R len=7
PKT t=17809 TX ua=95 mt=P len=0
PKT t=17818 RX ua=95 mt=R len=7
PKT t=17823 TX ua=95 mt=P len=0
PKT t=17832 RX ua=95 mt=R len=7
PKT t=17837 TX ua=95 mt=P len=0
PKT t=17847 RX ua=95 mt=R len=7
PKT t=17852 TX ua=95 mt=P len=0
PKT t=17861 RX ua=95 mt=R len=7
PKT t=17866 TX ua=95 mt=P len=0
PKT t=17896 RX ua=95 mt=R len=7
PKT t=17901 TX ua=95 mt=T len=7
PKT t=17913 TX ua=95 mt=P len=0
PKT t=17922 RX ua=95 mt=R len=7
PKT t=17927 TX ua=95 mt=P len=0
PKT t=17936 RX ua=95 mt=R len=7
PKT t=17941 TX ua=95 mt=P len=0
PKT t=17950 RX ua=95 mt=R len=7
PKT t=17955 TX ua=95 mt=P len=0
PKT t=17964 RX ua=95 mt=R len=7
PKT t=17969 TX ua=95 mt=P len=0
PKT t=17999 RX ua=95 mt=R len=7
PKT t=18004 TX ua=95 mt=P len=0
PKT t=18013 RX ua=95 mt=R len=7
PKT t=18018 TX ua=95 mt=P len=0
PKT t=18027 RX ua=95 mt=R len=7
PKT t=18032 TX ua=95 mt=P len=0
PKT t=18042 RX ua=95 mt=R len=7
PKT t=18046 TX ua=95 mt=P len=0
PKT t=18081 RX ua=95 mt=R len=7
PKT t=18336 TX ua=96 mt=P len=0
PKT t=18594 TX ua=95 mt=P len=0
PKT t=18603 RX ua=95 mt=R len=7
PKT t=18608 TX ua=95 mt=T len=7
PKT t=18621 TX ua=95 mt=P len=0
PKT t=18630 RX ua=95 mt=R len=7
PKT t=18635 TX ua=95 mt=T len=7
PKT t=18681 TX ua=95 mt=P len=0
PKT t=18698 RX ua=95 mt=R len=7
PKT t=18703 TX ua=95 mt=P len=0
PKT t=18712 RX ua=95 mt=R len=7
PKT t=18717 TX ua=95 mt=P len=0
PKT t=18726 RX ua=95 mt=R len=7
PKT t=18731 TX ua=95 mt=P len=0
PKT t=18740 RX ua=95 mt=R len=7
PKT t=18745 TX ua=95 mt=P len=0
PKT t=18754 RX ua=95 mt=R len=7
PKT t=18759 TX ua=95 mt=P len=0
PKT t=18768 RX ua=95 mt=R len=7
PKT t=18773 TX ua=95 mt=P len=0
PKT t=18802 RX ua=95 mt=R len=7
PKT t=18807 TX ua=95 mt=P len=0
PKT t=18816 RX ua=95 mt=R len=7
PKT t=18821 TX ua=95 mt=P len=0
PKT t=18830 RX ua=95 mt=R len=7
PKT t=18835 TX ua=95 mt=P len=0
PKT t=18844 RX ua=95 mt=R len=7
PKT t=18849 TX ua=95 mt=P len=0
PKT t=18858 RX ua=95 mt=R len=7
PKT t=18863 TX ua=95 mt=P len=0
PKT t=18872 RX ua=95 mt=R len=7
PKT t=18877 TX ua=95 mt=P len=0
PKT t=18907 RX ua=95 mt=R len=7
PKT t=18912 TX ua=95 mt=T len=7
PKT t=18925 TX ua=95 mt=P len=0
PKT t=18934 RX ua=95 mt=R len=7
PKT t=18939 TX ua=95 mt=P len=0
PKT t=18981 RX ua=95 mt=R len=7
PKT t=18986 TX ua=95 mt=P len=0
PKT t=19006 RX ua=95 mt=R len=7
PKT t=19011 TX ua=95 mt=P len=0
PKT t=19020 RX ua=95 mt=R len=7
PKT t=19025 TX ua=95 mt=P len=0
PKT t=19034 RX ua=95 mt=R len=7
PKT t=19039 TX ua=95 mt=P len=0
PKT t=19048 RX ua=95 mt=R len=7
PKT t=19053 TX ua=95 mt=P len=0
PKT t=19062 RX ua=95 mt=R len=7
PKT t=19067 TX ua=95 mt=P len=0
PKT t=19076 RX ua=95 mt=R len=7
PKT t=19081 TX ua=95 mt=P len=0
PKT t=19110 RX ua=95 mt=R len=7
PKT t=19115 TX ua=95 mt=P len=0
PKT t=19124 RX ua=95 mt=R len=7
PKT t=19129 TX ua=95 mt=T len=7
PKT t=19141 TX ua=95 mt=P len=0
PKT t=19150 RX ua=95 mt=R len=7
PKT t=19155 TX ua=95 mt=P len=0
PKT t=19164 RX ua=95 mt=R len=7
PKT t=19169 TX ua=95 mt=P len=0
PKT t=19178 RX ua=95 mt=R len=7
PKT t=19183 TX ua=95 mt=P len=0
PKT t=19213 RX ua=95 mt=R len=7
PKT t=19218 TX ua=95 mt=P len=0
PKT t=19227 RX ua=95 mt=R len=7
PKT t=19232 TX ua=95 mt=P len=0
PKT t=19241 RX ua=95 mt=R len=7
PKT t=19246 TX ua=95 mt=P len=0
PKT t=19281 RX ua=95 mt=R len=7
PKT t=19536 TX ua=96 mt=P len=0
PKT t=19794 TX ua=95 mt=P len=0
PKT t=19803 RX ua=95 mt=R len=7
PKT t=19808 TX ua=95 mt=T len=7
PKT t=19820 TX ua=95 mt=P len=0
PKT t=19829 RX ua=95 mt=R len=7
PKT t=19834 TX ua=95 mt=P len=0
PKT t=19843 RX ua=95 mt=R len=7
PKT t=19881 TX ua=95 mt=P len=0
PKT t=19912 RX ua=95 mt=R len=7
PKT t=19917 TX ua=95 mt=T len=7
PKT t=19929 TX ua=95 mt=P len=0
PKT t=19938 RX ua=95 mt=R len=7
PKT t=19943 TX ua=95 mt=P len=0
PKT t=19952 RX ua=95 mt=R len=7
PKT t=19957 TX ua=95 mt=P len=0
PKT t=19966 RX ua=95 mt=R len=7
PKT t=19971 TX ua=95 mt=P len=0
PKT t=19980 RX ua=95 mt=R len=7
PKT t=19985 TX ua=95 mt=P len=0
PKT t=20015 RX ua=95 mt=R len=7
PKT t=20019 TX ua=95 mt=P len=0
PKT t=20028 RX ua=95 mt=R len=7
PKT t=20033 TX ua=95 mt=P len=0
PKT t=20042 RX ua=95 mt=R len=7
PKT t=20047 TX ua=95 mt=P len=0
PKT t=20056 RX ua=95 mt=R len=7
PKT t=20061 TX ua=95 mt=P len=0
PKT t=20070 RX ua=95 mt=R len=7
PKT t=20075 TX ua=95 mt=P len=0
PKT t=20084 RX ua=95 mt=R len=7
PKT t=20089 TX ua=95 mt=P len=0
PKT t=20118 RX ua=95 mt=R len=7
PKT t=20123 TX ua=95 mt=P len=0
PKT t=20132 RX ua=95 mt=R len=7
PKT t=20137 TX ua=95 mt=T len=7
PKT t=20181 TX ua=95 mt=P len=0
PKT t=20190 RX ua=95 mt=R len=7
PKT t=20195 TX ua=95 mt=P len=0
PKT t=20224 RX ua=95 mt=R len=7
PKT t=20229 TX ua=95 mt=P len=0
PKT t=20238 RX ua=95 mt=R len=7
PKT t=20243 TX ua=95 mt=P len=0
PKT t=20252 RX ua=95 mt=R len=7
PKT t=20257 TX ua=95 mt=P len=0
PKT t=20266 RX ua=95 mt=R len=7
PKT t=20271 TX ua=95 mt=P len=0
PKT t=20280 RX ua=95 mt=R len=7
PKT t=20285 TX ua=95 mt=P len=0
PKT t=20294 RX ua=95 mt=R len=7
PKT t=20299 TX ua=95 mt=P len=0
PKT t=20328 RX ua=95 mt=R len=7
PKT t=20333 TX ua=95 mt=P len=0
PKT t=20342 RX ua=95 mt=R len=7
PKT t=20347 TX ua=95 mt=P len=0
PKT t=20356 RX ua=95 mt=R len=7
PKT t=20361 TX ua=95 mt=P len=0
PKT t=20370 RX ua=95 mt=R len=7
PKT t=20375 TX ua=95 mt=P len=0
PKT t=20384 RX ua=95 mt=R len=7
PKT t=20389 TX ua=95 mt=T len=7
PKT t=20401 TX ua=95 mt=P len=0
PKT t=20429 RX ua=95 mt=R len=7
PKT t=20434 TX ua=95 mt=P len=0
PKT t=20443 RX ua=95 mt=R len=7
PKT t=20481 TX ua=95 mt=P len=0
PKT t=20490 RX ua=95 mt=R len=7
PKT t=20495 TX ua=95 mt=P len=0
PKT t=20504 RX ua=95 mt=R len=7
PKT t=20509 TX ua=95 mt=P len=0
PKT t=20538 RX ua=95 mt=R len=7
PKT t=20543 TX ua=95 mt=P len=0
PKT t=20552 RX ua=95 mt=R len=7
PKT t=20557 TX ua=95 mt=P len=0
PKT t=20566 RX ua=95 mt=R len=7
PKT t=20571 TX ua=95 mt=P len=0
PKT t=20580 RX ua=95 mt=R len=7
PKT t=20585 TX ua=95 mt=P len=0
PKT t=20594 RX ua=95 mt=R len=7
PKT t=20599 TX ua=95 mt=P len=0
PKT t=20608 RX ua=95 mt=R len=7
PKT t=20613 TX ua=95 mt=P len=0
PKT t=20642 RX ua=95 mt=R len=7
PKT t=20647 TX ua=95 mt=T len=7
PKT t=20659 TX ua=95 mt=P len=0
PKT t=20668 RX ua=95 mt=R len=7
PKT t=20673 TX ua=95 mt=P len=0
PKT t=20682 RX ua=95 mt=R len=7
PKT t=20687 TX ua=95 mt=P len=0
PKT t=20696 RX ua=95 mt=R len=7
PKT t=20701 TX ua=95 mt=P len=0
PKT t=20710 RX ua=95 mt=R len=7
PKT t=20715 TX ua=95 mt=P len=0
PKT t=20744 RX ua=95 mt=R len=7
PKT t=20781 TX ua=95 mt=P len=0
PKT t=20790 RX ua=95 mt=R len=7
PKT t=20795 TX ua=95 mt=P len=0
PKT t=20804 RX ua=95 mt=R len=7
PKT t=20809 TX ua=95 mt=P len=0
PKT t=20818 RX ua=95 mt=R len=7
PKT t=20823 TX ua=95 mt=P len=0
PKT t=20852 RX ua=95 mt=R len=7
PKT t=20857 TX ua=95 mt=P len=0
PKT t=20866 RX ua=95 mt=R len=7
PKT t=20871 TX ua=95 mt=P len=0
PKT t=20880 RX ua=95 mt=R len=7
PKT t=20885 TX ua=95 mt=T len=7
PKT t=20897 TX ua=95 mt=P len=0
PKT t=20906 RX ua=95 mt=R len=7
PKT t=20911 TX ua=95 mt=P len=0
PKT t=20920 RX ua=95 mt=R len=7
PKT t=20925 TX ua=95 mt=P len=0
PKT t=20954 RX ua=95 mt=R len=7
PKT t=20959 TX ua=95 mt=P len=0
PKT t=20968 RX ua=95 mt=R len=7
PKT t=20973 TX ua=95 mt=P len=0
PKT t=20982 RX ua=95 mt=R len=7
PKT t=20987 TX ua=95 mt=P len=0
PKT t=20996 RX ua=95 mt=R len=7
PKT t=21001 TX ua=95 mt=P len=0
PKT t=21010 RX ua=95 mt=R len=7
PKT t=21015 TX ua=95 mt=P len=0
PKT t=21024 RX ua=95 mt=R len=7
PKT t=21029 TX ua=95 mt=P len=0
PKT t=21081 RX ua=95 mt=R len=7
PKT t=21086 TX ua=95 mt=P len=0
PKT t=21095 RX ua=95 mt=R len=7
PKT t=21100 TX ua=95 mt=P len=0
PKT t=21109 RX ua=95 mt=R len=7
PKT t=21114 TX ua=95 mt=P len=0
PKT t=21123 RX ua=95 mt=R len=7
PKT t=21128 TX ua=95 mt=T len=7
PKT t=21141 TX ua=95 mt=P len=0
PKT t=21160 RX ua=95 mt=R len=7
PKT t=21165 TX ua=95 mt=P len=0
PKT t=21174 RX ua=95 mt=R len=7
PKT t=21179 TX ua=95 mt=P len=0
PKT t=21188 RX ua=95 mt=R len=7
PKT t=21193 TX ua=95 mt=P len=0
PKT t=21202 RX ua=95 mt=R len=7
PKT t=21207 TX ua=95 mt=P len=0
PKT t=21216 RX ua=95 mt=R len=7
PKT t=21221 TX ua=95 mt=P len=0
PKT t=21230 RX ua=95 mt=R len=7
PKT t=21235 TX ua=95 mt=P len=0
PKT t=21264 RX ua=95 mt=R len=7
PKT t=21269 TX ua=95 mt=P len=0
PKT t=21278 RX ua=95 mt=R len=7
PKT t=21283 TX ua=95 mt=P len=0
PKT t=21292 RX ua=95 mt=R len=7
PKT t=21297 TX ua=95 mt=P len=0
PKT t=21306 RX ua=95 mt=R len=7
PKT t=21311 TX ua=95 mt=P len=0
PKT t=21320 RX ua=95 mt=R len=7
PKT t=21325 TX ua=95 mt=P len=0
PKT t=21334 RX ua=95 mt=R len=7
PKT t=21339 TX ua=95 mt=P len=0
PKT t=21381 RX ua=95 mt=R len=7
PKT t=21386 TX ua=95 mt=T len=7
PKT t=21399 TX ua=95 mt=P len=0
PKT t=21409 RX ua=95 mt=R len=7
PKT t=21414 TX ua=95 mt=P len=0
PKT t=21424 RX ua=95 mt=R len=7
PKT t=21429 TX ua=95 mt=P len=0
PKT t=21439 RX ua=95 mt=R len=7
PKT t=21444 TX ua=95 mt=P len=0
PKT t=21473 RX ua=95 mt=R len=7
PKT t=21478 TX ua=95 mt=P len=0
PKT t=21488 RX ua=95 mt=R len=7
PKT t=21493 TX ua=95 mt=P len=0
PKT t=21503 RX ua=95 mt=R len=7
PKT t=21508 TX ua=95 mt=P len=0
PKT t=21518 RX ua=95 mt=R len=7
PKT t=21523 TX ua=95 mt=P len=0
PKT t=21533 RX ua=95 mt=R len=7
PKT t=21538 TX ua=95 mt=P len=0
PKT t=21548 RX ua=95 mt=R len=7
PKT t=21553 TX ua=95 mt=P len=0
PKT t=21582 RX ua=95 mt=R len=7
PKT t=21587 TX ua=95 mt=P len=0
PKT t=21597 RX ua=95 mt=R len=7
PKT t=21602 TX ua=95 mt=P len=0
PKT t=21612 RX ua=95 mt=R len=7
PKT t=21617 TX ua=95 mt=P len=0
PKT t=21627 RX ua=95 mt=R len=7
PKT t=21632 TX ua=95 mt=T len=7
PKT t=21645 TX ua=95 mt=P len=0
PKT t=21681 RX ua=95 mt=R len=7
PKT t=21936 TX ua=96 mt=P len=0
PKT t=22194 TX ua=95 mt=P len=0
PKT t=22203 RX ua=95 mt=R len=7
PKT t=22208 TX ua=95 mt=T len=7
PKT t=22220 TX ua=95 mt=P len=0
PKT t=22229 RX ua=95 mt=R len=7
PKT t=22234 TX ua=95 mt=P len=0
PKT t=22243 RX ua=95 mt=R len=7
PKT t=22281 TX ua=95 mt=P len=0
PKT t=22290 RX ua=95 mt=R len=7
PKT t=22295 TX ua=95 mt=P len=0
PKT t=22304 RX ua=95 mt=R len=7
PKT t=22309 TX ua=95 mt=P len=0
PKT t=22318 RX ua=95 mt=R len=7
PKT t=22323 TX ua=95 mt=P len=0
PKT t=22332 RX ua=95 mt=R len=7
PKT t=22337 TX ua=95 mt=P len=0
PKT t=22346 RX ua=95 mt=R len=7
PKT t=22351 TX ua=95 mt=P len=0
PKT t=22360 RX ua=95 mt=R len=7
PKT t=22365 TX ua=95 mt=P len=0
PKT t=22394 RX ua=95 mt=R len=7
PKT t=22399 TX ua=95 mt=T len=7
PKT t=22411 TX ua=95 mt=P len=0
PKT t=22420 RX ua=95 mt=R len=7
PKT t=22425 TX ua=95 mt=P len=0
PKT t=22434 RX ua=95 mt=R len=7
PKT t=22439 TX ua=95 mt=P len=0
PKT t=22448 RX ua=95 mt=R len=7
PKT t=22453 TX ua=95 mt=P len=0
PKT t=22462 RX ua=95 mt=R len=7
PKT t=22467 TX ua=95 mt=P len=0
PKT t=22496 RX ua=95 mt=R len=7
PKT t=22501 TX ua=95 mt=P len=0
PKT t=22510 RX ua=95 mt=R len=7
PKT t=22515 TX ua=95 mt=P len=0
PKT t=22524 RX ua=95 mt=R len=7
PKT t=22529 TX ua=95 mt=P len=0
PKT t=22538 RX ua=95 mt=R len=7
PKT t=22543 TX ua=95 mt=P len=0
PKT t=22581 RX ua=95 mt=R len=7
PKT t=22586 TX ua=95 mt=P len=0
PKT t=22596 RX ua=95 mt=R len=7
PKT t=22601 TX ua=95 mt=P len=0
PKT t=22610 RX ua=95 mt=R len=7
PKT t=22615 TX ua=95 mt=P len=0
PKT t=22624 RX ua=95 mt=R len=7
PKT t=22629 TX ua=95 mt=P len=0
PKT t=22638 RX ua=95 mt=R len=7
PKT t=22643 TX ua=95 mt=T len=7
PKT t=22655 TX ua=95 mt=P len=0
PKT t=22664 RX ua=95 mt=R len=7
PKT t=22669 TX ua=95 mt=P len=0
PKT t=22698 RX ua=95 mt=R len=7
PKT t=22703 TX ua=95 mt=P len=0
PKT t=22712 RX ua=95 mt=R len=7
PKT t=22717 TX ua=95 mt=P len=0
PKT t=22726 RX ua=95 mt=R len=7
PKT t=22731 TX ua=95 mt=P len=0
PKT t=22740 RX ua=95 mt=R len=7
PKT t=22745 TX ua=95 mt=P len=0
PKT t=22754 RX ua=95 mt=R len=7
PKT t=22759 TX ua=95 mt=P len=0
PKT t=22768 RX ua=95 mt=R len=7
PKT t=22773 TX ua=95 mt=P len=0
PKT t=22802 RX ua=95 mt=R len=7
PKT t=22807 TX ua=95 mt=P len=0
PKT t=22816 RX ua=95 mt=R len=7
PKT t=22821 TX ua=95 mt=P len=0
PKT t=22830 RX ua=95 mt=R len=7
PKT t=22835 TX ua=95 mt=P len=0
PKT t=22844 RX ua=95 mt=R len=7
PKT t=22881 TX ua=95 mt=P len=0
PKT t=22902 RX ua=95 mt=R len=7
PKT t=22907 TX ua=95 mt=T len=7
PKT t=22919 TX ua=95 mt=P len=0
PKT t=22928 RX ua=95 mt=R len=7
PKT t=22933 TX ua=95 mt=P len=0
PKT t=22942 RX ua=95 mt=R len=7
PKT t=22947 TX ua=95 mt=P len=0
PKT t=22956 RX ua=95 mt=R len=7
PKT t=22961 TX ua=95 mt=P len=0
PKT t=22970 RX ua=95 mt=R len=7
PKT t=22975 TX ua=95 mt=P len=0
PKT t=23004 RX ua=95 mt=R len=7
PKT t=23009 TX ua=95 mt=P len=0
PKT t=23018 RX ua=95 mt=R len=7
PKT t=23023 TX ua=95 mt=P len=0
PKT t=23032 RX ua=95 mt=R len=7
PKT t=23037 TX ua=95 mt=P len=0
PKT t=23046 RX ua=95 mt=R len=7
PKT t=23051 TX ua=95 mt=P len=0
PKT t=23060 RX ua=95 mt=R len=7
PKT t=23065 TX ua=95 mt=P len=0
PKT t=23074 RX ua=95 mt=R len=7
PKT t=23079 TX ua=95 mt=P len=0
PKT t=23108 RX ua=95 mt=R len=7
PKT t=23113 TX ua=95 mt=P len=0
PKT t=23122 RX ua=95 mt=R len=7
PKT t=23127 TX ua=95 mt=T len=7
PKT t=23139 TX ua=95 mt=P len=0
PKT t=23181 RX ua=95 mt=R len=7
PKT t=23186 TX ua=95 mt=P len=0
PKT t=23208 RX ua=95 mt=R len=7
PKT t=23213 TX ua=95 mt=P len=0
PKT t=23222 RX ua=95 mt=R len=7
PKT t=23227 TX ua=95 mt=P len=0
PKT t=23236 RX ua=95 mt=R len=7
PKT t=23241 TX ua=95 mt=P len=0
PKT t=23250 RX ua=95 mt=R len=7
PKT t=23255 TX ua=95 mt=P len=0
PKT t=23264 RX ua=95 mt=R len=7
PKT t=23269 TX ua=95 mt=P len=0
PKT t=23278 RX ua=95 mt=R len=7
PKT t=23283 TX ua=95 mt=P len=0
PKT t=23312 RX ua=95 mt=R len=7
PKT t=23317 TX ua=95 mt=P len=0
PKT t=23326 RX ua=95 mt=R len=7
PKT t=23331 TX ua=95 mt=P len=0
PKT t=23340 RX ua=95 mt=R len=7
PKT t=23345 TX ua=95 mt=P len=0
PKT t=23354 RX ua=95 mt=R len=7
PKT t=23359 TX ua=95 mt=P len=0
PKT t=23368 RX ua=95 mt=R len=7
PKT t=23373 TX ua=95 mt=P len=0
PKT t=23382 RX ua=95 mt=R len=7
PKT t=23387 TX ua=95 mt=T len=7
PKT t=23399 TX ua=95 mt=P len=0
PKT t=23419 RX ua=95 mt=R len=7
PKT t=23424 TX ua=95 mt=P len=0
PKT t=23434 RX ua=95 mt=R len=7
PKT t=23439 TX ua=95 mt=P len=0
PKT t=23481 RX ua=95 mt=R len=7
PKT t=23486 TX ua=95 mt=P len=0
PKT t=23516 RX ua=95 mt=R len=7
PKT t=23521 TX ua=95 mt=P len=0
PKT t=23531 RX ua=95 mt=R len=7
PKT t=23536 TX ua=95 mt=P len=0
PKT t=23546 RX ua=95 mt=R len=7
PKT t=23551 TX ua=95 mt=P len=0
PKT t=23561 RX ua=95 mt=R len=7
PKT t=23566 TX ua=95 mt=P len=0
PKT t=23576 RX ua=95 mt=R len=7
PKT t=23581 TX ua=95 mt=P len=0
PKT t=23591 RX ua=95 mt=R len=7
PKT t=23596 TX ua=95 mt=P len=0
PKT t=23625 RX ua=95 mt=R len=7
PKT t=23630 TX ua=95 mt=P len=0
PKT t=23640 RX ua=95 mt=R len=7
PKT t=23645 TX ua=95 mt=T len=7
PKT t=23657 TX ua=95 mt=P len=0
PKT t=23666 RX ua=95 mt=R len=7
PKT t=23671 TX ua=95 mt=P len=0
PKT t=23680 RX ua=95 mt=R len=7
PKT t=23685 TX ua=95 mt=P len=0
PKT t=23694 RX ua=95 mt=R len=7
PKT t=23699 TX ua=95 mt=P len=0
PKT t=23728 RX ua=95 mt=R len=7
PKT t=23733 TX ua=95 mt=P len=0
PKT t=23742 RX ua=95 mt=R len=7
PKT t=23747 TX ua=95 mt=P len=0
PKT t=23782 RX ua=95 mt=R len=7
PKT t=24037 TX ua=96 mt=P len=0
PKT t=24295 TX ua=95 mt=P len=0
PKT t=24304 RX ua=95 mt=R len=7
PKT t=24309 TX ua=95 mt=T len=7
PKT t=24321 TX ua=95 mt=P len=0
PKT t=24330 RX ua=95 mt=R len=7
PKT t=24335 TX ua=95 mt=P len=0
PKT t=24344 RX ua=95 mt=R len=7
PKT t=24381 TX ua=95 mt=P len=0
PKT t=24390 RX ua=95 mt=R len=7
PKT t=24395 TX ua=95 mt=T len=7
PKT t=24407 TX ua=95 mt=P len=0
PKT t=24430 RX ua=95 mt=R len=7
PKT t=24435 TX ua=95 mt=P len=0
PKT t=24444 RX ua=95 mt=R len=7
PKT t=24449 TX ua=95 mt=P len=0
PKT t=24458 RX ua=95 mt=R len=7
PKT t=24463 TX ua=95 mt=P len=0
PKT t=24472 RX ua=95 mt=R len=7
PKT t=24477 TX ua=95 mt=P len=0
PKT t=24486 RX ua=95 mt=R len=7
PKT t=24491 TX ua=95 mt=P len=0
PKT t=24500 RX ua=95 mt=R len=7
PKT t=24505 TX ua=95 mt=P len=0
PKT t=24534 RX ua=95 mt=R len=7
PKT t=24539 TX ua=95 mt=P len=0
PKT t=24548 RX ua=95 mt=R len=7
PKT t=24553 TX ua=95 mt=P len=0
PKT t=24562 RX ua=95 mt=R len=7
PKT t=24567 TX ua=95 mt=P len=0
PKT t=24576 RX ua=95 mt=R len=7
PKT t=24581 TX ua=95 mt=P len=0
PKT t=24590 RX ua=95 mt=R len=7
PKT t=24595 TX ua=95 mt=P len=0
PKT t=24604 RX ua=95 mt=R len=7
PKT t=24609 TX ua=95 mt=P len=0
PKT t=24638 RX ua=95 mt=R len=7
PKT t=24643 TX ua=95 mt=T len=7
PKT t=24688 TX ua=95 mt=P len=0
PKT t=24697 RX ua=95 mt=R len=7
PKT t=24702 TX ua=95 mt=P len=0
PKT t=24711 RX ua=95 mt=R len=7
PKT t=24716 TX ua=95 mt=P len=0
PKT t=24745 RX ua=95 mt=R len=7
PKT t=24750 TX ua=95 mt=P len=0
PKT t=24759 RX ua=95 mt=R len=7
PKT t=24764 TX ua=95 mt=P len=0
PKT t=24773 RX ua=95 mt=R len=7
PKT t=24778 TX ua=95 mt=P len=0
PKT t=24787 RX ua=95 mt=R len=7
PKT t=24792 TX ua=95 mt=P len=0
PKT t=24801 RX ua=95 mt=R len=7
PKT t=24806 TX ua=95 mt=P len=0
PKT t=24815 RX ua=95 mt=R len=7
PKT t=24820 TX ua=95 mt=P len=0
PKT t=24849 RX ua=95 mt=R len=7
PKT t=24854 TX ua=95 mt=P len=0
PKT t=24863 RX ua=95 mt=R len=7
PKT t=24868 TX ua=95 mt=P len=0
PKT t=24877 RX ua=95 mt=R len=7
PKT t=24882 TX ua=95 mt=T len=7
PKT t=24894 TX ua=95 mt=P len=0
PKT t=24903 RX ua=95 mt=R len=7
PKT t=24908 TX ua=95 mt=P len=0
PKT t=24917 RX ua=95 mt=R len=7
PKT t=24922 TX ua=95 mt=P len=0
PKT t=24981 RX ua=95 mt=R len=7
PKT t=24986 TX ua=95 mt=P len=0
PKT t=24995 RX ua=95 mt=R len=7
PKT t=25000 TX ua=95 mt=P len=0
PKT t=25009 RX ua=95 mt=R len=7
PKT t=25014 TX ua=95 mt=P len=0
PKT t=25023 RX ua=95 mt=R len=7
PKT t=25028 TX ua=95 mt=P len=0
PKT t=25057 RX ua=95 mt=R len=7
PKT t=25062 TX ua=95 mt=P len=0
PKT t=25071 RX ua=95 mt=R len=7
PKT t=25076 TX ua=95 mt=P len=0
PKT t=25085 RX ua=95 mt=R len=7
PKT t=25090 TX ua=95 mt=P len=0
PKT t=25099 RX ua=95 mt=R len=7
PKT t=25104 TX ua=95 mt=P len=0
PKT t=25113 RX ua=95 mt=R len=7
PKT t=25118 TX ua=95 mt=P len=0
PKT t=25127 RX ua=95 mt=R len=7
PKT t=25132 TX ua=95 mt=T len=7
PKT t=25144 TX ua=95 mt=P len=0
PKT t=25163 RX ua=95 mt=R len=7
PKT t=25168 TX ua=95 mt=P len=0
PKT t=25177 RX ua=95 mt=R len=7
PKT t=25182 TX ua=95 mt=P len=0
PKT t=25191 RX ua=95 mt=R len=7
PKT t=25196 TX ua=95 mt=P len=0
PKT t=25205 RX ua=95 mt=R len=7
PKT t=25210 TX ua=95 mt=P len=0
PKT t=25219 RX ua=95 mt=R len=7
PKT t=25224 TX ua=95 mt=P len=0
PKT t=25234 RX ua=95 mt=R len=7
PKT t=25239 TX ua=95 mt=P len=0
PKT t=25281 RX ua=95 mt=R len=7
PKT t=25286 TX ua=95 mt=P len=0
PKT t=25295 RX ua=95 mt=R len=7
PKT t=25300 TX ua=95 mt=P len=0
PKT t=25309 RX ua=95 mt=R len=7
PKT t=25314 TX ua=95 mt=P len=0
PKT t=25323 RX ua=95 mt=R len=7
PKT t=25328 TX ua=95 mt=P len=0
PKT t=25337 RX ua=95 mt=R len=7
PKT t=25342 TX ua=95 mt=P len=0
PKT t=25371 RX ua=95 mt=R len=7
PKT t=25376 TX ua=95 mt=P len=0
PKT t=25385 RX ua=95 mt=R len=7
PKT t=25390 TX ua=95 mt=T len=7
PKT t=25402 TX ua=95 mt=P len=0
PKT t=25412 RX ua=95 mt=R len=7
PKT t=25417 TX ua=95 mt=P len=0
PKT t=25427 RX ua=95 mt=R len=7
PKT t=25432 TX ua=95 mt=P len=0
PKT t=25442 RX ua=95 mt=R len=7
PKT t=25447 TX ua=95 mt=P len=0
PKT t=25477 RX ua=95 mt=R len=7
PKT t=25482 TX ua=95 mt=P len=0
PKT t=25492 RX ua=95 mt=R len=7
PKT t=25497 TX ua=95 mt=P len=0
PKT t=25507 RX ua=95 mt=R len=7
PKT t=25512 TX ua=95 mt=P len=0
PKT t=25522 RX ua=95 mt=R len=7
PKT t=25527 TX ua=95 mt=P len=0
PKT t=25537 RX ua=95 mt=R len=7
PKT t=25542 TX ua=95 mt=P len=0
PKT t=25581 RX ua=95 mt=R len=7
PKT t=25586 TX ua=95 mt=P len=0
PKT t=25596 RX ua=95 mt=R len=7
PKT t=25601 TX ua=95 mt=P len=0
PKT t=25611 RX ua=95 mt=R len=7
PKT t=25616 TX ua=95 mt=P len=0
PKT t=25626 RX ua=95 mt=R len=7
PKT t=25631 TX ua=95 mt=P len=0
PKT t=25641 RX ua=95 mt=R len=7
PKT t=25646 TX ua=95 mt=T len=7
PKT t=25658 TX ua=95 mt=P len=0
PKT t=25677 RX ua=95 mt=R len=7
PKT t=25682 TX ua=95 mt=P len=0
PKT t=25691 RX ua=95 mt=R len=7
PKT t=25696 TX ua=95 mt=P len=0
PKT t=25705 RX ua=95 mt=R len=7
PKT t=25710 TX ua=95 mt=P len=0
PKT t=25719 RX ua=95 mt=R len=7
PKT t=25724 TX ua=95 mt=P len=0
PKT t=25733 RX ua=95 mt=R len=7
PKT t=25738 TX ua=95 mt=P len=0
PKT t=25747 RX ua=95 mt=R len=7
PKT t=25752 TX ua=95 mt=P len=0
PKT t=25781 RX ua=95 mt=R len=7
PKT t=25786 TX ua=95 mt=P len=0
PKT t=25795 RX ua=95 mt=R len=7
PKT t=25800 TX ua=95 mt=P len=0
PKT t=25809 RX ua=95 mt=R len=7
PKT t=25814 TX ua=95 mt=P len=0
PKT t=25823 RX ua=95 mt=R len=7
PKT t=25828 TX ua=95 mt=P len=0
PKT t=25837 RX ua=95 mt=R len=7
PKT t=25842 TX ua=95 mt=P len=0
PKT t=25881 RX ua=95 mt=R len=7
PKT t=25886 TX ua=95 mt=T len=7
PKT t=25898 TX ua=95 mt=P len=0
PKT t=25907 RX ua=95 mt=R len=7
PKT t=25912 TX ua=95 mt=P len=0
PKT t=25921 RX ua=95 mt=R len=7
PKT t=25926 TX ua=95 mt=P len=0
PKT t=25935 RX ua=95 mt=R len=7
PKT t=25940 TX ua=95 mt=P len=0
PKT t=25949 RX ua=95 mt=R len=7
PKT t=25954 TX ua=95 mt=P len=0
PKT t=25985 RX ua=95 mt=R len=7
PKT t=25990 TX ua=95 mt=P len=0
PKT t=25999 RX ua=95 mt=R len=7
PKT t=26004 TX ua=95 mt=P len=0
PKT t=26017 RX ua=95 mt=R len=7
PKT t=26022 TX ua=95 mt=P len=0
PKT t=26031 RX ua=95 mt=R len=7
PKT t=26036 TX ua=95 mt=P len=0
PKT t=26045 RX ua=95 mt=R len=7
PKT t=26050 TX ua=95 mt=P len=0
PKT t=26059 RX ua=95 mt=R len=7
PKT t=26064 TX ua=95 mt=P len=0
PKT t=26093 RX ua=95 mt=R len=7
PKT t=26098 TX ua=95 mt=P len=0
PKT t=26107 RX ua=95 mt=R len=7
PKT t=26112 TX ua=95 mt=P len=0
PKT t=26121 RX ua=95 mt=R len=7
PKT t=26126 TX ua=95 mt=T len=7
PKT t=26139 TX ua=95 mt=P len=0
PKT t=26181 RX ua=95 mt=R len=7
PKT t=26186 TX ua=95 mt=T len=7
PKT t=26199 TX ua=95 mt=P len=0
PKT t=26208 RX ua=95 mt=R len=7
PKT t=26213 TX ua=95 mt=P len=0
PKT t=26222 RX ua=95 mt=R len=7
PKT t=26227 TX ua=95 mt=P len=0
PKT t=26237 RX ua=95 mt=R len=7
PKT t=26242 TX ua=95 mt=P len=0
PKT t=26251 RX ua=95 mt=R len=7
PKT t=26256 TX ua=95 mt=P len=0
PKT t=26265 RX ua=95 mt=R len=7
PKT t=26270 TX ua=95 mt=P len=0
PKT t=26299 RX ua=95 mt=R len=7
PKT t=26304 TX ua=95 mt=P len=0
PKT t=26313 RX ua=95 mt=R len=7
PKT t=26318 TX ua=95 mt=P len=0
PKT t=26327 RX ua=95 mt=R len=7
PKT t=26332 TX ua=95 mt=P len=0
PKT t=26341 RX ua=95 mt=R len=7
PKT t=26346 TX ua=95 mt=P len=0
PKT t=26355 RX ua=95 mt=R len=7
PKT t=26360 TX ua=95 mt=P len=0
PKT t=26369 RX ua=95 mt=R len=7
PKT t=26374 TX ua=95 mt=P len=0
PKT t=26403 RX ua=95 mt=R len=7
PKT t=26408 TX ua=95 mt=T len=7
PKT t=26421 TX ua=95 mt=P len=0
PKT t=26430 RX ua=95 mt=R len=7
PKT t=26435 TX ua=95 mt=P len=0
PKT t=26444 RX ua=95 mt=R len=7
PKT t=26481 TX ua=95 mt=P len=0
PKT t=26503 RX ua=95 mt=R len=7
PKT t=26508 TX ua=95 mt=P len=0
PKT t=26517 RX ua=95 mt=R len=7
PKT t=26522 TX ua=95 mt=P len=0
PKT t=26531 RX ua=95 mt=R len=7
PKT t=26536 TX ua=95 mt=P len=0
PKT t=26545 RX ua=95 mt=R len=7
PKT t=26550 TX ua=95 mt=P len=0
PKT t=26559 RX ua=95 mt=R len=7
PKT t=26564 TX ua=95 mt=P len=0
PKT t=26573 RX ua=95 mt=R len=7
PKT t=26578 TX ua=95 mt=P len=0
PKT t=26607 RX ua=95 mt=R len=7
PKT t=26612 TX ua=95 mt=P len=0
PKT t=26621 RX ua=95 mt=R len=7
PKT t=26626 TX ua=95 mt=P len=0
PKT t=26635 RX ua=95 mt=R len=7
PKT t=26640 TX ua=95 mt=T len=7
PKT t=26653 TX ua=95 mt=P len=0
PKT t=26662 RX ua=95 mt=R len=7
PKT t=26667 TX ua=95 mt=P len=0
PKT t=26676 RX ua=95 mt=R len=7
PKT t=26681 TX ua=95 mt=P len=0
PKT t=26710 RX ua=95 mt=R len=7
PKT t=26715 TX ua=95 mt=P len=0
PKT t=26724 RX ua=95 mt=R len=7
PKT t=26729 TX ua=95 mt=P len=0
PKT t=26738 RX ua=95 mt=R len=7
PKT t=26743 TX ua=95 mt=P len=0
PKT t=26781 RX ua=95 mt=R len=7
PKT t=26786 TX ua=95 mt=P len=0
PKT t=26810 RX ua=95 mt=R len=7
PKT t=26815 TX ua=95 mt=P len=0
PKT t=26824 RX ua=95 mt=R len=7
PKT t=26829 TX ua=95 mt=P len=0
PKT t=26838 RX ua=95 mt=R len=7
PKT t=26843 TX ua=95 mt=P len=0
PKT t=26852 RX ua=95 mt=R len=7
PKT t=26857 TX ua=95 mt=P len=0
PKT t=26866 RX ua=95 mt=R len=7
PKT t=26871 TX ua=95 mt=P len=0
PKT t=26880 RX ua=95 mt=R len=7
PKT t=26885 TX ua=95 mt=T len=7
PKT t=26898 TX ua=95 mt=P len=0
PKT t=26916 RX ua=95 mt=R len=7
PKT t=26921 TX ua=95 mt=P len=0
PKT t=26930 RX ua=95 mt=R len=7
PKT t=26935 TX ua=95 mt=P len=0
PKT t=26944 RX ua=95 mt=R len=7
PKT t=26949 TX ua=95 mt=P len=0
PKT t=26958 RX ua=95 mt=R len=7
PKT t=26963 TX ua=95 mt=P len=0
PKT t=26972 RX ua=95 mt=R len=7
PKT t=26977 TX ua=95 mt=P len=0
PKT t=26986 RX ua=95 mt=R len=7
PKT t=26991 TX ua=95 mt=P len=0
PKT t=27020 RX ua=95 mt=R len=7
PKT t=27025 TX ua=95 mt=P len=0
PKT t=27034 RX ua=95 mt=R len=7
PKT t=27039 TX ua=95 mt=P len=0
PKT t=27081 RX ua=95 mt=R len=7
PKT t=27086 TX ua=95 mt=P len=0
PKT t=27095 RX ua=95 mt=R len=7
PKT t=27100 TX ua=95 mt=P len=0
PKT t=27129 RX ua=95 mt=R len=7
PKT t=27134 TX ua=95 mt=T len=7
PKT t=27146 TX ua=95 mt=P len=0
PKT t=27155 RX ua=95 mt=R len=7
PKT t=27160 TX ua=95 mt=P len=0
PKT t=27169 RX ua=95 mt=R len=7
PKT t=27174 TX ua=95 mt=P len=0
PKT t=27183 RX ua=95 mt=R len=7
PKT t=27188 TX ua=95 mt=P len=0
PKT t=27197 RX ua=95 mt=R len=7
PKT t=27202 TX ua=95 mt=P len=0
PKT t=27231 RX ua=95 mt=R len=7
PKT t=27236 TX ua=95 mt=P len=0
PKT t=27245 RX ua=95 mt=R len=7
PKT t=27250 TX ua=95 mt=P len=0
PKT t=27259 RX ua=95 mt=R len=7
PKT t=27264 TX ua=95 mt=P len=0
PKT t=27273 RX ua=95 mt=R len=7
PKT t=27278 TX ua=95 mt=P len=0
PKT t=27287 RX ua=95 mt=R len=7
PKT t=27292 TX ua=95 mt=P len=0
PKT t=27301 RX ua=95 mt=R len=7
PKT t=27306 TX ua=95 mt=P len=0
PKT t=27335 RX ua=95 mt=R len=7
PKT t=27340 TX ua=95 mt=P len=0
PKT t=27381 RX ua=95 mt=R len=7
PKT t=27386 TX ua=95 mt=T len=7
PKT t=27398 TX ua=95 mt=P len=0
PKT t=27408 RX ua=95 mt=R len=7
PKT t=27413 TX ua=95 mt=P len=0
PKT t=27442 RX ua=95 mt=R len=7
PKT t=27447 TX ua=95 mt=P len=0
PKT t=27457 RX ua=95 mt=R len=7
PKT t=27462 TX ua=95 mt=P len=0
PKT t=27472 RX ua=95 mt=R len=7
PKT t=27477 TX ua=95 mt=P len=0
PKT t=27487 RX ua=95 mt=R len=7
PKT t=27492 TX ua=95 mt=P len=0
PKT t=27502 RX ua=95 mt=R len=7
PKT t=27507 TX ua=95 mt=P len=0
PKT t=27517 RX ua=95 mt=R len=7
PKT t=27522 TX ua=95 mt=P len=0
PKT t=27551 RX ua=95 mt=R len=7
PKT t=27556 TX ua=95 mt=P len=0
PKT t=27566 RX ua=95 mt=R len=7
PKT t=27571 TX ua=95 mt=P len=0
PKT t=27581 RX ua=95 mt=R len=7
PKT t=27586 TX ua=95 mt=P len=0
PKT t=27596 RX ua=95 mt=R len=7
PKT t=27601 TX ua=95 mt=P len=0
PKT t=27611 RX ua=95 mt=R len=7
PKT t=27616 TX ua=95 mt=P len=0
PKT t=27626 RX ua=95 mt=R len=7
PKT t=27631 TX ua=95 mt=P len=0
PKT t=27681 RX ua=95 mt=R len=7
PKT t=27686 TX ua=95 mt=T len=7
PKT t=27698 TX ua=95 mt=P len=0
PKT t=27707 RX ua=95 mt=R len=7
PKT t=27712 TX ua=95 mt=P len=0
PKT t=27721 RX ua=95 mt=R len=7
PKT t=27726 TX ua=95 mt=P len=0
PKT t=27759 RX ua=95 mt=R len=7
PKT t=27764 TX ua=95 mt=P len=0
PKT t=27773 RX ua=95 mt=R len=7
PKT t=27778 TX ua=95 mt=P len=0
PKT t=27787 RX ua=95 mt=R len=7
PKT t=27792 TX ua=95 mt=P len=0
PKT t=27801 RX ua=95 mt=R len=7
PKT t=27806 TX ua=95 mt=P len=0
PKT t=27815 RX ua=95 mt=R len=7
PKT t=27820 TX ua=95 mt=P len=0
PKT t=27829 RX ua=95 mt=R len=7
PKT t=27834 TX ua=95 mt=P len=0
PKT t=27863 RX ua=95 mt=R len=7
PKT t=27868 TX ua=95 mt=P len=0
PKT t=27877 RX ua=95 mt=R len=7
PKT t=27882 TX ua=95 mt=T len=7
PKT t=27894 TX ua=95 mt=P len=0
PKT t=27903 RX ua=95 mt=R len=7
PKT t=27908 TX ua=95 mt=P len=0
PKT t=27917 RX ua=95 mt=R len=7
PKT t=27922 TX ua=95 mt=P len=0
PKT t=27931 RX ua=95 mt=R len=7
PKT t=27936 TX ua=95 mt=P len=0
PKT t=27981 RX ua=95 mt=R len=7
PKT t=27986 TX ua=95 mt=P len=0
PKT t=27995 RX ua=95 mt=R len=7
PKT t=28000 TX ua=95 mt=P len=0
PKT t=28009 RX ua=95 mt=R len=7
PKT t=28018 TX ua=95 mt=P len=0
PKT t=28027 RX ua=95 mt=R len=7
PKT t=28032 TX ua=95 mt=P len=0
PKT t=28065 RX ua=95 mt=R len=7
PKT t=28070 TX ua=95 mt=P len=0
PKT t=28079 RX ua=95 mt=R len=7
PKT t=28084 TX ua=95 mt=P len=0
PKT t=28093 RX ua=95 mt=R len=7
PKT t=28098 TX ua=95 mt=P len=0
PKT t=28107 RX ua=95 mt=R len=7
PKT t=28112 TX ua=95 mt=P len=0
PKT t=28121 RX ua=95 mt=R len=7
PKT t=28126 TX ua=95 mt=T len=7
PKT t=28138 TX ua=95 mt=P len=0
PKT t=28170 RX ua=95 mt=R len=7
PKT t=28175 TX ua=95 mt=P len=0
PKT t=28184 RX ua=95 mt=R len=7
PKT t=28189 TX ua=95 mt=P len=0
PKT t=28198 RX ua=95 mt=R len=7
PKT t=28203 TX ua=95 mt=P len=0
PKT t=28212 RX ua=95 mt=R len=7
PKT t=28217 TX ua=95 mt=P len=0
PKT t=28226 RX ua=95 mt=R len=7
PKT t=28231 TX ua=95 mt=P len=0
PKT t=28240 RX ua=95 mt=R len=7
PKT t=28245 TX ua=95 mt=P len=0
PKT t=28281 RX ua=95 mt=R len=7
PKT t=28536 TX ua=96 mt=P len=0
PKT t=28794 TX ua=95 mt=P len=0
PKT t=28803 RX ua=95 mt=R len=7
PKT t=28808 TX ua=95 mt=T len=7
PKT t=28820 TX ua=95 mt=P len=0
PKT t=28829 RX ua=95 mt=R len=7
PKT t=28834 TX ua=95 mt=P len=0
PKT t=28843 RX ua=95 mt=R len=7
PKT t=28881 TX ua=95 mt=P len=0
PKT t=28890 RX ua=95 mt=R len=7
PKT t=28895 TX ua=95 mt=T len=7
PKT t=28907 TX ua=95 mt=P len=0
PKT t=28916 RX ua=95 mt=R len=7
PKT t=28921 TX ua=95 mt=P len=0
PKT t=28930 RX ua=95 mt=R len=7
PKT t=28935 TX ua=95 mt=P len=0
PKT t=28944 RX ua=95 mt=R len=7
PKT t=28949 TX ua=95 mt=P len=0
PKT t=28978 RX ua=95 mt=R len=7
PKT t=28983 TX ua=95 mt=P len=0
PKT t=28992 RX ua=95 mt=R len=7
PKT t=28997 TX ua=95 mt=P len=0
PKT t=29006 RX ua=95 mt=R len=7
PKT t=29011 TX ua=95 mt=P len=0
PKT t=29020 RX ua=95 mt=R len=7
PKT t=29025 TX ua=95 mt=P len=0
PKT t=29034 RX ua=95 mt=R len=7
PKT t=29039 TX ua=95 mt=P len=0
PKT t=29048 RX ua=95 mt=R len=7
PKT t=29053 TX ua=95 mt=P len=0
PKT t=29082 RX ua=95 mt=R len=7
PKT t=29087 TX ua=95 mt=P len=0
PKT t=29096 RX ua=95 mt=R len=7
PKT t=29101 TX ua=95 mt=P len=0
PKT t=29110 RX ua=95 mt=R len=7
PKT t=29115 TX ua=95 mt=P len=0
PKT t=29124 RX ua=95 mt=R len=7
PKT t=29129 TX ua=95 mt=T len=7
PKT t=29142 TX ua=95 mt=P len=0
PKT t=29181 RX ua=95 mt=R len=7
PKT t=29186 TX ua=95 mt=P len=0
PKT t=29195 RX ua=95 mt=R len=7
PKT t=29200 TX ua=95 mt=P len=0
PKT t=29209 RX ua=95 mt=R len=7
PKT t=29214 TX ua=95 mt=P len=0
PKT t=29223 RX ua=95 mt=R len=7
PKT t=29228 TX ua=95 mt=P len=0
PKT t=29237 RX ua=95 mt=R len=7
PKT t=29242 TX ua=95 mt=P len=0
PKT t=29251 RX ua=95 mt=R len=7
PKT t=29256 TX ua=95 mt=P len=0
PKT t=29285 RX ua=95 mt=R len=7
PKT t=29290 TX ua=95 mt=P len=0
PKT t=29299 RX ua=95 mt=R len=7
PKT t=29304 TX ua=95 mt=P len=0
PKT t=29313 RX ua=95 mt=R len=7
PKT t=29318 TX ua=95 mt=P len=0
PKT t=29327 RX ua=95 mt=R len=7
PKT t=29332 TX ua=95 mt=P len=0
PKT t=29341 RX ua=95 mt=R len=7
PKT t=29346 TX ua=95 mt=P len=0
PKT t=29355 RX ua=95 mt=R len=7
PKT t=29360 TX ua=95 mt=P len=0
PKT t=29389 RX ua=95 mt=R len=7
PKT t=29394 TX ua=95 mt=T len=7
PKT t=29407 TX ua=95 mt=P len=0
PKT t=29417 RX ua=95 mt=R len=7
PKT t=29422 TX ua=95 mt=P len=0
PKT t=29432 RX ua=95 mt=R len=7
PKT t=29437 TX ua=95 mt=P len=0
PKT t=29481 RX ua=95 mt=R len=7
PKT t=29486 TX ua=95 mt=P len=0
PKT t=29496 RX ua=95 mt=R len=7
PKT t=29501 TX ua=95 mt=P len=0
PKT t=29511 RX ua=95 mt=R len=7
PKT t=29516 TX ua=95 mt=P len=0
PKT t=29526 RX ua=95 mt=R len=7
PKT t=29531 TX ua=95 mt=P len=0
PKT t=29541 RX ua=95 mt=R len=7
PKT t=29546 TX ua=95 mt=P len=0
PKT t=29556 RX ua=95 mt=R len=7
PKT t=29561 TX ua=95 mt=P len=0
PKT t=29590 RX ua=95 mt=R len=7
PKT t=29595 TX ua=95 mt=P len=0
PKT t=29605 RX ua=95 mt=R len=7
PKT t=29610 TX ua=95 mt=P len=0
PKT t=29620 RX ua=95 mt=R len=7
PKT t=29625 TX ua=95 mt=P len=0
PKT t=29635 RX ua=95 mt=R len=7
PKT t=29640 TX ua=95 mt=T len=7
PKT t=29653 TX ua=95 mt=P len=0
PKT t=29662 RX ua=95 mt=R len=7
PKT t=29667 TX ua=95 mt=P len=0
PKT t=29696 RX ua=95 mt=R len=7
PKT t=29701 TX ua=95 mt=P len=0
PKT t=29710 RX ua=95 mt=R len=7
PKT t=29715 TX ua=95 mt=P len=0
PKT t=29724 RX ua=95 mt=R len=7
PKT t=29729 TX ua=95 mt=P len=0
PKT t=29738 RX ua=95 mt=R len=7
PKT t=29743 TX ua=95 mt=P len=0
PKT t=29781 RX ua=95 mt=R len=7
PKT t=29786 TX ua=95 mt=P len=0
PKT t=29796 RX ua=95 mt=R len=7
PKT t=29801 TX ua=95 mt=P len=0
PKT t=29810 RX ua=95 mt=R len=7
PKT t=29815 TX ua=95 mt=P len=0
PKT t=29824 RX ua=95 mt=R len=7
PKT t=29829 TX ua=95 mt=P len=0
PKT t=29838 RX ua=95 mt=R len=7
PKT t=29843 TX ua=95 mt=P len=0
PKT t=29852 RX ua=95 mt=R len=7
PKT t=29857 TX ua=95 mt=P len=0
PKT t=29866 RX ua=95 mt=R len=7
PKT t=29871 TX ua=95 mt=P len=0
PKT t=29900 RX ua=95 mt=R len=7
PKT t=29905 TX ua=95 mt=T len=7
PKT t=29918 TX ua=95 mt=P len=0
PKT t=29927 RX ua=95 mt=R len=7
PKT t=29932 TX ua=95 mt=P len=0
PKT t=29941 RX ua=95 mt=R len=7
PKT t=29946 TX ua=95 mt=P len=0
PKT t=29955 RX ua=95 mt=R len=7
PKT t=29960 TX ua=95 mt=P len=0
PKT t=29969 RX ua=95 mt=R len=7
PKT t=29974 TX ua=95 mt=P len=0
PKT t=30003 RX ua=95 mt=R len=7
PKT t=30008 TX ua=95 mt=P len=0
PKT t=30019 RX ua=95 mt=R len=7
PKT t=30024 TX ua=95 mt=P len=0
PKT t=30033 RX ua=95 mt=R len=7
PKT t=30038 TX ua=95 mt=P len=0
PKT t=30081 RX ua=95 mt=R len=7
PKT t=30086 TX ua=95 mt=P len=0
PKT t=30103 RX ua=95 mt=R len=7
PKT t=30108 TX ua=95 mt=P len=0
PKT t=30117 RX ua=95 mt=R len=7
PKT t=30122 TX ua=95 mt=P len=0
PKT t=30131 RX ua=95 mt=R len=7
PKT t=30136 TX ua=95 mt=T len=7
PKT t=30148 TX ua=95 mt=P len=0
PKT t=30157 RX ua=95 mt=R len=7
PKT t=30162 TX ua=95 mt=P len=0
PKT t=30171 RX ua=95 mt=R len=7
PKT t=30176 TX ua=95 mt=P len=0
PKT t=30205 RX ua=95 mt=R len=7
PKT t=30210 TX ua=95 mt=P len=0
PKT t=30219 RX ua=95 mt=R len=7
PKT t=30224 TX ua=95 mt=P len=0
PKT t=30233 RX ua=95 mt=R len=7
PKT t=30238 TX ua=95 mt=P len=0
PKT t=30247 RX ua=95 mt=R len=7
PKT t=30252 TX ua=95 mt=P len=0
PKT t=30261 RX ua=95 mt=R len=7
PKT t=30266 TX ua=95 mt=P len=0
PKT t=30275 RX ua=95 mt=R len=7
PKT t=30280 TX ua=95 mt=P len=0
PKT t=30309 RX ua=95 mt=R len=7
PKT t=30314 TX ua=95 mt=P len=0
PKT t=30323 RX ua=95 mt=R len=7
PKT t=30328 TX ua=95 mt=P len=0
PKT t=30337 RX ua=95 mt=R len=7
PKT t=30342 TX ua=95 mt=P len=0
PKT t=30381 RX ua=95 mt=R len=7
PKT t=30386 TX ua=95 mt=T len=7
PKT t=30398 TX ua=95 mt=P len=0
PKT t=30411 RX ua=95 mt=R len=7
PKT t=30416 TX ua=95 mt=P len=0
PKT t=30425 RX ua=95 mt=R len=7
PKT t=30430 TX ua=95 mt=P len=0
PKT t=30439 RX ua=95 mt=R len=7
PKT t=30444 TX ua=95 mt=P len=0
PKT t=30453 RX ua=95 mt=R len=7
PKT t=30458 TX ua=95 mt=P len=0
PKT t=30467 RX ua=95 mt=R len=7
PKT t=30472 TX ua=95 mt=P len=0
PKT t=30481 RX ua=95 mt=R len=7
PKT t=30486 TX ua=95 mt=P len=0
PKT t=30515 RX ua=95 mt=R len=7
PKT t=30520 TX ua=95 mt=P len=0
PKT t=30529 RX ua=95 mt=R len=7
PKT t=30534 TX ua=95 mt=P len=0
PKT t=30543 RX ua=95 mt=R len=7
PKT t=30548 TX ua=95 mt=P len=0
PKT t=30557 RX ua=95 mt=R len=7
PKT t=30562 TX ua=95 mt=P len=0
PKT t=30571 RX ua=95 mt=R len=7
PKT t=30576 TX ua=95 mt=P len=0
PKT t=30585 RX ua=95 mt=R len=7
PKT t=30590 TX ua=95 mt=P len=0
PKT t=30619 RX ua=95 mt=R len=7
PKT t=30624 TX ua=95 mt=P len=0
PKT t=30633 RX ua=95 mt=R len=7
PKT t=30638 TX ua=95 mt=T len=7
PKT t=30681 TX ua=95 mt=P len=0
PKT t=30690 RX ua=95 mt=R len=7
PKT t=30695 TX ua=95 mt=P len=0
PKT t=30724 RX ua=95 mt=R len=7
PKT t=30729 TX ua=95 mt=P len=0
PKT t=30738 RX ua=95 mt=R len=7
PKT t=30743 TX ua=95 mt=P len=0
PKT t=30752 RX ua=95 mt=R len=7
PKT t=30757 TX ua=95 mt=P len=0
PKT t=30766 RX ua=95 mt=R len=7
PKT t=30771 TX ua=95 mt=P len=0
PKT t=30780 RX ua=95 mt=R len=7
PKT t=30785 TX ua=95 mt=P len=0
PKT t=30794 RX ua=95 mt=R len=7
PKT t=30799 TX ua=95 mt=P len=0
PKT t=30828 RX ua=95 mt=R len=7
PKT t=30833 TX ua=95 mt=P len=0
PKT t=30842 RX ua=95 mt=R len=7
PKT t=30847 TX ua=95 mt=P len=0
PKT t=30856 RX ua=95 mt=R len=7
PKT t=30861 TX ua=95 mt=P len=0
PKT t=30870 RX ua=95 mt=R len=7
PKT t=30875 TX ua=95 mt=P len=0
PKT t=30884 RX ua=95 mt=R len=7
PKT t=30889 TX ua=95 mt=T len=7
PKT t=30901 TX ua=95 mt=P len=0
PKT t=30929 RX ua=95 mt=R len=7
PKT t=30934 TX ua=95 mt=P len=0
PKT t=30943 RX ua=95 mt=R len=7
PKT t=30981 TX ua=95 mt=P len=0
PKT t=30990 RX ua=95 mt=R len=7
PKT t=30995 TX ua=95 mt=P len=0
PKT t=31028 RX ua=95 mt=R len=7
PKT t=31033 TX ua=95 mt=P len=0
PKT t=31042 RX ua=95 mt=R len=7
PKT t=31047 TX ua=95 mt=P len=0
PKT t=31056 RX ua=95 mt=R len=7
PKT t=31061 TX ua=95 mt=P len=0
PKT t=31070 RX ua=95 mt=R len=7
PKT t=31075 TX ua=95 mt=P len=0
PKT t=31084 RX ua=95 mt=R len=7
PKT t=31089 TX ua=95 mt=P len=0
PKT t=31098 RX ua=95 mt=R len=7
PKT t=31103 TX ua=95 mt=P len=0
PKT t=31132 RX ua=95 mt=R len=7
PKT t=31137 TX ua=95 mt=T len=7
PKT t=31149 TX ua=95 mt=P len=0
PKT t=31158 RX ua=95 mt=R len=7
PKT t=31163 TX ua=95 mt=P len=0
PKT t=31172 RX ua=95 mt=R len=7
PKT t=31177 TX ua=95 mt=P len=0
PKT t=31186 RX ua=95 mt=R len=7
PKT t=31191 TX ua=95 mt=P len=0
PKT t=31200 RX ua=95 mt=R len=7
PKT t=31205 TX ua=95 mt=P len=0
PKT t=31234 RX ua=95 mt=R len=7
PKT t=31239 TX ua=95 mt=P len=0
PKT t=31281 RX ua=95 mt=R len=7
PKT t=31286 TX ua=95 mt=P len=0
PKT t=31295 RX ua=95 mt=R len=7
PKT t=31300 TX ua=95 mt=P len=0
PKT t=31309 RX ua=95 mt=R len=7
PKT t=31314 TX ua=95 mt=P len=0
PKT t=31343 RX ua=95 mt=R len=7
PKT t=31348 TX ua=95 mt=P len=0
PKT t=31357 RX ua=95 mt=R len=7
PKT t=31362 TX ua=95 mt=P len=0
PKT t=31371 RX ua=95 mt=R len=7
PKT t=31376 TX ua=95 mt=P len=0
PKT t=31385 RX ua=95 mt=R len=7
PKT t=31390 TX ua=95 mt=T len=7
PKT t=31402 TX ua=95 mt=P len=0
PKT t=31412 RX ua=95 mt=R len=7
PKT t=31417 TX ua=95 mt=P len=0
PKT t=31446 RX ua=95 mt=R len=7
PKT t=31451 TX ua=95 mt=P len=0
PKT t=31461 RX ua=95 mt=R len=7
PKT t=31466 TX ua=95 mt=P len=0
PKT t=31476 RX ua=95 mt=R len=7
PKT t=31481 TX ua=95 mt=P len=0
PKT t=31491 RX ua=95 mt=R len=7
PKT t=31496 TX ua=95 mt=P len=0
PKT t=31506 RX ua=95 mt=R len=7
PKT t=31511 TX ua=95 mt=P len=0
PKT t=31521 RX ua=95 mt=R len=7
PKT t=31526 TX ua=95 mt=P len=0
PKT t=31581 RX ua=95 mt=R len=7
PKT t=31586 TX ua=95 mt=P len=0
PKT t=31596 RX ua=95 mt=R len=7
PKT t=31601 TX ua=95 mt=P len=0
PKT t=31611 RX ua=95 mt=R len=7
PKT t=31616 TX ua=95 mt=P len=0
PKT t=31626 RX ua=95 mt=R len=7
PKT t=31631 TX ua=95 mt=P len=0
PKT t=31660 RX ua=95 mt=R len=7
PKT t=31665 TX ua=95 mt=T len=7
PKT t=31677 TX ua=95 mt=P len=0
PKT t=31686 RX ua=95 mt=R len=7
PKT t=31691 TX ua=95 mt=P len=0
PKT t=31700 RX ua=95 mt=R len=7
PKT t=31705 TX ua=95 mt=P len=0
PKT t=31714 RX ua=95 mt=R len=7
PKT t=31719 TX ua=95 mt=P len=0
PKT t=31728 RX ua=95 mt=R len=7
PKT t=31733 TX ua=95 mt=P len=0
PKT t=31762 RX ua=95 mt=R len=7
PKT t=31767 TX ua=95 mt=P len=0
PKT t=31776 RX ua=95 mt=R len=7
PKT t=31781 TX ua=95 mt=P len=0
PKT t=31790 RX ua=95 mt=R len=7
PKT t=31795 TX ua=95 mt=P len=0
PKT t=31804 RX ua=95 mt=R len=7
PKT t=31809 TX ua=95 mt=P len=0
PKT t=31818 RX ua=95 mt=R len=7
PKT t=31823 TX ua=95 mt=P len=0
PKT t=31832 RX ua=95 mt=R len=7
PKT t=31837 TX ua=95 mt=P len=0
PKT t=31881 RX ua=95 mt=R len=7
PKT t=31886 TX ua=95 mt=T len=7
PKT t=31898 TX ua=95 mt=P len=0
PKT t=31907 RX ua=95 mt=R len=7
PKT t=31912 TX ua=95 mt=P len=0
PKT t=31921 RX ua=95 mt=R len=7
PKT t=31926 TX ua=95 mt=P len=0
PKT t=31935 RX ua=95 mt=R len=7
PKT t=31940 TX ua=95 mt=P len=0
PKT t=31969 RX ua=95 mt=R len=7
PKT t=31974 TX ua=95 mt=P len=0
PKT t=31983 RX ua=95 mt=R len=7
PKT t=31988 TX ua=95 mt=P len=0
PKT t=31997 RX ua=95 mt=R len=7
PKT t=32002 TX ua=95 mt=P len=0
PKT t=32011 RX ua=95 mt=R len=7
PKT t=32020 TX ua=95 mt=P len=0
PKT t=32029 RX ua=95 mt=R len=7
PKT t=32034 TX ua=95 mt=P len=0
PKT t=32043 RX ua=95 mt=R len=7
PKT t=32048 TX ua=95 mt=P len=0
PKT t=32077 RX ua=95 mt=R len=7
PKT t=32082 TX ua=95 mt=P len=0
PKT t=32091 RX ua=95 mt=R len=7
PKT t=32096 TX ua=95 mt=P len=0
PKT t=32105 RX ua=95 mt=R len=7
PKT t=32110 TX ua=95 mt=P len=0
PKT t=32119 RX ua=95 mt=R len=7
PKT t=32124 TX ua=95 mt=T len=7
PKT t=32136 TX ua=95 mt=T len=7
PKT t=32181 TX ua=95 mt=P len=0
PKT t=32190 RX ua=95 mt=R len=7
PKT t=32195 TX ua=95 mt=P len=0
PKT t=32204 RX ua=95 mt=R len=7
PKT t=32209 TX ua=95 mt=P len=0
PKT t=32218 RX ua=95 mt=R len=7
PKT t=32223 TX ua=95 mt=P len=0
PKT t=32232 RX ua=95 mt=R len=7
PKT t=32237 TX ua=95 mt=P len=0
PKT t=32246 RX ua=95 mt=R len=7
PKT t=32251 TX ua=95 mt=P len=0
PKT t=32280 RX ua=95 mt=R len=7
PKT t=32285 TX ua=95 mt=P len=0
PKT t=32294 RX ua=95 mt=R len=7
PKT t=32299 TX ua=95 mt=P len=0
PKT t=32308 RX ua=95 mt=R len=7
PKT t=32313 TX ua=95 mt=P len=0
PKT t=32322 RX ua=95 mt=R len=7
PKT t=32327 TX ua=95 mt=P len=0
PKT t=32336 RX ua=95 mt=R len=7
PKT t=32341 TX ua=95 mt=P len=0
PKT t=32350 RX ua=95 mt=R len=7
PKT t=32355 TX ua=95 mt=P len=0
PKT t=32384 RX ua=95 mt=R len=7
PKT t=32389 TX ua=95 mt=T len=7
PKT t=32401 TX ua=95 mt=P len=0
PKT t=32410 RX ua=95 mt=R len=7
PKT t=32415 TX ua=95 mt=P len=0
PKT t=32424 RX ua=95 mt=R len=7
PKT t=32429 TX ua=95 mt=P len=0
PKT t=32438 RX ua=95 mt=R len=7
PKT t=32443 TX ua=95 mt=P len=0
PKT t=32481 RX ua=95 mt=R len=7
PKT t=32486 TX ua=95 mt=P len=0
PKT t=32495 RX ua=95 mt=R len=7
PKT t=32500 TX ua=95 mt=P len=0
PKT t=32509 RX ua=95 mt=R len=7
PKT t=32514 TX ua=95 mt=P len=0
PKT t=32523 RX ua=95 mt=R len=7
PKT t=32528 TX ua=95 mt=P len=0
PKT t=32537 RX ua=95 mt=R len=7
PKT t=32542 TX ua=95 mt=P len=0
PKT t=32551 RX ua=95 mt=R len=7
PKT t=32556 TX ua=95 mt=P len=0
PKT t=32586 RX ua=95 mt=R len=7
PKT t=32591 TX ua=95 mt=P len=0
PKT t=32600 RX ua=95 mt=R len=7
PKT t=32605 TX ua=95 mt=P len=0
PKT t=32614 RX ua=95 mt=R len=7
PKT t=32619 TX ua=95 mt=P len=0
PKT t=32628 RX ua=95 mt=R len=7
PKT t=32633 TX ua=95 mt=T len=7
PKT t=32645 TX ua=95 mt=P len=0
PKT t=32654 RX ua=95 mt=R len=7
PKT t=32659 TX ua=95 mt=P len=0
PKT t=32688 RX ua=95 mt=R len=7
PKT t=32693 TX ua=95 mt=P len=0
PKT t=32702 RX ua=95 mt=R len=7
PKT t=32707 TX ua=95 mt=P len=0
PKT t=32716 RX ua=95 mt=R len=7
PKT t=32721 TX ua=95 mt=P len=0
PKT t=32730 RX ua=95 mt=R len=7
PKT t=32735 TX ua=95 mt=P len=0
PKT t=32744 RX ua=95 mt=R len=7
PKT t=32781 TX ua=95 mt=P len=0
PKT t=32790 RX ua=95 mt=R len=7
PKT t=32795 TX ua=95 mt=P len=0
PKT t=32805 RX ua=95 mt=R len=7
PKT t=32810 TX ua=95 mt=P len=0
PKT t=32819 RX ua=95 mt=R len=7
PKT t=32824 TX ua=95 mt=P len=0
PKT t=32833 RX ua=95 mt=R len=7
PKT t=32838 TX ua=95 mt=P len=0
PKT t=32847 RX ua=95 mt=R len=7
PKT t=32852 TX ua=95 mt=P len=0
PKT t=32861 RX ua=95 mt=R len=7
PKT t=32866 TX ua=95 mt=P len=0
PKT t=32895 RX ua=95 mt=R len=7
PKT t=32900 TX ua=95 mt=T len=7
PKT t=32912 TX ua=95 mt=P len=0
PKT t=32921 RX ua=95 mt=R len=7
PKT t=32926 TX ua=95 mt=P len=0
PKT t=32935 RX ua=95 mt=R len=7
PKT t=32940 TX ua=95 mt=P len=0
PKT t=32949 RX ua=95 mt=R len=7
PKT t=32954 TX ua=95 mt=P len=0
PKT t=32963 RX ua=95 mt=R len=7
PKT t=32968 TX ua=95 mt=P len=0
PKT t=32998 RX ua=95 mt=R len=7
PKT t=33003 TX ua=95 mt=P len=0
PKT t=33012 RX ua=95 mt=R len=7
PKT t=33017 TX ua=95 mt=P len=0
PKT t=33026 RX ua=95 mt=R len=7
PKT t=33031 TX ua=95 mt=P len=0
PKT t=33040 RX ua=95 mt=R len=7
PKT t=33045 TX ua=95 mt=P len=0
PKT t=33081 RX ua=95 mt=R len=7
PKT t=33336 TX ua=96 mt=P len=0
PKT t=33594 TX ua=95 mt=P len=0
PKT t=33604 RX ua=95 mt=R len=7
PKT t=33608 TX ua=95 mt=T len=7
PKT t=33620 TX ua=95 mt=P len=0
PKT t=33630 RX ua=95 mt=R len=7
PKT t=33635 TX ua=95 mt=T len=7
PKT t=33647 TX ua=95 mt=P len=0
PKT t=33682 RX ua=95 mt=R len=7
PKT t=33937 TX ua=96 mt=P len=0
PKT t=34195 TX ua=95 mt=P len=0
PKT t=34204 RX ua=95 mt=R len=7
PKT t=34209 TX ua=95 mt=T len=7
PKT t=34222 TX ua=95 mt=P len=0
PKT t=34231 RX ua=95 mt=R len=7
PKT t=34236 TX ua=95 mt=T len=7
PKT t=34281 TX ua=95 mt=P len=0
PKT t=34297 RX ua=95 mt=R len=7
PKT t=34302 TX ua=95 mt=P len=0
PKT t=34311 RX ua=95 mt=R len=7
PKT t=34316 TX ua=95 mt=P len=0
PKT t=34325 RX ua=95 mt=R len=7
PKT t=34330 TX ua=95 mt=P len=0
PKT t=34339 RX ua=95 mt=R len=7
PKT t=34344 TX ua=95 mt=P len=0
PKT t=34353 RX ua=95 mt=R len=7
PKT t=34358 TX ua=95 mt=P len=0
PKT t=34367 RX ua=95 mt=R len=7
PKT t=34372 TX ua=95 mt=P len=0
PKT t=34401 RX ua=95 mt=R len=7
PKT t=34406 TX ua=95 mt=T len=7
PKT t=34419 TX ua=95 mt=P len=0
PKT t=34428 RX ua=95 mt=R len=7
PKT t=34433 TX ua=95 mt=P len=0
PKT t=34442 RX ua=95 mt=R len=7
PKT t=34447 TX ua=95 mt=P len=0
PKT t=34456 RX ua=95 mt=R len=7
PKT t=34461 TX ua=95 mt=P len=0
PKT t=34470 RX ua=95 mt=R len=7
PKT t=34475 TX ua=95 mt=P len=0
PKT t=34504 RX ua=95 mt=R len=7
PKT t=34509 TX ua=95 mt=P len=0
PKT t=34518 RX ua=95 mt=R len=7
PKT t=34523 TX ua=95 mt=P len=0
PKT t=34533 RX ua=95 mt=R len=7
PKT t=34538 TX ua=95 mt=P len=0
PKT t=34581 RX ua=95 mt=R len=7
PKT t=34586 TX ua=95 mt=P len=0
PKT t=34603 RX ua=95 mt=R len=7
PKT t=34608 TX ua=95 mt=P len=0
PKT t=34618 RX ua=95 mt=R len=7
PKT t=34622 TX ua=95 mt=P len=0
PKT t=34631 RX ua=95 mt=R len=7
PKT t=34636 TX ua=95 mt=T len=7
PKT t=34649 TX ua=95 mt=P len=0
PKT t=34658 RX ua=95 mt=R len=7
PKT t=34663 TX ua=95 mt=P len=0
PKT t=34672 RX ua=95 mt=R len=7
PKT t=34677 TX ua=95 mt=P len=0
PKT t=34706 RX ua=95 mt=R len=7
PKT t=34711 TX ua=95 mt=P len=0
PKT t=34720 RX ua=95 mt=R len=7
PKT t=34725 TX ua=95 mt=P len=0
PKT t=34734 RX ua=95 mt=R len=7
PKT t=34739 TX ua=95 mt=P len=0
PKT t=34748 RX ua=95 mt=R len=7
PKT t=34753 TX ua=95 mt=P len=0
PKT t=34762 RX ua=95 mt=R len=7
PKT t=34767 TX ua=95 mt=P len=0
PKT t=34776 RX ua=95 mt=R len=7
PKT t=34781 TX ua=95 mt=P len=0
PKT t=34810 RX ua=95 mt=R len=7
PKT t=34815 TX ua=95 mt=P len=0
PKT t=34824 RX ua=95 mt=R len=7
PKT t=34829 TX ua=95 mt=P len=0
PKT t=34838 RX ua=95 mt=R len=7
PKT t=34843 TX ua=95 mt=P len=0
PKT t=34881 RX ua=95 mt=R len=7
PKT t=34886 TX ua=95 mt=T len=7
PKT t=34899 TX ua=95 mt=P len=0
PKT t=34912 RX ua=95 mt=R len=7
PKT t=34917 TX ua=95 mt=P len=0
PKT t=34926 RX ua=95 mt=R len=7
PKT t=34931 TX ua=95 mt=P len=0
PKT t=34940 RX ua=95 mt=R len=7
PKT t=34945 TX ua=95 mt=P len=0
PKT t=34954 RX ua=95 mt=R len=7
PKT t=34959 TX ua=95 mt=P len=0
PKT t=34968 RX ua=95 mt=R len=7
PKT t=34973 TX ua=95 mt=P len=0
PKT t=34982 RX ua=95 mt=R len=7
PKT t=34987 TX ua=95 mt=P len=0
PKT t=35016 RX ua=95 mt=R len=7
PKT t=35021 TX ua=95 mt=P len=0
PKT t=35030 RX ua=95 mt=R len=7
PKT t=35035 TX ua=95 mt=P len=0
PKT t=35044 RX ua=95 mt=R len=7
PKT t=35049 TX ua=95 mt=P len=0
PKT t=35058 RX ua=95 mt=R len=7
PKT t=35063 TX ua=95 mt=P len=0
PKT t=35072 RX ua=95 mt=R len=7
PKT t=35077 TX ua=95 mt=P len=0
PKT t=35086 RX ua=95 mt=R len=7
PKT t=35091 TX ua=95 mt=P len=0
PKT t=35120 RX ua=95 mt=R len=7
PKT t=35125 TX ua=95 mt=T len=7
PKT t=35137 TX ua=95 mt=P len=0
PKT t=35146 RX ua=95 mt=R len=7
PKT t=35181 TX ua=95 mt=P len=0
PKT t=35190 RX ua=95 mt=R len=7
PKT t=35195 TX ua=95 mt=P len=0
PKT t=35224 RX ua=95 mt=R len=7
PKT t=35229 TX ua=95 mt=P len=0
PKT t=35238 RX ua=95 mt=R len=7
PKT t=35243 TX ua=95 mt=P len=0
PKT t=35252 RX ua=95 mt=R len=7
PKT t=35257 TX ua=95 mt=P len=0
PKT t=35266 RX ua=95 mt=R len=7
PKT t=35271 TX ua=95 mt=P len=0
PKT t=35280 RX ua=95 mt=R len=7
PKT t=35285 TX ua=95 mt=P len=0
PKT t=35294 RX ua=95 mt=R len=7
PKT t=35299 TX ua=95 mt=P len=0
PKT t=35328 RX ua=95 mt=R len=7
PKT t=35333 TX ua=95 mt=P len=0
PKT t=35342 RX ua=95 mt=R len=7
PKT t=35347 TX ua=95 mt=P len=0
PKT t=35356 RX ua=95 mt=R len=7
PKT t=35361 TX ua=95 mt=P len=0
PKT t=35370 RX ua=95 mt=R len=7
PKT t=35375 TX ua=95 mt=P len=0
PKT t=35384 RX ua=95 mt=R len=7
PKT t=35389 TX ua=95 mt=T len=7
PKT t=35401 TX ua=95 mt=P len=0
PKT t=35429 RX ua=95 mt=R len=7
PKT t=35434 TX ua=95 mt=P len=0
PKT t=35444 RX ua=95 mt=R len=7
PKT t=35481 TX ua=95 mt=P len=0
PKT t=35491 RX ua=95 mt=R len=7
PKT t=35496 TX ua=95 mt=P len=0
PKT t=35528 RX ua=95 mt=R len=7
PKT t=35533 TX ua=95 mt=P len=0
PKT t=35543 RX ua=95 mt=R len=7
PKT t=35548 TX ua=95 mt=P len=0
PKT t=35558 RX ua=95 mt=R len=7
PKT t=35563 TX ua=95 mt=P len=0
PKT t=35573 RX ua=95 mt=R len=7
PKT t=35578 TX ua=95 mt=P len=0
PKT t=35588 RX ua=95 mt=R len=7
PKT t=35593 TX ua=95 mt=P len=0
PKT t=35603 RX ua=95 mt=R len=7
PKT t=35608 TX ua=95 mt=P len=0
PKT t=35637 RX ua=95 mt=R len=7
PKT t=35642 TX ua=95 mt=T len=7
PKT t=35654 TX ua=95 mt=P len=0
PKT t=35663 RX ua=95 mt=R len=7
PKT t=35668 TX ua=95 mt=P len=0
PKT t=35677 RX ua=95 mt=R len=7
PKT t=35682 TX ua=95 mt=P len=0
PKT t=35691 RX ua=95 mt=R len=7
PKT t=35696 TX ua=95 mt=P len=0
PKT t=35705 RX ua=95 mt=R len=7
PKT t=35710 TX ua=95 mt=P len=0
PKT t=35739 RX ua=95 mt=R len=7
PKT t=35744 TX ua=95 mt=P len=0
PKT t=35781 RX ua=95 mt=R len=7
PKT t=35786 TX ua=95 mt=P len=0
PKT t=35795 RX ua=95 mt=R len=7
PKT t=35800 TX ua=95 mt=P len=0
PKT t=35809 RX ua=95 mt=R len=7
PKT t=35814 TX ua=95 mt=P len=0
PKT t=35843 RX ua=95 mt=R len=7
PKT t=35848 TX ua=95 mt=P len=0
PKT t=35857 RX ua=95 mt=R len=7
PKT t=35862 TX ua=95 mt=P len=0
PKT t=35871 RX ua=95 mt=R len=7
PKT t=35876 TX ua=95 mt=P len=0
PKT t=35885 RX ua=95 mt=R len=7
PKT t=35890 TX ua=95 mt=T len=7
PKT t=35902 TX ua=95 mt=P len=0
PKT t=35911 RX ua=95 mt=R len=7
PKT t=35916 TX ua=95 mt=P len=0
PKT t=35945 RX ua=95 mt=R len=7
PKT t=35950 TX ua=95 mt=P len=0
PKT t=35959 RX ua=95 mt=R len=7
PKT t=35964 TX ua=95 mt=P len=0
PKT t=35973 RX ua=95 mt=R len=7
PKT t=35978 TX ua=95 mt=P len=0
PKT t=35987 RX ua=95 mt=R len=7
PKT t=35992 TX ua=95 mt=P len=0
PKT t=36001 RX ua=95 mt=R len=7
PKT t=36006 TX ua=95 mt=P len=0
PKT t=36015 RX ua=95 mt=R len=7
PKT t=36022 TX ua=95 mt=P len=0
PKT t=36081 RX ua=95 mt=R len=7
PKT t=36086 TX ua=95 mt=P len=0
PKT t=36095 RX ua=95 mt=R len=7
PKT t=36100 TX ua=95 mt=P len=0
PKT t=36109 RX ua=95 mt=R len=7
PKT t=36114 TX ua=95 mt=P len=0
PKT t=36123 RX ua=95 mt=R len=7
PKT t=36128 TX ua=95 mt=T len=7
PKT t=36140 TX ua=95 mt=P len=0
PKT t=36159 RX ua=95 mt=R len=7
PKT t=36164 TX ua=95 mt=P len=0
PKT t=36173 RX ua=95 mt=R len=7
PKT t=36178 TX ua=95 mt=P len=0
PKT t=36187 RX ua=95 mt=R len=7
PKT t=36192 TX ua=95 mt=P len=0
PKT t=36201 RX ua=95 mt=R len=7
PKT t=36206 TX ua=95 mt=P len=0
PKT t=36215 RX ua=95 mt=R len=7
PKT t=36220 TX ua=95 mt=P len=0
PKT t=36229 RX ua=95 mt=R len=7
PKT t=36234 TX ua=95 mt=P len=0
PKT t=36263 RX ua=95 mt=R len=7
PKT t=36268 TX ua=95 mt=P len=0
PKT t=36277 RX ua=95 mt=R len=7
PKT t=36282 TX ua=95 mt=P len=0
PKT t=36291 RX ua=95 mt=R len=7
PKT t=36296 TX ua=95 mt=P len=0
PKT t=36305 RX ua=95 mt=R len=7
PKT t=36310 TX ua=95 mt=P len=0
PKT t=36319 RX ua=95 mt=R len=7
PKT t=36324 TX ua=95 mt=P len=0
PKT t=36333 RX ua=95 mt=R len=7
PKT t=36338 TX ua=95 mt=P len=0
PKT t=36381 RX ua=95 mt=R len=7
PKT t=36386 TX ua=95 mt=T len=7
PKT t=36398 TX ua=95 mt=P len=0
PKT t=36407 RX ua=95 mt=R len=7
PKT t=36412 TX ua=95 mt=P len=0
PKT t=36421 RX ua=95 mt=R len=7
PKT t=36426 TX ua=95 mt=P len=0
PKT t=36435 RX ua=95 mt=R len=7
PKT t=36440 TX ua=95 mt=P len=0
PKT t=36469 RX ua=95 mt=R len=7
PKT t=36474 TX ua=95 mt=P len=0
PKT t=36483 RX ua=95 mt=R len=7
PKT t=36488 TX ua=95 mt=P len=0
PKT t=36497 RX ua=95 mt=R len=7
PKT t=36502 TX ua=95 mt=P len=0
PKT t=36511 RX ua=95 mt=R len=7
PKT t=36516 TX ua=95 mt=P len=0
PKT t=36525 RX ua=95 mt=R len=7
PKT t=36530 TX ua=95 mt=P len=0
PKT t=36539 RX ua=95 mt=R len=7
PKT t=36544 TX ua=95 mt=P len=0
PKT t=36573 RX ua=95 mt=R len=7
PKT t=36578 TX ua=95 mt=P len=0
PKT t=36587 RX ua=95 mt=R len=7
PKT t=36592 TX ua=95 mt=P len=0
PKT t=36601 RX ua=95 mt=R len=7
PKT t=36606 TX ua=95 mt=P len=0
PKT t=36615 RX ua=95 mt=R len=7
PKT t=36620 TX ua=95 mt=P len=0
PKT t=36629 RX ua=95 mt=R len=7
PKT t=36634 TX ua=95 mt=T len=7
PKT t=36646 TX ua=95 mt=P len=0
PKT t=36681 RX ua=95 mt=R len=7
PKT t=36936 TX ua=96 mt=P len=0
PKT t=37194 TX ua=95 mt=P len=0
PKT t=37203 RX ua=95 mt=R len=7
PKT t=37208 TX ua=95 mt=T len=7
PKT t=37221 TX ua=95 mt=P len=0
PKT t=37230 RX ua=95 mt=R len=7
PKT t=37235 TX ua=95 mt=P len=0
PKT t=37244 RX ua=95 mt=R len=7
