PKT t=7159 RX ua=95 mt=R len=7
PKT t=7164 TX ua=95 mt=P len=0
PKT t=7173 RX ua=95 mt=R len=7
PKT t=7178 TX ua=95 mt=P len=0
PKT t=7187 RX ua=95 mt=R len=7
PKT t=7192 TX ua=95 mt=T len=7
PKT t=7204 TX ua=95 mt=P len=0
PKT t=7213 RX ua=95 mt=R len=7
PKT t=7218 TX ua=95 mt=P len=0
PKT t=7227 RX ua=95 mt=R len=7
PKT t=7232 TX ua=95 mt=P len=0
PKT t=7281 RX ua=95 mt=R len=7
PKT t=7286 TX ua=95 mt=P len=0
PKT t=7295 RX ua=95 mt=R len=7
PKT t=7300 TX ua=95 mt=P len=0
PKT t=7309 RX ua=95 mt=R len=7
PKT t=7314 TX ua=95 mt=P len=0
PKT t=7323 RX ua=95 mt=R len=7
PKT t=7328 TX ua=95 mt=P len=0
PKT t=7361 RX ua=95 mt=R len=7
PKT t=7366 TX ua=95 mt=P len=0
PKT t=7375 RX ua=95 mt=R len=7
PKT t=7380 TX ua=95 mt=P len=0
PKT t=7389 RX ua=95 mt=R len=7
PKT t=7394 TX ua=95 mt=P len=0
PKT t=7431 RX ua=95 mt=R len=7
PKT t=7436 TX ua=95 mt=T len=7
PKT t=7448 TX ua=95 mt=P len=0
PKT t=7463 RX ua=95 mt=R len=7
PKT t=7468 TX ua=95 mt=P len=0
PKT t=7478 RX ua=95 mt=R len=7
PKT t=7483 TX ua=95 mt=P len=0
PKT t=7493 RX ua=95 mt=R len=7
PKT t=7498 TX ua=95 mt=P len=0
PKT t=7508 RX ua=95 mt=R len=7
PKT t=7513 TX ua=95 mt=P len=0
PKT t=7523 RX ua=95 mt=R len=7
PKT t=7528 TX ua=95 mt=P len=0
PKT t=7581 RX ua=95 mt=R len=7
PKT t=7586 TX ua=95 mt=P len=0
PKT t=7596 RX ua=95 mt=R len=7
PKT t=7601 TX ua=95 mt=P len=0
PKT t=7611 RX ua=95 mt=R len=7
PKT t=7616 TX ua=95 mt=P len=0
PKT t=7626 RX ua=95 mt=R len=7
PKT t=7631 TX ua=95 mt=P len=0
PKT t=7661 RX ua=95 mt=R len=7
PKT t=7666 TX ua=95 mt=P len=0
PKT t=7676 RX ua=95 mt=R len=7
PKT t=7681 TX ua=95 mt=P len=0
PKT t=7691 RX ua=95 mt=R len=7
PKT t=7696 TX ua=95 mt=T len=7
PKT t=7738 TX ua=95 mt=P len=0
PKT t=7761 RX ua=95 mt=R len=7
PKT t=7766 TX ua=95 mt=P len=0
PKT t=7775 RX ua=95 mt=R len=7
PKT t=7780 TX ua=95 mt=P len=0
PKT t=7789 RX ua=95 mt=R len=7
PKT t=7794 TX ua=95 mt=P len=0
PKT t=7803 RX ua=95 mt=R len=7
PKT t=7808 TX ua=95 mt=P len=0
PKT t=7817 RX ua=95 mt=R len=7
PKT t=7822 TX ua=95 mt=P len=0
PKT t=7831 RX ua=95 mt=R len=7
PKT t=7836 TX ua=95 mt=P len=0
PKT t=7881 RX ua=95 mt=R len=7
PKT t=7886 TX ua=95 mt=P len=0
PKT t=7895 RX ua=95 mt=R len=7
PKT t=7900 TX ua=95 mt=P len=0
PKT t=7909 RX ua=95 mt=R len=7
PKT t=7914 TX ua=95 mt=P len=0
PKT t=7923 RX ua=95 mt=R len=7
PKT t=7928 TX ua=95 mt=P len=0
PKT t=7937 RX ua=95 mt=R len=7
PKT t=7942 TX ua=95 mt=T len=7
PKT t=7954 TX ua=95 mt=P len=0
PKT t=7973 RX ua=95 mt=R len=7
PKT t=7978 TX ua=95 mt=P len=0
PKT t=7987 RX ua=95 mt=R len=7
PKT t=7992 TX ua=95 mt=P len=0
PKT t=8031 RX ua=95 mt=R len=7
PKT t=8038 TX ua=95 mt=P len=0
PKT t=8071 RX ua=95 mt=R len=7
PKT t=8076 TX ua=95 mt=P len=0
PKT t=8085 RX ua=95 mt=R len=7
PKT t=8090 TX ua=95 mt=P len=0
PKT t=8099 RX ua=95 mt=R len=7
PKT t=8104 TX ua=95 mt=P len=0
PKT t=8113 RX ua=95 mt=R len=7
PKT t=8118 TX ua=95 mt=P len=0
PKT t=8127 RX ua=95 mt=R len=7
PKT t=8132 TX ua=95 mt=P len=0
PKT t=8141 RX ua=95 mt=R len=7
PKT t=8146 TX ua=95 mt=P len=0
PKT t=8181 RX ua=95 mt=R len=7
PKT t=8436 TX ua=96 mt=I len=13
PKT t=8944 TX ua=96 mt=T len=4
PKT t=8955 TX ua=95 mt=P len=0
PKT t=8964 RX ua=95 mt=R len=7
PKT t=8969 TX ua=95 mt=T len=7
PKT t=8981 TX ua=95 mt=P len=0
PKT t=8990 RX ua=95 mt=R len=7
PKT t=8995 TX ua=95 mt=P len=0
PKT t=9004 RX ua=95 mt=R len=7
PKT t=9009 TX ua=95 mt=P len=0
PKT t=9018 RX ua=95 mt=R len=7
PKT t=9023 TX ua=95 mt=P len=0
PKT t=9032 RX ua=95 mt=R len=7
PKT t=9037 TX ua=95 mt=P len=0
PKT t=9046 RX ua=95 mt=R len=7
PKT t=9081 TX ua=95 mt=P len=0
PKT t=9090 RX ua=95 mt=R len=7
PKT t=9095 TX ua=95 mt=P len=0
PKT t=9104 RX ua=95 mt=R len=7
PKT t=9109 TX ua=95 mt=P len=0
PKT t=9118 RX ua=95 mt=R len=7
PKT t=9123 TX ua=95 mt=P len=0
PKT t=9132 RX ua=95 mt=R len=7
PKT t=9137 TX ua=95 mt=P len=0
PKT t=9146 RX ua=95 mt=R len=7
PKT t=9151 TX ua=95 mt=P len=0
PKT t=9180 RX ua=95 mt=R len=7
PKT t=9185 TX ua=95 mt=T len=7
PKT t=9197 TX ua=95 mt=P len=0
PKT t=9232 RX ua=95 mt=R len=7
PKT t=9487 TX ua=96 mt=P len=0
PKT t=9745 TX ua=95 mt=P len=0
PKT t=9754 RX ua=95 mt=R len=7
PKT t=9759 TX ua=95 mt=T len=7
PKT t=9771 TX ua=95 mt=P len=0
PKT t=9790 RX ua=95 mt=R len=7
PKT t=9795 TX ua=95 mt=P len=0
PKT t=9831 RX ua=95 mt=R len=7
PKT t=10086 TX ua=96 mt=P len=0
PKT t=10344 TX ua=95 mt=P len=0
PKT t=10353 RX ua=95 mt=R len=7
PKT t=10358 TX ua=95 mt=T len=7
PKT t=10371 TX ua=95 mt=P len=0
PKT t=10390 RX ua=95 mt=R len=7
PKT t=10395 TX ua=95 mt=T len=7
PKT t=10438 TX ua=95 mt=P len=0
PKT t=10447 RX ua=95 mt=R len=7
PKT t=10452 TX ua=95 mt=P len=0
PKT t=10461 RX ua=95 mt=R len=7
PKT t=10466 TX ua=95 mt=P len=0
PKT t=10495 RX ua=95 mt=R len=7
PKT t=10500 TX ua=95 mt=P len=0
PKT t=10509 RX ua=95 mt=R len=7
PKT t=10514 TX ua=95 mt=P len=0
PKT t=10523 RX ua=95 mt=R len=7
PKT t=10528 TX ua=95 mt=P len=0
PKT t=10537 RX ua=95 mt=R len=7
PKT t=10542 TX ua=95 mt=P len=0
PKT t=10581 RX ua=95 mt=R len=7
PKT t=10586 TX ua=95 mt=P len=0
PKT t=10595 RX ua=95 mt=R len=7
PKT t=10600 TX ua=95 mt=P len=0
PKT t=10609 RX ua=95 mt=R len=7
PKT t=10614 TX ua=95 mt=P len=0
PKT t=10623 RX ua=95 mt=R len=7
PKT t=10628 TX ua=95 mt=P len=0
PKT t=10637 RX ua=95 mt=R len=7
PKT t=10642 TX ua=95 mt=P len=0
PKT t=10651 RX ua=95 mt=R len=7
PKT t=10656 TX ua=95 mt=P len=0
PKT t=10665 RX ua=95 mt=R len=7
PKT t=10670 TX ua=95 mt=P len=0
PKT t=10731 RX ua=95 mt=R len=7
PKT t=10736 TX ua=95 mt=T len=7
PKT t=10749 TX ua=95 mt=P len=0
PKT t=10758 RX ua=95 mt=R len=7
PKT t=10763 TX ua=95 mt=P len=0
PKT t=10772 RX ua=95 mt=R len=7
PKT t=10777 TX ua=95 mt=P len=0
PKT t=10806 RX ua=95 mt=R len=7
PKT t=10811 TX ua=95 mt=P len=0
PKT t=10820 RX ua=95 mt=R len=7
PKT t=10825 TX ua=95 mt=P len=0
PKT t=10834 RX ua=95 mt=R len=7
PKT t=10839 TX ua=95 mt=P len=0
PKT t=10881 RX ua=95 mt=R len=7
PKT t=10886 TX ua=95 mt=P len=0
PKT t=10906 RX ua=95 mt=R len=7
PKT t=10911 TX ua=95 mt=P len=0
PKT t=10920 RX ua=95 mt=R len=7
PKT t=10925 TX ua=95 mt=P len=0
PKT t=10934 RX ua=95 mt=R len=7
PKT t=10939 TX ua=95 mt=T len=7
PKT t=10952 TX ua=95 mt=P len=0
PKT t=10961 RX ua=95 mt=R len=7
PKT t=10966 TX ua=95 mt=P len=0
PKT t=10975 RX ua=95 mt=R len=7
PKT t=10980 TX ua=95 mt=P len=0
PKT t=11031 RX ua=95 mt=R len=7
PKT t=11036 TX ua=95 mt=P len=0
PKT t=11045 RX ua=95 mt=R len=7
PKT t=11050 TX ua=95 mt=P len=0
PKT t=11059 RX ua=95 mt=R len=7
PKT t=11064 TX ua=95 mt=P len=0
PKT t=11073 RX ua=95 mt=R len=7
PKT t=11078 TX ua=95 mt=P len=0
PKT t=11109 RX ua=95 mt=R len=7
PKT t=11114 TX ua=95 mt=P len=0
PKT t=11123 RX ua=95 mt=R len=7
PKT t=11128 TX ua=95 mt=P len=0
PKT t=11137 RX ua=95 mt=R len=7
PKT t=11142 TX ua=95 mt=P len=0
PKT t=11181 RX ua=95 mt=R len=7
PKT t=11186 TX ua=95 mt=T len=7
PKT t=11198 TX ua=95 mt=P len=0
PKT t=11210 RX ua=95 mt=R len=7
PKT t=11215 TX ua=95 mt=P len=0
PKT t=11224 RX ua=95 mt=R len=7
PKT t=11229 TX ua=95 mt=P len=0
PKT t=11238 RX ua=95 mt=R len=7
PKT t=11243 TX ua=95 mt=P len=0
PKT t=11252 RX ua=95 mt=R len=7
PKT t=11257 TX ua=95 mt=P len=0
PKT t=11266 RX ua=95 mt=R len=7
PKT t=11271 TX ua=95 mt=P len=0
PKT t=11281 RX ua=95 mt=R len=7
PKT t=11286 TX ua=95 mt=P len=0
PKT t=11331 RX ua=95 mt=R len=7
PKT t=11336 TX ua=95 mt=P len=0
PKT t=11345 RX ua=95 mt=R len=7
PKT t=11350 TX ua=95 mt=P len=0
PKT t=11359 RX ua=95 mt=R len=7
PKT t=11364 TX ua=95 mt=P len=0
PKT t=11373 RX ua=95 mt=R len=7
PKT t=11378 TX ua=95 mt=P len=0
PKT t=11387 RX ua=95 mt=R len=7
PKT t=11392 TX ua=95 mt=P len=0
PKT t=11421 RX ua=95 mt=R len=7
PKT t=11426 TX ua=95 mt=P len=0
PKT t=11435 RX ua=95 mt=R len=7
PKT t=11440 TX ua=95 mt=T len=7
PKT t=11481 TX ua=95 mt=P len=0
PKT t=11491 RX ua=95 mt=R len=7
PKT t=11496 TX ua=95 mt=P len=0
PKT t=11525 RX ua=95 mt=R len=7
PKT t=11530 TX ua=95 mt=P len=0
PKT t=11540 RX ua=95 mt=R len=7
PKT t=11545 TX ua=95 mt=P len=0
PKT t=11555 RX ua=95 mt=R len=7
PKT t=11560 TX ua=95 mt=P len=0
PKT t=11570 RX ua=95 mt=R len=7
PKT t=11575 TX ua=95 mt=P len=0
PKT t=11585 RX ua=95 mt=R len=7
PKT t=11590 TX ua=95 mt=P len=0
PKT t=11631 RX ua=95 mt=R len=7
PKT t=11636 TX ua=95 mt=P len=0
PKT t=11646 RX ua=95 mt=R len=7
PKT t=11651 TX ua=95 mt=P len=0
PKT t=11661 RX ua=95 mt=R len=7
PKT t=11666 TX ua=95 mt=P len=0
PKT t=11676 RX ua=95 mt=R len=7
PKT t=11681 TX ua=95 mt=P len=0
PKT t=11691 RX ua=95 mt=R len=7
PKT t=11696 TX ua=95 mt=T len=7
PKT t=11708 TX ua=95 mt=P len=0
PKT t=11736 RX ua=95 mt=R len=7
PKT t=11741 TX ua=95 mt=P len=0
PKT t=11781 RX ua=95 mt=R len=7
PKT t=11786 TX ua=95 mt=P len=0
PKT t=11795 RX ua=95 mt=R len=7
PKT t=11800 TX ua=95 mt=P len=0
PKT t=11809 RX ua=95 mt=R len=7
PKT t=11814 TX ua=95 mt=P len=0
PKT t=11843 RX ua=95 mt=R len=7
PKT t=11848 TX ua=95 mt=P len=0
PKT t=11857 RX ua=95 mt=R len=7
PKT t=11862 TX ua=95 mt=P len=0
PKT t=11871 RX ua=95 mt=R len=7
PKT t=11876 TX ua=95 mt=P len=0
PKT t=11885 RX ua=95 mt=R len=7
PKT t=11890 TX ua=95 mt=P len=0
PKT t=11931 RX ua=95 mt=R len=7
PKT t=11936 TX ua=95 mt=T len=7
PKT t=11948 TX ua=95 mt=P len=0
PKT t=11957 RX ua=95 mt=R len=7
PKT t=11962 TX ua=95 mt=P len=0
PKT t=11971 RX ua=95 mt=R len=7
PKT t=11976 TX ua=95 mt=P len=0
PKT t=11985 RX ua=95 mt=R len=7
PKT t=11990 TX ua=95 mt=P len=0
PKT t=11999 RX ua=95 mt=R len=7
PKT t=12004 TX ua=95 mt=P len=0
PKT t=12013 RX ua=95 mt=R len=7
PKT t=12018 TX ua=95 mt=P len=0
PKT t=12081 RX ua=95 mt=R len=7
PKT t=12086 TX ua=95 mt=P len=0
PKT t=12095 RX ua=95 mt=R len=7
PKT t=12100 TX ua=95 mt=P len=0
PKT t=12109 RX ua=95 mt=R len=7
PKT t=12114 TX ua=95 mt=P len=0
PKT t=12151 RX ua=95 mt=R len=7
PKT t=12156 TX ua=95 mt=P len=0
PKT t=12165 RX ua=95 mt=R len=7
PKT t=12170 TX ua=95 mt=P len=0
PKT t=12179 RX ua=95 mt=R len=7
PKT t=12184 TX ua=95 mt=T len=7
PKT t=12196 TX ua=95 mt=P len=0
PKT t=12231 RX ua=95 mt=R len=7
PKT t=12486 TX ua=96 mt=P len=0
PKT t=12744 TX ua=95 mt=P len=0
PKT t=12753 RX ua=95 mt=R len=7
PKT t=12758 TX ua=95 mt=T len=7
PKT t=12770 TX ua=95 mt=P len=0
PKT t=12779 RX ua=95 mt=R len=7
PKT t=12784 TX ua=95 mt=P len=0
PKT t=12793 RX ua=95 mt=R len=7
PKT t=12831 TX ua=95 mt=P len=0
PKT t=12847 RX ua=95 mt=R len=7
PKT t=12852 TX ua=95 mt=P len=0
PKT t=12861 RX ua=95 mt=R len=7
PKT t=12866 TX ua=95 mt=P len=0
PKT t=12875 RX ua=95 mt=R len=7
PKT t=12880 TX ua=95 mt=P len=0
PKT t=12889 RX ua=95 mt=R len=7
PKT t=12894 TX ua=95 mt=P len=0
PKT t=12903 RX ua=95 mt=R len=7
PKT t=12908 TX ua=95 mt=P len=0
PKT t=12917 RX ua=95 mt=R len=7
PKT t=12922 TX ua=95 mt=P len=0
PKT t=12981 RX ua=95 mt=R len=7
PKT t=12986 TX ua=95 mt=T len=7
PKT t=12998 TX ua=95 mt=P len=0
PKT t=13007 RX ua=95 mt=R len=7
PKT t=13012 TX ua=95 mt=P len=0
PKT t=13021 RX ua=95 mt=R len=7
PKT t=13026 TX ua=95 mt=P len=0
PKT t=13055 RX ua=95 mt=R len=7
PKT t=13060 TX ua=95 mt=P len=0
PKT t=13069 RX ua=95 mt=R len=7
PKT t=13074 TX ua=95 mt=P len=0
PKT t=13083 RX ua=95 mt=R len=7
PKT t=13088 TX ua=95 mt=P len=0
PKT t=13131 RX ua=95 mt=R len=7
PKT t=13136 TX ua=95 mt=P len=0
PKT t=13155 RX ua=95 mt=R len=7
PKT t=13160 TX ua=95 mt=P len=0
PKT t=13169 RX ua=95 mt=R len=7
PKT t=13174 TX ua=95 mt=P len=0
PKT t=13183 RX ua=95 mt=R len=7
PKT t=13188 TX ua=95 mt=T len=7
PKT t=13201 TX ua=95 mt=P len=0
PKT t=13210 RX ua=95 mt=R len=7
PKT t=13215 TX ua=95 mt=P len=0
PKT t=13224 RX ua=95 mt=R len=7
PKT t=13229 TX ua=95 mt=P len=0
PKT t=13281 RX ua=95 mt=R len=7
PKT t=13286 TX ua=95 mt=P len=0
PKT t=13295 RX ua=95 mt=R len=7
PKT t=13300 TX ua=95 mt=P len=0
PKT t=13309 RX ua=95 mt=R len=7
PKT t=13314 TX ua=95 mt=P len=0
PKT t=13323 RX ua=95 mt=R len=7
PKT t=13328 TX ua=95 mt=P len=0
PKT t=13358 RX ua=95 mt=R len=7
PKT t=13363 TX ua=95 mt=P len=0
PKT t=13372 RX ua=95 mt=R len=7
PKT t=13377 TX ua=95 mt=P len=0
PKT t=13386 RX ua=95 mt=R len=7
PKT t=13391 TX ua=95 mt=P len=0
PKT t=13431 RX ua=95 mt=R len=7
PKT t=13436 TX ua=95 mt=T len=7
PKT t=13449 TX ua=95 mt=P len=0
PKT t=13460 RX ua=95 mt=R len=7
PKT t=13465 TX ua=95 mt=P len=0
PKT t=13475 RX ua=95 mt=R len=7
PKT t=13480 TX ua=95 mt=P len=0
PKT t=13490 RX ua=95 mt=R len=7
PKT t=13495 TX ua=95 mt=P len=0
PKT t=13505 RX ua=95 mt=R len=7
PKT t=13510 TX ua=95 mt=P len=0
PKT t=13520 RX ua=95 mt=R len=7
PKT t=13525 TX ua=95 mt=P len=0
PKT t=13581 RX ua=95 mt=R len=7
PKT t=13586 TX ua=95 mt=P len=0
PKT t=13596 RX ua=95 mt=R len=7
PKT t=13601 TX ua=95 mt=P len=0
PKT t=13611 RX ua=95 mt=R len=7
PKT t=13616 TX ua=95 mt=P len=0
PKT t=13626 RX ua=95 mt=R len=7
PKT t=13631 TX ua=95 mt=P len=0
PKT t=13660 RX ua=95 mt=R len=7
PKT t=13665 TX ua=95 mt=P len=0
PKT t=13675 RX ua=95 mt=R len=7
PKT t=13680 TX ua=95 mt=P len=0
PKT t=13690 RX ua=95 mt=R len=7
PKT t=13695 TX ua=95 mt=T len=7
PKT t=13738 TX ua=95 mt=P len=0
PKT t=13759 RX ua=95 mt=R len=7
PKT t=13764 TX ua=95 mt=P len=0
PKT t=13773 RX ua=95 mt=R len=7
PKT t=13778 TX ua=95 mt=P len=0
PKT t=13787 RX ua=95 mt=R len=7
PKT t=13792 TX ua=95 mt=P len=0
PKT t=13801 RX ua=95 mt=R len=7
PKT t=13806 TX ua=95 mt=P len=0
PKT t=13815 RX ua=95 mt=R len=7
PKT t=13820 TX ua=95 mt=P len=0
PKT t=13829 RX ua=95 mt=R len=7
PKT t=13834 TX ua=95 mt=P len=0
PKT t=13881 RX ua=95 mt=R len=7
PKT t=13886 TX ua=95 mt=P len=0
PKT t=13895 RX ua=95 mt=R len=7
PKT t=13900 TX ua=95 mt=P len=0
PKT t=13909 RX ua=95 mt=R len=7
PKT t=13914 TX ua=95 mt=P len=0
PKT t=13923 RX ua=95 mt=R len=7
PKT t=13928 TX ua=95 mt=P len=0
PKT t=13937 RX ua=95 mt=R len=7
PKT t=13942 TX ua=95 mt=T len=7
PKT t=13955 TX ua=95 mt=P len=0
PKT t=13973 RX ua=95 mt=R len=7
PKT t=13978 TX ua=95 mt=P len=0
PKT t=13987 RX ua=95 mt=R len=7
PKT t=13992 TX ua=95 mt=P len=0
PKT t=14031 RX ua=95 mt=R len=7
PKT t=14036 TX ua=95 mt=P len=0
PKT t=14045 RX ua=95 mt=R len=7
PKT t=14050 TX ua=95 mt=P len=0
PKT t=14079 RX ua=95 mt=R len=7
PKT t=14084 TX ua=95 mt=P len=0
PKT t=14093 RX ua=95 mt=R len=7
PKT t=14098 TX ua=95 mt=P len=0
PKT t=14107 RX ua=95 mt=R len=7
PKT t=14112 TX ua=95 mt=P len=0
PKT t=14121 RX ua=95 mt=R len=7
PKT t=14126 TX ua=95 mt=P len=0
PKT t=14135 RX ua=95 mt=R len=7
PKT t=14140 TX ua=95 mt=P len=0
PKT t=14181 RX ua=95 mt=R len=7
PKT t=14186 TX ua=95 mt=T len=7
PKT t=14198 TX ua=95 mt=P len=0
PKT t=14207 RX ua=95 mt=R len=7
PKT t=14212 TX ua=95 mt=P len=0
PKT t=14221 RX ua=95 mt=R len=7
PKT t=14226 TX ua=95 mt=P len=0
PKT t=14235 RX ua=95 mt=R len=7
PKT t=14240 TX ua=95 mt=P len=0
PKT t=14249 RX ua=95 mt=R len=7
PKT t=14254 TX ua=95 mt=P len=0
PKT t=14283 RX ua=95 mt=R len=7
PKT t=14288 TX ua=95 mt=P len=0
PKT t=14331 RX ua=95 mt=R len=7
PKT t=14336 TX ua=95 mt=P len=0
PKT t=14345 RX ua=95 mt=R len=7
PKT t=14350 TX ua=95 mt=P len=0
PKT t=14383 RX ua=95 mt=R len=7
PKT t=14388 TX ua=95 mt=P len=0
PKT t=14397 RX ua=95 mt=R len=7
PKT t=14402 TX ua=95 mt=P len=0
PKT t=14411 RX ua=95 mt=R len=7
PKT t=14416 TX ua=95 mt=P len=0
PKT t=14425 RX ua=95 mt=R len=7
PKT t=14430 TX ua=95 mt=P len=0
PKT t=14440 RX ua=95 mt=R len=7
PKT t=14444 TX ua=95 mt=T len=7
PKT t=14488 TX ua=95 mt=P len=0
PKT t=14497 RX ua=95 mt=R len=7
PKT t=14502 TX ua=95 mt=P len=0
PKT t=14511 RX ua=95 mt=R len=7
PKT t=14516 TX ua=95 mt=P len=0
PKT t=14525 RX ua=95 mt=R len=7
PKT t=14530 TX ua=95 mt=P len=0
PKT t=14539 RX ua=95 mt=R len=7
PKT t=14544 TX ua=95 mt=P len=0
PKT t=14553 RX ua=95 mt=R len=7
PKT t=14558 TX ua=95 mt=P len=0
PKT t=14587 RX ua=95 mt=R len=7
PKT t=14592 TX ua=95 mt=P len=0
PKT t=14631 RX ua=95 mt=R len=7
PKT t=14636 TX ua=95 mt=P len=0
PKT t=14645 RX ua=95 mt=R len=7
PKT t=14650 TX ua=95 mt=P len=0
PKT t=14660 RX ua=95 mt=R len=7
PKT t=14665 TX ua=95 mt=P len=0
PKT t=14695 RX ua=95 mt=R len=7
PKT t=14699 TX ua=95 mt=T len=7
PKT t=14711 TX ua=95 mt=P len=0
PKT t=14721 RX ua=95 mt=R len=7
PKT t=14726 TX ua=95 mt=P len=0
PKT t=14735 RX ua=95 mt=R len=7
PKT t=14740 TX ua=95 mt=P len=0
PKT t=14781 RX ua=95 mt=R len=7
PKT t=14786 TX ua=95 mt=P len=0
PKT t=14795 RX ua=95 mt=R len=7
PKT t=14800 TX ua=95 mt=P len=0
PKT t=14809 RX ua=95 mt=R len=7
PKT t=14814 TX ua=95 mt=P len=0
PKT t=14823 RX ua=95 mt=R len=7
PKT t=14828 TX ua=95 mt=P len=0
PKT t=14837 RX ua=95 mt=R len=7
PKT t=14842 TX ua=95 mt=P len=0
PKT t=14851 RX ua=95 mt=R len=7
PKT t=14856 TX ua=95 mt=P len=0
PKT t=14865 RX ua=95 mt=R len=7
PKT t=14870 TX ua=95 mt=P len=0
PKT t=14931 RX ua=95 mt=R len=7
PKT t=14936 TX ua=95 mt=T len=7
PKT t=14948 TX ua=95 mt=P len=0
PKT t=14957 RX ua=95 mt=R len=7
PKT t=14962 TX ua=95 mt=P len=0
PKT t=14971 RX ua=95 mt=R len=7
PKT t=14976 TX ua=95 mt=P len=0
PKT t=15006 RX ua=95 mt=R len=7
PKT t=15010 TX ua=95 mt=P len=0
PKT t=15019 RX ua=95 mt=R len=7
PKT t=15024 TX ua=95 mt=P len=0
PKT t=15033 RX ua=95 mt=R len=7
PKT t=15038 TX ua=95 mt=P len=0
PKT t=15081 RX ua=95 mt=R len=7
PKT t=15086 TX ua=95 mt=P len=0
PKT t=15105 RX ua=95 mt=R len=7
PKT t=15110 TX ua=95 mt=P len=0
PKT t=15119 RX ua=95 mt=R len=7
PKT t=15124 TX ua=95 mt=P len=0
PKT t=15133 RX ua=95 mt=R len=7
PKT t=15138 TX ua=95 mt=P len=0
PKT t=15147 RX ua=95 mt=R len=7
PKT t=15152 TX ua=95 mt=P len=0
PKT t=15161 RX ua=95 mt=R len=7
PKT t=15166 TX ua=95 mt=P len=0
PKT t=15175 RX ua=95 mt=R len=7
PKT t=15180 TX ua=95 mt=P len=0
PKT t=15231 RX ua=95 mt=R len=7
PKT t=15236 TX ua=95 mt=T len=7
PKT t=15248 TX ua=95 mt=P len=0
PKT t=15257 RX ua=95 mt=R len=7
PKT t=15262 TX ua=95 mt=P len=0
PKT t=15271 RX ua=95 mt=R len=7
PKT t=15276 TX ua=95 mt=P len=0
PKT t=15309 RX ua=95 mt=R len=7
PKT t=15314 TX ua=95 mt=P len=0
PKT t=15323 RX ua=95 mt=R len=7
PKT t=15328 TX ua=95 mt=P len=0
PKT t=15337 RX ua=95 mt=R len=7
PKT t=15342 TX ua=95 mt=P len=0
PKT t=15381 RX ua=95 mt=R len=7
PKT t=15386 TX ua=95 mt=P len=0
PKT t=15409 RX ua=95 mt=R len=7
PKT t=15414 TX ua=95 mt=P len=0
PKT t=15423 RX ua=95 mt=R len=7
PKT t=15428 TX ua=95 mt=P len=0
PKT t=15437 RX ua=95 mt=R len=7
PKT t=15442 TX ua=95 mt=T len=7
PKT t=15454 TX ua=95 mt=P len=0
PKT t=15464 RX ua=95 mt=R len=7
PKT t=15469 TX ua=95 mt=P len=0
PKT t=15479 RX ua=95 mt=R len=7
PKT t=15484 TX ua=95 mt=P len=0
PKT t=15531 RX ua=95 mt=R len=7
PKT t=15536 TX ua=95 mt=P len=0
PKT t=15546 RX ua=95 mt=R len=7
PKT t=15551 TX ua=95 mt=P len=0
PKT t=15561 RX ua=95 mt=R len=7
PKT t=15566 TX ua=95 mt=P len=0
PKT t=15576 RX ua=95 mt=R len=7
PKT t=15581 TX ua=95 mt=P len=0
PKT t=15612 RX ua=95 mt=R len=7
PKT t=15617 TX ua=95 mt=P len=0
PKT t=15627 RX ua=95 mt=R len=7
PKT t=15632 TX ua=95 mt=P len=0
PKT t=15642 RX ua=95 mt=R len=7
PKT t=15647 TX ua=95 mt=P len=0
PKT t=15682 RX ua=95 mt=R len=7
PKT t=15937 TX ua=96 mt=P len=0
PKT t=16195 TX ua=95 mt=P len=0
PKT t=16205 RX ua=95 mt=R len=7
PKT t=16210 TX ua=95 mt=T len=7
PKT t=16222 TX ua=95 mt=P len=0
PKT t=16231 RX ua=95 mt=R len=7
PKT t=16236 TX ua=95 mt=P len=0
PKT t=16245 RX ua=95 mt=R len=7
PKT t=16281 TX ua=95 mt=P len=0
PKT t=16314 RX ua=95 mt=R len=7
PKT t=16319 TX ua=95 mt=P len=0
PKT t=16328 RX ua=95 mt=R len=7
PKT t=16333 TX ua=95 mt=P len=0
PKT t=16342 RX ua=95 mt=R len=7
PKT t=16347 TX ua=95 mt=P len=0
PKT t=16356 RX ua=95 mt=R len=7
PKT t=16361 TX ua=95 mt=P len=0
PKT t=16370 RX ua=95 mt=R len=7
PKT t=16375 TX ua=95 mt=P len=0
PKT t=16384 RX ua=95 mt=R len=7
PKT t=16389 TX ua=95 mt=P len=0
PKT t=16431 RX ua=95 mt=R len=7
PKT t=16436 TX ua=95 mt=T len=7
PKT t=16448 TX ua=95 mt=P len=0
PKT t=16457 RX ua=95 mt=R len=7
PKT t=16462 TX ua=95 mt=P len=0
PKT t=16471 RX ua=95 mt=R len=7
PKT t=16476 TX ua=95 mt=P len=0
PKT t=16485 RX ua=95 mt=R len=7
PKT t=16490 TX ua=95 mt=P len=0
PKT t=16519 RX ua=95 mt=R len=7
PKT t=16524 TX ua=95 mt=P len=0
PKT t=16533 RX ua=95 mt=R len=7
PKT t=16538 TX ua=95 mt=P len=0
PKT t=16581 RX ua=95 mt=R len=7
PKT t=16586 TX ua=95 mt=P len=0
PKT t=16619 RX ua=95 mt=R len=7
PKT t=16624 TX ua=95 mt=P len=0
PKT t=16633 RX ua=95 mt=R len=7
PKT t=16638 TX ua=95 mt=P len=0
PKT t=16647 RX ua=95 mt=R len=7
PKT t=16652 TX ua=95 mt=P len=0
PKT t=16661 RX ua=95 mt=R len=7
PKT t=16666 TX ua=95 mt=P len=0
PKT t=16675 RX ua=95 mt=R len=7
PKT t=16680 TX ua=95 mt=P len=0
PKT t=16689 RX ua=95 mt=R len=7
PKT t=16694 TX ua=95 mt=T len=7
PKT t=16738 TX ua=95 mt=P len=0
PKT t=16747 RX ua=95 mt=R len=7
PKT t=16752 TX ua=95 mt=P len=0
PKT t=16761 RX ua=95 mt=R len=7
PKT t=16766 TX ua=95 mt=P len=0
PKT t=16775 RX ua=95 mt=R len=7
PKT t=16780 TX ua=95 mt=P len=0
PKT t=16789 RX ua=95 mt=R len=7
PKT t=16794 TX ua=95 mt=P len=0
PKT t=16824 RX ua=95 mt=R len=7
PKT t=16829 TX ua=95 mt=P len=0
PKT t=16838 RX ua=95 mt=R len=7
PKT t=16843 TX ua=95 mt=P len=0
PKT t=16881 RX ua=95 mt=R len=7
PKT t=16886 TX ua=95 mt=P len=0
PKT t=16895 RX ua=95 mt=R len=7
PKT t=16900 TX ua=95 mt=P len=0
PKT t=16929 RX ua=95 mt=R len=7
PKT t=16934 TX ua=95 mt=T len=7
PKT t=16946 TX ua=95 mt=P len=0
PKT t=16955 RX ua=95 mt=R len=7
PKT t=16960 TX ua=95 mt=P len=0
PKT t=16969 RX ua=95 mt=R len=7
PKT t=16974 TX ua=95 mt=P len=0
PKT t=16983 RX ua=95 mt=R len=7
PKT t=16988 TX ua=95 mt=P len=0
PKT t=17031 RX ua=95 mt=R len=7
PKT t=17036 TX ua=95 mt=P len=0
PKT t=17045 RX ua=95 mt=R len=7
PKT t=17050 TX ua=95 mt=P len=0
PKT t=17059 RX ua=95 mt=R len=7
PKT t=17064 TX ua=95 mt=P len=0
PKT t=17073 RX ua=95 mt=R len=7
PKT t=17078 TX ua=95 mt=P len=0
PKT t=17087 RX ua=95 mt=R len=7
PKT t=17092 TX ua=95 mt=P len=0
PKT t=17101 RX ua=95 mt=R len=7
PKT t=17106 TX ua=95 mt=P len=0
PKT t=17135 RX ua=95 mt=R len=7
PKT t=17140 TX ua=95 mt=P len=0
PKT t=17181 RX ua=95 mt=R len=7
PKT t=17186 TX ua=95 mt=T len=7
PKT t=17198 TX ua=95 mt=P len=0
PKT t=17207 RX ua=95 mt=R len=7
PKT t=17212 TX ua=95 mt=P len=0
PKT t=17241 RX ua=95 mt=R len=7
PKT t=17246 TX ua=95 mt=P len=0
PKT t=17255 RX ua=95 mt=R len=7
PKT t=17260 TX ua=95 mt=P len=0
PKT t=17269 RX ua=95 mt=R len=7
PKT t=17274 TX ua=95 mt=P len=0
PKT t=17283 RX ua=95 mt=R len=7
PKT t=17288 TX ua=95 mt=P len=0
PKT t=17331 RX ua=95 mt=R len=7
PKT t=17336 TX ua=95 mt=P len=0
PKT t=17345 RX ua=95 mt=R len=7
PKT t=17350 TX ua=95 mt=P len=0
PKT t=17359 RX ua=95 mt=R len=7
PKT t=17364 TX ua=95 mt=P len=0
PKT t=17373 RX ua=95 mt=R len=7
PKT t=17378 TX ua=95 mt=P len=0
PKT t=17387 RX ua=95 mt=R len=7
PKT t=17392 TX ua=95 mt=P len=0
PKT t=17401 RX ua=95 mt=R len=7
PKT t=17406 TX ua=95 mt=P len=0
PKT t=17415 RX ua=95 mt=R len=7
PKT t=17420 TX ua=95 mt=P len=0
PKT t=17481 RX ua=95 mt=R len=7
PKT t=17486 TX ua=95 mt=T len=7
PKT t=17498 TX ua=95 mt=P len=0
PKT t=17508 RX ua=95 mt=R len=7
PKT t=17513 TX ua=95 mt=P len=0
PKT t=17523 RX ua=95 mt=R len=7
PKT t=17528 TX ua=95 mt=P len=0
PKT t=17557 RX ua=95 mt=R len=7
PKT t=17562 TX ua=95 mt=P len=0
PKT t=17572 RX ua=95 mt=R len=7
PKT t=17577 TX ua=95 mt=P len=0
PKT t=17587 RX ua=95 mt=R len=7
PKT t=17592 TX ua=95 mt=P len=0
PKT t=17631 RX ua=95 mt=R len=7
PKT t=17636 TX ua=95 mt=P len=0
PKT t=17656 RX ua=95 mt=R len=7
PKT t=17661 TX ua=95 mt=P len=0
PKT t=17671 RX ua=95 mt=R len=7
PKT t=17676 TX ua=95 mt=P len=0
PKT t=17686 RX ua=95 mt=R len=7
PKT t=17691 TX ua=95 mt=T len=7
PKT t=17703 TX ua=95 mt=P len=0
PKT t=17712 RX ua=95 mt=R len=7
PKT t=17717 TX ua=95 mt=P len=0
PKT t=17727 RX ua=95 mt=R len=7
PKT t=17732 TX ua=95 mt=P len=0
PKT t=17781 RX ua=95 mt=R len=7
PKT t=17786 TX ua=95 mt=P len=0
PKT t=17795 RX ua=95 mt=R len=7
PKT t=17800 TX ua=95 mt=P len=0
PKT t=17809 RX ua=95 mt=R len=7
PKT t=17814 TX ua=95 mt=P len=0
PKT t=17823 RX ua=95 mt=R len=7
PKT t=17828 TX ua=95 mt=P len=0
PKT t=17860 RX ua=95 mt=R len=7
PKT t=17865 TX ua=95 mt=P len=0
PKT t=17874 RX ua=95 mt=R len=7
PKT t=17879 TX ua=95 mt=P len=0
PKT t=17888 RX ua=95 mt=R len=7
PKT t=17893 TX ua=95 mt=P len=0
PKT t=17931 RX ua=95 mt=R len=7
PKT t=17936 TX ua=95 mt=T len=7
PKT t=17948 TX ua=95 mt=P len=0
PKT t=17962 RX ua=95 mt=R len=7
PKT t=17967 TX ua=95 mt=P len=0
PKT t=17976 RX ua=95 mt=R len=7
PKT t=17981 TX ua=95 mt=P len=0
PKT t=17990 RX ua=95 mt=R len=7
PKT t=17995 TX ua=95 mt=P len=0
PKT t=18004 RX ua=95 mt=R len=7
PKT t=18009 TX ua=95 mt=P len=0
PKT t=18018 RX ua=95 mt=R len=7
PKT t=18023 TX ua=95 mt=P len=0
PKT t=18032 RX ua=95 mt=R len=7
PKT t=18037 TX ua=95 mt=P len=0
PKT t=18081 RX ua=95 mt=R len=7
PKT t=18086 TX ua=95 mt=P len=0
PKT t=18095 RX ua=95 mt=R len=7
PKT t=18100 TX ua=95 mt=P len=0
PKT t=18109 RX ua=95 mt=R len=7
PKT t=18114 TX ua=95 mt=P len=0
PKT t=18123 RX ua=95 mt=R len=7
PKT t=18128 TX ua=95 mt=P len=0
PKT t=18137 RX ua=95 mt=R len=7
PKT t=18142 TX ua=95 mt=P len=0
PKT t=18171 RX ua=95 mt=R len=7
PKT t=18176 TX ua=95 mt=P len=0
PKT t=18185 RX ua=95 mt=R len=7
PKT t=18190 TX ua=95 mt=T len=7
PKT t=18236 TX ua=95 mt=P len=0
PKT t=18245 RX ua=95 mt=R len=7
PKT t=18250 TX ua=95 mt=T len=7
PKT t=18263 TX ua=95 mt=P len=0
PKT t=18281 RX ua=95 mt=R len=7
PKT t=18286 TX ua=95 mt=P len=0
PKT t=18295 RX ua=95 mt=R len=7
PKT t=18300 TX ua=95 mt=P len=0
PKT t=18309 RX ua=95 mt=R len=7
PKT t=18314 TX ua=95 mt=P len=0
PKT t=18323 RX ua=95 mt=R len=7
PKT t=18328 TX ua=95 mt=P len=0
PKT t=18337 RX ua=95 mt=R len=7
PKT t=18342 TX ua=95 mt=P len=0
PKT t=18381 RX ua=95 mt=R len=7
PKT t=18386 TX ua=95 mt=P len=0
PKT t=18395 RX ua=95 mt=R len=7
PKT t=18400 TX ua=95 mt=P len=0
PKT t=18409 RX ua=95 mt=R len=7
PKT t=18414 TX ua=95 mt=P len=0
PKT t=18423 RX ua=95 mt=R len=7
PKT t=18428 TX ua=95 mt=P len=0
PKT t=18437 RX ua=95 mt=R len=7
PKT t=18442 TX ua=95 mt=T len=7
PKT t=18455 TX ua=95 mt=P len=0
PKT t=18485 RX ua=95 mt=R len=7
PKT t=18490 TX ua=95 mt=P len=0
PKT t=18531 RX ua=95 mt=R len=7
PKT t=18536 TX ua=95 mt=P len=0
PKT t=18545 RX ua=95 mt=R len=7
PKT t=18550 TX ua=95 mt=P len=0
PKT t=18559 RX ua=95 mt=R len=7
PKT t=18564 TX ua=95 mt=P len=0
PKT t=18593 RX ua=95 mt=R len=7
PKT t=18598 TX ua=95 mt=P len=0
PKT t=18607 RX ua=95 mt=R len=7
PKT t=18612 TX ua=95 mt=P len=0
PKT t=18621 RX ua=95 mt=R len=7
PKT t=18626 TX ua=95 mt=P len=0
PKT t=18635 RX ua=95 mt=R len=7
PKT t=18640 TX ua=95 mt=P len=0
PKT t=18681 RX ua=95 mt=R len=7
PKT t=18686 TX ua=95 mt=T len=7
PKT t=18699 TX ua=95 mt=P len=0
PKT t=18708 RX ua=95 mt=R len=7
PKT t=18713 TX ua=95 mt=P len=0
PKT t=18722 RX ua=95 mt=R len=7
PKT t=18727 TX ua=95 mt=P len=0
PKT t=18736 RX ua=95 mt=R len=7
PKT t=18741 TX ua=95 mt=P len=0
PKT t=18750 RX ua=95 mt=R len=7
PKT t=18755 TX ua=95 mt=P len=0
PKT t=18764 RX ua=95 mt=R len=7
PKT t=18769 TX ua=95 mt=P len=0
PKT t=18831 RX ua=95 mt=R len=7
PKT t=18836 TX ua=95 mt=P len=0
PKT t=18845 RX ua=95 mt=R len=7
PKT t=18850 TX ua=95 mt=P len=0
PKT t=18859 RX ua=95 mt=R len=7
PKT t=18864 TX ua=95 mt=P len=0
PKT t=18873 RX ua=95 mt=R len=7
PKT t=18878 TX ua=95 mt=P len=0
PKT t=18907 RX ua=95 mt=R len=7
PKT t=18912 TX ua=95 mt=P len=0
PKT t=18921 RX ua=95 mt=R len=7
PKT t=18926 TX ua=95 mt=P len=0
PKT t=18935 RX ua=95 mt=R len=7
PKT t=18940 TX ua=95 mt=T len=7
PKT t=18986 TX ua=95 mt=P len=0
PKT t=19007 RX ua=95 mt=R len=7
PKT t=19012 TX ua=95 mt=P len=0
PKT t=19021 RX ua=95 mt=R len=7
PKT t=19026 TX ua=95 mt=P len=0
PKT t=19035 RX ua=95 mt=R len=7
PKT t=19040 TX ua=95 mt=P len=0
PKT t=19049 RX ua=95 mt=R len=7
PKT t=19054 TX ua=95 mt=P len=0
PKT t=19064 RX ua=95 mt=R len=7
PKT t=19069 TX ua=95 mt=P len=0
PKT t=19078 RX ua=95 mt=R len=7
PKT t=19083 TX ua=95 mt=P len=0
PKT t=19131 RX ua=95 mt=R len=7
PKT t=19136 TX ua=95 mt=P len=0
PKT t=19145 RX ua=95 mt=R len=7
PKT t=19150 TX ua=95 mt=P len=0
PKT t=19159 RX ua=95 mt=R len=7
PKT t=19164 TX ua=95 mt=P len=0
PKT t=19173 RX ua=95 mt=R len=7
PKT t=19178 TX ua=95 mt=P len=0
PKT t=19187 RX ua=95 mt=R len=7
PKT t=19192 TX ua=95 mt=T len=7
PKT t=19204 TX ua=95 mt=P len=0
PKT t=19223 RX ua=95 mt=R len=7
PKT t=19228 TX ua=95 mt=P len=0
PKT t=19237 RX ua=95 mt=R len=7
PKT t=19242 TX ua=95 mt=P len=0
PKT t=19281 RX ua=95 mt=R len=7
PKT t=19286 TX ua=95 mt=P len=0
PKT t=19295 RX ua=95 mt=R len=7
PKT t=19300 TX ua=95 mt=P len=0
PKT t=19329 RX ua=95 mt=R len=7
PKT t=19334 TX ua=95 mt=P len=0
PKT t=19343 RX ua=95 mt=R len=7
PKT t=19348 TX ua=95 mt=P len=0
PKT t=19357 RX ua=95 mt=R len=7
PKT t=19362 TX ua=95 mt=P len=0
PKT t=19371 RX ua=95 mt=R len=7
PKT t=19376 TX ua=95 mt=P len=0
PKT t=19385 RX ua=95 mt=R len=7
PKT t=19390 TX ua=95 mt=P len=0
PKT t=19431 RX ua=95 mt=R len=7
PKT t=19436 TX ua=95 mt=T len=7
PKT t=19448 TX ua=95 mt=P len=0
PKT t=19458 RX ua=95 mt=R len=7
PKT t=19463 TX ua=95 mt=P len=0
PKT t=19473 RX ua=95 mt=R len=7
PKT t=19478 TX ua=95 mt=P len=0
PKT t=19488 RX ua=95 mt=R len=7
PKT t=19493 TX ua=95 mt=P len=0
PKT t=19503 RX ua=95 mt=R len=7
PKT t=19508 TX ua=95 mt=P len=0
PKT t=19537 RX ua=95 mt=R len=7
PKT t=19542 TX ua=95 mt=P len=0
PKT t=19581 RX ua=95 mt=R len=7
PKT t=19586 TX ua=95 mt=P len=0
PKT t=19596 RX ua=95 mt=R len=7
PKT t=19601 TX ua=95 mt=P len=0
PKT t=19611 RX ua=95 mt=R len=7
PKT t=19616 TX ua=95 mt=P len=0
PKT t=19645 RX ua=95 mt=R len=7
PKT t=19650 TX ua=95 mt=P len=0
PKT t=19660 RX ua=95 mt=R len=7
PKT t=19665 TX ua=95 mt=P len=0
PKT t=19675 RX ua=95 mt=R len=7
PKT t=19680 TX ua=95 mt=P len=0
PKT t=19690 RX ua=95 mt=R len=7
PKT t=19695 TX ua=95 mt=T len=7
PKT t=19738 TX ua=95 mt=P len=0
PKT t=19747 RX ua=95 mt=R len=7
PKT t=19752 TX ua=95 mt=P len=0
PKT t=19761 RX ua=95 mt=R len=7
PKT t=19766 TX ua=95 mt=P len=0
PKT t=19775 RX ua=95 mt=R len=7
PKT t=19780 TX ua=95 mt=P len=0
PKT t=19789 RX ua=95 mt=R len=7
PKT t=19794 TX ua=95 mt=P len=0
PKT t=19803 RX ua=95 mt=R len=7
PKT t=19808 TX ua=95 mt=P len=0
PKT t=19817 RX ua=95 mt=R len=7
PKT t=19822 TX ua=95 mt=P len=0
PKT t=19881 RX ua=95 mt=R len=7
PKT t=19886 TX ua=95 mt=P len=0
PKT t=19895 RX ua=95 mt=R len=7
PKT t=19900 TX ua=95 mt=P len=0
PKT t=19909 RX ua=95 mt=R len=7
PKT t=19914 TX ua=95 mt=P len=0
PKT t=19923 RX ua=95 mt=R len=7
PKT t=19928 TX ua=95 mt=P len=0
PKT t=19957 RX ua=95 mt=R len=7
PKT t=19962 TX ua=95 mt=T len=7
PKT t=19974 TX ua=95 mt=P len=0
PKT t=19983 RX ua=95 mt=R len=7
PKT t=19988 TX ua=95 mt=P len=0
PKT t=20031 RX ua=95 mt=R len=7
PKT t=20036 TX ua=95 mt=P len=0
PKT t=20057 RX ua=95 mt=R len=7
PKT t=20062 TX ua=95 mt=P len=0
PKT t=20071 RX ua=95 mt=R len=7
PKT t=20076 TX ua=95 mt=P len=0
PKT t=20085 RX ua=95 mt=R len=7
PKT t=20090 TX ua=95 mt=P len=0
PKT t=20099 RX ua=95 mt=R len=7
PKT t=20104 TX ua=95 mt=P len=0
PKT t=20113 RX ua=95 mt=R len=7
PKT t=20118 TX ua=95 mt=P len=0
PKT t=20127 RX ua=95 mt=R len=7
PKT t=20132 TX ua=95 mt=P len=0
PKT t=20181 RX ua=95 mt=R len=7
PKT t=20186 TX ua=95 mt=T len=7
PKT t=20198 TX ua=95 mt=P len=0
PKT t=20207 RX ua=95 mt=R len=7
PKT t=20212 TX ua=95 mt=P len=0
PKT t=20221 RX ua=95 mt=R len=7
PKT t=20226 TX ua=95 mt=P len=0
PKT t=20235 RX ua=95 mt=R len=7
PKT t=20240 TX ua=95 mt=P len=0
PKT t=20270 RX ua=95 mt=R len=7
PKT t=20274 TX ua=95 mt=P len=0
PKT t=20283 RX ua=95 mt=R len=7
PKT t=20288 TX ua=95 mt=P len=0
PKT t=20331 RX ua=95 mt=R len=7
PKT t=20336 TX ua=95 mt=P len=0
PKT t=20369 RX ua=95 mt=R len=7
PKT t=20374 TX ua=95 mt=P len=0
PKT t=20383 RX ua=95 mt=R len=7
PKT t=20388 TX ua=95 mt=P len=0
PKT t=20397 RX ua=95 mt=R len=7
PKT t=20402 TX ua=95 mt=P len=0
PKT t=20411 RX ua=95 mt=R len=7
PKT t=20416 TX ua=95 mt=P len=0
PKT t=20425 RX ua=95 mt=R len=7
PKT t=20430 TX ua=95 mt=P len=0
PKT t=20439 RX ua=95 mt=R len=7
PKT t=20444 TX ua=95 mt=T len=7
PKT t=20488 TX ua=95 mt=P len=0
PKT t=20497 RX ua=95 mt=R len=7
PKT t=20502 TX ua=95 mt=P len=0
PKT t=20511 RX ua=95 mt=R len=7
PKT t=20516 TX ua=95 mt=P len=0
PKT t=20525 RX ua=95 mt=R len=7
PKT t=20530 TX ua=95 mt=P len=0
PKT t=20539 RX ua=95 mt=R len=7
PKT t=20544 TX ua=95 mt=P len=0
PKT t=20573 RX ua=95 mt=R len=7
PKT t=20578 TX ua=95 mt=P len=0
PKT t=20587 RX ua=95 mt=R len=7
PKT t=20592 TX ua=95 mt=P len=0
PKT t=20631 RX ua=95 mt=R len=7
PKT t=20636 TX ua=95 mt=P len=0
PKT t=20645 RX ua=95 mt=R len=7
PKT t=20650 TX ua=95 mt=P len=0
PKT t=20679 RX ua=95 mt=R len=7
PKT t=20684 TX ua=95 mt=T len=7
PKT t=20696 TX ua=95 mt=P len=0
PKT t=20705 RX ua=95 mt=R len=7
PKT t=20710 TX ua=95 mt=P len=0
PKT t=20719 RX ua=95 mt=R len=7
PKT t=20724 TX ua=95 mt=P len=0
PKT t=20733 RX ua=95 mt=R len=7
PKT t=20738 TX ua=95 mt=P len=0
PKT t=20781 RX ua=95 mt=R len=7
PKT t=20786 TX ua=95 mt=P len=0
PKT t=20795 RX ua=95 mt=R len=7
PKT t=20800 TX ua=95 mt=P len=0
PKT t=20809 RX ua=95 mt=R len=7
PKT t=20814 TX ua=95 mt=P len=0
PKT t=20823 RX ua=95 mt=R len=7
PKT t=20828 TX ua=95 mt=P len=0
PKT t=20837 RX ua=95 mt=R len=7
PKT t=20842 TX ua=95 mt=P len=0
PKT t=20851 RX ua=95 mt=R len=7
PKT t=20856 TX ua=95 mt=P len=0
PKT t=20885 RX ua=95 mt=R len=7
PKT t=20890 TX ua=95 mt=P len=0
PKT t=20931 RX ua=95 mt=R len=7
PKT t=20936 TX ua=95 mt=T len=7
PKT t=20948 TX ua=95 mt=P len=0
PKT t=20957 RX ua=95 mt=R len=7
PKT t=20962 TX ua=95 mt=P len=0
PKT t=20991 RX ua=95 mt=R len=7
PKT t=20996 TX ua=95 mt=P len=0
PKT t=21005 RX ua=95 mt=R len=7
PKT t=21010 TX ua=95 mt=P len=0
PKT t=21019 RX ua=95 mt=R len=7
PKT t=21024 TX ua=95 mt=P len=0
PKT t=21033 RX ua=95 mt=R len=7
PKT t=21038 TX ua=95 mt=P len=0
PKT t=21081 RX ua=95 mt=R len=7
PKT t=21086 TX ua=95 mt=P len=0
PKT t=21095 RX ua=95 mt=R len=7
PKT t=21100 TX ua=95 mt=P len=0
PKT t=21109 RX ua=95 mt=R len=7
PKT t=21114 TX ua=95 mt=P len=0
PKT t=21123 RX ua=95 mt=R len=7
PKT t=21128 TX ua=95 mt=P len=0
PKT t=21137 RX ua=95 mt=R len=7
PKT t=21142 TX ua=95 mt=P len=0
PKT t=21151 RX ua=95 mt=R len=7
PKT t=21156 TX ua=95 mt=P len=0
PKT t=21165 RX ua=95 mt=R len=7
PKT t=21170 TX ua=95 mt=P len=0
PKT t=21231 RX ua=95 mt=R len=7
PKT t=21236 TX ua=95 mt=T len=7
PKT t=21249 TX ua=95 mt=P len=0
PKT t=21259 RX ua=95 mt=R len=7
PKT t=21263 TX ua=95 mt=P len=0
PKT t=21272 RX ua=95 mt=R len=7
PKT t=21277 TX ua=95 mt=P len=0
PKT t=21306 RX ua=95 mt=R len=7
PKT t=21311 TX ua=95 mt=P len=0
PKT t=21321 RX ua=95 mt=R len=7
PKT t=21326 TX ua=95 mt=P len=0
PKT t=21335 RX ua=95 mt=R len=7
PKT t=21340 TX ua=95 mt=P len=0
PKT t=21381 RX ua=95 mt=R len=7
PKT t=21386 TX ua=95 mt=P len=0
PKT t=21406 RX ua=95 mt=R len=7
PKT t=21411 TX ua=95 mt=P len=0
PKT t=21420 RX ua=95 mt=R len=7
PKT t=21425 TX ua=95 mt=P len=0
PKT t=21434 RX ua=95 mt=R len=7
PKT t=21439 TX ua=95 mt=T len=7
PKT t=21452 TX ua=95 mt=P len=0
PKT t=21462 RX ua=95 mt=R len=7
PKT t=21467 TX ua=95 mt=P len=0
PKT t=21477 RX ua=95 mt=R len=7
PKT t=21482 TX ua=95 mt=P len=0
PKT t=21531 RX ua=95 mt=R len=7
PKT t=21536 TX ua=95 mt=P len=0
PKT t=21546 RX ua=95 mt=R len=7
PKT t=21551 TX ua=95 mt=P len=0
PKT t=21561 RX ua=95 mt=R len=7
PKT t=21566 TX ua=95 mt=P len=0
PKT t=21576 RX ua=95 mt=R len=7
PKT t=21581 TX ua=95 mt=P len=0
PKT t=21610 RX ua=95 mt=R len=7
PKT t=21615 TX ua=95 mt=P len=0
PKT t=21625 RX ua=95 mt=R len=7
PKT t=21630 TX ua=95 mt=P len=0
PKT t=21640 RX ua=95 mt=R len=7
PKT t=21645 TX ua=95 mt=P len=0
PKT t=21681 RX ua=95 mt=R len=7
PKT t=21936 TX ua=96 mt=P len=0
PKT t=22194 TX ua=95 mt=P len=0
PKT t=22205 RX ua=95 mt=R len=7
PKT t=22210 TX ua=95 mt=T len=7
PKT t=22222 TX ua=95 mt=P len=0
PKT t=22231 RX ua=95 mt=R len=7
PKT t=22236 TX ua=95 mt=P len=0
PKT t=22245 RX ua=95 mt=R len=7
PKT t=22281 TX ua=95 mt=P len=0
PKT t=22310 RX ua=95 mt=R len=7
PKT t=22315 TX ua=95 mt=P len=0
PKT t=22324 RX ua=95 mt=R len=7
PKT t=22329 TX ua=95 mt=P len=0
PKT t=22338 RX ua=95 mt=R len=7
PKT t=22343 TX ua=95 mt=P len=0
PKT t=22352 RX ua=95 mt=R len=7
PKT t=22357 TX ua=95 mt=P len=0
PKT t=22366 RX ua=95 mt=R len=7
PKT t=22371 TX ua=95 mt=P len=0
PKT t=22380 RX ua=95 mt=R len=7
PKT t=22385 TX ua=95 mt=P len=0
PKT t=22431 RX ua=95 mt=R len=7
PKT t=22436 TX ua=95 mt=T len=7
PKT t=22448 TX ua=95 mt=P len=0
PKT t=22457 RX ua=95 mt=R len=7
PKT t=22462 TX ua=95 mt=P len=0
PKT t=22471 RX ua=95 mt=R len=7
PKT t=22476 TX ua=95 mt=P len=0
PKT t=22485 RX ua=95 mt=R len=7
PKT t=22490 TX ua=95 mt=P len=0
PKT t=22519 RX ua=95 mt=R len=7
PKT t=22524 TX ua=95 mt=P len=0
PKT t=22533 RX ua=95 mt=R len=7
PKT t=22538 TX ua=95 mt=P len=0
PKT t=22581 RX ua=95 mt=R len=7
PKT t=22586 TX ua=95 mt=P len=0
PKT t=22619 RX ua=95 mt=R len=7
PKT t=22624 TX ua=95 mt=P len=0
PKT t=22633 RX ua=95 mt=R len=7
PKT t=22638 TX ua=95 mt=P len=0
PKT t=22647 RX ua=95 mt=R len=7
PKT t=22652 TX ua=95 mt=P len=0
PKT t=22661 RX ua=95 mt=R len=7
PKT t=22666 TX ua=95 mt=P len=0
PKT t=22675 RX ua=95 mt=R len=7
PKT t=22680 TX ua=95 mt=P len=0
PKT t=22689 RX ua=95 mt=R len=7
PKT t=22694 TX ua=95 mt=T len=7
PKT t=22738 TX ua=95 mt=P len=0
PKT t=22747 RX ua=95 mt=R len=7
PKT t=22752 TX ua=95 mt=P len=0
PKT t=22761 RX ua=95 mt=R len=7
PKT t=22766 TX ua=95 mt=P len=0
PKT t=22775 RX ua=95 mt=R len=7
PKT t=22780 TX ua=95 mt=P len=0
PKT t=22789 RX ua=95 mt=R len=7
PKT t=22794 TX ua=95 mt=P len=0
PKT t=22823 RX ua=95 mt=R len=7
PKT t=22828 TX ua=95 mt=P len=0
PKT t=22837 RX ua=95 mt=R len=7
PKT t=22842 TX ua=95 mt=P len=0
PKT t=22881 RX ua=95 mt=R len=7
PKT t=22886 TX ua=95 mt=P len=0
PKT t=22895 RX ua=95 mt=R len=7
PKT t=22900 TX ua=95 mt=P len=0
PKT t=22929 RX ua=95 mt=R len=7
PKT t=22934 TX ua=95 mt=T len=7
PKT t=22946 TX ua=95 mt=P len=0
PKT t=22955 RX ua=95 mt=R len=7
PKT t=22960 TX ua=95 mt=P len=0
PKT t=22969 RX ua=95 mt=R len=7
PKT t=22974 TX ua=95 mt=P len=0
PKT t=22983 RX ua=95 mt=R len=7
PKT t=22988 TX ua=95 mt=P len=0
PKT t=23031 RX ua=95 mt=R len=7
PKT t=23036 TX ua=95 mt=P len=0
PKT t=23045 RX ua=95 mt=R len=7
PKT t=23050 TX ua=95 mt=P len=0
PKT t=23059 RX ua=95 mt=R len=7
PKT t=23064 TX ua=95 mt=P len=0
PKT t=23073 RX ua=95 mt=R len=7
PKT t=23078 TX ua=95 mt=P len=0
PKT t=23087 RX ua=95 mt=R len=7
PKT t=23092 TX ua=95 mt=P len=0
PKT t=23101 RX ua=95 mt=R len=7
PKT t=23106 TX ua=95 mt=P len=0
PKT t=23135 RX ua=95 mt=R len=7
PKT t=23140 TX ua=95 mt=P len=0
PKT t=23181 RX ua=95 mt=R len=7
PKT t=23186 TX ua=95 mt=T len=7
PKT t=23198 TX ua=95 mt=P len=0
PKT t=23207 RX ua=95 mt=R len=7
PKT t=23212 TX ua=95 mt=P len=0
PKT t=23241 RX ua=95 mt=R len=7
PKT t=23246 TX ua=95 mt=P len=0
PKT t=23255 RX ua=95 mt=R len=7
PKT t=23260 TX ua=95 mt=P len=0
PKT t=23269 RX ua=95 mt=R len=7
PKT t=23274 TX ua=95 mt=P len=0
PKT t=23283 RX ua=95 mt=R len=7
PKT t=23288 TX ua=95 mt=P len=0
PKT t=23331 RX ua=95 mt=R len=7
PKT t=23336 TX ua=95 mt=P len=0
PKT t=23345 RX ua=95 mt=R len=7
PKT t=23350 TX ua=95 mt=P len=0
PKT t=23359 RX ua=95 mt=R len=7
PKT t=23364 TX ua=95 mt=P len=0
PKT t=23373 RX ua=95 mt=R len=7
PKT t=23378 TX ua=95 mt=P len=0
PKT t=23387 RX ua=95 mt=R len=7
PKT t=23392 TX ua=95 mt=P len=0
PKT t=23401 RX ua=95 mt=R len=7
PKT t=23406 TX ua=95 mt=P len=0
PKT t=23415 RX ua=95 mt=R len=7
PKT t=23420 TX ua=95 mt=P len=0
PKT t=23481 RX ua=95 mt=R len=7
PKT t=23486 TX ua=95 mt=T len=7
PKT t=23498 TX ua=95 mt=P len=0
PKT t=23508 RX ua=95 mt=R len=7
PKT t=23513 TX ua=95 mt=P len=0
PKT t=23523 RX ua=95 mt=R len=7
PKT t=23528 TX ua=95 mt=P len=0
PKT t=23557 RX ua=95 mt=R len=7
PKT t=23562 TX ua=95 mt=P len=0
PKT t=23572 RX ua=95 mt=R len=7
PKT t=23577 TX ua=95 mt=P len=0
PKT t=23587 RX ua=95 mt=R len=7
PKT t=23592 TX ua=95 mt=P len=0
PKT t=23631 RX ua=95 mt=R len=7
PKT t=23636 TX ua=95 mt=P len=0
PKT t=23656 RX ua=95 mt=R len=7
PKT t=23661 TX ua=95 mt=P len=0
PKT t=23671 RX ua=95 mt=R len=7
PKT t=23676 TX ua=95 mt=P len=0
PKT t=23686 RX ua=95 mt=R len=7
PKT t=23691 TX ua=95 mt=T len=7
PKT t=23703 TX ua=95 mt=P len=0
PKT t=23712 RX ua=95 mt=R len=7
PKT t=23717 TX ua=95 mt=P len=0
PKT t=23726 RX ua=95 mt=R len=7
PKT t=23731 TX ua=95 mt=P len=0
PKT t=23781 RX ua=95 mt=R len=7
PKT t=23786 TX ua=95 mt=P len=0
PKT t=23795 RX ua=95 mt=R len=7
PKT t=23800 TX ua=95 mt=P len=0
PKT t=23809 RX ua=95 mt=R len=7
PKT t=23814 TX ua=95 mt=P len=0
PKT t=23823 RX ua=95 mt=R len=7
PKT t=23828 TX ua=95 mt=P len=0
PKT t=23860 RX ua=95 mt=R len=7
PKT t=23865 TX ua=95 mt=P len=0
PKT t=23874 RX ua=95 mt=R len=7
PKT t=23879 TX ua=95 mt=P len=0
PKT t=23888 RX ua=95 mt=R len=7
PKT t=23893 TX ua=95 mt=P len=0
PKT t=23931 RX ua=95 mt=R len=7
PKT t=23936 TX ua=95 mt=T len=7
PKT t=23948 TX ua=95 mt=P len=0
PKT t=23962 RX ua=95 mt=R len=7
PKT t=23967 TX ua=95 mt=P len=0
PKT t=23976 RX ua=95 mt=R len=7
PKT t=23981 TX ua=95 mt=P len=0
PKT t=23990 RX ua=95 mt=R len=7
PKT t=23995 TX ua=95 mt=P len=0
PKT t=24004 RX ua=95 mt=R len=7
PKT t=24009 TX ua=95 mt=P len=0
PKT t=24018 RX ua=95 mt=R len=7
PKT t=24023 TX ua=95 mt=P len=0
PKT t=24032 RX ua=95 mt=R len=7
PKT t=24037 TX ua=95 mt=P len=0
PKT t=24081 RX ua=95 mt=R len=7
PKT t=24086 TX ua=95 mt=P len=0
PKT t=24095 RX ua=95 mt=R len=7
PKT t=24100 TX ua=95 mt=P len=0
PKT t=24109 RX ua=95 mt=R len=7
PKT t=24114 TX ua=95 mt=P len=0
PKT t=24123 RX ua=95 mt=R len=7
PKT t=24128 TX ua=95 mt=P len=0
PKT t=24137 RX ua=95 mt=R len=7
PKT t=24142 TX ua=95 mt=P len=0
PKT t=24171 RX ua=95 mt=R len=7
PKT t=24176 TX ua=95 mt=P len=0
PKT t=24185 RX ua=95 mt=R len=7
PKT t=24190 TX ua=95 mt=T len=7
PKT t=24231 TX ua=95 mt=P len=0
PKT t=24240 RX ua=95 mt=R len=7
PKT t=24245 TX ua=95 mt=P len=0
PKT t=24274 RX ua=95 mt=R len=7
PKT t=24279 TX ua=95 mt=P len=0
PKT t=24288 RX ua=95 mt=R len=7
PKT t=24293 TX ua=95 mt=P len=0
PKT t=24302 RX ua=95 mt=R len=7
PKT t=24307 TX ua=95 mt=P len=0
PKT t=24316 RX ua=95 mt=R len=7
PKT t=24321 TX ua=95 mt=P len=0
PKT t=24330 RX ua=95 mt=R len=7
PKT t=24335 TX ua=95 mt=P len=0
PKT t=24344 RX ua=95 mt=R len=7
PKT t=24381 TX ua=95 mt=P len=0
PKT t=24390 RX ua=95 mt=R len=7
PKT t=24395 TX ua=95 mt=P len=0
PKT t=24404 RX ua=95 mt=R len=7
PKT t=24409 TX ua=95 mt=P len=0
PKT t=24418 RX ua=95 mt=R len=7
PKT t=24423 TX ua=95 mt=P len=0
PKT t=24432 RX ua=95 mt=R len=7
PKT t=24437 TX ua=95 mt=T len=7
PKT t=24449 TX ua=95 mt=P len=0
PKT t=24478 RX ua=95 mt=R len=7
PKT t=24483 TX ua=95 mt=P len=0
PKT t=24492 RX ua=95 mt=R len=7
PKT t=24497 TX ua=95 mt=P len=0
PKT t=24532 RX ua=95 mt=R len=7
PKT t=24787 TX ua=96 mt=P len=0
PKT t=25045 TX ua=95 mt=P len=0
PKT t=25054 RX ua=95 mt=R len=7
PKT t=25059 TX ua=95 mt=T len=7
PKT t=25071 TX ua=95 mt=P len=0
PKT t=25080 RX ua=95 mt=R len=7
PKT t=25085 TX ua=95 mt=P len=0
PKT t=25094 RX ua=95 mt=R len=7
PKT t=25131 TX ua=95 mt=P len=0
PKT t=25140 RX ua=95 mt=R len=7
PKT t=25145 TX ua=95 mt=P len=0
PKT t=25178 RX ua=95 mt=R len=7
PKT t=25183 TX ua=95 mt=T len=7
PKT t=25195 TX ua=95 mt=P len=0
PKT t=25204 RX ua=95 mt=R len=7
PKT t=25209 TX ua=95 mt=P len=0
PKT t=25218 RX ua=95 mt=R len=7
PKT t=25223 TX ua=95 mt=P len=0
PKT t=25233 RX ua=95 mt=R len=7
PKT t=25237 TX ua=95 mt=P len=0
PKT t=25246 RX ua=95 mt=R len=7
PKT t=25281 TX ua=95 mt=P len=0
PKT t=25290 RX ua=95 mt=R len=7
PKT t=25295 TX ua=95 mt=P len=0
PKT t=25304 RX ua=95 mt=R len=7
PKT t=25309 TX ua=95 mt=P len=0
PKT t=25318 RX ua=95 mt=R len=7
PKT t=25323 TX ua=95 mt=P len=0
PKT t=25332 RX ua=95 mt=R len=7
PKT t=25337 TX ua=95 mt=P len=0
PKT t=25347 RX ua=95 mt=R len=7
PKT t=25352 TX ua=95 mt=P len=0
PKT t=25381 RX ua=95 mt=R len=7
PKT t=25386 TX ua=95 mt=P len=0
PKT t=25395 RX ua=95 mt=R len=7
PKT t=25431 TX ua=95 mt=P len=0
PKT t=25440 RX ua=95 mt=R len=7
PKT t=25445 TX ua=95 mt=T len=7
PKT t=25457 TX ua=95 mt=P len=0
PKT t=25485 RX ua=95 mt=R len=7
PKT t=25490 TX ua=95 mt=P len=0
PKT t=25500 RX ua=95 mt=R len=7
PKT t=25505 TX ua=95 mt=P len=0
PKT t=25515 RX ua=95 mt=R len=7
PKT t=25520 TX ua=95 mt=P len=0
PKT t=25530 RX ua=95 mt=R len=7
PKT t=25535 TX ua=95 mt=P len=0
PKT t=25545 RX ua=95 mt=R len=7
PKT t=25581 TX ua=95 mt=P len=0
PKT t=25591 RX ua=95 mt=R len=7
PKT t=25596 TX ua=95 mt=P len=0
PKT t=25606 RX ua=95 mt=R len=7
PKT t=25611 TX ua=95 mt=P len=0
PKT t=25621 RX ua=95 mt=R len=7
PKT t=25626 TX ua=95 mt=P len=0
PKT t=25636 RX ua=95 mt=R len=7
PKT t=25641 TX ua=95 mt=P len=0
PKT t=25651 RX ua=95 mt=R len=7
PKT t=25656 TX ua=95 mt=P len=0
PKT t=25685 RX ua=95 mt=R len=7
PKT t=25690 TX ua=95 mt=T len=7
PKT t=25731 TX ua=95 mt=P len=0
PKT t=25740 RX ua=95 mt=R len=7
PKT t=25745 TX ua=95 mt=P len=0
PKT t=25754 RX ua=95 mt=R len=7
PKT t=25759 TX ua=95 mt=P len=0
PKT t=25788 RX ua=95 mt=R len=7
PKT t=25793 TX ua=95 mt=P len=0
PKT t=25802 RX ua=95 mt=R len=7
PKT t=25807 TX ua=95 mt=P len=0
PKT t=25816 RX ua=95 mt=R len=7
PKT t=25821 TX ua=95 mt=P len=0
PKT t=25830 RX ua=95 mt=R len=7
PKT t=25835 TX ua=95 mt=P len=0
PKT t=25844 RX ua=95 mt=R len=7
PKT t=25881 TX ua=95 mt=P len=0
PKT t=25890 RX ua=95 mt=R len=7
PKT t=25895 TX ua=95 mt=P len=0
PKT t=25904 RX ua=95 mt=R len=7
PKT t=25909 TX ua=95 mt=P len=0
PKT t=25918 RX ua=95 mt=R len=7
PKT t=25923 TX ua=95 mt=P len=0
PKT t=25932 RX ua=95 mt=R len=7
PKT t=25937 TX ua=95 mt=T len=7
PKT t=25949 TX ua=95 mt=P len=0
PKT t=25959 RX ua=95 mt=R len=7
PKT t=25964 TX ua=95 mt=P len=0
PKT t=25992 RX ua=95 mt=R len=7
PKT t=25997 TX ua=95 mt=P len=0
PKT t=26032 RX ua=95 mt=R len=7
PKT t=26287 TX ua=96 mt=P len=0
PKT t=26545 TX ua=95 mt=P len=0
PKT t=26554 RX ua=95 mt=R len=7
PKT t=26559 TX ua=95 mt=T len=7
PKT t=26572 TX ua=95 mt=P len=0
PKT t=26594 RX ua=95 mt=R len=7
PKT t=26631 TX ua=95 mt=T len=7
PKT t=26644 TX ua=95 mt=P len=0
PKT t=26653 RX ua=95 mt=R len=7
PKT t=26658 TX ua=95 mt=P len=0
PKT t=26667 RX ua=95 mt=R len=7
PKT t=26672 TX ua=95 mt=P len=0
PKT t=26701 RX ua=95 mt=R len=7
PKT t=26706 TX ua=95 mt=T len=7
PKT t=26719 TX ua=95 mt=P len=0
PKT t=26728 RX ua=95 mt=R len=7
PKT t=26733 TX ua=95 mt=P len=0
PKT t=26743 RX ua=95 mt=R len=7
PKT t=26781 TX ua=95 mt=P len=0
PKT t=26801 RX ua=95 mt=R len=7
PKT t=26806 TX ua=95 mt=P len=0
PKT t=26815 RX ua=95 mt=R len=7
PKT t=26820 TX ua=95 mt=P len=0
PKT t=26829 RX ua=95 mt=R len=7
PKT t=26834 TX ua=95 mt=P len=0
PKT t=26843 RX ua=95 mt=R len=7
PKT t=26848 TX ua=95 mt=P len=0
PKT t=26857 RX ua=95 mt=R len=7
PKT t=26862 TX ua=95 mt=P len=0
PKT t=26871 RX ua=95 mt=R len=7
PKT t=26876 TX ua=95 mt=P len=0
PKT t=26931 RX ua=95 mt=R len=7
PKT t=26936 TX ua=95 mt=T len=7
PKT t=26949 TX ua=95 mt=P len=0
PKT t=26958 RX ua=95 mt=R len=7
PKT t=26963 TX ua=95 mt=P len=0
PKT t=26972 RX ua=95 mt=R len=7
PKT t=26977 TX ua=95 mt=P len=0
PKT t=27006 RX ua=95 mt=R len=7
PKT t=27011 TX ua=95 mt=P len=0
PKT t=27020 RX ua=95 mt=R len=7
PKT t=27025 TX ua=95 mt=P len=0
PKT t=27034 RX ua=95 mt=R len=7
PKT t=27039 TX ua=95 mt=P len=0
PKT t=27081 RX ua=95 mt=R len=7
PKT t=27086 TX ua=95 mt=P len=0
PKT t=27106 RX ua=95 mt=R len=7
PKT t=27111 TX ua=95 mt=P len=0
PKT t=27120 RX ua=95 mt=R len=7
PKT t=27125 TX ua=95 mt=P len=0
PKT t=27134 RX ua=95 mt=R len=7
PKT t=27139 TX ua=95 mt=P len=0
PKT t=27148 RX ua=95 mt=R len=7
PKT t=27153 TX ua=95 mt=P len=0
PKT t=27162 RX ua=95 mt=R len=7
PKT t=27167 TX ua=95 mt=P len=0
PKT t=27176 RX ua=95 mt=R len=7
PKT t=27181 TX ua=95 mt=P len=0
PKT t=27231 RX ua=95 mt=R len=7
PKT t=27236 TX ua=95 mt=T len=7
PKT t=27248 TX ua=95 mt=P len=0
PKT t=27257 RX ua=95 mt=R len=7
PKT t=27262 TX ua=95 mt=P len=0
PKT t=27271 RX ua=95 mt=R len=7
PKT t=27276 TX ua=95 mt=P len=0
PKT t=27285 RX ua=95 mt=R len=7
PKT t=27290 TX ua=95 mt=P len=0
PKT t=27319 RX ua=95 mt=R len=7
PKT t=27324 TX ua=95 mt=P len=0
PKT t=27333 RX ua=95 mt=R len=7
PKT t=27338 TX ua=95 mt=P len=0
PKT t=27381 RX ua=95 mt=R len=7
PKT t=27386 TX ua=95 mt=P len=0
PKT t=27419 RX ua=95 mt=R len=7
PKT t=27424 TX ua=95 mt=P len=0
PKT t=27433 RX ua=95 mt=R len=7
PKT t=27438 TX ua=95 mt=T len=7
PKT t=27450 TX ua=95 mt=P len=0
PKT t=27460 RX ua=95 mt=R len=7
PKT t=27465 TX ua=95 mt=P len=0
PKT t=27475 RX ua=95 mt=R len=7
PKT t=27480 TX ua=95 mt=P len=0
PKT t=27490 RX ua=95 mt=R len=7
PKT t=27495 TX ua=95 mt=P len=0
PKT t=27531 RX ua=95 mt=R len=7
PKT t=27786 TX ua=96 mt=P len=0
PKT t=28048 TX ua=95 mt=P len=0
PKT t=28058 RX ua=95 mt=R len=7
PKT t=28063 TX ua=95 mt=T len=7
PKT t=28075 TX ua=95 mt=P len=0
PKT t=28084 RX ua=95 mt=R len=7
PKT t=28089 TX ua=95 mt=P len=0
PKT t=28131 RX ua=95 mt=R len=7
PKT t=28136 TX ua=95 mt=P len=0
PKT t=28145 RX ua=95 mt=R len=7
PKT t=28150 TX ua=95 mt=P len=0
PKT t=28159 RX ua=95 mt=R len=7
PKT t=28164 TX ua=95 mt=P len=0
PKT t=28173 RX ua=95 mt=R len=7
PKT t=28178 TX ua=95 mt=P len=0
PKT t=28187 RX ua=95 mt=R len=7
PKT t=28192 TX ua=95 mt=T len=7
PKT t=28204 TX ua=95 mt=P len=0
PKT t=28237 RX ua=95 mt=R len=7
PKT t=28242 TX ua=95 mt=P len=0
PKT t=28281 RX ua=95 mt=R len=7
PKT t=28286 TX ua=95 mt=P len=0
PKT t=28295 RX ua=95 mt=R len=7
PKT t=28300 TX ua=95 mt=P len=0
PKT t=28332 RX ua=95 mt=R len=7
PKT t=28337 TX ua=95 mt=P len=0
PKT t=28346 RX ua=95 mt=R len=7
PKT t=28351 TX ua=95 mt=P len=0
PKT t=28360 RX ua=95 mt=R len=7
PKT t=28365 TX ua=95 mt=P len=0
PKT t=28374 RX ua=95 mt=R len=7
PKT t=28379 TX ua=95 mt=P len=0
PKT t=28388 RX ua=95 mt=R len=7
PKT t=28393 TX ua=95 mt=P len=0
PKT t=28431 RX ua=95 mt=R len=7
PKT t=28436 TX ua=95 mt=T len=7
PKT t=28448 TX ua=95 mt=P len=0
PKT t=28457 RX ua=95 mt=R len=7
PKT t=28462 TX ua=95 mt=P len=0
PKT t=28471 RX ua=95 mt=R len=7
PKT t=28476 TX ua=95 mt=P len=0
PKT t=28485 RX ua=95 mt=R len=7
PKT t=28490 TX ua=95 mt=P len=0
PKT t=28499 RX ua=95 mt=R len=7
PKT t=28504 TX ua=95 mt=P len=0
PKT t=28536 RX ua=95 mt=R len=7
PKT t=28541 TX ua=95 mt=P len=0
PKT t=28581 RX ua=95 mt=R len=7
PKT t=28586 TX ua=95 mt=P len=0
PKT t=28595 RX ua=95 mt=R len=7
PKT t=28600 TX ua=95 mt=P len=0
PKT t=28609 RX ua=95 mt=R len=7
PKT t=28614 TX ua=95 mt=P len=0
PKT t=28643 RX ua=95 mt=R len=7
PKT t=28648 TX ua=95 mt=P len=0
PKT t=28657 RX ua=95 mt=R len=7
PKT t=28662 TX ua=95 mt=P len=0
PKT t=28671 RX ua=95 mt=R len=7
PKT t=28676 TX ua=95 mt=P len=0
PKT t=28685 RX ua=95 mt=R len=7
PKT t=28690 TX ua=95 mt=T len=7
PKT t=28731 TX ua=95 mt=P len=0
PKT t=28743 RX ua=95 mt=R len=7
PKT t=28748 TX ua=95 mt=P len=0
PKT t=28757 RX ua=95 mt=R len=7
PKT t=28762 TX ua=95 mt=P len=0
PKT t=28771 RX ua=95 mt=R len=7
PKT t=28776 TX ua=95 mt=P len=0
PKT t=28785 RX ua=95 mt=R len=7
PKT t=28790 TX ua=95 mt=P len=0
PKT t=28799 RX ua=95 mt=R len=7
PKT t=28804 TX ua=95 mt=P len=0
PKT t=28813 RX ua=95 mt=R len=7
PKT t=28818 TX ua=95 mt=P len=0
PKT t=28881 RX ua=95 mt=R len=7
PKT t=28886 TX ua=95 mt=P len=0
PKT t=28895 RX ua=95 mt=R len=7
PKT t=28900 TX ua=95 mt=P len=0
PKT t=28909 RX ua=95 mt=R len=7
PKT t=28914 TX ua=95 mt=P len=0
PKT t=28947 RX ua=95 mt=R len=7
PKT t=28952 TX ua=95 mt=T len=7
PKT t=28964 TX ua=95 mt=P len=0
PKT t=28973 RX ua=95 mt=R len=7
PKT t=28978 TX ua=95 mt=P len=0
PKT t=28987 RX ua=95 mt=R len=7
PKT t=28992 TX ua=95 mt=P len=0
PKT t=29031 RX ua=95 mt=R len=7
PKT t=29036 TX ua=95 mt=P len=0
PKT t=29047 RX ua=95 mt=R len=7
PKT t=29052 TX ua=95 mt=P len=0
PKT t=29061 RX ua=95 mt=R len=7
PKT t=29066 TX ua=95 mt=P len=0
PKT t=29075 RX ua=95 mt=R len=7
PKT t=29080 TX ua=95 mt=P len=0
PKT t=29089 RX ua=95 mt=R len=7
PKT t=29094 TX ua=95 mt=P len=0
PKT t=29103 RX ua=95 mt=R len=7
PKT t=29108 TX ua=95 mt=P len=0
PKT t=29117 RX ua=95 mt=R len=7
PKT t=29122 TX ua=95 mt=P len=0
PKT t=29181 RX ua=95 mt=R len=7
PKT t=29186 TX ua=95 mt=T len=7
PKT t=29199 TX ua=95 mt=P len=0
PKT t=29208 RX ua=95 mt=R len=7
PKT t=29213 TX ua=95 mt=P len=0
PKT t=29222 RX ua=95 mt=R len=7
PKT t=29227 TX ua=95 mt=P len=0
PKT t=29256 RX ua=95 mt=R len=7
PKT t=29261 TX ua=95 mt=P len=0
PKT t=29270 RX ua=95 mt=R len=7
PKT t=29275 TX ua=95 mt=P len=0
PKT t=29284 RX ua=95 mt=R len=7
PKT t=29289 TX ua=95 mt=P len=0
PKT t=29331 RX ua=95 mt=R len=7
PKT t=29336 TX ua=95 mt=P len=0
PKT t=29356 RX ua=95 mt=R len=7
PKT t=29361 TX ua=95 mt=P len=0
PKT t=29370 RX ua=95 mt=R len=7
PKT t=29375 TX ua=95 mt=P len=0
PKT t=29384 RX ua=95 mt=R len=7
PKT t=29389 TX ua=95 mt=P len=0
PKT t=29398 RX ua=95 mt=R len=7
PKT t=29403 TX ua=95 mt=P len=0
PKT t=29412 RX ua=95 mt=R len=7
PKT t=29417 TX ua=95 mt=P len=0
PKT t=29427 RX ua=95 mt=R len=7
PKT t=29432 TX ua=95 mt=P len=0
PKT t=29481 RX ua=95 mt=R len=7
PKT t=29486 TX ua=95 mt=T len=7
PKT t=29499 TX ua=95 mt=P len=0
PKT t=29509 RX ua=95 mt=R len=7
PKT t=29514 TX ua=95 mt=P len=0
PKT t=29524 RX ua=95 mt=R len=7
PKT t=29529 TX ua=95 mt=P len=0
PKT t=29561 RX ua=95 mt=R len=7
PKT t=29566 TX ua=95 mt=P len=0
PKT t=29576 RX ua=95 mt=R len=7
PKT t=29581 TX ua=95 mt=P len=0
PKT t=29591 RX ua=95 mt=R len=7
PKT t=29596 TX ua=95 mt=P len=0
PKT t=29631 RX ua=95 mt=R len=7
PKT t=29886 TX ua=96 mt=P len=0
PKT t=30144 TX ua=95 mt=P len=0
PKT t=30154 RX ua=95 mt=R len=7
PKT t=30159 TX ua=95 mt=T len=7
PKT t=30172 TX ua=95 mt=P len=0
PKT t=30181 RX ua=95 mt=R len=7
PKT t=30186 TX ua=95 mt=T len=7
PKT t=30198 TX ua=95 mt=P len=0
PKT t=30233 RX ua=95 mt=R len=7
PKT t=30488 TX ua=96 mt=P len=0
PKT t=30746 TX ua=95 mt=P len=0
PKT t=30755 RX ua=95 mt=R len=7
PKT t=30760 TX ua=95 mt=T len=7
PKT t=30772 TX ua=95 mt=P len=0
PKT t=30781 RX ua=95 mt=R len=7
PKT t=30786 TX ua=95 mt=P len=0
PKT t=30795 RX ua=95 mt=R len=7
PKT t=30833 TX ua=95 mt=P len=0
PKT t=30863 RX ua=95 mt=R len=7
PKT t=30868 TX ua=95 mt=P len=0
PKT t=30877 RX ua=95 mt=R len=7
PKT t=30882 TX ua=95 mt=P len=0
PKT t=30891 RX ua=95 mt=R len=7
PKT t=30896 TX ua=95 mt=P len=0
PKT t=30905 RX ua=95 mt=R len=7
PKT t=30910 TX ua=95 mt=P len=0
PKT t=30919 RX ua=95 mt=R len=7
PKT t=30924 TX ua=95 mt=P len=0
PKT t=30933 RX ua=95 mt=R len=7
PKT t=30938 TX ua=95 mt=T len=7
PKT t=30983 TX ua=95 mt=P len=0
PKT t=30992 RX ua=95 mt=R len=7
PKT t=30997 TX ua=95 mt=P len=0
PKT t=31006 RX ua=95 mt=R len=7
PKT t=31011 TX ua=95 mt=P len=0
PKT t=31020 RX ua=95 mt=R len=7
PKT t=31025 TX ua=95 mt=P len=0
PKT t=31034 RX ua=95 mt=R len=7
PKT t=31039 TX ua=95 mt=P len=0
PKT t=31068 RX ua=95 mt=R len=7
PKT t=31073 TX ua=95 mt=P len=0
PKT t=31082 RX ua=95 mt=R len=7
PKT t=31087 TX ua=95 mt=P len=0
PKT t=31096 RX ua=95 mt=R len=7
PKT t=31133 TX ua=95 mt=P len=0
PKT t=31142 RX ua=95 mt=R len=7
PKT t=31147 TX ua=95 mt=P len=0
PKT t=31176 RX ua=95 mt=R len=7
PKT t=31181 TX ua=95 mt=P len=0
PKT t=31190 RX ua=95 mt=R len=7
PKT t=31195 TX ua=95 mt=T len=7
PKT t=31207 TX ua=95 mt=P len=0
PKT t=31216 RX ua=95 mt=R len=7
PKT t=31221 TX ua=95 mt=P len=0
PKT t=31230 RX ua=95 mt=R len=7
PKT t=31235 TX ua=95 mt=P len=0
PKT t=31244 RX ua=95 mt=R len=7
PKT t=31249 TX ua=95 mt=P len=0
PKT t=31284 RX ua=95 mt=R len=7
PKT t=31539 TX ua=96 mt=P len=0
PKT t=31797 TX ua=95 mt=P len=0
PKT t=31806 RX ua=95 mt=R len=7
PKT t=31811 TX ua=95 mt=T len=7
PKT t=31823 TX ua=95 mt=P len=0
PKT t=31832 RX ua=95 mt=R len=7
PKT t=31837 TX ua=95 mt=P len=0
PKT t=31846 RX ua=95 mt=R len=7
PKT t=31883 TX ua=95 mt=P len=0
PKT t=31892 RX ua=95 mt=R len=7
PKT t=31897 TX ua=95 mt=P len=0
PKT t=31906 RX ua=95 mt=R len=7
PKT t=31911 TX ua=95 mt=P len=0
PKT t=31920 RX ua=95 mt=R len=7
PKT t=31925 TX ua=95 mt=P len=0
PKT t=31934 RX ua=95 mt=R len=7
PKT t=31939 TX ua=95 mt=T len=7
PKT t=31951 TX ua=95 mt=P len=0
PKT t=31980 RX ua=95 mt=R len=7
PKT t=31985 TX ua=95 mt=P len=0
PKT t=31994 RX ua=95 mt=R len=7
PKT t=31999 TX ua=95 mt=P len=0
PKT t=32034 RX ua=95 mt=R len=7
PKT t=32289 TX ua=96 mt=P len=0
PKT t=32547 TX ua=95 mt=P len=0
PKT t=32556 RX ua=95 mt=R len=7
PKT t=32561 TX ua=95 mt=T len=7
PKT t=32573 TX ua=95 mt=P len=0
PKT t=32582 RX ua=95 mt=R len=7
PKT t=32587 TX ua=95 mt=P len=0
PKT t=32596 RX ua=95 mt=R len=7
PKT t=32633 TX ua=95 mt=P len=0
PKT t=32642 RX ua=95 mt=R len=7
PKT t=32647 TX ua=95 mt=P len=0
PKT t=32680 RX ua=95 mt=R len=7
PKT t=32685 TX ua=95 mt=T len=7
PKT t=32697 TX ua=95 mt=P len=0
PKT t=32706 RX ua=95 mt=R len=7
PKT t=32711 TX ua=95 mt=P len=0
PKT t=32720 RX ua=95 mt=R len=7
PKT t=32725 TX ua=95 mt=P len=0
PKT t=32734 RX ua=95 mt=R len=7
PKT t=32739 TX ua=95 mt=P len=0
PKT t=32748 RX ua=95 mt=R len=7
PKT t=32783 TX ua=95 mt=P len=0
PKT t=32792 RX ua=95 mt=R len=7
PKT t=32797 TX ua=95 mt=P len=0
PKT t=32806 RX ua=95 mt=R len=7
PKT t=32811 TX ua=95 mt=P len=0
PKT t=32820 RX ua=95 mt=R len=7
PKT t=32825 TX ua=95 mt=P len=0
PKT t=32834 RX ua=95 mt=R len=7
PKT t=32839 TX ua=95 mt=P len=0
PKT t=32848 RX ua=95 mt=R len=7
PKT t=32853 TX ua=95 mt=P len=0
PKT t=32882 RX ua=95 mt=R len=7
PKT t=32887 TX ua=95 mt=P len=0
PKT t=32896 RX ua=95 mt=R len=7
PKT t=32933 TX ua=95 mt=P len=0
PKT t=32942 RX ua=95 mt=R len=7
PKT t=32947 TX ua=95 mt=T len=7
PKT t=32959 TX ua=95 mt=P len=0
PKT t=32987 RX ua=95 mt=R len=7
PKT t=32992 TX ua=95 mt=P len=0
PKT t=33001 RX ua=95 mt=R len=7
PKT t=33006 TX ua=95 mt=P len=0
PKT t=33015 RX ua=95 mt=R len=7
PKT t=33020 TX ua=95 mt=P len=0
PKT t=33029 RX ua=95 mt=R len=7
PKT t=33034 TX ua=95 mt=P len=0
PKT t=33043 RX ua=95 mt=R len=7
PKT t=33048 TX ua=95 mt=P len=0
PKT t=33083 RX ua=95 mt=R len=7
PKT t=33338 TX ua=96 mt=P len=0
PKT t=33596 TX ua=95 mt=P len=0
PKT t=33605 RX ua=95 mt=R len=7
PKT t=33610 TX ua=95 mt=T len=7
PKT t=33622 TX ua=95 mt=P len=0
PKT t=33632 RX ua=95 mt=R len=7
PKT t=33637 TX ua=95 mt=P len=0
PKT t=33647 RX ua=95 mt=R len=7
PKT t=33683 TX ua=95 mt=P len=0
PKT t=33693 RX ua=95 mt=R len=7
PKT t=33698 TX ua=95 mt=T len=7
PKT t=33710 TX ua=95 mt=P len=0
PKT t=33719 RX ua=95 mt=R len=7
PKT t=33724 TX ua=95 mt=P len=0
PKT t=33733 RX ua=95 mt=R len=7
PKT t=33738 TX ua=95 mt=P len=0
PKT t=33747 RX ua=95 mt=R len=7
PKT t=33752 TX ua=95 mt=P len=0
PKT t=33761 RX ua=95 mt=R len=7
PKT t=33766 TX ua=95 mt=P len=0
PKT t=33796 RX ua=95 mt=R len=7
PKT t=33833 TX ua=95 mt=P len=0
PKT t=33842 RX ua=95 mt=R len=7
PKT t=33847 TX ua=95 mt=P len=0
PKT t=33856 RX ua=95 mt=R len=7
PKT t=33861 TX ua=95 mt=P len=0
PKT t=33870 RX ua=95 mt=R len=7
PKT t=33875 TX ua=95 mt=P len=0
PKT t=33904 RX ua=95 mt=R len=7
PKT t=33909 TX ua=95 mt=P len=0
PKT t=33918 RX ua=95 mt=R len=7
PKT t=33923 TX ua=95 mt=P len=0
PKT t=33932 RX ua=95 mt=R len=7
PKT t=33937 TX ua=95 mt=T len=7
PKT t=33949 TX ua=95 mt=P len=0
PKT t=33984 RX ua=95 mt=R len=7
PKT t=34239 TX ua=96 mt=P len=0
PKT t=34497 TX ua=95 mt=P len=0
PKT t=34506 RX ua=95 mt=R len=7
PKT t=34511 TX ua=95 mt=T len=7
PKT t=34524 TX ua=95 mt=P len=0
PKT t=34533 RX ua=95 mt=R len=7
PKT t=34538 TX ua=95 mt=T len=7
PKT t=34583 TX ua=95 mt=P len=0
PKT t=34604 RX ua=95 mt=R len=7
PKT t=34609 TX ua=95 mt=P len=0
PKT t=34618 RX ua=95 mt=R len=7
PKT t=34623 TX ua=95 mt=P len=0
PKT t=34632 RX ua=95 mt=R len=7
PKT t=34637 TX ua=95 mt=P len=0
PKT t=34646 RX ua=95 mt=R len=7
PKT t=34651 TX ua=95 mt=P len=0
PKT t=34660 RX ua=95 mt=R len=7
PKT t=34665 TX ua=95 mt=P len=0
PKT t=34674 RX ua=95 mt=R len=7
PKT t=34679 TX ua=95 mt=P len=0
PKT t=34733 RX ua=95 mt=R len=7
PKT t=34738 TX ua=95 mt=T len=7
PKT t=34751 TX ua=95 mt=P len=0
PKT t=34760 RX ua=95 mt=R len=7
PKT t=34765 TX ua=95 mt=P len=0
PKT t=34774 RX ua=95 mt=R len=7
PKT t=34779 TX ua=95 mt=P len=0
PKT t=34808 RX ua=95 mt=R len=7
PKT t=34813 TX ua=95 mt=P len=0
PKT t=34822 RX ua=95 mt=R len=7
PKT t=34827 TX ua=95 mt=P len=0
PKT t=34836 RX ua=95 mt=R len=7
PKT t=34841 TX ua=95 mt=P len=0
PKT t=34883 RX ua=95 mt=R len=7
PKT t=34888 TX ua=95 mt=P len=0
PKT t=34909 RX ua=95 mt=R len=7
PKT t=34914 TX ua=95 mt=P len=0
PKT t=34923 RX ua=95 mt=R len=7
PKT t=34928 TX ua=95 mt=P len=0
PKT t=34937 RX ua=95 mt=R len=7
PKT t=34942 TX ua=95 mt=T len=7
PKT t=34955 TX ua=95 mt=P len=0
PKT t=34964 RX ua=95 mt=R len=7
PKT t=34969 TX ua=95 mt=P len=0
PKT t=34978 RX ua=95 mt=R len=7
PKT t=34983 TX ua=95 mt=P len=0
PKT t=35033 RX ua=95 mt=R len=7
PKT t=35038 TX ua=95 mt=P len=0
PKT t=35047 RX ua=95 mt=R len=7
PKT t=35052 TX ua=95 mt=P len=0
PKT t=35061 RX ua=95 mt=R len=7
PKT t=35066 TX ua=95 mt=P len=0
PKT t=35075 RX ua=95 mt=R len=7
PKT t=35080 TX ua=95 mt=P len=0
PKT t=35112 RX ua=95 mt=R len=7
PKT t=35117 TX ua=95 mt=P len=0
PKT t=35126 RX ua=95 mt=R len=7
PKT t=35131 TX ua=95 mt=P len=0
PKT t=35140 RX ua=95 mt=R len=7
PKT t=35145 TX ua=95 mt=P len=0
PKT t=35183 RX ua=95 mt=R len=7
PKT t=35188 TX ua=95 mt=T len=7
PKT t=35200 TX ua=95 mt=P len=0
PKT t=35214 RX ua=95 mt=R len=7
PKT t=35219 TX ua=95 mt=P len=0
PKT t=35228 RX ua=95 mt=R len=7
PKT t=35233 TX ua=95 mt=P len=0
PKT t=35242 RX ua=95 mt=R len=7
PKT t=35247 TX ua=95 mt=P len=0
PKT t=35256 RX ua=95 mt=R len=7
PKT t=35261 TX ua=95 mt=P len=0
PKT t=35270 RX ua=95 mt=R len=7
PKT t=35275 TX ua=95 mt=P len=0
PKT t=35284 RX ua=95 mt=R len=7
PKT t=35289 TX ua=95 mt=P len=0
PKT t=35333 RX ua=95 mt=R len=7
PKT t=35338 TX ua=95 mt=P len=0
PKT t=35347 RX ua=95 mt=R len=7
PKT t=35352 TX ua=95 mt=P len=0
PKT t=35361 RX ua=95 mt=R len=7
PKT t=35366 TX ua=95 mt=P len=0
PKT t=35375 RX ua=95 mt=R len=7
PKT t=35380 TX ua=95 mt=P len=0
PKT t=35389 RX ua=95 mt=R len=7
PKT t=35394 TX ua=95 mt=P len=0
PKT t=35423 RX ua=95 mt=R len=7
PKT t=35428 TX ua=95 mt=P len=0
PKT t=35437 RX ua=95 mt=R len=7
PKT t=35442 TX ua=95 mt=T len=7
PKT t=35483 TX ua=95 mt=P len=0
PKT t=35493 RX ua=95 mt=R len=7
PKT t=35498 TX ua=95 mt=P len=0
PKT t=35527 RX ua=95 mt=R len=7
PKT t=35532 TX ua=95 mt=P len=0
PKT t=35542 RX ua=95 mt=R len=7
PKT t=35547 TX ua=95 mt=P len=0
PKT t=35557 RX ua=95 mt=R len=7
PKT t=35562 TX ua=95 mt=P len=0
PKT t=35572 RX ua=95 mt=R len=7
PKT t=35577 TX ua=95 mt=P len=0
PKT t=35587 RX ua=95 mt=R len=7
PKT t=35592 TX ua=95 mt=P len=0
PKT t=35633 RX ua=95 mt=R len=7
PKT t=35638 TX ua=95 mt=P len=0
PKT t=35648 RX ua=95 mt=R len=7
PKT t=35653 TX ua=95 mt=P len=0
PKT t=35663 RX ua=95 mt=R len=7
PKT t=35668 TX ua=95 mt=P len=0
PKT t=35678 RX ua=95 mt=R len=7
PKT t=35683 TX ua=95 mt=P len=0
PKT t=35693 RX ua=95 mt=R len=7
PKT t=35698 TX ua=95 mt=T len=7
PKT t=35710 TX ua=95 mt=P len=0
PKT t=35738 RX ua=95 mt=R len=7
PKT t=35743 TX ua=95 mt=P len=0
PKT t=35783 RX ua=95 mt=R len=7
PKT t=35788 TX ua=95 mt=P len=0
PKT t=35797 RX ua=95 mt=R len=7
PKT t=35802 TX ua=95 mt=P len=0
PKT t=35811 RX ua=95 mt=R len=7
PKT t=35816 TX ua=95 mt=P len=0
PKT t=35845 RX ua=95 mt=R len=7
PKT t=35850 TX ua=95 mt=P len=0
PKT t=35859 RX ua=95 mt=R len=7
PKT t=35864 TX ua=95 mt=P len=0
PKT t=35873 RX ua=95 mt=R len=7
PKT t=35878 TX ua=95 mt=P len=0
PKT t=35887 RX ua=95 mt=R len=7
PKT t=35892 TX ua=95 mt=P len=0
PKT t=35933 RX ua=95 mt=R len=7
PKT t=35938 TX ua=95 mt=T len=7
PKT t=35950 TX ua=95 mt=P len=0
PKT t=35959 RX ua=95 mt=R len=7
PKT t=35964 TX ua=95 mt=P len=0
PKT t=35973 RX ua=95 mt=R len=7
PKT t=35978 TX ua=95 mt=P len=0
PKT t=35987 RX ua=95 mt=R len=7
PKT t=35992 TX ua=95 mt=P len=0
PKT t=36001 RX ua=95 mt=R len=7
PKT t=36006 TX ua=95 mt=P len=0
PKT t=36015 RX ua=95 mt=R len=7
PKT t=36020 TX ua=95 mt=P len=0
PKT t=36052 RX ua=95 mt=R len=7
PKT t=36087 TX ua=95 mt=P len=0
PKT t=36096 RX ua=95 mt=R len=7
PKT t=36101 TX ua=95 mt=P len=0
PKT t=36110 RX ua=95 mt=R len=7
PKT t=36115 TX ua=95 mt=P len=0
PKT t=36124 RX ua=95 mt=R len=7
PKT t=36129 TX ua=95 mt=P len=0
PKT t=36158 RX ua=95 mt=R len=7
PKT t=36163 TX ua=95 mt=P len=0
PKT t=36172 RX ua=95 mt=R len=7
PKT t=36177 TX ua=95 mt=P len=0
PKT t=36186 RX ua=95 mt=R len=7
PKT t=36191 TX ua=95 mt=T len=7
PKT t=36236 TX ua=95 mt=P len=0
PKT t=36262 RX ua=95 mt=R len=7
PKT t=36267 TX ua=95 mt=P len=0
PKT t=36276 RX ua=95 mt=R len=7
PKT t=36281 TX ua=95 mt=P len=0
PKT t=36290 RX ua=95 mt=R len=7
PKT t=36295 TX ua=95 mt=P len=0
PKT t=36304 RX ua=95 mt=R len=7
PKT t=36309 TX ua=95 mt=P len=0
PKT t=36318 RX ua=95 mt=R len=7
PKT t=36323 TX ua=95 mt=P len=0
PKT t=36332 RX ua=95 mt=R len=7
PKT t=36337 TX ua=95 mt=P len=0
PKT t=36386 RX ua=95 mt=R len=7
PKT t=36391 TX ua=95 mt=P len=0
PKT t=36400 RX ua=95 mt=R len=7
PKT t=36405 TX ua=95 mt=P len=0
PKT t=36414 RX ua=95 mt=R len=7
PKT t=36419 TX ua=95 mt=P len=0
PKT t=36428 RX ua=95 mt=R len=7
PKT t=36433 TX ua=95 mt=P len=0
PKT t=36466 RX ua=95 mt=R len=7
PKT t=36471 TX ua=95 mt=T len=7
PKT t=36483 TX ua=95 mt=P len=0
PKT t=36493 RX ua=95 mt=R len=7
PKT t=36498 TX ua=95 mt=P len=0
PKT t=36536 RX ua=95 mt=R len=7
PKT t=36541 TX ua=95 mt=P len=0
PKT t=36566 RX ua=95 mt=R len=7
PKT t=36571 TX ua=95 mt=P len=0
PKT t=36580 RX ua=95 mt=R len=7
PKT t=36585 TX ua=95 mt=P len=0
PKT t=36595 RX ua=95 mt=R len=7
PKT t=36600 TX ua=95 mt=P len=0
PKT t=36609 RX ua=95 mt=R len=7
PKT t=36614 TX ua=95 mt=P len=0
PKT t=36623 RX ua=95 mt=R len=7
PKT t=36628 TX ua=95 mt=P len=0
PKT t=36637 RX ua=95 mt=R len=7
PKT t=36642 TX ua=95 mt=P len=0
PKT t=36686 RX ua=95 mt=R len=7
PKT t=36691 TX ua=95 mt=T len=7
PKT t=36703 TX ua=95 mt=P len=0
PKT t=36712 RX ua=95 mt=R len=7
PKT t=36717 TX ua=95 mt=P len=0
PKT t=36726 RX ua=95 mt=R len=7
PKT t=36731 TX ua=95 mt=P len=0
PKT t=36740 RX ua=95 mt=R len=7
PKT t=36745 TX ua=95 mt=P len=0
PKT t=36774 RX ua=95 mt=R len=7
PKT t=36779 TX ua=95 mt=P len=0
PKT t=36788 RX ua=95 mt=R len=7
PKT t=36793 TX ua=95 mt=P len=0
PKT t=36836 RX ua=95 mt=R len=7
PKT t=36841 TX ua=95 mt=P len=0
PKT t=36874 RX ua=95 mt=R len=7
PKT t=36879 TX ua=95 mt=P len=0
PKT t=36888 RX ua=95 mt=R len=7
PKT t=36893 TX ua=95 mt=P len=0
PKT t=36902 RX ua=95 mt=R len=7
PKT t=36907 TX ua=95 mt=P len=0
PKT t=36916 RX ua=95 mt=R len=7
PKT t=36921 TX ua=95 mt=P len=0
PKT t=36930 RX ua=95 mt=R len=7
PKT t=36935 TX ua=95 mt=P len=0
PKT t=36944 RX ua=95 mt=R len=7
PKT t=36949 TX ua=95 mt=T len=7
PKT t=36993 TX ua=95 mt=P len=0
PKT t=37002 RX ua=95 mt=R len=7
PKT t=37007 TX ua=95 mt=P len=0
PKT t=37016 RX ua=95 mt=R len=7
PKT t=37021 TX ua=95 mt=P len=0
PKT t=37030 RX ua=95 mt=R len=7
PKT t=37035 TX ua=95 mt=P len=0
PKT t=37044 RX ua=95 mt=R len=7
PKT t=37049 TX ua=95 mt=P len=0
PKT t=37078 RX ua=95 mt=R len=7
PKT t=37083 TX ua=95 mt=P len=0
PKT t=37092 RX ua=95 mt=R len=7
PKT t=37097 TX ua=95 mt=P len=0
PKT t=37136 RX ua=95 mt=R len=7
PKT t=37141 TX ua=95 mt=P len=0
PKT t=37150 RX ua=95 mt=R len=7
PKT t=37155 TX ua=95 mt=P len=0
PKT t=37184 RX ua=95 mt=R len=7
PKT t=37189 TX ua=95 mt=T len=7
PKT t=37202 TX ua=95 mt=P len=0
PKT t=37211 RX ua=95 mt=R len=7
PKT t=37216 TX ua=95 mt=P len=0
PKT t=37225 RX ua=95 mt=R len=7
PKT t=37230 TX ua=95 mt=P len=0
PKT t=37239 RX ua=95 mt=R len=7
PKT t=37244 TX ua=95 mt=P len=0
