PKT t=7126 RX ua=95 mt=R len=7
PKT t=7131 TX ua=95 mt=P len=0
PKT t=7147 RX ua=95 mt=R len=7
PKT t=7152 TX ua=95 mt=T len=7
PKT t=7164 TX ua=95 mt=P len=0
PKT t=7173 RX ua=95 mt=R len=7
PKT t=7178 TX ua=95 mt=P len=0
PKT t=7187 RX ua=95 mt=R len=7
PKT t=7192 TX ua=95 mt=P len=0
PKT t=7201 RX ua=95 mt=R len=7
PKT t=7206 TX ua=95 mt=P len=0
PKT t=7215 RX ua=95 mt=R len=7
PKT t=7220 TX ua=95 mt=P len=0
PKT t=7276 RX ua=95 mt=R len=7
PKT t=7281 TX ua=95 mt=P len=0
PKT t=7290 RX ua=95 mt=R len=7
PKT t=7295 TX ua=95 mt=P len=0
PKT t=7304 RX ua=95 mt=R len=7
PKT t=7309 TX ua=95 mt=P len=0
PKT t=7318 RX ua=95 mt=R len=7
PKT t=7323 TX ua=95 mt=P len=0
PKT t=7352 RX ua=95 mt=R len=7
PKT t=7357 TX ua=95 mt=P len=0
PKT t=7366 RX ua=95 mt=R len=7
PKT t=7371 TX ua=95 mt=P len=0
PKT t=7380 RX ua=95 mt=R len=7
PKT t=7385 TX ua=95 mt=P len=0
PKT t=7394 RX ua=95 mt=R len=7
PKT t=7426 TX ua=95 mt=T len=7
PKT t=7438 TX ua=95 mt=P len=0
PKT t=7454 RX ua=95 mt=R len=7
PKT t=7459 TX ua=95 mt=P len=0
PKT t=7469 RX ua=95 mt=R len=7
PKT t=7474 TX ua=95 mt=P len=0
PKT t=7484 RX ua=95 mt=R len=7
PKT t=7489 TX ua=95 mt=P len=0
PKT t=7499 RX ua=95 mt=R len=7
PKT t=7504 TX ua=95 mt=P len=0
PKT t=7514 RX ua=95 mt=R len=7
PKT t=7519 TX ua=95 mt=P len=0
PKT t=7576 RX ua=95 mt=R len=7
PKT t=7581 TX ua=95 mt=P len=0
PKT t=7591 RX ua=95 mt=R len=7
PKT t=7596 TX ua=95 mt=P len=0
PKT t=7606 RX ua=95 mt=R len=7
PKT t=7611 TX ua=95 mt=P len=0
PKT t=7621 RX ua=95 mt=R len=7
PKT t=7626 TX ua=95 mt=P len=0
PKT t=7655 RX ua=95 mt=R len=7
PKT t=7660 TX ua=95 mt=T len=7
PKT t=7672 TX ua=95 mt=P len=0
PKT t=7681 RX ua=95 mt=R len=7
PKT t=7686 TX ua=95 mt=P len=0
PKT t=7695 RX ua=95 mt=R len=7
PKT t=7726 TX ua=95 mt=P len=0
PKT t=7753 RX ua=95 mt=R len=7
PKT t=7758 TX ua=95 mt=P len=0
PKT t=7767 RX ua=95 mt=R len=7
PKT t=7772 TX ua=95 mt=P len=0
PKT t=7781 RX ua=95 mt=R len=7
PKT t=7786 TX ua=95 mt=P len=0
PKT t=7795 RX ua=95 mt=R len=7
PKT t=7800 TX ua=95 mt=P len=0
PKT t=7809 RX ua=95 mt=R len=7
PKT t=7814 TX ua=95 mt=P len=0
PKT t=7823 RX ua=95 mt=R len=7
PKT t=7828 TX ua=95 mt=P len=0
PKT t=7876 RX ua=95 mt=R len=7
PKT t=7881 TX ua=95 mt=P len=0
PKT t=7890 RX ua=95 mt=R len=7
PKT t=7895 TX ua=95 mt=P len=0
PKT t=7904 RX ua=95 mt=R len=7
PKT t=7909 TX ua=95 mt=T len=7
PKT t=7921 TX ua=95 mt=P len=0
PKT t=7930 RX ua=95 mt=R len=7
PKT t=7935 TX ua=95 mt=P len=0
PKT t=7965 RX ua=95 mt=R len=7
PKT t=7970 TX ua=95 mt=P len=0
PKT t=7979 RX ua=95 mt=R len=7
PKT t=7984 TX ua=95 mt=P len=0
PKT t=7993 RX ua=95 mt=R len=7
PKT t=8026 TX ua=95 mt=P len=0
PKT t=8035 RX ua=95 mt=R len=7
PKT t=8040 TX ua=95 mt=P len=0
PKT t=8070 RX ua=95 mt=R len=7
PKT t=8075 TX ua=95 mt=P len=0
PKT t=8084 RX ua=95 mt=R len=7
PKT t=8089 TX ua=95 mt=P len=0
PKT t=8098 RX ua=95 mt=R len=7
PKT t=8103 TX ua=95 mt=P len=0
PKT t=8112 RX ua=95 mt=R len=7
PKT t=8117 TX ua=95 mt=P len=0
PKT t=8126 RX ua=95 mt=R len=7
PKT t=8131 TX ua=95 mt=P len=0
PKT t=8142 RX ua=95 mt=R len=7
PKT t=8147 TX ua=95 mt=P len=0
PKT t=8177 RX ua=95 mt=R len=7
PKT t=8432 TX ua=96 mt=I len=13
PKT t=8940 TX ua=96 mt=T len=4
PKT t=8951 TX ua=95 mt=P len=0
PKT t=8961 RX ua=95 mt=R len=7
PKT t=8965 TX ua=95 mt=T len=7
PKT t=8977 TX ua=95 mt=P len=0
PKT t=8986 RX ua=95 mt=R len=7
PKT t=8991 TX ua=95 mt=P len=0
PKT t=9000 RX ua=95 mt=R len=7
PKT t=9005 TX ua=95 mt=P len=0
PKT t=9014 RX ua=95 mt=R len=7
PKT t=9019 TX ua=95 mt=P len=0
PKT t=9028 RX ua=95 mt=R len=7
PKT t=9033 TX ua=95 mt=P len=0
PKT t=9042 RX ua=95 mt=R len=7
PKT t=9047 TX ua=95 mt=P len=0
PKT t=9077 RX ua=95 mt=R len=7
PKT t=9082 TX ua=95 mt=P len=0
PKT t=9091 RX ua=95 mt=R len=7
PKT t=9096 TX ua=95 mt=P len=0
PKT t=9105 RX ua=95 mt=R len=7
PKT t=9110 TX ua=95 mt=P len=0
PKT t=9119 RX ua=95 mt=R len=7
PKT t=9124 TX ua=95 mt=P len=0
PKT t=9133 RX ua=95 mt=R len=7
PKT t=9138 TX ua=95 mt=P len=0
PKT t=9147 RX ua=95 mt=R len=7
PKT t=9152 TX ua=95 mt=T len=7
PKT t=9164 TX ua=95 mt=P len=0
PKT t=9183 RX ua=95 mt=R len=7
PKT t=9188 TX ua=95 mt=P len=0
PKT t=9226 RX ua=95 mt=R len=7
PKT t=9231 TX ua=95 mt=P len=0
PKT t=9240 RX ua=95 mt=R len=7
PKT t=9245 TX ua=95 mt=P len=0
PKT t=9254 RX ua=95 mt=R len=7
PKT t=9259 TX ua=95 mt=P len=0
PKT t=9289 RX ua=95 mt=R len=7
PKT t=9294 TX ua=95 mt=P len=0
PKT t=9303 RX ua=95 mt=R len=7
PKT t=9308 TX ua=95 mt=P len=0
PKT t=9317 RX ua=95 mt=R len=7
PKT t=9322 TX ua=95 mt=P len=0
PKT t=9331 RX ua=95 mt=R len=7
PKT t=9336 TX ua=95 mt=P len=0
PKT t=9345 RX ua=95 mt=R len=7
PKT t=9376 TX ua=95 mt=P len=0
PKT t=9388 RX ua=95 mt=R len=7
PKT t=9392 TX ua=95 mt=P len=0
PKT t=9401 RX ua=95 mt=R len=7
PKT t=9406 TX ua=95 mt=T len=7
PKT t=9418 TX ua=95 mt=P len=0
PKT t=9428 RX ua=95 mt=R len=7
PKT t=9433 TX ua=95 mt=P len=0
PKT t=9443 RX ua=95 mt=R len=7
PKT t=9448 TX ua=95 mt=P len=0
PKT t=9458 RX ua=95 mt=R len=7
PKT t=9463 TX ua=95 mt=P len=0
PKT t=9492 RX ua=95 mt=R len=7
PKT t=9497 TX ua=95 mt=P len=0
PKT t=9527 RX ua=95 mt=R len=7
PKT t=9782 TX ua=96 mt=P len=0
PKT t=10040 TX ua=95 mt=P len=0
PKT t=10050 RX ua=95 mt=R len=7
PKT t=10055 TX ua=95 mt=T len=7
PKT t=10067 TX ua=95 mt=P len=0
PKT t=10095 RX ua=95 mt=R len=7
PKT t=10126 TX ua=95 mt=P len=0
PKT t=10135 RX ua=95 mt=R len=7
PKT t=10140 TX ua=95 mt=P len=0
PKT t=10149 RX ua=95 mt=R len=7
PKT t=10154 TX ua=95 mt=T len=7
PKT t=10167 TX ua=95 mt=P len=0
PKT t=10194 RX ua=95 mt=R len=7
PKT t=10199 TX ua=95 mt=T len=7
PKT t=10212 TX ua=95 mt=P len=0
PKT t=10221 RX ua=95 mt=R len=7
PKT t=10226 TX ua=95 mt=P len=0
PKT t=10235 RX ua=95 mt=R len=7
PKT t=10240 TX ua=95 mt=P len=0
PKT t=10276 RX ua=95 mt=R len=7
PKT t=10281 TX ua=95 mt=P len=0
PKT t=10294 RX ua=95 mt=R len=7
PKT t=10299 TX ua=95 mt=P len=0
PKT t=10308 RX ua=95 mt=R len=7
PKT t=10313 TX ua=95 mt=P len=0
PKT t=10322 RX ua=95 mt=R len=7
PKT t=10327 TX ua=95 mt=P len=0
PKT t=10336 RX ua=95 mt=R len=7
PKT t=10341 TX ua=95 mt=P len=0
PKT t=10351 RX ua=95 mt=R len=7
PKT t=10356 TX ua=95 mt=P len=0
PKT t=10365 RX ua=95 mt=R len=7
PKT t=10370 TX ua=95 mt=P len=0
PKT t=10426 RX ua=95 mt=R len=7
PKT t=10431 TX ua=95 mt=T len=7
PKT t=10444 TX ua=95 mt=P len=0
PKT t=10453 RX ua=95 mt=R len=7
PKT t=10458 TX ua=95 mt=P len=0
PKT t=10467 RX ua=95 mt=R len=7
PKT t=10472 TX ua=95 mt=P len=0
PKT t=10501 RX ua=95 mt=R len=7
PKT t=10506 TX ua=95 mt=P len=0
PKT t=10515 RX ua=95 mt=R len=7
PKT t=10520 TX ua=95 mt=P len=0
PKT t=10529 RX ua=95 mt=R len=7
PKT t=10534 TX ua=95 mt=P len=0
PKT t=10543 RX ua=95 mt=R len=7
PKT t=10576 TX ua=95 mt=P len=0
PKT t=10600 RX ua=95 mt=R len=7
PKT t=10605 TX ua=95 mt=P len=0
PKT t=10614 RX ua=95 mt=R len=7
PKT t=10619 TX ua=95 mt=P len=0
PKT t=10628 RX ua=95 mt=R len=7
PKT t=10633 TX ua=95 mt=P len=0
PKT t=10642 RX ua=95 mt=R len=7
PKT t=10647 TX ua=95 mt=P len=0
PKT t=10656 RX ua=95 mt=R len=7
PKT t=10661 TX ua=95 mt=T len=7
PKT t=10674 TX ua=95 mt=P len=0
PKT t=10726 RX ua=95 mt=R len=7
PKT t=10731 TX ua=95 mt=P len=0
PKT t=10740 RX ua=95 mt=R len=7
PKT t=10745 TX ua=95 mt=P len=0
PKT t=10754 RX ua=95 mt=R len=7
PKT t=10759 TX ua=95 mt=P len=0
PKT t=10768 RX ua=95 mt=R len=7
PKT t=10773 TX ua=95 mt=P len=0
PKT t=10802 RX ua=95 mt=R len=7
PKT t=10807 TX ua=95 mt=P len=0
PKT t=10816 RX ua=95 mt=R len=7
PKT t=10821 TX ua=95 mt=P len=0
PKT t=10830 RX ua=95 mt=R len=7
PKT t=10835 TX ua=95 mt=P len=0
PKT t=10844 RX ua=95 mt=R len=7
PKT t=10876 TX ua=95 mt=P len=0
PKT t=10901 RX ua=95 mt=R len=7
PKT t=10906 TX ua=95 mt=T len=7
PKT t=10919 TX ua=95 mt=P len=0
PKT t=10928 RX ua=95 mt=R len=7
PKT t=10933 TX ua=95 mt=P len=0
PKT t=10942 RX ua=95 mt=R len=7
PKT t=10947 TX ua=95 mt=P len=0
PKT t=10956 RX ua=95 mt=R len=7
PKT t=10961 TX ua=95 mt=P len=0
PKT t=10970 RX ua=95 mt=R len=7
PKT t=10975 TX ua=95 mt=P len=0
PKT t=11026 RX ua=95 mt=R len=7
PKT t=11031 TX ua=95 mt=P len=0
PKT t=11040 RX ua=95 mt=R len=7
PKT t=11045 TX ua=95 mt=P len=0
PKT t=11054 RX ua=95 mt=R len=7
PKT t=11059 TX ua=95 mt=P len=0
PKT t=11068 RX ua=95 mt=R len=7
PKT t=11073 TX ua=95 mt=P len=0
PKT t=11103 RX ua=95 mt=R len=7
PKT t=11108 TX ua=95 mt=P len=0
PKT t=11117 RX ua=95 mt=R len=7
PKT t=11122 TX ua=95 mt=P len=0
PKT t=11131 RX ua=95 mt=R len=7
PKT t=11136 TX ua=95 mt=P len=0
PKT t=11145 RX ua=95 mt=R len=7
PKT t=11176 TX ua=95 mt=T len=7
PKT t=11188 TX ua=95 mt=P len=0
PKT t=11205 RX ua=95 mt=R len=7
PKT t=11210 TX ua=95 mt=P len=0
PKT t=11219 RX ua=95 mt=R len=7
PKT t=11224 TX ua=95 mt=P len=0
PKT t=11233 RX ua=95 mt=R len=7
PKT t=11238 TX ua=95 mt=P len=0
PKT t=11247 RX ua=95 mt=R len=7
PKT t=11252 TX ua=95 mt=P len=0
PKT t=11261 RX ua=95 mt=R len=7
PKT t=11266 TX ua=95 mt=P len=0
PKT t=11275 RX ua=95 mt=R len=7
PKT t=11280 TX ua=95 mt=P len=0
PKT t=11326 RX ua=95 mt=R len=7
PKT t=11331 TX ua=95 mt=P len=0
PKT t=11340 RX ua=95 mt=R len=7
PKT t=11345 TX ua=95 mt=P len=0
PKT t=11354 RX ua=95 mt=R len=7
PKT t=11359 TX ua=95 mt=P len=0
PKT t=11368 RX ua=95 mt=R len=7
PKT t=11373 TX ua=95 mt=P len=0
PKT t=11382 RX ua=95 mt=R len=7
PKT t=11387 TX ua=95 mt=P len=0
PKT t=11416 RX ua=95 mt=R len=7
PKT t=11421 TX ua=95 mt=T len=7
PKT t=11433 TX ua=95 mt=P len=0
PKT t=11443 RX ua=95 mt=R len=7
PKT t=11476 TX ua=95 mt=P len=0
PKT t=11486 RX ua=95 mt=R len=7
PKT t=11491 TX ua=95 mt=P len=0
PKT t=11520 RX ua=95 mt=R len=7
PKT t=11525 TX ua=95 mt=P len=0
PKT t=11535 RX ua=95 mt=R len=7
PKT t=11540 TX ua=95 mt=P len=0
PKT t=11550 RX ua=95 mt=R len=7
PKT t=11555 TX ua=95 mt=P len=0
PKT t=11565 RX ua=95 mt=R len=7
PKT t=11570 TX ua=95 mt=P len=0
PKT t=11580 RX ua=95 mt=R len=7
PKT t=11585 TX ua=95 mt=P len=0
PKT t=11595 RX ua=95 mt=R len=7
PKT t=11626 TX ua=95 mt=P len=0
PKT t=11636 RX ua=95 mt=R len=7
PKT t=11641 TX ua=95 mt=P len=0
PKT t=11651 RX ua=95 mt=R len=7
PKT t=11656 TX ua=95 mt=T len=7
PKT t=11668 TX ua=95 mt=P len=0
PKT t=11677 RX ua=95 mt=R len=7
PKT t=11682 TX ua=95 mt=P len=0
PKT t=11691 RX ua=95 mt=R len=7
PKT t=11696 TX ua=95 mt=P len=0
PKT t=11727 RX ua=95 mt=R len=7
PKT t=11732 TX ua=95 mt=P len=0
PKT t=11741 RX ua=95 mt=R len=7
PKT t=11746 TX ua=95 mt=P len=0
PKT t=11776 RX ua=95 mt=R len=7
PKT t=12035 TX ua=96 mt=P len=0
PKT t=12293 TX ua=95 mt=P len=0
PKT t=12302 RX ua=95 mt=R len=7
PKT t=12307 TX ua=95 mt=T len=7
PKT t=12319 TX ua=95 mt=P len=0
PKT t=12338 RX ua=95 mt=R len=7
PKT t=12343 TX ua=95 mt=P len=0
PKT t=12376 RX ua=95 mt=R len=7
PKT t=12381 TX ua=95 mt=P len=0
PKT t=12390 RX ua=95 mt=R len=7
PKT t=12395 TX ua=95 mt=P len=0
PKT t=12404 RX ua=95 mt=R len=7
PKT t=12409 TX ua=95 mt=T len=7
PKT t=12421 TX ua=95 mt=P len=0
PKT t=12440 RX ua=95 mt=R len=7
PKT t=12445 TX ua=95 mt=P len=0
PKT t=12454 RX ua=95 mt=R len=7
PKT t=12459 TX ua=95 mt=P len=0
PKT t=12468 RX ua=95 mt=R len=7
PKT t=12473 TX ua=95 mt=P len=0
PKT t=12482 RX ua=95 mt=R len=7
PKT t=12487 TX ua=95 mt=P len=0
PKT t=12496 RX ua=95 mt=R len=7
PKT t=12526 TX ua=95 mt=P len=0
PKT t=12537 RX ua=95 mt=R len=7
PKT t=12542 TX ua=95 mt=P len=0
PKT t=12551 RX ua=95 mt=R len=7
PKT t=12556 TX ua=95 mt=P len=0
PKT t=12565 RX ua=95 mt=R len=7
PKT t=12570 TX ua=95 mt=P len=0
PKT t=12579 RX ua=95 mt=R len=7
PKT t=12584 TX ua=95 mt=P len=0
PKT t=12593 RX ua=95 mt=R len=7
PKT t=12598 TX ua=95 mt=P len=0
PKT t=12607 RX ua=95 mt=R len=7
PKT t=12612 TX ua=95 mt=P len=0
PKT t=12641 RX ua=95 mt=R len=7
PKT t=12646 TX ua=95 mt=P len=0
PKT t=12676 RX ua=95 mt=R len=7
PKT t=12931 TX ua=96 mt=P len=0
PKT t=13189 TX ua=95 mt=P len=0
PKT t=13198 RX ua=95 mt=R len=7
PKT t=13203 TX ua=95 mt=T len=7
PKT t=13216 TX ua=95 mt=P len=0
PKT t=13243 RX ua=95 mt=R len=7
PKT t=13276 TX ua=95 mt=P len=0
PKT t=13285 RX ua=95 mt=R len=7
PKT t=13290 TX ua=95 mt=P len=0
PKT t=13299 RX ua=95 mt=R len=7
PKT t=13304 TX ua=95 mt=P len=0
PKT t=13313 RX ua=95 mt=R len=7
PKT t=13318 TX ua=95 mt=P len=0
PKT t=13347 RX ua=95 mt=R len=7
PKT t=13352 TX ua=95 mt=P len=0
PKT t=13361 RX ua=95 mt=R len=7
PKT t=13366 TX ua=95 mt=P len=0
PKT t=13375 RX ua=95 mt=R len=7
PKT t=13380 TX ua=95 mt=P len=0
PKT t=13389 RX ua=95 mt=R len=7
PKT t=13394 TX ua=95 mt=P len=0
PKT t=13426 RX ua=95 mt=R len=7
PKT t=13431 TX ua=95 mt=T len=7
PKT t=13444 TX ua=95 mt=P len=0
PKT t=13454 RX ua=95 mt=R len=7
PKT t=13459 TX ua=95 mt=P len=0
PKT t=13469 RX ua=95 mt=R len=7
PKT t=13474 TX ua=95 mt=P len=0
PKT t=13484 RX ua=95 mt=R len=7
PKT t=13489 TX ua=95 mt=P len=0
PKT t=13499 RX ua=95 mt=R len=7
PKT t=13504 TX ua=95 mt=P len=0
PKT t=13514 RX ua=95 mt=R len=7
PKT t=13519 TX ua=95 mt=P len=0
PKT t=13576 RX ua=95 mt=R len=7
PKT t=13581 TX ua=95 mt=P len=0
PKT t=13591 RX ua=95 mt=R len=7
PKT t=13596 TX ua=95 mt=P len=0
PKT t=13606 RX ua=95 mt=R len=7
PKT t=13611 TX ua=95 mt=P len=0
PKT t=13621 RX ua=95 mt=R len=7
PKT t=13626 TX ua=95 mt=P len=0
PKT t=13655 RX ua=95 mt=R len=7
PKT t=13660 TX ua=95 mt=T len=7
PKT t=13673 TX ua=95 mt=P len=0
PKT t=13682 RX ua=95 mt=R len=7
PKT t=13687 TX ua=95 mt=P len=0
PKT t=13696 RX ua=95 mt=R len=7
PKT t=13726 TX ua=95 mt=P len=0
PKT t=13753 RX ua=95 mt=R len=7
PKT t=13758 TX ua=95 mt=P len=0
PKT t=13767 RX ua=95 mt=R len=7
PKT t=13772 TX ua=95 mt=P len=0
PKT t=13781 RX ua=95 mt=R len=7
PKT t=13786 TX ua=95 mt=P len=0
PKT t=13795 RX ua=95 mt=R len=7
PKT t=13800 TX ua=95 mt=P len=0
PKT t=13809 RX ua=95 mt=R len=7
PKT t=13814 TX ua=95 mt=P len=0
PKT t=13823 RX ua=95 mt=R len=7
PKT t=13828 TX ua=95 mt=P len=0
PKT t=13876 RX ua=95 mt=R len=7
PKT t=13881 TX ua=95 mt=P len=0
PKT t=13890 RX ua=95 mt=R len=7
PKT t=13895 TX ua=95 mt=P len=0
PKT t=13904 RX ua=95 mt=R len=7
PKT t=13909 TX ua=95 mt=T len=7
PKT t=13922 TX ua=95 mt=P len=0
PKT t=13931 RX ua=95 mt=R len=7
PKT t=13936 TX ua=95 mt=P len=0
PKT t=13965 RX ua=95 mt=R len=7
PKT t=13970 TX ua=95 mt=P len=0
PKT t=13979 RX ua=95 mt=R len=7
PKT t=13984 TX ua=95 mt=P len=0
PKT t=13993 RX ua=95 mt=R len=7
PKT t=14026 TX ua=95 mt=P len=0
PKT t=14036 RX ua=95 mt=R len=7
PKT t=14041 TX ua=95 mt=P len=0
PKT t=14069 RX ua=95 mt=R len=7
PKT t=14074 TX ua=95 mt=P len=0
PKT t=14083 RX ua=95 mt=R len=7
PKT t=14088 TX ua=95 mt=P len=0
PKT t=14097 RX ua=95 mt=R len=7
PKT t=14102 TX ua=95 mt=P len=0
PKT t=14111 RX ua=95 mt=R len=7
PKT t=14116 TX ua=95 mt=P len=0
PKT t=14125 RX ua=95 mt=R len=7
PKT t=14130 TX ua=95 mt=P len=0
PKT t=14139 RX ua=95 mt=R len=7
PKT t=14144 TX ua=95 mt=P len=0
PKT t=14177 RX ua=95 mt=R len=7
PKT t=14182 TX ua=95 mt=T len=7
PKT t=14194 TX ua=95 mt=P len=0
PKT t=14203 RX ua=95 mt=R len=7
PKT t=14208 TX ua=95 mt=P len=0
PKT t=14217 RX ua=95 mt=R len=7
PKT t=14222 TX ua=95 mt=P len=0
PKT t=14231 RX ua=95 mt=R len=7
PKT t=14236 TX ua=95 mt=P len=0
PKT t=14245 RX ua=95 mt=R len=7
PKT t=14250 TX ua=95 mt=P len=0
PKT t=14279 RX ua=95 mt=R len=7
PKT t=14284 TX ua=95 mt=P len=0
PKT t=14293 RX ua=95 mt=R len=7
PKT t=14326 TX ua=95 mt=P len=0
PKT t=14335 RX ua=95 mt=R len=7
PKT t=14340 TX ua=95 mt=P len=0
PKT t=14349 RX ua=95 mt=R len=7
PKT t=14354 TX ua=95 mt=P len=0
PKT t=14383 RX ua=95 mt=R len=7
PKT t=14388 TX ua=95 mt=P len=0
PKT t=14397 RX ua=95 mt=R len=7
PKT t=14402 TX ua=95 mt=T len=7
PKT t=14414 TX ua=95 mt=P len=0
PKT t=14423 RX ua=95 mt=R len=7
PKT t=14428 TX ua=95 mt=P len=0
PKT t=14437 RX ua=95 mt=R len=7
PKT t=14442 TX ua=95 mt=P len=0
PKT t=14476 RX ua=95 mt=R len=7
PKT t=14481 TX ua=95 mt=P len=0
PKT t=14490 RX ua=95 mt=R len=7
PKT t=14495 TX ua=95 mt=P len=0
PKT t=14504 RX ua=95 mt=R len=7
PKT t=14509 TX ua=95 mt=P len=0
PKT t=14518 RX ua=95 mt=R len=7
PKT t=14523 TX ua=95 mt=P len=0
PKT t=14532 RX ua=95 mt=R len=7
PKT t=14537 TX ua=95 mt=P len=0
PKT t=14546 RX ua=95 mt=R len=7
PKT t=14551 TX ua=95 mt=P len=0
PKT t=14584 RX ua=95 mt=R len=7
PKT t=14589 TX ua=95 mt=P len=0
PKT t=14626 RX ua=95 mt=R len=7
PKT t=14631 TX ua=95 mt=P len=0
PKT t=14640 RX ua=95 mt=R len=7
PKT t=14645 TX ua=95 mt=P len=0
PKT t=14654 RX ua=95 mt=R len=7
PKT t=14659 TX ua=95 mt=T len=7
PKT t=14671 TX ua=95 mt=P len=0
PKT t=14690 RX ua=95 mt=R len=7
PKT t=14695 TX ua=95 mt=P len=0
PKT t=14704 RX ua=95 mt=R len=7
PKT t=14709 TX ua=95 mt=P len=0
PKT t=14718 RX ua=95 mt=R len=7
PKT t=14723 TX ua=95 mt=P len=0
PKT t=14732 RX ua=95 mt=R len=7
PKT t=14737 TX ua=95 mt=P len=0
PKT t=14746 RX ua=95 mt=R len=7
PKT t=14776 TX ua=95 mt=P len=0
PKT t=14787 RX ua=95 mt=R len=7
PKT t=14792 TX ua=95 mt=P len=0
PKT t=14801 RX ua=95 mt=R len=7
PKT t=14806 TX ua=95 mt=P len=0
PKT t=14815 RX ua=95 mt=R len=7
PKT t=14820 TX ua=95 mt=P len=0
PKT t=14829 RX ua=95 mt=R len=7
PKT t=14834 TX ua=95 mt=P len=0
PKT t=14843 RX ua=95 mt=R len=7
PKT t=14848 TX ua=95 mt=P len=0
PKT t=14857 RX ua=95 mt=R len=7
PKT t=14862 TX ua=95 mt=P len=0
PKT t=14891 RX ua=95 mt=R len=7
PKT t=14896 TX ua=95 mt=P len=0
PKT t=14926 RX ua=95 mt=R len=7
PKT t=15181 TX ua=96 mt=P len=0
PKT t=15439 TX ua=95 mt=P len=0
PKT t=15448 RX ua=95 mt=R len=7
PKT t=15453 TX ua=95 mt=T len=7
PKT t=15465 TX ua=95 mt=P len=0
PKT t=15494 RX ua=95 mt=R len=7
PKT t=15526 TX ua=95 mt=P len=0
PKT t=15536 RX ua=95 mt=R len=7
PKT t=15541 TX ua=95 mt=P len=0
PKT t=15551 RX ua=95 mt=R len=7
PKT t=15556 TX ua=95 mt=P len=0
PKT t=15566 RX ua=95 mt=R len=7
PKT t=15571 TX ua=95 mt=P len=0
PKT t=15600 RX ua=95 mt=R len=7
PKT t=15605 TX ua=95 mt=P len=0
PKT t=15615 RX ua=95 mt=R len=7
PKT t=15620 TX ua=95 mt=P len=0
PKT t=15630 RX ua=95 mt=R len=7
PKT t=15635 TX ua=95 mt=P len=0
PKT t=15645 RX ua=95 mt=R len=7
PKT t=15676 TX ua=95 mt=T len=7
PKT t=15688 TX ua=95 mt=P len=0
PKT t=15700 RX ua=95 mt=R len=7
PKT t=15705 TX ua=95 mt=P len=0
PKT t=15714 RX ua=95 mt=R len=7
PKT t=15719 TX ua=95 mt=P len=0
PKT t=15728 RX ua=95 mt=R len=7
PKT t=15733 TX ua=95 mt=P len=0
PKT t=15742 RX ua=95 mt=R len=7
PKT t=15747 TX ua=95 mt=P len=0
PKT t=15756 RX ua=95 mt=R len=7
PKT t=15761 TX ua=95 mt=P len=0
PKT t=15770 RX ua=95 mt=R len=7
PKT t=15775 TX ua=95 mt=P len=0
PKT t=15826 RX ua=95 mt=R len=7
PKT t=15831 TX ua=95 mt=P len=0
PKT t=15840 RX ua=95 mt=R len=7
PKT t=15845 TX ua=95 mt=P len=0
PKT t=15854 RX ua=95 mt=R len=7
PKT t=15859 TX ua=95 mt=P len=0
PKT t=15868 RX ua=95 mt=R len=7
PKT t=15873 TX ua=95 mt=P len=0
PKT t=15903 RX ua=95 mt=R len=7
PKT t=15908 TX ua=95 mt=T len=7
PKT t=15920 TX ua=95 mt=P len=0
PKT t=15929 RX ua=95 mt=R len=7
PKT t=15934 TX ua=95 mt=P len=0
PKT t=15943 RX ua=95 mt=R len=7
PKT t=15976 TX ua=95 mt=P len=0
PKT t=16004 RX ua=95 mt=R len=7
PKT t=16009 TX ua=95 mt=P len=0
PKT t=16018 RX ua=95 mt=R len=7
PKT t=16023 TX ua=95 mt=P len=0
PKT t=16032 RX ua=95 mt=R len=7
PKT t=16037 TX ua=95 mt=P len=0
PKT t=16046 RX ua=95 mt=R len=7
PKT t=16051 TX ua=95 mt=P len=0
PKT t=16060 RX ua=95 mt=R len=7
PKT t=16065 TX ua=95 mt=P len=0
PKT t=16074 RX ua=95 mt=R len=7
PKT t=16079 TX ua=95 mt=P len=0
PKT t=16126 RX ua=95 mt=R len=7
PKT t=16131 TX ua=95 mt=P len=0
PKT t=16140 RX ua=95 mt=R len=7
PKT t=16145 TX ua=95 mt=P len=0
PKT t=16154 RX ua=95 mt=R len=7
PKT t=16159 TX ua=95 mt=T len=7
PKT t=16171 TX ua=95 mt=P len=0
PKT t=16180 RX ua=95 mt=R len=7
PKT t=16185 TX ua=95 mt=P len=0
PKT t=16214 RX ua=95 mt=R len=7
PKT t=16219 TX ua=95 mt=P len=0
PKT t=16228 RX ua=95 mt=R len=7
PKT t=16233 TX ua=95 mt=P len=0
PKT t=16242 RX ua=95 mt=R len=7
PKT t=16247 TX ua=95 mt=P len=0
PKT t=16277 RX ua=95 mt=R len=7
PKT t=16532 TX ua=96 mt=P len=0
PKT t=16790 TX ua=95 mt=P len=0
PKT t=16799 RX ua=95 mt=R len=7
PKT t=16804 TX ua=95 mt=T len=7
PKT t=16816 TX ua=95 mt=P len=0
PKT t=16825 RX ua=95 mt=R len=7
PKT t=16830 TX ua=95 mt=P len=0
PKT t=16839 RX ua=95 mt=R len=7
PKT t=16844 TX ua=95 mt=P len=0
PKT t=16876 RX ua=95 mt=R len=7
PKT t=16881 TX ua=95 mt=P len=0
PKT t=16914 RX ua=95 mt=R len=7
PKT t=16919 TX ua=95 mt=T len=7
PKT t=16931 TX ua=95 mt=P len=0
PKT t=16940 RX ua=95 mt=R len=7
PKT t=16945 TX ua=95 mt=P len=0
PKT t=16954 RX ua=95 mt=R len=7
PKT t=16959 TX ua=95 mt=P len=0
PKT t=16968 RX ua=95 mt=R len=7
PKT t=16973 TX ua=95 mt=P len=0
PKT t=16982 RX ua=95 mt=R len=7
PKT t=16987 TX ua=95 mt=P len=0
PKT t=17026 RX ua=95 mt=R len=7
PKT t=17031 TX ua=95 mt=P len=0
PKT t=17040 RX ua=95 mt=R len=7
PKT t=17045 TX ua=95 mt=P len=0
PKT t=17054 RX ua=95 mt=R len=7
PKT t=17059 TX ua=95 mt=P len=0
PKT t=17068 RX ua=95 mt=R len=7
PKT t=17073 TX ua=95 mt=P len=0
PKT t=17082 RX ua=95 mt=R len=7
PKT t=17087 TX ua=95 mt=P len=0
PKT t=17116 RX ua=95 mt=R len=7
PKT t=17121 TX ua=95 mt=P len=0
PKT t=17130 RX ua=95 mt=R len=7
PKT t=17135 TX ua=95 mt=P len=0
PKT t=17144 RX ua=95 mt=R len=7
PKT t=17176 TX ua=95 mt=T len=7
PKT t=17188 TX ua=95 mt=P len=0
PKT t=17216 RX ua=95 mt=R len=7
PKT t=17221 TX ua=95 mt=P len=0
PKT t=17230 RX ua=95 mt=R len=7
PKT t=17235 TX ua=95 mt=P len=0
PKT t=17244 RX ua=95 mt=R len=7
PKT t=17249 TX ua=95 mt=P len=0
PKT t=17258 RX ua=95 mt=R len=7
PKT t=17263 TX ua=95 mt=P len=0
PKT t=17272 RX ua=95 mt=R len=7
PKT t=17277 TX ua=95 mt=P len=0
PKT t=17286 RX ua=95 mt=R len=7
PKT t=17291 TX ua=95 mt=P len=0
PKT t=17326 RX ua=95 mt=R len=7
PKT t=17331 TX ua=95 mt=P len=0
PKT t=17340 RX ua=95 mt=R len=7
PKT t=17345 TX ua=95 mt=P len=0
PKT t=17354 RX ua=95 mt=R len=7
PKT t=17359 TX ua=95 mt=P len=0
PKT t=17368 RX ua=95 mt=R len=7
PKT t=17373 TX ua=95 mt=P len=0
PKT t=17382 RX ua=95 mt=R len=7
PKT t=17387 TX ua=95 mt=P len=0
PKT t=17419 RX ua=95 mt=R len=7
PKT t=17424 TX ua=95 mt=T len=7
PKT t=17436 TX ua=95 mt=P len=0
PKT t=17446 RX ua=95 mt=R len=7
PKT t=17476 TX ua=95 mt=P len=0
PKT t=17486 RX ua=95 mt=R len=7
PKT t=17491 TX ua=95 mt=P len=0
PKT t=17520 RX ua=95 mt=R len=7
PKT t=17525 TX ua=95 mt=P len=0
PKT t=17535 RX ua=95 mt=R len=7
PKT t=17540 TX ua=95 mt=P len=0
PKT t=17550 RX ua=95 mt=R len=7
PKT t=17555 TX ua=95 mt=P len=0
PKT t=17565 RX ua=95 mt=R len=7
PKT t=17570 TX ua=95 mt=P len=0
PKT t=17580 RX ua=95 mt=R len=7
PKT t=17585 TX ua=95 mt=P len=0
PKT t=17595 RX ua=95 mt=R len=7
PKT t=17626 TX ua=95 mt=P len=0
PKT t=17636 RX ua=95 mt=R len=7
PKT t=17641 TX ua=95 mt=P len=0
PKT t=17651 RX ua=95 mt=R len=7
PKT t=17656 TX ua=95 mt=T len=7
PKT t=17668 TX ua=95 mt=P len=0
PKT t=17677 RX ua=95 mt=R len=7
PKT t=17682 TX ua=95 mt=P len=0
PKT t=17691 RX ua=95 mt=R len=7
PKT t=17696 TX ua=95 mt=P len=0
PKT t=17727 RX ua=95 mt=R len=7
PKT t=17732 TX ua=95 mt=P len=0
PKT t=17741 RX ua=95 mt=R len=7
PKT t=17746 TX ua=95 mt=P len=0
PKT t=17776 RX ua=95 mt=R len=7
PKT t=18031 TX ua=96 mt=P len=0
PKT t=18293 TX ua=95 mt=P len=0
PKT t=18302 RX ua=95 mt=R len=7
PKT t=18307 TX ua=95 mt=T len=7
PKT t=18320 TX ua=95 mt=P len=0
PKT t=18338 RX ua=95 mt=R len=7
PKT t=18343 TX ua=95 mt=T len=7
PKT t=18383 TX ua=95 mt=P len=0
PKT t=18392 RX ua=95 mt=R len=7
PKT t=18397 TX ua=95 mt=P len=0
PKT t=18406 RX ua=95 mt=R len=7
PKT t=18411 TX ua=95 mt=T len=7
PKT t=18424 TX ua=95 mt=P len=0
PKT t=18442 RX ua=95 mt=R len=7
PKT t=18447 TX ua=95 mt=P len=0
PKT t=18456 RX ua=95 mt=R len=7
PKT t=18461 TX ua=95 mt=P len=0
PKT t=18470 RX ua=95 mt=R len=7
PKT t=18475 TX ua=95 mt=P len=0
PKT t=18484 RX ua=95 mt=R len=7
PKT t=18489 TX ua=95 mt=P len=0
PKT t=18526 RX ua=95 mt=R len=7
PKT t=18531 TX ua=95 mt=P len=0
PKT t=18541 RX ua=95 mt=R len=7
PKT t=18546 TX ua=95 mt=P len=0
PKT t=18555 RX ua=95 mt=R len=7
PKT t=18560 TX ua=95 mt=P len=0
PKT t=18569 RX ua=95 mt=R len=7
PKT t=18574 TX ua=95 mt=P len=0
PKT t=18583 RX ua=95 mt=R len=7
PKT t=18588 TX ua=95 mt=P len=0
PKT t=18597 RX ua=95 mt=R len=7
PKT t=18602 TX ua=95 mt=P len=0
PKT t=18611 RX ua=95 mt=R len=7
PKT t=18616 TX ua=95 mt=P len=0
PKT t=18645 RX ua=95 mt=R len=7
PKT t=18676 TX ua=95 mt=T len=7
PKT t=18689 TX ua=95 mt=P len=0
PKT t=18698 RX ua=95 mt=R len=7
PKT t=18703 TX ua=95 mt=P len=0
PKT t=18712 RX ua=95 mt=R len=7
PKT t=18717 TX ua=95 mt=P len=0
PKT t=18746 RX ua=95 mt=R len=7
PKT t=18751 TX ua=95 mt=P len=0
PKT t=18760 RX ua=95 mt=R len=7
PKT t=18765 TX ua=95 mt=P len=0
PKT t=18774 RX ua=95 mt=R len=7
PKT t=18779 TX ua=95 mt=P len=0
PKT t=18788 RX ua=95 mt=R len=7
PKT t=18793 TX ua=95 mt=P len=0
PKT t=18826 RX ua=95 mt=R len=7
PKT t=18831 TX ua=95 mt=P len=0
PKT t=18846 RX ua=95 mt=R len=7
PKT t=18851 TX ua=95 mt=P len=0
PKT t=18860 RX ua=95 mt=R len=7
PKT t=18865 TX ua=95 mt=P len=0
PKT t=18874 RX ua=95 mt=R len=7
PKT t=18879 TX ua=95 mt=P len=0
PKT t=18888 RX ua=95 mt=R len=7
PKT t=18893 TX ua=95 mt=P len=0
PKT t=18902 RX ua=95 mt=R len=7
PKT t=18907 TX ua=95 mt=T len=7
PKT t=18920 TX ua=95 mt=P len=0
PKT t=18976 RX ua=95 mt=R len=7
PKT t=18981 TX ua=95 mt=P len=0
PKT t=18990 RX ua=95 mt=R len=7
PKT t=18995 TX ua=95 mt=P len=0
PKT t=19004 RX ua=95 mt=R len=7
PKT t=19009 TX ua=95 mt=P len=0
PKT t=19020 RX ua=95 mt=R len=7
PKT t=19024 TX ua=95 mt=P len=0
PKT t=19054 RX ua=95 mt=R len=7
PKT t=19059 TX ua=95 mt=P len=0
PKT t=19068 RX ua=95 mt=R len=7
PKT t=19073 TX ua=95 mt=P len=0
PKT t=19082 RX ua=95 mt=R len=7
PKT t=19087 TX ua=95 mt=P len=0
PKT t=19096 RX ua=95 mt=R len=7
PKT t=19126 TX ua=95 mt=P len=0
PKT t=19153 RX ua=95 mt=R len=7
PKT t=19158 TX ua=95 mt=T len=7
PKT t=19170 TX ua=95 mt=P len=0
PKT t=19179 RX ua=95 mt=R len=7
PKT t=19184 TX ua=95 mt=P len=0
PKT t=19193 RX ua=95 mt=R len=7
PKT t=19198 TX ua=95 mt=P len=0
PKT t=19207 RX ua=95 mt=R len=7
PKT t=19212 TX ua=95 mt=P len=0
PKT t=19221 RX ua=95 mt=R len=7
PKT t=19226 TX ua=95 mt=P len=0
PKT t=19276 RX ua=95 mt=R len=7
PKT t=19281 TX ua=95 mt=P len=0
PKT t=19290 RX ua=95 mt=R len=7
PKT t=19295 TX ua=95 mt=P len=0
PKT t=19305 RX ua=95 mt=R len=7
PKT t=19310 TX ua=95 mt=P len=0
PKT t=19319 RX ua=95 mt=R len=7
PKT t=19324 TX ua=95 mt=P len=0
PKT t=19355 RX ua=95 mt=R len=7
PKT t=19360 TX ua=95 mt=P len=0
PKT t=19369 RX ua=95 mt=R len=7
PKT t=19374 TX ua=95 mt=P len=0
PKT t=19384 RX ua=95 mt=R len=7
PKT t=19389 TX ua=95 mt=P len=0
PKT t=19426 RX ua=95 mt=R len=7
PKT t=19431 TX ua=95 mt=T len=7
PKT t=19443 TX ua=95 mt=P len=0
PKT t=19457 RX ua=95 mt=R len=7
PKT t=19462 TX ua=95 mt=P len=0
PKT t=19472 RX ua=95 mt=R len=7
PKT t=19477 TX ua=95 mt=P len=0
PKT t=19487 RX ua=95 mt=R len=7
PKT t=19492 TX ua=95 mt=P len=0
PKT t=19502 RX ua=95 mt=R len=7
PKT t=19507 TX ua=95 mt=P len=0
PKT t=19517 RX ua=95 mt=R len=7
PKT t=19522 TX ua=95 mt=P len=0
PKT t=19576 RX ua=95 mt=R len=7
PKT t=19581 TX ua=95 mt=P len=0
PKT t=19591 RX ua=95 mt=R len=7
PKT t=19596 TX ua=95 mt=P len=0
PKT t=19606 RX ua=95 mt=R len=7
PKT t=19611 TX ua=95 mt=P len=0
PKT t=19621 RX ua=95 mt=R len=7
PKT t=19626 TX ua=95 mt=P len=0
PKT t=19655 RX ua=95 mt=R len=7
PKT t=19660 TX ua=95 mt=T len=7
PKT t=19672 TX ua=95 mt=P len=0
PKT t=19681 RX ua=95 mt=R len=7
PKT t=19686 TX ua=95 mt=P len=0
PKT t=19695 RX ua=95 mt=R len=7
PKT t=19726 TX ua=95 mt=P len=0
PKT t=19754 RX ua=95 mt=R len=7
PKT t=19759 TX ua=95 mt=P len=0
PKT t=19768 RX ua=95 mt=R len=7
PKT t=19773 TX ua=95 mt=P len=0
PKT t=19782 RX ua=95 mt=R len=7
PKT t=19787 TX ua=95 mt=P len=0
PKT t=19796 RX ua=95 mt=R len=7
PKT t=19801 TX ua=95 mt=P len=0
PKT t=19810 RX ua=95 mt=R len=7
PKT t=19815 TX ua=95 mt=P len=0
PKT t=19824 RX ua=95 mt=R len=7
PKT t=19829 TX ua=95 mt=P len=0
PKT t=19876 RX ua=95 mt=R len=7
PKT t=19881 TX ua=95 mt=P len=0
PKT t=19890 RX ua=95 mt=R len=7
PKT t=19895 TX ua=95 mt=P len=0
PKT t=19904 RX ua=95 mt=R len=7
PKT t=19909 TX ua=95 mt=T len=7
PKT t=19921 TX ua=95 mt=P len=0
PKT t=19930 RX ua=95 mt=R len=7
PKT t=19935 TX ua=95 mt=P len=0
PKT t=19964 RX ua=95 mt=R len=7
PKT t=19969 TX ua=95 mt=P len=0
PKT t=19978 RX ua=95 mt=R len=7
PKT t=19983 TX ua=95 mt=P len=0
PKT t=19992 RX ua=95 mt=R len=7
PKT t=19997 TX ua=95 mt=P len=0
PKT t=20027 RX ua=95 mt=R len=7
PKT t=20282 TX ua=96 mt=P len=0
PKT t=20540 TX ua=95 mt=P len=0
PKT t=20550 RX ua=95 mt=R len=7
PKT t=20554 TX ua=95 mt=T len=7
PKT t=20566 TX ua=95 mt=P len=0
PKT t=20575 RX ua=95 mt=R len=7
PKT t=20580 TX ua=95 mt=P len=0
PKT t=20589 RX ua=95 mt=R len=7
PKT t=20594 TX ua=95 mt=P len=0
PKT t=20626 RX ua=95 mt=R len=7
PKT t=20631 TX ua=95 mt=P len=0
PKT t=20664 RX ua=95 mt=R len=7
PKT t=20669 TX ua=95 mt=T len=7
PKT t=20681 TX ua=95 mt=P len=0
PKT t=20690 RX ua=95 mt=R len=7
PKT t=20695 TX ua=95 mt=P len=0
PKT t=20704 RX ua=95 mt=R len=7
PKT t=20709 TX ua=95 mt=P len=0
PKT t=20718 RX ua=95 mt=R len=7
PKT t=20723 TX ua=95 mt=P len=0
PKT t=20732 RX ua=95 mt=R len=7
PKT t=20737 TX ua=95 mt=P len=0
PKT t=20776 RX ua=95 mt=R len=7
PKT t=20781 TX ua=95 mt=P len=0
PKT t=20790 RX ua=95 mt=R len=7
PKT t=20795 TX ua=95 mt=P len=0
PKT t=20804 RX ua=95 mt=R len=7
PKT t=20809 TX ua=95 mt=P len=0
PKT t=20818 RX ua=95 mt=R len=7
PKT t=20823 TX ua=95 mt=P len=0
PKT t=20832 RX ua=95 mt=R len=7
PKT t=20837 TX ua=95 mt=P len=0
PKT t=20866 RX ua=95 mt=R len=7
PKT t=20871 TX ua=95 mt=P len=0
PKT t=20880 RX ua=95 mt=R len=7
PKT t=20885 TX ua=95 mt=P len=0
PKT t=20894 RX ua=95 mt=R len=7
PKT t=20926 TX ua=95 mt=T len=7
PKT t=20938 TX ua=95 mt=P len=0
PKT t=20966 RX ua=95 mt=R len=7
PKT t=20971 TX ua=95 mt=P len=0
PKT t=20980 RX ua=95 mt=R len=7
PKT t=20985 TX ua=95 mt=P len=0
PKT t=20994 RX ua=95 mt=R len=7
PKT t=20999 TX ua=95 mt=P len=0
PKT t=21008 RX ua=95 mt=R len=7
PKT t=21013 TX ua=95 mt=P len=0
PKT t=21022 RX ua=95 mt=R len=7
PKT t=21027 TX ua=95 mt=P len=0
PKT t=21036 RX ua=95 mt=R len=7
PKT t=21041 TX ua=95 mt=P len=0
PKT t=21076 RX ua=95 mt=R len=7
PKT t=21081 TX ua=95 mt=P len=0
PKT t=21090 RX ua=95 mt=R len=7
PKT t=21095 TX ua=95 mt=P len=0
PKT t=21104 RX ua=95 mt=R len=7
PKT t=21109 TX ua=95 mt=P len=0
PKT t=21118 RX ua=95 mt=R len=7
PKT t=21123 TX ua=95 mt=P len=0
PKT t=21132 RX ua=95 mt=R len=7
PKT t=21137 TX ua=95 mt=P len=0
PKT t=21169 RX ua=95 mt=R len=7
PKT t=21174 TX ua=95 mt=T len=7
PKT t=21187 TX ua=95 mt=P len=0
PKT t=21196 RX ua=95 mt=R len=7
PKT t=21226 TX ua=95 mt=P len=0
PKT t=21237 RX ua=95 mt=R len=7
PKT t=21242 TX ua=95 mt=P len=0
PKT t=21271 RX ua=95 mt=R len=7
PKT t=21276 TX ua=95 mt=P len=0
PKT t=21285 RX ua=95 mt=R len=7
PKT t=21290 TX ua=95 mt=P len=0
PKT t=21299 RX ua=95 mt=R len=7
PKT t=21304 TX ua=95 mt=P len=0
PKT t=21313 RX ua=95 mt=R len=7
PKT t=21318 TX ua=95 mt=P len=0
PKT t=21327 RX ua=95 mt=R len=7
PKT t=21332 TX ua=95 mt=P len=0
PKT t=21341 RX ua=95 mt=R len=7
PKT t=21346 TX ua=95 mt=P len=0
PKT t=21376 RX ua=95 mt=R len=7
PKT t=21631 TX ua=96 mt=P len=0
PKT t=21889 TX ua=95 mt=P len=0
PKT t=21898 RX ua=95 mt=R len=7
PKT t=21903 TX ua=95 mt=T len=7
PKT t=21916 TX ua=95 mt=P len=0
PKT t=21925 RX ua=95 mt=R len=7
PKT t=21930 TX ua=95 mt=P len=0
PKT t=21939 RX ua=95 mt=R len=7
PKT t=21944 TX ua=95 mt=P len=0
PKT t=21976 RX ua=95 mt=R len=7
PKT t=21981 TX ua=95 mt=P len=0
PKT t=21990 RX ua=95 mt=R len=7
PKT t=21995 TX ua=95 mt=P len=0
PKT t=22004 RX ua=95 mt=R len=7
PKT t=22009 TX ua=95 mt=P len=0
PKT t=22018 RX ua=95 mt=R len=7
PKT t=22023 TX ua=95 mt=P len=0
PKT t=22032 RX ua=95 mt=R len=7
PKT t=22040 TX ua=95 mt=P len=0
PKT t=22049 RX ua=95 mt=R len=7
PKT t=22054 TX ua=95 mt=P len=0
PKT t=22083 RX ua=95 mt=R len=7
PKT t=22088 TX ua=95 mt=P len=0
PKT t=22126 RX ua=95 mt=R len=7
PKT t=22131 TX ua=95 mt=P len=0
PKT t=22140 RX ua=95 mt=R len=7
PKT t=22145 TX ua=95 mt=P len=0
PKT t=22154 RX ua=95 mt=R len=7
PKT t=22159 TX ua=95 mt=T len=7
PKT t=22171 TX ua=95 mt=P len=0
PKT t=22194 RX ua=95 mt=R len=7
PKT t=22199 TX ua=95 mt=P len=0
PKT t=22208 RX ua=95 mt=R len=7
PKT t=22213 TX ua=95 mt=P len=0
PKT t=22222 RX ua=95 mt=R len=7
PKT t=22227 TX ua=95 mt=P len=0
PKT t=22236 RX ua=95 mt=R len=7
PKT t=22241 TX ua=95 mt=P len=0
PKT t=22276 RX ua=95 mt=R len=7
PKT t=22281 TX ua=95 mt=P len=0
PKT t=22290 RX ua=95 mt=R len=7
PKT t=22295 TX ua=95 mt=P len=0
PKT t=22304 RX ua=95 mt=R len=7
PKT t=22309 TX ua=95 mt=P len=0
PKT t=22318 RX ua=95 mt=R len=7
PKT t=22323 TX ua=95 mt=P len=0
PKT t=22332 RX ua=95 mt=R len=7
PKT t=22337 TX ua=95 mt=P len=0
PKT t=22346 RX ua=95 mt=R len=7
PKT t=22351 TX ua=95 mt=P len=0
PKT t=22360 RX ua=95 mt=R len=7
PKT t=22365 TX ua=95 mt=P len=0
PKT t=22394 RX ua=95 mt=R len=7
PKT t=22426 TX ua=95 mt=T len=7
PKT t=22438 TX ua=95 mt=P len=0
PKT t=22447 RX ua=95 mt=R len=7
PKT t=22452 TX ua=95 mt=P len=0
PKT t=22461 RX ua=95 mt=R len=7
PKT t=22466 TX ua=95 mt=P len=0
PKT t=22495 RX ua=95 mt=R len=7
PKT t=22500 TX ua=95 mt=P len=0
PKT t=22509 RX ua=95 mt=R len=7
PKT t=22514 TX ua=95 mt=P len=0
PKT t=22523 RX ua=95 mt=R len=7
PKT t=22528 TX ua=95 mt=P len=0
PKT t=22537 RX ua=95 mt=R len=7
PKT t=22542 TX ua=95 mt=P len=0
PKT t=22576 RX ua=95 mt=R len=7
PKT t=22581 TX ua=95 mt=P len=0
PKT t=22595 RX ua=95 mt=R len=7
PKT t=22600 TX ua=95 mt=P len=0
PKT t=22609 RX ua=95 mt=R len=7
PKT t=22614 TX ua=95 mt=P len=0
PKT t=22623 RX ua=95 mt=R len=7
PKT t=22628 TX ua=95 mt=P len=0
PKT t=22637 RX ua=95 mt=R len=7
PKT t=22642 TX ua=95 mt=P len=0
PKT t=22651 RX ua=95 mt=R len=7
PKT t=22656 TX ua=95 mt=T len=7
PKT t=22668 TX ua=95 mt=P len=0
PKT t=22696 RX ua=95 mt=R len=7
PKT t=22726 TX ua=95 mt=P len=0
PKT t=22735 RX ua=95 mt=R len=7
PKT t=22740 TX ua=95 mt=P len=0
PKT t=22749 RX ua=95 mt=R len=7
PKT t=22754 TX ua=95 mt=P len=0
PKT t=22763 RX ua=95 mt=R len=7
PKT t=22768 TX ua=95 mt=P len=0
PKT t=22797 RX ua=95 mt=R len=7
PKT t=22802 TX ua=95 mt=P len=0
PKT t=22811 RX ua=95 mt=R len=7
PKT t=22816 TX ua=95 mt=P len=0
PKT t=22825 RX ua=95 mt=R len=7
PKT t=22830 TX ua=95 mt=P len=0
PKT t=22839 RX ua=95 mt=R len=7
PKT t=22844 TX ua=95 mt=P len=0
PKT t=22876 RX ua=95 mt=R len=7
PKT t=22881 TX ua=95 mt=P len=0
PKT t=22896 RX ua=95 mt=R len=7
PKT t=22901 TX ua=95 mt=T len=7
PKT t=22913 TX ua=95 mt=P len=0
PKT t=22922 RX ua=95 mt=R len=7
PKT t=22927 TX ua=95 mt=P len=0
PKT t=22936 RX ua=95 mt=R len=7
PKT t=22941 TX ua=95 mt=P len=0
PKT t=22950 RX ua=95 mt=R len=7
PKT t=22955 TX ua=95 mt=P len=0
PKT t=22964 RX ua=95 mt=R len=7
PKT t=22969 TX ua=95 mt=P len=0
PKT t=23026 RX ua=95 mt=R len=7
PKT t=23031 TX ua=95 mt=P len=0
PKT t=23040 RX ua=95 mt=R len=7
PKT t=23045 TX ua=95 mt=P len=0
PKT t=23054 RX ua=95 mt=R len=7
PKT t=23059 TX ua=95 mt=P len=0
PKT t=23068 RX ua=95 mt=R len=7
PKT t=23073 TX ua=95 mt=P len=0
PKT t=23102 RX ua=95 mt=R len=7
PKT t=23107 TX ua=95 mt=P len=0
PKT t=23116 RX ua=95 mt=R len=7
PKT t=23121 TX ua=95 mt=P len=0
PKT t=23130 RX ua=95 mt=R len=7
PKT t=23135 TX ua=95 mt=P len=0
PKT t=23144 RX ua=95 mt=R len=7
PKT t=23176 TX ua=95 mt=T len=7
PKT t=23188 TX ua=95 mt=P len=0
PKT t=23203 RX ua=95 mt=R len=7
PKT t=23208 TX ua=95 mt=P len=0
PKT t=23217 RX ua=95 mt=R len=7
PKT t=23222 TX ua=95 mt=P len=0
PKT t=23231 RX ua=95 mt=R len=7
PKT t=23236 TX ua=95 mt=P len=0
PKT t=23245 RX ua=95 mt=R len=7
PKT t=23250 TX ua=95 mt=P len=0
PKT t=23259 RX ua=95 mt=R len=7
PKT t=23264 TX ua=95 mt=P len=0
PKT t=23273 RX ua=95 mt=R len=7
PKT t=23278 TX ua=95 mt=P len=0
PKT t=23326 RX ua=95 mt=R len=7
PKT t=23331 TX ua=95 mt=P len=0
PKT t=23340 RX ua=95 mt=R len=7
PKT t=23345 TX ua=95 mt=P len=0
PKT t=23354 RX ua=95 mt=R len=7
PKT t=23359 TX ua=95 mt=P len=0
PKT t=23368 RX ua=95 mt=R len=7
PKT t=23373 TX ua=95 mt=P len=0
PKT t=23407 RX ua=95 mt=R len=7
PKT t=23412 TX ua=95 mt=T len=7
PKT t=23424 TX ua=95 mt=P len=0
PKT t=23434 RX ua=95 mt=R len=7
PKT t=23439 TX ua=95 mt=P len=0
PKT t=23476 RX ua=95 mt=R len=7
PKT t=23481 TX ua=95 mt=P len=0
PKT t=23507 RX ua=95 mt=R len=7
PKT t=23512 TX ua=95 mt=P len=0
PKT t=23522 RX ua=95 mt=R len=7
PKT t=23527 TX ua=95 mt=P len=0
PKT t=23537 RX ua=95 mt=R len=7
PKT t=23542 TX ua=95 mt=P len=0
PKT t=23552 RX ua=95 mt=R len=7
PKT t=23557 TX ua=95 mt=P len=0
PKT t=23567 RX ua=95 mt=R len=7
PKT t=23572 TX ua=95 mt=P len=0
PKT t=23582 RX ua=95 mt=R len=7
PKT t=23587 TX ua=95 mt=P len=0
PKT t=23626 RX ua=95 mt=R len=7
PKT t=23631 TX ua=95 mt=P len=0
PKT t=23641 RX ua=95 mt=R len=7
PKT t=23646 TX ua=95 mt=P len=0
PKT t=23656 RX ua=95 mt=R len=7
PKT t=23661 TX ua=95 mt=T len=7
PKT t=23673 TX ua=95 mt=P len=0
PKT t=23682 RX ua=95 mt=R len=7
PKT t=23687 TX ua=95 mt=P len=0
PKT t=23717 RX ua=95 mt=R len=7
PKT t=23722 TX ua=95 mt=P len=0
PKT t=23731 RX ua=95 mt=R len=7
PKT t=23736 TX ua=95 mt=P len=0
PKT t=23745 RX ua=95 mt=R len=7
PKT t=23776 TX ua=95 mt=P len=0
PKT t=23785 RX ua=95 mt=R len=7
PKT t=23790 TX ua=95 mt=P len=0
PKT t=23819 RX ua=95 mt=R len=7
PKT t=23824 TX ua=95 mt=P len=0
PKT t=23833 RX ua=95 mt=R len=7
PKT t=23838 TX ua=95 mt=P len=0
PKT t=23847 RX ua=95 mt=R len=7
PKT t=23852 TX ua=95 mt=P len=0
PKT t=23861 RX ua=95 mt=R len=7
PKT t=23866 TX ua=95 mt=P len=0
PKT t=23875 RX ua=95 mt=R len=7
PKT t=23880 TX ua=95 mt=P len=0
PKT t=23889 RX ua=95 mt=R len=7
PKT t=23894 TX ua=95 mt=P len=0
PKT t=23926 RX ua=95 mt=R len=7
PKT t=23931 TX ua=95 mt=T len=7
PKT t=23943 TX ua=95 mt=P len=0
PKT t=23952 RX ua=95 mt=R len=7
PKT t=23957 TX ua=95 mt=P len=0
PKT t=23966 RX ua=95 mt=R len=7
PKT t=23971 TX ua=95 mt=P len=0
PKT t=23980 RX ua=95 mt=R len=7
PKT t=23985 TX ua=95 mt=P len=0
PKT t=23994 RX ua=95 mt=R len=7
PKT t=23999 TX ua=95 mt=P len=0
PKT t=24028 RX ua=95 mt=R len=7
PKT t=24033 TX ua=95 mt=P len=0
PKT t=24042 RX ua=95 mt=R len=7
PKT t=24047 TX ua=95 mt=P len=0
PKT t=24077 RX ua=95 mt=R len=7
PKT t=24332 TX ua=96 mt=P len=0
PKT t=24590 TX ua=95 mt=P len=0
PKT t=24599 RX ua=95 mt=R len=7
PKT t=24604 TX ua=95 mt=T len=7
PKT t=24616 TX ua=95 mt=P len=0
PKT t=24635 RX ua=95 mt=R len=7
PKT t=24640 TX ua=95 mt=P len=0
PKT t=24676 RX ua=95 mt=R len=7
PKT t=24681 TX ua=95 mt=T len=7
PKT t=24693 TX ua=95 mt=P len=0
PKT t=24702 RX ua=95 mt=R len=7
PKT t=24707 TX ua=95 mt=P len=0
PKT t=24736 RX ua=95 mt=R len=7
PKT t=24741 TX ua=95 mt=P len=0
PKT t=24750 RX ua=95 mt=R len=7
PKT t=24755 TX ua=95 mt=P len=0
PKT t=24764 RX ua=95 mt=R len=7
PKT t=24769 TX ua=95 mt=P len=0
PKT t=24778 RX ua=95 mt=R len=7
PKT t=24783 TX ua=95 mt=P len=0
PKT t=24792 RX ua=95 mt=R len=7
PKT t=24797 TX ua=95 mt=P len=0
PKT t=24827 RX ua=95 mt=R len=7
PKT t=25082 TX ua=96 mt=P len=0
PKT t=25340 TX ua=95 mt=P len=0
PKT t=25349 RX ua=95 mt=R len=7
PKT t=25354 TX ua=95 mt=T len=7
PKT t=25366 TX ua=95 mt=P len=0
PKT t=25375 RX ua=95 mt=R len=7
PKT t=25380 TX ua=95 mt=P len=0
PKT t=25389 RX ua=95 mt=R len=7
PKT t=25394 TX ua=95 mt=P len=0
PKT t=25426 RX ua=95 mt=R len=7
PKT t=25431 TX ua=95 mt=T len=7
PKT t=25443 TX ua=95 mt=P len=0
PKT t=25453 RX ua=95 mt=R len=7
PKT t=25458 TX ua=95 mt=P len=0
PKT t=25468 RX ua=95 mt=R len=7
PKT t=25473 TX ua=95 mt=P len=0
PKT t=25483 RX ua=95 mt=R len=7
PKT t=25488 TX ua=95 mt=P len=0
PKT t=25498 RX ua=95 mt=R len=7
PKT t=25503 TX ua=95 mt=P len=0
PKT t=25513 RX ua=95 mt=R len=7
PKT t=25518 TX ua=95 mt=P len=0
PKT t=25576 RX ua=95 mt=R len=7
PKT t=25581 TX ua=95 mt=P len=0
PKT t=25591 RX ua=95 mt=R len=7
PKT t=25596 TX ua=95 mt=P len=0
PKT t=25606 RX ua=95 mt=R len=7
PKT t=25611 TX ua=95 mt=P len=0
PKT t=25621 RX ua=95 mt=R len=7
PKT t=25626 TX ua=95 mt=P len=0
PKT t=25655 RX ua=95 mt=R len=7
PKT t=25660 TX ua=95 mt=T len=7
PKT t=25672 TX ua=95 mt=P len=0
PKT t=25681 RX ua=95 mt=R len=7
PKT t=25686 TX ua=95 mt=P len=0
PKT t=25695 RX ua=95 mt=R len=7
PKT t=25726 TX ua=95 mt=P len=0
PKT t=25754 RX ua=95 mt=R len=7
PKT t=25759 TX ua=95 mt=P len=0
PKT t=25768 RX ua=95 mt=R len=7
PKT t=25773 TX ua=95 mt=P len=0
PKT t=25782 RX ua=95 mt=R len=7
PKT t=25787 TX ua=95 mt=P len=0
PKT t=25796 RX ua=95 mt=R len=7
PKT t=25801 TX ua=95 mt=P len=0
PKT t=25810 RX ua=95 mt=R len=7
PKT t=25815 TX ua=95 mt=P len=0
PKT t=25824 RX ua=95 mt=R len=7
PKT t=25829 TX ua=95 mt=P len=0
PKT t=25876 RX ua=95 mt=R len=7
PKT t=25881 TX ua=95 mt=P len=0
PKT t=25890 RX ua=95 mt=R len=7
PKT t=25895 TX ua=95 mt=P len=0
PKT t=25904 RX ua=95 mt=R len=7
PKT t=25909 TX ua=95 mt=T len=7
PKT t=25921 TX ua=95 mt=P len=0
PKT t=25930 RX ua=95 mt=R len=7
PKT t=25935 TX ua=95 mt=P len=0
PKT t=25964 RX ua=95 mt=R len=7
PKT t=25969 TX ua=95 mt=P len=0
PKT t=25978 RX ua=95 mt=R len=7
PKT t=25983 TX ua=95 mt=P len=0
PKT t=25992 RX ua=95 mt=R len=7
PKT t=25997 TX ua=95 mt=P len=0
PKT t=26027 RX ua=95 mt=R len=7
PKT t=26282 TX ua=96 mt=P len=0
PKT t=26540 TX ua=95 mt=P len=0
PKT t=26549 RX ua=95 mt=R len=7
PKT t=26554 TX ua=95 mt=T len=7
PKT t=26567 TX ua=95 mt=P len=0
PKT t=26576 RX ua=95 mt=R len=7
PKT t=26581 TX ua=95 mt=T len=7
PKT t=26594 TX ua=95 mt=P len=0
PKT t=26626 RX ua=95 mt=R len=7
PKT t=26631 TX ua=95 mt=P len=0
PKT t=26664 RX ua=95 mt=R len=7
PKT t=26669 TX ua=95 mt=T len=7
PKT t=26682 TX ua=95 mt=P len=0
PKT t=26691 RX ua=95 mt=R len=7
PKT t=26696 TX ua=95 mt=P len=0
PKT t=26705 RX ua=95 mt=R len=7
PKT t=26710 TX ua=95 mt=P len=0
PKT t=26719 RX ua=95 mt=R len=7
PKT t=26724 TX ua=95 mt=P len=0
PKT t=26733 RX ua=95 mt=R len=7
PKT t=26738 TX ua=95 mt=P len=0
PKT t=26776 RX ua=95 mt=R len=7
PKT t=26781 TX ua=95 mt=P len=0
PKT t=26790 RX ua=95 mt=R len=7
PKT t=26795 TX ua=95 mt=P len=0
PKT t=26804 RX ua=95 mt=R len=7
PKT t=26809 TX ua=95 mt=P len=0
PKT t=26818 RX ua=95 mt=R len=7
PKT t=26823 TX ua=95 mt=P len=0
PKT t=26832 RX ua=95 mt=R len=7
PKT t=26837 TX ua=95 mt=P len=0
PKT t=26866 RX ua=95 mt=R len=7
PKT t=26871 TX ua=95 mt=P len=0
PKT t=26880 RX ua=95 mt=R len=7
PKT t=26885 TX ua=95 mt=P len=0
PKT t=26894 RX ua=95 mt=R len=7
PKT t=26926 TX ua=95 mt=T len=7
PKT t=26939 TX ua=95 mt=P len=0
PKT t=26966 RX ua=95 mt=R len=7
PKT t=26971 TX ua=95 mt=P len=0
PKT t=26980 RX ua=95 mt=R len=7
PKT t=26985 TX ua=95 mt=P len=0
PKT t=26995 RX ua=95 mt=R len=7
PKT t=27000 TX ua=95 mt=P len=0
PKT t=27009 RX ua=95 mt=R len=7
PKT t=27014 TX ua=95 mt=P len=0
PKT t=27023 RX ua=95 mt=R len=7
PKT t=27028 TX ua=95 mt=P len=0
PKT t=27037 RX ua=95 mt=R len=7
PKT t=27042 TX ua=95 mt=P len=0
PKT t=27076 RX ua=95 mt=R len=7
PKT t=27081 TX ua=95 mt=P len=0
PKT t=27090 RX ua=95 mt=R len=7
PKT t=27095 TX ua=95 mt=P len=0
PKT t=27104 RX ua=95 mt=R len=7
PKT t=27109 TX ua=95 mt=P len=0
PKT t=27118 RX ua=95 mt=R len=7
PKT t=27123 TX ua=95 mt=P len=0
PKT t=27132 RX ua=95 mt=R len=7
PKT t=27137 TX ua=95 mt=P len=0
PKT t=27171 RX ua=95 mt=R len=7
PKT t=27175 TX ua=95 mt=T len=7
PKT t=27187 TX ua=95 mt=P len=0
PKT t=27196 RX ua=95 mt=R len=7
PKT t=27226 TX ua=95 mt=P len=0
PKT t=27235 RX ua=95 mt=R len=7
PKT t=27240 TX ua=95 mt=P len=0
PKT t=27270 RX ua=95 mt=R len=7
PKT t=27275 TX ua=95 mt=P len=0
PKT t=27284 RX ua=95 mt=R len=7
PKT t=27289 TX ua=95 mt=P len=0
PKT t=27298 RX ua=95 mt=R len=7
PKT t=27303 TX ua=95 mt=P len=0
PKT t=27313 RX ua=95 mt=R len=7
PKT t=27317 TX ua=95 mt=P len=0
PKT t=27326 RX ua=95 mt=R len=7
PKT t=27331 TX ua=95 mt=P len=0
PKT t=27340 RX ua=95 mt=R len=7
PKT t=27345 TX ua=95 mt=P len=0
PKT t=27376 RX ua=95 mt=R len=7
PKT t=27631 TX ua=96 mt=P len=0
PKT t=27889 TX ua=95 mt=P len=0
PKT t=27898 RX ua=95 mt=R len=7
PKT t=27903 TX ua=95 mt=T len=7
PKT t=27915 TX ua=95 mt=P len=0
PKT t=27924 RX ua=95 mt=R len=7
PKT t=27929 TX ua=95 mt=P len=0
PKT t=27938 RX ua=95 mt=R len=7
PKT t=27943 TX ua=95 mt=P len=0
PKT t=27976 RX ua=95 mt=R len=7
PKT t=27981 TX ua=95 mt=P len=0
PKT t=27990 RX ua=95 mt=R len=7
PKT t=27995 TX ua=95 mt=P len=0
PKT t=28004 RX ua=95 mt=R len=7
PKT t=28009 TX ua=95 mt=P len=0
PKT t=28018 RX ua=95 mt=R len=7
PKT t=28023 TX ua=95 mt=P len=0
PKT t=28032 RX ua=95 mt=R len=7
PKT t=28037 TX ua=95 mt=P len=0
PKT t=28046 RX ua=95 mt=R len=7
PKT t=28051 TX ua=95 mt=P len=0
PKT t=28080 RX ua=95 mt=R len=7
PKT t=28085 TX ua=95 mt=P len=0
PKT t=28094 RX ua=95 mt=R len=7
PKT t=28126 TX ua=95 mt=P len=0
PKT t=28135 RX ua=95 mt=R len=7
PKT t=28140 TX ua=95 mt=P len=0
PKT t=28149 RX ua=95 mt=R len=7
PKT t=28154 TX ua=95 mt=T len=7
PKT t=28166 TX ua=95 mt=P len=0
PKT t=28185 RX ua=95 mt=R len=7
PKT t=28190 TX ua=95 mt=P len=0
PKT t=28199 RX ua=95 mt=R len=7
PKT t=28204 TX ua=95 mt=P len=0
PKT t=28213 RX ua=95 mt=R len=7
PKT t=28218 TX ua=95 mt=P len=0
PKT t=28227 RX ua=95 mt=R len=7
PKT t=28232 TX ua=95 mt=P len=0
PKT t=28241 RX ua=95 mt=R len=7
PKT t=28246 TX ua=95 mt=P len=0
PKT t=28276 RX ua=95 mt=R len=7
PKT t=28531 TX ua=96 mt=P len=0
PKT t=28789 TX ua=95 mt=P len=0
PKT t=28798 RX ua=95 mt=R len=7
PKT t=28803 TX ua=95 mt=T len=7
PKT t=28815 TX ua=95 mt=P len=0
PKT t=28824 RX ua=95 mt=R len=7
PKT t=28829 TX ua=95 mt=P len=0
PKT t=28838 RX ua=95 mt=R len=7
PKT t=28843 TX ua=95 mt=P len=0
PKT t=28876 RX ua=95 mt=R len=7
PKT t=28881 TX ua=95 mt=P len=0
PKT t=28890 RX ua=95 mt=R len=7
PKT t=28895 TX ua=95 mt=P len=0
PKT t=28904 RX ua=95 mt=R len=7
PKT t=28909 TX ua=95 mt=T len=7
PKT t=28921 TX ua=95 mt=P len=0
PKT t=28930 RX ua=95 mt=R len=7
PKT t=28935 TX ua=95 mt=P len=0
PKT t=28944 RX ua=95 mt=R len=7
PKT t=28949 TX ua=95 mt=P len=0
PKT t=28958 RX ua=95 mt=R len=7
PKT t=28963 TX ua=95 mt=P len=0
PKT t=28992 RX ua=95 mt=R len=7
PKT t=28997 TX ua=95 mt=P len=0
PKT t=29027 RX ua=95 mt=R len=7
PKT t=29282 TX ua=96 mt=P len=0
PKT t=29540 TX ua=95 mt=P len=0
PKT t=29549 RX ua=95 mt=R len=7
PKT t=29554 TX ua=95 mt=T len=7
PKT t=29567 TX ua=95 mt=P len=0
PKT t=29595 RX ua=95 mt=R len=7
PKT t=29626 TX ua=95 mt=P len=0
PKT t=29636 RX ua=95 mt=R len=7
PKT t=29641 TX ua=95 mt=P len=0
PKT t=29651 RX ua=95 mt=R len=7
PKT t=29656 TX ua=95 mt=T len=7
PKT t=29669 TX ua=95 mt=P len=0
PKT t=29696 RX ua=95 mt=R len=7
PKT t=29701 TX ua=95 mt=P len=0
PKT t=29710 RX ua=95 mt=R len=7
PKT t=29715 TX ua=95 mt=P len=0
PKT t=29724 RX ua=95 mt=R len=7
PKT t=29729 TX ua=95 mt=P len=0
PKT t=29738 RX ua=95 mt=R len=7
PKT t=29743 TX ua=95 mt=P len=0
PKT t=29776 RX ua=95 mt=R len=7
PKT t=29781 TX ua=95 mt=P len=0
PKT t=29796 RX ua=95 mt=R len=7
PKT t=29801 TX ua=95 mt=P len=0
PKT t=29810 RX ua=95 mt=R len=7
PKT t=29815 TX ua=95 mt=P len=0
PKT t=29824 RX ua=95 mt=R len=7
PKT t=29829 TX ua=95 mt=P len=0
PKT t=29838 RX ua=95 mt=R len=7
PKT t=29843 TX ua=95 mt=P len=0
PKT t=29852 RX ua=95 mt=R len=7
PKT t=29857 TX ua=95 mt=P len=0
PKT t=29866 RX ua=95 mt=R len=7
PKT t=29871 TX ua=95 mt=P len=0
PKT t=29926 RX ua=95 mt=R len=7
PKT t=29931 TX ua=95 mt=T len=7
PKT t=29944 TX ua=95 mt=P len=0
PKT t=29953 RX ua=95 mt=R len=7
PKT t=29958 TX ua=95 mt=P len=0
PKT t=29967 RX ua=95 mt=R len=7
PKT t=29972 TX ua=95 mt=P len=0
PKT t=30001 RX ua=95 mt=R len=7
PKT t=30006 TX ua=95 mt=P len=0
PKT t=30015 RX ua=95 mt=R len=7
PKT t=30020 TX ua=95 mt=P len=0
PKT t=30029 RX ua=95 mt=R len=7
PKT t=30034 TX ua=95 mt=P len=0
PKT t=30044 RX ua=95 mt=R len=7
PKT t=30076 TX ua=95 mt=P len=0
PKT t=30101 RX ua=95 mt=R len=7
PKT t=30105 TX ua=95 mt=P len=0
PKT t=30114 RX ua=95 mt=R len=7
PKT t=30119 TX ua=95 mt=P len=0
PKT t=30128 RX ua=95 mt=R len=7
PKT t=30133 TX ua=95 mt=P len=0
PKT t=30142 RX ua=95 mt=R len=7
PKT t=30147 TX ua=95 mt=P len=0
PKT t=30156 RX ua=95 mt=R len=7
PKT t=30161 TX ua=95 mt=T len=7
PKT t=30173 TX ua=95 mt=P len=0
PKT t=30226 RX ua=95 mt=R len=7
PKT t=30231 TX ua=95 mt=P len=0
PKT t=30240 RX ua=95 mt=R len=7
PKT t=30245 TX ua=95 mt=P len=0
PKT t=30254 RX ua=95 mt=R len=7
PKT t=30259 TX ua=95 mt=P len=0
PKT t=30268 RX ua=95 mt=R len=7
PKT t=30273 TX ua=95 mt=P len=0
PKT t=30302 RX ua=95 mt=R len=7
PKT t=30307 TX ua=95 mt=P len=0
PKT t=30316 RX ua=95 mt=R len=7
PKT t=30321 TX ua=95 mt=P len=0
PKT t=30330 RX ua=95 mt=R len=7
PKT t=30335 TX ua=95 mt=P len=0
PKT t=30344 RX ua=95 mt=R len=7
PKT t=30376 TX ua=95 mt=P len=0
PKT t=30402 RX ua=95 mt=R len=7
PKT t=30407 TX ua=95 mt=T len=7
PKT t=30419 TX ua=95 mt=P len=0
PKT t=30428 RX ua=95 mt=R len=7
PKT t=30433 TX ua=95 mt=P len=0
PKT t=30442 RX ua=95 mt=R len=7
PKT t=30447 TX ua=95 mt=P len=0
PKT t=30456 RX ua=95 mt=R len=7
PKT t=30461 TX ua=95 mt=P len=0
PKT t=30470 RX ua=95 mt=R len=7
PKT t=30475 TX ua=95 mt=P len=0
PKT t=30526 RX ua=95 mt=R len=7
PKT t=30531 TX ua=95 mt=P len=0
PKT t=30540 RX ua=95 mt=R len=7
PKT t=30545 TX ua=95 mt=P len=0
PKT t=30554 RX ua=95 mt=R len=7
PKT t=30559 TX ua=95 mt=P len=0
PKT t=30568 RX ua=95 mt=R len=7
PKT t=30573 TX ua=95 mt=P len=0
PKT t=30604 RX ua=95 mt=R len=7
PKT t=30609 TX ua=95 mt=P len=0
PKT t=30618 RX ua=95 mt=R len=7
PKT t=30623 TX ua=95 mt=P len=0
PKT t=30632 RX ua=95 mt=R len=7
PKT t=30637 TX ua=95 mt=P len=0
PKT t=30646 RX ua=95 mt=R len=7
PKT t=30676 TX ua=95 mt=T len=7
PKT t=30688 TX ua=95 mt=P len=0
PKT t=30705 RX ua=95 mt=R len=7
PKT t=30710 TX ua=95 mt=P len=0
PKT t=30719 RX ua=95 mt=R len=7
PKT t=30724 TX ua=95 mt=P len=0
PKT t=30733 RX ua=95 mt=R len=7
PKT t=30738 TX ua=95 mt=P len=0
PKT t=30747 RX ua=95 mt=R len=7
PKT t=30752 TX ua=95 mt=P len=0
PKT t=30761 RX ua=95 mt=R len=7
PKT t=30766 TX ua=95 mt=P len=0
PKT t=30775 RX ua=95 mt=R len=7
PKT t=30780 TX ua=95 mt=P len=0
PKT t=30826 RX ua=95 mt=R len=7
PKT t=30831 TX ua=95 mt=P len=0
PKT t=30840 RX ua=95 mt=R len=7
PKT t=30845 TX ua=95 mt=P len=0
PKT t=30854 RX ua=95 mt=R len=7
PKT t=30859 TX ua=95 mt=P len=0
PKT t=30868 RX ua=95 mt=R len=7
PKT t=30873 TX ua=95 mt=P len=0
PKT t=30882 RX ua=95 mt=R len=7
PKT t=30887 TX ua=95 mt=P len=0
PKT t=30916 RX ua=95 mt=R len=7
PKT t=30921 TX ua=95 mt=T len=7
PKT t=30933 TX ua=95 mt=P len=0
PKT t=30942 RX ua=95 mt=R len=7
PKT t=30947 TX ua=95 mt=P len=0
PKT t=30977 RX ua=95 mt=R len=7
PKT t=31232 TX ua=96 mt=P len=0
PKT t=31490 TX ua=95 mt=P len=0
PKT t=31499 RX ua=95 mt=R len=7
PKT t=31504 TX ua=95 mt=T len=7
PKT t=31516 TX ua=95 mt=P len=0
PKT t=31526 RX ua=95 mt=R len=7
PKT t=31531 TX ua=95 mt=P len=0
PKT t=31541 RX ua=95 mt=R len=7
PKT t=31546 TX ua=95 mt=P len=0
PKT t=31576 RX ua=95 mt=R len=7
PKT t=31831 TX ua=96 mt=P len=0
PKT t=32089 TX ua=95 mt=P len=0
PKT t=32099 RX ua=95 mt=R len=7
PKT t=32104 TX ua=95 mt=T len=7
PKT t=32116 TX ua=95 mt=P len=0
PKT t=32125 RX ua=95 mt=R len=7
PKT t=32130 TX ua=95 mt=P len=0
PKT t=32139 RX ua=95 mt=R len=7
PKT t=32144 TX ua=95 mt=P len=0
PKT t=32176 RX ua=95 mt=R len=7
PKT t=32181 TX ua=95 mt=T len=7
PKT t=32193 TX ua=95 mt=P len=0
PKT t=32226 RX ua=95 mt=R len=7
PKT t=32231 TX ua=95 mt=P len=0
PKT t=32240 RX ua=95 mt=R len=7
PKT t=32245 TX ua=95 mt=P len=0
PKT t=32254 RX ua=95 mt=R len=7
PKT t=32259 TX ua=95 mt=P len=0
PKT t=32268 RX ua=95 mt=R len=7
PKT t=32273 TX ua=95 mt=P len=0
PKT t=32282 RX ua=95 mt=R len=7
PKT t=32287 TX ua=95 mt=P len=0
PKT t=32326 RX ua=95 mt=R len=7
PKT t=32331 TX ua=95 mt=P len=0
PKT t=32340 RX ua=95 mt=R len=7
PKT t=32345 TX ua=95 mt=P len=0
PKT t=32354 RX ua=95 mt=R len=7
PKT t=32359 TX ua=95 mt=P len=0
PKT t=32368 RX ua=95 mt=R len=7
PKT t=32373 TX ua=95 mt=P len=0
PKT t=32382 RX ua=95 mt=R len=7
PKT t=32387 TX ua=95 mt=P len=0
PKT t=32421 RX ua=95 mt=R len=7
PKT t=32425 TX ua=95 mt=T len=7
PKT t=32437 TX ua=95 mt=P len=0
PKT t=32446 RX ua=95 mt=R len=7
PKT t=32476 TX ua=95 mt=P len=0
PKT t=32485 RX ua=95 mt=R len=7
PKT t=32490 TX ua=95 mt=P len=0
PKT t=32521 RX ua=95 mt=R len=7
PKT t=32525 TX ua=95 mt=P len=0
PKT t=32534 RX ua=95 mt=R len=7
PKT t=32539 TX ua=95 mt=P len=0
PKT t=32548 RX ua=95 mt=R len=7
PKT t=32553 TX ua=95 mt=P len=0
PKT t=32562 RX ua=95 mt=R len=7
PKT t=32567 TX ua=95 mt=P len=0
PKT t=32576 RX ua=95 mt=R len=7
PKT t=32581 TX ua=95 mt=P len=0
PKT t=32590 RX ua=95 mt=R len=7
PKT t=32595 TX ua=95 mt=P len=0
PKT t=32626 RX ua=95 mt=R len=7
PKT t=32881 TX ua=96 mt=P len=0
PKT t=33139 TX ua=95 mt=P len=0
PKT t=33148 RX ua=95 mt=R len=7
PKT t=33153 TX ua=95 mt=T len=7
PKT t=33165 TX ua=95 mt=P len=0
PKT t=33174 RX ua=95 mt=R len=7
PKT t=33179 TX ua=95 mt=P len=0
PKT t=33188 RX ua=95 mt=R len=7
PKT t=33193 TX ua=95 mt=P len=0
PKT t=33226 RX ua=95 mt=R len=7
PKT t=33231 TX ua=95 mt=P len=0
PKT t=33240 RX ua=95 mt=R len=7
PKT t=33245 TX ua=95 mt=P len=0
PKT t=33254 RX ua=95 mt=R len=7
PKT t=33259 TX ua=95 mt=P len=0
PKT t=33268 RX ua=95 mt=R len=7
PKT t=33273 TX ua=95 mt=P len=0
PKT t=33282 RX ua=95 mt=R len=7
PKT t=33287 TX ua=95 mt=P len=0
PKT t=33296 RX ua=95 mt=R len=7
PKT t=33301 TX ua=95 mt=P len=0
PKT t=33330 RX ua=95 mt=R len=7
PKT t=33335 TX ua=95 mt=P len=0
PKT t=33344 RX ua=95 mt=R len=7
PKT t=33376 TX ua=95 mt=P len=0
PKT t=33385 RX ua=95 mt=R len=7
PKT t=33390 TX ua=95 mt=P len=0
PKT t=33399 RX ua=95 mt=R len=7
PKT t=33404 TX ua=95 mt=T len=7
PKT t=33416 TX ua=95 mt=P len=0
PKT t=33435 RX ua=95 mt=R len=7
PKT t=33440 TX ua=95 mt=P len=0
PKT t=33450 RX ua=95 mt=R len=7
PKT t=33455 TX ua=95 mt=P len=0
PKT t=33465 RX ua=95 mt=R len=7
PKT t=33470 TX ua=95 mt=P len=0
PKT t=33480 RX ua=95 mt=R len=7
PKT t=33485 TX ua=95 mt=P len=0
PKT t=33495 RX ua=95 mt=R len=7
PKT t=33526 TX ua=95 mt=P len=0
PKT t=33536 RX ua=95 mt=R len=7
PKT t=33541 TX ua=95 mt=P len=0
PKT t=33551 RX ua=95 mt=R len=7
PKT t=33556 TX ua=95 mt=P len=0
PKT t=33566 RX ua=95 mt=R len=7
PKT t=33571 TX ua=95 mt=P len=0
PKT t=33581 RX ua=95 mt=R len=7
PKT t=33586 TX ua=95 mt=P len=0
PKT t=33596 RX ua=95 mt=R len=7
PKT t=33601 TX ua=95 mt=P len=0
PKT t=33633 RX ua=95 mt=R len=7
PKT t=33638 TX ua=95 mt=P len=0
PKT t=33676 RX ua=95 mt=R len=7
PKT t=33681 TX ua=95 mt=T len=7
PKT t=33693 TX ua=95 mt=P len=0
PKT t=33702 RX ua=95 mt=R len=7
PKT t=33707 TX ua=95 mt=P len=0
PKT t=33736 RX ua=95 mt=R len=7
PKT t=33741 TX ua=95 mt=P len=0
PKT t=33750 RX ua=95 mt=R len=7
PKT t=33755 TX ua=95 mt=P len=0
PKT t=33764 RX ua=95 mt=R len=7
PKT t=33769 TX ua=95 mt=P len=0
PKT t=33778 RX ua=95 mt=R len=7
PKT t=33783 TX ua=95 mt=P len=0
PKT t=33792 RX ua=95 mt=R len=7
PKT t=33797 TX ua=95 mt=P len=0
PKT t=33827 RX ua=95 mt=R len=7
PKT t=34082 TX ua=96 mt=P len=0
PKT t=34340 TX ua=95 mt=P len=0
PKT t=34349 RX ua=95 mt=R len=7
PKT t=34354 TX ua=95 mt=T len=7
PKT t=34367 TX ua=95 mt=P len=0
PKT t=34376 RX ua=95 mt=R len=7
PKT t=34381 TX ua=95 mt=T len=7
PKT t=34394 TX ua=95 mt=P len=0
PKT t=34426 RX ua=95 mt=R len=7
PKT t=34431 TX ua=95 mt=T len=7
PKT t=34444 TX ua=95 mt=P len=0
PKT t=34453 RX ua=95 mt=R len=7
PKT t=34458 TX ua=95 mt=P len=0
PKT t=34467 RX ua=95 mt=R len=7
PKT t=34472 TX ua=95 mt=P len=0
PKT t=34481 RX ua=95 mt=R len=7
PKT t=34486 TX ua=95 mt=P len=0
PKT t=34495 RX ua=95 mt=R len=7
PKT t=34500 TX ua=95 mt=P len=0
PKT t=34509 RX ua=95 mt=R len=7
PKT t=34514 TX ua=95 mt=P len=0
PKT t=34543 RX ua=95 mt=R len=7
PKT t=34576 TX ua=95 mt=P len=0
PKT t=34585 RX ua=95 mt=R len=7
PKT t=34590 TX ua=95 mt=P len=0
PKT t=34599 RX ua=95 mt=R len=7
PKT t=34604 TX ua=95 mt=P len=0
PKT t=34613 RX ua=95 mt=R len=7
PKT t=34618 TX ua=95 mt=P len=0
PKT t=34647 RX ua=95 mt=R len=7
PKT t=34652 TX ua=95 mt=T len=7
PKT t=34665 TX ua=95 mt=P len=0
PKT t=34675 RX ua=95 mt=R len=7
PKT t=34680 TX ua=95 mt=P len=0
PKT t=34690 RX ua=95 mt=R len=7
PKT t=34694 TX ua=95 mt=P len=0
PKT t=34726 RX ua=95 mt=R len=7
PKT t=34731 TX ua=95 mt=P len=0
PKT t=34747 RX ua=95 mt=R len=7
PKT t=34752 TX ua=95 mt=P len=0
PKT t=34761 RX ua=95 mt=R len=7
PKT t=34766 TX ua=95 mt=P len=0
PKT t=34775 RX ua=95 mt=R len=7
PKT t=34780 TX ua=95 mt=P len=0
PKT t=34789 RX ua=95 mt=R len=7
PKT t=34794 TX ua=95 mt=P len=0
PKT t=34803 RX ua=95 mt=R len=7
PKT t=34808 TX ua=95 mt=P len=0
PKT t=34817 RX ua=95 mt=R len=7
PKT t=34822 TX ua=95 mt=P len=0
PKT t=34876 RX ua=95 mt=R len=7
PKT t=34881 TX ua=95 mt=P len=0
PKT t=34890 RX ua=95 mt=R len=7
PKT t=34895 TX ua=95 mt=P len=0
PKT t=34904 RX ua=95 mt=R len=7
PKT t=34909 TX ua=95 mt=T len=7
PKT t=34922 TX ua=95 mt=P len=0
PKT t=34951 RX ua=95 mt=R len=7
PKT t=34955 TX ua=95 mt=P len=0
PKT t=34964 RX ua=95 mt=R len=7
PKT t=34969 TX ua=95 mt=P len=0
PKT t=34978 RX ua=95 mt=R len=7
PKT t=34983 TX ua=95 mt=P len=0
PKT t=34992 RX ua=95 mt=R len=7
PKT t=34997 TX ua=95 mt=P len=0
PKT t=35027 RX ua=95 mt=R len=7
PKT t=35282 TX ua=96 mt=P len=0
PKT t=35540 TX ua=95 mt=P len=0
PKT t=35549 RX ua=95 mt=R len=7
PKT t=35554 TX ua=95 mt=T len=7
PKT t=35566 TX ua=95 mt=P len=0
PKT t=35576 RX ua=95 mt=R len=7
PKT t=35581 TX ua=95 mt=P len=0
PKT t=35591 RX ua=95 mt=R len=7
PKT t=35596 TX ua=95 mt=P len=0
PKT t=35626 RX ua=95 mt=R len=7
PKT t=35881 TX ua=96 mt=P len=0
PKT t=36139 TX ua=95 mt=P len=0
PKT t=36149 RX ua=95 mt=R len=7
PKT t=36154 TX ua=95 mt=T len=7
PKT t=36166 TX ua=95 mt=P len=0
PKT t=36175 RX ua=95 mt=R len=7
PKT t=36180 TX ua=95 mt=P len=0
PKT t=36189 RX ua=95 mt=R len=7
PKT t=36194 TX ua=95 mt=P len=0
PKT t=36226 RX ua=95 mt=R len=7
PKT t=36231 TX ua=95 mt=P len=0
PKT t=36253 RX ua=95 mt=R len=7
PKT t=36258 TX ua=95 mt=P len=0
PKT t=36267 RX ua=95 mt=R len=7
PKT t=36272 TX ua=95 mt=P len=0
PKT t=36281 RX ua=95 mt=R len=7
PKT t=36286 TX ua=95 mt=P len=0
PKT t=36295 RX ua=95 mt=R len=7
PKT t=36300 TX ua=95 mt=P len=0
PKT t=36309 RX ua=95 mt=R len=7
PKT t=36314 TX ua=95 mt=P len=0
PKT t=36323 RX ua=95 mt=R len=7
PKT t=36328 TX ua=95 mt=P len=0
PKT t=36376 RX ua=95 mt=R len=7
PKT t=36381 TX ua=95 mt=P len=0
PKT t=36390 RX ua=95 mt=R len=7
PKT t=36395 TX ua=95 mt=P len=0
PKT t=36404 RX ua=95 mt=R len=7
PKT t=36409 TX ua=95 mt=T len=7
PKT t=36421 TX ua=95 mt=P len=0
PKT t=36430 RX ua=95 mt=R len=7
PKT t=36435 TX ua=95 mt=P len=0
PKT t=36464 RX ua=95 mt=R len=7
PKT t=36469 TX ua=95 mt=P len=0
PKT t=36478 RX ua=95 mt=R len=7
PKT t=36483 TX ua=95 mt=P len=0
PKT t=36492 RX ua=95 mt=R len=7
PKT t=36497 TX ua=95 mt=P len=0
PKT t=36527 RX ua=95 mt=R len=7
PKT t=36782 TX ua=96 mt=P len=0
PKT t=37040 TX ua=95 mt=P len=0
PKT t=37049 RX ua=95 mt=R len=7
PKT t=37054 TX ua=95 mt=T len=7
PKT t=37066 TX ua=95 mt=P len=0
PKT t=37075 RX ua=95 mt=R len=7
PKT t=37080 TX ua=95 mt=P len=0
PKT t=37089 RX ua=95 mt=R len=7
PKT t=37094 TX ua=95 mt=P len=0
PKT t=37126 RX ua=95 mt=R len=7
PKT t=37131 TX ua=95 mt=P len=0
PKT t=37164 RX ua=95 mt=R len=7
PKT t=37169 TX ua=95 mt=T len=7
PKT t=37182 TX ua=95 mt=P len=0
PKT t=37191 RX ua=95 mt=R len=7
PKT t=37196 TX ua=95 mt=P len=0
PKT t=37205 RX ua=95 mt=R len=7
PKT t=37210 TX ua=95 mt=P len=0
PKT t=37219 RX ua=95 mt=R len=7
PKT t=37224 TX ua=95 mt=P len=0
PKT t=37233 RX ua=95 mt=R len=7
PKT t=37238 TX ua=95 mt=P len=0
PKT t=37276 RX ua=95 mt=R len=7
PKT t=37281 TX ua=95 mt=P len=0
PKT t=37290 RX ua=95 mt=R len=7
PKT t=37295 TX ua=95 mt=P len=0
PKT t=37304 RX ua=95 mt=R len=7
PKT t=37309 TX ua=95 mt=P len=0
PKT t=37318 RX ua=95 mt=R len=7
PKT t=37323 TX ua=95 mt=P len=0
PKT t=37332 RX ua=95 mt=R len=7
PKT t=37337 TX ua=95 mt=P len=0
PKT t=37367 RX ua=95 mt=R len=7
PKT t=37372 TX ua=95 mt=P len=0
PKT t=37381 RX ua=95 mt=R len=7
PKT t=37386 TX ua=95 mt=P len=0
PKT t=37395 RX ua=95 mt=R len=7
