PKT t=7296 TX ua=96 mt=P len=0
PKT t=7601 TX ua=95 mt=P len=0
PKT t=7611 RX ua=95 mt=R len=7
PKT t=7615 TX ua=95 mt=T len=7
PKT t=7627 TX ua=95 mt=P len=0
PKT t=7647 RX ua=95 mt=R len=7
PKT t=7652 TX ua=95 mt=P len=0
PKT t=7662 RX ua=95 mt=R len=7
PKT t=7667 TX ua=95 mt=P len=0
PKT t=7677 RX ua=95 mt=R len=7
PKT t=7682 TX ua=95 mt=P len=0
PKT t=7692 RX ua=95 mt=R len=7
PKT t=7697 TX ua=95 mt=P len=0
PKT t=7747 RX ua=95 mt=R len=7
PKT t=8046 TX ua=96 mt=I len=13
PKT t=8554 TX ua=96 mt=T len=4
PKT t=8565 TX ua=95 mt=P len=0
PKT t=8575 RX ua=95 mt=R len=7
PKT t=8580 TX ua=95 mt=T len=7
PKT t=8592 TX ua=95 mt=P len=0
PKT t=8646 RX ua=95 mt=R len=7
PKT t=8651 TX ua=95 mt=P len=0
PKT t=8660 RX ua=95 mt=R len=7
PKT t=8665 TX ua=95 mt=P len=0
PKT t=8674 RX ua=95 mt=R len=7
PKT t=8679 TX ua=95 mt=P len=0
PKT t=8688 RX ua=95 mt=R len=7
PKT t=8693 TX ua=95 mt=P len=0
PKT t=8702 RX ua=95 mt=R len=7
PKT t=8707 TX ua=95 mt=T len=7
PKT t=8719 TX ua=95 mt=P len=0
PKT t=8796 RX ua=95 mt=R len=7
PKT t=8801 TX ua=95 mt=P len=0
PKT t=8810 RX ua=95 mt=R len=7
PKT t=8815 TX ua=95 mt=P len=0
PKT t=8846 RX ua=95 mt=R len=7
PKT t=8851 TX ua=95 mt=P len=0
PKT t=8860 RX ua=95 mt=R len=7
PKT t=8865 TX ua=95 mt=P len=0
PKT t=8874 RX ua=95 mt=R len=7
PKT t=8879 TX ua=95 mt=P len=0
PKT t=8888 RX ua=95 mt=R len=7
PKT t=8893 TX ua=95 mt=P len=0
PKT t=8946 RX ua=95 mt=R len=7
PKT t=8951 TX ua=95 mt=T len=7
PKT t=8963 TX ua=95 mt=P len=0
PKT t=8972 RX ua=95 mt=R len=7
PKT t=8977 TX ua=95 mt=P len=0
PKT t=8986 RX ua=95 mt=R len=7
PKT t=8991 TX ua=95 mt=P len=0
PKT t=9000 RX ua=95 mt=R len=7
PKT t=9005 TX ua=95 mt=P len=0
PKT t=9014 RX ua=95 mt=R len=7
PKT t=9019 TX ua=95 mt=P len=0
PKT t=9096 RX ua=95 mt=R len=7
PKT t=9101 TX ua=95 mt=P len=0
PKT t=9110 RX ua=95 mt=R len=7
PKT t=9115 TX ua=95 mt=P len=0
PKT t=9147 RX ua=95 mt=R len=7
PKT t=9152 TX ua=95 mt=P len=0
PKT t=9161 RX ua=95 mt=R len=7
PKT t=9166 TX ua=95 mt=P len=0
PKT t=9175 RX ua=95 mt=R len=7
PKT t=9180 TX ua=95 mt=P len=0
PKT t=9189 RX ua=95 mt=R len=7
PKT t=9194 TX ua=95 mt=P len=0
PKT t=9246 RX ua=95 mt=R len=7
PKT t=9251 TX ua=95 mt=T len=7
PKT t=9263 TX ua=95 mt=P len=0
PKT t=9272 RX ua=95 mt=R len=7
PKT t=9277 TX ua=95 mt=P len=0
PKT t=9286 RX ua=95 mt=R len=7
PKT t=9291 TX ua=95 mt=P len=0
PKT t=9300 RX ua=95 mt=R len=7
PKT t=9305 TX ua=95 mt=P len=0
PKT t=9314 RX ua=95 mt=R len=7
PKT t=9319 TX ua=95 mt=P len=0
PKT t=9396 RX ua=95 mt=R len=7
PKT t=9401 TX ua=95 mt=P len=0
PKT t=9410 RX ua=95 mt=R len=7
PKT t=9415 TX ua=95 mt=P len=0
PKT t=9447 RX ua=95 mt=R len=7
PKT t=9452 TX ua=95 mt=T len=7
PKT t=9464 TX ua=95 mt=P len=0
PKT t=9474 RX ua=95 mt=R len=7
PKT t=9479 TX ua=95 mt=P len=0
PKT t=9489 RX ua=95 mt=R len=7
PKT t=9494 TX ua=95 mt=P len=0
PKT t=9546 RX ua=95 mt=R len=7
PKT t=9551 TX ua=95 mt=P len=0
PKT t=9561 RX ua=95 mt=R len=7
PKT t=9566 TX ua=95 mt=P len=0
PKT t=9576 RX ua=95 mt=R len=7
PKT t=9581 TX ua=95 mt=P len=0
PKT t=9591 RX ua=95 mt=R len=7
PKT t=9596 TX ua=95 mt=P len=0
PKT t=9606 RX ua=95 mt=R len=7
PKT t=9611 TX ua=95 mt=P len=0
PKT t=9621 RX ua=95 mt=R len=7
PKT t=9626 TX ua=95 mt=P len=0
PKT t=9696 RX ua=95 mt=R len=7
PKT t=9701 TX ua=95 mt=T len=7
PKT t=9713 TX ua=95 mt=P len=0
PKT t=9722 RX ua=95 mt=R len=7
PKT t=9727 TX ua=95 mt=P len=0
PKT t=9756 RX ua=95 mt=R len=7
PKT t=9761 TX ua=95 mt=P len=0
PKT t=9770 RX ua=95 mt=R len=7
PKT t=9775 TX ua=95 mt=P len=0
PKT t=9784 RX ua=95 mt=R len=7
PKT t=9789 TX ua=95 mt=P len=0
PKT t=9846 RX ua=95 mt=R len=7
PKT t=9851 TX ua=95 mt=P len=0
PKT t=9860 RX ua=95 mt=R len=7
PKT t=9865 TX ua=95 mt=P len=0
PKT t=9874 RX ua=95 mt=R len=7
PKT t=9879 TX ua=95 mt=P len=0
PKT t=9888 RX ua=95 mt=R len=7
PKT t=9893 TX ua=95 mt=P len=0
PKT t=9902 RX ua=95 mt=R len=7
PKT t=9907 TX ua=95 mt=P len=0
PKT t=9916 RX ua=95 mt=R len=7
PKT t=9921 TX ua=95 mt=P len=0
PKT t=9930 RX ua=95 mt=R len=7
PKT t=9935 TX ua=95 mt=P len=0
PKT t=9996 RX ua=95 mt=R len=7
PKT t=10001 TX ua=95 mt=T len=7
PKT t=10013 TX ua=95 mt=P len=0
PKT t=10022 RX ua=95 mt=R len=7
PKT t=10027 TX ua=95 mt=P len=0
PKT t=10036 RX ua=95 mt=R len=7
PKT t=10041 TX ua=95 mt=P len=0
PKT t=10070 RX ua=95 mt=R len=7
PKT t=10075 TX ua=95 mt=P len=0
PKT t=10084 RX ua=95 mt=R len=7
PKT t=10089 TX ua=95 mt=P len=0
PKT t=10347 TX ua=96 mt=P len=0
PKT t=10605 TX ua=95 mt=P len=0
PKT t=10614 RX ua=95 mt=R len=7
PKT t=10619 TX ua=95 mt=T len=7
PKT t=10632 TX ua=95 mt=P len=0
PKT t=10641 RX ua=95 mt=R len=7
PKT t=10646 TX ua=95 mt=T len=7
PKT t=10659 TX ua=95 mt=P len=0
PKT t=10677 RX ua=95 mt=R len=7
PKT t=10682 TX ua=95 mt=P len=0
PKT t=10691 RX ua=95 mt=R len=7
PKT t=10696 TX ua=95 mt=P len=0
PKT t=10746 RX ua=95 mt=R len=7
PKT t=11046 TX ua=96 mt=P len=0
PKT t=11351 TX ua=95 mt=P len=0
PKT t=11360 RX ua=95 mt=R len=7
PKT t=11365 TX ua=95 mt=T len=7
PKT t=11377 TX ua=95 mt=P len=0
PKT t=11386 RX ua=95 mt=R len=7
PKT t=11391 TX ua=95 mt=P len=0
PKT t=11400 RX ua=95 mt=R len=7
PKT t=11405 TX ua=95 mt=P len=0
PKT t=11414 RX ua=95 mt=R len=7
PKT t=11419 TX ua=95 mt=P len=0
PKT t=11428 RX ua=95 mt=R len=7
PKT t=11433 TX ua=95 mt=P len=0
PKT t=11442 RX ua=95 mt=R len=7
PKT t=11447 TX ua=95 mt=P len=0
PKT t=11497 RX ua=95 mt=R len=7
PKT t=11796 TX ua=96 mt=P len=0
PKT t=12101 TX ua=95 mt=P len=0
PKT t=12110 RX ua=95 mt=R len=7
PKT t=12115 TX ua=95 mt=T len=7
PKT t=12127 TX ua=95 mt=P len=0
PKT t=12136 RX ua=95 mt=R len=7
PKT t=12141 TX ua=95 mt=P len=0
PKT t=12151 RX ua=95 mt=R len=7
PKT t=12156 TX ua=95 mt=P len=0
PKT t=12184 RX ua=95 mt=R len=7
PKT t=12189 TX ua=95 mt=P len=0
PKT t=12246 RX ua=95 mt=R len=7
PKT t=12251 TX ua=95 mt=T len=7
PKT t=12263 TX ua=95 mt=P len=0
PKT t=12285 RX ua=95 mt=R len=7
PKT t=12290 TX ua=95 mt=P len=0
PKT t=12299 RX ua=95 mt=R len=7
PKT t=12304 TX ua=95 mt=P len=0
PKT t=12313 RX ua=95 mt=R len=7
PKT t=12318 TX ua=95 mt=P len=0
PKT t=12327 RX ua=95 mt=R len=7
PKT t=12332 TX ua=95 mt=P len=0
PKT t=12341 RX ua=95 mt=R len=7
PKT t=12346 TX ua=95 mt=P len=0
PKT t=12396 RX ua=95 mt=R len=7
PKT t=12696 TX ua=96 mt=P len=0
PKT t=13001 TX ua=95 mt=P len=0
PKT t=13010 RX ua=95 mt=R len=7
PKT t=13015 TX ua=95 mt=T len=7
PKT t=13027 TX ua=95 mt=P len=0
PKT t=13036 RX ua=95 mt=R len=7
PKT t=13041 TX ua=95 mt=P len=0
PKT t=13050 RX ua=95 mt=R len=7
PKT t=13055 TX ua=95 mt=P len=0
PKT t=13089 RX ua=95 mt=R len=7
PKT t=13094 TX ua=95 mt=P len=0
PKT t=13146 RX ua=95 mt=R len=7
PKT t=13151 TX ua=95 mt=P len=0
PKT t=13160 RX ua=95 mt=R len=7
PKT t=13165 TX ua=95 mt=P len=0
PKT t=13194 RX ua=95 mt=R len=7
PKT t=13199 TX ua=95 mt=T len=7
PKT t=13212 TX ua=95 mt=P len=0
PKT t=13221 RX ua=95 mt=R len=7
PKT t=13226 TX ua=95 mt=P len=0
PKT t=13235 RX ua=95 mt=R len=7
PKT t=13240 TX ua=95 mt=P len=0
PKT t=13296 RX ua=95 mt=R len=7
PKT t=13301 TX ua=95 mt=P len=0
PKT t=13310 RX ua=95 mt=R len=7
PKT t=13315 TX ua=95 mt=P len=0
PKT t=13324 RX ua=95 mt=R len=7
PKT t=13329 TX ua=95 mt=P len=0
PKT t=13338 RX ua=95 mt=R len=7
PKT t=13343 TX ua=95 mt=P len=0
PKT t=13352 RX ua=95 mt=R len=7
PKT t=13357 TX ua=95 mt=P len=0
PKT t=13366 RX ua=95 mt=R len=7
PKT t=13371 TX ua=95 mt=P len=0
PKT t=13446 RX ua=95 mt=R len=7
PKT t=13451 TX ua=95 mt=T len=7
PKT t=13464 TX ua=95 mt=P len=0
PKT t=13474 RX ua=95 mt=R len=7
PKT t=13479 TX ua=95 mt=P len=0
PKT t=13508 RX ua=95 mt=R len=7
PKT t=13513 TX ua=95 mt=P len=0
PKT t=13523 RX ua=95 mt=R len=7
PKT t=13528 TX ua=95 mt=P len=0
PKT t=13538 RX ua=95 mt=R len=7
PKT t=13543 TX ua=95 mt=P len=0
PKT t=13596 RX ua=95 mt=R len=7
PKT t=13601 TX ua=95 mt=P len=0
PKT t=13611 RX ua=95 mt=R len=7
PKT t=13616 TX ua=95 mt=P len=0
PKT t=13626 RX ua=95 mt=R len=7
PKT t=13631 TX ua=95 mt=P len=0
PKT t=13641 RX ua=95 mt=R len=7
PKT t=13646 TX ua=95 mt=P len=0
PKT t=13656 RX ua=95 mt=R len=7
PKT t=13661 TX ua=95 mt=P len=0
PKT t=13671 RX ua=95 mt=R len=7
PKT t=13676 TX ua=95 mt=P len=0
PKT t=13746 RX ua=95 mt=R len=7
PKT t=13751 TX ua=95 mt=T len=7
PKT t=13764 TX ua=95 mt=P len=0
PKT t=13773 RX ua=95 mt=R len=7
PKT t=13778 TX ua=95 mt=P len=0
PKT t=13807 RX ua=95 mt=R len=7
PKT t=13812 TX ua=95 mt=P len=0
PKT t=13821 RX ua=95 mt=R len=7
PKT t=13826 TX ua=95 mt=P len=0
PKT t=13835 RX ua=95 mt=R len=7
PKT t=13840 TX ua=95 mt=P len=0
PKT t=13896 RX ua=95 mt=R len=7
PKT t=13901 TX ua=95 mt=P len=0
PKT t=13910 RX ua=95 mt=R len=7
PKT t=13915 TX ua=95 mt=P len=0
PKT t=13924 RX ua=95 mt=R len=7
PKT t=13929 TX ua=95 mt=P len=0
PKT t=13938 RX ua=95 mt=R len=7
PKT t=13943 TX ua=95 mt=P len=0
PKT t=13952 RX ua=95 mt=R len=7
PKT t=13957 TX ua=95 mt=T len=7
PKT t=13970 TX ua=95 mt=P len=0
PKT t=13979 RX ua=95 mt=R len=7
PKT t=13984 TX ua=95 mt=P len=0
PKT t=14046 RX ua=95 mt=R len=7
PKT t=14051 TX ua=95 mt=P len=0
PKT t=14060 RX ua=95 mt=R len=7
PKT t=14065 TX ua=95 mt=P len=0
PKT t=14074 RX ua=95 mt=R len=7
PKT t=14079 TX ua=95 mt=P len=0
PKT t=14118 RX ua=95 mt=R len=7
PKT t=14123 TX ua=95 mt=P len=0
PKT t=14132 RX ua=95 mt=R len=7
PKT t=14137 TX ua=95 mt=P len=0
PKT t=14146 RX ua=95 mt=R len=7
PKT t=14201 TX ua=95 mt=P len=0
PKT t=14213 RX ua=95 mt=R len=7
PKT t=14218 TX ua=95 mt=T len=7
PKT t=14230 TX ua=95 mt=P len=0
PKT t=14239 RX ua=95 mt=R len=7
PKT t=14244 TX ua=95 mt=P len=0
PKT t=14253 RX ua=95 mt=R len=7
PKT t=14258 TX ua=95 mt=P len=0
PKT t=14267 RX ua=95 mt=R len=7
PKT t=14272 TX ua=95 mt=P len=0
PKT t=14281 RX ua=95 mt=R len=7
PKT t=14286 TX ua=95 mt=P len=0
PKT t=14346 RX ua=95 mt=R len=7
PKT t=14351 TX ua=95 mt=P len=0
PKT t=14360 RX ua=95 mt=R len=7
PKT t=14365 TX ua=95 mt=P len=0
PKT t=14374 RX ua=95 mt=R len=7
PKT t=14379 TX ua=95 mt=P len=0
PKT t=14388 RX ua=95 mt=R len=7
PKT t=14393 TX ua=95 mt=P len=0
PKT t=14423 RX ua=95 mt=R len=7
PKT t=14428 TX ua=95 mt=P len=0
PKT t=14437 RX ua=95 mt=R len=7
PKT t=14442 TX ua=95 mt=P len=0
PKT t=14496 RX ua=95 mt=R len=7
PKT t=14501 TX ua=95 mt=T len=7
PKT t=14513 TX ua=95 mt=P len=0
PKT t=14524 RX ua=95 mt=R len=7
PKT t=14529 TX ua=95 mt=P len=0
PKT t=14538 RX ua=95 mt=R len=7
PKT t=14543 TX ua=95 mt=P len=0
PKT t=14552 RX ua=95 mt=R len=7
PKT t=14557 TX ua=95 mt=P len=0
PKT t=14566 RX ua=95 mt=R len=7
PKT t=14571 TX ua=95 mt=P len=0
PKT t=14580 RX ua=95 mt=R len=7
PKT t=14585 TX ua=95 mt=P len=0
PKT t=14594 RX ua=95 mt=R len=7
PKT t=14646 TX ua=95 mt=P len=0
PKT t=14655 RX ua=95 mt=R len=7
PKT t=14660 TX ua=95 mt=P len=0
PKT t=14669 RX ua=95 mt=R len=7
PKT t=14674 TX ua=95 mt=P len=0
PKT t=14683 RX ua=95 mt=R len=7
PKT t=14688 TX ua=95 mt=P len=0
PKT t=14697 RX ua=95 mt=R len=7
PKT t=14702 TX ua=95 mt=P len=0
PKT t=14731 RX ua=95 mt=R len=7
PKT t=14736 TX ua=95 mt=P len=0
PKT t=14745 RX ua=95 mt=R len=7
PKT t=14796 TX ua=95 mt=T len=7
PKT t=14808 TX ua=95 mt=P len=0
PKT t=14836 RX ua=95 mt=R len=7
PKT t=14841 TX ua=95 mt=P len=0
PKT t=14850 RX ua=95 mt=R len=7
PKT t=14855 TX ua=95 mt=P len=0
PKT t=14864 RX ua=95 mt=R len=7
PKT t=14869 TX ua=95 mt=P len=0
PKT t=14878 RX ua=95 mt=R len=7
PKT t=14883 TX ua=95 mt=P len=0
PKT t=14892 RX ua=95 mt=R len=7
PKT t=14897 TX ua=95 mt=P len=0
PKT t=14947 RX ua=95 mt=R len=7
PKT t=15246 TX ua=96 mt=P len=0
PKT t=15551 TX ua=95 mt=P len=0
PKT t=15560 RX ua=95 mt=R len=7
PKT t=15565 TX ua=95 mt=T len=7
PKT t=15577 TX ua=95 mt=P len=0
PKT t=15587 RX ua=95 mt=R len=7
PKT t=15592 TX ua=95 mt=P len=0
PKT t=15602 RX ua=95 mt=R len=7
PKT t=15607 TX ua=95 mt=P len=0
PKT t=15640 RX ua=95 mt=R len=7
PKT t=15645 TX ua=95 mt=P len=0
PKT t=15696 RX ua=95 mt=R len=7
PKT t=15996 TX ua=96 mt=P len=0
PKT t=16301 TX ua=95 mt=P len=0
PKT t=16311 RX ua=95 mt=R len=7
PKT t=16316 TX ua=95 mt=T len=7
PKT t=16328 TX ua=95 mt=P len=0
PKT t=16347 RX ua=95 mt=R len=7
PKT t=16351 TX ua=95 mt=P len=0
PKT t=16360 RX ua=95 mt=R len=7
PKT t=16365 TX ua=95 mt=P len=0
PKT t=16374 RX ua=95 mt=R len=7
PKT t=16379 TX ua=95 mt=P len=0
PKT t=16388 RX ua=95 mt=R len=7
PKT t=16393 TX ua=95 mt=P len=0
PKT t=16446 RX ua=95 mt=R len=7
PKT t=16451 TX ua=95 mt=P len=0
PKT t=16460 RX ua=95 mt=R len=7
PKT t=16465 TX ua=95 mt=P len=0
PKT t=16474 RX ua=95 mt=R len=7
PKT t=16479 TX ua=95 mt=P len=0
PKT t=16488 RX ua=95 mt=R len=7
PKT t=16493 TX ua=95 mt=P len=0
PKT t=16502 RX ua=95 mt=R len=7
PKT t=16507 TX ua=95 mt=T len=7
PKT t=16519 TX ua=95 mt=P len=0
PKT t=16596 RX ua=95 mt=R len=7
PKT t=16601 TX ua=95 mt=P len=0
PKT t=16610 RX ua=95 mt=R len=7
PKT t=16615 TX ua=95 mt=P len=0
PKT t=16647 RX ua=95 mt=R len=7
PKT t=16651 TX ua=95 mt=P len=0
PKT t=16660 RX ua=95 mt=R len=7
PKT t=16665 TX ua=95 mt=P len=0
PKT t=16674 RX ua=95 mt=R len=7
PKT t=16679 TX ua=95 mt=P len=0
PKT t=16688 RX ua=95 mt=R len=7
PKT t=16693 TX ua=95 mt=P len=0
PKT t=16746 RX ua=95 mt=R len=7
PKT t=16751 TX ua=95 mt=T len=7
PKT t=16763 TX ua=95 mt=P len=0
PKT t=16772 RX ua=95 mt=R len=7
PKT t=16777 TX ua=95 mt=P len=0
PKT t=16786 RX ua=95 mt=R len=7
PKT t=16791 TX ua=95 mt=P len=0
PKT t=16800 RX ua=95 mt=R len=7
PKT t=16805 TX ua=95 mt=P len=0
PKT t=16814 RX ua=95 mt=R len=7
PKT t=16819 TX ua=95 mt=P len=0
PKT t=16896 RX ua=95 mt=R len=7
PKT t=16901 TX ua=95 mt=P len=0
PKT t=16910 RX ua=95 mt=R len=7
PKT t=16915 TX ua=95 mt=P len=0
PKT t=16948 RX ua=95 mt=R len=7
PKT t=16953 TX ua=95 mt=P len=0
PKT t=16962 RX ua=95 mt=R len=7
PKT t=16967 TX ua=95 mt=P len=0
PKT t=16976 RX ua=95 mt=R len=7
PKT t=16981 TX ua=95 mt=P len=0
PKT t=16991 RX ua=95 mt=R len=7
PKT t=16995 TX ua=95 mt=P len=0
PKT t=17046 RX ua=95 mt=R len=7
PKT t=17346 TX ua=96 mt=P len=0
PKT t=17651 TX ua=95 mt=P len=0
PKT t=17661 RX ua=95 mt=R len=7
PKT t=17665 TX ua=95 mt=T len=7
PKT t=17677 TX ua=95 mt=P len=0
PKT t=17687 RX ua=95 mt=R len=7
PKT t=17692 TX ua=95 mt=P len=0
PKT t=17702 RX ua=95 mt=R len=7
PKT t=17707 TX ua=95 mt=P len=0
PKT t=17717 RX ua=95 mt=R len=7
PKT t=17722 TX ua=95 mt=P len=0
PKT t=17796 RX ua=95 mt=R len=7
PKT t=17801 TX ua=95 mt=T len=7
PKT t=17813 TX ua=95 mt=P len=0
PKT t=17822 RX ua=95 mt=R len=7
PKT t=17827 TX ua=95 mt=P len=0
PKT t=17856 RX ua=95 mt=R len=7
PKT t=17861 TX ua=95 mt=P len=0
PKT t=17870 RX ua=95 mt=R len=7
PKT t=17875 TX ua=95 mt=P len=0
PKT t=17884 RX ua=95 mt=R len=7
PKT t=17889 TX ua=95 mt=P len=0
PKT t=17946 RX ua=95 mt=R len=7
PKT t=17951 TX ua=95 mt=P len=0
PKT t=17960 RX ua=95 mt=R len=7
PKT t=17965 TX ua=95 mt=P len=0
PKT t=17974 RX ua=95 mt=R len=7
PKT t=17979 TX ua=95 mt=P len=0
PKT t=17988 RX ua=95 mt=R len=7
PKT t=17993 TX ua=95 mt=P len=0
PKT t=18002 RX ua=95 mt=R len=7
PKT t=18007 TX ua=95 mt=T len=7
PKT t=18019 TX ua=95 mt=P len=0
PKT t=18028 RX ua=95 mt=R len=7
PKT t=18033 TX ua=95 mt=P len=0
PKT t=18096 RX ua=95 mt=R len=7
PKT t=18101 TX ua=95 mt=P len=0
PKT t=18110 RX ua=95 mt=R len=7
PKT t=18115 TX ua=95 mt=P len=0
PKT t=18124 RX ua=95 mt=R len=7
PKT t=18129 TX ua=95 mt=P len=0
PKT t=18162 RX ua=95 mt=R len=7
PKT t=18167 TX ua=95 mt=P len=0
PKT t=18176 RX ua=95 mt=R len=7
PKT t=18181 TX ua=95 mt=P len=0
PKT t=18190 RX ua=95 mt=R len=7
PKT t=18195 TX ua=95 mt=P len=0
PKT t=18251 RX ua=95 mt=R len=7
PKT t=18551 TX ua=96 mt=P len=0
PKT t=18851 TX ua=95 mt=P len=0
PKT t=18860 RX ua=95 mt=R len=7
PKT t=18865 TX ua=95 mt=T len=7
PKT t=18878 TX ua=95 mt=P len=0
PKT t=18887 RX ua=95 mt=R len=7
PKT t=18892 TX ua=95 mt=T len=7
PKT t=18905 TX ua=95 mt=P len=0
PKT t=18914 RX ua=95 mt=R len=7
PKT t=18919 TX ua=95 mt=P len=0
PKT t=18928 RX ua=95 mt=R len=7
PKT t=18933 TX ua=95 mt=P len=0
PKT t=18996 RX ua=95 mt=R len=7
PKT t=19001 TX ua=95 mt=P len=0
PKT t=19010 RX ua=95 mt=R len=7
PKT t=19015 TX ua=95 mt=P len=0
PKT t=19024 RX ua=95 mt=R len=7
PKT t=19029 TX ua=95 mt=P len=0
PKT t=19062 RX ua=95 mt=R len=7
PKT t=19067 TX ua=95 mt=T len=7
PKT t=19080 TX ua=95 mt=P len=0
PKT t=19089 RX ua=95 mt=R len=7
PKT t=19094 TX ua=95 mt=P len=0
PKT t=19146 RX ua=95 mt=R len=7
PKT t=19151 TX ua=95 mt=P len=0
PKT t=19162 RX ua=95 mt=R len=7
PKT t=19167 TX ua=95 mt=P len=0
PKT t=19177 RX ua=95 mt=R len=7
PKT t=19182 TX ua=95 mt=P len=0
PKT t=19191 RX ua=95 mt=R len=7
PKT t=19196 TX ua=95 mt=P len=0
PKT t=19205 RX ua=95 mt=R len=7
PKT t=19210 TX ua=95 mt=P len=0
PKT t=19219 RX ua=95 mt=R len=7
PKT t=19224 TX ua=95 mt=P len=0
PKT t=19233 RX ua=95 mt=R len=7
PKT t=19238 TX ua=95 mt=P len=0
PKT t=19296 RX ua=95 mt=R len=7
PKT t=19301 TX ua=95 mt=T len=7
PKT t=19313 TX ua=95 mt=P len=0
PKT t=19322 RX ua=95 mt=R len=7
PKT t=19327 TX ua=95 mt=P len=0
PKT t=19336 RX ua=95 mt=R len=7
PKT t=19341 TX ua=95 mt=P len=0
PKT t=19370 RX ua=95 mt=R len=7
PKT t=19375 TX ua=95 mt=P len=0
PKT t=19384 RX ua=95 mt=R len=7
PKT t=19389 TX ua=95 mt=P len=0
PKT t=19446 RX ua=95 mt=R len=7
PKT t=19451 TX ua=95 mt=P len=0
PKT t=19470 RX ua=95 mt=R len=7
PKT t=19475 TX ua=95 mt=P len=0
PKT t=19484 RX ua=95 mt=R len=7
PKT t=19489 TX ua=95 mt=P len=0
PKT t=19498 RX ua=95 mt=R len=7
PKT t=19503 TX ua=95 mt=P len=0
PKT t=19512 RX ua=95 mt=R len=7
PKT t=19517 TX ua=95 mt=P len=0
PKT t=19526 RX ua=95 mt=R len=7
PKT t=19531 TX ua=95 mt=P len=0
PKT t=19540 RX ua=95 mt=R len=7
PKT t=19545 TX ua=95 mt=P len=0
PKT t=19596 RX ua=95 mt=R len=7
PKT t=19896 TX ua=96 mt=P len=0
PKT t=20201 TX ua=95 mt=P len=0
PKT t=20210 RX ua=95 mt=R len=7
PKT t=20215 TX ua=95 mt=T len=7
PKT t=20227 TX ua=95 mt=P len=0
PKT t=20236 RX ua=95 mt=R len=7
PKT t=20241 TX ua=95 mt=P len=0
PKT t=20274 RX ua=95 mt=R len=7
PKT t=20279 TX ua=95 mt=P len=0
PKT t=20288 RX ua=95 mt=R len=7
PKT t=20293 TX ua=95 mt=P len=0
PKT t=20346 RX ua=95 mt=R len=7
PKT t=20351 TX ua=95 mt=T len=7
PKT t=20363 TX ua=95 mt=P len=0
PKT t=20376 RX ua=95 mt=R len=7
PKT t=20380 TX ua=95 mt=P len=0
PKT t=20389 RX ua=95 mt=R len=7
PKT t=20394 TX ua=95 mt=P len=0
PKT t=20403 RX ua=95 mt=R len=7
PKT t=20408 TX ua=95 mt=P len=0
PKT t=20417 RX ua=95 mt=R len=7
PKT t=20422 TX ua=95 mt=P len=0
PKT t=20431 RX ua=95 mt=R len=7
PKT t=20436 TX ua=95 mt=P len=0
PKT t=20445 RX ua=95 mt=R len=7
PKT t=20496 TX ua=95 mt=P len=0
PKT t=20505 RX ua=95 mt=R len=7
PKT t=20510 TX ua=95 mt=P len=0
PKT t=20519 RX ua=95 mt=R len=7
PKT t=20524 TX ua=95 mt=P len=0
PKT t=20533 RX ua=95 mt=R len=7
PKT t=20538 TX ua=95 mt=P len=0
PKT t=20547 RX ua=95 mt=R len=7
PKT t=20552 TX ua=95 mt=T len=7
PKT t=20564 TX ua=95 mt=P len=0
PKT t=20583 RX ua=95 mt=R len=7
PKT t=20588 TX ua=95 mt=P len=0
PKT t=20646 RX ua=95 mt=R len=7
PKT t=20651 TX ua=95 mt=P len=0
PKT t=20682 RX ua=95 mt=R len=7
PKT t=20687 TX ua=95 mt=P len=0
PKT t=20696 RX ua=95 mt=R len=7
PKT t=20701 TX ua=95 mt=P len=0
PKT t=20710 RX ua=95 mt=R len=7
PKT t=20715 TX ua=95 mt=P len=0
PKT t=20724 RX ua=95 mt=R len=7
PKT t=20729 TX ua=95 mt=P len=0
PKT t=20738 RX ua=95 mt=R len=7
PKT t=20743 TX ua=95 mt=P len=0
PKT t=20796 RX ua=95 mt=R len=7
PKT t=20801 TX ua=95 mt=T len=7
PKT t=20813 TX ua=95 mt=P len=0
PKT t=20822 RX ua=95 mt=R len=7
PKT t=20827 TX ua=95 mt=P len=0
PKT t=20836 RX ua=95 mt=R len=7
PKT t=20841 TX ua=95 mt=P len=0
PKT t=20850 RX ua=95 mt=R len=7
PKT t=20855 TX ua=95 mt=P len=0
PKT t=20886 RX ua=95 mt=R len=7
PKT t=20891 TX ua=95 mt=P len=0
PKT t=20946 RX ua=95 mt=R len=7
PKT t=20951 TX ua=95 mt=P len=0
PKT t=20960 RX ua=95 mt=R len=7
PKT t=20965 TX ua=95 mt=P len=0
PKT t=20994 RX ua=95 mt=R len=7
PKT t=20999 TX ua=95 mt=P len=0
PKT t=21008 RX ua=95 mt=R len=7
PKT t=21013 TX ua=95 mt=P len=0
PKT t=21022 RX ua=95 mt=R len=7
PKT t=21027 TX ua=95 mt=P len=0
PKT t=21036 RX ua=95 mt=R len=7
PKT t=21041 TX ua=95 mt=P len=0
PKT t=21096 RX ua=95 mt=R len=7
PKT t=21101 TX ua=95 mt=T len=7
PKT t=21113 TX ua=95 mt=P len=0
PKT t=21122 RX ua=95 mt=R len=7
PKT t=21127 TX ua=95 mt=P len=0
PKT t=21136 RX ua=95 mt=R len=7
PKT t=21141 TX ua=95 mt=P len=0
PKT t=21150 RX ua=95 mt=R len=7
PKT t=21155 TX ua=95 mt=P len=0
PKT t=21164 RX ua=95 mt=R len=7
PKT t=21169 TX ua=95 mt=P len=0
PKT t=21246 RX ua=95 mt=R len=7
PKT t=21251 TX ua=95 mt=P len=0
PKT t=21260 RX ua=95 mt=R len=7
PKT t=21265 TX ua=95 mt=P len=0
PKT t=21298 RX ua=95 mt=R len=7
PKT t=21303 TX ua=95 mt=T len=7
PKT t=21316 TX ua=95 mt=P len=0
PKT t=21325 RX ua=95 mt=R len=7
PKT t=21330 TX ua=95 mt=P len=0
PKT t=21339 RX ua=95 mt=R len=7
PKT t=21344 TX ua=95 mt=P len=0
PKT t=21396 RX ua=95 mt=R len=7
PKT t=21401 TX ua=95 mt=P len=0
PKT t=21410 RX ua=95 mt=R len=7
PKT t=21415 TX ua=95 mt=P len=0
PKT t=21424 RX ua=95 mt=R len=7
PKT t=21429 TX ua=95 mt=P len=0
PKT t=21438 RX ua=95 mt=R len=7
PKT t=21443 TX ua=95 mt=P len=0
PKT t=21452 RX ua=95 mt=R len=7
PKT t=21457 TX ua=95 mt=P len=0
PKT t=21466 RX ua=95 mt=R len=7
PKT t=21471 TX ua=95 mt=P len=0
PKT t=21546 RX ua=95 mt=R len=7
PKT t=21551 TX ua=95 mt=T len=7
PKT t=21564 TX ua=95 mt=P len=0
PKT t=21574 RX ua=95 mt=R len=7
PKT t=21579 TX ua=95 mt=P len=0
PKT t=21608 RX ua=95 mt=R len=7
PKT t=21613 TX ua=95 mt=P len=0
PKT t=21623 RX ua=95 mt=R len=7
PKT t=21628 TX ua=95 mt=P len=0
PKT t=21638 RX ua=95 mt=R len=7
PKT t=21643 TX ua=95 mt=P len=0
PKT t=21696 RX ua=95 mt=R len=7
PKT t=21701 TX ua=95 mt=P len=0
PKT t=21711 RX ua=95 mt=R len=7
PKT t=21716 TX ua=95 mt=P len=0
PKT t=21726 RX ua=95 mt=R len=7
PKT t=21731 TX ua=95 mt=P len=0
PKT t=21741 RX ua=95 mt=R len=7
PKT t=21746 TX ua=95 mt=P len=0
PKT t=21756 RX ua=95 mt=R len=7
PKT t=21761 TX ua=95 mt=P len=0
PKT t=21771 RX ua=95 mt=R len=7
PKT t=21776 TX ua=95 mt=P len=0
PKT t=21846 RX ua=95 mt=R len=7
PKT t=21851 TX ua=95 mt=T len=7
PKT t=21864 TX ua=95 mt=P len=0
PKT t=21873 RX ua=95 mt=R len=7
PKT t=21878 TX ua=95 mt=P len=0
PKT t=21907 RX ua=95 mt=R len=7
PKT t=21912 TX ua=95 mt=P len=0
PKT t=21921 RX ua=95 mt=R len=7
PKT t=21926 TX ua=95 mt=P len=0
PKT t=21935 RX ua=95 mt=R len=7
PKT t=21940 TX ua=95 mt=P len=0
PKT t=21996 RX ua=95 mt=R len=7
PKT t=22001 TX ua=95 mt=P len=0
PKT t=22010 RX ua=95 mt=R len=7
PKT t=22015 TX ua=95 mt=P len=0
PKT t=22024 RX ua=95 mt=R len=7
PKT t=22029 TX ua=95 mt=P len=0
PKT t=22038 RX ua=95 mt=R len=7
PKT t=22043 TX ua=95 mt=P len=0
PKT t=22052 RX ua=95 mt=R len=7
PKT t=22057 TX ua=95 mt=T len=7
PKT t=22070 TX ua=95 mt=P len=0
PKT t=22079 RX ua=95 mt=R len=7
PKT t=22084 TX ua=95 mt=P len=0
PKT t=22146 RX ua=95 mt=R len=7
PKT t=22151 TX ua=95 mt=P len=0
PKT t=22160 RX ua=95 mt=R len=7
PKT t=22165 TX ua=95 mt=P len=0
PKT t=22174 RX ua=95 mt=R len=7
PKT t=22179 TX ua=95 mt=P len=0
PKT t=22189 RX ua=95 mt=R len=7
PKT t=22193 TX ua=95 mt=P len=0
PKT t=22222 RX ua=95 mt=R len=7
PKT t=22227 TX ua=95 mt=P len=0
PKT t=22236 RX ua=95 mt=R len=7
PKT t=22241 TX ua=95 mt=P len=0
PKT t=22499 TX ua=96 mt=P len=0
PKT t=22757 TX ua=95 mt=P len=0
PKT t=22766 RX ua=95 mt=R len=7
PKT t=22771 TX ua=95 mt=T len=7
PKT t=22783 TX ua=95 mt=P len=0
PKT t=22792 RX ua=95 mt=R len=7
PKT t=22797 TX ua=95 mt=P len=0
PKT t=22826 RX ua=95 mt=R len=7
PKT t=22831 TX ua=95 mt=P len=0
PKT t=22840 RX ua=95 mt=R len=7
PKT t=22845 TX ua=95 mt=P len=0
PKT t=22896 RX ua=95 mt=R len=7
PKT t=23196 TX ua=96 mt=P len=0
PKT t=23501 TX ua=95 mt=P len=0
PKT t=23510 RX ua=95 mt=R len=7
PKT t=23515 TX ua=95 mt=T len=7
PKT t=23527 TX ua=95 mt=P len=0
PKT t=23536 RX ua=95 mt=R len=7
PKT t=23541 TX ua=95 mt=P len=0
PKT t=23550 RX ua=95 mt=R len=7
PKT t=23555 TX ua=95 mt=P len=0
PKT t=23564 RX ua=95 mt=R len=7
PKT t=23569 TX ua=95 mt=P len=0
PKT t=23578 RX ua=95 mt=R len=7
PKT t=23583 TX ua=95 mt=P len=0
PKT t=23592 RX ua=95 mt=R len=7
PKT t=23597 TX ua=95 mt=T len=7
PKT t=23654 TX ua=95 mt=P len=0
PKT t=23664 RX ua=95 mt=R len=7
PKT t=23669 TX ua=95 mt=P len=0
PKT t=23679 RX ua=95 mt=R len=7
PKT t=23684 TX ua=95 mt=P len=0
PKT t=23694 RX ua=95 mt=R len=7
PKT t=23699 TX ua=95 mt=P len=0
PKT t=23728 RX ua=95 mt=R len=7
PKT t=23733 TX ua=95 mt=P len=0
PKT t=23743 RX ua=95 mt=R len=7
PKT t=23796 TX ua=95 mt=P len=0
PKT t=23827 RX ua=95 mt=R len=7
PKT t=23832 TX ua=95 mt=P len=0
PKT t=23842 RX ua=95 mt=R len=7
PKT t=23847 TX ua=95 mt=T len=7
PKT t=23859 TX ua=95 mt=P len=0
PKT t=23868 RX ua=95 mt=R len=7
PKT t=23873 TX ua=95 mt=P len=0
PKT t=23882 RX ua=95 mt=R len=7
PKT t=23887 TX ua=95 mt=P len=0
PKT t=23896 RX ua=95 mt=R len=7
PKT t=23946 TX ua=95 mt=P len=0
PKT t=23955 RX ua=95 mt=R len=7
PKT t=23960 TX ua=95 mt=P len=0
PKT t=23969 RX ua=95 mt=R len=7
PKT t=23974 TX ua=95 mt=P len=0
PKT t=23983 RX ua=95 mt=R len=7
PKT t=23988 TX ua=95 mt=P len=0
PKT t=23997 RX ua=95 mt=R len=7
PKT t=24002 TX ua=95 mt=P len=0
PKT t=24031 RX ua=95 mt=R len=7
PKT t=24036 TX ua=95 mt=P len=0
PKT t=24045 RX ua=95 mt=R len=7
PKT t=24096 TX ua=95 mt=P len=0
PKT t=24105 RX ua=95 mt=R len=7
PKT t=24110 TX ua=95 mt=T len=7
PKT t=24122 TX ua=95 mt=P len=0
PKT t=24146 RX ua=95 mt=R len=7
PKT t=24151 TX ua=95 mt=P len=0
PKT t=24160 RX ua=95 mt=R len=7
PKT t=24165 TX ua=95 mt=P len=0
PKT t=24174 RX ua=95 mt=R len=7
PKT t=24179 TX ua=95 mt=P len=0
PKT t=24188 RX ua=95 mt=R len=7
PKT t=24193 TX ua=95 mt=P len=0
PKT t=24246 RX ua=95 mt=R len=7
PKT t=24251 TX ua=95 mt=P len=0
PKT t=24260 RX ua=95 mt=R len=7
PKT t=24265 TX ua=95 mt=P len=0
PKT t=24274 RX ua=95 mt=R len=7
PKT t=24279 TX ua=95 mt=P len=0
PKT t=24288 RX ua=95 mt=R len=7
PKT t=24293 TX ua=95 mt=P len=0
PKT t=24302 RX ua=95 mt=R len=7
PKT t=24307 TX ua=95 mt=P len=0
PKT t=24339 RX ua=95 mt=R len=7
PKT t=24344 TX ua=95 mt=P len=0
PKT t=24396 RX ua=95 mt=R len=7
PKT t=24401 TX ua=95 mt=T len=7
PKT t=24413 TX ua=95 mt=P len=0
PKT t=24441 RX ua=95 mt=R len=7
PKT t=24446 TX ua=95 mt=P len=0
PKT t=24455 RX ua=95 mt=R len=7
PKT t=24460 TX ua=95 mt=P len=0
PKT t=24469 RX ua=95 mt=R len=7
PKT t=24474 TX ua=95 mt=P len=0
PKT t=24483 RX ua=95 mt=R len=7
PKT t=24488 TX ua=95 mt=P len=0
PKT t=24546 RX ua=95 mt=R len=7
PKT t=24551 TX ua=95 mt=P len=0
PKT t=24560 RX ua=95 mt=R len=7
PKT t=24565 TX ua=95 mt=P len=0
PKT t=24574 RX ua=95 mt=R len=7
PKT t=24579 TX ua=95 mt=P len=0
PKT t=24588 RX ua=95 mt=R len=7
PKT t=24593 TX ua=95 mt=P len=0
PKT t=24602 RX ua=95 mt=R len=7
PKT t=24607 TX ua=95 mt=T len=7
PKT t=24619 TX ua=95 mt=P len=0
PKT t=24696 RX ua=95 mt=R len=7
PKT t=24701 TX ua=95 mt=P len=0
PKT t=24710 RX ua=95 mt=R len=7
PKT t=24715 TX ua=95 mt=P len=0
PKT t=24747 RX ua=95 mt=R len=7
PKT t=24752 TX ua=95 mt=P len=0
PKT t=24761 RX ua=95 mt=R len=7
PKT t=24766 TX ua=95 mt=P len=0
PKT t=24775 RX ua=95 mt=R len=7
PKT t=24780 TX ua=95 mt=P len=0
PKT t=24789 RX ua=95 mt=R len=7
PKT t=24794 TX ua=95 mt=P len=0
PKT t=24846 RX ua=95 mt=R len=7
PKT t=24851 TX ua=95 mt=T len=7
PKT t=24863 TX ua=95 mt=P len=0
PKT t=24872 RX ua=95 mt=R len=7
PKT t=24877 TX ua=95 mt=P len=0
PKT t=24886 RX ua=95 mt=R len=7
PKT t=24891 TX ua=95 mt=P len=0
PKT t=24900 RX ua=95 mt=R len=7
PKT t=24905 TX ua=95 mt=P len=0
PKT t=24914 RX ua=95 mt=R len=7
PKT t=24919 TX ua=95 mt=P len=0
PKT t=24996 RX ua=95 mt=R len=7
PKT t=25001 TX ua=95 mt=P len=0
PKT t=25010 RX ua=95 mt=R len=7
PKT t=25015 TX ua=95 mt=P len=0
PKT t=25048 RX ua=95 mt=R len=7
PKT t=25053 TX ua=95 mt=P len=0
PKT t=25062 RX ua=95 mt=R len=7
PKT t=25067 TX ua=95 mt=P len=0
PKT t=25076 RX ua=95 mt=R len=7
PKT t=25081 TX ua=95 mt=P len=0
PKT t=25090 RX ua=95 mt=R len=7
PKT t=25095 TX ua=95 mt=P len=0
PKT t=25146 RX ua=95 mt=R len=7
PKT t=25446 TX ua=96 mt=P len=0
PKT t=25751 TX ua=95 mt=P len=0
PKT t=25760 RX ua=95 mt=R len=7
PKT t=25765 TX ua=95 mt=T len=7
PKT t=25777 TX ua=95 mt=P len=0
PKT t=25787 RX ua=95 mt=R len=7
PKT t=25792 TX ua=95 mt=P len=0
PKT t=25802 RX ua=95 mt=R len=7
PKT t=25807 TX ua=95 mt=P len=0
PKT t=25817 RX ua=95 mt=R len=7
PKT t=25822 TX ua=95 mt=P len=0
PKT t=25896 RX ua=95 mt=R len=7
PKT t=25901 TX ua=95 mt=T len=7
PKT t=25913 TX ua=95 mt=P len=0
PKT t=25922 RX ua=95 mt=R len=7
PKT t=25927 TX ua=95 mt=P len=0
PKT t=25956 RX ua=95 mt=R len=7
PKT t=25961 TX ua=95 mt=P len=0
PKT t=25970 RX ua=95 mt=R len=7
PKT t=25975 TX ua=95 mt=P len=0
PKT t=25984 RX ua=95 mt=R len=7
PKT t=25989 TX ua=95 mt=P len=0
PKT t=26046 RX ua=95 mt=R len=7
PKT t=26051 TX ua=95 mt=P len=0
PKT t=26060 RX ua=95 mt=R len=7
PKT t=26065 TX ua=95 mt=P len=0
PKT t=26074 RX ua=95 mt=R len=7
PKT t=26079 TX ua=95 mt=P len=0
PKT t=26088 RX ua=95 mt=R len=7
PKT t=26093 TX ua=95 mt=P len=0
PKT t=26102 RX ua=95 mt=R len=7
PKT t=26107 TX ua=95 mt=T len=7
PKT t=26119 TX ua=95 mt=P len=0
PKT t=26128 RX ua=95 mt=R len=7
PKT t=26133 TX ua=95 mt=P len=0
PKT t=26196 RX ua=95 mt=R len=7
PKT t=26201 TX ua=95 mt=P len=0
PKT t=26210 RX ua=95 mt=R len=7
PKT t=26215 TX ua=95 mt=P len=0
PKT t=26224 RX ua=95 mt=R len=7
PKT t=26229 TX ua=95 mt=P len=0
PKT t=26262 RX ua=95 mt=R len=7
PKT t=26267 TX ua=95 mt=P len=0
PKT t=26276 RX ua=95 mt=R len=7
PKT t=26281 TX ua=95 mt=P len=0
PKT t=26290 RX ua=95 mt=R len=7
PKT t=26295 TX ua=95 mt=P len=0
PKT t=26351 RX ua=95 mt=R len=7
PKT t=26651 TX ua=96 mt=P len=0
PKT t=26951 TX ua=95 mt=P len=0
PKT t=26960 RX ua=95 mt=R len=7
PKT t=26965 TX ua=95 mt=T len=7
PKT t=26978 TX ua=95 mt=P len=0
PKT t=26987 RX ua=95 mt=R len=7
PKT t=26992 TX ua=95 mt=T len=7
PKT t=27005 TX ua=95 mt=P len=0
PKT t=27014 RX ua=95 mt=R len=7
PKT t=27019 TX ua=95 mt=P len=0
PKT t=27028 RX ua=95 mt=R len=7
PKT t=27033 TX ua=95 mt=P len=0
PKT t=27096 RX ua=95 mt=R len=7
PKT t=27101 TX ua=95 mt=P len=0
PKT t=27110 RX ua=95 mt=R len=7
PKT t=27115 TX ua=95 mt=P len=0
PKT t=27124 RX ua=95 mt=R len=7
PKT t=27129 TX ua=95 mt=P len=0
PKT t=27162 RX ua=95 mt=R len=7
PKT t=27167 TX ua=95 mt=T len=7
PKT t=27180 TX ua=95 mt=P len=0
PKT t=27189 RX ua=95 mt=R len=7
PKT t=27194 TX ua=95 mt=P len=0
PKT t=27246 RX ua=95 mt=R len=7
PKT t=27251 TX ua=95 mt=P len=0
PKT t=27262 RX ua=95 mt=R len=7
PKT t=27267 TX ua=95 mt=P len=0
PKT t=27276 RX ua=95 mt=R len=7
PKT t=27281 TX ua=95 mt=P len=0
PKT t=27290 RX ua=95 mt=R len=7
PKT t=27295 TX ua=95 mt=P len=0
PKT t=27304 RX ua=95 mt=R len=7
PKT t=27309 TX ua=95 mt=P len=0
PKT t=27318 RX ua=95 mt=R len=7
PKT t=27323 TX ua=95 mt=P len=0
PKT t=27332 RX ua=95 mt=R len=7
PKT t=27337 TX ua=95 mt=P len=0
PKT t=27396 RX ua=95 mt=R len=7
PKT t=27401 TX ua=95 mt=T len=7
PKT t=27413 TX ua=95 mt=P len=0
PKT t=27422 RX ua=95 mt=R len=7
PKT t=27427 TX ua=95 mt=P len=0
PKT t=27436 RX ua=95 mt=R len=7
PKT t=27441 TX ua=95 mt=P len=0
PKT t=27470 RX ua=95 mt=R len=7
PKT t=27475 TX ua=95 mt=P len=0
PKT t=27484 RX ua=95 mt=R len=7
PKT t=27489 TX ua=95 mt=P len=0
PKT t=27546 RX ua=95 mt=R len=7
PKT t=27551 TX ua=95 mt=P len=0
PKT t=27570 RX ua=95 mt=R len=7
PKT t=27575 TX ua=95 mt=P len=0
PKT t=27584 RX ua=95 mt=R len=7
PKT t=27589 TX ua=95 mt=P len=0
PKT t=27598 RX ua=95 mt=R len=7
PKT t=27603 TX ua=95 mt=P len=0
PKT t=27612 RX ua=95 mt=R len=7
PKT t=27617 TX ua=95 mt=P len=0
PKT t=27626 RX ua=95 mt=R len=7
PKT t=27631 TX ua=95 mt=P len=0
PKT t=27640 RX ua=95 mt=R len=7
PKT t=27645 TX ua=95 mt=P len=0
PKT t=27696 RX ua=95 mt=R len=7
PKT t=27996 TX ua=96 mt=P len=0
PKT t=28301 TX ua=95 mt=P len=0
PKT t=28310 RX ua=95 mt=R len=7
PKT t=28315 TX ua=95 mt=T len=7
PKT t=28327 TX ua=95 mt=P len=0
PKT t=28337 RX ua=95 mt=R len=7
PKT t=28342 TX ua=95 mt=P len=0
PKT t=28374 RX ua=95 mt=R len=7
PKT t=28379 TX ua=95 mt=P len=0
PKT t=28388 RX ua=95 mt=R len=7
PKT t=28393 TX ua=95 mt=P len=0
PKT t=28446 RX ua=95 mt=R len=7
PKT t=28451 TX ua=95 mt=T len=7
PKT t=28463 TX ua=95 mt=P len=0
PKT t=28476 RX ua=95 mt=R len=7
PKT t=28480 TX ua=95 mt=P len=0
PKT t=28489 RX ua=95 mt=R len=7
PKT t=28494 TX ua=95 mt=P len=0
PKT t=28503 RX ua=95 mt=R len=7
PKT t=28508 TX ua=95 mt=P len=0
PKT t=28517 RX ua=95 mt=R len=7
PKT t=28522 TX ua=95 mt=P len=0
PKT t=28531 RX ua=95 mt=R len=7
PKT t=28536 TX ua=95 mt=P len=0
PKT t=28545 RX ua=95 mt=R len=7
PKT t=28596 TX ua=95 mt=P len=0
PKT t=28605 RX ua=95 mt=R len=7
PKT t=28610 TX ua=95 mt=P len=0
PKT t=28619 RX ua=95 mt=R len=7
PKT t=28624 TX ua=95 mt=P len=0
PKT t=28633 RX ua=95 mt=R len=7
PKT t=28638 TX ua=95 mt=P len=0
PKT t=28647 RX ua=95 mt=R len=7
PKT t=28652 TX ua=95 mt=T len=7
PKT t=28664 TX ua=95 mt=P len=0
PKT t=28683 RX ua=95 mt=R len=7
PKT t=28688 TX ua=95 mt=P len=0
PKT t=28746 RX ua=95 mt=R len=7
PKT t=28751 TX ua=95 mt=P len=0
PKT t=28781 RX ua=95 mt=R len=7
PKT t=28786 TX ua=95 mt=P len=0
PKT t=28795 RX ua=95 mt=R len=7
PKT t=28800 TX ua=95 mt=P len=0
PKT t=28809 RX ua=95 mt=R len=7
PKT t=28814 TX ua=95 mt=P len=0
PKT t=28823 RX ua=95 mt=R len=7
PKT t=28828 TX ua=95 mt=P len=0
PKT t=28837 RX ua=95 mt=R len=7
PKT t=28842 TX ua=95 mt=P len=0
PKT t=28896 RX ua=95 mt=R len=7
PKT t=28901 TX ua=95 mt=T len=7
PKT t=28913 TX ua=95 mt=P len=0
PKT t=28922 RX ua=95 mt=R len=7
PKT t=28927 TX ua=95 mt=P len=0
PKT t=28936 RX ua=95 mt=R len=7
PKT t=28941 TX ua=95 mt=P len=0
PKT t=28950 RX ua=95 mt=R len=7
PKT t=28955 TX ua=95 mt=P len=0
PKT t=28985 RX ua=95 mt=R len=7
PKT t=28990 TX ua=95 mt=P len=0
PKT t=29046 RX ua=95 mt=R len=7
PKT t=29051 TX ua=95 mt=P len=0
PKT t=29060 RX ua=95 mt=R len=7
PKT t=29065 TX ua=95 mt=P len=0
PKT t=29094 RX ua=95 mt=R len=7
PKT t=29099 TX ua=95 mt=P len=0
PKT t=29108 RX ua=95 mt=R len=7
PKT t=29113 TX ua=95 mt=P len=0
PKT t=29122 RX ua=95 mt=R len=7
PKT t=29127 TX ua=95 mt=P len=0
PKT t=29136 RX ua=95 mt=R len=7
PKT t=29141 TX ua=95 mt=P len=0
PKT t=29196 RX ua=95 mt=R len=7
PKT t=29201 TX ua=95 mt=T len=7
PKT t=29213 TX ua=95 mt=P len=0
PKT t=29222 RX ua=95 mt=R len=7
PKT t=29227 TX ua=95 mt=P len=0
PKT t=29236 RX ua=95 mt=R len=7
PKT t=29241 TX ua=95 mt=P len=0
PKT t=29250 RX ua=95 mt=R len=7
PKT t=29255 TX ua=95 mt=P len=0
PKT t=29264 RX ua=95 mt=R len=7
PKT t=29269 TX ua=95 mt=P len=0
PKT t=29346 RX ua=95 mt=R len=7
PKT t=29351 TX ua=95 mt=P len=0
PKT t=29360 RX ua=95 mt=R len=7
PKT t=29365 TX ua=95 mt=P len=0
PKT t=29398 RX ua=95 mt=R len=7
PKT t=29403 TX ua=95 mt=T len=7
PKT t=29416 TX ua=95 mt=P len=0
PKT t=29425 RX ua=95 mt=R len=7
PKT t=29430 TX ua=95 mt=P len=0
PKT t=29439 RX ua=95 mt=R len=7
PKT t=29444 TX ua=95 mt=P len=0
PKT t=29496 RX ua=95 mt=R len=7
PKT t=29501 TX ua=95 mt=P len=0
PKT t=29510 RX ua=95 mt=R len=7
PKT t=29515 TX ua=95 mt=P len=0
PKT t=29524 RX ua=95 mt=R len=7
PKT t=29529 TX ua=95 mt=P len=0
PKT t=29538 RX ua=95 mt=R len=7
PKT t=29543 TX ua=95 mt=P len=0
PKT t=29552 RX ua=95 mt=R len=7
PKT t=29557 TX ua=95 mt=P len=0
PKT t=29566 RX ua=95 mt=R len=7
PKT t=29571 TX ua=95 mt=P len=0
PKT t=29646 RX ua=95 mt=R len=7
PKT t=29651 TX ua=95 mt=T len=7
PKT t=29664 TX ua=95 mt=P len=0
PKT t=29674 RX ua=95 mt=R len=7
PKT t=29679 TX ua=95 mt=P len=0
PKT t=29708 RX ua=95 mt=R len=7
PKT t=29713 TX ua=95 mt=P len=0
PKT t=29723 RX ua=95 mt=R len=7
PKT t=29728 TX ua=95 mt=P len=0
PKT t=29738 RX ua=95 mt=R len=7
PKT t=29743 TX ua=95 mt=P len=0
PKT t=29796 RX ua=95 mt=R len=7
PKT t=29801 TX ua=95 mt=P len=0
PKT t=29811 RX ua=95 mt=R len=7
PKT t=29816 TX ua=95 mt=P len=0
PKT t=29826 RX ua=95 mt=R len=7
PKT t=29831 TX ua=95 mt=P len=0
PKT t=29841 RX ua=95 mt=R len=7
PKT t=29846 TX ua=95 mt=P len=0
PKT t=29856 RX ua=95 mt=R len=7
PKT t=29861 TX ua=95 mt=P len=0
PKT t=29871 RX ua=95 mt=R len=7
PKT t=29876 TX ua=95 mt=P len=0
PKT t=29946 RX ua=95 mt=R len=7
PKT t=29951 TX ua=95 mt=T len=7
PKT t=29964 TX ua=95 mt=P len=0
PKT t=29973 RX ua=95 mt=R len=7
PKT t=29978 TX ua=95 mt=P len=0
PKT t=30007 RX ua=95 mt=R len=7
PKT t=30012 TX ua=95 mt=P len=0
PKT t=30021 RX ua=95 mt=R len=7
PKT t=30026 TX ua=95 mt=P len=0
PKT t=30035 RX ua=95 mt=R len=7
PKT t=30040 TX ua=95 mt=P len=0
PKT t=30096 RX ua=95 mt=R len=7
PKT t=30101 TX ua=95 mt=P len=0
PKT t=30110 RX ua=95 mt=R len=7
PKT t=30115 TX ua=95 mt=P len=0
PKT t=30124 RX ua=95 mt=R len=7
PKT t=30129 TX ua=95 mt=P len=0
PKT t=30138 RX ua=95 mt=R len=7
PKT t=30143 TX ua=95 mt=P len=0
PKT t=30152 RX ua=95 mt=R len=7
PKT t=30157 TX ua=95 mt=T len=7
PKT t=30170 TX ua=95 mt=P len=0
PKT t=30179 RX ua=95 mt=R len=7
PKT t=30184 TX ua=95 mt=P len=0
PKT t=30246 RX ua=95 mt=R len=7
PKT t=30251 TX ua=95 mt=P len=0
PKT t=30260 RX ua=95 mt=R len=7
PKT t=30265 TX ua=95 mt=P len=0
PKT t=30274 RX ua=95 mt=R len=7
PKT t=30279 TX ua=95 mt=P len=0
PKT t=30288 RX ua=95 mt=R len=7
PKT t=30293 TX ua=95 mt=P len=0
PKT t=30322 RX ua=95 mt=R len=7
PKT t=30327 TX ua=95 mt=P len=0
PKT t=30336 RX ua=95 mt=R len=7
PKT t=30341 TX ua=95 mt=P len=0
PKT t=30599 TX ua=96 mt=P len=0
PKT t=30857 TX ua=95 mt=P len=0
PKT t=30866 RX ua=95 mt=R len=7
PKT t=30871 TX ua=95 mt=T len=7
PKT t=30883 TX ua=95 mt=P len=0
PKT t=30892 RX ua=95 mt=R len=7
PKT t=30897 TX ua=95 mt=P len=0
PKT t=30926 RX ua=95 mt=R len=7
PKT t=30931 TX ua=95 mt=P len=0
PKT t=30940 RX ua=95 mt=R len=7
PKT t=30945 TX ua=95 mt=P len=0
PKT t=30996 RX ua=95 mt=R len=7
PKT t=31296 TX ua=96 mt=P len=0
PKT t=31601 TX ua=95 mt=P len=0
PKT t=31610 RX ua=95 mt=R len=7
PKT t=31615 TX ua=95 mt=T len=7
PKT t=31627 TX ua=95 mt=P len=0
PKT t=31636 RX ua=95 mt=R len=7
PKT t=31641 TX ua=95 mt=P len=0
PKT t=31650 RX ua=95 mt=R len=7
PKT t=31655 TX ua=95 mt=P len=0
PKT t=31664 RX ua=95 mt=R len=7
PKT t=31669 TX ua=95 mt=P len=0
PKT t=31678 RX ua=95 mt=R len=7
PKT t=31683 TX ua=95 mt=P len=0
PKT t=31692 RX ua=95 mt=R len=7
PKT t=31697 TX ua=95 mt=T len=7
PKT t=31754 TX ua=95 mt=P len=0
PKT t=31764 RX ua=95 mt=R len=7
PKT t=31769 TX ua=95 mt=P len=0
PKT t=31779 RX ua=95 mt=R len=7
PKT t=31784 TX ua=95 mt=P len=0
PKT t=31794 RX ua=95 mt=R len=7
PKT t=31799 TX ua=95 mt=P len=0
PKT t=31828 RX ua=95 mt=R len=7
PKT t=31833 TX ua=95 mt=P len=0
PKT t=31843 RX ua=95 mt=R len=7
PKT t=31896 TX ua=95 mt=P len=0
PKT t=31927 RX ua=95 mt=R len=7
PKT t=31932 TX ua=95 mt=P len=0
PKT t=31942 RX ua=95 mt=R len=7
PKT t=31947 TX ua=95 mt=T len=7
PKT t=31959 TX ua=95 mt=P len=0
PKT t=31968 RX ua=95 mt=R len=7
PKT t=31973 TX ua=95 mt=P len=0
PKT t=31982 RX ua=95 mt=R len=7
PKT t=31987 TX ua=95 mt=P len=0
PKT t=31996 RX ua=95 mt=R len=7
PKT t=32046 TX ua=95 mt=P len=0
PKT t=32055 RX ua=95 mt=R len=7
PKT t=32060 TX ua=95 mt=P len=0
PKT t=32069 RX ua=95 mt=R len=7
PKT t=32074 TX ua=95 mt=P len=0
PKT t=32083 RX ua=95 mt=R len=7
PKT t=32088 TX ua=95 mt=P len=0
PKT t=32097 RX ua=95 mt=R len=7
PKT t=32102 TX ua=95 mt=P len=0
PKT t=32131 RX ua=95 mt=R len=7
PKT t=32136 TX ua=95 mt=P len=0
PKT t=32145 RX ua=95 mt=R len=7
PKT t=32196 TX ua=95 mt=P len=0
PKT t=32205 RX ua=95 mt=R len=7
PKT t=32210 TX ua=95 mt=T len=7
PKT t=32222 TX ua=95 mt=P len=0
PKT t=32241 RX ua=95 mt=R len=7
PKT t=32246 TX ua=95 mt=P len=0
PKT t=32255 RX ua=95 mt=R len=7
PKT t=32260 TX ua=95 mt=P len=0
PKT t=32269 RX ua=95 mt=R len=7
PKT t=32274 TX ua=95 mt=P len=0
PKT t=32283 RX ua=95 mt=R len=7
PKT t=32288 TX ua=95 mt=P len=0
PKT t=32346 RX ua=95 mt=R len=7
PKT t=32351 TX ua=95 mt=P len=0
PKT t=32360 RX ua=95 mt=R len=7
PKT t=32365 TX ua=95 mt=P len=0
PKT t=32374 RX ua=95 mt=R len=7
PKT t=32379 TX ua=95 mt=P len=0
PKT t=32388 RX ua=95 mt=R len=7
PKT t=32393 TX ua=95 mt=P len=0
PKT t=32402 RX ua=95 mt=R len=7
PKT t=32407 TX ua=95 mt=P len=0
PKT t=32439 RX ua=95 mt=R len=7
PKT t=32444 TX ua=95 mt=P len=0
PKT t=32496 RX ua=95 mt=R len=7
PKT t=32501 TX ua=95 mt=T len=7
PKT t=32513 TX ua=95 mt=P len=0
PKT t=32541 RX ua=95 mt=R len=7
PKT t=32546 TX ua=95 mt=P len=0
PKT t=32555 RX ua=95 mt=R len=7
PKT t=32560 TX ua=95 mt=P len=0
PKT t=32569 RX ua=95 mt=R len=7
PKT t=32574 TX ua=95 mt=P len=0
PKT t=32583 RX ua=95 mt=R len=7
PKT t=32588 TX ua=95 mt=P len=0
PKT t=32646 RX ua=95 mt=R len=7
PKT t=32651 TX ua=95 mt=P len=0
PKT t=32660 RX ua=95 mt=R len=7
PKT t=32665 TX ua=95 mt=P len=0
PKT t=32674 RX ua=95 mt=R len=7
PKT t=32679 TX ua=95 mt=P len=0
PKT t=32688 RX ua=95 mt=R len=7
PKT t=32693 TX ua=95 mt=P len=0
PKT t=32702 RX ua=95 mt=R len=7
PKT t=32707 TX ua=95 mt=T len=7
PKT t=32719 TX ua=95 mt=P len=0
PKT t=32796 RX ua=95 mt=R len=7
PKT t=32801 TX ua=95 mt=P len=0
PKT t=32810 RX ua=95 mt=R len=7
PKT t=32815 TX ua=95 mt=P len=0
PKT t=32847 RX ua=95 mt=R len=7
PKT t=32852 TX ua=95 mt=P len=0
PKT t=32861 RX ua=95 mt=R len=7
PKT t=32866 TX ua=95 mt=P len=0
PKT t=32875 RX ua=95 mt=R len=7
PKT t=32880 TX ua=95 mt=P len=0
PKT t=32889 RX ua=95 mt=R len=7
PKT t=32894 TX ua=95 mt=P len=0
PKT t=32946 RX ua=95 mt=R len=7
PKT t=32951 TX ua=95 mt=T len=7
PKT t=32963 TX ua=95 mt=P len=0
PKT t=32972 RX ua=95 mt=R len=7
PKT t=32977 TX ua=95 mt=P len=0
PKT t=32986 RX ua=95 mt=R len=7
PKT t=32991 TX ua=95 mt=P len=0
PKT t=33000 RX ua=95 mt=R len=7
PKT t=33005 TX ua=95 mt=P len=0
PKT t=33014 RX ua=95 mt=R len=7
PKT t=33019 TX ua=95 mt=P len=0
PKT t=33096 RX ua=95 mt=R len=7
PKT t=33101 TX ua=95 mt=P len=0
PKT t=33110 RX ua=95 mt=R len=7
PKT t=33115 TX ua=95 mt=P len=0
PKT t=33148 RX ua=95 mt=R len=7
PKT t=33153 TX ua=95 mt=P len=0
PKT t=33162 RX ua=95 mt=R len=7
PKT t=33167 TX ua=95 mt=P len=0
PKT t=33176 RX ua=95 mt=R len=7
PKT t=33181 TX ua=95 mt=P len=0
PKT t=33190 RX ua=95 mt=R len=7
PKT t=33195 TX ua=95 mt=P len=0
PKT t=33246 RX ua=95 mt=R len=7
PKT t=33546 TX ua=96 mt=P len=0
PKT t=33851 TX ua=95 mt=P len=0
PKT t=33860 RX ua=95 mt=R len=7
PKT t=33865 TX ua=95 mt=T len=7
PKT t=33877 TX ua=95 mt=P len=0
PKT t=33887 RX ua=95 mt=R len=7
PKT t=33892 TX ua=95 mt=P len=0
PKT t=33902 RX ua=95 mt=R len=7
PKT t=33907 TX ua=95 mt=P len=0
PKT t=33917 RX ua=95 mt=R len=7
PKT t=33922 TX ua=95 mt=P len=0
PKT t=33996 RX ua=95 mt=R len=7
PKT t=34001 TX ua=95 mt=T len=7
PKT t=34013 TX ua=95 mt=P len=0
PKT t=34022 RX ua=95 mt=R len=7
PKT t=34027 TX ua=95 mt=P len=0
PKT t=34056 RX ua=95 mt=R len=7
PKT t=34061 TX ua=95 mt=P len=0
PKT t=34070 RX ua=95 mt=R len=7
PKT t=34075 TX ua=95 mt=P len=0
PKT t=34084 RX ua=95 mt=R len=7
PKT t=34089 TX ua=95 mt=P len=0
PKT t=34146 RX ua=95 mt=R len=7
PKT t=34151 TX ua=95 mt=P len=0
PKT t=34160 RX ua=95 mt=R len=7
PKT t=34165 TX ua=95 mt=P len=0
PKT t=34174 RX ua=95 mt=R len=7
PKT t=34179 TX ua=95 mt=P len=0
PKT t=34188 RX ua=95 mt=R len=7
PKT t=34193 TX ua=95 mt=P len=0
PKT t=34202 RX ua=95 mt=R len=7
PKT t=34207 TX ua=95 mt=T len=7
PKT t=34219 TX ua=95 mt=P len=0
PKT t=34228 RX ua=95 mt=R len=7
PKT t=34233 TX ua=95 mt=P len=0
PKT t=34296 RX ua=95 mt=R len=7
PKT t=34301 TX ua=95 mt=P len=0
PKT t=34310 RX ua=95 mt=R len=7
PKT t=34315 TX ua=95 mt=P len=0
PKT t=34324 RX ua=95 mt=R len=7
PKT t=34329 TX ua=95 mt=P len=0
PKT t=34362 RX ua=95 mt=R len=7
PKT t=34367 TX ua=95 mt=P len=0
PKT t=34376 RX ua=95 mt=R len=7
PKT t=34381 TX ua=95 mt=P len=0
PKT t=34390 RX ua=95 mt=R len=7
PKT t=34395 TX ua=95 mt=P len=0
PKT t=34451 RX ua=95 mt=R len=7
PKT t=34751 TX ua=96 mt=P len=0
PKT t=35051 TX ua=95 mt=P len=0
PKT t=35060 RX ua=95 mt=R len=7
PKT t=35065 TX ua=95 mt=T len=7
PKT t=35078 TX ua=95 mt=P len=0
PKT t=35087 RX ua=95 mt=R len=7
PKT t=35092 TX ua=95 mt=T len=7
PKT t=35105 TX ua=95 mt=P len=0
PKT t=35114 RX ua=95 mt=R len=7
PKT t=35119 TX ua=95 mt=P len=0
PKT t=35128 RX ua=95 mt=R len=7
PKT t=35133 TX ua=95 mt=P len=0
PKT t=35196 RX ua=95 mt=R len=7
PKT t=35201 TX ua=95 mt=P len=0
PKT t=35210 RX ua=95 mt=R len=7
PKT t=35215 TX ua=95 mt=P len=0
PKT t=35224 RX ua=95 mt=R len=7
PKT t=35229 TX ua=95 mt=P len=0
PKT t=35262 RX ua=95 mt=R len=7
PKT t=35267 TX ua=95 mt=T len=7
PKT t=35280 TX ua=95 mt=P len=0
PKT t=35289 RX ua=95 mt=R len=7
PKT t=35294 TX ua=95 mt=P len=0
PKT t=35346 RX ua=95 mt=R len=7
PKT t=35351 TX ua=95 mt=P len=0
PKT t=35363 RX ua=95 mt=R len=7
PKT t=35368 TX ua=95 mt=P len=0
PKT t=35377 RX ua=95 mt=R len=7
PKT t=35382 TX ua=95 mt=P len=0
PKT t=35391 RX ua=95 mt=R len=7
PKT t=35396 TX ua=95 mt=P len=0
PKT t=35405 RX ua=95 mt=R len=7
PKT t=35410 TX ua=95 mt=P len=0
PKT t=35419 RX ua=95 mt=R len=7
PKT t=35424 TX ua=95 mt=P len=0
PKT t=35433 RX ua=95 mt=R len=7
PKT t=35438 TX ua=95 mt=P len=0
PKT t=35496 RX ua=95 mt=R len=7
PKT t=35501 TX ua=95 mt=T len=7
PKT t=35513 TX ua=95 mt=P len=0
PKT t=35522 RX ua=95 mt=R len=7
PKT t=35527 TX ua=95 mt=P len=0
PKT t=35536 RX ua=95 mt=R len=7
PKT t=35541 TX ua=95 mt=P len=0
PKT t=35570 RX ua=95 mt=R len=7
PKT t=35575 TX ua=95 mt=P len=0
PKT t=35584 RX ua=95 mt=R len=7
PKT t=35589 TX ua=95 mt=P len=0
PKT t=35646 RX ua=95 mt=R len=7
PKT t=35651 TX ua=95 mt=P len=0
PKT t=35670 RX ua=95 mt=R len=7
PKT t=35675 TX ua=95 mt=P len=0
PKT t=35684 RX ua=95 mt=R len=7
PKT t=35689 TX ua=95 mt=P len=0
PKT t=35698 RX ua=95 mt=R len=7
PKT t=35703 TX ua=95 mt=P len=0
PKT t=35712 RX ua=95 mt=R len=7
PKT t=35717 TX ua=95 mt=P len=0
PKT t=35726 RX ua=95 mt=R len=7
PKT t=35731 TX ua=95 mt=P len=0
PKT t=35740 RX ua=95 mt=R len=7
PKT t=35745 TX ua=95 mt=P len=0
PKT t=35796 RX ua=95 mt=R len=7
PKT t=36096 TX ua=96 mt=P len=0
PKT t=36401 TX ua=95 mt=P len=0
PKT t=36410 RX ua=95 mt=R len=7
PKT t=36415 TX ua=95 mt=T len=7
PKT t=36427 TX ua=95 mt=P len=0
PKT t=36436 RX ua=95 mt=R len=7
PKT t=36441 TX ua=95 mt=P len=0
PKT t=36474 RX ua=95 mt=R len=7
PKT t=36479 TX ua=95 mt=P len=0
PKT t=36488 RX ua=95 mt=R len=7
PKT t=36493 TX ua=95 mt=P len=0
PKT t=36546 RX ua=95 mt=R len=7
PKT t=36551 TX ua=95 mt=T len=7
PKT t=36563 TX ua=95 mt=P len=0
PKT t=36576 RX ua=95 mt=R len=7
PKT t=36581 TX ua=95 mt=P len=0
PKT t=36590 RX ua=95 mt=R len=7
PKT t=36595 TX ua=95 mt=P len=0
PKT t=36604 RX ua=95 mt=R len=7
PKT t=36609 TX ua=95 mt=P len=0
PKT t=36618 RX ua=95 mt=R len=7
PKT t=36623 TX ua=95 mt=P len=0
PKT t=36632 RX ua=95 mt=R len=7
PKT t=36637 TX ua=95 mt=P len=0
PKT t=36646 RX ua=95 mt=R len=7
PKT t=36696 TX ua=95 mt=P len=0
PKT t=36705 RX ua=95 mt=R len=7
PKT t=36710 TX ua=95 mt=P len=0
PKT t=36719 RX ua=95 mt=R len=7
PKT t=36724 TX ua=95 mt=P len=0
PKT t=36733 RX ua=95 mt=R len=7
PKT t=36738 TX ua=95 mt=P len=0
PKT t=36747 RX ua=95 mt=R len=7
PKT t=36752 TX ua=95 mt=T len=7
PKT t=36764 TX ua=95 mt=P len=0
PKT t=36783 RX ua=95 mt=R len=7
PKT t=36788 TX ua=95 mt=P len=0
PKT t=36846 RX ua=95 mt=R len=7
PKT t=36851 TX ua=95 mt=P len=0
PKT t=36881 RX ua=95 mt=R len=7
PKT t=36886 TX ua=95 mt=P len=0
PKT t=36895 RX ua=95 mt=R len=7
PKT t=36900 TX ua=95 mt=P len=0
PKT t=36909 RX ua=95 mt=R len=7
PKT t=36914 TX ua=95 mt=P len=0
PKT t=36923 RX ua=95 mt=R len=7
PKT t=36928 TX ua=95 mt=P len=0
PKT t=36937 RX ua=95 mt=R len=7
PKT t=36942 TX ua=95 mt=P len=0
PKT t=36996 RX ua=95 mt=R len=7
PKT t=37001 TX ua=95 mt=T len=7
PKT t=37013 TX ua=95 mt=P len=0
PKT t=37022 RX ua=95 mt=R len=7
PKT t=37027 TX ua=95 mt=P len=0
PKT t=37036 RX ua=95 mt=R len=7
PKT t=37041 TX ua=95 mt=P len=0
PKT t=37050 RX ua=95 mt=R len=7
PKT t=37055 TX ua=95 mt=P len=0
PKT t=37085 RX ua=95 mt=R len=7
PKT t=37090 TX ua=95 mt=P len=0
PKT t=37146 RX ua=95 mt=R len=7
PKT t=37151 TX ua=95 mt=P len=0
PKT t=37160 RX ua=95 mt=R len=7
PKT t=37165 TX ua=95 mt=P len=0
PKT t=37194 RX ua=95 mt=R len=7
PKT t=37199 TX ua=95 mt=P len=0
PKT t=37208 RX ua=95 mt=R len=7
PKT t=37213 TX ua=95 mt=P len=0
PKT t=37222 RX ua=95 mt=R len=7
PKT t=37227 TX ua=95 mt=P len=0
PKT t=37236 RX ua=95 mt=R len=7
PKT t=37241 TX ua=95 mt=P len=0
