PKT t=7143 RX ua=95 mt=R len=7
PKT t=7148 TX ua=95 mt=T len=7
PKT t=7160 TX ua=95 mt=P len=0
PKT t=7169 RX ua=95 mt=R len=7
PKT t=7174 TX ua=95 mt=P len=0
PKT t=7183 RX ua=95 mt=R len=7
PKT t=7188 TX ua=95 mt=P len=0
PKT t=7197 RX ua=95 mt=R len=7
PKT t=7202 TX ua=95 mt=P len=0
PKT t=7211 RX ua=95 mt=R len=7
PKT t=7216 TX ua=95 mt=P len=0
PKT t=7245 RX ua=95 mt=R len=7
PKT t=7250 TX ua=95 mt=P len=0
PKT t=7259 RX ua=95 mt=R len=7
PKT t=7264 TX ua=95 mt=P len=0
PKT t=7273 RX ua=95 mt=R len=7
PKT t=7278 TX ua=95 mt=P len=0
PKT t=7287 RX ua=95 mt=R len=7
PKT t=7292 TX ua=95 mt=P len=0
PKT t=7301 RX ua=95 mt=R len=7
PKT t=7306 TX ua=95 mt=P len=0
PKT t=7315 RX ua=95 mt=R len=7
PKT t=7320 TX ua=95 mt=P len=0
PKT t=7349 RX ua=95 mt=R len=7
PKT t=7354 TX ua=95 mt=P len=0
PKT t=7363 RX ua=95 mt=R len=7
PKT t=7368 TX ua=95 mt=P len=0
PKT t=7377 RX ua=95 mt=R len=7
PKT t=7382 TX ua=95 mt=T len=7
PKT t=7394 TX ua=95 mt=P len=0
PKT t=7404 RX ua=95 mt=R len=7
PKT t=7409 TX ua=95 mt=P len=0
PKT t=7419 RX ua=95 mt=R len=7
PKT t=7424 TX ua=95 mt=P len=0
PKT t=7453 RX ua=95 mt=R len=7
PKT t=7458 TX ua=95 mt=P len=0
PKT t=7468 RX ua=95 mt=R len=7
PKT t=7473 TX ua=95 mt=P len=0
PKT t=7483 RX ua=95 mt=R len=7
PKT t=7488 TX ua=95 mt=P len=0
PKT t=7498 RX ua=95 mt=R len=7
PKT t=7503 TX ua=95 mt=P len=0
PKT t=7513 RX ua=95 mt=R len=7
PKT t=7518 TX ua=95 mt=P len=0
PKT t=7552 RX ua=95 mt=R len=7
PKT t=7557 TX ua=95 mt=P len=0
PKT t=7567 RX ua=95 mt=R len=7
PKT t=7572 TX ua=95 mt=P len=0
PKT t=7582 RX ua=95 mt=R len=7
PKT t=7587 TX ua=95 mt=P len=0
PKT t=7597 RX ua=95 mt=R len=7
PKT t=7602 TX ua=95 mt=P len=0
PKT t=7612 RX ua=95 mt=R len=7
PKT t=7617 TX ua=95 mt=P len=0
PKT t=7627 RX ua=95 mt=R len=7
PKT t=7632 TX ua=95 mt=T len=7
PKT t=7644 TX ua=95 mt=P len=0
PKT t=7662 RX ua=95 mt=R len=7
PKT t=7667 TX ua=95 mt=P len=0
PKT t=7676 RX ua=95 mt=R len=7
PKT t=7681 TX ua=95 mt=P len=0
PKT t=7690 RX ua=95 mt=R len=7
PKT t=7695 TX ua=95 mt=P len=0
PKT t=7704 RX ua=95 mt=R len=7
PKT t=7709 TX ua=95 mt=P len=0
PKT t=7718 RX ua=95 mt=R len=7
PKT t=7723 TX ua=95 mt=P len=0
PKT t=7732 RX ua=95 mt=R len=7
PKT t=7737 TX ua=95 mt=P len=0
PKT t=7766 RX ua=95 mt=R len=7
PKT t=7771 TX ua=95 mt=P len=0
PKT t=7780 RX ua=95 mt=R len=7
PKT t=7785 TX ua=95 mt=P len=0
PKT t=7794 RX ua=95 mt=R len=7
PKT t=7799 TX ua=95 mt=P len=0
PKT t=7808 RX ua=95 mt=R len=7
PKT t=7813 TX ua=95 mt=P len=0
PKT t=7822 RX ua=95 mt=R len=7
PKT t=7827 TX ua=95 mt=P len=0
PKT t=7836 RX ua=95 mt=R len=7
PKT t=7841 TX ua=95 mt=P len=0
PKT t=7870 RX ua=95 mt=R len=7
PKT t=7875 TX ua=95 mt=T len=7
PKT t=7887 TX ua=95 mt=P len=0
PKT t=7896 RX ua=95 mt=R len=7
PKT t=7901 TX ua=95 mt=P len=0
PKT t=7910 RX ua=95 mt=R len=7
PKT t=7915 TX ua=95 mt=P len=0
PKT t=7924 RX ua=95 mt=R len=7
PKT t=7929 TX ua=95 mt=P len=0
PKT t=7938 RX ua=95 mt=R len=7
PKT t=7943 TX ua=95 mt=P len=0
PKT t=7972 RX ua=95 mt=R len=7
PKT t=7977 TX ua=95 mt=P len=0
PKT t=7986 RX ua=95 mt=R len=7
PKT t=7991 TX ua=95 mt=P len=0
PKT t=8000 RX ua=95 mt=R len=7
PKT t=8008 TX ua=95 mt=P len=0
PKT t=8017 RX ua=95 mt=R len=7
PKT t=8022 TX ua=95 mt=P len=0
PKT t=8031 RX ua=95 mt=R len=7
PKT t=8036 TX ua=95 mt=P len=0
PKT t=8045 RX ua=95 mt=R len=7
PKT t=8081 TX ua=95 mt=P len=0
PKT t=8090 RX ua=95 mt=R len=7
PKT t=8095 TX ua=95 mt=P len=0
PKT t=8104 RX ua=95 mt=R len=7
PKT t=8109 TX ua=95 mt=P len=0
PKT t=8118 RX ua=95 mt=R len=7
PKT t=8123 TX ua=95 mt=P len=0
PKT t=8132 RX ua=95 mt=R len=7
PKT t=8137 TX ua=95 mt=T len=7
PKT t=8149 TX ua=95 mt=P len=0
PKT t=8179 RX ua=95 mt=R len=7
PKT t=8184 TX ua=95 mt=P len=0
PKT t=8193 RX ua=95 mt=R len=7
PKT t=8198 TX ua=95 mt=P len=0
PKT t=8207 RX ua=95 mt=R len=7
PKT t=8212 TX ua=95 mt=P len=0
PKT t=8221 RX ua=95 mt=R len=7
PKT t=8226 TX ua=95 mt=P len=0
PKT t=8235 RX ua=95 mt=R len=7
PKT t=8240 TX ua=95 mt=P len=0
PKT t=8249 RX ua=95 mt=R len=7
PKT t=8254 TX ua=95 mt=P len=0
PKT t=8283 RX ua=95 mt=R len=7
PKT t=8288 TX ua=95 mt=P len=0
PKT t=8297 RX ua=95 mt=R len=7
PKT t=8302 TX ua=95 mt=P len=0
PKT t=8311 RX ua=95 mt=R len=7
PKT t=8316 TX ua=95 mt=P len=0
PKT t=8326 RX ua=95 mt=R len=7
PKT t=8331 TX ua=95 mt=P len=0
PKT t=8340 RX ua=95 mt=R len=7
PKT t=8345 TX ua=95 mt=P len=0
PKT t=8354 RX ua=95 mt=R len=7
PKT t=8359 TX ua=95 mt=P len=0
PKT t=8388 RX ua=95 mt=R len=7
PKT t=8393 TX ua=95 mt=T len=7
PKT t=8405 TX ua=95 mt=P len=0
PKT t=8414 RX ua=95 mt=R len=7
PKT t=8419 TX ua=95 mt=P len=0
PKT t=8428 RX ua=95 mt=R len=7
PKT t=8433 TX ua=95 mt=P len=0
PKT t=8442 RX ua=95 mt=R len=7
PKT t=8447 TX ua=95 mt=P len=0
PKT t=8456 RX ua=95 mt=R len=7
PKT t=8461 TX ua=95 mt=P len=0
PKT t=8490 RX ua=95 mt=R len=7
PKT t=8495 TX ua=95 mt=P len=0
PKT t=8504 RX ua=95 mt=R len=7
PKT t=8509 TX ua=95 mt=P len=0
PKT t=8518 RX ua=95 mt=R len=7
PKT t=8523 TX ua=95 mt=P len=0
PKT t=8532 RX ua=95 mt=R len=7
PKT t=8537 TX ua=95 mt=P len=0
PKT t=8546 RX ua=95 mt=R len=7
PKT t=8551 TX ua=95 mt=P len=0
PKT t=8560 RX ua=95 mt=R len=7
PKT t=8565 TX ua=95 mt=P len=0
PKT t=8594 RX ua=95 mt=R len=7
PKT t=8599 TX ua=95 mt=P len=0
PKT t=8608 RX ua=95 mt=R len=7
PKT t=8613 TX ua=95 mt=P len=0
PKT t=8622 RX ua=95 mt=R len=7
PKT t=8627 TX ua=95 mt=T len=7
PKT t=8639 TX ua=95 mt=P len=0
PKT t=8648 RX ua=95 mt=R len=7
PKT t=8653 TX ua=95 mt=P len=0
PKT t=8662 RX ua=95 mt=R len=7
PKT t=8667 TX ua=95 mt=P len=0
PKT t=8696 RX ua=95 mt=R len=7
PKT t=8701 TX ua=95 mt=P len=0
PKT t=8710 RX ua=95 mt=R len=7
PKT t=8715 TX ua=95 mt=P len=0
PKT t=8724 RX ua=95 mt=R len=7
PKT t=8729 TX ua=95 mt=P len=0
PKT t=8738 RX ua=95 mt=R len=7
PKT t=8743 TX ua=95 mt=P len=0
PKT t=8752 RX ua=95 mt=R len=7
PKT t=8757 TX ua=95 mt=P len=0
PKT t=8766 RX ua=95 mt=R len=7
PKT t=8771 TX ua=95 mt=P len=0
PKT t=8800 RX ua=95 mt=R len=7
PKT t=8805 TX ua=95 mt=P len=0
PKT t=8814 RX ua=95 mt=R len=7
PKT t=8819 TX ua=95 mt=P len=0
PKT t=8828 RX ua=95 mt=R len=7
PKT t=8833 TX ua=95 mt=P len=0
PKT t=8842 RX ua=95 mt=R len=7
PKT t=8847 TX ua=95 mt=P len=0
PKT t=8856 RX ua=95 mt=R len=7
PKT t=8861 TX ua=95 mt=P len=0
PKT t=8870 RX ua=95 mt=R len=7
PKT t=8875 TX ua=95 mt=T len=7
PKT t=8887 TX ua=95 mt=P len=0
PKT t=8906 RX ua=95 mt=R len=7
PKT t=8911 TX ua=95 mt=P len=0
PKT t=8920 RX ua=95 mt=R len=7
PKT t=8925 TX ua=95 mt=P len=0
PKT t=8934 RX ua=95 mt=R len=7
PKT t=8939 TX ua=95 mt=P len=0
PKT t=8948 RX ua=95 mt=R len=7
PKT t=8953 TX ua=95 mt=P len=0
PKT t=8962 RX ua=95 mt=R len=7
PKT t=8967 TX ua=95 mt=P len=0
PKT t=8976 RX ua=95 mt=R len=7
PKT t=8981 TX ua=95 mt=P len=0
PKT t=9010 RX ua=95 mt=R len=7
PKT t=9015 TX ua=95 mt=P len=0
PKT t=9024 RX ua=95 mt=R len=7
PKT t=9029 TX ua=95 mt=P len=0
PKT t=9038 RX ua=95 mt=R len=7
PKT t=9043 TX ua=95 mt=P len=0
PKT t=9081 RX ua=95 mt=R len=7
PKT t=9086 TX ua=95 mt=P len=0
PKT t=9110 RX ua=95 mt=R len=7
PKT t=9115 TX ua=95 mt=P len=0
PKT t=9124 RX ua=95 mt=R len=7
PKT t=9129 TX ua=95 mt=T len=7
PKT t=9141 TX ua=95 mt=P len=0
PKT t=9150 RX ua=95 mt=R len=7
PKT t=9155 TX ua=95 mt=P len=0
PKT t=9164 RX ua=95 mt=R len=7
PKT t=9169 TX ua=95 mt=P len=0
PKT t=9178 RX ua=95 mt=R len=7
PKT t=9183 TX ua=95 mt=P len=0
PKT t=9212 RX ua=95 mt=R len=7
PKT t=9217 TX ua=95 mt=P len=0
PKT t=9226 RX ua=95 mt=R len=7
PKT t=9231 TX ua=95 mt=P len=0
PKT t=9240 RX ua=95 mt=R len=7
PKT t=9245 TX ua=95 mt=P len=0
PKT t=9254 RX ua=95 mt=R len=7
PKT t=9259 TX ua=95 mt=P len=0
PKT t=9268 RX ua=95 mt=R len=7
PKT t=9273 TX ua=95 mt=P len=0
PKT t=9282 RX ua=95 mt=R len=7
PKT t=9287 TX ua=95 mt=P len=0
PKT t=9316 RX ua=95 mt=R len=7
PKT t=9321 TX ua=95 mt=P len=0
PKT t=9330 RX ua=95 mt=R len=7
PKT t=9335 TX ua=95 mt=P len=0
PKT t=9344 RX ua=95 mt=R len=7
PKT t=9349 TX ua=95 mt=P len=0
PKT t=9358 RX ua=95 mt=R len=7
PKT t=9363 TX ua=95 mt=P len=0
PKT t=9372 RX ua=95 mt=R len=7
PKT t=9377 TX ua=95 mt=T len=7
PKT t=9389 TX ua=95 mt=P len=0
PKT t=9417 RX ua=95 mt=R len=7
PKT t=9422 TX ua=95 mt=P len=0
PKT t=9432 RX ua=95 mt=R len=7
PKT t=9437 TX ua=95 mt=P len=0
PKT t=9447 RX ua=95 mt=R len=7
PKT t=9452 TX ua=95 mt=P len=0
PKT t=9462 RX ua=95 mt=R len=7
PKT t=9467 TX ua=95 mt=P len=0
PKT t=9477 RX ua=95 mt=R len=7
PKT t=9482 TX ua=95 mt=P len=0
PKT t=9492 RX ua=95 mt=R len=7
PKT t=9497 TX ua=95 mt=P len=0
PKT t=9526 RX ua=95 mt=R len=7
PKT t=9531 TX ua=95 mt=P len=0
PKT t=9541 RX ua=95 mt=R len=7
PKT t=9546 TX ua=95 mt=P len=0
PKT t=9556 RX ua=95 mt=R len=7
PKT t=9561 TX ua=95 mt=P len=0
PKT t=9571 RX ua=95 mt=R len=7
PKT t=9576 TX ua=95 mt=P len=0
PKT t=9586 RX ua=95 mt=R len=7
PKT t=9591 TX ua=96 mt=P len=0
PKT t=9849 TX ua=95 mt=P len=0
PKT t=9859 RX ua=95 mt=R len=7
PKT t=9864 TX ua=95 mt=T len=7
PKT t=9876 TX ua=95 mt=T len=7
PKT t=9888 TX ua=95 mt=P len=0
PKT t=9897 RX ua=95 mt=R len=7
PKT t=9902 TX ua=95 mt=P len=0
PKT t=9931 RX ua=95 mt=R len=7
PKT t=9936 TX ua=95 mt=P len=0
PKT t=9945 RX ua=95 mt=R len=7
PKT t=9950 TX ua=95 mt=P len=0
PKT t=9959 RX ua=95 mt=R len=7
PKT t=9964 TX ua=95 mt=P len=0
PKT t=9973 RX ua=95 mt=R len=7
PKT t=9978 TX ua=95 mt=P len=0
PKT t=9987 RX ua=95 mt=R len=7
PKT t=9992 TX ua=95 mt=P len=0
PKT t=10001 RX ua=95 mt=R len=7
PKT t=10009 TX ua=95 mt=P len=0
PKT t=10035 RX ua=95 mt=R len=7
PKT t=10040 TX ua=95 mt=P len=0
PKT t=10081 RX ua=95 mt=R len=7
PKT t=10086 TX ua=95 mt=P len=0
PKT t=10095 RX ua=95 mt=R len=7
PKT t=10100 TX ua=95 mt=P len=0
PKT t=10109 RX ua=95 mt=R len=7
PKT t=10114 TX ua=95 mt=P len=0
PKT t=10148 RX ua=95 mt=R len=7
PKT t=10153 TX ua=95 mt=T len=7
PKT t=10166 TX ua=95 mt=P len=0
PKT t=10175 RX ua=95 mt=R len=7
PKT t=10180 TX ua=95 mt=T len=7
PKT t=10193 TX ua=95 mt=P len=0
PKT t=10202 RX ua=95 mt=R len=7
PKT t=10207 TX ua=95 mt=P len=0
PKT t=10216 RX ua=95 mt=R len=7
PKT t=10221 TX ua=95 mt=P len=0
PKT t=10251 RX ua=95 mt=R len=7
PKT t=10256 TX ua=95 mt=P len=0
PKT t=10265 RX ua=95 mt=R len=7
PKT t=10270 TX ua=95 mt=P len=0
PKT t=10279 RX ua=95 mt=R len=7
PKT t=10284 TX ua=95 mt=P len=0
PKT t=10293 RX ua=95 mt=R len=7
PKT t=10298 TX ua=95 mt=P len=0
PKT t=10307 RX ua=95 mt=R len=7
PKT t=10312 TX ua=95 mt=P len=0
PKT t=10321 RX ua=95 mt=R len=7
PKT t=10326 TX ua=95 mt=P len=0
PKT t=10355 RX ua=95 mt=R len=7
PKT t=10360 TX ua=95 mt=P len=0
PKT t=10369 RX ua=95 mt=R len=7
PKT t=10374 TX ua=95 mt=T len=7
PKT t=10387 TX ua=95 mt=P len=0
PKT t=10396 RX ua=95 mt=R len=7
PKT t=10401 TX ua=95 mt=P len=0
PKT t=10410 RX ua=95 mt=R len=7
PKT t=10415 TX ua=95 mt=P len=0
PKT t=10424 RX ua=95 mt=R len=7
PKT t=10429 TX ua=95 mt=P len=0
PKT t=10458 RX ua=95 mt=R len=7
PKT t=10463 TX ua=95 mt=P len=0
PKT t=10472 RX ua=95 mt=R len=7
PKT t=10477 TX ua=95 mt=P len=0
PKT t=10486 RX ua=95 mt=R len=7
PKT t=10491 TX ua=95 mt=P len=0
PKT t=10501 RX ua=95 mt=R len=7
PKT t=10506 TX ua=95 mt=P len=0
PKT t=10515 RX ua=95 mt=R len=7
PKT t=10520 TX ua=95 mt=P len=0
PKT t=10529 RX ua=95 mt=R len=7
PKT t=10534 TX ua=95 mt=P len=0
PKT t=10564 RX ua=95 mt=R len=7
PKT t=10569 TX ua=95 mt=P len=0
PKT t=10578 RX ua=95 mt=R len=7
PKT t=10583 TX ua=95 mt=P len=0
PKT t=10592 RX ua=95 mt=R len=7
PKT t=10597 TX ua=95 mt=P len=0
PKT t=10606 RX ua=95 mt=R len=7
PKT t=10611 TX ua=95 mt=P len=0
PKT t=10620 RX ua=95 mt=R len=7
PKT t=10625 TX ua=95 mt=T len=7
PKT t=10638 TX ua=95 mt=P len=0
PKT t=10666 RX ua=95 mt=R len=7
PKT t=10671 TX ua=95 mt=P len=0
PKT t=10680 RX ua=95 mt=R len=7
PKT t=10685 TX ua=95 mt=P len=0
PKT t=10695 RX ua=95 mt=R len=7
PKT t=10699 TX ua=95 mt=P len=0
PKT t=10708 RX ua=95 mt=R len=7
PKT t=10713 TX ua=95 mt=P len=0
PKT t=10722 RX ua=95 mt=R len=7
PKT t=10727 TX ua=95 mt=P len=0
PKT t=10736 RX ua=95 mt=R len=7
PKT t=10741 TX ua=95 mt=P len=0
PKT t=10770 RX ua=95 mt=R len=7
PKT t=10775 TX ua=95 mt=P len=0
PKT t=10784 RX ua=95 mt=R len=7
PKT t=10789 TX ua=95 mt=P len=0
PKT t=10798 RX ua=95 mt=R len=7
PKT t=10803 TX ua=95 mt=P len=0
PKT t=10813 RX ua=95 mt=R len=7
PKT t=10818 TX ua=95 mt=P len=0
PKT t=10827 RX ua=95 mt=R len=7
PKT t=10832 TX ua=95 mt=P len=0
PKT t=10841 RX ua=95 mt=R len=7
PKT t=10846 TX ua=95 mt=P len=0
PKT t=10875 RX ua=95 mt=R len=7
PKT t=10880 TX ua=95 mt=T len=7
PKT t=10893 TX ua=95 mt=P len=0
PKT t=10902 RX ua=95 mt=R len=7
PKT t=10907 TX ua=95 mt=P len=0
PKT t=10916 RX ua=95 mt=R len=7
PKT t=10921 TX ua=95 mt=P len=0
PKT t=10930 RX ua=95 mt=R len=7
PKT t=10935 TX ua=95 mt=P len=0
PKT t=10944 RX ua=95 mt=R len=7
PKT t=10949 TX ua=95 mt=P len=0
PKT t=10978 RX ua=95 mt=R len=7
PKT t=10983 TX ua=95 mt=P len=0
PKT t=10992 RX ua=95 mt=R len=7
PKT t=10997 TX ua=95 mt=P len=0
PKT t=11007 RX ua=95 mt=R len=7
PKT t=11012 TX ua=95 mt=P len=0
PKT t=11021 RX ua=95 mt=R len=7
PKT t=11026 TX ua=95 mt=P len=0
PKT t=11035 RX ua=95 mt=R len=7
PKT t=11040 TX ua=95 mt=P len=0
PKT t=11081 RX ua=95 mt=R len=7
PKT t=11086 TX ua=95 mt=P len=0
PKT t=11095 RX ua=95 mt=R len=7
PKT t=11100 TX ua=95 mt=P len=0
PKT t=11109 RX ua=95 mt=R len=7
PKT t=11114 TX ua=95 mt=P len=0
PKT t=11123 RX ua=95 mt=R len=7
PKT t=11128 TX ua=95 mt=T len=7
PKT t=11140 TX ua=95 mt=P len=0
PKT t=11149 RX ua=95 mt=R len=7
PKT t=11154 TX ua=95 mt=P len=0
PKT t=11184 RX ua=95 mt=R len=7
PKT t=11188 TX ua=95 mt=P len=0
PKT t=11197 RX ua=95 mt=R len=7
PKT t=11202 TX ua=95 mt=P len=0
PKT t=11211 RX ua=95 mt=R len=7
PKT t=11216 TX ua=95 mt=P len=0
PKT t=11225 RX ua=95 mt=R len=7
PKT t=11230 TX ua=95 mt=P len=0
PKT t=11240 RX ua=95 mt=R len=7
PKT t=11245 TX ua=95 mt=P len=0
PKT t=11254 RX ua=95 mt=R len=7
PKT t=11259 TX ua=95 mt=P len=0
PKT t=11288 RX ua=95 mt=R len=7
PKT t=11293 TX ua=95 mt=P len=0
PKT t=11302 RX ua=95 mt=R len=7
PKT t=11307 TX ua=95 mt=P len=0
PKT t=11316 RX ua=95 mt=R len=7
PKT t=11321 TX ua=95 mt=P len=0
PKT t=11330 RX ua=95 mt=R len=7
PKT t=11335 TX ua=95 mt=P len=0
PKT t=11344 RX ua=95 mt=R len=7
PKT t=11349 TX ua=95 mt=P len=0
PKT t=11358 RX ua=95 mt=R len=7
PKT t=11363 TX ua=95 mt=P len=0
PKT t=11392 RX ua=95 mt=R len=7
PKT t=11397 TX ua=95 mt=T len=7
PKT t=11409 TX ua=95 mt=P len=0
PKT t=11419 RX ua=95 mt=R len=7
PKT t=11424 TX ua=95 mt=P len=0
PKT t=11434 RX ua=95 mt=R len=7
PKT t=11439 TX ua=95 mt=P len=0
PKT t=11449 RX ua=95 mt=R len=7
PKT t=11454 TX ua=95 mt=P len=0
PKT t=11464 RX ua=95 mt=R len=7
PKT t=11469 TX ua=95 mt=P len=0
PKT t=11498 RX ua=95 mt=R len=7
PKT t=11503 TX ua=95 mt=P len=0
PKT t=11513 RX ua=95 mt=R len=7
PKT t=11518 TX ua=95 mt=P len=0
PKT t=11528 RX ua=95 mt=R len=7
PKT t=11533 TX ua=95 mt=P len=0
PKT t=11543 RX ua=95 mt=R len=7
PKT t=11548 TX ua=95 mt=P len=0
PKT t=11558 RX ua=95 mt=R len=7
PKT t=11563 TX ua=95 mt=P len=0
PKT t=11597 RX ua=95 mt=R len=7
PKT t=11602 TX ua=95 mt=P len=0
PKT t=11612 RX ua=95 mt=R len=7
PKT t=11617 TX ua=95 mt=P len=0
PKT t=11627 RX ua=95 mt=R len=7
PKT t=11632 TX ua=95 mt=T len=7
PKT t=11644 TX ua=95 mt=P len=0
PKT t=11653 RX ua=95 mt=R len=7
PKT t=11658 TX ua=95 mt=P len=0
PKT t=11667 RX ua=95 mt=R len=7
PKT t=11672 TX ua=95 mt=P len=0
PKT t=11701 RX ua=95 mt=R len=7
PKT t=11706 TX ua=95 mt=P len=0
PKT t=11715 RX ua=95 mt=R len=7
PKT t=11720 TX ua=95 mt=P len=0
PKT t=11729 RX ua=95 mt=R len=7
PKT t=11734 TX ua=95 mt=P len=0
PKT t=11743 RX ua=95 mt=R len=7
PKT t=11748 TX ua=95 mt=P len=0
PKT t=11757 RX ua=95 mt=R len=7
PKT t=11762 TX ua=95 mt=P len=0
PKT t=11771 RX ua=95 mt=R len=7
PKT t=11776 TX ua=95 mt=P len=0
PKT t=11805 RX ua=95 mt=R len=7
PKT t=11810 TX ua=95 mt=P len=0
PKT t=11819 RX ua=95 mt=R len=7
PKT t=11824 TX ua=95 mt=P len=0
PKT t=11833 RX ua=95 mt=R len=7
PKT t=11838 TX ua=95 mt=P len=0
PKT t=11847 RX ua=95 mt=R len=7
PKT t=11852 TX ua=95 mt=P len=0
PKT t=11861 RX ua=95 mt=R len=7
PKT t=11866 TX ua=95 mt=P len=0
PKT t=11875 RX ua=95 mt=R len=7
PKT t=11880 TX ua=95 mt=T len=7
PKT t=11892 TX ua=95 mt=P len=0
PKT t=11912 RX ua=95 mt=R len=7
PKT t=11917 TX ua=95 mt=P len=0
PKT t=11926 RX ua=95 mt=R len=7
PKT t=11931 TX ua=95 mt=P len=0
PKT t=11940 RX ua=95 mt=R len=7
PKT t=11945 TX ua=95 mt=P len=0
PKT t=11954 RX ua=95 mt=R len=7
PKT t=11959 TX ua=95 mt=P len=0
PKT t=11968 RX ua=95 mt=R len=7
PKT t=11973 TX ua=95 mt=P len=0
PKT t=11982 RX ua=95 mt=R len=7
PKT t=11987 TX ua=95 mt=P len=0
PKT t=12016 RX ua=95 mt=R len=7
PKT t=12021 TX ua=95 mt=P len=0
PKT t=12030 RX ua=95 mt=R len=7
PKT t=12035 TX ua=95 mt=P len=0
PKT t=12044 RX ua=95 mt=R len=7
PKT t=12081 TX ua=95 mt=P len=0
PKT t=12090 RX ua=95 mt=R len=7
PKT t=12095 TX ua=95 mt=P len=0
PKT t=12124 RX ua=95 mt=R len=7
PKT t=12129 TX ua=95 mt=T len=7
PKT t=12141 TX ua=95 mt=P len=0
PKT t=12150 RX ua=95 mt=R len=7
PKT t=12155 TX ua=95 mt=P len=0
PKT t=12164 RX ua=95 mt=R len=7
PKT t=12169 TX ua=95 mt=P len=0
PKT t=12178 RX ua=95 mt=R len=7
PKT t=12183 TX ua=95 mt=P len=0
PKT t=12192 RX ua=95 mt=R len=7
PKT t=12197 TX ua=95 mt=P len=0
PKT t=12226 RX ua=95 mt=R len=7
PKT t=12231 TX ua=95 mt=P len=0
PKT t=12240 RX ua=95 mt=R len=7
PKT t=12245 TX ua=95 mt=P len=0
PKT t=12254 RX ua=95 mt=R len=7
PKT t=12259 TX ua=95 mt=P len=0
PKT t=12268 RX ua=95 mt=R len=7
PKT t=12273 TX ua=95 mt=P len=0
PKT t=12282 RX ua=95 mt=R len=7
PKT t=12287 TX ua=95 mt=P len=0
PKT t=12296 RX ua=95 mt=R len=7
PKT t=12301 TX ua=95 mt=P len=0
PKT t=12330 RX ua=95 mt=R len=7
PKT t=12335 TX ua=95 mt=P len=0
PKT t=12344 RX ua=95 mt=R len=7
PKT t=12349 TX ua=95 mt=P len=0
PKT t=12358 RX ua=95 mt=R len=7
PKT t=12363 TX ua=95 mt=P len=0
PKT t=12372 RX ua=95 mt=R len=7
PKT t=12377 TX ua=95 mt=T len=7
PKT t=12389 TX ua=95 mt=P len=0
PKT t=12398 RX ua=95 mt=R len=7
PKT t=12403 TX ua=95 mt=P len=0
PKT t=12432 RX ua=95 mt=R len=7
PKT t=12437 TX ua=95 mt=P len=0
PKT t=12446 RX ua=95 mt=R len=7
PKT t=12451 TX ua=95 mt=P len=0
PKT t=12460 RX ua=95 mt=R len=7
PKT t=12465 TX ua=95 mt=P len=0
PKT t=12474 RX ua=95 mt=R len=7
PKT t=12479 TX ua=95 mt=P len=0
PKT t=12488 RX ua=95 mt=R len=7
PKT t=12493 TX ua=95 mt=P len=0
PKT t=12502 RX ua=95 mt=R len=7
PKT t=12507 TX ua=95 mt=P len=0
PKT t=12536 RX ua=95 mt=R len=7
PKT t=12541 TX ua=95 mt=P len=0
PKT t=12550 RX ua=95 mt=R len=7
PKT t=12555 TX ua=95 mt=P len=0
PKT t=12564 RX ua=95 mt=R len=7
PKT t=12569 TX ua=95 mt=P len=0
PKT t=12578 RX ua=95 mt=R len=7
PKT t=12583 TX ua=95 mt=P len=0
PKT t=12592 RX ua=95 mt=R len=7
PKT t=12597 TX ua=95 mt=P len=0
PKT t=12606 RX ua=95 mt=R len=7
PKT t=12611 TX ua=95 mt=P len=0
PKT t=12640 RX ua=95 mt=R len=7
PKT t=12645 TX ua=95 mt=T len=7
PKT t=12657 TX ua=95 mt=P len=0
PKT t=12666 RX ua=95 mt=R len=7
PKT t=12671 TX ua=95 mt=P len=0
PKT t=12680 RX ua=95 mt=R len=7
PKT t=12685 TX ua=95 mt=P len=0
PKT t=12694 RX ua=95 mt=R len=7
PKT t=12699 TX ua=95 mt=P len=0
PKT t=12708 RX ua=95 mt=R len=7
PKT t=12713 TX ua=95 mt=P len=0
PKT t=12742 RX ua=95 mt=R len=7
PKT t=12747 TX ua=95 mt=P len=0
PKT t=12756 RX ua=95 mt=R len=7
PKT t=12761 TX ua=95 mt=P len=0
PKT t=12770 RX ua=95 mt=R len=7
PKT t=12775 TX ua=95 mt=P len=0
PKT t=12784 RX ua=95 mt=R len=7
PKT t=12789 TX ua=95 mt=P len=0
PKT t=12798 RX ua=95 mt=R len=7
PKT t=12803 TX ua=95 mt=P len=0
PKT t=12812 RX ua=95 mt=R len=7
PKT t=12817 TX ua=95 mt=P len=0
PKT t=12846 RX ua=95 mt=R len=7
PKT t=12851 TX ua=95 mt=P len=0
PKT t=12860 RX ua=95 mt=R len=7
PKT t=12865 TX ua=95 mt=P len=0
PKT t=12874 RX ua=95 mt=R len=7
PKT t=12879 TX ua=95 mt=T len=7
PKT t=12891 TX ua=95 mt=P len=0
PKT t=12900 RX ua=95 mt=R len=7
PKT t=12905 TX ua=95 mt=P len=0
PKT t=12914 RX ua=95 mt=R len=7
PKT t=12919 TX ua=95 mt=P len=0
PKT t=12948 RX ua=95 mt=R len=7
PKT t=12953 TX ua=95 mt=P len=0
PKT t=12962 RX ua=95 mt=R len=7
PKT t=12967 TX ua=95 mt=P len=0
PKT t=12976 RX ua=95 mt=R len=7
PKT t=12981 TX ua=95 mt=P len=0
PKT t=12990 RX ua=95 mt=R len=7
PKT t=12995 TX ua=95 mt=P len=0
PKT t=13004 RX ua=95 mt=R len=7
PKT t=13009 TX ua=95 mt=P len=0
PKT t=13018 RX ua=95 mt=R len=7
PKT t=13023 TX ua=95 mt=P len=0
PKT t=13081 RX ua=95 mt=R len=7
PKT t=13086 TX ua=95 mt=P len=0
PKT t=13095 RX ua=95 mt=R len=7
PKT t=13100 TX ua=95 mt=P len=0
PKT t=13109 RX ua=95 mt=R len=7
PKT t=13114 TX ua=95 mt=P len=0
PKT t=13123 RX ua=95 mt=R len=7
PKT t=13128 TX ua=95 mt=T len=7
PKT t=13141 TX ua=95 mt=P len=0
PKT t=13159 RX ua=95 mt=R len=7
PKT t=13164 TX ua=95 mt=P len=0
PKT t=13173 RX ua=95 mt=R len=7
PKT t=13178 TX ua=95 mt=P len=0
PKT t=13187 RX ua=95 mt=R len=7
PKT t=13192 TX ua=95 mt=P len=0
PKT t=13201 RX ua=95 mt=R len=7
PKT t=13206 TX ua=95 mt=P len=0
PKT t=13215 RX ua=95 mt=R len=7
PKT t=13220 TX ua=95 mt=P len=0
PKT t=13229 RX ua=95 mt=R len=7
PKT t=13234 TX ua=95 mt=P len=0
PKT t=13263 RX ua=95 mt=R len=7
PKT t=13268 TX ua=95 mt=P len=0
PKT t=13277 RX ua=95 mt=R len=7
PKT t=13282 TX ua=95 mt=P len=0
PKT t=13291 RX ua=95 mt=R len=7
PKT t=13296 TX ua=95 mt=P len=0
PKT t=13305 RX ua=95 mt=R len=7
PKT t=13310 TX ua=95 mt=P len=0
PKT t=13319 RX ua=95 mt=R len=7
PKT t=13324 TX ua=95 mt=P len=0
PKT t=13333 RX ua=95 mt=R len=7
PKT t=13338 TX ua=95 mt=P len=0
PKT t=13367 RX ua=95 mt=R len=7
PKT t=13372 TX ua=95 mt=P len=0
PKT t=13381 RX ua=95 mt=R len=7
PKT t=13386 TX ua=95 mt=T len=7
PKT t=13399 TX ua=95 mt=P len=0
PKT t=13409 RX ua=95 mt=R len=7
PKT t=13414 TX ua=95 mt=P len=0
PKT t=13424 RX ua=95 mt=R len=7
PKT t=13429 TX ua=95 mt=P len=0
PKT t=13439 RX ua=95 mt=R len=7
PKT t=13444 TX ua=95 mt=P len=0
PKT t=13473 RX ua=95 mt=R len=7
PKT t=13478 TX ua=95 mt=P len=0
PKT t=13488 RX ua=95 mt=R len=7
PKT t=13493 TX ua=95 mt=P len=0
PKT t=13503 RX ua=95 mt=R len=7
PKT t=13508 TX ua=95 mt=P len=0
PKT t=13518 RX ua=95 mt=R len=7
PKT t=13523 TX ua=95 mt=P len=0
PKT t=13533 RX ua=95 mt=R len=7
PKT t=13538 TX ua=95 mt=P len=0
PKT t=13572 RX ua=95 mt=R len=7
PKT t=13577 TX ua=95 mt=P len=0
PKT t=13587 RX ua=95 mt=R len=7
PKT t=13592 TX ua=95 mt=P len=0
PKT t=13602 RX ua=95 mt=R len=7
PKT t=13607 TX ua=95 mt=P len=0
PKT t=13617 RX ua=95 mt=R len=7
PKT t=13622 TX ua=95 mt=P len=0
PKT t=13632 RX ua=95 mt=R len=7
PKT t=13637 TX ua=95 mt=T len=7
PKT t=13650 TX ua=95 mt=P len=0
PKT t=13677 RX ua=95 mt=R len=7
PKT t=13682 TX ua=95 mt=P len=0
PKT t=13691 RX ua=95 mt=R len=7
PKT t=13696 TX ua=95 mt=P len=0
PKT t=13705 RX ua=95 mt=R len=7
PKT t=13710 TX ua=95 mt=P len=0
PKT t=13719 RX ua=95 mt=R len=7
PKT t=13724 TX ua=95 mt=P len=0
PKT t=13733 RX ua=95 mt=R len=7
PKT t=13738 TX ua=95 mt=P len=0
PKT t=13747 RX ua=95 mt=R len=7
PKT t=13752 TX ua=95 mt=P len=0
PKT t=13781 RX ua=95 mt=R len=7
PKT t=13786 TX ua=95 mt=P len=0
PKT t=13795 RX ua=95 mt=R len=7
PKT t=13800 TX ua=95 mt=P len=0
PKT t=13809 RX ua=95 mt=R len=7
PKT t=13814 TX ua=95 mt=P len=0
PKT t=13823 RX ua=95 mt=R len=7
PKT t=13828 TX ua=95 mt=P len=0
PKT t=13837 RX ua=95 mt=R len=7
PKT t=13842 TX ua=95 mt=P len=0
PKT t=13851 RX ua=95 mt=R len=7
PKT t=13856 TX ua=95 mt=P len=0
PKT t=13885 RX ua=95 mt=R len=7
PKT t=13890 TX ua=95 mt=T len=7
PKT t=13903 TX ua=95 mt=P len=0
PKT t=13912 RX ua=95 mt=R len=7
PKT t=13917 TX ua=95 mt=P len=0
PKT t=13926 RX ua=95 mt=R len=7
PKT t=13931 TX ua=95 mt=P len=0
PKT t=13940 RX ua=95 mt=R len=7
PKT t=13945 TX ua=95 mt=P len=0
PKT t=13954 RX ua=95 mt=R len=7
PKT t=13959 TX ua=95 mt=P len=0
PKT t=13988 RX ua=95 mt=R len=7
PKT t=13993 TX ua=95 mt=P len=0
PKT t=14002 RX ua=95 mt=R len=7
PKT t=14011 TX ua=95 mt=P len=0
PKT t=14020 RX ua=95 mt=R len=7
PKT t=14025 TX ua=95 mt=P len=0
PKT t=14034 RX ua=95 mt=R len=7
PKT t=14039 TX ua=95 mt=P len=0
PKT t=14081 RX ua=95 mt=R len=7
PKT t=14086 TX ua=95 mt=P len=0
PKT t=14095 RX ua=95 mt=R len=7
PKT t=14100 TX ua=95 mt=P len=0
PKT t=14109 RX ua=95 mt=R len=7
PKT t=14114 TX ua=95 mt=P len=0
PKT t=14123 RX ua=95 mt=R len=7
PKT t=14128 TX ua=95 mt=T len=7
PKT t=14140 TX ua=95 mt=P len=0
PKT t=14150 RX ua=95 mt=R len=7
PKT t=14155 TX ua=95 mt=P len=0
PKT t=14188 RX ua=95 mt=R len=7
PKT t=14193 TX ua=95 mt=P len=0
PKT t=14202 RX ua=95 mt=R len=7
PKT t=14207 TX ua=95 mt=P len=0
PKT t=14216 RX ua=95 mt=R len=7
PKT t=14221 TX ua=95 mt=P len=0
PKT t=14230 RX ua=95 mt=R len=7
PKT t=14235 TX ua=95 mt=P len=0
PKT t=14244 RX ua=95 mt=R len=7
PKT t=14249 TX ua=95 mt=P len=0
PKT t=14258 RX ua=95 mt=R len=7
PKT t=14263 TX ua=95 mt=P len=0
PKT t=14292 RX ua=95 mt=R len=7
PKT t=14297 TX ua=95 mt=P len=0
PKT t=14306 RX ua=95 mt=R len=7
PKT t=14311 TX ua=95 mt=P len=0
PKT t=14321 RX ua=95 mt=R len=7
PKT t=14326 TX ua=95 mt=P len=0
PKT t=14335 RX ua=95 mt=R len=7
PKT t=14340 TX ua=95 mt=P len=0
PKT t=14349 RX ua=95 mt=R len=7
PKT t=14354 TX ua=95 mt=P len=0
PKT t=14363 RX ua=95 mt=R len=7
PKT t=14368 TX ua=95 mt=P len=0
PKT t=14397 RX ua=95 mt=R len=7
PKT t=14402 TX ua=95 mt=T len=7
PKT t=14414 TX ua=95 mt=P len=0
PKT t=14423 RX ua=95 mt=R len=7
PKT t=14428 TX ua=95 mt=P len=0
PKT t=14437 RX ua=95 mt=R len=7
PKT t=14442 TX ua=95 mt=P len=0
PKT t=14451 RX ua=95 mt=R len=7
PKT t=14456 TX ua=95 mt=P len=0
PKT t=14465 RX ua=95 mt=R len=7
PKT t=14470 TX ua=95 mt=P len=0
PKT t=14499 RX ua=95 mt=R len=7
PKT t=14504 TX ua=95 mt=P len=0
PKT t=14513 RX ua=95 mt=R len=7
PKT t=14518 TX ua=95 mt=P len=0
PKT t=14527 RX ua=95 mt=R len=7
PKT t=14532 TX ua=95 mt=P len=0
PKT t=14541 RX ua=95 mt=R len=7
PKT t=14546 TX ua=95 mt=P len=0
PKT t=14555 RX ua=95 mt=R len=7
PKT t=14560 TX ua=95 mt=P len=0
PKT t=14569 RX ua=95 mt=R len=7
PKT t=14574 TX ua=95 mt=P len=0
PKT t=14603 RX ua=95 mt=R len=7
PKT t=14608 TX ua=95 mt=P len=0
PKT t=14617 RX ua=95 mt=R len=7
PKT t=14622 TX ua=95 mt=P len=0
PKT t=14631 RX ua=95 mt=R len=7
PKT t=14636 TX ua=95 mt=T len=7
PKT t=14648 TX ua=95 mt=P len=0
PKT t=14657 RX ua=95 mt=R len=7
PKT t=14662 TX ua=95 mt=P len=0
PKT t=14672 RX ua=95 mt=R len=7
PKT t=14677 TX ua=95 mt=P len=0
PKT t=14706 RX ua=95 mt=R len=7
PKT t=14711 TX ua=95 mt=P len=0
PKT t=14720 RX ua=95 mt=R len=7
PKT t=14725 TX ua=95 mt=P len=0
PKT t=14734 RX ua=95 mt=R len=7
PKT t=14739 TX ua=95 mt=P len=0
PKT t=14748 RX ua=95 mt=R len=7
PKT t=14753 TX ua=95 mt=P len=0
PKT t=14762 RX ua=95 mt=R len=7
PKT t=14767 TX ua=95 mt=P len=0
PKT t=14776 RX ua=95 mt=R len=7
PKT t=14781 TX ua=95 mt=P len=0
PKT t=14810 RX ua=95 mt=R len=7
PKT t=14815 TX ua=95 mt=P len=0
PKT t=14824 RX ua=95 mt=R len=7
PKT t=14829 TX ua=95 mt=P len=0
PKT t=14838 RX ua=95 mt=R len=7
PKT t=14843 TX ua=95 mt=P len=0
PKT t=14852 RX ua=95 mt=R len=7
PKT t=14857 TX ua=95 mt=P len=0
PKT t=14866 RX ua=95 mt=R len=7
PKT t=14871 TX ua=95 mt=P len=0
PKT t=14880 RX ua=95 mt=R len=7
PKT t=14885 TX ua=95 mt=T len=7
PKT t=14897 TX ua=95 mt=P len=0
PKT t=14916 RX ua=95 mt=R len=7
PKT t=14921 TX ua=95 mt=P len=0
PKT t=14930 RX ua=95 mt=R len=7
PKT t=14935 TX ua=95 mt=P len=0
PKT t=14944 RX ua=95 mt=R len=7
PKT t=14949 TX ua=95 mt=P len=0
PKT t=14958 RX ua=95 mt=R len=7
PKT t=14963 TX ua=95 mt=P len=0
PKT t=14972 RX ua=95 mt=R len=7
PKT t=14977 TX ua=95 mt=P len=0
PKT t=14986 RX ua=95 mt=R len=7
PKT t=14991 TX ua=95 mt=P len=0
PKT t=15020 RX ua=95 mt=R len=7
PKT t=15025 TX ua=95 mt=P len=0
PKT t=15034 RX ua=95 mt=R len=7
PKT t=15039 TX ua=95 mt=P len=0
PKT t=15081 RX ua=95 mt=R len=7
PKT t=15086 TX ua=95 mt=P len=0
PKT t=15095 RX ua=95 mt=R len=7
PKT t=15100 TX ua=95 mt=P len=0
PKT t=15129 RX ua=95 mt=R len=7
PKT t=15134 TX ua=95 mt=T len=7
PKT t=15146 TX ua=95 mt=P len=0
PKT t=15155 RX ua=95 mt=R len=7
PKT t=15160 TX ua=95 mt=P len=0
PKT t=15169 RX ua=95 mt=R len=7
PKT t=15174 TX ua=95 mt=P len=0
PKT t=15183 RX ua=95 mt=R len=7
PKT t=15188 TX ua=95 mt=P len=0
PKT t=15197 RX ua=95 mt=R len=7
PKT t=15202 TX ua=95 mt=P len=0
PKT t=15231 RX ua=95 mt=R len=7
PKT t=15236 TX ua=95 mt=P len=0
PKT t=15245 RX ua=95 mt=R len=7
PKT t=15250 TX ua=95 mt=P len=0
PKT t=15259 RX ua=95 mt=R len=7
PKT t=15264 TX ua=95 mt=P len=0
PKT t=15273 RX ua=95 mt=R len=7
PKT t=15278 TX ua=95 mt=P len=0
PKT t=15287 RX ua=95 mt=R len=7
PKT t=15292 TX ua=95 mt=P len=0
PKT t=15301 RX ua=95 mt=R len=7
PKT t=15306 TX ua=95 mt=P len=0
PKT t=15335 RX ua=95 mt=R len=7
PKT t=15340 TX ua=95 mt=P len=0
PKT t=15349 RX ua=95 mt=R len=7
PKT t=15354 TX ua=95 mt=P len=0
PKT t=15363 RX ua=95 mt=R len=7
PKT t=15368 TX ua=95 mt=P len=0
PKT t=15377 RX ua=95 mt=R len=7
PKT t=15382 TX ua=95 mt=T len=7
PKT t=15394 TX ua=95 mt=P len=0
PKT t=15404 RX ua=95 mt=R len=7
PKT t=15409 TX ua=95 mt=P len=0
PKT t=15438 RX ua=95 mt=R len=7
PKT t=15443 TX ua=95 mt=P len=0
PKT t=15453 RX ua=95 mt=R len=7
PKT t=15458 TX ua=95 mt=P len=0
PKT t=15468 RX ua=95 mt=R len=7
PKT t=15473 TX ua=95 mt=P len=0
PKT t=15483 RX ua=95 mt=R len=7
PKT t=15488 TX ua=95 mt=P len=0
PKT t=15498 RX ua=95 mt=R len=7
PKT t=15503 TX ua=95 mt=P len=0
PKT t=15513 RX ua=95 mt=R len=7
PKT t=15518 TX ua=95 mt=P len=0
PKT t=15547 RX ua=95 mt=R len=7
PKT t=15552 TX ua=95 mt=P len=0
PKT t=15562 RX ua=95 mt=R len=7
PKT t=15567 TX ua=95 mt=P len=0
PKT t=15577 RX ua=95 mt=R len=7
PKT t=15582 TX ua=95 mt=P len=0
PKT t=15592 RX ua=95 mt=R len=7
PKT t=15597 TX ua=95 mt=P len=0
PKT t=15607 RX ua=95 mt=R len=7
PKT t=15612 TX ua=95 mt=P len=0
PKT t=15622 RX ua=95 mt=R len=7
PKT t=15627 TX ua=95 mt=T len=7
PKT t=15639 TX ua=95 mt=P len=0
PKT t=15657 RX ua=95 mt=R len=7
PKT t=15662 TX ua=95 mt=P len=0
PKT t=15671 RX ua=95 mt=R len=7
PKT t=15676 TX ua=95 mt=P len=0
PKT t=15685 RX ua=95 mt=R len=7
PKT t=15690 TX ua=95 mt=P len=0
PKT t=15699 RX ua=95 mt=R len=7
PKT t=15704 TX ua=95 mt=P len=0
PKT t=15713 RX ua=95 mt=R len=7
PKT t=15718 TX ua=95 mt=P len=0
PKT t=15727 RX ua=95 mt=R len=7
PKT t=15732 TX ua=95 mt=P len=0
PKT t=15761 RX ua=95 mt=R len=7
PKT t=15766 TX ua=95 mt=P len=0
PKT t=15775 RX ua=95 mt=R len=7
PKT t=15780 TX ua=95 mt=P len=0
PKT t=15789 RX ua=95 mt=R len=7
PKT t=15794 TX ua=95 mt=P len=0
PKT t=15803 RX ua=95 mt=R len=7
PKT t=15808 TX ua=95 mt=P len=0
PKT t=15817 RX ua=95 mt=R len=7
PKT t=15822 TX ua=95 mt=P len=0
PKT t=15831 RX ua=95 mt=R len=7
PKT t=15836 TX ua=95 mt=P len=0
PKT t=15865 RX ua=95 mt=R len=7
PKT t=15870 TX ua=95 mt=P len=0
PKT t=15879 RX ua=95 mt=R len=7
PKT t=15884 TX ua=95 mt=T len=7
PKT t=15896 TX ua=95 mt=P len=0
PKT t=15905 RX ua=95 mt=R len=7
PKT t=15910 TX ua=95 mt=P len=0
PKT t=15919 RX ua=95 mt=R len=7
PKT t=15924 TX ua=95 mt=P len=0
PKT t=15933 RX ua=95 mt=R len=7
PKT t=15938 TX ua=95 mt=P len=0
PKT t=15967 RX ua=95 mt=R len=7
PKT t=15972 TX ua=95 mt=P len=0
PKT t=15981 RX ua=95 mt=R len=7
PKT t=15986 TX ua=95 mt=P len=0
PKT t=15995 RX ua=95 mt=R len=7
PKT t=16000 TX ua=95 mt=P len=0
PKT t=16012 RX ua=95 mt=R len=7
PKT t=16017 TX ua=95 mt=P len=0
PKT t=16026 RX ua=95 mt=R len=7
PKT t=16031 TX ua=95 mt=P len=0
PKT t=16040 RX ua=95 mt=R len=7
PKT t=16045 TX ua=95 mt=P len=0
PKT t=16081 RX ua=95 mt=R len=7
PKT t=16336 TX ua=96 mt=I len=13
PKT t=16844 TX ua=96 mt=T len=4
PKT t=16855 TX ua=95 mt=P len=0
PKT t=16864 RX ua=95 mt=R len=7
PKT t=16869 TX ua=95 mt=T len=7
PKT t=16881 TX ua=95 mt=P len=0
PKT t=16890 RX ua=95 mt=R len=7
PKT t=16895 TX ua=95 mt=P len=0
PKT t=16904 RX ua=95 mt=R len=7
PKT t=16909 TX ua=95 mt=P len=0
PKT t=16918 RX ua=95 mt=R len=7
PKT t=16923 TX ua=95 mt=P len=0
PKT t=16932 RX ua=95 mt=R len=7
PKT t=16937 TX ua=95 mt=P len=0
PKT t=16946 RX ua=95 mt=R len=7
PKT t=16951 TX ua=95 mt=P len=0
PKT t=16980 RX ua=95 mt=R len=7
PKT t=16985 TX ua=95 mt=P len=0
PKT t=16994 RX ua=95 mt=R len=7
PKT t=16999 TX ua=95 mt=P len=0
PKT t=17008 RX ua=95 mt=R len=7
PKT t=17013 TX ua=95 mt=P len=0
PKT t=17022 RX ua=95 mt=R len=7
PKT t=17027 TX ua=95 mt=P len=0
PKT t=17036 RX ua=95 mt=R len=7
PKT t=17041 TX ua=95 mt=P len=0
PKT t=17081 RX ua=95 mt=R len=7
PKT t=17086 TX ua=95 mt=P len=0
PKT t=17095 RX ua=95 mt=R len=7
PKT t=17100 TX ua=95 mt=P len=0
PKT t=17109 RX ua=95 mt=R len=7
PKT t=17114 TX ua=95 mt=P len=0
PKT t=17123 RX ua=95 mt=R len=7
PKT t=17128 TX ua=95 mt=T len=7
PKT t=17140 TX ua=95 mt=P len=0
PKT t=17149 RX ua=95 mt=R len=7
PKT t=17154 TX ua=95 mt=P len=0
PKT t=17184 RX ua=95 mt=R len=7
PKT t=17189 TX ua=95 mt=P len=0
PKT t=17198 RX ua=95 mt=R len=7
PKT t=17203 TX ua=95 mt=P len=0
PKT t=17212 RX ua=95 mt=R len=7
PKT t=17217 TX ua=95 mt=P len=0
PKT t=17226 RX ua=95 mt=R len=7
PKT t=17231 TX ua=95 mt=P len=0
PKT t=17240 RX ua=95 mt=R len=7
PKT t=17245 TX ua=95 mt=P len=0
PKT t=17254 RX ua=95 mt=R len=7
PKT t=17259 TX ua=95 mt=P len=0
PKT t=17288 RX ua=95 mt=R len=7
PKT t=17293 TX ua=95 mt=P len=0
PKT t=17302 RX ua=95 mt=R len=7
PKT t=17307 TX ua=95 mt=P len=0
PKT t=17316 RX ua=95 mt=R len=7
PKT t=17321 TX ua=95 mt=P len=0
PKT t=17330 RX ua=95 mt=R len=7
PKT t=17335 TX ua=95 mt=P len=0
PKT t=17344 RX ua=95 mt=R len=7
PKT t=17349 TX ua=95 mt=P len=0
PKT t=17358 RX ua=95 mt=R len=7
PKT t=17363 TX ua=95 mt=P len=0
PKT t=17392 RX ua=95 mt=R len=7
PKT t=17397 TX ua=95 mt=T len=7
PKT t=17409 TX ua=95 mt=P len=0
PKT t=17419 RX ua=95 mt=R len=7
PKT t=17424 TX ua=95 mt=P len=0
PKT t=17434 RX ua=95 mt=R len=7
PKT t=17439 TX ua=95 mt=P len=0
PKT t=17449 RX ua=95 mt=R len=7
PKT t=17454 TX ua=95 mt=P len=0
PKT t=17464 RX ua=95 mt=R len=7
PKT t=17469 TX ua=95 mt=P len=0
PKT t=17498 RX ua=95 mt=R len=7
PKT t=17503 TX ua=95 mt=P len=0
PKT t=17513 RX ua=95 mt=R len=7
PKT t=17518 TX ua=95 mt=P len=0
PKT t=17528 RX ua=95 mt=R len=7
PKT t=17533 TX ua=95 mt=P len=0
PKT t=17543 RX ua=95 mt=R len=7
PKT t=17548 TX ua=95 mt=P len=0
PKT t=17558 RX ua=95 mt=R len=7
PKT t=17563 TX ua=95 mt=P len=0
PKT t=17573 RX ua=95 mt=R len=7
PKT t=17578 TX ua=95 mt=P len=0
PKT t=17607 RX ua=95 mt=R len=7
PKT t=17612 TX ua=95 mt=P len=0
PKT t=17622 RX ua=95 mt=R len=7
PKT t=17627 TX ua=95 mt=T len=7
PKT t=17639 TX ua=95 mt=P len=0
PKT t=17648 RX ua=95 mt=R len=7
PKT t=17653 TX ua=95 mt=P len=0
PKT t=17662 RX ua=95 mt=R len=7
PKT t=17667 TX ua=95 mt=P len=0
PKT t=17676 RX ua=95 mt=R len=7
PKT t=17681 TX ua=95 mt=P len=0
PKT t=17710 RX ua=95 mt=R len=7
PKT t=17715 TX ua=95 mt=P len=0
PKT t=17724 RX ua=95 mt=R len=7
PKT t=17729 TX ua=95 mt=P len=0
PKT t=17738 RX ua=95 mt=R len=7
PKT t=17743 TX ua=95 mt=P len=0
PKT t=17752 RX ua=95 mt=R len=7
PKT t=17757 TX ua=95 mt=P len=0
PKT t=17766 RX ua=95 mt=R len=7
PKT t=17771 TX ua=95 mt=P len=0
PKT t=17780 RX ua=95 mt=R len=7
PKT t=17785 TX ua=95 mt=P len=0
PKT t=17815 RX ua=95 mt=R len=7
PKT t=17819 TX ua=95 mt=P len=0
PKT t=17829 RX ua=95 mt=R len=7
PKT t=17834 TX ua=95 mt=P len=0
PKT t=17843 RX ua=95 mt=R len=7
PKT t=17848 TX ua=96 mt=P len=0
PKT t=18106 TX ua=95 mt=P len=0
PKT t=18115 RX ua=95 mt=R len=7
PKT t=18120 TX ua=95 mt=T len=7
PKT t=18132 TX ua=95 mt=P len=0
PKT t=18141 RX ua=95 mt=R len=7
PKT t=18146 TX ua=95 mt=P len=0
PKT t=18155 RX ua=95 mt=R len=7
PKT t=18160 TX ua=95 mt=P len=0
PKT t=18169 RX ua=95 mt=R len=7
PKT t=18174 TX ua=95 mt=P len=0
PKT t=18183 RX ua=95 mt=R len=7
PKT t=18188 TX ua=95 mt=P len=0
PKT t=18217 RX ua=95 mt=R len=7
PKT t=18222 TX ua=95 mt=P len=0
PKT t=18231 RX ua=95 mt=R len=7
PKT t=18236 TX ua=95 mt=P len=0
PKT t=18245 RX ua=95 mt=R len=7
PKT t=18250 TX ua=95 mt=P len=0
PKT t=18259 RX ua=95 mt=R len=7
PKT t=18264 TX ua=95 mt=P len=0
PKT t=18273 RX ua=95 mt=R len=7
PKT t=18278 TX ua=95 mt=P len=0
PKT t=18287 RX ua=95 mt=R len=7
PKT t=18292 TX ua=95 mt=P len=0
PKT t=18321 RX ua=95 mt=R len=7
PKT t=18326 TX ua=95 mt=P len=0
PKT t=18335 RX ua=95 mt=R len=7
PKT t=18340 TX ua=95 mt=P len=0
PKT t=18349 RX ua=95 mt=R len=7
PKT t=18354 TX ua=95 mt=P len=0
PKT t=18363 RX ua=95 mt=R len=7
PKT t=18368 TX ua=95 mt=P len=0
PKT t=18377 RX ua=95 mt=R len=7
PKT t=18382 TX ua=95 mt=T len=7
PKT t=18395 TX ua=95 mt=P len=0
PKT t=18422 RX ua=95 mt=R len=7
PKT t=18427 TX ua=95 mt=T len=7
PKT t=18440 TX ua=95 mt=P len=0
PKT t=18449 RX ua=95 mt=R len=7
PKT t=18454 TX ua=95 mt=P len=0
PKT t=18463 RX ua=95 mt=R len=7
PKT t=18468 TX ua=95 mt=P len=0
PKT t=18477 RX ua=95 mt=R len=7
PKT t=18482 TX ua=95 mt=P len=0
PKT t=18491 RX ua=95 mt=R len=7
PKT t=18496 TX ua=95 mt=P len=0
PKT t=18525 RX ua=95 mt=R len=7
PKT t=18530 TX ua=95 mt=P len=0
PKT t=18539 RX ua=95 mt=R len=7
PKT t=18544 TX ua=95 mt=P len=0
PKT t=18553 RX ua=95 mt=R len=7
PKT t=18558 TX ua=95 mt=P len=0
PKT t=18567 RX ua=95 mt=R len=7
PKT t=18572 TX ua=95 mt=P len=0
PKT t=18581 RX ua=95 mt=R len=7
PKT t=18586 TX ua=95 mt=P len=0
PKT t=18595 RX ua=95 mt=R len=7
PKT t=18600 TX ua=95 mt=P len=0
PKT t=18629 RX ua=95 mt=R len=7
PKT t=18634 TX ua=95 mt=T len=7
PKT t=18647 TX ua=95 mt=P len=0
PKT t=18656 RX ua=95 mt=R len=7
PKT t=18661 TX ua=95 mt=P len=0
PKT t=18671 RX ua=95 mt=R len=7
PKT t=18675 TX ua=95 mt=P len=0
PKT t=18684 RX ua=95 mt=R len=7
PKT t=18689 TX ua=95 mt=P len=0
PKT t=18698 RX ua=95 mt=R len=7
PKT t=18703 TX ua=95 mt=P len=0
PKT t=18732 RX ua=95 mt=R len=7
PKT t=18737 TX ua=95 mt=P len=0
PKT t=18746 RX ua=95 mt=R len=7
PKT t=18751 TX ua=95 mt=P len=0
PKT t=18760 RX ua=95 mt=R len=7
PKT t=18765 TX ua=95 mt=P len=0
PKT t=18774 RX ua=95 mt=R len=7
PKT t=18779 TX ua=95 mt=P len=0
PKT t=18788 RX ua=95 mt=R len=7
PKT t=18793 TX ua=95 mt=P len=0
PKT t=18802 RX ua=95 mt=R len=7
PKT t=18807 TX ua=95 mt=P len=0
PKT t=18836 RX ua=95 mt=R len=7
PKT t=18841 TX ua=95 mt=P len=0
PKT t=18850 RX ua=95 mt=R len=7
PKT t=18855 TX ua=95 mt=P len=0
PKT t=18864 RX ua=95 mt=R len=7
PKT t=18869 TX ua=95 mt=P len=0
PKT t=18878 RX ua=95 mt=R len=7
PKT t=18883 TX ua=95 mt=T len=7
PKT t=18896 TX ua=95 mt=P len=0
PKT t=18905 RX ua=95 mt=R len=7
PKT t=18910 TX ua=95 mt=P len=0
PKT t=18940 RX ua=95 mt=R len=7
PKT t=18945 TX ua=95 mt=P len=0
PKT t=18954 RX ua=95 mt=R len=7
PKT t=18959 TX ua=95 mt=P len=0
PKT t=18968 RX ua=95 mt=R len=7
PKT t=18973 TX ua=95 mt=P len=0
PKT t=18982 RX ua=95 mt=R len=7
PKT t=18987 TX ua=95 mt=P len=0
PKT t=18996 RX ua=95 mt=R len=7
PKT t=19001 TX ua=95 mt=P len=0
PKT t=19010 RX ua=95 mt=R len=7
PKT t=19015 TX ua=95 mt=P len=0
PKT t=19044 RX ua=95 mt=R len=7
PKT t=19081 TX ua=95 mt=P len=0
PKT t=19090 RX ua=95 mt=R len=7
PKT t=19095 TX ua=95 mt=P len=0
PKT t=19104 RX ua=95 mt=R len=7
PKT t=19109 TX ua=95 mt=P len=0
PKT t=19118 RX ua=95 mt=R len=7
PKT t=19123 TX ua=95 mt=P len=0
PKT t=19152 RX ua=95 mt=R len=7
PKT t=19157 TX ua=95 mt=T len=7
PKT t=19169 TX ua=95 mt=P len=0
PKT t=19178 RX ua=95 mt=R len=7
PKT t=19183 TX ua=95 mt=P len=0
PKT t=19192 RX ua=95 mt=R len=7
PKT t=19197 TX ua=95 mt=P len=0
PKT t=19206 RX ua=95 mt=R len=7
PKT t=19211 TX ua=95 mt=P len=0
PKT t=19220 RX ua=95 mt=R len=7
PKT t=19225 TX ua=95 mt=P len=0
PKT t=19254 RX ua=95 mt=R len=7
PKT t=19259 TX ua=95 mt=P len=0
PKT t=19268 RX ua=95 mt=R len=7
PKT t=19273 TX ua=95 mt=P len=0
PKT t=19282 RX ua=95 mt=R len=7
PKT t=19287 TX ua=95 mt=P len=0
PKT t=19296 RX ua=95 mt=R len=7
PKT t=19301 TX ua=95 mt=P len=0
PKT t=19310 RX ua=95 mt=R len=7
PKT t=19315 TX ua=95 mt=P len=0
PKT t=19324 RX ua=95 mt=R len=7
PKT t=19329 TX ua=95 mt=P len=0
PKT t=19358 RX ua=95 mt=R len=7
PKT t=19363 TX ua=95 mt=P len=0
PKT t=19372 RX ua=95 mt=R len=7
PKT t=19377 TX ua=95 mt=T len=7
PKT t=19389 TX ua=95 mt=P len=0
PKT t=19399 RX ua=95 mt=R len=7
PKT t=19404 TX ua=95 mt=P len=0
PKT t=19414 RX ua=95 mt=R len=7
PKT t=19419 TX ua=95 mt=P len=0
PKT t=19429 RX ua=95 mt=R len=7
PKT t=19434 TX ua=95 mt=P len=0
PKT t=19463 RX ua=95 mt=R len=7
PKT t=19468 TX ua=95 mt=P len=0
PKT t=19478 RX ua=95 mt=R len=7
PKT t=19483 TX ua=95 mt=P len=0
PKT t=19493 RX ua=95 mt=R len=7
PKT t=19498 TX ua=95 mt=P len=0
PKT t=19508 RX ua=95 mt=R len=7
PKT t=19513 TX ua=95 mt=P len=0
PKT t=19523 RX ua=95 mt=R len=7
PKT t=19528 TX ua=95 mt=P len=0
PKT t=19562 RX ua=95 mt=R len=7
PKT t=19567 TX ua=95 mt=P len=0
PKT t=19577 RX ua=95 mt=R len=7
PKT t=19582 TX ua=95 mt=P len=0
PKT t=19592 RX ua=95 mt=R len=7
PKT t=19597 TX ua=95 mt=P len=0
PKT t=19607 RX ua=95 mt=R len=7
PKT t=19612 TX ua=95 mt=P len=0
PKT t=19622 RX ua=95 mt=R len=7
PKT t=19627 TX ua=95 mt=T len=7
PKT t=19639 TX ua=95 mt=P len=0
PKT t=19667 RX ua=95 mt=R len=7
PKT t=19672 TX ua=95 mt=P len=0
PKT t=19681 RX ua=95 mt=R len=7
PKT t=19686 TX ua=95 mt=P len=0
PKT t=19695 RX ua=95 mt=R len=7
PKT t=19700 TX ua=95 mt=P len=0
PKT t=19709 RX ua=95 mt=R len=7
PKT t=19714 TX ua=95 mt=P len=0
PKT t=19723 RX ua=95 mt=R len=7
PKT t=19728 TX ua=95 mt=P len=0
PKT t=19737 RX ua=95 mt=R len=7
PKT t=19742 TX ua=95 mt=P len=0
PKT t=19771 RX ua=95 mt=R len=7
PKT t=19776 TX ua=95 mt=P len=0
PKT t=19785 RX ua=95 mt=R len=7
PKT t=19790 TX ua=95 mt=P len=0
PKT t=19799 RX ua=95 mt=R len=7
PKT t=19804 TX ua=95 mt=P len=0
PKT t=19813 RX ua=95 mt=R len=7
PKT t=19818 TX ua=95 mt=P len=0
PKT t=19827 RX ua=95 mt=R len=7
PKT t=19832 TX ua=95 mt=P len=0
PKT t=19841 RX ua=95 mt=R len=7
PKT t=19846 TX ua=95 mt=P len=0
PKT t=19876 RX ua=95 mt=R len=7
PKT t=19881 TX ua=95 mt=T len=7
PKT t=19893 TX ua=95 mt=P len=0
PKT t=19902 RX ua=95 mt=R len=7
PKT t=19907 TX ua=95 mt=P len=0
PKT t=19916 RX ua=95 mt=R len=7
PKT t=19921 TX ua=95 mt=P len=0
PKT t=19930 RX ua=95 mt=R len=7
PKT t=19935 TX ua=95 mt=P len=0
PKT t=19945 RX ua=95 mt=R len=7
PKT t=19950 TX ua=95 mt=P len=0
PKT t=19979 RX ua=95 mt=R len=7
PKT t=19984 TX ua=95 mt=P len=0
PKT t=19993 RX ua=95 mt=R len=7
PKT t=19998 TX ua=95 mt=P len=0
PKT t=20007 RX ua=95 mt=R len=7
PKT t=20014 TX ua=95 mt=P len=0
PKT t=20023 RX ua=95 mt=R len=7
PKT t=20028 TX ua=95 mt=P len=0
PKT t=20037 RX ua=95 mt=R len=7
PKT t=20042 TX ua=95 mt=P len=0
PKT t=20081 RX ua=95 mt=R len=7
PKT t=20086 TX ua=95 mt=P len=0
PKT t=20095 RX ua=95 mt=R len=7
PKT t=20100 TX ua=95 mt=P len=0
PKT t=20109 RX ua=95 mt=R len=7
PKT t=20114 TX ua=95 mt=P len=0
PKT t=20123 RX ua=95 mt=R len=7
PKT t=20128 TX ua=95 mt=T len=7
PKT t=20140 TX ua=95 mt=P len=0
PKT t=20149 RX ua=95 mt=R len=7
PKT t=20154 TX ua=95 mt=P len=0
PKT t=20163 RX ua=95 mt=R len=7
PKT t=20168 TX ua=95 mt=P len=0
PKT t=20197 RX ua=95 mt=R len=7
PKT t=20202 TX ua=95 mt=P len=0
PKT t=20211 RX ua=95 mt=R len=7
PKT t=20216 TX ua=95 mt=P len=0
PKT t=20225 RX ua=95 mt=R len=7
PKT t=20230 TX ua=95 mt=P len=0
PKT t=20239 RX ua=95 mt=R len=7
PKT t=20244 TX ua=95 mt=P len=0
PKT t=20253 RX ua=95 mt=R len=7
PKT t=20258 TX ua=95 mt=P len=0
PKT t=20267 RX ua=95 mt=R len=7
PKT t=20272 TX ua=95 mt=P len=0
PKT t=20301 RX ua=95 mt=R len=7
PKT t=20306 TX ua=95 mt=P len=0
PKT t=20315 RX ua=95 mt=R len=7
PKT t=20320 TX ua=95 mt=P len=0
PKT t=20329 RX ua=95 mt=R len=7
PKT t=20334 TX ua=95 mt=P len=0
PKT t=20343 RX ua=95 mt=R len=7
PKT t=20348 TX ua=95 mt=P len=0
PKT t=20357 RX ua=95 mt=R len=7
PKT t=20362 TX ua=95 mt=P len=0
PKT t=20371 RX ua=95 mt=R len=7
PKT t=20376 TX ua=95 mt=T len=7
PKT t=20388 TX ua=95 mt=P len=0
PKT t=20407 RX ua=95 mt=R len=7
PKT t=20412 TX ua=95 mt=P len=0
PKT t=20421 RX ua=95 mt=R len=7
PKT t=20426 TX ua=95 mt=P len=0
PKT t=20435 RX ua=95 mt=R len=7
PKT t=20440 TX ua=95 mt=P len=0
PKT t=20449 RX ua=95 mt=R len=7
PKT t=20454 TX ua=95 mt=P len=0
PKT t=20463 RX ua=95 mt=R len=7
PKT t=20468 TX ua=95 mt=P len=0
PKT t=20477 RX ua=95 mt=R len=7
PKT t=20482 TX ua=95 mt=P len=0
PKT t=20511 RX ua=95 mt=R len=7
PKT t=20516 TX ua=95 mt=P len=0
PKT t=20525 RX ua=95 mt=R len=7
PKT t=20530 TX ua=95 mt=P len=0
PKT t=20539 RX ua=95 mt=R len=7
PKT t=20544 TX ua=95 mt=P len=0
PKT t=20553 RX ua=95 mt=R len=7
PKT t=20558 TX ua=95 mt=P len=0
PKT t=20567 RX ua=95 mt=R len=7
PKT t=20572 TX ua=95 mt=P len=0
PKT t=20581 RX ua=95 mt=R len=7
PKT t=20586 TX ua=95 mt=P len=0
PKT t=20615 RX ua=95 mt=R len=7
PKT t=20620 TX ua=95 mt=P len=0
PKT t=20629 RX ua=95 mt=R len=7
PKT t=20634 TX ua=95 mt=T len=7
PKT t=20646 TX ua=95 mt=P len=0
PKT t=20655 RX ua=95 mt=R len=7
PKT t=20660 TX ua=95 mt=P len=0
PKT t=20669 RX ua=95 mt=R len=7
PKT t=20674 TX ua=95 mt=P len=0
PKT t=20683 RX ua=95 mt=R len=7
PKT t=20688 TX ua=95 mt=P len=0
PKT t=20717 RX ua=95 mt=R len=7
PKT t=20722 TX ua=95 mt=P len=0
PKT t=20731 RX ua=95 mt=R len=7
PKT t=20736 TX ua=95 mt=P len=0
PKT t=20745 RX ua=95 mt=R len=7
PKT t=20750 TX ua=95 mt=P len=0
PKT t=20759 RX ua=95 mt=R len=7
PKT t=20764 TX ua=95 mt=P len=0
PKT t=20773 RX ua=95 mt=R len=7
PKT t=20778 TX ua=95 mt=P len=0
PKT t=20787 RX ua=95 mt=R len=7
PKT t=20792 TX ua=95 mt=P len=0
PKT t=20821 RX ua=95 mt=R len=7
PKT t=20826 TX ua=95 mt=P len=0
PKT t=20835 RX ua=95 mt=R len=7
PKT t=20840 TX ua=95 mt=P len=0
PKT t=20849 RX ua=95 mt=R len=7
PKT t=20854 TX ua=95 mt=P len=0
PKT t=20863 RX ua=95 mt=R len=7
PKT t=20868 TX ua=95 mt=P len=0
PKT t=20877 RX ua=95 mt=R len=7
PKT t=20882 TX ua=95 mt=T len=7
PKT t=20894 TX ua=95 mt=P len=0
PKT t=20922 RX ua=95 mt=R len=7
PKT t=20927 TX ua=95 mt=P len=0
PKT t=20936 RX ua=95 mt=R len=7
PKT t=20941 TX ua=95 mt=P len=0
PKT t=20950 RX ua=95 mt=R len=7
PKT t=20955 TX ua=95 mt=P len=0
PKT t=20964 RX ua=95 mt=R len=7
PKT t=20969 TX ua=95 mt=P len=0
PKT t=20978 RX ua=95 mt=R len=7
PKT t=20983 TX ua=95 mt=P len=0
PKT t=20992 RX ua=95 mt=R len=7
PKT t=20997 TX ua=95 mt=P len=0
PKT t=21026 RX ua=95 mt=R len=7
PKT t=21031 TX ua=95 mt=P len=0
PKT t=21040 RX ua=95 mt=R len=7
PKT t=21045 TX ua=95 mt=P len=0
PKT t=21081 RX ua=95 mt=R len=7
PKT t=21336 TX ua=96 mt=P len=0
PKT t=21594 TX ua=95 mt=P len=0
PKT t=21603 RX ua=95 mt=R len=7
PKT t=21608 TX ua=95 mt=T len=7
PKT t=21621 TX ua=95 mt=P len=0
PKT t=21631 RX ua=95 mt=R len=7
PKT t=21636 TX ua=95 mt=T len=7
PKT t=21649 TX ua=95 mt=P len=0
PKT t=21658 RX ua=95 mt=R len=7
PKT t=21663 TX ua=95 mt=P len=0
PKT t=21672 RX ua=95 mt=R len=7
PKT t=21677 TX ua=95 mt=P len=0
PKT t=21686 RX ua=95 mt=R len=7
PKT t=21691 TX ua=95 mt=P len=0
PKT t=21700 RX ua=95 mt=R len=7
PKT t=21705 TX ua=95 mt=P len=0
PKT t=21734 RX ua=95 mt=R len=7
PKT t=21739 TX ua=95 mt=P len=0
PKT t=21748 RX ua=95 mt=R len=7
PKT t=21753 TX ua=95 mt=P len=0
PKT t=21763 RX ua=95 mt=R len=7
PKT t=21768 TX ua=95 mt=P len=0
PKT t=21777 RX ua=95 mt=R len=7
PKT t=21782 TX ua=95 mt=P len=0
PKT t=21791 RX ua=95 mt=R len=7
PKT t=21796 TX ua=95 mt=P len=0
PKT t=21805 RX ua=95 mt=R len=7
PKT t=21810 TX ua=95 mt=P len=0
PKT t=21839 RX ua=95 mt=R len=7
PKT t=21844 TX ua=95 mt=P len=0
PKT t=21853 RX ua=95 mt=R len=7
PKT t=21858 TX ua=95 mt=P len=0
PKT t=21867 RX ua=95 mt=R len=7
PKT t=21872 TX ua=95 mt=P len=0
PKT t=21881 RX ua=95 mt=R len=7
PKT t=21886 TX ua=95 mt=T len=7
PKT t=21899 TX ua=95 mt=P len=0
PKT t=21908 RX ua=95 mt=R len=7
PKT t=21913 TX ua=95 mt=P len=0
PKT t=21942 RX ua=95 mt=R len=7
PKT t=21947 TX ua=95 mt=P len=0
PKT t=21956 RX ua=95 mt=R len=7
PKT t=21961 TX ua=95 mt=P len=0
PKT t=21970 RX ua=95 mt=R len=7
PKT t=21975 TX ua=95 mt=P len=0
PKT t=21984 RX ua=95 mt=R len=7
PKT t=21989 TX ua=95 mt=P len=0
PKT t=21998 RX ua=95 mt=R len=7
PKT t=22003 TX ua=95 mt=P len=0
PKT t=22015 RX ua=95 mt=R len=7
PKT t=22020 TX ua=95 mt=P len=0
PKT t=22046 RX ua=95 mt=R len=7
PKT t=22081 TX ua=95 mt=P len=0
PKT t=22090 RX ua=95 mt=R len=7
PKT t=22095 TX ua=95 mt=P len=0
PKT t=22104 RX ua=95 mt=R len=7
PKT t=22109 TX ua=95 mt=P len=0
PKT t=22118 RX ua=95 mt=R len=7
PKT t=22123 TX ua=95 mt=P len=0
PKT t=22152 RX ua=95 mt=R len=7
PKT t=22157 TX ua=95 mt=T len=7
PKT t=22169 TX ua=95 mt=P len=0
PKT t=22178 RX ua=95 mt=R len=7
PKT t=22183 TX ua=95 mt=P len=0
PKT t=22192 RX ua=95 mt=R len=7
PKT t=22197 TX ua=95 mt=P len=0
PKT t=22206 RX ua=95 mt=R len=7
PKT t=22211 TX ua=95 mt=P len=0
PKT t=22220 RX ua=95 mt=R len=7
PKT t=22225 TX ua=95 mt=P len=0
PKT t=22254 RX ua=95 mt=R len=7
PKT t=22259 TX ua=95 mt=P len=0
PKT t=22268 RX ua=95 mt=R len=7
PKT t=22273 TX ua=95 mt=P len=0
PKT t=22282 RX ua=95 mt=R len=7
PKT t=22287 TX ua=95 mt=P len=0
PKT t=22296 RX ua=95 mt=R len=7
PKT t=22301 TX ua=95 mt=P len=0
PKT t=22310 RX ua=95 mt=R len=7
PKT t=22315 TX ua=95 mt=P len=0
PKT t=22324 RX ua=95 mt=R len=7
PKT t=22329 TX ua=95 mt=P len=0
PKT t=22358 RX ua=95 mt=R len=7
PKT t=22363 TX ua=95 mt=P len=0
PKT t=22372 RX ua=95 mt=R len=7
PKT t=22377 TX ua=95 mt=T len=7
PKT t=22389 TX ua=95 mt=P len=0
PKT t=22398 RX ua=95 mt=R len=7
PKT t=22403 TX ua=95 mt=P len=0
PKT t=22412 RX ua=95 mt=R len=7
PKT t=22417 TX ua=95 mt=P len=0
PKT t=22426 RX ua=95 mt=R len=7
PKT t=22431 TX ua=95 mt=P len=0
PKT t=22460 RX ua=95 mt=R len=7
PKT t=22465 TX ua=95 mt=P len=0
PKT t=22474 RX ua=95 mt=R len=7
PKT t=22479 TX ua=95 mt=P len=0
PKT t=22488 RX ua=95 mt=R len=7
PKT t=22493 TX ua=95 mt=P len=0
PKT t=22502 RX ua=95 mt=R len=7
PKT t=22507 TX ua=95 mt=P len=0
PKT t=22516 RX ua=95 mt=R len=7
PKT t=22521 TX ua=95 mt=P len=0
PKT t=22530 RX ua=95 mt=R len=7
PKT t=22535 TX ua=95 mt=P len=0
PKT t=22564 RX ua=95 mt=R len=7
PKT t=22569 TX ua=95 mt=P len=0
PKT t=22578 RX ua=95 mt=R len=7
PKT t=22583 TX ua=95 mt=P len=0
PKT t=22592 RX ua=95 mt=R len=7
PKT t=22597 TX ua=95 mt=P len=0
PKT t=22606 RX ua=95 mt=R len=7
PKT t=22611 TX ua=95 mt=P len=0
PKT t=22620 RX ua=95 mt=R len=7
PKT t=22625 TX ua=95 mt=T len=7
PKT t=22637 TX ua=95 mt=P len=0
PKT t=22665 RX ua=95 mt=R len=7
PKT t=22670 TX ua=95 mt=P len=0
PKT t=22679 RX ua=95 mt=R len=7
PKT t=22684 TX ua=95 mt=P len=0
PKT t=22693 RX ua=95 mt=R len=7
PKT t=22698 TX ua=95 mt=P len=0
PKT t=22708 RX ua=95 mt=R len=7
PKT t=22713 TX ua=95 mt=P len=0
PKT t=22722 RX ua=95 mt=R len=7
PKT t=22727 TX ua=95 mt=P len=0
PKT t=22736 RX ua=95 mt=R len=7
PKT t=22741 TX ua=95 mt=P len=0
PKT t=22770 RX ua=95 mt=R len=7
PKT t=22775 TX ua=95 mt=P len=0
PKT t=22784 RX ua=95 mt=R len=7
PKT t=22789 TX ua=95 mt=P len=0
PKT t=22799 RX ua=95 mt=R len=7
PKT t=22804 TX ua=95 mt=P len=0
PKT t=22813 RX ua=95 mt=R len=7
PKT t=22818 TX ua=95 mt=P len=0
PKT t=22827 RX ua=95 mt=R len=7
PKT t=22832 TX ua=95 mt=P len=0
PKT t=22841 RX ua=95 mt=R len=7
PKT t=22846 TX ua=95 mt=P len=0
PKT t=22875 RX ua=95 mt=R len=7
PKT t=22880 TX ua=95 mt=T len=7
PKT t=22892 TX ua=95 mt=P len=0
PKT t=22901 RX ua=95 mt=R len=7
PKT t=22906 TX ua=95 mt=P len=0
PKT t=22915 RX ua=95 mt=R len=7
PKT t=22920 TX ua=95 mt=P len=0
PKT t=22929 RX ua=95 mt=R len=7
PKT t=22934 TX ua=95 mt=P len=0
PKT t=22943 RX ua=95 mt=R len=7
PKT t=22948 TX ua=95 mt=P len=0
PKT t=22977 RX ua=95 mt=R len=7
PKT t=22982 TX ua=95 mt=P len=0
PKT t=22991 RX ua=95 mt=R len=7
PKT t=22996 TX ua=95 mt=P len=0
PKT t=23005 RX ua=95 mt=R len=7
PKT t=23010 TX ua=95 mt=P len=0
PKT t=23019 RX ua=95 mt=R len=7
PKT t=23024 TX ua=95 mt=P len=0
PKT t=23033 RX ua=95 mt=R len=7
PKT t=23038 TX ua=95 mt=P len=0
PKT t=23081 RX ua=95 mt=R len=7
PKT t=23086 TX ua=95 mt=P len=0
PKT t=23095 RX ua=95 mt=R len=7
PKT t=23100 TX ua=95 mt=P len=0
PKT t=23109 RX ua=95 mt=R len=7
PKT t=23114 TX ua=95 mt=P len=0
PKT t=23123 RX ua=95 mt=R len=7
PKT t=23128 TX ua=95 mt=T len=7
PKT t=23140 TX ua=95 mt=P len=0
PKT t=23149 RX ua=95 mt=R len=7
PKT t=23154 TX ua=95 mt=P len=0
PKT t=23183 RX ua=95 mt=R len=7
PKT t=23188 TX ua=95 mt=P len=0
PKT t=23197 RX ua=95 mt=R len=7
PKT t=23202 TX ua=95 mt=P len=0
PKT t=23211 RX ua=95 mt=R len=7
PKT t=23216 TX ua=95 mt=P len=0
PKT t=23225 RX ua=95 mt=R len=7
PKT t=23230 TX ua=95 mt=P len=0
PKT t=23239 RX ua=95 mt=R len=7
PKT t=23244 TX ua=95 mt=P len=0
PKT t=23253 RX ua=95 mt=R len=7
PKT t=23258 TX ua=95 mt=P len=0
PKT t=23287 RX ua=95 mt=R len=7
PKT t=23292 TX ua=95 mt=P len=0
PKT t=23301 RX ua=95 mt=R len=7
PKT t=23306 TX ua=95 mt=P len=0
PKT t=23315 RX ua=95 mt=R len=7
PKT t=23320 TX ua=95 mt=P len=0
PKT t=23329 RX ua=95 mt=R len=7
PKT t=23334 TX ua=95 mt=P len=0
PKT t=23343 RX ua=95 mt=R len=7
PKT t=23348 TX ua=95 mt=P len=0
PKT t=23357 RX ua=95 mt=R len=7
PKT t=23362 TX ua=95 mt=P len=0
PKT t=23391 RX ua=95 mt=R len=7
PKT t=23396 TX ua=95 mt=T len=7
PKT t=23408 TX ua=95 mt=P len=0
PKT t=23418 RX ua=95 mt=R len=7
PKT t=23423 TX ua=95 mt=P len=0
PKT t=23433 RX ua=95 mt=R len=7
PKT t=23438 TX ua=95 mt=P len=0
PKT t=23448 RX ua=95 mt=R len=7
PKT t=23453 TX ua=95 mt=P len=0
PKT t=23463 RX ua=95 mt=R len=7
PKT t=23468 TX ua=95 mt=P len=0
PKT t=23497 RX ua=95 mt=R len=7
PKT t=23502 TX ua=95 mt=P len=0
PKT t=23512 RX ua=95 mt=R len=7
PKT t=23517 TX ua=95 mt=P len=0
PKT t=23527 RX ua=95 mt=R len=7
PKT t=23532 TX ua=95 mt=P len=0
PKT t=23542 RX ua=95 mt=R len=7
PKT t=23547 TX ua=95 mt=P len=0
PKT t=23557 RX ua=95 mt=R len=7
PKT t=23562 TX ua=95 mt=P len=0
PKT t=23572 RX ua=95 mt=R len=7
PKT t=23577 TX ua=95 mt=P len=0
PKT t=23606 RX ua=95 mt=R len=7
PKT t=23611 TX ua=95 mt=P len=0
PKT t=23621 RX ua=95 mt=R len=7
PKT t=23626 TX ua=95 mt=T len=7
PKT t=23638 TX ua=95 mt=P len=0
PKT t=23647 RX ua=95 mt=R len=7
PKT t=23652 TX ua=95 mt=P len=0
PKT t=23661 RX ua=95 mt=R len=7
PKT t=23666 TX ua=95 mt=P len=0
PKT t=23675 RX ua=95 mt=R len=7
PKT t=23680 TX ua=95 mt=P len=0
PKT t=23709 RX ua=95 mt=R len=7
PKT t=23714 TX ua=95 mt=P len=0
PKT t=23723 RX ua=95 mt=R len=7
PKT t=23728 TX ua=95 mt=P len=0
PKT t=23737 RX ua=95 mt=R len=7
PKT t=23742 TX ua=95 mt=P len=0
PKT t=23751 RX ua=95 mt=R len=7
PKT t=23756 TX ua=95 mt=P len=0
PKT t=23765 RX ua=95 mt=R len=7
PKT t=23770 TX ua=95 mt=P len=0
PKT t=23779 RX ua=95 mt=R len=7
PKT t=23784 TX ua=95 mt=P len=0
PKT t=23813 RX ua=95 mt=R len=7
PKT t=23818 TX ua=95 mt=P len=0
PKT t=23827 RX ua=95 mt=R len=7
PKT t=23832 TX ua=95 mt=P len=0
PKT t=23841 RX ua=95 mt=R len=7
PKT t=23846 TX ua=95 mt=P len=0
PKT t=23855 RX ua=95 mt=R len=7
PKT t=23860 TX ua=95 mt=P len=0
PKT t=23869 RX ua=95 mt=R len=7
PKT t=23874 TX ua=95 mt=T len=7
PKT t=23886 TX ua=95 mt=P len=0
PKT t=23914 RX ua=95 mt=R len=7
PKT t=23919 TX ua=95 mt=P len=0
PKT t=23928 RX ua=95 mt=R len=7
PKT t=23933 TX ua=95 mt=P len=0
PKT t=23942 RX ua=95 mt=R len=7
PKT t=23947 TX ua=95 mt=P len=0
PKT t=23956 RX ua=95 mt=R len=7
PKT t=23961 TX ua=95 mt=P len=0
PKT t=23970 RX ua=95 mt=R len=7
PKT t=23975 TX ua=95 mt=P len=0
PKT t=23984 RX ua=95 mt=R len=7
PKT t=23989 TX ua=95 mt=P len=0
PKT t=24018 RX ua=95 mt=R len=7
PKT t=24023 TX ua=95 mt=P len=0
PKT t=24032 RX ua=95 mt=R len=7
PKT t=24037 TX ua=95 mt=P len=0
PKT t=24046 RX ua=95 mt=R len=7
PKT t=24081 TX ua=95 mt=P len=0
PKT t=24090 RX ua=95 mt=R len=7
PKT t=24095 TX ua=95 mt=P len=0
PKT t=24124 RX ua=95 mt=R len=7
PKT t=24129 TX ua=95 mt=T len=7
PKT t=24141 TX ua=95 mt=P len=0
PKT t=24150 RX ua=95 mt=R len=7
PKT t=24155 TX ua=95 mt=P len=0
PKT t=24165 RX ua=95 mt=R len=7
PKT t=24170 TX ua=95 mt=P len=0
PKT t=24179 RX ua=95 mt=R len=7
PKT t=24184 TX ua=95 mt=P len=0
PKT t=24193 RX ua=95 mt=R len=7
PKT t=24198 TX ua=95 mt=P len=0
PKT t=24227 RX ua=95 mt=R len=7
PKT t=24232 TX ua=95 mt=P len=0
PKT t=24241 RX ua=95 mt=R len=7
PKT t=24246 TX ua=95 mt=P len=0
PKT t=24255 RX ua=95 mt=R len=7
PKT t=24260 TX ua=95 mt=P len=0
PKT t=24269 RX ua=95 mt=R len=7
PKT t=24274 TX ua=95 mt=P len=0
PKT t=24283 RX ua=95 mt=R len=7
PKT t=24288 TX ua=95 mt=P len=0
PKT t=24297 RX ua=95 mt=R len=7
PKT t=24302 TX ua=95 mt=P len=0
PKT t=24331 RX ua=95 mt=R len=7
PKT t=24336 TX ua=95 mt=P len=0
PKT t=24346 RX ua=95 mt=R len=7
PKT t=24351 TX ua=95 mt=P len=0
PKT t=24360 RX ua=95 mt=R len=7
PKT t=24365 TX ua=95 mt=P len=0
PKT t=24374 RX ua=95 mt=R len=7
PKT t=24379 TX ua=95 mt=T len=7
PKT t=24391 TX ua=95 mt=P len=0
PKT t=24400 RX ua=95 mt=R len=7
PKT t=24405 TX ua=95 mt=P len=0
PKT t=24434 RX ua=95 mt=R len=7
PKT t=24439 TX ua=95 mt=P len=0
PKT t=24448 RX ua=95 mt=R len=7
PKT t=24453 TX ua=95 mt=P len=0
PKT t=24462 RX ua=95 mt=R len=7
PKT t=24467 TX ua=95 mt=P len=0
PKT t=24476 RX ua=95 mt=R len=7
PKT t=24481 TX ua=95 mt=P len=0
PKT t=24490 RX ua=95 mt=R len=7
PKT t=24495 TX ua=95 mt=P len=0
PKT t=24504 RX ua=95 mt=R len=7
PKT t=24509 TX ua=95 mt=P len=0
PKT t=24538 RX ua=95 mt=R len=7
PKT t=24543 TX ua=95 mt=P len=0
PKT t=24552 RX ua=95 mt=R len=7
PKT t=24557 TX ua=95 mt=P len=0
PKT t=24566 RX ua=95 mt=R len=7
PKT t=24571 TX ua=95 mt=P len=0
PKT t=24580 RX ua=95 mt=R len=7
PKT t=24585 TX ua=95 mt=P len=0
PKT t=24594 RX ua=95 mt=R len=7
PKT t=24599 TX ua=95 mt=P len=0
PKT t=24608 RX ua=95 mt=R len=7
PKT t=24613 TX ua=95 mt=P len=0
PKT t=24642 RX ua=95 mt=R len=7
PKT t=24647 TX ua=95 mt=T len=7
PKT t=24659 TX ua=95 mt=P len=0
PKT t=24668 RX ua=95 mt=R len=7
PKT t=24673 TX ua=95 mt=P len=0
PKT t=24682 RX ua=95 mt=R len=7
PKT t=24687 TX ua=95 mt=P len=0
PKT t=24696 RX ua=95 mt=R len=7
PKT t=24701 TX ua=95 mt=P len=0
PKT t=24710 RX ua=95 mt=R len=7
PKT t=24715 TX ua=95 mt=P len=0
PKT t=24744 RX ua=95 mt=R len=7
PKT t=24749 TX ua=95 mt=P len=0
PKT t=24758 RX ua=95 mt=R len=7
PKT t=24763 TX ua=95 mt=P len=0
PKT t=24772 RX ua=95 mt=R len=7
PKT t=24777 TX ua=95 mt=P len=0
PKT t=24786 RX ua=95 mt=R len=7
PKT t=24791 TX ua=95 mt=P len=0
PKT t=24800 RX ua=95 mt=R len=7
PKT t=24805 TX ua=95 mt=P len=0
PKT t=24814 RX ua=95 mt=R len=7
PKT t=24819 TX ua=95 mt=P len=0
PKT t=24848 RX ua=95 mt=R len=7
PKT t=24853 TX ua=95 mt=P len=0
PKT t=24862 RX ua=95 mt=R len=7
PKT t=24867 TX ua=95 mt=P len=0
PKT t=24876 RX ua=95 mt=R len=7
PKT t=24881 TX ua=95 mt=T len=7
PKT t=24893 TX ua=95 mt=P len=0
PKT t=24902 RX ua=95 mt=R len=7
PKT t=24907 TX ua=95 mt=P len=0
PKT t=24916 RX ua=95 mt=R len=7
PKT t=24921 TX ua=95 mt=P len=0
PKT t=24950 RX ua=95 mt=R len=7
PKT t=24955 TX ua=95 mt=P len=0
PKT t=24964 RX ua=95 mt=R len=7
PKT t=24969 TX ua=95 mt=P len=0
PKT t=24978 RX ua=95 mt=R len=7
PKT t=24983 TX ua=95 mt=P len=0
PKT t=24992 RX ua=95 mt=R len=7
PKT t=24997 TX ua=95 mt=P len=0
PKT t=25006 RX ua=95 mt=R len=7
PKT t=25011 TX ua=95 mt=P len=0
PKT t=25020 RX ua=95 mt=R len=7
PKT t=25025 TX ua=95 mt=P len=0
PKT t=25081 RX ua=95 mt=R len=7
PKT t=25086 TX ua=95 mt=P len=0
PKT t=25095 RX ua=95 mt=R len=7
PKT t=25100 TX ua=95 mt=P len=0
PKT t=25109 RX ua=95 mt=R len=7
PKT t=25114 TX ua=95 mt=P len=0
PKT t=25123 RX ua=95 mt=R len=7
PKT t=25128 TX ua=95 mt=T len=7
PKT t=25140 TX ua=95 mt=P len=0
PKT t=25159 RX ua=95 mt=R len=7
PKT t=25164 TX ua=95 mt=P len=0
PKT t=25173 RX ua=95 mt=R len=7
PKT t=25178 TX ua=95 mt=P len=0
PKT t=25187 RX ua=95 mt=R len=7
PKT t=25192 TX ua=95 mt=P len=0
PKT t=25201 RX ua=95 mt=R len=7
PKT t=25206 TX ua=95 mt=P len=0
PKT t=25215 RX ua=95 mt=R len=7
PKT t=25220 TX ua=95 mt=P len=0
PKT t=25229 RX ua=95 mt=R len=7
PKT t=25234 TX ua=95 mt=P len=0
PKT t=25263 RX ua=95 mt=R len=7
PKT t=25268 TX ua=95 mt=P len=0
PKT t=25277 RX ua=95 mt=R len=7
PKT t=25282 TX ua=95 mt=P len=0
PKT t=25291 RX ua=95 mt=R len=7
PKT t=25296 TX ua=95 mt=P len=0
PKT t=25305 RX ua=95 mt=R len=7
PKT t=25310 TX ua=95 mt=P len=0
PKT t=25319 RX ua=95 mt=R len=7
PKT t=25324 TX ua=95 mt=P len=0
PKT t=25333 RX ua=95 mt=R len=7
PKT t=25338 TX ua=95 mt=P len=0
PKT t=25367 RX ua=95 mt=R len=7
PKT t=25372 TX ua=95 mt=P len=0
PKT t=25381 RX ua=95 mt=R len=7
PKT t=25386 TX ua=95 mt=T len=7
PKT t=25398 TX ua=95 mt=P len=0
PKT t=25408 RX ua=95 mt=R len=7
PKT t=25413 TX ua=95 mt=P len=0
PKT t=25423 RX ua=95 mt=R len=7
PKT t=25428 TX ua=95 mt=P len=0
PKT t=25438 RX ua=95 mt=R len=7
PKT t=25443 TX ua=95 mt=P len=0
PKT t=25472 RX ua=95 mt=R len=7
PKT t=25477 TX ua=95 mt=P len=0
PKT t=25487 RX ua=95 mt=R len=7
PKT t=25492 TX ua=95 mt=P len=0
PKT t=25502 RX ua=95 mt=R len=7
PKT t=25507 TX ua=95 mt=P len=0
PKT t=25517 RX ua=95 mt=R len=7
PKT t=25522 TX ua=95 mt=P len=0
PKT t=25532 RX ua=95 mt=R len=7
PKT t=25537 TX ua=95 mt=P len=0
PKT t=25547 RX ua=95 mt=R len=7
PKT t=25552 TX ua=95 mt=P len=0
PKT t=25581 RX ua=95 mt=R len=7
PKT t=25586 TX ua=95 mt=P len=0
PKT t=25596 RX ua=95 mt=R len=7
PKT t=25601 TX ua=95 mt=P len=0
PKT t=25611 RX ua=95 mt=R len=7
PKT t=25616 TX ua=95 mt=P len=0
PKT t=25626 RX ua=95 mt=R len=7
PKT t=25631 TX ua=95 mt=T len=7
PKT t=25643 TX ua=95 mt=P len=0
PKT t=25652 RX ua=95 mt=R len=7
PKT t=25657 TX ua=95 mt=P len=0
PKT t=25686 RX ua=95 mt=R len=7
PKT t=25691 TX ua=95 mt=P len=0
PKT t=25700 RX ua=95 mt=R len=7
PKT t=25705 TX ua=95 mt=P len=0
PKT t=25714 RX ua=95 mt=R len=7
PKT t=25719 TX ua=95 mt=P len=0
PKT t=25728 RX ua=95 mt=R len=7
PKT t=25733 TX ua=95 mt=P len=0
PKT t=25742 RX ua=95 mt=R len=7
PKT t=25747 TX ua=95 mt=P len=0
PKT t=25756 RX ua=95 mt=R len=7
PKT t=25761 TX ua=95 mt=P len=0
PKT t=25790 RX ua=95 mt=R len=7
PKT t=25795 TX ua=95 mt=P len=0
PKT t=25804 RX ua=95 mt=R len=7
PKT t=25809 TX ua=95 mt=P len=0
PKT t=25818 RX ua=95 mt=R len=7
PKT t=25823 TX ua=95 mt=P len=0
PKT t=25832 RX ua=95 mt=R len=7
PKT t=25837 TX ua=95 mt=P len=0
PKT t=25846 RX ua=95 mt=R len=7
PKT t=25851 TX ua=95 mt=P len=0
PKT t=25860 RX ua=95 mt=R len=7
PKT t=25865 TX ua=95 mt=P len=0
PKT t=25894 RX ua=95 mt=R len=7
PKT t=25899 TX ua=95 mt=T len=7
PKT t=25911 TX ua=95 mt=P len=0
PKT t=25920 RX ua=95 mt=R len=7
PKT t=25925 TX ua=95 mt=P len=0
PKT t=25934 RX ua=95 mt=R len=7
PKT t=25939 TX ua=95 mt=P len=0
PKT t=25948 RX ua=95 mt=R len=7
PKT t=25953 TX ua=95 mt=P len=0
PKT t=25962 RX ua=95 mt=R len=7
PKT t=25967 TX ua=95 mt=P len=0
PKT t=25996 RX ua=95 mt=R len=7
PKT t=26001 TX ua=95 mt=P len=0
PKT t=26010 RX ua=95 mt=R len=7
PKT t=26017 TX ua=95 mt=P len=0
PKT t=26026 RX ua=95 mt=R len=7
PKT t=26031 TX ua=95 mt=P len=0
PKT t=26040 RX ua=95 mt=R len=7
PKT t=26045 TX ua=95 mt=P len=0
PKT t=26081 RX ua=95 mt=R len=7
PKT t=26336 TX ua=96 mt=P len=0
PKT t=26594 TX ua=95 mt=P len=0
PKT t=26603 RX ua=95 mt=R len=7
PKT t=26608 TX ua=95 mt=T len=7
PKT t=26621 TX ua=95 mt=P len=0
PKT t=26630 RX ua=95 mt=R len=7
PKT t=26635 TX ua=95 mt=T len=7
PKT t=26648 TX ua=95 mt=P len=0
PKT t=26657 RX ua=95 mt=R len=7
PKT t=26662 TX ua=95 mt=P len=0
PKT t=26671 RX ua=95 mt=R len=7
PKT t=26676 TX ua=95 mt=P len=0
PKT t=26705 RX ua=95 mt=R len=7
PKT t=26710 TX ua=95 mt=P len=0
PKT t=26719 RX ua=95 mt=R len=7
PKT t=26724 TX ua=95 mt=P len=0
PKT t=26733 RX ua=95 mt=R len=7
PKT t=26738 TX ua=95 mt=P len=0
PKT t=26747 RX ua=95 mt=R len=7
PKT t=26752 TX ua=95 mt=P len=0
PKT t=26761 RX ua=95 mt=R len=7
PKT t=26766 TX ua=95 mt=P len=0
PKT t=26775 RX ua=95 mt=R len=7
PKT t=26780 TX ua=95 mt=P len=0
PKT t=26809 RX ua=95 mt=R len=7
PKT t=26814 TX ua=95 mt=P len=0
PKT t=26823 RX ua=95 mt=R len=7
PKT t=26828 TX ua=95 mt=P len=0
PKT t=26837 RX ua=95 mt=R len=7
PKT t=26842 TX ua=95 mt=P len=0
PKT t=26851 RX ua=95 mt=R len=7
PKT t=26856 TX ua=95 mt=P len=0
PKT t=26865 RX ua=95 mt=R len=7
PKT t=26870 TX ua=95 mt=P len=0
PKT t=26879 RX ua=95 mt=R len=7
PKT t=26884 TX ua=95 mt=T len=7
PKT t=26897 TX ua=95 mt=P len=0
PKT t=26915 RX ua=95 mt=R len=7
PKT t=26920 TX ua=95 mt=P len=0
PKT t=26929 RX ua=95 mt=R len=7
PKT t=26934 TX ua=95 mt=P len=0
PKT t=26943 RX ua=95 mt=R len=7
PKT t=26948 TX ua=95 mt=P len=0
PKT t=26957 RX ua=95 mt=R len=7
PKT t=26962 TX ua=95 mt=P len=0
PKT t=26971 RX ua=95 mt=R len=7
PKT t=26976 TX ua=95 mt=P len=0
PKT t=26985 RX ua=95 mt=R len=7
PKT t=26990 TX ua=95 mt=P len=0
PKT t=27020 RX ua=95 mt=R len=7
PKT t=27025 TX ua=95 mt=P len=0
PKT t=27034 RX ua=95 mt=R len=7
PKT t=27039 TX ua=95 mt=P len=0
PKT t=27081 RX ua=95 mt=R len=7
PKT t=27086 TX ua=95 mt=P len=0
PKT t=27119 RX ua=95 mt=R len=7
PKT t=27124 TX ua=95 mt=T len=7
PKT t=27136 TX ua=95 mt=P len=0
PKT t=27145 RX ua=95 mt=R len=7
PKT t=27150 TX ua=95 mt=P len=0
PKT t=27159 RX ua=95 mt=R len=7
PKT t=27164 TX ua=95 mt=P len=0
PKT t=27173 RX ua=95 mt=R len=7
PKT t=27178 TX ua=95 mt=P len=0
PKT t=27187 RX ua=95 mt=R len=7
PKT t=27192 TX ua=95 mt=P len=0
PKT t=27221 RX ua=95 mt=R len=7
PKT t=27226 TX ua=95 mt=P len=0
PKT t=27235 RX ua=95 mt=R len=7
PKT t=27240 TX ua=95 mt=P len=0
PKT t=27249 RX ua=95 mt=R len=7
PKT t=27254 TX ua=95 mt=P len=0
PKT t=27263 RX ua=95 mt=R len=7
PKT t=27268 TX ua=95 mt=P len=0
PKT t=27277 RX ua=95 mt=R len=7
PKT t=27282 TX ua=95 mt=P len=0
PKT t=27291 RX ua=95 mt=R len=7
PKT t=27296 TX ua=95 mt=P len=0
PKT t=27325 RX ua=95 mt=R len=7
PKT t=27330 TX ua=95 mt=P len=0
PKT t=27339 RX ua=95 mt=R len=7
PKT t=27344 TX ua=95 mt=P len=0
PKT t=27353 RX ua=95 mt=R len=7
PKT t=27358 TX ua=95 mt=P len=0
PKT t=27367 RX ua=95 mt=R len=7
PKT t=27372 TX ua=95 mt=P len=0
PKT t=27381 RX ua=95 mt=R len=7
PKT t=27386 TX ua=95 mt=T len=7
PKT t=27398 TX ua=95 mt=P len=0
PKT t=27426 RX ua=95 mt=R len=7
PKT t=27431 TX ua=95 mt=P len=0
PKT t=27441 RX ua=95 mt=R len=7
PKT t=27446 TX ua=95 mt=P len=0
PKT t=27456 RX ua=95 mt=R len=7
PKT t=27461 TX ua=95 mt=P len=0
PKT t=27471 RX ua=95 mt=R len=7
PKT t=27476 TX ua=95 mt=P len=0
PKT t=27486 RX ua=95 mt=R len=7
PKT t=27491 TX ua=95 mt=P len=0
PKT t=27501 RX ua=95 mt=R len=7
PKT t=27506 TX ua=95 mt=P len=0
PKT t=27535 RX ua=95 mt=R len=7
PKT t=27540 TX ua=95 mt=P len=0
PKT t=27550 RX ua=95 mt=R len=7
PKT t=27555 TX ua=95 mt=P len=0
PKT t=27565 RX ua=95 mt=R len=7
PKT t=27570 TX ua=95 mt=P len=0
PKT t=27580 RX ua=95 mt=R len=7
PKT t=27585 TX ua=95 mt=P len=0
PKT t=27595 RX ua=95 mt=R len=7
PKT t=27600 TX ua=95 mt=P len=0
PKT t=27610 RX ua=95 mt=R len=7
PKT t=27615 TX ua=95 mt=P len=0
PKT t=27644 RX ua=95 mt=R len=7
PKT t=27649 TX ua=95 mt=T len=7
PKT t=27661 TX ua=95 mt=P len=0
PKT t=27670 RX ua=95 mt=R len=7
PKT t=27675 TX ua=95 mt=P len=0
PKT t=27684 RX ua=95 mt=R len=7
PKT t=27689 TX ua=95 mt=P len=0
PKT t=27698 RX ua=95 mt=R len=7
PKT t=27703 TX ua=95 mt=P len=0
PKT t=27712 RX ua=95 mt=R len=7
PKT t=27717 TX ua=95 mt=P len=0
PKT t=27747 RX ua=95 mt=R len=7
PKT t=27752 TX ua=95 mt=P len=0
PKT t=27761 RX ua=95 mt=R len=7
PKT t=27766 TX ua=95 mt=P len=0
PKT t=27775 RX ua=95 mt=R len=7
PKT t=27780 TX ua=95 mt=P len=0
PKT t=27789 RX ua=95 mt=R len=7
PKT t=27794 TX ua=95 mt=P len=0
PKT t=27803 RX ua=95 mt=R len=7
PKT t=27808 TX ua=95 mt=P len=0
PKT t=27817 RX ua=95 mt=R len=7
PKT t=27822 TX ua=95 mt=P len=0
PKT t=27851 RX ua=95 mt=R len=7
PKT t=27856 TX ua=95 mt=P len=0
PKT t=27865 RX ua=95 mt=R len=7
PKT t=27870 TX ua=95 mt=P len=0
PKT t=27879 RX ua=95 mt=R len=7
PKT t=27884 TX ua=95 mt=T len=7
PKT t=27896 TX ua=95 mt=P len=0
PKT t=27905 RX ua=95 mt=R len=7
PKT t=27910 TX ua=95 mt=P len=0
PKT t=27919 RX ua=95 mt=R len=7
PKT t=27924 TX ua=95 mt=P len=0
PKT t=27953 RX ua=95 mt=R len=7
PKT t=27958 TX ua=95 mt=P len=0
PKT t=27967 RX ua=95 mt=R len=7
PKT t=27972 TX ua=95 mt=P len=0
PKT t=27981 RX ua=95 mt=R len=7
PKT t=27986 TX ua=95 mt=P len=0
PKT t=27995 RX ua=95 mt=R len=7
PKT t=28000 TX ua=95 mt=P len=0
PKT t=28009 RX ua=95 mt=R len=7
PKT t=28018 TX ua=95 mt=P len=0
PKT t=28027 RX ua=95 mt=R len=7
PKT t=28032 TX ua=95 mt=P len=0
PKT t=28081 RX ua=95 mt=R len=7
PKT t=28086 TX ua=95 mt=P len=0
PKT t=28095 RX ua=95 mt=R len=7
PKT t=28100 TX ua=95 mt=P len=0
PKT t=28109 RX ua=95 mt=R len=7
PKT t=28114 TX ua=95 mt=P len=0
PKT t=28123 RX ua=95 mt=R len=7
PKT t=28128 TX ua=95 mt=T len=7
PKT t=28140 TX ua=95 mt=P len=0
PKT t=28167 RX ua=95 mt=R len=7
PKT t=28172 TX ua=95 mt=P len=0
PKT t=28181 RX ua=95 mt=R len=7
PKT t=28186 TX ua=95 mt=P len=0
PKT t=28195 RX ua=95 mt=R len=7
PKT t=28200 TX ua=95 mt=P len=0
PKT t=28209 RX ua=95 mt=R len=7
PKT t=28214 TX ua=95 mt=P len=0
PKT t=28223 RX ua=95 mt=R len=7
PKT t=28228 TX ua=95 mt=P len=0
PKT t=28261 RX ua=95 mt=R len=7
PKT t=28266 TX ua=95 mt=P len=0
PKT t=28275 RX ua=95 mt=R len=7
PKT t=28280 TX ua=95 mt=P len=0
PKT t=28289 RX ua=95 mt=R len=7
PKT t=28294 TX ua=95 mt=P len=0
PKT t=28303 RX ua=95 mt=R len=7
PKT t=28308 TX ua=95 mt=P len=0
PKT t=28317 RX ua=95 mt=R len=7
PKT t=28322 TX ua=95 mt=P len=0
PKT t=28331 RX ua=95 mt=R len=7
PKT t=28336 TX ua=95 mt=P len=0
PKT t=28365 RX ua=95 mt=R len=7
PKT t=28370 TX ua=95 mt=P len=0
PKT t=28379 RX ua=95 mt=R len=7
PKT t=28384 TX ua=95 mt=T len=7
PKT t=28396 TX ua=95 mt=P len=0
PKT t=28405 RX ua=95 mt=R len=7
PKT t=28410 TX ua=95 mt=P len=0
PKT t=28419 RX ua=95 mt=R len=7
PKT t=28424 TX ua=95 mt=P len=0
PKT t=28433 RX ua=95 mt=R len=7
PKT t=28438 TX ua=95 mt=P len=0
PKT t=28467 RX ua=95 mt=R len=7
PKT t=28472 TX ua=95 mt=P len=0
PKT t=28481 RX ua=95 mt=R len=7
PKT t=28486 TX ua=95 mt=P len=0
PKT t=28495 RX ua=95 mt=R len=7
PKT t=28500 TX ua=95 mt=P len=0
PKT t=28509 RX ua=95 mt=R len=7
PKT t=28514 TX ua=95 mt=P len=0
PKT t=28523 RX ua=95 mt=R len=7
PKT t=28528 TX ua=95 mt=P len=0
PKT t=28537 RX ua=95 mt=R len=7
PKT t=28542 TX ua=95 mt=P len=0
PKT t=28571 RX ua=95 mt=R len=7
PKT t=28576 TX ua=95 mt=P len=0
PKT t=28585 RX ua=95 mt=R len=7
PKT t=28590 TX ua=95 mt=P len=0
PKT t=28599 RX ua=95 mt=R len=7
PKT t=28604 TX ua=95 mt=P len=0
PKT t=28613 RX ua=95 mt=R len=7
PKT t=28618 TX ua=95 mt=P len=0
PKT t=28627 RX ua=95 mt=R len=7
PKT t=28632 TX ua=95 mt=T len=7
PKT t=28644 TX ua=95 mt=P len=0
PKT t=28672 RX ua=95 mt=R len=7
PKT t=28677 TX ua=95 mt=P len=0
PKT t=28686 RX ua=95 mt=R len=7
PKT t=28691 TX ua=95 mt=P len=0
PKT t=28700 RX ua=95 mt=R len=7
PKT t=28705 TX ua=95 mt=P len=0
PKT t=28714 RX ua=95 mt=R len=7
PKT t=28719 TX ua=95 mt=P len=0
PKT t=28728 RX ua=95 mt=R len=7
PKT t=28733 TX ua=95 mt=P len=0
PKT t=28742 RX ua=95 mt=R len=7
PKT t=28747 TX ua=95 mt=P len=0
PKT t=28776 RX ua=95 mt=R len=7
PKT t=28781 TX ua=95 mt=P len=0
PKT t=28790 RX ua=95 mt=R len=7
PKT t=28795 TX ua=95 mt=P len=0
PKT t=28804 RX ua=95 mt=R len=7
PKT t=28809 TX ua=95 mt=P len=0
PKT t=28818 RX ua=95 mt=R len=7
PKT t=28823 TX ua=95 mt=P len=0
PKT t=28832 RX ua=95 mt=R len=7
PKT t=28837 TX ua=95 mt=P len=0
PKT t=28846 RX ua=95 mt=R len=7
PKT t=28851 TX ua=95 mt=P len=0
PKT t=28881 RX ua=95 mt=R len=7
PKT t=28886 TX ua=95 mt=T len=7
PKT t=28898 TX ua=95 mt=P len=0
PKT t=28907 RX ua=95 mt=R len=7
PKT t=28912 TX ua=95 mt=P len=0
PKT t=28921 RX ua=95 mt=R len=7
PKT t=28926 TX ua=95 mt=P len=0
PKT t=28935 RX ua=95 mt=R len=7
PKT t=28940 TX ua=95 mt=P len=0
PKT t=28949 RX ua=95 mt=R len=7
PKT t=28954 TX ua=95 mt=P len=0
PKT t=28983 RX ua=95 mt=R len=7
PKT t=28988 TX ua=95 mt=P len=0
PKT t=28997 RX ua=95 mt=R len=7
PKT t=29002 TX ua=95 mt=P len=0
PKT t=29011 RX ua=95 mt=R len=7
PKT t=29016 TX ua=95 mt=P len=0
PKT t=29025 RX ua=95 mt=R len=7
PKT t=29030 TX ua=95 mt=P len=0
PKT t=29039 RX ua=95 mt=R len=7
PKT t=29044 TX ua=95 mt=P len=0
PKT t=29081 RX ua=95 mt=R len=7
PKT t=29086 TX ua=95 mt=P len=0
PKT t=29095 RX ua=95 mt=R len=7
PKT t=29100 TX ua=95 mt=P len=0
PKT t=29109 RX ua=95 mt=R len=7
PKT t=29114 TX ua=95 mt=P len=0
PKT t=29123 RX ua=95 mt=R len=7
PKT t=29128 TX ua=95 mt=T len=7
PKT t=29141 TX ua=95 mt=P len=0
PKT t=29150 RX ua=95 mt=R len=7
PKT t=29155 TX ua=95 mt=P len=0
PKT t=29187 RX ua=95 mt=R len=7
PKT t=29192 TX ua=95 mt=P len=0
PKT t=29201 RX ua=95 mt=R len=7
PKT t=29206 TX ua=95 mt=P len=0
PKT t=29215 RX ua=95 mt=R len=7
PKT t=29220 TX ua=95 mt=P len=0
PKT t=29229 RX ua=95 mt=R len=7
PKT t=29234 TX ua=95 mt=P len=0
PKT t=29243 RX ua=95 mt=R len=7
PKT t=29248 TX ua=95 mt=P len=0
PKT t=29257 RX ua=95 mt=R len=7
PKT t=29262 TX ua=95 mt=P len=0
PKT t=29291 RX ua=95 mt=R len=7
PKT t=29296 TX ua=95 mt=P len=0
PKT t=29305 RX ua=95 mt=R len=7
PKT t=29310 TX ua=95 mt=P len=0
PKT t=29319 RX ua=95 mt=R len=7
PKT t=29324 TX ua=95 mt=P len=0
PKT t=29333 RX ua=95 mt=R len=7
PKT t=29338 TX ua=95 mt=P len=0
PKT t=29347 RX ua=95 mt=R len=7
PKT t=29352 TX ua=95 mt=P len=0
PKT t=29361 RX ua=95 mt=R len=7
PKT t=29366 TX ua=95 mt=P len=0
PKT t=29395 RX ua=95 mt=R len=7
PKT t=29400 TX ua=95 mt=T len=7
PKT t=29413 TX ua=95 mt=P len=0
PKT t=29423 RX ua=95 mt=R len=7
PKT t=29428 TX ua=95 mt=P len=0
PKT t=29438 RX ua=95 mt=R len=7
PKT t=29443 TX ua=95 mt=P len=0
PKT t=29453 RX ua=95 mt=R len=7
PKT t=29458 TX ua=95 mt=P len=0
PKT t=29468 RX ua=95 mt=R len=7
PKT t=29473 TX ua=95 mt=P len=0
PKT t=29502 RX ua=95 mt=R len=7
PKT t=29507 TX ua=95 mt=P len=0
PKT t=29517 RX ua=95 mt=R len=7
PKT t=29522 TX ua=95 mt=P len=0
PKT t=29532 RX ua=95 mt=R len=7
PKT t=29537 TX ua=95 mt=P len=0
PKT t=29547 RX ua=95 mt=R len=7
PKT t=29552 TX ua=95 mt=P len=0
PKT t=29562 RX ua=95 mt=R len=7
PKT t=29567 TX ua=95 mt=P len=0
PKT t=29577 RX ua=95 mt=R len=7
PKT t=29582 TX ua=95 mt=P len=0
PKT t=29611 RX ua=95 mt=R len=7
PKT t=29616 TX ua=95 mt=P len=0
PKT t=29626 RX ua=95 mt=R len=7
PKT t=29631 TX ua=95 mt=T len=7
PKT t=29644 TX ua=95 mt=P len=0
PKT t=29653 RX ua=95 mt=R len=7
PKT t=29658 TX ua=95 mt=P len=0
PKT t=29667 RX ua=95 mt=R len=7
PKT t=29672 TX ua=95 mt=P len=0
PKT t=29681 RX ua=95 mt=R len=7
PKT t=29686 TX ua=95 mt=P len=0
PKT t=29715 RX ua=95 mt=R len=7
PKT t=29720 TX ua=95 mt=P len=0
PKT t=29729 RX ua=95 mt=R len=7
PKT t=29734 TX ua=95 mt=P len=0
PKT t=29743 RX ua=95 mt=R len=7
PKT t=29748 TX ua=95 mt=P len=0
PKT t=29757 RX ua=95 mt=R len=7
PKT t=29762 TX ua=95 mt=P len=0
PKT t=29771 RX ua=95 mt=R len=7
PKT t=29776 TX ua=95 mt=P len=0
PKT t=29785 RX ua=95 mt=R len=7
PKT t=29790 TX ua=95 mt=P len=0
PKT t=29819 RX ua=95 mt=R len=7
PKT t=29824 TX ua=95 mt=P len=0
PKT t=29833 RX ua=95 mt=R len=7
PKT t=29838 TX ua=95 mt=P len=0
PKT t=29847 RX ua=95 mt=R len=7
PKT t=29852 TX ua=95 mt=P len=0
PKT t=29861 RX ua=95 mt=R len=7
PKT t=29866 TX ua=95 mt=P len=0
PKT t=29875 RX ua=95 mt=R len=7
PKT t=29880 TX ua=95 mt=T len=7
PKT t=29893 TX ua=95 mt=P len=0
PKT t=29920 RX ua=95 mt=R len=7
PKT t=29925 TX ua=95 mt=P len=0
PKT t=29934 RX ua=95 mt=R len=7
PKT t=29939 TX ua=95 mt=P len=0
PKT t=29948 RX ua=95 mt=R len=7
PKT t=29953 TX ua=95 mt=P len=0
PKT t=29962 RX ua=95 mt=R len=7
PKT t=29967 TX ua=95 mt=P len=0
PKT t=29976 RX ua=95 mt=R len=7
PKT t=29981 TX ua=95 mt=P len=0
PKT t=29990 RX ua=95 mt=R len=7
PKT t=29995 TX ua=95 mt=P len=0
PKT t=30024 RX ua=95 mt=R len=7
PKT t=30029 TX ua=95 mt=P len=0
PKT t=30038 RX ua=95 mt=R len=7
PKT t=30043 TX ua=95 mt=P len=0
PKT t=30081 RX ua=95 mt=R len=7
PKT t=30086 TX ua=95 mt=P len=0
PKT t=30095 RX ua=95 mt=R len=7
PKT t=30100 TX ua=95 mt=P len=0
PKT t=30129 RX ua=95 mt=R len=7
PKT t=30134 TX ua=95 mt=T len=7
PKT t=30146 TX ua=95 mt=P len=0
PKT t=30155 RX ua=95 mt=R len=7
PKT t=30160 TX ua=95 mt=P len=0
PKT t=30169 RX ua=95 mt=R len=7
PKT t=30174 TX ua=95 mt=P len=0
PKT t=30183 RX ua=95 mt=R len=7
PKT t=30188 TX ua=95 mt=P len=0
PKT t=30197 RX ua=95 mt=R len=7
PKT t=30202 TX ua=95 mt=P len=0
PKT t=30231 RX ua=95 mt=R len=7
PKT t=30236 TX ua=95 mt=P len=0
PKT t=30245 RX ua=95 mt=R len=7
PKT t=30250 TX ua=95 mt=P len=0
PKT t=30259 RX ua=95 mt=R len=7
PKT t=30264 TX ua=95 mt=P len=0
PKT t=30273 RX ua=95 mt=R len=7
PKT t=30278 TX ua=95 mt=P len=0
PKT t=30287 RX ua=95 mt=R len=7
PKT t=30292 TX ua=95 mt=P len=0
PKT t=30301 RX ua=95 mt=R len=7
PKT t=30306 TX ua=95 mt=P len=0
PKT t=30335 RX ua=95 mt=R len=7
PKT t=30340 TX ua=95 mt=P len=0
PKT t=30349 RX ua=95 mt=R len=7
PKT t=30354 TX ua=95 mt=P len=0
PKT t=30363 RX ua=95 mt=R len=7
PKT t=30368 TX ua=95 mt=P len=0
PKT t=30377 RX ua=95 mt=R len=7
PKT t=30382 TX ua=95 mt=T len=7
PKT t=30394 TX ua=95 mt=P len=0
PKT t=30403 RX ua=95 mt=R len=7
PKT t=30408 TX ua=95 mt=P len=0
PKT t=30437 RX ua=95 mt=R len=7
PKT t=30442 TX ua=95 mt=P len=0
PKT t=30451 RX ua=95 mt=R len=7
PKT t=30456 TX ua=95 mt=P len=0
PKT t=30465 RX ua=95 mt=R len=7
PKT t=30470 TX ua=95 mt=P len=0
PKT t=30479 RX ua=95 mt=R len=7
PKT t=30484 TX ua=95 mt=P len=0
PKT t=30493 RX ua=95 mt=R len=7
PKT t=30498 TX ua=95 mt=P len=0
PKT t=30507 RX ua=95 mt=R len=7
PKT t=30512 TX ua=95 mt=P len=0
PKT t=30541 RX ua=95 mt=R len=7
PKT t=30546 TX ua=95 mt=P len=0
PKT t=30555 RX ua=95 mt=R len=7
PKT t=30560 TX ua=95 mt=P len=0
PKT t=30569 RX ua=95 mt=R len=7
PKT t=30574 TX ua=95 mt=P len=0
PKT t=30583 RX ua=95 mt=R len=7
PKT t=30588 TX ua=95 mt=P len=0
PKT t=30597 RX ua=95 mt=R len=7
PKT t=30602 TX ua=95 mt=P len=0
PKT t=30611 RX ua=95 mt=R len=7
PKT t=30616 TX ua=95 mt=P len=0
PKT t=30645 RX ua=95 mt=R len=7
PKT t=30650 TX ua=95 mt=T len=7
PKT t=30662 TX ua=95 mt=P len=0
PKT t=30671 RX ua=95 mt=R len=7
PKT t=30676 TX ua=95 mt=P len=0
PKT t=30685 RX ua=95 mt=R len=7
PKT t=30690 TX ua=95 mt=P len=0
PKT t=30699 RX ua=95 mt=R len=7
PKT t=30704 TX ua=95 mt=P len=0
PKT t=30713 RX ua=95 mt=R len=7
PKT t=30718 TX ua=95 mt=P len=0
PKT t=30747 RX ua=95 mt=R len=7
PKT t=30752 TX ua=95 mt=P len=0
PKT t=30761 RX ua=95 mt=R len=7
PKT t=30766 TX ua=95 mt=P len=0
PKT t=30775 RX ua=95 mt=R len=7
PKT t=30780 TX ua=95 mt=P len=0
PKT t=30789 RX ua=95 mt=R len=7
PKT t=30794 TX ua=95 mt=P len=0
PKT t=30803 RX ua=95 mt=R len=7
PKT t=30808 TX ua=95 mt=P len=0
PKT t=30817 RX ua=95 mt=R len=7
PKT t=30822 TX ua=95 mt=P len=0
PKT t=30851 RX ua=95 mt=R len=7
PKT t=30856 TX ua=95 mt=P len=0
PKT t=30865 RX ua=95 mt=R len=7
PKT t=30870 TX ua=95 mt=P len=0
PKT t=30879 RX ua=95 mt=R len=7
PKT t=30884 TX ua=95 mt=T len=7
PKT t=30896 TX ua=95 mt=P len=0
PKT t=30905 RX ua=95 mt=R len=7
PKT t=30910 TX ua=95 mt=P len=0
PKT t=30919 RX ua=95 mt=R len=7
PKT t=30924 TX ua=95 mt=P len=0
PKT t=30953 RX ua=95 mt=R len=7
PKT t=30958 TX ua=95 mt=P len=0
PKT t=30967 RX ua=95 mt=R len=7
PKT t=30972 TX ua=95 mt=P len=0
PKT t=30981 RX ua=95 mt=R len=7
PKT t=30986 TX ua=95 mt=P len=0
PKT t=30995 RX ua=95 mt=R len=7
PKT t=31000 TX ua=95 mt=P len=0
PKT t=31009 RX ua=95 mt=R len=7
PKT t=31014 TX ua=95 mt=P len=0
PKT t=31023 RX ua=95 mt=R len=7
PKT t=31028 TX ua=95 mt=P len=0
PKT t=31081 RX ua=95 mt=R len=7
PKT t=31086 TX ua=95 mt=P len=0
PKT t=31095 RX ua=95 mt=R len=7
PKT t=31100 TX ua=95 mt=P len=0
PKT t=31109 RX ua=95 mt=R len=7
PKT t=31114 TX ua=95 mt=P len=0
PKT t=31123 RX ua=95 mt=R len=7
PKT t=31128 TX ua=95 mt=T len=7
PKT t=31140 TX ua=95 mt=P len=0
PKT t=31159 RX ua=95 mt=R len=7
PKT t=31164 TX ua=95 mt=P len=0
PKT t=31173 RX ua=95 mt=R len=7
PKT t=31178 TX ua=95 mt=P len=0
PKT t=31187 RX ua=95 mt=R len=7
PKT t=31192 TX ua=95 mt=P len=0
PKT t=31201 RX ua=95 mt=R len=7
PKT t=31206 TX ua=95 mt=P len=0
PKT t=31215 RX ua=95 mt=R len=7
PKT t=31220 TX ua=95 mt=P len=0
PKT t=31229 RX ua=95 mt=R len=7
PKT t=31234 TX ua=95 mt=P len=0
PKT t=31263 RX ua=95 mt=R len=7
PKT t=31268 TX ua=95 mt=P len=0
PKT t=31277 RX ua=95 mt=R len=7
PKT t=31282 TX ua=95 mt=P len=0
PKT t=31291 RX ua=95 mt=R len=7
PKT t=31296 TX ua=95 mt=P len=0
PKT t=31305 RX ua=95 mt=R len=7
PKT t=31310 TX ua=95 mt=P len=0
PKT t=31319 RX ua=95 mt=R len=7
PKT t=31324 TX ua=95 mt=P len=0
PKT t=31333 RX ua=95 mt=R len=7
PKT t=31338 TX ua=95 mt=P len=0
PKT t=31367 RX ua=95 mt=R len=7
PKT t=31372 TX ua=95 mt=P len=0
PKT t=31381 RX ua=95 mt=R len=7
PKT t=31386 TX ua=95 mt=T len=7
PKT t=31398 TX ua=95 mt=P len=0
PKT t=31408 RX ua=95 mt=R len=7
PKT t=31413 TX ua=95 mt=P len=0
PKT t=31423 RX ua=95 mt=R len=7
PKT t=31428 TX ua=95 mt=P len=0
PKT t=31438 RX ua=95 mt=R len=7
PKT t=31443 TX ua=95 mt=P len=0
PKT t=31472 RX ua=95 mt=R len=7
PKT t=31477 TX ua=95 mt=P len=0
PKT t=31487 RX ua=95 mt=R len=7
PKT t=31492 TX ua=95 mt=P len=0
PKT t=31502 RX ua=95 mt=R len=7
PKT t=31507 TX ua=95 mt=P len=0
PKT t=31517 RX ua=95 mt=R len=7
PKT t=31522 TX ua=95 mt=P len=0
PKT t=31532 RX ua=95 mt=R len=7
PKT t=31537 TX ua=95 mt=P len=0
PKT t=31547 RX ua=95 mt=R len=7
PKT t=31552 TX ua=95 mt=P len=0
PKT t=31581 RX ua=95 mt=R len=7
PKT t=31586 TX ua=95 mt=P len=0
PKT t=31596 RX ua=95 mt=R len=7
PKT t=31601 TX ua=95 mt=P len=0
PKT t=31611 RX ua=95 mt=R len=7
PKT t=31616 TX ua=95 mt=P len=0
PKT t=31626 RX ua=95 mt=R len=7
PKT t=31631 TX ua=95 mt=T len=7
PKT t=31643 TX ua=95 mt=P len=0
PKT t=31652 RX ua=95 mt=R len=7
PKT t=31657 TX ua=95 mt=P len=0
PKT t=31686 RX ua=95 mt=R len=7
PKT t=31691 TX ua=95 mt=P len=0
PKT t=31700 RX ua=95 mt=R len=7
PKT t=31705 TX ua=95 mt=P len=0
PKT t=31714 RX ua=95 mt=R len=7
PKT t=31719 TX ua=95 mt=P len=0
PKT t=31728 RX ua=95 mt=R len=7
PKT t=31733 TX ua=95 mt=P len=0
PKT t=31742 RX ua=95 mt=R len=7
PKT t=31747 TX ua=95 mt=P len=0
PKT t=31756 RX ua=95 mt=R len=7
PKT t=31761 TX ua=95 mt=P len=0
PKT t=31790 RX ua=95 mt=R len=7
PKT t=31795 TX ua=95 mt=P len=0
PKT t=31804 RX ua=95 mt=R len=7
PKT t=31809 TX ua=95 mt=P len=0
PKT t=31818 RX ua=95 mt=R len=7
PKT t=31823 TX ua=95 mt=P len=0
PKT t=31832 RX ua=95 mt=R len=7
PKT t=31837 TX ua=95 mt=P len=0
PKT t=31846 RX ua=95 mt=R len=7
PKT t=31851 TX ua=95 mt=P len=0
PKT t=31860 RX ua=95 mt=R len=7
PKT t=31865 TX ua=95 mt=P len=0
PKT t=31894 RX ua=95 mt=R len=7
PKT t=31899 TX ua=95 mt=T len=7
PKT t=31911 TX ua=95 mt=P len=0
PKT t=31920 RX ua=95 mt=R len=7
PKT t=31925 TX ua=95 mt=P len=0
PKT t=31934 RX ua=95 mt=R len=7
PKT t=31939 TX ua=95 mt=P len=0
PKT t=31948 RX ua=95 mt=R len=7
PKT t=31953 TX ua=95 mt=P len=0
PKT t=31962 RX ua=95 mt=R len=7
PKT t=31967 TX ua=95 mt=P len=0
PKT t=31996 RX ua=95 mt=R len=7
PKT t=32001 TX ua=95 mt=P len=0
PKT t=32010 RX ua=95 mt=R len=7
PKT t=32015 TX ua=95 mt=P len=0
PKT t=32024 RX ua=95 mt=R len=7
PKT t=32029 TX ua=95 mt=P len=0
PKT t=32038 RX ua=95 mt=R len=7
PKT t=32043 TX ua=95 mt=P len=0
PKT t=32081 RX ua=95 mt=R len=7
PKT t=32086 TX ua=95 mt=P len=0
PKT t=32096 RX ua=95 mt=R len=7
PKT t=32101 TX ua=95 mt=P len=0
PKT t=32110 RX ua=95 mt=R len=7
PKT t=32115 TX ua=95 mt=P len=0
PKT t=32124 RX ua=95 mt=R len=7
PKT t=32129 TX ua=95 mt=T len=7
PKT t=32141 TX ua=95 mt=P len=0
PKT t=32150 RX ua=95 mt=R len=7
PKT t=32155 TX ua=95 mt=P len=0
PKT t=32164 RX ua=95 mt=R len=7
PKT t=32169 TX ua=95 mt=P len=0
PKT t=32203 RX ua=95 mt=R len=7
PKT t=32208 TX ua=95 mt=P len=0
PKT t=32217 RX ua=95 mt=R len=7
PKT t=32222 TX ua=95 mt=P len=0
PKT t=32231 RX ua=95 mt=R len=7
PKT t=32236 TX ua=95 mt=P len=0
PKT t=32245 RX ua=95 mt=R len=7
PKT t=32250 TX ua=95 mt=P len=0
PKT t=32259 RX ua=95 mt=R len=7
PKT t=32264 TX ua=95 mt=P len=0
PKT t=32273 RX ua=95 mt=R len=7
PKT t=32278 TX ua=95 mt=P len=0
PKT t=32307 RX ua=95 mt=R len=7
PKT t=32312 TX ua=95 mt=P len=0
PKT t=32321 RX ua=95 mt=R len=7
PKT t=32326 TX ua=95 mt=P len=0
PKT t=32335 RX ua=95 mt=R len=7
PKT t=32340 TX ua=95 mt=P len=0
PKT t=32349 RX ua=95 mt=R len=7
PKT t=32354 TX ua=95 mt=P len=0
PKT t=32363 RX ua=95 mt=R len=7
PKT t=32368 TX ua=95 mt=P len=0
PKT t=32377 RX ua=95 mt=R len=7
PKT t=32382 TX ua=95 mt=T len=7
PKT t=32394 TX ua=95 mt=P len=0
PKT t=32413 RX ua=95 mt=R len=7
PKT t=32418 TX ua=95 mt=P len=0
PKT t=32427 RX ua=95 mt=R len=7
PKT t=32432 TX ua=95 mt=P len=0
PKT t=32441 RX ua=95 mt=R len=7
PKT t=32446 TX ua=95 mt=P len=0
PKT t=32455 RX ua=95 mt=R len=7
PKT t=32460 TX ua=95 mt=P len=0
PKT t=32469 RX ua=95 mt=R len=7
PKT t=32474 TX ua=95 mt=P len=0
PKT t=32483 RX ua=95 mt=R len=7
PKT t=32488 TX ua=95 mt=P len=0
PKT t=32517 RX ua=95 mt=R len=7
PKT t=32522 TX ua=95 mt=P len=0
PKT t=32531 RX ua=95 mt=R len=7
PKT t=32536 TX ua=95 mt=P len=0
PKT t=32545 RX ua=95 mt=R len=7
PKT t=32550 TX ua=95 mt=P len=0
PKT t=32559 RX ua=95 mt=R len=7
PKT t=32564 TX ua=95 mt=P len=0
PKT t=32573 RX ua=95 mt=R len=7
PKT t=32578 TX ua=95 mt=P len=0
PKT t=32587 RX ua=95 mt=R len=7
PKT t=32592 TX ua=95 mt=P len=0
PKT t=32621 RX ua=95 mt=R len=7
PKT t=32626 TX ua=95 mt=T len=7
PKT t=32638 TX ua=95 mt=P len=0
PKT t=32647 RX ua=95 mt=R len=7
PKT t=32652 TX ua=95 mt=P len=0
PKT t=32661 RX ua=95 mt=R len=7
PKT t=32666 TX ua=95 mt=P len=0
PKT t=32675 RX ua=95 mt=R len=7
PKT t=32680 TX ua=95 mt=P len=0
PKT t=32689 RX ua=95 mt=R len=7
PKT t=32694 TX ua=95 mt=P len=0
PKT t=32723 RX ua=95 mt=R len=7
PKT t=32728 TX ua=95 mt=P len=0
PKT t=32737 RX ua=95 mt=R len=7
PKT t=32742 TX ua=95 mt=P len=0
PKT t=32751 RX ua=95 mt=R len=7
PKT t=32756 TX ua=95 mt=P len=0
PKT t=32765 RX ua=95 mt=R len=7
PKT t=32770 TX ua=95 mt=P len=0
PKT t=32779 RX ua=95 mt=R len=7
PKT t=32784 TX ua=95 mt=P len=0
PKT t=32793 RX ua=95 mt=R len=7
PKT t=32798 TX ua=95 mt=P len=0
PKT t=32827 RX ua=95 mt=R len=7
PKT t=32832 TX ua=95 mt=P len=0
PKT t=32841 RX ua=95 mt=R len=7
PKT t=32846 TX ua=95 mt=P len=0
PKT t=32855 RX ua=95 mt=R len=7
PKT t=32860 TX ua=95 mt=P len=0
PKT t=32869 RX ua=95 mt=R len=7
PKT t=32874 TX ua=95 mt=T len=7
PKT t=32886 TX ua=95 mt=P len=0
PKT t=32895 RX ua=95 mt=R len=7
PKT t=32900 TX ua=95 mt=P len=0
PKT t=32929 RX ua=95 mt=R len=7
PKT t=32934 TX ua=95 mt=P len=0
PKT t=32943 RX ua=95 mt=R len=7
PKT t=32948 TX ua=95 mt=P len=0
PKT t=32957 RX ua=95 mt=R len=7
PKT t=32962 TX ua=95 mt=P len=0
PKT t=32971 RX ua=95 mt=R len=7
PKT t=32976 TX ua=95 mt=P len=0
PKT t=32985 RX ua=95 mt=R len=7
PKT t=32990 TX ua=95 mt=P len=0
PKT t=32999 RX ua=95 mt=R len=7
PKT t=33004 TX ua=95 mt=P len=0
PKT t=33033 RX ua=95 mt=R len=7
PKT t=33038 TX ua=95 mt=P len=0
PKT t=33081 RX ua=95 mt=R len=7
PKT t=33086 TX ua=95 mt=P len=0
PKT t=33095 RX ua=95 mt=R len=7
PKT t=33100 TX ua=95 mt=P len=0
PKT t=33133 RX ua=95 mt=R len=7
PKT t=33138 TX ua=95 mt=T len=7
PKT t=33150 TX ua=95 mt=P len=0
PKT t=33159 RX ua=95 mt=R len=7
PKT t=33164 TX ua=95 mt=P len=0
PKT t=33173 RX ua=95 mt=R len=7
PKT t=33178 TX ua=95 mt=P len=0
PKT t=33187 RX ua=95 mt=R len=7
PKT t=33192 TX ua=95 mt=P len=0
PKT t=33201 RX ua=95 mt=R len=7
PKT t=33206 TX ua=95 mt=P len=0
PKT t=33235 RX ua=95 mt=R len=7
PKT t=33240 TX ua=95 mt=P len=0
PKT t=33249 RX ua=95 mt=R len=7
PKT t=33254 TX ua=95 mt=P len=0
PKT t=33263 RX ua=95 mt=R len=7
PKT t=33268 TX ua=95 mt=P len=0
PKT t=33277 RX ua=95 mt=R len=7
PKT t=33282 TX ua=95 mt=P len=0
PKT t=33291 RX ua=95 mt=R len=7
PKT t=33296 TX ua=95 mt=P len=0
PKT t=33305 RX ua=95 mt=R len=7
PKT t=33310 TX ua=95 mt=P len=0
PKT t=33339 RX ua=95 mt=R len=7
PKT t=33344 TX ua=95 mt=P len=0
PKT t=33353 RX ua=95 mt=R len=7
PKT t=33358 TX ua=95 mt=P len=0
PKT t=33367 RX ua=95 mt=R len=7
PKT t=33372 TX ua=95 mt=P len=0
PKT t=33381 RX ua=95 mt=R len=7
PKT t=33386 TX ua=95 mt=T len=7
PKT t=33398 TX ua=95 mt=P len=0
PKT t=33408 RX ua=95 mt=R len=7
PKT t=33413 TX ua=95 mt=P len=0
PKT t=33442 RX ua=95 mt=R len=7
PKT t=33447 TX ua=95 mt=P len=0
PKT t=33457 RX ua=95 mt=R len=7
PKT t=33462 TX ua=95 mt=P len=0
PKT t=33472 RX ua=95 mt=R len=7
PKT t=33477 TX ua=95 mt=P len=0
PKT t=33487 RX ua=95 mt=R len=7
PKT t=33492 TX ua=95 mt=P len=0
PKT t=33502 RX ua=95 mt=R len=7
PKT t=33507 TX ua=95 mt=P len=0
PKT t=33517 RX ua=95 mt=R len=7
PKT t=33522 TX ua=95 mt=P len=0
PKT t=33551 RX ua=95 mt=R len=7
PKT t=33556 TX ua=95 mt=P len=0
PKT t=33566 RX ua=95 mt=R len=7
PKT t=33571 TX ua=95 mt=P len=0
PKT t=33581 RX ua=95 mt=R len=7
PKT t=33586 TX ua=95 mt=P len=0
PKT t=33596 RX ua=95 mt=R len=7
PKT t=33601 TX ua=95 mt=P len=0
PKT t=33611 RX ua=95 mt=R len=7
PKT t=33616 TX ua=95 mt=P len=0
PKT t=33626 RX ua=95 mt=R len=7
PKT t=33631 TX ua=95 mt=T len=7
PKT t=33643 TX ua=95 mt=P len=0
PKT t=33661 RX ua=95 mt=R len=7
PKT t=33666 TX ua=95 mt=P len=0
PKT t=33675 RX ua=95 mt=R len=7
PKT t=33680 TX ua=95 mt=P len=0
PKT t=33689 RX ua=95 mt=R len=7
PKT t=33694 TX ua=95 mt=P len=0
PKT t=33703 RX ua=95 mt=R len=7
PKT t=33708 TX ua=95 mt=P len=0
PKT t=33717 RX ua=95 mt=R len=7
PKT t=33722 TX ua=95 mt=P len=0
PKT t=33731 RX ua=95 mt=R len=7
PKT t=33736 TX ua=95 mt=P len=0
PKT t=33765 RX ua=95 mt=R len=7
PKT t=33770 TX ua=95 mt=P len=0
PKT t=33779 RX ua=95 mt=R len=7
PKT t=33784 TX ua=95 mt=P len=0
PKT t=33793 RX ua=95 mt=R len=7
PKT t=33798 TX ua=95 mt=P len=0
PKT t=33807 RX ua=95 mt=R len=7
PKT t=33812 TX ua=95 mt=P len=0
PKT t=33821 RX ua=95 mt=R len=7
PKT t=33826 TX ua=95 mt=P len=0
PKT t=33835 RX ua=95 mt=R len=7
PKT t=33840 TX ua=95 mt=P len=0
PKT t=33869 RX ua=95 mt=R len=7
PKT t=33874 TX ua=95 mt=T len=7
PKT t=33886 TX ua=95 mt=P len=0
PKT t=33895 RX ua=95 mt=R len=7
PKT t=33900 TX ua=95 mt=P len=0
PKT t=33909 RX ua=95 mt=R len=7
PKT t=33914 TX ua=95 mt=P len=0
PKT t=33923 RX ua=95 mt=R len=7
PKT t=33928 TX ua=95 mt=P len=0
PKT t=33937 RX ua=95 mt=R len=7
PKT t=33942 TX ua=95 mt=P len=0
PKT t=33971 RX ua=95 mt=R len=7
PKT t=33976 TX ua=95 mt=P len=0
PKT t=33985 RX ua=95 mt=R len=7
PKT t=33990 TX ua=95 mt=P len=0
PKT t=33999 RX ua=95 mt=R len=7
PKT t=34004 TX ua=95 mt=P len=0
PKT t=34014 RX ua=95 mt=R len=7
PKT t=34021 TX ua=95 mt=P len=0
PKT t=34030 RX ua=95 mt=R len=7
PKT t=34035 TX ua=95 mt=P len=0
PKT t=34044 RX ua=95 mt=R len=7
PKT t=34081 TX ua=95 mt=P len=0
PKT t=34090 RX ua=95 mt=R len=7
PKT t=34095 TX ua=95 mt=P len=0
PKT t=34104 RX ua=95 mt=R len=7
PKT t=34109 TX ua=95 mt=P len=0
PKT t=34118 RX ua=95 mt=R len=7
PKT t=34123 TX ua=95 mt=P len=0
PKT t=34132 RX ua=95 mt=R len=7
PKT t=34137 TX ua=95 mt=T len=7
PKT t=34150 TX ua=95 mt=P len=0
PKT t=34178 RX ua=95 mt=R len=7
PKT t=34183 TX ua=95 mt=T len=7
PKT t=34196 TX ua=95 mt=P len=0
PKT t=34205 RX ua=95 mt=R len=7
PKT t=34210 TX ua=95 mt=P len=0
PKT t=34219 RX ua=95 mt=R len=7
PKT t=34224 TX ua=95 mt=P len=0
PKT t=34233 RX ua=95 mt=R len=7
PKT t=34238 TX ua=95 mt=P len=0
PKT t=34247 RX ua=95 mt=R len=7
PKT t=34252 TX ua=95 mt=P len=0
PKT t=34281 RX ua=95 mt=R len=7
PKT t=34286 TX ua=95 mt=P len=0
PKT t=34295 RX ua=95 mt=R len=7
PKT t=34300 TX ua=95 mt=P len=0
PKT t=34309 RX ua=95 mt=R len=7
PKT t=34314 TX ua=95 mt=P len=0
PKT t=34323 RX ua=95 mt=R len=7
PKT t=34328 TX ua=95 mt=P len=0
PKT t=34337 RX ua=95 mt=R len=7
PKT t=34342 TX ua=95 mt=P len=0
PKT t=34351 RX ua=95 mt=R len=7
PKT t=34356 TX ua=95 mt=P len=0
PKT t=34386 RX ua=95 mt=R len=7
PKT t=34391 TX ua=95 mt=T len=7
PKT t=34404 TX ua=95 mt=P len=0
PKT t=34413 RX ua=95 mt=R len=7
PKT t=34418 TX ua=95 mt=P len=0
PKT t=34427 RX ua=95 mt=R len=7
PKT t=34432 TX ua=95 mt=P len=0
PKT t=34441 RX ua=95 mt=R len=7
PKT t=34446 TX ua=95 mt=P len=0
PKT t=34455 RX ua=95 mt=R len=7
PKT t=34460 TX ua=95 mt=P len=0
PKT t=34489 RX ua=95 mt=R len=7
PKT t=34494 TX ua=95 mt=P len=0
PKT t=34503 RX ua=95 mt=R len=7
PKT t=34508 TX ua=95 mt=P len=0
PKT t=34517 RX ua=95 mt=R len=7
PKT t=34522 TX ua=95 mt=P len=0
PKT t=34531 RX ua=95 mt=R len=7
PKT t=34536 TX ua=95 mt=P len=0
PKT t=34545 RX ua=95 mt=R len=7
PKT t=34550 TX ua=95 mt=P len=0
PKT t=34559 RX ua=95 mt=R len=7
PKT t=34564 TX ua=95 mt=P len=0
PKT t=34593 RX ua=95 mt=R len=7
PKT t=34598 TX ua=95 mt=P len=0
PKT t=34607 RX ua=95 mt=R len=7
PKT t=34612 TX ua=95 mt=P len=0
PKT t=34621 RX ua=95 mt=R len=7
PKT t=34626 TX ua=95 mt=T len=7
PKT t=34639 TX ua=95 mt=P len=0
PKT t=34648 RX ua=95 mt=R len=7
PKT t=34653 TX ua=95 mt=P len=0
PKT t=34662 RX ua=95 mt=R len=7
PKT t=34667 TX ua=95 mt=P len=0
PKT t=34697 RX ua=95 mt=R len=7
PKT t=34702 TX ua=95 mt=P len=0
PKT t=34711 RX ua=95 mt=R len=7
PKT t=34716 TX ua=95 mt=P len=0
PKT t=34725 RX ua=95 mt=R len=7
PKT t=34730 TX ua=95 mt=P len=0
PKT t=34739 RX ua=95 mt=R len=7
PKT t=34744 TX ua=95 mt=P len=0
PKT t=34753 RX ua=95 mt=R len=7
PKT t=34758 TX ua=95 mt=P len=0
PKT t=34767 RX ua=95 mt=R len=7
PKT t=34772 TX ua=95 mt=P len=0
PKT t=34801 RX ua=95 mt=R len=7
PKT t=34806 TX ua=95 mt=P len=0
PKT t=34815 RX ua=95 mt=R len=7
PKT t=34820 TX ua=95 mt=P len=0
PKT t=34829 RX ua=95 mt=R len=7
PKT t=34834 TX ua=95 mt=P len=0
PKT t=34843 RX ua=95 mt=R len=7
PKT t=34848 TX ua=95 mt=P len=0
PKT t=34857 RX ua=95 mt=R len=7
PKT t=34862 TX ua=95 mt=P len=0
PKT t=34872 RX ua=95 mt=R len=7
PKT t=34877 TX ua=95 mt=T len=7
PKT t=34890 TX ua=95 mt=P len=0
PKT t=34907 RX ua=95 mt=R len=7
PKT t=34912 TX ua=95 mt=P len=0
PKT t=34921 RX ua=95 mt=R len=7
PKT t=34926 TX ua=95 mt=P len=0
PKT t=34935 RX ua=95 mt=R len=7
PKT t=34940 TX ua=95 mt=P len=0
PKT t=34949 RX ua=95 mt=R len=7
PKT t=34954 TX ua=95 mt=P len=0
PKT t=34963 RX ua=95 mt=R len=7
PKT t=34968 TX ua=95 mt=P len=0
PKT t=34977 RX ua=95 mt=R len=7
PKT t=34982 TX ua=95 mt=P len=0
PKT t=35011 RX ua=95 mt=R len=7
PKT t=35016 TX ua=95 mt=P len=0
PKT t=35025 RX ua=95 mt=R len=7
PKT t=35030 TX ua=95 mt=P len=0
PKT t=35039 RX ua=95 mt=R len=7
PKT t=35044 TX ua=95 mt=P len=0
PKT t=35081 RX ua=95 mt=R len=7
PKT t=35086 TX ua=95 mt=P len=0
PKT t=35111 RX ua=95 mt=R len=7
PKT t=35116 TX ua=95 mt=P len=0
PKT t=35125 RX ua=95 mt=R len=7
PKT t=35130 TX ua=95 mt=T len=7
PKT t=35142 TX ua=95 mt=P len=0
PKT t=35151 RX ua=95 mt=R len=7
PKT t=35156 TX ua=95 mt=P len=0
PKT t=35165 RX ua=95 mt=R len=7
PKT t=35170 TX ua=95 mt=P len=0
PKT t=35179 RX ua=95 mt=R len=7
PKT t=35184 TX ua=95 mt=P len=0
PKT t=35213 RX ua=95 mt=R len=7
PKT t=35218 TX ua=95 mt=P len=0
PKT t=35227 RX ua=95 mt=R len=7
PKT t=35232 TX ua=95 mt=P len=0
PKT t=35241 RX ua=95 mt=R len=7
PKT t=35246 TX ua=95 mt=P len=0
PKT t=35255 RX ua=95 mt=R len=7
PKT t=35260 TX ua=95 mt=P len=0
PKT t=35269 RX ua=95 mt=R len=7
PKT t=35274 TX ua=95 mt=P len=0
PKT t=35283 RX ua=95 mt=R len=7
PKT t=35288 TX ua=95 mt=P len=0
PKT t=35318 RX ua=95 mt=R len=7
PKT t=35323 TX ua=95 mt=P len=0
PKT t=35332 RX ua=95 mt=R len=7
PKT t=35337 TX ua=95 mt=P len=0
PKT t=35346 RX ua=95 mt=R len=7
PKT t=35351 TX ua=95 mt=P len=0
PKT t=35360 RX ua=95 mt=R len=7
PKT t=35365 TX ua=95 mt=P len=0
PKT t=35374 RX ua=95 mt=R len=7
PKT t=35379 TX ua=95 mt=T len=7
PKT t=35391 TX ua=95 mt=P len=0
PKT t=35420 RX ua=95 mt=R len=7
PKT t=35425 TX ua=95 mt=P len=0
PKT t=35435 RX ua=95 mt=R len=7
PKT t=35440 TX ua=95 mt=P len=0
PKT t=35450 RX ua=95 mt=R len=7
PKT t=35455 TX ua=95 mt=P len=0
PKT t=35465 RX ua=95 mt=R len=7
PKT t=35470 TX ua=95 mt=P len=0
PKT t=35480 RX ua=95 mt=R len=7
PKT t=35485 TX ua=95 mt=P len=0
PKT t=35495 RX ua=95 mt=R len=7
PKT t=35500 TX ua=95 mt=P len=0
PKT t=35529 RX ua=95 mt=R len=7
PKT t=35534 TX ua=95 mt=P len=0
PKT t=35544 RX ua=95 mt=R len=7
PKT t=35549 TX ua=95 mt=P len=0
PKT t=35559 RX ua=95 mt=R len=7
PKT t=35564 TX ua=95 mt=P len=0
PKT t=35574 RX ua=95 mt=R len=7
PKT t=35579 TX ua=95 mt=P len=0
PKT t=35589 RX ua=95 mt=R len=7
PKT t=35594 TX ua=95 mt=P len=0
PKT t=35604 RX ua=95 mt=R len=7
PKT t=35609 TX ua=95 mt=P len=0
PKT t=35638 RX ua=95 mt=R len=7
PKT t=35643 TX ua=95 mt=T len=7
PKT t=35655 TX ua=95 mt=P len=0
PKT t=35664 RX ua=95 mt=R len=7
PKT t=35669 TX ua=95 mt=P len=0
PKT t=35678 RX ua=95 mt=R len=7
PKT t=35683 TX ua=95 mt=P len=0
PKT t=35692 RX ua=95 mt=R len=7
PKT t=35697 TX ua=95 mt=P len=0
PKT t=35706 RX ua=95 mt=R len=7
PKT t=35711 TX ua=95 mt=P len=0
PKT t=35740 RX ua=95 mt=R len=7
PKT t=35745 TX ua=95 mt=P len=0
PKT t=35754 RX ua=95 mt=R len=7
PKT t=35759 TX ua=95 mt=P len=0
PKT t=35768 RX ua=95 mt=R len=7
PKT t=35773 TX ua=95 mt=P len=0
PKT t=35782 RX ua=95 mt=R len=7
PKT t=35787 TX ua=95 mt=P len=0
PKT t=35796 RX ua=95 mt=R len=7
PKT t=35801 TX ua=95 mt=P len=0
PKT t=35810 RX ua=95 mt=R len=7
PKT t=35815 TX ua=95 mt=P len=0
PKT t=35844 RX ua=95 mt=R len=7
PKT t=35849 TX ua=95 mt=P len=0
PKT t=35858 RX ua=95 mt=R len=7
PKT t=35863 TX ua=95 mt=P len=0
PKT t=35872 RX ua=95 mt=R len=7
PKT t=35877 TX ua=95 mt=T len=7
PKT t=35889 TX ua=95 mt=P len=0
PKT t=35898 RX ua=95 mt=R len=7
PKT t=35903 TX ua=95 mt=P len=0
PKT t=35912 RX ua=95 mt=R len=7
PKT t=35917 TX ua=95 mt=P len=0
PKT t=35947 RX ua=95 mt=R len=7
PKT t=35952 TX ua=95 mt=P len=0
PKT t=35961 RX ua=95 mt=R len=7
PKT t=35966 TX ua=95 mt=P len=0
PKT t=35976 RX ua=95 mt=R len=7
PKT t=35981 TX ua=95 mt=P len=0
PKT t=35990 RX ua=95 mt=R len=7
PKT t=35995 TX ua=95 mt=P len=0
PKT t=36004 RX ua=95 mt=R len=7
PKT t=36009 TX ua=95 mt=P len=0
PKT t=36022 RX ua=95 mt=R len=7
PKT t=36027 TX ua=95 mt=P len=0
PKT t=36081 RX ua=95 mt=R len=7
PKT t=36086 TX ua=95 mt=P len=0
PKT t=36095 RX ua=95 mt=R len=7
PKT t=36100 TX ua=95 mt=P len=0
PKT t=36109 RX ua=95 mt=R len=7
PKT t=36114 TX ua=95 mt=P len=0
PKT t=36123 RX ua=95 mt=R len=7
PKT t=36128 TX ua=95 mt=T len=7
PKT t=36140 TX ua=95 mt=P len=0
PKT t=36159 RX ua=95 mt=R len=7
PKT t=36164 TX ua=95 mt=P len=0
PKT t=36173 RX ua=95 mt=R len=7
PKT t=36178 TX ua=95 mt=P len=0
PKT t=36187 RX ua=95 mt=R len=7
PKT t=36192 TX ua=95 mt=P len=0
PKT t=36201 RX ua=95 mt=R len=7
PKT t=36206 TX ua=95 mt=P len=0
PKT t=36215 RX ua=95 mt=R len=7
PKT t=36220 TX ua=95 mt=P len=0
PKT t=36229 RX ua=95 mt=R len=7
PKT t=36234 TX ua=95 mt=P len=0
PKT t=36264 RX ua=95 mt=R len=7
PKT t=36269 TX ua=95 mt=P len=0
PKT t=36278 RX ua=95 mt=R len=7
PKT t=36283 TX ua=95 mt=P len=0
PKT t=36292 RX ua=95 mt=R len=7
PKT t=36297 TX ua=95 mt=P len=0
PKT t=36306 RX ua=95 mt=R len=7
PKT t=36311 TX ua=95 mt=P len=0
PKT t=36320 RX ua=95 mt=R len=7
PKT t=36325 TX ua=95 mt=P len=0
PKT t=36334 RX ua=95 mt=R len=7
PKT t=36339 TX ua=95 mt=P len=0
PKT t=36368 RX ua=95 mt=R len=7
PKT t=36373 TX ua=95 mt=P len=0
PKT t=36382 RX ua=95 mt=R len=7
PKT t=36387 TX ua=95 mt=T len=7
PKT t=36399 TX ua=95 mt=P len=0
PKT t=36408 RX ua=95 mt=R len=7
PKT t=36413 TX ua=95 mt=P len=0
PKT t=36422 RX ua=95 mt=R len=7
PKT t=36427 TX ua=95 mt=P len=0
PKT t=36436 RX ua=95 mt=R len=7
PKT t=36441 TX ua=95 mt=P len=0
PKT t=36471 RX ua=95 mt=R len=7
PKT t=36476 TX ua=95 mt=P len=0
PKT t=36485 RX ua=95 mt=R len=7
PKT t=36490 TX ua=95 mt=P len=0
PKT t=36499 RX ua=95 mt=R len=7
PKT t=36504 TX ua=95 mt=P len=0
PKT t=36513 RX ua=95 mt=R len=7
PKT t=36518 TX ua=95 mt=P len=0
PKT t=36527 RX ua=95 mt=R len=7
PKT t=36532 TX ua=95 mt=P len=0
PKT t=36541 RX ua=95 mt=R len=7
PKT t=36546 TX ua=95 mt=P len=0
PKT t=36576 RX ua=95 mt=R len=7
PKT t=36581 TX ua=95 mt=P len=0
PKT t=36590 RX ua=95 mt=R len=7
PKT t=36595 TX ua=95 mt=P len=0
PKT t=36604 RX ua=95 mt=R len=7
PKT t=36609 TX ua=95 mt=P len=0
PKT t=36618 RX ua=95 mt=R len=7
PKT t=36623 TX ua=95 mt=P len=0
PKT t=36632 RX ua=95 mt=R len=7
PKT t=36637 TX ua=95 mt=T len=7
PKT t=36649 TX ua=95 mt=P len=0
PKT t=36677 RX ua=95 mt=R len=7
PKT t=36682 TX ua=95 mt=P len=0
PKT t=36691 RX ua=95 mt=R len=7
PKT t=36696 TX ua=95 mt=P len=0
PKT t=36705 RX ua=95 mt=R len=7
PKT t=36710 TX ua=95 mt=P len=0
PKT t=36720 RX ua=95 mt=R len=7
PKT t=36724 TX ua=95 mt=P len=0
PKT t=36733 RX ua=95 mt=R len=7
PKT t=36738 TX ua=95 mt=P len=0
PKT t=36747 RX ua=95 mt=R len=7
PKT t=36752 TX ua=95 mt=P len=0
PKT t=36781 RX ua=95 mt=R len=7
PKT t=36786 TX ua=95 mt=P len=0
PKT t=36795 RX ua=95 mt=R len=7
PKT t=36800 TX ua=95 mt=P len=0
PKT t=36809 RX ua=95 mt=R len=7
PKT t=36814 TX ua=95 mt=P len=0
PKT t=36823 RX ua=95 mt=R len=7
PKT t=36828 TX ua=95 mt=P len=0
PKT t=36837 RX ua=95 mt=R len=7
PKT t=36842 TX ua=95 mt=P len=0
PKT t=36851 RX ua=95 mt=R len=7
PKT t=36856 TX ua=95 mt=P len=0
PKT t=36885 RX ua=95 mt=R len=7
PKT t=36890 TX ua=95 mt=T len=7
PKT t=36902 TX ua=95 mt=P len=0
PKT t=36911 RX ua=95 mt=R len=7
PKT t=36916 TX ua=95 mt=P len=0
PKT t=36925 RX ua=95 mt=R len=7
PKT t=36930 TX ua=95 mt=P len=0
PKT t=36939 RX ua=95 mt=R len=7
PKT t=36944 TX ua=95 mt=P len=0
PKT t=36953 RX ua=95 mt=R len=7
PKT t=36958 TX ua=95 mt=P len=0
PKT t=36987 RX ua=95 mt=R len=7
PKT t=36992 TX ua=95 mt=P len=0
PKT t=37001 RX ua=95 mt=R len=7
PKT t=37006 TX ua=95 mt=P len=0
PKT t=37015 RX ua=95 mt=R len=7
PKT t=37020 TX ua=95 mt=P len=0
PKT t=37029 RX ua=95 mt=R len=7
PKT t=37034 TX ua=95 mt=P len=0
PKT t=37043 RX ua=95 mt=R len=7
PKT t=37081 TX ua=95 mt=P len=0
PKT t=37090 RX ua=95 mt=R len=7
PKT t=37095 TX ua=95 mt=P len=0
PKT t=37104 RX ua=95 mt=R len=7
PKT t=37109 TX ua=95 mt=P len=0
PKT t=37119 RX ua=95 mt=R len=7
PKT t=37123 TX ua=95 mt=P len=0
PKT t=37132 RX ua=95 mt=R len=7
PKT t=37137 TX ua=95 mt=T len=7
PKT t=37150 TX ua=95 mt=P len=0
PKT t=37159 RX ua=95 mt=R len=7
PKT t=37164 TX ua=95 mt=P len=0
PKT t=37194 RX ua=95 mt=R len=7
PKT t=37199 TX ua=95 mt=P len=0
PKT t=37208 RX ua=95 mt=R len=7
