PKT t=7144 RX ua=95 mt=R len=7
PKT t=7149 TX ua=95 mt=T len=7
PKT t=7161 TX ua=95 mt=P len=0
PKT t=7170 RX ua=95 mt=R len=7
PKT t=7175 TX ua=95 mt=P len=0
PKT t=7204 RX ua=95 mt=R len=7
PKT t=7209 TX ua=95 mt=P len=0
PKT t=7218 RX ua=95 mt=R len=7
PKT t=7223 TX ua=95 mt=P len=0
PKT t=7232 RX ua=95 mt=R len=7
PKT t=7237 TX ua=95 mt=P len=0
PKT t=7246 RX ua=95 mt=R len=7
PKT t=7251 TX ua=95 mt=P len=0
PKT t=7260 RX ua=95 mt=R len=7
PKT t=7265 TX ua=95 mt=P len=0
PKT t=7274 RX ua=95 mt=R len=7
PKT t=7279 TX ua=95 mt=P len=0
PKT t=7308 RX ua=95 mt=R len=7
PKT t=7313 TX ua=95 mt=P len=0
PKT t=7322 RX ua=95 mt=R len=7
PKT t=7327 TX ua=95 mt=P len=0
PKT t=7336 RX ua=95 mt=R len=7
PKT t=7341 TX ua=95 mt=P len=0
PKT t=7350 RX ua=95 mt=R len=7
PKT t=7355 TX ua=95 mt=P len=0
PKT t=7364 RX ua=95 mt=R len=7
PKT t=7369 TX ua=95 mt=P len=0
PKT t=7378 RX ua=95 mt=R len=7
PKT t=7383 TX ua=95 mt=P len=0
PKT t=7412 RX ua=95 mt=R len=7
PKT t=7417 TX ua=95 mt=T len=7
PKT t=7429 TX ua=95 mt=P len=0
PKT t=7439 RX ua=95 mt=R len=7
PKT t=7444 TX ua=95 mt=P len=0
PKT t=7454 RX ua=95 mt=R len=7
PKT t=7459 TX ua=95 mt=P len=0
PKT t=7469 RX ua=95 mt=R len=7
PKT t=7474 TX ua=95 mt=P len=0
PKT t=7484 RX ua=95 mt=R len=7
PKT t=7489 TX ua=95 mt=P len=0
PKT t=7519 RX ua=95 mt=R len=7
PKT t=7523 TX ua=95 mt=P len=0
PKT t=7533 RX ua=95 mt=R len=7
PKT t=7538 TX ua=95 mt=P len=0
PKT t=7596 RX ua=95 mt=R len=7
PKT t=7601 TX ua=95 mt=P len=0
PKT t=7617 RX ua=95 mt=R len=7
PKT t=7622 TX ua=95 mt=P len=0
PKT t=7632 RX ua=95 mt=R len=7
PKT t=7637 TX ua=95 mt=P len=0
PKT t=7647 RX ua=95 mt=R len=7
PKT t=7652 TX ua=95 mt=T len=7
PKT t=7664 TX ua=95 mt=P len=0
PKT t=7673 RX ua=95 mt=R len=7
PKT t=7678 TX ua=95 mt=P len=0
PKT t=7687 RX ua=95 mt=R len=7
PKT t=7692 TX ua=95 mt=P len=0
PKT t=7721 RX ua=95 mt=R len=7
PKT t=7726 TX ua=95 mt=P len=0
PKT t=7735 RX ua=95 mt=R len=7
PKT t=7740 TX ua=95 mt=P len=0
PKT t=7749 RX ua=95 mt=R len=7
PKT t=7754 TX ua=95 mt=P len=0
PKT t=7763 RX ua=95 mt=R len=7
PKT t=7768 TX ua=95 mt=P len=0
PKT t=7777 RX ua=95 mt=R len=7
PKT t=7782 TX ua=95 mt=P len=0
PKT t=7791 RX ua=95 mt=R len=7
PKT t=7796 TX ua=95 mt=P len=0
PKT t=7826 RX ua=95 mt=R len=7
PKT t=7831 TX ua=95 mt=P len=0
PKT t=7840 RX ua=95 mt=R len=7
PKT t=7845 TX ua=95 mt=P len=0
PKT t=7854 RX ua=95 mt=R len=7
PKT t=7859 TX ua=95 mt=P len=0
PKT t=7868 RX ua=95 mt=R len=7
PKT t=7873 TX ua=95 mt=P len=0
PKT t=7882 RX ua=95 mt=R len=7
PKT t=7887 TX ua=95 mt=P len=0
PKT t=7896 RX ua=95 mt=R len=7
PKT t=7901 TX ua=95 mt=T len=7
PKT t=7913 TX ua=95 mt=P len=0
PKT t=7932 RX ua=95 mt=R len=7
PKT t=7937 TX ua=95 mt=P len=0
PKT t=7946 RX ua=95 mt=R len=7
PKT t=7951 TX ua=95 mt=P len=0
PKT t=7960 RX ua=95 mt=R len=7
PKT t=7965 TX ua=95 mt=P len=0
PKT t=7974 RX ua=95 mt=R len=7
PKT t=7979 TX ua=95 mt=P len=0
PKT t=7988 RX ua=95 mt=R len=7
PKT t=7993 TX ua=95 mt=P len=0
PKT t=8002 RX ua=95 mt=R len=7
PKT t=8008 TX ua=95 mt=P len=0
PKT t=8036 RX ua=95 mt=R len=7
PKT t=8041 TX ua=95 mt=P len=0
PKT t=8096 RX ua=95 mt=R len=7
PKT t=8101 TX ua=95 mt=P len=0
PKT t=8110 RX ua=95 mt=R len=7
PKT t=8115 TX ua=95 mt=P len=0
PKT t=8144 RX ua=95 mt=R len=7
PKT t=8149 TX ua=95 mt=T len=7
PKT t=8161 TX ua=95 mt=P len=0
PKT t=8170 RX ua=95 mt=R len=7
PKT t=8175 TX ua=95 mt=P len=0
PKT t=8184 RX ua=95 mt=R len=7
PKT t=8189 TX ua=95 mt=P len=0
PKT t=8198 RX ua=95 mt=R len=7
PKT t=8203 TX ua=95 mt=P len=0
PKT t=8212 RX ua=95 mt=R len=7
PKT t=8217 TX ua=95 mt=P len=0
PKT t=8246 RX ua=95 mt=R len=7
PKT t=8251 TX ua=95 mt=P len=0
PKT t=8260 RX ua=95 mt=R len=7
PKT t=8265 TX ua=95 mt=P len=0
PKT t=8274 RX ua=95 mt=R len=7
PKT t=8279 TX ua=95 mt=P len=0
PKT t=8288 RX ua=95 mt=R len=7
PKT t=8293 TX ua=95 mt=P len=0
PKT t=8302 RX ua=95 mt=R len=7
PKT t=8307 TX ua=95 mt=P len=0
PKT t=8316 RX ua=95 mt=R len=7
PKT t=8321 TX ua=95 mt=P len=0
PKT t=8350 RX ua=95 mt=R len=7
PKT t=8355 TX ua=95 mt=P len=0
PKT t=8364 RX ua=95 mt=R len=7
PKT t=8369 TX ua=95 mt=P len=0
PKT t=8378 RX ua=95 mt=R len=7
PKT t=8383 TX ua=95 mt=P len=0
PKT t=8392 RX ua=95 mt=R len=7
PKT t=8397 TX ua=95 mt=T len=7
PKT t=8409 TX ua=95 mt=P len=0
PKT t=8418 RX ua=95 mt=R len=7
PKT t=8423 TX ua=95 mt=P len=0
PKT t=8452 RX ua=95 mt=R len=7
PKT t=8457 TX ua=95 mt=P len=0
PKT t=8466 RX ua=95 mt=R len=7
PKT t=8471 TX ua=95 mt=P len=0
PKT t=8481 RX ua=95 mt=R len=7
PKT t=8485 TX ua=95 mt=P len=0
PKT t=8494 RX ua=95 mt=R len=7
PKT t=8499 TX ua=95 mt=P len=0
PKT t=8508 RX ua=95 mt=R len=7
PKT t=8513 TX ua=95 mt=P len=0
PKT t=8522 RX ua=95 mt=R len=7
PKT t=8527 TX ua=95 mt=P len=0
PKT t=8596 RX ua=95 mt=R len=7
PKT t=8601 TX ua=95 mt=P len=0
PKT t=8610 RX ua=95 mt=R len=7
PKT t=8615 TX ua=95 mt=P len=0
PKT t=8624 RX ua=95 mt=R len=7
PKT t=8629 TX ua=95 mt=P len=0
PKT t=8658 RX ua=95 mt=R len=7
PKT t=8663 TX ua=95 mt=T len=7
PKT t=8675 TX ua=95 mt=P len=0
PKT t=8684 RX ua=95 mt=R len=7
PKT t=8689 TX ua=95 mt=P len=0
PKT t=8698 RX ua=95 mt=R len=7
PKT t=8703 TX ua=95 mt=P len=0
PKT t=8712 RX ua=95 mt=R len=7
PKT t=8717 TX ua=95 mt=P len=0
PKT t=8726 RX ua=95 mt=R len=7
PKT t=8731 TX ua=95 mt=P len=0
PKT t=8760 RX ua=95 mt=R len=7
PKT t=8765 TX ua=95 mt=P len=0
PKT t=8774 RX ua=95 mt=R len=7
PKT t=8779 TX ua=95 mt=P len=0
PKT t=8788 RX ua=95 mt=R len=7
PKT t=8793 TX ua=95 mt=P len=0
PKT t=8802 RX ua=95 mt=R len=7
PKT t=8807 TX ua=95 mt=P len=0
PKT t=8816 RX ua=95 mt=R len=7
PKT t=8821 TX ua=95 mt=P len=0
PKT t=8830 RX ua=95 mt=R len=7
PKT t=8835 TX ua=95 mt=P len=0
PKT t=8864 RX ua=95 mt=R len=7
PKT t=8869 TX ua=95 mt=P len=0
PKT t=8878 RX ua=95 mt=R len=7
PKT t=8883 TX ua=95 mt=P len=0
PKT t=8892 RX ua=95 mt=R len=7
PKT t=8897 TX ua=95 mt=T len=7
PKT t=8909 TX ua=95 mt=P len=0
PKT t=8918 RX ua=95 mt=R len=7
PKT t=8923 TX ua=95 mt=P len=0
PKT t=8932 RX ua=95 mt=R len=7
PKT t=8937 TX ua=95 mt=P len=0
PKT t=8966 RX ua=95 mt=R len=7
PKT t=8971 TX ua=95 mt=P len=0
PKT t=8980 RX ua=95 mt=R len=7
PKT t=8985 TX ua=95 mt=P len=0
PKT t=8994 RX ua=95 mt=R len=7
PKT t=8999 TX ua=95 mt=P len=0
PKT t=9008 RX ua=95 mt=R len=7
PKT t=9013 TX ua=95 mt=P len=0
PKT t=9022 RX ua=95 mt=R len=7
PKT t=9027 TX ua=95 mt=P len=0
PKT t=9036 RX ua=95 mt=R len=7
PKT t=9041 TX ua=95 mt=P len=0
PKT t=9096 RX ua=95 mt=R len=7
PKT t=9101 TX ua=95 mt=P len=0
PKT t=9110 RX ua=95 mt=R len=7
PKT t=9115 TX ua=95 mt=P len=0
PKT t=9124 RX ua=95 mt=R len=7
PKT t=9129 TX ua=95 mt=P len=0
PKT t=9138 RX ua=95 mt=R len=7
PKT t=9143 TX ua=95 mt=T len=7
PKT t=9155 TX ua=95 mt=P len=0
PKT t=9174 RX ua=95 mt=R len=7
PKT t=9179 TX ua=95 mt=P len=0
PKT t=9188 RX ua=95 mt=R len=7
PKT t=9193 TX ua=95 mt=P len=0
PKT t=9202 RX ua=95 mt=R len=7
PKT t=9207 TX ua=95 mt=P len=0
PKT t=9216 RX ua=95 mt=R len=7
PKT t=9221 TX ua=95 mt=P len=0
PKT t=9230 RX ua=95 mt=R len=7
PKT t=9235 TX ua=95 mt=P len=0
PKT t=9244 RX ua=95 mt=R len=7
PKT t=9249 TX ua=95 mt=P len=0
PKT t=9278 RX ua=95 mt=R len=7
PKT t=9283 TX ua=95 mt=P len=0
PKT t=9292 RX ua=95 mt=R len=7
PKT t=9297 TX ua=95 mt=P len=0
PKT t=9306 RX ua=95 mt=R len=7
PKT t=9311 TX ua=95 mt=P len=0
PKT t=9320 RX ua=95 mt=R len=7
PKT t=9325 TX ua=95 mt=P len=0
PKT t=9334 RX ua=95 mt=R len=7
PKT t=9339 TX ua=95 mt=P len=0
PKT t=9348 RX ua=95 mt=R len=7
PKT t=9353 TX ua=95 mt=P len=0
PKT t=9382 RX ua=95 mt=R len=7
PKT t=9387 TX ua=95 mt=P len=0
PKT t=9396 RX ua=95 mt=R len=7
PKT t=9401 TX ua=95 mt=T len=7
PKT t=9413 TX ua=95 mt=P len=0
PKT t=9423 RX ua=95 mt=R len=7
PKT t=9428 TX ua=95 mt=P len=0
PKT t=9438 RX ua=95 mt=R len=7
PKT t=9443 TX ua=95 mt=P len=0
PKT t=9453 RX ua=95 mt=R len=7
PKT t=9458 TX ua=95 mt=P len=0
PKT t=9487 RX ua=95 mt=R len=7
PKT t=9492 TX ua=95 mt=P len=0
PKT t=9502 RX ua=95 mt=R len=7
PKT t=9507 TX ua=95 mt=P len=0
PKT t=9517 RX ua=95 mt=R len=7
PKT t=9522 TX ua=95 mt=P len=0
PKT t=9532 RX ua=95 mt=R len=7
PKT t=9537 TX ua=95 mt=P len=0
PKT t=9596 RX ua=95 mt=R len=7
PKT t=9601 TX ua=95 mt=P len=0
PKT t=9611 RX ua=95 mt=R len=7
PKT t=9616 TX ua=95 mt=P len=0
PKT t=9626 RX ua=95 mt=R len=7
PKT t=9631 TX ua=95 mt=P len=0
PKT t=9641 RX ua=95 mt=R len=7
PKT t=9646 TX ua=95 mt=T len=7
PKT t=9658 TX ua=95 mt=P len=0
PKT t=9686 RX ua=95 mt=R len=7
PKT t=9691 TX ua=95 mt=P len=0
PKT t=9700 RX ua=95 mt=R len=7
PKT t=9705 TX ua=95 mt=P len=0
PKT t=9714 RX ua=95 mt=R len=7
PKT t=9719 TX ua=95 mt=P len=0
PKT t=9728 RX ua=95 mt=R len=7
PKT t=9733 TX ua=95 mt=P len=0
PKT t=9742 RX ua=95 mt=R len=7
PKT t=9747 TX ua=95 mt=P len=0
PKT t=9756 RX ua=95 mt=R len=7
PKT t=9761 TX ua=95 mt=P len=0
PKT t=9790 RX ua=95 mt=R len=7
PKT t=9795 TX ua=95 mt=P len=0
PKT t=9804 RX ua=95 mt=R len=7
PKT t=9809 TX ua=95 mt=P len=0
PKT t=9818 RX ua=95 mt=R len=7
PKT t=9823 TX ua=95 mt=P len=0
PKT t=9832 RX ua=95 mt=R len=7
PKT t=9837 TX ua=95 mt=P len=0
PKT t=9846 RX ua=95 mt=R len=7
PKT t=9851 TX ua=95 mt=P len=0
PKT t=9860 RX ua=95 mt=R len=7
PKT t=9865 TX ua=95 mt=P len=0
PKT t=9894 RX ua=95 mt=R len=7
PKT t=9899 TX ua=95 mt=T len=7
PKT t=9911 TX ua=95 mt=P len=0
PKT t=9920 RX ua=95 mt=R len=7
PKT t=9925 TX ua=95 mt=P len=0
PKT t=9934 RX ua=95 mt=R len=7
PKT t=9939 TX ua=95 mt=P len=0
PKT t=9948 RX ua=95 mt=R len=7
PKT t=9953 TX ua=95 mt=P len=0
PKT t=9962 RX ua=95 mt=R len=7
PKT t=9967 TX ua=95 mt=P len=0
PKT t=9996 RX ua=95 mt=R len=7
PKT t=10001 TX ua=95 mt=P len=0
PKT t=10010 RX ua=95 mt=R len=7
PKT t=10015 TX ua=95 mt=P len=0
PKT t=10024 RX ua=95 mt=R len=7
PKT t=10029 TX ua=95 mt=P len=0
PKT t=10038 RX ua=95 mt=R len=7
PKT t=10043 TX ua=95 mt=P len=0
PKT t=10096 RX ua=95 mt=R len=7
PKT t=10101 TX ua=95 mt=P len=0
PKT t=10110 RX ua=95 mt=R len=7
PKT t=10115 TX ua=95 mt=P len=0
PKT t=10124 RX ua=95 mt=R len=7
PKT t=10129 TX ua=95 mt=P len=0
PKT t=10138 RX ua=95 mt=R len=7
PKT t=10143 TX ua=95 mt=T len=7
PKT t=10156 TX ua=95 mt=P len=0
PKT t=10165 RX ua=95 mt=R len=7
PKT t=10170 TX ua=95 mt=T len=7
PKT t=10183 TX ua=95 mt=P len=0
PKT t=10201 RX ua=95 mt=R len=7
PKT t=10206 TX ua=95 mt=P len=0
PKT t=10215 RX ua=95 mt=R len=7
PKT t=10220 TX ua=95 mt=P len=0
PKT t=10229 RX ua=95 mt=R len=7
PKT t=10234 TX ua=95 mt=P len=0
PKT t=10243 RX ua=95 mt=R len=7
PKT t=10248 TX ua=95 mt=P len=0
PKT t=10257 RX ua=95 mt=R len=7
PKT t=10262 TX ua=95 mt=P len=0
PKT t=10271 RX ua=95 mt=R len=7
PKT t=10276 TX ua=95 mt=P len=0
PKT t=10305 RX ua=95 mt=R len=7
PKT t=10310 TX ua=95 mt=P len=0
PKT t=10319 RX ua=95 mt=R len=7
PKT t=10324 TX ua=95 mt=P len=0
PKT t=10333 RX ua=95 mt=R len=7
PKT t=10338 TX ua=95 mt=P len=0
PKT t=10347 RX ua=95 mt=R len=7
PKT t=10352 TX ua=95 mt=P len=0
PKT t=10361 RX ua=95 mt=R len=7
PKT t=10366 TX ua=95 mt=P len=0
PKT t=10375 RX ua=95 mt=R len=7
PKT t=10380 TX ua=95 mt=P len=0
PKT t=10409 RX ua=95 mt=R len=7
PKT t=10414 TX ua=95 mt=T len=7
PKT t=10427 TX ua=95 mt=P len=0
PKT t=10436 RX ua=95 mt=R len=7
PKT t=10441 TX ua=95 mt=P len=0
PKT t=10450 RX ua=95 mt=R len=7
PKT t=10455 TX ua=95 mt=P len=0
PKT t=10464 RX ua=95 mt=R len=7
PKT t=10469 TX ua=95 mt=P len=0
PKT t=10478 RX ua=95 mt=R len=7
PKT t=10483 TX ua=95 mt=P len=0
PKT t=10512 RX ua=95 mt=R len=7
PKT t=10517 TX ua=95 mt=P len=0
PKT t=10526 RX ua=95 mt=R len=7
PKT t=10531 TX ua=95 mt=P len=0
PKT t=10540 RX ua=95 mt=R len=7
PKT t=10545 TX ua=95 mt=P len=0
PKT t=10596 RX ua=95 mt=R len=7
PKT t=10851 TX ua=96 mt=I len=13
PKT t=11359 TX ua=96 mt=T len=4
PKT t=11370 TX ua=95 mt=P len=0
PKT t=11379 RX ua=95 mt=R len=7
PKT t=11384 TX ua=95 mt=T len=7
PKT t=11396 TX ua=95 mt=P len=0
PKT t=11415 RX ua=95 mt=R len=7
PKT t=11420 TX ua=95 mt=P len=0
PKT t=11429 RX ua=95 mt=R len=7
PKT t=11434 TX ua=95 mt=P len=0
PKT t=11443 RX ua=95 mt=R len=7
PKT t=11448 TX ua=95 mt=P len=0
PKT t=11457 RX ua=95 mt=R len=7
PKT t=11462 TX ua=95 mt=P len=0
PKT t=11471 RX ua=95 mt=R len=7
PKT t=11476 TX ua=95 mt=P len=0
PKT t=11485 RX ua=95 mt=R len=7
PKT t=11490 TX ua=95 mt=P len=0
PKT t=11519 RX ua=95 mt=R len=7
PKT t=11524 TX ua=95 mt=P len=0
PKT t=11533 RX ua=95 mt=R len=7
PKT t=11538 TX ua=95 mt=P len=0
PKT t=11596 RX ua=95 mt=R len=7
PKT t=11601 TX ua=95 mt=P len=0
PKT t=11619 RX ua=95 mt=R len=7
PKT t=11624 TX ua=95 mt=P len=0
PKT t=11633 RX ua=95 mt=R len=7
PKT t=11638 TX ua=95 mt=P len=0
PKT t=11647 RX ua=95 mt=R len=7
PKT t=11652 TX ua=95 mt=T len=7
PKT t=11664 TX ua=95 mt=P len=0
PKT t=11673 RX ua=95 mt=R len=7
PKT t=11678 TX ua=95 mt=P len=0
PKT t=11687 RX ua=95 mt=R len=7
PKT t=11692 TX ua=95 mt=P len=0
PKT t=11721 RX ua=95 mt=R len=7
PKT t=11726 TX ua=95 mt=P len=0
PKT t=11735 RX ua=95 mt=R len=7
PKT t=11740 TX ua=95 mt=P len=0
PKT t=11749 RX ua=95 mt=R len=7
PKT t=11754 TX ua=95 mt=P len=0
PKT t=11763 RX ua=95 mt=R len=7
PKT t=11768 TX ua=95 mt=P len=0
PKT t=11777 RX ua=95 mt=R len=7
PKT t=11782 TX ua=95 mt=P len=0
PKT t=11791 RX ua=95 mt=R len=7
PKT t=11796 TX ua=95 mt=P len=0
PKT t=11826 RX ua=95 mt=R len=7
PKT t=11831 TX ua=95 mt=P len=0
PKT t=11840 RX ua=95 mt=R len=7
PKT t=11845 TX ua=95 mt=P len=0
PKT t=11854 RX ua=95 mt=R len=7
PKT t=11859 TX ua=95 mt=P len=0
PKT t=11868 RX ua=95 mt=R len=7
PKT t=11873 TX ua=95 mt=P len=0
PKT t=11882 RX ua=95 mt=R len=7
PKT t=11887 TX ua=95 mt=P len=0
PKT t=11896 RX ua=95 mt=R len=7
PKT t=11901 TX ua=95 mt=T len=7
PKT t=11913 TX ua=95 mt=P len=0
PKT t=11932 RX ua=95 mt=R len=7
PKT t=11937 TX ua=95 mt=P len=0
PKT t=11946 RX ua=95 mt=R len=7
PKT t=11951 TX ua=95 mt=P len=0
PKT t=11960 RX ua=95 mt=R len=7
PKT t=11965 TX ua=95 mt=P len=0
PKT t=11974 RX ua=95 mt=R len=7
PKT t=11979 TX ua=95 mt=P len=0
PKT t=11988 RX ua=95 mt=R len=7
PKT t=11993 TX ua=95 mt=P len=0
PKT t=12002 RX ua=95 mt=R len=7
PKT t=12010 TX ua=95 mt=P len=0
PKT t=12036 RX ua=95 mt=R len=7
PKT t=12041 TX ua=95 mt=P len=0
PKT t=12096 RX ua=95 mt=R len=7
PKT t=12101 TX ua=95 mt=P len=0
PKT t=12110 RX ua=95 mt=R len=7
PKT t=12115 TX ua=95 mt=P len=0
PKT t=12144 RX ua=95 mt=R len=7
PKT t=12149 TX ua=95 mt=T len=7
PKT t=12161 TX ua=95 mt=P len=0
PKT t=12170 RX ua=95 mt=R len=7
PKT t=12175 TX ua=95 mt=P len=0
PKT t=12184 RX ua=95 mt=R len=7
PKT t=12189 TX ua=95 mt=P len=0
PKT t=12198 RX ua=95 mt=R len=7
PKT t=12203 TX ua=95 mt=P len=0
PKT t=12212 RX ua=95 mt=R len=7
PKT t=12217 TX ua=95 mt=P len=0
PKT t=12246 RX ua=95 mt=R len=7
PKT t=12251 TX ua=95 mt=P len=0
PKT t=12260 RX ua=95 mt=R len=7
PKT t=12265 TX ua=95 mt=P len=0
PKT t=12274 RX ua=95 mt=R len=7
PKT t=12279 TX ua=95 mt=P len=0
PKT t=12288 RX ua=95 mt=R len=7
PKT t=12293 TX ua=95 mt=P len=0
PKT t=12302 RX ua=95 mt=R len=7
PKT t=12307 TX ua=95 mt=P len=0
PKT t=12316 RX ua=95 mt=R len=7
PKT t=12321 TX ua=95 mt=P len=0
PKT t=12350 RX ua=95 mt=R len=7
PKT t=12355 TX ua=95 mt=P len=0
PKT t=12364 RX ua=95 mt=R len=7
PKT t=12369 TX ua=95 mt=P len=0
PKT t=12378 RX ua=95 mt=R len=7
PKT t=12383 TX ua=95 mt=P len=0
PKT t=12392 RX ua=95 mt=R len=7
PKT t=12397 TX ua=95 mt=T len=7
PKT t=12409 TX ua=95 mt=P len=0
PKT t=12418 RX ua=95 mt=R len=7
PKT t=12423 TX ua=95 mt=P len=0
PKT t=12452 RX ua=95 mt=R len=7
PKT t=12457 TX ua=95 mt=P len=0
PKT t=12466 RX ua=95 mt=R len=7
PKT t=12471 TX ua=95 mt=P len=0
PKT t=12480 RX ua=95 mt=R len=7
PKT t=12485 TX ua=95 mt=P len=0
PKT t=12494 RX ua=95 mt=R len=7
PKT t=12499 TX ua=95 mt=P len=0
PKT t=12508 RX ua=95 mt=R len=7
PKT t=12513 TX ua=95 mt=P len=0
PKT t=12522 RX ua=95 mt=R len=7
PKT t=12527 TX ua=95 mt=P len=0
PKT t=12596 RX ua=95 mt=R len=7
PKT t=12601 TX ua=95 mt=P len=0
PKT t=12610 RX ua=95 mt=R len=7
PKT t=12615 TX ua=95 mt=P len=0
PKT t=12624 RX ua=95 mt=R len=7
PKT t=12629 TX ua=95 mt=P len=0
PKT t=12658 RX ua=95 mt=R len=7
PKT t=12663 TX ua=95 mt=T len=7
PKT t=12675 TX ua=95 mt=P len=0
PKT t=12684 RX ua=95 mt=R len=7
PKT t=12689 TX ua=95 mt=P len=0
PKT t=12698 RX ua=95 mt=R len=7
PKT t=12703 TX ua=95 mt=P len=0
PKT t=12712 RX ua=95 mt=R len=7
PKT t=12717 TX ua=95 mt=P len=0
PKT t=12726 RX ua=95 mt=R len=7
PKT t=12731 TX ua=95 mt=P len=0
PKT t=12760 RX ua=95 mt=R len=7
PKT t=12765 TX ua=95 mt=P len=0
PKT t=12774 RX ua=95 mt=R len=7
PKT t=12779 TX ua=95 mt=P len=0
PKT t=12788 RX ua=95 mt=R len=7
PKT t=12793 TX ua=95 mt=P len=0
PKT t=12802 RX ua=95 mt=R len=7
PKT t=12807 TX ua=95 mt=P len=0
PKT t=12816 RX ua=95 mt=R len=7
PKT t=12821 TX ua=95 mt=P len=0
PKT t=12830 RX ua=95 mt=R len=7
PKT t=12835 TX ua=95 mt=P len=0
PKT t=12864 RX ua=95 mt=R len=7
PKT t=12869 TX ua=95 mt=P len=0
PKT t=12878 RX ua=95 mt=R len=7
PKT t=12883 TX ua=95 mt=P len=0
PKT t=12892 RX ua=95 mt=R len=7
PKT t=12897 TX ua=95 mt=T len=7
PKT t=12909 TX ua=95 mt=P len=0
PKT t=12918 RX ua=95 mt=R len=7
PKT t=12923 TX ua=95 mt=P len=0
PKT t=12932 RX ua=95 mt=R len=7
PKT t=12937 TX ua=95 mt=P len=0
PKT t=12966 RX ua=95 mt=R len=7
PKT t=12971 TX ua=95 mt=P len=0
PKT t=12980 RX ua=95 mt=R len=7
PKT t=12985 TX ua=95 mt=P len=0
PKT t=12994 RX ua=95 mt=R len=7
PKT t=12999 TX ua=95 mt=P len=0
PKT t=13008 RX ua=95 mt=R len=7
PKT t=13013 TX ua=95 mt=P len=0
PKT t=13022 RX ua=95 mt=R len=7
PKT t=13027 TX ua=95 mt=P len=0
PKT t=13036 RX ua=95 mt=R len=7
PKT t=13041 TX ua=95 mt=P len=0
PKT t=13096 RX ua=95 mt=R len=7
PKT t=13101 TX ua=95 mt=P len=0
PKT t=13110 RX ua=95 mt=R len=7
PKT t=13115 TX ua=95 mt=P len=0
PKT t=13124 RX ua=95 mt=R len=7
PKT t=13129 TX ua=95 mt=P len=0
PKT t=13138 RX ua=95 mt=R len=7
PKT t=13143 TX ua=95 mt=T len=7
PKT t=13156 TX ua=95 mt=P len=0
PKT t=13174 RX ua=95 mt=R len=7
PKT t=13179 TX ua=95 mt=P len=0
PKT t=13188 RX ua=95 mt=R len=7
PKT t=13193 TX ua=95 mt=P len=0
PKT t=13202 RX ua=95 mt=R len=7
PKT t=13207 TX ua=95 mt=P len=0
PKT t=13216 RX ua=95 mt=R len=7
PKT t=13221 TX ua=95 mt=P len=0
PKT t=13230 RX ua=95 mt=R len=7
PKT t=13235 TX ua=95 mt=P len=0
PKT t=13245 RX ua=95 mt=R len=7
PKT t=13250 TX ua=95 mt=P len=0
PKT t=13279 RX ua=95 mt=R len=7
PKT t=13284 TX ua=95 mt=P len=0
PKT t=13293 RX ua=95 mt=R len=7
PKT t=13298 TX ua=95 mt=P len=0
PKT t=13307 RX ua=95 mt=R len=7
PKT t=13312 TX ua=95 mt=P len=0
PKT t=13321 RX ua=95 mt=R len=7
PKT t=13326 TX ua=95 mt=P len=0
PKT t=13335 RX ua=95 mt=R len=7
PKT t=13340 TX ua=95 mt=P len=0
PKT t=13349 RX ua=95 mt=R len=7
PKT t=13354 TX ua=95 mt=P len=0
PKT t=13383 RX ua=95 mt=R len=7
PKT t=13388 TX ua=95 mt=P len=0
PKT t=13397 RX ua=95 mt=R len=7
PKT t=13402 TX ua=95 mt=T len=7
PKT t=13415 TX ua=95 mt=P len=0
PKT t=13425 RX ua=95 mt=R len=7
PKT t=13430 TX ua=95 mt=P len=0
PKT t=13440 RX ua=95 mt=R len=7
PKT t=13445 TX ua=95 mt=P len=0
PKT t=13455 RX ua=95 mt=R len=7
PKT t=13460 TX ua=95 mt=P len=0
PKT t=13489 RX ua=95 mt=R len=7
PKT t=13494 TX ua=95 mt=P len=0
PKT t=13504 RX ua=95 mt=R len=7
PKT t=13509 TX ua=95 mt=P len=0
PKT t=13519 RX ua=95 mt=R len=7
PKT t=13524 TX ua=95 mt=P len=0
PKT t=13534 RX ua=95 mt=R len=7
PKT t=13539 TX ua=95 mt=P len=0
PKT t=13596 RX ua=95 mt=R len=7
PKT t=13601 TX ua=95 mt=P len=0
PKT t=13611 RX ua=95 mt=R len=7
PKT t=13616 TX ua=95 mt=P len=0
PKT t=13626 RX ua=95 mt=R len=7
PKT t=13631 TX ua=95 mt=P len=0
PKT t=13641 RX ua=95 mt=R len=7
PKT t=13646 TX ua=95 mt=T len=7
PKT t=13659 TX ua=95 mt=P len=0
PKT t=13688 RX ua=95 mt=R len=7
PKT t=13693 TX ua=95 mt=P len=0
PKT t=13702 RX ua=95 mt=R len=7
PKT t=13707 TX ua=95 mt=P len=0
PKT t=13716 RX ua=95 mt=R len=7
PKT t=13721 TX ua=95 mt=P len=0
PKT t=13730 RX ua=95 mt=R len=7
PKT t=13735 TX ua=95 mt=P len=0
PKT t=13744 RX ua=95 mt=R len=7
PKT t=13749 TX ua=95 mt=P len=0
PKT t=13758 RX ua=95 mt=R len=7
PKT t=13763 TX ua=95 mt=P len=0
PKT t=13792 RX ua=95 mt=R len=7
PKT t=13797 TX ua=95 mt=P len=0
PKT t=13806 RX ua=95 mt=R len=7
PKT t=13811 TX ua=95 mt=P len=0
PKT t=13820 RX ua=95 mt=R len=7
PKT t=13825 TX ua=95 mt=P len=0
PKT t=13834 RX ua=95 mt=R len=7
PKT t=13839 TX ua=95 mt=P len=0
PKT t=13848 RX ua=95 mt=R len=7
PKT t=13853 TX ua=95 mt=P len=0
PKT t=13862 RX ua=95 mt=R len=7
PKT t=13867 TX ua=95 mt=P len=0
PKT t=13896 RX ua=95 mt=R len=7
PKT t=13901 TX ua=95 mt=T len=7
PKT t=13914 TX ua=95 mt=P len=0
PKT t=13924 RX ua=95 mt=R len=7
PKT t=13929 TX ua=95 mt=P len=0
PKT t=13938 RX ua=95 mt=R len=7
PKT t=13943 TX ua=95 mt=P len=0
PKT t=13952 RX ua=95 mt=R len=7
PKT t=13957 TX ua=95 mt=P len=0
PKT t=13966 RX ua=95 mt=R len=7
PKT t=13971 TX ua=95 mt=P len=0
PKT t=14000 RX ua=95 mt=R len=7
PKT t=14005 TX ua=95 mt=P len=0
PKT t=14014 RX ua=95 mt=R len=7
PKT t=14019 TX ua=95 mt=P len=0
PKT t=14028 RX ua=95 mt=R len=7
PKT t=14033 TX ua=95 mt=P len=0
PKT t=14042 RX ua=95 mt=R len=7
PKT t=14047 TX ua=95 mt=P len=0
PKT t=14097 RX ua=95 mt=R len=7
PKT t=14352 TX ua=96 mt=P len=0
PKT t=14610 TX ua=95 mt=P len=0
PKT t=14619 RX ua=95 mt=R len=7
PKT t=14624 TX ua=95 mt=T len=7
PKT t=14636 TX ua=95 mt=P len=0
PKT t=14645 RX ua=95 mt=R len=7
PKT t=14650 TX ua=95 mt=T len=7
PKT t=14662 TX ua=95 mt=P len=0
PKT t=14671 RX ua=95 mt=R len=7
PKT t=14676 TX ua=95 mt=P len=0
PKT t=14705 RX ua=95 mt=R len=7
PKT t=14710 TX ua=95 mt=P len=0
PKT t=14719 RX ua=95 mt=R len=7
PKT t=14724 TX ua=95 mt=P len=0
PKT t=14733 RX ua=95 mt=R len=7
PKT t=14738 TX ua=95 mt=P len=0
PKT t=14747 RX ua=95 mt=R len=7
PKT t=14752 TX ua=95 mt=P len=0
PKT t=14761 RX ua=95 mt=R len=7
PKT t=14766 TX ua=95 mt=P len=0
PKT t=14775 RX ua=95 mt=R len=7
PKT t=14780 TX ua=95 mt=P len=0
PKT t=14809 RX ua=95 mt=R len=7
PKT t=14814 TX ua=95 mt=P len=0
PKT t=14823 RX ua=95 mt=R len=7
PKT t=14828 TX ua=95 mt=P len=0
PKT t=14837 RX ua=95 mt=R len=7
PKT t=14842 TX ua=95 mt=P len=0
PKT t=14851 RX ua=95 mt=R len=7
PKT t=14856 TX ua=95 mt=P len=0
PKT t=14865 RX ua=95 mt=R len=7
PKT t=14870 TX ua=95 mt=P len=0
PKT t=14879 RX ua=95 mt=R len=7
PKT t=14884 TX ua=95 mt=P len=0
PKT t=14913 RX ua=95 mt=R len=7
PKT t=14918 TX ua=95 mt=T len=7
PKT t=14930 TX ua=95 mt=P len=0
PKT t=14939 RX ua=95 mt=R len=7
PKT t=14944 TX ua=95 mt=P len=0
PKT t=14953 RX ua=95 mt=R len=7
PKT t=14958 TX ua=95 mt=P len=0
PKT t=14967 RX ua=95 mt=R len=7
PKT t=14972 TX ua=95 mt=P len=0
PKT t=14981 RX ua=95 mt=R len=7
PKT t=14986 TX ua=95 mt=P len=0
PKT t=15015 RX ua=95 mt=R len=7
PKT t=15020 TX ua=95 mt=P len=0
PKT t=15029 RX ua=95 mt=R len=7
PKT t=15034 TX ua=95 mt=P len=0
PKT t=15043 RX ua=95 mt=R len=7
PKT t=15096 TX ua=95 mt=P len=0
PKT t=15115 RX ua=95 mt=R len=7
PKT t=15120 TX ua=95 mt=P len=0
PKT t=15129 RX ua=95 mt=R len=7
PKT t=15134 TX ua=95 mt=P len=0
PKT t=15143 RX ua=95 mt=R len=7
PKT t=15148 TX ua=95 mt=T len=7
PKT t=15160 TX ua=95 mt=P len=0
PKT t=15169 RX ua=95 mt=R len=7
PKT t=15174 TX ua=95 mt=P len=0
PKT t=15183 RX ua=95 mt=R len=7
PKT t=15188 TX ua=95 mt=P len=0
PKT t=15217 RX ua=95 mt=R len=7
PKT t=15222 TX ua=95 mt=P len=0
PKT t=15231 RX ua=95 mt=R len=7
PKT t=15236 TX ua=95 mt=P len=0
PKT t=15245 RX ua=95 mt=R len=7
PKT t=15250 TX ua=95 mt=P len=0
PKT t=15259 RX ua=95 mt=R len=7
PKT t=15264 TX ua=95 mt=P len=0
PKT t=15273 RX ua=95 mt=R len=7
PKT t=15278 TX ua=95 mt=P len=0
PKT t=15287 RX ua=95 mt=R len=7
PKT t=15292 TX ua=95 mt=P len=0
PKT t=15321 RX ua=95 mt=R len=7
PKT t=15326 TX ua=95 mt=P len=0
PKT t=15335 RX ua=95 mt=R len=7
PKT t=15340 TX ua=95 mt=P len=0
PKT t=15349 RX ua=95 mt=R len=7
PKT t=15354 TX ua=95 mt=P len=0
PKT t=15363 RX ua=95 mt=R len=7
PKT t=15368 TX ua=95 mt=P len=0
PKT t=15377 RX ua=95 mt=R len=7
PKT t=15382 TX ua=95 mt=P len=0
PKT t=15391 RX ua=95 mt=R len=7
PKT t=15396 TX ua=95 mt=T len=7
PKT t=15408 TX ua=95 mt=P len=0
PKT t=15427 RX ua=95 mt=R len=7
PKT t=15432 TX ua=95 mt=P len=0
PKT t=15442 RX ua=95 mt=R len=7
PKT t=15447 TX ua=95 mt=P len=0
PKT t=15457 RX ua=95 mt=R len=7
PKT t=15462 TX ua=95 mt=P len=0
PKT t=15472 RX ua=95 mt=R len=7
PKT t=15477 TX ua=95 mt=P len=0
PKT t=15487 RX ua=95 mt=R len=7
PKT t=15492 TX ua=95 mt=P len=0
PKT t=15526 RX ua=95 mt=R len=7
PKT t=15531 TX ua=95 mt=P len=0
PKT t=15541 RX ua=95 mt=R len=7
PKT t=15546 TX ua=95 mt=P len=0
PKT t=15596 RX ua=95 mt=R len=7
PKT t=15851 TX ua=96 mt=P len=0
PKT t=16109 TX ua=95 mt=P len=0
PKT t=16119 RX ua=95 mt=R len=7
PKT t=16124 TX ua=95 mt=T len=7
PKT t=16136 TX ua=95 mt=P len=0
PKT t=16145 RX ua=95 mt=R len=7
PKT t=16150 TX ua=95 mt=T len=7
PKT t=16162 TX ua=95 mt=P len=0
PKT t=16171 RX ua=95 mt=R len=7
PKT t=16176 TX ua=95 mt=P len=0
PKT t=16185 RX ua=95 mt=R len=7
PKT t=16190 TX ua=95 mt=P len=0
PKT t=16199 RX ua=95 mt=R len=7
PKT t=16204 TX ua=95 mt=P len=0
PKT t=16233 RX ua=95 mt=R len=7
PKT t=16238 TX ua=95 mt=P len=0
PKT t=16247 RX ua=95 mt=R len=7
PKT t=16252 TX ua=95 mt=P len=0
PKT t=16261 RX ua=95 mt=R len=7
PKT t=16266 TX ua=95 mt=P len=0
PKT t=16275 RX ua=95 mt=R len=7
PKT t=16280 TX ua=95 mt=P len=0
PKT t=16289 RX ua=95 mt=R len=7
PKT t=16294 TX ua=95 mt=P len=0
PKT t=16303 RX ua=95 mt=R len=7
PKT t=16308 TX ua=95 mt=P len=0
PKT t=16337 RX ua=95 mt=R len=7
PKT t=16342 TX ua=95 mt=P len=0
PKT t=16351 RX ua=95 mt=R len=7
PKT t=16356 TX ua=95 mt=P len=0
PKT t=16365 RX ua=95 mt=R len=7
PKT t=16370 TX ua=95 mt=P len=0
PKT t=16379 RX ua=95 mt=R len=7
PKT t=16384 TX ua=95 mt=P len=0
PKT t=16393 RX ua=95 mt=R len=7
PKT t=16398 TX ua=95 mt=T len=7
PKT t=16410 TX ua=95 mt=P len=0
PKT t=16438 RX ua=95 mt=R len=7
PKT t=16443 TX ua=95 mt=P len=0
PKT t=16453 RX ua=95 mt=R len=7
PKT t=16458 TX ua=95 mt=P len=0
PKT t=16467 RX ua=95 mt=R len=7
PKT t=16472 TX ua=95 mt=P len=0
PKT t=16481 RX ua=95 mt=R len=7
PKT t=16486 TX ua=95 mt=P len=0
PKT t=16495 RX ua=95 mt=R len=7
PKT t=16500 TX ua=95 mt=P len=0
PKT t=16509 RX ua=95 mt=R len=7
PKT t=16514 TX ua=95 mt=P len=0
PKT t=16543 RX ua=95 mt=R len=7
PKT t=16596 TX ua=95 mt=P len=0
PKT t=16605 RX ua=95 mt=R len=7
PKT t=16610 TX ua=95 mt=P len=0
PKT t=16643 RX ua=95 mt=R len=7
PKT t=16648 TX ua=95 mt=T len=7
PKT t=16660 TX ua=95 mt=P len=0
PKT t=16669 RX ua=95 mt=R len=7
PKT t=16674 TX ua=95 mt=P len=0
PKT t=16683 RX ua=95 mt=R len=7
PKT t=16688 TX ua=95 mt=P len=0
PKT t=16697 RX ua=95 mt=R len=7
PKT t=16702 TX ua=95 mt=P len=0
PKT t=16711 RX ua=95 mt=R len=7
PKT t=16716 TX ua=95 mt=P len=0
PKT t=16745 RX ua=95 mt=R len=7
PKT t=16750 TX ua=95 mt=P len=0
PKT t=16759 RX ua=95 mt=R len=7
PKT t=16764 TX ua=95 mt=P len=0
PKT t=16773 RX ua=95 mt=R len=7
PKT t=16778 TX ua=95 mt=P len=0
PKT t=16787 RX ua=95 mt=R len=7
PKT t=16792 TX ua=95 mt=P len=0
PKT t=16801 RX ua=95 mt=R len=7
PKT t=16806 TX ua=95 mt=P len=0
PKT t=16815 RX ua=95 mt=R len=7
PKT t=16820 TX ua=95 mt=P len=0
PKT t=16849 RX ua=95 mt=R len=7
PKT t=16854 TX ua=95 mt=P len=0
PKT t=16863 RX ua=95 mt=R len=7
PKT t=16868 TX ua=95 mt=P len=0
PKT t=16877 RX ua=95 mt=R len=7
PKT t=16882 TX ua=95 mt=P len=0
PKT t=16891 RX ua=95 mt=R len=7
PKT t=16896 TX ua=95 mt=T len=7
PKT t=16908 TX ua=95 mt=P len=0
PKT t=16917 RX ua=95 mt=R len=7
PKT t=16922 TX ua=95 mt=P len=0
PKT t=16951 RX ua=95 mt=R len=7
PKT t=16956 TX ua=95 mt=P len=0
PKT t=16965 RX ua=95 mt=R len=7
PKT t=16970 TX ua=95 mt=P len=0
PKT t=16979 RX ua=95 mt=R len=7
PKT t=16984 TX ua=95 mt=P len=0
PKT t=16993 RX ua=95 mt=R len=7
PKT t=16998 TX ua=95 mt=P len=0
PKT t=17007 RX ua=95 mt=R len=7
PKT t=17012 TX ua=95 mt=P len=0
PKT t=17021 RX ua=95 mt=R len=7
PKT t=17026 TX ua=95 mt=P len=0
PKT t=17096 RX ua=95 mt=R len=7
PKT t=17101 TX ua=95 mt=P len=0
PKT t=17110 RX ua=95 mt=R len=7
PKT t=17115 TX ua=95 mt=P len=0
PKT t=17124 RX ua=95 mt=R len=7
PKT t=17129 TX ua=95 mt=P len=0
PKT t=17158 RX ua=95 mt=R len=7
PKT t=17163 TX ua=95 mt=T len=7
PKT t=17175 TX ua=95 mt=P len=0
PKT t=17184 RX ua=95 mt=R len=7
PKT t=17189 TX ua=95 mt=P len=0
PKT t=17198 RX ua=95 mt=R len=7
PKT t=17203 TX ua=95 mt=P len=0
PKT t=17212 RX ua=95 mt=R len=7
PKT t=17217 TX ua=95 mt=P len=0
PKT t=17226 RX ua=95 mt=R len=7
PKT t=17231 TX ua=95 mt=P len=0
PKT t=17260 RX ua=95 mt=R len=7
PKT t=17265 TX ua=95 mt=P len=0
PKT t=17274 RX ua=95 mt=R len=7
PKT t=17279 TX ua=95 mt=P len=0
PKT t=17288 RX ua=95 mt=R len=7
PKT t=17293 TX ua=95 mt=P len=0
PKT t=17302 RX ua=95 mt=R len=7
PKT t=17307 TX ua=95 mt=P len=0
PKT t=17316 RX ua=95 mt=R len=7
PKT t=17321 TX ua=95 mt=P len=0
PKT t=17330 RX ua=95 mt=R len=7
PKT t=17335 TX ua=95 mt=P len=0
PKT t=17364 RX ua=95 mt=R len=7
PKT t=17369 TX ua=95 mt=P len=0
PKT t=17378 RX ua=95 mt=R len=7
PKT t=17383 TX ua=95 mt=P len=0
PKT t=17392 RX ua=95 mt=R len=7
PKT t=17397 TX ua=95 mt=T len=7
PKT t=17409 TX ua=95 mt=P len=0
PKT t=17419 RX ua=95 mt=R len=7
PKT t=17424 TX ua=95 mt=P len=0
PKT t=17434 RX ua=95 mt=R len=7
PKT t=17439 TX ua=95 mt=P len=0
PKT t=17468 RX ua=95 mt=R len=7
PKT t=17473 TX ua=95 mt=P len=0
PKT t=17483 RX ua=95 mt=R len=7
PKT t=17488 TX ua=95 mt=P len=0
PKT t=17498 RX ua=95 mt=R len=7
PKT t=17503 TX ua=95 mt=P len=0
PKT t=17513 RX ua=95 mt=R len=7
PKT t=17518 TX ua=95 mt=P len=0
PKT t=17528 RX ua=95 mt=R len=7
PKT t=17533 TX ua=95 mt=P len=0
PKT t=17543 RX ua=95 mt=R len=7
PKT t=17596 TX ua=95 mt=P len=0
PKT t=17606 RX ua=95 mt=R len=7
PKT t=17611 TX ua=95 mt=P len=0
PKT t=17621 RX ua=95 mt=R len=7
PKT t=17626 TX ua=95 mt=P len=0
PKT t=17636 RX ua=95 mt=R len=7
PKT t=17641 TX ua=95 mt=T len=7
PKT t=17653 TX ua=95 mt=P len=0
PKT t=17681 RX ua=95 mt=R len=7
PKT t=17686 TX ua=95 mt=P len=0
PKT t=17695 RX ua=95 mt=R len=7
PKT t=17700 TX ua=95 mt=P len=0
PKT t=17709 RX ua=95 mt=R len=7
PKT t=17714 TX ua=95 mt=P len=0
PKT t=17723 RX ua=95 mt=R len=7
PKT t=17728 TX ua=95 mt=P len=0
PKT t=17737 RX ua=95 mt=R len=7
PKT t=17742 TX ua=95 mt=P len=0
PKT t=17751 RX ua=95 mt=R len=7
PKT t=17756 TX ua=95 mt=P len=0
PKT t=17786 RX ua=95 mt=R len=7
PKT t=17791 TX ua=95 mt=P len=0
PKT t=17800 RX ua=95 mt=R len=7
PKT t=17805 TX ua=95 mt=P len=0
PKT t=17814 RX ua=95 mt=R len=7
PKT t=17819 TX ua=95 mt=P len=0
PKT t=17828 RX ua=95 mt=R len=7
PKT t=17833 TX ua=95 mt=P len=0
PKT t=17842 RX ua=95 mt=R len=7
PKT t=17847 TX ua=95 mt=P len=0
PKT t=17856 RX ua=95 mt=R len=7
PKT t=17861 TX ua=95 mt=P len=0
PKT t=17890 RX ua=95 mt=R len=7
PKT t=17895 TX ua=95 mt=T len=7
PKT t=17907 TX ua=95 mt=P len=0
PKT t=17916 RX ua=95 mt=R len=7
PKT t=17921 TX ua=95 mt=P len=0
PKT t=17930 RX ua=95 mt=R len=7
PKT t=17935 TX ua=95 mt=P len=0
PKT t=17944 RX ua=95 mt=R len=7
PKT t=17949 TX ua=95 mt=P len=0
PKT t=17958 RX ua=95 mt=R len=7
PKT t=17963 TX ua=95 mt=P len=0
PKT t=17992 RX ua=95 mt=R len=7
PKT t=17997 TX ua=95 mt=P len=0
PKT t=18006 RX ua=95 mt=R len=7
PKT t=18013 TX ua=95 mt=P len=0
PKT t=18022 RX ua=95 mt=R len=7
PKT t=18027 TX ua=95 mt=P len=0
PKT t=18036 RX ua=95 mt=R len=7
PKT t=18041 TX ua=95 mt=P len=0
PKT t=18096 RX ua=95 mt=R len=7
PKT t=18101 TX ua=95 mt=P len=0
PKT t=18110 RX ua=95 mt=R len=7
PKT t=18115 TX ua=95 mt=P len=0
PKT t=18124 RX ua=95 mt=R len=7
PKT t=18129 TX ua=95 mt=P len=0
PKT t=18138 RX ua=95 mt=R len=7
PKT t=18143 TX ua=95 mt=T len=7
PKT t=18156 TX ua=95 mt=P len=0
PKT t=18165 RX ua=95 mt=R len=7
PKT t=18170 TX ua=95 mt=T len=7
PKT t=18183 TX ua=95 mt=P len=0
PKT t=18201 RX ua=95 mt=R len=7
PKT t=18206 TX ua=95 mt=P len=0
PKT t=18215 RX ua=95 mt=R len=7
PKT t=18220 TX ua=95 mt=P len=0
PKT t=18229 RX ua=95 mt=R len=7
PKT t=18234 TX ua=95 mt=P len=0
PKT t=18243 RX ua=95 mt=R len=7
PKT t=18248 TX ua=95 mt=P len=0
PKT t=18257 RX ua=95 mt=R len=7
PKT t=18262 TX ua=95 mt=P len=0
PKT t=18271 RX ua=95 mt=R len=7
PKT t=18276 TX ua=95 mt=P len=0
PKT t=18305 RX ua=95 mt=R len=7
PKT t=18310 TX ua=95 mt=P len=0
PKT t=18319 RX ua=95 mt=R len=7
PKT t=18324 TX ua=95 mt=P len=0
PKT t=18333 RX ua=95 mt=R len=7
PKT t=18338 TX ua=95 mt=P len=0
PKT t=18347 RX ua=95 mt=R len=7
PKT t=18352 TX ua=95 mt=P len=0
PKT t=18361 RX ua=95 mt=R len=7
PKT t=18366 TX ua=95 mt=P len=0
PKT t=18375 RX ua=95 mt=R len=7
PKT t=18380 TX ua=95 mt=P len=0
PKT t=18409 RX ua=95 mt=R len=7
PKT t=18414 TX ua=95 mt=T len=7
PKT t=18427 TX ua=95 mt=P len=0
PKT t=18436 RX ua=95 mt=R len=7
PKT t=18441 TX ua=95 mt=P len=0
PKT t=18450 RX ua=95 mt=R len=7
PKT t=18455 TX ua=95 mt=P len=0
PKT t=18464 RX ua=95 mt=R len=7
PKT t=18469 TX ua=95 mt=P len=0
PKT t=18478 RX ua=95 mt=R len=7
PKT t=18483 TX ua=95 mt=P len=0
PKT t=18512 RX ua=95 mt=R len=7
PKT t=18517 TX ua=95 mt=P len=0
PKT t=18526 RX ua=95 mt=R len=7
PKT t=18531 TX ua=95 mt=P len=0
PKT t=18540 RX ua=95 mt=R len=7
PKT t=18545 TX ua=95 mt=P len=0
PKT t=18596 RX ua=95 mt=R len=7
PKT t=18851 TX ua=96 mt=P len=0
PKT t=19109 TX ua=95 mt=P len=0
PKT t=19118 RX ua=95 mt=R len=7
PKT t=19123 TX ua=95 mt=T len=7
PKT t=19136 TX ua=95 mt=P len=0
PKT t=19145 RX ua=95 mt=R len=7
PKT t=19150 TX ua=95 mt=T len=7
PKT t=19162 TX ua=95 mt=P len=0
PKT t=19171 RX ua=95 mt=R len=7
PKT t=19176 TX ua=95 mt=P len=0
PKT t=19185 RX ua=95 mt=R len=7
PKT t=19190 TX ua=95 mt=P len=0
PKT t=19219 RX ua=95 mt=R len=7
PKT t=19224 TX ua=95 mt=P len=0
PKT t=19233 RX ua=95 mt=R len=7
PKT t=19238 TX ua=95 mt=P len=0
PKT t=19247 RX ua=95 mt=R len=7
PKT t=19252 TX ua=95 mt=P len=0
PKT t=19261 RX ua=95 mt=R len=7
PKT t=19266 TX ua=95 mt=P len=0
PKT t=19275 RX ua=95 mt=R len=7
PKT t=19280 TX ua=95 mt=P len=0
PKT t=19289 RX ua=95 mt=R len=7
PKT t=19294 TX ua=95 mt=P len=0
PKT t=19323 RX ua=95 mt=R len=7
PKT t=19328 TX ua=95 mt=P len=0
PKT t=19337 RX ua=95 mt=R len=7
PKT t=19342 TX ua=95 mt=P len=0
PKT t=19351 RX ua=95 mt=R len=7
PKT t=19356 TX ua=95 mt=P len=0
PKT t=19366 RX ua=95 mt=R len=7
PKT t=19371 TX ua=95 mt=P len=0
PKT t=19380 RX ua=95 mt=R len=7
PKT t=19385 TX ua=95 mt=P len=0
PKT t=19394 RX ua=95 mt=R len=7
PKT t=19399 TX ua=95 mt=T len=7
PKT t=19411 TX ua=95 mt=P len=0
PKT t=19432 RX ua=95 mt=R len=7
PKT t=19437 TX ua=95 mt=P len=0
PKT t=19447 RX ua=95 mt=R len=7
PKT t=19452 TX ua=95 mt=P len=0
PKT t=19462 RX ua=95 mt=R len=7
PKT t=19467 TX ua=95 mt=P len=0
PKT t=19477 RX ua=95 mt=R len=7
PKT t=19482 TX ua=95 mt=P len=0
PKT t=19492 RX ua=95 mt=R len=7
PKT t=19497 TX ua=95 mt=P len=0
PKT t=19528 RX ua=95 mt=R len=7
PKT t=19533 TX ua=95 mt=P len=0
PKT t=19544 RX ua=95 mt=R len=7
PKT t=19596 TX ua=95 mt=P len=0
PKT t=19628 RX ua=95 mt=R len=7
PKT t=19633 TX ua=95 mt=P len=0
PKT t=19643 RX ua=95 mt=R len=7
PKT t=19648 TX ua=95 mt=T len=7
PKT t=19660 TX ua=95 mt=P len=0
PKT t=19669 RX ua=95 mt=R len=7
PKT t=19674 TX ua=95 mt=P len=0
PKT t=19683 RX ua=95 mt=R len=7
PKT t=19688 TX ua=95 mt=P len=0
PKT t=19697 RX ua=95 mt=R len=7
PKT t=19702 TX ua=95 mt=P len=0
PKT t=19731 RX ua=95 mt=R len=7
PKT t=19736 TX ua=95 mt=P len=0
PKT t=19745 RX ua=95 mt=R len=7
PKT t=19750 TX ua=95 mt=P len=0
PKT t=19759 RX ua=95 mt=R len=7
PKT t=19764 TX ua=95 mt=P len=0
PKT t=19773 RX ua=95 mt=R len=7
PKT t=19778 TX ua=95 mt=P len=0
PKT t=19787 RX ua=95 mt=R len=7
PKT t=19792 TX ua=95 mt=P len=0
PKT t=19801 RX ua=95 mt=R len=7
PKT t=19806 TX ua=95 mt=P len=0
PKT t=19835 RX ua=95 mt=R len=7
PKT t=19840 TX ua=95 mt=P len=0
PKT t=19849 RX ua=95 mt=R len=7
PKT t=19854 TX ua=95 mt=P len=0
PKT t=19863 RX ua=95 mt=R len=7
PKT t=19868 TX ua=95 mt=P len=0
PKT t=19877 RX ua=95 mt=R len=7
PKT t=19882 TX ua=95 mt=P len=0
PKT t=19891 RX ua=95 mt=R len=7
PKT t=19896 TX ua=95 mt=T len=7
PKT t=19908 TX ua=95 mt=P len=0
PKT t=19937 RX ua=95 mt=R len=7
PKT t=19942 TX ua=95 mt=P len=0
PKT t=19951 RX ua=95 mt=R len=7
PKT t=19956 TX ua=95 mt=P len=0
PKT t=19965 RX ua=95 mt=R len=7
PKT t=19970 TX ua=95 mt=P len=0
PKT t=19979 RX ua=95 mt=R len=7
PKT t=19984 TX ua=95 mt=P len=0
PKT t=19993 RX ua=95 mt=R len=7
PKT t=19998 TX ua=95 mt=P len=0
PKT t=20007 RX ua=95 mt=R len=7
PKT t=20014 TX ua=95 mt=P len=0
PKT t=20042 RX ua=95 mt=R len=7
PKT t=20047 TX ua=95 mt=P len=0
PKT t=20097 RX ua=95 mt=R len=7
PKT t=20352 TX ua=96 mt=P len=0
PKT t=20610 TX ua=95 mt=P len=0
PKT t=20619 RX ua=95 mt=R len=7
PKT t=20624 TX ua=95 mt=T len=7
PKT t=20636 TX ua=95 mt=P len=0
PKT t=20645 RX ua=95 mt=R len=7
PKT t=20650 TX ua=95 mt=T len=7
PKT t=20662 TX ua=95 mt=P len=0
PKT t=20671 RX ua=95 mt=R len=7
PKT t=20676 TX ua=95 mt=P len=0
PKT t=20685 RX ua=95 mt=R len=7
PKT t=20690 TX ua=95 mt=P len=0
PKT t=20699 RX ua=95 mt=R len=7
PKT t=20704 TX ua=95 mt=P len=0
PKT t=20713 RX ua=95 mt=R len=7
PKT t=20718 TX ua=95 mt=P len=0
PKT t=20747 RX ua=95 mt=R len=7
PKT t=20752 TX ua=95 mt=P len=0
PKT t=20761 RX ua=95 mt=R len=7
PKT t=20766 TX ua=95 mt=P len=0
PKT t=20775 RX ua=95 mt=R len=7
PKT t=20780 TX ua=95 mt=P len=0
PKT t=20789 RX ua=95 mt=R len=7
PKT t=20794 TX ua=95 mt=P len=0
PKT t=20803 RX ua=95 mt=R len=7
PKT t=20808 TX ua=95 mt=P len=0
PKT t=20817 RX ua=95 mt=R len=7
PKT t=20822 TX ua=95 mt=P len=0
PKT t=20851 RX ua=95 mt=R len=7
PKT t=20856 TX ua=95 mt=P len=0
PKT t=20865 RX ua=95 mt=R len=7
PKT t=20870 TX ua=95 mt=P len=0
PKT t=20879 RX ua=95 mt=R len=7
PKT t=20884 TX ua=95 mt=P len=0
PKT t=20893 RX ua=95 mt=R len=7
PKT t=20898 TX ua=95 mt=T len=7
PKT t=20910 TX ua=95 mt=P len=0
PKT t=20919 RX ua=95 mt=R len=7
PKT t=20924 TX ua=95 mt=P len=0
PKT t=20953 RX ua=95 mt=R len=7
PKT t=20958 TX ua=95 mt=P len=0
PKT t=20967 RX ua=95 mt=R len=7
PKT t=20972 TX ua=95 mt=P len=0
PKT t=20981 RX ua=95 mt=R len=7
PKT t=20986 TX ua=95 mt=P len=0
PKT t=20995 RX ua=95 mt=R len=7
PKT t=21000 TX ua=95 mt=P len=0
PKT t=21009 RX ua=95 mt=R len=7
PKT t=21014 TX ua=95 mt=P len=0
PKT t=21023 RX ua=95 mt=R len=7
PKT t=21028 TX ua=95 mt=P len=0
PKT t=21096 RX ua=95 mt=R len=7
PKT t=21101 TX ua=95 mt=P len=0
PKT t=21110 RX ua=95 mt=R len=7
PKT t=21115 TX ua=95 mt=P len=0
PKT t=21124 RX ua=95 mt=R len=7
PKT t=21129 TX ua=95 mt=P len=0
PKT t=21158 RX ua=95 mt=R len=7
PKT t=21163 TX ua=95 mt=T len=7
PKT t=21176 TX ua=95 mt=P len=0
PKT t=21185 RX ua=95 mt=R len=7
PKT t=21190 TX ua=95 mt=P len=0
PKT t=21199 RX ua=95 mt=R len=7
PKT t=21204 TX ua=95 mt=P len=0
PKT t=21213 RX ua=95 mt=R len=7
PKT t=21218 TX ua=95 mt=P len=0
PKT t=21227 RX ua=95 mt=R len=7
PKT t=21232 TX ua=95 mt=P len=0
PKT t=21261 RX ua=95 mt=R len=7
PKT t=21266 TX ua=95 mt=P len=0
PKT t=21275 RX ua=95 mt=R len=7
PKT t=21280 TX ua=95 mt=P len=0
PKT t=21289 RX ua=95 mt=R len=7
PKT t=21294 TX ua=95 mt=P len=0
PKT t=21303 RX ua=95 mt=R len=7
PKT t=21308 TX ua=95 mt=P len=0
PKT t=21317 RX ua=95 mt=R len=7
PKT t=21322 TX ua=95 mt=P len=0
PKT t=21331 RX ua=95 mt=R len=7
PKT t=21336 TX ua=95 mt=P len=0
PKT t=21365 RX ua=95 mt=R len=7
PKT t=21370 TX ua=95 mt=P len=0
PKT t=21379 RX ua=95 mt=R len=7
PKT t=21384 TX ua=95 mt=P len=0
PKT t=21395 RX ua=95 mt=R len=7
PKT t=21400 TX ua=95 mt=T len=7
PKT t=21413 TX ua=95 mt=P len=0
PKT t=21423 RX ua=95 mt=R len=7
PKT t=21428 TX ua=95 mt=P len=0
PKT t=21438 RX ua=95 mt=R len=7
PKT t=21443 TX ua=95 mt=P len=0
PKT t=21472 RX ua=95 mt=R len=7
PKT t=21477 TX ua=95 mt=P len=0
PKT t=21487 RX ua=95 mt=R len=7
PKT t=21492 TX ua=95 mt=P len=0
PKT t=21502 RX ua=95 mt=R len=7
PKT t=21507 TX ua=95 mt=P len=0
PKT t=21517 RX ua=95 mt=R len=7
PKT t=21522 TX ua=95 mt=P len=0
PKT t=21532 RX ua=95 mt=R len=7
PKT t=21537 TX ua=95 mt=P len=0
PKT t=21596 RX ua=95 mt=R len=7
PKT t=21601 TX ua=95 mt=P len=0
PKT t=21611 RX ua=95 mt=R len=7
PKT t=21616 TX ua=95 mt=P len=0
PKT t=21626 RX ua=95 mt=R len=7
PKT t=21631 TX ua=95 mt=P len=0
PKT t=21641 RX ua=95 mt=R len=7
PKT t=21646 TX ua=95 mt=T len=7
PKT t=21659 TX ua=95 mt=P len=0
PKT t=21687 RX ua=95 mt=R len=7
PKT t=21691 TX ua=95 mt=P len=0
PKT t=21700 RX ua=95 mt=R len=7
PKT t=21705 TX ua=95 mt=P len=0
PKT t=21714 RX ua=95 mt=R len=7
PKT t=21719 TX ua=95 mt=P len=0
PKT t=21728 RX ua=95 mt=R len=7
PKT t=21733 TX ua=95 mt=P len=0
PKT t=21742 RX ua=95 mt=R len=7
PKT t=21747 TX ua=95 mt=P len=0
PKT t=21756 RX ua=95 mt=R len=7
PKT t=21761 TX ua=95 mt=P len=0
PKT t=21790 RX ua=95 mt=R len=7
PKT t=21795 TX ua=95 mt=P len=0
PKT t=21804 RX ua=95 mt=R len=7
PKT t=21809 TX ua=95 mt=P len=0
PKT t=21818 RX ua=95 mt=R len=7
PKT t=21823 TX ua=95 mt=P len=0
PKT t=21832 RX ua=95 mt=R len=7
PKT t=21837 TX ua=95 mt=P len=0
PKT t=21846 RX ua=95 mt=R len=7
PKT t=21851 TX ua=95 mt=P len=0
PKT t=21860 RX ua=95 mt=R len=7
PKT t=21865 TX ua=95 mt=P len=0
PKT t=21894 RX ua=95 mt=R len=7
PKT t=21899 TX ua=95 mt=T len=7
PKT t=21912 TX ua=95 mt=P len=0
PKT t=21921 RX ua=95 mt=R len=7
PKT t=21926 TX ua=95 mt=P len=0
PKT t=21935 RX ua=95 mt=R len=7
PKT t=21940 TX ua=95 mt=P len=0
PKT t=21949 RX ua=95 mt=R len=7
PKT t=21954 TX ua=95 mt=P len=0
PKT t=21963 RX ua=95 mt=R len=7
PKT t=21968 TX ua=95 mt=P len=0
PKT t=21997 RX ua=95 mt=R len=7
PKT t=22002 TX ua=95 mt=P len=0
PKT t=22015 RX ua=95 mt=R len=7
PKT t=22020 TX ua=95 mt=P len=0
PKT t=22029 RX ua=95 mt=R len=7
PKT t=22034 TX ua=95 mt=P len=0
PKT t=22043 RX ua=95 mt=R len=7
PKT t=22096 TX ua=95 mt=P len=0
PKT t=22105 RX ua=95 mt=R len=7
PKT t=22110 TX ua=95 mt=P len=0
PKT t=22119 RX ua=95 mt=R len=7
PKT t=22124 TX ua=95 mt=P len=0
PKT t=22133 RX ua=95 mt=R len=7
PKT t=22138 TX ua=95 mt=P len=0
PKT t=22147 RX ua=95 mt=R len=7
PKT t=22152 TX ua=95 mt=T len=7
PKT t=22164 TX ua=95 mt=P len=0
PKT t=22197 RX ua=95 mt=R len=7
PKT t=22202 TX ua=95 mt=P len=0
PKT t=22211 RX ua=95 mt=R len=7
PKT t=22216 TX ua=95 mt=P len=0
PKT t=22225 RX ua=95 mt=R len=7
PKT t=22230 TX ua=95 mt=P len=0
PKT t=22239 RX ua=95 mt=R len=7
PKT t=22244 TX ua=95 mt=P len=0
PKT t=22253 RX ua=95 mt=R len=7
PKT t=22258 TX ua=95 mt=P len=0
PKT t=22267 RX ua=95 mt=R len=7
PKT t=22272 TX ua=95 mt=P len=0
PKT t=22301 RX ua=95 mt=R len=7
PKT t=22306 TX ua=95 mt=P len=0
PKT t=22315 RX ua=95 mt=R len=7
PKT t=22320 TX ua=95 mt=P len=0
PKT t=22329 RX ua=95 mt=R len=7
PKT t=22334 TX ua=95 mt=P len=0
PKT t=22343 RX ua=95 mt=R len=7
PKT t=22348 TX ua=95 mt=P len=0
PKT t=22357 RX ua=95 mt=R len=7
PKT t=22362 TX ua=95 mt=P len=0
PKT t=22371 RX ua=95 mt=R len=7
PKT t=22376 TX ua=95 mt=P len=0
PKT t=22405 RX ua=95 mt=R len=7
PKT t=22410 TX ua=95 mt=T len=7
PKT t=22422 TX ua=95 mt=P len=0
PKT t=22431 RX ua=95 mt=R len=7
PKT t=22436 TX ua=95 mt=P len=0
PKT t=22445 RX ua=95 mt=R len=7
PKT t=22450 TX ua=95 mt=P len=0
PKT t=22459 RX ua=95 mt=R len=7
PKT t=22464 TX ua=95 mt=P len=0
PKT t=22473 RX ua=95 mt=R len=7
PKT t=22478 TX ua=95 mt=P len=0
PKT t=22507 RX ua=95 mt=R len=7
PKT t=22512 TX ua=95 mt=P len=0
PKT t=22521 RX ua=95 mt=R len=7
PKT t=22526 TX ua=95 mt=P len=0
PKT t=22535 RX ua=95 mt=R len=7
PKT t=22540 TX ua=95 mt=P len=0
PKT t=22596 RX ua=95 mt=R len=7
PKT t=22601 TX ua=95 mt=P len=0
PKT t=22610 RX ua=95 mt=R len=7
PKT t=22615 TX ua=95 mt=P len=0
PKT t=22624 RX ua=95 mt=R len=7
PKT t=22629 TX ua=95 mt=P len=0
PKT t=22638 RX ua=95 mt=R len=7
PKT t=22643 TX ua=95 mt=T len=7
PKT t=22655 TX ua=95 mt=P len=0
PKT t=22664 RX ua=95 mt=R len=7
PKT t=22669 TX ua=95 mt=P len=0
PKT t=22678 RX ua=95 mt=R len=7
PKT t=22683 TX ua=95 mt=P len=0
PKT t=22712 RX ua=95 mt=R len=7
PKT t=22717 TX ua=95 mt=P len=0
PKT t=22726 RX ua=95 mt=R len=7
PKT t=22731 TX ua=95 mt=P len=0
PKT t=22740 RX ua=95 mt=R len=7
PKT t=22745 TX ua=95 mt=P len=0
PKT t=22754 RX ua=95 mt=R len=7
PKT t=22759 TX ua=95 mt=P len=0
PKT t=22768 RX ua=95 mt=R len=7
PKT t=22773 TX ua=95 mt=P len=0
PKT t=22782 RX ua=95 mt=R len=7
PKT t=22787 TX ua=95 mt=P len=0
PKT t=22816 RX ua=95 mt=R len=7
PKT t=22821 TX ua=95 mt=P len=0
PKT t=22830 RX ua=95 mt=R len=7
PKT t=22835 TX ua=95 mt=P len=0
PKT t=22844 RX ua=95 mt=R len=7
PKT t=22849 TX ua=95 mt=P len=0
PKT t=22858 RX ua=95 mt=R len=7
PKT t=22863 TX ua=95 mt=P len=0
PKT t=22872 RX ua=95 mt=R len=7
PKT t=22877 TX ua=95 mt=P len=0
PKT t=22886 RX ua=95 mt=R len=7
PKT t=22891 TX ua=95 mt=T len=7
PKT t=22903 TX ua=95 mt=P len=0
PKT t=22922 RX ua=95 mt=R len=7
PKT t=22927 TX ua=95 mt=P len=0
PKT t=22936 RX ua=95 mt=R len=7
PKT t=22941 TX ua=95 mt=P len=0
PKT t=22950 RX ua=95 mt=R len=7
PKT t=22955 TX ua=95 mt=P len=0
PKT t=22964 RX ua=95 mt=R len=7
PKT t=22969 TX ua=95 mt=P len=0
PKT t=22978 RX ua=95 mt=R len=7
PKT t=22983 TX ua=95 mt=P len=0
PKT t=22992 RX ua=95 mt=R len=7
PKT t=22997 TX ua=95 mt=P len=0
PKT t=23026 RX ua=95 mt=R len=7
PKT t=23031 TX ua=95 mt=P len=0
PKT t=23040 RX ua=95 mt=R len=7
PKT t=23045 TX ua=95 mt=P len=0
PKT t=23096 RX ua=95 mt=R len=7
PKT t=23351 TX ua=96 mt=P len=0
PKT t=23609 TX ua=95 mt=P len=0
PKT t=23619 RX ua=95 mt=R len=7
PKT t=23623 TX ua=95 mt=T len=7
PKT t=23635 TX ua=95 mt=P len=0
PKT t=23645 RX ua=95 mt=R len=7
PKT t=23650 TX ua=95 mt=T len=7
PKT t=23662 TX ua=95 mt=P len=0
PKT t=23671 RX ua=95 mt=R len=7
PKT t=23676 TX ua=95 mt=P len=0
PKT t=23685 RX ua=95 mt=R len=7
PKT t=23690 TX ua=95 mt=P len=0
PKT t=23699 RX ua=95 mt=R len=7
PKT t=23704 TX ua=95 mt=P len=0
PKT t=23733 RX ua=95 mt=R len=7
PKT t=23738 TX ua=95 mt=P len=0
PKT t=23747 RX ua=95 mt=R len=7
PKT t=23752 TX ua=95 mt=P len=0
PKT t=23761 RX ua=95 mt=R len=7
PKT t=23766 TX ua=95 mt=P len=0
PKT t=23775 RX ua=95 mt=R len=7
PKT t=23780 TX ua=95 mt=P len=0
PKT t=23789 RX ua=95 mt=R len=7
PKT t=23794 TX ua=95 mt=P len=0
PKT t=23803 RX ua=95 mt=R len=7
PKT t=23808 TX ua=95 mt=P len=0
PKT t=23837 RX ua=95 mt=R len=7
PKT t=23842 TX ua=95 mt=P len=0
PKT t=23851 RX ua=95 mt=R len=7
PKT t=23856 TX ua=95 mt=P len=0
PKT t=23865 RX ua=95 mt=R len=7
PKT t=23870 TX ua=95 mt=P len=0
PKT t=23879 RX ua=95 mt=R len=7
PKT t=23884 TX ua=95 mt=P len=0
PKT t=23893 RX ua=95 mt=R len=7
PKT t=23898 TX ua=95 mt=T len=7
PKT t=23910 TX ua=95 mt=P len=0
PKT t=23938 RX ua=95 mt=R len=7
PKT t=23943 TX ua=95 mt=P len=0
PKT t=23952 RX ua=95 mt=R len=7
PKT t=23957 TX ua=95 mt=P len=0
PKT t=23966 RX ua=95 mt=R len=7
PKT t=23971 TX ua=95 mt=P len=0
PKT t=23980 RX ua=95 mt=R len=7
PKT t=23985 TX ua=95 mt=P len=0
PKT t=23994 RX ua=95 mt=R len=7
PKT t=23999 TX ua=95 mt=P len=0
PKT t=24008 RX ua=95 mt=R len=7
PKT t=24016 TX ua=95 mt=P len=0
PKT t=24043 RX ua=95 mt=R len=7
PKT t=24096 TX ua=95 mt=P len=0
PKT t=24105 RX ua=95 mt=R len=7
PKT t=24110 TX ua=95 mt=P len=0
PKT t=24119 RX ua=95 mt=R len=7
PKT t=24124 TX ua=95 mt=P len=0
PKT t=24153 RX ua=95 mt=R len=7
PKT t=24158 TX ua=95 mt=T len=7
PKT t=24170 TX ua=95 mt=P len=0
PKT t=24179 RX ua=95 mt=R len=7
PKT t=24184 TX ua=95 mt=P len=0
PKT t=24193 RX ua=95 mt=R len=7
PKT t=24198 TX ua=95 mt=P len=0
PKT t=24207 RX ua=95 mt=R len=7
PKT t=24212 TX ua=95 mt=P len=0
PKT t=24221 RX ua=95 mt=R len=7
PKT t=24226 TX ua=95 mt=P len=0
PKT t=24255 RX ua=95 mt=R len=7
PKT t=24260 TX ua=95 mt=P len=0
PKT t=24269 RX ua=95 mt=R len=7
PKT t=24274 TX ua=95 mt=P len=0
PKT t=24283 RX ua=95 mt=R len=7
PKT t=24288 TX ua=95 mt=P len=0
PKT t=24297 RX ua=95 mt=R len=7
PKT t=24302 TX ua=95 mt=P len=0
PKT t=24311 RX ua=95 mt=R len=7
PKT t=24316 TX ua=95 mt=P len=0
PKT t=24325 RX ua=95 mt=R len=7
PKT t=24330 TX ua=95 mt=P len=0
PKT t=24359 RX ua=95 mt=R len=7
PKT t=24364 TX ua=95 mt=P len=0
PKT t=24373 RX ua=95 mt=R len=7
PKT t=24378 TX ua=95 mt=P len=0
PKT t=24387 RX ua=95 mt=R len=7
PKT t=24392 TX ua=95 mt=T len=7
PKT t=24404 TX ua=95 mt=P len=0
PKT t=24413 RX ua=95 mt=R len=7
PKT t=24418 TX ua=95 mt=P len=0
PKT t=24427 RX ua=95 mt=R len=7
PKT t=24432 TX ua=95 mt=P len=0
PKT t=24462 RX ua=95 mt=R len=7
PKT t=24466 TX ua=95 mt=P len=0
PKT t=24475 RX ua=95 mt=R len=7
PKT t=24480 TX ua=95 mt=P len=0
PKT t=24489 RX ua=95 mt=R len=7
PKT t=24494 TX ua=95 mt=P len=0
PKT t=24503 RX ua=95 mt=R len=7
PKT t=24508 TX ua=95 mt=P len=0
PKT t=24517 RX ua=95 mt=R len=7
PKT t=24522 TX ua=95 mt=P len=0
PKT t=24531 RX ua=95 mt=R len=7
PKT t=24536 TX ua=95 mt=P len=0
PKT t=24596 RX ua=95 mt=R len=7
PKT t=24601 TX ua=95 mt=P len=0
PKT t=24610 RX ua=95 mt=R len=7
PKT t=24615 TX ua=95 mt=P len=0
PKT t=24624 RX ua=95 mt=R len=7
PKT t=24629 TX ua=95 mt=P len=0
PKT t=24638 RX ua=95 mt=R len=7
PKT t=24643 TX ua=95 mt=T len=7
PKT t=24655 TX ua=95 mt=P len=0
PKT t=24674 RX ua=95 mt=R len=7
PKT t=24679 TX ua=95 mt=P len=0
PKT t=24688 RX ua=95 mt=R len=7
PKT t=24693 TX ua=95 mt=P len=0
PKT t=24702 RX ua=95 mt=R len=7
PKT t=24707 TX ua=95 mt=P len=0
PKT t=24716 RX ua=95 mt=R len=7
PKT t=24721 TX ua=95 mt=P len=0
PKT t=24730 RX ua=95 mt=R len=7
PKT t=24735 TX ua=95 mt=P len=0
PKT t=24744 RX ua=95 mt=R len=7
PKT t=24749 TX ua=95 mt=P len=0
PKT t=24778 RX ua=95 mt=R len=7
PKT t=24783 TX ua=95 mt=P len=0
PKT t=24792 RX ua=95 mt=R len=7
PKT t=24797 TX ua=95 mt=P len=0
PKT t=24806 RX ua=95 mt=R len=7
PKT t=24811 TX ua=95 mt=P len=0
PKT t=24820 RX ua=95 mt=R len=7
PKT t=24825 TX ua=95 mt=P len=0
PKT t=24834 RX ua=95 mt=R len=7
PKT t=24839 TX ua=95 mt=P len=0
PKT t=24848 RX ua=95 mt=R len=7
PKT t=24853 TX ua=95 mt=P len=0
PKT t=24882 RX ua=95 mt=R len=7
PKT t=24887 TX ua=95 mt=P len=0
PKT t=24896 RX ua=95 mt=R len=7
PKT t=24901 TX ua=95 mt=T len=7
PKT t=24913 TX ua=95 mt=P len=0
PKT t=24922 RX ua=95 mt=R len=7
PKT t=24927 TX ua=95 mt=P len=0
PKT t=24936 RX ua=95 mt=R len=7
PKT t=24941 TX ua=95 mt=P len=0
PKT t=24950 RX ua=95 mt=R len=7
PKT t=24955 TX ua=95 mt=P len=0
PKT t=24984 RX ua=95 mt=R len=7
PKT t=24989 TX ua=95 mt=P len=0
PKT t=24998 RX ua=95 mt=R len=7
PKT t=25003 TX ua=95 mt=P len=0
PKT t=25012 RX ua=95 mt=R len=7
PKT t=25017 TX ua=95 mt=P len=0
PKT t=25026 RX ua=95 mt=R len=7
PKT t=25031 TX ua=95 mt=P len=0
PKT t=25040 RX ua=95 mt=R len=7
PKT t=25045 TX ua=95 mt=P len=0
PKT t=25096 RX ua=95 mt=R len=7
PKT t=25351 TX ua=96 mt=P len=0
PKT t=25609 TX ua=95 mt=P len=0
PKT t=25619 RX ua=95 mt=R len=7
PKT t=25623 TX ua=95 mt=T len=7
PKT t=25635 TX ua=95 mt=P len=0
PKT t=25645 RX ua=95 mt=R len=7
PKT t=25650 TX ua=95 mt=T len=7
PKT t=25662 TX ua=95 mt=P len=0
PKT t=25690 RX ua=95 mt=R len=7
PKT t=25695 TX ua=95 mt=P len=0
PKT t=25704 RX ua=95 mt=R len=7
PKT t=25709 TX ua=95 mt=P len=0
PKT t=25718 RX ua=95 mt=R len=7
PKT t=25723 TX ua=95 mt=P len=0
PKT t=25732 RX ua=95 mt=R len=7
PKT t=25737 TX ua=95 mt=P len=0
PKT t=25746 RX ua=95 mt=R len=7
PKT t=25751 TX ua=95 mt=P len=0
PKT t=25760 RX ua=95 mt=R len=7
PKT t=25765 TX ua=95 mt=P len=0
PKT t=25794 RX ua=95 mt=R len=7
PKT t=25799 TX ua=95 mt=P len=0
PKT t=25808 RX ua=95 mt=R len=7
PKT t=25813 TX ua=95 mt=P len=0
PKT t=25822 RX ua=95 mt=R len=7
PKT t=25827 TX ua=95 mt=P len=0
PKT t=25836 RX ua=95 mt=R len=7
PKT t=25841 TX ua=95 mt=P len=0
PKT t=25850 RX ua=95 mt=R len=7
PKT t=25855 TX ua=95 mt=P len=0
PKT t=25864 RX ua=95 mt=R len=7
PKT t=25869 TX ua=95 mt=P len=0
PKT t=25898 RX ua=95 mt=R len=7
PKT t=25903 TX ua=95 mt=T len=7
PKT t=25915 TX ua=95 mt=P len=0
PKT t=25924 RX ua=95 mt=R len=7
PKT t=25929 TX ua=95 mt=P len=0
PKT t=25938 RX ua=95 mt=R len=7
PKT t=25943 TX ua=95 mt=P len=0
PKT t=25952 RX ua=95 mt=R len=7
PKT t=25957 TX ua=95 mt=P len=0
PKT t=25966 RX ua=95 mt=R len=7
PKT t=25971 TX ua=95 mt=P len=0
PKT t=26000 RX ua=95 mt=R len=7
PKT t=26005 TX ua=95 mt=P len=0
PKT t=26017 RX ua=95 mt=R len=7
PKT t=26022 TX ua=95 mt=P len=0
PKT t=26031 RX ua=95 mt=R len=7
PKT t=26036 TX ua=95 mt=P len=0
PKT t=26045 RX ua=95 mt=R len=7
PKT t=26096 TX ua=95 mt=P len=0
PKT t=26105 RX ua=95 mt=R len=7
PKT t=26110 TX ua=95 mt=P len=0
PKT t=26119 RX ua=95 mt=R len=7
PKT t=26124 TX ua=95 mt=P len=0
PKT t=26133 RX ua=95 mt=R len=7
PKT t=26138 TX ua=95 mt=P len=0
PKT t=26147 RX ua=95 mt=R len=7
PKT t=26152 TX ua=95 mt=T len=7
PKT t=26165 TX ua=95 mt=P len=0
PKT t=26174 RX ua=95 mt=R len=7
PKT t=26179 TX ua=95 mt=T len=7
PKT t=26192 TX ua=95 mt=P len=0
PKT t=26210 RX ua=95 mt=R len=7
PKT t=26215 TX ua=95 mt=P len=0
PKT t=26224 RX ua=95 mt=R len=7
PKT t=26229 TX ua=95 mt=P len=0
PKT t=26238 RX ua=95 mt=R len=7
PKT t=26243 TX ua=95 mt=P len=0
PKT t=26252 RX ua=95 mt=R len=7
PKT t=26257 TX ua=95 mt=P len=0
PKT t=26266 RX ua=95 mt=R len=7
PKT t=26271 TX ua=95 mt=P len=0
PKT t=26280 RX ua=95 mt=R len=7
PKT t=26285 TX ua=95 mt=P len=0
PKT t=26314 RX ua=95 mt=R len=7
PKT t=26319 TX ua=95 mt=P len=0
PKT t=26328 RX ua=95 mt=R len=7
PKT t=26333 TX ua=95 mt=P len=0
PKT t=26342 RX ua=95 mt=R len=7
PKT t=26347 TX ua=95 mt=P len=0
PKT t=26356 RX ua=95 mt=R len=7
PKT t=26361 TX ua=95 mt=P len=0
PKT t=26370 RX ua=95 mt=R len=7
PKT t=26375 TX ua=95 mt=P len=0
PKT t=26384 RX ua=95 mt=R len=7
PKT t=26389 TX ua=95 mt=T len=7
PKT t=26402 TX ua=95 mt=P len=0
PKT t=26420 RX ua=95 mt=R len=7
PKT t=26425 TX ua=95 mt=P len=0
PKT t=26434 RX ua=95 mt=R len=7
PKT t=26439 TX ua=95 mt=P len=0
PKT t=26448 RX ua=95 mt=R len=7
PKT t=26453 TX ua=95 mt=P len=0
PKT t=26462 RX ua=95 mt=R len=7
PKT t=26467 TX ua=95 mt=P len=0
PKT t=26476 RX ua=95 mt=R len=7
PKT t=26481 TX ua=95 mt=P len=0
PKT t=26490 RX ua=95 mt=R len=7
PKT t=26495 TX ua=95 mt=P len=0
PKT t=26524 RX ua=95 mt=R len=7
PKT t=26529 TX ua=95 mt=P len=0
PKT t=26538 RX ua=95 mt=R len=7
PKT t=26543 TX ua=95 mt=P len=0
PKT t=26596 RX ua=95 mt=R len=7
PKT t=26601 TX ua=95 mt=P len=0
PKT t=26624 RX ua=95 mt=R len=7
PKT t=26629 TX ua=95 mt=P len=0
PKT t=26638 RX ua=95 mt=R len=7
PKT t=26643 TX ua=95 mt=T len=7
PKT t=26656 TX ua=95 mt=P len=0
PKT t=26665 RX ua=95 mt=R len=7
PKT t=26670 TX ua=95 mt=P len=0
PKT t=26679 RX ua=95 mt=R len=7
PKT t=26684 TX ua=95 mt=P len=0
PKT t=26693 RX ua=95 mt=R len=7
PKT t=26698 TX ua=95 mt=P len=0
PKT t=26727 RX ua=95 mt=R len=7
PKT t=26732 TX ua=95 mt=P len=0
PKT t=26741 RX ua=95 mt=R len=7
PKT t=26746 TX ua=95 mt=P len=0
PKT t=26755 RX ua=95 mt=R len=7
PKT t=26760 TX ua=95 mt=P len=0
PKT t=26769 RX ua=95 mt=R len=7
PKT t=26774 TX ua=95 mt=P len=0
PKT t=26783 RX ua=95 mt=R len=7
PKT t=26788 TX ua=95 mt=P len=0
PKT t=26797 RX ua=95 mt=R len=7
PKT t=26802 TX ua=95 mt=P len=0
PKT t=26831 RX ua=95 mt=R len=7
PKT t=26836 TX ua=95 mt=P len=0
PKT t=26845 RX ua=95 mt=R len=7
PKT t=26850 TX ua=95 mt=P len=0
PKT t=26859 RX ua=95 mt=R len=7
PKT t=26864 TX ua=95 mt=P len=0
PKT t=26873 RX ua=95 mt=R len=7
PKT t=26878 TX ua=95 mt=P len=0
PKT t=26887 RX ua=95 mt=R len=7
PKT t=26892 TX ua=95 mt=T len=7
PKT t=26905 TX ua=95 mt=P len=0
PKT t=26932 RX ua=95 mt=R len=7
PKT t=26937 TX ua=95 mt=P len=0
PKT t=26946 RX ua=95 mt=R len=7
PKT t=26951 TX ua=95 mt=P len=0
PKT t=26960 RX ua=95 mt=R len=7
PKT t=26965 TX ua=95 mt=P len=0
PKT t=26974 RX ua=95 mt=R len=7
PKT t=26979 TX ua=95 mt=P len=0
PKT t=26988 RX ua=95 mt=R len=7
PKT t=26993 TX ua=95 mt=P len=0
PKT t=27002 RX ua=95 mt=R len=7
PKT t=27007 TX ua=95 mt=P len=0
PKT t=27036 RX ua=95 mt=R len=7
PKT t=27041 TX ua=95 mt=P len=0
PKT t=27096 RX ua=95 mt=R len=7
PKT t=27101 TX ua=95 mt=P len=0
PKT t=27110 RX ua=95 mt=R len=7
PKT t=27115 TX ua=95 mt=P len=0
PKT t=27144 RX ua=95 mt=R len=7
PKT t=27149 TX ua=95 mt=T len=7
PKT t=27161 TX ua=95 mt=P len=0
PKT t=27170 RX ua=95 mt=R len=7
PKT t=27175 TX ua=95 mt=P len=0
PKT t=27184 RX ua=95 mt=R len=7
PKT t=27189 TX ua=95 mt=P len=0
PKT t=27198 RX ua=95 mt=R len=7
PKT t=27203 TX ua=95 mt=P len=0
PKT t=27212 RX ua=95 mt=R len=7
PKT t=27217 TX ua=95 mt=P len=0
PKT t=27246 RX ua=95 mt=R len=7
PKT t=27251 TX ua=95 mt=P len=0
PKT t=27260 RX ua=95 mt=R len=7
PKT t=27265 TX ua=95 mt=P len=0
PKT t=27274 RX ua=95 mt=R len=7
PKT t=27279 TX ua=95 mt=P len=0
PKT t=27288 RX ua=95 mt=R len=7
PKT t=27293 TX ua=95 mt=P len=0
PKT t=27302 RX ua=95 mt=R len=7
PKT t=27307 TX ua=95 mt=P len=0
PKT t=27316 RX ua=95 mt=R len=7
PKT t=27321 TX ua=95 mt=P len=0
PKT t=27350 RX ua=95 mt=R len=7
PKT t=27355 TX ua=95 mt=P len=0
PKT t=27364 RX ua=95 mt=R len=7
PKT t=27369 TX ua=95 mt=P len=0
PKT t=27378 RX ua=95 mt=R len=7
PKT t=27383 TX ua=95 mt=P len=0
PKT t=27392 RX ua=95 mt=R len=7
PKT t=27397 TX ua=95 mt=T len=7
PKT t=27409 TX ua=95 mt=P len=0
PKT t=27419 RX ua=95 mt=R len=7
PKT t=27424 TX ua=95 mt=P len=0
PKT t=27453 RX ua=95 mt=R len=7
PKT t=27458 TX ua=95 mt=P len=0
PKT t=27468 RX ua=95 mt=R len=7
PKT t=27473 TX ua=95 mt=P len=0
PKT t=27483 RX ua=95 mt=R len=7
PKT t=27488 TX ua=95 mt=P len=0
PKT t=27498 RX ua=95 mt=R len=7
PKT t=27503 TX ua=95 mt=P len=0
PKT t=27513 RX ua=95 mt=R len=7
PKT t=27518 TX ua=95 mt=P len=0
PKT t=27528 RX ua=95 mt=R len=7
PKT t=27533 TX ua=95 mt=P len=0
PKT t=27596 RX ua=95 mt=R len=7
PKT t=27601 TX ua=95 mt=P len=0
PKT t=27611 RX ua=95 mt=R len=7
PKT t=27616 TX ua=95 mt=P len=0
PKT t=27626 RX ua=95 mt=R len=7
PKT t=27631 TX ua=95 mt=P len=0
PKT t=27661 RX ua=95 mt=R len=7
PKT t=27666 TX ua=95 mt=T len=7
PKT t=27678 TX ua=95 mt=P len=0
PKT t=27687 RX ua=95 mt=R len=7
PKT t=27692 TX ua=95 mt=P len=0
PKT t=27701 RX ua=95 mt=R len=7
PKT t=27706 TX ua=95 mt=P len=0
PKT t=27715 RX ua=95 mt=R len=7
PKT t=27720 TX ua=95 mt=P len=0
PKT t=27729 RX ua=95 mt=R len=7
PKT t=27734 TX ua=95 mt=P len=0
PKT t=27763 RX ua=95 mt=R len=7
PKT t=27768 TX ua=95 mt=P len=0
PKT t=27777 RX ua=95 mt=R len=7
PKT t=27782 TX ua=95 mt=P len=0
PKT t=27791 RX ua=95 mt=R len=7
PKT t=27796 TX ua=95 mt=P len=0
PKT t=27805 RX ua=95 mt=R len=7
PKT t=27810 TX ua=95 mt=P len=0
PKT t=27819 RX ua=95 mt=R len=7
PKT t=27824 TX ua=95 mt=P len=0
PKT t=27833 RX ua=95 mt=R len=7
PKT t=27838 TX ua=95 mt=P len=0
PKT t=27867 RX ua=95 mt=R len=7
PKT t=27872 TX ua=95 mt=P len=0
PKT t=27881 RX ua=95 mt=R len=7
PKT t=27886 TX ua=95 mt=P len=0
PKT t=27895 RX ua=95 mt=R len=7
PKT t=27900 TX ua=95 mt=T len=7
PKT t=27912 TX ua=95 mt=P len=0
PKT t=27921 RX ua=95 mt=R len=7
PKT t=27926 TX ua=95 mt=P len=0
PKT t=27935 RX ua=95 mt=R len=7
PKT t=27940 TX ua=95 mt=P len=0
PKT t=27969 RX ua=95 mt=R len=7
PKT t=27974 TX ua=95 mt=P len=0
PKT t=27983 RX ua=95 mt=R len=7
PKT t=27988 TX ua=95 mt=P len=0
PKT t=27997 RX ua=95 mt=R len=7
PKT t=28002 TX ua=95 mt=P len=0
PKT t=28011 RX ua=95 mt=R len=7
PKT t=28018 TX ua=95 mt=P len=0
PKT t=28027 RX ua=95 mt=R len=7
PKT t=28032 TX ua=95 mt=P len=0
PKT t=28041 RX ua=95 mt=R len=7
PKT t=28046 TX ua=95 mt=P len=0
PKT t=28096 RX ua=95 mt=R len=7
PKT t=28351 TX ua=96 mt=P len=0
PKT t=28609 TX ua=95 mt=P len=0
PKT t=28618 RX ua=95 mt=R len=7
PKT t=28623 TX ua=95 mt=T len=7
PKT t=28635 TX ua=95 mt=P len=0
PKT t=28644 RX ua=95 mt=R len=7
PKT t=28649 TX ua=95 mt=T len=7
PKT t=28661 TX ua=95 mt=P len=0
PKT t=28680 RX ua=95 mt=R len=7
PKT t=28685 TX ua=95 mt=P len=0
PKT t=28694 RX ua=95 mt=R len=7
PKT t=28699 TX ua=95 mt=P len=0
PKT t=28708 RX ua=95 mt=R len=7
PKT t=28713 TX ua=95 mt=P len=0
PKT t=28722 RX ua=95 mt=R len=7
PKT t=28727 TX ua=95 mt=P len=0
PKT t=28736 RX ua=95 mt=R len=7
PKT t=28741 TX ua=95 mt=P len=0
PKT t=28750 RX ua=95 mt=R len=7
PKT t=28755 TX ua=95 mt=P len=0
PKT t=28784 RX ua=95 mt=R len=7
PKT t=28789 TX ua=95 mt=P len=0
PKT t=28798 RX ua=95 mt=R len=7
PKT t=28803 TX ua=95 mt=P len=0
PKT t=28812 RX ua=95 mt=R len=7
PKT t=28817 TX ua=95 mt=P len=0
PKT t=28826 RX ua=95 mt=R len=7
PKT t=28831 TX ua=95 mt=P len=0
PKT t=28840 RX ua=95 mt=R len=7
PKT t=28845 TX ua=95 mt=P len=0
PKT t=28854 RX ua=95 mt=R len=7
PKT t=28859 TX ua=95 mt=P len=0
PKT t=28888 RX ua=95 mt=R len=7
PKT t=28893 TX ua=95 mt=T len=7
PKT t=28905 TX ua=95 mt=P len=0
PKT t=28914 RX ua=95 mt=R len=7
PKT t=28919 TX ua=95 mt=P len=0
PKT t=28928 RX ua=95 mt=R len=7
PKT t=28933 TX ua=95 mt=P len=0
PKT t=28943 RX ua=95 mt=R len=7
PKT t=28948 TX ua=95 mt=P len=0
PKT t=28957 RX ua=95 mt=R len=7
PKT t=28962 TX ua=95 mt=P len=0
PKT t=28991 RX ua=95 mt=R len=7
PKT t=28996 TX ua=95 mt=P len=0
PKT t=29005 RX ua=95 mt=R len=7
PKT t=29010 TX ua=95 mt=P len=0
PKT t=29019 RX ua=95 mt=R len=7
PKT t=29024 TX ua=95 mt=P len=0
PKT t=29033 RX ua=95 mt=R len=7
PKT t=29038 TX ua=95 mt=P len=0
PKT t=29096 RX ua=95 mt=R len=7
PKT t=29101 TX ua=95 mt=P len=0
PKT t=29110 RX ua=95 mt=R len=7
PKT t=29115 TX ua=95 mt=P len=0
PKT t=29124 RX ua=95 mt=R len=7
PKT t=29129 TX ua=95 mt=P len=0
PKT t=29138 RX ua=95 mt=R len=7
PKT t=29143 TX ua=95 mt=T len=7
PKT t=29156 TX ua=95 mt=P len=0
PKT t=29165 RX ua=95 mt=R len=7
PKT t=29170 TX ua=95 mt=P len=0
PKT t=29199 RX ua=95 mt=R len=7
PKT t=29204 TX ua=95 mt=P len=0
PKT t=29213 RX ua=95 mt=R len=7
PKT t=29218 TX ua=95 mt=P len=0
PKT t=29227 RX ua=95 mt=R len=7
PKT t=29232 TX ua=95 mt=P len=0
PKT t=29241 RX ua=95 mt=R len=7
PKT t=29246 TX ua=95 mt=P len=0
PKT t=29255 RX ua=95 mt=R len=7
PKT t=29260 TX ua=95 mt=P len=0
PKT t=29269 RX ua=95 mt=R len=7
PKT t=29274 TX ua=95 mt=P len=0
PKT t=29303 RX ua=95 mt=R len=7
PKT t=29308 TX ua=95 mt=P len=0
PKT t=29317 RX ua=95 mt=R len=7
PKT t=29322 TX ua=95 mt=P len=0
PKT t=29331 RX ua=95 mt=R len=7
PKT t=29336 TX ua=95 mt=P len=0
PKT t=29345 RX ua=95 mt=R len=7
PKT t=29350 TX ua=95 mt=P len=0
PKT t=29359 RX ua=95 mt=R len=7
PKT t=29364 TX ua=95 mt=P len=0
PKT t=29373 RX ua=95 mt=R len=7
PKT t=29378 TX ua=95 mt=P len=0
PKT t=29407 RX ua=95 mt=R len=7
PKT t=29412 TX ua=95 mt=T len=7
PKT t=29425 TX ua=95 mt=P len=0
PKT t=29435 RX ua=95 mt=R len=7
PKT t=29440 TX ua=95 mt=P len=0
PKT t=29450 RX ua=95 mt=R len=7
PKT t=29455 TX ua=95 mt=P len=0
PKT t=29465 RX ua=95 mt=R len=7
PKT t=29470 TX ua=95 mt=P len=0
PKT t=29480 RX ua=95 mt=R len=7
PKT t=29485 TX ua=95 mt=P len=0
PKT t=29514 RX ua=95 mt=R len=7
PKT t=29519 TX ua=95 mt=P len=0
PKT t=29529 RX ua=95 mt=R len=7
PKT t=29534 TX ua=95 mt=P len=0
PKT t=29544 RX ua=95 mt=R len=7
PKT t=29596 TX ua=95 mt=P len=0
PKT t=29614 RX ua=95 mt=R len=7
PKT t=29619 TX ua=95 mt=P len=0
PKT t=29629 RX ua=95 mt=R len=7
PKT t=29634 TX ua=95 mt=P len=0
PKT t=29644 RX ua=95 mt=R len=7
PKT t=29649 TX ua=95 mt=T len=7
PKT t=29662 TX ua=95 mt=P len=0
PKT t=29671 RX ua=95 mt=R len=7
PKT t=29676 TX ua=95 mt=P len=0
PKT t=29685 RX ua=95 mt=R len=7
PKT t=29690 TX ua=95 mt=P len=0
PKT t=29719 RX ua=95 mt=R len=7
PKT t=29724 TX ua=95 mt=P len=0
PKT t=29733 RX ua=95 mt=R len=7
PKT t=29738 TX ua=95 mt=P len=0
PKT t=29747 RX ua=95 mt=R len=7
PKT t=29752 TX ua=95 mt=P len=0
PKT t=29761 RX ua=95 mt=R len=7
PKT t=29766 TX ua=95 mt=P len=0
PKT t=29775 RX ua=95 mt=R len=7
PKT t=29780 TX ua=95 mt=P len=0
PKT t=29789 RX ua=95 mt=R len=7
PKT t=29794 TX ua=95 mt=P len=0
PKT t=29823 RX ua=95 mt=R len=7
PKT t=29828 TX ua=95 mt=P len=0
PKT t=29837 RX ua=95 mt=R len=7
PKT t=29842 TX ua=95 mt=P len=0
PKT t=29851 RX ua=95 mt=R len=7
PKT t=29856 TX ua=95 mt=P len=0
PKT t=29865 RX ua=95 mt=R len=7
PKT t=29870 TX ua=95 mt=P len=0
PKT t=29879 RX ua=95 mt=R len=7
PKT t=29884 TX ua=95 mt=P len=0
PKT t=29893 RX ua=95 mt=R len=7
PKT t=29898 TX ua=95 mt=T len=7
PKT t=29911 TX ua=95 mt=P len=0
PKT t=29929 RX ua=95 mt=R len=7
PKT t=29934 TX ua=95 mt=P len=0
PKT t=29943 RX ua=95 mt=R len=7
PKT t=29948 TX ua=95 mt=P len=0
PKT t=29957 RX ua=95 mt=R len=7
PKT t=29962 TX ua=95 mt=P len=0
PKT t=29971 RX ua=95 mt=R len=7
PKT t=29976 TX ua=95 mt=P len=0
PKT t=29985 RX ua=95 mt=R len=7
PKT t=29990 TX ua=95 mt=P len=0
PKT t=29999 RX ua=95 mt=R len=7
PKT t=30004 TX ua=95 mt=P len=0
PKT t=30033 RX ua=95 mt=R len=7
PKT t=30038 TX ua=95 mt=P len=0
PKT t=30096 RX ua=95 mt=R len=7
PKT t=30101 TX ua=95 mt=P len=0
PKT t=30138 RX ua=95 mt=R len=7
PKT t=30143 TX ua=95 mt=T len=7
PKT t=30155 TX ua=95 mt=P len=0
PKT t=30164 RX ua=95 mt=R len=7
PKT t=30169 TX ua=95 mt=P len=0
PKT t=30178 RX ua=95 mt=R len=7
PKT t=30183 TX ua=95 mt=P len=0
PKT t=30192 RX ua=95 mt=R len=7
PKT t=30197 TX ua=95 mt=P len=0
PKT t=30206 RX ua=95 mt=R len=7
PKT t=30211 TX ua=95 mt=P len=0
PKT t=30240 RX ua=95 mt=R len=7
PKT t=30245 TX ua=95 mt=P len=0
PKT t=30254 RX ua=95 mt=R len=7
PKT t=30259 TX ua=95 mt=P len=0
PKT t=30268 RX ua=95 mt=R len=7
PKT t=30273 TX ua=95 mt=P len=0
PKT t=30282 RX ua=95 mt=R len=7
PKT t=30287 TX ua=95 mt=P len=0
PKT t=30296 RX ua=95 mt=R len=7
PKT t=30301 TX ua=95 mt=P len=0
PKT t=30310 RX ua=95 mt=R len=7
PKT t=30315 TX ua=95 mt=P len=0
PKT t=30344 RX ua=95 mt=R len=7
PKT t=30349 TX ua=95 mt=P len=0
PKT t=30358 RX ua=95 mt=R len=7
PKT t=30363 TX ua=95 mt=P len=0
PKT t=30372 RX ua=95 mt=R len=7
PKT t=30377 TX ua=95 mt=P len=0
PKT t=30386 RX ua=95 mt=R len=7
PKT t=30391 TX ua=95 mt=T len=7
PKT t=30403 TX ua=95 mt=P len=0
PKT t=30412 RX ua=95 mt=R len=7
PKT t=30417 TX ua=95 mt=P len=0
PKT t=30446 RX ua=95 mt=R len=7
PKT t=30451 TX ua=95 mt=P len=0
PKT t=30460 RX ua=95 mt=R len=7
PKT t=30465 TX ua=95 mt=P len=0
PKT t=30474 RX ua=95 mt=R len=7
PKT t=30479 TX ua=95 mt=P len=0
PKT t=30488 RX ua=95 mt=R len=7
PKT t=30493 TX ua=95 mt=P len=0
PKT t=30502 RX ua=95 mt=R len=7
PKT t=30507 TX ua=95 mt=P len=0
PKT t=30516 RX ua=95 mt=R len=7
PKT t=30521 TX ua=95 mt=P len=0
PKT t=30596 RX ua=95 mt=R len=7
PKT t=30601 TX ua=95 mt=P len=0
PKT t=30610 RX ua=95 mt=R len=7
PKT t=30615 TX ua=95 mt=P len=0
PKT t=30624 RX ua=95 mt=R len=7
PKT t=30629 TX ua=95 mt=P len=0
PKT t=30658 RX ua=95 mt=R len=7
PKT t=30663 TX ua=95 mt=T len=7
PKT t=30675 TX ua=95 mt=P len=0
PKT t=30684 RX ua=95 mt=R len=7
PKT t=30689 TX ua=95 mt=P len=0
PKT t=30698 RX ua=95 mt=R len=7
PKT t=30703 TX ua=95 mt=P len=0
PKT t=30712 RX ua=95 mt=R len=7
PKT t=30717 TX ua=95 mt=P len=0
PKT t=30726 RX ua=95 mt=R len=7
PKT t=30731 TX ua=95 mt=P len=0
PKT t=30760 RX ua=95 mt=R len=7
PKT t=30765 TX ua=95 mt=P len=0
PKT t=30774 RX ua=95 mt=R len=7
PKT t=30779 TX ua=95 mt=P len=0
PKT t=30788 RX ua=95 mt=R len=7
PKT t=30793 TX ua=95 mt=P len=0
PKT t=30802 RX ua=95 mt=R len=7
PKT t=30807 TX ua=95 mt=P len=0
PKT t=30816 RX ua=95 mt=R len=7
PKT t=30821 TX ua=95 mt=P len=0
PKT t=30830 RX ua=95 mt=R len=7
PKT t=30835 TX ua=95 mt=P len=0
PKT t=30864 RX ua=95 mt=R len=7
PKT t=30869 TX ua=95 mt=P len=0
PKT t=30878 RX ua=95 mt=R len=7
PKT t=30883 TX ua=95 mt=P len=0
PKT t=30892 RX ua=95 mt=R len=7
PKT t=30897 TX ua=95 mt=T len=7
PKT t=30909 TX ua=95 mt=P len=0
PKT t=30918 RX ua=95 mt=R len=7
PKT t=30923 TX ua=95 mt=P len=0
PKT t=30932 RX ua=95 mt=R len=7
PKT t=30937 TX ua=95 mt=P len=0
PKT t=30966 RX ua=95 mt=R len=7
PKT t=30971 TX ua=95 mt=P len=0
PKT t=30980 RX ua=95 mt=R len=7
PKT t=30985 TX ua=95 mt=P len=0
PKT t=30994 RX ua=95 mt=R len=7
PKT t=30999 TX ua=95 mt=P len=0
PKT t=31008 RX ua=95 mt=R len=7
PKT t=31013 TX ua=95 mt=P len=0
PKT t=31022 RX ua=95 mt=R len=7
PKT t=31027 TX ua=95 mt=P len=0
PKT t=31036 RX ua=95 mt=R len=7
PKT t=31041 TX ua=95 mt=P len=0
PKT t=31096 RX ua=95 mt=R len=7
PKT t=31101 TX ua=95 mt=P len=0
PKT t=31110 RX ua=95 mt=R len=7
PKT t=31115 TX ua=95 mt=P len=0
PKT t=31124 RX ua=95 mt=R len=7
PKT t=31129 TX ua=95 mt=P len=0
PKT t=31138 RX ua=95 mt=R len=7
PKT t=31143 TX ua=95 mt=T len=7
PKT t=31155 TX ua=95 mt=P len=0
PKT t=31174 RX ua=95 mt=R len=7
PKT t=31179 TX ua=95 mt=P len=0
PKT t=31188 RX ua=95 mt=R len=7
PKT t=31193 TX ua=95 mt=P len=0
PKT t=31202 RX ua=95 mt=R len=7
PKT t=31207 TX ua=95 mt=P len=0
PKT t=31216 RX ua=95 mt=R len=7
PKT t=31221 TX ua=95 mt=P len=0
PKT t=31230 RX ua=95 mt=R len=7
PKT t=31235 TX ua=95 mt=P len=0
PKT t=31244 RX ua=95 mt=R len=7
PKT t=31249 TX ua=95 mt=P len=0
PKT t=31278 RX ua=95 mt=R len=7
PKT t=31283 TX ua=95 mt=P len=0
PKT t=31292 RX ua=95 mt=R len=7
PKT t=31297 TX ua=95 mt=P len=0
PKT t=31306 RX ua=95 mt=R len=7
PKT t=31311 TX ua=95 mt=P len=0
PKT t=31320 RX ua=95 mt=R len=7
PKT t=31325 TX ua=95 mt=P len=0
PKT t=31334 RX ua=95 mt=R len=7
PKT t=31339 TX ua=95 mt=P len=0
PKT t=31348 RX ua=95 mt=R len=7
PKT t=31353 TX ua=95 mt=P len=0
PKT t=31382 RX ua=95 mt=R len=7
PKT t=31387 TX ua=95 mt=P len=0
PKT t=31396 RX ua=95 mt=R len=7
PKT t=31401 TX ua=95 mt=T len=7
PKT t=31413 TX ua=95 mt=P len=0
PKT t=31423 RX ua=95 mt=R len=7
PKT t=31428 TX ua=95 mt=P len=0
PKT t=31438 RX ua=95 mt=R len=7
PKT t=31443 TX ua=95 mt=P len=0
PKT t=31453 RX ua=95 mt=R len=7
PKT t=31458 TX ua=95 mt=P len=0
PKT t=31487 RX ua=95 mt=R len=7
PKT t=31492 TX ua=95 mt=P len=0
PKT t=31502 RX ua=95 mt=R len=7
PKT t=31507 TX ua=95 mt=P len=0
PKT t=31517 RX ua=95 mt=R len=7
PKT t=31522 TX ua=95 mt=P len=0
PKT t=31532 RX ua=95 mt=R len=7
PKT t=31537 TX ua=95 mt=P len=0
PKT t=31596 RX ua=95 mt=R len=7
PKT t=31601 TX ua=95 mt=P len=0
PKT t=31611 RX ua=95 mt=R len=7
PKT t=31616 TX ua=95 mt=P len=0
PKT t=31626 RX ua=95 mt=R len=7
PKT t=31631 TX ua=95 mt=P len=0
PKT t=31641 RX ua=95 mt=R len=7
PKT t=31646 TX ua=95 mt=T len=7
PKT t=31658 TX ua=95 mt=P len=0
PKT t=31686 RX ua=95 mt=R len=7
PKT t=31691 TX ua=95 mt=P len=0
PKT t=31700 RX ua=95 mt=R len=7
PKT t=31705 TX ua=95 mt=P len=0
PKT t=31714 RX ua=95 mt=R len=7
PKT t=31719 TX ua=95 mt=P len=0
PKT t=31728 RX ua=95 mt=R len=7
PKT t=31733 TX ua=95 mt=P len=0
PKT t=31742 RX ua=95 mt=R len=7
PKT t=31747 TX ua=95 mt=P len=0
PKT t=31756 RX ua=95 mt=R len=7
PKT t=31761 TX ua=95 mt=P len=0
PKT t=31790 RX ua=95 mt=R len=7
PKT t=31795 TX ua=95 mt=P len=0
PKT t=31804 RX ua=95 mt=R len=7
PKT t=31809 TX ua=95 mt=P len=0
PKT t=31818 RX ua=95 mt=R len=7
PKT t=31823 TX ua=95 mt=P len=0
PKT t=31832 RX ua=95 mt=R len=7
PKT t=31837 TX ua=95 mt=P len=0
PKT t=31846 RX ua=95 mt=R len=7
PKT t=31851 TX ua=95 mt=P len=0
PKT t=31860 RX ua=95 mt=R len=7
PKT t=31865 TX ua=95 mt=P len=0
PKT t=31894 RX ua=95 mt=R len=7
PKT t=31899 TX ua=95 mt=T len=7
PKT t=31911 TX ua=95 mt=P len=0
PKT t=31920 RX ua=95 mt=R len=7
PKT t=31925 TX ua=95 mt=P len=0
PKT t=31934 RX ua=95 mt=R len=7
PKT t=31939 TX ua=95 mt=P len=0
PKT t=31948 RX ua=95 mt=R len=7
PKT t=31953 TX ua=95 mt=P len=0
PKT t=31962 RX ua=95 mt=R len=7
PKT t=31967 TX ua=95 mt=P len=0
PKT t=31996 RX ua=95 mt=R len=7
PKT t=32001 TX ua=95 mt=P len=0
PKT t=32010 RX ua=95 mt=R len=7
PKT t=32015 TX ua=95 mt=P len=0
PKT t=32024 RX ua=95 mt=R len=7
PKT t=32029 TX ua=95 mt=P len=0
PKT t=32038 RX ua=95 mt=R len=7
PKT t=32043 TX ua=95 mt=P len=0
PKT t=32096 RX ua=95 mt=R len=7
PKT t=32101 TX ua=95 mt=P len=0
PKT t=32110 RX ua=95 mt=R len=7
PKT t=32115 TX ua=95 mt=P len=0
PKT t=32124 RX ua=95 mt=R len=7
PKT t=32129 TX ua=95 mt=P len=0
PKT t=32138 RX ua=95 mt=R len=7
PKT t=32143 TX ua=95 mt=T len=7
PKT t=32155 TX ua=95 mt=P len=0
PKT t=32164 RX ua=95 mt=R len=7
PKT t=32169 TX ua=95 mt=P len=0
PKT t=32198 RX ua=95 mt=R len=7
PKT t=32203 TX ua=95 mt=P len=0
PKT t=32212 RX ua=95 mt=R len=7
PKT t=32217 TX ua=95 mt=P len=0
PKT t=32226 RX ua=95 mt=R len=7
PKT t=32231 TX ua=95 mt=P len=0
PKT t=32240 RX ua=95 mt=R len=7
PKT t=32245 TX ua=95 mt=P len=0
PKT t=32254 RX ua=95 mt=R len=7
PKT t=32259 TX ua=95 mt=P len=0
PKT t=32268 RX ua=95 mt=R len=7
PKT t=32273 TX ua=95 mt=P len=0
PKT t=32303 RX ua=95 mt=R len=7
PKT t=32308 TX ua=95 mt=P len=0
PKT t=32317 RX ua=95 mt=R len=7
PKT t=32322 TX ua=95 mt=P len=0
PKT t=32331 RX ua=95 mt=R len=7
PKT t=32336 TX ua=95 mt=P len=0
PKT t=32345 RX ua=95 mt=R len=7
PKT t=32350 TX ua=95 mt=P len=0
PKT t=32359 RX ua=95 mt=R len=7
PKT t=32364 TX ua=95 mt=P len=0
PKT t=32373 RX ua=95 mt=R len=7
PKT t=32378 TX ua=95 mt=P len=0
PKT t=32407 RX ua=95 mt=R len=7
PKT t=32412 TX ua=95 mt=T len=7
PKT t=32424 TX ua=95 mt=P len=0
PKT t=32433 RX ua=95 mt=R len=7
PKT t=32438 TX ua=95 mt=P len=0
PKT t=32447 RX ua=95 mt=R len=7
PKT t=32452 TX ua=95 mt=P len=0
PKT t=32461 RX ua=95 mt=R len=7
PKT t=32466 TX ua=95 mt=P len=0
PKT t=32475 RX ua=95 mt=R len=7
PKT t=32480 TX ua=95 mt=P len=0
PKT t=32509 RX ua=95 mt=R len=7
PKT t=32514 TX ua=95 mt=P len=0
PKT t=32523 RX ua=95 mt=R len=7
PKT t=32528 TX ua=95 mt=P len=0
PKT t=32537 RX ua=95 mt=R len=7
PKT t=32542 TX ua=95 mt=P len=0
PKT t=32596 RX ua=95 mt=R len=7
PKT t=32601 TX ua=95 mt=P len=0
PKT t=32610 RX ua=95 mt=R len=7
PKT t=32615 TX ua=95 mt=P len=0
PKT t=32624 RX ua=95 mt=R len=7
PKT t=32629 TX ua=95 mt=P len=0
PKT t=32638 RX ua=95 mt=R len=7
PKT t=32643 TX ua=95 mt=T len=7
PKT t=32655 TX ua=95 mt=P len=0
PKT t=32664 RX ua=95 mt=R len=7
PKT t=32669 TX ua=95 mt=P len=0
PKT t=32678 RX ua=95 mt=R len=7
PKT t=32683 TX ua=95 mt=P len=0
PKT t=32712 RX ua=95 mt=R len=7
PKT t=32717 TX ua=95 mt=P len=0
PKT t=32726 RX ua=95 mt=R len=7
PKT t=32731 TX ua=95 mt=P len=0
PKT t=32740 RX ua=95 mt=R len=7
PKT t=32745 TX ua=95 mt=P len=0
PKT t=32754 RX ua=95 mt=R len=7
PKT t=32759 TX ua=95 mt=P len=0
PKT t=32768 RX ua=95 mt=R len=7
PKT t=32773 TX ua=95 mt=P len=0
PKT t=32782 RX ua=95 mt=R len=7
PKT t=32787 TX ua=95 mt=P len=0
PKT t=32816 RX ua=95 mt=R len=7
PKT t=32821 TX ua=95 mt=P len=0
PKT t=32830 RX ua=95 mt=R len=7
PKT t=32835 TX ua=95 mt=P len=0
PKT t=32844 RX ua=95 mt=R len=7
PKT t=32849 TX ua=95 mt=P len=0
PKT t=32858 RX ua=95 mt=R len=7
PKT t=32863 TX ua=95 mt=P len=0
PKT t=32872 RX ua=95 mt=R len=7
PKT t=32877 TX ua=95 mt=P len=0
PKT t=32886 RX ua=95 mt=R len=7
PKT t=32891 TX ua=95 mt=T len=7
PKT t=32903 TX ua=95 mt=P len=0
PKT t=32922 RX ua=95 mt=R len=7
PKT t=32927 TX ua=95 mt=P len=0
PKT t=32936 RX ua=95 mt=R len=7
PKT t=32941 TX ua=95 mt=P len=0
PKT t=32950 RX ua=95 mt=R len=7
PKT t=32955 TX ua=95 mt=P len=0
PKT t=32964 RX ua=95 mt=R len=7
PKT t=32969 TX ua=95 mt=P len=0
PKT t=32978 RX ua=95 mt=R len=7
PKT t=32983 TX ua=95 mt=P len=0
PKT t=32992 RX ua=95 mt=R len=7
PKT t=32997 TX ua=95 mt=P len=0
PKT t=33026 RX ua=95 mt=R len=7
PKT t=33031 TX ua=95 mt=P len=0
PKT t=33040 RX ua=95 mt=R len=7
PKT t=33045 TX ua=95 mt=P len=0
PKT t=33096 RX ua=95 mt=R len=7
PKT t=33351 TX ua=96 mt=P len=0
PKT t=33609 TX ua=95 mt=P len=0
PKT t=33618 RX ua=95 mt=R len=7
PKT t=33623 TX ua=95 mt=T len=7
PKT t=33635 TX ua=95 mt=P len=0
PKT t=33645 RX ua=95 mt=R len=7
PKT t=33650 TX ua=95 mt=T len=7
PKT t=33662 TX ua=95 mt=P len=0
PKT t=33671 RX ua=95 mt=R len=7
PKT t=33676 TX ua=95 mt=P len=0
PKT t=33685 RX ua=95 mt=R len=7
PKT t=33690 TX ua=95 mt=P len=0
PKT t=33699 RX ua=95 mt=R len=7
PKT t=33704 TX ua=95 mt=P len=0
PKT t=33733 RX ua=95 mt=R len=7
PKT t=33738 TX ua=95 mt=P len=0
PKT t=33747 RX ua=95 mt=R len=7
PKT t=33752 TX ua=95 mt=P len=0
PKT t=33761 RX ua=95 mt=R len=7
PKT t=33766 TX ua=95 mt=P len=0
PKT t=33775 RX ua=95 mt=R len=7
PKT t=33780 TX ua=95 mt=P len=0
PKT t=33789 RX ua=95 mt=R len=7
PKT t=33794 TX ua=95 mt=P len=0
PKT t=33803 RX ua=95 mt=R len=7
PKT t=33808 TX ua=95 mt=P len=0
PKT t=33837 RX ua=95 mt=R len=7
PKT t=33842 TX ua=95 mt=P len=0
PKT t=33851 RX ua=95 mt=R len=7
PKT t=33856 TX ua=95 mt=P len=0
PKT t=33865 RX ua=95 mt=R len=7
PKT t=33870 TX ua=95 mt=P len=0
PKT t=33879 RX ua=95 mt=R len=7
PKT t=33884 TX ua=95 mt=P len=0
PKT t=33893 RX ua=95 mt=R len=7
PKT t=33898 TX ua=95 mt=T len=7
PKT t=33910 TX ua=95 mt=P len=0
PKT t=33938 RX ua=95 mt=R len=7
PKT t=33943 TX ua=95 mt=P len=0
PKT t=33952 RX ua=95 mt=R len=7
PKT t=33957 TX ua=95 mt=P len=0
PKT t=33966 RX ua=95 mt=R len=7
PKT t=33971 TX ua=95 mt=P len=0
PKT t=33980 RX ua=95 mt=R len=7
PKT t=33985 TX ua=95 mt=P len=0
PKT t=33994 RX ua=95 mt=R len=7
PKT t=33999 TX ua=95 mt=P len=0
PKT t=34008 RX ua=95 mt=R len=7
PKT t=34013 TX ua=95 mt=P len=0
PKT t=34042 RX ua=95 mt=R len=7
PKT t=34047 TX ua=95 mt=P len=0
PKT t=34097 RX ua=95 mt=R len=7
PKT t=34352 TX ua=96 mt=P len=0
PKT t=34610 TX ua=95 mt=P len=0
PKT t=34619 RX ua=95 mt=R len=7
PKT t=34624 TX ua=95 mt=T len=7
PKT t=34637 TX ua=95 mt=P len=0
PKT t=34646 RX ua=95 mt=R len=7
PKT t=34651 TX ua=95 mt=T len=7
PKT t=34664 TX ua=95 mt=P len=0
PKT t=34673 RX ua=95 mt=R len=7
PKT t=34678 TX ua=95 mt=P len=0
PKT t=34687 RX ua=95 mt=R len=7
PKT t=34692 TX ua=95 mt=P len=0
PKT t=34701 RX ua=95 mt=R len=7
PKT t=34706 TX ua=95 mt=P len=0
PKT t=34715 RX ua=95 mt=R len=7
PKT t=34720 TX ua=95 mt=P len=0
PKT t=34749 RX ua=95 mt=R len=7
PKT t=34754 TX ua=95 mt=P len=0
PKT t=34763 RX ua=95 mt=R len=7
PKT t=34768 TX ua=95 mt=P len=0
PKT t=34777 RX ua=95 mt=R len=7
PKT t=34782 TX ua=95 mt=P len=0
PKT t=34791 RX ua=95 mt=R len=7
PKT t=34796 TX ua=95 mt=P len=0
PKT t=34805 RX ua=95 mt=R len=7
PKT t=34810 TX ua=95 mt=P len=0
PKT t=34819 RX ua=95 mt=R len=7
PKT t=34824 TX ua=95 mt=P len=0
PKT t=34853 RX ua=95 mt=R len=7
PKT t=34858 TX ua=95 mt=P len=0
PKT t=34867 RX ua=95 mt=R len=7
PKT t=34872 TX ua=95 mt=P len=0
PKT t=34881 RX ua=95 mt=R len=7
PKT t=34886 TX ua=95 mt=P len=0
PKT t=34895 RX ua=95 mt=R len=7
PKT t=34900 TX ua=95 mt=T len=7
PKT t=34913 TX ua=95 mt=P len=0
PKT t=34922 RX ua=95 mt=R len=7
PKT t=34927 TX ua=95 mt=P len=0
PKT t=34956 RX ua=95 mt=R len=7
PKT t=34961 TX ua=95 mt=P len=0
PKT t=34970 RX ua=95 mt=R len=7
PKT t=34975 TX ua=95 mt=P len=0
PKT t=34984 RX ua=95 mt=R len=7
PKT t=34989 TX ua=95 mt=P len=0
PKT t=34998 RX ua=95 mt=R len=7
PKT t=35003 TX ua=95 mt=P len=0
PKT t=35012 RX ua=95 mt=R len=7
PKT t=35017 TX ua=95 mt=P len=0
PKT t=35026 RX ua=95 mt=R len=7
PKT t=35031 TX ua=95 mt=P len=0
PKT t=35096 RX ua=95 mt=R len=7
PKT t=35101 TX ua=95 mt=P len=0
PKT t=35110 RX ua=95 mt=R len=7
PKT t=35115 TX ua=95 mt=P len=0
PKT t=35124 RX ua=95 mt=R len=7
PKT t=35129 TX ua=95 mt=P len=0
PKT t=35159 RX ua=95 mt=R len=7
PKT t=35164 TX ua=95 mt=T len=7
PKT t=35176 TX ua=95 mt=P len=0
PKT t=35185 RX ua=95 mt=R len=7
PKT t=35190 TX ua=95 mt=P len=0
PKT t=35199 RX ua=95 mt=R len=7
PKT t=35204 TX ua=95 mt=P len=0
PKT t=35213 RX ua=95 mt=R len=7
PKT t=35218 TX ua=95 mt=P len=0
PKT t=35227 RX ua=95 mt=R len=7
PKT t=35232 TX ua=95 mt=P len=0
PKT t=35261 RX ua=95 mt=R len=7
PKT t=35266 TX ua=95 mt=P len=0
PKT t=35275 RX ua=95 mt=R len=7
PKT t=35280 TX ua=95 mt=P len=0
PKT t=35289 RX ua=95 mt=R len=7
PKT t=35294 TX ua=95 mt=P len=0
PKT t=35303 RX ua=95 mt=R len=7
PKT t=35308 TX ua=95 mt=P len=0
PKT t=35317 RX ua=95 mt=R len=7
PKT t=35322 TX ua=95 mt=P len=0
PKT t=35331 RX ua=95 mt=R len=7
PKT t=35336 TX ua=95 mt=P len=0
PKT t=35365 RX ua=95 mt=R len=7
PKT t=35370 TX ua=95 mt=P len=0
PKT t=35379 RX ua=95 mt=R len=7
PKT t=35384 TX ua=95 mt=P len=0
PKT t=35393 RX ua=95 mt=R len=7
PKT t=35398 TX ua=95 mt=T len=7
PKT t=35410 TX ua=95 mt=P len=0
PKT t=35420 RX ua=95 mt=R len=7
PKT t=35425 TX ua=95 mt=P len=0
PKT t=35435 RX ua=95 mt=R len=7
PKT t=35440 TX ua=95 mt=P len=0
PKT t=35469 RX ua=95 mt=R len=7
PKT t=35474 TX ua=95 mt=P len=0
PKT t=35484 RX ua=95 mt=R len=7
PKT t=35489 TX ua=95 mt=P len=0
PKT t=35499 RX ua=95 mt=R len=7
PKT t=35504 TX ua=95 mt=P len=0
PKT t=35514 RX ua=95 mt=R len=7
PKT t=35519 TX ua=95 mt=P len=0
PKT t=35529 RX ua=95 mt=R len=7
PKT t=35534 TX ua=95 mt=P len=0
PKT t=35544 RX ua=95 mt=R len=7
PKT t=35596 TX ua=95 mt=P len=0
PKT t=35606 RX ua=95 mt=R len=7
PKT t=35611 TX ua=95 mt=P len=0
PKT t=35621 RX ua=95 mt=R len=7
PKT t=35626 TX ua=95 mt=P len=0
PKT t=35636 RX ua=95 mt=R len=7
PKT t=35641 TX ua=95 mt=T len=7
PKT t=35653 TX ua=95 mt=P len=0
PKT t=35681 RX ua=95 mt=R len=7
PKT t=35686 TX ua=95 mt=P len=0
PKT t=35695 RX ua=95 mt=R len=7
PKT t=35700 TX ua=95 mt=P len=0
PKT t=35709 RX ua=95 mt=R len=7
PKT t=35714 TX ua=95 mt=P len=0
PKT t=35724 RX ua=95 mt=R len=7
PKT t=35729 TX ua=95 mt=P len=0
PKT t=35738 RX ua=95 mt=R len=7
PKT t=35743 TX ua=95 mt=P len=0
PKT t=35752 RX ua=95 mt=R len=7
PKT t=35757 TX ua=95 mt=P len=0
PKT t=35787 RX ua=95 mt=R len=7
PKT t=35792 TX ua=95 mt=P len=0
PKT t=35801 RX ua=95 mt=R len=7
PKT t=35806 TX ua=95 mt=P len=0
PKT t=35815 RX ua=95 mt=R len=7
PKT t=35820 TX ua=95 mt=P len=0
PKT t=35829 RX ua=95 mt=R len=7
PKT t=35834 TX ua=95 mt=P len=0
PKT t=35844 RX ua=95 mt=R len=7
PKT t=35849 TX ua=95 mt=P len=0
PKT t=35858 RX ua=95 mt=R len=7
PKT t=35863 TX ua=95 mt=P len=0
PKT t=35892 RX ua=95 mt=R len=7
PKT t=35897 TX ua=95 mt=T len=7
PKT t=35909 TX ua=95 mt=P len=0
PKT t=35918 RX ua=95 mt=R len=7
PKT t=35923 TX ua=95 mt=P len=0
PKT t=35932 RX ua=95 mt=R len=7
PKT t=35937 TX ua=95 mt=P len=0
PKT t=35946 RX ua=95 mt=R len=7
PKT t=35951 TX ua=95 mt=P len=0
PKT t=35960 RX ua=95 mt=R len=7
PKT t=35965 TX ua=95 mt=P len=0
PKT t=35994 RX ua=95 mt=R len=7
PKT t=35999 TX ua=95 mt=P len=0
PKT t=36008 RX ua=95 mt=R len=7
PKT t=36013 TX ua=95 mt=P len=0
PKT t=36022 RX ua=95 mt=R len=7
PKT t=36027 TX ua=95 mt=P len=0
PKT t=36036 RX ua=95 mt=R len=7
PKT t=36041 TX ua=95 mt=P len=0
PKT t=36096 RX ua=95 mt=R len=7
PKT t=36101 TX ua=95 mt=P len=0
PKT t=36110 RX ua=95 mt=R len=7
PKT t=36115 TX ua=95 mt=P len=0
PKT t=36124 RX ua=95 mt=R len=7
PKT t=36129 TX ua=95 mt=P len=0
PKT t=36138 RX ua=95 mt=R len=7
PKT t=36143 TX ua=95 mt=T len=7
PKT t=36155 TX ua=95 mt=P len=0
PKT t=36164 RX ua=95 mt=R len=7
PKT t=36169 TX ua=95 mt=P len=0
PKT t=36198 RX ua=95 mt=R len=7
PKT t=36203 TX ua=95 mt=P len=0
PKT t=36212 RX ua=95 mt=R len=7
PKT t=36217 TX ua=95 mt=P len=0
PKT t=36226 RX ua=95 mt=R len=7
PKT t=36231 TX ua=95 mt=P len=0
PKT t=36240 RX ua=95 mt=R len=7
PKT t=36245 TX ua=95 mt=P len=0
PKT t=36254 RX ua=95 mt=R len=7
PKT t=36259 TX ua=95 mt=P len=0
PKT t=36268 RX ua=95 mt=R len=7
PKT t=36273 TX ua=95 mt=P len=0
PKT t=36302 RX ua=95 mt=R len=7
PKT t=36307 TX ua=95 mt=P len=0
PKT t=36317 RX ua=95 mt=R len=7
PKT t=36321 TX ua=95 mt=P len=0
PKT t=36330 RX ua=95 mt=R len=7
PKT t=36335 TX ua=95 mt=P len=0
PKT t=36344 RX ua=95 mt=R len=7
PKT t=36349 TX ua=95 mt=P len=0
PKT t=36358 RX ua=95 mt=R len=7
PKT t=36363 TX ua=95 mt=P len=0
PKT t=36372 RX ua=95 mt=R len=7
PKT t=36377 TX ua=95 mt=P len=0
PKT t=36406 RX ua=95 mt=R len=7
PKT t=36411 TX ua=95 mt=T len=7
PKT t=36423 TX ua=95 mt=P len=0
PKT t=36432 RX ua=95 mt=R len=7
PKT t=36437 TX ua=95 mt=P len=0
PKT t=36447 RX ua=95 mt=R len=7
PKT t=36452 TX ua=95 mt=P len=0
PKT t=36461 RX ua=95 mt=R len=7
PKT t=36466 TX ua=95 mt=P len=0
PKT t=36475 RX ua=95 mt=R len=7
PKT t=36480 TX ua=95 mt=P len=0
PKT t=36509 RX ua=95 mt=R len=7
PKT t=36514 TX ua=95 mt=P len=0
PKT t=36523 RX ua=95 mt=R len=7
PKT t=36528 TX ua=95 mt=P len=0
PKT t=36537 RX ua=95 mt=R len=7
PKT t=36542 TX ua=95 mt=P len=0
PKT t=36596 RX ua=95 mt=R len=7
PKT t=36601 TX ua=95 mt=P len=0
PKT t=36610 RX ua=95 mt=R len=7
PKT t=36615 TX ua=95 mt=P len=0
PKT t=36624 RX ua=95 mt=R len=7
PKT t=36629 TX ua=95 mt=P len=0
PKT t=36638 RX ua=95 mt=R len=7
PKT t=36643 TX ua=95 mt=T len=7
PKT t=36655 TX ua=95 mt=P len=0
PKT t=36664 RX ua=95 mt=R len=7
PKT t=36669 TX ua=95 mt=P len=0
PKT t=36678 RX ua=95 mt=R len=7
PKT t=36683 TX ua=95 mt=P len=0
PKT t=36712 RX ua=95 mt=R len=7
PKT t=36717 TX ua=95 mt=P len=0
PKT t=36726 RX ua=95 mt=R len=7
PKT t=36731 TX ua=95 mt=P len=0
PKT t=36740 RX ua=95 mt=R len=7
PKT t=36745 TX ua=95 mt=P len=0
PKT t=36754 RX ua=95 mt=R len=7
PKT t=36759 TX ua=95 mt=P len=0
PKT t=36768 RX ua=95 mt=R len=7
PKT t=36773 TX ua=95 mt=P len=0
PKT t=36782 RX ua=95 mt=R len=7
PKT t=36787 TX ua=95 mt=P len=0
PKT t=36816 RX ua=95 mt=R len=7
PKT t=36821 TX ua=95 mt=P len=0
PKT t=36830 RX ua=95 mt=R len=7
PKT t=36835 TX ua=95 mt=P len=0
PKT t=36844 RX ua=95 mt=R len=7
PKT t=36849 TX ua=95 mt=P len=0
PKT t=36858 RX ua=95 mt=R len=7
PKT t=36863 TX ua=95 mt=P len=0
PKT t=36872 RX ua=95 mt=R len=7
PKT t=36877 TX ua=95 mt=P len=0
PKT t=36886 RX ua=95 mt=R len=7
PKT t=36891 TX ua=95 mt=T len=7
PKT t=36903 TX ua=95 mt=P len=0
PKT t=36922 RX ua=95 mt=R len=7
PKT t=36927 TX ua=95 mt=P len=0
PKT t=36936 RX ua=95 mt=R len=7
PKT t=36941 TX ua=95 mt=P len=0
PKT t=36950 RX ua=95 mt=R len=7
PKT t=36955 TX ua=95 mt=P len=0
PKT t=36964 RX ua=95 mt=R len=7
PKT t=36969 TX ua=95 mt=P len=0
PKT t=36978 RX ua=95 mt=R len=7
PKT t=36983 TX ua=95 mt=P len=0
PKT t=36992 RX ua=95 mt=R len=7
PKT t=36997 TX ua=95 mt=P len=0
PKT t=37026 RX ua=95 mt=R len=7
PKT t=37031 TX ua=95 mt=P len=0
PKT t=37040 RX ua=95 mt=R len=7
PKT t=37045 TX ua=95 mt=P len=0
PKT t=37096 RX ua=95 mt=R len=7
