PKT t=7160 RX ua=95 mt=R len=7
PKT t=7165 TX ua=95 mt=P len=0
PKT t=7174 RX ua=95 mt=R len=7
PKT t=7179 TX ua=95 mt=P len=0
PKT t=7236 RX ua=95 mt=R len=7
PKT t=7241 TX ua=95 mt=P len=0
PKT t=7259 RX ua=95 mt=R len=7
PKT t=7264 TX ua=95 mt=P len=0
PKT t=7273 RX ua=95 mt=R len=7
PKT t=7278 TX ua=95 mt=T len=7
PKT t=7290 TX ua=95 mt=P len=0
PKT t=7299 RX ua=95 mt=R len=7
PKT t=7304 TX ua=95 mt=P len=0
PKT t=7313 RX ua=95 mt=R len=7
PKT t=7318 TX ua=95 mt=P len=0
PKT t=7376 RX ua=95 mt=R len=7
PKT t=7381 TX ua=95 mt=T len=7
PKT t=7393 TX ua=95 mt=P len=0
PKT t=7402 RX ua=95 mt=R len=7
PKT t=7407 TX ua=95 mt=P len=0
PKT t=7416 RX ua=95 mt=R len=7
PKT t=7421 TX ua=95 mt=P len=0
PKT t=7430 RX ua=95 mt=R len=7
PKT t=7435 TX ua=95 mt=P len=0
PKT t=7464 RX ua=95 mt=R len=7
PKT t=7516 TX ua=95 mt=P len=0
PKT t=7525 RX ua=95 mt=R len=7
PKT t=7530 TX ua=95 mt=P len=0
PKT t=7565 RX ua=95 mt=R len=7
PKT t=7570 TX ua=95 mt=P len=0
PKT t=7579 RX ua=95 mt=R len=7
PKT t=7584 TX ua=95 mt=P len=0
PKT t=7593 RX ua=95 mt=R len=7
PKT t=7598 TX ua=95 mt=P len=0
PKT t=7656 RX ua=95 mt=R len=7
PKT t=7661 TX ua=95 mt=T len=7
PKT t=7673 TX ua=95 mt=P len=0
PKT t=7682 RX ua=95 mt=R len=7
PKT t=7687 TX ua=95 mt=P len=0
PKT t=7696 RX ua=95 mt=R len=7
PKT t=7701 TX ua=95 mt=P len=0
PKT t=7710 RX ua=95 mt=R len=7
PKT t=7715 TX ua=95 mt=P len=0
PKT t=7724 RX ua=95 mt=R len=7
PKT t=7729 TX ua=95 mt=P len=0
PKT t=7738 RX ua=95 mt=R len=7
PKT t=7743 TX ua=95 mt=P len=0
PKT t=7796 RX ua=95 mt=R len=7
PKT t=7801 TX ua=95 mt=P len=0
PKT t=7810 RX ua=95 mt=R len=7
PKT t=7815 TX ua=95 mt=P len=0
PKT t=7824 RX ua=95 mt=R len=7
PKT t=7829 TX ua=95 mt=P len=0
PKT t=7838 RX ua=95 mt=R len=7
PKT t=7843 TX ua=95 mt=P len=0
PKT t=7872 RX ua=95 mt=R len=7
PKT t=7877 TX ua=95 mt=P len=0
PKT t=7886 RX ua=95 mt=R len=7
PKT t=7936 TX ua=95 mt=P len=0
PKT t=7945 RX ua=95 mt=R len=7
PKT t=7950 TX ua=95 mt=T len=7
PKT t=7962 TX ua=95 mt=P len=0
PKT t=7981 RX ua=95 mt=R len=7
PKT t=7986 TX ua=95 mt=P len=0
PKT t=7995 RX ua=95 mt=R len=7
PKT t=8000 TX ua=95 mt=P len=0
PKT t=8009 RX ua=95 mt=R len=7
PKT t=8014 TX ua=95 mt=P len=0
PKT t=8023 RX ua=95 mt=R len=7
PKT t=8076 TX ua=95 mt=P len=0
PKT t=8085 RX ua=95 mt=R len=7
PKT t=8090 TX ua=95 mt=P len=0
PKT t=8099 RX ua=95 mt=R len=7
PKT t=8104 TX ua=95 mt=P len=0
PKT t=8113 RX ua=95 mt=R len=7
PKT t=8118 TX ua=95 mt=P len=0
PKT t=8127 RX ua=95 mt=R len=7
PKT t=8132 TX ua=95 mt=P len=0
PKT t=8141 RX ua=95 mt=R len=7
PKT t=8146 TX ua=95 mt=P len=0
PKT t=8216 RX ua=95 mt=R len=7
PKT t=8221 TX ua=95 mt=T len=7
PKT t=8233 TX ua=95 mt=P len=0
PKT t=8243 RX ua=95 mt=R len=7
PKT t=8248 TX ua=95 mt=P len=0
PKT t=8279 RX ua=95 mt=R len=7
PKT t=8284 TX ua=95 mt=T len=7
PKT t=8296 TX ua=95 mt=P len=0
PKT t=8306 RX ua=95 mt=R len=7
PKT t=8356 TX ua=95 mt=P len=0
PKT t=8379 RX ua=95 mt=R len=7
PKT t=8384 TX ua=95 mt=P len=0
PKT t=8394 RX ua=95 mt=R len=7
PKT t=8399 TX ua=95 mt=P len=0
PKT t=8409 RX ua=95 mt=R len=7
PKT t=8414 TX ua=95 mt=P len=0
PKT t=8424 RX ua=95 mt=R len=7
PKT t=8429 TX ua=95 mt=P len=0
PKT t=8439 RX ua=95 mt=R len=7
PKT t=8444 TX ua=95 mt=P len=0
PKT t=8496 RX ua=95 mt=R len=7
PKT t=8501 TX ua=95 mt=T len=7
PKT t=8513 TX ua=95 mt=P len=0
PKT t=8522 RX ua=95 mt=R len=7
PKT t=8527 TX ua=95 mt=P len=0
PKT t=8536 RX ua=95 mt=R len=7
PKT t=8541 TX ua=95 mt=P len=0
PKT t=8550 RX ua=95 mt=R len=7
PKT t=8555 TX ua=95 mt=P len=0
PKT t=8636 RX ua=95 mt=R len=7
PKT t=8641 TX ua=95 mt=P len=0
PKT t=8650 RX ua=95 mt=R len=7
PKT t=8655 TX ua=95 mt=P len=0
PKT t=8689 RX ua=95 mt=R len=7
PKT t=8694 TX ua=95 mt=P len=0
PKT t=8703 RX ua=95 mt=R len=7
PKT t=8708 TX ua=95 mt=P len=0
PKT t=8717 RX ua=95 mt=R len=7
PKT t=8722 TX ua=95 mt=P len=0
PKT t=8776 RX ua=95 mt=R len=7
PKT t=8781 TX ua=95 mt=T len=7
PKT t=8793 TX ua=95 mt=P len=0
PKT t=8802 RX ua=95 mt=R len=7
PKT t=8807 TX ua=95 mt=P len=0
PKT t=8817 RX ua=95 mt=R len=7
PKT t=8822 TX ua=95 mt=P len=0
PKT t=8831 RX ua=95 mt=R len=7
PKT t=8836 TX ua=95 mt=P len=0
PKT t=8845 RX ua=95 mt=R len=7
PKT t=8850 TX ua=95 mt=P len=0
PKT t=8859 RX ua=95 mt=R len=7
PKT t=8864 TX ua=95 mt=P len=0
PKT t=8916 RX ua=95 mt=R len=7
PKT t=8921 TX ua=95 mt=P len=0
PKT t=8930 RX ua=95 mt=R len=7
PKT t=8935 TX ua=95 mt=P len=0
PKT t=8945 RX ua=95 mt=R len=7
PKT t=8950 TX ua=95 mt=P len=0
PKT t=8959 RX ua=95 mt=R len=7
PKT t=8964 TX ua=95 mt=P len=0
PKT t=8993 RX ua=95 mt=R len=7
PKT t=8998 TX ua=95 mt=P len=0
PKT t=9056 RX ua=95 mt=R len=7
PKT t=9061 TX ua=95 mt=T len=7
PKT t=9073 TX ua=95 mt=P len=0
PKT t=9094 RX ua=95 mt=R len=7
PKT t=9099 TX ua=95 mt=P len=0
PKT t=9108 RX ua=95 mt=R len=7
PKT t=9113 TX ua=95 mt=P len=0
PKT t=9122 RX ua=95 mt=R len=7
PKT t=9127 TX ua=95 mt=P len=0
PKT t=9136 RX ua=95 mt=R len=7
PKT t=9141 TX ua=95 mt=P len=0
PKT t=9196 RX ua=95 mt=R len=7
PKT t=9201 TX ua=95 mt=P len=0
PKT t=9210 RX ua=95 mt=R len=7
PKT t=9215 TX ua=95 mt=P len=0
PKT t=9224 RX ua=95 mt=R len=7
PKT t=9229 TX ua=95 mt=P len=0
PKT t=9238 RX ua=95 mt=R len=7
PKT t=9243 TX ua=95 mt=P len=0
PKT t=9252 RX ua=95 mt=R len=7
PKT t=9257 TX ua=95 mt=P len=0
PKT t=9266 RX ua=95 mt=R len=7
PKT t=9271 TX ua=95 mt=P len=0
PKT t=9336 RX ua=95 mt=R len=7
PKT t=9341 TX ua=95 mt=T len=7
PKT t=9353 TX ua=95 mt=P len=0
PKT t=9362 RX ua=95 mt=R len=7
PKT t=9367 TX ua=95 mt=P len=0
PKT t=9400 RX ua=95 mt=R len=7
PKT t=9404 TX ua=95 mt=P len=0
PKT t=9413 RX ua=95 mt=R len=7
PKT t=9418 TX ua=95 mt=P len=0
PKT t=9476 RX ua=95 mt=R len=7
PKT t=9481 TX ua=95 mt=P len=0
PKT t=9499 RX ua=95 mt=R len=7
PKT t=9504 TX ua=95 mt=P len=0
PKT t=9513 RX ua=95 mt=R len=7
PKT t=9518 TX ua=95 mt=P len=0
PKT t=9527 RX ua=95 mt=R len=7
PKT t=9532 TX ua=95 mt=P len=0
PKT t=9541 RX ua=95 mt=R len=7
PKT t=9546 TX ua=95 mt=P len=0
PKT t=9555 RX ua=95 mt=R len=7
PKT t=9560 TX ua=95 mt=P len=0
PKT t=9616 RX ua=95 mt=R len=7
PKT t=9621 TX ua=95 mt=T len=7
PKT t=9633 TX ua=95 mt=P len=0
PKT t=9642 RX ua=95 mt=R len=7
PKT t=9647 TX ua=95 mt=P len=0
PKT t=9656 RX ua=95 mt=R len=7
PKT t=9661 TX ua=95 mt=P len=0
PKT t=9671 RX ua=95 mt=R len=7
PKT t=9675 TX ua=95 mt=P len=0
PKT t=9705 RX ua=95 mt=R len=7
PKT t=9756 TX ua=95 mt=P len=0
PKT t=9765 RX ua=95 mt=R len=7
PKT t=9770 TX ua=95 mt=P len=0
PKT t=9804 RX ua=95 mt=R len=7
PKT t=9809 TX ua=95 mt=P len=0
PKT t=9818 RX ua=95 mt=R len=7
PKT t=9823 TX ua=95 mt=P len=0
PKT t=9832 RX ua=95 mt=R len=7
PKT t=9837 TX ua=95 mt=P len=0
PKT t=9846 RX ua=95 mt=R len=7
PKT t=9896 TX ua=95 mt=P len=0
PKT t=9905 RX ua=95 mt=R len=7
PKT t=9910 TX ua=95 mt=T len=7
PKT t=9922 TX ua=95 mt=P len=0
PKT t=9931 RX ua=95 mt=R len=7
PKT t=9936 TX ua=95 mt=P len=0
PKT t=9945 RX ua=95 mt=R len=7
PKT t=9950 TX ua=95 mt=P len=0
PKT t=9959 RX ua=95 mt=R len=7
PKT t=9964 TX ua=95 mt=P len=0
PKT t=9973 RX ua=95 mt=R len=7
PKT t=9978 TX ua=95 mt=P len=0
PKT t=10041 RX ua=95 mt=R len=7
PKT t=10046 TX ua=95 mt=P len=0
PKT t=10055 RX ua=95 mt=R len=7
PKT t=10060 TX ua=95 mt=P len=0
PKT t=10069 RX ua=95 mt=R len=7
PKT t=10074 TX ua=95 mt=P len=0
PKT t=10083 RX ua=95 mt=R len=7
PKT t=10088 TX ua=95 mt=P len=0
PKT t=10117 RX ua=95 mt=R len=7
PKT t=10122 TX ua=95 mt=P len=0
PKT t=10176 RX ua=95 mt=R len=7
PKT t=10181 TX ua=95 mt=T len=7
PKT t=10193 TX ua=95 mt=P len=0
PKT t=10221 RX ua=95 mt=R len=7
PKT t=10226 TX ua=95 mt=P len=0
PKT t=10235 RX ua=95 mt=R len=7
PKT t=10240 TX ua=95 mt=P len=0
PKT t=10249 RX ua=95 mt=R len=7
PKT t=10254 TX ua=95 mt=P len=0
PKT t=10263 RX ua=95 mt=R len=7
PKT t=10316 TX ua=96 mt=P len=0
PKT t=10601 TX ua=95 mt=P len=0
PKT t=10610 RX ua=95 mt=R len=7
PKT t=10615 TX ua=95 mt=T len=7
PKT t=10628 TX ua=95 mt=P len=0
PKT t=10638 RX ua=95 mt=R len=7
PKT t=10643 TX ua=95 mt=T len=7
PKT t=10656 TX ua=95 mt=P len=0
PKT t=10666 RX ua=95 mt=R len=7
PKT t=10671 TX ua=95 mt=P len=0
PKT t=10681 RX ua=95 mt=R len=7
PKT t=10686 TX ua=95 mt=P len=0
PKT t=10736 RX ua=95 mt=R len=7
PKT t=11021 TX ua=96 mt=I len=13
PKT t=11576 TX ua=96 mt=T len=4
PKT t=11587 TX ua=95 mt=P len=0
PKT t=11597 RX ua=95 mt=R len=7
PKT t=11602 TX ua=95 mt=T len=7
PKT t=11614 TX ua=95 mt=P len=0
PKT t=11633 RX ua=95 mt=R len=7
PKT t=11638 TX ua=95 mt=P len=0
PKT t=11647 RX ua=95 mt=R len=7
PKT t=11652 TX ua=95 mt=P len=0
PKT t=11661 RX ua=95 mt=R len=7
PKT t=11666 TX ua=95 mt=P len=0
PKT t=11716 RX ua=95 mt=R len=7
PKT t=12001 TX ua=96 mt=P len=0
PKT t=12281 TX ua=95 mt=P len=0
PKT t=12290 RX ua=95 mt=R len=7
PKT t=12295 TX ua=95 mt=T len=7
PKT t=12307 TX ua=95 mt=P len=0
PKT t=12335 RX ua=95 mt=R len=7
PKT t=12340 TX ua=95 mt=T len=7
PKT t=12352 TX ua=95 mt=P len=0
PKT t=12361 RX ua=95 mt=R len=7
PKT t=12366 TX ua=95 mt=P len=0
PKT t=12416 RX ua=95 mt=R len=7
PKT t=12701 TX ua=96 mt=P len=0
PKT t=12981 TX ua=95 mt=P len=0
PKT t=12990 RX ua=95 mt=R len=7
PKT t=12995 TX ua=95 mt=T len=7
PKT t=13007 TX ua=95 mt=P len=0
PKT t=13035 RX ua=95 mt=R len=7
PKT t=13040 TX ua=95 mt=P len=0
PKT t=13049 RX ua=95 mt=R len=7
PKT t=13054 TX ua=95 mt=P len=0
PKT t=13063 RX ua=95 mt=R len=7
PKT t=13116 TX ua=95 mt=P len=0
PKT t=13135 RX ua=95 mt=R len=7
PKT t=13140 TX ua=95 mt=P len=0
PKT t=13149 RX ua=95 mt=R len=7
PKT t=13154 TX ua=95 mt=P len=0
PKT t=13163 RX ua=95 mt=R len=7
PKT t=13168 TX ua=95 mt=P len=0
PKT t=13178 RX ua=95 mt=R len=7
PKT t=13183 TX ua=95 mt=P len=0
PKT t=13192 RX ua=95 mt=R len=7
PKT t=13197 TX ua=95 mt=P len=0
PKT t=13206 RX ua=95 mt=R len=7
PKT t=13256 TX ua=95 mt=P len=0
PKT t=13265 RX ua=95 mt=R len=7
PKT t=13270 TX ua=95 mt=T len=7
PKT t=13282 TX ua=95 mt=P len=0
PKT t=13291 RX ua=95 mt=R len=7
PKT t=13296 TX ua=95 mt=P len=0
PKT t=13305 RX ua=95 mt=R len=7
PKT t=13310 TX ua=95 mt=P len=0
PKT t=13340 RX ua=95 mt=R len=7
PKT t=13345 TX ua=95 mt=T len=7
PKT t=13403 TX ua=95 mt=P len=0
PKT t=13412 RX ua=95 mt=R len=7
PKT t=13417 TX ua=95 mt=P len=0
PKT t=13446 RX ua=95 mt=R len=7
PKT t=13451 TX ua=95 mt=P len=0
PKT t=13460 RX ua=95 mt=R len=7
PKT t=13465 TX ua=95 mt=P len=0
PKT t=13474 RX ua=95 mt=R len=7
PKT t=13479 TX ua=95 mt=P len=0
PKT t=13536 RX ua=95 mt=R len=7
PKT t=13541 TX ua=95 mt=T len=7
PKT t=13554 TX ua=95 mt=P len=0
PKT t=13563 RX ua=95 mt=R len=7
PKT t=13568 TX ua=95 mt=P len=0
PKT t=13577 RX ua=95 mt=R len=7
PKT t=13582 TX ua=95 mt=P len=0
PKT t=13591 RX ua=95 mt=R len=7
PKT t=13596 TX ua=95 mt=P len=0
PKT t=13606 RX ua=95 mt=R len=7
PKT t=13611 TX ua=95 mt=P len=0
PKT t=13620 RX ua=95 mt=R len=7
PKT t=13625 TX ua=95 mt=P len=0
PKT t=13676 RX ua=95 mt=R len=7
PKT t=13961 TX ua=96 mt=P len=0
PKT t=14241 TX ua=95 mt=P len=0
PKT t=14250 RX ua=95 mt=R len=7
PKT t=14255 TX ua=95 mt=T len=7
PKT t=14268 TX ua=95 mt=P len=0
PKT t=14277 RX ua=95 mt=R len=7
PKT t=14282 TX ua=95 mt=P len=0
PKT t=14291 RX ua=95 mt=R len=7
PKT t=14296 TX ua=95 mt=P len=0
PKT t=14306 RX ua=95 mt=R len=7
PKT t=14311 TX ua=95 mt=P len=0
PKT t=14320 RX ua=95 mt=R len=7
PKT t=14325 TX ua=95 mt=T len=7
PKT t=14383 TX ua=95 mt=P len=0
PKT t=14392 RX ua=95 mt=R len=7
PKT t=14397 TX ua=95 mt=P len=0
PKT t=14406 RX ua=95 mt=R len=7
PKT t=14411 TX ua=95 mt=P len=0
PKT t=14420 RX ua=95 mt=R len=7
PKT t=14425 TX ua=95 mt=P len=0
PKT t=14454 RX ua=95 mt=R len=7
PKT t=14459 TX ua=95 mt=P len=0
PKT t=14516 RX ua=95 mt=R len=7
PKT t=14521 TX ua=95 mt=P len=0
PKT t=14554 RX ua=95 mt=R len=7
PKT t=14559 TX ua=95 mt=P len=0
PKT t=14568 RX ua=95 mt=R len=7
PKT t=14573 TX ua=95 mt=P len=0
PKT t=14582 RX ua=95 mt=R len=7
PKT t=14587 TX ua=95 mt=P len=0
PKT t=14596 RX ua=95 mt=R len=7
PKT t=14601 TX ua=95 mt=P len=0
PKT t=14656 RX ua=95 mt=R len=7
PKT t=14661 TX ua=95 mt=T len=7
PKT t=14673 TX ua=95 mt=P len=0
PKT t=14682 RX ua=95 mt=R len=7
PKT t=14687 TX ua=95 mt=P len=0
PKT t=14696 RX ua=95 mt=R len=7
PKT t=14701 TX ua=95 mt=P len=0
PKT t=14710 RX ua=95 mt=R len=7
PKT t=14715 TX ua=95 mt=P len=0
PKT t=14724 RX ua=95 mt=R len=7
PKT t=14729 TX ua=95 mt=P len=0
PKT t=14796 RX ua=95 mt=R len=7
PKT t=14801 TX ua=95 mt=P len=0
PKT t=14810 RX ua=95 mt=R len=7
PKT t=14815 TX ua=95 mt=P len=0
PKT t=14824 RX ua=95 mt=R len=7
PKT t=14829 TX ua=95 mt=P len=0
PKT t=14858 RX ua=95 mt=R len=7
PKT t=14863 TX ua=95 mt=P len=0
PKT t=14872 RX ua=95 mt=R len=7
PKT t=14877 TX ua=95 mt=P len=0
PKT t=14886 RX ua=95 mt=R len=7
PKT t=14936 TX ua=95 mt=P len=0
PKT t=14958 RX ua=95 mt=R len=7
PKT t=14963 TX ua=95 mt=T len=7
PKT t=14975 TX ua=95 mt=P len=0
PKT t=14985 RX ua=95 mt=R len=7
PKT t=14990 TX ua=95 mt=P len=0
PKT t=15000 RX ua=95 mt=R len=7
PKT t=15005 TX ua=95 mt=P len=0
PKT t=15015 RX ua=95 mt=R len=7
PKT t=15020 TX ua=95 mt=P len=0
PKT t=15076 RX ua=95 mt=R len=7
PKT t=15081 TX ua=95 mt=P len=0
PKT t=15091 RX ua=95 mt=R len=7
PKT t=15096 TX ua=95 mt=P len=0
PKT t=15106 RX ua=95 mt=R len=7
PKT t=15111 TX ua=95 mt=P len=0
PKT t=15121 RX ua=95 mt=R len=7
PKT t=15126 TX ua=95 mt=P len=0
PKT t=15136 RX ua=95 mt=R len=7
PKT t=15141 TX ua=95 mt=P len=0
PKT t=15216 RX ua=95 mt=R len=7
PKT t=15221 TX ua=95 mt=T len=7
PKT t=15233 TX ua=95 mt=P len=0
PKT t=15242 RX ua=95 mt=R len=7
PKT t=15247 TX ua=95 mt=P len=0
PKT t=15276 RX ua=95 mt=R len=7
PKT t=15281 TX ua=95 mt=P len=0
PKT t=15290 RX ua=95 mt=R len=7
PKT t=15295 TX ua=95 mt=P len=0
PKT t=15304 RX ua=95 mt=R len=7
PKT t=15356 TX ua=95 mt=P len=0
PKT t=15376 RX ua=95 mt=R len=7
PKT t=15381 TX ua=95 mt=T len=7
PKT t=15393 TX ua=95 mt=P len=0
PKT t=15402 RX ua=95 mt=R len=7
PKT t=15407 TX ua=95 mt=P len=0
PKT t=15416 RX ua=95 mt=R len=7
PKT t=15421 TX ua=95 mt=P len=0
PKT t=15430 RX ua=95 mt=R len=7
PKT t=15435 TX ua=95 mt=P len=0
PKT t=15444 RX ua=95 mt=R len=7
PKT t=15496 TX ua=95 mt=P len=0
PKT t=15505 RX ua=95 mt=R len=7
PKT t=15510 TX ua=95 mt=T len=7
PKT t=15522 TX ua=95 mt=P len=0
PKT t=15531 RX ua=95 mt=R len=7
PKT t=15536 TX ua=95 mt=P len=0
PKT t=15545 RX ua=95 mt=R len=7
PKT t=15550 TX ua=95 mt=P len=0
PKT t=15579 RX ua=95 mt=R len=7
PKT t=15584 TX ua=95 mt=P len=0
PKT t=15636 RX ua=95 mt=R len=7
PKT t=15641 TX ua=95 mt=P len=0
PKT t=15650 RX ua=95 mt=R len=7
PKT t=15655 TX ua=95 mt=P len=0
PKT t=15684 RX ua=95 mt=R len=7
PKT t=15689 TX ua=95 mt=P len=0
PKT t=15698 RX ua=95 mt=R len=7
PKT t=15703 TX ua=95 mt=P len=0
PKT t=15712 RX ua=95 mt=R len=7
PKT t=15717 TX ua=95 mt=P len=0
PKT t=15726 RX ua=95 mt=R len=7
PKT t=15776 TX ua=95 mt=P len=0
PKT t=15785 RX ua=95 mt=R len=7
PKT t=15790 TX ua=95 mt=T len=7
PKT t=15802 TX ua=95 mt=P len=0
PKT t=15811 RX ua=95 mt=R len=7
PKT t=15816 TX ua=95 mt=P len=0
PKT t=15825 RX ua=95 mt=R len=7
PKT t=15830 TX ua=95 mt=P len=0
PKT t=15839 RX ua=95 mt=R len=7
PKT t=15844 TX ua=95 mt=P len=0
PKT t=15853 RX ua=95 mt=R len=7
PKT t=15858 TX ua=95 mt=P len=0
PKT t=15916 RX ua=95 mt=R len=7
PKT t=15921 TX ua=95 mt=P len=0
PKT t=15930 RX ua=95 mt=R len=7
PKT t=15935 TX ua=95 mt=P len=0
PKT t=15944 RX ua=95 mt=R len=7
PKT t=15949 TX ua=95 mt=P len=0
PKT t=15958 RX ua=95 mt=R len=7
PKT t=15963 TX ua=95 mt=P len=0
PKT t=15992 RX ua=95 mt=R len=7
PKT t=15997 TX ua=95 mt=P len=0
PKT t=16006 RX ua=95 mt=R len=7
PKT t=16061 TX ua=95 mt=P len=0
PKT t=16097 RX ua=95 mt=R len=7
PKT t=16102 TX ua=95 mt=T len=7
PKT t=16114 TX ua=95 mt=P len=0
PKT t=16123 RX ua=95 mt=R len=7
PKT t=16128 TX ua=95 mt=P len=0
PKT t=16137 RX ua=95 mt=R len=7
PKT t=16142 TX ua=95 mt=P len=0
PKT t=16196 RX ua=95 mt=R len=7
PKT t=16201 TX ua=95 mt=P len=0
PKT t=16210 RX ua=95 mt=R len=7
PKT t=16215 TX ua=95 mt=P len=0
PKT t=16224 RX ua=95 mt=R len=7
PKT t=16229 TX ua=95 mt=P len=0
PKT t=16238 RX ua=95 mt=R len=7
PKT t=16243 TX ua=95 mt=P len=0
PKT t=16252 RX ua=95 mt=R len=7
PKT t=16257 TX ua=95 mt=P len=0
PKT t=16266 RX ua=95 mt=R len=7
PKT t=16271 TX ua=95 mt=P len=0
PKT t=16336 RX ua=95 mt=R len=7
PKT t=16341 TX ua=95 mt=T len=7
PKT t=16353 TX ua=95 mt=P len=0
PKT t=16362 RX ua=95 mt=R len=7
PKT t=16367 TX ua=95 mt=T len=7
PKT t=16379 TX ua=95 mt=P len=0
PKT t=16401 RX ua=95 mt=R len=7
PKT t=16406 TX ua=95 mt=P len=0
PKT t=16415 RX ua=95 mt=R len=7
PKT t=16420 TX ua=95 mt=P len=0
PKT t=16476 RX ua=95 mt=R len=7
PKT t=16481 TX ua=95 mt=P len=0
PKT t=16500 RX ua=95 mt=R len=7
PKT t=16505 TX ua=95 mt=P len=0
PKT t=16514 RX ua=95 mt=R len=7
PKT t=16519 TX ua=95 mt=P len=0
PKT t=16528 RX ua=95 mt=R len=7
PKT t=16533 TX ua=95 mt=P len=0
PKT t=16542 RX ua=95 mt=R len=7
PKT t=16547 TX ua=95 mt=P len=0
PKT t=16556 RX ua=95 mt=R len=7
PKT t=16561 TX ua=95 mt=P len=0
PKT t=16616 RX ua=95 mt=R len=7
PKT t=16621 TX ua=95 mt=T len=7
PKT t=16633 TX ua=95 mt=P len=0
PKT t=16642 RX ua=95 mt=R len=7
PKT t=16647 TX ua=95 mt=P len=0
PKT t=16656 RX ua=95 mt=R len=7
PKT t=16661 TX ua=95 mt=P len=0
PKT t=16670 RX ua=95 mt=R len=7
PKT t=16675 TX ua=95 mt=P len=0
PKT t=16704 RX ua=95 mt=R len=7
PKT t=16756 TX ua=95 mt=P len=0
PKT t=16765 RX ua=95 mt=R len=7
PKT t=16770 TX ua=95 mt=P len=0
PKT t=16804 RX ua=95 mt=R len=7
PKT t=16809 TX ua=95 mt=P len=0
PKT t=16818 RX ua=95 mt=R len=7
PKT t=16823 TX ua=95 mt=P len=0
PKT t=16832 RX ua=95 mt=R len=7
PKT t=16837 TX ua=95 mt=P len=0
PKT t=16846 RX ua=95 mt=R len=7
PKT t=16896 TX ua=95 mt=P len=0
PKT t=16905 RX ua=95 mt=R len=7
PKT t=16910 TX ua=95 mt=T len=7
PKT t=16922 TX ua=95 mt=P len=0
PKT t=16931 RX ua=95 mt=R len=7
PKT t=16936 TX ua=95 mt=P len=0
PKT t=16945 RX ua=95 mt=R len=7
PKT t=16950 TX ua=95 mt=P len=0
PKT t=16959 RX ua=95 mt=R len=7
PKT t=16964 TX ua=95 mt=P len=0
PKT t=16973 RX ua=95 mt=R len=7
PKT t=16978 TX ua=95 mt=P len=0
PKT t=17036 RX ua=95 mt=R len=7
PKT t=17041 TX ua=95 mt=P len=0
PKT t=17050 RX ua=95 mt=R len=7
PKT t=17055 TX ua=95 mt=P len=0
PKT t=17064 RX ua=95 mt=R len=7
PKT t=17069 TX ua=95 mt=P len=0
PKT t=17078 RX ua=95 mt=R len=7
PKT t=17083 TX ua=95 mt=P len=0
PKT t=17112 RX ua=95 mt=R len=7
PKT t=17117 TX ua=95 mt=P len=0
PKT t=17126 RX ua=95 mt=R len=7
PKT t=17176 TX ua=95 mt=P len=0
PKT t=17185 RX ua=95 mt=R len=7
PKT t=17190 TX ua=95 mt=T len=7
PKT t=17202 TX ua=95 mt=P len=0
PKT t=17221 RX ua=95 mt=R len=7
PKT t=17226 TX ua=95 mt=P len=0
PKT t=17236 RX ua=95 mt=R len=7
PKT t=17241 TX ua=95 mt=P len=0
PKT t=17251 RX ua=95 mt=R len=7
PKT t=17256 TX ua=95 mt=P len=0
PKT t=17266 RX ua=95 mt=R len=7
PKT t=17316 TX ua=95 mt=P len=0
PKT t=17326 RX ua=95 mt=R len=7
PKT t=17331 TX ua=95 mt=P len=0
PKT t=17341 RX ua=95 mt=R len=7
PKT t=17346 TX ua=95 mt=P len=0
PKT t=17356 RX ua=95 mt=R len=7
PKT t=17361 TX ua=95 mt=T len=7
PKT t=17373 TX ua=95 mt=P len=0
PKT t=17383 RX ua=95 mt=R len=7
PKT t=17388 TX ua=95 mt=P len=0
PKT t=17456 RX ua=95 mt=R len=7
PKT t=17461 TX ua=95 mt=T len=7
PKT t=17473 TX ua=95 mt=P len=0
PKT t=17482 RX ua=95 mt=R len=7
PKT t=17487 TX ua=95 mt=P len=0
PKT t=17519 RX ua=95 mt=R len=7
PKT t=17524 TX ua=95 mt=P len=0
PKT t=17533 RX ua=95 mt=R len=7
PKT t=17538 TX ua=95 mt=P len=0
PKT t=17596 RX ua=95 mt=R len=7
PKT t=17601 TX ua=95 mt=P len=0
PKT t=17619 RX ua=95 mt=R len=7
PKT t=17624 TX ua=95 mt=P len=0
PKT t=17633 RX ua=95 mt=R len=7
PKT t=17638 TX ua=95 mt=P len=0
PKT t=17647 RX ua=95 mt=R len=7
PKT t=17652 TX ua=95 mt=P len=0
PKT t=17661 RX ua=95 mt=R len=7
PKT t=17666 TX ua=95 mt=P len=0
PKT t=17675 RX ua=95 mt=R len=7
PKT t=17680 TX ua=95 mt=P len=0
PKT t=17736 RX ua=95 mt=R len=7
PKT t=17741 TX ua=95 mt=T len=7
PKT t=17753 TX ua=95 mt=P len=0
PKT t=17762 RX ua=95 mt=R len=7
PKT t=17767 TX ua=95 mt=P len=0
PKT t=17776 RX ua=95 mt=R len=7
PKT t=17781 TX ua=95 mt=P len=0
PKT t=17790 RX ua=95 mt=R len=7
PKT t=17795 TX ua=95 mt=P len=0
PKT t=17824 RX ua=95 mt=R len=7
PKT t=17876 TX ua=95 mt=P len=0
PKT t=17885 RX ua=95 mt=R len=7
PKT t=17890 TX ua=95 mt=P len=0
PKT t=17924 RX ua=95 mt=R len=7
PKT t=17929 TX ua=95 mt=P len=0
PKT t=17938 RX ua=95 mt=R len=7
PKT t=17943 TX ua=95 mt=P len=0
PKT t=17952 RX ua=95 mt=R len=7
PKT t=17957 TX ua=95 mt=P len=0
PKT t=17966 RX ua=95 mt=R len=7
PKT t=18016 TX ua=95 mt=P len=0
PKT t=18025 RX ua=95 mt=R len=7
PKT t=18030 TX ua=95 mt=T len=7
PKT t=18042 TX ua=95 mt=P len=0
PKT t=18051 RX ua=95 mt=R len=7
PKT t=18056 TX ua=95 mt=P len=0
PKT t=18065 RX ua=95 mt=R len=7
PKT t=18070 TX ua=95 mt=P len=0
PKT t=18079 RX ua=95 mt=R len=7
PKT t=18084 TX ua=95 mt=P len=0
PKT t=18093 RX ua=95 mt=R len=7
PKT t=18098 TX ua=95 mt=P len=0
PKT t=18156 RX ua=95 mt=R len=7
PKT t=18161 TX ua=95 mt=P len=0
PKT t=18170 RX ua=95 mt=R len=7
PKT t=18175 TX ua=95 mt=P len=0
PKT t=18184 RX ua=95 mt=R len=7
PKT t=18189 TX ua=95 mt=P len=0
PKT t=18198 RX ua=95 mt=R len=7
PKT t=18203 TX ua=95 mt=P len=0
PKT t=18232 RX ua=95 mt=R len=7
PKT t=18237 TX ua=95 mt=P len=0
PKT t=18246 RX ua=95 mt=R len=7
PKT t=18296 TX ua=95 mt=P len=0
PKT t=18305 RX ua=95 mt=R len=7
PKT t=18310 TX ua=95 mt=T len=7
PKT t=18322 TX ua=95 mt=P len=0
PKT t=18341 RX ua=95 mt=R len=7
PKT t=18346 TX ua=95 mt=P len=0
PKT t=18355 RX ua=95 mt=R len=7
PKT t=18360 TX ua=95 mt=T len=7
PKT t=18373 TX ua=95 mt=P len=0
PKT t=18382 RX ua=95 mt=R len=7
PKT t=18387 TX ua=95 mt=T len=7
PKT t=18444 TX ua=95 mt=P len=0
PKT t=18453 RX ua=95 mt=R len=7
PKT t=18458 TX ua=95 mt=P len=0
PKT t=18467 RX ua=95 mt=R len=7
PKT t=18472 TX ua=95 mt=P len=0
PKT t=18481 RX ua=95 mt=R len=7
PKT t=18486 TX ua=95 mt=P len=0
PKT t=18495 RX ua=95 mt=R len=7
PKT t=18500 TX ua=95 mt=P len=0
PKT t=18509 RX ua=95 mt=R len=7
PKT t=18514 TX ua=95 mt=P len=0
PKT t=18576 RX ua=95 mt=R len=7
PKT t=18581 TX ua=95 mt=T len=7
PKT t=18594 TX ua=95 mt=P len=0
PKT t=18603 RX ua=95 mt=R len=7
PKT t=18608 TX ua=95 mt=P len=0
PKT t=18617 RX ua=95 mt=R len=7
PKT t=18622 TX ua=95 mt=P len=0
PKT t=18651 RX ua=95 mt=R len=7
PKT t=18656 TX ua=95 mt=P len=0
PKT t=18665 RX ua=95 mt=R len=7
PKT t=18716 TX ua=95 mt=P len=0
PKT t=18725 RX ua=95 mt=R len=7
PKT t=18730 TX ua=95 mt=P len=0
PKT t=18759 RX ua=95 mt=R len=7
PKT t=18764 TX ua=95 mt=P len=0
PKT t=18773 RX ua=95 mt=R len=7
PKT t=18778 TX ua=95 mt=P len=0
PKT t=18787 RX ua=95 mt=R len=7
PKT t=18792 TX ua=95 mt=P len=0
PKT t=18802 RX ua=95 mt=R len=7
PKT t=18806 TX ua=95 mt=P len=0
PKT t=18856 RX ua=95 mt=R len=7
PKT t=19141 TX ua=96 mt=P len=0
PKT t=19421 TX ua=95 mt=P len=0
PKT t=19430 RX ua=95 mt=R len=7
PKT t=19435 TX ua=95 mt=T len=7
PKT t=19447 TX ua=95 mt=P len=0
PKT t=19466 RX ua=95 mt=R len=7
PKT t=19471 TX ua=95 mt=P len=0
PKT t=19481 RX ua=95 mt=R len=7
PKT t=19486 TX ua=95 mt=P len=0
PKT t=19496 RX ua=95 mt=R len=7
PKT t=19501 TX ua=95 mt=P len=0
PKT t=19556 RX ua=95 mt=R len=7
PKT t=19561 TX ua=95 mt=P len=0
PKT t=19571 RX ua=95 mt=R len=7
PKT t=19576 TX ua=95 mt=P len=0
PKT t=19586 RX ua=95 mt=R len=7
PKT t=19591 TX ua=95 mt=P len=0
PKT t=19601 RX ua=95 mt=R len=7
PKT t=19606 TX ua=95 mt=P len=0
PKT t=19616 RX ua=95 mt=R len=7
PKT t=19621 TX ua=95 mt=P len=0
PKT t=19631 RX ua=95 mt=R len=7
PKT t=19636 TX ua=95 mt=P len=0
PKT t=19696 RX ua=95 mt=R len=7
PKT t=19701 TX ua=95 mt=T len=7
PKT t=19713 TX ua=95 mt=P len=0
PKT t=19722 RX ua=95 mt=R len=7
PKT t=19727 TX ua=95 mt=P len=0
PKT t=19736 RX ua=95 mt=R len=7
PKT t=19741 TX ua=95 mt=P len=0
PKT t=19770 RX ua=95 mt=R len=7
PKT t=19775 TX ua=95 mt=P len=0
PKT t=19784 RX ua=95 mt=R len=7
PKT t=19836 TX ua=95 mt=P len=0
PKT t=19870 RX ua=95 mt=R len=7
PKT t=19875 TX ua=95 mt=P len=0
PKT t=19884 RX ua=95 mt=R len=7
PKT t=19889 TX ua=95 mt=P len=0
PKT t=19898 RX ua=95 mt=R len=7
PKT t=19903 TX ua=95 mt=P len=0
PKT t=19912 RX ua=95 mt=R len=7
PKT t=19917 TX ua=95 mt=P len=0
PKT t=19926 RX ua=95 mt=R len=7
PKT t=19976 TX ua=95 mt=P len=0
PKT t=19985 RX ua=95 mt=R len=7
PKT t=19990 TX ua=95 mt=T len=7
PKT t=20002 TX ua=95 mt=P len=0
PKT t=20011 RX ua=95 mt=R len=7
PKT t=20016 TX ua=95 mt=P len=0
PKT t=20025 RX ua=95 mt=R len=7
PKT t=20030 TX ua=95 mt=P len=0
PKT t=20039 RX ua=95 mt=R len=7
PKT t=20044 TX ua=95 mt=P len=0
PKT t=20116 RX ua=95 mt=R len=7
PKT t=20121 TX ua=95 mt=P len=0
PKT t=20132 RX ua=95 mt=R len=7
PKT t=20137 TX ua=95 mt=P len=0
PKT t=20146 RX ua=95 mt=R len=7
PKT t=20151 TX ua=95 mt=P len=0
PKT t=20180 RX ua=95 mt=R len=7
PKT t=20185 TX ua=95 mt=P len=0
PKT t=20194 RX ua=95 mt=R len=7
PKT t=20199 TX ua=95 mt=P len=0
PKT t=20256 RX ua=95 mt=R len=7
PKT t=20261 TX ua=95 mt=T len=7
PKT t=20273 TX ua=95 mt=P len=0
PKT t=20282 RX ua=95 mt=R len=7
PKT t=20287 TX ua=95 mt=P len=0
PKT t=20296 RX ua=95 mt=R len=7
PKT t=20301 TX ua=95 mt=P len=0
PKT t=20310 RX ua=95 mt=R len=7
PKT t=20315 TX ua=95 mt=P len=0
PKT t=20324 RX ua=95 mt=R len=7
PKT t=20329 TX ua=95 mt=P len=0
PKT t=20338 RX ua=95 mt=R len=7
PKT t=20343 TX ua=95 mt=P len=0
PKT t=20396 RX ua=95 mt=R len=7
PKT t=20401 TX ua=95 mt=T len=7
PKT t=20413 TX ua=95 mt=P len=0
PKT t=20422 RX ua=95 mt=R len=7
PKT t=20427 TX ua=95 mt=P len=0
PKT t=20436 RX ua=95 mt=R len=7
PKT t=20441 TX ua=95 mt=P len=0
PKT t=20450 RX ua=95 mt=R len=7
PKT t=20455 TX ua=95 mt=P len=0
PKT t=20486 RX ua=95 mt=R len=7
PKT t=20536 TX ua=95 mt=P len=0
PKT t=20545 RX ua=95 mt=R len=7
PKT t=20550 TX ua=95 mt=T len=7
PKT t=20562 TX ua=95 mt=P len=0
PKT t=20590 RX ua=95 mt=R len=7
PKT t=20595 TX ua=95 mt=P len=0
PKT t=20604 RX ua=95 mt=R len=7
PKT t=20609 TX ua=95 mt=P len=0
PKT t=20618 RX ua=95 mt=R len=7
PKT t=20623 TX ua=95 mt=P len=0
PKT t=20676 RX ua=95 mt=R len=7
PKT t=20681 TX ua=95 mt=P len=0
PKT t=20690 RX ua=95 mt=R len=7
PKT t=20695 TX ua=95 mt=P len=0
PKT t=20704 RX ua=95 mt=R len=7
PKT t=20709 TX ua=95 mt=P len=0
PKT t=20718 RX ua=95 mt=R len=7
PKT t=20723 TX ua=95 mt=P len=0
PKT t=20732 RX ua=95 mt=R len=7
PKT t=20737 TX ua=95 mt=P len=0
PKT t=20746 RX ua=95 mt=R len=7
PKT t=20751 TX ua=95 mt=P len=0
PKT t=20760 RX ua=95 mt=R len=7
PKT t=20765 TX ua=95 mt=P len=0
PKT t=20816 RX ua=95 mt=R len=7
PKT t=21101 TX ua=96 mt=P len=0
PKT t=21381 TX ua=95 mt=P len=0
PKT t=21390 RX ua=95 mt=R len=7
PKT t=21395 TX ua=95 mt=T len=7
PKT t=21407 TX ua=95 mt=P len=0
PKT t=21416 RX ua=95 mt=R len=7
PKT t=21421 TX ua=95 mt=P len=0
PKT t=21430 RX ua=95 mt=R len=7
PKT t=21435 TX ua=95 mt=P len=0
PKT t=21444 RX ua=95 mt=R len=7
PKT t=21449 TX ua=95 mt=P len=0
PKT t=21458 RX ua=95 mt=R len=7
PKT t=21463 TX ua=95 mt=P len=0
PKT t=21516 RX ua=95 mt=R len=7
PKT t=21521 TX ua=95 mt=P len=0
PKT t=21530 RX ua=95 mt=R len=7
PKT t=21535 TX ua=95 mt=P len=0
PKT t=21544 RX ua=95 mt=R len=7
PKT t=21549 TX ua=95 mt=P len=0
PKT t=21558 RX ua=95 mt=R len=7
PKT t=21563 TX ua=95 mt=P len=0
PKT t=21594 RX ua=95 mt=R len=7
PKT t=21599 TX ua=95 mt=P len=0
PKT t=21656 RX ua=95 mt=R len=7
PKT t=21661 TX ua=95 mt=T len=7
PKT t=21674 TX ua=95 mt=P len=0
PKT t=21696 RX ua=95 mt=R len=7
PKT t=21701 TX ua=95 mt=P len=0
PKT t=21711 RX ua=95 mt=R len=7
PKT t=21716 TX ua=95 mt=P len=0
PKT t=21726 RX ua=95 mt=R len=7
PKT t=21731 TX ua=95 mt=P len=0
PKT t=21741 RX ua=95 mt=R len=7
PKT t=21746 TX ua=95 mt=P len=0
PKT t=21796 RX ua=95 mt=R len=7
PKT t=22086 TX ua=96 mt=P len=0
PKT t=22361 TX ua=95 mt=P len=0
PKT t=22371 RX ua=95 mt=R len=7
PKT t=22376 TX ua=95 mt=T len=7
PKT t=22389 TX ua=95 mt=P len=0
PKT t=22398 RX ua=95 mt=R len=7
PKT t=22403 TX ua=95 mt=T len=7
PKT t=22415 TX ua=95 mt=P len=0
PKT t=22424 RX ua=95 mt=R len=7
PKT t=22429 TX ua=95 mt=P len=0
PKT t=22438 RX ua=95 mt=R len=7
PKT t=22443 TX ua=95 mt=P len=0
PKT t=22496 RX ua=95 mt=R len=7
PKT t=22501 TX ua=95 mt=T len=7
PKT t=22513 TX ua=95 mt=P len=0
PKT t=22522 RX ua=95 mt=R len=7
PKT t=22527 TX ua=95 mt=P len=0
PKT t=22536 RX ua=95 mt=R len=7
PKT t=22541 TX ua=95 mt=P len=0
PKT t=22550 RX ua=95 mt=R len=7
PKT t=22555 TX ua=95 mt=P len=0
PKT t=22564 RX ua=95 mt=R len=7
PKT t=22569 TX ua=95 mt=P len=0
PKT t=22636 RX ua=95 mt=R len=7
PKT t=22641 TX ua=95 mt=P len=0
PKT t=22650 RX ua=95 mt=R len=7
PKT t=22655 TX ua=95 mt=P len=0
PKT t=22664 RX ua=95 mt=R len=7
PKT t=22669 TX ua=95 mt=P len=0
PKT t=22698 RX ua=95 mt=R len=7
PKT t=22703 TX ua=95 mt=P len=0
PKT t=22712 RX ua=95 mt=R len=7
PKT t=22717 TX ua=95 mt=P len=0
PKT t=22726 RX ua=95 mt=R len=7
PKT t=22776 TX ua=95 mt=P len=0
PKT t=22798 RX ua=95 mt=R len=7
PKT t=22802 TX ua=95 mt=T len=7
PKT t=22814 TX ua=95 mt=P len=0
PKT t=22823 RX ua=95 mt=R len=7
PKT t=22828 TX ua=95 mt=P len=0
PKT t=22837 RX ua=95 mt=R len=7
PKT t=22842 TX ua=95 mt=P len=0
PKT t=22851 RX ua=95 mt=R len=7
PKT t=22856 TX ua=95 mt=P len=0
PKT t=22865 RX ua=95 mt=R len=7
PKT t=22916 TX ua=95 mt=P len=0
PKT t=22925 RX ua=95 mt=R len=7
PKT t=22930 TX ua=95 mt=P len=0
PKT t=22939 RX ua=95 mt=R len=7
PKT t=22944 TX ua=95 mt=P len=0
PKT t=22953 RX ua=95 mt=R len=7
PKT t=22958 TX ua=95 mt=P len=0
PKT t=22967 RX ua=95 mt=R len=7
PKT t=22972 TX ua=95 mt=P len=0
PKT t=23001 RX ua=95 mt=R len=7
PKT t=23006 TX ua=95 mt=P len=0
PKT t=23056 RX ua=95 mt=R len=7
PKT t=23341 TX ua=96 mt=P len=0
PKT t=23621 TX ua=95 mt=P len=0
PKT t=23630 RX ua=95 mt=R len=7
PKT t=23635 TX ua=95 mt=T len=7
PKT t=23647 TX ua=95 mt=P len=0
PKT t=23656 RX ua=95 mt=R len=7
PKT t=23661 TX ua=95 mt=P len=0
PKT t=23670 RX ua=95 mt=R len=7
PKT t=23675 TX ua=95 mt=P len=0
PKT t=23704 RX ua=95 mt=R len=7
PKT t=23756 TX ua=95 mt=P len=0
PKT t=23765 RX ua=95 mt=R len=7
PKT t=23770 TX ua=95 mt=P len=0
PKT t=23804 RX ua=95 mt=R len=7
PKT t=23808 TX ua=95 mt=P len=0
PKT t=23817 RX ua=95 mt=R len=7
PKT t=23822 TX ua=95 mt=P len=0
PKT t=23831 RX ua=95 mt=R len=7
PKT t=23836 TX ua=95 mt=P len=0
PKT t=23845 RX ua=95 mt=R len=7
PKT t=23896 TX ua=95 mt=P len=0
PKT t=23905 RX ua=95 mt=R len=7
PKT t=23910 TX ua=95 mt=T len=7
PKT t=23922 TX ua=95 mt=P len=0
PKT t=23932 RX ua=95 mt=R len=7
PKT t=23937 TX ua=95 mt=P len=0
PKT t=23947 RX ua=95 mt=R len=7
PKT t=23952 TX ua=95 mt=P len=0
PKT t=23962 RX ua=95 mt=R len=7
PKT t=23967 TX ua=95 mt=P len=0
PKT t=23977 RX ua=95 mt=R len=7
PKT t=23982 TX ua=95 mt=P len=0
PKT t=24036 RX ua=95 mt=R len=7
PKT t=24041 TX ua=95 mt=P len=0
PKT t=24051 RX ua=95 mt=R len=7
PKT t=24056 TX ua=95 mt=P len=0
PKT t=24066 RX ua=95 mt=R len=7
PKT t=24071 TX ua=95 mt=P len=0
PKT t=24081 RX ua=95 mt=R len=7
PKT t=24086 TX ua=95 mt=P len=0
PKT t=24115 RX ua=95 mt=R len=7
PKT t=24120 TX ua=95 mt=P len=0
PKT t=24176 RX ua=95 mt=R len=7
PKT t=24181 TX ua=95 mt=T len=7
PKT t=24193 TX ua=95 mt=P len=0
PKT t=24215 RX ua=95 mt=R len=7
PKT t=24220 TX ua=95 mt=P len=0
PKT t=24229 RX ua=95 mt=R len=7
PKT t=24234 TX ua=95 mt=P len=0
PKT t=24243 RX ua=95 mt=R len=7
PKT t=24248 TX ua=95 mt=P len=0
PKT t=24257 RX ua=95 mt=R len=7
PKT t=24262 TX ua=95 mt=P len=0
PKT t=24316 RX ua=95 mt=R len=7
PKT t=24321 TX ua=95 mt=P len=0
PKT t=24330 RX ua=95 mt=R len=7
PKT t=24335 TX ua=95 mt=P len=0
PKT t=24344 RX ua=95 mt=R len=7
PKT t=24349 TX ua=95 mt=P len=0
PKT t=24358 RX ua=95 mt=R len=7
PKT t=24363 TX ua=95 mt=P len=0
PKT t=24372 RX ua=95 mt=R len=7
PKT t=24377 TX ua=95 mt=P len=0
PKT t=24386 RX ua=95 mt=R len=7
PKT t=24391 TX ua=95 mt=P len=0
PKT t=24456 RX ua=95 mt=R len=7
PKT t=24461 TX ua=95 mt=T len=7
PKT t=24473 TX ua=95 mt=P len=0
PKT t=24482 RX ua=95 mt=R len=7
PKT t=24487 TX ua=95 mt=P len=0
PKT t=24520 RX ua=95 mt=R len=7
PKT t=24524 TX ua=95 mt=P len=0
PKT t=24533 RX ua=95 mt=R len=7
PKT t=24538 TX ua=95 mt=P len=0
PKT t=24596 RX ua=95 mt=R len=7
PKT t=24601 TX ua=95 mt=P len=0
PKT t=24620 RX ua=95 mt=R len=7
PKT t=24624 TX ua=95 mt=P len=0
PKT t=24633 RX ua=95 mt=R len=7
PKT t=24638 TX ua=95 mt=P len=0
PKT t=24647 RX ua=95 mt=R len=7
PKT t=24652 TX ua=95 mt=P len=0
PKT t=24661 RX ua=95 mt=R len=7
PKT t=24666 TX ua=95 mt=P len=0
PKT t=24675 RX ua=95 mt=R len=7
PKT t=24680 TX ua=95 mt=P len=0
PKT t=24736 RX ua=95 mt=R len=7
PKT t=24741 TX ua=95 mt=T len=7
PKT t=24753 TX ua=95 mt=P len=0
PKT t=24762 RX ua=95 mt=R len=7
PKT t=24767 TX ua=95 mt=P len=0
PKT t=24776 RX ua=95 mt=R len=7
PKT t=24781 TX ua=95 mt=P len=0
PKT t=24790 RX ua=95 mt=R len=7
PKT t=24795 TX ua=95 mt=P len=0
PKT t=24824 RX ua=95 mt=R len=7
PKT t=24876 TX ua=95 mt=P len=0
PKT t=24885 RX ua=95 mt=R len=7
PKT t=24890 TX ua=95 mt=P len=0
PKT t=24924 RX ua=95 mt=R len=7
PKT t=24928 TX ua=95 mt=P len=0
PKT t=24937 RX ua=95 mt=R len=7
PKT t=24942 TX ua=95 mt=P len=0
PKT t=24951 RX ua=95 mt=R len=7
PKT t=24956 TX ua=95 mt=P len=0
PKT t=24965 RX ua=95 mt=R len=7
PKT t=25016 TX ua=95 mt=P len=0
PKT t=25025 RX ua=95 mt=R len=7
PKT t=25030 TX ua=95 mt=T len=7
PKT t=25042 TX ua=95 mt=P len=0
PKT t=25051 RX ua=95 mt=R len=7
PKT t=25056 TX ua=95 mt=P len=0
PKT t=25065 RX ua=95 mt=R len=7
PKT t=25070 TX ua=95 mt=P len=0
PKT t=25079 RX ua=95 mt=R len=7
PKT t=25084 TX ua=95 mt=P len=0
PKT t=25093 RX ua=95 mt=R len=7
PKT t=25098 TX ua=95 mt=P len=0
PKT t=25156 RX ua=95 mt=R len=7
PKT t=25161 TX ua=95 mt=P len=0
PKT t=25170 RX ua=95 mt=R len=7
PKT t=25175 TX ua=95 mt=P len=0
PKT t=25184 RX ua=95 mt=R len=7
PKT t=25189 TX ua=95 mt=P len=0
PKT t=25198 RX ua=95 mt=R len=7
PKT t=25203 TX ua=95 mt=P len=0
PKT t=25232 RX ua=95 mt=R len=7
PKT t=25237 TX ua=95 mt=P len=0
PKT t=25246 RX ua=95 mt=R len=7
PKT t=25296 TX ua=95 mt=P len=0
PKT t=25305 RX ua=95 mt=R len=7
PKT t=25310 TX ua=95 mt=T len=7
PKT t=25322 TX ua=95 mt=P len=0
PKT t=25341 RX ua=95 mt=R len=7
PKT t=25346 TX ua=95 mt=P len=0
PKT t=25355 RX ua=95 mt=R len=7
PKT t=25360 TX ua=95 mt=P len=0
PKT t=25369 RX ua=95 mt=R len=7
PKT t=25374 TX ua=95 mt=P len=0
PKT t=25383 RX ua=95 mt=R len=7
PKT t=25436 TX ua=95 mt=P len=0
PKT t=25445 RX ua=95 mt=R len=7
PKT t=25450 TX ua=95 mt=T len=7
PKT t=25462 TX ua=95 mt=P len=0
PKT t=25471 RX ua=95 mt=R len=7
PKT t=25476 TX ua=95 mt=P len=0
PKT t=25485 RX ua=95 mt=R len=7
PKT t=25490 TX ua=95 mt=P len=0
PKT t=25499 RX ua=95 mt=R len=7
PKT t=25504 TX ua=95 mt=P len=0
PKT t=25513 RX ua=95 mt=R len=7
PKT t=25518 TX ua=95 mt=P len=0
PKT t=25576 RX ua=95 mt=R len=7
PKT t=25581 TX ua=95 mt=T len=7
PKT t=25593 TX ua=95 mt=P len=0
PKT t=25602 RX ua=95 mt=R len=7
PKT t=25607 TX ua=95 mt=P len=0
PKT t=25616 RX ua=95 mt=R len=7
PKT t=25621 TX ua=95 mt=P len=0
PKT t=25650 RX ua=95 mt=R len=7
PKT t=25655 TX ua=95 mt=P len=0
PKT t=25664 RX ua=95 mt=R len=7
PKT t=25716 TX ua=95 mt=P len=0
PKT t=25750 RX ua=95 mt=R len=7
PKT t=25755 TX ua=95 mt=P len=0
PKT t=25764 RX ua=95 mt=R len=7
PKT t=25769 TX ua=95 mt=P len=0
PKT t=25778 RX ua=95 mt=R len=7
PKT t=25783 TX ua=95 mt=P len=0
PKT t=25792 RX ua=95 mt=R len=7
PKT t=25797 TX ua=95 mt=P len=0
PKT t=25806 RX ua=95 mt=R len=7
PKT t=25856 TX ua=95 mt=P len=0
PKT t=25865 RX ua=95 mt=R len=7
PKT t=25870 TX ua=95 mt=T len=7
PKT t=25882 TX ua=95 mt=P len=0
PKT t=25891 RX ua=95 mt=R len=7
PKT t=25896 TX ua=95 mt=P len=0
PKT t=25905 RX ua=95 mt=R len=7
PKT t=25910 TX ua=95 mt=P len=0
PKT t=25919 RX ua=95 mt=R len=7
PKT t=25924 TX ua=95 mt=P len=0
PKT t=25996 RX ua=95 mt=R len=7
PKT t=26001 TX ua=95 mt=P len=0
PKT t=26010 RX ua=95 mt=R len=7
PKT t=26015 TX ua=95 mt=P len=0
PKT t=26024 RX ua=95 mt=R len=7
PKT t=26029 TX ua=95 mt=P len=0
PKT t=26058 RX ua=95 mt=R len=7
PKT t=26063 TX ua=95 mt=P len=0
PKT t=26072 RX ua=95 mt=R len=7
PKT t=26077 TX ua=95 mt=P len=0
PKT t=26086 RX ua=95 mt=R len=7
PKT t=26136 TX ua=95 mt=P len=0
PKT t=26162 RX ua=95 mt=R len=7
PKT t=26167 TX ua=95 mt=T len=7
PKT t=26179 TX ua=95 mt=P len=0
PKT t=26189 RX ua=95 mt=R len=7
PKT t=26194 TX ua=95 mt=P len=0
PKT t=26204 RX ua=95 mt=R len=7
PKT t=26209 TX ua=95 mt=P len=0
PKT t=26219 RX ua=95 mt=R len=7
PKT t=26224 TX ua=95 mt=P len=0
PKT t=26276 RX ua=95 mt=R len=7
PKT t=26281 TX ua=95 mt=P len=0
PKT t=26291 RX ua=95 mt=R len=7
PKT t=26296 TX ua=95 mt=P len=0
PKT t=26306 RX ua=95 mt=R len=7
PKT t=26311 TX ua=95 mt=P len=0
PKT t=26321 RX ua=95 mt=R len=7
PKT t=26326 TX ua=95 mt=P len=0
PKT t=26358 RX ua=95 mt=R len=7
PKT t=26363 TX ua=95 mt=P len=0
PKT t=26416 RX ua=95 mt=R len=7
PKT t=26421 TX ua=95 mt=T len=7
PKT t=26433 TX ua=95 mt=P len=0
PKT t=26461 RX ua=95 mt=R len=7
PKT t=26466 TX ua=95 mt=T len=7
PKT t=26479 TX ua=95 mt=P len=0
PKT t=26488 RX ua=95 mt=R len=7
PKT t=26493 TX ua=95 mt=T len=7
PKT t=26506 TX ua=95 mt=P len=0
PKT t=26556 RX ua=95 mt=R len=7
PKT t=26841 TX ua=96 mt=P len=0
PKT t=27121 TX ua=95 mt=P len=0
PKT t=27130 RX ua=95 mt=R len=7
PKT t=27135 TX ua=95 mt=T len=7
PKT t=27148 TX ua=95 mt=P len=0
PKT t=27166 RX ua=95 mt=R len=7
PKT t=27171 TX ua=95 mt=P len=0
PKT t=27180 RX ua=95 mt=R len=7
PKT t=27185 TX ua=95 mt=P len=0
PKT t=27194 RX ua=95 mt=R len=7
PKT t=27199 TX ua=95 mt=P len=0
PKT t=27256 RX ua=95 mt=R len=7
PKT t=27261 TX ua=95 mt=T len=7
PKT t=27274 TX ua=95 mt=P len=0
PKT t=27283 RX ua=95 mt=R len=7
PKT t=27288 TX ua=95 mt=P len=0
PKT t=27297 RX ua=95 mt=R len=7
PKT t=27302 TX ua=95 mt=P len=0
PKT t=27311 RX ua=95 mt=R len=7
PKT t=27316 TX ua=95 mt=P len=0
PKT t=27325 RX ua=95 mt=R len=7
PKT t=27330 TX ua=95 mt=P len=0
PKT t=27396 RX ua=95 mt=R len=7
PKT t=27401 TX ua=95 mt=P len=0
PKT t=27410 RX ua=95 mt=R len=7
PKT t=27415 TX ua=95 mt=P len=0
PKT t=27424 RX ua=95 mt=R len=7
PKT t=27429 TX ua=95 mt=P len=0
PKT t=27438 RX ua=95 mt=R len=7
PKT t=27443 TX ua=95 mt=T len=7
PKT t=27455 TX ua=95 mt=P len=0
PKT t=27474 RX ua=95 mt=R len=7
PKT t=27479 TX ua=95 mt=P len=0
PKT t=27536 RX ua=95 mt=R len=7
PKT t=27541 TX ua=95 mt=T len=7
PKT t=27553 TX ua=95 mt=P len=0
PKT t=27574 RX ua=95 mt=R len=7
PKT t=27579 TX ua=95 mt=P len=0
PKT t=27588 RX ua=95 mt=R len=7
PKT t=27593 TX ua=95 mt=P len=0
PKT t=27602 RX ua=95 mt=R len=7
PKT t=27607 TX ua=95 mt=P len=0
PKT t=27616 RX ua=95 mt=R len=7
PKT t=27621 TX ua=95 mt=P len=0
PKT t=27676 RX ua=95 mt=R len=7
PKT t=27681 TX ua=95 mt=P len=0
PKT t=27690 RX ua=95 mt=R len=7
PKT t=27695 TX ua=95 mt=P len=0
PKT t=27704 RX ua=95 mt=R len=7
PKT t=27709 TX ua=95 mt=P len=0
PKT t=27718 RX ua=95 mt=R len=7
PKT t=27723 TX ua=95 mt=P len=0
PKT t=27732 RX ua=95 mt=R len=7
PKT t=27737 TX ua=95 mt=P len=0
PKT t=27746 RX ua=95 mt=R len=7
PKT t=27751 TX ua=95 mt=P len=0
PKT t=27816 RX ua=95 mt=R len=7
PKT t=27821 TX ua=95 mt=T len=7
PKT t=27833 TX ua=95 mt=P len=0
PKT t=27842 RX ua=95 mt=R len=7
PKT t=27847 TX ua=95 mt=P len=0
PKT t=27880 RX ua=95 mt=R len=7
PKT t=27885 TX ua=95 mt=P len=0
PKT t=27894 RX ua=95 mt=R len=7
PKT t=27899 TX ua=95 mt=P len=0
PKT t=27956 RX ua=95 mt=R len=7
PKT t=27961 TX ua=95 mt=P len=0
PKT t=27980 RX ua=95 mt=R len=7
PKT t=27985 TX ua=95 mt=P len=0
PKT t=27994 RX ua=95 mt=R len=7
PKT t=27999 TX ua=95 mt=P len=0
PKT t=28008 RX ua=95 mt=R len=7
PKT t=28013 TX ua=95 mt=P len=0
PKT t=28022 RX ua=95 mt=R len=7
PKT t=28027 TX ua=95 mt=P len=0
PKT t=28036 RX ua=95 mt=R len=7
PKT t=28041 TX ua=95 mt=P len=0
PKT t=28299 TX ua=96 mt=P len=0
PKT t=28557 TX ua=95 mt=P len=0
PKT t=28566 RX ua=95 mt=R len=7
PKT t=28571 TX ua=95 mt=T len=7
PKT t=28583 TX ua=95 mt=P len=0
PKT t=28593 RX ua=95 mt=R len=7
PKT t=28598 TX ua=95 mt=P len=0
PKT t=28656 RX ua=95 mt=R len=7
PKT t=28661 TX ua=95 mt=T len=7
PKT t=28673 TX ua=95 mt=P len=0
PKT t=28686 RX ua=95 mt=R len=7
PKT t=28691 TX ua=95 mt=P len=0
PKT t=28700 RX ua=95 mt=R len=7
PKT t=28705 TX ua=95 mt=P len=0
PKT t=28714 RX ua=95 mt=R len=7
PKT t=28719 TX ua=95 mt=P len=0
PKT t=28728 RX ua=95 mt=R len=7
PKT t=28733 TX ua=95 mt=P len=0
PKT t=28742 RX ua=95 mt=R len=7
PKT t=28747 TX ua=95 mt=P len=0
PKT t=28797 RX ua=95 mt=R len=7
PKT t=29081 TX ua=96 mt=P len=0
PKT t=29361 TX ua=95 mt=P len=0
PKT t=29370 RX ua=95 mt=R len=7
PKT t=29375 TX ua=95 mt=T len=7
PKT t=29387 TX ua=95 mt=P len=0
PKT t=29396 RX ua=95 mt=R len=7
PKT t=29401 TX ua=95 mt=P len=0
PKT t=29410 RX ua=95 mt=R len=7
PKT t=29415 TX ua=95 mt=P len=0
PKT t=29424 RX ua=95 mt=R len=7
PKT t=29429 TX ua=95 mt=P len=0
PKT t=29438 RX ua=95 mt=R len=7
PKT t=29443 TX ua=95 mt=T len=7
PKT t=29503 TX ua=95 mt=P len=0
PKT t=29512 RX ua=95 mt=R len=7
PKT t=29517 TX ua=95 mt=P len=0
PKT t=29526 RX ua=95 mt=R len=7
PKT t=29531 TX ua=95 mt=P len=0
PKT t=29540 RX ua=95 mt=R len=7
PKT t=29545 TX ua=95 mt=P len=0
PKT t=29554 RX ua=95 mt=R len=7
PKT t=29559 TX ua=95 mt=P len=0
PKT t=29636 RX ua=95 mt=R len=7
PKT t=29641 TX ua=95 mt=P len=0
PKT t=29650 RX ua=95 mt=R len=7
PKT t=29655 TX ua=95 mt=P len=0
PKT t=29664 RX ua=95 mt=R len=7
PKT t=29669 TX ua=95 mt=P len=0
PKT t=29699 RX ua=95 mt=R len=7
PKT t=29704 TX ua=95 mt=P len=0
PKT t=29713 RX ua=95 mt=R len=7
PKT t=29718 TX ua=95 mt=P len=0
PKT t=29776 RX ua=95 mt=R len=7
PKT t=29781 TX ua=95 mt=T len=7
PKT t=29794 TX ua=95 mt=P len=0
PKT t=29803 RX ua=95 mt=R len=7
PKT t=29808 TX ua=95 mt=P len=0
PKT t=29817 RX ua=95 mt=R len=7
PKT t=29822 TX ua=95 mt=P len=0
PKT t=29831 RX ua=95 mt=R len=7
PKT t=29836 TX ua=95 mt=P len=0
PKT t=29845 RX ua=95 mt=R len=7
PKT t=29850 TX ua=95 mt=P len=0
PKT t=29859 RX ua=95 mt=R len=7
PKT t=29864 TX ua=95 mt=P len=0
PKT t=29916 RX ua=95 mt=R len=7
PKT t=29921 TX ua=95 mt=P len=0
PKT t=29930 RX ua=95 mt=R len=7
PKT t=29935 TX ua=95 mt=P len=0
PKT t=29944 RX ua=95 mt=R len=7
PKT t=29949 TX ua=95 mt=P len=0
PKT t=29958 RX ua=95 mt=R len=7
PKT t=29963 TX ua=95 mt=P len=0
PKT t=29972 RX ua=95 mt=R len=7
PKT t=29977 TX ua=95 mt=P len=0
PKT t=30056 RX ua=95 mt=R len=7
PKT t=30061 TX ua=95 mt=T len=7
PKT t=30074 TX ua=95 mt=P len=0
PKT t=30107 RX ua=95 mt=R len=7
PKT t=30112 TX ua=95 mt=P len=0
PKT t=30121 RX ua=95 mt=R len=7
PKT t=30126 TX ua=95 mt=P len=0
PKT t=30135 RX ua=95 mt=R len=7
PKT t=30140 TX ua=95 mt=P len=0
PKT t=30196 RX ua=95 mt=R len=7
PKT t=30201 TX ua=95 mt=P len=0
PKT t=30210 RX ua=95 mt=R len=7
PKT t=30215 TX ua=95 mt=P len=0
PKT t=30224 RX ua=95 mt=R len=7
PKT t=30229 TX ua=95 mt=P len=0
PKT t=30238 RX ua=95 mt=R len=7
PKT t=30243 TX ua=95 mt=P len=0
PKT t=30252 RX ua=95 mt=R len=7
PKT t=30257 TX ua=95 mt=P len=0
PKT t=30266 RX ua=95 mt=R len=7
PKT t=30271 TX ua=95 mt=P len=0
PKT t=30280 RX ua=95 mt=R len=7
PKT t=30285 TX ua=95 mt=P len=0
PKT t=30336 RX ua=95 mt=R len=7
PKT t=30621 TX ua=96 mt=P len=0
PKT t=30901 TX ua=95 mt=P len=0
PKT t=30911 RX ua=95 mt=R len=7
PKT t=30916 TX ua=95 mt=T len=7
PKT t=30928 TX ua=95 mt=P len=0
PKT t=30937 RX ua=95 mt=R len=7
PKT t=30942 TX ua=95 mt=P len=0
PKT t=30951 RX ua=95 mt=R len=7
PKT t=30956 TX ua=95 mt=P len=0
PKT t=30965 RX ua=95 mt=R len=7
PKT t=30970 TX ua=95 mt=P len=0
PKT t=30979 RX ua=95 mt=R len=7
PKT t=30984 TX ua=95 mt=P len=0
PKT t=31036 RX ua=95 mt=R len=7
PKT t=31041 TX ua=95 mt=P len=0
PKT t=31050 RX ua=95 mt=R len=7
PKT t=31055 TX ua=95 mt=P len=0
PKT t=31064 RX ua=95 mt=R len=7
PKT t=31069 TX ua=95 mt=P len=0
PKT t=31078 RX ua=95 mt=R len=7
PKT t=31083 TX ua=95 mt=P len=0
PKT t=31114 RX ua=95 mt=R len=7
PKT t=31119 TX ua=95 mt=P len=0
PKT t=31176 RX ua=95 mt=R len=7
PKT t=31181 TX ua=95 mt=T len=7
PKT t=31193 TX ua=95 mt=P len=0
PKT t=31215 RX ua=95 mt=R len=7
PKT t=31220 TX ua=95 mt=P len=0
PKT t=31229 RX ua=95 mt=R len=7
PKT t=31234 TX ua=95 mt=P len=0
PKT t=31243 RX ua=95 mt=R len=7
PKT t=31248 TX ua=95 mt=P len=0
PKT t=31257 RX ua=95 mt=R len=7
PKT t=31262 TX ua=95 mt=P len=0
PKT t=31316 RX ua=95 mt=R len=7
PKT t=31321 TX ua=95 mt=P len=0
PKT t=31330 RX ua=95 mt=R len=7
PKT t=31335 TX ua=95 mt=P len=0
PKT t=31344 RX ua=95 mt=R len=7
PKT t=31349 TX ua=95 mt=P len=0
PKT t=31358 RX ua=95 mt=R len=7
PKT t=31363 TX ua=95 mt=P len=0
PKT t=31372 RX ua=95 mt=R len=7
PKT t=31377 TX ua=95 mt=P len=0
PKT t=31386 RX ua=95 mt=R len=7
PKT t=31391 TX ua=95 mt=P len=0
PKT t=31456 RX ua=95 mt=R len=7
PKT t=31461 TX ua=95 mt=T len=7
PKT t=31473 TX ua=95 mt=P len=0
PKT t=31482 RX ua=95 mt=R len=7
PKT t=31487 TX ua=95 mt=T len=7
PKT t=31499 TX ua=95 mt=P len=0
PKT t=31521 RX ua=95 mt=R len=7
PKT t=31526 TX ua=95 mt=P len=0
PKT t=31535 RX ua=95 mt=R len=7
PKT t=31540 TX ua=95 mt=P len=0
PKT t=31596 RX ua=95 mt=R len=7
PKT t=31601 TX ua=95 mt=P len=0
PKT t=31620 RX ua=95 mt=R len=7
PKT t=31625 TX ua=95 mt=P len=0
PKT t=31634 RX ua=95 mt=R len=7
PKT t=31639 TX ua=95 mt=P len=0
PKT t=31648 RX ua=95 mt=R len=7
PKT t=31653 TX ua=95 mt=P len=0
PKT t=31662 RX ua=95 mt=R len=7
PKT t=31667 TX ua=95 mt=P len=0
PKT t=31676 RX ua=95 mt=R len=7
PKT t=31681 TX ua=95 mt=P len=0
PKT t=31736 RX ua=95 mt=R len=7
PKT t=31741 TX ua=95 mt=T len=7
PKT t=31753 TX ua=95 mt=P len=0
PKT t=31762 RX ua=95 mt=R len=7
PKT t=31767 TX ua=95 mt=P len=0
PKT t=31776 RX ua=95 mt=R len=7
PKT t=31781 TX ua=95 mt=P len=0
PKT t=31790 RX ua=95 mt=R len=7
PKT t=31795 TX ua=95 mt=P len=0
PKT t=31824 RX ua=95 mt=R len=7
PKT t=31876 TX ua=95 mt=P len=0
PKT t=31885 RX ua=95 mt=R len=7
PKT t=31890 TX ua=95 mt=P len=0
PKT t=31924 RX ua=95 mt=R len=7
PKT t=31929 TX ua=95 mt=P len=0
PKT t=31938 RX ua=95 mt=R len=7
PKT t=31943 TX ua=95 mt=P len=0
PKT t=31952 RX ua=95 mt=R len=7
PKT t=31957 TX ua=95 mt=P len=0
PKT t=31966 RX ua=95 mt=R len=7
PKT t=32016 TX ua=95 mt=P len=0
PKT t=32025 RX ua=95 mt=R len=7
PKT t=32030 TX ua=95 mt=T len=7
PKT t=32042 TX ua=95 mt=P len=0
PKT t=32051 RX ua=95 mt=R len=7
PKT t=32056 TX ua=95 mt=P len=0
PKT t=32065 RX ua=95 mt=R len=7
PKT t=32070 TX ua=95 mt=P len=0
PKT t=32079 RX ua=95 mt=R len=7
PKT t=32084 TX ua=95 mt=P len=0
PKT t=32093 RX ua=95 mt=R len=7
PKT t=32102 TX ua=95 mt=P len=0
PKT t=32156 RX ua=95 mt=R len=7
PKT t=32161 TX ua=95 mt=P len=0
PKT t=32170 RX ua=95 mt=R len=7
PKT t=32175 TX ua=95 mt=P len=0
PKT t=32184 RX ua=95 mt=R len=7
PKT t=32189 TX ua=95 mt=P len=0
PKT t=32198 RX ua=95 mt=R len=7
PKT t=32203 TX ua=95 mt=P len=0
PKT t=32232 RX ua=95 mt=R len=7
PKT t=32237 TX ua=95 mt=P len=0
PKT t=32246 RX ua=95 mt=R len=7
PKT t=32296 TX ua=95 mt=P len=0
PKT t=32305 RX ua=95 mt=R len=7
PKT t=32310 TX ua=95 mt=T len=7
PKT t=32322 TX ua=95 mt=P len=0
PKT t=32341 RX ua=95 mt=R len=7
PKT t=32346 TX ua=95 mt=P len=0
PKT t=32355 RX ua=95 mt=R len=7
PKT t=32360 TX ua=95 mt=P len=0
PKT t=32369 RX ua=95 mt=R len=7
PKT t=32374 TX ua=95 mt=P len=0
PKT t=32383 RX ua=95 mt=R len=7
PKT t=32436 TX ua=95 mt=P len=0
PKT t=32446 RX ua=95 mt=R len=7
PKT t=32451 TX ua=95 mt=P len=0
PKT t=32460 RX ua=95 mt=R len=7
PKT t=32465 TX ua=95 mt=P len=0
PKT t=32474 RX ua=95 mt=R len=7
PKT t=32479 TX ua=95 mt=T len=7
PKT t=32491 TX ua=95 mt=P len=0
PKT t=32500 RX ua=95 mt=R len=7
PKT t=32505 TX ua=95 mt=P len=0
PKT t=32576 RX ua=95 mt=R len=7
PKT t=32581 TX ua=95 mt=T len=7
PKT t=32593 TX ua=95 mt=P len=0
PKT t=32602 RX ua=95 mt=R len=7
PKT t=32607 TX ua=95 mt=P len=0
PKT t=32639 RX ua=95 mt=R len=7
PKT t=32644 TX ua=95 mt=P len=0
PKT t=32653 RX ua=95 mt=R len=7
PKT t=32658 TX ua=95 mt=P len=0
PKT t=32716 RX ua=95 mt=R len=7
PKT t=32721 TX ua=95 mt=P len=0
PKT t=32739 RX ua=95 mt=R len=7
PKT t=32744 TX ua=95 mt=P len=0
PKT t=32753 RX ua=95 mt=R len=7
PKT t=32758 TX ua=95 mt=P len=0
PKT t=32767 RX ua=95 mt=R len=7
PKT t=32772 TX ua=95 mt=P len=0
PKT t=32781 RX ua=95 mt=R len=7
PKT t=32786 TX ua=95 mt=P len=0
PKT t=32795 RX ua=95 mt=R len=7
PKT t=32800 TX ua=95 mt=P len=0
PKT t=32856 RX ua=95 mt=R len=7
PKT t=32861 TX ua=95 mt=T len=7
PKT t=32873 TX ua=95 mt=P len=0
PKT t=32883 RX ua=95 mt=R len=7
PKT t=32888 TX ua=95 mt=P len=0
PKT t=32898 RX ua=95 mt=R len=7
PKT t=32903 TX ua=95 mt=P len=0
PKT t=32913 RX ua=95 mt=R len=7
PKT t=32918 TX ua=95 mt=P len=0
PKT t=32996 RX ua=95 mt=R len=7
PKT t=33001 TX ua=95 mt=P len=0
PKT t=33011 RX ua=95 mt=R len=7
PKT t=33016 TX ua=95 mt=P len=0
PKT t=33047 RX ua=95 mt=R len=7
PKT t=33052 TX ua=95 mt=P len=0
PKT t=33062 RX ua=95 mt=R len=7
PKT t=33067 TX ua=95 mt=P len=0
PKT t=33077 RX ua=95 mt=R len=7
PKT t=33082 TX ua=95 mt=P len=0
PKT t=33136 RX ua=95 mt=R len=7
PKT t=33141 TX ua=95 mt=T len=7
PKT t=33153 TX ua=95 mt=P len=0
PKT t=33162 RX ua=95 mt=R len=7
PKT t=33167 TX ua=95 mt=P len=0
PKT t=33176 RX ua=95 mt=R len=7
PKT t=33181 TX ua=95 mt=P len=0
PKT t=33190 RX ua=95 mt=R len=7
PKT t=33195 TX ua=95 mt=P len=0
PKT t=33204 RX ua=95 mt=R len=7
PKT t=33209 TX ua=95 mt=P len=0
PKT t=33218 RX ua=95 mt=R len=7
PKT t=33223 TX ua=95 mt=P len=0
PKT t=33276 RX ua=95 mt=R len=7
PKT t=33281 TX ua=95 mt=P len=0
PKT t=33290 RX ua=95 mt=R len=7
PKT t=33295 TX ua=95 mt=P len=0
PKT t=33304 RX ua=95 mt=R len=7
PKT t=33309 TX ua=95 mt=P len=0
PKT t=33318 RX ua=95 mt=R len=7
PKT t=33323 TX ua=95 mt=P len=0
PKT t=33352 RX ua=95 mt=R len=7
PKT t=33357 TX ua=95 mt=P len=0
PKT t=33366 RX ua=95 mt=R len=7
PKT t=33416 TX ua=95 mt=P len=0
PKT t=33425 RX ua=95 mt=R len=7
PKT t=33430 TX ua=95 mt=T len=7
PKT t=33442 TX ua=95 mt=P len=0
PKT t=33461 RX ua=95 mt=R len=7
PKT t=33466 TX ua=95 mt=P len=0
PKT t=33475 RX ua=95 mt=R len=7
PKT t=33480 TX ua=95 mt=T len=7
PKT t=33492 TX ua=95 mt=P len=0
PKT t=33501 RX ua=95 mt=R len=7
PKT t=33506 TX ua=95 mt=P len=0
PKT t=33556 RX ua=95 mt=R len=7
PKT t=33841 TX ua=96 mt=P len=0
PKT t=34126 TX ua=95 mt=P len=0
PKT t=34135 RX ua=95 mt=R len=7
PKT t=34140 TX ua=95 mt=T len=7
PKT t=34152 TX ua=95 mt=P len=0
PKT t=34161 RX ua=95 mt=R len=7
PKT t=34166 TX ua=95 mt=P len=0
PKT t=34175 RX ua=95 mt=R len=7
PKT t=34180 TX ua=95 mt=P len=0
PKT t=34189 RX ua=95 mt=R len=7
PKT t=34194 TX ua=95 mt=P len=0
PKT t=34203 RX ua=95 mt=R len=7
PKT t=34256 TX ua=95 mt=P len=0
PKT t=34265 RX ua=95 mt=R len=7
PKT t=34270 TX ua=95 mt=T len=7
PKT t=34282 TX ua=95 mt=P len=0
PKT t=34291 RX ua=95 mt=R len=7
PKT t=34296 TX ua=95 mt=P len=0
PKT t=34305 RX ua=95 mt=R len=7
PKT t=34310 TX ua=95 mt=P len=0
PKT t=34319 RX ua=95 mt=R len=7
PKT t=34324 TX ua=95 mt=P len=0
PKT t=34333 RX ua=95 mt=R len=7
PKT t=34338 TX ua=95 mt=P len=0
PKT t=34396 RX ua=95 mt=R len=7
PKT t=34401 TX ua=95 mt=P len=0
PKT t=34410 RX ua=95 mt=R len=7
PKT t=34415 TX ua=95 mt=P len=0
PKT t=34424 RX ua=95 mt=R len=7
PKT t=34429 TX ua=95 mt=P len=0
PKT t=34438 RX ua=95 mt=R len=7
PKT t=34443 TX ua=95 mt=P len=0
PKT t=34472 RX ua=95 mt=R len=7
PKT t=34477 TX ua=95 mt=T len=7
PKT t=34536 TX ua=95 mt=P len=0
PKT t=34545 RX ua=95 mt=R len=7
PKT t=34550 TX ua=95 mt=T len=7
PKT t=34563 TX ua=95 mt=P len=0
PKT t=34581 RX ua=95 mt=R len=7
PKT t=34586 TX ua=95 mt=P len=0
PKT t=34595 RX ua=95 mt=R len=7
PKT t=34600 TX ua=95 mt=P len=0
PKT t=34609 RX ua=95 mt=R len=7
PKT t=34614 TX ua=95 mt=P len=0
PKT t=34623 RX ua=95 mt=R len=7
PKT t=34676 TX ua=95 mt=P len=0
PKT t=34685 RX ua=95 mt=R len=7
PKT t=34690 TX ua=95 mt=P len=0
PKT t=34699 RX ua=95 mt=R len=7
PKT t=34704 TX ua=95 mt=P len=0
PKT t=34713 RX ua=95 mt=R len=7
PKT t=34718 TX ua=95 mt=P len=0
PKT t=34727 RX ua=95 mt=R len=7
PKT t=34732 TX ua=95 mt=P len=0
PKT t=34741 RX ua=95 mt=R len=7
PKT t=34746 TX ua=95 mt=P len=0
PKT t=34816 RX ua=95 mt=R len=7
PKT t=34821 TX ua=95 mt=T len=7
PKT t=34834 TX ua=95 mt=P len=0
PKT t=34843 RX ua=95 mt=R len=7
PKT t=34848 TX ua=95 mt=P len=0
PKT t=34879 RX ua=95 mt=R len=7
PKT t=34884 TX ua=95 mt=P len=0
PKT t=34893 RX ua=95 mt=R len=7
PKT t=34898 TX ua=95 mt=P len=0
PKT t=34956 RX ua=95 mt=R len=7
PKT t=34961 TX ua=95 mt=P len=0
PKT t=34979 RX ua=95 mt=R len=7
PKT t=34984 TX ua=95 mt=P len=0
PKT t=34993 RX ua=95 mt=R len=7
PKT t=34998 TX ua=95 mt=P len=0
PKT t=35007 RX ua=95 mt=R len=7
PKT t=35012 TX ua=95 mt=P len=0
PKT t=35021 RX ua=95 mt=R len=7
PKT t=35026 TX ua=95 mt=P len=0
PKT t=35035 RX ua=95 mt=R len=7
PKT t=35040 TX ua=95 mt=P len=0
PKT t=35096 RX ua=95 mt=R len=7
PKT t=35101 TX ua=95 mt=T len=7
PKT t=35114 TX ua=95 mt=P len=0
PKT t=35124 RX ua=95 mt=R len=7
PKT t=35129 TX ua=95 mt=P len=0
PKT t=35139 RX ua=95 mt=R len=7
PKT t=35144 TX ua=95 mt=P len=0
PKT t=35154 RX ua=95 mt=R len=7
PKT t=35159 TX ua=95 mt=P len=0
PKT t=35236 RX ua=95 mt=R len=7
PKT t=35241 TX ua=95 mt=P len=0
PKT t=35251 RX ua=95 mt=R len=7
PKT t=35256 TX ua=95 mt=P len=0
PKT t=35287 RX ua=95 mt=R len=7
PKT t=35292 TX ua=95 mt=P len=0
PKT t=35302 RX ua=95 mt=R len=7
PKT t=35307 TX ua=95 mt=P len=0
PKT t=35317 RX ua=95 mt=R len=7
PKT t=35322 TX ua=95 mt=P len=0
PKT t=35376 RX ua=95 mt=R len=7
PKT t=35381 TX ua=95 mt=T len=7
PKT t=35394 TX ua=95 mt=P len=0
PKT t=35403 RX ua=95 mt=R len=7
PKT t=35408 TX ua=95 mt=P len=0
PKT t=35417 RX ua=95 mt=R len=7
PKT t=35422 TX ua=95 mt=P len=0
PKT t=35431 RX ua=95 mt=R len=7
PKT t=35436 TX ua=95 mt=P len=0
PKT t=35445 RX ua=95 mt=R len=7
PKT t=35450 TX ua=95 mt=P len=0
PKT t=35459 RX ua=95 mt=R len=7
PKT t=35464 TX ua=95 mt=P len=0
PKT t=35516 RX ua=95 mt=R len=7
PKT t=35521 TX ua=95 mt=T len=7
PKT t=35533 TX ua=95 mt=P len=0
PKT t=35542 RX ua=95 mt=R len=7
PKT t=35547 TX ua=95 mt=P len=0
PKT t=35556 RX ua=95 mt=R len=7
PKT t=35561 TX ua=95 mt=P len=0
PKT t=35593 RX ua=95 mt=R len=7
PKT t=35598 TX ua=95 mt=P len=0
PKT t=35656 RX ua=95 mt=R len=7
PKT t=35661 TX ua=95 mt=T len=7
PKT t=35673 TX ua=95 mt=P len=0
PKT t=35696 RX ua=95 mt=R len=7
PKT t=35701 TX ua=95 mt=P len=0
PKT t=35710 RX ua=95 mt=R len=7
PKT t=35715 TX ua=95 mt=P len=0
PKT t=35724 RX ua=95 mt=R len=7
PKT t=35729 TX ua=95 mt=P len=0
PKT t=35738 RX ua=95 mt=R len=7
PKT t=35743 TX ua=95 mt=P len=0
PKT t=35796 RX ua=95 mt=R len=7
PKT t=35801 TX ua=95 mt=P len=0
PKT t=35810 RX ua=95 mt=R len=7
PKT t=35815 TX ua=95 mt=P len=0
PKT t=35824 RX ua=95 mt=R len=7
PKT t=35829 TX ua=95 mt=P len=0
PKT t=35838 RX ua=95 mt=R len=7
PKT t=35843 TX ua=95 mt=P len=0
PKT t=35852 RX ua=95 mt=R len=7
PKT t=35857 TX ua=95 mt=P len=0
PKT t=35866 RX ua=95 mt=R len=7
PKT t=35871 TX ua=95 mt=P len=0
PKT t=35936 RX ua=95 mt=R len=7
PKT t=35941 TX ua=95 mt=T len=7
PKT t=35953 TX ua=95 mt=P len=0
PKT t=35962 RX ua=95 mt=R len=7
PKT t=35967 TX ua=95 mt=P len=0
PKT t=36000 RX ua=95 mt=R len=7
PKT t=36005 TX ua=95 mt=P len=0
PKT t=36014 RX ua=95 mt=R len=7
PKT t=36019 TX ua=95 mt=P len=0
PKT t=36076 RX ua=95 mt=R len=7
PKT t=36081 TX ua=95 mt=P len=0
PKT t=36100 RX ua=95 mt=R len=7
PKT t=36105 TX ua=95 mt=P len=0
PKT t=36114 RX ua=95 mt=R len=7
PKT t=36121 TX ua=95 mt=P len=0
PKT t=36130 RX ua=95 mt=R len=7
PKT t=36135 TX ua=95 mt=P len=0
PKT t=36144 RX ua=95 mt=R len=7
PKT t=36149 TX ua=95 mt=P len=0
PKT t=36158 RX ua=95 mt=R len=7
PKT t=36163 TX ua=95 mt=P len=0
PKT t=36216 RX ua=95 mt=R len=7
PKT t=36221 TX ua=95 mt=T len=7
PKT t=36233 TX ua=95 mt=P len=0
PKT t=36242 RX ua=95 mt=R len=7
PKT t=36247 TX ua=95 mt=P len=0
PKT t=36256 RX ua=95 mt=R len=7
PKT t=36261 TX ua=95 mt=P len=0
PKT t=36270 RX ua=95 mt=R len=7
PKT t=36275 TX ua=95 mt=P len=0
PKT t=36356 RX ua=95 mt=R len=7
PKT t=36361 TX ua=95 mt=P len=0
PKT t=36370 RX ua=95 mt=R len=7
PKT t=36375 TX ua=95 mt=P len=0
PKT t=36407 RX ua=95 mt=R len=7
PKT t=36412 TX ua=95 mt=P len=0
PKT t=36421 RX ua=95 mt=R len=7
PKT t=36426 TX ua=95 mt=P len=0
PKT t=36435 RX ua=95 mt=R len=7
PKT t=36440 TX ua=95 mt=P len=0
PKT t=36496 RX ua=95 mt=R len=7
PKT t=36501 TX ua=95 mt=T len=7
PKT t=36513 TX ua=95 mt=P len=0
PKT t=36522 RX ua=95 mt=R len=7
PKT t=36527 TX ua=95 mt=T len=7
PKT t=36539 TX ua=95 mt=P len=0
PKT t=36548 RX ua=95 mt=R len=7
PKT t=36553 TX ua=95 mt=P len=0
PKT t=36562 RX ua=95 mt=R len=7
PKT t=36567 TX ua=95 mt=P len=0
PKT t=36576 RX ua=95 mt=R len=7
PKT t=36581 TX ua=95 mt=P len=0
PKT t=36636 RX ua=95 mt=R len=7
PKT t=36641 TX ua=95 mt=P len=0
PKT t=36650 RX ua=95 mt=R len=7
PKT t=36655 TX ua=95 mt=P len=0
PKT t=36664 RX ua=95 mt=R len=7
PKT t=36669 TX ua=95 mt=P len=0
PKT t=36678 RX ua=95 mt=R len=7
PKT t=36683 TX ua=95 mt=P len=0
PKT t=36712 RX ua=95 mt=R len=7
PKT t=36717 TX ua=95 mt=P len=0
PKT t=36726 RX ua=95 mt=R len=7
PKT t=36776 TX ua=95 mt=P len=0
PKT t=36785 RX ua=95 mt=R len=7
PKT t=36790 TX ua=95 mt=T len=7
PKT t=36802 TX ua=95 mt=P len=0
PKT t=36821 RX ua=95 mt=R len=7
PKT t=36826 TX ua=95 mt=P len=0
PKT t=36835 RX ua=95 mt=R len=7
PKT t=36840 TX ua=95 mt=P len=0
PKT t=36849 RX ua=95 mt=R len=7
PKT t=36854 TX ua=95 mt=P len=0
PKT t=36863 RX ua=95 mt=R len=7
PKT t=36916 TX ua=95 mt=P len=0
PKT t=36925 RX ua=95 mt=R len=7
PKT t=36930 TX ua=95 mt=P len=0
PKT t=36939 RX ua=95 mt=R len=7
PKT t=36944 TX ua=95 mt=P len=0
PKT t=36953 RX ua=95 mt=R len=7
PKT t=36958 TX ua=95 mt=P len=0
PKT t=36967 RX ua=95 mt=R len=7
PKT t=36972 TX ua=95 mt=P len=0
PKT t=36981 RX ua=95 mt=R len=7
PKT t=36986 TX ua=95 mt=P len=0
PKT t=37056 RX ua=95 mt=R len=7
PKT t=37061 TX ua=95 mt=T len=7
PKT t=37073 TX ua=95 mt=P len=0
PKT t=37082 RX ua=95 mt=R len=7
PKT t=37087 TX ua=95 mt=P len=0
PKT t=37119 RX ua=95 mt=R len=7
PKT t=37124 TX ua=95 mt=P len=0
PKT t=37133 RX ua=95 mt=R len=7
PKT t=37138 TX ua=95 mt=P len=0
PKT t=37196 RX ua=95 mt=R len=7
PKT t=37201 TX ua=95 mt=P len=0
PKT t=37219 RX ua=95 mt=R len=7
PKT t=37224 TX ua=95 mt=P len=0
PKT t=37233 RX ua=95 mt=R len=7
PKT t=37238 TX ua=95 mt=P len=0
PKT t=37247 RX ua=95 mt=R len=7
PKT t=37252 TX ua=95 mt=P len=0
PKT t=37261 RX ua=95 mt=R len=7
PKT t=37266 TX ua=95 mt=P len=0
PKT t=37275 RX ua=95 mt=R len=7
