PKT t=7169 RX ua=95 mt=R len=7
PKT t=7174 TX ua=95 mt=P len=0
PKT t=7183 RX ua=95 mt=R len=7
PKT t=7188 TX ua=95 mt=P len=0
PKT t=7197 RX ua=95 mt=R len=7
PKT t=7202 TX ua=95 mt=T len=7
PKT t=7214 TX ua=95 mt=P len=0
PKT t=7244 RX ua=95 mt=R len=7
PKT t=7248 TX ua=95 mt=P len=0
PKT t=7257 RX ua=95 mt=R len=7
PKT t=7262 TX ua=95 mt=P len=0
PKT t=7271 RX ua=95 mt=R len=7
PKT t=7276 TX ua=95 mt=P len=0
PKT t=7285 RX ua=95 mt=R len=7
PKT t=7290 TX ua=95 mt=P len=0
PKT t=7299 RX ua=95 mt=R len=7
PKT t=7304 TX ua=95 mt=P len=0
PKT t=7313 RX ua=95 mt=R len=7
PKT t=7318 TX ua=95 mt=P len=0
PKT t=7347 RX ua=95 mt=R len=7
PKT t=7352 TX ua=95 mt=P len=0
PKT t=7361 RX ua=95 mt=R len=7
PKT t=7366 TX ua=95 mt=P len=0
PKT t=7375 RX ua=95 mt=R len=7
PKT t=7380 TX ua=95 mt=P len=0
PKT t=7389 RX ua=95 mt=R len=7
PKT t=7394 TX ua=95 mt=P len=0
PKT t=7403 RX ua=95 mt=R len=7
PKT t=7408 TX ua=95 mt=P len=0
PKT t=7417 RX ua=95 mt=R len=7
PKT t=7422 TX ua=95 mt=P len=0
PKT t=7451 RX ua=95 mt=R len=7
PKT t=7456 TX ua=95 mt=T len=7
PKT t=7468 TX ua=95 mt=P len=0
PKT t=7478 RX ua=95 mt=R len=7
PKT t=7483 TX ua=95 mt=P len=0
PKT t=7493 RX ua=95 mt=R len=7
PKT t=7498 TX ua=95 mt=P len=0
PKT t=7508 RX ua=95 mt=R len=7
PKT t=7513 TX ua=95 mt=P len=0
PKT t=7523 RX ua=95 mt=R len=7
PKT t=7528 TX ua=95 mt=P len=0
PKT t=7557 RX ua=95 mt=R len=7
PKT t=7562 TX ua=95 mt=P len=0
PKT t=7572 RX ua=95 mt=R len=7
PKT t=7577 TX ua=95 mt=P len=0
PKT t=7587 RX ua=95 mt=R len=7
PKT t=7592 TX ua=95 mt=P len=0
PKT t=7602 RX ua=95 mt=R len=7
PKT t=7607 TX ua=95 mt=P len=0
PKT t=7617 RX ua=95 mt=R len=7
PKT t=7622 TX ua=95 mt=P len=0
PKT t=7656 RX ua=95 mt=R len=7
PKT t=7661 TX ua=95 mt=P len=0
PKT t=7671 RX ua=95 mt=R len=7
PKT t=7676 TX ua=95 mt=P len=0
PKT t=7686 RX ua=95 mt=R len=7
PKT t=7691 TX ua=95 mt=T len=7
PKT t=7703 TX ua=95 mt=P len=0
PKT t=7712 RX ua=95 mt=R len=7
PKT t=7717 TX ua=95 mt=P len=0
PKT t=7726 RX ua=95 mt=R len=7
PKT t=7731 TX ua=95 mt=P len=0
PKT t=7760 RX ua=95 mt=R len=7
PKT t=7765 TX ua=95 mt=P len=0
PKT t=7774 RX ua=95 mt=R len=7
PKT t=7779 TX ua=95 mt=P len=0
PKT t=7788 RX ua=95 mt=R len=7
PKT t=7793 TX ua=95 mt=P len=0
PKT t=7802 RX ua=95 mt=R len=7
PKT t=7807 TX ua=95 mt=P len=0
PKT t=7816 RX ua=95 mt=R len=7
PKT t=7821 TX ua=95 mt=P len=0
PKT t=7830 RX ua=95 mt=R len=7
PKT t=7835 TX ua=95 mt=P len=0
PKT t=7864 RX ua=95 mt=R len=7
PKT t=7869 TX ua=95 mt=P len=0
PKT t=7878 RX ua=95 mt=R len=7
PKT t=7883 TX ua=95 mt=P len=0
PKT t=7892 RX ua=95 mt=R len=7
PKT t=7897 TX ua=95 mt=P len=0
PKT t=7906 RX ua=95 mt=R len=7
PKT t=7911 TX ua=95 mt=P len=0
PKT t=7920 RX ua=95 mt=R len=7
PKT t=7925 TX ua=95 mt=P len=0
PKT t=7934 RX ua=95 mt=R len=7
PKT t=7939 TX ua=95 mt=T len=7
PKT t=7951 TX ua=95 mt=P len=0
PKT t=7970 RX ua=95 mt=R len=7
PKT t=7975 TX ua=95 mt=P len=0
PKT t=7984 RX ua=95 mt=R len=7
PKT t=7989 TX ua=95 mt=P len=0
PKT t=7998 RX ua=95 mt=R len=7
PKT t=8003 TX ua=95 mt=P len=0
PKT t=8012 RX ua=95 mt=R len=7
PKT t=8017 TX ua=95 mt=P len=0
PKT t=8026 RX ua=95 mt=R len=7
PKT t=8031 TX ua=95 mt=P len=0
PKT t=8040 RX ua=95 mt=R len=7
PKT t=8045 TX ua=95 mt=P len=0
PKT t=8146 RX ua=95 mt=R len=7
PKT t=8401 TX ua=96 mt=P len=0
PKT t=8659 TX ua=95 mt=P len=0
PKT t=8668 RX ua=95 mt=R len=7
PKT t=8673 TX ua=95 mt=T len=7
PKT t=8685 TX ua=95 mt=P len=0
PKT t=8694 RX ua=95 mt=R len=7
PKT t=8699 TX ua=95 mt=T len=7
PKT t=8711 TX ua=95 mt=P len=0
PKT t=8720 RX ua=95 mt=R len=7
PKT t=8725 TX ua=95 mt=P len=0
PKT t=8734 RX ua=95 mt=R len=7
PKT t=8739 TX ua=95 mt=P len=0
PKT t=8748 RX ua=95 mt=R len=7
PKT t=8753 TX ua=95 mt=P len=0
PKT t=8782 RX ua=95 mt=R len=7
PKT t=8787 TX ua=95 mt=P len=0
PKT t=8796 RX ua=95 mt=R len=7
PKT t=8801 TX ua=95 mt=P len=0
PKT t=8810 RX ua=95 mt=R len=7
PKT t=8815 TX ua=95 mt=P len=0
PKT t=8824 RX ua=95 mt=R len=7
PKT t=8829 TX ua=95 mt=P len=0
PKT t=8838 RX ua=95 mt=R len=7
PKT t=8843 TX ua=95 mt=P len=0
PKT t=8852 RX ua=95 mt=R len=7
PKT t=8857 TX ua=95 mt=P len=0
PKT t=8886 RX ua=95 mt=R len=7
PKT t=8891 TX ua=95 mt=P len=0
PKT t=8900 RX ua=95 mt=R len=7
PKT t=8905 TX ua=95 mt=P len=0
PKT t=8914 RX ua=95 mt=R len=7
PKT t=8919 TX ua=95 mt=P len=0
PKT t=8928 RX ua=95 mt=R len=7
PKT t=8933 TX ua=95 mt=P len=0
PKT t=8942 RX ua=95 mt=R len=7
PKT t=8947 TX ua=95 mt=T len=7
PKT t=8959 TX ua=95 mt=P len=0
PKT t=8987 RX ua=95 mt=R len=7
PKT t=8992 TX ua=95 mt=P len=0
PKT t=9001 RX ua=95 mt=R len=7
PKT t=9006 TX ua=95 mt=P len=0
PKT t=9015 RX ua=95 mt=R len=7
PKT t=9020 TX ua=95 mt=P len=0
PKT t=9029 RX ua=95 mt=R len=7
PKT t=9034 TX ua=95 mt=P len=0
PKT t=9043 RX ua=95 mt=R len=7
PKT t=9146 TX ua=95 mt=P len=0
PKT t=9155 RX ua=95 mt=R len=7
PKT t=9160 TX ua=95 mt=P len=0
PKT t=9190 RX ua=95 mt=R len=7
PKT t=9195 TX ua=95 mt=T len=7
PKT t=9207 TX ua=95 mt=P len=0
PKT t=9216 RX ua=95 mt=R len=7
PKT t=9221 TX ua=95 mt=P len=0
PKT t=9230 RX ua=95 mt=R len=7
PKT t=9235 TX ua=95 mt=P len=0
PKT t=9244 RX ua=95 mt=R len=7
PKT t=9249 TX ua=95 mt=P len=0
PKT t=9258 RX ua=95 mt=R len=7
PKT t=9263 TX ua=95 mt=P len=0
PKT t=9293 RX ua=95 mt=R len=7
PKT t=9297 TX ua=95 mt=P len=0
PKT t=9306 RX ua=95 mt=R len=7
PKT t=9311 TX ua=95 mt=P len=0
PKT t=9320 RX ua=95 mt=R len=7
PKT t=9325 TX ua=95 mt=P len=0
PKT t=9334 RX ua=95 mt=R len=7
PKT t=9339 TX ua=95 mt=P len=0
PKT t=9348 RX ua=95 mt=R len=7
PKT t=9353 TX ua=95 mt=P len=0
PKT t=9363 RX ua=95 mt=R len=7
PKT t=9368 TX ua=95 mt=P len=0
PKT t=9397 RX ua=95 mt=R len=7
PKT t=9402 TX ua=95 mt=P len=0
PKT t=9411 RX ua=95 mt=R len=7
PKT t=9416 TX ua=95 mt=P len=0
PKT t=9425 RX ua=95 mt=R len=7
PKT t=9430 TX ua=95 mt=P len=0
PKT t=9439 RX ua=95 mt=R len=7
PKT t=9444 TX ua=95 mt=T len=7
PKT t=9456 TX ua=95 mt=P len=0
PKT t=9466 RX ua=95 mt=R len=7
PKT t=9471 TX ua=95 mt=P len=0
PKT t=9500 RX ua=95 mt=R len=7
PKT t=9505 TX ua=95 mt=P len=0
PKT t=9515 RX ua=95 mt=R len=7
PKT t=9520 TX ua=95 mt=P len=0
PKT t=9530 RX ua=95 mt=R len=7
PKT t=9535 TX ua=95 mt=P len=0
PKT t=9545 RX ua=95 mt=R len=7
PKT t=9550 TX ua=95 mt=P len=0
PKT t=9560 RX ua=95 mt=R len=7
PKT t=9565 TX ua=95 mt=P len=0
PKT t=9599 RX ua=95 mt=R len=7
PKT t=9604 TX ua=95 mt=P len=0
PKT t=9614 RX ua=95 mt=R len=7
PKT t=9619 TX ua=95 mt=P len=0
PKT t=9629 RX ua=95 mt=R len=7
PKT t=9634 TX ua=95 mt=P len=0
PKT t=9644 RX ua=95 mt=R len=7
PKT t=9649 TX ua=95 mt=P len=0
PKT t=9659 RX ua=95 mt=R len=7
PKT t=9664 TX ua=95 mt=P len=0
PKT t=9674 RX ua=95 mt=R len=7
PKT t=9679 TX ua=95 mt=P len=0
PKT t=9708 RX ua=95 mt=R len=7
PKT t=9713 TX ua=95 mt=T len=7
PKT t=9725 TX ua=95 mt=P len=0
PKT t=9734 RX ua=95 mt=R len=7
PKT t=9739 TX ua=95 mt=P len=0
PKT t=9748 RX ua=95 mt=R len=7
PKT t=9753 TX ua=95 mt=P len=0
PKT t=9762 RX ua=95 mt=R len=7
PKT t=9767 TX ua=95 mt=P len=0
PKT t=9776 RX ua=95 mt=R len=7
PKT t=9781 TX ua=95 mt=P len=0
PKT t=9810 RX ua=95 mt=R len=7
PKT t=9815 TX ua=95 mt=P len=0
PKT t=9824 RX ua=95 mt=R len=7
PKT t=9829 TX ua=95 mt=P len=0
PKT t=9838 RX ua=95 mt=R len=7
PKT t=9843 TX ua=95 mt=P len=0
PKT t=9852 RX ua=95 mt=R len=7
PKT t=9857 TX ua=95 mt=P len=0
PKT t=9866 RX ua=95 mt=R len=7
PKT t=9871 TX ua=95 mt=P len=0
PKT t=9880 RX ua=95 mt=R len=7
PKT t=9885 TX ua=95 mt=P len=0
PKT t=9914 RX ua=95 mt=R len=7
PKT t=9919 TX ua=95 mt=P len=0
PKT t=9928 RX ua=95 mt=R len=7
PKT t=9933 TX ua=95 mt=P len=0
PKT t=9942 RX ua=95 mt=R len=7
PKT t=9947 TX ua=95 mt=T len=7
PKT t=9959 TX ua=95 mt=P len=0
PKT t=9968 RX ua=95 mt=R len=7
PKT t=9973 TX ua=95 mt=P len=0
PKT t=9982 RX ua=95 mt=R len=7
PKT t=9987 TX ua=95 mt=P len=0
PKT t=10016 RX ua=95 mt=R len=7
PKT t=10021 TX ua=95 mt=P len=0
PKT t=10030 RX ua=95 mt=R len=7
PKT t=10035 TX ua=95 mt=P len=0
PKT t=10044 RX ua=95 mt=R len=7
PKT t=10146 TX ua=95 mt=P len=0
PKT t=10155 RX ua=95 mt=R len=7
PKT t=10160 TX ua=95 mt=P len=0
PKT t=10169 RX ua=95 mt=R len=7
PKT t=10174 TX ua=95 mt=P len=0
PKT t=10183 RX ua=95 mt=R len=7
PKT t=10188 TX ua=95 mt=P len=0
PKT t=10217 RX ua=95 mt=R len=7
PKT t=10222 TX ua=95 mt=T len=7
PKT t=10235 TX ua=95 mt=P len=0
PKT t=10244 RX ua=95 mt=R len=7
PKT t=10249 TX ua=95 mt=T len=7
PKT t=10262 TX ua=95 mt=P len=0
PKT t=10271 RX ua=95 mt=R len=7
PKT t=10276 TX ua=95 mt=P len=0
PKT t=10286 RX ua=95 mt=R len=7
PKT t=10291 TX ua=95 mt=P len=0
PKT t=10321 RX ua=95 mt=R len=7
PKT t=10326 TX ua=95 mt=P len=0
PKT t=10335 RX ua=95 mt=R len=7
PKT t=10340 TX ua=95 mt=P len=0
PKT t=10349 RX ua=95 mt=R len=7
PKT t=10354 TX ua=95 mt=P len=0
PKT t=10363 RX ua=95 mt=R len=7
PKT t=10368 TX ua=95 mt=P len=0
PKT t=10377 RX ua=95 mt=R len=7
PKT t=10382 TX ua=95 mt=P len=0
PKT t=10392 RX ua=95 mt=R len=7
PKT t=10396 TX ua=95 mt=P len=0
PKT t=10426 RX ua=95 mt=R len=7
PKT t=10431 TX ua=95 mt=P len=0
PKT t=10440 RX ua=95 mt=R len=7
PKT t=10445 TX ua=95 mt=T len=7
PKT t=10458 TX ua=95 mt=P len=0
PKT t=10467 RX ua=95 mt=R len=7
PKT t=10472 TX ua=95 mt=P len=0
PKT t=10481 RX ua=95 mt=R len=7
PKT t=10486 TX ua=95 mt=P len=0
PKT t=10495 RX ua=95 mt=R len=7
PKT t=10500 TX ua=95 mt=P len=0
PKT t=10529 RX ua=95 mt=R len=7
PKT t=10534 TX ua=95 mt=P len=0
PKT t=10543 RX ua=95 mt=R len=7
PKT t=10548 TX ua=95 mt=P len=0
PKT t=10557 RX ua=95 mt=R len=7
PKT t=10562 TX ua=95 mt=P len=0
PKT t=10571 RX ua=95 mt=R len=7
PKT t=10576 TX ua=95 mt=P len=0
PKT t=10585 RX ua=95 mt=R len=7
PKT t=10590 TX ua=95 mt=P len=0
PKT t=10599 RX ua=95 mt=R len=7
PKT t=10604 TX ua=95 mt=P len=0
PKT t=10633 RX ua=95 mt=R len=7
PKT t=10638 TX ua=95 mt=P len=0
PKT t=10647 RX ua=95 mt=R len=7
PKT t=10652 TX ua=95 mt=P len=0
PKT t=10661 RX ua=95 mt=R len=7
PKT t=10666 TX ua=95 mt=P len=0
PKT t=10675 RX ua=95 mt=R len=7
PKT t=10680 TX ua=95 mt=P len=0
PKT t=10689 RX ua=95 mt=R len=7
PKT t=10694 TX ua=95 mt=T len=7
PKT t=10707 TX ua=95 mt=P len=0
PKT t=10734 RX ua=95 mt=R len=7
PKT t=10739 TX ua=95 mt=P len=0
PKT t=10748 RX ua=95 mt=R len=7
PKT t=10753 TX ua=95 mt=P len=0
PKT t=10762 RX ua=95 mt=R len=7
PKT t=10767 TX ua=95 mt=P len=0
PKT t=10776 RX ua=95 mt=R len=7
PKT t=10781 TX ua=95 mt=P len=0
PKT t=10790 RX ua=95 mt=R len=7
PKT t=10795 TX ua=95 mt=P len=0
PKT t=10804 RX ua=95 mt=R len=7
PKT t=10809 TX ua=95 mt=P len=0
PKT t=10838 RX ua=95 mt=R len=7
PKT t=10843 TX ua=95 mt=P len=0
PKT t=10852 RX ua=95 mt=R len=7
PKT t=10857 TX ua=95 mt=P len=0
PKT t=10866 RX ua=95 mt=R len=7
PKT t=10871 TX ua=95 mt=P len=0
PKT t=10880 RX ua=95 mt=R len=7
PKT t=10885 TX ua=95 mt=P len=0
PKT t=10894 RX ua=95 mt=R len=7
PKT t=10899 TX ua=95 mt=P len=0
PKT t=10908 RX ua=95 mt=R len=7
PKT t=10913 TX ua=95 mt=P len=0
PKT t=10942 RX ua=95 mt=R len=7
PKT t=10947 TX ua=95 mt=T len=7
PKT t=10960 TX ua=95 mt=P len=0
PKT t=10969 RX ua=95 mt=R len=7
PKT t=10974 TX ua=95 mt=P len=0
PKT t=10983 RX ua=95 mt=R len=7
PKT t=10988 TX ua=95 mt=P len=0
PKT t=10997 RX ua=95 mt=R len=7
PKT t=11002 TX ua=95 mt=P len=0
PKT t=11011 RX ua=95 mt=R len=7
PKT t=11016 TX ua=95 mt=P len=0
PKT t=11045 RX ua=95 mt=R len=7
PKT t=11146 TX ua=95 mt=P len=0
PKT t=11155 RX ua=95 mt=R len=7
PKT t=11160 TX ua=95 mt=P len=0
PKT t=11169 RX ua=95 mt=R len=7
PKT t=11174 TX ua=95 mt=P len=0
PKT t=11183 RX ua=95 mt=R len=7
PKT t=11188 TX ua=95 mt=P len=0
PKT t=11197 RX ua=95 mt=R len=7
PKT t=11202 TX ua=95 mt=T len=7
PKT t=11214 TX ua=95 mt=P len=0
PKT t=11245 RX ua=95 mt=R len=7
PKT t=11250 TX ua=95 mt=P len=0
PKT t=11259 RX ua=95 mt=R len=7
PKT t=11264 TX ua=95 mt=P len=0
PKT t=11273 RX ua=95 mt=R len=7
PKT t=11278 TX ua=95 mt=P len=0
PKT t=11287 RX ua=95 mt=R len=7
PKT t=11292 TX ua=95 mt=P len=0
PKT t=11301 RX ua=95 mt=R len=7
PKT t=11306 TX ua=95 mt=P len=0
PKT t=11315 RX ua=95 mt=R len=7
PKT t=11320 TX ua=95 mt=P len=0
PKT t=11349 RX ua=95 mt=R len=7
PKT t=11354 TX ua=95 mt=P len=0
PKT t=11364 RX ua=95 mt=R len=7
PKT t=11369 TX ua=95 mt=P len=0
PKT t=11378 RX ua=95 mt=R len=7
PKT t=11383 TX ua=95 mt=P len=0
PKT t=11392 RX ua=95 mt=R len=7
PKT t=11397 TX ua=95 mt=P len=0
PKT t=11406 RX ua=95 mt=R len=7
PKT t=11411 TX ua=95 mt=P len=0
PKT t=11420 RX ua=95 mt=R len=7
PKT t=11425 TX ua=95 mt=P len=0
PKT t=11454 RX ua=95 mt=R len=7
PKT t=11459 TX ua=95 mt=T len=7
PKT t=11471 TX ua=95 mt=P len=0
PKT t=11481 RX ua=95 mt=R len=7
PKT t=11486 TX ua=95 mt=P len=0
PKT t=11496 RX ua=95 mt=R len=7
PKT t=11501 TX ua=95 mt=P len=0
PKT t=11511 RX ua=95 mt=R len=7
PKT t=11516 TX ua=95 mt=P len=0
PKT t=11526 RX ua=95 mt=R len=7
PKT t=11531 TX ua=95 mt=P len=0
PKT t=11560 RX ua=95 mt=R len=7
PKT t=11565 TX ua=95 mt=P len=0
PKT t=11575 RX ua=95 mt=R len=7
PKT t=11580 TX ua=95 mt=P len=0
PKT t=11590 RX ua=95 mt=R len=7
PKT t=11595 TX ua=95 mt=P len=0
PKT t=11605 RX ua=95 mt=R len=7
PKT t=11610 TX ua=95 mt=P len=0
PKT t=11620 RX ua=95 mt=R len=7
PKT t=11625 TX ua=95 mt=P len=0
PKT t=11659 RX ua=95 mt=R len=7
PKT t=11664 TX ua=95 mt=P len=0
PKT t=11674 RX ua=95 mt=R len=7
PKT t=11679 TX ua=95 mt=P len=0
PKT t=11689 RX ua=95 mt=R len=7
PKT t=11694 TX ua=95 mt=T len=7
PKT t=11706 TX ua=95 mt=P len=0
PKT t=11715 RX ua=95 mt=R len=7
PKT t=11720 TX ua=95 mt=P len=0
PKT t=11729 RX ua=95 mt=R len=7
PKT t=11734 TX ua=95 mt=P len=0
PKT t=11763 RX ua=95 mt=R len=7
PKT t=11768 TX ua=95 mt=P len=0
PKT t=11777 RX ua=95 mt=R len=7
PKT t=11782 TX ua=95 mt=P len=0
PKT t=11791 RX ua=95 mt=R len=7
PKT t=11796 TX ua=95 mt=P len=0
PKT t=11805 RX ua=95 mt=R len=7
PKT t=11810 TX ua=95 mt=P len=0
PKT t=11819 RX ua=95 mt=R len=7
PKT t=11824 TX ua=95 mt=P len=0
PKT t=11833 RX ua=95 mt=R len=7
PKT t=11838 TX ua=95 mt=P len=0
PKT t=11867 RX ua=95 mt=R len=7
PKT t=11872 TX ua=95 mt=P len=0
PKT t=11881 RX ua=95 mt=R len=7
PKT t=11886 TX ua=95 mt=P len=0
PKT t=11895 RX ua=95 mt=R len=7
PKT t=11900 TX ua=95 mt=P len=0
PKT t=11909 RX ua=95 mt=R len=7
PKT t=11914 TX ua=95 mt=P len=0
PKT t=11923 RX ua=95 mt=R len=7
PKT t=11928 TX ua=95 mt=P len=0
PKT t=11937 RX ua=95 mt=R len=7
PKT t=11942 TX ua=95 mt=T len=7
PKT t=11954 TX ua=95 mt=P len=0
PKT t=11973 RX ua=95 mt=R len=7
PKT t=11978 TX ua=95 mt=P len=0
PKT t=11987 RX ua=95 mt=R len=7
PKT t=11992 TX ua=95 mt=P len=0
PKT t=12001 RX ua=95 mt=R len=7
PKT t=12010 TX ua=95 mt=P len=0
PKT t=12019 RX ua=95 mt=R len=7
PKT t=12024 TX ua=95 mt=P len=0
PKT t=12033 RX ua=95 mt=R len=7
PKT t=12038 TX ua=95 mt=P len=0
PKT t=12146 RX ua=95 mt=R len=7
PKT t=12151 TX ua=95 mt=P len=0
PKT t=12171 RX ua=95 mt=R len=7
PKT t=12176 TX ua=95 mt=P len=0
PKT t=12185 RX ua=95 mt=R len=7
PKT t=12190 TX ua=95 mt=T len=7
PKT t=12202 TX ua=95 mt=P len=0
PKT t=12211 RX ua=95 mt=R len=7
PKT t=12216 TX ua=95 mt=P len=0
PKT t=12225 RX ua=95 mt=R len=7
PKT t=12230 TX ua=95 mt=P len=0
PKT t=12239 RX ua=95 mt=R len=7
PKT t=12244 TX ua=95 mt=P len=0
PKT t=12273 RX ua=95 mt=R len=7
PKT t=12278 TX ua=95 mt=P len=0
PKT t=12287 RX ua=95 mt=R len=7
PKT t=12292 TX ua=95 mt=P len=0
PKT t=12301 RX ua=95 mt=R len=7
PKT t=12306 TX ua=95 mt=P len=0
PKT t=12315 RX ua=95 mt=R len=7
PKT t=12320 TX ua=95 mt=P len=0
PKT t=12329 RX ua=95 mt=R len=7
PKT t=12334 TX ua=95 mt=P len=0
PKT t=12343 RX ua=95 mt=R len=7
PKT t=12348 TX ua=95 mt=P len=0
PKT t=12377 RX ua=95 mt=R len=7
PKT t=12382 TX ua=95 mt=P len=0
PKT t=12391 RX ua=95 mt=R len=7
PKT t=12396 TX ua=95 mt=P len=0
PKT t=12405 RX ua=95 mt=R len=7
PKT t=12410 TX ua=95 mt=P len=0
PKT t=12419 RX ua=95 mt=R len=7
PKT t=12424 TX ua=95 mt=P len=0
PKT t=12433 RX ua=95 mt=R len=7
PKT t=12438 TX ua=95 mt=P len=0
PKT t=12447 RX ua=95 mt=R len=7
PKT t=12452 TX ua=95 mt=T len=7
PKT t=12464 TX ua=95 mt=P len=0
PKT t=12485 RX ua=95 mt=R len=7
PKT t=12490 TX ua=95 mt=P len=0
PKT t=12499 RX ua=95 mt=R len=7
PKT t=12504 TX ua=95 mt=P len=0
PKT t=12513 RX ua=95 mt=R len=7
PKT t=12518 TX ua=95 mt=P len=0
PKT t=12527 RX ua=95 mt=R len=7
PKT t=12532 TX ua=95 mt=P len=0
PKT t=12541 RX ua=95 mt=R len=7
PKT t=12546 TX ua=95 mt=P len=0
PKT t=12555 RX ua=95 mt=R len=7
PKT t=12560 TX ua=95 mt=P len=0
PKT t=12589 RX ua=95 mt=R len=7
PKT t=12594 TX ua=95 mt=P len=0
PKT t=12603 RX ua=95 mt=R len=7
PKT t=12608 TX ua=95 mt=P len=0
PKT t=12617 RX ua=95 mt=R len=7
PKT t=12622 TX ua=95 mt=P len=0
PKT t=12631 RX ua=95 mt=R len=7
PKT t=12636 TX ua=95 mt=P len=0
PKT t=12645 RX ua=95 mt=R len=7
PKT t=12650 TX ua=95 mt=P len=0
PKT t=12659 RX ua=95 mt=R len=7
PKT t=12664 TX ua=95 mt=P len=0
PKT t=12693 RX ua=95 mt=R len=7
PKT t=12698 TX ua=95 mt=T len=7
PKT t=12710 TX ua=95 mt=P len=0
PKT t=12719 RX ua=95 mt=R len=7
PKT t=12724 TX ua=95 mt=P len=0
PKT t=12733 RX ua=95 mt=R len=7
PKT t=12738 TX ua=95 mt=P len=0
PKT t=12747 RX ua=95 mt=R len=7
PKT t=12752 TX ua=95 mt=P len=0
PKT t=12761 RX ua=95 mt=R len=7
PKT t=12766 TX ua=95 mt=P len=0
PKT t=12795 RX ua=95 mt=R len=7
PKT t=12800 TX ua=95 mt=P len=0
PKT t=12809 RX ua=95 mt=R len=7
PKT t=12814 TX ua=95 mt=P len=0
PKT t=12823 RX ua=95 mt=R len=7
PKT t=12828 TX ua=95 mt=P len=0
PKT t=12837 RX ua=95 mt=R len=7
PKT t=12842 TX ua=95 mt=P len=0
PKT t=12851 RX ua=95 mt=R len=7
PKT t=12856 TX ua=95 mt=P len=0
PKT t=12865 RX ua=95 mt=R len=7
PKT t=12870 TX ua=95 mt=P len=0
PKT t=12899 RX ua=95 mt=R len=7
PKT t=12904 TX ua=95 mt=P len=0
PKT t=12913 RX ua=95 mt=R len=7
PKT t=12918 TX ua=95 mt=P len=0
PKT t=12927 RX ua=95 mt=R len=7
PKT t=12932 TX ua=95 mt=P len=0
PKT t=12941 RX ua=95 mt=R len=7
PKT t=12946 TX ua=95 mt=T len=7
PKT t=12958 TX ua=95 mt=P len=0
PKT t=12967 RX ua=95 mt=R len=7
PKT t=12972 TX ua=95 mt=P len=0
PKT t=13001 RX ua=95 mt=R len=7
PKT t=13006 TX ua=95 mt=P len=0
PKT t=13015 RX ua=95 mt=R len=7
PKT t=13020 TX ua=95 mt=P len=0
PKT t=13029 RX ua=95 mt=R len=7
PKT t=13034 TX ua=95 mt=P len=0
PKT t=13043 RX ua=95 mt=R len=7
PKT t=13146 TX ua=95 mt=P len=0
PKT t=13155 RX ua=95 mt=R len=7
PKT t=13160 TX ua=95 mt=P len=0
PKT t=13169 RX ua=95 mt=R len=7
PKT t=13174 TX ua=95 mt=P len=0
PKT t=13203 RX ua=95 mt=R len=7
PKT t=13208 TX ua=95 mt=T len=7
PKT t=13221 TX ua=95 mt=P len=0
PKT t=13230 RX ua=95 mt=R len=7
PKT t=13235 TX ua=95 mt=P len=0
PKT t=13244 RX ua=95 mt=R len=7
PKT t=13249 TX ua=95 mt=P len=0
PKT t=13258 RX ua=95 mt=R len=7
PKT t=13263 TX ua=95 mt=P len=0
PKT t=13272 RX ua=95 mt=R len=7
PKT t=13277 TX ua=95 mt=P len=0
PKT t=13306 RX ua=95 mt=R len=7
PKT t=13311 TX ua=95 mt=P len=0
PKT t=13320 RX ua=95 mt=R len=7
PKT t=13325 TX ua=95 mt=P len=0
PKT t=13334 RX ua=95 mt=R len=7
PKT t=13339 TX ua=95 mt=P len=0
PKT t=13348 RX ua=95 mt=R len=7
PKT t=13353 TX ua=95 mt=P len=0
PKT t=13362 RX ua=95 mt=R len=7
PKT t=13367 TX ua=95 mt=P len=0
PKT t=13376 RX ua=95 mt=R len=7
PKT t=13381 TX ua=95 mt=P len=0
PKT t=13410 RX ua=95 mt=R len=7
PKT t=13415 TX ua=95 mt=P len=0
PKT t=13424 RX ua=95 mt=R len=7
PKT t=13429 TX ua=95 mt=P len=0
PKT t=13438 RX ua=95 mt=R len=7
PKT t=13443 TX ua=95 mt=T len=7
PKT t=13456 TX ua=95 mt=P len=0
PKT t=13466 RX ua=95 mt=R len=7
PKT t=13471 TX ua=95 mt=P len=0
PKT t=13481 RX ua=95 mt=R len=7
PKT t=13486 TX ua=95 mt=P len=0
PKT t=13515 RX ua=95 mt=R len=7
PKT t=13520 TX ua=95 mt=P len=0
PKT t=13530 RX ua=95 mt=R len=7
PKT t=13535 TX ua=95 mt=P len=0
PKT t=13545 RX ua=95 mt=R len=7
PKT t=13550 TX ua=95 mt=P len=0
PKT t=13560 RX ua=95 mt=R len=7
PKT t=13565 TX ua=95 mt=P len=0
PKT t=13575 RX ua=95 mt=R len=7
PKT t=13580 TX ua=95 mt=P len=0
PKT t=13590 RX ua=95 mt=R len=7
PKT t=13595 TX ua=95 mt=P len=0
PKT t=13625 RX ua=95 mt=R len=7
PKT t=13630 TX ua=95 mt=P len=0
PKT t=13640 RX ua=95 mt=R len=7
PKT t=13645 TX ua=95 mt=P len=0
PKT t=13655 RX ua=95 mt=R len=7
PKT t=13660 TX ua=95 mt=P len=0
PKT t=13670 RX ua=95 mt=R len=7
PKT t=13675 TX ua=95 mt=P len=0
PKT t=13685 RX ua=95 mt=R len=7
PKT t=13690 TX ua=95 mt=T len=7
PKT t=13703 TX ua=95 mt=P len=0
PKT t=13726 RX ua=95 mt=R len=7
PKT t=13731 TX ua=95 mt=P len=0
PKT t=13740 RX ua=95 mt=R len=7
PKT t=13745 TX ua=95 mt=P len=0
PKT t=13754 RX ua=95 mt=R len=7
PKT t=13759 TX ua=95 mt=P len=0
PKT t=13768 RX ua=95 mt=R len=7
PKT t=13773 TX ua=95 mt=P len=0
PKT t=13782 RX ua=95 mt=R len=7
PKT t=13787 TX ua=95 mt=P len=0
PKT t=13796 RX ua=95 mt=R len=7
PKT t=13801 TX ua=95 mt=P len=0
PKT t=13830 RX ua=95 mt=R len=7
PKT t=13835 TX ua=95 mt=P len=0
PKT t=13844 RX ua=95 mt=R len=7
PKT t=13849 TX ua=95 mt=P len=0
PKT t=13858 RX ua=95 mt=R len=7
PKT t=13863 TX ua=95 mt=P len=0
PKT t=13872 RX ua=95 mt=R len=7
PKT t=13877 TX ua=95 mt=P len=0
PKT t=13886 RX ua=95 mt=R len=7
PKT t=13891 TX ua=95 mt=P len=0
PKT t=13900 RX ua=95 mt=R len=7
PKT t=13905 TX ua=95 mt=P len=0
PKT t=13934 RX ua=95 mt=R len=7
PKT t=13939 TX ua=95 mt=T len=7
PKT t=13952 TX ua=95 mt=P len=0
PKT t=13961 RX ua=95 mt=R len=7
PKT t=13966 TX ua=95 mt=P len=0
PKT t=13975 RX ua=95 mt=R len=7
PKT t=13980 TX ua=95 mt=P len=0
PKT t=13989 RX ua=95 mt=R len=7
PKT t=13994 TX ua=95 mt=P len=0
PKT t=14003 RX ua=95 mt=R len=7
PKT t=14011 TX ua=95 mt=P len=0
PKT t=14037 RX ua=95 mt=R len=7
PKT t=14042 TX ua=95 mt=P len=0
PKT t=14146 RX ua=95 mt=R len=7
PKT t=14151 TX ua=95 mt=P len=0
PKT t=14160 RX ua=95 mt=R len=7
PKT t=14165 TX ua=95 mt=P len=0
PKT t=14174 RX ua=95 mt=R len=7
PKT t=14179 TX ua=95 mt=P len=0
PKT t=14189 RX ua=95 mt=R len=7
PKT t=14194 TX ua=95 mt=T len=7
PKT t=14206 TX ua=95 mt=P len=0
PKT t=14237 RX ua=95 mt=R len=7
PKT t=14242 TX ua=95 mt=P len=0
PKT t=14251 RX ua=95 mt=R len=7
PKT t=14256 TX ua=95 mt=P len=0
PKT t=14265 RX ua=95 mt=R len=7
PKT t=14270 TX ua=95 mt=P len=0
PKT t=14279 RX ua=95 mt=R len=7
PKT t=14284 TX ua=95 mt=P len=0
PKT t=14293 RX ua=95 mt=R len=7
PKT t=14298 TX ua=95 mt=P len=0
PKT t=14307 RX ua=95 mt=R len=7
PKT t=14312 TX ua=95 mt=P len=0
PKT t=14341 RX ua=95 mt=R len=7
PKT t=14346 TX ua=95 mt=P len=0
PKT t=14355 RX ua=95 mt=R len=7
PKT t=14360 TX ua=95 mt=P len=0
PKT t=14369 RX ua=95 mt=R len=7
PKT t=14374 TX ua=95 mt=P len=0
PKT t=14383 RX ua=95 mt=R len=7
PKT t=14388 TX ua=95 mt=P len=0
PKT t=14397 RX ua=95 mt=R len=7
PKT t=14402 TX ua=95 mt=P len=0
PKT t=14411 RX ua=95 mt=R len=7
PKT t=14416 TX ua=95 mt=P len=0
PKT t=14445 RX ua=95 mt=R len=7
PKT t=14450 TX ua=95 mt=T len=7
PKT t=14462 TX ua=95 mt=P len=0
PKT t=14471 RX ua=95 mt=R len=7
PKT t=14476 TX ua=95 mt=P len=0
PKT t=14485 RX ua=95 mt=R len=7
PKT t=14490 TX ua=95 mt=P len=0
PKT t=14499 RX ua=95 mt=R len=7
PKT t=14504 TX ua=95 mt=P len=0
PKT t=14513 RX ua=95 mt=R len=7
PKT t=14518 TX ua=95 mt=P len=0
PKT t=14547 RX ua=95 mt=R len=7
PKT t=14552 TX ua=95 mt=P len=0
PKT t=14561 RX ua=95 mt=R len=7
PKT t=14566 TX ua=95 mt=P len=0
PKT t=14575 RX ua=95 mt=R len=7
PKT t=14580 TX ua=95 mt=P len=0
PKT t=14589 RX ua=95 mt=R len=7
PKT t=14594 TX ua=95 mt=P len=0
PKT t=14603 RX ua=95 mt=R len=7
PKT t=14608 TX ua=95 mt=P len=0
PKT t=14617 RX ua=95 mt=R len=7
PKT t=14622 TX ua=95 mt=P len=0
PKT t=14651 RX ua=95 mt=R len=7
PKT t=14656 TX ua=95 mt=P len=0
PKT t=14665 RX ua=95 mt=R len=7
PKT t=14670 TX ua=95 mt=P len=0
PKT t=14679 RX ua=95 mt=R len=7
PKT t=14684 TX ua=95 mt=P len=0
PKT t=14693 RX ua=95 mt=R len=7
PKT t=14698 TX ua=95 mt=T len=7
PKT t=14710 TX ua=95 mt=P len=0
PKT t=14719 RX ua=95 mt=R len=7
PKT t=14724 TX ua=95 mt=P len=0
PKT t=14753 RX ua=95 mt=R len=7
PKT t=14758 TX ua=95 mt=P len=0
PKT t=14767 RX ua=95 mt=R len=7
PKT t=14772 TX ua=95 mt=P len=0
PKT t=14781 RX ua=95 mt=R len=7
PKT t=14786 TX ua=95 mt=P len=0
PKT t=14795 RX ua=95 mt=R len=7
PKT t=14800 TX ua=95 mt=P len=0
PKT t=14809 RX ua=95 mt=R len=7
PKT t=14814 TX ua=95 mt=P len=0
PKT t=14823 RX ua=95 mt=R len=7
PKT t=14828 TX ua=95 mt=P len=0
PKT t=14857 RX ua=95 mt=R len=7
PKT t=14862 TX ua=95 mt=P len=0
PKT t=14871 RX ua=95 mt=R len=7
PKT t=14876 TX ua=95 mt=P len=0
PKT t=14885 RX ua=95 mt=R len=7
PKT t=14890 TX ua=95 mt=P len=0
PKT t=14899 RX ua=95 mt=R len=7
PKT t=14904 TX ua=95 mt=P len=0
PKT t=14913 RX ua=95 mt=R len=7
PKT t=14918 TX ua=95 mt=P len=0
PKT t=14927 RX ua=95 mt=R len=7
PKT t=14932 TX ua=95 mt=P len=0
PKT t=14961 RX ua=95 mt=R len=7
PKT t=14966 TX ua=95 mt=T len=7
PKT t=14978 TX ua=95 mt=P len=0
PKT t=14987 RX ua=95 mt=R len=7
PKT t=14992 TX ua=95 mt=P len=0
PKT t=15001 RX ua=95 mt=R len=7
PKT t=15006 TX ua=95 mt=P len=0
PKT t=15015 RX ua=95 mt=R len=7
PKT t=15020 TX ua=95 mt=P len=0
PKT t=15029 RX ua=95 mt=R len=7
PKT t=15034 TX ua=95 mt=P len=0
PKT t=15146 RX ua=95 mt=R len=7
PKT t=15151 TX ua=95 mt=P len=0
PKT t=15163 RX ua=95 mt=R len=7
PKT t=15168 TX ua=95 mt=P len=0
PKT t=15177 RX ua=95 mt=R len=7
PKT t=15182 TX ua=95 mt=P len=0
PKT t=15191 RX ua=95 mt=R len=7
PKT t=15196 TX ua=95 mt=T len=7
PKT t=15208 TX ua=95 mt=P len=0
PKT t=15217 RX ua=95 mt=R len=7
PKT t=15222 TX ua=95 mt=P len=0
PKT t=15231 RX ua=95 mt=R len=7
PKT t=15236 TX ua=95 mt=P len=0
PKT t=15265 RX ua=95 mt=R len=7
PKT t=15270 TX ua=95 mt=P len=0
PKT t=15279 RX ua=95 mt=R len=7
PKT t=15284 TX ua=95 mt=P len=0
PKT t=15293 RX ua=95 mt=R len=7
PKT t=15298 TX ua=95 mt=P len=0
PKT t=15307 RX ua=95 mt=R len=7
PKT t=15312 TX ua=95 mt=P len=0
PKT t=15321 RX ua=95 mt=R len=7
PKT t=15326 TX ua=95 mt=P len=0
PKT t=15335 RX ua=95 mt=R len=7
PKT t=15340 TX ua=95 mt=P len=0
PKT t=15371 RX ua=95 mt=R len=7
PKT t=15376 TX ua=95 mt=P len=0
PKT t=15385 RX ua=95 mt=R len=7
PKT t=15390 TX ua=95 mt=P len=0
PKT t=15399 RX ua=95 mt=R len=7
PKT t=15404 TX ua=95 mt=P len=0
PKT t=15413 RX ua=95 mt=R len=7
PKT t=15418 TX ua=95 mt=P len=0
PKT t=15427 RX ua=95 mt=R len=7
PKT t=15432 TX ua=95 mt=P len=0
PKT t=15442 RX ua=95 mt=R len=7
PKT t=15447 TX ua=95 mt=T len=7
PKT t=15459 TX ua=95 mt=P len=0
PKT t=15478 RX ua=95 mt=R len=7
PKT t=15483 TX ua=95 mt=P len=0
PKT t=15493 RX ua=95 mt=R len=7
PKT t=15498 TX ua=95 mt=P len=0
PKT t=15508 RX ua=95 mt=R len=7
PKT t=15513 TX ua=95 mt=P len=0
PKT t=15523 RX ua=95 mt=R len=7
PKT t=15528 TX ua=95 mt=P len=0
PKT t=15538 RX ua=95 mt=R len=7
PKT t=15543 TX ua=95 mt=P len=0
PKT t=15575 RX ua=95 mt=R len=7
PKT t=15580 TX ua=95 mt=P len=0
PKT t=15590 RX ua=95 mt=R len=7
PKT t=15595 TX ua=95 mt=P len=0
PKT t=15605 RX ua=95 mt=R len=7
PKT t=15610 TX ua=95 mt=P len=0
PKT t=15620 RX ua=95 mt=R len=7
PKT t=15625 TX ua=95 mt=P len=0
PKT t=15635 RX ua=95 mt=R len=7
PKT t=15640 TX ua=95 mt=P len=0
PKT t=15650 RX ua=95 mt=R len=7
PKT t=15655 TX ua=95 mt=P len=0
PKT t=15684 RX ua=95 mt=R len=7
PKT t=15689 TX ua=95 mt=T len=7
PKT t=15701 TX ua=95 mt=P len=0
PKT t=15710 RX ua=95 mt=R len=7
PKT t=15715 TX ua=95 mt=P len=0
PKT t=15724 RX ua=95 mt=R len=7
PKT t=15729 TX ua=95 mt=P len=0
PKT t=15738 RX ua=95 mt=R len=7
PKT t=15743 TX ua=95 mt=P len=0
PKT t=15752 RX ua=95 mt=R len=7
PKT t=15757 TX ua=95 mt=P len=0
PKT t=15786 RX ua=95 mt=R len=7
PKT t=15791 TX ua=95 mt=P len=0
PKT t=15800 RX ua=95 mt=R len=7
PKT t=15805 TX ua=95 mt=P len=0
PKT t=15814 RX ua=95 mt=R len=7
PKT t=15819 TX ua=95 mt=P len=0
PKT t=15828 RX ua=95 mt=R len=7
PKT t=15833 TX ua=95 mt=P len=0
PKT t=15842 RX ua=95 mt=R len=7
PKT t=15847 TX ua=95 mt=P len=0
PKT t=15856 RX ua=95 mt=R len=7
PKT t=15861 TX ua=95 mt=P len=0
PKT t=15890 RX ua=95 mt=R len=7
PKT t=15895 TX ua=95 mt=P len=0
PKT t=15904 RX ua=95 mt=R len=7
PKT t=15909 TX ua=95 mt=P len=0
PKT t=15918 RX ua=95 mt=R len=7
PKT t=15923 TX ua=95 mt=P len=0
PKT t=15932 RX ua=95 mt=R len=7
PKT t=15937 TX ua=95 mt=P len=0
PKT t=15946 RX ua=95 mt=R len=7
PKT t=15951 TX ua=95 mt=T len=7
PKT t=15963 TX ua=95 mt=P len=0
PKT t=15991 RX ua=95 mt=R len=7
PKT t=15996 TX ua=95 mt=P len=0
PKT t=16005 RX ua=95 mt=R len=7
PKT t=16012 TX ua=95 mt=P len=0
PKT t=16021 RX ua=95 mt=R len=7
PKT t=16026 TX ua=95 mt=P len=0
PKT t=16035 RX ua=95 mt=R len=7
PKT t=16040 TX ua=95 mt=P len=0
PKT t=16298 TX ua=96 mt=I len=13
PKT t=16806 TX ua=96 mt=T len=4
PKT t=16817 TX ua=95 mt=P len=0
PKT t=16826 RX ua=95 mt=R len=7
PKT t=16831 TX ua=96 mt=P len=0
PKT t=17151 TX ua=95 mt=P len=0
PKT t=17160 RX ua=95 mt=R len=7
PKT t=17165 TX ua=95 mt=T len=7
PKT t=17177 TX ua=95 mt=P len=0
PKT t=17196 RX ua=95 mt=R len=7
PKT t=17201 TX ua=95 mt=T len=7
PKT t=17213 TX ua=95 mt=P len=0
PKT t=17222 RX ua=95 mt=R len=7
PKT t=17227 TX ua=95 mt=P len=0
PKT t=17236 RX ua=95 mt=R len=7
PKT t=17241 TX ua=95 mt=P len=0
PKT t=17250 RX ua=95 mt=R len=7
PKT t=17255 TX ua=95 mt=P len=0
PKT t=17264 RX ua=95 mt=R len=7
PKT t=17269 TX ua=95 mt=P len=0
PKT t=17298 RX ua=95 mt=R len=7
PKT t=17303 TX ua=95 mt=P len=0
PKT t=17312 RX ua=95 mt=R len=7
PKT t=17317 TX ua=95 mt=P len=0
PKT t=17326 RX ua=95 mt=R len=7
PKT t=17331 TX ua=95 mt=P len=0
PKT t=17340 RX ua=95 mt=R len=7
PKT t=17345 TX ua=95 mt=P len=0
PKT t=17354 RX ua=95 mt=R len=7
PKT t=17359 TX ua=95 mt=P len=0
PKT t=17368 RX ua=95 mt=R len=7
PKT t=17373 TX ua=95 mt=P len=0
PKT t=17402 RX ua=95 mt=R len=7
PKT t=17407 TX ua=95 mt=P len=0
PKT t=17416 RX ua=95 mt=R len=7
PKT t=17421 TX ua=95 mt=P len=0
PKT t=17430 RX ua=95 mt=R len=7
PKT t=17435 TX ua=95 mt=P len=0
PKT t=17444 RX ua=95 mt=R len=7
PKT t=17449 TX ua=95 mt=T len=7
PKT t=17461 TX ua=95 mt=P len=0
PKT t=17471 RX ua=95 mt=R len=7
PKT t=17476 TX ua=95 mt=P len=0
PKT t=17505 RX ua=95 mt=R len=7
PKT t=17510 TX ua=95 mt=P len=0
PKT t=17520 RX ua=95 mt=R len=7
PKT t=17525 TX ua=95 mt=P len=0
PKT t=17535 RX ua=95 mt=R len=7
PKT t=17540 TX ua=95 mt=P len=0
PKT t=17550 RX ua=95 mt=R len=7
PKT t=17555 TX ua=95 mt=P len=0
PKT t=17565 RX ua=95 mt=R len=7
PKT t=17570 TX ua=95 mt=P len=0
PKT t=17580 RX ua=95 mt=R len=7
PKT t=17585 TX ua=95 mt=P len=0
PKT t=17614 RX ua=95 mt=R len=7
PKT t=17619 TX ua=95 mt=P len=0
PKT t=17629 RX ua=95 mt=R len=7
PKT t=17634 TX ua=95 mt=P len=0
PKT t=17644 RX ua=95 mt=R len=7
PKT t=17649 TX ua=95 mt=P len=0
PKT t=17659 RX ua=95 mt=R len=7
PKT t=17664 TX ua=95 mt=P len=0
PKT t=17674 RX ua=95 mt=R len=7
PKT t=17679 TX ua=95 mt=P len=0
PKT t=17689 RX ua=95 mt=R len=7
PKT t=17694 TX ua=95 mt=T len=7
PKT t=17706 TX ua=95 mt=P len=0
PKT t=17724 RX ua=95 mt=R len=7
PKT t=17729 TX ua=95 mt=P len=0
PKT t=17738 RX ua=95 mt=R len=7
PKT t=17743 TX ua=95 mt=P len=0
PKT t=17752 RX ua=95 mt=R len=7
PKT t=17757 TX ua=95 mt=P len=0
PKT t=17766 RX ua=95 mt=R len=7
PKT t=17771 TX ua=95 mt=P len=0
PKT t=17780 RX ua=95 mt=R len=7
PKT t=17785 TX ua=95 mt=P len=0
PKT t=17794 RX ua=95 mt=R len=7
PKT t=17799 TX ua=95 mt=P len=0
PKT t=17828 RX ua=95 mt=R len=7
PKT t=17833 TX ua=95 mt=P len=0
PKT t=17842 RX ua=95 mt=R len=7
PKT t=17847 TX ua=95 mt=P len=0
PKT t=17856 RX ua=95 mt=R len=7
PKT t=17861 TX ua=95 mt=P len=0
PKT t=17870 RX ua=95 mt=R len=7
PKT t=17875 TX ua=95 mt=P len=0
PKT t=17884 RX ua=95 mt=R len=7
PKT t=17889 TX ua=95 mt=P len=0
PKT t=17898 RX ua=95 mt=R len=7
PKT t=17903 TX ua=95 mt=P len=0
PKT t=17932 RX ua=95 mt=R len=7
PKT t=17937 TX ua=95 mt=P len=0
PKT t=17946 RX ua=95 mt=R len=7
PKT t=17951 TX ua=95 mt=T len=7
PKT t=17963 TX ua=95 mt=P len=0
PKT t=17972 RX ua=95 mt=R len=7
PKT t=17977 TX ua=95 mt=P len=0
PKT t=17986 RX ua=95 mt=R len=7
PKT t=17991 TX ua=95 mt=P len=0
PKT t=18001 RX ua=95 mt=R len=7
PKT t=18006 TX ua=95 mt=P len=0
PKT t=18035 RX ua=95 mt=R len=7
PKT t=18040 TX ua=95 mt=P len=0
PKT t=18298 TX ua=96 mt=P len=0
PKT t=18556 TX ua=95 mt=P len=0
PKT t=18565 RX ua=95 mt=R len=7
PKT t=18570 TX ua=95 mt=T len=7
PKT t=18583 TX ua=95 mt=P len=0
PKT t=18592 RX ua=95 mt=R len=7
PKT t=18597 TX ua=95 mt=T len=7
PKT t=18610 TX ua=95 mt=P len=0
PKT t=18638 RX ua=95 mt=R len=7
PKT t=18643 TX ua=95 mt=P len=0
PKT t=18652 RX ua=95 mt=R len=7
PKT t=18657 TX ua=95 mt=P len=0
PKT t=18666 RX ua=95 mt=R len=7
PKT t=18671 TX ua=95 mt=P len=0
PKT t=18680 RX ua=95 mt=R len=7
PKT t=18685 TX ua=95 mt=P len=0
PKT t=18694 RX ua=95 mt=R len=7
PKT t=18699 TX ua=95 mt=T len=7
PKT t=18712 TX ua=95 mt=P len=0
PKT t=18740 RX ua=95 mt=R len=7
PKT t=18745 TX ua=95 mt=P len=0
PKT t=18754 RX ua=95 mt=R len=7
PKT t=18759 TX ua=95 mt=P len=0
PKT t=18768 RX ua=95 mt=R len=7
PKT t=18773 TX ua=95 mt=P len=0
PKT t=18782 RX ua=95 mt=R len=7
PKT t=18787 TX ua=95 mt=P len=0
PKT t=18796 RX ua=95 mt=R len=7
PKT t=18801 TX ua=95 mt=P len=0
PKT t=18810 RX ua=95 mt=R len=7
PKT t=18815 TX ua=95 mt=P len=0
PKT t=18845 RX ua=95 mt=R len=7
PKT t=18850 TX ua=95 mt=P len=0
PKT t=18859 RX ua=95 mt=R len=7
PKT t=18864 TX ua=95 mt=P len=0
PKT t=18873 RX ua=95 mt=R len=7
PKT t=18878 TX ua=95 mt=P len=0
PKT t=18887 RX ua=95 mt=R len=7
PKT t=18892 TX ua=95 mt=P len=0
PKT t=18901 RX ua=95 mt=R len=7
PKT t=18906 TX ua=95 mt=P len=0
PKT t=18915 RX ua=95 mt=R len=7
PKT t=18920 TX ua=95 mt=P len=0
PKT t=18949 RX ua=95 mt=R len=7
PKT t=18954 TX ua=95 mt=T len=7
PKT t=18967 TX ua=95 mt=P len=0
PKT t=18976 RX ua=95 mt=R len=7
PKT t=18981 TX ua=95 mt=P len=0
PKT t=18990 RX ua=95 mt=R len=7
PKT t=18995 TX ua=95 mt=P len=0
PKT t=19004 RX ua=95 mt=R len=7
PKT t=19009 TX ua=95 mt=P len=0
PKT t=19018 RX ua=95 mt=R len=7
PKT t=19023 TX ua=95 mt=P len=0
PKT t=19146 RX ua=95 mt=R len=7
PKT t=19151 TX ua=95 mt=P len=0
PKT t=19160 RX ua=95 mt=R len=7
PKT t=19165 TX ua=95 mt=P len=0
PKT t=19174 RX ua=95 mt=R len=7
PKT t=19179 TX ua=95 mt=P len=0
PKT t=19188 RX ua=95 mt=R len=7
PKT t=19193 TX ua=95 mt=T len=7
PKT t=19205 TX ua=95 mt=P len=0
PKT t=19214 RX ua=95 mt=R len=7
PKT t=19219 TX ua=95 mt=P len=0
PKT t=19252 RX ua=95 mt=R len=7
PKT t=19257 TX ua=95 mt=P len=0
PKT t=19266 RX ua=95 mt=R len=7
PKT t=19271 TX ua=95 mt=P len=0
PKT t=19280 RX ua=95 mt=R len=7
PKT t=19285 TX ua=95 mt=P len=0
PKT t=19294 RX ua=95 mt=R len=7
PKT t=19299 TX ua=95 mt=P len=0
PKT t=19308 RX ua=95 mt=R len=7
PKT t=19313 TX ua=95 mt=P len=0
PKT t=19322 RX ua=95 mt=R len=7
PKT t=19327 TX ua=95 mt=P len=0
PKT t=19356 RX ua=95 mt=R len=7
PKT t=19361 TX ua=95 mt=P len=0
PKT t=19370 RX ua=95 mt=R len=7
PKT t=19375 TX ua=95 mt=P len=0
PKT t=19384 RX ua=95 mt=R len=7
PKT t=19389 TX ua=95 mt=P len=0
PKT t=19398 RX ua=95 mt=R len=7
PKT t=19403 TX ua=95 mt=P len=0
PKT t=19412 RX ua=95 mt=R len=7
PKT t=19417 TX ua=95 mt=P len=0
PKT t=19426 RX ua=95 mt=R len=7
PKT t=19431 TX ua=95 mt=P len=0
PKT t=19460 RX ua=95 mt=R len=7
PKT t=19465 TX ua=95 mt=T len=7
PKT t=19477 TX ua=95 mt=P len=0
PKT t=19487 RX ua=95 mt=R len=7
PKT t=19492 TX ua=95 mt=P len=0
PKT t=19502 RX ua=95 mt=R len=7
PKT t=19507 TX ua=95 mt=P len=0
PKT t=19517 RX ua=95 mt=R len=7
PKT t=19522 TX ua=95 mt=P len=0
PKT t=19532 RX ua=95 mt=R len=7
PKT t=19537 TX ua=95 mt=P len=0
PKT t=19566 RX ua=95 mt=R len=7
PKT t=19571 TX ua=95 mt=P len=0
PKT t=19581 RX ua=95 mt=R len=7
PKT t=19586 TX ua=95 mt=P len=0
PKT t=19596 RX ua=95 mt=R len=7
PKT t=19601 TX ua=95 mt=P len=0
PKT t=19611 RX ua=95 mt=R len=7
PKT t=19616 TX ua=95 mt=P len=0
PKT t=19626 RX ua=95 mt=R len=7
PKT t=19631 TX ua=95 mt=P len=0
PKT t=19641 RX ua=95 mt=R len=7
PKT t=19646 TX ua=95 mt=P len=0
PKT t=19675 RX ua=95 mt=R len=7
PKT t=19680 TX ua=95 mt=P len=0
PKT t=19690 RX ua=95 mt=R len=7
PKT t=19695 TX ua=95 mt=T len=7
PKT t=19707 TX ua=95 mt=P len=0
PKT t=19716 RX ua=95 mt=R len=7
PKT t=19721 TX ua=95 mt=P len=0
PKT t=19730 RX ua=95 mt=R len=7
PKT t=19735 TX ua=95 mt=P len=0
PKT t=19744 RX ua=95 mt=R len=7
PKT t=19749 TX ua=95 mt=P len=0
PKT t=19778 RX ua=95 mt=R len=7
PKT t=19783 TX ua=95 mt=P len=0
PKT t=19792 RX ua=95 mt=R len=7
PKT t=19797 TX ua=95 mt=P len=0
PKT t=19806 RX ua=95 mt=R len=7
PKT t=19811 TX ua=95 mt=P len=0
PKT t=19820 RX ua=95 mt=R len=7
PKT t=19825 TX ua=95 mt=P len=0
PKT t=19834 RX ua=95 mt=R len=7
PKT t=19839 TX ua=95 mt=P len=0
PKT t=19848 RX ua=95 mt=R len=7
PKT t=19853 TX ua=95 mt=P len=0
PKT t=19882 RX ua=95 mt=R len=7
PKT t=19887 TX ua=95 mt=P len=0
PKT t=19896 RX ua=95 mt=R len=7
PKT t=19901 TX ua=95 mt=P len=0
PKT t=19910 RX ua=95 mt=R len=7
PKT t=19915 TX ua=95 mt=P len=0
PKT t=19924 RX ua=95 mt=R len=7
PKT t=19929 TX ua=95 mt=P len=0
PKT t=19938 RX ua=95 mt=R len=7
PKT t=19943 TX ua=95 mt=T len=7
PKT t=19955 TX ua=95 mt=P len=0
PKT t=19983 RX ua=95 mt=R len=7
PKT t=19988 TX ua=95 mt=P len=0
PKT t=19997 RX ua=95 mt=R len=7
PKT t=20002 TX ua=95 mt=P len=0
PKT t=20014 RX ua=95 mt=R len=7
PKT t=20019 TX ua=95 mt=P len=0
PKT t=20028 RX ua=95 mt=R len=7
PKT t=20033 TX ua=95 mt=P len=0
PKT t=20042 RX ua=95 mt=R len=7
PKT t=20047 TX ua=95 mt=P len=0
PKT t=20147 RX ua=95 mt=R len=7
PKT t=20402 TX ua=96 mt=P len=0
PKT t=20660 TX ua=95 mt=P len=0
PKT t=20669 RX ua=95 mt=R len=7
PKT t=20674 TX ua=95 mt=T len=7
PKT t=20686 TX ua=95 mt=P len=0
PKT t=20695 RX ua=95 mt=R len=7
PKT t=20700 TX ua=95 mt=T len=7
PKT t=20712 TX ua=95 mt=P len=0
PKT t=20721 RX ua=95 mt=R len=7
PKT t=20726 TX ua=95 mt=P len=0
PKT t=20735 RX ua=95 mt=R len=7
PKT t=20740 TX ua=95 mt=P len=0
PKT t=20749 RX ua=95 mt=R len=7
PKT t=20754 TX ua=95 mt=P len=0
PKT t=20763 RX ua=95 mt=R len=7
PKT t=20768 TX ua=95 mt=P len=0
PKT t=20797 RX ua=95 mt=R len=7
PKT t=20802 TX ua=95 mt=P len=0
PKT t=20811 RX ua=95 mt=R len=7
PKT t=20816 TX ua=95 mt=P len=0
PKT t=20825 RX ua=95 mt=R len=7
PKT t=20830 TX ua=95 mt=P len=0
PKT t=20839 RX ua=95 mt=R len=7
PKT t=20844 TX ua=95 mt=P len=0
PKT t=20853 RX ua=95 mt=R len=7
PKT t=20858 TX ua=95 mt=P len=0
PKT t=20867 RX ua=95 mt=R len=7
PKT t=20872 TX ua=95 mt=P len=0
PKT t=20901 RX ua=95 mt=R len=7
PKT t=20906 TX ua=95 mt=P len=0
PKT t=20915 RX ua=95 mt=R len=7
PKT t=20920 TX ua=95 mt=P len=0
PKT t=20929 RX ua=95 mt=R len=7
PKT t=20934 TX ua=95 mt=P len=0
PKT t=20943 RX ua=95 mt=R len=7
PKT t=20948 TX ua=95 mt=T len=7
PKT t=20960 TX ua=95 mt=P len=0
PKT t=20969 RX ua=95 mt=R len=7
PKT t=20974 TX ua=95 mt=P len=0
PKT t=21003 RX ua=95 mt=R len=7
PKT t=21008 TX ua=95 mt=P len=0
PKT t=21017 RX ua=95 mt=R len=7
PKT t=21022 TX ua=95 mt=P len=0
PKT t=21031 RX ua=95 mt=R len=7
PKT t=21036 TX ua=95 mt=P len=0
PKT t=21045 RX ua=95 mt=R len=7
PKT t=21146 TX ua=95 mt=P len=0
PKT t=21155 RX ua=95 mt=R len=7
PKT t=21160 TX ua=95 mt=P len=0
PKT t=21169 RX ua=95 mt=R len=7
PKT t=21174 TX ua=95 mt=P len=0
PKT t=21204 RX ua=95 mt=R len=7
PKT t=21209 TX ua=95 mt=T len=7
PKT t=21222 TX ua=95 mt=P len=0
PKT t=21231 RX ua=95 mt=R len=7
PKT t=21236 TX ua=95 mt=P len=0
PKT t=21245 RX ua=95 mt=R len=7
PKT t=21250 TX ua=95 mt=P len=0
PKT t=21259 RX ua=95 mt=R len=7
PKT t=21264 TX ua=95 mt=P len=0
PKT t=21273 RX ua=95 mt=R len=7
PKT t=21278 TX ua=95 mt=P len=0
PKT t=21307 RX ua=95 mt=R len=7
PKT t=21312 TX ua=95 mt=P len=0
PKT t=21321 RX ua=95 mt=R len=7
PKT t=21326 TX ua=95 mt=P len=0
PKT t=21335 RX ua=95 mt=R len=7
PKT t=21340 TX ua=95 mt=P len=0
PKT t=21349 RX ua=95 mt=R len=7
PKT t=21354 TX ua=95 mt=P len=0
PKT t=21363 RX ua=95 mt=R len=7
PKT t=21368 TX ua=95 mt=P len=0
PKT t=21377 RX ua=95 mt=R len=7
PKT t=21382 TX ua=95 mt=P len=0
PKT t=21411 RX ua=95 mt=R len=7
PKT t=21416 TX ua=95 mt=P len=0
PKT t=21425 RX ua=95 mt=R len=7
PKT t=21430 TX ua=95 mt=P len=0
PKT t=21439 RX ua=95 mt=R len=7
PKT t=21444 TX ua=95 mt=T len=7
PKT t=21457 TX ua=95 mt=P len=0
PKT t=21467 RX ua=95 mt=R len=7
PKT t=21472 TX ua=95 mt=P len=0
PKT t=21482 RX ua=95 mt=R len=7
PKT t=21487 TX ua=95 mt=P len=0
PKT t=21516 RX ua=95 mt=R len=7
PKT t=21521 TX ua=95 mt=P len=0
PKT t=21531 RX ua=95 mt=R len=7
PKT t=21536 TX ua=95 mt=P len=0
PKT t=21546 RX ua=95 mt=R len=7
PKT t=21551 TX ua=95 mt=P len=0
PKT t=21561 RX ua=95 mt=R len=7
PKT t=21566 TX ua=95 mt=P len=0
PKT t=21576 RX ua=95 mt=R len=7
PKT t=21581 TX ua=95 mt=P len=0
PKT t=21591 RX ua=95 mt=R len=7
PKT t=21596 TX ua=95 mt=P len=0
PKT t=21625 RX ua=95 mt=R len=7
PKT t=21630 TX ua=95 mt=P len=0
PKT t=21640 RX ua=95 mt=R len=7
PKT t=21645 TX ua=95 mt=P len=0
PKT t=21655 RX ua=95 mt=R len=7
PKT t=21660 TX ua=95 mt=P len=0
PKT t=21670 RX ua=95 mt=R len=7
PKT t=21675 TX ua=95 mt=P len=0
PKT t=21685 RX ua=95 mt=R len=7
PKT t=21690 TX ua=95 mt=T len=7
PKT t=21703 TX ua=95 mt=P len=0
PKT t=21730 RX ua=95 mt=R len=7
PKT t=21735 TX ua=95 mt=P len=0
PKT t=21744 RX ua=95 mt=R len=7
PKT t=21749 TX ua=95 mt=P len=0
PKT t=21758 RX ua=95 mt=R len=7
PKT t=21763 TX ua=95 mt=P len=0
PKT t=21772 RX ua=95 mt=R len=7
PKT t=21777 TX ua=95 mt=P len=0
PKT t=21786 RX ua=95 mt=R len=7
PKT t=21791 TX ua=95 mt=P len=0
PKT t=21800 RX ua=95 mt=R len=7
PKT t=21805 TX ua=95 mt=P len=0
PKT t=21834 RX ua=95 mt=R len=7
PKT t=21839 TX ua=95 mt=P len=0
PKT t=21848 RX ua=95 mt=R len=7
PKT t=21853 TX ua=95 mt=P len=0
PKT t=21862 RX ua=95 mt=R len=7
PKT t=21867 TX ua=95 mt=P len=0
PKT t=21876 RX ua=95 mt=R len=7
PKT t=21881 TX ua=95 mt=P len=0
PKT t=21890 RX ua=95 mt=R len=7
PKT t=21895 TX ua=95 mt=P len=0
PKT t=21904 RX ua=95 mt=R len=7
PKT t=21909 TX ua=95 mt=P len=0
PKT t=21938 RX ua=95 mt=R len=7
PKT t=21943 TX ua=95 mt=T len=7
PKT t=21956 TX ua=95 mt=P len=0
PKT t=21965 RX ua=95 mt=R len=7
PKT t=21970 TX ua=95 mt=P len=0
PKT t=21979 RX ua=95 mt=R len=7
PKT t=21984 TX ua=95 mt=P len=0
PKT t=21993 RX ua=95 mt=R len=7
PKT t=21998 TX ua=95 mt=P len=0
PKT t=22007 RX ua=95 mt=R len=7
PKT t=22015 TX ua=95 mt=P len=0
PKT t=22041 RX ua=95 mt=R len=7
PKT t=22046 TX ua=95 mt=P len=0
PKT t=22146 RX ua=95 mt=R len=7
PKT t=22401 TX ua=96 mt=P len=0
PKT t=22659 TX ua=95 mt=P len=0
PKT t=22668 RX ua=95 mt=R len=7
PKT t=22673 TX ua=95 mt=T len=7
PKT t=22685 TX ua=95 mt=P len=0
PKT t=22694 RX ua=95 mt=R len=7
PKT t=22699 TX ua=95 mt=T len=7
PKT t=22711 TX ua=95 mt=P len=0
PKT t=22741 RX ua=95 mt=R len=7
PKT t=22746 TX ua=95 mt=P len=0
PKT t=22755 RX ua=95 mt=R len=7
PKT t=22760 TX ua=95 mt=P len=0
PKT t=22769 RX ua=95 mt=R len=7
PKT t=22774 TX ua=95 mt=P len=0
PKT t=22783 RX ua=95 mt=R len=7
PKT t=22788 TX ua=95 mt=P len=0
PKT t=22797 RX ua=95 mt=R len=7
PKT t=22802 TX ua=95 mt=P len=0
PKT t=22811 RX ua=95 mt=R len=7
PKT t=22816 TX ua=95 mt=P len=0
PKT t=22845 RX ua=95 mt=R len=7
PKT t=22850 TX ua=95 mt=P len=0
PKT t=22859 RX ua=95 mt=R len=7
PKT t=22864 TX ua=95 mt=P len=0
PKT t=22873 RX ua=95 mt=R len=7
PKT t=22878 TX ua=95 mt=P len=0
PKT t=22887 RX ua=95 mt=R len=7
PKT t=22892 TX ua=95 mt=P len=0
PKT t=22901 RX ua=95 mt=R len=7
PKT t=22906 TX ua=95 mt=P len=0
PKT t=22915 RX ua=95 mt=R len=7
PKT t=22920 TX ua=95 mt=P len=0
PKT t=22949 RX ua=95 mt=R len=7
PKT t=22954 TX ua=95 mt=T len=7
PKT t=22966 TX ua=95 mt=P len=0
PKT t=22975 RX ua=95 mt=R len=7
PKT t=22980 TX ua=95 mt=P len=0
PKT t=22989 RX ua=95 mt=R len=7
PKT t=22994 TX ua=95 mt=P len=0
PKT t=23003 RX ua=95 mt=R len=7
PKT t=23008 TX ua=95 mt=P len=0
PKT t=23017 RX ua=95 mt=R len=7
PKT t=23022 TX ua=95 mt=P len=0
PKT t=23146 RX ua=95 mt=R len=7
PKT t=23151 TX ua=95 mt=P len=0
PKT t=23160 RX ua=95 mt=R len=7
PKT t=23165 TX ua=95 mt=P len=0
PKT t=23174 RX ua=95 mt=R len=7
PKT t=23179 TX ua=95 mt=P len=0
PKT t=23188 RX ua=95 mt=R len=7
PKT t=23193 TX ua=95 mt=T len=7
PKT t=23205 TX ua=95 mt=P len=0
PKT t=23214 RX ua=95 mt=R len=7
PKT t=23219 TX ua=95 mt=P len=0
PKT t=23251 RX ua=95 mt=R len=7
PKT t=23256 TX ua=95 mt=P len=0
PKT t=23265 RX ua=95 mt=R len=7
PKT t=23270 TX ua=95 mt=P len=0
PKT t=23279 RX ua=95 mt=R len=7
PKT t=23284 TX ua=95 mt=P len=0
PKT t=23293 RX ua=95 mt=R len=7
PKT t=23298 TX ua=95 mt=P len=0
PKT t=23307 RX ua=95 mt=R len=7
PKT t=23312 TX ua=95 mt=P len=0
PKT t=23321 RX ua=95 mt=R len=7
PKT t=23326 TX ua=95 mt=P len=0
PKT t=23355 RX ua=95 mt=R len=7
PKT t=23360 TX ua=95 mt=P len=0
PKT t=23369 RX ua=95 mt=R len=7
PKT t=23374 TX ua=95 mt=P len=0
PKT t=23383 RX ua=95 mt=R len=7
PKT t=23388 TX ua=95 mt=P len=0
PKT t=23397 RX ua=95 mt=R len=7
PKT t=23402 TX ua=95 mt=P len=0
PKT t=23411 RX ua=95 mt=R len=7
PKT t=23416 TX ua=95 mt=P len=0
PKT t=23425 RX ua=95 mt=R len=7
PKT t=23430 TX ua=95 mt=P len=0
PKT t=23459 RX ua=95 mt=R len=7
PKT t=23464 TX ua=95 mt=T len=7
PKT t=23476 TX ua=95 mt=P len=0
PKT t=23486 RX ua=95 mt=R len=7
PKT t=23491 TX ua=95 mt=P len=0
PKT t=23501 RX ua=95 mt=R len=7
PKT t=23506 TX ua=95 mt=P len=0
PKT t=23516 RX ua=95 mt=R len=7
PKT t=23521 TX ua=95 mt=P len=0
PKT t=23531 RX ua=95 mt=R len=7
PKT t=23536 TX ua=95 mt=P len=0
PKT t=23565 RX ua=95 mt=R len=7
PKT t=23570 TX ua=95 mt=P len=0
PKT t=23580 RX ua=95 mt=R len=7
PKT t=23585 TX ua=95 mt=P len=0
PKT t=23595 RX ua=95 mt=R len=7
PKT t=23600 TX ua=95 mt=P len=0
PKT t=23610 RX ua=95 mt=R len=7
PKT t=23615 TX ua=95 mt=P len=0
PKT t=23625 RX ua=95 mt=R len=7
PKT t=23630 TX ua=95 mt=P len=0
PKT t=23640 RX ua=95 mt=R len=7
PKT t=23645 TX ua=95 mt=P len=0
PKT t=23674 RX ua=95 mt=R len=7
PKT t=23679 TX ua=95 mt=P len=0
PKT t=23689 RX ua=95 mt=R len=7
PKT t=23694 TX ua=95 mt=T len=7
PKT t=23706 TX ua=95 mt=P len=0
PKT t=23715 RX ua=95 mt=R len=7
PKT t=23720 TX ua=95 mt=P len=0
PKT t=23729 RX ua=95 mt=R len=7
PKT t=23734 TX ua=95 mt=P len=0
PKT t=23743 RX ua=95 mt=R len=7
PKT t=23748 TX ua=95 mt=P len=0
PKT t=23777 RX ua=95 mt=R len=7
PKT t=23782 TX ua=95 mt=P len=0
PKT t=23792 RX ua=95 mt=R len=7
PKT t=23796 TX ua=95 mt=P len=0
PKT t=23805 RX ua=95 mt=R len=7
PKT t=23810 TX ua=95 mt=P len=0
PKT t=23819 RX ua=95 mt=R len=7
PKT t=23824 TX ua=95 mt=P len=0
PKT t=23833 RX ua=95 mt=R len=7
PKT t=23838 TX ua=95 mt=P len=0
PKT t=23847 RX ua=95 mt=R len=7
PKT t=23852 TX ua=95 mt=P len=0
PKT t=23881 RX ua=95 mt=R len=7
PKT t=23886 TX ua=95 mt=P len=0
PKT t=23895 RX ua=95 mt=R len=7
PKT t=23900 TX ua=95 mt=P len=0
PKT t=23909 RX ua=95 mt=R len=7
PKT t=23914 TX ua=95 mt=P len=0
PKT t=23923 RX ua=95 mt=R len=7
PKT t=23928 TX ua=95 mt=P len=0
PKT t=23937 RX ua=95 mt=R len=7
PKT t=23942 TX ua=95 mt=T len=7
PKT t=23954 TX ua=95 mt=P len=0
PKT t=23982 RX ua=95 mt=R len=7
PKT t=23987 TX ua=95 mt=P len=0
PKT t=23996 RX ua=95 mt=R len=7
PKT t=24001 TX ua=95 mt=P len=0
PKT t=24010 RX ua=95 mt=R len=7
PKT t=24016 TX ua=95 mt=P len=0
PKT t=24025 RX ua=95 mt=R len=7
PKT t=24030 TX ua=95 mt=P len=0
PKT t=24039 RX ua=95 mt=R len=7
PKT t=24044 TX ua=95 mt=P len=0
PKT t=24146 RX ua=95 mt=R len=7
PKT t=24151 TX ua=95 mt=P len=0
PKT t=24160 RX ua=95 mt=R len=7
PKT t=24165 TX ua=95 mt=P len=0
PKT t=24194 RX ua=95 mt=R len=7
PKT t=24199 TX ua=95 mt=T len=7
PKT t=24211 TX ua=95 mt=P len=0
PKT t=24220 RX ua=95 mt=R len=7
PKT t=24225 TX ua=95 mt=P len=0
PKT t=24234 RX ua=95 mt=R len=7
PKT t=24239 TX ua=95 mt=P len=0
PKT t=24248 RX ua=95 mt=R len=7
PKT t=24253 TX ua=95 mt=P len=0
PKT t=24262 RX ua=95 mt=R len=7
PKT t=24267 TX ua=95 mt=P len=0
PKT t=24296 RX ua=95 mt=R len=7
PKT t=24301 TX ua=95 mt=P len=0
PKT t=24310 RX ua=95 mt=R len=7
PKT t=24315 TX ua=95 mt=P len=0
PKT t=24324 RX ua=95 mt=R len=7
PKT t=24329 TX ua=95 mt=P len=0
PKT t=24338 RX ua=95 mt=R len=7
PKT t=24343 TX ua=95 mt=P len=0
PKT t=24352 RX ua=95 mt=R len=7
PKT t=24357 TX ua=95 mt=P len=0
PKT t=24366 RX ua=95 mt=R len=7
PKT t=24371 TX ua=95 mt=P len=0
PKT t=24400 RX ua=95 mt=R len=7
PKT t=24405 TX ua=95 mt=P len=0
PKT t=24414 RX ua=95 mt=R len=7
PKT t=24419 TX ua=95 mt=P len=0
PKT t=24428 RX ua=95 mt=R len=7
PKT t=24433 TX ua=95 mt=P len=0
PKT t=24442 RX ua=95 mt=R len=7
PKT t=24447 TX ua=95 mt=T len=7
PKT t=24459 TX ua=95 mt=P len=0
PKT t=24468 RX ua=95 mt=R len=7
PKT t=24473 TX ua=95 mt=P len=0
PKT t=24502 RX ua=95 mt=R len=7
PKT t=24507 TX ua=95 mt=P len=0
PKT t=24516 RX ua=95 mt=R len=7
PKT t=24521 TX ua=95 mt=P len=0
PKT t=24530 RX ua=95 mt=R len=7
PKT t=24535 TX ua=95 mt=P len=0
PKT t=24544 RX ua=95 mt=R len=7
PKT t=24549 TX ua=95 mt=P len=0
PKT t=24558 RX ua=95 mt=R len=7
PKT t=24563 TX ua=95 mt=P len=0
PKT t=24572 RX ua=95 mt=R len=7
PKT t=24577 TX ua=95 mt=P len=0
PKT t=24606 RX ua=95 mt=R len=7
PKT t=24611 TX ua=95 mt=P len=0
PKT t=24620 RX ua=95 mt=R len=7
PKT t=24625 TX ua=95 mt=P len=0
PKT t=24634 RX ua=95 mt=R len=7
PKT t=24639 TX ua=95 mt=P len=0
PKT t=24648 RX ua=95 mt=R len=7
PKT t=24653 TX ua=95 mt=P len=0
PKT t=24662 RX ua=95 mt=R len=7
PKT t=24667 TX ua=95 mt=P len=0
PKT t=24676 RX ua=95 mt=R len=7
PKT t=24681 TX ua=95 mt=P len=0
PKT t=24710 RX ua=95 mt=R len=7
PKT t=24715 TX ua=95 mt=T len=7
PKT t=24727 TX ua=95 mt=P len=0
PKT t=24736 RX ua=95 mt=R len=7
PKT t=24741 TX ua=95 mt=P len=0
PKT t=24750 RX ua=95 mt=R len=7
PKT t=24755 TX ua=95 mt=P len=0
PKT t=24764 RX ua=95 mt=R len=7
PKT t=24769 TX ua=95 mt=P len=0
PKT t=24778 RX ua=95 mt=R len=7
PKT t=24783 TX ua=95 mt=P len=0
PKT t=24812 RX ua=95 mt=R len=7
PKT t=24817 TX ua=95 mt=P len=0
PKT t=24826 RX ua=95 mt=R len=7
PKT t=24831 TX ua=95 mt=P len=0
PKT t=24840 RX ua=95 mt=R len=7
PKT t=24845 TX ua=95 mt=P len=0
PKT t=24854 RX ua=95 mt=R len=7
PKT t=24859 TX ua=95 mt=P len=0
PKT t=24868 RX ua=95 mt=R len=7
PKT t=24873 TX ua=95 mt=P len=0
PKT t=24882 RX ua=95 mt=R len=7
PKT t=24887 TX ua=95 mt=P len=0
PKT t=24916 RX ua=95 mt=R len=7
PKT t=24921 TX ua=95 mt=P len=0
PKT t=24930 RX ua=95 mt=R len=7
PKT t=24935 TX ua=95 mt=P len=0
PKT t=24944 RX ua=95 mt=R len=7
PKT t=24949 TX ua=95 mt=T len=7
PKT t=24961 TX ua=95 mt=P len=0
PKT t=24970 RX ua=95 mt=R len=7
PKT t=24975 TX ua=95 mt=P len=0
PKT t=24984 RX ua=95 mt=R len=7
PKT t=24989 TX ua=95 mt=P len=0
PKT t=25018 RX ua=95 mt=R len=7
PKT t=25023 TX ua=95 mt=P len=0
PKT t=25032 RX ua=95 mt=R len=7
PKT t=25037 TX ua=95 mt=P len=0
PKT t=25046 RX ua=95 mt=R len=7
PKT t=25146 TX ua=95 mt=P len=0
PKT t=25155 RX ua=95 mt=R len=7
PKT t=25160 TX ua=95 mt=P len=0
PKT t=25169 RX ua=95 mt=R len=7
PKT t=25174 TX ua=95 mt=P len=0
PKT t=25183 RX ua=95 mt=R len=7
PKT t=25188 TX ua=95 mt=P len=0
PKT t=25218 RX ua=95 mt=R len=7
PKT t=25223 TX ua=95 mt=T len=7
PKT t=25235 TX ua=95 mt=P len=0
PKT t=25244 RX ua=95 mt=R len=7
PKT t=25249 TX ua=95 mt=P len=0
PKT t=25258 RX ua=95 mt=R len=7
PKT t=25263 TX ua=95 mt=P len=0
PKT t=25272 RX ua=95 mt=R len=7
PKT t=25277 TX ua=95 mt=P len=0
PKT t=25286 RX ua=95 mt=R len=7
PKT t=25291 TX ua=95 mt=P len=0
PKT t=25320 RX ua=95 mt=R len=7
PKT t=25325 TX ua=95 mt=P len=0
PKT t=25334 RX ua=95 mt=R len=7
PKT t=25339 TX ua=95 mt=P len=0
PKT t=25348 RX ua=95 mt=R len=7
PKT t=25353 TX ua=95 mt=P len=0
PKT t=25362 RX ua=95 mt=R len=7
PKT t=25367 TX ua=95 mt=P len=0
PKT t=25376 RX ua=95 mt=R len=7
PKT t=25381 TX ua=95 mt=P len=0
PKT t=25390 RX ua=95 mt=R len=7
PKT t=25395 TX ua=95 mt=P len=0
PKT t=25424 RX ua=95 mt=R len=7
PKT t=25429 TX ua=95 mt=P len=0
PKT t=25438 RX ua=95 mt=R len=7
PKT t=25443 TX ua=95 mt=T len=7
PKT t=25455 TX ua=95 mt=P len=0
PKT t=25465 RX ua=95 mt=R len=7
PKT t=25470 TX ua=95 mt=P len=0
PKT t=25480 RX ua=95 mt=R len=7
PKT t=25485 TX ua=95 mt=P len=0
PKT t=25495 RX ua=95 mt=R len=7
PKT t=25500 TX ua=95 mt=P len=0
PKT t=25529 RX ua=95 mt=R len=7
PKT t=25534 TX ua=95 mt=P len=0
PKT t=25544 RX ua=95 mt=R len=7
PKT t=25549 TX ua=95 mt=P len=0
PKT t=25559 RX ua=95 mt=R len=7
PKT t=25564 TX ua=95 mt=P len=0
PKT t=25574 RX ua=95 mt=R len=7
PKT t=25579 TX ua=95 mt=P len=0
PKT t=25589 RX ua=95 mt=R len=7
PKT t=25594 TX ua=95 mt=P len=0
PKT t=25604 RX ua=95 mt=R len=7
PKT t=25609 TX ua=95 mt=P len=0
PKT t=25638 RX ua=95 mt=R len=7
PKT t=25643 TX ua=95 mt=P len=0
PKT t=25653 RX ua=95 mt=R len=7
PKT t=25658 TX ua=95 mt=P len=0
PKT t=25668 RX ua=95 mt=R len=7
PKT t=25673 TX ua=95 mt=P len=0
PKT t=25683 RX ua=95 mt=R len=7
PKT t=25688 TX ua=95 mt=P len=0
PKT t=25698 RX ua=95 mt=R len=7
PKT t=25703 TX ua=95 mt=T len=7
PKT t=25715 TX ua=95 mt=P len=0
PKT t=25743 RX ua=95 mt=R len=7
PKT t=25748 TX ua=95 mt=P len=0
PKT t=25757 RX ua=95 mt=R len=7
PKT t=25762 TX ua=95 mt=P len=0
PKT t=25771 RX ua=95 mt=R len=7
PKT t=25776 TX ua=95 mt=P len=0
PKT t=25785 RX ua=95 mt=R len=7
PKT t=25790 TX ua=95 mt=P len=0
PKT t=25799 RX ua=95 mt=R len=7
PKT t=25804 TX ua=95 mt=P len=0
PKT t=25813 RX ua=95 mt=R len=7
PKT t=25818 TX ua=95 mt=P len=0
PKT t=25847 RX ua=95 mt=R len=7
PKT t=25852 TX ua=95 mt=P len=0
PKT t=25861 RX ua=95 mt=R len=7
PKT t=25866 TX ua=95 mt=P len=0
PKT t=25875 RX ua=95 mt=R len=7
PKT t=25880 TX ua=95 mt=P len=0
PKT t=25889 RX ua=95 mt=R len=7
PKT t=25894 TX ua=95 mt=P len=0
PKT t=25903 RX ua=95 mt=R len=7
PKT t=25908 TX ua=95 mt=P len=0
PKT t=25917 RX ua=95 mt=R len=7
PKT t=25922 TX ua=95 mt=P len=0
PKT t=25951 RX ua=95 mt=R len=7
PKT t=25956 TX ua=95 mt=T len=7
PKT t=25968 TX ua=95 mt=P len=0
PKT t=25977 RX ua=95 mt=R len=7
PKT t=25982 TX ua=95 mt=P len=0
PKT t=25991 RX ua=95 mt=R len=7
PKT t=25996 TX ua=95 mt=P len=0
PKT t=26005 RX ua=95 mt=R len=7
PKT t=26010 TX ua=95 mt=P len=0
PKT t=26019 RX ua=95 mt=R len=7
PKT t=26024 TX ua=95 mt=P len=0
PKT t=26146 RX ua=95 mt=R len=7
PKT t=26151 TX ua=95 mt=P len=0
PKT t=26160 RX ua=95 mt=R len=7
PKT t=26165 TX ua=95 mt=P len=0
PKT t=26174 RX ua=95 mt=R len=7
PKT t=26179 TX ua=95 mt=P len=0
PKT t=26188 RX ua=95 mt=R len=7
PKT t=26193 TX ua=95 mt=T len=7
PKT t=26206 TX ua=95 mt=P len=0
PKT t=26215 RX ua=95 mt=R len=7
PKT t=26220 TX ua=95 mt=T len=7
PKT t=26233 TX ua=95 mt=P len=0
PKT t=26255 RX ua=95 mt=R len=7
PKT t=26260 TX ua=95 mt=P len=0
PKT t=26269 RX ua=95 mt=R len=7
PKT t=26274 TX ua=95 mt=P len=0
PKT t=26283 RX ua=95 mt=R len=7
PKT t=26288 TX ua=95 mt=P len=0
PKT t=26297 RX ua=95 mt=R len=7
PKT t=26302 TX ua=95 mt=P len=0
PKT t=26311 RX ua=95 mt=R len=7
PKT t=26316 TX ua=95 mt=P len=0
PKT t=26325 RX ua=95 mt=R len=7
PKT t=26330 TX ua=95 mt=P len=0
PKT t=26359 RX ua=95 mt=R len=7
PKT t=26364 TX ua=95 mt=P len=0
PKT t=26373 RX ua=95 mt=R len=7
PKT t=26378 TX ua=95 mt=P len=0
PKT t=26387 RX ua=95 mt=R len=7
PKT t=26392 TX ua=95 mt=P len=0
PKT t=26401 RX ua=95 mt=R len=7
PKT t=26406 TX ua=95 mt=P len=0
PKT t=26415 RX ua=95 mt=R len=7
PKT t=26420 TX ua=95 mt=P len=0
PKT t=26429 RX ua=95 mt=R len=7
PKT t=26434 TX ua=95 mt=P len=0
PKT t=26463 RX ua=95 mt=R len=7
PKT t=26468 TX ua=95 mt=T len=7
PKT t=26481 TX ua=95 mt=P len=0
PKT t=26490 RX ua=95 mt=R len=7
PKT t=26495 TX ua=95 mt=P len=0
PKT t=26504 RX ua=95 mt=R len=7
PKT t=26509 TX ua=95 mt=P len=0
PKT t=26518 RX ua=95 mt=R len=7
PKT t=26523 TX ua=95 mt=P len=0
PKT t=26532 RX ua=95 mt=R len=7
PKT t=26537 TX ua=95 mt=P len=0
PKT t=26566 RX ua=95 mt=R len=7
PKT t=26571 TX ua=95 mt=P len=0
PKT t=26580 RX ua=95 mt=R len=7
PKT t=26585 TX ua=95 mt=P len=0
PKT t=26594 RX ua=95 mt=R len=7
PKT t=26599 TX ua=95 mt=P len=0
PKT t=26608 RX ua=95 mt=R len=7
PKT t=26613 TX ua=95 mt=P len=0
PKT t=26622 RX ua=95 mt=R len=7
PKT t=26627 TX ua=95 mt=P len=0
PKT t=26636 RX ua=95 mt=R len=7
PKT t=26641 TX ua=95 mt=P len=0
PKT t=26670 RX ua=95 mt=R len=7
PKT t=26675 TX ua=95 mt=P len=0
PKT t=26684 RX ua=95 mt=R len=7
PKT t=26689 TX ua=95 mt=T len=7
PKT t=26702 TX ua=95 mt=P len=0
PKT t=26711 RX ua=95 mt=R len=7
PKT t=26716 TX ua=95 mt=P len=0
PKT t=26725 RX ua=95 mt=R len=7
PKT t=26730 TX ua=95 mt=P len=0
PKT t=26739 RX ua=95 mt=R len=7
PKT t=26744 TX ua=95 mt=P len=0
PKT t=26774 RX ua=95 mt=R len=7
PKT t=26778 TX ua=95 mt=P len=0
PKT t=26787 RX ua=95 mt=R len=7
PKT t=26792 TX ua=95 mt=P len=0
PKT t=26801 RX ua=95 mt=R len=7
PKT t=26806 TX ua=95 mt=P len=0
PKT t=26815 RX ua=95 mt=R len=7
PKT t=26820 TX ua=95 mt=P len=0
PKT t=26829 RX ua=95 mt=R len=7
PKT t=26834 TX ua=95 mt=P len=0
PKT t=26843 RX ua=95 mt=R len=7
PKT t=26848 TX ua=95 mt=P len=0
PKT t=26877 RX ua=95 mt=R len=7
PKT t=26882 TX ua=95 mt=P len=0
PKT t=26891 RX ua=95 mt=R len=7
PKT t=26896 TX ua=95 mt=P len=0
PKT t=26905 RX ua=95 mt=R len=7
PKT t=26910 TX ua=95 mt=P len=0
PKT t=26919 RX ua=95 mt=R len=7
PKT t=26924 TX ua=95 mt=P len=0
PKT t=26933 RX ua=95 mt=R len=7
PKT t=26938 TX ua=95 mt=P len=0
PKT t=26947 RX ua=95 mt=R len=7
PKT t=26952 TX ua=95 mt=T len=7
PKT t=26965 TX ua=95 mt=P len=0
PKT t=26984 RX ua=95 mt=R len=7
PKT t=26989 TX ua=95 mt=P len=0
PKT t=26998 RX ua=95 mt=R len=7
PKT t=27003 TX ua=95 mt=P len=0
PKT t=27013 RX ua=95 mt=R len=7
PKT t=27018 TX ua=95 mt=P len=0
PKT t=27027 RX ua=95 mt=R len=7
PKT t=27032 TX ua=95 mt=P len=0
PKT t=27041 RX ua=95 mt=R len=7
PKT t=27046 TX ua=95 mt=P len=0
PKT t=27146 RX ua=95 mt=R len=7
PKT t=27401 TX ua=96 mt=P len=0
PKT t=27659 TX ua=95 mt=P len=0
PKT t=27668 RX ua=95 mt=R len=7
PKT t=27673 TX ua=95 mt=T len=7
PKT t=27685 TX ua=95 mt=P len=0
PKT t=27695 RX ua=95 mt=R len=7
PKT t=27700 TX ua=95 mt=T len=7
PKT t=27712 TX ua=95 mt=P len=0
PKT t=27721 RX ua=95 mt=R len=7
PKT t=27726 TX ua=95 mt=P len=0
PKT t=27735 RX ua=95 mt=R len=7
PKT t=27740 TX ua=95 mt=P len=0
PKT t=27749 RX ua=95 mt=R len=7
PKT t=27754 TX ua=95 mt=P len=0
PKT t=27763 RX ua=95 mt=R len=7
PKT t=27768 TX ua=95 mt=P len=0
PKT t=27797 RX ua=95 mt=R len=7
PKT t=27802 TX ua=95 mt=P len=0
PKT t=27811 RX ua=95 mt=R len=7
PKT t=27816 TX ua=95 mt=P len=0
PKT t=27825 RX ua=95 mt=R len=7
PKT t=27830 TX ua=95 mt=P len=0
PKT t=27839 RX ua=95 mt=R len=7
PKT t=27844 TX ua=95 mt=P len=0
PKT t=27853 RX ua=95 mt=R len=7
PKT t=27858 TX ua=95 mt=P len=0
PKT t=27867 RX ua=95 mt=R len=7
PKT t=27872 TX ua=95 mt=P len=0
PKT t=27901 RX ua=95 mt=R len=7
PKT t=27906 TX ua=95 mt=P len=0
PKT t=27915 RX ua=95 mt=R len=7
PKT t=27920 TX ua=95 mt=P len=0
PKT t=27929 RX ua=95 mt=R len=7
PKT t=27934 TX ua=95 mt=P len=0
PKT t=27943 RX ua=95 mt=R len=7
PKT t=27948 TX ua=95 mt=T len=7
PKT t=27960 TX ua=95 mt=P len=0
PKT t=27969 RX ua=95 mt=R len=7
PKT t=27974 TX ua=95 mt=P len=0
PKT t=28003 RX ua=95 mt=R len=7
PKT t=28008 TX ua=95 mt=P len=0
PKT t=28018 RX ua=95 mt=R len=7
PKT t=28023 TX ua=95 mt=P len=0
PKT t=28032 RX ua=95 mt=R len=7
PKT t=28037 TX ua=95 mt=P len=0
PKT t=28046 RX ua=95 mt=R len=7
PKT t=28146 TX ua=95 mt=P len=0
PKT t=28155 RX ua=95 mt=R len=7
PKT t=28160 TX ua=95 mt=P len=0
PKT t=28169 RX ua=95 mt=R len=7
PKT t=28174 TX ua=95 mt=P len=0
PKT t=28203 RX ua=95 mt=R len=7
PKT t=28208 TX ua=95 mt=T len=7
PKT t=28220 TX ua=95 mt=P len=0
PKT t=28229 RX ua=95 mt=R len=7
PKT t=28234 TX ua=95 mt=P len=0
PKT t=28243 RX ua=95 mt=R len=7
PKT t=28248 TX ua=95 mt=P len=0
PKT t=28257 RX ua=95 mt=R len=7
PKT t=28262 TX ua=95 mt=P len=0
PKT t=28271 RX ua=95 mt=R len=7
PKT t=28276 TX ua=95 mt=P len=0
PKT t=28305 RX ua=95 mt=R len=7
PKT t=28310 TX ua=95 mt=P len=0
PKT t=28319 RX ua=95 mt=R len=7
PKT t=28324 TX ua=95 mt=P len=0
PKT t=28333 RX ua=95 mt=R len=7
PKT t=28338 TX ua=95 mt=P len=0
PKT t=28347 RX ua=95 mt=R len=7
PKT t=28352 TX ua=95 mt=P len=0
PKT t=28361 RX ua=95 mt=R len=7
PKT t=28366 TX ua=95 mt=P len=0
PKT t=28375 RX ua=95 mt=R len=7
PKT t=28380 TX ua=95 mt=P len=0
PKT t=28409 RX ua=95 mt=R len=7
PKT t=28414 TX ua=95 mt=P len=0
PKT t=28423 RX ua=95 mt=R len=7
PKT t=28428 TX ua=95 mt=P len=0
PKT t=28437 RX ua=95 mt=R len=7
PKT t=28442 TX ua=95 mt=T len=7
PKT t=28454 TX ua=95 mt=P len=0
PKT t=28463 RX ua=95 mt=R len=7
PKT t=28468 TX ua=95 mt=P len=0
PKT t=28477 RX ua=95 mt=R len=7
PKT t=28482 TX ua=95 mt=P len=0
PKT t=28511 RX ua=95 mt=R len=7
PKT t=28516 TX ua=95 mt=P len=0
PKT t=28525 RX ua=95 mt=R len=7
PKT t=28530 TX ua=95 mt=P len=0
PKT t=28539 RX ua=95 mt=R len=7
PKT t=28544 TX ua=95 mt=P len=0
PKT t=28553 RX ua=95 mt=R len=7
PKT t=28558 TX ua=95 mt=P len=0
PKT t=28568 RX ua=95 mt=R len=7
PKT t=28573 TX ua=95 mt=P len=0
PKT t=28582 RX ua=95 mt=R len=7
PKT t=28587 TX ua=95 mt=P len=0
PKT t=28616 RX ua=95 mt=R len=7
PKT t=28621 TX ua=95 mt=P len=0
PKT t=28630 RX ua=95 mt=R len=7
PKT t=28635 TX ua=95 mt=P len=0
PKT t=28644 RX ua=95 mt=R len=7
PKT t=28649 TX ua=95 mt=P len=0
PKT t=28658 RX ua=95 mt=R len=7
PKT t=28663 TX ua=95 mt=P len=0
PKT t=28672 RX ua=95 mt=R len=7
PKT t=28677 TX ua=95 mt=P len=0
PKT t=28686 RX ua=95 mt=R len=7
PKT t=28691 TX ua=95 mt=T len=7
PKT t=28703 TX ua=95 mt=P len=0
PKT t=28722 RX ua=95 mt=R len=7
PKT t=28727 TX ua=95 mt=P len=0
PKT t=28736 RX ua=95 mt=R len=7
PKT t=28741 TX ua=95 mt=P len=0
PKT t=28750 RX ua=95 mt=R len=7
PKT t=28755 TX ua=95 mt=P len=0
PKT t=28764 RX ua=95 mt=R len=7
PKT t=28769 TX ua=95 mt=P len=0
PKT t=28778 RX ua=95 mt=R len=7
PKT t=28783 TX ua=95 mt=P len=0
PKT t=28792 RX ua=95 mt=R len=7
PKT t=28797 TX ua=95 mt=P len=0
PKT t=28826 RX ua=95 mt=R len=7
PKT t=28831 TX ua=95 mt=P len=0
PKT t=28840 RX ua=95 mt=R len=7
PKT t=28845 TX ua=95 mt=P len=0
PKT t=28854 RX ua=95 mt=R len=7
PKT t=28859 TX ua=95 mt=P len=0
PKT t=28868 RX ua=95 mt=R len=7
PKT t=28873 TX ua=95 mt=P len=0
PKT t=28882 RX ua=95 mt=R len=7
PKT t=28887 TX ua=95 mt=P len=0
PKT t=28896 RX ua=95 mt=R len=7
PKT t=28901 TX ua=95 mt=P len=0
PKT t=28930 RX ua=95 mt=R len=7
PKT t=28935 TX ua=95 mt=P len=0
PKT t=28944 RX ua=95 mt=R len=7
PKT t=28949 TX ua=95 mt=T len=7
PKT t=28961 TX ua=95 mt=P len=0
PKT t=28970 RX ua=95 mt=R len=7
PKT t=28975 TX ua=95 mt=P len=0
PKT t=28984 RX ua=95 mt=R len=7
PKT t=28989 TX ua=95 mt=P len=0
PKT t=28998 RX ua=95 mt=R len=7
PKT t=29003 TX ua=95 mt=P len=0
PKT t=29032 RX ua=95 mt=R len=7
PKT t=29037 TX ua=95 mt=P len=0
PKT t=29046 RX ua=95 mt=R len=7
PKT t=29146 TX ua=95 mt=P len=0
PKT t=29155 RX ua=95 mt=R len=7
PKT t=29160 TX ua=95 mt=P len=0
PKT t=29169 RX ua=95 mt=R len=7
PKT t=29174 TX ua=95 mt=P len=0
PKT t=29183 RX ua=95 mt=R len=7
PKT t=29188 TX ua=95 mt=P len=0
PKT t=29197 RX ua=95 mt=R len=7
PKT t=29202 TX ua=95 mt=T len=7
PKT t=29215 TX ua=95 mt=P len=0
PKT t=29234 RX ua=95 mt=R len=7
PKT t=29239 TX ua=95 mt=P len=0
PKT t=29248 RX ua=95 mt=R len=7
PKT t=29253 TX ua=95 mt=P len=0
PKT t=29262 RX ua=95 mt=R len=7
PKT t=29267 TX ua=95 mt=P len=0
PKT t=29276 RX ua=95 mt=R len=7
PKT t=29281 TX ua=95 mt=P len=0
PKT t=29290 RX ua=95 mt=R len=7
PKT t=29295 TX ua=95 mt=P len=0
PKT t=29304 RX ua=95 mt=R len=7
PKT t=29309 TX ua=95 mt=P len=0
PKT t=29338 RX ua=95 mt=R len=7
PKT t=29343 TX ua=95 mt=P len=0
PKT t=29352 RX ua=95 mt=R len=7
PKT t=29357 TX ua=95 mt=P len=0
PKT t=29366 RX ua=95 mt=R len=7
PKT t=29371 TX ua=95 mt=P len=0
PKT t=29380 RX ua=95 mt=R len=7
PKT t=29385 TX ua=95 mt=P len=0
PKT t=29394 RX ua=95 mt=R len=7
PKT t=29399 TX ua=95 mt=P len=0
PKT t=29408 RX ua=95 mt=R len=7
PKT t=29413 TX ua=95 mt=P len=0
PKT t=29442 RX ua=95 mt=R len=7
PKT t=29447 TX ua=95 mt=T len=7
PKT t=29460 TX ua=95 mt=P len=0
PKT t=29470 RX ua=95 mt=R len=7
PKT t=29475 TX ua=95 mt=P len=0
PKT t=29485 RX ua=95 mt=R len=7
PKT t=29490 TX ua=95 mt=P len=0
PKT t=29500 RX ua=95 mt=R len=7
PKT t=29505 TX ua=95 mt=P len=0
PKT t=29515 RX ua=95 mt=R len=7
PKT t=29520 TX ua=95 mt=P len=0
PKT t=29549 RX ua=95 mt=R len=7
PKT t=29554 TX ua=95 mt=P len=0
PKT t=29564 RX ua=95 mt=R len=7
PKT t=29569 TX ua=95 mt=P len=0
PKT t=29579 RX ua=95 mt=R len=7
PKT t=29584 TX ua=95 mt=P len=0
PKT t=29594 RX ua=95 mt=R len=7
PKT t=29599 TX ua=95 mt=P len=0
PKT t=29609 RX ua=95 mt=R len=7
PKT t=29614 TX ua=95 mt=P len=0
PKT t=29624 RX ua=95 mt=R len=7
PKT t=29629 TX ua=95 mt=P len=0
PKT t=29658 RX ua=95 mt=R len=7
PKT t=29663 TX ua=95 mt=P len=0
PKT t=29673 RX ua=95 mt=R len=7
PKT t=29678 TX ua=95 mt=P len=0
PKT t=29688 RX ua=95 mt=R len=7
PKT t=29693 TX ua=95 mt=T len=7
PKT t=29706 TX ua=95 mt=P len=0
PKT t=29715 RX ua=95 mt=R len=7
PKT t=29720 TX ua=95 mt=P len=0
PKT t=29729 RX ua=95 mt=R len=7
PKT t=29734 TX ua=95 mt=P len=0
PKT t=29763 RX ua=95 mt=R len=7
PKT t=29768 TX ua=95 mt=P len=0
PKT t=29777 RX ua=95 mt=R len=7
PKT t=29782 TX ua=95 mt=P len=0
PKT t=29791 RX ua=95 mt=R len=7
PKT t=29796 TX ua=95 mt=P len=0
PKT t=29805 RX ua=95 mt=R len=7
PKT t=29810 TX ua=95 mt=P len=0
PKT t=29819 RX ua=95 mt=R len=7
PKT t=29824 TX ua=95 mt=P len=0
PKT t=29833 RX ua=95 mt=R len=7
PKT t=29838 TX ua=95 mt=P len=0
PKT t=29867 RX ua=95 mt=R len=7
PKT t=29872 TX ua=95 mt=P len=0
PKT t=29881 RX ua=95 mt=R len=7
PKT t=29886 TX ua=95 mt=P len=0
PKT t=29895 RX ua=95 mt=R len=7
PKT t=29900 TX ua=95 mt=P len=0
PKT t=29909 RX ua=95 mt=R len=7
PKT t=29914 TX ua=95 mt=P len=0
PKT t=29923 RX ua=95 mt=R len=7
PKT t=29928 TX ua=95 mt=P len=0
PKT t=29937 RX ua=95 mt=R len=7
PKT t=29942 TX ua=95 mt=T len=7
PKT t=29955 TX ua=95 mt=P len=0
PKT t=29973 RX ua=95 mt=R len=7
PKT t=29978 TX ua=95 mt=P len=0
PKT t=29988 RX ua=95 mt=R len=7
PKT t=29992 TX ua=95 mt=P len=0
PKT t=30001 RX ua=95 mt=R len=7
PKT t=30006 TX ua=95 mt=P len=0
PKT t=30019 RX ua=95 mt=R len=7
PKT t=30024 TX ua=95 mt=P len=0
PKT t=30033 RX ua=95 mt=R len=7
PKT t=30038 TX ua=95 mt=P len=0
PKT t=30146 RX ua=95 mt=R len=7
PKT t=30151 TX ua=95 mt=P len=0
PKT t=30177 RX ua=95 mt=R len=7
PKT t=30182 TX ua=95 mt=P len=0
PKT t=30191 RX ua=95 mt=R len=7
PKT t=30196 TX ua=95 mt=T len=7
PKT t=30208 TX ua=95 mt=P len=0
PKT t=30217 RX ua=95 mt=R len=7
PKT t=30222 TX ua=95 mt=P len=0
PKT t=30231 RX ua=95 mt=R len=7
PKT t=30236 TX ua=95 mt=P len=0
PKT t=30245 RX ua=95 mt=R len=7
PKT t=30250 TX ua=95 mt=P len=0
PKT t=30279 RX ua=95 mt=R len=7
PKT t=30284 TX ua=95 mt=P len=0
PKT t=30293 RX ua=95 mt=R len=7
PKT t=30298 TX ua=95 mt=P len=0
PKT t=30307 RX ua=95 mt=R len=7
PKT t=30312 TX ua=95 mt=P len=0
PKT t=30321 RX ua=95 mt=R len=7
PKT t=30326 TX ua=95 mt=P len=0
PKT t=30335 RX ua=95 mt=R len=7
PKT t=30340 TX ua=95 mt=P len=0
PKT t=30349 RX ua=95 mt=R len=7
PKT t=30354 TX ua=95 mt=P len=0
PKT t=30383 RX ua=95 mt=R len=7
PKT t=30388 TX ua=95 mt=P len=0
PKT t=30397 RX ua=95 mt=R len=7
PKT t=30402 TX ua=95 mt=P len=0
PKT t=30411 RX ua=95 mt=R len=7
PKT t=30416 TX ua=95 mt=P len=0
PKT t=30425 RX ua=95 mt=R len=7
PKT t=30430 TX ua=95 mt=P len=0
PKT t=30439 RX ua=95 mt=R len=7
PKT t=30444 TX ua=95 mt=T len=7
PKT t=30456 TX ua=95 mt=P len=0
PKT t=30484 RX ua=95 mt=R len=7
PKT t=30489 TX ua=95 mt=P len=0
PKT t=30498 RX ua=95 mt=R len=7
PKT t=30503 TX ua=95 mt=P len=0
PKT t=30512 RX ua=95 mt=R len=7
PKT t=30517 TX ua=95 mt=P len=0
PKT t=30526 RX ua=95 mt=R len=7
PKT t=30531 TX ua=95 mt=P len=0
PKT t=30540 RX ua=95 mt=R len=7
PKT t=30545 TX ua=95 mt=P len=0
PKT t=30554 RX ua=95 mt=R len=7
PKT t=30559 TX ua=95 mt=P len=0
PKT t=30588 RX ua=95 mt=R len=7
PKT t=30593 TX ua=95 mt=P len=0
PKT t=30602 RX ua=95 mt=R len=7
PKT t=30607 TX ua=95 mt=P len=0
PKT t=30616 RX ua=95 mt=R len=7
PKT t=30621 TX ua=95 mt=P len=0
PKT t=30630 RX ua=95 mt=R len=7
PKT t=30635 TX ua=95 mt=P len=0
PKT t=30644 RX ua=95 mt=R len=7
PKT t=30649 TX ua=95 mt=P len=0
PKT t=30658 RX ua=95 mt=R len=7
PKT t=30663 TX ua=95 mt=P len=0
PKT t=30692 RX ua=95 mt=R len=7
PKT t=30697 TX ua=95 mt=T len=7
PKT t=30709 TX ua=95 mt=P len=0
PKT t=30718 RX ua=95 mt=R len=7
PKT t=30723 TX ua=95 mt=P len=0
PKT t=30732 RX ua=95 mt=R len=7
PKT t=30737 TX ua=95 mt=P len=0
PKT t=30746 RX ua=95 mt=R len=7
PKT t=30751 TX ua=95 mt=P len=0
PKT t=30760 RX ua=95 mt=R len=7
PKT t=30765 TX ua=95 mt=P len=0
PKT t=30794 RX ua=95 mt=R len=7
PKT t=30799 TX ua=95 mt=P len=0
PKT t=30808 RX ua=95 mt=R len=7
PKT t=30813 TX ua=95 mt=P len=0
PKT t=30822 RX ua=95 mt=R len=7
PKT t=30827 TX ua=95 mt=P len=0
PKT t=30836 RX ua=95 mt=R len=7
PKT t=30841 TX ua=95 mt=P len=0
PKT t=30850 RX ua=95 mt=R len=7
PKT t=30855 TX ua=95 mt=P len=0
PKT t=30865 RX ua=95 mt=R len=7
PKT t=30870 TX ua=95 mt=P len=0
PKT t=30899 RX ua=95 mt=R len=7
PKT t=30904 TX ua=95 mt=P len=0
PKT t=30913 RX ua=95 mt=R len=7
PKT t=30918 TX ua=95 mt=P len=0
PKT t=30927 RX ua=95 mt=R len=7
PKT t=30932 TX ua=95 mt=P len=0
PKT t=30941 RX ua=95 mt=R len=7
PKT t=30946 TX ua=95 mt=T len=7
PKT t=30958 TX ua=95 mt=P len=0
PKT t=30967 RX ua=95 mt=R len=7
PKT t=30972 TX ua=95 mt=P len=0
PKT t=31001 RX ua=95 mt=R len=7
PKT t=31006 TX ua=95 mt=P len=0
PKT t=31015 RX ua=95 mt=R len=7
PKT t=31020 TX ua=95 mt=P len=0
PKT t=31029 RX ua=95 mt=R len=7
PKT t=31034 TX ua=95 mt=P len=0
PKT t=31043 RX ua=95 mt=R len=7
PKT t=31146 TX ua=95 mt=P len=0
PKT t=31155 RX ua=95 mt=R len=7
PKT t=31160 TX ua=95 mt=P len=0
PKT t=31169 RX ua=95 mt=R len=7
PKT t=31174 TX ua=95 mt=P len=0
PKT t=31203 RX ua=95 mt=R len=7
PKT t=31208 TX ua=95 mt=T len=7
PKT t=31220 TX ua=95 mt=P len=0
PKT t=31229 RX ua=95 mt=R len=7
PKT t=31234 TX ua=95 mt=P len=0
PKT t=31243 RX ua=95 mt=R len=7
PKT t=31248 TX ua=95 mt=P len=0
PKT t=31257 RX ua=95 mt=R len=7
PKT t=31262 TX ua=95 mt=P len=0
PKT t=31271 RX ua=95 mt=R len=7
PKT t=31276 TX ua=95 mt=P len=0
PKT t=31305 RX ua=95 mt=R len=7
PKT t=31310 TX ua=95 mt=P len=0
PKT t=31320 RX ua=95 mt=R len=7
PKT t=31325 TX ua=95 mt=P len=0
PKT t=31334 RX ua=95 mt=R len=7
PKT t=31339 TX ua=95 mt=P len=0
PKT t=31348 RX ua=95 mt=R len=7
PKT t=31353 TX ua=95 mt=P len=0
PKT t=31362 RX ua=95 mt=R len=7
PKT t=31367 TX ua=95 mt=P len=0
PKT t=31376 RX ua=95 mt=R len=7
PKT t=31381 TX ua=95 mt=P len=0
PKT t=31410 RX ua=95 mt=R len=7
PKT t=31415 TX ua=95 mt=P len=0
PKT t=31424 RX ua=95 mt=R len=7
PKT t=31429 TX ua=95 mt=P len=0
PKT t=31438 RX ua=95 mt=R len=7
PKT t=31443 TX ua=95 mt=T len=7
PKT t=31455 TX ua=95 mt=P len=0
PKT t=31465 RX ua=95 mt=R len=7
PKT t=31470 TX ua=95 mt=P len=0
PKT t=31480 RX ua=95 mt=R len=7
PKT t=31485 TX ua=95 mt=P len=0
PKT t=31514 RX ua=95 mt=R len=7
PKT t=31519 TX ua=95 mt=P len=0
PKT t=31529 RX ua=95 mt=R len=7
PKT t=31534 TX ua=95 mt=P len=0
PKT t=31544 RX ua=95 mt=R len=7
PKT t=31549 TX ua=95 mt=P len=0
PKT t=31559 RX ua=95 mt=R len=7
PKT t=31564 TX ua=95 mt=P len=0
PKT t=31574 RX ua=95 mt=R len=7
PKT t=31579 TX ua=95 mt=P len=0
PKT t=31589 RX ua=95 mt=R len=7
PKT t=31594 TX ua=95 mt=P len=0
PKT t=31623 RX ua=95 mt=R len=7
PKT t=31628 TX ua=95 mt=P len=0
PKT t=31638 RX ua=95 mt=R len=7
PKT t=31643 TX ua=95 mt=P len=0
PKT t=31653 RX ua=95 mt=R len=7
PKT t=31658 TX ua=95 mt=P len=0
PKT t=31668 RX ua=95 mt=R len=7
PKT t=31673 TX ua=95 mt=P len=0
PKT t=31683 RX ua=95 mt=R len=7
PKT t=31688 TX ua=95 mt=P len=0
PKT t=31698 RX ua=95 mt=R len=7
PKT t=31703 TX ua=95 mt=T len=7
PKT t=31715 TX ua=95 mt=P len=0
PKT t=31733 RX ua=95 mt=R len=7
PKT t=31738 TX ua=95 mt=P len=0
PKT t=31747 RX ua=95 mt=R len=7
PKT t=31752 TX ua=95 mt=P len=0
PKT t=31761 RX ua=95 mt=R len=7
PKT t=31766 TX ua=95 mt=P len=0
PKT t=31775 RX ua=95 mt=R len=7
PKT t=31780 TX ua=95 mt=P len=0
PKT t=31789 RX ua=95 mt=R len=7
PKT t=31794 TX ua=95 mt=P len=0
PKT t=31803 RX ua=95 mt=R len=7
PKT t=31808 TX ua=95 mt=P len=0
PKT t=31837 RX ua=95 mt=R len=7
PKT t=31842 TX ua=95 mt=P len=0
PKT t=31851 RX ua=95 mt=R len=7
PKT t=31856 TX ua=95 mt=P len=0
PKT t=31865 RX ua=95 mt=R len=7
PKT t=31870 TX ua=95 mt=P len=0
PKT t=31879 RX ua=95 mt=R len=7
PKT t=31884 TX ua=95 mt=P len=0
PKT t=31893 RX ua=95 mt=R len=7
PKT t=31898 TX ua=95 mt=P len=0
PKT t=31907 RX ua=95 mt=R len=7
PKT t=31912 TX ua=95 mt=P len=0
PKT t=31941 RX ua=95 mt=R len=7
PKT t=31946 TX ua=95 mt=T len=7
PKT t=31958 TX ua=95 mt=P len=0
PKT t=31967 RX ua=95 mt=R len=7
PKT t=31972 TX ua=95 mt=P len=0
PKT t=31981 RX ua=95 mt=R len=7
PKT t=31986 TX ua=95 mt=P len=0
PKT t=31995 RX ua=95 mt=R len=7
PKT t=32000 TX ua=95 mt=P len=0
PKT t=32009 RX ua=95 mt=R len=7
PKT t=32014 TX ua=95 mt=P len=0
PKT t=32043 RX ua=95 mt=R len=7
PKT t=32146 TX ua=95 mt=P len=0
PKT t=32155 RX ua=95 mt=R len=7
PKT t=32160 TX ua=95 mt=P len=0
PKT t=32169 RX ua=95 mt=R len=7
PKT t=32174 TX ua=95 mt=P len=0
PKT t=32184 RX ua=95 mt=R len=7
PKT t=32189 TX ua=95 mt=T len=7
PKT t=32201 TX ua=95 mt=P len=0
PKT t=32210 RX ua=95 mt=R len=7
PKT t=32215 TX ua=95 mt=P len=0
PKT t=32244 RX ua=95 mt=R len=7
PKT t=32249 TX ua=95 mt=P len=0
PKT t=32258 RX ua=95 mt=R len=7
PKT t=32263 TX ua=95 mt=P len=0
PKT t=32272 RX ua=95 mt=R len=7
PKT t=32277 TX ua=95 mt=P len=0
PKT t=32286 RX ua=95 mt=R len=7
PKT t=32291 TX ua=95 mt=P len=0
PKT t=32300 RX ua=95 mt=R len=7
PKT t=32305 TX ua=95 mt=P len=0
PKT t=32314 RX ua=95 mt=R len=7
PKT t=32319 TX ua=95 mt=P len=0
PKT t=32348 RX ua=95 mt=R len=7
PKT t=32353 TX ua=95 mt=P len=0
PKT t=32362 RX ua=95 mt=R len=7
PKT t=32367 TX ua=95 mt=P len=0
PKT t=32376 RX ua=95 mt=R len=7
PKT t=32381 TX ua=95 mt=P len=0
PKT t=32390 RX ua=95 mt=R len=7
PKT t=32395 TX ua=95 mt=P len=0
PKT t=32404 RX ua=95 mt=R len=7
PKT t=32409 TX ua=95 mt=P len=0
PKT t=32418 RX ua=95 mt=R len=7
PKT t=32423 TX ua=95 mt=P len=0
PKT t=32452 RX ua=95 mt=R len=7
PKT t=32457 TX ua=95 mt=T len=7
PKT t=32469 TX ua=95 mt=P len=0
PKT t=32478 RX ua=95 mt=R len=7
PKT t=32483 TX ua=95 mt=P len=0
PKT t=32492 RX ua=95 mt=R len=7
PKT t=32497 TX ua=95 mt=P len=0
PKT t=32506 RX ua=95 mt=R len=7
PKT t=32511 TX ua=95 mt=P len=0
PKT t=32520 RX ua=95 mt=R len=7
PKT t=32525 TX ua=95 mt=P len=0
PKT t=32554 RX ua=95 mt=R len=7
PKT t=32559 TX ua=95 mt=P len=0
PKT t=32568 RX ua=95 mt=R len=7
PKT t=32573 TX ua=95 mt=P len=0
PKT t=32582 RX ua=95 mt=R len=7
PKT t=32587 TX ua=95 mt=P len=0
PKT t=32596 RX ua=95 mt=R len=7
PKT t=32601 TX ua=95 mt=P len=0
PKT t=32610 RX ua=95 mt=R len=7
PKT t=32615 TX ua=95 mt=P len=0
PKT t=32624 RX ua=95 mt=R len=7
PKT t=32629 TX ua=95 mt=P len=0
PKT t=32658 RX ua=95 mt=R len=7
PKT t=32663 TX ua=95 mt=P len=0
PKT t=32672 RX ua=95 mt=R len=7
PKT t=32677 TX ua=95 mt=P len=0
PKT t=32686 RX ua=95 mt=R len=7
PKT t=32691 TX ua=95 mt=T len=7
PKT t=32703 TX ua=95 mt=P len=0
PKT t=32712 RX ua=95 mt=R len=7
PKT t=32717 TX ua=95 mt=P len=0
PKT t=32726 RX ua=95 mt=R len=7
PKT t=32731 TX ua=95 mt=P len=0
PKT t=32760 RX ua=95 mt=R len=7
PKT t=32765 TX ua=95 mt=P len=0
PKT t=32774 RX ua=95 mt=R len=7
PKT t=32779 TX ua=95 mt=P len=0
PKT t=32788 RX ua=95 mt=R len=7
PKT t=32793 TX ua=95 mt=P len=0
PKT t=32802 RX ua=95 mt=R len=7
PKT t=32807 TX ua=95 mt=P len=0
PKT t=32816 RX ua=95 mt=R len=7
PKT t=32821 TX ua=95 mt=P len=0
PKT t=32830 RX ua=95 mt=R len=7
PKT t=32835 TX ua=95 mt=P len=0
PKT t=32864 RX ua=95 mt=R len=7
PKT t=32869 TX ua=95 mt=P len=0
PKT t=32878 RX ua=95 mt=R len=7
PKT t=32883 TX ua=95 mt=P len=0
PKT t=32892 RX ua=95 mt=R len=7
PKT t=32897 TX ua=95 mt=P len=0
PKT t=32906 RX ua=95 mt=R len=7
PKT t=32911 TX ua=95 mt=P len=0
PKT t=32920 RX ua=95 mt=R len=7
PKT t=32925 TX ua=95 mt=P len=0
PKT t=32934 RX ua=95 mt=R len=7
PKT t=32939 TX ua=95 mt=T len=7
PKT t=32951 TX ua=95 mt=P len=0
PKT t=32970 RX ua=95 mt=R len=7
PKT t=32975 TX ua=95 mt=P len=0
PKT t=32984 RX ua=95 mt=R len=7
PKT t=32989 TX ua=95 mt=P len=0
PKT t=32998 RX ua=95 mt=R len=7
PKT t=33003 TX ua=95 mt=P len=0
PKT t=33012 RX ua=95 mt=R len=7
PKT t=33017 TX ua=95 mt=P len=0
PKT t=33026 RX ua=95 mt=R len=7
PKT t=33031 TX ua=95 mt=P len=0
PKT t=33040 RX ua=95 mt=R len=7
PKT t=33045 TX ua=95 mt=P len=0
PKT t=33146 RX ua=95 mt=R len=7
PKT t=33401 TX ua=96 mt=P len=0
PKT t=33659 TX ua=95 mt=P len=0
PKT t=33668 RX ua=95 mt=R len=7
PKT t=33673 TX ua=95 mt=T len=7
PKT t=33685 TX ua=95 mt=P len=0
PKT t=33695 RX ua=95 mt=R len=7
PKT t=33700 TX ua=95 mt=T len=7
PKT t=33712 TX ua=95 mt=P len=0
PKT t=33721 RX ua=95 mt=R len=7
PKT t=33726 TX ua=95 mt=P len=0
PKT t=33735 RX ua=95 mt=R len=7
PKT t=33740 TX ua=95 mt=P len=0
PKT t=33749 RX ua=95 mt=R len=7
PKT t=33754 TX ua=95 mt=P len=0
PKT t=33783 RX ua=95 mt=R len=7
PKT t=33788 TX ua=95 mt=P len=0
PKT t=33797 RX ua=95 mt=R len=7
PKT t=33802 TX ua=95 mt=P len=0
PKT t=33811 RX ua=95 mt=R len=7
PKT t=33816 TX ua=95 mt=P len=0
PKT t=33825 RX ua=95 mt=R len=7
PKT t=33830 TX ua=95 mt=P len=0
PKT t=33839 RX ua=95 mt=R len=7
PKT t=33844 TX ua=95 mt=P len=0
PKT t=33853 RX ua=95 mt=R len=7
PKT t=33858 TX ua=95 mt=P len=0
PKT t=33887 RX ua=95 mt=R len=7
PKT t=33892 TX ua=95 mt=P len=0
PKT t=33901 RX ua=95 mt=R len=7
PKT t=33906 TX ua=95 mt=P len=0
PKT t=33915 RX ua=95 mt=R len=7
PKT t=33920 TX ua=95 mt=P len=0
PKT t=33929 RX ua=95 mt=R len=7
PKT t=33934 TX ua=95 mt=P len=0
PKT t=33943 RX ua=95 mt=R len=7
PKT t=33948 TX ua=95 mt=T len=7
PKT t=33960 TX ua=95 mt=P len=0
PKT t=33988 RX ua=95 mt=R len=7
PKT t=33993 TX ua=95 mt=P len=0
PKT t=34002 RX ua=95 mt=R len=7
PKT t=34007 TX ua=95 mt=P len=0
PKT t=34016 RX ua=95 mt=R len=7
PKT t=34021 TX ua=95 mt=P len=0
PKT t=34030 RX ua=95 mt=R len=7
PKT t=34035 TX ua=95 mt=P len=0
PKT t=34044 RX ua=95 mt=R len=7
PKT t=34146 TX ua=95 mt=P len=0
PKT t=34155 RX ua=95 mt=R len=7
PKT t=34160 TX ua=95 mt=P len=0
PKT t=34194 RX ua=95 mt=R len=7
PKT t=34199 TX ua=95 mt=T len=7
PKT t=34212 TX ua=95 mt=P len=0
PKT t=34221 RX ua=95 mt=R len=7
PKT t=34226 TX ua=95 mt=T len=7
PKT t=34239 TX ua=95 mt=P len=0
PKT t=34248 RX ua=95 mt=R len=7
PKT t=34253 TX ua=95 mt=P len=0
PKT t=34262 RX ua=95 mt=R len=7
PKT t=34267 TX ua=95 mt=P len=0
PKT t=34296 RX ua=95 mt=R len=7
PKT t=34301 TX ua=95 mt=P len=0
PKT t=34310 RX ua=95 mt=R len=7
PKT t=34315 TX ua=95 mt=P len=0
PKT t=34324 RX ua=95 mt=R len=7
PKT t=34329 TX ua=95 mt=P len=0
PKT t=34338 RX ua=95 mt=R len=7
PKT t=34343 TX ua=95 mt=P len=0
PKT t=34352 RX ua=95 mt=R len=7
PKT t=34357 TX ua=95 mt=P len=0
PKT t=34366 RX ua=95 mt=R len=7
PKT t=34371 TX ua=95 mt=P len=0
PKT t=34400 RX ua=95 mt=R len=7
PKT t=34405 TX ua=95 mt=P len=0
PKT t=34414 RX ua=95 mt=R len=7
PKT t=34419 TX ua=95 mt=P len=0
PKT t=34428 RX ua=95 mt=R len=7
PKT t=34433 TX ua=95 mt=P len=0
PKT t=34442 RX ua=95 mt=R len=7
PKT t=34447 TX ua=95 mt=T len=7
PKT t=34460 TX ua=95 mt=P len=0
PKT t=34469 RX ua=95 mt=R len=7
PKT t=34474 TX ua=95 mt=P len=0
PKT t=34503 RX ua=95 mt=R len=7
PKT t=34508 TX ua=95 mt=P len=0
PKT t=34517 RX ua=95 mt=R len=7
PKT t=34522 TX ua=95 mt=P len=0
PKT t=34531 RX ua=95 mt=R len=7
PKT t=34536 TX ua=95 mt=P len=0
PKT t=34545 RX ua=95 mt=R len=7
PKT t=34550 TX ua=95 mt=P len=0
PKT t=34559 RX ua=95 mt=R len=7
PKT t=34564 TX ua=95 mt=P len=0
PKT t=34573 RX ua=95 mt=R len=7
PKT t=34578 TX ua=95 mt=P len=0
PKT t=34607 RX ua=95 mt=R len=7
PKT t=34612 TX ua=95 mt=P len=0
PKT t=34621 RX ua=95 mt=R len=7
PKT t=34626 TX ua=95 mt=P len=0
PKT t=34635 RX ua=95 mt=R len=7
PKT t=34640 TX ua=95 mt=P len=0
PKT t=34649 RX ua=95 mt=R len=7
PKT t=34654 TX ua=95 mt=P len=0
PKT t=34663 RX ua=95 mt=R len=7
PKT t=34668 TX ua=95 mt=P len=0
PKT t=34677 RX ua=95 mt=R len=7
PKT t=34682 TX ua=95 mt=P len=0
PKT t=34711 RX ua=95 mt=R len=7
PKT t=34716 TX ua=95 mt=T len=7
PKT t=34729 TX ua=95 mt=P len=0
PKT t=34738 RX ua=95 mt=R len=7
PKT t=34743 TX ua=95 mt=P len=0
PKT t=34752 RX ua=95 mt=R len=7
PKT t=34757 TX ua=95 mt=P len=0
PKT t=34766 RX ua=95 mt=R len=7
PKT t=34771 TX ua=95 mt=P len=0
PKT t=34780 RX ua=95 mt=R len=7
PKT t=34785 TX ua=95 mt=P len=0
PKT t=34814 RX ua=95 mt=R len=7
PKT t=34819 TX ua=95 mt=P len=0
PKT t=34828 RX ua=95 mt=R len=7
PKT t=34833 TX ua=95 mt=P len=0
PKT t=34842 RX ua=95 mt=R len=7
PKT t=34847 TX ua=95 mt=P len=0
PKT t=34856 RX ua=95 mt=R len=7
PKT t=34861 TX ua=95 mt=P len=0
PKT t=34870 RX ua=95 mt=R len=7
PKT t=34875 TX ua=95 mt=P len=0
PKT t=34884 RX ua=95 mt=R len=7
PKT t=34889 TX ua=95 mt=P len=0
PKT t=34918 RX ua=95 mt=R len=7
PKT t=34923 TX ua=95 mt=P len=0
PKT t=34932 RX ua=95 mt=R len=7
PKT t=34937 TX ua=95 mt=P len=0
PKT t=34946 RX ua=95 mt=R len=7
PKT t=34951 TX ua=95 mt=T len=7
PKT t=34964 TX ua=95 mt=P len=0
PKT t=34973 RX ua=95 mt=R len=7
PKT t=34978 TX ua=95 mt=P len=0
PKT t=34987 RX ua=95 mt=R len=7
PKT t=34992 TX ua=95 mt=P len=0
PKT t=35021 RX ua=95 mt=R len=7
PKT t=35026 TX ua=95 mt=P len=0
PKT t=35035 RX ua=95 mt=R len=7
PKT t=35040 TX ua=95 mt=P len=0
PKT t=35298 TX ua=96 mt=P len=0
PKT t=35556 TX ua=95 mt=P len=0
PKT t=35565 RX ua=95 mt=R len=7
PKT t=35570 TX ua=95 mt=T len=7
PKT t=35582 TX ua=95 mt=P len=0
PKT t=35592 RX ua=95 mt=R len=7
PKT t=35597 TX ua=95 mt=P len=0
PKT t=35626 RX ua=95 mt=R len=7
PKT t=35631 TX ua=95 mt=P len=0
PKT t=35641 RX ua=95 mt=R len=7
PKT t=35646 TX ua=95 mt=P len=0
PKT t=35656 RX ua=95 mt=R len=7
PKT t=35661 TX ua=95 mt=P len=0
PKT t=35671 RX ua=95 mt=R len=7
PKT t=35676 TX ua=95 mt=P len=0
PKT t=35686 RX ua=95 mt=R len=7
PKT t=35691 TX ua=95 mt=T len=7
PKT t=35703 TX ua=95 mt=P len=0
PKT t=35731 RX ua=95 mt=R len=7
PKT t=35736 TX ua=95 mt=P len=0
PKT t=35745 RX ua=95 mt=R len=7
PKT t=35750 TX ua=95 mt=P len=0
PKT t=35759 RX ua=95 mt=R len=7
PKT t=35764 TX ua=95 mt=P len=0
PKT t=35773 RX ua=95 mt=R len=7
PKT t=35778 TX ua=95 mt=P len=0
PKT t=35787 RX ua=95 mt=R len=7
PKT t=35792 TX ua=95 mt=P len=0
PKT t=35801 RX ua=95 mt=R len=7
PKT t=35806 TX ua=95 mt=P len=0
PKT t=35835 RX ua=95 mt=R len=7
PKT t=35840 TX ua=95 mt=P len=0
PKT t=35849 RX ua=95 mt=R len=7
PKT t=35854 TX ua=95 mt=P len=0
PKT t=35863 RX ua=95 mt=R len=7
PKT t=35868 TX ua=95 mt=P len=0
PKT t=35877 RX ua=95 mt=R len=7
PKT t=35882 TX ua=95 mt=P len=0
PKT t=35891 RX ua=95 mt=R len=7
PKT t=35896 TX ua=95 mt=P len=0
PKT t=35905 RX ua=95 mt=R len=7
PKT t=35910 TX ua=95 mt=P len=0
PKT t=35939 RX ua=95 mt=R len=7
PKT t=35944 TX ua=95 mt=T len=7
PKT t=35956 TX ua=95 mt=P len=0
PKT t=35965 RX ua=95 mt=R len=7
PKT t=35970 TX ua=95 mt=P len=0
PKT t=35979 RX ua=95 mt=R len=7
PKT t=35984 TX ua=95 mt=P len=0
PKT t=35993 RX ua=95 mt=R len=7
PKT t=35998 TX ua=95 mt=P len=0
PKT t=36007 RX ua=95 mt=R len=7
PKT t=36012 TX ua=95 mt=P len=0
PKT t=36041 RX ua=95 mt=R len=7
PKT t=36046 TX ua=95 mt=P len=0
PKT t=36146 RX ua=95 mt=R len=7
PKT t=36401 TX ua=96 mt=P len=0
PKT t=36659 TX ua=95 mt=P len=0
PKT t=36668 RX ua=95 mt=R len=7
PKT t=36673 TX ua=95 mt=T len=7
PKT t=36685 TX ua=95 mt=P len=0
PKT t=36694 RX ua=95 mt=R len=7
PKT t=36699 TX ua=95 mt=T len=7
PKT t=36711 TX ua=95 mt=P len=0
PKT t=36741 RX ua=95 mt=R len=7
PKT t=36746 TX ua=95 mt=P len=0
PKT t=36755 RX ua=95 mt=R len=7
PKT t=36760 TX ua=95 mt=P len=0
PKT t=36769 RX ua=95 mt=R len=7
PKT t=36774 TX ua=95 mt=P len=0
PKT t=36783 RX ua=95 mt=R len=7
PKT t=36788 TX ua=95 mt=P len=0
PKT t=36797 RX ua=95 mt=R len=7
PKT t=36802 TX ua=95 mt=P len=0
PKT t=36811 RX ua=95 mt=R len=7
PKT t=36816 TX ua=95 mt=P len=0
PKT t=36846 RX ua=95 mt=R len=7
PKT t=36851 TX ua=95 mt=P len=0
PKT t=36860 RX ua=95 mt=R len=7
PKT t=36865 TX ua=95 mt=P len=0
PKT t=36874 RX ua=95 mt=R len=7
PKT t=36879 TX ua=95 mt=P len=0
PKT t=36888 RX ua=95 mt=R len=7
PKT t=36893 TX ua=95 mt=P len=0
PKT t=36902 RX ua=95 mt=R len=7
PKT t=36907 TX ua=95 mt=P len=0
PKT t=36916 RX ua=95 mt=R len=7
PKT t=36921 TX ua=95 mt=P len=0
PKT t=36950 RX ua=95 mt=R len=7
PKT t=36955 TX ua=95 mt=T len=7
PKT t=36967 TX ua=95 mt=P len=0
PKT t=36976 RX ua=95 mt=R len=7
PKT t=36981 TX ua=95 mt=P len=0
PKT t=36990 RX ua=95 mt=R len=7
PKT t=36995 TX ua=95 mt=P len=0
PKT t=37004 RX ua=95 mt=R len=7
PKT t=37009 TX ua=95 mt=P len=0
PKT t=37018 RX ua=95 mt=R len=7
PKT t=37023 TX ua=95 mt=P len=0
PKT t=37146 RX ua=95 mt=R len=7
PKT t=37151 TX ua=95 mt=P len=0
PKT t=37160 RX ua=95 mt=R len=7
PKT t=37165 TX ua=95 mt=P len=0
PKT t=37174 RX ua=95 mt=R len=7
PKT t=37179 TX ua=95 mt=P len=0
PKT t=37188 RX ua=95 mt=R len=7
PKT t=37193 TX ua=95 mt=T len=7
PKT t=37206 TX ua=95 mt=P len=0
PKT t=37215 RX ua=95 mt=R len=7
PKT t=37220 TX ua=95 mt=P len=0
PKT t=37252 RX ua=95 mt=R len=7
