PKT t=7146 TX ua=95 mt=P len=0
PKT t=7155 RX ua=95 mt=R len=7
PKT t=7160 TX ua=95 mt=P len=0
PKT t=7169 RX ua=95 mt=R len=7
PKT t=7174 TX ua=95 mt=P len=0
PKT t=7183 RX ua=95 mt=R len=7
PKT t=7188 TX ua=95 mt=P len=0
PKT t=7217 RX ua=95 mt=R len=7
PKT t=7222 TX ua=95 mt=T len=7
PKT t=7234 TX ua=95 mt=P len=0
PKT t=7243 RX ua=95 mt=R len=7
PKT t=7248 TX ua=95 mt=P len=0
PKT t=7257 RX ua=95 mt=R len=7
PKT t=7262 TX ua=95 mt=P len=0
PKT t=7271 RX ua=95 mt=R len=7
PKT t=7276 TX ua=95 mt=P len=0
PKT t=7285 RX ua=95 mt=R len=7
PKT t=7290 TX ua=95 mt=P len=0
PKT t=7319 RX ua=95 mt=R len=7
PKT t=7324 TX ua=95 mt=P len=0
PKT t=7333 RX ua=95 mt=R len=7
PKT t=7338 TX ua=95 mt=P len=0
PKT t=7347 RX ua=95 mt=R len=7
PKT t=7352 TX ua=95 mt=P len=0
PKT t=7361 RX ua=95 mt=R len=7
PKT t=7366 TX ua=95 mt=P len=0
PKT t=7375 RX ua=95 mt=R len=7
PKT t=7380 TX ua=95 mt=P len=0
PKT t=7389 RX ua=95 mt=R len=7
PKT t=7394 TX ua=95 mt=P len=0
PKT t=7423 RX ua=95 mt=R len=7
PKT t=7428 TX ua=95 mt=P len=0
PKT t=7437 RX ua=95 mt=R len=7
PKT t=7442 TX ua=95 mt=T len=7
PKT t=7454 TX ua=95 mt=P len=0
PKT t=7464 RX ua=95 mt=R len=7
PKT t=7469 TX ua=95 mt=P len=0
PKT t=7479 RX ua=95 mt=R len=7
PKT t=7484 TX ua=95 mt=P len=0
PKT t=7494 RX ua=95 mt=R len=7
PKT t=7499 TX ua=95 mt=P len=0
PKT t=7528 RX ua=95 mt=R len=7
PKT t=7533 TX ua=95 mt=P len=0
PKT t=7543 RX ua=95 mt=R len=7
PKT t=7646 TX ua=95 mt=P len=0
PKT t=7656 RX ua=95 mt=R len=7
PKT t=7661 TX ua=95 mt=P len=0
PKT t=7671 RX ua=95 mt=R len=7
PKT t=7676 TX ua=95 mt=P len=0
PKT t=7686 RX ua=95 mt=R len=7
PKT t=7691 TX ua=95 mt=T len=7
PKT t=7703 TX ua=95 mt=P len=0
PKT t=7731 RX ua=95 mt=R len=7
PKT t=7736 TX ua=95 mt=P len=0
PKT t=7745 RX ua=95 mt=R len=7
PKT t=7750 TX ua=95 mt=P len=0
PKT t=7759 RX ua=95 mt=R len=7
PKT t=7764 TX ua=95 mt=P len=0
PKT t=7773 RX ua=95 mt=R len=7
PKT t=7778 TX ua=95 mt=P len=0
PKT t=7787 RX ua=95 mt=R len=7
PKT t=7792 TX ua=95 mt=P len=0
PKT t=7801 RX ua=95 mt=R len=7
PKT t=7806 TX ua=95 mt=P len=0
PKT t=7835 RX ua=95 mt=R len=7
PKT t=7840 TX ua=95 mt=P len=0
PKT t=7849 RX ua=95 mt=R len=7
PKT t=7854 TX ua=95 mt=P len=0
PKT t=7863 RX ua=95 mt=R len=7
PKT t=7868 TX ua=95 mt=P len=0
PKT t=7877 RX ua=95 mt=R len=7
PKT t=7882 TX ua=95 mt=P len=0
PKT t=7891 RX ua=95 mt=R len=7
PKT t=7896 TX ua=95 mt=P len=0
PKT t=7905 RX ua=95 mt=R len=7
PKT t=7910 TX ua=95 mt=P len=0
PKT t=7940 RX ua=95 mt=R len=7
PKT t=7945 TX ua=95 mt=T len=7
PKT t=7957 TX ua=95 mt=P len=0
PKT t=7966 RX ua=95 mt=R len=7
PKT t=7971 TX ua=95 mt=P len=0
PKT t=7980 RX ua=95 mt=R len=7
PKT t=7985 TX ua=95 mt=P len=0
PKT t=7994 RX ua=95 mt=R len=7
PKT t=7999 TX ua=95 mt=P len=0
PKT t=8008 RX ua=95 mt=R len=7
PKT t=8013 TX ua=95 mt=P len=0
PKT t=8042 RX ua=95 mt=R len=7
PKT t=8047 TX ua=95 mt=P len=0
PKT t=8147 RX ua=95 mt=R len=7
PKT t=8402 TX ua=96 mt=P len=0
PKT t=8660 TX ua=95 mt=P len=0
PKT t=8669 RX ua=95 mt=R len=7
PKT t=8674 TX ua=95 mt=T len=7
PKT t=8686 TX ua=95 mt=P len=0
PKT t=8695 RX ua=95 mt=R len=7
PKT t=8700 TX ua=95 mt=T len=7
PKT t=8712 TX ua=95 mt=P len=0
PKT t=8742 RX ua=95 mt=R len=7
PKT t=8747 TX ua=95 mt=P len=0
PKT t=8756 RX ua=95 mt=R len=7
PKT t=8761 TX ua=95 mt=P len=0
PKT t=8770 RX ua=95 mt=R len=7
PKT t=8775 TX ua=95 mt=P len=0
PKT t=8784 RX ua=95 mt=R len=7
PKT t=8789 TX ua=95 mt=P len=0
PKT t=8798 RX ua=95 mt=R len=7
PKT t=8803 TX ua=95 mt=P len=0
PKT t=8813 RX ua=95 mt=R len=7
PKT t=8818 TX ua=95 mt=P len=0
PKT t=8847 RX ua=95 mt=R len=7
PKT t=8852 TX ua=95 mt=P len=0
PKT t=8861 RX ua=95 mt=R len=7
PKT t=8866 TX ua=95 mt=P len=0
PKT t=8875 RX ua=95 mt=R len=7
PKT t=8880 TX ua=95 mt=P len=0
PKT t=8889 RX ua=95 mt=R len=7
PKT t=8894 TX ua=95 mt=P len=0
PKT t=8903 RX ua=95 mt=R len=7
PKT t=8908 TX ua=95 mt=P len=0
PKT t=8917 RX ua=95 mt=R len=7
PKT t=8922 TX ua=95 mt=P len=0
PKT t=8951 RX ua=95 mt=R len=7
PKT t=8956 TX ua=95 mt=T len=7
PKT t=8968 TX ua=95 mt=P len=0
PKT t=8977 RX ua=95 mt=R len=7
PKT t=8982 TX ua=95 mt=P len=0
PKT t=8991 RX ua=95 mt=R len=7
PKT t=8996 TX ua=95 mt=P len=0
PKT t=9005 RX ua=95 mt=R len=7
PKT t=9010 TX ua=95 mt=P len=0
PKT t=9019 RX ua=95 mt=R len=7
PKT t=9024 TX ua=95 mt=P len=0
PKT t=9146 RX ua=95 mt=R len=7
PKT t=9151 TX ua=95 mt=P len=0
PKT t=9160 RX ua=95 mt=R len=7
PKT t=9165 TX ua=95 mt=P len=0
PKT t=9174 RX ua=95 mt=R len=7
PKT t=9179 TX ua=95 mt=P len=0
PKT t=9188 RX ua=95 mt=R len=7
PKT t=9193 TX ua=95 mt=T len=7
PKT t=9205 TX ua=95 mt=P len=0
PKT t=9214 RX ua=95 mt=R len=7
PKT t=9219 TX ua=95 mt=P len=0
PKT t=9252 RX ua=95 mt=R len=7
PKT t=9257 TX ua=95 mt=P len=0
PKT t=9266 RX ua=95 mt=R len=7
PKT t=9271 TX ua=95 mt=P len=0
PKT t=9280 RX ua=95 mt=R len=7
PKT t=9285 TX ua=95 mt=P len=0
PKT t=9294 RX ua=95 mt=R len=7
PKT t=9299 TX ua=95 mt=P len=0
PKT t=9308 RX ua=95 mt=R len=7
PKT t=9313 TX ua=95 mt=P len=0
PKT t=9322 RX ua=95 mt=R len=7
PKT t=9327 TX ua=95 mt=P len=0
PKT t=9356 RX ua=95 mt=R len=7
PKT t=9361 TX ua=95 mt=P len=0
PKT t=9370 RX ua=95 mt=R len=7
PKT t=9375 TX ua=95 mt=P len=0
PKT t=9384 RX ua=95 mt=R len=7
PKT t=9389 TX ua=95 mt=P len=0
PKT t=9398 RX ua=95 mt=R len=7
PKT t=9403 TX ua=95 mt=P len=0
PKT t=9412 RX ua=95 mt=R len=7
PKT t=9417 TX ua=95 mt=P len=0
PKT t=9426 RX ua=95 mt=R len=7
PKT t=9431 TX ua=95 mt=P len=0
PKT t=9460 RX ua=95 mt=R len=7
PKT t=9465 TX ua=95 mt=T len=7
PKT t=9477 TX ua=95 mt=P len=0
PKT t=9487 RX ua=95 mt=R len=7
PKT t=9492 TX ua=95 mt=P len=0
PKT t=9502 RX ua=95 mt=R len=7
PKT t=9507 TX ua=95 mt=P len=0
PKT t=9517 RX ua=95 mt=R len=7
PKT t=9522 TX ua=95 mt=P len=0
PKT t=9532 RX ua=95 mt=R len=7
PKT t=9537 TX ua=95 mt=P len=0
PKT t=9646 RX ua=95 mt=R len=7
PKT t=9651 TX ua=95 mt=P len=0
PKT t=9665 RX ua=95 mt=R len=7
PKT t=9670 TX ua=95 mt=P len=0
PKT t=9680 RX ua=95 mt=R len=7
PKT t=9685 TX ua=95 mt=P len=0
PKT t=9695 RX ua=95 mt=R len=7
PKT t=9700 TX ua=95 mt=T len=7
PKT t=9712 TX ua=95 mt=P len=0
PKT t=9721 RX ua=95 mt=R len=7
PKT t=9726 TX ua=95 mt=P len=0
PKT t=9736 RX ua=95 mt=R len=7
PKT t=9741 TX ua=95 mt=P len=0
PKT t=9770 RX ua=95 mt=R len=7
PKT t=9775 TX ua=95 mt=P len=0
PKT t=9784 RX ua=95 mt=R len=7
PKT t=9789 TX ua=95 mt=P len=0
PKT t=9798 RX ua=95 mt=R len=7
PKT t=9803 TX ua=95 mt=P len=0
PKT t=9812 RX ua=95 mt=R len=7
PKT t=9817 TX ua=95 mt=P len=0
PKT t=9826 RX ua=95 mt=R len=7
PKT t=9831 TX ua=95 mt=P len=0
PKT t=9840 RX ua=95 mt=R len=7
PKT t=9845 TX ua=95 mt=P len=0
PKT t=9874 RX ua=95 mt=R len=7
PKT t=9879 TX ua=95 mt=P len=0
PKT t=9888 RX ua=95 mt=R len=7
PKT t=9893 TX ua=95 mt=P len=0
PKT t=9902 RX ua=95 mt=R len=7
PKT t=9907 TX ua=95 mt=P len=0
PKT t=9917 RX ua=95 mt=R len=7
PKT t=9922 TX ua=95 mt=P len=0
PKT t=9931 RX ua=95 mt=R len=7
PKT t=9936 TX ua=95 mt=P len=0
PKT t=9945 RX ua=95 mt=R len=7
PKT t=9950 TX ua=95 mt=T len=7
PKT t=9962 TX ua=95 mt=P len=0
PKT t=9981 RX ua=95 mt=R len=7
PKT t=9986 TX ua=95 mt=P len=0
PKT t=9995 RX ua=95 mt=R len=7
PKT t=10000 TX ua=95 mt=P len=0
PKT t=10009 RX ua=95 mt=R len=7
PKT t=10014 TX ua=95 mt=P len=0
PKT t=10023 RX ua=95 mt=R len=7
PKT t=10028 TX ua=95 mt=P len=0
PKT t=10037 RX ua=95 mt=R len=7
PKT t=10042 TX ua=95 mt=P len=0
PKT t=10146 RX ua=95 mt=R len=7
PKT t=10151 TX ua=95 mt=P len=0
PKT t=10185 RX ua=95 mt=R len=7
PKT t=10189 TX ua=95 mt=T len=7
PKT t=10202 TX ua=95 mt=P len=0
PKT t=10211 RX ua=95 mt=R len=7
PKT t=10216 TX ua=95 mt=T len=7
PKT t=10229 TX ua=95 mt=P len=0
PKT t=10238 RX ua=95 mt=R len=7
PKT t=10243 TX ua=95 mt=P len=0
PKT t=10252 RX ua=95 mt=R len=7
PKT t=10257 TX ua=95 mt=P len=0
PKT t=10286 RX ua=95 mt=R len=7
PKT t=10291 TX ua=95 mt=P len=0
PKT t=10300 RX ua=95 mt=R len=7
PKT t=10305 TX ua=95 mt=P len=0
PKT t=10314 RX ua=95 mt=R len=7
PKT t=10319 TX ua=95 mt=P len=0
PKT t=10328 RX ua=95 mt=R len=7
PKT t=10333 TX ua=95 mt=P len=0
PKT t=10342 RX ua=95 mt=R len=7
PKT t=10347 TX ua=95 mt=P len=0
PKT t=10356 RX ua=95 mt=R len=7
PKT t=10361 TX ua=95 mt=P len=0
PKT t=10390 RX ua=95 mt=R len=7
PKT t=10395 TX ua=95 mt=P len=0
PKT t=10404 RX ua=95 mt=R len=7
PKT t=10409 TX ua=95 mt=P len=0
PKT t=10418 RX ua=95 mt=R len=7
PKT t=10423 TX ua=95 mt=P len=0
PKT t=10432 RX ua=95 mt=R len=7
PKT t=10437 TX ua=95 mt=P len=0
PKT t=10446 RX ua=95 mt=R len=7
PKT t=10451 TX ua=95 mt=T len=7
PKT t=10464 TX ua=95 mt=P len=0
PKT t=10491 RX ua=95 mt=R len=7
PKT t=10496 TX ua=95 mt=P len=0
PKT t=10505 RX ua=95 mt=R len=7
PKT t=10510 TX ua=95 mt=P len=0
PKT t=10519 RX ua=95 mt=R len=7
PKT t=10524 TX ua=95 mt=P len=0
PKT t=10533 RX ua=95 mt=R len=7
PKT t=10538 TX ua=95 mt=P len=0
PKT t=10796 TX ua=96 mt=I len=13
PKT t=11304 TX ua=96 mt=T len=4
PKT t=11315 TX ua=95 mt=P len=0
PKT t=11324 RX ua=95 mt=R len=7
PKT t=11329 TX ua=95 mt=T len=7
PKT t=11341 TX ua=95 mt=P len=0
PKT t=11350 RX ua=95 mt=R len=7
PKT t=11355 TX ua=95 mt=P len=0
PKT t=11364 RX ua=95 mt=R len=7
PKT t=11369 TX ua=95 mt=P len=0
PKT t=11398 RX ua=95 mt=R len=7
PKT t=11403 TX ua=95 mt=P len=0
PKT t=11412 RX ua=95 mt=R len=7
PKT t=11417 TX ua=95 mt=P len=0
PKT t=11426 RX ua=95 mt=R len=7
PKT t=11431 TX ua=95 mt=P len=0
PKT t=11440 RX ua=95 mt=R len=7
PKT t=11445 TX ua=95 mt=T len=7
PKT t=11457 TX ua=95 mt=P len=0
PKT t=11467 RX ua=95 mt=R len=7
PKT t=11472 TX ua=95 mt=P len=0
PKT t=11501 RX ua=95 mt=R len=7
PKT t=11506 TX ua=95 mt=P len=0
PKT t=11516 RX ua=95 mt=R len=7
PKT t=11521 TX ua=95 mt=P len=0
PKT t=11531 RX ua=95 mt=R len=7
PKT t=11536 TX ua=95 mt=P len=0
PKT t=11546 RX ua=95 mt=R len=7
PKT t=11646 TX ua=95 mt=P len=0
PKT t=11656 RX ua=95 mt=R len=7
PKT t=11661 TX ua=95 mt=P len=0
PKT t=11671 RX ua=95 mt=R len=7
PKT t=11676 TX ua=95 mt=P len=0
PKT t=11705 RX ua=95 mt=R len=7
PKT t=11710 TX ua=95 mt=T len=7
PKT t=11722 TX ua=95 mt=P len=0
PKT t=11731 RX ua=95 mt=R len=7
PKT t=11736 TX ua=95 mt=P len=0
PKT t=11745 RX ua=95 mt=R len=7
PKT t=11750 TX ua=95 mt=P len=0
PKT t=11759 RX ua=95 mt=R len=7
PKT t=11764 TX ua=95 mt=P len=0
PKT t=11773 RX ua=95 mt=R len=7
PKT t=11778 TX ua=95 mt=P len=0
PKT t=11807 RX ua=95 mt=R len=7
PKT t=11812 TX ua=95 mt=P len=0
PKT t=11821 RX ua=95 mt=R len=7
PKT t=11826 TX ua=95 mt=P len=0
PKT t=11835 RX ua=95 mt=R len=7
PKT t=11840 TX ua=95 mt=P len=0
PKT t=11849 RX ua=95 mt=R len=7
PKT t=11854 TX ua=95 mt=P len=0
PKT t=11863 RX ua=95 mt=R len=7
PKT t=11868 TX ua=95 mt=P len=0
PKT t=11877 RX ua=95 mt=R len=7
PKT t=11882 TX ua=95 mt=P len=0
PKT t=11911 RX ua=95 mt=R len=7
PKT t=11916 TX ua=95 mt=P len=0
PKT t=11925 RX ua=95 mt=R len=7
PKT t=11930 TX ua=95 mt=P len=0
PKT t=11939 RX ua=95 mt=R len=7
PKT t=11944 TX ua=95 mt=T len=7
PKT t=11956 TX ua=95 mt=P len=0
PKT t=11965 RX ua=95 mt=R len=7
PKT t=11970 TX ua=95 mt=P len=0
PKT t=11979 RX ua=95 mt=R len=7
PKT t=11984 TX ua=95 mt=P len=0
PKT t=12013 RX ua=95 mt=R len=7
PKT t=12018 TX ua=95 mt=P len=0
PKT t=12027 RX ua=95 mt=R len=7
PKT t=12032 TX ua=95 mt=P len=0
PKT t=12041 RX ua=95 mt=R len=7
PKT t=12046 TX ua=95 mt=P len=0
PKT t=12146 RX ua=95 mt=R len=7
PKT t=12401 TX ua=96 mt=P len=0
PKT t=12659 TX ua=95 mt=P len=0
PKT t=12668 RX ua=95 mt=R len=7
PKT t=12673 TX ua=95 mt=T len=7
PKT t=12685 TX ua=95 mt=P len=0
PKT t=12713 RX ua=95 mt=R len=7
PKT t=12718 TX ua=95 mt=T len=7
PKT t=12730 TX ua=95 mt=P len=0
PKT t=12739 RX ua=95 mt=R len=7
PKT t=12744 TX ua=95 mt=P len=0
PKT t=12753 RX ua=95 mt=R len=7
PKT t=12758 TX ua=95 mt=P len=0
PKT t=12767 RX ua=95 mt=R len=7
PKT t=12772 TX ua=95 mt=P len=0
PKT t=12781 RX ua=95 mt=R len=7
PKT t=12786 TX ua=95 mt=P len=0
PKT t=12816 RX ua=95 mt=R len=7
PKT t=12821 TX ua=95 mt=P len=0
PKT t=12830 RX ua=95 mt=R len=7
PKT t=12835 TX ua=95 mt=P len=0
PKT t=12844 RX ua=95 mt=R len=7
PKT t=12849 TX ua=95 mt=P len=0
PKT t=12858 RX ua=95 mt=R len=7
PKT t=12863 TX ua=95 mt=P len=0
PKT t=12872 RX ua=95 mt=R len=7
PKT t=12877 TX ua=95 mt=P len=0
PKT t=12886 RX ua=95 mt=R len=7
PKT t=12891 TX ua=95 mt=P len=0
PKT t=12920 RX ua=95 mt=R len=7
PKT t=12925 TX ua=95 mt=P len=0
PKT t=12934 RX ua=95 mt=R len=7
PKT t=12939 TX ua=95 mt=T len=7
PKT t=12951 TX ua=95 mt=P len=0
PKT t=12960 RX ua=95 mt=R len=7
PKT t=12965 TX ua=95 mt=P len=0
PKT t=12974 RX ua=95 mt=R len=7
PKT t=12979 TX ua=95 mt=P len=0
PKT t=12988 RX ua=95 mt=R len=7
PKT t=12993 TX ua=95 mt=P len=0
PKT t=13023 RX ua=95 mt=R len=7
PKT t=13028 TX ua=95 mt=P len=0
PKT t=13037 RX ua=95 mt=R len=7
PKT t=13042 TX ua=95 mt=P len=0
PKT t=13146 RX ua=95 mt=R len=7
PKT t=13151 TX ua=95 mt=P len=0
PKT t=13160 RX ua=95 mt=R len=7
PKT t=13165 TX ua=95 mt=P len=0
PKT t=13174 RX ua=95 mt=R len=7
PKT t=13179 TX ua=95 mt=P len=0
PKT t=13188 RX ua=95 mt=R len=7
PKT t=13193 TX ua=95 mt=T len=7
PKT t=13206 TX ua=95 mt=P len=0
PKT t=13224 RX ua=95 mt=R len=7
PKT t=13229 TX ua=95 mt=P len=0
PKT t=13238 RX ua=95 mt=R len=7
PKT t=13243 TX ua=95 mt=P len=0
PKT t=13252 RX ua=95 mt=R len=7
PKT t=13257 TX ua=95 mt=P len=0
PKT t=13266 RX ua=95 mt=R len=7
PKT t=13271 TX ua=95 mt=P len=0
PKT t=13280 RX ua=95 mt=R len=7
PKT t=13285 TX ua=95 mt=P len=0
PKT t=13294 RX ua=95 mt=R len=7
PKT t=13299 TX ua=95 mt=P len=0
PKT t=13328 RX ua=95 mt=R len=7
PKT t=13333 TX ua=95 mt=P len=0
PKT t=13342 RX ua=95 mt=R len=7
PKT t=13347 TX ua=95 mt=P len=0
PKT t=13356 RX ua=95 mt=R len=7
PKT t=13361 TX ua=95 mt=P len=0
PKT t=13370 RX ua=95 mt=R len=7
PKT t=13375 TX ua=95 mt=P len=0
PKT t=13384 RX ua=95 mt=R len=7
PKT t=13389 TX ua=95 mt=P len=0
PKT t=13398 RX ua=95 mt=R len=7
PKT t=13403 TX ua=95 mt=P len=0
PKT t=13432 RX ua=95 mt=R len=7
PKT t=13437 TX ua=95 mt=P len=0
PKT t=13446 RX ua=95 mt=R len=7
PKT t=13451 TX ua=95 mt=T len=7
PKT t=13464 TX ua=95 mt=P len=0
PKT t=13474 RX ua=95 mt=R len=7
PKT t=13479 TX ua=95 mt=P len=0
PKT t=13489 RX ua=95 mt=R len=7
PKT t=13494 TX ua=95 mt=P len=0
PKT t=13504 RX ua=95 mt=R len=7
PKT t=13509 TX ua=95 mt=P len=0
PKT t=13538 RX ua=95 mt=R len=7
PKT t=13543 TX ua=95 mt=P len=0
PKT t=13646 RX ua=95 mt=R len=7
PKT t=13651 TX ua=95 mt=P len=0
PKT t=13661 RX ua=95 mt=R len=7
PKT t=13666 TX ua=95 mt=P len=0
PKT t=13676 RX ua=95 mt=R len=7
PKT t=13681 TX ua=95 mt=P len=0
PKT t=13691 RX ua=95 mt=R len=7
PKT t=13696 TX ua=95 mt=T len=7
PKT t=13709 TX ua=95 mt=P len=0
PKT t=13736 RX ua=95 mt=R len=7
PKT t=13741 TX ua=95 mt=P len=0
PKT t=13750 RX ua=95 mt=R len=7
PKT t=13755 TX ua=95 mt=P len=0
PKT t=13764 RX ua=95 mt=R len=7
PKT t=13769 TX ua=95 mt=P len=0
PKT t=13778 RX ua=95 mt=R len=7
PKT t=13783 TX ua=95 mt=P len=0
PKT t=13792 RX ua=95 mt=R len=7
PKT t=13797 TX ua=95 mt=P len=0
PKT t=13806 RX ua=95 mt=R len=7
PKT t=13811 TX ua=95 mt=P len=0
PKT t=13840 RX ua=95 mt=R len=7
PKT t=13845 TX ua=95 mt=P len=0
PKT t=13854 RX ua=95 mt=R len=7
PKT t=13859 TX ua=95 mt=P len=0
PKT t=13868 RX ua=95 mt=R len=7
PKT t=13873 TX ua=95 mt=P len=0
PKT t=13882 RX ua=95 mt=R len=7
PKT t=13887 TX ua=95 mt=P len=0
PKT t=13896 RX ua=95 mt=R len=7
PKT t=13901 TX ua=95 mt=P len=0
PKT t=13910 RX ua=95 mt=R len=7
PKT t=13915 TX ua=95 mt=P len=0
PKT t=13944 RX ua=95 mt=R len=7
PKT t=13949 TX ua=95 mt=T len=7
PKT t=13962 TX ua=95 mt=P len=0
PKT t=13971 RX ua=95 mt=R len=7
PKT t=13976 TX ua=95 mt=P len=0
PKT t=13985 RX ua=95 mt=R len=7
PKT t=13990 TX ua=95 mt=P len=0
PKT t=13999 RX ua=95 mt=R len=7
PKT t=14004 TX ua=95 mt=P len=0
PKT t=14013 RX ua=95 mt=R len=7
PKT t=14018 TX ua=95 mt=P len=0
PKT t=14276 TX ua=96 mt=P len=0
PKT t=14534 TX ua=95 mt=P len=0
PKT t=14543 RX ua=95 mt=R len=7
PKT t=14646 TX ua=95 mt=T len=7
PKT t=14658 TX ua=95 mt=P len=0
PKT t=14667 RX ua=95 mt=R len=7
PKT t=14672 TX ua=95 mt=P len=0
PKT t=14681 RX ua=95 mt=R len=7
PKT t=14686 TX ua=95 mt=P len=0
PKT t=14695 RX ua=95 mt=R len=7
PKT t=14700 TX ua=95 mt=T len=7
PKT t=14712 TX ua=95 mt=P len=0
PKT t=14721 RX ua=95 mt=R len=7
PKT t=14726 TX ua=95 mt=P len=0
PKT t=14755 RX ua=95 mt=R len=7
PKT t=14760 TX ua=95 mt=P len=0
PKT t=14769 RX ua=95 mt=R len=7
PKT t=14774 TX ua=95 mt=P len=0
PKT t=14783 RX ua=95 mt=R len=7
PKT t=14788 TX ua=95 mt=P len=0
PKT t=14797 RX ua=95 mt=R len=7
PKT t=14802 TX ua=95 mt=P len=0
PKT t=14811 RX ua=95 mt=R len=7
PKT t=14816 TX ua=95 mt=P len=0
PKT t=14825 RX ua=95 mt=R len=7
PKT t=14830 TX ua=95 mt=P len=0
PKT t=14859 RX ua=95 mt=R len=7
PKT t=14864 TX ua=95 mt=P len=0
PKT t=14873 RX ua=95 mt=R len=7
PKT t=14878 TX ua=95 mt=P len=0
PKT t=14887 RX ua=95 mt=R len=7
PKT t=14892 TX ua=95 mt=P len=0
PKT t=14901 RX ua=95 mt=R len=7
PKT t=14906 TX ua=95 mt=P len=0
PKT t=14915 RX ua=95 mt=R len=7
PKT t=14920 TX ua=95 mt=P len=0
PKT t=14929 RX ua=95 mt=R len=7
PKT t=14934 TX ua=95 mt=P len=0
PKT t=14963 RX ua=95 mt=R len=7
PKT t=14968 TX ua=95 mt=T len=7
PKT t=14980 TX ua=95 mt=P len=0
PKT t=14989 RX ua=95 mt=R len=7
PKT t=14994 TX ua=95 mt=P len=0
PKT t=15003 RX ua=95 mt=R len=7
PKT t=15008 TX ua=95 mt=P len=0
PKT t=15017 RX ua=95 mt=R len=7
PKT t=15022 TX ua=95 mt=P len=0
PKT t=15031 RX ua=95 mt=R len=7
PKT t=15036 TX ua=95 mt=P len=0
PKT t=15146 RX ua=95 mt=R len=7
PKT t=15151 TX ua=95 mt=P len=0
PKT t=15164 RX ua=95 mt=R len=7
PKT t=15169 TX ua=95 mt=P len=0
PKT t=15178 RX ua=95 mt=R len=7
PKT t=15183 TX ua=95 mt=P len=0
PKT t=15192 RX ua=95 mt=R len=7
PKT t=15197 TX ua=95 mt=T len=7
PKT t=15209 TX ua=95 mt=P len=0
PKT t=15218 RX ua=95 mt=R len=7
PKT t=15223 TX ua=95 mt=P len=0
PKT t=15232 RX ua=95 mt=R len=7
PKT t=15237 TX ua=95 mt=P len=0
PKT t=15267 RX ua=95 mt=R len=7
PKT t=15272 TX ua=95 mt=P len=0
PKT t=15281 RX ua=95 mt=R len=7
PKT t=15286 TX ua=95 mt=P len=0
PKT t=15295 RX ua=95 mt=R len=7
PKT t=15300 TX ua=95 mt=P len=0
PKT t=15309 RX ua=95 mt=R len=7
PKT t=15314 TX ua=95 mt=P len=0
PKT t=15323 RX ua=95 mt=R len=7
PKT t=15328 TX ua=95 mt=P len=0
PKT t=15337 RX ua=95 mt=R len=7
PKT t=15342 TX ua=95 mt=P len=0
PKT t=15371 RX ua=95 mt=R len=7
PKT t=15376 TX ua=95 mt=P len=0
PKT t=15385 RX ua=95 mt=R len=7
PKT t=15390 TX ua=95 mt=P len=0
PKT t=15399 RX ua=95 mt=R len=7
PKT t=15404 TX ua=95 mt=P len=0
PKT t=15413 RX ua=95 mt=R len=7
PKT t=15418 TX ua=95 mt=P len=0
PKT t=15427 RX ua=95 mt=R len=7
PKT t=15432 TX ua=95 mt=P len=0
PKT t=15441 RX ua=95 mt=R len=7
PKT t=15446 TX ua=95 mt=T len=7
PKT t=15458 TX ua=95 mt=P len=0
PKT t=15477 RX ua=95 mt=R len=7
PKT t=15482 TX ua=95 mt=P len=0
PKT t=15492 RX ua=95 mt=R len=7
PKT t=15497 TX ua=95 mt=P len=0
PKT t=15507 RX ua=95 mt=R len=7
PKT t=15512 TX ua=95 mt=P len=0
PKT t=15522 RX ua=95 mt=R len=7
PKT t=15527 TX ua=95 mt=P len=0
PKT t=15537 RX ua=95 mt=R len=7
PKT t=15542 TX ua=95 mt=P len=0
PKT t=15646 RX ua=95 mt=R len=7
PKT t=15651 TX ua=95 mt=P len=0
PKT t=15675 RX ua=95 mt=R len=7
PKT t=15680 TX ua=95 mt=P len=0
PKT t=15690 RX ua=95 mt=R len=7
PKT t=15695 TX ua=95 mt=T len=7
PKT t=15707 TX ua=95 mt=P len=0
PKT t=15716 RX ua=95 mt=R len=7
PKT t=15721 TX ua=95 mt=P len=0
PKT t=15730 RX ua=95 mt=R len=7
PKT t=15735 TX ua=95 mt=P len=0
PKT t=15744 RX ua=95 mt=R len=7
PKT t=15749 TX ua=95 mt=P len=0
PKT t=15778 RX ua=95 mt=R len=7
PKT t=15783 TX ua=95 mt=P len=0
PKT t=15792 RX ua=95 mt=R len=7
PKT t=15797 TX ua=95 mt=P len=0
PKT t=15806 RX ua=95 mt=R len=7
PKT t=15811 TX ua=95 mt=P len=0
PKT t=15820 RX ua=95 mt=R len=7
PKT t=15825 TX ua=95 mt=P len=0
PKT t=15834 RX ua=95 mt=R len=7
PKT t=15839 TX ua=95 mt=P len=0
PKT t=15848 RX ua=95 mt=R len=7
PKT t=15853 TX ua=95 mt=P len=0
PKT t=15882 RX ua=95 mt=R len=7
PKT t=15887 TX ua=95 mt=P len=0
PKT t=15896 RX ua=95 mt=R len=7
PKT t=15901 TX ua=95 mt=P len=0
PKT t=15910 RX ua=95 mt=R len=7
PKT t=15915 TX ua=95 mt=P len=0
PKT t=15924 RX ua=95 mt=R len=7
PKT t=15929 TX ua=95 mt=P len=0
PKT t=15938 RX ua=95 mt=R len=7
PKT t=15943 TX ua=95 mt=T len=7
PKT t=15955 TX ua=95 mt=P len=0
PKT t=15983 RX ua=95 mt=R len=7
PKT t=15988 TX ua=95 mt=P len=0
PKT t=15997 RX ua=95 mt=R len=7
PKT t=16002 TX ua=95 mt=P len=0
PKT t=16012 RX ua=95 mt=R len=7
PKT t=16017 TX ua=95 mt=P len=0
PKT t=16026 RX ua=95 mt=R len=7
PKT t=16031 TX ua=95 mt=P len=0
PKT t=16040 RX ua=95 mt=R len=7
PKT t=16045 TX ua=95 mt=P len=0
PKT t=16146 RX ua=95 mt=R len=7
PKT t=16401 TX ua=96 mt=P len=0
PKT t=16659 TX ua=95 mt=P len=0
PKT t=16668 RX ua=95 mt=R len=7
PKT t=16673 TX ua=95 mt=T len=7
PKT t=16685 TX ua=95 mt=P len=0
PKT t=16694 RX ua=95 mt=R len=7
PKT t=16699 TX ua=95 mt=T len=7
PKT t=16711 TX ua=95 mt=P len=0
PKT t=16720 RX ua=95 mt=R len=7
PKT t=16725 TX ua=95 mt=P len=0
PKT t=16734 RX ua=95 mt=R len=7
PKT t=16739 TX ua=95 mt=P len=0
PKT t=16748 RX ua=95 mt=R len=7
PKT t=16753 TX ua=95 mt=P len=0
PKT t=16762 RX ua=95 mt=R len=7
PKT t=16767 TX ua=95 mt=P len=0
PKT t=16796 RX ua=95 mt=R len=7
PKT t=16801 TX ua=95 mt=P len=0
PKT t=16810 RX ua=95 mt=R len=7
PKT t=16815 TX ua=95 mt=P len=0
PKT t=16824 RX ua=95 mt=R len=7
PKT t=16829 TX ua=95 mt=P len=0
PKT t=16838 RX ua=95 mt=R len=7
PKT t=16843 TX ua=95 mt=P len=0
PKT t=16852 RX ua=95 mt=R len=7
PKT t=16857 TX ua=95 mt=P len=0
PKT t=16866 RX ua=95 mt=R len=7
PKT t=16871 TX ua=95 mt=P len=0
PKT t=16900 RX ua=95 mt=R len=7
PKT t=16905 TX ua=95 mt=P len=0
PKT t=16914 RX ua=95 mt=R len=7
PKT t=16919 TX ua=95 mt=P len=0
PKT t=16928 RX ua=95 mt=R len=7
PKT t=16933 TX ua=95 mt=P len=0
PKT t=16942 RX ua=95 mt=R len=7
PKT t=16947 TX ua=95 mt=T len=7
PKT t=16959 TX ua=95 mt=P len=0
PKT t=16968 RX ua=95 mt=R len=7
PKT t=16973 TX ua=95 mt=P len=0
PKT t=17002 RX ua=95 mt=R len=7
PKT t=17007 TX ua=95 mt=P len=0
PKT t=17016 RX ua=95 mt=R len=7
PKT t=17021 TX ua=95 mt=P len=0
PKT t=17030 RX ua=95 mt=R len=7
PKT t=17035 TX ua=95 mt=P len=0
PKT t=17044 RX ua=95 mt=R len=7
PKT t=17146 TX ua=95 mt=P len=0
PKT t=17155 RX ua=95 mt=R len=7
PKT t=17160 TX ua=95 mt=P len=0
PKT t=17169 RX ua=95 mt=R len=7
PKT t=17174 TX ua=95 mt=P len=0
PKT t=17203 RX ua=95 mt=R len=7
PKT t=17208 TX ua=95 mt=T len=7
PKT t=17220 TX ua=95 mt=P len=0
PKT t=17229 RX ua=95 mt=R len=7
PKT t=17234 TX ua=95 mt=P len=0
PKT t=17243 RX ua=95 mt=R len=7
PKT t=17248 TX ua=95 mt=P len=0
PKT t=17257 RX ua=95 mt=R len=7
PKT t=17262 TX ua=95 mt=P len=0
PKT t=17271 RX ua=95 mt=R len=7
PKT t=17276 TX ua=95 mt=P len=0
PKT t=17306 RX ua=95 mt=R len=7
PKT t=17311 TX ua=95 mt=P len=0
PKT t=17320 RX ua=95 mt=R len=7
PKT t=17325 TX ua=95 mt=P len=0
PKT t=17334 RX ua=95 mt=R len=7
PKT t=17339 TX ua=95 mt=P len=0
PKT t=17348 RX ua=95 mt=R len=7
PKT t=17353 TX ua=95 mt=P len=0
PKT t=17362 RX ua=95 mt=R len=7
PKT t=17367 TX ua=95 mt=P len=0
PKT t=17376 RX ua=95 mt=R len=7
PKT t=17381 TX ua=95 mt=P len=0
PKT t=17410 RX ua=95 mt=R len=7
PKT t=17415 TX ua=95 mt=P len=0
PKT t=17424 RX ua=95 mt=R len=7
PKT t=17429 TX ua=95 mt=P len=0
PKT t=17438 RX ua=95 mt=R len=7
PKT t=17443 TX ua=95 mt=T len=7
PKT t=17455 TX ua=95 mt=P len=0
PKT t=17465 RX ua=95 mt=R len=7
PKT t=17470 TX ua=95 mt=P len=0
PKT t=17480 RX ua=95 mt=R len=7
PKT t=17485 TX ua=95 mt=P len=0
PKT t=17514 RX ua=95 mt=R len=7
PKT t=17519 TX ua=95 mt=P len=0
PKT t=17529 RX ua=95 mt=R len=7
PKT t=17534 TX ua=95 mt=P len=0
PKT t=17544 RX ua=95 mt=R len=7
PKT t=17646 TX ua=95 mt=P len=0
PKT t=17656 RX ua=95 mt=R len=7
PKT t=17661 TX ua=95 mt=P len=0
PKT t=17671 RX ua=95 mt=R len=7
PKT t=17676 TX ua=95 mt=P len=0
PKT t=17686 RX ua=95 mt=R len=7
PKT t=17691 TX ua=95 mt=T len=7
PKT t=17703 TX ua=95 mt=P len=0
PKT t=17721 RX ua=95 mt=R len=7
PKT t=17726 TX ua=95 mt=P len=0
PKT t=17735 RX ua=95 mt=R len=7
PKT t=17740 TX ua=95 mt=P len=0
PKT t=17749 RX ua=95 mt=R len=7
PKT t=17754 TX ua=95 mt=P len=0
PKT t=17763 RX ua=95 mt=R len=7
PKT t=17768 TX ua=95 mt=P len=0
PKT t=17777 RX ua=95 mt=R len=7
PKT t=17782 TX ua=95 mt=P len=0
PKT t=17791 RX ua=95 mt=R len=7
PKT t=17796 TX ua=95 mt=P len=0
PKT t=17825 RX ua=95 mt=R len=7
PKT t=17830 TX ua=95 mt=P len=0
PKT t=17839 RX ua=95 mt=R len=7
PKT t=17844 TX ua=95 mt=P len=0
PKT t=17853 RX ua=95 mt=R len=7
PKT t=17858 TX ua=95 mt=P len=0
PKT t=17867 RX ua=95 mt=R len=7
PKT t=17872 TX ua=95 mt=P len=0
PKT t=17881 RX ua=95 mt=R len=7
PKT t=17886 TX ua=95 mt=P len=0
PKT t=17895 RX ua=95 mt=R len=7
PKT t=17900 TX ua=95 mt=P len=0
PKT t=17929 RX ua=95 mt=R len=7
PKT t=17934 TX ua=95 mt=P len=0
PKT t=17943 RX ua=95 mt=R len=7
PKT t=17948 TX ua=95 mt=T len=7
PKT t=17960 TX ua=95 mt=P len=0
PKT t=17969 RX ua=95 mt=R len=7
PKT t=17974 TX ua=95 mt=P len=0
PKT t=17983 RX ua=95 mt=R len=7
PKT t=17988 TX ua=95 mt=P len=0
PKT t=17997 RX ua=95 mt=R len=7
PKT t=18002 TX ua=95 mt=P len=0
PKT t=18031 RX ua=95 mt=R len=7
PKT t=18036 TX ua=95 mt=P len=0
PKT t=18045 RX ua=95 mt=R len=7
PKT t=18146 TX ua=95 mt=P len=0
PKT t=18155 RX ua=95 mt=R len=7
PKT t=18160 TX ua=95 mt=P len=0
PKT t=18169 RX ua=95 mt=R len=7
PKT t=18174 TX ua=95 mt=P len=0
PKT t=18183 RX ua=95 mt=R len=7
PKT t=18188 TX ua=95 mt=P len=0
PKT t=18197 RX ua=95 mt=R len=7
PKT t=18202 TX ua=95 mt=T len=7
PKT t=18215 TX ua=95 mt=P len=0
PKT t=18233 RX ua=95 mt=R len=7
PKT t=18238 TX ua=95 mt=T len=7
PKT t=18251 TX ua=95 mt=P len=0
PKT t=18260 RX ua=95 mt=R len=7
PKT t=18265 TX ua=95 mt=P len=0
PKT t=18274 RX ua=95 mt=R len=7
PKT t=18279 TX ua=95 mt=P len=0
PKT t=18288 RX ua=95 mt=R len=7
PKT t=18293 TX ua=95 mt=P len=0
PKT t=18302 RX ua=95 mt=R len=7
PKT t=18307 TX ua=95 mt=P len=0
PKT t=18336 RX ua=95 mt=R len=7
PKT t=18341 TX ua=95 mt=P len=0
PKT t=18350 RX ua=95 mt=R len=7
PKT t=18355 TX ua=95 mt=P len=0
PKT t=18364 RX ua=95 mt=R len=7
PKT t=18369 TX ua=95 mt=P len=0
PKT t=18378 RX ua=95 mt=R len=7
PKT t=18383 TX ua=95 mt=P len=0
PKT t=18392 RX ua=95 mt=R len=7
PKT t=18397 TX ua=95 mt=P len=0
PKT t=18406 RX ua=95 mt=R len=7
PKT t=18411 TX ua=95 mt=P len=0
PKT t=18440 RX ua=95 mt=R len=7
PKT t=18445 TX ua=95 mt=T len=7
PKT t=18458 TX ua=95 mt=P len=0
PKT t=18467 RX ua=95 mt=R len=7
PKT t=18472 TX ua=95 mt=P len=0
PKT t=18481 RX ua=95 mt=R len=7
PKT t=18486 TX ua=95 mt=P len=0
PKT t=18495 RX ua=95 mt=R len=7
PKT t=18500 TX ua=95 mt=P len=0
PKT t=18509 RX ua=95 mt=R len=7
PKT t=18514 TX ua=95 mt=P len=0
PKT t=18544 RX ua=95 mt=R len=7
PKT t=18646 TX ua=95 mt=P len=0
PKT t=18655 RX ua=95 mt=R len=7
PKT t=18660 TX ua=95 mt=P len=0
PKT t=18669 RX ua=95 mt=R len=7
PKT t=18674 TX ua=95 mt=P len=0
PKT t=18683 RX ua=95 mt=R len=7
PKT t=18688 TX ua=95 mt=P len=0
PKT t=18697 RX ua=95 mt=R len=7
PKT t=18702 TX ua=95 mt=T len=7
PKT t=18715 TX ua=95 mt=P len=0
PKT t=18742 RX ua=95 mt=R len=7
PKT t=18747 TX ua=95 mt=P len=0
PKT t=18756 RX ua=95 mt=R len=7
PKT t=18761 TX ua=95 mt=P len=0
PKT t=18770 RX ua=95 mt=R len=7
PKT t=18775 TX ua=95 mt=P len=0
PKT t=18784 RX ua=95 mt=R len=7
PKT t=18789 TX ua=95 mt=P len=0
PKT t=18798 RX ua=95 mt=R len=7
PKT t=18803 TX ua=95 mt=P len=0
PKT t=18812 RX ua=95 mt=R len=7
PKT t=18817 TX ua=95 mt=P len=0
PKT t=18846 RX ua=95 mt=R len=7
PKT t=18851 TX ua=95 mt=P len=0
PKT t=18860 RX ua=95 mt=R len=7
PKT t=18865 TX ua=95 mt=P len=0
PKT t=18874 RX ua=95 mt=R len=7
PKT t=18879 TX ua=95 mt=P len=0
PKT t=18888 RX ua=95 mt=R len=7
PKT t=18893 TX ua=95 mt=P len=0
PKT t=18902 RX ua=95 mt=R len=7
PKT t=18907 TX ua=95 mt=P len=0
PKT t=18916 RX ua=95 mt=R len=7
PKT t=18921 TX ua=95 mt=P len=0
PKT t=18950 RX ua=95 mt=R len=7
PKT t=18955 TX ua=95 mt=T len=7
PKT t=18968 TX ua=95 mt=P len=0
PKT t=18977 RX ua=95 mt=R len=7
PKT t=18982 TX ua=95 mt=P len=0
PKT t=18991 RX ua=95 mt=R len=7
PKT t=18996 TX ua=95 mt=P len=0
PKT t=19005 RX ua=95 mt=R len=7
PKT t=19010 TX ua=95 mt=P len=0
PKT t=19019 RX ua=95 mt=R len=7
PKT t=19024 TX ua=95 mt=P len=0
PKT t=19146 RX ua=95 mt=R len=7
PKT t=19151 TX ua=95 mt=P len=0
PKT t=19160 RX ua=95 mt=R len=7
PKT t=19165 TX ua=95 mt=P len=0
PKT t=19174 RX ua=95 mt=R len=7
PKT t=19179 TX ua=95 mt=P len=0
PKT t=19188 RX ua=95 mt=R len=7
PKT t=19193 TX ua=95 mt=T len=7
PKT t=19205 TX ua=95 mt=P len=0
PKT t=19214 RX ua=95 mt=R len=7
PKT t=19219 TX ua=95 mt=P len=0
PKT t=19252 RX ua=95 mt=R len=7
PKT t=19257 TX ua=95 mt=P len=0
PKT t=19266 RX ua=95 mt=R len=7
PKT t=19271 TX ua=95 mt=P len=0
PKT t=19280 RX ua=95 mt=R len=7
PKT t=19285 TX ua=95 mt=P len=0
PKT t=19294 RX ua=95 mt=R len=7
PKT t=19299 TX ua=95 mt=P len=0
PKT t=19308 RX ua=95 mt=R len=7
PKT t=19313 TX ua=95 mt=P len=0
PKT t=19322 RX ua=95 mt=R len=7
PKT t=19327 TX ua=95 mt=P len=0
PKT t=19356 RX ua=95 mt=R len=7
PKT t=19361 TX ua=95 mt=P len=0
PKT t=19370 RX ua=95 mt=R len=7
PKT t=19375 TX ua=95 mt=P len=0
PKT t=19384 RX ua=95 mt=R len=7
PKT t=19389 TX ua=95 mt=P len=0
PKT t=19398 RX ua=95 mt=R len=7
PKT t=19403 TX ua=95 mt=P len=0
PKT t=19412 RX ua=95 mt=R len=7
PKT t=19417 TX ua=95 mt=P len=0
PKT t=19426 RX ua=95 mt=R len=7
PKT t=19431 TX ua=95 mt=P len=0
PKT t=19460 RX ua=95 mt=R len=7
PKT t=19465 TX ua=95 mt=T len=7
PKT t=19477 TX ua=95 mt=P len=0
PKT t=19487 RX ua=95 mt=R len=7
PKT t=19492 TX ua=95 mt=P len=0
PKT t=19502 RX ua=95 mt=R len=7
PKT t=19507 TX ua=95 mt=P len=0
PKT t=19517 RX ua=95 mt=R len=7
PKT t=19522 TX ua=95 mt=P len=0
PKT t=19532 RX ua=95 mt=R len=7
PKT t=19537 TX ua=95 mt=P len=0
PKT t=19646 RX ua=95 mt=R len=7
PKT t=19651 TX ua=95 mt=P len=0
PKT t=19665 RX ua=95 mt=R len=7
PKT t=19670 TX ua=95 mt=P len=0
PKT t=19680 RX ua=95 mt=R len=7
PKT t=19685 TX ua=95 mt=P len=0
PKT t=19695 RX ua=95 mt=R len=7
PKT t=19700 TX ua=95 mt=T len=7
PKT t=19712 TX ua=95 mt=P len=0
PKT t=19721 RX ua=95 mt=R len=7
PKT t=19726 TX ua=95 mt=P len=0
PKT t=19735 RX ua=95 mt=R len=7
PKT t=19740 TX ua=95 mt=P len=0
PKT t=19769 RX ua=95 mt=R len=7
PKT t=19774 TX ua=95 mt=P len=0
PKT t=19783 RX ua=95 mt=R len=7
PKT t=19788 TX ua=95 mt=P len=0
PKT t=19797 RX ua=95 mt=R len=7
PKT t=19802 TX ua=95 mt=P len=0
PKT t=19811 RX ua=95 mt=R len=7
PKT t=19816 TX ua=95 mt=P len=0
PKT t=19825 RX ua=95 mt=R len=7
PKT t=19830 TX ua=95 mt=P len=0
PKT t=19839 RX ua=95 mt=R len=7
PKT t=19844 TX ua=95 mt=P len=0
PKT t=19873 RX ua=95 mt=R len=7
PKT t=19878 TX ua=95 mt=P len=0
PKT t=19887 RX ua=95 mt=R len=7
PKT t=19892 TX ua=95 mt=P len=0
PKT t=19901 RX ua=95 mt=R len=7
PKT t=19906 TX ua=95 mt=P len=0
PKT t=19915 RX ua=95 mt=R len=7
PKT t=19920 TX ua=95 mt=P len=0
PKT t=19929 RX ua=95 mt=R len=7
PKT t=19934 TX ua=95 mt=P len=0
PKT t=19943 RX ua=95 mt=R len=7
PKT t=19948 TX ua=95 mt=T len=7
PKT t=19960 TX ua=95 mt=P len=0
PKT t=19979 RX ua=95 mt=R len=7
PKT t=19984 TX ua=95 mt=P len=0
PKT t=19993 RX ua=95 mt=R len=7
PKT t=19998 TX ua=95 mt=P len=0
PKT t=20007 RX ua=95 mt=R len=7
PKT t=20014 TX ua=95 mt=P len=0
PKT t=20023 RX ua=95 mt=R len=7
PKT t=20028 TX ua=95 mt=P len=0
PKT t=20037 RX ua=95 mt=R len=7
PKT t=20042 TX ua=95 mt=P len=0
PKT t=20146 RX ua=95 mt=R len=7
PKT t=20151 TX ua=95 mt=P len=0
PKT t=20185 RX ua=95 mt=R len=7
PKT t=20189 TX ua=95 mt=T len=7
PKT t=20201 TX ua=95 mt=P len=0
PKT t=20210 RX ua=95 mt=R len=7
PKT t=20215 TX ua=95 mt=P len=0
PKT t=20224 RX ua=95 mt=R len=7
PKT t=20229 TX ua=95 mt=P len=0
PKT t=20238 RX ua=95 mt=R len=7
PKT t=20243 TX ua=95 mt=P len=0
PKT t=20252 RX ua=95 mt=R len=7
PKT t=20257 TX ua=95 mt=P len=0
PKT t=20286 RX ua=95 mt=R len=7
PKT t=20291 TX ua=95 mt=P len=0
PKT t=20300 RX ua=95 mt=R len=7
PKT t=20305 TX ua=95 mt=P len=0
PKT t=20314 RX ua=95 mt=R len=7
PKT t=20319 TX ua=95 mt=P len=0
PKT t=20328 RX ua=95 mt=R len=7
PKT t=20333 TX ua=95 mt=P len=0
PKT t=20342 RX ua=95 mt=R len=7
PKT t=20347 TX ua=95 mt=P len=0
PKT t=20356 RX ua=95 mt=R len=7
PKT t=20361 TX ua=95 mt=P len=0
PKT t=20390 RX ua=95 mt=R len=7
PKT t=20395 TX ua=95 mt=P len=0
PKT t=20404 RX ua=95 mt=R len=7
PKT t=20409 TX ua=95 mt=P len=0
PKT t=20418 RX ua=95 mt=R len=7
PKT t=20423 TX ua=95 mt=P len=0
PKT t=20432 RX ua=95 mt=R len=7
PKT t=20437 TX ua=95 mt=P len=0
PKT t=20446 RX ua=95 mt=R len=7
PKT t=20451 TX ua=95 mt=T len=7
PKT t=20463 TX ua=95 mt=P len=0
PKT t=20491 RX ua=95 mt=R len=7
PKT t=20496 TX ua=95 mt=P len=0
PKT t=20505 RX ua=95 mt=R len=7
PKT t=20510 TX ua=95 mt=P len=0
PKT t=20519 RX ua=95 mt=R len=7
PKT t=20524 TX ua=95 mt=P len=0
PKT t=20533 RX ua=95 mt=R len=7
PKT t=20538 TX ua=95 mt=P len=0
PKT t=20796 TX ua=96 mt=P len=0
PKT t=21151 TX ua=95 mt=P len=0
PKT t=21160 RX ua=95 mt=R len=7
PKT t=21165 TX ua=95 mt=T len=7
PKT t=21177 TX ua=95 mt=P len=0
PKT t=21196 RX ua=95 mt=R len=7
PKT t=21201 TX ua=95 mt=T len=7
PKT t=21214 TX ua=95 mt=P len=0
PKT t=21223 RX ua=95 mt=R len=7
PKT t=21228 TX ua=95 mt=P len=0
PKT t=21237 RX ua=95 mt=R len=7
PKT t=21242 TX ua=95 mt=P len=0
PKT t=21251 RX ua=95 mt=R len=7
PKT t=21256 TX ua=95 mt=P len=0
PKT t=21265 RX ua=95 mt=R len=7
PKT t=21270 TX ua=95 mt=P len=0
PKT t=21299 RX ua=95 mt=R len=7
PKT t=21304 TX ua=95 mt=P len=0
PKT t=21313 RX ua=95 mt=R len=7
PKT t=21318 TX ua=95 mt=P len=0
PKT t=21327 RX ua=95 mt=R len=7
PKT t=21332 TX ua=95 mt=P len=0
PKT t=21341 RX ua=95 mt=R len=7
PKT t=21346 TX ua=95 mt=P len=0
PKT t=21355 RX ua=95 mt=R len=7
PKT t=21360 TX ua=95 mt=P len=0
PKT t=21369 RX ua=95 mt=R len=7
PKT t=21374 TX ua=95 mt=P len=0
PKT t=21403 RX ua=95 mt=R len=7
PKT t=21408 TX ua=95 mt=P len=0
PKT t=21417 RX ua=95 mt=R len=7
PKT t=21422 TX ua=95 mt=P len=0
PKT t=21431 RX ua=95 mt=R len=7
PKT t=21436 TX ua=95 mt=P len=0
PKT t=21445 RX ua=95 mt=R len=7
PKT t=21450 TX ua=95 mt=T len=7
PKT t=21463 TX ua=95 mt=P len=0
PKT t=21473 RX ua=95 mt=R len=7
PKT t=21478 TX ua=95 mt=P len=0
PKT t=21507 RX ua=95 mt=R len=7
PKT t=21512 TX ua=95 mt=P len=0
PKT t=21522 RX ua=95 mt=R len=7
PKT t=21527 TX ua=95 mt=P len=0
PKT t=21537 RX ua=95 mt=R len=7
PKT t=21542 TX ua=95 mt=P len=0
PKT t=21646 RX ua=95 mt=R len=7
PKT t=21651 TX ua=95 mt=P len=0
PKT t=21661 RX ua=95 mt=R len=7
PKT t=21666 TX ua=95 mt=P len=0
PKT t=21676 RX ua=95 mt=R len=7
PKT t=21681 TX ua=95 mt=P len=0
PKT t=21710 RX ua=95 mt=R len=7
PKT t=21715 TX ua=95 mt=T len=7
PKT t=21728 TX ua=95 mt=P len=0
PKT t=21737 RX ua=95 mt=R len=7
PKT t=21742 TX ua=95 mt=P len=0
PKT t=21751 RX ua=95 mt=R len=7
PKT t=21756 TX ua=95 mt=P len=0
PKT t=21765 RX ua=95 mt=R len=7
PKT t=21770 TX ua=95 mt=P len=0
PKT t=21779 RX ua=95 mt=R len=7
PKT t=21784 TX ua=95 mt=P len=0
PKT t=21813 RX ua=95 mt=R len=7
PKT t=21818 TX ua=95 mt=P len=0
PKT t=21827 RX ua=95 mt=R len=7
PKT t=21832 TX ua=95 mt=P len=0
PKT t=21841 RX ua=95 mt=R len=7
PKT t=21846 TX ua=95 mt=P len=0
PKT t=21855 RX ua=95 mt=R len=7
PKT t=21860 TX ua=95 mt=P len=0
PKT t=21869 RX ua=95 mt=R len=7
PKT t=21874 TX ua=95 mt=P len=0
PKT t=21883 RX ua=95 mt=R len=7
PKT t=21888 TX ua=95 mt=P len=0
PKT t=21917 RX ua=95 mt=R len=7
PKT t=21922 TX ua=95 mt=P len=0
PKT t=21931 RX ua=95 mt=R len=7
PKT t=21936 TX ua=95 mt=P len=0
PKT t=21945 RX ua=95 mt=R len=7
PKT t=21950 TX ua=95 mt=T len=7
PKT t=21963 TX ua=95 mt=P len=0
PKT t=21972 RX ua=95 mt=R len=7
PKT t=21977 TX ua=95 mt=P len=0
PKT t=21986 RX ua=95 mt=R len=7
PKT t=21991 TX ua=95 mt=P len=0
PKT t=22020 RX ua=95 mt=R len=7
PKT t=22025 TX ua=95 mt=P len=0
PKT t=22034 RX ua=95 mt=R len=7
PKT t=22039 TX ua=95 mt=P len=0
PKT t=22297 TX ua=96 mt=P len=0
PKT t=22651 TX ua=95 mt=P len=0
PKT t=22660 RX ua=95 mt=R len=7
PKT t=22665 TX ua=95 mt=T len=7
PKT t=22677 TX ua=95 mt=P len=0
PKT t=22686 RX ua=95 mt=R len=7
PKT t=22691 TX ua=95 mt=T len=7
PKT t=22703 TX ua=95 mt=P len=0
PKT t=22722 RX ua=95 mt=R len=7
PKT t=22727 TX ua=95 mt=P len=0
PKT t=22736 RX ua=95 mt=R len=7
PKT t=22741 TX ua=95 mt=P len=0
PKT t=22750 RX ua=95 mt=R len=7
PKT t=22755 TX ua=95 mt=P len=0
PKT t=22764 RX ua=95 mt=R len=7
PKT t=22769 TX ua=95 mt=P len=0
PKT t=22778 RX ua=95 mt=R len=7
PKT t=22783 TX ua=95 mt=P len=0
PKT t=22792 RX ua=95 mt=R len=7
PKT t=22797 TX ua=95 mt=P len=0
PKT t=22826 RX ua=95 mt=R len=7
PKT t=22831 TX ua=95 mt=P len=0
PKT t=22840 RX ua=95 mt=R len=7
PKT t=22845 TX ua=95 mt=P len=0
PKT t=22854 RX ua=95 mt=R len=7
PKT t=22859 TX ua=95 mt=P len=0
PKT t=22868 RX ua=95 mt=R len=7
PKT t=22873 TX ua=95 mt=P len=0
PKT t=22882 RX ua=95 mt=R len=7
PKT t=22887 TX ua=95 mt=P len=0
PKT t=22896 RX ua=95 mt=R len=7
PKT t=22901 TX ua=95 mt=P len=0
PKT t=22930 RX ua=95 mt=R len=7
PKT t=22935 TX ua=95 mt=P len=0
PKT t=22945 RX ua=95 mt=R len=7
PKT t=22950 TX ua=95 mt=T len=7
PKT t=22962 TX ua=95 mt=P len=0
PKT t=22971 RX ua=95 mt=R len=7
PKT t=22976 TX ua=95 mt=P len=0
PKT t=22985 RX ua=95 mt=R len=7
PKT t=22990 TX ua=95 mt=P len=0
PKT t=22999 RX ua=95 mt=R len=7
PKT t=23004 TX ua=95 mt=P len=0
PKT t=23033 RX ua=95 mt=R len=7
PKT t=23038 TX ua=95 mt=P len=0
PKT t=23296 TX ua=96 mt=P len=0
PKT t=23651 TX ua=95 mt=P len=0
PKT t=23660 RX ua=95 mt=R len=7
PKT t=23665 TX ua=95 mt=T len=7
PKT t=23677 TX ua=95 mt=P len=0
PKT t=23687 RX ua=95 mt=R len=7
PKT t=23692 TX ua=95 mt=T len=7
PKT t=23704 TX ua=95 mt=P len=0
PKT t=23733 RX ua=95 mt=R len=7
PKT t=23738 TX ua=95 mt=P len=0
PKT t=23747 RX ua=95 mt=R len=7
PKT t=23752 TX ua=95 mt=P len=0
PKT t=23761 RX ua=95 mt=R len=7
PKT t=23766 TX ua=95 mt=P len=0
PKT t=23775 RX ua=95 mt=R len=7
PKT t=23780 TX ua=95 mt=P len=0
PKT t=23789 RX ua=95 mt=R len=7
PKT t=23794 TX ua=95 mt=P len=0
PKT t=23803 RX ua=95 mt=R len=7
PKT t=23808 TX ua=95 mt=P len=0
PKT t=23837 RX ua=95 mt=R len=7
PKT t=23842 TX ua=95 mt=P len=0
PKT t=23851 RX ua=95 mt=R len=7
PKT t=23856 TX ua=95 mt=P len=0
PKT t=23865 RX ua=95 mt=R len=7
PKT t=23870 TX ua=95 mt=P len=0
PKT t=23879 RX ua=95 mt=R len=7
PKT t=23884 TX ua=95 mt=P len=0
PKT t=23893 RX ua=95 mt=R len=7
PKT t=23898 TX ua=95 mt=P len=0
PKT t=23907 RX ua=95 mt=R len=7
PKT t=23912 TX ua=95 mt=P len=0
PKT t=23941 RX ua=95 mt=R len=7
PKT t=23946 TX ua=95 mt=T len=7
PKT t=23958 TX ua=95 mt=P len=0
PKT t=23967 RX ua=95 mt=R len=7
PKT t=23972 TX ua=95 mt=P len=0
PKT t=23981 RX ua=95 mt=R len=7
PKT t=23986 TX ua=95 mt=P len=0
PKT t=23995 RX ua=95 mt=R len=7
PKT t=24000 TX ua=95 mt=P len=0
PKT t=24009 RX ua=95 mt=R len=7
PKT t=24016 TX ua=95 mt=P len=0
PKT t=24043 RX ua=95 mt=R len=7
PKT t=24146 TX ua=95 mt=P len=0
PKT t=24155 RX ua=95 mt=R len=7
PKT t=24160 TX ua=95 mt=P len=0
PKT t=24169 RX ua=95 mt=R len=7
PKT t=24174 TX ua=95 mt=P len=0
PKT t=24183 RX ua=95 mt=R len=7
PKT t=24188 TX ua=95 mt=P len=0
PKT t=24197 RX ua=95 mt=R len=7
PKT t=24202 TX ua=95 mt=T len=7
PKT t=24214 TX ua=95 mt=P len=0
PKT t=24243 RX ua=95 mt=R len=7
PKT t=24248 TX ua=95 mt=P len=0
PKT t=24257 RX ua=95 mt=R len=7
PKT t=24262 TX ua=95 mt=P len=0
PKT t=24271 RX ua=95 mt=R len=7
PKT t=24276 TX ua=95 mt=P len=0
PKT t=24285 RX ua=95 mt=R len=7
PKT t=24290 TX ua=95 mt=P len=0
PKT t=24299 RX ua=95 mt=R len=7
PKT t=24304 TX ua=95 mt=P len=0
PKT t=24313 RX ua=95 mt=R len=7
PKT t=24318 TX ua=95 mt=P len=0
PKT t=24347 RX ua=95 mt=R len=7
PKT t=24352 TX ua=95 mt=P len=0
PKT t=24361 RX ua=95 mt=R len=7
PKT t=24366 TX ua=95 mt=P len=0
PKT t=24375 RX ua=95 mt=R len=7
PKT t=24380 TX ua=95 mt=P len=0
PKT t=24389 RX ua=95 mt=R len=7
PKT t=24394 TX ua=95 mt=P len=0
PKT t=24403 RX ua=95 mt=R len=7
PKT t=24408 TX ua=95 mt=P len=0
PKT t=24417 RX ua=95 mt=R len=7
PKT t=24422 TX ua=95 mt=P len=0
PKT t=24451 RX ua=95 mt=R len=7
PKT t=24456 TX ua=95 mt=T len=7
PKT t=24468 TX ua=95 mt=P len=0
PKT t=24477 RX ua=95 mt=R len=7
PKT t=24482 TX ua=95 mt=P len=0
PKT t=24491 RX ua=95 mt=R len=7
PKT t=24496 TX ua=95 mt=P len=0
PKT t=24505 RX ua=95 mt=R len=7
PKT t=24510 TX ua=95 mt=P len=0
PKT t=24519 RX ua=95 mt=R len=7
PKT t=24524 TX ua=95 mt=P len=0
PKT t=24646 RX ua=95 mt=R len=7
PKT t=24651 TX ua=95 mt=P len=0
PKT t=24660 RX ua=95 mt=R len=7
PKT t=24665 TX ua=95 mt=P len=0
PKT t=24674 RX ua=95 mt=R len=7
PKT t=24679 TX ua=95 mt=P len=0
PKT t=24688 RX ua=95 mt=R len=7
PKT t=24693 TX ua=95 mt=T len=7
PKT t=24705 TX ua=95 mt=P len=0
PKT t=24714 RX ua=95 mt=R len=7
PKT t=24719 TX ua=95 mt=P len=0
PKT t=24753 RX ua=95 mt=R len=7
PKT t=24758 TX ua=95 mt=P len=0
PKT t=24767 RX ua=95 mt=R len=7
PKT t=24772 TX ua=95 mt=P len=0
PKT t=24781 RX ua=95 mt=R len=7
PKT t=24786 TX ua=95 mt=P len=0
PKT t=24795 RX ua=95 mt=R len=7
PKT t=24800 TX ua=95 mt=P len=0
PKT t=24809 RX ua=95 mt=R len=7
PKT t=24814 TX ua=95 mt=P len=0
PKT t=24823 RX ua=95 mt=R len=7
PKT t=24828 TX ua=95 mt=P len=0
PKT t=24857 RX ua=95 mt=R len=7
PKT t=24862 TX ua=95 mt=P len=0
PKT t=24871 RX ua=95 mt=R len=7
PKT t=24876 TX ua=95 mt=P len=0
PKT t=24885 RX ua=95 mt=R len=7
PKT t=24890 TX ua=95 mt=P len=0
PKT t=24899 RX ua=95 mt=R len=7
PKT t=24904 TX ua=95 mt=P len=0
PKT t=24913 RX ua=95 mt=R len=7
PKT t=24918 TX ua=95 mt=P len=0
PKT t=24927 RX ua=95 mt=R len=7
PKT t=24932 TX ua=95 mt=P len=0
PKT t=24961 RX ua=95 mt=R len=7
PKT t=24966 TX ua=95 mt=T len=7
PKT t=24978 TX ua=95 mt=P len=0
PKT t=24987 RX ua=95 mt=R len=7
PKT t=24992 TX ua=95 mt=P len=0
PKT t=25001 RX ua=95 mt=R len=7
PKT t=25006 TX ua=95 mt=P len=0
PKT t=25015 RX ua=95 mt=R len=7
PKT t=25020 TX ua=95 mt=P len=0
PKT t=25029 RX ua=95 mt=R len=7
PKT t=25034 TX ua=95 mt=P len=0
PKT t=25146 RX ua=95 mt=R len=7
PKT t=25151 TX ua=95 mt=P len=0
PKT t=25163 RX ua=95 mt=R len=7
PKT t=25168 TX ua=95 mt=P len=0
PKT t=25177 RX ua=95 mt=R len=7
PKT t=25182 TX ua=95 mt=P len=0
PKT t=25191 RX ua=95 mt=R len=7
PKT t=25196 TX ua=95 mt=T len=7
PKT t=25208 TX ua=95 mt=P len=0
PKT t=25217 RX ua=95 mt=R len=7
PKT t=25222 TX ua=95 mt=P len=0
PKT t=25231 RX ua=95 mt=R len=7
PKT t=25236 TX ua=95 mt=P len=0
PKT t=25265 RX ua=95 mt=R len=7
PKT t=25270 TX ua=95 mt=P len=0
PKT t=25279 RX ua=95 mt=R len=7
PKT t=25284 TX ua=95 mt=P len=0
PKT t=25293 RX ua=95 mt=R len=7
PKT t=25298 TX ua=95 mt=P len=0
PKT t=25307 RX ua=95 mt=R len=7
PKT t=25312 TX ua=95 mt=P len=0
PKT t=25321 RX ua=95 mt=R len=7
PKT t=25326 TX ua=95 mt=P len=0
PKT t=25335 RX ua=95 mt=R len=7
PKT t=25340 TX ua=95 mt=P len=0
PKT t=25369 RX ua=95 mt=R len=7
PKT t=25374 TX ua=95 mt=P len=0
PKT t=25383 RX ua=95 mt=R len=7
PKT t=25388 TX ua=95 mt=P len=0
PKT t=25397 RX ua=95 mt=R len=7
PKT t=25402 TX ua=95 mt=P len=0
PKT t=25411 RX ua=95 mt=R len=7
PKT t=25416 TX ua=95 mt=P len=0
PKT t=25425 RX ua=95 mt=R len=7
PKT t=25430 TX ua=95 mt=P len=0
PKT t=25439 RX ua=95 mt=R len=7
PKT t=25444 TX ua=95 mt=T len=7
PKT t=25456 TX ua=95 mt=P len=0
PKT t=25475 RX ua=95 mt=R len=7
PKT t=25480 TX ua=95 mt=P len=0
PKT t=25490 RX ua=95 mt=R len=7
PKT t=25495 TX ua=95 mt=P len=0
PKT t=25505 RX ua=95 mt=R len=7
PKT t=25510 TX ua=95 mt=P len=0
PKT t=25520 RX ua=95 mt=R len=7
PKT t=25525 TX ua=95 mt=P len=0
PKT t=25535 RX ua=95 mt=R len=7
PKT t=25540 TX ua=95 mt=P len=0
PKT t=25646 RX ua=95 mt=R len=7
PKT t=25651 TX ua=95 mt=P len=0
PKT t=25673 RX ua=95 mt=R len=7
PKT t=25678 TX ua=95 mt=P len=0
PKT t=25688 RX ua=95 mt=R len=7
PKT t=25693 TX ua=95 mt=T len=7
PKT t=25705 TX ua=95 mt=P len=0
PKT t=25714 RX ua=95 mt=R len=7
PKT t=25719 TX ua=95 mt=P len=0
PKT t=25728 RX ua=95 mt=R len=7
PKT t=25733 TX ua=95 mt=P len=0
PKT t=25742 RX ua=95 mt=R len=7
PKT t=25747 TX ua=95 mt=P len=0
PKT t=25776 RX ua=95 mt=R len=7
PKT t=25781 TX ua=95 mt=P len=0
PKT t=25790 RX ua=95 mt=R len=7
PKT t=25795 TX ua=95 mt=P len=0
PKT t=25804 RX ua=95 mt=R len=7
PKT t=25809 TX ua=95 mt=P len=0
PKT t=25818 RX ua=95 mt=R len=7
PKT t=25823 TX ua=95 mt=P len=0
PKT t=25832 RX ua=95 mt=R len=7
PKT t=25837 TX ua=95 mt=P len=0
PKT t=25846 RX ua=95 mt=R len=7
PKT t=25851 TX ua=95 mt=P len=0
PKT t=25880 RX ua=95 mt=R len=7
PKT t=25885 TX ua=95 mt=P len=0
PKT t=25894 RX ua=95 mt=R len=7
PKT t=25899 TX ua=95 mt=P len=0
PKT t=25908 RX ua=95 mt=R len=7
PKT t=25913 TX ua=95 mt=P len=0
PKT t=25922 RX ua=95 mt=R len=7
PKT t=25927 TX ua=95 mt=P len=0
PKT t=25936 RX ua=95 mt=R len=7
PKT t=25941 TX ua=95 mt=T len=7
PKT t=25953 TX ua=95 mt=P len=0
PKT t=25981 RX ua=95 mt=R len=7
PKT t=25986 TX ua=95 mt=P len=0
PKT t=25995 RX ua=95 mt=R len=7
PKT t=26000 TX ua=95 mt=P len=0
PKT t=26009 RX ua=95 mt=R len=7
PKT t=26017 TX ua=95 mt=P len=0
PKT t=26026 RX ua=95 mt=R len=7
PKT t=26031 TX ua=95 mt=P len=0
PKT t=26040 RX ua=95 mt=R len=7
PKT t=26045 TX ua=95 mt=P len=0
PKT t=26146 RX ua=95 mt=R len=7
PKT t=26401 TX ua=96 mt=P len=0
PKT t=26659 TX ua=95 mt=P len=0
PKT t=26668 RX ua=95 mt=R len=7
PKT t=26673 TX ua=95 mt=T len=7
PKT t=26686 TX ua=95 mt=P len=0
PKT t=26695 RX ua=95 mt=R len=7
PKT t=26700 TX ua=95 mt=T len=7
PKT t=26713 TX ua=95 mt=P len=0
PKT t=26722 RX ua=95 mt=R len=7
PKT t=26727 TX ua=95 mt=P len=0
PKT t=26736 RX ua=95 mt=R len=7
PKT t=26741 TX ua=95 mt=P len=0
PKT t=26750 RX ua=95 mt=R len=7
PKT t=26755 TX ua=95 mt=P len=0
PKT t=26788 RX ua=95 mt=R len=7
PKT t=26793 TX ua=95 mt=P len=0
PKT t=26802 RX ua=95 mt=R len=7
PKT t=26807 TX ua=95 mt=P len=0
PKT t=26816 RX ua=95 mt=R len=7
PKT t=26821 TX ua=95 mt=P len=0
PKT t=26830 RX ua=95 mt=R len=7
PKT t=26835 TX ua=95 mt=P len=0
PKT t=26844 RX ua=95 mt=R len=7
PKT t=26849 TX ua=95 mt=P len=0
PKT t=26858 RX ua=95 mt=R len=7
PKT t=26863 TX ua=95 mt=P len=0
PKT t=26892 RX ua=95 mt=R len=7
PKT t=26897 TX ua=95 mt=P len=0
PKT t=26906 RX ua=95 mt=R len=7
PKT t=26911 TX ua=95 mt=P len=0
PKT t=26920 RX ua=95 mt=R len=7
PKT t=26925 TX ua=95 mt=P len=0
PKT t=26934 RX ua=95 mt=R len=7
PKT t=26939 TX ua=95 mt=T len=7
PKT t=26952 TX ua=95 mt=P len=0
PKT t=26961 RX ua=95 mt=R len=7
PKT t=26966 TX ua=95 mt=P len=0
PKT t=26995 RX ua=95 mt=R len=7
PKT t=27000 TX ua=95 mt=P len=0
PKT t=27009 RX ua=95 mt=R len=7
PKT t=27014 TX ua=95 mt=P len=0
PKT t=27023 RX ua=95 mt=R len=7
PKT t=27028 TX ua=95 mt=P len=0
PKT t=27037 RX ua=95 mt=R len=7
PKT t=27042 TX ua=95 mt=P len=0
PKT t=27146 RX ua=95 mt=R len=7
PKT t=27151 TX ua=95 mt=P len=0
PKT t=27160 RX ua=95 mt=R len=7
PKT t=27165 TX ua=95 mt=P len=0
PKT t=27194 RX ua=95 mt=R len=7
PKT t=27199 TX ua=95 mt=T len=7
PKT t=27211 TX ua=95 mt=P len=0
PKT t=27220 RX ua=95 mt=R len=7
PKT t=27225 TX ua=95 mt=P len=0
PKT t=27234 RX ua=95 mt=R len=7
PKT t=27239 TX ua=95 mt=P len=0
PKT t=27248 RX ua=95 mt=R len=7
PKT t=27253 TX ua=95 mt=P len=0
PKT t=27262 RX ua=95 mt=R len=7
PKT t=27267 TX ua=95 mt=P len=0
PKT t=27296 RX ua=95 mt=R len=7
PKT t=27301 TX ua=95 mt=P len=0
PKT t=27310 RX ua=95 mt=R len=7
PKT t=27315 TX ua=95 mt=P len=0
PKT t=27324 RX ua=95 mt=R len=7
PKT t=27329 TX ua=95 mt=P len=0
PKT t=27338 RX ua=95 mt=R len=7
PKT t=27343 TX ua=95 mt=P len=0
PKT t=27352 RX ua=95 mt=R len=7
PKT t=27357 TX ua=95 mt=P len=0
PKT t=27366 RX ua=95 mt=R len=7
PKT t=27371 TX ua=95 mt=P len=0
PKT t=27400 RX ua=95 mt=R len=7
PKT t=27405 TX ua=95 mt=P len=0
PKT t=27414 RX ua=95 mt=R len=7
PKT t=27419 TX ua=95 mt=P len=0
PKT t=27428 RX ua=95 mt=R len=7
PKT t=27433 TX ua=95 mt=P len=0
PKT t=27442 RX ua=95 mt=R len=7
PKT t=27447 TX ua=95 mt=T len=7
PKT t=27459 TX ua=95 mt=P len=0
PKT t=27469 RX ua=95 mt=R len=7
PKT t=27474 TX ua=95 mt=P len=0
PKT t=27503 RX ua=95 mt=R len=7
PKT t=27508 TX ua=95 mt=P len=0
PKT t=27518 RX ua=95 mt=R len=7
PKT t=27523 TX ua=95 mt=P len=0
PKT t=27533 RX ua=95 mt=R len=7
PKT t=27538 TX ua=95 mt=P len=0
PKT t=27796 TX ua=96 mt=P len=0
PKT t=28151 TX ua=95 mt=P len=0
PKT t=28161 RX ua=95 mt=R len=7
PKT t=28166 TX ua=95 mt=T len=7
PKT t=28178 TX ua=95 mt=P len=0
PKT t=28206 RX ua=95 mt=R len=7
PKT t=28211 TX ua=95 mt=T len=7
PKT t=28223 TX ua=95 mt=P len=0
PKT t=28232 RX ua=95 mt=R len=7
PKT t=28237 TX ua=95 mt=P len=0
PKT t=28246 RX ua=95 mt=R len=7
PKT t=28251 TX ua=95 mt=P len=0
PKT t=28260 RX ua=95 mt=R len=7
PKT t=28265 TX ua=95 mt=P len=0
PKT t=28274 RX ua=95 mt=R len=7
PKT t=28279 TX ua=95 mt=P len=0
PKT t=28308 RX ua=95 mt=R len=7
PKT t=28313 TX ua=95 mt=P len=0
PKT t=28322 RX ua=95 mt=R len=7
PKT t=28327 TX ua=95 mt=P len=0
PKT t=28336 RX ua=95 mt=R len=7
PKT t=28341 TX ua=95 mt=P len=0
PKT t=28350 RX ua=95 mt=R len=7
PKT t=28355 TX ua=95 mt=P len=0
PKT t=28364 RX ua=95 mt=R len=7
PKT t=28369 TX ua=95 mt=P len=0
PKT t=28378 RX ua=95 mt=R len=7
PKT t=28383 TX ua=95 mt=P len=0
PKT t=28412 RX ua=95 mt=R len=7
PKT t=28417 TX ua=95 mt=P len=0
PKT t=28426 RX ua=95 mt=R len=7
PKT t=28431 TX ua=95 mt=P len=0
PKT t=28440 RX ua=95 mt=R len=7
PKT t=28445 TX ua=95 mt=T len=7
PKT t=28457 TX ua=95 mt=P len=0
PKT t=28466 RX ua=95 mt=R len=7
PKT t=28471 TX ua=95 mt=P len=0
PKT t=28480 RX ua=95 mt=R len=7
PKT t=28485 TX ua=95 mt=P len=0
PKT t=28514 RX ua=95 mt=R len=7
PKT t=28519 TX ua=95 mt=P len=0
PKT t=28528 RX ua=95 mt=R len=7
PKT t=28533 TX ua=95 mt=P len=0
PKT t=28542 RX ua=95 mt=R len=7
PKT t=28547 TX ua=95 mt=P len=0
PKT t=28647 RX ua=95 mt=R len=7
PKT t=28902 TX ua=96 mt=P len=0
PKT t=29160 TX ua=95 mt=P len=0
PKT t=29169 RX ua=95 mt=R len=7
PKT t=29174 TX ua=95 mt=T len=7
PKT t=29186 TX ua=95 mt=P len=0
PKT t=29214 RX ua=95 mt=R len=7
PKT t=29219 TX ua=95 mt=T len=7
PKT t=29232 TX ua=95 mt=P len=0
PKT t=29241 RX ua=95 mt=R len=7
PKT t=29246 TX ua=95 mt=P len=0
PKT t=29255 RX ua=95 mt=R len=7
PKT t=29260 TX ua=95 mt=P len=0
PKT t=29269 RX ua=95 mt=R len=7
PKT t=29274 TX ua=95 mt=P len=0
PKT t=29283 RX ua=95 mt=R len=7
PKT t=29288 TX ua=95 mt=P len=0
PKT t=29317 RX ua=95 mt=R len=7
PKT t=29322 TX ua=95 mt=P len=0
PKT t=29331 RX ua=95 mt=R len=7
PKT t=29336 TX ua=95 mt=P len=0
PKT t=29345 RX ua=95 mt=R len=7
PKT t=29350 TX ua=95 mt=P len=0
PKT t=29359 RX ua=95 mt=R len=7
PKT t=29364 TX ua=95 mt=P len=0
PKT t=29373 RX ua=95 mt=R len=7
PKT t=29378 TX ua=95 mt=P len=0
PKT t=29387 RX ua=95 mt=R len=7
PKT t=29392 TX ua=95 mt=P len=0
PKT t=29421 RX ua=95 mt=R len=7
PKT t=29426 TX ua=95 mt=P len=0
PKT t=29435 RX ua=95 mt=R len=7
PKT t=29440 TX ua=95 mt=T len=7
PKT t=29453 TX ua=95 mt=P len=0
PKT t=29463 RX ua=95 mt=R len=7
PKT t=29468 TX ua=95 mt=P len=0
PKT t=29478 RX ua=95 mt=R len=7
PKT t=29483 TX ua=95 mt=P len=0
PKT t=29493 RX ua=95 mt=R len=7
PKT t=29498 TX ua=95 mt=P len=0
PKT t=29527 RX ua=95 mt=R len=7
PKT t=29532 TX ua=95 mt=P len=0
PKT t=29542 RX ua=95 mt=R len=7
PKT t=29547 TX ua=95 mt=P len=0
PKT t=29647 RX ua=95 mt=R len=7
PKT t=29902 TX ua=96 mt=P len=0
PKT t=30160 TX ua=95 mt=P len=0
PKT t=30170 RX ua=95 mt=R len=7
PKT t=30175 TX ua=95 mt=T len=7
PKT t=30188 TX ua=95 mt=P len=0
PKT t=30197 RX ua=95 mt=R len=7
PKT t=30202 TX ua=95 mt=T len=7
PKT t=30214 TX ua=95 mt=P len=0
PKT t=30233 RX ua=95 mt=R len=7
PKT t=30238 TX ua=95 mt=P len=0
PKT t=30247 RX ua=95 mt=R len=7
PKT t=30252 TX ua=95 mt=P len=0
PKT t=30261 RX ua=95 mt=R len=7
PKT t=30266 TX ua=95 mt=P len=0
PKT t=30275 RX ua=95 mt=R len=7
PKT t=30280 TX ua=95 mt=P len=0
PKT t=30289 RX ua=95 mt=R len=7
PKT t=30294 TX ua=95 mt=P len=0
PKT t=30303 RX ua=95 mt=R len=7
PKT t=30308 TX ua=95 mt=P len=0
PKT t=30337 RX ua=95 mt=R len=7
PKT t=30342 TX ua=95 mt=P len=0
PKT t=30351 RX ua=95 mt=R len=7
PKT t=30356 TX ua=95 mt=P len=0
PKT t=30365 RX ua=95 mt=R len=7
PKT t=30370 TX ua=95 mt=P len=0
PKT t=30379 RX ua=95 mt=R len=7
PKT t=30384 TX ua=95 mt=P len=0
PKT t=30393 RX ua=95 mt=R len=7
PKT t=30398 TX ua=95 mt=P len=0
PKT t=30407 RX ua=95 mt=R len=7
PKT t=30412 TX ua=95 mt=P len=0
PKT t=30441 RX ua=95 mt=R len=7
PKT t=30446 TX ua=95 mt=T len=7
PKT t=30458 TX ua=95 mt=P len=0
PKT t=30467 RX ua=95 mt=R len=7
PKT t=30472 TX ua=95 mt=P len=0
PKT t=30481 RX ua=95 mt=R len=7
PKT t=30486 TX ua=95 mt=P len=0
PKT t=30495 RX ua=95 mt=R len=7
PKT t=30500 TX ua=95 mt=P len=0
PKT t=30509 RX ua=95 mt=R len=7
PKT t=30514 TX ua=95 mt=P len=0
PKT t=30543 RX ua=95 mt=R len=7
PKT t=30646 TX ua=95 mt=P len=0
PKT t=30655 RX ua=95 mt=R len=7
PKT t=30660 TX ua=95 mt=P len=0
PKT t=30669 RX ua=95 mt=R len=7
PKT t=30674 TX ua=95 mt=P len=0
PKT t=30683 RX ua=95 mt=R len=7
PKT t=30688 TX ua=95 mt=P len=0
PKT t=30697 RX ua=95 mt=R len=7
PKT t=30702 TX ua=95 mt=T len=7
PKT t=30714 TX ua=95 mt=P len=0
PKT t=30743 RX ua=95 mt=R len=7
PKT t=30748 TX ua=95 mt=P len=0
PKT t=30757 RX ua=95 mt=R len=7
PKT t=30762 TX ua=95 mt=P len=0
PKT t=30771 RX ua=95 mt=R len=7
PKT t=30776 TX ua=95 mt=P len=0
PKT t=30785 RX ua=95 mt=R len=7
PKT t=30790 TX ua=95 mt=P len=0
PKT t=30799 RX ua=95 mt=R len=7
PKT t=30804 TX ua=95 mt=P len=0
PKT t=30813 RX ua=95 mt=R len=7
PKT t=30818 TX ua=95 mt=P len=0
PKT t=30848 RX ua=95 mt=R len=7
PKT t=30853 TX ua=95 mt=P len=0
PKT t=30862 RX ua=95 mt=R len=7
PKT t=30867 TX ua=95 mt=P len=0
PKT t=30876 RX ua=95 mt=R len=7
PKT t=30881 TX ua=95 mt=P len=0
PKT t=30890 RX ua=95 mt=R len=7
PKT t=30895 TX ua=95 mt=P len=0
PKT t=30904 RX ua=95 mt=R len=7
PKT t=30909 TX ua=95 mt=P len=0
PKT t=30918 RX ua=95 mt=R len=7
PKT t=30923 TX ua=95 mt=P len=0
PKT t=30953 RX ua=95 mt=R len=7
PKT t=30958 TX ua=95 mt=T len=7
PKT t=30970 TX ua=95 mt=P len=0
PKT t=30979 RX ua=95 mt=R len=7
PKT t=30984 TX ua=95 mt=P len=0
PKT t=30993 RX ua=95 mt=R len=7
PKT t=30998 TX ua=95 mt=P len=0
PKT t=31007 RX ua=95 mt=R len=7
PKT t=31012 TX ua=95 mt=P len=0
PKT t=31021 RX ua=95 mt=R len=7
PKT t=31026 TX ua=95 mt=P len=0
PKT t=31146 RX ua=95 mt=R len=7
PKT t=31151 TX ua=95 mt=P len=0
PKT t=31160 RX ua=95 mt=R len=7
PKT t=31165 TX ua=95 mt=P len=0
PKT t=31174 RX ua=95 mt=R len=7
PKT t=31179 TX ua=95 mt=P len=0
PKT t=31188 RX ua=95 mt=R len=7
PKT t=31193 TX ua=95 mt=T len=7
PKT t=31205 TX ua=95 mt=P len=0
PKT t=31214 RX ua=95 mt=R len=7
PKT t=31219 TX ua=95 mt=P len=0
PKT t=31228 RX ua=95 mt=R len=7
PKT t=31233 TX ua=95 mt=P len=0
PKT t=31262 RX ua=95 mt=R len=7
PKT t=31267 TX ua=95 mt=P len=0
PKT t=31276 RX ua=95 mt=R len=7
PKT t=31281 TX ua=95 mt=P len=0
PKT t=31290 RX ua=95 mt=R len=7
PKT t=31295 TX ua=95 mt=P len=0
PKT t=31304 RX ua=95 mt=R len=7
PKT t=31309 TX ua=95 mt=P len=0
PKT t=31318 RX ua=95 mt=R len=7
PKT t=31323 TX ua=95 mt=P len=0
PKT t=31332 RX ua=95 mt=R len=7
PKT t=31337 TX ua=95 mt=P len=0
PKT t=31366 RX ua=95 mt=R len=7
PKT t=31371 TX ua=95 mt=P len=0
PKT t=31380 RX ua=95 mt=R len=7
PKT t=31385 TX ua=95 mt=P len=0
PKT t=31394 RX ua=95 mt=R len=7
PKT t=31399 TX ua=95 mt=P len=0
PKT t=31408 RX ua=95 mt=R len=7
PKT t=31413 TX ua=95 mt=P len=0
PKT t=31422 RX ua=95 mt=R len=7
PKT t=31427 TX ua=95 mt=P len=0
PKT t=31436 RX ua=95 mt=R len=7
PKT t=31441 TX ua=95 mt=T len=7
PKT t=31453 TX ua=95 mt=P len=0
PKT t=31472 RX ua=95 mt=R len=7
PKT t=31477 TX ua=95 mt=P len=0
PKT t=31487 RX ua=95 mt=R len=7
PKT t=31492 TX ua=95 mt=P len=0
PKT t=31502 RX ua=95 mt=R len=7
PKT t=31507 TX ua=95 mt=P len=0
PKT t=31517 RX ua=95 mt=R len=7
PKT t=31522 TX ua=95 mt=P len=0
PKT t=31532 RX ua=95 mt=R len=7
PKT t=31537 TX ua=95 mt=P len=0
PKT t=31646 RX ua=95 mt=R len=7
PKT t=31651 TX ua=95 mt=P len=0
PKT t=31670 RX ua=95 mt=R len=7
PKT t=31675 TX ua=95 mt=P len=0
PKT t=31685 RX ua=95 mt=R len=7
PKT t=31690 TX ua=95 mt=T len=7
PKT t=31702 TX ua=95 mt=P len=0
PKT t=31711 RX ua=95 mt=R len=7
PKT t=31716 TX ua=95 mt=P len=0
PKT t=31725 RX ua=95 mt=R len=7
PKT t=31730 TX ua=95 mt=P len=0
PKT t=31739 RX ua=95 mt=R len=7
PKT t=31744 TX ua=95 mt=P len=0
PKT t=31773 RX ua=95 mt=R len=7
PKT t=31778 TX ua=95 mt=P len=0
PKT t=31787 RX ua=95 mt=R len=7
PKT t=31792 TX ua=95 mt=P len=0
PKT t=31801 RX ua=95 mt=R len=7
PKT t=31806 TX ua=95 mt=P len=0
PKT t=31815 RX ua=95 mt=R len=7
PKT t=31820 TX ua=95 mt=P len=0
PKT t=31829 RX ua=95 mt=R len=7
PKT t=31834 TX ua=95 mt=P len=0
PKT t=31843 RX ua=95 mt=R len=7
PKT t=31848 TX ua=95 mt=P len=0
PKT t=31878 RX ua=95 mt=R len=7
PKT t=31883 TX ua=95 mt=P len=0
PKT t=31892 RX ua=95 mt=R len=7
PKT t=31897 TX ua=95 mt=P len=0
PKT t=31906 RX ua=95 mt=R len=7
PKT t=31911 TX ua=95 mt=P len=0
PKT t=31920 RX ua=95 mt=R len=7
PKT t=31925 TX ua=95 mt=P len=0
PKT t=31935 RX ua=95 mt=R len=7
PKT t=31939 TX ua=95 mt=T len=7
PKT t=31951 TX ua=95 mt=P len=0
PKT t=31979 RX ua=95 mt=R len=7
PKT t=31984 TX ua=95 mt=P len=0
PKT t=31993 RX ua=95 mt=R len=7
PKT t=31998 TX ua=95 mt=P len=0
PKT t=32007 RX ua=95 mt=R len=7
PKT t=32012 TX ua=95 mt=P len=0
PKT t=32021 RX ua=95 mt=R len=7
PKT t=32026 TX ua=95 mt=P len=0
PKT t=32035 RX ua=95 mt=R len=7
PKT t=32040 TX ua=95 mt=P len=0
PKT t=32298 TX ua=96 mt=P len=0
PKT t=32651 TX ua=95 mt=P len=0
PKT t=32660 RX ua=95 mt=R len=7
PKT t=32665 TX ua=95 mt=T len=7
PKT t=32677 TX ua=95 mt=P len=0
PKT t=32686 RX ua=95 mt=R len=7
PKT t=32691 TX ua=95 mt=T len=7
PKT t=32703 TX ua=95 mt=P len=0
PKT t=32712 RX ua=95 mt=R len=7
PKT t=32717 TX ua=95 mt=P len=0
PKT t=32726 RX ua=95 mt=R len=7
PKT t=32731 TX ua=95 mt=P len=0
PKT t=32740 RX ua=95 mt=R len=7
PKT t=32745 TX ua=95 mt=P len=0
PKT t=32754 RX ua=95 mt=R len=7
PKT t=32759 TX ua=95 mt=P len=0
PKT t=32788 RX ua=95 mt=R len=7
PKT t=32793 TX ua=95 mt=P len=0
PKT t=32802 RX ua=95 mt=R len=7
PKT t=32807 TX ua=95 mt=P len=0
PKT t=32816 RX ua=95 mt=R len=7
PKT t=32821 TX ua=95 mt=P len=0
PKT t=32830 RX ua=95 mt=R len=7
PKT t=32835 TX ua=95 mt=P len=0
PKT t=32844 RX ua=95 mt=R len=7
PKT t=32849 TX ua=95 mt=P len=0
PKT t=32858 RX ua=95 mt=R len=7
PKT t=32863 TX ua=95 mt=P len=0
PKT t=32893 RX ua=95 mt=R len=7
PKT t=32898 TX ua=95 mt=P len=0
PKT t=32907 RX ua=95 mt=R len=7
PKT t=32912 TX ua=95 mt=P len=0
PKT t=32921 RX ua=95 mt=R len=7
PKT t=32926 TX ua=95 mt=P len=0
PKT t=32935 RX ua=95 mt=R len=7
PKT t=32940 TX ua=95 mt=T len=7
PKT t=32952 TX ua=95 mt=P len=0
PKT t=32961 RX ua=95 mt=R len=7
PKT t=32966 TX ua=95 mt=P len=0
PKT t=32995 RX ua=95 mt=R len=7
PKT t=33000 TX ua=95 mt=P len=0
PKT t=33009 RX ua=95 mt=R len=7
PKT t=33014 TX ua=95 mt=P len=0
PKT t=33023 RX ua=95 mt=R len=7
PKT t=33028 TX ua=95 mt=P len=0
PKT t=33037 RX ua=95 mt=R len=7
PKT t=33042 TX ua=95 mt=P len=0
PKT t=33146 RX ua=95 mt=R len=7
PKT t=33151 TX ua=95 mt=P len=0
PKT t=33160 RX ua=95 mt=R len=7
PKT t=33165 TX ua=95 mt=P len=0
PKT t=33195 RX ua=95 mt=R len=7
PKT t=33199 TX ua=95 mt=T len=7
PKT t=33211 TX ua=95 mt=P len=0
PKT t=33220 RX ua=95 mt=R len=7
PKT t=33225 TX ua=95 mt=P len=0
PKT t=33234 RX ua=95 mt=R len=7
PKT t=33239 TX ua=95 mt=P len=0
PKT t=33248 RX ua=95 mt=R len=7
PKT t=33253 TX ua=95 mt=P len=0
PKT t=33262 RX ua=95 mt=R len=7
PKT t=33267 TX ua=95 mt=P len=0
PKT t=33296 RX ua=95 mt=R len=7
PKT t=33301 TX ua=95 mt=P len=0
PKT t=33310 RX ua=95 mt=R len=7
PKT t=33315 TX ua=95 mt=P len=0
PKT t=33324 RX ua=95 mt=R len=7
PKT t=33329 TX ua=95 mt=P len=0
PKT t=33338 RX ua=95 mt=R len=7
PKT t=33343 TX ua=95 mt=P len=0
PKT t=33352 RX ua=95 mt=R len=7
PKT t=33357 TX ua=95 mt=P len=0
PKT t=33366 RX ua=95 mt=R len=7
PKT t=33371 TX ua=95 mt=P len=0
PKT t=33400 RX ua=95 mt=R len=7
PKT t=33405 TX ua=95 mt=P len=0
PKT t=33414 RX ua=95 mt=R len=7
PKT t=33419 TX ua=95 mt=P len=0
PKT t=33428 RX ua=95 mt=R len=7
PKT t=33433 TX ua=95 mt=P len=0
PKT t=33442 RX ua=95 mt=R len=7
PKT t=33447 TX ua=95 mt=T len=7
PKT t=33459 TX ua=95 mt=P len=0
PKT t=33469 RX ua=95 mt=R len=7
PKT t=33474 TX ua=95 mt=P len=0
PKT t=33503 RX ua=95 mt=R len=7
PKT t=33508 TX ua=95 mt=P len=0
PKT t=33518 RX ua=95 mt=R len=7
PKT t=33523 TX ua=95 mt=P len=0
PKT t=33533 RX ua=95 mt=R len=7
PKT t=33538 TX ua=95 mt=P len=0
PKT t=33796 TX ua=96 mt=P len=0
PKT t=34151 TX ua=95 mt=P len=0
PKT t=34161 RX ua=95 mt=R len=7
PKT t=34166 TX ua=95 mt=T len=7
PKT t=34178 TX ua=95 mt=P len=0
PKT t=34206 RX ua=95 mt=R len=7
PKT t=34211 TX ua=95 mt=T len=7
PKT t=34224 TX ua=95 mt=P len=0
PKT t=34233 RX ua=95 mt=R len=7
PKT t=34238 TX ua=95 mt=T len=7
PKT t=34251 TX ua=95 mt=P len=0
PKT t=34260 RX ua=95 mt=R len=7
PKT t=34265 TX ua=95 mt=P len=0
PKT t=34274 RX ua=95 mt=R len=7
PKT t=34279 TX ua=95 mt=P len=0
PKT t=34308 RX ua=95 mt=R len=7
PKT t=34313 TX ua=95 mt=P len=0
PKT t=34322 RX ua=95 mt=R len=7
PKT t=34327 TX ua=95 mt=P len=0
PKT t=34336 RX ua=95 mt=R len=7
PKT t=34341 TX ua=95 mt=P len=0
PKT t=34350 RX ua=95 mt=R len=7
PKT t=34355 TX ua=95 mt=P len=0
PKT t=34364 RX ua=95 mt=R len=7
PKT t=34369 TX ua=95 mt=P len=0
PKT t=34378 RX ua=95 mt=R len=7
PKT t=34383 TX ua=95 mt=P len=0
PKT t=34412 RX ua=95 mt=R len=7
PKT t=34417 TX ua=95 mt=P len=0
PKT t=34426 RX ua=95 mt=R len=7
PKT t=34431 TX ua=95 mt=P len=0
PKT t=34440 RX ua=95 mt=R len=7
PKT t=34445 TX ua=95 mt=T len=7
PKT t=34458 TX ua=95 mt=P len=0
PKT t=34467 RX ua=95 mt=R len=7
PKT t=34472 TX ua=95 mt=P len=0
PKT t=34481 RX ua=95 mt=R len=7
PKT t=34486 TX ua=95 mt=P len=0
PKT t=34515 RX ua=95 mt=R len=7
PKT t=34520 TX ua=95 mt=P len=0
PKT t=34529 RX ua=95 mt=R len=7
PKT t=34534 TX ua=95 mt=P len=0
PKT t=34543 RX ua=95 mt=R len=7
PKT t=34646 TX ua=95 mt=P len=0
PKT t=34655 RX ua=95 mt=R len=7
PKT t=34660 TX ua=95 mt=P len=0
PKT t=34669 RX ua=95 mt=R len=7
PKT t=34674 TX ua=95 mt=P len=0
PKT t=34683 RX ua=95 mt=R len=7
PKT t=34688 TX ua=95 mt=P len=0
PKT t=34717 RX ua=95 mt=R len=7
PKT t=34722 TX ua=95 mt=T len=7
PKT t=34735 TX ua=95 mt=P len=0
PKT t=34744 RX ua=95 mt=R len=7
PKT t=34749 TX ua=95 mt=P len=0
PKT t=34758 RX ua=95 mt=R len=7
PKT t=34763 TX ua=95 mt=P len=0
PKT t=34772 RX ua=95 mt=R len=7
PKT t=34777 TX ua=95 mt=P len=0
PKT t=34786 RX ua=95 mt=R len=7
PKT t=34791 TX ua=95 mt=P len=0
PKT t=34820 RX ua=95 mt=R len=7
PKT t=34825 TX ua=95 mt=P len=0
PKT t=34834 RX ua=95 mt=R len=7
PKT t=34839 TX ua=95 mt=P len=0
PKT t=34848 RX ua=95 mt=R len=7
PKT t=34853 TX ua=95 mt=P len=0
PKT t=34862 RX ua=95 mt=R len=7
PKT t=34867 TX ua=95 mt=P len=0
PKT t=34876 RX ua=95 mt=R len=7
PKT t=34881 TX ua=95 mt=P len=0
PKT t=34890 RX ua=95 mt=R len=7
PKT t=34895 TX ua=95 mt=P len=0
PKT t=34924 RX ua=95 mt=R len=7
PKT t=34929 TX ua=95 mt=P len=0
PKT t=34938 RX ua=95 mt=R len=7
PKT t=34943 TX ua=95 mt=T len=7
PKT t=34956 TX ua=95 mt=P len=0
PKT t=34965 RX ua=95 mt=R len=7
PKT t=34970 TX ua=95 mt=P len=0
PKT t=34979 RX ua=95 mt=R len=7
PKT t=34984 TX ua=95 mt=P len=0
PKT t=34993 RX ua=95 mt=R len=7
PKT t=34998 TX ua=95 mt=P len=0
PKT t=35027 RX ua=95 mt=R len=7
PKT t=35032 TX ua=95 mt=P len=0
PKT t=35041 RX ua=95 mt=R len=7
PKT t=35046 TX ua=95 mt=P len=0
PKT t=35146 RX ua=95 mt=R len=7
PKT t=35401 TX ua=96 mt=P len=0
PKT t=35659 TX ua=95 mt=P len=0
PKT t=35668 RX ua=95 mt=R len=7
PKT t=35673 TX ua=95 mt=T len=7
PKT t=35685 TX ua=95 mt=P len=0
PKT t=35695 RX ua=95 mt=R len=7
PKT t=35700 TX ua=95 mt=T len=7
PKT t=35712 TX ua=95 mt=P len=0
PKT t=35730 RX ua=95 mt=R len=7
PKT t=35735 TX ua=95 mt=P len=0
PKT t=35744 RX ua=95 mt=R len=7
PKT t=35749 TX ua=95 mt=P len=0
PKT t=35758 RX ua=95 mt=R len=7
PKT t=35763 TX ua=95 mt=P len=0
PKT t=35772 RX ua=95 mt=R len=7
PKT t=35777 TX ua=95 mt=P len=0
PKT t=35786 RX ua=95 mt=R len=7
PKT t=35791 TX ua=95 mt=P len=0
PKT t=35800 RX ua=95 mt=R len=7
PKT t=35805 TX ua=95 mt=P len=0
PKT t=35834 RX ua=95 mt=R len=7
PKT t=35839 TX ua=95 mt=P len=0
PKT t=35848 RX ua=95 mt=R len=7
PKT t=35853 TX ua=95 mt=P len=0
PKT t=35862 RX ua=95 mt=R len=7
PKT t=35867 TX ua=95 mt=P len=0
PKT t=35876 RX ua=95 mt=R len=7
PKT t=35881 TX ua=95 mt=P len=0
PKT t=35890 RX ua=95 mt=R len=7
PKT t=35895 TX ua=95 mt=P len=0
PKT t=35904 RX ua=95 mt=R len=7
PKT t=35909 TX ua=95 mt=P len=0
PKT t=35938 RX ua=95 mt=R len=7
PKT t=35943 TX ua=95 mt=T len=7
PKT t=35955 TX ua=95 mt=P len=0
PKT t=35964 RX ua=95 mt=R len=7
PKT t=35969 TX ua=95 mt=P len=0
PKT t=35978 RX ua=95 mt=R len=7
PKT t=35983 TX ua=95 mt=P len=0
PKT t=35992 RX ua=95 mt=R len=7
PKT t=35997 TX ua=95 mt=P len=0
PKT t=36006 RX ua=95 mt=R len=7
PKT t=36011 TX ua=95 mt=P len=0
PKT t=36040 RX ua=95 mt=R len=7
PKT t=36045 TX ua=95 mt=P len=0
PKT t=36146 RX ua=95 mt=R len=7
PKT t=36401 TX ua=96 mt=P len=0
PKT t=36659 TX ua=95 mt=P len=0
PKT t=36668 RX ua=95 mt=R len=7
PKT t=36673 TX ua=95 mt=T len=7
PKT t=36685 TX ua=95 mt=P len=0
PKT t=36694 RX ua=95 mt=R len=7
PKT t=36699 TX ua=95 mt=T len=7
PKT t=36711 TX ua=95 mt=P len=0
PKT t=36740 RX ua=95 mt=R len=7
PKT t=36745 TX ua=95 mt=P len=0
PKT t=36754 RX ua=95 mt=R len=7
PKT t=36759 TX ua=95 mt=P len=0
PKT t=36768 RX ua=95 mt=R len=7
PKT t=36773 TX ua=95 mt=P len=0
PKT t=36782 RX ua=95 mt=R len=7
PKT t=36787 TX ua=95 mt=P len=0
PKT t=36796 RX ua=95 mt=R len=7
PKT t=36801 TX ua=95 mt=P len=0
PKT t=36810 RX ua=95 mt=R len=7
PKT t=36815 TX ua=95 mt=P len=0
PKT t=36845 RX ua=95 mt=R len=7
PKT t=36850 TX ua=95 mt=P len=0
PKT t=36859 RX ua=95 mt=R len=7
PKT t=36864 TX ua=95 mt=P len=0
PKT t=36874 RX ua=95 mt=R len=7
PKT t=36879 TX ua=95 mt=P len=0
PKT t=36888 RX ua=95 mt=R len=7
PKT t=36893 TX ua=95 mt=P len=0
PKT t=36902 RX ua=95 mt=R len=7
PKT t=36907 TX ua=95 mt=P len=0
PKT t=36916 RX ua=95 mt=R len=7
PKT t=36921 TX ua=95 mt=P len=0
PKT t=36951 RX ua=95 mt=R len=7
PKT t=36956 TX ua=95 mt=T len=7
PKT t=36968 TX ua=95 mt=P len=0
PKT t=36977 RX ua=95 mt=R len=7
PKT t=36982 TX ua=95 mt=P len=0
PKT t=36991 RX ua=95 mt=R len=7
PKT t=36996 TX ua=95 mt=P len=0
PKT t=37005 RX ua=95 mt=R len=7
PKT t=37010 TX ua=95 mt=P len=0
PKT t=37019 RX ua=95 mt=R len=7
PKT t=37024 TX ua=95 mt=P len=0
PKT t=37146 RX ua=95 mt=R len=7
PKT t=37151 TX ua=95 mt=P len=0
PKT t=37160 RX ua=95 mt=R len=7
PKT t=37165 TX ua=95 mt=P len=0
PKT t=37174 RX ua=95 mt=R len=7
PKT t=37179 TX ua=95 mt=P len=0
PKT t=37188 RX ua=95 mt=R len=7
PKT t=37193 TX ua=95 mt=T len=7
PKT t=37206 TX ua=95 mt=P len=0
PKT t=37215 RX ua=95 mt=R len=7
PKT t=37220 TX ua=95 mt=P len=0
PKT t=37253 RX ua=95 mt=R len=7
