PKT t=7116 RX ua=95 mt=R len=7
PKT t=7121 TX ua=95 mt=T len=7
PKT t=7133 TX ua=95 mt=P len=0
PKT t=7142 RX ua=95 mt=R len=7
PKT t=7147 TX ua=95 mt=P len=0
PKT t=7156 RX ua=95 mt=R len=7
PKT t=7161 TX ua=95 mt=P len=0
PKT t=7170 RX ua=95 mt=R len=7
PKT t=7175 TX ua=95 mt=P len=0
PKT t=7184 RX ua=95 mt=R len=7
PKT t=7189 TX ua=95 mt=P len=0
PKT t=7218 RX ua=95 mt=R len=7
PKT t=7223 TX ua=95 mt=P len=0
PKT t=7232 RX ua=95 mt=R len=7
PKT t=7237 TX ua=95 mt=P len=0
PKT t=7246 RX ua=95 mt=R len=7
PKT t=7251 TX ua=95 mt=P len=0
PKT t=7260 RX ua=95 mt=R len=7
PKT t=7265 TX ua=95 mt=P len=0
PKT t=7274 RX ua=95 mt=R len=7
PKT t=7279 TX ua=95 mt=P len=0
PKT t=7288 RX ua=95 mt=R len=7
PKT t=7293 TX ua=95 mt=P len=0
PKT t=7322 RX ua=95 mt=R len=7
PKT t=7327 TX ua=95 mt=P len=0
PKT t=7336 RX ua=95 mt=R len=7
PKT t=7341 TX ua=95 mt=P len=0
PKT t=7350 RX ua=95 mt=R len=7
PKT t=7355 TX ua=95 mt=T len=7
PKT t=7367 TX ua=95 mt=P len=0
PKT t=7377 RX ua=95 mt=R len=7
PKT t=7382 TX ua=95 mt=P len=0
PKT t=7392 RX ua=95 mt=R len=7
PKT t=7397 TX ua=95 mt=P len=0
PKT t=7426 RX ua=95 mt=R len=7
PKT t=7431 TX ua=95 mt=P len=0
PKT t=7441 RX ua=95 mt=R len=7
PKT t=7446 TX ua=95 mt=P len=0
PKT t=7456 RX ua=95 mt=R len=7
PKT t=7461 TX ua=95 mt=P len=0
PKT t=7471 RX ua=95 mt=R len=7
PKT t=7476 TX ua=95 mt=P len=0
PKT t=7486 RX ua=95 mt=R len=7
PKT t=7491 TX ua=95 mt=P len=0
PKT t=7525 RX ua=95 mt=R len=7
PKT t=7530 TX ua=95 mt=P len=0
PKT t=7540 RX ua=95 mt=R len=7
PKT t=7545 TX ua=95 mt=P len=0
PKT t=7555 RX ua=95 mt=R len=7
PKT t=7560 TX ua=95 mt=P len=0
PKT t=7570 RX ua=95 mt=R len=7
PKT t=7575 TX ua=95 mt=P len=0
PKT t=7585 RX ua=95 mt=R len=7
PKT t=7590 TX ua=95 mt=P len=0
PKT t=7600 RX ua=95 mt=R len=7
PKT t=7605 TX ua=95 mt=T len=7
PKT t=7617 TX ua=95 mt=P len=0
PKT t=7635 RX ua=95 mt=R len=7
PKT t=7640 TX ua=95 mt=P len=0
PKT t=7649 RX ua=95 mt=R len=7
PKT t=7654 TX ua=95 mt=P len=0
PKT t=7663 RX ua=95 mt=R len=7
PKT t=7668 TX ua=95 mt=P len=0
PKT t=7677 RX ua=95 mt=R len=7
PKT t=7682 TX ua=95 mt=P len=0
PKT t=7692 RX ua=95 mt=R len=7
PKT t=7697 TX ua=95 mt=P len=0
PKT t=7706 RX ua=95 mt=R len=7
PKT t=7711 TX ua=95 mt=P len=0
PKT t=7740 RX ua=95 mt=R len=7
PKT t=7745 TX ua=95 mt=P len=0
PKT t=7755 RX ua=95 mt=R len=7
PKT t=7760 TX ua=95 mt=P len=0
PKT t=7769 RX ua=95 mt=R len=7
PKT t=7774 TX ua=95 mt=P len=0
PKT t=7783 RX ua=95 mt=R len=7
PKT t=7788 TX ua=95 mt=P len=0
PKT t=7797 RX ua=95 mt=R len=7
PKT t=7802 TX ua=95 mt=P len=0
PKT t=7811 RX ua=95 mt=R len=7
PKT t=7816 TX ua=95 mt=P len=0
PKT t=7845 RX ua=95 mt=R len=7
PKT t=7850 TX ua=95 mt=T len=7
PKT t=7862 TX ua=95 mt=P len=0
PKT t=7872 RX ua=95 mt=R len=7
PKT t=7877 TX ua=95 mt=P len=0
PKT t=7886 RX ua=95 mt=R len=7
PKT t=7891 TX ua=95 mt=P len=0
PKT t=7900 RX ua=95 mt=R len=7
PKT t=7905 TX ua=95 mt=P len=0
PKT t=7914 RX ua=95 mt=R len=7
PKT t=7919 TX ua=95 mt=P len=0
PKT t=7949 RX ua=95 mt=R len=7
PKT t=7954 TX ua=95 mt=P len=0
PKT t=7963 RX ua=95 mt=R len=7
PKT t=7968 TX ua=95 mt=P len=0
PKT t=7977 RX ua=95 mt=R len=7
PKT t=7982 TX ua=95 mt=P len=0
PKT t=7991 RX ua=95 mt=R len=7
PKT t=7996 TX ua=95 mt=P len=0
PKT t=8008 RX ua=95 mt=R len=7
PKT t=8013 TX ua=95 mt=P len=0
PKT t=8022 RX ua=95 mt=R len=7
PKT t=8027 TX ua=95 mt=P len=0
PKT t=8056 RX ua=95 mt=R len=7
PKT t=8061 TX ua=95 mt=P len=0
PKT t=8071 RX ua=95 mt=R len=7
PKT t=8076 TX ua=95 mt=P len=0
PKT t=8085 RX ua=95 mt=R len=7
PKT t=8090 TX ua=95 mt=P len=0
PKT t=8099 RX ua=95 mt=R len=7
PKT t=8104 TX ua=95 mt=T len=7
PKT t=8116 TX ua=95 mt=P len=0
PKT t=8125 RX ua=95 mt=R len=7
PKT t=8130 TX ua=95 mt=P len=0
PKT t=8159 RX ua=95 mt=R len=7
PKT t=8164 TX ua=95 mt=P len=0
PKT t=8173 RX ua=95 mt=R len=7
PKT t=8178 TX ua=95 mt=P len=0
PKT t=8187 RX ua=95 mt=R len=7
PKT t=8192 TX ua=95 mt=P len=0
PKT t=8201 RX ua=95 mt=R len=7
PKT t=8206 TX ua=95 mt=P len=0
PKT t=8215 RX ua=95 mt=R len=7
PKT t=8220 TX ua=95 mt=P len=0
PKT t=8229 RX ua=95 mt=R len=7
PKT t=8234 TX ua=95 mt=P len=0
PKT t=8264 RX ua=95 mt=R len=7
PKT t=8269 TX ua=95 mt=P len=0
PKT t=8278 RX ua=95 mt=R len=7
PKT t=8283 TX ua=95 mt=P len=0
PKT t=8292 RX ua=95 mt=R len=7
PKT t=8297 TX ua=95 mt=P len=0
PKT t=8306 RX ua=95 mt=R len=7
PKT t=8311 TX ua=95 mt=P len=0
PKT t=8320 RX ua=95 mt=R len=7
PKT t=8325 TX ua=95 mt=P len=0
PKT t=8334 RX ua=95 mt=R len=7
PKT t=8339 TX ua=95 mt=P len=0
PKT t=8368 RX ua=95 mt=R len=7
PKT t=8373 TX ua=95 mt=T len=7
PKT t=8385 TX ua=95 mt=P len=0
PKT t=8395 RX ua=95 mt=R len=7
PKT t=8400 TX ua=95 mt=P len=0
PKT t=8409 RX ua=95 mt=R len=7
PKT t=8414 TX ua=95 mt=P len=0
PKT t=8423 RX ua=95 mt=R len=7
PKT t=8428 TX ua=95 mt=P len=0
PKT t=8437 RX ua=95 mt=R len=7
PKT t=8442 TX ua=95 mt=P len=0
PKT t=8471 RX ua=95 mt=R len=7
PKT t=8476 TX ua=95 mt=P len=0
PKT t=8485 RX ua=95 mt=R len=7
PKT t=8490 TX ua=95 mt=P len=0
PKT t=8499 RX ua=95 mt=R len=7
PKT t=8504 TX ua=95 mt=P len=0
PKT t=8513 RX ua=95 mt=R len=7
PKT t=8518 TX ua=95 mt=P len=0
PKT t=8528 RX ua=95 mt=R len=7
PKT t=8533 TX ua=95 mt=P len=0
PKT t=8542 RX ua=95 mt=R len=7
PKT t=8547 TX ua=95 mt=P len=0
PKT t=8576 RX ua=95 mt=R len=7
PKT t=8581 TX ua=95 mt=P len=0
PKT t=8590 RX ua=95 mt=R len=7
PKT t=8595 TX ua=95 mt=P len=0
PKT t=8604 RX ua=95 mt=R len=7
PKT t=8609 TX ua=95 mt=T len=7
PKT t=8621 TX ua=95 mt=P len=0
PKT t=8630 RX ua=95 mt=R len=7
PKT t=8635 TX ua=95 mt=P len=0
PKT t=8645 RX ua=95 mt=R len=7
PKT t=8650 TX ua=95 mt=P len=0
PKT t=8679 RX ua=95 mt=R len=7
PKT t=8684 TX ua=95 mt=P len=0
PKT t=8693 RX ua=95 mt=R len=7
PKT t=8698 TX ua=95 mt=P len=0
PKT t=8707 RX ua=95 mt=R len=7
PKT t=8712 TX ua=95 mt=P len=0
PKT t=8721 RX ua=95 mt=R len=7
PKT t=8726 TX ua=95 mt=P len=0
PKT t=8735 RX ua=95 mt=R len=7
PKT t=8740 TX ua=95 mt=P len=0
PKT t=8749 RX ua=95 mt=R len=7
PKT t=8754 TX ua=95 mt=P len=0
PKT t=8783 RX ua=95 mt=R len=7
PKT t=8788 TX ua=95 mt=P len=0
PKT t=8797 RX ua=95 mt=R len=7
PKT t=8802 TX ua=95 mt=P len=0
PKT t=8811 RX ua=95 mt=R len=7
PKT t=8816 TX ua=95 mt=P len=0
PKT t=8825 RX ua=95 mt=R len=7
PKT t=8830 TX ua=95 mt=P len=0
PKT t=8839 RX ua=95 mt=R len=7
PKT t=8844 TX ua=95 mt=P len=0
PKT t=8853 RX ua=95 mt=R len=7
PKT t=8858 TX ua=95 mt=T len=7
PKT t=8870 TX ua=95 mt=P len=0
PKT t=8890 RX ua=95 mt=R len=7
PKT t=8895 TX ua=95 mt=P len=0
PKT t=8904 RX ua=95 mt=R len=7
PKT t=8909 TX ua=95 mt=P len=0
PKT t=8918 RX ua=95 mt=R len=7
PKT t=8923 TX ua=95 mt=P len=0
PKT t=8932 RX ua=95 mt=R len=7
PKT t=8937 TX ua=95 mt=P len=0
PKT t=8946 RX ua=95 mt=R len=7
PKT t=8951 TX ua=95 mt=P len=0
PKT t=8960 RX ua=95 mt=R len=7
PKT t=8965 TX ua=95 mt=P len=0
PKT t=8995 RX ua=95 mt=R len=7
PKT t=9000 TX ua=95 mt=P len=0
PKT t=9009 RX ua=95 mt=R len=7
PKT t=9014 TX ua=95 mt=P len=0
PKT t=9023 RX ua=95 mt=R len=7
PKT t=9028 TX ua=95 mt=P len=0
PKT t=9037 RX ua=95 mt=R len=7
PKT t=9042 TX ua=95 mt=P len=0
PKT t=9056 RX ua=95 mt=R len=7
PKT t=9061 TX ua=95 mt=P len=0
PKT t=9094 RX ua=95 mt=R len=7
PKT t=9099 TX ua=95 mt=T len=7
PKT t=9111 TX ua=95 mt=P len=0
PKT t=9120 RX ua=95 mt=R len=7
PKT t=9125 TX ua=95 mt=P len=0
PKT t=9134 RX ua=95 mt=R len=7
PKT t=9139 TX ua=95 mt=P len=0
PKT t=9148 RX ua=95 mt=R len=7
PKT t=9153 TX ua=95 mt=P len=0
PKT t=9162 RX ua=95 mt=R len=7
PKT t=9167 TX ua=95 mt=P len=0
PKT t=9196 RX ua=95 mt=R len=7
PKT t=9201 TX ua=95 mt=P len=0
PKT t=9210 RX ua=95 mt=R len=7
PKT t=9215 TX ua=95 mt=P len=0
PKT t=9224 RX ua=95 mt=R len=7
PKT t=9229 TX ua=95 mt=P len=0
PKT t=9238 RX ua=95 mt=R len=7
PKT t=9243 TX ua=95 mt=P len=0
PKT t=9252 RX ua=95 mt=R len=7
PKT t=9257 TX ua=95 mt=P len=0
PKT t=9266 RX ua=95 mt=R len=7
PKT t=9271 TX ua=95 mt=P len=0
PKT t=9300 RX ua=95 mt=R len=7
PKT t=9305 TX ua=95 mt=P len=0
PKT t=9314 RX ua=95 mt=R len=7
PKT t=9319 TX ua=95 mt=P len=0
PKT t=9328 RX ua=95 mt=R len=7
PKT t=9333 TX ua=95 mt=P len=0
PKT t=9342 RX ua=95 mt=R len=7
PKT t=9347 TX ua=95 mt=P len=0
PKT t=9356 RX ua=95 mt=R len=7
PKT t=9361 TX ua=95 mt=T len=7
PKT t=9373 TX ua=95 mt=P len=0
PKT t=9401 RX ua=95 mt=R len=7
PKT t=9406 TX ua=95 mt=P len=0
PKT t=9416 RX ua=95 mt=R len=7
PKT t=9421 TX ua=95 mt=P len=0
PKT t=9431 RX ua=95 mt=R len=7
PKT t=9436 TX ua=95 mt=P len=0
PKT t=9446 RX ua=95 mt=R len=7
PKT t=9451 TX ua=95 mt=P len=0
PKT t=9461 RX ua=95 mt=R len=7
PKT t=9466 TX ua=95 mt=P len=0
PKT t=9476 RX ua=95 mt=R len=7
PKT t=9481 TX ua=95 mt=P len=0
PKT t=9510 RX ua=95 mt=R len=7
PKT t=9515 TX ua=95 mt=P len=0
PKT t=9525 RX ua=95 mt=R len=7
PKT t=9530 TX ua=95 mt=P len=0
PKT t=9540 RX ua=95 mt=R len=7
PKT t=9545 TX ua=95 mt=P len=0
PKT t=9555 RX ua=95 mt=R len=7
PKT t=9560 TX ua=95 mt=P len=0
PKT t=9570 RX ua=95 mt=R len=7
PKT t=9575 TX ua=95 mt=P len=0
PKT t=9609 RX ua=95 mt=R len=7
PKT t=9614 TX ua=95 mt=T len=7
PKT t=9626 TX ua=95 mt=P len=0
PKT t=9635 RX ua=95 mt=R len=7
PKT t=9640 TX ua=95 mt=P len=0
PKT t=9649 RX ua=95 mt=R len=7
PKT t=9654 TX ua=95 mt=P len=0
PKT t=9663 RX ua=95 mt=R len=7
PKT t=9668 TX ua=95 mt=P len=0
PKT t=9677 RX ua=95 mt=R len=7
PKT t=9682 TX ua=95 mt=P len=0
PKT t=9711 RX ua=95 mt=R len=7
PKT t=9716 TX ua=95 mt=P len=0
PKT t=9725 RX ua=95 mt=R len=7
PKT t=9730 TX ua=95 mt=P len=0
PKT t=9739 RX ua=95 mt=R len=7
PKT t=9744 TX ua=95 mt=P len=0
PKT t=9753 RX ua=95 mt=R len=7
PKT t=9758 TX ua=95 mt=P len=0
PKT t=9767 RX ua=95 mt=R len=7
PKT t=9772 TX ua=95 mt=P len=0
PKT t=9781 RX ua=95 mt=R len=7
PKT t=9786 TX ua=95 mt=P len=0
PKT t=9816 RX ua=95 mt=R len=7
PKT t=9821 TX ua=95 mt=P len=0
PKT t=9830 RX ua=95 mt=R len=7
PKT t=9835 TX ua=95 mt=P len=0
PKT t=9844 RX ua=95 mt=R len=7
PKT t=9849 TX ua=95 mt=T len=7
PKT t=9861 TX ua=95 mt=P len=0
PKT t=9870 RX ua=95 mt=R len=7
PKT t=9875 TX ua=95 mt=P len=0
PKT t=9884 RX ua=95 mt=R len=7
PKT t=9889 TX ua=95 mt=P len=0
PKT t=9918 RX ua=95 mt=R len=7
PKT t=9923 TX ua=95 mt=P len=0
PKT t=9932 RX ua=95 mt=R len=7
PKT t=9937 TX ua=95 mt=P len=0
PKT t=9946 RX ua=95 mt=R len=7
PKT t=9951 TX ua=95 mt=P len=0
PKT t=9960 RX ua=95 mt=R len=7
PKT t=9965 TX ua=95 mt=P len=0
PKT t=9974 RX ua=95 mt=R len=7
PKT t=9979 TX ua=95 mt=P len=0
PKT t=9988 RX ua=95 mt=R len=7
PKT t=9993 TX ua=95 mt=P len=0
PKT t=10022 RX ua=95 mt=R len=7
PKT t=10027 TX ua=95 mt=P len=0
PKT t=10036 RX ua=95 mt=R len=7
PKT t=10041 TX ua=95 mt=P len=0
PKT t=10056 RX ua=95 mt=R len=7
PKT t=10061 TX ua=95 mt=P len=0
PKT t=10072 RX ua=95 mt=R len=7
PKT t=10077 TX ua=95 mt=P len=0
PKT t=10086 RX ua=95 mt=R len=7
PKT t=10091 TX ua=96 mt=P len=0
PKT t=10349 TX ua=95 mt=P len=0
PKT t=10358 RX ua=95 mt=R len=7
PKT t=10363 TX ua=95 mt=T len=7
PKT t=10376 TX ua=95 mt=P len=0
PKT t=10385 RX ua=95 mt=R len=7
PKT t=10390 TX ua=95 mt=T len=7
PKT t=10403 TX ua=95 mt=P len=0
PKT t=10424 RX ua=95 mt=R len=7
PKT t=10429 TX ua=95 mt=P len=0
PKT t=10438 RX ua=95 mt=R len=7
PKT t=10443 TX ua=95 mt=P len=0
PKT t=10452 RX ua=95 mt=R len=7
PKT t=10457 TX ua=95 mt=P len=0
PKT t=10466 RX ua=95 mt=R len=7
PKT t=10471 TX ua=95 mt=P len=0
PKT t=10480 RX ua=95 mt=R len=7
PKT t=10485 TX ua=95 mt=P len=0
PKT t=10494 RX ua=95 mt=R len=7
PKT t=10499 TX ua=95 mt=P len=0
PKT t=10528 RX ua=95 mt=R len=7
PKT t=10533 TX ua=95 mt=P len=0
PKT t=10542 RX ua=95 mt=R len=7
PKT t=10547 TX ua=95 mt=P len=0
PKT t=10556 RX ua=95 mt=R len=7
PKT t=10561 TX ua=95 mt=P len=0
PKT t=10570 RX ua=95 mt=R len=7
PKT t=10575 TX ua=95 mt=P len=0
PKT t=10584 RX ua=95 mt=R len=7
PKT t=10589 TX ua=95 mt=P len=0
PKT t=10598 RX ua=95 mt=R len=7
PKT t=10603 TX ua=95 mt=T len=7
PKT t=10616 TX ua=95 mt=P len=0
PKT t=10634 RX ua=95 mt=R len=7
PKT t=10639 TX ua=95 mt=P len=0
PKT t=10648 RX ua=95 mt=R len=7
PKT t=10653 TX ua=95 mt=P len=0
PKT t=10662 RX ua=95 mt=R len=7
PKT t=10667 TX ua=95 mt=P len=0
PKT t=10676 RX ua=95 mt=R len=7
PKT t=10681 TX ua=95 mt=P len=0
PKT t=10690 RX ua=95 mt=R len=7
PKT t=10695 TX ua=95 mt=P len=0
PKT t=10704 RX ua=95 mt=R len=7
PKT t=10709 TX ua=95 mt=P len=0
PKT t=10738 RX ua=95 mt=R len=7
PKT t=10743 TX ua=95 mt=P len=0
PKT t=10752 RX ua=95 mt=R len=7
PKT t=10757 TX ua=95 mt=P len=0
PKT t=10766 RX ua=95 mt=R len=7
PKT t=10771 TX ua=95 mt=P len=0
PKT t=10780 RX ua=95 mt=R len=7
PKT t=10785 TX ua=95 mt=P len=0
PKT t=10794 RX ua=95 mt=R len=7
PKT t=10799 TX ua=95 mt=P len=0
PKT t=10808 RX ua=95 mt=R len=7
PKT t=10813 TX ua=95 mt=P len=0
PKT t=10842 RX ua=95 mt=R len=7
PKT t=10847 TX ua=95 mt=P len=0
PKT t=10856 RX ua=95 mt=R len=7
PKT t=10861 TX ua=95 mt=T len=7
PKT t=10874 TX ua=95 mt=P len=0
PKT t=10883 RX ua=95 mt=R len=7
PKT t=10888 TX ua=95 mt=P len=0
PKT t=10897 RX ua=95 mt=R len=7
PKT t=10902 TX ua=95 mt=P len=0
PKT t=10911 RX ua=95 mt=R len=7
PKT t=10916 TX ua=95 mt=P len=0
PKT t=10945 RX ua=95 mt=R len=7
PKT t=10950 TX ua=95 mt=P len=0
PKT t=10959 RX ua=95 mt=R len=7
PKT t=10964 TX ua=95 mt=P len=0
PKT t=10973 RX ua=95 mt=R len=7
PKT t=10978 TX ua=95 mt=P len=0
PKT t=10987 RX ua=95 mt=R len=7
PKT t=10992 TX ua=95 mt=P len=0
PKT t=11001 RX ua=95 mt=R len=7
PKT t=11006 TX ua=95 mt=P len=0
PKT t=11015 RX ua=95 mt=R len=7
PKT t=11020 TX ua=95 mt=P len=0
PKT t=11056 RX ua=95 mt=R len=7
PKT t=11061 TX ua=95 mt=P len=0
PKT t=11071 RX ua=95 mt=R len=7
PKT t=11076 TX ua=95 mt=P len=0
PKT t=11085 RX ua=95 mt=R len=7
PKT t=11090 TX ua=95 mt=P len=0
PKT t=11099 RX ua=95 mt=R len=7
PKT t=11104 TX ua=95 mt=T len=7
PKT t=11116 TX ua=95 mt=P len=0
PKT t=11149 RX ua=95 mt=R len=7
PKT t=11154 TX ua=95 mt=P len=0
PKT t=11163 RX ua=95 mt=R len=7
PKT t=11168 TX ua=95 mt=P len=0
PKT t=11177 RX ua=95 mt=R len=7
PKT t=11182 TX ua=95 mt=P len=0
PKT t=11191 RX ua=95 mt=R len=7
PKT t=11196 TX ua=95 mt=P len=0
PKT t=11205 RX ua=95 mt=R len=7
PKT t=11210 TX ua=95 mt=P len=0
PKT t=11219 RX ua=95 mt=R len=7
PKT t=11224 TX ua=95 mt=P len=0
PKT t=11253 RX ua=95 mt=R len=7
PKT t=11258 TX ua=95 mt=P len=0
PKT t=11267 RX ua=95 mt=R len=7
PKT t=11272 TX ua=95 mt=P len=0
PKT t=11281 RX ua=95 mt=R len=7
PKT t=11286 TX ua=95 mt=P len=0
PKT t=11295 RX ua=95 mt=R len=7
PKT t=11300 TX ua=95 mt=P len=0
PKT t=11309 RX ua=95 mt=R len=7
PKT t=11314 TX ua=95 mt=P len=0
PKT t=11323 RX ua=95 mt=R len=7
PKT t=11328 TX ua=95 mt=P len=0
PKT t=11357 RX ua=95 mt=R len=7
PKT t=11362 TX ua=95 mt=T len=7
PKT t=11374 TX ua=95 mt=P len=0
PKT t=11384 RX ua=95 mt=R len=7
PKT t=11389 TX ua=95 mt=P len=0
PKT t=11399 RX ua=95 mt=R len=7
PKT t=11404 TX ua=95 mt=P len=0
PKT t=11414 RX ua=95 mt=R len=7
PKT t=11419 TX ua=95 mt=P len=0
PKT t=11429 RX ua=95 mt=R len=7
PKT t=11434 TX ua=95 mt=P len=0
PKT t=11463 RX ua=95 mt=R len=7
PKT t=11468 TX ua=95 mt=P len=0
PKT t=11478 RX ua=95 mt=R len=7
PKT t=11483 TX ua=95 mt=P len=0
PKT t=11493 RX ua=95 mt=R len=7
PKT t=11498 TX ua=95 mt=P len=0
PKT t=11508 RX ua=95 mt=R len=7
PKT t=11513 TX ua=95 mt=P len=0
PKT t=11523 RX ua=95 mt=R len=7
PKT t=11528 TX ua=95 mt=P len=0
PKT t=11562 RX ua=95 mt=R len=7
PKT t=11567 TX ua=95 mt=P len=0
PKT t=11577 RX ua=95 mt=R len=7
PKT t=11582 TX ua=95 mt=P len=0
PKT t=11592 RX ua=95 mt=R len=7
PKT t=11597 TX ua=95 mt=P len=0
PKT t=11607 RX ua=95 mt=R len=7
PKT t=11612 TX ua=95 mt=T len=7
PKT t=11624 TX ua=95 mt=P len=0
PKT t=11633 RX ua=95 mt=R len=7
PKT t=11638 TX ua=95 mt=P len=0
PKT t=11667 RX ua=95 mt=R len=7
PKT t=11672 TX ua=95 mt=P len=0
PKT t=11681 RX ua=95 mt=R len=7
PKT t=11686 TX ua=95 mt=P len=0
PKT t=11695 RX ua=95 mt=R len=7
PKT t=11700 TX ua=95 mt=P len=0
PKT t=11709 RX ua=95 mt=R len=7
PKT t=11714 TX ua=95 mt=P len=0
PKT t=11723 RX ua=95 mt=R len=7
PKT t=11728 TX ua=95 mt=P len=0
PKT t=11737 RX ua=95 mt=R len=7
PKT t=11742 TX ua=95 mt=P len=0
PKT t=11771 RX ua=95 mt=R len=7
PKT t=11776 TX ua=95 mt=P len=0
PKT t=11785 RX ua=95 mt=R len=7
PKT t=11790 TX ua=95 mt=P len=0
PKT t=11799 RX ua=95 mt=R len=7
PKT t=11804 TX ua=95 mt=P len=0
PKT t=11813 RX ua=95 mt=R len=7
PKT t=11818 TX ua=95 mt=P len=0
PKT t=11827 RX ua=95 mt=R len=7
PKT t=11832 TX ua=95 mt=P len=0
PKT t=11841 RX ua=95 mt=R len=7
PKT t=11846 TX ua=95 mt=P len=0
PKT t=11875 RX ua=95 mt=R len=7
PKT t=11880 TX ua=95 mt=T len=7
PKT t=11892 TX ua=95 mt=P len=0
PKT t=11901 RX ua=95 mt=R len=7
PKT t=11906 TX ua=95 mt=P len=0
PKT t=11915 RX ua=95 mt=R len=7
PKT t=11920 TX ua=95 mt=P len=0
PKT t=11930 RX ua=95 mt=R len=7
PKT t=11935 TX ua=95 mt=P len=0
PKT t=11944 RX ua=95 mt=R len=7
PKT t=11949 TX ua=95 mt=P len=0
PKT t=11978 RX ua=95 mt=R len=7
PKT t=11983 TX ua=95 mt=P len=0
PKT t=11992 RX ua=95 mt=R len=7
PKT t=11997 TX ua=95 mt=P len=0
PKT t=12010 RX ua=95 mt=R len=7
PKT t=12015 TX ua=95 mt=P len=0
PKT t=12024 RX ua=95 mt=R len=7
PKT t=12029 TX ua=95 mt=P len=0
PKT t=12038 RX ua=95 mt=R len=7
PKT t=12043 TX ua=95 mt=P len=0
PKT t=12056 RX ua=95 mt=R len=7
PKT t=12061 TX ua=95 mt=P len=0
PKT t=12091 RX ua=95 mt=R len=7
PKT t=12096 TX ua=95 mt=P len=0
PKT t=12105 RX ua=95 mt=R len=7
PKT t=12110 TX ua=95 mt=T len=7
PKT t=12122 TX ua=95 mt=P len=0
PKT t=12131 RX ua=95 mt=R len=7
PKT t=12136 TX ua=95 mt=P len=0
PKT t=12145 RX ua=95 mt=R len=7
PKT t=12150 TX ua=95 mt=P len=0
PKT t=12159 RX ua=95 mt=R len=7
PKT t=12164 TX ua=95 mt=P len=0
PKT t=12193 RX ua=95 mt=R len=7
PKT t=12198 TX ua=95 mt=P len=0
PKT t=12207 RX ua=95 mt=R len=7
PKT t=12212 TX ua=95 mt=P len=0
PKT t=12221 RX ua=95 mt=R len=7
PKT t=12226 TX ua=95 mt=P len=0
PKT t=12235 RX ua=95 mt=R len=7
PKT t=12240 TX ua=95 mt=P len=0
PKT t=12249 RX ua=95 mt=R len=7
PKT t=12254 TX ua=95 mt=P len=0
PKT t=12263 RX ua=95 mt=R len=7
PKT t=12268 TX ua=95 mt=P len=0
PKT t=12298 RX ua=95 mt=R len=7
PKT t=12303 TX ua=95 mt=P len=0
PKT t=12312 RX ua=95 mt=R len=7
PKT t=12317 TX ua=95 mt=P len=0
PKT t=12326 RX ua=95 mt=R len=7
PKT t=12331 TX ua=95 mt=P len=0
PKT t=12340 RX ua=95 mt=R len=7
PKT t=12345 TX ua=95 mt=P len=0
PKT t=12354 RX ua=95 mt=R len=7
PKT t=12359 TX ua=95 mt=T len=7
PKT t=12371 TX ua=95 mt=P len=0
PKT t=12400 RX ua=95 mt=R len=7
PKT t=12404 TX ua=95 mt=P len=0
PKT t=12413 RX ua=95 mt=R len=7
PKT t=12418 TX ua=95 mt=P len=0
PKT t=12427 RX ua=95 mt=R len=7
PKT t=12432 TX ua=95 mt=P len=0
PKT t=12441 RX ua=95 mt=R len=7
PKT t=12446 TX ua=95 mt=P len=0
PKT t=12455 RX ua=95 mt=R len=7
PKT t=12460 TX ua=95 mt=P len=0
PKT t=12469 RX ua=95 mt=R len=7
PKT t=12474 TX ua=95 mt=P len=0
PKT t=12503 RX ua=95 mt=R len=7
PKT t=12508 TX ua=95 mt=P len=0
PKT t=12517 RX ua=95 mt=R len=7
PKT t=12522 TX ua=95 mt=P len=0
PKT t=12531 RX ua=95 mt=R len=7
PKT t=12536 TX ua=95 mt=P len=0
PKT t=12545 RX ua=95 mt=R len=7
PKT t=12550 TX ua=95 mt=P len=0
PKT t=12559 RX ua=95 mt=R len=7
PKT t=12564 TX ua=95 mt=P len=0
PKT t=12573 RX ua=95 mt=R len=7
PKT t=12578 TX ua=95 mt=P len=0
PKT t=12607 RX ua=95 mt=R len=7
PKT t=12612 TX ua=95 mt=T len=7
PKT t=12624 TX ua=95 mt=P len=0
PKT t=12633 RX ua=95 mt=R len=7
PKT t=12638 TX ua=95 mt=P len=0
PKT t=12647 RX ua=95 mt=R len=7
PKT t=12652 TX ua=95 mt=P len=0
PKT t=12661 RX ua=95 mt=R len=7
PKT t=12666 TX ua=95 mt=P len=0
PKT t=12675 RX ua=95 mt=R len=7
PKT t=12680 TX ua=95 mt=P len=0
PKT t=12709 RX ua=95 mt=R len=7
PKT t=12714 TX ua=95 mt=P len=0
PKT t=12723 RX ua=95 mt=R len=7
PKT t=12728 TX ua=95 mt=P len=0
PKT t=12737 RX ua=95 mt=R len=7
PKT t=12742 TX ua=95 mt=P len=0
PKT t=12751 RX ua=95 mt=R len=7
PKT t=12756 TX ua=95 mt=P len=0
PKT t=12765 RX ua=95 mt=R len=7
PKT t=12770 TX ua=95 mt=P len=0
PKT t=12779 RX ua=95 mt=R len=7
PKT t=12784 TX ua=95 mt=P len=0
PKT t=12813 RX ua=95 mt=R len=7
PKT t=12818 TX ua=95 mt=P len=0
PKT t=12827 RX ua=95 mt=R len=7
PKT t=12832 TX ua=95 mt=P len=0
PKT t=12841 RX ua=95 mt=R len=7
PKT t=12846 TX ua=95 mt=P len=0
PKT t=12855 RX ua=95 mt=R len=7
PKT t=12860 TX ua=95 mt=T len=7
PKT t=12872 TX ua=95 mt=P len=0
PKT t=12881 RX ua=95 mt=R len=7
PKT t=12886 TX ua=95 mt=P len=0
PKT t=12915 RX ua=95 mt=R len=7
PKT t=12920 TX ua=95 mt=P len=0
PKT t=12929 RX ua=95 mt=R len=7
PKT t=12934 TX ua=95 mt=P len=0
PKT t=12943 RX ua=95 mt=R len=7
PKT t=12948 TX ua=95 mt=P len=0
PKT t=12957 RX ua=95 mt=R len=7
PKT t=12962 TX ua=95 mt=P len=0
PKT t=12971 RX ua=95 mt=R len=7
PKT t=12976 TX ua=95 mt=P len=0
PKT t=12985 RX ua=95 mt=R len=7
PKT t=12990 TX ua=95 mt=P len=0
PKT t=13019 RX ua=95 mt=R len=7
PKT t=13024 TX ua=95 mt=P len=0
PKT t=13033 RX ua=95 mt=R len=7
PKT t=13038 TX ua=95 mt=P len=0
PKT t=13056 RX ua=95 mt=R len=7
PKT t=13061 TX ua=95 mt=P len=0
PKT t=13070 RX ua=95 mt=R len=7
PKT t=13075 TX ua=95 mt=P len=0
PKT t=13084 RX ua=95 mt=R len=7
PKT t=13089 TX ua=95 mt=P len=0
PKT t=13119 RX ua=95 mt=R len=7
PKT t=13124 TX ua=95 mt=T len=7
PKT t=13137 TX ua=95 mt=P len=0
PKT t=13146 RX ua=95 mt=R len=7
PKT t=13151 TX ua=95 mt=P len=0
PKT t=13160 RX ua=95 mt=R len=7
PKT t=13165 TX ua=95 mt=P len=0
PKT t=13174 RX ua=95 mt=R len=7
PKT t=13179 TX ua=95 mt=P len=0
PKT t=13188 RX ua=95 mt=R len=7
PKT t=13193 TX ua=95 mt=P len=0
PKT t=13222 RX ua=95 mt=R len=7
PKT t=13227 TX ua=95 mt=P len=0
PKT t=13236 RX ua=95 mt=R len=7
PKT t=13241 TX ua=95 mt=P len=0
PKT t=13250 RX ua=95 mt=R len=7
PKT t=13255 TX ua=95 mt=P len=0
PKT t=13264 RX ua=95 mt=R len=7
PKT t=13269 TX ua=95 mt=P len=0
PKT t=13278 RX ua=95 mt=R len=7
PKT t=13283 TX ua=95 mt=P len=0
PKT t=13292 RX ua=95 mt=R len=7
PKT t=13297 TX ua=95 mt=P len=0
PKT t=13326 RX ua=95 mt=R len=7
PKT t=13331 TX ua=95 mt=P len=0
PKT t=13340 RX ua=95 mt=R len=7
PKT t=13345 TX ua=95 mt=P len=0
PKT t=13354 RX ua=95 mt=R len=7
PKT t=13359 TX ua=95 mt=T len=7
PKT t=13372 TX ua=95 mt=P len=0
PKT t=13382 RX ua=95 mt=R len=7
PKT t=13387 TX ua=95 mt=P len=0
PKT t=13397 RX ua=95 mt=R len=7
PKT t=13402 TX ua=95 mt=P len=0
PKT t=13431 RX ua=95 mt=R len=7
PKT t=13436 TX ua=95 mt=P len=0
PKT t=13446 RX ua=95 mt=R len=7
PKT t=13451 TX ua=95 mt=P len=0
PKT t=13461 RX ua=95 mt=R len=7
PKT t=13466 TX ua=95 mt=P len=0
PKT t=13476 RX ua=95 mt=R len=7
PKT t=13481 TX ua=95 mt=P len=0
PKT t=13491 RX ua=95 mt=R len=7
PKT t=13496 TX ua=95 mt=P len=0
PKT t=13530 RX ua=95 mt=R len=7
PKT t=13535 TX ua=95 mt=P len=0
PKT t=13545 RX ua=95 mt=R len=7
PKT t=13550 TX ua=95 mt=P len=0
PKT t=13560 RX ua=95 mt=R len=7
PKT t=13565 TX ua=95 mt=P len=0
PKT t=13575 RX ua=95 mt=R len=7
PKT t=13580 TX ua=95 mt=P len=0
PKT t=13590 RX ua=95 mt=R len=7
PKT t=13595 TX ua=95 mt=P len=0
PKT t=13605 RX ua=95 mt=R len=7
PKT t=13610 TX ua=95 mt=T len=7
PKT t=13623 TX ua=95 mt=P len=0
PKT t=13640 RX ua=95 mt=R len=7
PKT t=13645 TX ua=95 mt=P len=0
PKT t=13654 RX ua=95 mt=R len=7
PKT t=13659 TX ua=95 mt=P len=0
PKT t=13669 RX ua=95 mt=R len=7
PKT t=13674 TX ua=95 mt=P len=0
PKT t=13683 RX ua=95 mt=R len=7
PKT t=13688 TX ua=95 mt=P len=0
PKT t=13697 RX ua=95 mt=R len=7
PKT t=13702 TX ua=95 mt=P len=0
PKT t=13711 RX ua=95 mt=R len=7
PKT t=13716 TX ua=95 mt=P len=0
PKT t=13745 RX ua=95 mt=R len=7
PKT t=13750 TX ua=95 mt=P len=0
PKT t=13759 RX ua=95 mt=R len=7
PKT t=13764 TX ua=95 mt=P len=0
PKT t=13773 RX ua=95 mt=R len=7
PKT t=13778 TX ua=95 mt=P len=0
PKT t=13787 RX ua=95 mt=R len=7
PKT t=13792 TX ua=95 mt=P len=0
PKT t=13801 RX ua=95 mt=R len=7
PKT t=13806 TX ua=95 mt=P len=0
PKT t=13815 RX ua=95 mt=R len=7
PKT t=13820 TX ua=95 mt=P len=0
PKT t=13849 RX ua=95 mt=R len=7
PKT t=13854 TX ua=95 mt=T len=7
PKT t=13867 TX ua=95 mt=P len=0
PKT t=13876 RX ua=95 mt=R len=7
PKT t=13881 TX ua=95 mt=P len=0
PKT t=13890 RX ua=95 mt=R len=7
PKT t=13895 TX ua=95 mt=P len=0
PKT t=13904 RX ua=95 mt=R len=7
PKT t=13909 TX ua=95 mt=P len=0
PKT t=13918 RX ua=95 mt=R len=7
PKT t=13923 TX ua=95 mt=P len=0
PKT t=13952 RX ua=95 mt=R len=7
PKT t=13957 TX ua=95 mt=P len=0
PKT t=13966 RX ua=95 mt=R len=7
PKT t=13971 TX ua=95 mt=P len=0
PKT t=13980 RX ua=95 mt=R len=7
PKT t=13985 TX ua=95 mt=P len=0
PKT t=13994 RX ua=95 mt=R len=7
PKT t=13999 TX ua=95 mt=P len=0
PKT t=14011 RX ua=95 mt=R len=7
PKT t=14016 TX ua=95 mt=P len=0
PKT t=14025 RX ua=95 mt=R len=7
PKT t=14030 TX ua=95 mt=P len=0
PKT t=14059 RX ua=95 mt=R len=7
PKT t=14064 TX ua=95 mt=P len=0
PKT t=14073 RX ua=95 mt=R len=7
PKT t=14078 TX ua=95 mt=P len=0
PKT t=14087 RX ua=95 mt=R len=7
PKT t=14092 TX ua=95 mt=P len=0
PKT t=14101 RX ua=95 mt=R len=7
PKT t=14106 TX ua=95 mt=T len=7
PKT t=14118 TX ua=95 mt=P len=0
PKT t=14127 RX ua=95 mt=R len=7
PKT t=14132 TX ua=95 mt=P len=0
PKT t=14161 RX ua=95 mt=R len=7
PKT t=14166 TX ua=95 mt=P len=0
PKT t=14175 RX ua=95 mt=R len=7
PKT t=14180 TX ua=95 mt=P len=0
PKT t=14189 RX ua=95 mt=R len=7
PKT t=14194 TX ua=95 mt=P len=0
PKT t=14203 RX ua=95 mt=R len=7
PKT t=14208 TX ua=95 mt=P len=0
PKT t=14217 RX ua=95 mt=R len=7
PKT t=14222 TX ua=95 mt=P len=0
PKT t=14231 RX ua=95 mt=R len=7
PKT t=14236 TX ua=95 mt=P len=0
PKT t=14265 RX ua=95 mt=R len=7
PKT t=14270 TX ua=95 mt=P len=0
PKT t=14279 RX ua=95 mt=R len=7
PKT t=14284 TX ua=95 mt=P len=0
PKT t=14293 RX ua=95 mt=R len=7
PKT t=14298 TX ua=95 mt=P len=0
PKT t=14307 RX ua=95 mt=R len=7
PKT t=14312 TX ua=95 mt=P len=0
PKT t=14321 RX ua=95 mt=R len=7
PKT t=14326 TX ua=95 mt=P len=0
PKT t=14335 RX ua=95 mt=R len=7
PKT t=14340 TX ua=95 mt=P len=0
PKT t=14369 RX ua=95 mt=R len=7
PKT t=14374 TX ua=95 mt=T len=7
PKT t=14386 TX ua=95 mt=P len=0
PKT t=14395 RX ua=95 mt=R len=7
PKT t=14400 TX ua=95 mt=P len=0
PKT t=14409 RX ua=95 mt=R len=7
PKT t=14414 TX ua=95 mt=P len=0
PKT t=14423 RX ua=95 mt=R len=7
PKT t=14428 TX ua=95 mt=P len=0
PKT t=14437 RX ua=95 mt=R len=7
PKT t=14442 TX ua=95 mt=P len=0
PKT t=14471 RX ua=95 mt=R len=7
PKT t=14476 TX ua=95 mt=P len=0
PKT t=14485 RX ua=95 mt=R len=7
PKT t=14490 TX ua=95 mt=P len=0
PKT t=14499 RX ua=95 mt=R len=7
PKT t=14504 TX ua=95 mt=P len=0
PKT t=14513 RX ua=95 mt=R len=7
PKT t=14518 TX ua=95 mt=P len=0
PKT t=14527 RX ua=95 mt=R len=7
PKT t=14532 TX ua=95 mt=P len=0
PKT t=14541 RX ua=95 mt=R len=7
PKT t=14546 TX ua=95 mt=P len=0
PKT t=14575 RX ua=95 mt=R len=7
PKT t=14580 TX ua=95 mt=P len=0
PKT t=14589 RX ua=95 mt=R len=7
PKT t=14594 TX ua=95 mt=P len=0
PKT t=14603 RX ua=95 mt=R len=7
PKT t=14608 TX ua=95 mt=T len=7
PKT t=14620 TX ua=95 mt=P len=0
PKT t=14629 RX ua=95 mt=R len=7
PKT t=14634 TX ua=95 mt=P len=0
PKT t=14643 RX ua=95 mt=R len=7
PKT t=14648 TX ua=95 mt=P len=0
PKT t=14677 RX ua=95 mt=R len=7
PKT t=14682 TX ua=95 mt=P len=0
PKT t=14691 RX ua=95 mt=R len=7
PKT t=14696 TX ua=95 mt=P len=0
PKT t=14705 RX ua=95 mt=R len=7
PKT t=14710 TX ua=95 mt=P len=0
PKT t=14719 RX ua=95 mt=R len=7
PKT t=14724 TX ua=95 mt=P len=0
PKT t=14733 RX ua=95 mt=R len=7
PKT t=14738 TX ua=95 mt=P len=0
PKT t=14747 RX ua=95 mt=R len=7
PKT t=14752 TX ua=95 mt=P len=0
PKT t=14781 RX ua=95 mt=R len=7
PKT t=14786 TX ua=95 mt=P len=0
PKT t=14795 RX ua=95 mt=R len=7
PKT t=14800 TX ua=95 mt=P len=0
PKT t=14809 RX ua=95 mt=R len=7
PKT t=14814 TX ua=95 mt=P len=0
PKT t=14823 RX ua=95 mt=R len=7
PKT t=14828 TX ua=95 mt=P len=0
PKT t=14837 RX ua=95 mt=R len=7
PKT t=14842 TX ua=95 mt=P len=0
PKT t=14851 RX ua=95 mt=R len=7
PKT t=14856 TX ua=95 mt=T len=7
PKT t=14868 TX ua=95 mt=P len=0
PKT t=14888 RX ua=95 mt=R len=7
PKT t=14892 TX ua=95 mt=P len=0
PKT t=14901 RX ua=95 mt=R len=7
PKT t=14906 TX ua=95 mt=P len=0
PKT t=14915 RX ua=95 mt=R len=7
PKT t=14920 TX ua=95 mt=P len=0
PKT t=14929 RX ua=95 mt=R len=7
PKT t=14934 TX ua=95 mt=P len=0
PKT t=14943 RX ua=95 mt=R len=7
PKT t=14948 TX ua=95 mt=P len=0
PKT t=14957 RX ua=95 mt=R len=7
PKT t=14962 TX ua=95 mt=P len=0
PKT t=14991 RX ua=95 mt=R len=7
PKT t=14996 TX ua=95 mt=P len=0
PKT t=15005 RX ua=95 mt=R len=7
PKT t=15010 TX ua=95 mt=P len=0
PKT t=15019 RX ua=95 mt=R len=7
PKT t=15024 TX ua=95 mt=P len=0
PKT t=15033 RX ua=95 mt=R len=7
PKT t=15038 TX ua=95 mt=P len=0
PKT t=15056 RX ua=95 mt=R len=7
PKT t=15061 TX ua=95 mt=P len=0
PKT t=15091 RX ua=95 mt=R len=7
PKT t=15096 TX ua=95 mt=P len=0
PKT t=15105 RX ua=95 mt=R len=7
PKT t=15110 TX ua=95 mt=T len=7
PKT t=15122 TX ua=95 mt=P len=0
PKT t=15131 RX ua=95 mt=R len=7
PKT t=15136 TX ua=95 mt=P len=0
PKT t=15145 RX ua=95 mt=R len=7
PKT t=15150 TX ua=95 mt=P len=0
PKT t=15159 RX ua=95 mt=R len=7
PKT t=15164 TX ua=95 mt=P len=0
PKT t=15193 RX ua=95 mt=R len=7
PKT t=15198 TX ua=95 mt=P len=0
PKT t=15207 RX ua=95 mt=R len=7
PKT t=15212 TX ua=95 mt=P len=0
PKT t=15221 RX ua=95 mt=R len=7
PKT t=15226 TX ua=95 mt=P len=0
PKT t=15235 RX ua=95 mt=R len=7
PKT t=15240 TX ua=95 mt=P len=0
PKT t=15249 RX ua=95 mt=R len=7
PKT t=15254 TX ua=95 mt=P len=0
PKT t=15263 RX ua=95 mt=R len=7
PKT t=15268 TX ua=95 mt=P len=0
PKT t=15297 RX ua=95 mt=R len=7
PKT t=15302 TX ua=95 mt=P len=0
PKT t=15311 RX ua=95 mt=R len=7
PKT t=15316 TX ua=95 mt=P len=0
PKT t=15325 RX ua=95 mt=R len=7
PKT t=15330 TX ua=95 mt=P len=0
PKT t=15339 RX ua=95 mt=R len=7
PKT t=15344 TX ua=95 mt=P len=0
PKT t=15353 RX ua=95 mt=R len=7
PKT t=15358 TX ua=95 mt=T len=7
PKT t=15370 TX ua=95 mt=P len=0
PKT t=15398 RX ua=95 mt=R len=7
PKT t=15403 TX ua=95 mt=P len=0
PKT t=15413 RX ua=95 mt=R len=7
PKT t=15418 TX ua=95 mt=P len=0
PKT t=15428 RX ua=95 mt=R len=7
PKT t=15433 TX ua=95 mt=P len=0
PKT t=15443 RX ua=95 mt=R len=7
PKT t=15448 TX ua=95 mt=P len=0
PKT t=15458 RX ua=95 mt=R len=7
PKT t=15463 TX ua=95 mt=P len=0
PKT t=15473 RX ua=95 mt=R len=7
PKT t=15478 TX ua=95 mt=P len=0
PKT t=15507 RX ua=95 mt=R len=7
PKT t=15512 TX ua=95 mt=P len=0
PKT t=15522 RX ua=95 mt=R len=7
PKT t=15527 TX ua=95 mt=P len=0
PKT t=15537 RX ua=95 mt=R len=7
PKT t=15542 TX ua=95 mt=P len=0
PKT t=15552 RX ua=95 mt=R len=7
PKT t=15557 TX ua=95 mt=P len=0
PKT t=15567 RX ua=95 mt=R len=7
PKT t=15572 TX ua=95 mt=P len=0
PKT t=15606 RX ua=95 mt=R len=7
PKT t=15611 TX ua=95 mt=T len=7
PKT t=15623 TX ua=95 mt=P len=0
PKT t=15632 RX ua=95 mt=R len=7
PKT t=15637 TX ua=95 mt=P len=0
PKT t=15646 RX ua=95 mt=R len=7
PKT t=15651 TX ua=95 mt=P len=0
PKT t=15660 RX ua=95 mt=R len=7
PKT t=15665 TX ua=95 mt=P len=0
PKT t=15674 RX ua=95 mt=R len=7
PKT t=15679 TX ua=95 mt=P len=0
PKT t=15708 RX ua=95 mt=R len=7
PKT t=15713 TX ua=95 mt=P len=0
PKT t=15722 RX ua=95 mt=R len=7
PKT t=15727 TX ua=95 mt=P len=0
PKT t=15736 RX ua=95 mt=R len=7
PKT t=15741 TX ua=95 mt=P len=0
PKT t=15750 RX ua=95 mt=R len=7
PKT t=15755 TX ua=95 mt=P len=0
PKT t=15764 RX ua=95 mt=R len=7
PKT t=15769 TX ua=95 mt=P len=0
PKT t=15778 RX ua=95 mt=R len=7
PKT t=15783 TX ua=95 mt=P len=0
PKT t=15812 RX ua=95 mt=R len=7
PKT t=15817 TX ua=95 mt=P len=0
PKT t=15826 RX ua=95 mt=R len=7
PKT t=15831 TX ua=95 mt=P len=0
PKT t=15840 RX ua=95 mt=R len=7
PKT t=15845 TX ua=95 mt=P len=0
PKT t=15854 RX ua=95 mt=R len=7
PKT t=15859 TX ua=95 mt=T len=7
PKT t=15871 TX ua=95 mt=P len=0
PKT t=15880 RX ua=95 mt=R len=7
PKT t=15885 TX ua=95 mt=P len=0
PKT t=15914 RX ua=95 mt=R len=7
PKT t=15919 TX ua=95 mt=P len=0
PKT t=15928 RX ua=95 mt=R len=7
PKT t=15933 TX ua=95 mt=P len=0
PKT t=15942 RX ua=95 mt=R len=7
PKT t=15947 TX ua=95 mt=P len=0
PKT t=15956 RX ua=95 mt=R len=7
PKT t=15961 TX ua=95 mt=P len=0
PKT t=15970 RX ua=95 mt=R len=7
PKT t=15975 TX ua=95 mt=P len=0
PKT t=15984 RX ua=95 mt=R len=7
PKT t=15989 TX ua=95 mt=P len=0
PKT t=16018 RX ua=95 mt=R len=7
PKT t=16023 TX ua=95 mt=P len=0
PKT t=16032 RX ua=95 mt=R len=7
PKT t=16037 TX ua=95 mt=P len=0
PKT t=16046 RX ua=95 mt=R len=7
PKT t=16056 TX ua=95 mt=P len=0
PKT t=16065 RX ua=95 mt=R len=7
PKT t=16070 TX ua=95 mt=P len=0
PKT t=16079 RX ua=95 mt=R len=7
PKT t=16084 TX ua=95 mt=P len=0
PKT t=16093 RX ua=95 mt=R len=7
PKT t=16098 TX ua=95 mt=P len=0
PKT t=16132 RX ua=95 mt=R len=7
PKT t=16137 TX ua=95 mt=T len=7
PKT t=16149 TX ua=95 mt=P len=0
PKT t=16158 RX ua=95 mt=R len=7
PKT t=16163 TX ua=95 mt=P len=0
PKT t=16172 RX ua=95 mt=R len=7
PKT t=16177 TX ua=95 mt=P len=0
PKT t=16186 RX ua=95 mt=R len=7
PKT t=16191 TX ua=95 mt=P len=0
PKT t=16200 RX ua=95 mt=R len=7
PKT t=16205 TX ua=95 mt=P len=0
PKT t=16234 RX ua=95 mt=R len=7
PKT t=16239 TX ua=95 mt=P len=0
PKT t=16248 RX ua=95 mt=R len=7
PKT t=16253 TX ua=95 mt=P len=0
PKT t=16262 RX ua=95 mt=R len=7
PKT t=16267 TX ua=95 mt=P len=0
PKT t=16276 RX ua=95 mt=R len=7
PKT t=16281 TX ua=95 mt=P len=0
PKT t=16290 RX ua=95 mt=R len=7
PKT t=16295 TX ua=95 mt=P len=0
PKT t=16304 RX ua=95 mt=R len=7
PKT t=16309 TX ua=95 mt=P len=0
PKT t=16338 RX ua=95 mt=R len=7
PKT t=16343 TX ua=95 mt=P len=0
PKT t=16352 RX ua=95 mt=R len=7
PKT t=16357 TX ua=95 mt=T len=7
PKT t=16369 TX ua=95 mt=P len=0
PKT t=16378 RX ua=95 mt=R len=7
PKT t=16383 TX ua=95 mt=P len=0
PKT t=16392 RX ua=95 mt=R len=7
PKT t=16397 TX ua=95 mt=P len=0
PKT t=16406 RX ua=95 mt=R len=7
PKT t=16411 TX ua=95 mt=P len=0
PKT t=16440 RX ua=95 mt=R len=7
PKT t=16445 TX ua=95 mt=P len=0
PKT t=16454 RX ua=95 mt=R len=7
PKT t=16459 TX ua=95 mt=P len=0
PKT t=16468 RX ua=95 mt=R len=7
PKT t=16473 TX ua=95 mt=P len=0
PKT t=16482 RX ua=95 mt=R len=7
PKT t=16487 TX ua=95 mt=P len=0
PKT t=16496 RX ua=95 mt=R len=7
PKT t=16501 TX ua=95 mt=P len=0
PKT t=16510 RX ua=95 mt=R len=7
PKT t=16515 TX ua=95 mt=P len=0
PKT t=16544 RX ua=95 mt=R len=7
PKT t=16549 TX ua=95 mt=P len=0
PKT t=16558 RX ua=95 mt=R len=7
PKT t=16563 TX ua=95 mt=P len=0
PKT t=16572 RX ua=95 mt=R len=7
PKT t=16577 TX ua=95 mt=P len=0
PKT t=16586 RX ua=95 mt=R len=7
PKT t=16591 TX ua=95 mt=P len=0
PKT t=16600 RX ua=95 mt=R len=7
PKT t=16605 TX ua=95 mt=T len=7
PKT t=16617 TX ua=95 mt=P len=0
PKT t=16645 RX ua=95 mt=R len=7
PKT t=16650 TX ua=95 mt=P len=0
PKT t=16659 RX ua=95 mt=R len=7
PKT t=16664 TX ua=95 mt=P len=0
PKT t=16673 RX ua=95 mt=R len=7
PKT t=16678 TX ua=95 mt=P len=0
PKT t=16687 RX ua=95 mt=R len=7
PKT t=16692 TX ua=95 mt=P len=0
PKT t=16701 RX ua=95 mt=R len=7
PKT t=16706 TX ua=95 mt=P len=0
PKT t=16715 RX ua=95 mt=R len=7
PKT t=16720 TX ua=95 mt=P len=0
PKT t=16749 RX ua=95 mt=R len=7
PKT t=16754 TX ua=95 mt=P len=0
PKT t=16763 RX ua=95 mt=R len=7
PKT t=16768 TX ua=95 mt=P len=0
PKT t=16777 RX ua=95 mt=R len=7
PKT t=16782 TX ua=95 mt=P len=0
PKT t=16791 RX ua=95 mt=R len=7
PKT t=16796 TX ua=95 mt=P len=0
PKT t=16805 RX ua=95 mt=R len=7
PKT t=16810 TX ua=95 mt=P len=0
PKT t=16819 RX ua=95 mt=R len=7
PKT t=16824 TX ua=95 mt=P len=0
PKT t=16853 RX ua=95 mt=R len=7
PKT t=16858 TX ua=95 mt=T len=7
PKT t=16870 TX ua=95 mt=P len=0
PKT t=16879 RX ua=95 mt=R len=7
PKT t=16884 TX ua=95 mt=P len=0
PKT t=16893 RX ua=95 mt=R len=7
PKT t=16898 TX ua=95 mt=P len=0
PKT t=16907 RX ua=95 mt=R len=7
PKT t=16912 TX ua=95 mt=P len=0
PKT t=16921 RX ua=95 mt=R len=7
PKT t=16926 TX ua=95 mt=P len=0
PKT t=16955 RX ua=95 mt=R len=7
PKT t=16960 TX ua=95 mt=P len=0
PKT t=16969 RX ua=95 mt=R len=7
PKT t=16974 TX ua=95 mt=P len=0
PKT t=16983 RX ua=95 mt=R len=7
PKT t=16988 TX ua=95 mt=P len=0
PKT t=16997 RX ua=95 mt=R len=7
PKT t=17002 TX ua=95 mt=P len=0
PKT t=17011 RX ua=95 mt=R len=7
PKT t=17016 TX ua=95 mt=P len=0
PKT t=17025 RX ua=95 mt=R len=7
PKT t=17030 TX ua=95 mt=P len=0
PKT t=17059 RX ua=95 mt=R len=7
PKT t=17064 TX ua=95 mt=P len=0
PKT t=17073 RX ua=95 mt=R len=7
PKT t=17078 TX ua=95 mt=P len=0
PKT t=17087 RX ua=95 mt=R len=7
PKT t=17092 TX ua=95 mt=P len=0
PKT t=17101 RX ua=95 mt=R len=7
PKT t=17106 TX ua=95 mt=T len=7
PKT t=17118 TX ua=95 mt=P len=0
PKT t=17127 RX ua=95 mt=R len=7
PKT t=17132 TX ua=95 mt=P len=0
PKT t=17161 RX ua=95 mt=R len=7
PKT t=17166 TX ua=95 mt=P len=0
PKT t=17175 RX ua=95 mt=R len=7
PKT t=17180 TX ua=95 mt=P len=0
PKT t=17189 RX ua=95 mt=R len=7
PKT t=17194 TX ua=95 mt=P len=0
PKT t=17203 RX ua=95 mt=R len=7
PKT t=17208 TX ua=95 mt=P len=0
PKT t=17217 RX ua=95 mt=R len=7
PKT t=17222 TX ua=95 mt=P len=0
PKT t=17231 RX ua=95 mt=R len=7
PKT t=17236 TX ua=95 mt=P len=0
PKT t=17265 RX ua=95 mt=R len=7
PKT t=17270 TX ua=95 mt=P len=0
PKT t=17279 RX ua=95 mt=R len=7
PKT t=17284 TX ua=95 mt=P len=0
PKT t=17293 RX ua=95 mt=R len=7
PKT t=17298 TX ua=95 mt=P len=0
PKT t=17307 RX ua=95 mt=R len=7
PKT t=17312 TX ua=95 mt=P len=0
PKT t=17321 RX ua=95 mt=R len=7
PKT t=17326 TX ua=95 mt=P len=0
PKT t=17335 RX ua=95 mt=R len=7
PKT t=17340 TX ua=95 mt=P len=0
PKT t=17369 RX ua=95 mt=R len=7
PKT t=17374 TX ua=95 mt=T len=7
PKT t=17386 TX ua=95 mt=P len=0
PKT t=17396 RX ua=95 mt=R len=7
PKT t=17401 TX ua=95 mt=P len=0
PKT t=17411 RX ua=95 mt=R len=7
PKT t=17416 TX ua=95 mt=P len=0
PKT t=17426 RX ua=95 mt=R len=7
PKT t=17431 TX ua=95 mt=P len=0
PKT t=17441 RX ua=95 mt=R len=7
PKT t=17446 TX ua=95 mt=P len=0
PKT t=17475 RX ua=95 mt=R len=7
PKT t=17480 TX ua=95 mt=P len=0
PKT t=17490 RX ua=95 mt=R len=7
PKT t=17495 TX ua=95 mt=P len=0
PKT t=17505 RX ua=95 mt=R len=7
PKT t=17510 TX ua=95 mt=P len=0
PKT t=17520 RX ua=95 mt=R len=7
PKT t=17525 TX ua=95 mt=P len=0
PKT t=17535 RX ua=95 mt=R len=7
PKT t=17540 TX ua=95 mt=P len=0
PKT t=17550 RX ua=95 mt=R len=7
PKT t=17555 TX ua=95 mt=P len=0
PKT t=17584 RX ua=95 mt=R len=7
PKT t=17589 TX ua=95 mt=P len=0
PKT t=17599 RX ua=95 mt=R len=7
PKT t=17604 TX ua=95 mt=T len=7
PKT t=17616 TX ua=95 mt=P len=0
PKT t=17625 RX ua=95 mt=R len=7
PKT t=17630 TX ua=95 mt=P len=0
PKT t=17639 RX ua=95 mt=R len=7
PKT t=17644 TX ua=95 mt=P len=0
PKT t=17653 RX ua=95 mt=R len=7
PKT t=17658 TX ua=95 mt=P len=0
PKT t=17687 RX ua=95 mt=R len=7
PKT t=17692 TX ua=95 mt=P len=0
PKT t=17701 RX ua=95 mt=R len=7
PKT t=17706 TX ua=95 mt=P len=0
PKT t=17715 RX ua=95 mt=R len=7
PKT t=17720 TX ua=95 mt=P len=0
PKT t=17729 RX ua=95 mt=R len=7
PKT t=17734 TX ua=95 mt=P len=0
PKT t=17743 RX ua=95 mt=R len=7
PKT t=17748 TX ua=95 mt=P len=0
PKT t=17757 RX ua=95 mt=R len=7
PKT t=17762 TX ua=95 mt=P len=0
PKT t=17791 RX ua=95 mt=R len=7
PKT t=17796 TX ua=95 mt=P len=0
PKT t=17805 RX ua=95 mt=R len=7
PKT t=17810 TX ua=95 mt=P len=0
PKT t=17819 RX ua=95 mt=R len=7
PKT t=17824 TX ua=95 mt=P len=0
PKT t=17833 RX ua=95 mt=R len=7
PKT t=17838 TX ua=95 mt=P len=0
PKT t=17847 RX ua=95 mt=R len=7
PKT t=17852 TX ua=95 mt=T len=7
PKT t=17864 TX ua=95 mt=P len=0
PKT t=17892 RX ua=95 mt=R len=7
PKT t=17897 TX ua=95 mt=P len=0
PKT t=17906 RX ua=95 mt=R len=7
PKT t=17911 TX ua=95 mt=P len=0
PKT t=17920 RX ua=95 mt=R len=7
PKT t=17925 TX ua=95 mt=P len=0
PKT t=17934 RX ua=95 mt=R len=7
PKT t=17939 TX ua=95 mt=P len=0
PKT t=17948 RX ua=95 mt=R len=7
PKT t=17953 TX ua=95 mt=P len=0
PKT t=17962 RX ua=95 mt=R len=7
PKT t=17967 TX ua=95 mt=P len=0
PKT t=17996 RX ua=95 mt=R len=7
PKT t=18001 TX ua=95 mt=P len=0
PKT t=18013 RX ua=95 mt=R len=7
PKT t=18018 TX ua=95 mt=P len=0
PKT t=18027 RX ua=95 mt=R len=7
PKT t=18032 TX ua=95 mt=P len=0
PKT t=18041 RX ua=95 mt=R len=7
PKT t=18046 TX ua=95 mt=P len=0
PKT t=18056 RX ua=95 mt=R len=7
PKT t=18311 TX ua=96 mt=I len=13
PKT t=18819 TX ua=96 mt=T len=4
PKT t=18830 TX ua=95 mt=P len=0
PKT t=18839 RX ua=95 mt=R len=7
PKT t=18844 TX ua=96 mt=P len=0
PKT t=19102 TX ua=95 mt=P len=0
PKT t=19111 RX ua=95 mt=R len=7
PKT t=19116 TX ua=95 mt=T len=7
PKT t=19128 TX ua=95 mt=P len=0
PKT t=19137 RX ua=95 mt=R len=7
PKT t=19142 TX ua=95 mt=T len=7
PKT t=19154 TX ua=95 mt=P len=0
PKT t=19163 RX ua=95 mt=R len=7
PKT t=19168 TX ua=95 mt=P len=0
PKT t=19197 RX ua=95 mt=R len=7
PKT t=19202 TX ua=95 mt=P len=0
PKT t=19211 RX ua=95 mt=R len=7
PKT t=19216 TX ua=95 mt=P len=0
PKT t=19225 RX ua=95 mt=R len=7
PKT t=19230 TX ua=95 mt=P len=0
PKT t=19239 RX ua=95 mt=R len=7
PKT t=19244 TX ua=95 mt=P len=0
PKT t=19253 RX ua=95 mt=R len=7
PKT t=19258 TX ua=95 mt=P len=0
PKT t=19267 RX ua=95 mt=R len=7
PKT t=19272 TX ua=95 mt=P len=0
PKT t=19301 RX ua=95 mt=R len=7
PKT t=19306 TX ua=95 mt=P len=0
PKT t=19315 RX ua=95 mt=R len=7
PKT t=19320 TX ua=95 mt=P len=0
PKT t=19329 RX ua=95 mt=R len=7
PKT t=19334 TX ua=95 mt=P len=0
PKT t=19343 RX ua=95 mt=R len=7
PKT t=19348 TX ua=95 mt=P len=0
PKT t=19357 RX ua=95 mt=R len=7
PKT t=19362 TX ua=95 mt=T len=7
PKT t=19374 TX ua=95 mt=P len=0
PKT t=19402 RX ua=95 mt=R len=7
PKT t=19407 TX ua=95 mt=P len=0
PKT t=19417 RX ua=95 mt=R len=7
PKT t=19422 TX ua=95 mt=P len=0
PKT t=19432 RX ua=95 mt=R len=7
PKT t=19437 TX ua=95 mt=P len=0
PKT t=19447 RX ua=95 mt=R len=7
PKT t=19452 TX ua=95 mt=P len=0
PKT t=19462 RX ua=95 mt=R len=7
PKT t=19467 TX ua=95 mt=P len=0
PKT t=19477 RX ua=95 mt=R len=7
PKT t=19482 TX ua=95 mt=P len=0
PKT t=19511 RX ua=95 mt=R len=7
PKT t=19516 TX ua=95 mt=P len=0
PKT t=19526 RX ua=95 mt=R len=7
PKT t=19531 TX ua=95 mt=P len=0
PKT t=19541 RX ua=95 mt=R len=7
PKT t=19546 TX ua=95 mt=P len=0
PKT t=19556 RX ua=95 mt=R len=7
PKT t=19561 TX ua=95 mt=P len=0
PKT t=19571 RX ua=95 mt=R len=7
PKT t=19576 TX ua=95 mt=P len=0
PKT t=19586 RX ua=95 mt=R len=7
PKT t=19591 TX ua=95 mt=P len=0
PKT t=19620 RX ua=95 mt=R len=7
PKT t=19625 TX ua=95 mt=T len=7
PKT t=19637 TX ua=95 mt=P len=0
PKT t=19646 RX ua=95 mt=R len=7
PKT t=19651 TX ua=95 mt=P len=0
PKT t=19660 RX ua=95 mt=R len=7
PKT t=19665 TX ua=95 mt=P len=0
PKT t=19674 RX ua=95 mt=R len=7
PKT t=19679 TX ua=95 mt=P len=0
PKT t=19688 RX ua=95 mt=R len=7
PKT t=19693 TX ua=95 mt=P len=0
PKT t=19722 RX ua=95 mt=R len=7
PKT t=19727 TX ua=95 mt=P len=0
PKT t=19736 RX ua=95 mt=R len=7
PKT t=19741 TX ua=95 mt=P len=0
PKT t=19750 RX ua=95 mt=R len=7
PKT t=19755 TX ua=95 mt=P len=0
PKT t=19764 RX ua=95 mt=R len=7
PKT t=19769 TX ua=95 mt=P len=0
PKT t=19778 RX ua=95 mt=R len=7
PKT t=19783 TX ua=95 mt=P len=0
PKT t=19792 RX ua=95 mt=R len=7
PKT t=19797 TX ua=95 mt=P len=0
PKT t=19826 RX ua=95 mt=R len=7
PKT t=19831 TX ua=95 mt=P len=0
PKT t=19840 RX ua=95 mt=R len=7
PKT t=19845 TX ua=95 mt=P len=0
PKT t=19854 RX ua=95 mt=R len=7
PKT t=19859 TX ua=95 mt=T len=7
PKT t=19871 TX ua=95 mt=P len=0
PKT t=19880 RX ua=95 mt=R len=7
PKT t=19885 TX ua=95 mt=P len=0
PKT t=19894 RX ua=95 mt=R len=7
PKT t=19899 TX ua=95 mt=P len=0
PKT t=19928 RX ua=95 mt=R len=7
PKT t=19933 TX ua=95 mt=P len=0
PKT t=19942 RX ua=95 mt=R len=7
PKT t=19947 TX ua=95 mt=P len=0
PKT t=19956 RX ua=95 mt=R len=7
PKT t=19961 TX ua=95 mt=P len=0
PKT t=19971 RX ua=95 mt=R len=7
PKT t=19976 TX ua=95 mt=P len=0
PKT t=19985 RX ua=95 mt=R len=7
PKT t=19990 TX ua=95 mt=P len=0
PKT t=19999 RX ua=95 mt=R len=7
PKT t=20004 TX ua=95 mt=P len=0
PKT t=20033 RX ua=95 mt=R len=7
PKT t=20038 TX ua=95 mt=P len=0
PKT t=20056 RX ua=95 mt=R len=7
PKT t=20061 TX ua=95 mt=P len=0
PKT t=20070 RX ua=95 mt=R len=7
PKT t=20075 TX ua=95 mt=P len=0
PKT t=20084 RX ua=95 mt=R len=7
PKT t=20089 TX ua=95 mt=P len=0
PKT t=20098 RX ua=95 mt=R len=7
PKT t=20103 TX ua=95 mt=T len=7
PKT t=20115 TX ua=95 mt=P len=0
PKT t=20140 RX ua=95 mt=R len=7
PKT t=20145 TX ua=95 mt=P len=0
PKT t=20154 RX ua=95 mt=R len=7
PKT t=20159 TX ua=95 mt=P len=0
PKT t=20168 RX ua=95 mt=R len=7
PKT t=20173 TX ua=95 mt=P len=0
PKT t=20182 RX ua=95 mt=R len=7
PKT t=20187 TX ua=95 mt=P len=0
PKT t=20196 RX ua=95 mt=R len=7
PKT t=20201 TX ua=95 mt=P len=0
PKT t=20233 RX ua=95 mt=R len=7
PKT t=20238 TX ua=95 mt=P len=0
PKT t=20247 RX ua=95 mt=R len=7
PKT t=20252 TX ua=95 mt=P len=0
PKT t=20261 RX ua=95 mt=R len=7
PKT t=20266 TX ua=95 mt=P len=0
PKT t=20275 RX ua=95 mt=R len=7
PKT t=20280 TX ua=95 mt=P len=0
PKT t=20289 RX ua=95 mt=R len=7
PKT t=20294 TX ua=95 mt=P len=0
PKT t=20303 RX ua=95 mt=R len=7
PKT t=20308 TX ua=95 mt=P len=0
PKT t=20337 RX ua=95 mt=R len=7
PKT t=20342 TX ua=95 mt=P len=0
PKT t=20351 RX ua=95 mt=R len=7
PKT t=20356 TX ua=95 mt=T len=7
PKT t=20368 TX ua=95 mt=P len=0
PKT t=20377 RX ua=95 mt=R len=7
PKT t=20382 TX ua=95 mt=P len=0
PKT t=20391 RX ua=95 mt=R len=7
PKT t=20396 TX ua=95 mt=P len=0
PKT t=20405 RX ua=95 mt=R len=7
PKT t=20410 TX ua=95 mt=P len=0
PKT t=20439 RX ua=95 mt=R len=7
PKT t=20444 TX ua=95 mt=P len=0
PKT t=20453 RX ua=95 mt=R len=7
PKT t=20458 TX ua=95 mt=P len=0
PKT t=20467 RX ua=95 mt=R len=7
PKT t=20472 TX ua=95 mt=P len=0
PKT t=20481 RX ua=95 mt=R len=7
PKT t=20486 TX ua=95 mt=P len=0
PKT t=20495 RX ua=95 mt=R len=7
PKT t=20500 TX ua=95 mt=P len=0
PKT t=20509 RX ua=95 mt=R len=7
PKT t=20514 TX ua=95 mt=P len=0
PKT t=20543 RX ua=95 mt=R len=7
PKT t=20548 TX ua=95 mt=P len=0
PKT t=20557 RX ua=95 mt=R len=7
PKT t=20562 TX ua=95 mt=P len=0
PKT t=20571 RX ua=95 mt=R len=7
PKT t=20576 TX ua=95 mt=P len=0
PKT t=20585 RX ua=95 mt=R len=7
PKT t=20590 TX ua=95 mt=P len=0
PKT t=20599 RX ua=95 mt=R len=7
PKT t=20604 TX ua=95 mt=T len=7
PKT t=20616 TX ua=95 mt=P len=0
PKT t=20644 RX ua=95 mt=R len=7
PKT t=20649 TX ua=95 mt=P len=0
PKT t=20658 RX ua=95 mt=R len=7
PKT t=20663 TX ua=95 mt=P len=0
PKT t=20672 RX ua=95 mt=R len=7
PKT t=20677 TX ua=95 mt=P len=0
PKT t=20686 RX ua=95 mt=R len=7
PKT t=20691 TX ua=95 mt=P len=0
PKT t=20700 RX ua=95 mt=R len=7
PKT t=20705 TX ua=95 mt=P len=0
PKT t=20714 RX ua=95 mt=R len=7
PKT t=20719 TX ua=95 mt=P len=0
PKT t=20748 RX ua=95 mt=R len=7
PKT t=20753 TX ua=95 mt=P len=0
PKT t=20762 RX ua=95 mt=R len=7
PKT t=20767 TX ua=95 mt=P len=0
PKT t=20776 RX ua=95 mt=R len=7
PKT t=20781 TX ua=95 mt=P len=0
PKT t=20790 RX ua=95 mt=R len=7
PKT t=20795 TX ua=95 mt=P len=0
PKT t=20804 RX ua=95 mt=R len=7
PKT t=20809 TX ua=95 mt=P len=0
PKT t=20818 RX ua=95 mt=R len=7
PKT t=20823 TX ua=95 mt=P len=0
PKT t=20852 RX ua=95 mt=R len=7
PKT t=20857 TX ua=95 mt=T len=7
PKT t=20869 TX ua=95 mt=P len=0
PKT t=20878 RX ua=95 mt=R len=7
PKT t=20883 TX ua=95 mt=P len=0
PKT t=20892 RX ua=95 mt=R len=7
PKT t=20897 TX ua=95 mt=P len=0
PKT t=20906 RX ua=95 mt=R len=7
PKT t=20911 TX ua=95 mt=P len=0
PKT t=20920 RX ua=95 mt=R len=7
PKT t=20925 TX ua=95 mt=P len=0
PKT t=20954 RX ua=95 mt=R len=7
PKT t=20959 TX ua=95 mt=P len=0
PKT t=20968 RX ua=95 mt=R len=7
PKT t=20973 TX ua=95 mt=P len=0
PKT t=20982 RX ua=95 mt=R len=7
PKT t=20987 TX ua=95 mt=P len=0
PKT t=20996 RX ua=95 mt=R len=7
PKT t=21001 TX ua=95 mt=P len=0
PKT t=21010 RX ua=95 mt=R len=7
PKT t=21015 TX ua=95 mt=P len=0
PKT t=21024 RX ua=95 mt=R len=7
PKT t=21029 TX ua=95 mt=P len=0
PKT t=21058 RX ua=95 mt=R len=7
PKT t=21063 TX ua=95 mt=P len=0
PKT t=21072 RX ua=95 mt=R len=7
PKT t=21077 TX ua=95 mt=P len=0
PKT t=21086 RX ua=95 mt=R len=7
PKT t=21091 TX ua=95 mt=P len=0
PKT t=21100 RX ua=95 mt=R len=7
PKT t=21105 TX ua=95 mt=T len=7
PKT t=21118 TX ua=95 mt=P len=0
PKT t=21127 RX ua=95 mt=R len=7
PKT t=21132 TX ua=95 mt=P len=0
PKT t=21161 RX ua=95 mt=R len=7
PKT t=21166 TX ua=95 mt=P len=0
PKT t=21175 RX ua=95 mt=R len=7
PKT t=21180 TX ua=95 mt=P len=0
PKT t=21189 RX ua=95 mt=R len=7
PKT t=21194 TX ua=95 mt=P len=0
PKT t=21203 RX ua=95 mt=R len=7
PKT t=21208 TX ua=95 mt=P len=0
PKT t=21217 RX ua=95 mt=R len=7
PKT t=21222 TX ua=95 mt=P len=0
PKT t=21231 RX ua=95 mt=R len=7
PKT t=21236 TX ua=95 mt=P len=0
PKT t=21265 RX ua=95 mt=R len=7
PKT t=21270 TX ua=95 mt=P len=0
PKT t=21279 RX ua=95 mt=R len=7
PKT t=21284 TX ua=95 mt=P len=0
PKT t=21293 RX ua=95 mt=R len=7
PKT t=21298 TX ua=95 mt=P len=0
PKT t=21307 RX ua=95 mt=R len=7
PKT t=21312 TX ua=95 mt=P len=0
PKT t=21321 RX ua=95 mt=R len=7
PKT t=21326 TX ua=95 mt=P len=0
PKT t=21335 RX ua=95 mt=R len=7
PKT t=21340 TX ua=95 mt=P len=0
PKT t=21369 RX ua=95 mt=R len=7
PKT t=21374 TX ua=95 mt=T len=7
PKT t=21387 TX ua=95 mt=P len=0
PKT t=21397 RX ua=95 mt=R len=7
PKT t=21402 TX ua=95 mt=P len=0
PKT t=21412 RX ua=95 mt=R len=7
PKT t=21417 TX ua=95 mt=P len=0
PKT t=21427 RX ua=95 mt=R len=7
PKT t=21432 TX ua=95 mt=P len=0
PKT t=21442 RX ua=95 mt=R len=7
PKT t=21447 TX ua=95 mt=P len=0
PKT t=21476 RX ua=95 mt=R len=7
PKT t=21481 TX ua=95 mt=P len=0
PKT t=21491 RX ua=95 mt=R len=7
PKT t=21496 TX ua=95 mt=P len=0
PKT t=21506 RX ua=95 mt=R len=7
PKT t=21511 TX ua=95 mt=P len=0
PKT t=21521 RX ua=95 mt=R len=7
PKT t=21526 TX ua=95 mt=P len=0
PKT t=21536 RX ua=95 mt=R len=7
PKT t=21541 TX ua=95 mt=P len=0
PKT t=21551 RX ua=95 mt=R len=7
PKT t=21556 TX ua=95 mt=P len=0
PKT t=21585 RX ua=95 mt=R len=7
PKT t=21590 TX ua=95 mt=P len=0
PKT t=21600 RX ua=95 mt=R len=7
PKT t=21605 TX ua=95 mt=T len=7
PKT t=21618 TX ua=95 mt=P len=0
PKT t=21627 RX ua=95 mt=R len=7
PKT t=21632 TX ua=95 mt=P len=0
PKT t=21641 RX ua=95 mt=R len=7
PKT t=21646 TX ua=95 mt=P len=0
PKT t=21655 RX ua=95 mt=R len=7
PKT t=21660 TX ua=95 mt=P len=0
PKT t=21689 RX ua=95 mt=R len=7
PKT t=21694 TX ua=95 mt=P len=0
PKT t=21703 RX ua=95 mt=R len=7
PKT t=21708 TX ua=95 mt=P len=0
PKT t=21717 RX ua=95 mt=R len=7
PKT t=21722 TX ua=95 mt=P len=0
PKT t=21731 RX ua=95 mt=R len=7
PKT t=21736 TX ua=95 mt=P len=0
PKT t=21745 RX ua=95 mt=R len=7
PKT t=21750 TX ua=95 mt=P len=0
PKT t=21759 RX ua=95 mt=R len=7
PKT t=21764 TX ua=95 mt=P len=0
PKT t=21793 RX ua=95 mt=R len=7
PKT t=21798 TX ua=95 mt=P len=0
PKT t=21807 RX ua=95 mt=R len=7
PKT t=21812 TX ua=95 mt=P len=0
PKT t=21821 RX ua=95 mt=R len=7
PKT t=21826 TX ua=95 mt=P len=0
PKT t=21835 RX ua=95 mt=R len=7
PKT t=21840 TX ua=95 mt=P len=0
PKT t=21849 RX ua=95 mt=R len=7
PKT t=21854 TX ua=95 mt=T len=7
PKT t=21867 TX ua=95 mt=P len=0
PKT t=21894 RX ua=95 mt=R len=7
PKT t=21899 TX ua=95 mt=P len=0
PKT t=21908 RX ua=95 mt=R len=7
PKT t=21913 TX ua=95 mt=P len=0
PKT t=21922 RX ua=95 mt=R len=7
PKT t=21927 TX ua=95 mt=P len=0
PKT t=21936 RX ua=95 mt=R len=7
PKT t=21941 TX ua=95 mt=P len=0
PKT t=21950 RX ua=95 mt=R len=7
PKT t=21955 TX ua=95 mt=P len=0
PKT t=21964 RX ua=95 mt=R len=7
PKT t=21969 TX ua=95 mt=P len=0
PKT t=21998 RX ua=95 mt=R len=7
PKT t=22003 TX ua=95 mt=P len=0
PKT t=22015 RX ua=95 mt=R len=7
PKT t=22020 TX ua=95 mt=P len=0
PKT t=22029 RX ua=95 mt=R len=7
PKT t=22034 TX ua=95 mt=P len=0
PKT t=22043 RX ua=95 mt=R len=7
PKT t=22056 TX ua=95 mt=P len=0
PKT t=22065 RX ua=95 mt=R len=7
PKT t=22070 TX ua=95 mt=P len=0
PKT t=22099 RX ua=95 mt=R len=7
PKT t=22104 TX ua=95 mt=T len=7
PKT t=22116 TX ua=95 mt=P len=0
PKT t=22125 RX ua=95 mt=R len=7
PKT t=22130 TX ua=95 mt=P len=0
PKT t=22139 RX ua=95 mt=R len=7
PKT t=22144 TX ua=95 mt=P len=0
PKT t=22153 RX ua=95 mt=R len=7
PKT t=22158 TX ua=95 mt=P len=0
PKT t=22167 RX ua=95 mt=R len=7
PKT t=22172 TX ua=95 mt=P len=0
PKT t=22201 RX ua=95 mt=R len=7
PKT t=22206 TX ua=95 mt=P len=0
PKT t=22215 RX ua=95 mt=R len=7
PKT t=22220 TX ua=95 mt=P len=0
PKT t=22229 RX ua=95 mt=R len=7
PKT t=22234 TX ua=95 mt=P len=0
PKT t=22243 RX ua=95 mt=R len=7
PKT t=22248 TX ua=95 mt=P len=0
PKT t=22257 RX ua=95 mt=R len=7
PKT t=22262 TX ua=95 mt=P len=0
PKT t=22271 RX ua=95 mt=R len=7
PKT t=22276 TX ua=95 mt=P len=0
PKT t=22305 RX ua=95 mt=R len=7
PKT t=22310 TX ua=95 mt=P len=0
PKT t=22319 RX ua=95 mt=R len=7
PKT t=22324 TX ua=95 mt=P len=0
PKT t=22333 RX ua=95 mt=R len=7
PKT t=22338 TX ua=95 mt=P len=0
PKT t=22347 RX ua=95 mt=R len=7
PKT t=22352 TX ua=95 mt=T len=7
PKT t=22364 TX ua=95 mt=P len=0
PKT t=22373 RX ua=95 mt=R len=7
PKT t=22378 TX ua=95 mt=P len=0
PKT t=22407 RX ua=95 mt=R len=7
PKT t=22412 TX ua=95 mt=P len=0
PKT t=22421 RX ua=95 mt=R len=7
PKT t=22426 TX ua=95 mt=P len=0
PKT t=22435 RX ua=95 mt=R len=7
PKT t=22440 TX ua=95 mt=P len=0
PKT t=22449 RX ua=95 mt=R len=7
PKT t=22454 TX ua=95 mt=P len=0
PKT t=22463 RX ua=95 mt=R len=7
PKT t=22468 TX ua=95 mt=P len=0
PKT t=22477 RX ua=95 mt=R len=7
PKT t=22482 TX ua=95 mt=P len=0
PKT t=22511 RX ua=95 mt=R len=7
PKT t=22516 TX ua=95 mt=P len=0
PKT t=22525 RX ua=95 mt=R len=7
PKT t=22530 TX ua=95 mt=P len=0
PKT t=22539 RX ua=95 mt=R len=7
PKT t=22544 TX ua=95 mt=P len=0
PKT t=22553 RX ua=95 mt=R len=7
PKT t=22558 TX ua=95 mt=P len=0
PKT t=22567 RX ua=95 mt=R len=7
PKT t=22572 TX ua=95 mt=P len=0
PKT t=22581 RX ua=95 mt=R len=7
PKT t=22586 TX ua=95 mt=P len=0
PKT t=22615 RX ua=95 mt=R len=7
PKT t=22620 TX ua=95 mt=T len=7
PKT t=22632 TX ua=95 mt=P len=0
PKT t=22641 RX ua=95 mt=R len=7
PKT t=22646 TX ua=95 mt=P len=0
PKT t=22655 RX ua=95 mt=R len=7
PKT t=22660 TX ua=95 mt=P len=0
PKT t=22669 RX ua=95 mt=R len=7
PKT t=22674 TX ua=95 mt=P len=0
PKT t=22683 RX ua=95 mt=R len=7
PKT t=22688 TX ua=95 mt=P len=0
PKT t=22717 RX ua=95 mt=R len=7
PKT t=22722 TX ua=95 mt=P len=0
PKT t=22731 RX ua=95 mt=R len=7
PKT t=22736 TX ua=95 mt=P len=0
PKT t=22745 RX ua=95 mt=R len=7
PKT t=22750 TX ua=95 mt=P len=0
PKT t=22759 RX ua=95 mt=R len=7
PKT t=22764 TX ua=95 mt=P len=0
PKT t=22773 RX ua=95 mt=R len=7
PKT t=22778 TX ua=95 mt=P len=0
PKT t=22787 RX ua=95 mt=R len=7
PKT t=22792 TX ua=95 mt=P len=0
PKT t=22821 RX ua=95 mt=R len=7
PKT t=22826 TX ua=95 mt=P len=0
PKT t=22835 RX ua=95 mt=R len=7
PKT t=22840 TX ua=95 mt=P len=0
PKT t=22849 RX ua=95 mt=R len=7
PKT t=22854 TX ua=95 mt=T len=7
PKT t=22866 TX ua=95 mt=P len=0
PKT t=22875 RX ua=95 mt=R len=7
PKT t=22880 TX ua=95 mt=P len=0
PKT t=22889 RX ua=95 mt=R len=7
PKT t=22894 TX ua=95 mt=P len=0
PKT t=22923 RX ua=95 mt=R len=7
PKT t=22928 TX ua=95 mt=P len=0
PKT t=22937 RX ua=95 mt=R len=7
PKT t=22942 TX ua=95 mt=P len=0
PKT t=22951 RX ua=95 mt=R len=7
PKT t=22956 TX ua=95 mt=P len=0
PKT t=22966 RX ua=95 mt=R len=7
PKT t=22970 TX ua=95 mt=P len=0
PKT t=22979 RX ua=95 mt=R len=7
PKT t=22984 TX ua=95 mt=P len=0
PKT t=22993 RX ua=95 mt=R len=7
PKT t=22998 TX ua=95 mt=P len=0
PKT t=23028 RX ua=95 mt=R len=7
PKT t=23033 TX ua=95 mt=P len=0
PKT t=23042 RX ua=95 mt=R len=7
PKT t=23047 TX ua=95 mt=P len=0
PKT t=23057 RX ua=95 mt=R len=7
PKT t=23312 TX ua=96 mt=P len=0
PKT t=23570 TX ua=95 mt=P len=0
PKT t=23580 RX ua=95 mt=R len=7
PKT t=23584 TX ua=95 mt=T len=7
PKT t=23596 TX ua=95 mt=P len=0
PKT t=23627 RX ua=95 mt=R len=7
PKT t=23632 TX ua=95 mt=T len=7
PKT t=23644 TX ua=95 mt=P len=0
PKT t=23653 RX ua=95 mt=R len=7
PKT t=23658 TX ua=95 mt=P len=0
PKT t=23667 RX ua=95 mt=R len=7
PKT t=23672 TX ua=95 mt=P len=0
PKT t=23681 RX ua=95 mt=R len=7
PKT t=23686 TX ua=95 mt=P len=0
PKT t=23695 RX ua=95 mt=R len=7
PKT t=23700 TX ua=95 mt=P len=0
PKT t=23730 RX ua=95 mt=R len=7
PKT t=23735 TX ua=95 mt=P len=0
PKT t=23744 RX ua=95 mt=R len=7
PKT t=23749 TX ua=95 mt=P len=0
PKT t=23759 RX ua=95 mt=R len=7
PKT t=23763 TX ua=95 mt=P len=0
PKT t=23772 RX ua=95 mt=R len=7
PKT t=23777 TX ua=95 mt=P len=0
PKT t=23786 RX ua=95 mt=R len=7
PKT t=23791 TX ua=95 mt=P len=0
PKT t=23800 RX ua=95 mt=R len=7
PKT t=23805 TX ua=95 mt=P len=0
PKT t=23834 RX ua=95 mt=R len=7
PKT t=23839 TX ua=95 mt=P len=0
PKT t=23848 RX ua=95 mt=R len=7
PKT t=23853 TX ua=95 mt=T len=7
PKT t=23865 TX ua=95 mt=P len=0
PKT t=23874 RX ua=95 mt=R len=7
PKT t=23879 TX ua=95 mt=P len=0
PKT t=23888 RX ua=95 mt=R len=7
PKT t=23893 TX ua=95 mt=P len=0
PKT t=23902 RX ua=95 mt=R len=7
PKT t=23907 TX ua=95 mt=P len=0
PKT t=23936 RX ua=95 mt=R len=7
PKT t=23941 TX ua=95 mt=P len=0
PKT t=23950 RX ua=95 mt=R len=7
PKT t=23955 TX ua=95 mt=P len=0
PKT t=23964 RX ua=95 mt=R len=7
PKT t=23969 TX ua=95 mt=P len=0
PKT t=23978 RX ua=95 mt=R len=7
PKT t=23983 TX ua=95 mt=P len=0
PKT t=23992 RX ua=95 mt=R len=7
PKT t=23997 TX ua=95 mt=P len=0
PKT t=24006 RX ua=95 mt=R len=7
PKT t=24011 TX ua=95 mt=P len=0
PKT t=24040 RX ua=95 mt=R len=7
PKT t=24045 TX ua=95 mt=P len=0
PKT t=24056 RX ua=95 mt=R len=7
PKT t=24311 TX ua=96 mt=P len=0
PKT t=24569 TX ua=95 mt=P len=0
PKT t=24578 RX ua=95 mt=R len=7
PKT t=24583 TX ua=95 mt=T len=7
PKT t=24595 TX ua=95 mt=P len=0
PKT t=24604 RX ua=95 mt=R len=7
PKT t=24609 TX ua=95 mt=T len=7
PKT t=24621 TX ua=95 mt=P len=0
PKT t=24642 RX ua=95 mt=R len=7
PKT t=24647 TX ua=95 mt=P len=0
PKT t=24656 RX ua=95 mt=R len=7
PKT t=24661 TX ua=95 mt=P len=0
PKT t=24670 RX ua=95 mt=R len=7
PKT t=24675 TX ua=95 mt=P len=0
PKT t=24684 RX ua=95 mt=R len=7
PKT t=24689 TX ua=95 mt=P len=0
PKT t=24698 RX ua=95 mt=R len=7
PKT t=24703 TX ua=95 mt=P len=0
PKT t=24712 RX ua=95 mt=R len=7
PKT t=24717 TX ua=95 mt=P len=0
PKT t=24746 RX ua=95 mt=R len=7
PKT t=24751 TX ua=95 mt=P len=0
PKT t=24760 RX ua=95 mt=R len=7
PKT t=24765 TX ua=95 mt=P len=0
PKT t=24774 RX ua=95 mt=R len=7
PKT t=24779 TX ua=95 mt=P len=0
PKT t=24788 RX ua=95 mt=R len=7
PKT t=24793 TX ua=95 mt=P len=0
PKT t=24802 RX ua=95 mt=R len=7
PKT t=24807 TX ua=95 mt=P len=0
PKT t=24816 RX ua=95 mt=R len=7
PKT t=24821 TX ua=95 mt=P len=0
PKT t=24850 RX ua=95 mt=R len=7
PKT t=24855 TX ua=95 mt=T len=7
PKT t=24867 TX ua=95 mt=P len=0
PKT t=24876 RX ua=95 mt=R len=7
PKT t=24881 TX ua=95 mt=P len=0
PKT t=24890 RX ua=95 mt=R len=7
PKT t=24895 TX ua=95 mt=P len=0
PKT t=24904 RX ua=95 mt=R len=7
PKT t=24909 TX ua=95 mt=P len=0
PKT t=24918 RX ua=95 mt=R len=7
PKT t=24923 TX ua=95 mt=P len=0
PKT t=24952 RX ua=95 mt=R len=7
PKT t=24957 TX ua=95 mt=P len=0
PKT t=24966 RX ua=95 mt=R len=7
PKT t=24971 TX ua=95 mt=P len=0
PKT t=24980 RX ua=95 mt=R len=7
PKT t=24985 TX ua=95 mt=P len=0
PKT t=24994 RX ua=95 mt=R len=7
PKT t=24999 TX ua=95 mt=P len=0
PKT t=25008 RX ua=95 mt=R len=7
PKT t=25013 TX ua=95 mt=P len=0
PKT t=25022 RX ua=95 mt=R len=7
PKT t=25027 TX ua=95 mt=P len=0
PKT t=25056 RX ua=95 mt=R len=7
PKT t=25061 TX ua=95 mt=P len=0
PKT t=25070 RX ua=95 mt=R len=7
PKT t=25075 TX ua=95 mt=P len=0
PKT t=25084 RX ua=95 mt=R len=7
PKT t=25089 TX ua=95 mt=P len=0
PKT t=25098 RX ua=95 mt=R len=7
PKT t=25103 TX ua=95 mt=T len=7
PKT t=25115 TX ua=95 mt=P len=0
PKT t=25124 RX ua=95 mt=R len=7
PKT t=25129 TX ua=95 mt=P len=0
PKT t=25158 RX ua=95 mt=R len=7
PKT t=25163 TX ua=95 mt=P len=0
PKT t=25172 RX ua=95 mt=R len=7
PKT t=25177 TX ua=95 mt=P len=0
PKT t=25186 RX ua=95 mt=R len=7
PKT t=25191 TX ua=95 mt=P len=0
PKT t=25200 RX ua=95 mt=R len=7
PKT t=25205 TX ua=95 mt=P len=0
PKT t=25214 RX ua=95 mt=R len=7
PKT t=25219 TX ua=95 mt=P len=0
PKT t=25228 RX ua=95 mt=R len=7
PKT t=25233 TX ua=95 mt=P len=0
PKT t=25262 RX ua=95 mt=R len=7
PKT t=25267 TX ua=95 mt=P len=0
PKT t=25276 RX ua=95 mt=R len=7
PKT t=25281 TX ua=95 mt=P len=0
PKT t=25290 RX ua=95 mt=R len=7
PKT t=25295 TX ua=95 mt=P len=0
PKT t=25304 RX ua=95 mt=R len=7
PKT t=25309 TX ua=95 mt=P len=0
PKT t=25318 RX ua=95 mt=R len=7
PKT t=25323 TX ua=95 mt=P len=0
PKT t=25332 RX ua=95 mt=R len=7
PKT t=25337 TX ua=95 mt=P len=0
PKT t=25367 RX ua=95 mt=R len=7
PKT t=25372 TX ua=95 mt=T len=7
PKT t=25384 TX ua=95 mt=P len=0
PKT t=25394 RX ua=95 mt=R len=7
PKT t=25399 TX ua=95 mt=P len=0
PKT t=25409 RX ua=95 mt=R len=7
PKT t=25414 TX ua=95 mt=P len=0
PKT t=25424 RX ua=95 mt=R len=7
PKT t=25429 TX ua=95 mt=P len=0
PKT t=25439 RX ua=95 mt=R len=7
PKT t=25444 TX ua=95 mt=P len=0
PKT t=25473 RX ua=95 mt=R len=7
PKT t=25478 TX ua=95 mt=P len=0
PKT t=25488 RX ua=95 mt=R len=7
PKT t=25493 TX ua=95 mt=P len=0
PKT t=25503 RX ua=95 mt=R len=7
PKT t=25508 TX ua=95 mt=P len=0
PKT t=25518 RX ua=95 mt=R len=7
PKT t=25523 TX ua=95 mt=P len=0
PKT t=25533 RX ua=95 mt=R len=7
PKT t=25538 TX ua=95 mt=P len=0
PKT t=25548 RX ua=95 mt=R len=7
PKT t=25553 TX ua=95 mt=P len=0
PKT t=25582 RX ua=95 mt=R len=7
PKT t=25587 TX ua=95 mt=P len=0
PKT t=25597 RX ua=95 mt=R len=7
PKT t=25602 TX ua=95 mt=T len=7
PKT t=25614 TX ua=95 mt=P len=0
PKT t=25623 RX ua=95 mt=R len=7
PKT t=25628 TX ua=95 mt=P len=0
PKT t=25637 RX ua=95 mt=R len=7
PKT t=25642 TX ua=95 mt=P len=0
PKT t=25651 RX ua=95 mt=R len=7
PKT t=25656 TX ua=95 mt=P len=0
PKT t=25685 RX ua=95 mt=R len=7
PKT t=25690 TX ua=95 mt=P len=0
PKT t=25699 RX ua=95 mt=R len=7
PKT t=25704 TX ua=95 mt=P len=0
PKT t=25713 RX ua=95 mt=R len=7
PKT t=25718 TX ua=95 mt=P len=0
PKT t=25727 RX ua=95 mt=R len=7
PKT t=25732 TX ua=95 mt=P len=0
PKT t=25741 RX ua=95 mt=R len=7
PKT t=25746 TX ua=95 mt=P len=0
PKT t=25755 RX ua=95 mt=R len=7
PKT t=25760 TX ua=95 mt=P len=0
PKT t=25789 RX ua=95 mt=R len=7
PKT t=25794 TX ua=95 mt=P len=0
PKT t=25803 RX ua=95 mt=R len=7
PKT t=25808 TX ua=95 mt=P len=0
PKT t=25817 RX ua=95 mt=R len=7
PKT t=25822 TX ua=95 mt=P len=0
PKT t=25831 RX ua=95 mt=R len=7
PKT t=25836 TX ua=95 mt=P len=0
PKT t=25845 RX ua=95 mt=R len=7
PKT t=25850 TX ua=95 mt=T len=7
PKT t=25862 TX ua=95 mt=P len=0
PKT t=25890 RX ua=95 mt=R len=7
PKT t=25895 TX ua=95 mt=P len=0
PKT t=25904 RX ua=95 mt=R len=7
PKT t=25909 TX ua=95 mt=P len=0
PKT t=25918 RX ua=95 mt=R len=7
PKT t=25923 TX ua=95 mt=P len=0
PKT t=25932 RX ua=95 mt=R len=7
PKT t=25937 TX ua=95 mt=P len=0
PKT t=25946 RX ua=95 mt=R len=7
PKT t=25951 TX ua=95 mt=P len=0
PKT t=25960 RX ua=95 mt=R len=7
PKT t=25965 TX ua=95 mt=P len=0
PKT t=25994 RX ua=95 mt=R len=7
PKT t=25999 TX ua=95 mt=P len=0
PKT t=26008 RX ua=95 mt=R len=7
PKT t=26017 TX ua=95 mt=P len=0
PKT t=26026 RX ua=95 mt=R len=7
PKT t=26031 TX ua=95 mt=P len=0
PKT t=26040 RX ua=95 mt=R len=7
PKT t=26045 TX ua=95 mt=P len=0
PKT t=26056 RX ua=95 mt=R len=7
PKT t=26311 TX ua=96 mt=P len=0
PKT t=26569 TX ua=95 mt=P len=0
PKT t=26578 RX ua=95 mt=R len=7
PKT t=26583 TX ua=95 mt=T len=7
PKT t=26596 TX ua=95 mt=P len=0
PKT t=26605 RX ua=95 mt=R len=7
PKT t=26610 TX ua=95 mt=T len=7
PKT t=26623 TX ua=95 mt=P len=0
PKT t=26632 RX ua=95 mt=R len=7
PKT t=26637 TX ua=95 mt=P len=0
PKT t=26646 RX ua=95 mt=R len=7
PKT t=26651 TX ua=95 mt=P len=0
PKT t=26660 RX ua=95 mt=R len=7
PKT t=26665 TX ua=95 mt=P len=0
PKT t=26694 RX ua=95 mt=R len=7
PKT t=26699 TX ua=95 mt=P len=0
PKT t=26708 RX ua=95 mt=R len=7
PKT t=26713 TX ua=95 mt=P len=0
PKT t=26722 RX ua=95 mt=R len=7
PKT t=26727 TX ua=95 mt=P len=0
PKT t=26736 RX ua=95 mt=R len=7
PKT t=26741 TX ua=95 mt=P len=0
PKT t=26750 RX ua=95 mt=R len=7
PKT t=26755 TX ua=95 mt=P len=0
PKT t=26764 RX ua=95 mt=R len=7
PKT t=26769 TX ua=95 mt=P len=0
PKT t=26798 RX ua=95 mt=R len=7
PKT t=26803 TX ua=95 mt=P len=0
PKT t=26812 RX ua=95 mt=R len=7
PKT t=26817 TX ua=95 mt=P len=0
PKT t=26826 RX ua=95 mt=R len=7
PKT t=26831 TX ua=95 mt=P len=0
PKT t=26840 RX ua=95 mt=R len=7
PKT t=26845 TX ua=95 mt=P len=0
PKT t=26854 RX ua=95 mt=R len=7
PKT t=26859 TX ua=95 mt=T len=7
PKT t=26872 TX ua=95 mt=P len=0
PKT t=26899 RX ua=95 mt=R len=7
PKT t=26904 TX ua=95 mt=P len=0
PKT t=26913 RX ua=95 mt=R len=7
PKT t=26918 TX ua=95 mt=P len=0
PKT t=26927 RX ua=95 mt=R len=7
PKT t=26932 TX ua=95 mt=P len=0
PKT t=26941 RX ua=95 mt=R len=7
PKT t=26946 TX ua=95 mt=P len=0
PKT t=26955 RX ua=95 mt=R len=7
PKT t=26960 TX ua=95 mt=P len=0
PKT t=26969 RX ua=95 mt=R len=7
PKT t=26974 TX ua=95 mt=P len=0
PKT t=27003 RX ua=95 mt=R len=7
PKT t=27008 TX ua=95 mt=P len=0
PKT t=27017 RX ua=95 mt=R len=7
PKT t=27022 TX ua=95 mt=P len=0
PKT t=27031 RX ua=95 mt=R len=7
PKT t=27036 TX ua=95 mt=P len=0
PKT t=27045 RX ua=95 mt=R len=7
PKT t=27056 TX ua=95 mt=P len=0
PKT t=27065 RX ua=95 mt=R len=7
PKT t=27070 TX ua=95 mt=P len=0
PKT t=27103 RX ua=95 mt=R len=7
PKT t=27108 TX ua=95 mt=T len=7
PKT t=27120 TX ua=95 mt=P len=0
PKT t=27129 RX ua=95 mt=R len=7
PKT t=27134 TX ua=95 mt=P len=0
PKT t=27143 RX ua=95 mt=R len=7
PKT t=27148 TX ua=95 mt=P len=0
PKT t=27157 RX ua=95 mt=R len=7
PKT t=27162 TX ua=95 mt=P len=0
PKT t=27171 RX ua=95 mt=R len=7
PKT t=27176 TX ua=95 mt=P len=0
PKT t=27205 RX ua=95 mt=R len=7
PKT t=27210 TX ua=95 mt=P len=0
PKT t=27219 RX ua=95 mt=R len=7
PKT t=27224 TX ua=95 mt=P len=0
PKT t=27233 RX ua=95 mt=R len=7
PKT t=27238 TX ua=95 mt=P len=0
PKT t=27247 RX ua=95 mt=R len=7
PKT t=27252 TX ua=95 mt=P len=0
PKT t=27261 RX ua=95 mt=R len=7
PKT t=27266 TX ua=95 mt=P len=0
PKT t=27275 RX ua=95 mt=R len=7
PKT t=27280 TX ua=95 mt=P len=0
PKT t=27309 RX ua=95 mt=R len=7
PKT t=27314 TX ua=95 mt=P len=0
PKT t=27323 RX ua=95 mt=R len=7
PKT t=27328 TX ua=95 mt=P len=0
PKT t=27337 RX ua=95 mt=R len=7
PKT t=27342 TX ua=95 mt=P len=0
PKT t=27351 RX ua=95 mt=R len=7
PKT t=27356 TX ua=95 mt=T len=7
PKT t=27368 TX ua=95 mt=P len=0
PKT t=27378 RX ua=95 mt=R len=7
PKT t=27383 TX ua=95 mt=P len=0
PKT t=27412 RX ua=95 mt=R len=7
PKT t=27417 TX ua=95 mt=P len=0
PKT t=27427 RX ua=95 mt=R len=7
PKT t=27432 TX ua=95 mt=P len=0
PKT t=27442 RX ua=95 mt=R len=7
PKT t=27447 TX ua=95 mt=P len=0
PKT t=27457 RX ua=95 mt=R len=7
PKT t=27462 TX ua=95 mt=P len=0
PKT t=27472 RX ua=95 mt=R len=7
PKT t=27477 TX ua=95 mt=P len=0
PKT t=27487 RX ua=95 mt=R len=7
PKT t=27492 TX ua=95 mt=P len=0
PKT t=27521 RX ua=95 mt=R len=7
PKT t=27526 TX ua=95 mt=P len=0
PKT t=27536 RX ua=95 mt=R len=7
PKT t=27541 TX ua=95 mt=P len=0
PKT t=27551 RX ua=95 mt=R len=7
PKT t=27556 TX ua=95 mt=P len=0
PKT t=27566 RX ua=95 mt=R len=7
PKT t=27571 TX ua=95 mt=P len=0
PKT t=27581 RX ua=95 mt=R len=7
PKT t=27586 TX ua=95 mt=P len=0
PKT t=27596 RX ua=95 mt=R len=7
PKT t=27601 TX ua=95 mt=T len=7
PKT t=27613 TX ua=95 mt=P len=0
PKT t=27631 RX ua=95 mt=R len=7
PKT t=27636 TX ua=95 mt=P len=0
PKT t=27645 RX ua=95 mt=R len=7
PKT t=27650 TX ua=95 mt=P len=0
PKT t=27659 RX ua=95 mt=R len=7
PKT t=27664 TX ua=95 mt=P len=0
PKT t=27673 RX ua=95 mt=R len=7
PKT t=27678 TX ua=95 mt=P len=0
PKT t=27687 RX ua=95 mt=R len=7
PKT t=27692 TX ua=95 mt=P len=0
PKT t=27701 RX ua=95 mt=R len=7
PKT t=27706 TX ua=95 mt=P len=0
PKT t=27736 RX ua=95 mt=R len=7
PKT t=27741 TX ua=95 mt=P len=0
PKT t=27750 RX ua=95 mt=R len=7
PKT t=27755 TX ua=95 mt=P len=0
PKT t=27764 RX ua=95 mt=R len=7
PKT t=27769 TX ua=95 mt=P len=0
PKT t=27778 RX ua=95 mt=R len=7
PKT t=27783 TX ua=95 mt=P len=0
PKT t=27792 RX ua=95 mt=R len=7
PKT t=27797 TX ua=95 mt=P len=0
PKT t=27806 RX ua=95 mt=R len=7
PKT t=27811 TX ua=95 mt=P len=0
PKT t=27840 RX ua=95 mt=R len=7
PKT t=27845 TX ua=95 mt=P len=0
PKT t=27854 RX ua=95 mt=R len=7
PKT t=27859 TX ua=95 mt=T len=7
PKT t=27871 TX ua=95 mt=P len=0
PKT t=27880 RX ua=95 mt=R len=7
PKT t=27885 TX ua=95 mt=P len=0
PKT t=27894 RX ua=95 mt=R len=7
PKT t=27899 TX ua=95 mt=P len=0
PKT t=27908 RX ua=95 mt=R len=7
PKT t=27913 TX ua=95 mt=P len=0
PKT t=27942 RX ua=95 mt=R len=7
PKT t=27947 TX ua=95 mt=P len=0
PKT t=27956 RX ua=95 mt=R len=7
PKT t=27961 TX ua=95 mt=P len=0
PKT t=27970 RX ua=95 mt=R len=7
PKT t=27975 TX ua=95 mt=P len=0
PKT t=27984 RX ua=95 mt=R len=7
PKT t=27989 TX ua=95 mt=P len=0
PKT t=27998 RX ua=95 mt=R len=7
PKT t=28003 TX ua=95 mt=P len=0
PKT t=28012 RX ua=95 mt=R len=7
PKT t=28018 TX ua=95 mt=P len=0
PKT t=28046 RX ua=95 mt=R len=7
PKT t=28056 TX ua=95 mt=P len=0
PKT t=28065 RX ua=95 mt=R len=7
PKT t=28070 TX ua=95 mt=P len=0
PKT t=28079 RX ua=95 mt=R len=7
PKT t=28084 TX ua=95 mt=P len=0
PKT t=28093 RX ua=95 mt=R len=7
PKT t=28098 TX ua=95 mt=P len=0
PKT t=28107 RX ua=95 mt=R len=7
PKT t=28112 TX ua=95 mt=T len=7
PKT t=28124 TX ua=95 mt=P len=0
PKT t=28157 RX ua=95 mt=R len=7
PKT t=28162 TX ua=95 mt=P len=0
PKT t=28171 RX ua=95 mt=R len=7
PKT t=28176 TX ua=95 mt=P len=0
PKT t=28185 RX ua=95 mt=R len=7
PKT t=28190 TX ua=95 mt=P len=0
PKT t=28199 RX ua=95 mt=R len=7
PKT t=28204 TX ua=95 mt=P len=0
PKT t=28213 RX ua=95 mt=R len=7
PKT t=28218 TX ua=95 mt=P len=0
PKT t=28227 RX ua=95 mt=R len=7
PKT t=28232 TX ua=95 mt=P len=0
PKT t=28261 RX ua=95 mt=R len=7
PKT t=28266 TX ua=95 mt=P len=0
PKT t=28275 RX ua=95 mt=R len=7
PKT t=28280 TX ua=95 mt=P len=0
PKT t=28289 RX ua=95 mt=R len=7
PKT t=28294 TX ua=95 mt=P len=0
PKT t=28303 RX ua=95 mt=R len=7
PKT t=28308 TX ua=95 mt=P len=0
PKT t=28317 RX ua=95 mt=R len=7
PKT t=28322 TX ua=95 mt=P len=0
PKT t=28331 RX ua=95 mt=R len=7
PKT t=28336 TX ua=95 mt=P len=0
PKT t=28365 RX ua=95 mt=R len=7
PKT t=28370 TX ua=95 mt=T len=7
PKT t=28382 TX ua=95 mt=P len=0
PKT t=28391 RX ua=95 mt=R len=7
PKT t=28396 TX ua=95 mt=P len=0
PKT t=28405 RX ua=95 mt=R len=7
PKT t=28410 TX ua=95 mt=P len=0
PKT t=28419 RX ua=95 mt=R len=7
PKT t=28424 TX ua=95 mt=P len=0
PKT t=28433 RX ua=95 mt=R len=7
PKT t=28438 TX ua=95 mt=P len=0
PKT t=28467 RX ua=95 mt=R len=7
PKT t=28472 TX ua=95 mt=P len=0
PKT t=28481 RX ua=95 mt=R len=7
PKT t=28486 TX ua=95 mt=P len=0
PKT t=28495 RX ua=95 mt=R len=7
PKT t=28500 TX ua=95 mt=P len=0
PKT t=28509 RX ua=95 mt=R len=7
PKT t=28514 TX ua=95 mt=P len=0
PKT t=28523 RX ua=95 mt=R len=7
PKT t=28528 TX ua=95 mt=P len=0
PKT t=28537 RX ua=95 mt=R len=7
PKT t=28542 TX ua=95 mt=P len=0
PKT t=28571 RX ua=95 mt=R len=7
PKT t=28576 TX ua=95 mt=P len=0
PKT t=28585 RX ua=95 mt=R len=7
PKT t=28590 TX ua=95 mt=P len=0
PKT t=28599 RX ua=95 mt=R len=7
PKT t=28604 TX ua=95 mt=T len=7
PKT t=28616 TX ua=95 mt=P len=0
PKT t=28625 RX ua=95 mt=R len=7
PKT t=28630 TX ua=95 mt=P len=0
PKT t=28639 RX ua=95 mt=R len=7
PKT t=28644 TX ua=95 mt=P len=0
PKT t=28673 RX ua=95 mt=R len=7
PKT t=28678 TX ua=95 mt=P len=0
PKT t=28687 RX ua=95 mt=R len=7
PKT t=28692 TX ua=95 mt=P len=0
PKT t=28701 RX ua=95 mt=R len=7
PKT t=28706 TX ua=95 mt=P len=0
PKT t=28715 RX ua=95 mt=R len=7
PKT t=28720 TX ua=95 mt=P len=0
PKT t=28729 RX ua=95 mt=R len=7
PKT t=28734 TX ua=95 mt=P len=0
PKT t=28743 RX ua=95 mt=R len=7
PKT t=28748 TX ua=95 mt=P len=0
PKT t=28777 RX ua=95 mt=R len=7
PKT t=28782 TX ua=95 mt=P len=0
PKT t=28791 RX ua=95 mt=R len=7
PKT t=28796 TX ua=95 mt=P len=0
PKT t=28805 RX ua=95 mt=R len=7
PKT t=28810 TX ua=95 mt=P len=0
PKT t=28819 RX ua=95 mt=R len=7
PKT t=28824 TX ua=95 mt=P len=0
PKT t=28833 RX ua=95 mt=R len=7
PKT t=28838 TX ua=95 mt=P len=0
PKT t=28847 RX ua=95 mt=R len=7
PKT t=28852 TX ua=95 mt=T len=7
PKT t=28864 TX ua=95 mt=P len=0
PKT t=28884 RX ua=95 mt=R len=7
PKT t=28888 TX ua=95 mt=P len=0
PKT t=28897 RX ua=95 mt=R len=7
PKT t=28902 TX ua=95 mt=P len=0
PKT t=28911 RX ua=95 mt=R len=7
PKT t=28916 TX ua=95 mt=P len=0
PKT t=28925 RX ua=95 mt=R len=7
PKT t=28930 TX ua=95 mt=P len=0
PKT t=28939 RX ua=95 mt=R len=7
PKT t=28944 TX ua=95 mt=P len=0
PKT t=28953 RX ua=95 mt=R len=7
PKT t=28958 TX ua=95 mt=P len=0
PKT t=28987 RX ua=95 mt=R len=7
PKT t=28992 TX ua=95 mt=P len=0
PKT t=29001 RX ua=95 mt=R len=7
PKT t=29006 TX ua=95 mt=P len=0
PKT t=29015 RX ua=95 mt=R len=7
PKT t=29020 TX ua=95 mt=P len=0
PKT t=29029 RX ua=95 mt=R len=7
PKT t=29034 TX ua=95 mt=P len=0
PKT t=29043 RX ua=95 mt=R len=7
PKT t=29056 TX ua=95 mt=P len=0
PKT t=29087 RX ua=95 mt=R len=7
PKT t=29092 TX ua=95 mt=P len=0
PKT t=29101 RX ua=95 mt=R len=7
PKT t=29106 TX ua=95 mt=T len=7
PKT t=29119 TX ua=95 mt=P len=0
PKT t=29128 RX ua=95 mt=R len=7
PKT t=29133 TX ua=95 mt=P len=0
PKT t=29142 RX ua=95 mt=R len=7
PKT t=29147 TX ua=95 mt=P len=0
PKT t=29156 RX ua=95 mt=R len=7
PKT t=29161 TX ua=95 mt=P len=0
PKT t=29190 RX ua=95 mt=R len=7
PKT t=29195 TX ua=95 mt=P len=0
PKT t=29204 RX ua=95 mt=R len=7
PKT t=29209 TX ua=95 mt=P len=0
PKT t=29218 RX ua=95 mt=R len=7
PKT t=29223 TX ua=95 mt=P len=0
PKT t=29232 RX ua=95 mt=R len=7
PKT t=29237 TX ua=95 mt=P len=0
PKT t=29246 RX ua=95 mt=R len=7
PKT t=29251 TX ua=95 mt=P len=0
PKT t=29260 RX ua=95 mt=R len=7
PKT t=29265 TX ua=95 mt=P len=0
PKT t=29294 RX ua=95 mt=R len=7
PKT t=29299 TX ua=95 mt=P len=0
PKT t=29308 RX ua=95 mt=R len=7
PKT t=29313 TX ua=95 mt=P len=0
PKT t=29322 RX ua=95 mt=R len=7
PKT t=29327 TX ua=95 mt=P len=0
PKT t=29336 RX ua=95 mt=R len=7
PKT t=29341 TX ua=95 mt=P len=0
PKT t=29350 RX ua=95 mt=R len=7
PKT t=29355 TX ua=95 mt=T len=7
PKT t=29368 TX ua=95 mt=P len=0
PKT t=29396 RX ua=95 mt=R len=7
PKT t=29401 TX ua=95 mt=P len=0
PKT t=29411 RX ua=95 mt=R len=7
PKT t=29416 TX ua=95 mt=P len=0
PKT t=29426 RX ua=95 mt=R len=7
PKT t=29431 TX ua=95 mt=P len=0
PKT t=29441 RX ua=95 mt=R len=7
PKT t=29446 TX ua=95 mt=P len=0
PKT t=29456 RX ua=95 mt=R len=7
PKT t=29461 TX ua=95 mt=P len=0
PKT t=29471 RX ua=95 mt=R len=7
PKT t=29476 TX ua=95 mt=P len=0
PKT t=29505 RX ua=95 mt=R len=7
PKT t=29510 TX ua=95 mt=P len=0
PKT t=29520 RX ua=95 mt=R len=7
PKT t=29525 TX ua=95 mt=P len=0
PKT t=29535 RX ua=95 mt=R len=7
PKT t=29540 TX ua=95 mt=P len=0
PKT t=29550 RX ua=95 mt=R len=7
PKT t=29555 TX ua=95 mt=P len=0
PKT t=29565 RX ua=95 mt=R len=7
PKT t=29570 TX ua=95 mt=P len=0
PKT t=29580 RX ua=95 mt=R len=7
PKT t=29585 TX ua=95 mt=P len=0
PKT t=29614 RX ua=95 mt=R len=7
PKT t=29619 TX ua=95 mt=T len=7
PKT t=29632 TX ua=95 mt=P len=0
PKT t=29641 RX ua=95 mt=R len=7
PKT t=29646 TX ua=95 mt=P len=0
PKT t=29655 RX ua=95 mt=R len=7
PKT t=29660 TX ua=95 mt=P len=0
PKT t=29669 RX ua=95 mt=R len=7
PKT t=29674 TX ua=95 mt=P len=0
PKT t=29683 RX ua=95 mt=R len=7
PKT t=29688 TX ua=95 mt=P len=0
PKT t=29717 RX ua=95 mt=R len=7
PKT t=29722 TX ua=95 mt=P len=0
PKT t=29731 RX ua=95 mt=R len=7
PKT t=29736 TX ua=95 mt=P len=0
PKT t=29745 RX ua=95 mt=R len=7
PKT t=29750 TX ua=95 mt=P len=0
PKT t=29759 RX ua=95 mt=R len=7
PKT t=29764 TX ua=95 mt=P len=0
PKT t=29773 RX ua=95 mt=R len=7
PKT t=29778 TX ua=95 mt=P len=0
PKT t=29787 RX ua=95 mt=R len=7
PKT t=29792 TX ua=95 mt=P len=0
PKT t=29821 RX ua=95 mt=R len=7
PKT t=29826 TX ua=95 mt=P len=0
PKT t=29835 RX ua=95 mt=R len=7
PKT t=29840 TX ua=95 mt=P len=0
PKT t=29849 RX ua=95 mt=R len=7
PKT t=29854 TX ua=95 mt=T len=7
PKT t=29867 TX ua=95 mt=P len=0
PKT t=29876 RX ua=95 mt=R len=7
PKT t=29881 TX ua=95 mt=P len=0
PKT t=29890 RX ua=95 mt=R len=7
PKT t=29895 TX ua=95 mt=P len=0
PKT t=29924 RX ua=95 mt=R len=7
PKT t=29929 TX ua=95 mt=P len=0
PKT t=29938 RX ua=95 mt=R len=7
PKT t=29943 TX ua=95 mt=P len=0
PKT t=29952 RX ua=95 mt=R len=7
PKT t=29957 TX ua=95 mt=P len=0
PKT t=29966 RX ua=95 mt=R len=7
PKT t=29971 TX ua=95 mt=P len=0
PKT t=29980 RX ua=95 mt=R len=7
PKT t=29985 TX ua=95 mt=P len=0
PKT t=29994 RX ua=95 mt=R len=7
PKT t=29999 TX ua=95 mt=P len=0
PKT t=30028 RX ua=95 mt=R len=7
PKT t=30033 TX ua=95 mt=P len=0
PKT t=30042 RX ua=95 mt=R len=7
PKT t=30047 TX ua=95 mt=P len=0
PKT t=30057 RX ua=95 mt=R len=7
PKT t=30312 TX ua=96 mt=P len=0
PKT t=30570 TX ua=95 mt=P len=0
PKT t=30579 RX ua=95 mt=R len=7
PKT t=30584 TX ua=95 mt=T len=7
PKT t=30596 TX ua=95 mt=P len=0
PKT t=30628 RX ua=95 mt=R len=7
PKT t=30633 TX ua=95 mt=T len=7
PKT t=30645 TX ua=95 mt=P len=0
PKT t=30654 RX ua=95 mt=R len=7
PKT t=30659 TX ua=95 mt=P len=0
PKT t=30668 RX ua=95 mt=R len=7
PKT t=30673 TX ua=95 mt=P len=0
PKT t=30682 RX ua=95 mt=R len=7
PKT t=30687 TX ua=95 mt=P len=0
PKT t=30696 RX ua=95 mt=R len=7
PKT t=30701 TX ua=95 mt=P len=0
PKT t=30730 RX ua=95 mt=R len=7
PKT t=30735 TX ua=95 mt=P len=0
PKT t=30744 RX ua=95 mt=R len=7
PKT t=30749 TX ua=95 mt=P len=0
PKT t=30758 RX ua=95 mt=R len=7
PKT t=30763 TX ua=95 mt=P len=0
PKT t=30772 RX ua=95 mt=R len=7
PKT t=30777 TX ua=95 mt=P len=0
PKT t=30786 RX ua=95 mt=R len=7
PKT t=30791 TX ua=95 mt=P len=0
PKT t=30800 RX ua=95 mt=R len=7
PKT t=30805 TX ua=95 mt=P len=0
PKT t=30834 RX ua=95 mt=R len=7
PKT t=30839 TX ua=95 mt=P len=0
PKT t=30848 RX ua=95 mt=R len=7
PKT t=30853 TX ua=95 mt=T len=7
PKT t=30865 TX ua=95 mt=P len=0
PKT t=30874 RX ua=95 mt=R len=7
PKT t=30879 TX ua=95 mt=P len=0
PKT t=30888 RX ua=95 mt=R len=7
PKT t=30893 TX ua=95 mt=P len=0
PKT t=30902 RX ua=95 mt=R len=7
PKT t=30907 TX ua=95 mt=P len=0
PKT t=30936 RX ua=95 mt=R len=7
PKT t=30941 TX ua=95 mt=P len=0
PKT t=30950 RX ua=95 mt=R len=7
PKT t=30955 TX ua=95 mt=P len=0
PKT t=30964 RX ua=95 mt=R len=7
PKT t=30969 TX ua=95 mt=P len=0
PKT t=30978 RX ua=95 mt=R len=7
PKT t=30983 TX ua=95 mt=P len=0
PKT t=30992 RX ua=95 mt=R len=7
PKT t=30997 TX ua=95 mt=P len=0
PKT t=31006 RX ua=95 mt=R len=7
PKT t=31011 TX ua=95 mt=P len=0
PKT t=31040 RX ua=95 mt=R len=7
PKT t=31045 TX ua=95 mt=P len=0
PKT t=31056 RX ua=95 mt=R len=7
PKT t=31311 TX ua=96 mt=P len=0
PKT t=31569 TX ua=95 mt=P len=0
PKT t=31579 RX ua=95 mt=R len=7
PKT t=31583 TX ua=95 mt=T len=7
PKT t=31595 TX ua=95 mt=P len=0
PKT t=31605 RX ua=95 mt=R len=7
PKT t=31610 TX ua=95 mt=T len=7
PKT t=31622 TX ua=95 mt=P len=0
PKT t=31642 RX ua=95 mt=R len=7
PKT t=31647 TX ua=95 mt=P len=0
PKT t=31656 RX ua=95 mt=R len=7
PKT t=31661 TX ua=95 mt=P len=0
PKT t=31670 RX ua=95 mt=R len=7
PKT t=31675 TX ua=95 mt=P len=0
PKT t=31684 RX ua=95 mt=R len=7
PKT t=31689 TX ua=95 mt=P len=0
PKT t=31698 RX ua=95 mt=R len=7
PKT t=31703 TX ua=95 mt=P len=0
PKT t=31712 RX ua=95 mt=R len=7
PKT t=31717 TX ua=95 mt=P len=0
PKT t=31746 RX ua=95 mt=R len=7
PKT t=31751 TX ua=95 mt=P len=0
PKT t=31760 RX ua=95 mt=R len=7
PKT t=31765 TX ua=95 mt=P len=0
PKT t=31774 RX ua=95 mt=R len=7
PKT t=31779 TX ua=95 mt=P len=0
PKT t=31788 RX ua=95 mt=R len=7
PKT t=31793 TX ua=95 mt=P len=0
PKT t=31802 RX ua=95 mt=R len=7
PKT t=31807 TX ua=95 mt=P len=0
PKT t=31816 RX ua=95 mt=R len=7
PKT t=31821 TX ua=95 mt=P len=0
PKT t=31850 RX ua=95 mt=R len=7
PKT t=31855 TX ua=95 mt=T len=7
PKT t=31867 TX ua=95 mt=P len=0
PKT t=31876 RX ua=95 mt=R len=7
PKT t=31881 TX ua=95 mt=P len=0
PKT t=31890 RX ua=95 mt=R len=7
PKT t=31895 TX ua=95 mt=P len=0
PKT t=31904 RX ua=95 mt=R len=7
PKT t=31909 TX ua=95 mt=P len=0
PKT t=31918 RX ua=95 mt=R len=7
PKT t=31923 TX ua=95 mt=P len=0
PKT t=31952 RX ua=95 mt=R len=7
PKT t=31957 TX ua=95 mt=P len=0
PKT t=31966 RX ua=95 mt=R len=7
PKT t=31971 TX ua=95 mt=P len=0
PKT t=31980 RX ua=95 mt=R len=7
PKT t=31985 TX ua=95 mt=P len=0
PKT t=31994 RX ua=95 mt=R len=7
PKT t=31999 TX ua=95 mt=P len=0
PKT t=32008 RX ua=95 mt=R len=7
PKT t=32013 TX ua=95 mt=P len=0
PKT t=32022 RX ua=95 mt=R len=7
PKT t=32027 TX ua=95 mt=P len=0
PKT t=32056 RX ua=95 mt=R len=7
PKT t=32061 TX ua=95 mt=P len=0
PKT t=32070 RX ua=95 mt=R len=7
PKT t=32075 TX ua=95 mt=P len=0
PKT t=32084 RX ua=95 mt=R len=7
PKT t=32089 TX ua=95 mt=P len=0
PKT t=32098 RX ua=95 mt=R len=7
PKT t=32103 TX ua=95 mt=T len=7
PKT t=32115 TX ua=95 mt=P len=0
PKT t=32124 RX ua=95 mt=R len=7
PKT t=32129 TX ua=95 mt=P len=0
PKT t=32163 RX ua=95 mt=R len=7
PKT t=32168 TX ua=95 mt=P len=0
PKT t=32177 RX ua=95 mt=R len=7
PKT t=32182 TX ua=95 mt=P len=0
PKT t=32191 RX ua=95 mt=R len=7
PKT t=32196 TX ua=95 mt=P len=0
PKT t=32205 RX ua=95 mt=R len=7
PKT t=32210 TX ua=95 mt=P len=0
PKT t=32219 RX ua=95 mt=R len=7
PKT t=32224 TX ua=95 mt=P len=0
PKT t=32233 RX ua=95 mt=R len=7
PKT t=32238 TX ua=95 mt=P len=0
PKT t=32268 RX ua=95 mt=R len=7
PKT t=32273 TX ua=95 mt=P len=0
PKT t=32282 RX ua=95 mt=R len=7
PKT t=32287 TX ua=95 mt=P len=0
PKT t=32296 RX ua=95 mt=R len=7
PKT t=32301 TX ua=95 mt=P len=0
PKT t=32310 RX ua=95 mt=R len=7
PKT t=32315 TX ua=95 mt=P len=0
PKT t=32324 RX ua=95 mt=R len=7
PKT t=32329 TX ua=95 mt=P len=0
PKT t=32338 RX ua=95 mt=R len=7
PKT t=32343 TX ua=95 mt=P len=0
PKT t=32372 RX ua=95 mt=R len=7
PKT t=32377 TX ua=95 mt=T len=7
PKT t=32389 TX ua=95 mt=P len=0
PKT t=32398 RX ua=95 mt=R len=7
PKT t=32403 TX ua=95 mt=P len=0
PKT t=32412 RX ua=95 mt=R len=7
PKT t=32417 TX ua=95 mt=P len=0
PKT t=32426 RX ua=95 mt=R len=7
PKT t=32431 TX ua=95 mt=P len=0
PKT t=32440 RX ua=95 mt=R len=7
PKT t=32445 TX ua=95 mt=P len=0
PKT t=32474 RX ua=95 mt=R len=7
PKT t=32479 TX ua=95 mt=P len=0
PKT t=32488 RX ua=95 mt=R len=7
PKT t=32493 TX ua=95 mt=P len=0
PKT t=32502 RX ua=95 mt=R len=7
PKT t=32507 TX ua=95 mt=P len=0
PKT t=32516 RX ua=95 mt=R len=7
PKT t=32521 TX ua=95 mt=P len=0
PKT t=32530 RX ua=95 mt=R len=7
PKT t=32535 TX ua=95 mt=P len=0
PKT t=32544 RX ua=95 mt=R len=7
PKT t=32549 TX ua=95 mt=P len=0
PKT t=32578 RX ua=95 mt=R len=7
PKT t=32583 TX ua=95 mt=P len=0
PKT t=32592 RX ua=95 mt=R len=7
PKT t=32597 TX ua=95 mt=P len=0
PKT t=32606 RX ua=95 mt=R len=7
PKT t=32611 TX ua=95 mt=T len=7
PKT t=32623 TX ua=95 mt=P len=0
PKT t=32632 RX ua=95 mt=R len=7
PKT t=32637 TX ua=95 mt=P len=0
PKT t=32646 RX ua=95 mt=R len=7
PKT t=32651 TX ua=95 mt=P len=0
PKT t=32680 RX ua=95 mt=R len=7
PKT t=32685 TX ua=95 mt=P len=0
PKT t=32694 RX ua=95 mt=R len=7
PKT t=32699 TX ua=95 mt=P len=0
PKT t=32708 RX ua=95 mt=R len=7
PKT t=32713 TX ua=95 mt=P len=0
PKT t=32722 RX ua=95 mt=R len=7
PKT t=32727 TX ua=95 mt=P len=0
PKT t=32736 RX ua=95 mt=R len=7
PKT t=32741 TX ua=95 mt=P len=0
PKT t=32750 RX ua=95 mt=R len=7
PKT t=32755 TX ua=95 mt=P len=0
PKT t=32784 RX ua=95 mt=R len=7
PKT t=32789 TX ua=95 mt=P len=0
PKT t=32798 RX ua=95 mt=R len=7
PKT t=32803 TX ua=95 mt=P len=0
PKT t=32812 RX ua=95 mt=R len=7
PKT t=32817 TX ua=95 mt=P len=0
PKT t=32826 RX ua=95 mt=R len=7
PKT t=32831 TX ua=95 mt=P len=0
PKT t=32840 RX ua=95 mt=R len=7
PKT t=32845 TX ua=95 mt=P len=0
PKT t=32855 RX ua=95 mt=R len=7
PKT t=32859 TX ua=95 mt=T len=7
PKT t=32871 TX ua=95 mt=P len=0
PKT t=32890 RX ua=95 mt=R len=7
PKT t=32895 TX ua=95 mt=P len=0
PKT t=32904 RX ua=95 mt=R len=7
PKT t=32909 TX ua=95 mt=P len=0
PKT t=32918 RX ua=95 mt=R len=7
PKT t=32923 TX ua=95 mt=P len=0
PKT t=32932 RX ua=95 mt=R len=7
PKT t=32937 TX ua=95 mt=P len=0
PKT t=32946 RX ua=95 mt=R len=7
PKT t=32951 TX ua=95 mt=P len=0
PKT t=32960 RX ua=95 mt=R len=7
PKT t=32965 TX ua=95 mt=P len=0
PKT t=32995 RX ua=95 mt=R len=7
PKT t=33000 TX ua=95 mt=P len=0
PKT t=33009 RX ua=95 mt=R len=7
PKT t=33014 TX ua=95 mt=P len=0
PKT t=33023 RX ua=95 mt=R len=7
PKT t=33028 TX ua=95 mt=P len=0
PKT t=33037 RX ua=95 mt=R len=7
PKT t=33042 TX ua=95 mt=P len=0
PKT t=33056 RX ua=95 mt=R len=7
PKT t=33061 TX ua=95 mt=P len=0
PKT t=33094 RX ua=95 mt=R len=7
PKT t=33099 TX ua=95 mt=T len=7
PKT t=33111 TX ua=95 mt=P len=0
PKT t=33120 RX ua=95 mt=R len=7
PKT t=33125 TX ua=95 mt=P len=0
PKT t=33134 RX ua=95 mt=R len=7
PKT t=33139 TX ua=95 mt=P len=0
PKT t=33148 RX ua=95 mt=R len=7
PKT t=33153 TX ua=95 mt=P len=0
PKT t=33162 RX ua=95 mt=R len=7
PKT t=33167 TX ua=95 mt=P len=0
PKT t=33196 RX ua=95 mt=R len=7
PKT t=33201 TX ua=95 mt=P len=0
PKT t=33210 RX ua=95 mt=R len=7
PKT t=33215 TX ua=95 mt=P len=0
PKT t=33224 RX ua=95 mt=R len=7
PKT t=33229 TX ua=95 mt=P len=0
PKT t=33238 RX ua=95 mt=R len=7
PKT t=33243 TX ua=95 mt=P len=0
PKT t=33252 RX ua=95 mt=R len=7
PKT t=33257 TX ua=95 mt=P len=0
PKT t=33266 RX ua=95 mt=R len=7
PKT t=33271 TX ua=95 mt=P len=0
PKT t=33300 RX ua=95 mt=R len=7
PKT t=33305 TX ua=95 mt=P len=0
PKT t=33314 RX ua=95 mt=R len=7
PKT t=33319 TX ua=95 mt=P len=0
PKT t=33328 RX ua=95 mt=R len=7
PKT t=33333 TX ua=95 mt=P len=0
PKT t=33342 RX ua=95 mt=R len=7
PKT t=33347 TX ua=95 mt=P len=0
PKT t=33356 RX ua=95 mt=R len=7
PKT t=33361 TX ua=95 mt=T len=7
PKT t=33373 TX ua=95 mt=P len=0
PKT t=33402 RX ua=95 mt=R len=7
PKT t=33407 TX ua=95 mt=P len=0
PKT t=33417 RX ua=95 mt=R len=7
PKT t=33422 TX ua=95 mt=P len=0
PKT t=33432 RX ua=95 mt=R len=7
PKT t=33437 TX ua=95 mt=P len=0
PKT t=33447 RX ua=95 mt=R len=7
PKT t=33452 TX ua=95 mt=P len=0
PKT t=33462 RX ua=95 mt=R len=7
PKT t=33467 TX ua=95 mt=P len=0
PKT t=33477 RX ua=95 mt=R len=7
PKT t=33482 TX ua=95 mt=P len=0
PKT t=33511 RX ua=95 mt=R len=7
PKT t=33516 TX ua=95 mt=P len=0
PKT t=33526 RX ua=95 mt=R len=7
PKT t=33531 TX ua=95 mt=P len=0
PKT t=33541 RX ua=95 mt=R len=7
PKT t=33546 TX ua=95 mt=P len=0
PKT t=33556 RX ua=95 mt=R len=7
PKT t=33561 TX ua=95 mt=P len=0
PKT t=33571 RX ua=95 mt=R len=7
PKT t=33576 TX ua=95 mt=P len=0
PKT t=33586 RX ua=95 mt=R len=7
PKT t=33591 TX ua=95 mt=P len=0
PKT t=33620 RX ua=95 mt=R len=7
PKT t=33625 TX ua=95 mt=T len=7
PKT t=33637 TX ua=95 mt=P len=0
PKT t=33646 RX ua=95 mt=R len=7
PKT t=33651 TX ua=95 mt=P len=0
PKT t=33660 RX ua=95 mt=R len=7
PKT t=33665 TX ua=95 mt=P len=0
PKT t=33674 RX ua=95 mt=R len=7
PKT t=33679 TX ua=95 mt=P len=0
PKT t=33688 RX ua=95 mt=R len=7
PKT t=33693 TX ua=95 mt=P len=0
PKT t=33722 RX ua=95 mt=R len=7
PKT t=33727 TX ua=95 mt=P len=0
PKT t=33736 RX ua=95 mt=R len=7
PKT t=33741 TX ua=95 mt=P len=0
PKT t=33750 RX ua=95 mt=R len=7
PKT t=33755 TX ua=95 mt=P len=0
PKT t=33764 RX ua=95 mt=R len=7
PKT t=33769 TX ua=95 mt=P len=0
PKT t=33778 RX ua=95 mt=R len=7
PKT t=33783 TX ua=95 mt=P len=0
PKT t=33792 RX ua=95 mt=R len=7
PKT t=33797 TX ua=95 mt=P len=0
PKT t=33826 RX ua=95 mt=R len=7
PKT t=33831 TX ua=95 mt=P len=0
PKT t=33840 RX ua=95 mt=R len=7
PKT t=33845 TX ua=95 mt=P len=0
PKT t=33854 RX ua=95 mt=R len=7
PKT t=33859 TX ua=95 mt=T len=7
PKT t=33871 TX ua=95 mt=P len=0
PKT t=33880 RX ua=95 mt=R len=7
PKT t=33885 TX ua=95 mt=P len=0
PKT t=33894 RX ua=95 mt=R len=7
PKT t=33899 TX ua=95 mt=P len=0
PKT t=33928 RX ua=95 mt=R len=7
PKT t=33933 TX ua=95 mt=P len=0
PKT t=33942 RX ua=95 mt=R len=7
PKT t=33947 TX ua=95 mt=P len=0
PKT t=33956 RX ua=95 mt=R len=7
PKT t=33961 TX ua=95 mt=P len=0
PKT t=33970 RX ua=95 mt=R len=7
PKT t=33975 TX ua=95 mt=P len=0
PKT t=33984 RX ua=95 mt=R len=7
PKT t=33989 TX ua=95 mt=P len=0
PKT t=33998 RX ua=95 mt=R len=7
PKT t=34003 TX ua=95 mt=P len=0
PKT t=34032 RX ua=95 mt=R len=7
PKT t=34037 TX ua=95 mt=P len=0
PKT t=34046 RX ua=95 mt=R len=7
PKT t=34056 TX ua=95 mt=P len=0
PKT t=34065 RX ua=95 mt=R len=7
PKT t=34070 TX ua=95 mt=P len=0
PKT t=34079 RX ua=95 mt=R len=7
PKT t=34084 TX ua=95 mt=P len=0
PKT t=34093 RX ua=95 mt=R len=7
PKT t=34098 TX ua=95 mt=P len=0
PKT t=34107 RX ua=95 mt=R len=7
PKT t=34112 TX ua=95 mt=T len=7
PKT t=34125 TX ua=95 mt=P len=0
PKT t=34143 RX ua=95 mt=R len=7
PKT t=34148 TX ua=95 mt=T len=7
PKT t=34161 TX ua=95 mt=P len=0
PKT t=34170 RX ua=95 mt=R len=7
PKT t=34175 TX ua=95 mt=P len=0
PKT t=34184 RX ua=95 mt=R len=7
PKT t=34189 TX ua=95 mt=P len=0
PKT t=34198 RX ua=95 mt=R len=7
PKT t=34203 TX ua=95 mt=P len=0
PKT t=34212 RX ua=95 mt=R len=7
PKT t=34217 TX ua=95 mt=P len=0
PKT t=34246 RX ua=95 mt=R len=7
PKT t=34251 TX ua=95 mt=P len=0
PKT t=34260 RX ua=95 mt=R len=7
PKT t=34265 TX ua=95 mt=P len=0
PKT t=34274 RX ua=95 mt=R len=7
PKT t=34279 TX ua=95 mt=P len=0
PKT t=34288 RX ua=95 mt=R len=7
PKT t=34293 TX ua=95 mt=P len=0
PKT t=34302 RX ua=95 mt=R len=7
PKT t=34307 TX ua=95 mt=P len=0
PKT t=34316 RX ua=95 mt=R len=7
PKT t=34321 TX ua=95 mt=P len=0
PKT t=34350 RX ua=95 mt=R len=7
PKT t=34355 TX ua=95 mt=T len=7
PKT t=34368 TX ua=95 mt=P len=0
PKT t=34377 RX ua=95 mt=R len=7
PKT t=34382 TX ua=95 mt=P len=0
PKT t=34391 RX ua=95 mt=R len=7
PKT t=34396 TX ua=95 mt=P len=0
PKT t=34405 RX ua=95 mt=R len=7
PKT t=34410 TX ua=95 mt=P len=0
PKT t=34419 RX ua=95 mt=R len=7
PKT t=34424 TX ua=95 mt=P len=0
PKT t=34453 RX ua=95 mt=R len=7
PKT t=34458 TX ua=95 mt=P len=0
PKT t=34467 RX ua=95 mt=R len=7
PKT t=34472 TX ua=95 mt=P len=0
PKT t=34481 RX ua=95 mt=R len=7
PKT t=34486 TX ua=95 mt=P len=0
PKT t=34495 RX ua=95 mt=R len=7
PKT t=34500 TX ua=95 mt=P len=0
PKT t=34509 RX ua=95 mt=R len=7
PKT t=34514 TX ua=95 mt=P len=0
PKT t=34523 RX ua=95 mt=R len=7
PKT t=34528 TX ua=95 mt=P len=0
PKT t=34558 RX ua=95 mt=R len=7
PKT t=34562 TX ua=95 mt=P len=0
PKT t=34571 RX ua=95 mt=R len=7
PKT t=34576 TX ua=95 mt=P len=0
PKT t=34585 RX ua=95 mt=R len=7
PKT t=34590 TX ua=95 mt=P len=0
PKT t=34599 RX ua=95 mt=R len=7
PKT t=34604 TX ua=95 mt=T len=7
PKT t=34617 TX ua=95 mt=P len=0
PKT t=34626 RX ua=95 mt=R len=7
PKT t=34631 TX ua=95 mt=P len=0
PKT t=34660 RX ua=95 mt=R len=7
PKT t=34665 TX ua=95 mt=P len=0
PKT t=34674 RX ua=95 mt=R len=7
PKT t=34679 TX ua=95 mt=P len=0
PKT t=34688 RX ua=95 mt=R len=7
PKT t=34693 TX ua=95 mt=P len=0
PKT t=34702 RX ua=95 mt=R len=7
PKT t=34707 TX ua=95 mt=P len=0
PKT t=34716 RX ua=95 mt=R len=7
PKT t=34721 TX ua=95 mt=P len=0
PKT t=34730 RX ua=95 mt=R len=7
PKT t=34735 TX ua=95 mt=P len=0
PKT t=34764 RX ua=95 mt=R len=7
PKT t=34769 TX ua=95 mt=P len=0
PKT t=34778 RX ua=95 mt=R len=7
PKT t=34783 TX ua=95 mt=P len=0
PKT t=34792 RX ua=95 mt=R len=7
PKT t=34797 TX ua=95 mt=P len=0
PKT t=34806 RX ua=95 mt=R len=7
PKT t=34811 TX ua=95 mt=P len=0
PKT t=34820 RX ua=95 mt=R len=7
PKT t=34825 TX ua=95 mt=P len=0
PKT t=34834 RX ua=95 mt=R len=7
PKT t=34839 TX ua=95 mt=P len=0
PKT t=34868 RX ua=95 mt=R len=7
PKT t=34873 TX ua=95 mt=T len=7
PKT t=34886 TX ua=95 mt=P len=0
PKT t=34895 RX ua=95 mt=R len=7
PKT t=34900 TX ua=95 mt=P len=0
PKT t=34909 RX ua=95 mt=R len=7
PKT t=34914 TX ua=95 mt=P len=0
PKT t=34923 RX ua=95 mt=R len=7
PKT t=34928 TX ua=95 mt=P len=0
PKT t=34937 RX ua=95 mt=R len=7
PKT t=34942 TX ua=95 mt=P len=0
PKT t=34971 RX ua=95 mt=R len=7
PKT t=34976 TX ua=95 mt=P len=0
PKT t=34985 RX ua=95 mt=R len=7
PKT t=34990 TX ua=95 mt=P len=0
PKT t=34999 RX ua=95 mt=R len=7
PKT t=35004 TX ua=95 mt=P len=0
PKT t=35013 RX ua=95 mt=R len=7
PKT t=35018 TX ua=95 mt=P len=0
PKT t=35027 RX ua=95 mt=R len=7
PKT t=35032 TX ua=95 mt=P len=0
PKT t=35041 RX ua=95 mt=R len=7
PKT t=35046 TX ua=95 mt=P len=0
PKT t=35075 RX ua=95 mt=R len=7
PKT t=35080 TX ua=95 mt=P len=0
PKT t=35089 RX ua=95 mt=R len=7
PKT t=35094 TX ua=95 mt=P len=0
PKT t=35103 RX ua=95 mt=R len=7
PKT t=35108 TX ua=95 mt=T len=7
PKT t=35120 TX ua=95 mt=P len=0
PKT t=35129 RX ua=95 mt=R len=7
PKT t=35134 TX ua=95 mt=P len=0
PKT t=35143 RX ua=95 mt=R len=7
PKT t=35148 TX ua=95 mt=P len=0
PKT t=35177 RX ua=95 mt=R len=7
PKT t=35182 TX ua=95 mt=P len=0
PKT t=35191 RX ua=95 mt=R len=7
PKT t=35196 TX ua=95 mt=P len=0
PKT t=35205 RX ua=95 mt=R len=7
PKT t=35210 TX ua=95 mt=P len=0
PKT t=35219 RX ua=95 mt=R len=7
PKT t=35224 TX ua=95 mt=P len=0
PKT t=35233 RX ua=95 mt=R len=7
PKT t=35238 TX ua=95 mt=P len=0
PKT t=35247 RX ua=95 mt=R len=7
PKT t=35252 TX ua=95 mt=P len=0
PKT t=35281 RX ua=95 mt=R len=7
PKT t=35286 TX ua=95 mt=P len=0
PKT t=35295 RX ua=95 mt=R len=7
PKT t=35300 TX ua=95 mt=P len=0
PKT t=35309 RX ua=95 mt=R len=7
PKT t=35314 TX ua=95 mt=P len=0
PKT t=35323 RX ua=95 mt=R len=7
PKT t=35328 TX ua=95 mt=P len=0
PKT t=35337 RX ua=95 mt=R len=7
PKT t=35342 TX ua=95 mt=P len=0
PKT t=35351 RX ua=95 mt=R len=7
PKT t=35356 TX ua=95 mt=T len=7
PKT t=35368 TX ua=95 mt=P len=0
PKT t=35387 RX ua=95 mt=R len=7
PKT t=35392 TX ua=95 mt=P len=0
PKT t=35402 RX ua=95 mt=R len=7
PKT t=35407 TX ua=95 mt=P len=0
PKT t=35417 RX ua=95 mt=R len=7
PKT t=35422 TX ua=95 mt=P len=0
PKT t=35432 RX ua=95 mt=R len=7
PKT t=35437 TX ua=95 mt=P len=0
PKT t=35447 RX ua=95 mt=R len=7
PKT t=35452 TX ua=95 mt=P len=0
PKT t=35485 RX ua=95 mt=R len=7
PKT t=35490 TX ua=95 mt=P len=0
PKT t=35500 RX ua=95 mt=R len=7
PKT t=35505 TX ua=95 mt=P len=0
PKT t=35515 RX ua=95 mt=R len=7
PKT t=35520 TX ua=95 mt=P len=0
PKT t=35530 RX ua=95 mt=R len=7
PKT t=35535 TX ua=95 mt=P len=0
PKT t=35545 RX ua=95 mt=R len=7
PKT t=35550 TX ua=95 mt=P len=0
PKT t=35560 RX ua=95 mt=R len=7
PKT t=35565 TX ua=95 mt=P len=0
PKT t=35594 RX ua=95 mt=R len=7
PKT t=35599 TX ua=95 mt=T len=7
PKT t=35611 TX ua=95 mt=P len=0
PKT t=35621 RX ua=95 mt=R len=7
PKT t=35626 TX ua=95 mt=P len=0
PKT t=35635 RX ua=95 mt=R len=7
PKT t=35640 TX ua=95 mt=P len=0
PKT t=35649 RX ua=95 mt=R len=7
PKT t=35654 TX ua=95 mt=P len=0
PKT t=35663 RX ua=95 mt=R len=7
PKT t=35668 TX ua=95 mt=P len=0
PKT t=35697 RX ua=95 mt=R len=7
PKT t=35702 TX ua=95 mt=P len=0
PKT t=35711 RX ua=95 mt=R len=7
PKT t=35716 TX ua=95 mt=P len=0
PKT t=35725 RX ua=95 mt=R len=7
PKT t=35730 TX ua=95 mt=P len=0
PKT t=35739 RX ua=95 mt=R len=7
PKT t=35744 TX ua=95 mt=P len=0
PKT t=35753 RX ua=95 mt=R len=7
PKT t=35758 TX ua=95 mt=P len=0
PKT t=35767 RX ua=95 mt=R len=7
PKT t=35772 TX ua=95 mt=P len=0
PKT t=35801 RX ua=95 mt=R len=7
PKT t=35806 TX ua=95 mt=P len=0
PKT t=35815 RX ua=95 mt=R len=7
PKT t=35820 TX ua=95 mt=P len=0
PKT t=35829 RX ua=95 mt=R len=7
PKT t=35834 TX ua=95 mt=P len=0
PKT t=35843 RX ua=95 mt=R len=7
PKT t=35848 TX ua=95 mt=P len=0
PKT t=35857 RX ua=95 mt=R len=7
PKT t=35862 TX ua=95 mt=T len=7
PKT t=35874 TX ua=95 mt=P len=0
PKT t=35902 RX ua=95 mt=R len=7
PKT t=35907 TX ua=95 mt=P len=0
PKT t=35916 RX ua=95 mt=R len=7
PKT t=35921 TX ua=95 mt=P len=0
PKT t=35930 RX ua=95 mt=R len=7
PKT t=35935 TX ua=95 mt=P len=0
PKT t=35944 RX ua=95 mt=R len=7
PKT t=35949 TX ua=95 mt=P len=0
PKT t=35958 RX ua=95 mt=R len=7
PKT t=35963 TX ua=95 mt=P len=0
PKT t=35972 RX ua=95 mt=R len=7
PKT t=35977 TX ua=95 mt=P len=0
PKT t=36006 RX ua=95 mt=R len=7
PKT t=36011 TX ua=95 mt=P len=0
PKT t=36022 RX ua=95 mt=R len=7
PKT t=36027 TX ua=95 mt=P len=0
PKT t=36036 RX ua=95 mt=R len=7
PKT t=36041 TX ua=95 mt=P len=0
PKT t=36056 RX ua=95 mt=R len=7
PKT t=36061 TX ua=95 mt=P len=0
PKT t=36070 RX ua=95 mt=R len=7
PKT t=36075 TX ua=95 mt=P len=0
PKT t=36106 RX ua=95 mt=R len=7
PKT t=36111 TX ua=95 mt=T len=7
PKT t=36123 TX ua=95 mt=P len=0
PKT t=36132 RX ua=95 mt=R len=7
PKT t=36137 TX ua=95 mt=P len=0
PKT t=36146 RX ua=95 mt=R len=7
PKT t=36151 TX ua=95 mt=P len=0
PKT t=36160 RX ua=95 mt=R len=7
PKT t=36165 TX ua=95 mt=P len=0
PKT t=36174 RX ua=95 mt=R len=7
PKT t=36179 TX ua=95 mt=P len=0
PKT t=36208 RX ua=95 mt=R len=7
PKT t=36213 TX ua=95 mt=P len=0
PKT t=36222 RX ua=95 mt=R len=7
PKT t=36227 TX ua=95 mt=P len=0
PKT t=36236 RX ua=95 mt=R len=7
PKT t=36241 TX ua=95 mt=P len=0
PKT t=36250 RX ua=95 mt=R len=7
PKT t=36255 TX ua=95 mt=P len=0
PKT t=36264 RX ua=95 mt=R len=7
PKT t=36269 TX ua=95 mt=P len=0
PKT t=36278 RX ua=95 mt=R len=7
PKT t=36283 TX ua=95 mt=P len=0
PKT t=36312 RX ua=95 mt=R len=7
PKT t=36317 TX ua=95 mt=P len=0
PKT t=36326 RX ua=95 mt=R len=7
PKT t=36331 TX ua=95 mt=P len=0
PKT t=36340 RX ua=95 mt=R len=7
PKT t=36345 TX ua=95 mt=P len=0
PKT t=36354 RX ua=95 mt=R len=7
PKT t=36359 TX ua=95 mt=T len=7
PKT t=36371 TX ua=95 mt=P len=0
PKT t=36380 RX ua=95 mt=R len=7
PKT t=36385 TX ua=95 mt=P len=0
PKT t=36414 RX ua=95 mt=R len=7
PKT t=36419 TX ua=95 mt=P len=0
PKT t=36428 RX ua=95 mt=R len=7
PKT t=36433 TX ua=95 mt=P len=0
PKT t=36442 RX ua=95 mt=R len=7
PKT t=36447 TX ua=95 mt=P len=0
PKT t=36456 RX ua=95 mt=R len=7
PKT t=36461 TX ua=95 mt=P len=0
PKT t=36470 RX ua=95 mt=R len=7
PKT t=36475 TX ua=95 mt=P len=0
PKT t=36484 RX ua=95 mt=R len=7
PKT t=36489 TX ua=95 mt=P len=0
PKT t=36518 RX ua=95 mt=R len=7
PKT t=36523 TX ua=95 mt=P len=0
PKT t=36532 RX ua=95 mt=R len=7
PKT t=36537 TX ua=95 mt=P len=0
PKT t=36546 RX ua=95 mt=R len=7
PKT t=36551 TX ua=95 mt=P len=0
PKT t=36560 RX ua=95 mt=R len=7
PKT t=36565 TX ua=95 mt=P len=0
PKT t=36574 RX ua=95 mt=R len=7
PKT t=36579 TX ua=95 mt=P len=0
PKT t=36588 RX ua=95 mt=R len=7
PKT t=36593 TX ua=95 mt=P len=0
PKT t=36622 RX ua=95 mt=R len=7
PKT t=36627 TX ua=95 mt=T len=7
PKT t=36639 TX ua=95 mt=P len=0
PKT t=36648 RX ua=95 mt=R len=7
PKT t=36653 TX ua=95 mt=P len=0
PKT t=36662 RX ua=95 mt=R len=7
PKT t=36667 TX ua=95 mt=P len=0
PKT t=36676 RX ua=95 mt=R len=7
PKT t=36681 TX ua=95 mt=P len=0
PKT t=36690 RX ua=95 mt=R len=7
PKT t=36695 TX ua=95 mt=P len=0
PKT t=36724 RX ua=95 mt=R len=7
PKT t=36729 TX ua=95 mt=P len=0
PKT t=36738 RX ua=95 mt=R len=7
PKT t=36743 TX ua=95 mt=P len=0
PKT t=36752 RX ua=95 mt=R len=7
PKT t=36757 TX ua=95 mt=P len=0
PKT t=36766 RX ua=95 mt=R len=7
PKT t=36771 TX ua=95 mt=P len=0
PKT t=36780 RX ua=95 mt=R len=7
PKT t=36785 TX ua=95 mt=P len=0
PKT t=36794 RX ua=95 mt=R len=7
PKT t=36799 TX ua=95 mt=P len=0
PKT t=36828 RX ua=95 mt=R len=7
PKT t=36833 TX ua=95 mt=P len=0
PKT t=36842 RX ua=95 mt=R len=7
PKT t=36847 TX ua=95 mt=P len=0
PKT t=36856 RX ua=95 mt=R len=7
PKT t=36861 TX ua=95 mt=T len=7
PKT t=36873 TX ua=95 mt=P len=0
PKT t=36882 RX ua=95 mt=R len=7
PKT t=36887 TX ua=95 mt=P len=0
PKT t=36896 RX ua=95 mt=R len=7
PKT t=36901 TX ua=95 mt=P len=0
PKT t=36930 RX ua=95 mt=R len=7
PKT t=36935 TX ua=95 mt=P len=0
PKT t=36944 RX ua=95 mt=R len=7
PKT t=36949 TX ua=95 mt=P len=0
PKT t=36958 RX ua=95 mt=R len=7
PKT t=36963 TX ua=95 mt=P len=0
PKT t=36972 RX ua=95 mt=R len=7
PKT t=36977 TX ua=95 mt=P len=0
PKT t=36986 RX ua=95 mt=R len=7
PKT t=36991 TX ua=95 mt=P len=0
PKT t=37000 RX ua=95 mt=R len=7
PKT t=37005 TX ua=95 mt=P len=0
PKT t=37034 RX ua=95 mt=R len=7
PKT t=37039 TX ua=95 mt=P len=0
PKT t=37056 RX ua=95 mt=R len=7
PKT t=37061 TX ua=95 mt=P len=0
PKT t=37070 RX ua=95 mt=R len=7
PKT t=37075 TX ua=95 mt=P len=0
PKT t=37084 RX ua=95 mt=R len=7
PKT t=37089 TX ua=95 mt=P len=0
PKT t=37098 RX ua=95 mt=R len=7
PKT t=37103 TX ua=95 mt=T len=7
PKT t=37116 TX ua=95 mt=P len=0
PKT t=37136 RX ua=95 mt=R len=7
PKT t=37141 TX ua=95 mt=P len=0
PKT t=37150 RX ua=95 mt=R len=7
PKT t=37155 TX ua=95 mt=P len=0
PKT t=37164 RX ua=95 mt=R len=7
PKT t=37169 TX ua=95 mt=P len=0
PKT t=37178 RX ua=95 mt=R len=7
PKT t=37183 TX ua=95 mt=P len=0
PKT t=37192 RX ua=95 mt=R len=7
PKT t=37197 TX ua=95 mt=P len=0
PKT t=37206 RX ua=95 mt=R len=7
PKT t=37211 TX ua=95 mt=P len=0
PKT t=37240 RX ua=95 mt=R len=7
PKT t=37245 TX ua=95 mt=P len=0
PKT t=37254 RX ua=95 mt=R len=7
PKT t=37259 TX ua=95 mt=P len=0
PKT t=37268 RX ua=95 mt=R len=7
PKT t=37273 TX ua=95 mt=P len=0
PKT t=37282 RX ua=95 mt=R len=7
PKT t=37287 TX ua=95 mt=P len=0
PKT t=37296 RX ua=95 mt=R len=7
PKT t=37301 TX ua=95 mt=P len=0
PKT t=37310 RX ua=95 mt=R len=7
PKT t=37315 TX ua=95 mt=P len=0
