PKT t=7299 TX ua=96 mt=P len=0
PKT t=7701 TX ua=95 mt=P len=0
PKT t=7710 RX ua=95 mt=R len=7
PKT t=7715 TX ua=95 mt=T len=7
PKT t=7727 TX ua=95 mt=P len=0
PKT t=7737 RX ua=95 mt=R len=7
PKT t=7742 TX ua=95 mt=T len=7
PKT t=7754 TX ua=95 mt=P len=0
PKT t=7784 RX ua=95 mt=R len=7
PKT t=7789 TX ua=95 mt=P len=0
PKT t=7798 RX ua=95 mt=R len=7
PKT t=7803 TX ua=95 mt=P len=0
PKT t=7812 RX ua=95 mt=R len=7
PKT t=7817 TX ua=95 mt=P len=0
PKT t=7826 RX ua=95 mt=R len=7
PKT t=7831 TX ua=95 mt=P len=0
PKT t=7840 RX ua=95 mt=R len=7
PKT t=7845 TX ua=95 mt=P len=0
PKT t=7854 RX ua=95 mt=R len=7
PKT t=7859 TX ua=95 mt=P len=0
PKT t=7888 RX ua=95 mt=R len=7
PKT t=7893 TX ua=95 mt=P len=0
PKT t=7902 RX ua=95 mt=R len=7
PKT t=7907 TX ua=95 mt=P len=0
PKT t=7916 RX ua=95 mt=R len=7
PKT t=7921 TX ua=95 mt=P len=0
PKT t=7930 RX ua=95 mt=R len=7
PKT t=7935 TX ua=95 mt=P len=0
PKT t=7944 RX ua=95 mt=R len=7
PKT t=7949 TX ua=95 mt=P len=0
PKT t=7958 RX ua=95 mt=R len=7
PKT t=7963 TX ua=95 mt=P len=0
PKT t=7992 RX ua=95 mt=R len=7
PKT t=7997 TX ua=95 mt=T len=7
PKT t=8013 TX ua=95 mt=P len=0
PKT t=8022 RX ua=95 mt=R len=7
PKT t=8027 TX ua=95 mt=P len=0
PKT t=8036 RX ua=95 mt=R len=7
PKT t=8041 TX ua=95 mt=P len=0
PKT t=8299 TX ua=96 mt=I len=13
PKT t=8807 TX ua=96 mt=T len=4
PKT t=8818 TX ua=95 mt=P len=0
PKT t=8827 RX ua=95 mt=R len=7
PKT t=8832 TX ua=95 mt=T len=7
PKT t=8844 TX ua=95 mt=P len=0
PKT t=8853 RX ua=95 mt=R len=7
PKT t=8858 TX ua=95 mt=P len=0
PKT t=8867 RX ua=95 mt=R len=7
PKT t=8872 TX ua=95 mt=P len=0
PKT t=8902 RX ua=95 mt=R len=7
PKT t=8907 TX ua=95 mt=P len=0
PKT t=8916 RX ua=95 mt=R len=7
PKT t=8921 TX ua=95 mt=P len=0
PKT t=8930 RX ua=95 mt=R len=7
PKT t=8935 TX ua=95 mt=P len=0
PKT t=8944 RX ua=95 mt=R len=7
PKT t=8949 TX ua=95 mt=P len=0
PKT t=8958 RX ua=95 mt=R len=7
PKT t=8963 TX ua=95 mt=P len=0
PKT t=8972 RX ua=95 mt=R len=7
PKT t=8977 TX ua=95 mt=P len=0
PKT t=9006 RX ua=95 mt=R len=7
PKT t=9011 TX ua=95 mt=T len=7
PKT t=9023 TX ua=95 mt=P len=0
PKT t=9032 RX ua=95 mt=R len=7
PKT t=9037 TX ua=95 mt=P len=0
PKT t=9046 RX ua=95 mt=R len=7
PKT t=9196 TX ua=95 mt=P len=0
PKT t=9206 RX ua=95 mt=R len=7
PKT t=9211 TX ua=95 mt=P len=0
PKT t=9220 RX ua=95 mt=R len=7
PKT t=9225 TX ua=95 mt=P len=0
PKT t=9234 RX ua=95 mt=R len=7
PKT t=9239 TX ua=95 mt=T len=7
PKT t=9251 TX ua=95 mt=P len=0
PKT t=9260 RX ua=95 mt=R len=7
PKT t=9265 TX ua=95 mt=P len=0
PKT t=9274 RX ua=95 mt=R len=7
PKT t=9279 TX ua=95 mt=P len=0
PKT t=9308 RX ua=95 mt=R len=7
PKT t=9313 TX ua=95 mt=P len=0
PKT t=9322 RX ua=95 mt=R len=7
PKT t=9327 TX ua=95 mt=P len=0
PKT t=9337 RX ua=95 mt=R len=7
PKT t=9342 TX ua=95 mt=P len=0
PKT t=9351 RX ua=95 mt=R len=7
PKT t=9356 TX ua=95 mt=P len=0
PKT t=9365 RX ua=95 mt=R len=7
PKT t=9370 TX ua=95 mt=P len=0
PKT t=9379 RX ua=95 mt=R len=7
PKT t=9384 TX ua=95 mt=P len=0
PKT t=9413 RX ua=95 mt=R len=7
PKT t=9418 TX ua=95 mt=P len=0
PKT t=9427 RX ua=95 mt=R len=7
PKT t=9432 TX ua=95 mt=P len=0
PKT t=9441 RX ua=95 mt=R len=7
PKT t=9446 TX ua=95 mt=P len=0
PKT t=9455 RX ua=95 mt=R len=7
PKT t=9460 TX ua=95 mt=P len=0
PKT t=9469 RX ua=95 mt=R len=7
PKT t=9474 TX ua=95 mt=P len=0
PKT t=9483 RX ua=95 mt=R len=7
PKT t=9488 TX ua=95 mt=P len=0
PKT t=9517 RX ua=95 mt=R len=7
PKT t=9522 TX ua=95 mt=T len=7
PKT t=9534 TX ua=95 mt=P len=0
PKT t=9544 RX ua=95 mt=R len=7
PKT t=9696 TX ua=95 mt=P len=0
PKT t=9718 RX ua=95 mt=R len=7
PKT t=9723 TX ua=95 mt=P len=0
PKT t=9733 RX ua=95 mt=R len=7
PKT t=9738 TX ua=95 mt=P len=0
PKT t=9748 RX ua=95 mt=R len=7
PKT t=9753 TX ua=95 mt=T len=7
PKT t=9765 TX ua=95 mt=P len=0
PKT t=9774 RX ua=95 mt=R len=7
PKT t=9779 TX ua=95 mt=P len=0
PKT t=9788 RX ua=95 mt=R len=7
PKT t=9793 TX ua=95 mt=P len=0
PKT t=9822 RX ua=95 mt=R len=7
PKT t=9827 TX ua=95 mt=P len=0
PKT t=9836 RX ua=95 mt=R len=7
PKT t=9841 TX ua=95 mt=P len=0
PKT t=9850 RX ua=95 mt=R len=7
PKT t=9855 TX ua=95 mt=P len=0
PKT t=9864 RX ua=95 mt=R len=7
PKT t=9869 TX ua=95 mt=P len=0
PKT t=9878 RX ua=95 mt=R len=7
PKT t=9883 TX ua=95 mt=P len=0
PKT t=9892 RX ua=95 mt=R len=7
PKT t=9897 TX ua=95 mt=P len=0
PKT t=9926 RX ua=95 mt=R len=7
PKT t=9931 TX ua=95 mt=P len=0
PKT t=9940 RX ua=95 mt=R len=7
PKT t=9945 TX ua=95 mt=P len=0
PKT t=9954 RX ua=95 mt=R len=7
PKT t=9959 TX ua=95 mt=P len=0
PKT t=9968 RX ua=95 mt=R len=7
PKT t=9973 TX ua=95 mt=P len=0
PKT t=9982 RX ua=95 mt=R len=7
PKT t=9987 TX ua=95 mt=P len=0
PKT t=9996 RX ua=95 mt=R len=7
PKT t=10001 TX ua=95 mt=T len=7
PKT t=10016 TX ua=95 mt=P len=0
PKT t=10032 RX ua=95 mt=R len=7
PKT t=10037 TX ua=95 mt=P len=0
PKT t=10046 RX ua=95 mt=R len=7
PKT t=10196 TX ua=95 mt=P len=0
PKT t=10205 RX ua=95 mt=R len=7
PKT t=10210 TX ua=95 mt=P len=0
PKT t=10239 RX ua=95 mt=R len=7
PKT t=10244 TX ua=95 mt=T len=7
PKT t=10257 TX ua=95 mt=P len=0
PKT t=10266 RX ua=95 mt=R len=7
PKT t=10271 TX ua=95 mt=T len=7
PKT t=10284 TX ua=95 mt=P len=0
PKT t=10293 RX ua=95 mt=R len=7
PKT t=10298 TX ua=95 mt=P len=0
PKT t=10307 RX ua=95 mt=R len=7
PKT t=10312 TX ua=95 mt=P len=0
PKT t=10341 RX ua=95 mt=R len=7
PKT t=10346 TX ua=95 mt=P len=0
PKT t=10355 RX ua=95 mt=R len=7
PKT t=10360 TX ua=95 mt=P len=0
PKT t=10369 RX ua=95 mt=R len=7
PKT t=10374 TX ua=95 mt=P len=0
PKT t=10383 RX ua=95 mt=R len=7
PKT t=10388 TX ua=95 mt=P len=0
PKT t=10397 RX ua=95 mt=R len=7
PKT t=10402 TX ua=95 mt=P len=0
PKT t=10411 RX ua=95 mt=R len=7
PKT t=10416 TX ua=95 mt=P len=0
PKT t=10445 RX ua=95 mt=R len=7
PKT t=10450 TX ua=95 mt=P len=0
PKT t=10459 RX ua=95 mt=R len=7
PKT t=10464 TX ua=95 mt=P len=0
PKT t=10473 RX ua=95 mt=R len=7
PKT t=10478 TX ua=95 mt=P len=0
PKT t=10487 RX ua=95 mt=R len=7
PKT t=10492 TX ua=95 mt=T len=7
PKT t=10505 TX ua=95 mt=P len=0
PKT t=10514 RX ua=95 mt=R len=7
PKT t=10519 TX ua=95 mt=P len=0
PKT t=10777 TX ua=96 mt=P len=0
PKT t=11035 TX ua=95 mt=P len=0
PKT t=11044 RX ua=95 mt=R len=7
PKT t=11196 TX ua=95 mt=T len=7
PKT t=11209 TX ua=95 mt=P len=0
PKT t=11218 RX ua=95 mt=R len=7
PKT t=11223 TX ua=95 mt=P len=0
PKT t=11252 RX ua=95 mt=R len=7
PKT t=11257 TX ua=95 mt=T len=7
PKT t=11269 TX ua=95 mt=P len=0
PKT t=11278 RX ua=95 mt=R len=7
PKT t=11283 TX ua=95 mt=P len=0
PKT t=11292 RX ua=95 mt=R len=7
PKT t=11297 TX ua=95 mt=P len=0
PKT t=11306 RX ua=95 mt=R len=7
PKT t=11311 TX ua=95 mt=P len=0
PKT t=11320 RX ua=95 mt=R len=7
PKT t=11325 TX ua=95 mt=P len=0
PKT t=11354 RX ua=95 mt=R len=7
PKT t=11359 TX ua=95 mt=P len=0
PKT t=11368 RX ua=95 mt=R len=7
PKT t=11373 TX ua=95 mt=P len=0
PKT t=11382 RX ua=95 mt=R len=7
PKT t=11387 TX ua=95 mt=P len=0
PKT t=11396 RX ua=95 mt=R len=7
PKT t=11401 TX ua=95 mt=P len=0
PKT t=11410 RX ua=95 mt=R len=7
PKT t=11415 TX ua=95 mt=P len=0
PKT t=11424 RX ua=95 mt=R len=7
PKT t=11429 TX ua=95 mt=P len=0
PKT t=11458 RX ua=95 mt=R len=7
PKT t=11463 TX ua=95 mt=P len=0
PKT t=11472 RX ua=95 mt=R len=7
PKT t=11477 TX ua=95 mt=P len=0
PKT t=11486 RX ua=95 mt=R len=7
PKT t=11491 TX ua=95 mt=T len=7
PKT t=11503 TX ua=95 mt=P len=0
PKT t=11513 RX ua=95 mt=R len=7
PKT t=11518 TX ua=95 mt=P len=0
PKT t=11528 RX ua=95 mt=R len=7
PKT t=11533 TX ua=95 mt=P len=0
PKT t=11696 RX ua=95 mt=R len=7
PKT t=11701 TX ua=95 mt=P len=0
PKT t=11711 RX ua=95 mt=R len=7
PKT t=11716 TX ua=95 mt=P len=0
PKT t=11726 RX ua=95 mt=R len=7
PKT t=11731 TX ua=95 mt=P len=0
PKT t=11761 RX ua=95 mt=R len=7
PKT t=11766 TX ua=95 mt=T len=7
PKT t=11778 TX ua=95 mt=P len=0
PKT t=11787 RX ua=95 mt=R len=7
PKT t=11792 TX ua=95 mt=P len=0
PKT t=11801 RX ua=95 mt=R len=7
PKT t=11806 TX ua=95 mt=P len=0
PKT t=11815 RX ua=95 mt=R len=7
PKT t=11820 TX ua=95 mt=P len=0
PKT t=11829 RX ua=95 mt=R len=7
PKT t=11834 TX ua=95 mt=P len=0
PKT t=11863 RX ua=95 mt=R len=7
PKT t=11868 TX ua=95 mt=P len=0
PKT t=11877 RX ua=95 mt=R len=7
PKT t=11882 TX ua=95 mt=P len=0
PKT t=11891 RX ua=95 mt=R len=7
PKT t=11896 TX ua=95 mt=P len=0
PKT t=11905 RX ua=95 mt=R len=7
PKT t=11910 TX ua=95 mt=P len=0
PKT t=11919 RX ua=95 mt=R len=7
PKT t=11924 TX ua=95 mt=P len=0
PKT t=11933 RX ua=95 mt=R len=7
PKT t=11938 TX ua=95 mt=P len=0
PKT t=11967 RX ua=95 mt=R len=7
PKT t=11972 TX ua=95 mt=P len=0
PKT t=11981 RX ua=95 mt=R len=7
PKT t=11986 TX ua=95 mt=P len=0
PKT t=11995 RX ua=95 mt=R len=7
PKT t=12000 TX ua=95 mt=T len=7
PKT t=12015 TX ua=95 mt=P len=0
PKT t=12024 RX ua=95 mt=R len=7
PKT t=12029 TX ua=95 mt=P len=0
PKT t=12038 RX ua=95 mt=R len=7
PKT t=12043 TX ua=95 mt=P len=0
PKT t=12196 RX ua=95 mt=R len=7
PKT t=12201 TX ua=95 mt=P len=0
PKT t=12210 RX ua=95 mt=R len=7
PKT t=12215 TX ua=95 mt=P len=0
PKT t=12224 RX ua=95 mt=R len=7
PKT t=12229 TX ua=95 mt=P len=0
PKT t=12238 RX ua=95 mt=R len=7
PKT t=12243 TX ua=95 mt=T len=7
PKT t=12255 TX ua=95 mt=P len=0
PKT t=12274 RX ua=95 mt=R len=7
PKT t=12279 TX ua=95 mt=P len=0
PKT t=12288 RX ua=95 mt=R len=7
PKT t=12293 TX ua=95 mt=P len=0
PKT t=12302 RX ua=95 mt=R len=7
PKT t=12307 TX ua=95 mt=P len=0
PKT t=12316 RX ua=95 mt=R len=7
PKT t=12321 TX ua=95 mt=P len=0
PKT t=12330 RX ua=95 mt=R len=7
PKT t=12335 TX ua=95 mt=P len=0
PKT t=12344 RX ua=95 mt=R len=7
PKT t=12349 TX ua=95 mt=P len=0
PKT t=12378 RX ua=95 mt=R len=7
PKT t=12383 TX ua=95 mt=P len=0
PKT t=12392 RX ua=95 mt=R len=7
PKT t=12397 TX ua=95 mt=P len=0
PKT t=12406 RX ua=95 mt=R len=7
PKT t=12411 TX ua=95 mt=P len=0
PKT t=12420 RX ua=95 mt=R len=7
PKT t=12425 TX ua=95 mt=P len=0
PKT t=12434 RX ua=95 mt=R len=7
PKT t=12439 TX ua=95 mt=P len=0
PKT t=12448 RX ua=95 mt=R len=7
PKT t=12453 TX ua=95 mt=P len=0
PKT t=12482 RX ua=95 mt=R len=7
PKT t=12487 TX ua=95 mt=P len=0
PKT t=12496 RX ua=95 mt=R len=7
PKT t=12501 TX ua=95 mt=T len=7
PKT t=12513 TX ua=95 mt=P len=0
PKT t=12522 RX ua=95 mt=R len=7
PKT t=12527 TX ua=95 mt=P len=0
PKT t=12536 RX ua=95 mt=R len=7
PKT t=12541 TX ua=95 mt=P len=0
PKT t=12799 TX ua=96 mt=P len=0
PKT t=13201 TX ua=95 mt=P len=0
PKT t=13210 RX ua=95 mt=R len=7
PKT t=13215 TX ua=95 mt=T len=7
PKT t=13227 TX ua=95 mt=P len=0
PKT t=13236 RX ua=95 mt=R len=7
PKT t=13241 TX ua=95 mt=T len=7
PKT t=13254 TX ua=95 mt=P len=0
PKT t=13284 RX ua=95 mt=R len=7
PKT t=13289 TX ua=95 mt=P len=0
PKT t=13298 RX ua=95 mt=R len=7
PKT t=13303 TX ua=95 mt=P len=0
PKT t=13312 RX ua=95 mt=R len=7
PKT t=13317 TX ua=95 mt=P len=0
PKT t=13326 RX ua=95 mt=R len=7
PKT t=13331 TX ua=95 mt=P len=0
PKT t=13340 RX ua=95 mt=R len=7
PKT t=13345 TX ua=95 mt=P len=0
PKT t=13354 RX ua=95 mt=R len=7
PKT t=13359 TX ua=95 mt=P len=0
PKT t=13388 RX ua=95 mt=R len=7
PKT t=13393 TX ua=95 mt=P len=0
PKT t=13402 RX ua=95 mt=R len=7
PKT t=13407 TX ua=95 mt=P len=0
PKT t=13416 RX ua=95 mt=R len=7
PKT t=13421 TX ua=95 mt=P len=0
PKT t=13430 RX ua=95 mt=R len=7
PKT t=13435 TX ua=95 mt=P len=0
PKT t=13444 RX ua=95 mt=R len=7
PKT t=13449 TX ua=95 mt=P len=0
PKT t=13458 RX ua=95 mt=R len=7
PKT t=13463 TX ua=95 mt=P len=0
PKT t=13492 RX ua=95 mt=R len=7
PKT t=13497 TX ua=95 mt=T len=7
PKT t=13510 TX ua=95 mt=P len=0
PKT t=13520 RX ua=95 mt=R len=7
PKT t=13525 TX ua=95 mt=P len=0
PKT t=13535 RX ua=95 mt=R len=7
PKT t=13540 TX ua=95 mt=P len=0
PKT t=13798 TX ua=96 mt=P len=0
PKT t=14201 TX ua=95 mt=P len=0
PKT t=14211 RX ua=95 mt=R len=7
PKT t=14216 TX ua=95 mt=T len=7
PKT t=14229 TX ua=95 mt=P len=0
PKT t=14238 RX ua=95 mt=R len=7
PKT t=14243 TX ua=95 mt=T len=7
PKT t=14255 TX ua=95 mt=P len=0
PKT t=14264 RX ua=95 mt=R len=7
PKT t=14269 TX ua=95 mt=P len=0
PKT t=14298 RX ua=95 mt=R len=7
PKT t=14303 TX ua=95 mt=P len=0
PKT t=14312 RX ua=95 mt=R len=7
PKT t=14317 TX ua=95 mt=P len=0
PKT t=14326 RX ua=95 mt=R len=7
PKT t=14331 TX ua=95 mt=P len=0
PKT t=14340 RX ua=95 mt=R len=7
PKT t=14345 TX ua=95 mt=P len=0
PKT t=14354 RX ua=95 mt=R len=7
PKT t=14359 TX ua=95 mt=P len=0
PKT t=14368 RX ua=95 mt=R len=7
PKT t=14373 TX ua=95 mt=P len=0
PKT t=14403 RX ua=95 mt=R len=7
PKT t=14408 TX ua=95 mt=P len=0
PKT t=14417 RX ua=95 mt=R len=7
PKT t=14422 TX ua=95 mt=P len=0
PKT t=14431 RX ua=95 mt=R len=7
PKT t=14436 TX ua=95 mt=P len=0
PKT t=14445 RX ua=95 mt=R len=7
PKT t=14450 TX ua=95 mt=P len=0
PKT t=14459 RX ua=95 mt=R len=7
PKT t=14464 TX ua=95 mt=P len=0
PKT t=14473 RX ua=95 mt=R len=7
PKT t=14478 TX ua=95 mt=P len=0
PKT t=14507 RX ua=95 mt=R len=7
PKT t=14512 TX ua=95 mt=T len=7
PKT t=14524 TX ua=95 mt=P len=0
PKT t=14533 RX ua=95 mt=R len=7
PKT t=14538 TX ua=95 mt=P len=0
PKT t=14796 TX ua=96 mt=P len=0
PKT t=15201 TX ua=95 mt=P len=0
PKT t=15210 RX ua=95 mt=R len=7
PKT t=15215 TX ua=95 mt=T len=7
PKT t=15227 TX ua=95 mt=P len=0
PKT t=15236 RX ua=95 mt=R len=7
PKT t=15241 TX ua=95 mt=T len=7
PKT t=15253 TX ua=95 mt=P len=0
PKT t=15262 RX ua=95 mt=R len=7
PKT t=15267 TX ua=95 mt=P len=0
PKT t=15276 RX ua=95 mt=R len=7
PKT t=15281 TX ua=95 mt=P len=0
PKT t=15310 RX ua=95 mt=R len=7
PKT t=15315 TX ua=95 mt=P len=0
PKT t=15324 RX ua=95 mt=R len=7
PKT t=15329 TX ua=95 mt=P len=0
PKT t=15338 RX ua=95 mt=R len=7
PKT t=15343 TX ua=95 mt=P len=0
PKT t=15352 RX ua=95 mt=R len=7
PKT t=15357 TX ua=95 mt=P len=0
PKT t=15366 RX ua=95 mt=R len=7
PKT t=15371 TX ua=95 mt=P len=0
PKT t=15380 RX ua=95 mt=R len=7
PKT t=15385 TX ua=95 mt=P len=0
PKT t=15414 RX ua=95 mt=R len=7
PKT t=15419 TX ua=95 mt=P len=0
PKT t=15428 RX ua=95 mt=R len=7
PKT t=15433 TX ua=95 mt=P len=0
PKT t=15442 RX ua=95 mt=R len=7
PKT t=15447 TX ua=95 mt=P len=0
PKT t=15456 RX ua=95 mt=R len=7
PKT t=15461 TX ua=95 mt=P len=0
PKT t=15470 RX ua=95 mt=R len=7
PKT t=15475 TX ua=95 mt=P len=0
PKT t=15484 RX ua=95 mt=R len=7
PKT t=15489 TX ua=95 mt=T len=7
PKT t=15501 TX ua=95 mt=P len=0
PKT t=15520 RX ua=95 mt=R len=7
PKT t=15525 TX ua=95 mt=P len=0
PKT t=15535 RX ua=95 mt=R len=7
PKT t=15540 TX ua=95 mt=P len=0
PKT t=15798 TX ua=96 mt=P len=0
PKT t=16201 TX ua=95 mt=P len=0
PKT t=16211 RX ua=95 mt=R len=7
PKT t=16216 TX ua=95 mt=T len=7
PKT t=16228 TX ua=95 mt=P len=0
PKT t=16237 RX ua=95 mt=R len=7
PKT t=16242 TX ua=95 mt=T len=7
PKT t=16254 TX ua=95 mt=P len=0
PKT t=16263 RX ua=95 mt=R len=7
PKT t=16268 TX ua=95 mt=P len=0
PKT t=16277 RX ua=95 mt=R len=7
PKT t=16282 TX ua=95 mt=P len=0
PKT t=16291 RX ua=95 mt=R len=7
PKT t=16296 TX ua=95 mt=P len=0
PKT t=16325 RX ua=95 mt=R len=7
PKT t=16330 TX ua=95 mt=P len=0
PKT t=16339 RX ua=95 mt=R len=7
PKT t=16344 TX ua=95 mt=P len=0
PKT t=16353 RX ua=95 mt=R len=7
PKT t=16358 TX ua=95 mt=P len=0
PKT t=16367 RX ua=95 mt=R len=7
PKT t=16372 TX ua=95 mt=P len=0
PKT t=16381 RX ua=95 mt=R len=7
PKT t=16386 TX ua=95 mt=P len=0
PKT t=16395 RX ua=95 mt=R len=7
PKT t=16400 TX ua=95 mt=P len=0
PKT t=16429 RX ua=95 mt=R len=7
PKT t=16434 TX ua=95 mt=P len=0
PKT t=16443 RX ua=95 mt=R len=7
PKT t=16448 TX ua=95 mt=P len=0
PKT t=16457 RX ua=95 mt=R len=7
PKT t=16462 TX ua=95 mt=P len=0
PKT t=16471 RX ua=95 mt=R len=7
PKT t=16476 TX ua=95 mt=P len=0
PKT t=16485 RX ua=95 mt=R len=7
PKT t=16490 TX ua=95 mt=T len=7
PKT t=16502 TX ua=95 mt=P len=0
PKT t=16530 RX ua=95 mt=R len=7
PKT t=16535 TX ua=95 mt=P len=0
PKT t=16544 RX ua=95 mt=R len=7
PKT t=16696 TX ua=95 mt=P len=0
PKT t=16729 RX ua=95 mt=R len=7
PKT t=16734 TX ua=95 mt=P len=0
PKT t=16743 RX ua=95 mt=R len=7
PKT t=16748 TX ua=95 mt=T len=7
PKT t=16760 TX ua=95 mt=P len=0
PKT t=16769 RX ua=95 mt=R len=7
PKT t=16774 TX ua=95 mt=P len=0
PKT t=16783 RX ua=95 mt=R len=7
PKT t=16788 TX ua=95 mt=P len=0
PKT t=16797 RX ua=95 mt=R len=7
PKT t=16802 TX ua=95 mt=P len=0
PKT t=16831 RX ua=95 mt=R len=7
PKT t=16836 TX ua=95 mt=P len=0
PKT t=16845 RX ua=95 mt=R len=7
PKT t=16850 TX ua=95 mt=P len=0
PKT t=16859 RX ua=95 mt=R len=7
PKT t=16864 TX ua=95 mt=P len=0
PKT t=16873 RX ua=95 mt=R len=7
PKT t=16878 TX ua=95 mt=P len=0
PKT t=16887 RX ua=95 mt=R len=7
PKT t=16892 TX ua=95 mt=P len=0
PKT t=16901 RX ua=95 mt=R len=7
PKT t=16906 TX ua=95 mt=P len=0
PKT t=16935 RX ua=95 mt=R len=7
PKT t=16940 TX ua=95 mt=P len=0
PKT t=16949 RX ua=95 mt=R len=7
PKT t=16954 TX ua=95 mt=P len=0
PKT t=16963 RX ua=95 mt=R len=7
PKT t=16968 TX ua=95 mt=P len=0
PKT t=16977 RX ua=95 mt=R len=7
PKT t=16982 TX ua=95 mt=P len=0
PKT t=16991 RX ua=95 mt=R len=7
PKT t=16996 TX ua=95 mt=T len=7
PKT t=17008 TX ua=95 mt=P len=0
PKT t=17036 RX ua=95 mt=R len=7
PKT t=17041 TX ua=95 mt=P len=0
PKT t=17299 TX ua=96 mt=P len=0
PKT t=17701 TX ua=95 mt=P len=0
PKT t=17710 RX ua=95 mt=R len=7
PKT t=17715 TX ua=95 mt=T len=7
PKT t=17727 TX ua=95 mt=P len=0
PKT t=17747 RX ua=95 mt=R len=7
PKT t=17752 TX ua=95 mt=T len=7
PKT t=17764 TX ua=95 mt=P len=0
PKT t=17773 RX ua=95 mt=R len=7
PKT t=17778 TX ua=95 mt=P len=0
PKT t=17787 RX ua=95 mt=R len=7
PKT t=17792 TX ua=95 mt=P len=0
PKT t=17801 RX ua=95 mt=R len=7
PKT t=17806 TX ua=95 mt=P len=0
PKT t=17815 RX ua=95 mt=R len=7
PKT t=17820 TX ua=95 mt=P len=0
PKT t=17849 RX ua=95 mt=R len=7
PKT t=17854 TX ua=95 mt=P len=0
PKT t=17863 RX ua=95 mt=R len=7
PKT t=17868 TX ua=95 mt=P len=0
PKT t=17877 RX ua=95 mt=R len=7
PKT t=17882 TX ua=95 mt=P len=0
PKT t=17891 RX ua=95 mt=R len=7
PKT t=17896 TX ua=95 mt=P len=0
PKT t=17905 RX ua=95 mt=R len=7
PKT t=17910 TX ua=95 mt=P len=0
PKT t=17919 RX ua=95 mt=R len=7
PKT t=17924 TX ua=95 mt=P len=0
PKT t=17953 RX ua=95 mt=R len=7
PKT t=17958 TX ua=95 mt=P len=0
PKT t=17967 RX ua=95 mt=R len=7
PKT t=17972 TX ua=95 mt=P len=0
PKT t=17981 RX ua=95 mt=R len=7
PKT t=17986 TX ua=95 mt=P len=0
PKT t=17995 RX ua=95 mt=R len=7
PKT t=18000 TX ua=95 mt=T len=7
PKT t=18013 TX ua=95 mt=P len=0
PKT t=18022 RX ua=95 mt=R len=7
PKT t=18027 TX ua=95 mt=P len=0
PKT t=18196 RX ua=95 mt=R len=7
PKT t=18201 TX ua=95 mt=P len=0
PKT t=18210 RX ua=95 mt=R len=7
PKT t=18215 TX ua=95 mt=P len=0
PKT t=18224 RX ua=95 mt=R len=7
PKT t=18229 TX ua=95 mt=P len=0
PKT t=18258 RX ua=95 mt=R len=7
PKT t=18263 TX ua=95 mt=T len=7
PKT t=18276 TX ua=95 mt=P len=0
PKT t=18285 RX ua=95 mt=R len=7
PKT t=18290 TX ua=95 mt=T len=7
PKT t=18303 TX ua=95 mt=P len=0
PKT t=18312 RX ua=95 mt=R len=7
PKT t=18317 TX ua=95 mt=P len=0
PKT t=18326 RX ua=95 mt=R len=7
PKT t=18331 TX ua=95 mt=P len=0
PKT t=18360 RX ua=95 mt=R len=7
PKT t=18365 TX ua=95 mt=P len=0
PKT t=18374 RX ua=95 mt=R len=7
PKT t=18379 TX ua=95 mt=P len=0
PKT t=18388 RX ua=95 mt=R len=7
PKT t=18393 TX ua=95 mt=P len=0
PKT t=18402 RX ua=95 mt=R len=7
PKT t=18407 TX ua=95 mt=P len=0
PKT t=18416 RX ua=95 mt=R len=7
PKT t=18421 TX ua=95 mt=P len=0
PKT t=18431 RX ua=95 mt=R len=7
PKT t=18436 TX ua=95 mt=P len=0
PKT t=18465 RX ua=95 mt=R len=7
PKT t=18470 TX ua=95 mt=P len=0
PKT t=18479 RX ua=95 mt=R len=7
PKT t=18484 TX ua=95 mt=P len=0
PKT t=18493 RX ua=95 mt=R len=7
PKT t=18498 TX ua=95 mt=T len=7
PKT t=18511 TX ua=95 mt=P len=0
PKT t=18520 RX ua=95 mt=R len=7
PKT t=18525 TX ua=95 mt=P len=0
PKT t=18534 RX ua=95 mt=R len=7
PKT t=18539 TX ua=95 mt=P len=0
PKT t=18696 RX ua=95 mt=R len=7
PKT t=18701 TX ua=95 mt=P len=0
PKT t=18710 RX ua=95 mt=R len=7
PKT t=18715 TX ua=95 mt=P len=0
PKT t=18724 RX ua=95 mt=R len=7
PKT t=18729 TX ua=95 mt=P len=0
PKT t=18738 RX ua=95 mt=R len=7
PKT t=18743 TX ua=95 mt=T len=7
PKT t=18756 TX ua=95 mt=P len=0
PKT t=18774 RX ua=95 mt=R len=7
PKT t=18779 TX ua=95 mt=P len=0
PKT t=18788 RX ua=95 mt=R len=7
PKT t=18793 TX ua=95 mt=P len=0
PKT t=18802 RX ua=95 mt=R len=7
PKT t=18807 TX ua=95 mt=P len=0
PKT t=18816 RX ua=95 mt=R len=7
PKT t=18821 TX ua=95 mt=P len=0
PKT t=18830 RX ua=95 mt=R len=7
PKT t=18835 TX ua=95 mt=P len=0
PKT t=18844 RX ua=95 mt=R len=7
PKT t=18849 TX ua=95 mt=P len=0
PKT t=18878 RX ua=95 mt=R len=7
PKT t=18883 TX ua=95 mt=P len=0
PKT t=18892 RX ua=95 mt=R len=7
PKT t=18897 TX ua=95 mt=P len=0
PKT t=18906 RX ua=95 mt=R len=7
PKT t=18911 TX ua=95 mt=P len=0
PKT t=18920 RX ua=95 mt=R len=7
PKT t=18925 TX ua=95 mt=P len=0
PKT t=18934 RX ua=95 mt=R len=7
PKT t=18939 TX ua=95 mt=P len=0
PKT t=18948 RX ua=95 mt=R len=7
PKT t=18953 TX ua=95 mt=P len=0
PKT t=18982 RX ua=95 mt=R len=7
PKT t=18987 TX ua=95 mt=P len=0
PKT t=18996 RX ua=95 mt=R len=7
PKT t=19001 TX ua=95 mt=T len=7
PKT t=19014 TX ua=95 mt=P len=0
PKT t=19023 RX ua=95 mt=R len=7
PKT t=19028 TX ua=95 mt=P len=0
PKT t=19037 RX ua=95 mt=R len=7
PKT t=19042 TX ua=95 mt=P len=0
PKT t=19196 RX ua=95 mt=R len=7
PKT t=19201 TX ua=95 mt=P len=0
PKT t=19210 RX ua=95 mt=R len=7
PKT t=19215 TX ua=95 mt=P len=0
PKT t=19224 RX ua=95 mt=R len=7
PKT t=19229 TX ua=95 mt=P len=0
PKT t=19238 RX ua=95 mt=R len=7
PKT t=19243 TX ua=95 mt=T len=7
PKT t=19255 TX ua=95 mt=P len=0
PKT t=19285 RX ua=95 mt=R len=7
PKT t=19290 TX ua=95 mt=P len=0
PKT t=19299 RX ua=95 mt=R len=7
PKT t=19304 TX ua=95 mt=P len=0
PKT t=19313 RX ua=95 mt=R len=7
PKT t=19318 TX ua=95 mt=P len=0
PKT t=19327 RX ua=95 mt=R len=7
PKT t=19332 TX ua=95 mt=P len=0
PKT t=19341 RX ua=95 mt=R len=7
PKT t=19346 TX ua=95 mt=P len=0
PKT t=19355 RX ua=95 mt=R len=7
PKT t=19360 TX ua=95 mt=P len=0
PKT t=19389 RX ua=95 mt=R len=7
PKT t=19394 TX ua=95 mt=P len=0
PKT t=19403 RX ua=95 mt=R len=7
PKT t=19408 TX ua=95 mt=P len=0
PKT t=19417 RX ua=95 mt=R len=7
PKT t=19422 TX ua=95 mt=P len=0
PKT t=19431 RX ua=95 mt=R len=7
PKT t=19436 TX ua=95 mt=P len=0
PKT t=19445 RX ua=95 mt=R len=7
PKT t=19450 TX ua=95 mt=P len=0
PKT t=19459 RX ua=95 mt=R len=7
PKT t=19464 TX ua=95 mt=P len=0
PKT t=19493 RX ua=95 mt=R len=7
PKT t=19498 TX ua=95 mt=T len=7
PKT t=19510 TX ua=95 mt=P len=0
PKT t=19520 RX ua=95 mt=R len=7
PKT t=19525 TX ua=95 mt=P len=0
PKT t=19535 RX ua=95 mt=R len=7
PKT t=19540 TX ua=95 mt=P len=0
PKT t=19798 TX ua=96 mt=P len=0
PKT t=20201 TX ua=95 mt=P len=0
PKT t=20211 RX ua=95 mt=R len=7
PKT t=20216 TX ua=95 mt=T len=7
PKT t=20228 TX ua=95 mt=P len=0
PKT t=20237 RX ua=95 mt=R len=7
PKT t=20242 TX ua=95 mt=T len=7
PKT t=20254 TX ua=95 mt=P len=0
PKT t=20263 RX ua=95 mt=R len=7
PKT t=20268 TX ua=95 mt=P len=0
PKT t=20297 RX ua=95 mt=R len=7
PKT t=20302 TX ua=95 mt=P len=0
PKT t=20311 RX ua=95 mt=R len=7
PKT t=20316 TX ua=95 mt=P len=0
PKT t=20325 RX ua=95 mt=R len=7
PKT t=20330 TX ua=95 mt=P len=0
PKT t=20339 RX ua=95 mt=R len=7
PKT t=20344 TX ua=95 mt=P len=0
PKT t=20353 RX ua=95 mt=R len=7
PKT t=20358 TX ua=95 mt=P len=0
PKT t=20367 RX ua=95 mt=R len=7
PKT t=20372 TX ua=95 mt=P len=0
PKT t=20401 RX ua=95 mt=R len=7
PKT t=20406 TX ua=95 mt=P len=0
PKT t=20415 RX ua=95 mt=R len=7
PKT t=20420 TX ua=95 mt=P len=0
PKT t=20429 RX ua=95 mt=R len=7
PKT t=20434 TX ua=95 mt=P len=0
PKT t=20443 RX ua=95 mt=R len=7
PKT t=20448 TX ua=95 mt=P len=0
PKT t=20457 RX ua=95 mt=R len=7
PKT t=20462 TX ua=95 mt=P len=0
PKT t=20471 RX ua=95 mt=R len=7
PKT t=20476 TX ua=95 mt=P len=0
PKT t=20506 RX ua=95 mt=R len=7
PKT t=20510 TX ua=95 mt=T len=7
PKT t=20522 TX ua=95 mt=P len=0
PKT t=20531 RX ua=95 mt=R len=7
PKT t=20536 TX ua=95 mt=P len=0
PKT t=20546 RX ua=95 mt=R len=7
PKT t=20696 TX ua=95 mt=P len=0
PKT t=20706 RX ua=95 mt=R len=7
PKT t=20711 TX ua=95 mt=P len=0
PKT t=20720 RX ua=95 mt=R len=7
PKT t=20725 TX ua=95 mt=P len=0
PKT t=20734 RX ua=95 mt=R len=7
PKT t=20739 TX ua=95 mt=T len=7
PKT t=20751 TX ua=95 mt=P len=0
PKT t=20760 RX ua=95 mt=R len=7
PKT t=20765 TX ua=95 mt=P len=0
PKT t=20774 RX ua=95 mt=R len=7
PKT t=20779 TX ua=95 mt=P len=0
PKT t=20809 RX ua=95 mt=R len=7
PKT t=20814 TX ua=95 mt=P len=0
PKT t=20823 RX ua=95 mt=R len=7
PKT t=20828 TX ua=95 mt=P len=0
PKT t=20837 RX ua=95 mt=R len=7
PKT t=20842 TX ua=95 mt=P len=0
PKT t=20851 RX ua=95 mt=R len=7
PKT t=20856 TX ua=95 mt=P len=0
PKT t=20865 RX ua=95 mt=R len=7
PKT t=20870 TX ua=95 mt=P len=0
PKT t=20879 RX ua=95 mt=R len=7
PKT t=20884 TX ua=95 mt=P len=0
PKT t=20913 RX ua=95 mt=R len=7
PKT t=20918 TX ua=95 mt=P len=0
PKT t=20927 RX ua=95 mt=R len=7
PKT t=20932 TX ua=95 mt=P len=0
PKT t=20941 RX ua=95 mt=R len=7
PKT t=20946 TX ua=95 mt=P len=0
PKT t=20955 RX ua=95 mt=R len=7
PKT t=20960 TX ua=95 mt=P len=0
PKT t=20969 RX ua=95 mt=R len=7
PKT t=20974 TX ua=95 mt=P len=0
PKT t=20983 RX ua=95 mt=R len=7
PKT t=20988 TX ua=95 mt=P len=0
PKT t=21017 RX ua=95 mt=R len=7
PKT t=21022 TX ua=95 mt=T len=7
PKT t=21034 TX ua=95 mt=P len=0
PKT t=21044 RX ua=95 mt=R len=7
PKT t=21196 TX ua=95 mt=P len=0
PKT t=21217 RX ua=95 mt=R len=7
PKT t=21222 TX ua=95 mt=P len=0
PKT t=21231 RX ua=95 mt=R len=7
PKT t=21236 TX ua=95 mt=P len=0
PKT t=21245 RX ua=95 mt=R len=7
PKT t=21250 TX ua=95 mt=T len=7
PKT t=21263 TX ua=95 mt=P len=0
PKT t=21272 RX ua=95 mt=R len=7
PKT t=21277 TX ua=95 mt=P len=0
PKT t=21286 RX ua=95 mt=R len=7
PKT t=21291 TX ua=95 mt=P len=0
PKT t=21320 RX ua=95 mt=R len=7
PKT t=21325 TX ua=95 mt=P len=0
PKT t=21334 RX ua=95 mt=R len=7
PKT t=21339 TX ua=95 mt=P len=0
PKT t=21348 RX ua=95 mt=R len=7
PKT t=21353 TX ua=95 mt=P len=0
PKT t=21362 RX ua=95 mt=R len=7
PKT t=21367 TX ua=95 mt=P len=0
PKT t=21376 RX ua=95 mt=R len=7
PKT t=21381 TX ua=95 mt=P len=0
PKT t=21390 RX ua=95 mt=R len=7
PKT t=21395 TX ua=95 mt=P len=0
PKT t=21425 RX ua=95 mt=R len=7
PKT t=21430 TX ua=95 mt=P len=0
PKT t=21439 RX ua=95 mt=R len=7
PKT t=21444 TX ua=95 mt=P len=0
PKT t=21453 RX ua=95 mt=R len=7
PKT t=21458 TX ua=95 mt=P len=0
PKT t=21467 RX ua=95 mt=R len=7
PKT t=21472 TX ua=95 mt=P len=0
PKT t=21481 RX ua=95 mt=R len=7
PKT t=21486 TX ua=95 mt=P len=0
PKT t=21495 RX ua=95 mt=R len=7
PKT t=21500 TX ua=95 mt=T len=7
PKT t=21513 TX ua=95 mt=P len=0
PKT t=21532 RX ua=95 mt=R len=7
PKT t=21537 TX ua=95 mt=P len=0
PKT t=21795 TX ua=96 mt=P len=0
PKT t=22201 TX ua=95 mt=P len=0
PKT t=22211 RX ua=95 mt=R len=7
PKT t=22216 TX ua=95 mt=T len=7
PKT t=22229 TX ua=95 mt=P len=0
PKT t=22238 RX ua=95 mt=R len=7
PKT t=22243 TX ua=95 mt=T len=7
PKT t=22255 TX ua=95 mt=P len=0
PKT t=22264 RX ua=95 mt=R len=7
PKT t=22269 TX ua=95 mt=P len=0
PKT t=22278 RX ua=95 mt=R len=7
PKT t=22283 TX ua=95 mt=P len=0
PKT t=22292 RX ua=95 mt=R len=7
PKT t=22297 TX ua=95 mt=P len=0
PKT t=22329 RX ua=95 mt=R len=7
PKT t=22334 TX ua=95 mt=P len=0
PKT t=22343 RX ua=95 mt=R len=7
PKT t=22348 TX ua=95 mt=P len=0
PKT t=22357 RX ua=95 mt=R len=7
PKT t=22362 TX ua=95 mt=P len=0
PKT t=22371 RX ua=95 mt=R len=7
PKT t=22376 TX ua=95 mt=P len=0
PKT t=22385 RX ua=95 mt=R len=7
PKT t=22390 TX ua=95 mt=P len=0
PKT t=22399 RX ua=95 mt=R len=7
PKT t=22404 TX ua=95 mt=P len=0
PKT t=22433 RX ua=95 mt=R len=7
PKT t=22438 TX ua=95 mt=P len=0
PKT t=22447 RX ua=95 mt=R len=7
PKT t=22452 TX ua=95 mt=P len=0
PKT t=22461 RX ua=95 mt=R len=7
PKT t=22466 TX ua=95 mt=P len=0
PKT t=22475 RX ua=95 mt=R len=7
PKT t=22480 TX ua=95 mt=P len=0
PKT t=22489 RX ua=95 mt=R len=7
PKT t=22494 TX ua=95 mt=T len=7
PKT t=22506 TX ua=95 mt=P len=0
PKT t=22534 RX ua=95 mt=R len=7
PKT t=22539 TX ua=95 mt=P len=0
PKT t=22797 TX ua=96 mt=P len=0
PKT t=23201 TX ua=95 mt=P len=0
PKT t=23210 RX ua=95 mt=R len=7
PKT t=23215 TX ua=95 mt=T len=7
PKT t=23227 TX ua=95 mt=P len=0
PKT t=23236 RX ua=95 mt=R len=7
PKT t=23241 TX ua=95 mt=T len=7
PKT t=23253 TX ua=95 mt=P len=0
PKT t=23262 RX ua=95 mt=R len=7
PKT t=23267 TX ua=95 mt=P len=0
PKT t=23276 RX ua=95 mt=R len=7
PKT t=23281 TX ua=95 mt=P len=0
PKT t=23290 RX ua=95 mt=R len=7
PKT t=23295 TX ua=95 mt=P len=0
PKT t=23304 RX ua=95 mt=R len=7
PKT t=23309 TX ua=95 mt=P len=0
PKT t=23338 RX ua=95 mt=R len=7
PKT t=23343 TX ua=95 mt=P len=0
PKT t=23352 RX ua=95 mt=R len=7
PKT t=23357 TX ua=95 mt=P len=0
PKT t=23366 RX ua=95 mt=R len=7
PKT t=23371 TX ua=95 mt=P len=0
PKT t=23380 RX ua=95 mt=R len=7
PKT t=23385 TX ua=95 mt=P len=0
PKT t=23394 RX ua=95 mt=R len=7
PKT t=23399 TX ua=95 mt=P len=0
PKT t=23408 RX ua=95 mt=R len=7
PKT t=23413 TX ua=95 mt=P len=0
PKT t=23442 RX ua=95 mt=R len=7
PKT t=23447 TX ua=95 mt=P len=0
PKT t=23456 RX ua=95 mt=R len=7
PKT t=23461 TX ua=95 mt=P len=0
PKT t=23470 RX ua=95 mt=R len=7
PKT t=23475 TX ua=95 mt=P len=0
PKT t=23484 RX ua=95 mt=R len=7
PKT t=23489 TX ua=95 mt=T len=7
PKT t=23501 TX ua=95 mt=P len=0
PKT t=23511 RX ua=95 mt=R len=7
PKT t=23516 TX ua=95 mt=P len=0
PKT t=23545 RX ua=95 mt=R len=7
PKT t=23696 TX ua=95 mt=P len=0
PKT t=23706 RX ua=95 mt=R len=7
PKT t=23711 TX ua=95 mt=P len=0
PKT t=23744 RX ua=95 mt=R len=7
PKT t=23749 TX ua=95 mt=T len=7
PKT t=23761 TX ua=95 mt=P len=0
PKT t=23770 RX ua=95 mt=R len=7
PKT t=23775 TX ua=95 mt=P len=0
PKT t=23784 RX ua=95 mt=R len=7
PKT t=23789 TX ua=95 mt=P len=0
PKT t=23798 RX ua=95 mt=R len=7
PKT t=23803 TX ua=95 mt=P len=0
PKT t=23812 RX ua=95 mt=R len=7
PKT t=23817 TX ua=95 mt=P len=0
PKT t=23846 RX ua=95 mt=R len=7
PKT t=23851 TX ua=95 mt=P len=0
PKT t=23860 RX ua=95 mt=R len=7
PKT t=23865 TX ua=95 mt=P len=0
PKT t=23874 RX ua=95 mt=R len=7
PKT t=23879 TX ua=95 mt=P len=0
PKT t=23888 RX ua=95 mt=R len=7
PKT t=23893 TX ua=95 mt=P len=0
PKT t=23902 RX ua=95 mt=R len=7
PKT t=23907 TX ua=95 mt=P len=0
PKT t=23916 RX ua=95 mt=R len=7
PKT t=23921 TX ua=95 mt=P len=0
PKT t=23950 RX ua=95 mt=R len=7
PKT t=23955 TX ua=95 mt=P len=0
PKT t=23964 RX ua=95 mt=R len=7
PKT t=23969 TX ua=95 mt=P len=0
PKT t=23978 RX ua=95 mt=R len=7
PKT t=23983 TX ua=95 mt=P len=0
PKT t=23992 RX ua=95 mt=R len=7
PKT t=23997 TX ua=95 mt=T len=7
PKT t=24009 TX ua=95 mt=P len=0
PKT t=24018 RX ua=95 mt=R len=7
PKT t=24023 TX ua=95 mt=P len=0
PKT t=24196 RX ua=95 mt=R len=7
PKT t=24201 TX ua=95 mt=P len=0
PKT t=24210 RX ua=95 mt=R len=7
PKT t=24215 TX ua=95 mt=P len=0
PKT t=24224 RX ua=95 mt=R len=7
PKT t=24229 TX ua=95 mt=P len=0
PKT t=24258 RX ua=95 mt=R len=7
PKT t=24263 TX ua=95 mt=T len=7
PKT t=24275 TX ua=95 mt=P len=0
PKT t=24284 RX ua=95 mt=R len=7
PKT t=24289 TX ua=95 mt=P len=0
PKT t=24298 RX ua=95 mt=R len=7
PKT t=24303 TX ua=95 mt=P len=0
PKT t=24312 RX ua=95 mt=R len=7
PKT t=24317 TX ua=95 mt=P len=0
PKT t=24326 RX ua=95 mt=R len=7
PKT t=24331 TX ua=95 mt=P len=0
PKT t=24360 RX ua=95 mt=R len=7
PKT t=24365 TX ua=95 mt=P len=0
PKT t=24374 RX ua=95 mt=R len=7
PKT t=24379 TX ua=95 mt=P len=0
PKT t=24388 RX ua=95 mt=R len=7
PKT t=24393 TX ua=95 mt=P len=0
PKT t=24402 RX ua=95 mt=R len=7
PKT t=24407 TX ua=95 mt=P len=0
PKT t=24416 RX ua=95 mt=R len=7
PKT t=24421 TX ua=95 mt=P len=0
PKT t=24430 RX ua=95 mt=R len=7
PKT t=24435 TX ua=95 mt=P len=0
PKT t=24464 RX ua=95 mt=R len=7
PKT t=24469 TX ua=95 mt=P len=0
PKT t=24478 RX ua=95 mt=R len=7
PKT t=24483 TX ua=95 mt=P len=0
PKT t=24492 RX ua=95 mt=R len=7
PKT t=24497 TX ua=95 mt=T len=7
PKT t=24509 TX ua=95 mt=P len=0
PKT t=24518 RX ua=95 mt=R len=7
PKT t=24523 TX ua=95 mt=P len=0
PKT t=24532 RX ua=95 mt=R len=7
PKT t=24537 TX ua=95 mt=P len=0
PKT t=24696 RX ua=95 mt=R len=7
PKT t=24701 TX ua=95 mt=P len=0
PKT t=24710 RX ua=95 mt=R len=7
PKT t=24715 TX ua=95 mt=P len=0
PKT t=24725 RX ua=95 mt=R len=7
PKT t=24730 TX ua=95 mt=P len=0
PKT t=24739 RX ua=95 mt=R len=7
PKT t=24744 TX ua=95 mt=T len=7
PKT t=24756 TX ua=95 mt=P len=0
PKT t=24775 RX ua=95 mt=R len=7
PKT t=24780 TX ua=95 mt=P len=0
PKT t=24789 RX ua=95 mt=R len=7
PKT t=24794 TX ua=95 mt=P len=0
PKT t=24803 RX ua=95 mt=R len=7
PKT t=24808 TX ua=95 mt=P len=0
PKT t=24817 RX ua=95 mt=R len=7
PKT t=24822 TX ua=95 mt=P len=0
PKT t=24831 RX ua=95 mt=R len=7
PKT t=24836 TX ua=95 mt=P len=0
PKT t=24845 RX ua=95 mt=R len=7
PKT t=24850 TX ua=95 mt=P len=0
PKT t=24879 RX ua=95 mt=R len=7
PKT t=24884 TX ua=95 mt=P len=0
PKT t=24893 RX ua=95 mt=R len=7
PKT t=24898 TX ua=95 mt=P len=0
PKT t=24907 RX ua=95 mt=R len=7
PKT t=24912 TX ua=95 mt=P len=0
PKT t=24921 RX ua=95 mt=R len=7
PKT t=24926 TX ua=95 mt=P len=0
PKT t=24935 RX ua=95 mt=R len=7
PKT t=24940 TX ua=95 mt=P len=0
PKT t=24949 RX ua=95 mt=R len=7
PKT t=24954 TX ua=95 mt=P len=0
PKT t=24983 RX ua=95 mt=R len=7
PKT t=24988 TX ua=95 mt=P len=0
PKT t=24997 RX ua=95 mt=R len=7
PKT t=25002 TX ua=95 mt=T len=7
PKT t=25014 TX ua=95 mt=P len=0
PKT t=25023 RX ua=95 mt=R len=7
PKT t=25028 TX ua=95 mt=P len=0
PKT t=25037 RX ua=95 mt=R len=7
PKT t=25042 TX ua=95 mt=P len=0
PKT t=25196 RX ua=95 mt=R len=7
PKT t=25201 TX ua=95 mt=P len=0
PKT t=25210 RX ua=95 mt=R len=7
PKT t=25215 TX ua=95 mt=P len=0
PKT t=25224 RX ua=95 mt=R len=7
PKT t=25229 TX ua=95 mt=P len=0
PKT t=25238 RX ua=95 mt=R len=7
PKT t=25243 TX ua=95 mt=T len=7
PKT t=25255 TX ua=95 mt=P len=0
PKT t=25284 RX ua=95 mt=R len=7
PKT t=25289 TX ua=95 mt=P len=0
PKT t=25298 RX ua=95 mt=R len=7
PKT t=25303 TX ua=95 mt=P len=0
PKT t=25312 RX ua=95 mt=R len=7
PKT t=25317 TX ua=95 mt=P len=0
PKT t=25326 RX ua=95 mt=R len=7
PKT t=25331 TX ua=95 mt=P len=0
PKT t=25340 RX ua=95 mt=R len=7
PKT t=25345 TX ua=95 mt=P len=0
PKT t=25354 RX ua=95 mt=R len=7
PKT t=25359 TX ua=95 mt=P len=0
PKT t=25388 RX ua=95 mt=R len=7
PKT t=25393 TX ua=95 mt=P len=0
PKT t=25402 RX ua=95 mt=R len=7
PKT t=25407 TX ua=95 mt=P len=0
PKT t=25416 RX ua=95 mt=R len=7
PKT t=25421 TX ua=95 mt=P len=0
PKT t=25430 RX ua=95 mt=R len=7
PKT t=25435 TX ua=95 mt=P len=0
PKT t=25444 RX ua=95 mt=R len=7
PKT t=25449 TX ua=95 mt=P len=0
PKT t=25458 RX ua=95 mt=R len=7
PKT t=25463 TX ua=95 mt=P len=0
PKT t=25492 RX ua=95 mt=R len=7
PKT t=25497 TX ua=95 mt=T len=7
PKT t=25509 TX ua=95 mt=P len=0
PKT t=25519 RX ua=95 mt=R len=7
PKT t=25524 TX ua=95 mt=P len=0
PKT t=25534 RX ua=95 mt=R len=7
PKT t=25539 TX ua=95 mt=P len=0
PKT t=25797 TX ua=96 mt=P len=0
PKT t=26201 TX ua=95 mt=P len=0
PKT t=26211 RX ua=95 mt=R len=7
PKT t=26216 TX ua=95 mt=T len=7
PKT t=26228 TX ua=95 mt=P len=0
PKT t=26237 RX ua=95 mt=R len=7
PKT t=26242 TX ua=95 mt=T len=7
PKT t=26255 TX ua=95 mt=P len=0
PKT t=26264 RX ua=95 mt=R len=7
PKT t=26269 TX ua=95 mt=T len=7
PKT t=26282 TX ua=95 mt=P len=0
PKT t=26300 RX ua=95 mt=R len=7
PKT t=26305 TX ua=95 mt=P len=0
PKT t=26314 RX ua=95 mt=R len=7
PKT t=26319 TX ua=95 mt=P len=0
PKT t=26328 RX ua=95 mt=R len=7
PKT t=26333 TX ua=95 mt=P len=0
PKT t=26342 RX ua=95 mt=R len=7
PKT t=26347 TX ua=95 mt=P len=0
PKT t=26356 RX ua=95 mt=R len=7
PKT t=26361 TX ua=95 mt=P len=0
PKT t=26370 RX ua=95 mt=R len=7
PKT t=26375 TX ua=95 mt=P len=0
PKT t=26404 RX ua=95 mt=R len=7
PKT t=26409 TX ua=95 mt=P len=0
PKT t=26418 RX ua=95 mt=R len=7
PKT t=26423 TX ua=95 mt=P len=0
PKT t=26432 RX ua=95 mt=R len=7
PKT t=26437 TX ua=95 mt=P len=0
PKT t=26446 RX ua=95 mt=R len=7
PKT t=26451 TX ua=95 mt=P len=0
PKT t=26460 RX ua=95 mt=R len=7
PKT t=26465 TX ua=95 mt=P len=0
PKT t=26474 RX ua=95 mt=R len=7
PKT t=26479 TX ua=95 mt=P len=0
PKT t=26508 RX ua=95 mt=R len=7
PKT t=26513 TX ua=95 mt=T len=7
PKT t=26526 TX ua=95 mt=P len=0
PKT t=26535 RX ua=95 mt=R len=7
PKT t=26540 TX ua=95 mt=P len=0
PKT t=26798 TX ua=96 mt=P len=0
PKT t=27201 TX ua=95 mt=P len=0
PKT t=27210 RX ua=95 mt=R len=7
PKT t=27215 TX ua=95 mt=T len=7
PKT t=27228 TX ua=95 mt=P len=0
PKT t=27237 RX ua=95 mt=R len=7
PKT t=27242 TX ua=95 mt=T len=7
PKT t=27254 TX ua=95 mt=P len=0
PKT t=27263 RX ua=95 mt=R len=7
PKT t=27268 TX ua=95 mt=P len=0
PKT t=27277 RX ua=95 mt=R len=7
PKT t=27282 TX ua=95 mt=P len=0
PKT t=27311 RX ua=95 mt=R len=7
PKT t=27316 TX ua=95 mt=P len=0
PKT t=27325 RX ua=95 mt=R len=7
PKT t=27330 TX ua=95 mt=P len=0
PKT t=27340 RX ua=95 mt=R len=7
PKT t=27345 TX ua=95 mt=P len=0
PKT t=27354 RX ua=95 mt=R len=7
PKT t=27359 TX ua=95 mt=P len=0
PKT t=27368 RX ua=95 mt=R len=7
PKT t=27373 TX ua=95 mt=P len=0
PKT t=27382 RX ua=95 mt=R len=7
PKT t=27387 TX ua=95 mt=P len=0
PKT t=27416 RX ua=95 mt=R len=7
PKT t=27421 TX ua=95 mt=P len=0
PKT t=27430 RX ua=95 mt=R len=7
PKT t=27435 TX ua=95 mt=P len=0
PKT t=27444 RX ua=95 mt=R len=7
PKT t=27449 TX ua=95 mt=P len=0
PKT t=27458 RX ua=95 mt=R len=7
PKT t=27463 TX ua=95 mt=P len=0
PKT t=27472 RX ua=95 mt=R len=7
PKT t=27477 TX ua=95 mt=P len=0
PKT t=27486 RX ua=95 mt=R len=7
PKT t=27491 TX ua=95 mt=T len=7
PKT t=27503 TX ua=95 mt=P len=0
PKT t=27522 RX ua=95 mt=R len=7
PKT t=27527 TX ua=95 mt=P len=0
PKT t=27537 RX ua=95 mt=R len=7
PKT t=27542 TX ua=95 mt=P len=0
PKT t=27696 RX ua=95 mt=R len=7
PKT t=27701 TX ua=95 mt=P len=0
PKT t=27719 RX ua=95 mt=R len=7
PKT t=27724 TX ua=95 mt=P len=0
PKT t=27734 RX ua=95 mt=R len=7
PKT t=27739 TX ua=95 mt=T len=7
PKT t=27751 TX ua=95 mt=P len=0
PKT t=27760 RX ua=95 mt=R len=7
PKT t=27765 TX ua=95 mt=P len=0
PKT t=27774 RX ua=95 mt=R len=7
PKT t=27779 TX ua=95 mt=P len=0
PKT t=27788 RX ua=95 mt=R len=7
PKT t=27793 TX ua=95 mt=P len=0
PKT t=27822 RX ua=95 mt=R len=7
PKT t=27827 TX ua=95 mt=P len=0
PKT t=27836 RX ua=95 mt=R len=7
PKT t=27841 TX ua=95 mt=P len=0
PKT t=27850 RX ua=95 mt=R len=7
PKT t=27855 TX ua=95 mt=P len=0
PKT t=27864 RX ua=95 mt=R len=7
PKT t=27869 TX ua=95 mt=P len=0
PKT t=27879 RX ua=95 mt=R len=7
PKT t=27884 TX ua=95 mt=P len=0
PKT t=27893 RX ua=95 mt=R len=7
PKT t=27898 TX ua=95 mt=P len=0
PKT t=27927 RX ua=95 mt=R len=7
PKT t=27932 TX ua=95 mt=P len=0
PKT t=27941 RX ua=95 mt=R len=7
PKT t=27946 TX ua=95 mt=P len=0
PKT t=27955 RX ua=95 mt=R len=7
PKT t=27960 TX ua=95 mt=P len=0
PKT t=27969 RX ua=95 mt=R len=7
PKT t=27974 TX ua=95 mt=P len=0
PKT t=27983 RX ua=95 mt=R len=7
PKT t=27988 TX ua=95 mt=P len=0
PKT t=27997 RX ua=95 mt=R len=7
PKT t=28002 TX ua=95 mt=T len=7
PKT t=28018 TX ua=95 mt=P len=0
PKT t=28033 RX ua=95 mt=R len=7
PKT t=28038 TX ua=95 mt=P len=0
PKT t=28296 TX ua=96 mt=P len=0
PKT t=28701 TX ua=95 mt=P len=0
PKT t=28710 RX ua=95 mt=R len=7
PKT t=28715 TX ua=95 mt=T len=7
PKT t=28727 TX ua=95 mt=P len=0
PKT t=28736 RX ua=95 mt=R len=7
PKT t=28741 TX ua=95 mt=T len=7
PKT t=28753 TX ua=95 mt=P len=0
PKT t=28762 RX ua=95 mt=R len=7
PKT t=28767 TX ua=95 mt=P len=0
PKT t=28776 RX ua=95 mt=R len=7
PKT t=28781 TX ua=95 mt=P len=0
PKT t=28790 RX ua=95 mt=R len=7
PKT t=28795 TX ua=95 mt=P len=0
PKT t=28804 RX ua=95 mt=R len=7
PKT t=28809 TX ua=95 mt=P len=0
PKT t=28838 RX ua=95 mt=R len=7
PKT t=28843 TX ua=95 mt=P len=0
PKT t=28852 RX ua=95 mt=R len=7
PKT t=28857 TX ua=95 mt=P len=0
PKT t=28866 RX ua=95 mt=R len=7
PKT t=28871 TX ua=95 mt=P len=0
PKT t=28880 RX ua=95 mt=R len=7
PKT t=28885 TX ua=95 mt=P len=0
PKT t=28894 RX ua=95 mt=R len=7
PKT t=28899 TX ua=95 mt=P len=0
PKT t=28908 RX ua=95 mt=R len=7
PKT t=28913 TX ua=95 mt=P len=0
PKT t=28942 RX ua=95 mt=R len=7
PKT t=28947 TX ua=95 mt=P len=0
PKT t=28956 RX ua=95 mt=R len=7
PKT t=28961 TX ua=95 mt=P len=0
PKT t=28970 RX ua=95 mt=R len=7
PKT t=28975 TX ua=95 mt=P len=0
PKT t=28984 RX ua=95 mt=R len=7
PKT t=28989 TX ua=95 mt=T len=7
PKT t=29001 TX ua=95 mt=P len=0
PKT t=29010 RX ua=95 mt=R len=7
PKT t=29015 TX ua=95 mt=P len=0
PKT t=29044 RX ua=95 mt=R len=7
PKT t=29196 TX ua=95 mt=P len=0
PKT t=29205 RX ua=95 mt=R len=7
PKT t=29210 TX ua=95 mt=P len=0
PKT t=29243 RX ua=95 mt=R len=7
PKT t=29248 TX ua=95 mt=T len=7
PKT t=29261 TX ua=95 mt=P len=0
PKT t=29270 RX ua=95 mt=R len=7
PKT t=29275 TX ua=95 mt=P len=0
PKT t=29284 RX ua=95 mt=R len=7
PKT t=29289 TX ua=95 mt=P len=0
PKT t=29298 RX ua=95 mt=R len=7
PKT t=29303 TX ua=95 mt=P len=0
PKT t=29312 RX ua=95 mt=R len=7
PKT t=29317 TX ua=95 mt=P len=0
PKT t=29346 RX ua=95 mt=R len=7
PKT t=29351 TX ua=95 mt=P len=0
PKT t=29360 RX ua=95 mt=R len=7
PKT t=29365 TX ua=95 mt=P len=0
PKT t=29374 RX ua=95 mt=R len=7
PKT t=29379 TX ua=95 mt=P len=0
PKT t=29388 RX ua=95 mt=R len=7
PKT t=29393 TX ua=95 mt=P len=0
PKT t=29402 RX ua=95 mt=R len=7
PKT t=29407 TX ua=95 mt=P len=0
PKT t=29416 RX ua=95 mt=R len=7
PKT t=29421 TX ua=95 mt=P len=0
PKT t=29450 RX ua=95 mt=R len=7
PKT t=29455 TX ua=95 mt=P len=0
PKT t=29464 RX ua=95 mt=R len=7
PKT t=29469 TX ua=95 mt=P len=0
PKT t=29478 RX ua=95 mt=R len=7
PKT t=29483 TX ua=95 mt=P len=0
PKT t=29492 RX ua=95 mt=R len=7
PKT t=29497 TX ua=95 mt=T len=7
PKT t=29510 TX ua=95 mt=P len=0
PKT t=29520 RX ua=95 mt=R len=7
PKT t=29525 TX ua=95 mt=P len=0
PKT t=29696 RX ua=95 mt=R len=7
PKT t=29701 TX ua=95 mt=P len=0
PKT t=29711 RX ua=95 mt=R len=7
PKT t=29716 TX ua=95 mt=P len=0
PKT t=29726 RX ua=95 mt=R len=7
PKT t=29731 TX ua=95 mt=P len=0
PKT t=29760 RX ua=95 mt=R len=7
PKT t=29765 TX ua=95 mt=T len=7
PKT t=29778 TX ua=95 mt=P len=0
PKT t=29787 RX ua=95 mt=R len=7
PKT t=29792 TX ua=95 mt=P len=0
PKT t=29801 RX ua=95 mt=R len=7
PKT t=29806 TX ua=95 mt=P len=0
PKT t=29815 RX ua=95 mt=R len=7
PKT t=29820 TX ua=95 mt=P len=0
PKT t=29829 RX ua=95 mt=R len=7
PKT t=29834 TX ua=95 mt=P len=0
PKT t=29864 RX ua=95 mt=R len=7
PKT t=29869 TX ua=95 mt=P len=0
PKT t=29878 RX ua=95 mt=R len=7
PKT t=29883 TX ua=95 mt=P len=0
PKT t=29892 RX ua=95 mt=R len=7
PKT t=29897 TX ua=95 mt=P len=0
PKT t=29906 RX ua=95 mt=R len=7
PKT t=29911 TX ua=95 mt=P len=0
PKT t=29920 RX ua=95 mt=R len=7
PKT t=29925 TX ua=95 mt=P len=0
PKT t=29934 RX ua=95 mt=R len=7
PKT t=29939 TX ua=95 mt=P len=0
PKT t=29968 RX ua=95 mt=R len=7
PKT t=29973 TX ua=95 mt=P len=0
PKT t=29982 RX ua=95 mt=R len=7
PKT t=29987 TX ua=95 mt=P len=0
PKT t=29996 RX ua=95 mt=R len=7
PKT t=30001 TX ua=95 mt=T len=7
PKT t=30014 TX ua=95 mt=P len=0
PKT t=30023 RX ua=95 mt=R len=7
PKT t=30028 TX ua=95 mt=P len=0
PKT t=30037 RX ua=95 mt=R len=7
PKT t=30042 TX ua=95 mt=P len=0
PKT t=30196 RX ua=95 mt=R len=7
PKT t=30201 TX ua=95 mt=P len=0
PKT t=30210 RX ua=95 mt=R len=7
PKT t=30215 TX ua=95 mt=P len=0
PKT t=30224 RX ua=95 mt=R len=7
PKT t=30229 TX ua=95 mt=P len=0
PKT t=30238 RX ua=95 mt=R len=7
PKT t=30243 TX ua=95 mt=T len=7
PKT t=30255 TX ua=95 mt=P len=0
PKT t=30274 RX ua=95 mt=R len=7
PKT t=30279 TX ua=95 mt=P len=0
PKT t=30288 RX ua=95 mt=R len=7
PKT t=30293 TX ua=95 mt=P len=0
PKT t=30302 RX ua=95 mt=R len=7
PKT t=30307 TX ua=95 mt=P len=0
PKT t=30316 RX ua=95 mt=R len=7
PKT t=30321 TX ua=95 mt=P len=0
PKT t=30330 RX ua=95 mt=R len=7
PKT t=30335 TX ua=95 mt=P len=0
PKT t=30344 RX ua=95 mt=R len=7
PKT t=30349 TX ua=95 mt=P len=0
PKT t=30378 RX ua=95 mt=R len=7
PKT t=30383 TX ua=95 mt=P len=0
PKT t=30392 RX ua=95 mt=R len=7
PKT t=30397 TX ua=95 mt=P len=0
PKT t=30406 RX ua=95 mt=R len=7
PKT t=30411 TX ua=95 mt=P len=0
PKT t=30420 RX ua=95 mt=R len=7
PKT t=30425 TX ua=95 mt=P len=0
PKT t=30434 RX ua=95 mt=R len=7
PKT t=30439 TX ua=95 mt=P len=0
PKT t=30448 RX ua=95 mt=R len=7
PKT t=30453 TX ua=95 mt=P len=0
PKT t=30482 RX ua=95 mt=R len=7
PKT t=30487 TX ua=95 mt=P len=0
PKT t=30496 RX ua=95 mt=R len=7
PKT t=30501 TX ua=95 mt=T len=7
PKT t=30513 TX ua=95 mt=P len=0
PKT t=30522 RX ua=95 mt=R len=7
PKT t=30527 TX ua=95 mt=P len=0
PKT t=30536 RX ua=95 mt=R len=7
PKT t=30541 TX ua=95 mt=P len=0
PKT t=30799 TX ua=96 mt=P len=0
PKT t=31201 TX ua=95 mt=P len=0
PKT t=31210 RX ua=95 mt=R len=7
PKT t=31215 TX ua=95 mt=T len=7
PKT t=31227 TX ua=95 mt=P len=0
PKT t=31236 RX ua=95 mt=R len=7
PKT t=31241 TX ua=95 mt=T len=7
PKT t=31253 TX ua=95 mt=P len=0
PKT t=31283 RX ua=95 mt=R len=7
PKT t=31288 TX ua=95 mt=P len=0
PKT t=31297 RX ua=95 mt=R len=7
PKT t=31302 TX ua=95 mt=P len=0
PKT t=31311 RX ua=95 mt=R len=7
PKT t=31316 TX ua=95 mt=P len=0
PKT t=31325 RX ua=95 mt=R len=7
PKT t=31330 TX ua=95 mt=P len=0
PKT t=31339 RX ua=95 mt=R len=7
PKT t=31344 TX ua=95 mt=P len=0
PKT t=31353 RX ua=95 mt=R len=7
PKT t=31358 TX ua=95 mt=P len=0
PKT t=31387 RX ua=95 mt=R len=7
PKT t=31392 TX ua=95 mt=P len=0
PKT t=31401 RX ua=95 mt=R len=7
PKT t=31406 TX ua=95 mt=P len=0
PKT t=31415 RX ua=95 mt=R len=7
PKT t=31420 TX ua=95 mt=P len=0
PKT t=31429 RX ua=95 mt=R len=7
PKT t=31434 TX ua=95 mt=P len=0
PKT t=31443 RX ua=95 mt=R len=7
PKT t=31448 TX ua=95 mt=P len=0
PKT t=31457 RX ua=95 mt=R len=7
PKT t=31462 TX ua=95 mt=P len=0
PKT t=31491 RX ua=95 mt=R len=7
PKT t=31496 TX ua=95 mt=T len=7
PKT t=31508 TX ua=95 mt=P len=0
PKT t=31518 RX ua=95 mt=R len=7
PKT t=31523 TX ua=95 mt=P len=0
PKT t=31533 RX ua=95 mt=R len=7
PKT t=31538 TX ua=95 mt=P len=0
PKT t=31796 TX ua=96 mt=P len=0
PKT t=32201 TX ua=95 mt=P len=0
PKT t=32211 RX ua=95 mt=R len=7
PKT t=32216 TX ua=95 mt=T len=7
PKT t=32228 TX ua=95 mt=P len=0
PKT t=32237 RX ua=95 mt=R len=7
PKT t=32242 TX ua=95 mt=T len=7
PKT t=32254 TX ua=95 mt=P len=0
PKT t=32263 RX ua=95 mt=R len=7
PKT t=32268 TX ua=95 mt=P len=0
PKT t=32297 RX ua=95 mt=R len=7
PKT t=32302 TX ua=95 mt=P len=0
PKT t=32311 RX ua=95 mt=R len=7
PKT t=32316 TX ua=95 mt=P len=0
PKT t=32325 RX ua=95 mt=R len=7
PKT t=32330 TX ua=95 mt=P len=0
PKT t=32339 RX ua=95 mt=R len=7
PKT t=32344 TX ua=95 mt=P len=0
PKT t=32353 RX ua=95 mt=R len=7
PKT t=32358 TX ua=95 mt=P len=0
PKT t=32367 RX ua=95 mt=R len=7
PKT t=32372 TX ua=95 mt=P len=0
PKT t=32401 RX ua=95 mt=R len=7
PKT t=32406 TX ua=95 mt=P len=0
PKT t=32415 RX ua=95 mt=R len=7
PKT t=32420 TX ua=95 mt=P len=0
PKT t=32429 RX ua=95 mt=R len=7
PKT t=32434 TX ua=95 mt=P len=0
PKT t=32443 RX ua=95 mt=R len=7
PKT t=32448 TX ua=95 mt=P len=0
PKT t=32457 RX ua=95 mt=R len=7
PKT t=32462 TX ua=95 mt=P len=0
PKT t=32471 RX ua=95 mt=R len=7
PKT t=32476 TX ua=95 mt=P len=0
PKT t=32505 RX ua=95 mt=R len=7
PKT t=32510 TX ua=95 mt=T len=7
PKT t=32522 TX ua=95 mt=P len=0
PKT t=32531 RX ua=95 mt=R len=7
PKT t=32536 TX ua=95 mt=P len=0
PKT t=32545 RX ua=95 mt=R len=7
PKT t=32696 TX ua=95 mt=P len=0
PKT t=32705 RX ua=95 mt=R len=7
PKT t=32710 TX ua=95 mt=P len=0
PKT t=32719 RX ua=95 mt=R len=7
PKT t=32724 TX ua=95 mt=P len=0
PKT t=32733 RX ua=95 mt=R len=7
PKT t=32738 TX ua=95 mt=P len=0
PKT t=32747 RX ua=95 mt=R len=7
PKT t=32752 TX ua=95 mt=T len=7
PKT t=32764 TX ua=95 mt=P len=0
PKT t=32773 RX ua=95 mt=R len=7
PKT t=32778 TX ua=95 mt=P len=0
PKT t=32807 RX ua=95 mt=R len=7
PKT t=32812 TX ua=95 mt=P len=0
PKT t=32821 RX ua=95 mt=R len=7
PKT t=32826 TX ua=95 mt=P len=0
PKT t=32835 RX ua=95 mt=R len=7
PKT t=32840 TX ua=95 mt=P len=0
PKT t=32849 RX ua=95 mt=R len=7
PKT t=32854 TX ua=95 mt=P len=0
PKT t=32863 RX ua=95 mt=R len=7
PKT t=32868 TX ua=95 mt=P len=0
PKT t=32877 RX ua=95 mt=R len=7
PKT t=32882 TX ua=95 mt=P len=0
PKT t=32911 RX ua=95 mt=R len=7
PKT t=32916 TX ua=95 mt=P len=0
PKT t=32925 RX ua=95 mt=R len=7
PKT t=32930 TX ua=95 mt=P len=0
PKT t=32939 RX ua=95 mt=R len=7
PKT t=32944 TX ua=95 mt=P len=0
PKT t=32953 RX ua=95 mt=R len=7
PKT t=32958 TX ua=95 mt=P len=0
PKT t=32967 RX ua=95 mt=R len=7
PKT t=32972 TX ua=95 mt=P len=0
PKT t=32981 RX ua=95 mt=R len=7
PKT t=32986 TX ua=95 mt=P len=0
PKT t=33015 RX ua=95 mt=R len=7
PKT t=33020 TX ua=95 mt=T len=7
PKT t=33032 TX ua=95 mt=P len=0
PKT t=33041 RX ua=95 mt=R len=7
PKT t=33046 TX ua=95 mt=P len=0
PKT t=33196 RX ua=95 mt=R len=7
PKT t=33451 TX ua=96 mt=P len=0
PKT t=33709 TX ua=95 mt=P len=0
PKT t=33718 RX ua=95 mt=R len=7
PKT t=33723 TX ua=95 mt=T len=7
PKT t=33735 TX ua=95 mt=P len=0
PKT t=33745 RX ua=95 mt=R len=7
PKT t=33750 TX ua=95 mt=T len=7
PKT t=33762 TX ua=95 mt=P len=0
PKT t=33771 RX ua=95 mt=R len=7
PKT t=33776 TX ua=95 mt=P len=0
PKT t=33785 RX ua=95 mt=R len=7
PKT t=33790 TX ua=95 mt=P len=0
PKT t=33819 RX ua=95 mt=R len=7
PKT t=33824 TX ua=95 mt=P len=0
PKT t=33833 RX ua=95 mt=R len=7
PKT t=33838 TX ua=95 mt=P len=0
PKT t=33847 RX ua=95 mt=R len=7
PKT t=33852 TX ua=95 mt=P len=0
PKT t=33861 RX ua=95 mt=R len=7
PKT t=33866 TX ua=95 mt=P len=0
PKT t=33875 RX ua=95 mt=R len=7
PKT t=33880 TX ua=95 mt=P len=0
PKT t=33889 RX ua=95 mt=R len=7
PKT t=33894 TX ua=95 mt=P len=0
PKT t=33923 RX ua=95 mt=R len=7
PKT t=33928 TX ua=95 mt=P len=0
PKT t=33937 RX ua=95 mt=R len=7
PKT t=33942 TX ua=95 mt=P len=0
PKT t=33951 RX ua=95 mt=R len=7
PKT t=33956 TX ua=95 mt=P len=0
PKT t=33965 RX ua=95 mt=R len=7
PKT t=33970 TX ua=95 mt=P len=0
PKT t=33979 RX ua=95 mt=R len=7
PKT t=33984 TX ua=95 mt=P len=0
PKT t=33994 RX ua=95 mt=R len=7
PKT t=33999 TX ua=95 mt=T len=7
PKT t=34011 TX ua=95 mt=P len=0
PKT t=34030 RX ua=95 mt=R len=7
PKT t=34035 TX ua=95 mt=P len=0
PKT t=34044 RX ua=95 mt=R len=7
PKT t=34196 TX ua=95 mt=P len=0
PKT t=34227 RX ua=95 mt=R len=7
PKT t=34232 TX ua=95 mt=P len=0
PKT t=34241 RX ua=95 mt=R len=7
PKT t=34246 TX ua=95 mt=T len=7
PKT t=34259 TX ua=95 mt=P len=0
PKT t=34268 RX ua=95 mt=R len=7
PKT t=34273 TX ua=95 mt=T len=7
PKT t=34286 TX ua=95 mt=P len=0
PKT t=34295 RX ua=95 mt=R len=7
PKT t=34300 TX ua=95 mt=P len=0
PKT t=34329 RX ua=95 mt=R len=7
PKT t=34334 TX ua=95 mt=P len=0
PKT t=34343 RX ua=95 mt=R len=7
PKT t=34348 TX ua=95 mt=P len=0
PKT t=34357 RX ua=95 mt=R len=7
PKT t=34362 TX ua=95 mt=P len=0
PKT t=34371 RX ua=95 mt=R len=7
PKT t=34376 TX ua=95 mt=P len=0
PKT t=34385 RX ua=95 mt=R len=7
PKT t=34390 TX ua=95 mt=P len=0
PKT t=34399 RX ua=95 mt=R len=7
PKT t=34404 TX ua=95 mt=P len=0
PKT t=34433 RX ua=95 mt=R len=7
PKT t=34438 TX ua=95 mt=P len=0
PKT t=34447 RX ua=95 mt=R len=7
PKT t=34452 TX ua=95 mt=P len=0
PKT t=34461 RX ua=95 mt=R len=7
PKT t=34466 TX ua=95 mt=P len=0
PKT t=34475 RX ua=95 mt=R len=7
PKT t=34480 TX ua=95 mt=P len=0
PKT t=34489 RX ua=95 mt=R len=7
PKT t=34494 TX ua=95 mt=T len=7
PKT t=34507 TX ua=95 mt=P len=0
PKT t=34534 RX ua=95 mt=R len=7
PKT t=34539 TX ua=95 mt=P len=0
PKT t=34797 TX ua=96 mt=P len=0
PKT t=35201 TX ua=95 mt=P len=0
PKT t=35210 RX ua=95 mt=R len=7
PKT t=35215 TX ua=95 mt=T len=7
PKT t=35228 TX ua=95 mt=P len=0
PKT t=35237 RX ua=95 mt=R len=7
PKT t=35242 TX ua=95 mt=T len=7
PKT t=35254 TX ua=95 mt=P len=0
PKT t=35263 RX ua=95 mt=R len=7
PKT t=35268 TX ua=95 mt=P len=0
PKT t=35277 RX ua=95 mt=R len=7
PKT t=35282 TX ua=95 mt=P len=0
PKT t=35291 RX ua=95 mt=R len=7
PKT t=35296 TX ua=95 mt=P len=0
PKT t=35305 RX ua=95 mt=R len=7
PKT t=35310 TX ua=95 mt=P len=0
PKT t=35339 RX ua=95 mt=R len=7
PKT t=35344 TX ua=95 mt=P len=0
PKT t=35353 RX ua=95 mt=R len=7
PKT t=35358 TX ua=95 mt=P len=0
PKT t=35367 RX ua=95 mt=R len=7
PKT t=35372 TX ua=95 mt=P len=0
PKT t=35381 RX ua=95 mt=R len=7
PKT t=35386 TX ua=95 mt=P len=0
PKT t=35395 RX ua=95 mt=R len=7
PKT t=35400 TX ua=95 mt=P len=0
PKT t=35409 RX ua=95 mt=R len=7
PKT t=35414 TX ua=95 mt=P len=0
PKT t=35443 RX ua=95 mt=R len=7
PKT t=35448 TX ua=95 mt=P len=0
PKT t=35457 RX ua=95 mt=R len=7
PKT t=35462 TX ua=95 mt=P len=0
PKT t=35471 RX ua=95 mt=R len=7
PKT t=35476 TX ua=95 mt=P len=0
PKT t=35485 RX ua=95 mt=R len=7
PKT t=35490 TX ua=95 mt=T len=7
PKT t=35502 TX ua=95 mt=P len=0
PKT t=35512 RX ua=95 mt=R len=7
PKT t=35517 TX ua=95 mt=P len=0
PKT t=35546 RX ua=95 mt=R len=7
PKT t=35696 TX ua=95 mt=P len=0
PKT t=35706 RX ua=95 mt=R len=7
PKT t=35711 TX ua=95 mt=P len=0
PKT t=35721 RX ua=95 mt=R len=7
PKT t=35726 TX ua=95 mt=P len=0
PKT t=35755 RX ua=95 mt=R len=7
PKT t=35760 TX ua=95 mt=T len=7
PKT t=35772 TX ua=95 mt=P len=0
PKT t=35781 RX ua=95 mt=R len=7
PKT t=35786 TX ua=95 mt=P len=0
PKT t=35795 RX ua=95 mt=R len=7
PKT t=35800 TX ua=95 mt=P len=0
PKT t=35809 RX ua=95 mt=R len=7
PKT t=35814 TX ua=95 mt=P len=0
PKT t=35823 RX ua=95 mt=R len=7
PKT t=35828 TX ua=95 mt=P len=0
PKT t=35857 RX ua=95 mt=R len=7
PKT t=35862 TX ua=95 mt=P len=0
PKT t=35871 RX ua=95 mt=R len=7
PKT t=35876 TX ua=95 mt=P len=0
PKT t=35885 RX ua=95 mt=R len=7
PKT t=35890 TX ua=95 mt=P len=0
PKT t=35899 RX ua=95 mt=R len=7
PKT t=35904 TX ua=95 mt=P len=0
PKT t=35913 RX ua=95 mt=R len=7
PKT t=35918 TX ua=95 mt=P len=0
PKT t=35927 RX ua=95 mt=R len=7
PKT t=35932 TX ua=95 mt=P len=0
PKT t=35961 RX ua=95 mt=R len=7
PKT t=35966 TX ua=95 mt=P len=0
PKT t=35975 RX ua=95 mt=R len=7
PKT t=35980 TX ua=95 mt=P len=0
PKT t=35989 RX ua=95 mt=R len=7
PKT t=35994 TX ua=95 mt=T len=7
PKT t=36006 TX ua=95 mt=P len=0
PKT t=36015 RX ua=95 mt=R len=7
PKT t=36022 TX ua=95 mt=P len=0
PKT t=36031 RX ua=95 mt=R len=7
PKT t=36036 TX ua=95 mt=P len=0
PKT t=36196 RX ua=95 mt=R len=7
PKT t=36201 TX ua=95 mt=P len=0
PKT t=36210 RX ua=95 mt=R len=7
PKT t=36215 TX ua=95 mt=P len=0
PKT t=36224 RX ua=95 mt=R len=7
PKT t=36229 TX ua=95 mt=P len=0
PKT t=36238 RX ua=95 mt=R len=7
PKT t=36243 TX ua=95 mt=T len=7
PKT t=36255 TX ua=95 mt=P len=0
PKT t=36275 RX ua=95 mt=R len=7
PKT t=36280 TX ua=95 mt=P len=0
PKT t=36289 RX ua=95 mt=R len=7
PKT t=36294 TX ua=95 mt=P len=0
PKT t=36303 RX ua=95 mt=R len=7
PKT t=36308 TX ua=95 mt=P len=0
PKT t=36317 RX ua=95 mt=R len=7
PKT t=36322 TX ua=95 mt=P len=0
PKT t=36331 RX ua=95 mt=R len=7
PKT t=36336 TX ua=95 mt=P len=0
PKT t=36345 RX ua=95 mt=R len=7
PKT t=36350 TX ua=95 mt=P len=0
PKT t=36379 RX ua=95 mt=R len=7
PKT t=36384 TX ua=95 mt=P len=0
PKT t=36393 RX ua=95 mt=R len=7
PKT t=36398 TX ua=95 mt=P len=0
PKT t=36407 RX ua=95 mt=R len=7
PKT t=36412 TX ua=95 mt=P len=0
PKT t=36421 RX ua=95 mt=R len=7
PKT t=36426 TX ua=95 mt=P len=0
PKT t=36435 RX ua=95 mt=R len=7
PKT t=36440 TX ua=95 mt=P len=0
PKT t=36449 RX ua=95 mt=R len=7
PKT t=36454 TX ua=95 mt=P len=0
PKT t=36483 RX ua=95 mt=R len=7
PKT t=36488 TX ua=95 mt=P len=0
PKT t=36497 RX ua=95 mt=R len=7
PKT t=36502 TX ua=95 mt=T len=7
PKT t=36514 TX ua=95 mt=P len=0
PKT t=36523 RX ua=95 mt=R len=7
PKT t=36528 TX ua=95 mt=P len=0
PKT t=36537 RX ua=95 mt=R len=7
PKT t=36542 TX ua=95 mt=P len=0
PKT t=36696 RX ua=95 mt=R len=7
PKT t=36701 TX ua=95 mt=P len=0
PKT t=36710 RX ua=95 mt=R len=7
PKT t=36715 TX ua=95 mt=P len=0
PKT t=36724 RX ua=95 mt=R len=7
PKT t=36729 TX ua=95 mt=P len=0
PKT t=36738 RX ua=95 mt=R len=7
PKT t=36743 TX ua=95 mt=T len=7
PKT t=36755 TX ua=95 mt=P len=0
PKT t=36784 RX ua=95 mt=R len=7
PKT t=36789 TX ua=95 mt=P len=0
PKT t=36798 RX ua=95 mt=R len=7
PKT t=36803 TX ua=95 mt=P len=0
PKT t=36812 RX ua=95 mt=R len=7
PKT t=36817 TX ua=95 mt=P len=0
PKT t=36826 RX ua=95 mt=R len=7
PKT t=36831 TX ua=95 mt=P len=0
PKT t=36840 RX ua=95 mt=R len=7
PKT t=36845 TX ua=95 mt=P len=0
PKT t=36854 RX ua=95 mt=R len=7
PKT t=36859 TX ua=95 mt=P len=0
PKT t=36888 RX ua=95 mt=R len=7
PKT t=36893 TX ua=95 mt=P len=0
PKT t=36902 RX ua=95 mt=R len=7
PKT t=36907 TX ua=95 mt=P len=0
PKT t=36916 RX ua=95 mt=R len=7
PKT t=36921 TX ua=95 mt=P len=0
PKT t=36930 RX ua=95 mt=R len=7
PKT t=36935 TX ua=95 mt=P len=0
PKT t=36944 RX ua=95 mt=R len=7
PKT t=36949 TX ua=95 mt=P len=0
PKT t=36958 RX ua=95 mt=R len=7
PKT t=36963 TX ua=95 mt=P len=0
PKT t=36992 RX ua=95 mt=R len=7
PKT t=36997 TX ua=95 mt=T len=7
PKT t=37009 TX ua=95 mt=P len=0
PKT t=37018 RX ua=95 mt=R len=7
PKT t=37023 TX ua=95 mt=P len=0
PKT t=37032 RX ua=95 mt=R len=7
PKT t=37037 TX ua=95 mt=P len=0
PKT t=37046 RX ua=95 mt=R len=7
PKT t=37196 TX ua=95 mt=P len=0
PKT t=37205 RX ua=95 mt=R len=7
PKT t=37210 TX ua=95 mt=P len=0
PKT t=37219 RX ua=95 mt=R len=7
PKT t=37224 TX ua=95 mt=P len=0
PKT t=37233 RX ua=95 mt=R len=7
PKT t=37238 TX ua=95 mt=P len=0
PKT t=37247 RX ua=95 mt=R len=7
PKT t=37252 TX ua=95 mt=T len=7
