PKT t=7128 TX ua=95 mt=T len=7
PKT t=7140 TX ua=95 mt=P len=0
PKT t=7149 RX ua=95 mt=R len=7
PKT t=7166 TX ua=95 mt=P len=0
PKT t=7183 RX ua=95 mt=R len=7
PKT t=7188 TX ua=95 mt=P len=0
PKT t=7197 RX ua=95 mt=R len=7
PKT t=7202 TX ua=95 mt=P len=0
PKT t=7211 RX ua=95 mt=R len=7
PKT t=7216 TX ua=95 mt=P len=0
PKT t=7225 RX ua=95 mt=R len=7
PKT t=7230 TX ua=95 mt=P len=0
PKT t=7239 RX ua=95 mt=R len=7
PKT t=7244 TX ua=95 mt=P len=0
PKT t=7253 RX ua=95 mt=R len=7
PKT t=7258 TX ua=95 mt=P len=0
PKT t=7287 RX ua=95 mt=R len=7
PKT t=7292 TX ua=95 mt=P len=0
PKT t=7311 RX ua=95 mt=R len=7
PKT t=7316 TX ua=95 mt=P len=0
PKT t=7325 RX ua=95 mt=R len=7
PKT t=7330 TX ua=95 mt=P len=0
PKT t=7339 RX ua=95 mt=R len=7
PKT t=7344 TX ua=95 mt=P len=0
PKT t=7353 RX ua=95 mt=R len=7
PKT t=7358 TX ua=95 mt=P len=0
PKT t=7387 RX ua=95 mt=R len=7
PKT t=7392 TX ua=95 mt=T len=7
PKT t=7404 TX ua=95 mt=P len=0
PKT t=7414 RX ua=95 mt=R len=7
PKT t=7419 TX ua=95 mt=P len=0
PKT t=7429 RX ua=95 mt=R len=7
PKT t=7434 TX ua=95 mt=P len=0
PKT t=7456 RX ua=95 mt=R len=7
PKT t=7461 TX ua=95 mt=P len=0
PKT t=7487 RX ua=95 mt=R len=7
PKT t=7492 TX ua=95 mt=P len=0
PKT t=7502 RX ua=95 mt=R len=7
PKT t=7507 TX ua=95 mt=P len=0
PKT t=7517 RX ua=95 mt=R len=7
PKT t=7522 TX ua=95 mt=P len=0
PKT t=7532 RX ua=95 mt=R len=7
PKT t=7537 TX ua=95 mt=P len=0
PKT t=7547 RX ua=95 mt=R len=7
PKT t=7552 TX ua=95 mt=P len=0
PKT t=7562 RX ua=95 mt=R len=7
PKT t=7567 TX ua=95 mt=P len=0
PKT t=7601 RX ua=95 mt=R len=7
PKT t=7606 TX ua=95 mt=P len=0
PKT t=7616 RX ua=95 mt=R len=7
PKT t=7621 TX ua=95 mt=P len=0
PKT t=7631 RX ua=95 mt=R len=7
PKT t=7636 TX ua=95 mt=T len=7
PKT t=7648 TX ua=95 mt=P len=0
PKT t=7657 RX ua=95 mt=R len=7
PKT t=7662 TX ua=95 mt=P len=0
PKT t=7694 RX ua=95 mt=R len=7
PKT t=7699 TX ua=95 mt=P len=0
PKT t=7708 RX ua=95 mt=R len=7
PKT t=7713 TX ua=95 mt=P len=0
PKT t=7722 RX ua=95 mt=R len=7
PKT t=7727 TX ua=95 mt=P len=0
PKT t=7746 RX ua=95 mt=R len=7
PKT t=7751 TX ua=95 mt=P len=0
PKT t=7760 RX ua=95 mt=R len=7
PKT t=7765 TX ua=95 mt=P len=0
PKT t=7795 RX ua=95 mt=R len=7
PKT t=7799 TX ua=95 mt=P len=0
PKT t=7808 RX ua=95 mt=R len=7
PKT t=7813 TX ua=95 mt=P len=0
PKT t=7822 RX ua=95 mt=R len=7
PKT t=7827 TX ua=95 mt=P len=0
PKT t=7836 RX ua=95 mt=R len=7
PKT t=7841 TX ua=95 mt=P len=0
PKT t=7850 RX ua=95 mt=R len=7
PKT t=7855 TX ua=95 mt=P len=0
PKT t=7864 RX ua=95 mt=R len=7
PKT t=7869 TX ua=95 mt=P len=0
PKT t=7898 RX ua=95 mt=R len=7
PKT t=7903 TX ua=95 mt=T len=7
PKT t=7915 TX ua=95 mt=P len=0
PKT t=7924 RX ua=95 mt=R len=7
PKT t=7929 TX ua=95 mt=P len=0
PKT t=7938 RX ua=95 mt=R len=7
PKT t=7943 TX ua=95 mt=P len=0
PKT t=7952 RX ua=95 mt=R len=7
PKT t=7957 TX ua=95 mt=P len=0
PKT t=7966 RX ua=95 mt=R len=7
PKT t=7971 TX ua=95 mt=P len=0
PKT t=8000 RX ua=95 mt=R len=7
PKT t=8005 TX ua=95 mt=P len=0
PKT t=8015 RX ua=95 mt=R len=7
PKT t=8020 TX ua=95 mt=P len=0
PKT t=8036 RX ua=95 mt=R len=7
PKT t=8291 TX ua=96 mt=I len=13
PKT t=8799 TX ua=96 mt=T len=4
PKT t=8810 TX ua=95 mt=P len=0
PKT t=8819 RX ua=95 mt=R len=7
PKT t=8824 TX ua=95 mt=T len=7
PKT t=8836 TX ua=95 mt=P len=0
PKT t=8845 RX ua=95 mt=R len=7
PKT t=8850 TX ua=95 mt=P len=0
PKT t=8859 RX ua=95 mt=R len=7
PKT t=8864 TX ua=95 mt=P len=0
PKT t=8873 RX ua=95 mt=R len=7
PKT t=8878 TX ua=95 mt=T len=7
PKT t=8890 TX ua=95 mt=P len=0
PKT t=8909 RX ua=95 mt=R len=7
PKT t=8914 TX ua=95 mt=P len=0
PKT t=8923 RX ua=95 mt=R len=7
PKT t=8928 TX ua=95 mt=P len=0
PKT t=8937 RX ua=95 mt=R len=7
PKT t=8942 TX ua=95 mt=P len=0
PKT t=8951 RX ua=95 mt=R len=7
PKT t=8956 TX ua=95 mt=P len=0
PKT t=8965 RX ua=95 mt=R len=7
PKT t=8970 TX ua=95 mt=P len=0
PKT t=8979 RX ua=95 mt=R len=7
PKT t=8984 TX ua=95 mt=P len=0
PKT t=9013 RX ua=95 mt=R len=7
PKT t=9018 TX ua=95 mt=P len=0
PKT t=9027 RX ua=95 mt=R len=7
PKT t=9032 TX ua=95 mt=P len=0
PKT t=9051 RX ua=95 mt=R len=7
PKT t=9056 TX ua=95 mt=P len=0
PKT t=9065 RX ua=95 mt=R len=7
PKT t=9070 TX ua=95 mt=P len=0
PKT t=9079 RX ua=95 mt=R len=7
PKT t=9084 TX ua=95 mt=P len=0
PKT t=9113 RX ua=95 mt=R len=7
PKT t=9118 TX ua=95 mt=T len=7
PKT t=9130 TX ua=95 mt=T len=7
PKT t=9142 TX ua=95 mt=P len=0
PKT t=9151 RX ua=95 mt=R len=7
PKT t=9156 TX ua=95 mt=P len=0
PKT t=9165 RX ua=95 mt=R len=7
PKT t=9170 TX ua=95 mt=P len=0
PKT t=9179 RX ua=95 mt=R len=7
PKT t=9196 TX ua=95 mt=P len=0
PKT t=9213 RX ua=95 mt=R len=7
PKT t=9218 TX ua=95 mt=P len=0
PKT t=9227 RX ua=95 mt=R len=7
PKT t=9232 TX ua=95 mt=P len=0
PKT t=9241 RX ua=95 mt=R len=7
PKT t=9246 TX ua=95 mt=P len=0
PKT t=9255 RX ua=95 mt=R len=7
PKT t=9260 TX ua=95 mt=P len=0
PKT t=9269 RX ua=95 mt=R len=7
PKT t=9274 TX ua=95 mt=P len=0
PKT t=9283 RX ua=95 mt=R len=7
PKT t=9288 TX ua=95 mt=P len=0
PKT t=9317 RX ua=95 mt=R len=7
PKT t=9322 TX ua=95 mt=P len=0
PKT t=9341 RX ua=95 mt=R len=7
PKT t=9346 TX ua=95 mt=P len=0
PKT t=9355 RX ua=95 mt=R len=7
PKT t=9360 TX ua=95 mt=P len=0
PKT t=9369 RX ua=95 mt=R len=7
PKT t=9374 TX ua=95 mt=P len=0
PKT t=9383 RX ua=95 mt=R len=7
PKT t=9388 TX ua=95 mt=T len=7
PKT t=9400 TX ua=95 mt=P len=0
PKT t=9419 RX ua=95 mt=R len=7
PKT t=9424 TX ua=95 mt=P len=0
PKT t=9434 RX ua=95 mt=R len=7
PKT t=9439 TX ua=95 mt=P len=0
PKT t=9449 RX ua=95 mt=R len=7
PKT t=9454 TX ua=95 mt=P len=0
PKT t=9464 RX ua=95 mt=R len=7
PKT t=9469 TX ua=95 mt=P len=0
PKT t=9486 RX ua=95 mt=R len=7
PKT t=9491 TX ua=95 mt=P len=0
PKT t=9517 RX ua=95 mt=R len=7
PKT t=9522 TX ua=95 mt=P len=0
PKT t=9532 RX ua=95 mt=R len=7
PKT t=9537 TX ua=95 mt=P len=0
PKT t=9547 RX ua=95 mt=R len=7
PKT t=9552 TX ua=95 mt=P len=0
PKT t=9562 RX ua=95 mt=R len=7
PKT t=9567 TX ua=95 mt=P len=0
PKT t=9577 RX ua=95 mt=R len=7
PKT t=9582 TX ua=95 mt=P len=0
PKT t=9592 RX ua=95 mt=R len=7
PKT t=9597 TX ua=95 mt=P len=0
PKT t=9631 RX ua=95 mt=R len=7
PKT t=9636 TX ua=95 mt=T len=7
PKT t=9648 TX ua=95 mt=P len=0
PKT t=9657 RX ua=95 mt=R len=7
PKT t=9662 TX ua=95 mt=P len=0
PKT t=9671 RX ua=95 mt=R len=7
PKT t=9676 TX ua=95 mt=P len=0
PKT t=9685 RX ua=95 mt=R len=7
PKT t=9690 TX ua=95 mt=P len=0
PKT t=9699 RX ua=95 mt=R len=7
PKT t=9704 TX ua=95 mt=P len=0
PKT t=9733 RX ua=95 mt=R len=7
PKT t=9738 TX ua=95 mt=P len=0
PKT t=9747 RX ua=95 mt=R len=7
PKT t=9752 TX ua=95 mt=P len=0
PKT t=9761 RX ua=95 mt=R len=7
PKT t=9776 TX ua=95 mt=P len=0
PKT t=9785 RX ua=95 mt=R len=7
PKT t=9790 TX ua=95 mt=P len=0
PKT t=9799 RX ua=95 mt=R len=7
PKT t=9804 TX ua=95 mt=P len=0
PKT t=9833 RX ua=95 mt=R len=7
PKT t=9838 TX ua=95 mt=P len=0
PKT t=9847 RX ua=95 mt=R len=7
PKT t=9852 TX ua=95 mt=P len=0
PKT t=9861 RX ua=95 mt=R len=7
PKT t=9866 TX ua=95 mt=P len=0
PKT t=9875 RX ua=95 mt=R len=7
PKT t=9880 TX ua=95 mt=P len=0
PKT t=9889 RX ua=95 mt=R len=7
PKT t=9894 TX ua=95 mt=T len=7
PKT t=9906 TX ua=95 mt=P len=0
PKT t=9934 RX ua=95 mt=R len=7
PKT t=9939 TX ua=95 mt=P len=0
PKT t=9948 RX ua=95 mt=R len=7
PKT t=9953 TX ua=95 mt=P len=0
PKT t=9962 RX ua=95 mt=R len=7
PKT t=9967 TX ua=95 mt=P len=0
PKT t=9976 RX ua=95 mt=R len=7
PKT t=9981 TX ua=95 mt=P len=0
PKT t=9990 RX ua=95 mt=R len=7
PKT t=9995 TX ua=95 mt=P len=0
PKT t=10004 RX ua=95 mt=R len=7
PKT t=10012 TX ua=95 mt=P len=0
PKT t=10038 RX ua=95 mt=R len=7
PKT t=10043 TX ua=95 mt=P len=0
PKT t=10066 RX ua=95 mt=R len=7
PKT t=10071 TX ua=95 mt=P len=0
PKT t=10080 RX ua=95 mt=R len=7
PKT t=10085 TX ua=95 mt=P len=0
PKT t=10094 RX ua=95 mt=R len=7
PKT t=10099 TX ua=95 mt=P len=0
PKT t=10108 RX ua=95 mt=R len=7
PKT t=10113 TX ua=95 mt=T len=7
PKT t=10126 TX ua=95 mt=P len=0
PKT t=10148 RX ua=95 mt=R len=7
PKT t=10153 TX ua=95 mt=T len=7
PKT t=10166 TX ua=95 mt=P len=0
PKT t=10175 RX ua=95 mt=R len=7
PKT t=10180 TX ua=95 mt=P len=0
PKT t=10189 RX ua=95 mt=R len=7
PKT t=10194 TX ua=95 mt=P len=0
PKT t=10211 RX ua=95 mt=R len=7
PKT t=10216 TX ua=95 mt=P len=0
PKT t=10241 RX ua=95 mt=R len=7
PKT t=10246 TX ua=95 mt=P len=0
PKT t=10255 RX ua=95 mt=R len=7
PKT t=10260 TX ua=95 mt=P len=0
PKT t=10269 RX ua=95 mt=R len=7
PKT t=10274 TX ua=95 mt=P len=0
PKT t=10283 RX ua=95 mt=R len=7
PKT t=10288 TX ua=95 mt=P len=0
PKT t=10297 RX ua=95 mt=R len=7
PKT t=10302 TX ua=95 mt=P len=0
PKT t=10311 RX ua=95 mt=R len=7
PKT t=10316 TX ua=95 mt=P len=0
PKT t=10356 RX ua=95 mt=R len=7
PKT t=10361 TX ua=95 mt=P len=0
PKT t=10370 RX ua=95 mt=R len=7
PKT t=10375 TX ua=95 mt=P len=0
PKT t=10384 RX ua=95 mt=R len=7
PKT t=10389 TX ua=95 mt=T len=7
PKT t=10402 TX ua=95 mt=P len=0
PKT t=10411 RX ua=95 mt=R len=7
PKT t=10416 TX ua=95 mt=P len=0
PKT t=10445 RX ua=95 mt=R len=7
PKT t=10450 TX ua=95 mt=P len=0
PKT t=10459 RX ua=95 mt=R len=7
PKT t=10464 TX ua=95 mt=P len=0
PKT t=10473 RX ua=95 mt=R len=7
PKT t=10478 TX ua=95 mt=P len=0
PKT t=10501 RX ua=95 mt=R len=7
PKT t=10506 TX ua=95 mt=P len=0
PKT t=10515 RX ua=95 mt=R len=7
PKT t=10520 TX ua=95 mt=P len=0
PKT t=10549 RX ua=95 mt=R len=7
PKT t=10554 TX ua=95 mt=P len=0
PKT t=10563 RX ua=95 mt=R len=7
PKT t=10568 TX ua=95 mt=P len=0
PKT t=10577 RX ua=95 mt=R len=7
PKT t=10582 TX ua=95 mt=P len=0
PKT t=10591 RX ua=95 mt=R len=7
PKT t=10596 TX ua=95 mt=P len=0
PKT t=10605 RX ua=95 mt=R len=7
PKT t=10610 TX ua=95 mt=P len=0
PKT t=10619 RX ua=95 mt=R len=7
PKT t=10624 TX ua=95 mt=P len=0
PKT t=10653 RX ua=95 mt=R len=7
PKT t=10658 TX ua=95 mt=T len=7
PKT t=10671 TX ua=95 mt=P len=0
PKT t=10680 RX ua=95 mt=R len=7
PKT t=10685 TX ua=95 mt=P len=0
PKT t=10694 RX ua=95 mt=R len=7
PKT t=10699 TX ua=95 mt=P len=0
PKT t=10709 RX ua=95 mt=R len=7
PKT t=10714 TX ua=95 mt=P len=0
PKT t=10723 RX ua=95 mt=R len=7
PKT t=10728 TX ua=95 mt=P len=0
PKT t=10757 RX ua=95 mt=R len=7
PKT t=10762 TX ua=95 mt=P len=0
PKT t=10771 RX ua=95 mt=R len=7
PKT t=10776 TX ua=95 mt=P len=0
PKT t=10791 RX ua=95 mt=R len=7
PKT t=11046 TX ua=96 mt=P len=0
PKT t=11304 TX ua=95 mt=P len=0
PKT t=11313 RX ua=95 mt=R len=7
PKT t=11318 TX ua=95 mt=T len=7
PKT t=11330 TX ua=95 mt=P len=0
PKT t=11371 RX ua=95 mt=R len=7
PKT t=11376 TX ua=95 mt=P len=0
PKT t=11385 RX ua=95 mt=R len=7
PKT t=11390 TX ua=95 mt=T len=7
PKT t=11402 TX ua=95 mt=P len=0
PKT t=11412 RX ua=95 mt=R len=7
PKT t=11417 TX ua=95 mt=P len=0
PKT t=11427 RX ua=95 mt=R len=7
PKT t=11432 TX ua=95 mt=P len=0
PKT t=11461 RX ua=95 mt=R len=7
PKT t=11466 TX ua=95 mt=P len=0
PKT t=11476 RX ua=95 mt=R len=7
PKT t=11481 TX ua=95 mt=P len=0
PKT t=11491 RX ua=95 mt=R len=7
PKT t=11496 TX ua=95 mt=P len=0
PKT t=11516 RX ua=95 mt=R len=7
PKT t=11521 TX ua=95 mt=P len=0
PKT t=11531 RX ua=95 mt=R len=7
PKT t=11536 TX ua=95 mt=P len=0
PKT t=11565 RX ua=95 mt=R len=7
PKT t=11570 TX ua=95 mt=P len=0
PKT t=11580 RX ua=95 mt=R len=7
PKT t=11585 TX ua=95 mt=P len=0
PKT t=11595 RX ua=95 mt=R len=7
PKT t=11600 TX ua=95 mt=P len=0
PKT t=11610 RX ua=95 mt=R len=7
PKT t=11615 TX ua=95 mt=P len=0
PKT t=11625 RX ua=95 mt=R len=7
PKT t=11630 TX ua=95 mt=P len=0
PKT t=11664 RX ua=95 mt=R len=7
PKT t=11669 TX ua=95 mt=T len=7
PKT t=11681 TX ua=95 mt=P len=0
PKT t=11690 RX ua=95 mt=R len=7
PKT t=11695 TX ua=95 mt=P len=0
PKT t=11704 RX ua=95 mt=R len=7
PKT t=11709 TX ua=95 mt=P len=0
PKT t=11718 RX ua=95 mt=R len=7
PKT t=11723 TX ua=95 mt=P len=0
PKT t=11732 RX ua=95 mt=R len=7
PKT t=11737 TX ua=95 mt=P len=0
PKT t=11766 RX ua=95 mt=R len=7
PKT t=11771 TX ua=95 mt=P len=0
PKT t=11780 RX ua=95 mt=R len=7
PKT t=11785 TX ua=95 mt=P len=0
PKT t=11806 RX ua=95 mt=R len=7
PKT t=11811 TX ua=95 mt=P len=0
PKT t=11820 RX ua=95 mt=R len=7
PKT t=11825 TX ua=95 mt=P len=0
PKT t=11834 RX ua=95 mt=R len=7
PKT t=11839 TX ua=95 mt=P len=0
PKT t=11868 RX ua=95 mt=R len=7
PKT t=11873 TX ua=95 mt=P len=0
PKT t=11882 RX ua=95 mt=R len=7
PKT t=11887 TX ua=95 mt=T len=7
PKT t=11899 TX ua=95 mt=P len=0
PKT t=11908 RX ua=95 mt=R len=7
PKT t=11913 TX ua=95 mt=P len=0
PKT t=11922 RX ua=95 mt=R len=7
PKT t=11927 TX ua=95 mt=P len=0
PKT t=11936 RX ua=95 mt=R len=7
PKT t=11951 TX ua=95 mt=P len=0
PKT t=11970 RX ua=95 mt=R len=7
PKT t=11975 TX ua=95 mt=P len=0
PKT t=11984 RX ua=95 mt=R len=7
PKT t=11989 TX ua=95 mt=P len=0
PKT t=11998 RX ua=95 mt=R len=7
PKT t=12003 TX ua=95 mt=P len=0
PKT t=12013 RX ua=95 mt=R len=7
PKT t=12018 TX ua=95 mt=P len=0
PKT t=12027 RX ua=95 mt=R len=7
PKT t=12032 TX ua=95 mt=P len=0
PKT t=12041 RX ua=95 mt=R len=7
PKT t=12046 TX ua=95 mt=P len=0
PKT t=12075 RX ua=95 mt=R len=7
PKT t=12080 TX ua=95 mt=P len=0
PKT t=12096 RX ua=95 mt=R len=7
PKT t=12351 TX ua=96 mt=P len=0
PKT t=12609 TX ua=95 mt=P len=0
PKT t=12618 RX ua=95 mt=R len=7
PKT t=12623 TX ua=95 mt=T len=7
PKT t=12635 TX ua=95 mt=P len=0
PKT t=12644 RX ua=95 mt=R len=7
PKT t=12649 TX ua=95 mt=T len=7
PKT t=12661 TX ua=95 mt=P len=0
PKT t=12680 RX ua=95 mt=R len=7
PKT t=12685 TX ua=95 mt=P len=0
PKT t=12694 RX ua=95 mt=R len=7
PKT t=12699 TX ua=95 mt=P len=0
PKT t=12708 RX ua=95 mt=R len=7
PKT t=12713 TX ua=95 mt=P len=0
PKT t=12722 RX ua=95 mt=R len=7
PKT t=12727 TX ua=95 mt=P len=0
PKT t=12736 RX ua=95 mt=R len=7
PKT t=12741 TX ua=95 mt=P len=0
PKT t=12750 RX ua=95 mt=R len=7
PKT t=12755 TX ua=95 mt=P len=0
PKT t=12784 RX ua=95 mt=R len=7
PKT t=12789 TX ua=95 mt=P len=0
PKT t=12798 RX ua=95 mt=R len=7
PKT t=12803 TX ua=95 mt=P len=0
PKT t=12821 RX ua=95 mt=R len=7
PKT t=12826 TX ua=95 mt=P len=0
PKT t=12835 RX ua=95 mt=R len=7
PKT t=12840 TX ua=95 mt=P len=0
PKT t=12849 RX ua=95 mt=R len=7
PKT t=12854 TX ua=95 mt=P len=0
PKT t=12884 RX ua=95 mt=R len=7
PKT t=12889 TX ua=95 mt=T len=7
PKT t=12901 TX ua=95 mt=P len=0
PKT t=12910 RX ua=95 mt=R len=7
PKT t=12915 TX ua=95 mt=P len=0
PKT t=12924 RX ua=95 mt=R len=7
PKT t=12929 TX ua=95 mt=P len=0
PKT t=12938 RX ua=95 mt=R len=7
PKT t=12943 TX ua=95 mt=P len=0
PKT t=12966 RX ua=95 mt=R len=7
PKT t=12971 TX ua=95 mt=P len=0
PKT t=12986 RX ua=95 mt=R len=7
PKT t=12991 TX ua=95 mt=P len=0
PKT t=13000 RX ua=95 mt=R len=7
PKT t=13005 TX ua=95 mt=P len=0
PKT t=13014 RX ua=95 mt=R len=7
PKT t=13019 TX ua=95 mt=P len=0
PKT t=13028 RX ua=95 mt=R len=7
PKT t=13033 TX ua=95 mt=P len=0
PKT t=13042 RX ua=95 mt=R len=7
PKT t=13047 TX ua=95 mt=P len=0
PKT t=13056 RX ua=95 mt=R len=7
PKT t=13061 TX ua=95 mt=P len=0
PKT t=13090 RX ua=95 mt=R len=7
PKT t=13095 TX ua=95 mt=P len=0
PKT t=13111 RX ua=95 mt=R len=7
PKT t=13366 TX ua=96 mt=P len=0
PKT t=13624 TX ua=95 mt=P len=0
PKT t=13633 RX ua=95 mt=R len=7
PKT t=13638 TX ua=95 mt=T len=7
PKT t=13651 TX ua=95 mt=P len=0
PKT t=13660 RX ua=95 mt=R len=7
PKT t=13665 TX ua=95 mt=P len=0
PKT t=13694 RX ua=95 mt=R len=7
PKT t=13699 TX ua=95 mt=P len=0
PKT t=13708 RX ua=95 mt=R len=7
PKT t=13713 TX ua=95 mt=P len=0
PKT t=13722 RX ua=95 mt=R len=7
PKT t=13727 TX ua=95 mt=P len=0
PKT t=13736 RX ua=95 mt=R len=7
PKT t=13741 TX ua=95 mt=P len=0
PKT t=13750 RX ua=95 mt=R len=7
PKT t=13755 TX ua=95 mt=P len=0
PKT t=13764 RX ua=95 mt=R len=7
PKT t=13769 TX ua=95 mt=P len=0
PKT t=13798 RX ua=95 mt=R len=7
PKT t=13803 TX ua=95 mt=P len=0
PKT t=13812 RX ua=95 mt=R len=7
PKT t=13817 TX ua=95 mt=P len=0
PKT t=13836 RX ua=95 mt=R len=7
PKT t=13841 TX ua=95 mt=P len=0
PKT t=13850 RX ua=95 mt=R len=7
PKT t=13855 TX ua=95 mt=P len=0
PKT t=13864 RX ua=95 mt=R len=7
PKT t=13869 TX ua=95 mt=P len=0
PKT t=13898 RX ua=95 mt=R len=7
PKT t=13903 TX ua=95 mt=T len=7
PKT t=13916 TX ua=95 mt=P len=0
PKT t=13925 RX ua=95 mt=R len=7
PKT t=13930 TX ua=95 mt=P len=0
PKT t=13939 RX ua=95 mt=R len=7
PKT t=13944 TX ua=95 mt=P len=0
PKT t=13953 RX ua=95 mt=R len=7
PKT t=13958 TX ua=95 mt=P len=0
PKT t=13981 RX ua=95 mt=R len=7
PKT t=13986 TX ua=95 mt=P len=0
PKT t=14001 RX ua=95 mt=R len=7
PKT t=14006 TX ua=95 mt=P len=0
PKT t=14015 RX ua=95 mt=R len=7
PKT t=14020 TX ua=95 mt=P len=0
PKT t=14029 RX ua=95 mt=R len=7
PKT t=14034 TX ua=95 mt=P len=0
PKT t=14043 RX ua=95 mt=R len=7
PKT t=14048 TX ua=95 mt=P len=0
PKT t=14057 RX ua=95 mt=R len=7
PKT t=14062 TX ua=95 mt=P len=0
PKT t=14071 RX ua=95 mt=R len=7
PKT t=14076 TX ua=95 mt=P len=0
PKT t=14105 RX ua=95 mt=R len=7
PKT t=14110 TX ua=95 mt=P len=0
PKT t=14126 RX ua=95 mt=R len=7
PKT t=14381 TX ua=96 mt=P len=0
PKT t=14639 TX ua=95 mt=P len=0
PKT t=14648 RX ua=95 mt=R len=7
PKT t=14653 TX ua=95 mt=T len=7
PKT t=14665 TX ua=95 mt=P len=0
PKT t=14674 RX ua=95 mt=R len=7
PKT t=14679 TX ua=95 mt=P len=0
PKT t=14708 RX ua=95 mt=R len=7
PKT t=14713 TX ua=95 mt=P len=0
PKT t=14722 RX ua=95 mt=R len=7
PKT t=14727 TX ua=95 mt=P len=0
PKT t=14736 RX ua=95 mt=R len=7
PKT t=14741 TX ua=95 mt=P len=0
PKT t=14750 RX ua=95 mt=R len=7
PKT t=14755 TX ua=95 mt=P len=0
PKT t=14764 RX ua=95 mt=R len=7
PKT t=14769 TX ua=95 mt=P len=0
PKT t=14778 RX ua=95 mt=R len=7
PKT t=14783 TX ua=95 mt=P len=0
PKT t=14812 RX ua=95 mt=R len=7
PKT t=14817 TX ua=95 mt=P len=0
PKT t=14826 RX ua=95 mt=R len=7
PKT t=14831 TX ua=95 mt=P len=0
PKT t=14851 RX ua=95 mt=R len=7
PKT t=14856 TX ua=95 mt=P len=0
PKT t=14865 RX ua=95 mt=R len=7
PKT t=14870 TX ua=95 mt=P len=0
PKT t=14879 RX ua=95 mt=R len=7
PKT t=14884 TX ua=95 mt=P len=0
PKT t=14913 RX ua=95 mt=R len=7
PKT t=14918 TX ua=95 mt=T len=7
PKT t=14930 TX ua=95 mt=P len=0
PKT t=14939 RX ua=95 mt=R len=7
PKT t=14944 TX ua=95 mt=P len=0
PKT t=14953 RX ua=95 mt=R len=7
PKT t=14958 TX ua=95 mt=P len=0
PKT t=14967 RX ua=95 mt=R len=7
PKT t=14972 TX ua=95 mt=P len=0
PKT t=14981 RX ua=95 mt=R len=7
PKT t=14996 TX ua=95 mt=P len=0
PKT t=15015 RX ua=95 mt=R len=7
PKT t=15020 TX ua=95 mt=P len=0
PKT t=15029 RX ua=95 mt=R len=7
PKT t=15034 TX ua=95 mt=P len=0
PKT t=15043 RX ua=95 mt=R len=7
PKT t=15048 TX ua=95 mt=P len=0
PKT t=15057 RX ua=95 mt=R len=7
PKT t=15062 TX ua=95 mt=P len=0
PKT t=15071 RX ua=95 mt=R len=7
PKT t=15076 TX ua=95 mt=P len=0
PKT t=15085 RX ua=95 mt=R len=7
PKT t=15090 TX ua=95 mt=P len=0
PKT t=15119 RX ua=95 mt=R len=7
PKT t=15124 TX ua=95 mt=T len=7
PKT t=15148 TX ua=95 mt=P len=0
PKT t=15157 RX ua=95 mt=R len=7
PKT t=15162 TX ua=95 mt=P len=0
PKT t=15171 RX ua=95 mt=R len=7
PKT t=15176 TX ua=95 mt=P len=0
PKT t=15185 RX ua=95 mt=R len=7
PKT t=15190 TX ua=95 mt=P len=0
PKT t=15219 RX ua=95 mt=R len=7
PKT t=15224 TX ua=95 mt=P len=0
PKT t=15233 RX ua=95 mt=R len=7
PKT t=15238 TX ua=95 mt=P len=0
PKT t=15247 RX ua=95 mt=R len=7
PKT t=15252 TX ua=95 mt=P len=0
PKT t=15261 RX ua=95 mt=R len=7
PKT t=15266 TX ua=95 mt=P len=0
PKT t=15286 RX ua=95 mt=R len=7
PKT t=15291 TX ua=95 mt=P len=0
PKT t=15318 RX ua=95 mt=R len=7
PKT t=15323 TX ua=95 mt=P len=0
PKT t=15332 RX ua=95 mt=R len=7
PKT t=15337 TX ua=95 mt=P len=0
PKT t=15346 RX ua=95 mt=R len=7
PKT t=15351 TX ua=95 mt=P len=0
PKT t=15360 RX ua=95 mt=R len=7
PKT t=15365 TX ua=95 mt=P len=0
PKT t=15374 RX ua=95 mt=R len=7
PKT t=15379 TX ua=95 mt=P len=0
PKT t=15388 RX ua=95 mt=R len=7
PKT t=15393 TX ua=95 mt=T len=7
PKT t=15405 TX ua=95 mt=P len=0
PKT t=15431 RX ua=95 mt=R len=7
PKT t=15436 TX ua=95 mt=P len=0
PKT t=15446 RX ua=95 mt=R len=7
PKT t=15451 TX ua=95 mt=P len=0
PKT t=15461 RX ua=95 mt=R len=7
PKT t=15466 TX ua=95 mt=P len=0
PKT t=15476 RX ua=95 mt=R len=7
PKT t=15481 TX ua=95 mt=P len=0
PKT t=15491 RX ua=95 mt=R len=7
PKT t=15496 TX ua=95 mt=P len=0
PKT t=15525 RX ua=95 mt=R len=7
PKT t=15530 TX ua=95 mt=P len=0
PKT t=15540 RX ua=95 mt=R len=7
PKT t=15545 TX ua=95 mt=P len=0
PKT t=15555 RX ua=95 mt=R len=7
PKT t=15560 TX ua=95 mt=P len=0
PKT t=15576 RX ua=95 mt=R len=7
PKT t=15831 TX ua=96 mt=P len=0
PKT t=16089 TX ua=95 mt=P len=0
PKT t=16099 RX ua=95 mt=R len=7
PKT t=16104 TX ua=95 mt=T len=7
PKT t=16116 TX ua=95 mt=T len=7
PKT t=16128 TX ua=95 mt=P len=0
PKT t=16137 RX ua=95 mt=R len=7
PKT t=16142 TX ua=95 mt=T len=7
PKT t=16164 TX ua=95 mt=P len=0
PKT t=16173 RX ua=95 mt=R len=7
PKT t=16178 TX ua=95 mt=P len=0
PKT t=16187 RX ua=95 mt=R len=7
PKT t=16192 TX ua=95 mt=P len=0
PKT t=16201 RX ua=95 mt=R len=7
PKT t=16206 TX ua=95 mt=P len=0
PKT t=16235 RX ua=95 mt=R len=7
PKT t=16240 TX ua=95 mt=P len=0
PKT t=16249 RX ua=95 mt=R len=7
PKT t=16254 TX ua=95 mt=P len=0
PKT t=16263 RX ua=95 mt=R len=7
PKT t=16268 TX ua=95 mt=P len=0
PKT t=16277 RX ua=95 mt=R len=7
PKT t=16282 TX ua=95 mt=P len=0
PKT t=16301 RX ua=95 mt=R len=7
PKT t=16306 TX ua=95 mt=P len=0
PKT t=16334 RX ua=95 mt=R len=7
PKT t=16339 TX ua=95 mt=P len=0
PKT t=16348 RX ua=95 mt=R len=7
PKT t=16353 TX ua=95 mt=P len=0
PKT t=16362 RX ua=95 mt=R len=7
PKT t=16367 TX ua=95 mt=P len=0
PKT t=16376 RX ua=95 mt=R len=7
PKT t=16381 TX ua=95 mt=P len=0
PKT t=16390 RX ua=95 mt=R len=7
PKT t=16395 TX ua=95 mt=T len=7
PKT t=16407 TX ua=95 mt=P len=0
PKT t=16446 RX ua=95 mt=R len=7
PKT t=16451 TX ua=95 mt=P len=0
PKT t=16460 RX ua=95 mt=R len=7
PKT t=16465 TX ua=95 mt=P len=0
PKT t=16474 RX ua=95 mt=R len=7
PKT t=16479 TX ua=95 mt=P len=0
PKT t=16488 RX ua=95 mt=R len=7
PKT t=16493 TX ua=95 mt=P len=0
PKT t=16502 RX ua=95 mt=R len=7
PKT t=16507 TX ua=95 mt=P len=0
PKT t=16536 RX ua=95 mt=R len=7
PKT t=16541 TX ua=95 mt=P len=0
PKT t=16550 RX ua=95 mt=R len=7
PKT t=16555 TX ua=95 mt=P len=0
PKT t=16564 RX ua=95 mt=R len=7
PKT t=16569 TX ua=95 mt=P len=0
PKT t=16591 RX ua=95 mt=R len=7
PKT t=16596 TX ua=95 mt=P len=0
PKT t=16605 RX ua=95 mt=R len=7
PKT t=16610 TX ua=95 mt=P len=0
PKT t=16639 RX ua=95 mt=R len=7
PKT t=16644 TX ua=95 mt=T len=7
PKT t=16656 TX ua=95 mt=P len=0
PKT t=16665 RX ua=95 mt=R len=7
PKT t=16670 TX ua=95 mt=P len=0
PKT t=16679 RX ua=95 mt=R len=7
PKT t=16684 TX ua=95 mt=P len=0
PKT t=16693 RX ua=95 mt=R len=7
PKT t=16698 TX ua=95 mt=P len=0
PKT t=16707 RX ua=95 mt=R len=7
PKT t=16712 TX ua=95 mt=P len=0
PKT t=16742 RX ua=95 mt=R len=7
PKT t=16747 TX ua=95 mt=P len=0
PKT t=16756 RX ua=95 mt=R len=7
PKT t=16761 TX ua=95 mt=P len=0
PKT t=16770 RX ua=95 mt=R len=7
PKT t=16775 TX ua=95 mt=P len=0
PKT t=16784 RX ua=95 mt=R len=7
PKT t=16789 TX ua=95 mt=P len=0
PKT t=16798 RX ua=95 mt=R len=7
PKT t=16803 TX ua=95 mt=P len=0
PKT t=16812 RX ua=95 mt=R len=7
PKT t=16817 TX ua=95 mt=P len=0
PKT t=16847 RX ua=95 mt=R len=7
PKT t=16852 TX ua=95 mt=P len=0
PKT t=16861 RX ua=95 mt=R len=7
PKT t=16866 TX ua=95 mt=P len=0
PKT t=16881 RX ua=95 mt=R len=7
PKT t=17136 TX ua=96 mt=P len=0
PKT t=17394 TX ua=95 mt=P len=0
PKT t=17403 RX ua=95 mt=R len=7
PKT t=17408 TX ua=95 mt=T len=7
PKT t=17420 TX ua=95 mt=P len=0
PKT t=17461 RX ua=95 mt=R len=7
PKT t=17466 TX ua=95 mt=P len=0
PKT t=17476 RX ua=95 mt=R len=7
PKT t=17481 TX ua=95 mt=P len=0
PKT t=17491 RX ua=95 mt=R len=7
PKT t=17496 TX ua=95 mt=P len=0
PKT t=17506 RX ua=95 mt=R len=7
PKT t=17511 TX ua=95 mt=P len=0
PKT t=17521 RX ua=95 mt=R len=7
PKT t=17526 TX ua=95 mt=P len=0
PKT t=17555 RX ua=95 mt=R len=7
PKT t=17560 TX ua=95 mt=P len=0
PKT t=17570 RX ua=95 mt=R len=7
PKT t=17575 TX ua=95 mt=P len=0
PKT t=17585 RX ua=95 mt=R len=7
PKT t=17590 TX ua=95 mt=P len=0
PKT t=17606 RX ua=95 mt=R len=7
PKT t=17861 TX ua=96 mt=P len=0
PKT t=18119 TX ua=95 mt=P len=0
PKT t=18129 RX ua=95 mt=R len=7
PKT t=18134 TX ua=95 mt=T len=7
PKT t=18147 TX ua=95 mt=T len=7
PKT t=18160 TX ua=95 mt=P len=0
PKT t=18171 RX ua=95 mt=R len=7
PKT t=18186 TX ua=95 mt=T len=7
PKT t=18199 TX ua=95 mt=P len=0
PKT t=18208 RX ua=95 mt=R len=7
PKT t=18213 TX ua=95 mt=P len=0
PKT t=18222 RX ua=95 mt=R len=7
PKT t=18227 TX ua=95 mt=P len=0
PKT t=18236 RX ua=95 mt=R len=7
PKT t=18241 TX ua=95 mt=P len=0
PKT t=18270 RX ua=95 mt=R len=7
PKT t=18275 TX ua=95 mt=P len=0
PKT t=18284 RX ua=95 mt=R len=7
PKT t=18289 TX ua=95 mt=P len=0
PKT t=18298 RX ua=95 mt=R len=7
PKT t=18303 TX ua=95 mt=P len=0
PKT t=18312 RX ua=95 mt=R len=7
PKT t=18317 TX ua=95 mt=P len=0
PKT t=18332 RX ua=95 mt=R len=7
PKT t=18587 TX ua=96 mt=P len=0
PKT t=18845 TX ua=95 mt=P len=0
PKT t=18854 RX ua=95 mt=R len=7
PKT t=18859 TX ua=95 mt=T len=7
PKT t=18872 TX ua=95 mt=P len=0
PKT t=18881 RX ua=95 mt=R len=7
PKT t=18886 TX ua=95 mt=P len=0
PKT t=18895 RX ua=95 mt=R len=7
PKT t=18911 TX ua=95 mt=T len=7
PKT t=18924 TX ua=95 mt=P len=0
PKT t=18933 RX ua=95 mt=R len=7
PKT t=18938 TX ua=95 mt=P len=0
PKT t=18970 RX ua=95 mt=R len=7
PKT t=18975 TX ua=95 mt=P len=0
PKT t=18984 RX ua=95 mt=R len=7
PKT t=18989 TX ua=95 mt=P len=0
PKT t=18998 RX ua=95 mt=R len=7
PKT t=19003 TX ua=95 mt=P len=0
PKT t=19012 RX ua=95 mt=R len=7
PKT t=19017 TX ua=95 mt=P len=0
PKT t=19026 RX ua=95 mt=R len=7
PKT t=19031 TX ua=95 mt=P len=0
PKT t=19040 RX ua=95 mt=R len=7
PKT t=19056 TX ua=95 mt=P len=0
PKT t=19075 RX ua=95 mt=R len=7
PKT t=19080 TX ua=95 mt=P len=0
PKT t=19089 RX ua=95 mt=R len=7
PKT t=19094 TX ua=95 mt=P len=0
PKT t=19103 RX ua=95 mt=R len=7
PKT t=19108 TX ua=95 mt=P len=0
PKT t=19117 RX ua=95 mt=R len=7
PKT t=19122 TX ua=95 mt=T len=7
PKT t=19134 TX ua=95 mt=P len=0
PKT t=19143 RX ua=95 mt=R len=7
PKT t=19148 TX ua=95 mt=T len=7
PKT t=19160 TX ua=95 mt=P len=0
PKT t=19179 RX ua=95 mt=R len=7
PKT t=19184 TX ua=95 mt=P len=0
PKT t=19201 RX ua=95 mt=R len=7
PKT t=19206 TX ua=95 mt=P len=0
PKT t=19215 RX ua=95 mt=R len=7
PKT t=19220 TX ua=95 mt=P len=0
PKT t=19229 RX ua=95 mt=R len=7
PKT t=19234 TX ua=95 mt=P len=0
PKT t=19243 RX ua=95 mt=R len=7
PKT t=19248 TX ua=95 mt=P len=0
PKT t=19277 RX ua=95 mt=R len=7
PKT t=19282 TX ua=95 mt=P len=0
PKT t=19291 RX ua=95 mt=R len=7
PKT t=19296 TX ua=95 mt=P len=0
PKT t=19305 RX ua=95 mt=R len=7
PKT t=19310 TX ua=95 mt=P len=0
PKT t=19319 RX ua=95 mt=R len=7
PKT t=19324 TX ua=95 mt=P len=0
PKT t=19346 RX ua=95 mt=R len=7
PKT t=19351 TX ua=95 mt=P len=0
PKT t=19377 RX ua=95 mt=R len=7
PKT t=19382 TX ua=95 mt=P len=0
PKT t=19391 RX ua=95 mt=R len=7
PKT t=19396 TX ua=95 mt=P len=0
PKT t=19405 RX ua=95 mt=R len=7
PKT t=19410 TX ua=95 mt=T len=7
PKT t=19422 TX ua=95 mt=P len=0
PKT t=19432 RX ua=95 mt=R len=7
PKT t=19437 TX ua=95 mt=P len=0
PKT t=19447 RX ua=95 mt=R len=7
PKT t=19452 TX ua=95 mt=P len=0
PKT t=19491 RX ua=95 mt=R len=7
PKT t=19496 TX ua=95 mt=P len=0
PKT t=19506 RX ua=95 mt=R len=7
PKT t=19511 TX ua=95 mt=P len=0
PKT t=19521 RX ua=95 mt=R len=7
PKT t=19526 TX ua=95 mt=P len=0
PKT t=19536 RX ua=95 mt=R len=7
PKT t=19541 TX ua=95 mt=P len=0
PKT t=19551 RX ua=95 mt=R len=7
PKT t=19556 TX ua=95 mt=P len=0
PKT t=19585 RX ua=95 mt=R len=7
PKT t=19590 TX ua=95 mt=P len=0
PKT t=19600 RX ua=95 mt=R len=7
PKT t=19605 TX ua=95 mt=P len=0
PKT t=19615 RX ua=95 mt=R len=7
PKT t=19620 TX ua=95 mt=P len=0
PKT t=19636 RX ua=95 mt=R len=7
PKT t=19891 TX ua=96 mt=P len=0
PKT t=20149 TX ua=95 mt=P len=0
PKT t=20159 RX ua=95 mt=R len=7
PKT t=20164 TX ua=95 mt=T len=7
PKT t=20176 TX ua=95 mt=P len=0
PKT t=20200 RX ua=95 mt=R len=7
PKT t=20216 TX ua=95 mt=P len=0
PKT t=20225 RX ua=95 mt=R len=7
PKT t=20230 TX ua=95 mt=P len=0
PKT t=20239 RX ua=95 mt=R len=7
PKT t=20244 TX ua=95 mt=P len=0
PKT t=20253 RX ua=95 mt=R len=7
PKT t=20258 TX ua=95 mt=P len=0
PKT t=20267 RX ua=95 mt=R len=7
PKT t=20272 TX ua=95 mt=P len=0
PKT t=20301 RX ua=95 mt=R len=7
PKT t=20306 TX ua=95 mt=P len=0
PKT t=20315 RX ua=95 mt=R len=7
PKT t=20320 TX ua=95 mt=P len=0
PKT t=20329 RX ua=95 mt=R len=7
PKT t=20334 TX ua=95 mt=P len=0
PKT t=20343 RX ua=95 mt=R len=7
PKT t=20361 TX ua=95 mt=P len=0
PKT t=20370 RX ua=95 mt=R len=7
PKT t=20375 TX ua=95 mt=P len=0
PKT t=20404 RX ua=95 mt=R len=7
PKT t=20409 TX ua=95 mt=T len=7
PKT t=20421 TX ua=95 mt=P len=0
PKT t=20430 RX ua=95 mt=R len=7
PKT t=20435 TX ua=95 mt=P len=0
PKT t=20444 RX ua=95 mt=R len=7
PKT t=20449 TX ua=95 mt=P len=0
PKT t=20458 RX ua=95 mt=R len=7
PKT t=20463 TX ua=95 mt=P len=0
PKT t=20472 RX ua=95 mt=R len=7
PKT t=20477 TX ua=95 mt=P len=0
PKT t=20506 RX ua=95 mt=R len=7
PKT t=20511 TX ua=95 mt=P len=0
PKT t=20520 RX ua=95 mt=R len=7
PKT t=20525 TX ua=95 mt=P len=0
PKT t=20534 RX ua=95 mt=R len=7
PKT t=20539 TX ua=95 mt=P len=0
PKT t=20548 RX ua=95 mt=R len=7
PKT t=20553 TX ua=95 mt=P len=0
PKT t=20562 RX ua=95 mt=R len=7
PKT t=20567 TX ua=95 mt=P len=0
PKT t=20576 RX ua=95 mt=R len=7
PKT t=20581 TX ua=95 mt=P len=0
PKT t=20610 RX ua=95 mt=R len=7
PKT t=20615 TX ua=95 mt=P len=0
PKT t=20624 RX ua=95 mt=R len=7
PKT t=20629 TX ua=95 mt=P len=0
PKT t=20651 RX ua=95 mt=R len=7
PKT t=20656 TX ua=95 mt=T len=7
PKT t=20668 TX ua=95 mt=P len=0
PKT t=20677 RX ua=95 mt=R len=7
PKT t=20682 TX ua=95 mt=P len=0
PKT t=20711 RX ua=95 mt=R len=7
PKT t=20716 TX ua=95 mt=P len=0
PKT t=20726 RX ua=95 mt=R len=7
PKT t=20731 TX ua=95 mt=P len=0
PKT t=20740 RX ua=95 mt=R len=7
PKT t=20745 TX ua=95 mt=P len=0
PKT t=20754 RX ua=95 mt=R len=7
PKT t=20759 TX ua=95 mt=P len=0
PKT t=20768 RX ua=95 mt=R len=7
PKT t=20773 TX ua=95 mt=P len=0
PKT t=20796 RX ua=95 mt=R len=7
PKT t=20801 TX ua=95 mt=P len=0
PKT t=20817 RX ua=95 mt=R len=7
PKT t=20822 TX ua=95 mt=P len=0
PKT t=20831 RX ua=95 mt=R len=7
PKT t=20836 TX ua=95 mt=P len=0
PKT t=20845 RX ua=95 mt=R len=7
PKT t=20850 TX ua=95 mt=P len=0
PKT t=20859 RX ua=95 mt=R len=7
PKT t=20864 TX ua=95 mt=P len=0
PKT t=20873 RX ua=95 mt=R len=7
PKT t=20878 TX ua=95 mt=P len=0
PKT t=20887 RX ua=95 mt=R len=7
PKT t=20892 TX ua=95 mt=P len=0
PKT t=20921 RX ua=95 mt=R len=7
PKT t=20926 TX ua=95 mt=T len=7
PKT t=20948 TX ua=95 mt=P len=0
PKT t=20957 RX ua=95 mt=R len=7
PKT t=20962 TX ua=95 mt=P len=0
PKT t=20971 RX ua=95 mt=R len=7
PKT t=20976 TX ua=95 mt=P len=0
PKT t=20985 RX ua=95 mt=R len=7
PKT t=20990 TX ua=95 mt=P len=0
PKT t=21020 RX ua=95 mt=R len=7
PKT t=21025 TX ua=95 mt=P len=0
PKT t=21034 RX ua=95 mt=R len=7
PKT t=21039 TX ua=95 mt=P len=0
PKT t=21048 RX ua=95 mt=R len=7
PKT t=21053 TX ua=95 mt=P len=0
PKT t=21062 RX ua=95 mt=R len=7
PKT t=21067 TX ua=95 mt=P len=0
PKT t=21086 RX ua=95 mt=R len=7
PKT t=21091 TX ua=95 mt=P len=0
PKT t=21121 RX ua=95 mt=R len=7
PKT t=21125 TX ua=95 mt=T len=7
PKT t=21138 TX ua=95 mt=P len=0
PKT t=21147 RX ua=95 mt=R len=7
PKT t=21152 TX ua=95 mt=T len=7
PKT t=21165 TX ua=95 mt=P len=0
PKT t=21174 RX ua=95 mt=R len=7
PKT t=21179 TX ua=95 mt=P len=0
PKT t=21188 RX ua=95 mt=R len=7
PKT t=21193 TX ua=95 mt=P len=0
PKT t=21231 RX ua=95 mt=R len=7
PKT t=21236 TX ua=95 mt=P len=0
PKT t=21245 RX ua=95 mt=R len=7
PKT t=21250 TX ua=95 mt=P len=0
PKT t=21259 RX ua=95 mt=R len=7
PKT t=21264 TX ua=95 mt=P len=0
PKT t=21273 RX ua=95 mt=R len=7
PKT t=21278 TX ua=95 mt=P len=0
PKT t=21287 RX ua=95 mt=R len=7
PKT t=21292 TX ua=95 mt=P len=0
PKT t=21322 RX ua=95 mt=R len=7
PKT t=21327 TX ua=95 mt=P len=0
PKT t=21336 RX ua=95 mt=R len=7
PKT t=21341 TX ua=95 mt=P len=0
PKT t=21350 RX ua=95 mt=R len=7
PKT t=21355 TX ua=95 mt=P len=0
PKT t=21376 RX ua=95 mt=R len=7
PKT t=21381 TX ua=95 mt=P len=0
PKT t=21390 RX ua=95 mt=R len=7
PKT t=21395 TX ua=95 mt=P len=0
PKT t=21424 RX ua=95 mt=R len=7
PKT t=21429 TX ua=95 mt=T len=7
PKT t=21442 TX ua=95 mt=P len=0
PKT t=21452 RX ua=95 mt=R len=7
PKT t=21457 TX ua=95 mt=P len=0
PKT t=21467 RX ua=95 mt=R len=7
PKT t=21472 TX ua=95 mt=P len=0
PKT t=21482 RX ua=95 mt=R len=7
PKT t=21487 TX ua=95 mt=P len=0
PKT t=21497 RX ua=95 mt=R len=7
PKT t=21502 TX ua=95 mt=P len=0
PKT t=21531 RX ua=95 mt=R len=7
PKT t=21536 TX ua=95 mt=P len=0
PKT t=21546 RX ua=95 mt=R len=7
PKT t=21551 TX ua=95 mt=P len=0
PKT t=21561 RX ua=95 mt=R len=7
PKT t=21566 TX ua=95 mt=P len=0
PKT t=21576 RX ua=95 mt=R len=7
PKT t=21581 TX ua=95 mt=P len=0
PKT t=21591 RX ua=95 mt=R len=7
PKT t=21596 TX ua=95 mt=P len=0
PKT t=21630 RX ua=95 mt=R len=7
PKT t=21635 TX ua=95 mt=P len=0
PKT t=21645 RX ua=95 mt=R len=7
PKT t=21650 TX ua=95 mt=P len=0
PKT t=21666 RX ua=95 mt=R len=7
PKT t=21921 TX ua=96 mt=P len=0
PKT t=22179 TX ua=95 mt=P len=0
PKT t=22189 RX ua=95 mt=R len=7
PKT t=22194 TX ua=95 mt=T len=7
PKT t=22206 TX ua=95 mt=P len=0
PKT t=22246 RX ua=95 mt=R len=7
PKT t=22251 TX ua=95 mt=P len=0
PKT t=22260 RX ua=95 mt=R len=7
PKT t=22265 TX ua=95 mt=P len=0
PKT t=22274 RX ua=95 mt=R len=7
PKT t=22279 TX ua=95 mt=P len=0
PKT t=22288 RX ua=95 mt=R len=7
PKT t=22293 TX ua=95 mt=P len=0
PKT t=22302 RX ua=95 mt=R len=7
PKT t=22307 TX ua=95 mt=P len=0
PKT t=22336 RX ua=95 mt=R len=7
PKT t=22341 TX ua=95 mt=P len=0
PKT t=22351 RX ua=95 mt=R len=7
PKT t=22356 TX ua=95 mt=P len=0
PKT t=22365 RX ua=95 mt=R len=7
PKT t=22370 TX ua=95 mt=P len=0
PKT t=22391 RX ua=95 mt=R len=7
PKT t=22396 TX ua=95 mt=P len=0
PKT t=22405 RX ua=95 mt=R len=7
PKT t=22410 TX ua=95 mt=T len=7
PKT t=22422 TX ua=95 mt=P len=0
PKT t=22441 RX ua=95 mt=R len=7
PKT t=22446 TX ua=95 mt=P len=0
PKT t=22455 RX ua=95 mt=R len=7
PKT t=22460 TX ua=95 mt=P len=0
PKT t=22469 RX ua=95 mt=R len=7
PKT t=22474 TX ua=95 mt=P len=0
PKT t=22483 RX ua=95 mt=R len=7
PKT t=22488 TX ua=95 mt=P len=0
PKT t=22497 RX ua=95 mt=R len=7
PKT t=22502 TX ua=95 mt=P len=0
PKT t=22511 RX ua=95 mt=R len=7
PKT t=22516 TX ua=95 mt=P len=0
PKT t=22545 RX ua=95 mt=R len=7
PKT t=22550 TX ua=95 mt=P len=0
PKT t=22559 RX ua=95 mt=R len=7
PKT t=22564 TX ua=95 mt=P len=0
PKT t=22573 RX ua=95 mt=R len=7
PKT t=22578 TX ua=95 mt=P len=0
PKT t=22587 RX ua=95 mt=R len=7
PKT t=22592 TX ua=95 mt=P len=0
PKT t=22601 RX ua=95 mt=R len=7
PKT t=22606 TX ua=95 mt=P len=0
PKT t=22616 RX ua=95 mt=R len=7
PKT t=22620 TX ua=95 mt=P len=0
PKT t=22649 RX ua=95 mt=R len=7
PKT t=22654 TX ua=95 mt=T len=7
PKT t=22666 TX ua=95 mt=P len=0
PKT t=22681 RX ua=95 mt=R len=7
PKT t=22936 TX ua=96 mt=P len=0
PKT t=23194 TX ua=95 mt=P len=0
PKT t=23203 RX ua=95 mt=R len=7
PKT t=23208 TX ua=95 mt=T len=7
PKT t=23220 TX ua=95 mt=P len=0
PKT t=23261 RX ua=95 mt=R len=7
PKT t=23266 TX ua=95 mt=P len=0
PKT t=23275 RX ua=95 mt=R len=7
PKT t=23280 TX ua=95 mt=P len=0
PKT t=23289 RX ua=95 mt=R len=7
PKT t=23294 TX ua=95 mt=P len=0
PKT t=23303 RX ua=95 mt=R len=7
PKT t=23308 TX ua=95 mt=P len=0
PKT t=23317 RX ua=95 mt=R len=7
PKT t=23322 TX ua=95 mt=P len=0
PKT t=23351 RX ua=95 mt=R len=7
PKT t=23356 TX ua=95 mt=P len=0
PKT t=23365 RX ua=95 mt=R len=7
PKT t=23370 TX ua=95 mt=P len=0
PKT t=23379 RX ua=95 mt=R len=7
PKT t=23384 TX ua=95 mt=P len=0
PKT t=23406 RX ua=95 mt=R len=7
PKT t=23411 TX ua=95 mt=T len=7
PKT t=23423 TX ua=95 mt=P len=0
PKT t=23451 RX ua=95 mt=R len=7
PKT t=23456 TX ua=95 mt=P len=0
PKT t=23466 RX ua=95 mt=R len=7
PKT t=23471 TX ua=95 mt=P len=0
PKT t=23481 RX ua=95 mt=R len=7
PKT t=23486 TX ua=95 mt=P len=0
PKT t=23496 RX ua=95 mt=R len=7
PKT t=23501 TX ua=95 mt=P len=0
PKT t=23511 RX ua=95 mt=R len=7
PKT t=23516 TX ua=95 mt=P len=0
PKT t=23526 RX ua=95 mt=R len=7
PKT t=23531 TX ua=95 mt=P len=0
PKT t=23561 RX ua=95 mt=R len=7
PKT t=23566 TX ua=95 mt=P len=0
PKT t=23576 RX ua=95 mt=R len=7
PKT t=23581 TX ua=95 mt=P len=0
PKT t=23591 RX ua=95 mt=R len=7
PKT t=23596 TX ua=95 mt=P len=0
PKT t=23606 RX ua=95 mt=R len=7
PKT t=23611 TX ua=95 mt=P len=0
PKT t=23621 RX ua=95 mt=R len=7
PKT t=23626 TX ua=95 mt=P len=0
PKT t=23660 RX ua=95 mt=R len=7
PKT t=23665 TX ua=95 mt=T len=7
PKT t=23677 TX ua=95 mt=P len=0
PKT t=23696 RX ua=95 mt=R len=7
PKT t=23701 TX ua=95 mt=P len=0
PKT t=23710 RX ua=95 mt=R len=7
PKT t=23715 TX ua=95 mt=P len=0
PKT t=23724 RX ua=95 mt=R len=7
PKT t=23729 TX ua=95 mt=P len=0
PKT t=23759 RX ua=95 mt=R len=7
PKT t=23764 TX ua=95 mt=P len=0
PKT t=23773 RX ua=95 mt=R len=7
PKT t=23778 TX ua=95 mt=P len=0
PKT t=23787 RX ua=95 mt=R len=7
PKT t=23792 TX ua=95 mt=P len=0
PKT t=23801 RX ua=95 mt=R len=7
PKT t=23806 TX ua=95 mt=P len=0
PKT t=23815 RX ua=95 mt=R len=7
PKT t=23820 TX ua=95 mt=P len=0
PKT t=23841 RX ua=95 mt=R len=7
PKT t=23846 TX ua=95 mt=P len=0
PKT t=23864 RX ua=95 mt=R len=7
PKT t=23868 TX ua=95 mt=P len=0
PKT t=23877 RX ua=95 mt=R len=7
PKT t=23882 TX ua=95 mt=P len=0
PKT t=23891 RX ua=95 mt=R len=7
PKT t=23896 TX ua=95 mt=P len=0
PKT t=23905 RX ua=95 mt=R len=7
PKT t=23910 TX ua=95 mt=T len=7
PKT t=23922 TX ua=95 mt=P len=0
PKT t=23931 RX ua=95 mt=R len=7
PKT t=23936 TX ua=95 mt=P len=0
PKT t=23966 RX ua=95 mt=R len=7
PKT t=23971 TX ua=95 mt=P len=0
PKT t=23986 RX ua=95 mt=R len=7
PKT t=24241 TX ua=96 mt=P len=0
PKT t=24499 TX ua=95 mt=P len=0
PKT t=24508 RX ua=95 mt=R len=7
PKT t=24513 TX ua=95 mt=T len=7
PKT t=24525 TX ua=95 mt=P len=0
PKT t=24534 RX ua=95 mt=R len=7
PKT t=24539 TX ua=95 mt=P len=0
PKT t=24568 RX ua=95 mt=R len=7
PKT t=24573 TX ua=95 mt=P len=0
PKT t=24582 RX ua=95 mt=R len=7
PKT t=24587 TX ua=95 mt=P len=0
PKT t=24596 RX ua=95 mt=R len=7
PKT t=24601 TX ua=95 mt=P len=0
PKT t=24610 RX ua=95 mt=R len=7
PKT t=24615 TX ua=95 mt=P len=0
PKT t=24624 RX ua=95 mt=R len=7
PKT t=24629 TX ua=95 mt=P len=0
PKT t=24638 RX ua=95 mt=R len=7
PKT t=24643 TX ua=95 mt=P len=0
PKT t=24672 RX ua=95 mt=R len=7
PKT t=24677 TX ua=95 mt=T len=7
PKT t=24689 TX ua=95 mt=P len=0
PKT t=24711 RX ua=95 mt=R len=7
PKT t=24716 TX ua=95 mt=P len=0
PKT t=24725 RX ua=95 mt=R len=7
PKT t=24730 TX ua=95 mt=P len=0
PKT t=24739 RX ua=95 mt=R len=7
PKT t=24744 TX ua=95 mt=P len=0
PKT t=24773 RX ua=95 mt=R len=7
PKT t=24778 TX ua=95 mt=P len=0
PKT t=24787 RX ua=95 mt=R len=7
PKT t=24792 TX ua=95 mt=P len=0
PKT t=24801 RX ua=95 mt=R len=7
PKT t=24806 TX ua=95 mt=P len=0
PKT t=24815 RX ua=95 mt=R len=7
PKT t=24820 TX ua=95 mt=P len=0
PKT t=24829 RX ua=95 mt=R len=7
PKT t=24834 TX ua=95 mt=P len=0
PKT t=24856 RX ua=95 mt=R len=7
PKT t=24861 TX ua=95 mt=P len=0
PKT t=24877 RX ua=95 mt=R len=7
PKT t=24882 TX ua=95 mt=P len=0
PKT t=24891 RX ua=95 mt=R len=7
PKT t=24896 TX ua=95 mt=P len=0
PKT t=24905 RX ua=95 mt=R len=7
PKT t=24910 TX ua=95 mt=T len=7
PKT t=24922 TX ua=95 mt=P len=0
PKT t=24931 RX ua=95 mt=R len=7
PKT t=24936 TX ua=95 mt=P len=0
PKT t=24945 RX ua=95 mt=R len=7
PKT t=24950 TX ua=95 mt=P len=0
PKT t=24979 RX ua=95 mt=R len=7
PKT t=24984 TX ua=95 mt=P len=0
PKT t=25001 RX ua=95 mt=R len=7
PKT t=25006 TX ua=95 mt=P len=0
PKT t=25015 RX ua=95 mt=R len=7
PKT t=25020 TX ua=95 mt=P len=0
PKT t=25030 RX ua=95 mt=R len=7
PKT t=25035 TX ua=95 mt=P len=0
PKT t=25044 RX ua=95 mt=R len=7
PKT t=25049 TX ua=95 mt=P len=0
PKT t=25079 RX ua=95 mt=R len=7
PKT t=25084 TX ua=95 mt=P len=0
PKT t=25093 RX ua=95 mt=R len=7
PKT t=25098 TX ua=95 mt=P len=0
PKT t=25107 RX ua=95 mt=R len=7
PKT t=25112 TX ua=95 mt=P len=0
PKT t=25121 RX ua=95 mt=R len=7
PKT t=25126 TX ua=95 mt=T len=7
PKT t=25151 TX ua=95 mt=P len=0
PKT t=25178 RX ua=95 mt=R len=7
PKT t=25183 TX ua=95 mt=T len=7
PKT t=25195 TX ua=95 mt=P len=0
PKT t=25204 RX ua=95 mt=R len=7
PKT t=25209 TX ua=95 mt=P len=0
PKT t=25218 RX ua=95 mt=R len=7
PKT t=25223 TX ua=95 mt=P len=0
PKT t=25232 RX ua=95 mt=R len=7
PKT t=25237 TX ua=95 mt=P len=0
PKT t=25246 RX ua=95 mt=R len=7
PKT t=25251 TX ua=95 mt=P len=0
PKT t=25291 RX ua=95 mt=R len=7
PKT t=25296 TX ua=95 mt=P len=0
PKT t=25305 RX ua=95 mt=R len=7
PKT t=25310 TX ua=95 mt=P len=0
PKT t=25319 RX ua=95 mt=R len=7
PKT t=25324 TX ua=95 mt=P len=0
PKT t=25333 RX ua=95 mt=R len=7
PKT t=25338 TX ua=95 mt=P len=0
PKT t=25347 RX ua=95 mt=R len=7
PKT t=25352 TX ua=95 mt=P len=0
PKT t=25381 RX ua=95 mt=R len=7
PKT t=25386 TX ua=95 mt=P len=0
PKT t=25395 RX ua=95 mt=R len=7
PKT t=25400 TX ua=95 mt=P len=0
PKT t=25409 RX ua=95 mt=R len=7
PKT t=25414 TX ua=95 mt=T len=7
PKT t=25436 TX ua=95 mt=P len=0
PKT t=25446 RX ua=95 mt=R len=7
PKT t=25451 TX ua=95 mt=P len=0
PKT t=25481 RX ua=95 mt=R len=7
PKT t=25486 TX ua=95 mt=P len=0
PKT t=25496 RX ua=95 mt=R len=7
PKT t=25501 TX ua=95 mt=P len=0
PKT t=25511 RX ua=95 mt=R len=7
PKT t=25516 TX ua=95 mt=P len=0
PKT t=25526 RX ua=95 mt=R len=7
PKT t=25531 TX ua=95 mt=P len=0
PKT t=25541 RX ua=95 mt=R len=7
PKT t=25546 TX ua=95 mt=P len=0
PKT t=25556 RX ua=95 mt=R len=7
PKT t=25561 TX ua=95 mt=P len=0
PKT t=25590 RX ua=95 mt=R len=7
PKT t=25595 TX ua=95 mt=P len=0
PKT t=25605 RX ua=95 mt=R len=7
PKT t=25610 TX ua=95 mt=P len=0
PKT t=25620 RX ua=95 mt=R len=7
PKT t=25625 TX ua=95 mt=P len=0
PKT t=25635 RX ua=95 mt=R len=7
PKT t=25640 TX ua=95 mt=P len=0
PKT t=25650 RX ua=95 mt=R len=7
PKT t=25655 TX ua=95 mt=P len=0
PKT t=25689 RX ua=95 mt=R len=7
PKT t=25694 TX ua=95 mt=T len=7
PKT t=25706 TX ua=95 mt=P len=0
PKT t=25726 RX ua=95 mt=R len=7
PKT t=25731 TX ua=95 mt=P len=0
PKT t=25740 RX ua=95 mt=R len=7
PKT t=25745 TX ua=95 mt=P len=0
PKT t=25754 RX ua=95 mt=R len=7
PKT t=25759 TX ua=95 mt=P len=0
PKT t=25789 RX ua=95 mt=R len=7
PKT t=25794 TX ua=95 mt=P len=0
PKT t=25803 RX ua=95 mt=R len=7
PKT t=25808 TX ua=95 mt=P len=0
PKT t=25817 RX ua=95 mt=R len=7
PKT t=25822 TX ua=95 mt=P len=0
PKT t=25831 RX ua=95 mt=R len=7
PKT t=25836 TX ua=95 mt=P len=0
PKT t=25845 RX ua=95 mt=R len=7
PKT t=25850 TX ua=95 mt=P len=0
PKT t=25871 RX ua=95 mt=R len=7
PKT t=25876 TX ua=95 mt=P len=0
PKT t=25893 RX ua=95 mt=R len=7
PKT t=25898 TX ua=95 mt=P len=0
PKT t=25907 RX ua=95 mt=R len=7
PKT t=25912 TX ua=95 mt=T len=7
PKT t=25924 TX ua=95 mt=P len=0
PKT t=25933 RX ua=95 mt=R len=7
PKT t=25938 TX ua=95 mt=P len=0
PKT t=25947 RX ua=95 mt=R len=7
PKT t=25952 TX ua=95 mt=P len=0
PKT t=25961 RX ua=95 mt=R len=7
PKT t=25966 TX ua=95 mt=P len=0
PKT t=25995 RX ua=95 mt=R len=7
PKT t=26000 TX ua=95 mt=P len=0
PKT t=26021 RX ua=95 mt=R len=7
PKT t=26276 TX ua=96 mt=P len=0
PKT t=26534 TX ua=95 mt=P len=0
PKT t=26543 RX ua=95 mt=R len=7
PKT t=26548 TX ua=95 mt=T len=7
PKT t=26561 TX ua=95 mt=P len=0
PKT t=26596 RX ua=95 mt=R len=7
PKT t=26601 TX ua=95 mt=T len=7
PKT t=26614 TX ua=95 mt=P len=0
PKT t=26623 RX ua=95 mt=R len=7
PKT t=26628 TX ua=95 mt=P len=0
PKT t=26637 RX ua=95 mt=R len=7
PKT t=26642 TX ua=95 mt=P len=0
PKT t=26651 RX ua=95 mt=R len=7
PKT t=26656 TX ua=95 mt=P len=0
PKT t=26665 RX ua=95 mt=R len=7
PKT t=26670 TX ua=95 mt=T len=7
PKT t=26683 TX ua=95 mt=P len=0
PKT t=26701 RX ua=95 mt=R len=7
PKT t=26706 TX ua=95 mt=P len=0
PKT t=26715 RX ua=95 mt=R len=7
PKT t=26720 TX ua=95 mt=P len=0
PKT t=26741 RX ua=95 mt=R len=7
PKT t=26746 TX ua=95 mt=P len=0
PKT t=26755 RX ua=95 mt=R len=7
PKT t=26760 TX ua=95 mt=P len=0
PKT t=26769 RX ua=95 mt=R len=7
PKT t=26774 TX ua=95 mt=P len=0
PKT t=26803 RX ua=95 mt=R len=7
PKT t=26808 TX ua=95 mt=P len=0
PKT t=26817 RX ua=95 mt=R len=7
PKT t=26822 TX ua=95 mt=P len=0
PKT t=26831 RX ua=95 mt=R len=7
PKT t=26836 TX ua=95 mt=P len=0
PKT t=26845 RX ua=95 mt=R len=7
PKT t=26850 TX ua=95 mt=P len=0
PKT t=26860 RX ua=95 mt=R len=7
PKT t=26865 TX ua=95 mt=P len=0
PKT t=26886 RX ua=95 mt=R len=7
PKT t=26891 TX ua=95 mt=P len=0
PKT t=26908 RX ua=95 mt=R len=7
PKT t=26913 TX ua=95 mt=T len=7
PKT t=26926 TX ua=95 mt=P len=0
PKT t=26935 RX ua=95 mt=R len=7
PKT t=26940 TX ua=95 mt=P len=0
PKT t=26949 RX ua=95 mt=R len=7
PKT t=26954 TX ua=95 mt=P len=0
PKT t=26963 RX ua=95 mt=R len=7
PKT t=26968 TX ua=95 mt=P len=0
PKT t=26977 RX ua=95 mt=R len=7
PKT t=26982 TX ua=95 mt=P len=0
PKT t=27011 RX ua=95 mt=R len=7
PKT t=27016 TX ua=95 mt=P len=0
PKT t=27031 RX ua=95 mt=R len=7
PKT t=27286 TX ua=96 mt=P len=0
PKT t=27544 TX ua=95 mt=P len=0
PKT t=27553 RX ua=95 mt=R len=7
PKT t=27558 TX ua=95 mt=T len=7
PKT t=27570 TX ua=95 mt=P len=0
PKT t=27580 RX ua=95 mt=R len=7
PKT t=27585 TX ua=95 mt=P len=0
PKT t=27614 RX ua=95 mt=R len=7
PKT t=27619 TX ua=95 mt=P len=0
PKT t=27629 RX ua=95 mt=R len=7
PKT t=27634 TX ua=95 mt=P len=0
PKT t=27644 RX ua=95 mt=R len=7
PKT t=27649 TX ua=95 mt=P len=0
PKT t=27659 RX ua=95 mt=R len=7
PKT t=27664 TX ua=95 mt=T len=7
PKT t=27676 TX ua=95 mt=P len=0
PKT t=27685 RX ua=95 mt=R len=7
PKT t=27690 TX ua=95 mt=P len=0
PKT t=27720 RX ua=95 mt=R len=7
PKT t=27725 TX ua=95 mt=P len=0
PKT t=27734 RX ua=95 mt=R len=7
PKT t=27739 TX ua=95 mt=P len=0
PKT t=27756 RX ua=95 mt=R len=7
PKT t=27761 TX ua=95 mt=P len=0
PKT t=27770 RX ua=95 mt=R len=7
PKT t=27775 TX ua=95 mt=P len=0
PKT t=27784 RX ua=95 mt=R len=7
PKT t=27789 TX ua=95 mt=P len=0
PKT t=27819 RX ua=95 mt=R len=7
PKT t=27824 TX ua=95 mt=P len=0
PKT t=27833 RX ua=95 mt=R len=7
PKT t=27838 TX ua=95 mt=P len=0
PKT t=27847 RX ua=95 mt=R len=7
PKT t=27852 TX ua=95 mt=P len=0
PKT t=27861 RX ua=95 mt=R len=7
PKT t=27866 TX ua=95 mt=P len=0
PKT t=27875 RX ua=95 mt=R len=7
PKT t=27880 TX ua=95 mt=P len=0
PKT t=27901 RX ua=95 mt=R len=7
PKT t=27906 TX ua=95 mt=P len=0
PKT t=27923 RX ua=95 mt=R len=7
PKT t=27928 TX ua=95 mt=T len=7
PKT t=27940 TX ua=95 mt=P len=0
PKT t=27949 RX ua=95 mt=R len=7
PKT t=27954 TX ua=95 mt=P len=0
PKT t=27963 RX ua=95 mt=R len=7
PKT t=27968 TX ua=95 mt=P len=0
PKT t=27977 RX ua=95 mt=R len=7
PKT t=27982 TX ua=95 mt=P len=0
PKT t=27991 RX ua=95 mt=R len=7
PKT t=27996 TX ua=95 mt=P len=0
PKT t=28025 RX ua=95 mt=R len=7
PKT t=28030 TX ua=95 mt=P len=0
PKT t=28046 RX ua=95 mt=R len=7
PKT t=28301 TX ua=96 mt=P len=0
PKT t=28559 TX ua=95 mt=P len=0
PKT t=28568 RX ua=95 mt=R len=7
PKT t=28573 TX ua=95 mt=T len=7
PKT t=28585 TX ua=95 mt=P len=0
PKT t=28594 RX ua=95 mt=R len=7
PKT t=28599 TX ua=95 mt=P len=0
PKT t=28628 RX ua=95 mt=R len=7
PKT t=28633 TX ua=95 mt=P len=0
PKT t=28642 RX ua=95 mt=R len=7
PKT t=28647 TX ua=95 mt=P len=0
PKT t=28656 RX ua=95 mt=R len=7
PKT t=28661 TX ua=95 mt=P len=0
PKT t=28670 RX ua=95 mt=R len=7
PKT t=28675 TX ua=95 mt=T len=7
PKT t=28687 TX ua=95 mt=P len=0
PKT t=28696 RX ua=95 mt=R len=7
PKT t=28701 TX ua=95 mt=P len=0
PKT t=28730 RX ua=95 mt=R len=7
PKT t=28735 TX ua=95 mt=P len=0
PKT t=28744 RX ua=95 mt=R len=7
PKT t=28749 TX ua=95 mt=P len=0
PKT t=28771 RX ua=95 mt=R len=7
PKT t=28776 TX ua=95 mt=P len=0
PKT t=28785 RX ua=95 mt=R len=7
PKT t=28790 TX ua=95 mt=P len=0
PKT t=28799 RX ua=95 mt=R len=7
PKT t=28804 TX ua=95 mt=P len=0
PKT t=28833 RX ua=95 mt=R len=7
PKT t=28838 TX ua=95 mt=P len=0
PKT t=28847 RX ua=95 mt=R len=7
PKT t=28852 TX ua=95 mt=P len=0
PKT t=28861 RX ua=95 mt=R len=7
PKT t=28866 TX ua=95 mt=P len=0
PKT t=28875 RX ua=95 mt=R len=7
PKT t=28880 TX ua=95 mt=P len=0
PKT t=28889 RX ua=95 mt=R len=7
PKT t=28894 TX ua=95 mt=P len=0
PKT t=28916 RX ua=95 mt=R len=7
PKT t=28921 TX ua=95 mt=T len=7
PKT t=28933 TX ua=95 mt=P len=0
PKT t=28942 RX ua=95 mt=R len=7
PKT t=28947 TX ua=95 mt=P len=0
PKT t=28956 RX ua=95 mt=R len=7
PKT t=28961 TX ua=95 mt=P len=0
PKT t=28970 RX ua=95 mt=R len=7
PKT t=28975 TX ua=95 mt=P len=0
PKT t=28984 RX ua=95 mt=R len=7
PKT t=28989 TX ua=95 mt=P len=0
PKT t=28998 RX ua=95 mt=R len=7
PKT t=29003 TX ua=95 mt=P len=0
PKT t=29037 RX ua=95 mt=R len=7
PKT t=29041 TX ua=95 mt=P len=0
PKT t=29061 RX ua=95 mt=R len=7
PKT t=29066 TX ua=95 mt=P len=0
PKT t=29075 RX ua=95 mt=R len=7
PKT t=29080 TX ua=95 mt=P len=0
PKT t=29089 RX ua=95 mt=R len=7
PKT t=29094 TX ua=95 mt=P len=0
PKT t=29103 RX ua=95 mt=R len=7
PKT t=29108 TX ua=95 mt=P len=0
PKT t=29137 RX ua=95 mt=R len=7
PKT t=29142 TX ua=95 mt=T len=7
PKT t=29155 TX ua=95 mt=P len=0
PKT t=29164 RX ua=95 mt=R len=7
PKT t=29169 TX ua=95 mt=T len=7
PKT t=29182 TX ua=95 mt=P len=0
PKT t=29191 RX ua=95 mt=R len=7
PKT t=29206 TX ua=95 mt=P len=0
PKT t=29237 RX ua=95 mt=R len=7
PKT t=29242 TX ua=95 mt=P len=0
PKT t=29251 RX ua=95 mt=R len=7
PKT t=29256 TX ua=95 mt=P len=0
PKT t=29265 RX ua=95 mt=R len=7
PKT t=29270 TX ua=95 mt=P len=0
PKT t=29279 RX ua=95 mt=R len=7
PKT t=29284 TX ua=95 mt=P len=0
PKT t=29293 RX ua=95 mt=R len=7
PKT t=29298 TX ua=95 mt=P len=0
PKT t=29307 RX ua=95 mt=R len=7
PKT t=29312 TX ua=95 mt=P len=0
PKT t=29351 RX ua=95 mt=R len=7
PKT t=29356 TX ua=95 mt=P len=0
PKT t=29365 RX ua=95 mt=R len=7
PKT t=29370 TX ua=95 mt=P len=0
PKT t=29379 RX ua=95 mt=R len=7
PKT t=29384 TX ua=95 mt=P len=0
PKT t=29393 RX ua=95 mt=R len=7
PKT t=29398 TX ua=95 mt=P len=0
PKT t=29407 RX ua=95 mt=R len=7
PKT t=29412 TX ua=95 mt=P len=0
PKT t=29441 RX ua=95 mt=R len=7
PKT t=29446 TX ua=95 mt=T len=7
PKT t=29459 TX ua=95 mt=P len=0
PKT t=29469 RX ua=95 mt=R len=7
PKT t=29474 TX ua=95 mt=P len=0
PKT t=29496 RX ua=95 mt=R len=7
PKT t=29501 TX ua=95 mt=P len=0
PKT t=29511 RX ua=95 mt=R len=7
PKT t=29516 TX ua=95 mt=P len=0
PKT t=29545 RX ua=95 mt=R len=7
PKT t=29550 TX ua=95 mt=P len=0
PKT t=29560 RX ua=95 mt=R len=7
PKT t=29565 TX ua=95 mt=P len=0
PKT t=29575 RX ua=95 mt=R len=7
PKT t=29580 TX ua=95 mt=P len=0
PKT t=29590 RX ua=95 mt=R len=7
PKT t=29595 TX ua=95 mt=P len=0
PKT t=29605 RX ua=95 mt=R len=7
PKT t=29610 TX ua=95 mt=P len=0
PKT t=29644 RX ua=95 mt=R len=7
PKT t=29649 TX ua=95 mt=P len=0
PKT t=29659 RX ua=95 mt=R len=7
PKT t=29664 TX ua=95 mt=P len=0
PKT t=29674 RX ua=95 mt=R len=7
PKT t=29679 TX ua=95 mt=T len=7
PKT t=29692 TX ua=95 mt=P len=0
PKT t=29701 RX ua=95 mt=R len=7
PKT t=29706 TX ua=95 mt=P len=0
PKT t=29715 RX ua=95 mt=R len=7
PKT t=29720 TX ua=95 mt=P len=0
PKT t=29749 RX ua=95 mt=R len=7
PKT t=29754 TX ua=95 mt=P len=0
PKT t=29763 RX ua=95 mt=R len=7
PKT t=29768 TX ua=95 mt=P len=0
PKT t=29786 RX ua=95 mt=R len=7
PKT t=29791 TX ua=95 mt=P len=0
PKT t=29800 RX ua=95 mt=R len=7
PKT t=29805 TX ua=95 mt=P len=0
PKT t=29814 RX ua=95 mt=R len=7
PKT t=29819 TX ua=95 mt=P len=0
PKT t=29849 RX ua=95 mt=R len=7
PKT t=29854 TX ua=95 mt=P len=0
PKT t=29863 RX ua=95 mt=R len=7
PKT t=29868 TX ua=95 mt=P len=0
PKT t=29877 RX ua=95 mt=R len=7
PKT t=29882 TX ua=95 mt=P len=0
PKT t=29891 RX ua=95 mt=R len=7
PKT t=29896 TX ua=95 mt=P len=0
PKT t=29905 RX ua=95 mt=R len=7
PKT t=29910 TX ua=95 mt=P len=0
PKT t=29931 RX ua=95 mt=R len=7
PKT t=29936 TX ua=95 mt=T len=7
PKT t=29949 TX ua=95 mt=P len=0
PKT t=29958 RX ua=95 mt=R len=7
PKT t=29963 TX ua=95 mt=P len=0
PKT t=29972 RX ua=95 mt=R len=7
PKT t=29977 TX ua=95 mt=P len=0
PKT t=29986 RX ua=95 mt=R len=7
PKT t=29991 TX ua=95 mt=P len=0
PKT t=30000 RX ua=95 mt=R len=7
PKT t=30005 TX ua=95 mt=P len=0
PKT t=30014 RX ua=95 mt=R len=7
PKT t=30022 TX ua=95 mt=P len=0
PKT t=30052 RX ua=95 mt=R len=7
PKT t=30057 TX ua=95 mt=P len=0
PKT t=30076 RX ua=95 mt=R len=7
PKT t=30081 TX ua=95 mt=P len=0
PKT t=30090 RX ua=95 mt=R len=7
PKT t=30095 TX ua=95 mt=P len=0
PKT t=30104 RX ua=95 mt=R len=7
PKT t=30109 TX ua=95 mt=P len=0
PKT t=30118 RX ua=95 mt=R len=7
PKT t=30123 TX ua=95 mt=T len=7
PKT t=30135 TX ua=95 mt=P len=0
PKT t=30155 RX ua=95 mt=R len=7
PKT t=30160 TX ua=95 mt=P len=0
PKT t=30169 RX ua=95 mt=R len=7
PKT t=30174 TX ua=95 mt=T len=7
PKT t=30186 TX ua=95 mt=P len=0
PKT t=30195 RX ua=95 mt=R len=7
PKT t=30200 TX ua=95 mt=P len=0
PKT t=30221 RX ua=95 mt=R len=7
PKT t=30226 TX ua=95 mt=P len=0
PKT t=30257 RX ua=95 mt=R len=7
PKT t=30262 TX ua=95 mt=P len=0
PKT t=30271 RX ua=95 mt=R len=7
PKT t=30276 TX ua=95 mt=P len=0
PKT t=30285 RX ua=95 mt=R len=7
PKT t=30290 TX ua=95 mt=P len=0
PKT t=30299 RX ua=95 mt=R len=7
PKT t=30304 TX ua=95 mt=P len=0
PKT t=30313 RX ua=95 mt=R len=7
PKT t=30318 TX ua=95 mt=P len=0
PKT t=30327 RX ua=95 mt=R len=7
PKT t=30332 TX ua=95 mt=P len=0
PKT t=30366 RX ua=95 mt=R len=7
PKT t=30371 TX ua=95 mt=P len=0
PKT t=30380 RX ua=95 mt=R len=7
PKT t=30385 TX ua=95 mt=P len=0
PKT t=30394 RX ua=95 mt=R len=7
PKT t=30399 TX ua=95 mt=P len=0
PKT t=30408 RX ua=95 mt=R len=7
PKT t=30413 TX ua=95 mt=P len=0
PKT t=30422 RX ua=95 mt=R len=7
PKT t=30427 TX ua=95 mt=T len=7
PKT t=30439 TX ua=95 mt=P len=0
PKT t=30462 RX ua=95 mt=R len=7
PKT t=30467 TX ua=95 mt=P len=0
PKT t=30476 RX ua=95 mt=R len=7
PKT t=30481 TX ua=95 mt=P len=0
PKT t=30490 RX ua=95 mt=R len=7
PKT t=30495 TX ua=95 mt=P len=0
PKT t=30511 RX ua=95 mt=R len=7
PKT t=30766 TX ua=96 mt=P len=0
PKT t=31024 TX ua=95 mt=P len=0
PKT t=31033 RX ua=95 mt=R len=7
PKT t=31038 TX ua=95 mt=T len=7
PKT t=31050 TX ua=95 mt=P len=0
PKT t=31070 RX ua=95 mt=R len=7
PKT t=31075 TX ua=95 mt=P len=0
PKT t=31091 RX ua=95 mt=R len=7
PKT t=31346 TX ua=96 mt=P len=0
PKT t=31604 TX ua=95 mt=P len=0
PKT t=31613 RX ua=95 mt=R len=7
PKT t=31618 TX ua=95 mt=T len=7
PKT t=31630 TX ua=95 mt=P len=0
PKT t=31640 RX ua=95 mt=R len=7
PKT t=31645 TX ua=95 mt=P len=0
PKT t=31674 RX ua=95 mt=R len=7
PKT t=31679 TX ua=95 mt=T len=7
PKT t=31691 TX ua=95 mt=P len=0
PKT t=31700 RX ua=95 mt=R len=7
PKT t=31705 TX ua=95 mt=P len=0
PKT t=31714 RX ua=95 mt=R len=7
PKT t=31719 TX ua=95 mt=P len=0
PKT t=31728 RX ua=95 mt=R len=7
PKT t=31733 TX ua=95 mt=P len=0
PKT t=31742 RX ua=95 mt=R len=7
PKT t=31747 TX ua=95 mt=P len=0
PKT t=31776 RX ua=95 mt=R len=7
PKT t=31781 TX ua=95 mt=P len=0
PKT t=31790 RX ua=95 mt=R len=7
PKT t=31795 TX ua=95 mt=P len=0
PKT t=31816 RX ua=95 mt=R len=7
PKT t=31821 TX ua=95 mt=P len=0
PKT t=31830 RX ua=95 mt=R len=7
PKT t=31835 TX ua=95 mt=P len=0
PKT t=31844 RX ua=95 mt=R len=7
PKT t=31849 TX ua=95 mt=P len=0
PKT t=31878 RX ua=95 mt=R len=7
PKT t=31883 TX ua=95 mt=P len=0
PKT t=31892 RX ua=95 mt=R len=7
PKT t=31897 TX ua=95 mt=P len=0
PKT t=31906 RX ua=95 mt=R len=7
PKT t=31911 TX ua=95 mt=P len=0
PKT t=31920 RX ua=95 mt=R len=7
PKT t=31925 TX ua=95 mt=T len=7
PKT t=31937 TX ua=95 mt=P len=0
PKT t=31946 RX ua=95 mt=R len=7
PKT t=31961 TX ua=95 mt=P len=0
PKT t=31980 RX ua=95 mt=R len=7
PKT t=31985 TX ua=95 mt=P len=0
PKT t=31994 RX ua=95 mt=R len=7
PKT t=31999 TX ua=95 mt=P len=0
PKT t=32008 RX ua=95 mt=R len=7
PKT t=32013 TX ua=95 mt=P len=0
PKT t=32023 RX ua=95 mt=R len=7
PKT t=32028 TX ua=95 mt=P len=0
PKT t=32037 RX ua=95 mt=R len=7
PKT t=32042 TX ua=95 mt=P len=0
PKT t=32051 RX ua=95 mt=R len=7
PKT t=32056 TX ua=95 mt=P len=0
PKT t=32085 RX ua=95 mt=R len=7
PKT t=32090 TX ua=95 mt=P len=0
PKT t=32106 RX ua=95 mt=R len=7
PKT t=32361 TX ua=96 mt=P len=0
PKT t=32619 TX ua=95 mt=P len=0
PKT t=32628 RX ua=95 mt=R len=7
PKT t=32633 TX ua=95 mt=T len=7
PKT t=32645 TX ua=95 mt=P len=0
PKT t=32654 RX ua=95 mt=R len=7
PKT t=32659 TX ua=95 mt=P len=0
PKT t=32688 RX ua=95 mt=R len=7
PKT t=32693 TX ua=95 mt=T len=7
PKT t=32705 TX ua=95 mt=P len=0
PKT t=32714 RX ua=95 mt=R len=7
PKT t=32719 TX ua=95 mt=P len=0
PKT t=32728 RX ua=95 mt=R len=7
PKT t=32733 TX ua=95 mt=P len=0
PKT t=32742 RX ua=95 mt=R len=7
PKT t=32747 TX ua=95 mt=P len=0
PKT t=32756 RX ua=95 mt=R len=7
PKT t=32761 TX ua=95 mt=P len=0
PKT t=32790 RX ua=95 mt=R len=7
PKT t=32795 TX ua=95 mt=P len=0
PKT t=32804 RX ua=95 mt=R len=7
PKT t=32809 TX ua=95 mt=P len=0
PKT t=32831 RX ua=95 mt=R len=7
PKT t=32836 TX ua=95 mt=P len=0
PKT t=32845 RX ua=95 mt=R len=7
PKT t=32850 TX ua=95 mt=P len=0
PKT t=32859 RX ua=95 mt=R len=7
PKT t=32864 TX ua=95 mt=P len=0
PKT t=32893 RX ua=95 mt=R len=7
PKT t=32898 TX ua=95 mt=P len=0
PKT t=32907 RX ua=95 mt=R len=7
PKT t=32912 TX ua=95 mt=P len=0
PKT t=32921 RX ua=95 mt=R len=7
PKT t=32926 TX ua=95 mt=T len=7
PKT t=32938 TX ua=95 mt=P len=0
PKT t=32947 RX ua=95 mt=R len=7
PKT t=32952 TX ua=95 mt=P len=0
PKT t=32961 RX ua=95 mt=R len=7
PKT t=32976 TX ua=95 mt=P len=0
PKT t=32995 RX ua=95 mt=R len=7
PKT t=33000 TX ua=95 mt=P len=0
PKT t=33009 RX ua=95 mt=R len=7
PKT t=33014 TX ua=95 mt=P len=0
PKT t=33023 RX ua=95 mt=R len=7
PKT t=33028 TX ua=95 mt=P len=0
PKT t=33037 RX ua=95 mt=R len=7
PKT t=33042 TX ua=95 mt=P len=0
PKT t=33051 RX ua=95 mt=R len=7
PKT t=33056 TX ua=95 mt=P len=0
PKT t=33065 RX ua=95 mt=R len=7
PKT t=33070 TX ua=95 mt=P len=0
PKT t=33100 RX ua=95 mt=R len=7
PKT t=33105 TX ua=95 mt=P len=0
PKT t=33121 RX ua=95 mt=R len=7
PKT t=33376 TX ua=96 mt=P len=0
PKT t=33634 TX ua=95 mt=P len=0
PKT t=33644 RX ua=95 mt=R len=7
PKT t=33648 TX ua=95 mt=T len=7
PKT t=33660 TX ua=95 mt=P len=0
PKT t=33670 RX ua=95 mt=R len=7
PKT t=33675 TX ua=95 mt=T len=7
PKT t=33687 TX ua=95 mt=P len=0
PKT t=33706 RX ua=95 mt=R len=7
PKT t=33711 TX ua=95 mt=P len=0
PKT t=33720 RX ua=95 mt=R len=7
PKT t=33725 TX ua=95 mt=P len=0
PKT t=33734 RX ua=95 mt=R len=7
PKT t=33739 TX ua=95 mt=P len=0
PKT t=33748 RX ua=95 mt=R len=7
PKT t=33753 TX ua=95 mt=P len=0
PKT t=33762 RX ua=95 mt=R len=7
PKT t=33767 TX ua=95 mt=P len=0
PKT t=33776 RX ua=95 mt=R len=7
PKT t=33781 TX ua=95 mt=P len=0
PKT t=33810 RX ua=95 mt=R len=7
PKT t=33815 TX ua=95 mt=P len=0
PKT t=33824 RX ua=95 mt=R len=7
PKT t=33829 TX ua=95 mt=P len=0
PKT t=33846 RX ua=95 mt=R len=7
PKT t=33851 TX ua=95 mt=P len=0
PKT t=33860 RX ua=95 mt=R len=7
PKT t=33865 TX ua=95 mt=P len=0
PKT t=33874 RX ua=95 mt=R len=7
PKT t=33879 TX ua=95 mt=P len=0
PKT t=33910 RX ua=95 mt=R len=7
PKT t=33914 TX ua=95 mt=P len=0
PKT t=33923 RX ua=95 mt=R len=7
PKT t=33928 TX ua=95 mt=T len=7
PKT t=33940 TX ua=95 mt=P len=0
PKT t=33949 RX ua=95 mt=R len=7
PKT t=33954 TX ua=95 mt=P len=0
PKT t=33963 RX ua=95 mt=R len=7
PKT t=33968 TX ua=95 mt=P len=0
PKT t=33991 RX ua=95 mt=R len=7
PKT t=33996 TX ua=95 mt=P len=0
PKT t=34011 RX ua=95 mt=R len=7
PKT t=34016 TX ua=95 mt=P len=0
PKT t=34025 RX ua=95 mt=R len=7
PKT t=34030 TX ua=95 mt=P len=0
PKT t=34039 RX ua=95 mt=R len=7
PKT t=34044 TX ua=95 mt=P len=0
PKT t=34053 RX ua=95 mt=R len=7
PKT t=34058 TX ua=95 mt=P len=0
PKT t=34067 RX ua=95 mt=R len=7
PKT t=34072 TX ua=95 mt=P len=0
PKT t=34081 RX ua=95 mt=R len=7
PKT t=34086 TX ua=95 mt=P len=0
PKT t=34115 RX ua=95 mt=R len=7
PKT t=34120 TX ua=95 mt=P len=0
PKT t=34136 RX ua=95 mt=R len=7
PKT t=34391 TX ua=96 mt=P len=0
PKT t=34649 TX ua=95 mt=P len=0
PKT t=34659 RX ua=95 mt=R len=7
PKT t=34663 TX ua=95 mt=T len=7
PKT t=34676 TX ua=95 mt=P len=0
PKT t=34685 RX ua=95 mt=R len=7
PKT t=34690 TX ua=95 mt=T len=7
PKT t=34716 TX ua=95 mt=P len=0
PKT t=34725 RX ua=95 mt=R len=7
PKT t=34730 TX ua=95 mt=P len=0
PKT t=34739 RX ua=95 mt=R len=7
PKT t=34744 TX ua=95 mt=P len=0
PKT t=34753 RX ua=95 mt=R len=7
PKT t=34758 TX ua=95 mt=P len=0
PKT t=34767 RX ua=95 mt=R len=7
PKT t=34772 TX ua=95 mt=P len=0
PKT t=34781 RX ua=95 mt=R len=7
PKT t=34786 TX ua=95 mt=P len=0
PKT t=34819 RX ua=95 mt=R len=7
PKT t=34824 TX ua=95 mt=P len=0
PKT t=34833 RX ua=95 mt=R len=7
PKT t=34838 TX ua=95 mt=P len=0
PKT t=34861 RX ua=95 mt=R len=7
PKT t=34866 TX ua=95 mt=P len=0
PKT t=34875 RX ua=95 mt=R len=7
PKT t=34880 TX ua=95 mt=P len=0
PKT t=34889 RX ua=95 mt=R len=7
PKT t=34894 TX ua=95 mt=P len=0
PKT t=34923 RX ua=95 mt=R len=7
PKT t=34928 TX ua=95 mt=T len=7
PKT t=34941 TX ua=95 mt=P len=0
PKT t=34950 RX ua=95 mt=R len=7
PKT t=34955 TX ua=95 mt=P len=0
PKT t=34965 RX ua=95 mt=R len=7
PKT t=34970 TX ua=95 mt=P len=0
PKT t=34979 RX ua=95 mt=R len=7
PKT t=34984 TX ua=95 mt=P len=0
PKT t=35006 RX ua=95 mt=R len=7
PKT t=35011 TX ua=95 mt=P len=0
PKT t=35027 RX ua=95 mt=R len=7
PKT t=35032 TX ua=95 mt=P len=0
PKT t=35041 RX ua=95 mt=R len=7
PKT t=35046 TX ua=95 mt=P len=0
PKT t=35055 RX ua=95 mt=R len=7
PKT t=35060 TX ua=95 mt=P len=0
PKT t=35069 RX ua=95 mt=R len=7
PKT t=35074 TX ua=95 mt=P len=0
PKT t=35083 RX ua=95 mt=R len=7
PKT t=35088 TX ua=95 mt=P len=0
PKT t=35097 RX ua=95 mt=R len=7
PKT t=35102 TX ua=95 mt=P len=0
PKT t=35132 RX ua=95 mt=R len=7
PKT t=35137 TX ua=95 mt=T len=7
PKT t=35159 TX ua=95 mt=P len=0
PKT t=35168 RX ua=95 mt=R len=7
PKT t=35173 TX ua=95 mt=P len=0
PKT t=35182 RX ua=95 mt=R len=7
PKT t=35187 TX ua=95 mt=T len=7
PKT t=35199 TX ua=95 mt=P len=0
PKT t=35231 RX ua=95 mt=R len=7
PKT t=35236 TX ua=95 mt=P len=0
PKT t=35245 RX ua=95 mt=R len=7
PKT t=35250 TX ua=95 mt=P len=0
PKT t=35259 RX ua=95 mt=R len=7
PKT t=35264 TX ua=95 mt=P len=0
PKT t=35273 RX ua=95 mt=R len=7
PKT t=35278 TX ua=95 mt=P len=0
PKT t=35296 RX ua=95 mt=R len=7
PKT t=35301 TX ua=95 mt=P len=0
PKT t=35331 RX ua=95 mt=R len=7
PKT t=35336 TX ua=95 mt=P len=0
PKT t=35345 RX ua=95 mt=R len=7
PKT t=35350 TX ua=95 mt=P len=0
PKT t=35359 RX ua=95 mt=R len=7
PKT t=35364 TX ua=95 mt=P len=0
PKT t=35373 RX ua=95 mt=R len=7
PKT t=35378 TX ua=95 mt=P len=0
PKT t=35387 RX ua=95 mt=R len=7
PKT t=35392 TX ua=95 mt=P len=0
PKT t=35401 RX ua=95 mt=R len=7
PKT t=35406 TX ua=95 mt=P len=0
PKT t=35441 RX ua=95 mt=R len=7
PKT t=35446 TX ua=95 mt=T len=7
PKT t=35458 TX ua=95 mt=P len=0
PKT t=35468 RX ua=95 mt=R len=7
PKT t=35473 TX ua=95 mt=P len=0
PKT t=35483 RX ua=95 mt=R len=7
PKT t=35488 TX ua=95 mt=P len=0
PKT t=35498 RX ua=95 mt=R len=7
PKT t=35503 TX ua=95 mt=P len=0
PKT t=35535 RX ua=95 mt=R len=7
PKT t=35540 TX ua=95 mt=P len=0
PKT t=35550 RX ua=95 mt=R len=7
PKT t=35555 TX ua=95 mt=P len=0
PKT t=35565 RX ua=95 mt=R len=7
PKT t=35570 TX ua=95 mt=P len=0
PKT t=35586 RX ua=95 mt=R len=7
PKT t=35841 TX ua=96 mt=P len=0
PKT t=36099 TX ua=95 mt=P len=0
PKT t=36109 RX ua=95 mt=R len=7
PKT t=36114 TX ua=95 mt=T len=7
PKT t=36126 TX ua=95 mt=T len=7
PKT t=36138 TX ua=95 mt=P len=0
PKT t=36147 RX ua=95 mt=R len=7
PKT t=36152 TX ua=95 mt=P len=0
PKT t=36167 RX ua=95 mt=R len=7
PKT t=36422 TX ua=96 mt=P len=0
PKT t=36680 TX ua=95 mt=P len=0
PKT t=36689 RX ua=95 mt=R len=7
PKT t=36694 TX ua=95 mt=T len=7
PKT t=36706 TX ua=95 mt=P len=0
PKT t=36715 RX ua=95 mt=R len=7
PKT t=36720 TX ua=95 mt=P len=0
PKT t=36749 RX ua=95 mt=R len=7
PKT t=36754 TX ua=95 mt=P len=0
PKT t=36764 RX ua=95 mt=R len=7
PKT t=36769 TX ua=95 mt=P len=0
PKT t=36778 RX ua=95 mt=R len=7
PKT t=36783 TX ua=95 mt=P len=0
PKT t=36792 RX ua=95 mt=R len=7
PKT t=36797 TX ua=95 mt=P len=0
PKT t=36806 RX ua=95 mt=R len=7
PKT t=36811 TX ua=95 mt=P len=0
PKT t=36820 RX ua=95 mt=R len=7
PKT t=36825 TX ua=95 mt=P len=0
PKT t=36854 RX ua=95 mt=R len=7
PKT t=36859 TX ua=95 mt=P len=0
PKT t=36868 RX ua=95 mt=R len=7
PKT t=36873 TX ua=95 mt=P len=0
PKT t=36891 RX ua=95 mt=R len=7
PKT t=36896 TX ua=95 mt=P len=0
PKT t=36905 RX ua=95 mt=R len=7
PKT t=36910 TX ua=95 mt=P len=0
PKT t=36919 RX ua=95 mt=R len=7
PKT t=36924 TX ua=95 mt=P len=0
PKT t=36954 RX ua=95 mt=R len=7
PKT t=36958 TX ua=95 mt=T len=7
PKT t=36970 TX ua=95 mt=P len=0
PKT t=36979 RX ua=95 mt=R len=7
PKT t=36984 TX ua=95 mt=P len=0
PKT t=36993 RX ua=95 mt=R len=7
PKT t=36998 TX ua=95 mt=P len=0
PKT t=37007 RX ua=95 mt=R len=7
PKT t=37012 TX ua=95 mt=P len=0
PKT t=37021 RX ua=95 mt=R len=7
PKT t=37036 TX ua=95 mt=P len=0
PKT t=37055 RX ua=95 mt=R len=7
PKT t=37060 TX ua=95 mt=P len=0
PKT t=37069 RX ua=95 mt=R len=7
PKT t=37074 TX ua=95 mt=P len=0
PKT t=37083 RX ua=95 mt=R len=7
PKT t=37088 TX ua=95 mt=P len=0
PKT t=37097 RX ua=95 mt=R len=7
PKT t=37102 TX ua=95 mt=P len=0
PKT t=37111 RX ua=95 mt=R len=7
PKT t=37116 TX ua=95 mt=P len=0
PKT t=37125 RX ua=95 mt=R len=7
PKT t=37130 TX ua=95 mt=T len=7
PKT t=37143 TX ua=95 mt=P len=0
PKT t=37161 RX ua=95 mt=R len=7
PKT t=37166 TX ua=95 mt=P len=0
PKT t=37181 RX ua=95 mt=R len=7
