PKT t=7122 TX ua=96 mt=P len=0
PKT t=7380 TX ua=95 mt=P len=0
PKT t=7389 RX ua=95 mt=R len=7
PKT t=7394 TX ua=95 mt=T len=7
PKT t=7406 TX ua=95 mt=P len=0
PKT t=7416 RX ua=95 mt=R len=7
PKT t=7421 TX ua=95 mt=P len=0
PKT t=7431 RX ua=95 mt=R len=7
PKT t=7436 TX ua=95 mt=P len=0
PKT t=7446 RX ua=95 mt=R len=7
PKT t=7466 TX ua=95 mt=P len=0
PKT t=7500 RX ua=95 mt=R len=7
PKT t=7505 TX ua=95 mt=P len=0
PKT t=7515 RX ua=95 mt=R len=7
PKT t=7520 TX ua=95 mt=P len=0
PKT t=7530 RX ua=95 mt=R len=7
PKT t=7535 TX ua=95 mt=P len=0
PKT t=7545 RX ua=95 mt=R len=7
PKT t=7550 TX ua=95 mt=P len=0
PKT t=7560 RX ua=95 mt=R len=7
PKT t=7565 TX ua=95 mt=P len=0
PKT t=7575 RX ua=95 mt=R len=7
PKT t=7580 TX ua=95 mt=P len=0
PKT t=7609 RX ua=95 mt=R len=7
PKT t=7614 TX ua=95 mt=P len=0
PKT t=7624 RX ua=95 mt=R len=7
PKT t=7629 TX ua=95 mt=T len=7
PKT t=7641 TX ua=95 mt=P len=0
PKT t=7666 RX ua=95 mt=R len=7
PKT t=7671 TX ua=95 mt=P len=0
PKT t=7680 RX ua=95 mt=R len=7
PKT t=7685 TX ua=95 mt=P len=0
PKT t=7715 RX ua=95 mt=R len=7
PKT t=7720 TX ua=95 mt=P len=0
PKT t=7729 RX ua=95 mt=R len=7
PKT t=7734 TX ua=95 mt=P len=0
PKT t=7743 RX ua=95 mt=R len=7
PKT t=7748 TX ua=95 mt=P len=0
PKT t=7757 RX ua=95 mt=R len=7
PKT t=7762 TX ua=95 mt=P len=0
PKT t=7772 RX ua=95 mt=R len=7
PKT t=7777 TX ua=95 mt=P len=0
PKT t=7786 RX ua=95 mt=R len=7
PKT t=7791 TX ua=95 mt=P len=0
PKT t=7820 RX ua=95 mt=R len=7
PKT t=7825 TX ua=95 mt=P len=0
PKT t=7834 RX ua=95 mt=R len=7
PKT t=7839 TX ua=95 mt=P len=0
PKT t=7866 RX ua=95 mt=R len=7
PKT t=7871 TX ua=95 mt=T len=7
PKT t=7883 TX ua=95 mt=P len=0
PKT t=7892 RX ua=95 mt=R len=7
PKT t=7897 TX ua=95 mt=P len=0
PKT t=7926 RX ua=95 mt=R len=7
PKT t=7931 TX ua=95 mt=P len=0
PKT t=7940 RX ua=95 mt=R len=7
PKT t=7945 TX ua=95 mt=P len=0
PKT t=7954 RX ua=95 mt=R len=7
PKT t=7959 TX ua=95 mt=P len=0
PKT t=7968 RX ua=95 mt=R len=7
PKT t=7973 TX ua=95 mt=P len=0
PKT t=7982 RX ua=95 mt=R len=7
PKT t=7987 TX ua=95 mt=P len=0
PKT t=7996 RX ua=95 mt=R len=7
PKT t=8001 TX ua=95 mt=P len=0
PKT t=8030 RX ua=95 mt=R len=7
PKT t=8035 TX ua=95 mt=P len=0
PKT t=8044 RX ua=95 mt=R len=7
PKT t=8066 TX ua=95 mt=P len=0
PKT t=8075 RX ua=95 mt=R len=7
PKT t=8080 TX ua=95 mt=P len=0
PKT t=8089 RX ua=95 mt=R len=7
PKT t=8094 TX ua=95 mt=P len=0
PKT t=8103 RX ua=95 mt=R len=7
PKT t=8108 TX ua=95 mt=P len=0
PKT t=8141 RX ua=95 mt=R len=7
PKT t=8146 TX ua=95 mt=T len=7
PKT t=8158 TX ua=95 mt=P len=0
PKT t=8167 RX ua=95 mt=R len=7
PKT t=8172 TX ua=95 mt=P len=0
PKT t=8181 RX ua=95 mt=R len=7
PKT t=8186 TX ua=95 mt=P len=0
PKT t=8195 RX ua=95 mt=R len=7
PKT t=8200 TX ua=95 mt=P len=0
PKT t=8209 RX ua=95 mt=R len=7
PKT t=8214 TX ua=95 mt=P len=0
PKT t=8243 RX ua=95 mt=R len=7
PKT t=8266 TX ua=95 mt=P len=0
PKT t=8275 RX ua=95 mt=R len=7
PKT t=8280 TX ua=95 mt=P len=0
PKT t=8289 RX ua=95 mt=R len=7
PKT t=8294 TX ua=95 mt=P len=0
PKT t=8303 RX ua=95 mt=R len=7
PKT t=8308 TX ua=95 mt=P len=0
PKT t=8317 RX ua=95 mt=R len=7
PKT t=8322 TX ua=95 mt=P len=0
PKT t=8351 RX ua=95 mt=R len=7
PKT t=8356 TX ua=95 mt=P len=0
PKT t=8365 RX ua=95 mt=R len=7
PKT t=8370 TX ua=95 mt=T len=7
PKT t=8382 TX ua=95 mt=P len=0
PKT t=8391 RX ua=95 mt=R len=7
PKT t=8396 TX ua=95 mt=P len=0
PKT t=8405 RX ua=95 mt=R len=7
PKT t=8410 TX ua=95 mt=P len=0
PKT t=8419 RX ua=95 mt=R len=7
PKT t=8424 TX ua=95 mt=P len=0
PKT t=8466 RX ua=95 mt=R len=7
PKT t=8471 TX ua=95 mt=P len=0
PKT t=8480 RX ua=95 mt=R len=7
PKT t=8485 TX ua=95 mt=P len=0
PKT t=8494 RX ua=95 mt=R len=7
PKT t=8499 TX ua=95 mt=P len=0
PKT t=8508 RX ua=95 mt=R len=7
PKT t=8513 TX ua=95 mt=P len=0
PKT t=8522 RX ua=95 mt=R len=7
PKT t=8527 TX ua=95 mt=P len=0
PKT t=8556 RX ua=95 mt=R len=7
PKT t=8561 TX ua=95 mt=P len=0
PKT t=8570 RX ua=95 mt=R len=7
PKT t=8575 TX ua=95 mt=P len=0
PKT t=8584 RX ua=95 mt=R len=7
PKT t=8589 TX ua=95 mt=P len=0
PKT t=8598 RX ua=95 mt=R len=7
PKT t=8603 TX ua=95 mt=P len=0
PKT t=8612 RX ua=95 mt=R len=7
PKT t=8617 TX ua=95 mt=P len=0
PKT t=8626 RX ua=95 mt=R len=7
PKT t=8631 TX ua=95 mt=T len=7
PKT t=8643 TX ua=95 mt=P len=0
PKT t=8666 RX ua=95 mt=R len=7
PKT t=8671 TX ua=95 mt=P len=0
PKT t=8680 RX ua=95 mt=R len=7
PKT t=8685 TX ua=95 mt=P len=0
PKT t=8694 RX ua=95 mt=R len=7
PKT t=8699 TX ua=95 mt=P len=0
PKT t=8708 RX ua=95 mt=R len=7
PKT t=8713 TX ua=95 mt=P len=0
PKT t=8722 RX ua=95 mt=R len=7
PKT t=8727 TX ua=95 mt=P len=0
PKT t=8759 RX ua=95 mt=R len=7
PKT t=8764 TX ua=95 mt=P len=0
PKT t=8773 RX ua=95 mt=R len=7
PKT t=8778 TX ua=95 mt=P len=0
PKT t=8787 RX ua=95 mt=R len=7
PKT t=8792 TX ua=95 mt=P len=0
PKT t=8801 RX ua=95 mt=R len=7
PKT t=8806 TX ua=95 mt=P len=0
PKT t=8815 RX ua=95 mt=R len=7
PKT t=8820 TX ua=95 mt=P len=0
PKT t=8829 RX ua=95 mt=R len=7
PKT t=8834 TX ua=95 mt=P len=0
PKT t=8866 RX ua=95 mt=R len=7
PKT t=8871 TX ua=95 mt=T len=7
PKT t=8883 TX ua=95 mt=P len=0
PKT t=8892 RX ua=95 mt=R len=7
PKT t=8897 TX ua=95 mt=P len=0
PKT t=8906 RX ua=95 mt=R len=7
PKT t=8911 TX ua=95 mt=P len=0
PKT t=8920 RX ua=95 mt=R len=7
PKT t=8925 TX ua=95 mt=P len=0
PKT t=8934 RX ua=95 mt=R len=7
PKT t=8939 TX ua=95 mt=P len=0
PKT t=8968 RX ua=95 mt=R len=7
PKT t=8973 TX ua=95 mt=P len=0
PKT t=8982 RX ua=95 mt=R len=7
PKT t=8987 TX ua=95 mt=P len=0
PKT t=8996 RX ua=95 mt=R len=7
PKT t=9001 TX ua=95 mt=P len=0
PKT t=9010 RX ua=95 mt=R len=7
PKT t=9015 TX ua=95 mt=P len=0
PKT t=9024 RX ua=95 mt=R len=7
PKT t=9029 TX ua=95 mt=P len=0
PKT t=9038 RX ua=95 mt=R len=7
PKT t=9043 TX ua=95 mt=P len=0
PKT t=9072 RX ua=95 mt=R len=7
PKT t=9077 TX ua=95 mt=P len=0
PKT t=9086 RX ua=95 mt=R len=7
PKT t=9091 TX ua=95 mt=P len=0
PKT t=9100 RX ua=95 mt=R len=7
PKT t=9105 TX ua=95 mt=P len=0
PKT t=9114 RX ua=95 mt=R len=7
PKT t=9119 TX ua=95 mt=T len=7
PKT t=9131 TX ua=95 mt=P len=0
PKT t=9140 RX ua=95 mt=R len=7
PKT t=9145 TX ua=95 mt=P len=0
PKT t=9174 RX ua=95 mt=R len=7
PKT t=9179 TX ua=95 mt=P len=0
PKT t=9188 RX ua=95 mt=R len=7
PKT t=9193 TX ua=95 mt=P len=0
PKT t=9202 RX ua=95 mt=R len=7
PKT t=9207 TX ua=95 mt=P len=0
PKT t=9216 RX ua=95 mt=R len=7
PKT t=9221 TX ua=95 mt=P len=0
PKT t=9230 RX ua=95 mt=R len=7
PKT t=9235 TX ua=95 mt=P len=0
PKT t=9244 RX ua=95 mt=R len=7
PKT t=9266 TX ua=95 mt=P len=0
PKT t=9278 RX ua=95 mt=R len=7
PKT t=9283 TX ua=95 mt=P len=0
PKT t=9292 RX ua=95 mt=R len=7
PKT t=9297 TX ua=95 mt=P len=0
PKT t=9306 RX ua=95 mt=R len=7
PKT t=9311 TX ua=95 mt=P len=0
PKT t=9320 RX ua=95 mt=R len=7
PKT t=9325 TX ua=95 mt=P len=0
PKT t=9334 RX ua=95 mt=R len=7
PKT t=9339 TX ua=95 mt=P len=0
PKT t=9348 RX ua=95 mt=R len=7
PKT t=9353 TX ua=95 mt=P len=0
PKT t=9382 RX ua=95 mt=R len=7
PKT t=9387 TX ua=95 mt=T len=7
PKT t=9399 TX ua=95 mt=P len=0
PKT t=9409 RX ua=95 mt=R len=7
PKT t=9414 TX ua=95 mt=P len=0
PKT t=9424 RX ua=95 mt=R len=7
PKT t=9429 TX ua=95 mt=P len=0
PKT t=9439 RX ua=95 mt=R len=7
PKT t=9444 TX ua=95 mt=P len=0
PKT t=9466 RX ua=95 mt=R len=7
PKT t=9471 TX ua=95 mt=P len=0
PKT t=9488 RX ua=95 mt=R len=7
PKT t=9493 TX ua=95 mt=P len=0
PKT t=9503 RX ua=95 mt=R len=7
PKT t=9508 TX ua=95 mt=P len=0
PKT t=9518 RX ua=95 mt=R len=7
PKT t=9523 TX ua=95 mt=P len=0
PKT t=9533 RX ua=95 mt=R len=7
PKT t=9538 TX ua=95 mt=P len=0
PKT t=9548 RX ua=95 mt=R len=7
PKT t=9553 TX ua=95 mt=P len=0
PKT t=9563 RX ua=95 mt=R len=7
PKT t=9568 TX ua=95 mt=P len=0
PKT t=9597 RX ua=95 mt=R len=7
PKT t=9602 TX ua=95 mt=P len=0
PKT t=9612 RX ua=95 mt=R len=7
PKT t=9617 TX ua=95 mt=P len=0
PKT t=9627 RX ua=95 mt=R len=7
PKT t=9632 TX ua=95 mt=T len=7
PKT t=9644 TX ua=95 mt=P len=0
PKT t=9666 RX ua=95 mt=R len=7
PKT t=9671 TX ua=95 mt=P len=0
PKT t=9696 RX ua=95 mt=R len=7
PKT t=9701 TX ua=95 mt=P len=0
PKT t=9710 RX ua=95 mt=R len=7
PKT t=9715 TX ua=95 mt=P len=0
PKT t=9724 RX ua=95 mt=R len=7
PKT t=9729 TX ua=95 mt=P len=0
PKT t=9738 RX ua=95 mt=R len=7
PKT t=9743 TX ua=95 mt=P len=0
PKT t=9752 RX ua=95 mt=R len=7
PKT t=9757 TX ua=95 mt=P len=0
PKT t=9766 RX ua=95 mt=R len=7
PKT t=9771 TX ua=95 mt=P len=0
PKT t=9800 RX ua=95 mt=R len=7
PKT t=9805 TX ua=95 mt=P len=0
PKT t=9814 RX ua=95 mt=R len=7
PKT t=9819 TX ua=95 mt=P len=0
PKT t=9828 RX ua=95 mt=R len=7
PKT t=9833 TX ua=95 mt=P len=0
PKT t=9842 RX ua=95 mt=R len=7
PKT t=9847 TX ua=95 mt=P len=0
PKT t=9867 RX ua=95 mt=R len=7
PKT t=10122 TX ua=96 mt=I len=13
PKT t=10630 TX ua=96 mt=T len=4
PKT t=10641 TX ua=95 mt=P len=0
PKT t=10666 RX ua=95 mt=R len=7
PKT t=10671 TX ua=95 mt=T len=7
PKT t=10684 TX ua=95 mt=P len=0
PKT t=10701 RX ua=95 mt=R len=7
PKT t=10706 TX ua=95 mt=T len=7
PKT t=10719 TX ua=95 mt=P len=0
PKT t=10728 RX ua=95 mt=R len=7
PKT t=10733 TX ua=95 mt=P len=0
PKT t=10742 RX ua=95 mt=R len=7
PKT t=10747 TX ua=95 mt=P len=0
PKT t=10756 RX ua=95 mt=R len=7
PKT t=10761 TX ua=95 mt=P len=0
PKT t=10770 RX ua=95 mt=R len=7
PKT t=10775 TX ua=95 mt=P len=0
PKT t=10804 RX ua=95 mt=R len=7
PKT t=10809 TX ua=95 mt=P len=0
PKT t=10818 RX ua=95 mt=R len=7
PKT t=10823 TX ua=95 mt=P len=0
PKT t=10832 RX ua=95 mt=R len=7
PKT t=10837 TX ua=95 mt=P len=0
PKT t=10846 RX ua=95 mt=R len=7
PKT t=10866 TX ua=95 mt=P len=0
PKT t=10875 RX ua=95 mt=R len=7
PKT t=10880 TX ua=95 mt=T len=7
PKT t=10893 TX ua=95 mt=P len=0
PKT t=10911 RX ua=95 mt=R len=7
PKT t=10916 TX ua=95 mt=P len=0
PKT t=10925 RX ua=95 mt=R len=7
PKT t=10930 TX ua=95 mt=P len=0
PKT t=10939 RX ua=95 mt=R len=7
PKT t=10944 TX ua=95 mt=P len=0
PKT t=10953 RX ua=95 mt=R len=7
PKT t=10958 TX ua=95 mt=P len=0
PKT t=10967 RX ua=95 mt=R len=7
PKT t=10972 TX ua=95 mt=P len=0
PKT t=10981 RX ua=95 mt=R len=7
PKT t=10986 TX ua=95 mt=P len=0
PKT t=11015 RX ua=95 mt=R len=7
PKT t=11020 TX ua=95 mt=P len=0
PKT t=11029 RX ua=95 mt=R len=7
PKT t=11034 TX ua=95 mt=P len=0
PKT t=11043 RX ua=95 mt=R len=7
PKT t=11066 TX ua=95 mt=P len=0
PKT t=11075 RX ua=95 mt=R len=7
PKT t=11080 TX ua=95 mt=P len=0
PKT t=11089 RX ua=95 mt=R len=7
PKT t=11094 TX ua=95 mt=P len=0
PKT t=11123 RX ua=95 mt=R len=7
PKT t=11128 TX ua=95 mt=T len=7
PKT t=11140 TX ua=95 mt=P len=0
PKT t=11149 RX ua=95 mt=R len=7
PKT t=11154 TX ua=95 mt=P len=0
PKT t=11163 RX ua=95 mt=R len=7
PKT t=11168 TX ua=95 mt=P len=0
PKT t=11177 RX ua=95 mt=R len=7
PKT t=11182 TX ua=95 mt=P len=0
PKT t=11191 RX ua=95 mt=R len=7
PKT t=11196 TX ua=95 mt=P len=0
PKT t=11225 RX ua=95 mt=R len=7
PKT t=11230 TX ua=95 mt=P len=0
PKT t=11239 RX ua=95 mt=R len=7
PKT t=11244 TX ua=95 mt=P len=0
PKT t=11266 RX ua=95 mt=R len=7
PKT t=11271 TX ua=95 mt=P len=0
PKT t=11280 RX ua=95 mt=R len=7
PKT t=11285 TX ua=95 mt=P len=0
PKT t=11294 RX ua=95 mt=R len=7
PKT t=11299 TX ua=95 mt=P len=0
PKT t=11328 RX ua=95 mt=R len=7
PKT t=11333 TX ua=95 mt=P len=0
PKT t=11342 RX ua=95 mt=R len=7
PKT t=11347 TX ua=95 mt=P len=0
PKT t=11356 RX ua=95 mt=R len=7
PKT t=11361 TX ua=95 mt=P len=0
PKT t=11370 RX ua=95 mt=R len=7
PKT t=11375 TX ua=95 mt=T len=7
PKT t=11387 TX ua=95 mt=P len=0
PKT t=11397 RX ua=95 mt=R len=7
PKT t=11402 TX ua=95 mt=P len=0
PKT t=11431 RX ua=95 mt=R len=7
PKT t=11436 TX ua=95 mt=P len=0
PKT t=11446 RX ua=95 mt=R len=7
PKT t=11466 TX ua=95 mt=P len=0
PKT t=11476 RX ua=95 mt=R len=7
PKT t=11481 TX ua=95 mt=P len=0
PKT t=11491 RX ua=95 mt=R len=7
PKT t=11496 TX ua=95 mt=P len=0
PKT t=11506 RX ua=95 mt=R len=7
PKT t=11511 TX ua=95 mt=P len=0
PKT t=11540 RX ua=95 mt=R len=7
PKT t=11545 TX ua=95 mt=P len=0
PKT t=11555 RX ua=95 mt=R len=7
PKT t=11560 TX ua=95 mt=P len=0
PKT t=11570 RX ua=95 mt=R len=7
PKT t=11575 TX ua=95 mt=P len=0
PKT t=11585 RX ua=95 mt=R len=7
PKT t=11590 TX ua=95 mt=P len=0
PKT t=11600 RX ua=95 mt=R len=7
PKT t=11605 TX ua=95 mt=P len=0
PKT t=11615 RX ua=95 mt=R len=7
PKT t=11620 TX ua=95 mt=T len=7
PKT t=11632 TX ua=95 mt=P len=0
PKT t=11666 RX ua=95 mt=R len=7
PKT t=11671 TX ua=95 mt=P len=0
PKT t=11680 RX ua=95 mt=R len=7
PKT t=11685 TX ua=95 mt=P len=0
PKT t=11694 RX ua=95 mt=R len=7
PKT t=11699 TX ua=95 mt=P len=0
PKT t=11708 RX ua=95 mt=R len=7
PKT t=11713 TX ua=95 mt=P len=0
PKT t=11722 RX ua=95 mt=R len=7
PKT t=11727 TX ua=95 mt=P len=0
PKT t=11756 RX ua=95 mt=R len=7
PKT t=11761 TX ua=95 mt=P len=0
PKT t=11770 RX ua=95 mt=R len=7
PKT t=11775 TX ua=95 mt=P len=0
PKT t=11784 RX ua=95 mt=R len=7
PKT t=11789 TX ua=95 mt=P len=0
PKT t=11798 RX ua=95 mt=R len=7
PKT t=11803 TX ua=95 mt=P len=0
PKT t=11812 RX ua=95 mt=R len=7
PKT t=11817 TX ua=95 mt=P len=0
PKT t=11826 RX ua=95 mt=R len=7
PKT t=11831 TX ua=95 mt=P len=0
PKT t=11866 RX ua=95 mt=R len=7
PKT t=11871 TX ua=95 mt=T len=7
PKT t=11883 TX ua=95 mt=P len=0
PKT t=11892 RX ua=95 mt=R len=7
PKT t=11897 TX ua=95 mt=P len=0
PKT t=11906 RX ua=95 mt=R len=7
PKT t=11911 TX ua=95 mt=P len=0
PKT t=11920 RX ua=95 mt=R len=7
PKT t=11925 TX ua=95 mt=P len=0
PKT t=11934 RX ua=95 mt=R len=7
PKT t=11939 TX ua=95 mt=P len=0
PKT t=11968 RX ua=95 mt=R len=7
PKT t=11973 TX ua=95 mt=P len=0
PKT t=11982 RX ua=95 mt=R len=7
PKT t=11987 TX ua=95 mt=P len=0
PKT t=11996 RX ua=95 mt=R len=7
PKT t=12001 TX ua=95 mt=P len=0
PKT t=12010 RX ua=95 mt=R len=7
PKT t=12015 TX ua=95 mt=P len=0
PKT t=12024 RX ua=95 mt=R len=7
PKT t=12029 TX ua=95 mt=P len=0
PKT t=12038 RX ua=95 mt=R len=7
PKT t=12043 TX ua=95 mt=P len=0
PKT t=12072 RX ua=95 mt=R len=7
PKT t=12077 TX ua=95 mt=P len=0
PKT t=12086 RX ua=95 mt=R len=7
PKT t=12091 TX ua=95 mt=P len=0
PKT t=12100 RX ua=95 mt=R len=7
PKT t=12105 TX ua=95 mt=P len=0
PKT t=12114 RX ua=95 mt=R len=7
PKT t=12119 TX ua=95 mt=T len=7
PKT t=12131 TX ua=95 mt=P len=0
PKT t=12142 RX ua=95 mt=R len=7
PKT t=12147 TX ua=95 mt=P len=0
PKT t=12176 RX ua=95 mt=R len=7
PKT t=12181 TX ua=95 mt=P len=0
PKT t=12190 RX ua=95 mt=R len=7
PKT t=12195 TX ua=95 mt=P len=0
PKT t=12204 RX ua=95 mt=R len=7
PKT t=12209 TX ua=95 mt=P len=0
PKT t=12218 RX ua=95 mt=R len=7
PKT t=12223 TX ua=95 mt=P len=0
PKT t=12232 RX ua=95 mt=R len=7
PKT t=12237 TX ua=95 mt=P len=0
PKT t=12246 RX ua=95 mt=R len=7
PKT t=12266 TX ua=95 mt=P len=0
PKT t=12280 RX ua=95 mt=R len=7
PKT t=12285 TX ua=95 mt=P len=0
PKT t=12294 RX ua=95 mt=R len=7
PKT t=12299 TX ua=95 mt=P len=0
PKT t=12308 RX ua=95 mt=R len=7
PKT t=12313 TX ua=95 mt=P len=0
PKT t=12322 RX ua=95 mt=R len=7
PKT t=12327 TX ua=95 mt=P len=0
PKT t=12336 RX ua=95 mt=R len=7
PKT t=12341 TX ua=95 mt=P len=0
PKT t=12350 RX ua=95 mt=R len=7
PKT t=12355 TX ua=95 mt=P len=0
PKT t=12384 RX ua=95 mt=R len=7
PKT t=12389 TX ua=95 mt=T len=7
PKT t=12401 TX ua=95 mt=P len=0
PKT t=12410 RX ua=95 mt=R len=7
PKT t=12415 TX ua=95 mt=P len=0
PKT t=12424 RX ua=95 mt=R len=7
PKT t=12429 TX ua=95 mt=P len=0
PKT t=12438 RX ua=95 mt=R len=7
PKT t=12443 TX ua=95 mt=P len=0
PKT t=12466 RX ua=95 mt=R len=7
PKT t=12471 TX ua=95 mt=P len=0
PKT t=12487 RX ua=95 mt=R len=7
PKT t=12492 TX ua=95 mt=P len=0
PKT t=12501 RX ua=95 mt=R len=7
PKT t=12506 TX ua=95 mt=P len=0
PKT t=12515 RX ua=95 mt=R len=7
PKT t=12520 TX ua=95 mt=P len=0
PKT t=12529 RX ua=95 mt=R len=7
PKT t=12534 TX ua=95 mt=P len=0
PKT t=12543 RX ua=95 mt=R len=7
PKT t=12548 TX ua=95 mt=P len=0
PKT t=12557 RX ua=95 mt=R len=7
PKT t=12562 TX ua=95 mt=P len=0
PKT t=12591 RX ua=95 mt=R len=7
PKT t=12596 TX ua=95 mt=P len=0
PKT t=12605 RX ua=95 mt=R len=7
PKT t=12610 TX ua=95 mt=P len=0
PKT t=12619 RX ua=95 mt=R len=7
PKT t=12624 TX ua=95 mt=T len=7
PKT t=12636 TX ua=95 mt=P len=0
PKT t=12645 RX ua=95 mt=R len=7
PKT t=12666 TX ua=95 mt=P len=0
PKT t=12690 RX ua=95 mt=R len=7
PKT t=12695 TX ua=95 mt=P len=0
PKT t=12704 RX ua=95 mt=R len=7
PKT t=12709 TX ua=95 mt=P len=0
PKT t=12718 RX ua=95 mt=R len=7
PKT t=12723 TX ua=95 mt=P len=0
PKT t=12732 RX ua=95 mt=R len=7
PKT t=12737 TX ua=95 mt=P len=0
PKT t=12746 RX ua=95 mt=R len=7
PKT t=12751 TX ua=95 mt=P len=0
PKT t=12760 RX ua=95 mt=R len=7
PKT t=12765 TX ua=95 mt=P len=0
PKT t=12794 RX ua=95 mt=R len=7
PKT t=12799 TX ua=95 mt=P len=0
PKT t=12808 RX ua=95 mt=R len=7
PKT t=12813 TX ua=95 mt=P len=0
PKT t=12822 RX ua=95 mt=R len=7
PKT t=12827 TX ua=95 mt=P len=0
PKT t=12836 RX ua=95 mt=R len=7
PKT t=12841 TX ua=95 mt=P len=0
PKT t=12866 RX ua=95 mt=R len=7
PKT t=12871 TX ua=95 mt=T len=7
PKT t=12883 TX ua=95 mt=P len=0
PKT t=12895 RX ua=95 mt=R len=7
PKT t=12900 TX ua=95 mt=P len=0
PKT t=12909 RX ua=95 mt=R len=7
PKT t=12914 TX ua=95 mt=P len=0
PKT t=12923 RX ua=95 mt=R len=7
PKT t=12928 TX ua=95 mt=P len=0
PKT t=12937 RX ua=95 mt=R len=7
PKT t=12942 TX ua=95 mt=P len=0
PKT t=12951 RX ua=95 mt=R len=7
PKT t=12956 TX ua=95 mt=P len=0
PKT t=12965 RX ua=95 mt=R len=7
PKT t=12970 TX ua=95 mt=P len=0
PKT t=12999 RX ua=95 mt=R len=7
PKT t=13004 TX ua=95 mt=P len=0
PKT t=13013 RX ua=95 mt=R len=7
PKT t=13018 TX ua=95 mt=P len=0
PKT t=13027 RX ua=95 mt=R len=7
PKT t=13032 TX ua=95 mt=P len=0
PKT t=13041 RX ua=95 mt=R len=7
PKT t=13046 TX ua=95 mt=P len=0
PKT t=13066 RX ua=95 mt=R len=7
PKT t=13321 TX ua=96 mt=P len=0
PKT t=13579 TX ua=95 mt=P len=0
PKT t=13588 RX ua=95 mt=R len=7
PKT t=13593 TX ua=95 mt=T len=7
PKT t=13606 TX ua=95 mt=P len=0
PKT t=13616 RX ua=95 mt=R len=7
PKT t=13621 TX ua=95 mt=T len=7
PKT t=13634 TX ua=95 mt=P len=0
PKT t=13643 RX ua=95 mt=R len=7
PKT t=13666 TX ua=95 mt=P len=0
PKT t=13698 RX ua=95 mt=R len=7
PKT t=13703 TX ua=95 mt=P len=0
PKT t=13712 RX ua=95 mt=R len=7
PKT t=13717 TX ua=95 mt=P len=0
PKT t=13726 RX ua=95 mt=R len=7
PKT t=13731 TX ua=95 mt=P len=0
PKT t=13740 RX ua=95 mt=R len=7
PKT t=13745 TX ua=95 mt=P len=0
PKT t=13754 RX ua=95 mt=R len=7
PKT t=13759 TX ua=95 mt=P len=0
PKT t=13768 RX ua=95 mt=R len=7
PKT t=13773 TX ua=95 mt=P len=0
PKT t=13802 RX ua=95 mt=R len=7
PKT t=13807 TX ua=95 mt=P len=0
PKT t=13816 RX ua=95 mt=R len=7
PKT t=13821 TX ua=95 mt=P len=0
PKT t=13830 RX ua=95 mt=R len=7
PKT t=13835 TX ua=95 mt=P len=0
PKT t=13844 RX ua=95 mt=R len=7
PKT t=13866 TX ua=95 mt=P len=0
PKT t=13875 RX ua=95 mt=R len=7
PKT t=13880 TX ua=95 mt=T len=7
PKT t=13893 TX ua=95 mt=P len=0
PKT t=13911 RX ua=95 mt=R len=7
PKT t=13916 TX ua=95 mt=P len=0
PKT t=13925 RX ua=95 mt=R len=7
PKT t=13930 TX ua=95 mt=P len=0
PKT t=13939 RX ua=95 mt=R len=7
PKT t=13944 TX ua=95 mt=P len=0
PKT t=13953 RX ua=95 mt=R len=7
PKT t=13958 TX ua=95 mt=P len=0
PKT t=13967 RX ua=95 mt=R len=7
PKT t=13972 TX ua=95 mt=P len=0
PKT t=13981 RX ua=95 mt=R len=7
PKT t=13986 TX ua=95 mt=P len=0
PKT t=14015 RX ua=95 mt=R len=7
PKT t=14020 TX ua=95 mt=P len=0
PKT t=14029 RX ua=95 mt=R len=7
PKT t=14034 TX ua=95 mt=P len=0
PKT t=14043 RX ua=95 mt=R len=7
PKT t=14066 TX ua=95 mt=P len=0
PKT t=14075 RX ua=95 mt=R len=7
PKT t=14080 TX ua=95 mt=P len=0
PKT t=14089 RX ua=95 mt=R len=7
PKT t=14094 TX ua=95 mt=P len=0
PKT t=14123 RX ua=95 mt=R len=7
PKT t=14128 TX ua=95 mt=T len=7
PKT t=14140 TX ua=95 mt=P len=0
PKT t=14149 RX ua=95 mt=R len=7
PKT t=14154 TX ua=95 mt=P len=0
PKT t=14163 RX ua=95 mt=R len=7
PKT t=14168 TX ua=95 mt=P len=0
PKT t=14177 RX ua=95 mt=R len=7
PKT t=14182 TX ua=95 mt=P len=0
PKT t=14191 RX ua=95 mt=R len=7
PKT t=14196 TX ua=95 mt=P len=0
PKT t=14225 RX ua=95 mt=R len=7
PKT t=14230 TX ua=95 mt=P len=0
PKT t=14239 RX ua=95 mt=R len=7
PKT t=14244 TX ua=95 mt=P len=0
PKT t=14266 RX ua=95 mt=R len=7
PKT t=14271 TX ua=95 mt=P len=0
PKT t=14280 RX ua=95 mt=R len=7
PKT t=14285 TX ua=95 mt=P len=0
PKT t=14294 RX ua=95 mt=R len=7
PKT t=14299 TX ua=95 mt=P len=0
PKT t=14328 RX ua=95 mt=R len=7
PKT t=14333 TX ua=95 mt=P len=0
PKT t=14342 RX ua=95 mt=R len=7
PKT t=14347 TX ua=95 mt=P len=0
PKT t=14356 RX ua=95 mt=R len=7
PKT t=14361 TX ua=95 mt=P len=0
PKT t=14370 RX ua=95 mt=R len=7
PKT t=14375 TX ua=95 mt=T len=7
PKT t=14387 TX ua=95 mt=P len=0
PKT t=14396 RX ua=95 mt=R len=7
PKT t=14401 TX ua=95 mt=P len=0
PKT t=14430 RX ua=95 mt=R len=7
PKT t=14435 TX ua=95 mt=P len=0
PKT t=14444 RX ua=95 mt=R len=7
PKT t=14466 TX ua=95 mt=P len=0
PKT t=14475 RX ua=95 mt=R len=7
PKT t=14480 TX ua=95 mt=P len=0
PKT t=14489 RX ua=95 mt=R len=7
PKT t=14494 TX ua=95 mt=P len=0
PKT t=14503 RX ua=95 mt=R len=7
PKT t=14508 TX ua=95 mt=P len=0
PKT t=14537 RX ua=95 mt=R len=7
PKT t=14542 TX ua=95 mt=P len=0
PKT t=14551 RX ua=95 mt=R len=7
PKT t=14556 TX ua=95 mt=P len=0
PKT t=14565 RX ua=95 mt=R len=7
PKT t=14570 TX ua=95 mt=P len=0
PKT t=14579 RX ua=95 mt=R len=7
PKT t=14584 TX ua=95 mt=P len=0
PKT t=14593 RX ua=95 mt=R len=7
PKT t=14598 TX ua=95 mt=P len=0
PKT t=14607 RX ua=95 mt=R len=7
PKT t=14612 TX ua=95 mt=P len=0
PKT t=14641 RX ua=95 mt=R len=7
PKT t=14646 TX ua=95 mt=T len=7
PKT t=14673 TX ua=95 mt=P len=0
PKT t=14682 RX ua=95 mt=R len=7
PKT t=14687 TX ua=95 mt=P len=0
PKT t=14696 RX ua=95 mt=R len=7
PKT t=14701 TX ua=95 mt=P len=0
PKT t=14710 RX ua=95 mt=R len=7
PKT t=14715 TX ua=95 mt=P len=0
PKT t=14745 RX ua=95 mt=R len=7
PKT t=14749 TX ua=95 mt=P len=0
PKT t=14758 RX ua=95 mt=R len=7
PKT t=14763 TX ua=95 mt=P len=0
PKT t=14772 RX ua=95 mt=R len=7
PKT t=14777 TX ua=95 mt=P len=0
PKT t=14786 RX ua=95 mt=R len=7
PKT t=14791 TX ua=95 mt=P len=0
PKT t=14800 RX ua=95 mt=R len=7
PKT t=14805 TX ua=95 mt=P len=0
PKT t=14814 RX ua=95 mt=R len=7
PKT t=14819 TX ua=95 mt=P len=0
PKT t=14866 RX ua=95 mt=R len=7
PKT t=14871 TX ua=95 mt=T len=7
PKT t=14883 TX ua=95 mt=P len=0
PKT t=14892 RX ua=95 mt=R len=7
PKT t=14897 TX ua=95 mt=P len=0
PKT t=14906 RX ua=95 mt=R len=7
PKT t=14911 TX ua=95 mt=P len=0
PKT t=14920 RX ua=95 mt=R len=7
PKT t=14925 TX ua=95 mt=P len=0
PKT t=14954 RX ua=95 mt=R len=7
PKT t=14959 TX ua=95 mt=P len=0
PKT t=14968 RX ua=95 mt=R len=7
PKT t=14973 TX ua=95 mt=P len=0
PKT t=14982 RX ua=95 mt=R len=7
PKT t=14987 TX ua=95 mt=P len=0
PKT t=14996 RX ua=95 mt=R len=7
PKT t=15001 TX ua=95 mt=P len=0
PKT t=15010 RX ua=95 mt=R len=7
PKT t=15015 TX ua=95 mt=P len=0
PKT t=15024 RX ua=95 mt=R len=7
PKT t=15029 TX ua=95 mt=P len=0
PKT t=15066 RX ua=95 mt=R len=7
PKT t=15071 TX ua=95 mt=P len=0
PKT t=15080 RX ua=95 mt=R len=7
PKT t=15085 TX ua=95 mt=P len=0
PKT t=15094 RX ua=95 mt=R len=7
PKT t=15099 TX ua=95 mt=P len=0
PKT t=15108 RX ua=95 mt=R len=7
PKT t=15113 TX ua=95 mt=T len=7
PKT t=15125 TX ua=95 mt=P len=0
PKT t=15157 RX ua=95 mt=R len=7
PKT t=15162 TX ua=95 mt=P len=0
PKT t=15171 RX ua=95 mt=R len=7
PKT t=15176 TX ua=95 mt=P len=0
PKT t=15185 RX ua=95 mt=R len=7
PKT t=15190 TX ua=95 mt=P len=0
PKT t=15199 RX ua=95 mt=R len=7
PKT t=15204 TX ua=95 mt=P len=0
PKT t=15213 RX ua=95 mt=R len=7
PKT t=15218 TX ua=95 mt=P len=0
PKT t=15227 RX ua=95 mt=R len=7
PKT t=15232 TX ua=95 mt=P len=0
PKT t=15266 RX ua=95 mt=R len=7
PKT t=15271 TX ua=95 mt=P len=0
PKT t=15280 RX ua=95 mt=R len=7
PKT t=15285 TX ua=95 mt=P len=0
PKT t=15294 RX ua=95 mt=R len=7
PKT t=15299 TX ua=95 mt=P len=0
PKT t=15308 RX ua=95 mt=R len=7
PKT t=15313 TX ua=95 mt=P len=0
PKT t=15322 RX ua=95 mt=R len=7
PKT t=15327 TX ua=95 mt=P len=0
PKT t=15360 RX ua=95 mt=R len=7
PKT t=15365 TX ua=95 mt=P len=0
PKT t=15374 RX ua=95 mt=R len=7
PKT t=15379 TX ua=95 mt=T len=7
PKT t=15391 TX ua=95 mt=P len=0
PKT t=15401 RX ua=95 mt=R len=7
PKT t=15406 TX ua=95 mt=P len=0
PKT t=15416 RX ua=95 mt=R len=7
PKT t=15421 TX ua=95 mt=P len=0
PKT t=15431 RX ua=95 mt=R len=7
PKT t=15436 TX ua=95 mt=P len=0
PKT t=15466 RX ua=95 mt=R len=7
PKT t=15471 TX ua=95 mt=P len=0
PKT t=15481 RX ua=95 mt=R len=7
PKT t=15486 TX ua=95 mt=P len=0
PKT t=15496 RX ua=95 mt=R len=7
PKT t=15501 TX ua=95 mt=P len=0
PKT t=15511 RX ua=95 mt=R len=7
PKT t=15516 TX ua=95 mt=P len=0
PKT t=15526 RX ua=95 mt=R len=7
PKT t=15531 TX ua=95 mt=P len=0
PKT t=15565 RX ua=95 mt=R len=7
PKT t=15570 TX ua=95 mt=P len=0
PKT t=15580 RX ua=95 mt=R len=7
PKT t=15585 TX ua=95 mt=P len=0
PKT t=15595 RX ua=95 mt=R len=7
PKT t=15600 TX ua=95 mt=P len=0
PKT t=15610 RX ua=95 mt=R len=7
PKT t=15615 TX ua=95 mt=P len=0
PKT t=15625 RX ua=95 mt=R len=7
PKT t=15630 TX ua=95 mt=T len=7
PKT t=15642 TX ua=95 mt=P len=0
PKT t=15670 RX ua=95 mt=R len=7
PKT t=15675 TX ua=95 mt=P len=0
PKT t=15684 RX ua=95 mt=R len=7
PKT t=15689 TX ua=95 mt=P len=0
PKT t=15698 RX ua=95 mt=R len=7
PKT t=15703 TX ua=95 mt=P len=0
PKT t=15712 RX ua=95 mt=R len=7
PKT t=15717 TX ua=95 mt=P len=0
PKT t=15726 RX ua=95 mt=R len=7
PKT t=15731 TX ua=95 mt=P len=0
PKT t=15740 RX ua=95 mt=R len=7
PKT t=15745 TX ua=95 mt=P len=0
PKT t=15774 RX ua=95 mt=R len=7
PKT t=15779 TX ua=95 mt=P len=0
PKT t=15788 RX ua=95 mt=R len=7
PKT t=15793 TX ua=95 mt=P len=0
PKT t=15802 RX ua=95 mt=R len=7
PKT t=15807 TX ua=95 mt=P len=0
PKT t=15816 RX ua=95 mt=R len=7
PKT t=15821 TX ua=95 mt=P len=0
PKT t=15830 RX ua=95 mt=R len=7
PKT t=15835 TX ua=95 mt=P len=0
PKT t=15844 RX ua=95 mt=R len=7
PKT t=15866 TX ua=95 mt=P len=0
PKT t=15878 RX ua=95 mt=R len=7
PKT t=15883 TX ua=95 mt=T len=7
PKT t=15895 TX ua=95 mt=P len=0
PKT t=15904 RX ua=95 mt=R len=7
PKT t=15909 TX ua=95 mt=P len=0
PKT t=15918 RX ua=95 mt=R len=7
PKT t=15923 TX ua=95 mt=P len=0
PKT t=15932 RX ua=95 mt=R len=7
PKT t=15937 TX ua=95 mt=P len=0
PKT t=15946 RX ua=95 mt=R len=7
PKT t=15951 TX ua=95 mt=P len=0
PKT t=15980 RX ua=95 mt=R len=7
PKT t=15985 TX ua=95 mt=P len=0
PKT t=15994 RX ua=95 mt=R len=7
PKT t=15999 TX ua=95 mt=P len=0
PKT t=16012 RX ua=95 mt=R len=7
PKT t=16017 TX ua=95 mt=P len=0
PKT t=16026 RX ua=95 mt=R len=7
PKT t=16031 TX ua=95 mt=P len=0
PKT t=16040 RX ua=95 mt=R len=7
PKT t=16045 TX ua=95 mt=P len=0
PKT t=16066 RX ua=95 mt=R len=7
PKT t=16321 TX ua=96 mt=P len=0
PKT t=16579 TX ua=95 mt=P len=0
PKT t=16588 RX ua=95 mt=R len=7
PKT t=16593 TX ua=95 mt=T len=7
PKT t=16605 TX ua=95 mt=P len=0
PKT t=16614 RX ua=95 mt=R len=7
PKT t=16619 TX ua=95 mt=T len=7
PKT t=16631 TX ua=95 mt=P len=0
PKT t=16640 RX ua=95 mt=R len=7
PKT t=16645 TX ua=95 mt=P len=0
PKT t=16666 RX ua=95 mt=R len=7
PKT t=16921 TX ua=96 mt=P len=0
PKT t=17179 TX ua=95 mt=P len=0
PKT t=17188 RX ua=95 mt=R len=7
PKT t=17193 TX ua=95 mt=T len=7
PKT t=17205 TX ua=95 mt=P len=0
PKT t=17214 RX ua=95 mt=R len=7
PKT t=17219 TX ua=95 mt=P len=0
PKT t=17228 RX ua=95 mt=R len=7
PKT t=17233 TX ua=95 mt=P len=0
PKT t=17242 RX ua=95 mt=R len=7
PKT t=17247 TX ua=95 mt=P len=0
PKT t=17267 RX ua=95 mt=R len=7
PKT t=17522 TX ua=96 mt=P len=0
PKT t=17780 TX ua=95 mt=P len=0
PKT t=17789 RX ua=95 mt=R len=7
PKT t=17794 TX ua=95 mt=T len=7
PKT t=17806 TX ua=95 mt=P len=0
PKT t=17815 RX ua=95 mt=R len=7
PKT t=17820 TX ua=95 mt=P len=0
PKT t=17829 RX ua=95 mt=R len=7
PKT t=17834 TX ua=95 mt=P len=0
PKT t=17843 RX ua=95 mt=R len=7
PKT t=17866 TX ua=95 mt=P len=0
PKT t=17889 RX ua=95 mt=R len=7
PKT t=17894 TX ua=95 mt=T len=7
PKT t=17906 TX ua=95 mt=P len=0
PKT t=17915 RX ua=95 mt=R len=7
PKT t=17920 TX ua=95 mt=P len=0
PKT t=17929 RX ua=95 mt=R len=7
PKT t=17934 TX ua=95 mt=P len=0
PKT t=17943 RX ua=95 mt=R len=7
PKT t=17948 TX ua=95 mt=P len=0
PKT t=17957 RX ua=95 mt=R len=7
PKT t=17962 TX ua=95 mt=P len=0
PKT t=17991 RX ua=95 mt=R len=7
PKT t=17996 TX ua=95 mt=P len=0
PKT t=18005 RX ua=95 mt=R len=7
PKT t=18013 TX ua=95 mt=P len=0
PKT t=18022 RX ua=95 mt=R len=7
PKT t=18027 TX ua=95 mt=P len=0
PKT t=18036 RX ua=95 mt=R len=7
PKT t=18041 TX ua=95 mt=P len=0
PKT t=18066 RX ua=95 mt=R len=7
PKT t=18071 TX ua=95 mt=P len=0
PKT t=18090 RX ua=95 mt=R len=7
PKT t=18095 TX ua=95 mt=P len=0
PKT t=18104 RX ua=95 mt=R len=7
PKT t=18109 TX ua=95 mt=T len=7
PKT t=18122 TX ua=95 mt=T len=7
PKT t=18135 TX ua=95 mt=P len=0
PKT t=18144 RX ua=95 mt=R len=7
PKT t=18149 TX ua=95 mt=T len=7
PKT t=18162 TX ua=95 mt=P len=0
PKT t=18190 RX ua=95 mt=R len=7
PKT t=18195 TX ua=95 mt=P len=0
PKT t=18204 RX ua=95 mt=R len=7
PKT t=18209 TX ua=95 mt=P len=0
PKT t=18218 RX ua=95 mt=R len=7
PKT t=18223 TX ua=95 mt=P len=0
PKT t=18232 RX ua=95 mt=R len=7
PKT t=18237 TX ua=95 mt=P len=0
PKT t=18246 RX ua=95 mt=R len=7
PKT t=18266 TX ua=95 mt=P len=0
PKT t=18290 RX ua=95 mt=R len=7
PKT t=18295 TX ua=95 mt=P len=0
PKT t=18304 RX ua=95 mt=R len=7
PKT t=18309 TX ua=95 mt=P len=0
PKT t=18318 RX ua=95 mt=R len=7
PKT t=18323 TX ua=95 mt=P len=0
PKT t=18332 RX ua=95 mt=R len=7
PKT t=18337 TX ua=95 mt=P len=0
PKT t=18346 RX ua=95 mt=R len=7
PKT t=18351 TX ua=95 mt=P len=0
PKT t=18360 RX ua=95 mt=R len=7
PKT t=18365 TX ua=95 mt=P len=0
PKT t=18394 RX ua=95 mt=R len=7
PKT t=18399 TX ua=95 mt=T len=7
PKT t=18412 TX ua=95 mt=P len=0
PKT t=18421 RX ua=95 mt=R len=7
PKT t=18426 TX ua=95 mt=P len=0
PKT t=18435 RX ua=95 mt=R len=7
PKT t=18440 TX ua=95 mt=P len=0
PKT t=18466 RX ua=95 mt=R len=7
PKT t=18471 TX ua=95 mt=P len=0
PKT t=18493 RX ua=95 mt=R len=7
PKT t=18498 TX ua=95 mt=P len=0
PKT t=18507 RX ua=95 mt=R len=7
PKT t=18512 TX ua=95 mt=P len=0
PKT t=18521 RX ua=95 mt=R len=7
PKT t=18526 TX ua=95 mt=P len=0
PKT t=18535 RX ua=95 mt=R len=7
PKT t=18540 TX ua=95 mt=P len=0
PKT t=18549 RX ua=95 mt=R len=7
PKT t=18554 TX ua=95 mt=P len=0
PKT t=18563 RX ua=95 mt=R len=7
PKT t=18568 TX ua=95 mt=P len=0
PKT t=18597 RX ua=95 mt=R len=7
PKT t=18602 TX ua=95 mt=P len=0
PKT t=18611 RX ua=95 mt=R len=7
PKT t=18616 TX ua=95 mt=P len=0
PKT t=18625 RX ua=95 mt=R len=7
PKT t=18630 TX ua=95 mt=T len=7
PKT t=18643 TX ua=95 mt=P len=0
PKT t=18666 RX ua=95 mt=R len=7
PKT t=18671 TX ua=95 mt=P len=0
PKT t=18696 RX ua=95 mt=R len=7
PKT t=18701 TX ua=95 mt=P len=0
PKT t=18710 RX ua=95 mt=R len=7
PKT t=18715 TX ua=95 mt=P len=0
PKT t=18724 RX ua=95 mt=R len=7
PKT t=18729 TX ua=95 mt=P len=0
PKT t=18738 RX ua=95 mt=R len=7
PKT t=18743 TX ua=95 mt=P len=0
PKT t=18752 RX ua=95 mt=R len=7
PKT t=18757 TX ua=95 mt=P len=0
PKT t=18766 RX ua=95 mt=R len=7
PKT t=18771 TX ua=95 mt=P len=0
PKT t=18800 RX ua=95 mt=R len=7
PKT t=18805 TX ua=95 mt=P len=0
PKT t=18814 RX ua=95 mt=R len=7
PKT t=18819 TX ua=95 mt=P len=0
PKT t=18828 RX ua=95 mt=R len=7
PKT t=18833 TX ua=95 mt=P len=0
PKT t=18842 RX ua=95 mt=R len=7
PKT t=18847 TX ua=95 mt=P len=0
PKT t=18867 RX ua=95 mt=R len=7
PKT t=19122 TX ua=96 mt=P len=0
PKT t=19380 TX ua=95 mt=P len=0
PKT t=19389 RX ua=95 mt=R len=7
PKT t=19394 TX ua=95 mt=T len=7
PKT t=19406 TX ua=95 mt=P len=0
PKT t=19416 RX ua=95 mt=R len=7
PKT t=19421 TX ua=95 mt=P len=0
PKT t=19431 RX ua=95 mt=R len=7
PKT t=19436 TX ua=95 mt=P len=0
PKT t=19446 RX ua=95 mt=R len=7
PKT t=19466 TX ua=95 mt=P len=0
PKT t=19500 RX ua=95 mt=R len=7
PKT t=19505 TX ua=95 mt=P len=0
PKT t=19515 RX ua=95 mt=R len=7
PKT t=19520 TX ua=95 mt=P len=0
PKT t=19530 RX ua=95 mt=R len=7
PKT t=19535 TX ua=95 mt=P len=0
PKT t=19545 RX ua=95 mt=R len=7
PKT t=19550 TX ua=95 mt=P len=0
PKT t=19560 RX ua=95 mt=R len=7
PKT t=19565 TX ua=95 mt=P len=0
PKT t=19575 RX ua=95 mt=R len=7
PKT t=19580 TX ua=95 mt=P len=0
PKT t=19609 RX ua=95 mt=R len=7
PKT t=19614 TX ua=95 mt=P len=0
PKT t=19624 RX ua=95 mt=R len=7
PKT t=19629 TX ua=95 mt=T len=7
PKT t=19641 TX ua=95 mt=P len=0
PKT t=19666 RX ua=95 mt=R len=7
PKT t=19671 TX ua=95 mt=P len=0
PKT t=19680 RX ua=95 mt=R len=7
PKT t=19685 TX ua=95 mt=P len=0
PKT t=19714 RX ua=95 mt=R len=7
PKT t=19719 TX ua=95 mt=P len=0
PKT t=19728 RX ua=95 mt=R len=7
PKT t=19733 TX ua=95 mt=P len=0
PKT t=19742 RX ua=95 mt=R len=7
PKT t=19747 TX ua=95 mt=P len=0
PKT t=19756 RX ua=95 mt=R len=7
PKT t=19761 TX ua=95 mt=P len=0
PKT t=19770 RX ua=95 mt=R len=7
PKT t=19775 TX ua=95 mt=P len=0
PKT t=19784 RX ua=95 mt=R len=7
PKT t=19789 TX ua=95 mt=P len=0
PKT t=19818 RX ua=95 mt=R len=7
PKT t=19823 TX ua=95 mt=P len=0
PKT t=19832 RX ua=95 mt=R len=7
PKT t=19837 TX ua=95 mt=P len=0
PKT t=19846 RX ua=95 mt=R len=7
PKT t=19866 TX ua=95 mt=P len=0
PKT t=19875 RX ua=95 mt=R len=7
PKT t=19880 TX ua=95 mt=T len=7
PKT t=19892 TX ua=95 mt=P len=0
PKT t=19920 RX ua=95 mt=R len=7
PKT t=19925 TX ua=95 mt=P len=0
PKT t=19934 RX ua=95 mt=R len=7
PKT t=19939 TX ua=95 mt=P len=0
PKT t=19948 RX ua=95 mt=R len=7
PKT t=19953 TX ua=95 mt=P len=0
PKT t=19962 RX ua=95 mt=R len=7
PKT t=19967 TX ua=95 mt=P len=0
PKT t=19976 RX ua=95 mt=R len=7
PKT t=19981 TX ua=95 mt=P len=0
PKT t=19990 RX ua=95 mt=R len=7
PKT t=19995 TX ua=95 mt=P len=0
PKT t=20024 RX ua=95 mt=R len=7
PKT t=20029 TX ua=95 mt=P len=0
PKT t=20038 RX ua=95 mt=R len=7
PKT t=20043 TX ua=95 mt=P len=0
PKT t=20066 RX ua=95 mt=R len=7
PKT t=20071 TX ua=95 mt=P len=0
PKT t=20080 RX ua=95 mt=R len=7
PKT t=20085 TX ua=95 mt=P len=0
PKT t=20094 RX ua=95 mt=R len=7
PKT t=20099 TX ua=95 mt=P len=0
PKT t=20128 RX ua=95 mt=R len=7
PKT t=20133 TX ua=95 mt=T len=7
PKT t=20145 TX ua=95 mt=P len=0
PKT t=20156 RX ua=95 mt=R len=7
PKT t=20161 TX ua=95 mt=P len=0
PKT t=20170 RX ua=95 mt=R len=7
PKT t=20175 TX ua=95 mt=P len=0
PKT t=20184 RX ua=95 mt=R len=7
PKT t=20189 TX ua=95 mt=P len=0
PKT t=20198 RX ua=95 mt=R len=7
PKT t=20203 TX ua=95 mt=P len=0
PKT t=20232 RX ua=95 mt=R len=7
PKT t=20237 TX ua=95 mt=P len=0
PKT t=20246 RX ua=95 mt=R len=7
PKT t=20266 TX ua=95 mt=P len=0
PKT t=20275 RX ua=95 mt=R len=7
PKT t=20280 TX ua=95 mt=P len=0
PKT t=20289 RX ua=95 mt=R len=7
PKT t=20294 TX ua=95 mt=P len=0
PKT t=20303 RX ua=95 mt=R len=7
PKT t=20308 TX ua=95 mt=P len=0
PKT t=20337 RX ua=95 mt=R len=7
PKT t=20342 TX ua=95 mt=P len=0
PKT t=20351 RX ua=95 mt=R len=7
PKT t=20356 TX ua=95 mt=P len=0
PKT t=20365 RX ua=95 mt=R len=7
PKT t=20370 TX ua=95 mt=T len=7
PKT t=20382 TX ua=95 mt=P len=0
PKT t=20391 RX ua=95 mt=R len=7
PKT t=20396 TX ua=95 mt=P len=0
PKT t=20405 RX ua=95 mt=R len=7
PKT t=20410 TX ua=95 mt=P len=0
PKT t=20439 RX ua=95 mt=R len=7
PKT t=20444 TX ua=95 mt=P len=0
PKT t=20466 RX ua=95 mt=R len=7
PKT t=20471 TX ua=95 mt=P len=0
PKT t=20480 RX ua=95 mt=R len=7
PKT t=20485 TX ua=95 mt=P len=0
PKT t=20494 RX ua=95 mt=R len=7
PKT t=20499 TX ua=95 mt=P len=0
PKT t=20508 RX ua=95 mt=R len=7
PKT t=20513 TX ua=95 mt=P len=0
PKT t=20542 RX ua=95 mt=R len=7
PKT t=20547 TX ua=95 mt=P len=0
PKT t=20556 RX ua=95 mt=R len=7
PKT t=20561 TX ua=95 mt=P len=0
PKT t=20570 RX ua=95 mt=R len=7
PKT t=20575 TX ua=95 mt=P len=0
PKT t=20584 RX ua=95 mt=R len=7
PKT t=20589 TX ua=95 mt=P len=0
PKT t=20598 RX ua=95 mt=R len=7
PKT t=20603 TX ua=95 mt=P len=0
PKT t=20612 RX ua=95 mt=R len=7
PKT t=20617 TX ua=95 mt=P len=0
PKT t=20646 RX ua=95 mt=R len=7
PKT t=20666 TX ua=95 mt=T len=7
PKT t=20678 TX ua=95 mt=P len=0
PKT t=20687 RX ua=95 mt=R len=7
PKT t=20692 TX ua=95 mt=P len=0
PKT t=20701 RX ua=95 mt=R len=7
PKT t=20706 TX ua=95 mt=P len=0
PKT t=20715 RX ua=95 mt=R len=7
PKT t=20720 TX ua=95 mt=P len=0
PKT t=20749 RX ua=95 mt=R len=7
PKT t=20754 TX ua=95 mt=P len=0
PKT t=20763 RX ua=95 mt=R len=7
PKT t=20768 TX ua=95 mt=P len=0
PKT t=20778 RX ua=95 mt=R len=7
PKT t=20783 TX ua=95 mt=P len=0
PKT t=20792 RX ua=95 mt=R len=7
PKT t=20797 TX ua=95 mt=P len=0
PKT t=20806 RX ua=95 mt=R len=7
PKT t=20811 TX ua=95 mt=P len=0
PKT t=20820 RX ua=95 mt=R len=7
PKT t=20825 TX ua=95 mt=P len=0
PKT t=20866 RX ua=95 mt=R len=7
PKT t=20871 TX ua=95 mt=T len=7
PKT t=20883 TX ua=95 mt=P len=0
PKT t=20892 RX ua=95 mt=R len=7
PKT t=20897 TX ua=95 mt=P len=0
PKT t=20906 RX ua=95 mt=R len=7
PKT t=20911 TX ua=95 mt=P len=0
PKT t=20920 RX ua=95 mt=R len=7
PKT t=20925 TX ua=95 mt=P len=0
PKT t=20954 RX ua=95 mt=R len=7
PKT t=20959 TX ua=95 mt=P len=0
PKT t=20968 RX ua=95 mt=R len=7
PKT t=20973 TX ua=95 mt=P len=0
PKT t=20982 RX ua=95 mt=R len=7
PKT t=20987 TX ua=95 mt=P len=0
PKT t=20996 RX ua=95 mt=R len=7
PKT t=21001 TX ua=95 mt=P len=0
PKT t=21010 RX ua=95 mt=R len=7
PKT t=21015 TX ua=95 mt=P len=0
PKT t=21024 RX ua=95 mt=R len=7
PKT t=21029 TX ua=95 mt=P len=0
PKT t=21066 RX ua=95 mt=R len=7
PKT t=21071 TX ua=95 mt=P len=0
PKT t=21080 RX ua=95 mt=R len=7
PKT t=21085 TX ua=95 mt=P len=0
PKT t=21094 RX ua=95 mt=R len=7
PKT t=21099 TX ua=95 mt=P len=0
PKT t=21108 RX ua=95 mt=R len=7
PKT t=21113 TX ua=95 mt=T len=7
PKT t=21126 TX ua=95 mt=P len=0
PKT t=21157 RX ua=95 mt=R len=7
PKT t=21162 TX ua=95 mt=P len=0
PKT t=21171 RX ua=95 mt=R len=7
PKT t=21176 TX ua=95 mt=P len=0
PKT t=21185 RX ua=95 mt=R len=7
PKT t=21190 TX ua=95 mt=P len=0
PKT t=21199 RX ua=95 mt=R len=7
PKT t=21204 TX ua=95 mt=P len=0
PKT t=21213 RX ua=95 mt=R len=7
PKT t=21218 TX ua=95 mt=P len=0
PKT t=21227 RX ua=95 mt=R len=7
PKT t=21232 TX ua=95 mt=P len=0
PKT t=21266 RX ua=95 mt=R len=7
PKT t=21271 TX ua=95 mt=P len=0
PKT t=21280 RX ua=95 mt=R len=7
PKT t=21285 TX ua=95 mt=P len=0
PKT t=21294 RX ua=95 mt=R len=7
PKT t=21299 TX ua=95 mt=P len=0
PKT t=21308 RX ua=95 mt=R len=7
PKT t=21313 TX ua=95 mt=P len=0
PKT t=21322 RX ua=95 mt=R len=7
PKT t=21327 TX ua=95 mt=P len=0
PKT t=21360 RX ua=95 mt=R len=7
PKT t=21365 TX ua=95 mt=P len=0
PKT t=21374 RX ua=95 mt=R len=7
PKT t=21379 TX ua=95 mt=T len=7
PKT t=21392 TX ua=95 mt=P len=0
PKT t=21402 RX ua=95 mt=R len=7
PKT t=21407 TX ua=95 mt=P len=0
PKT t=21417 RX ua=95 mt=R len=7
PKT t=21422 TX ua=95 mt=P len=0
PKT t=21432 RX ua=95 mt=R len=7
PKT t=21437 TX ua=95 mt=P len=0
PKT t=21466 RX ua=95 mt=R len=7
PKT t=21471 TX ua=95 mt=P len=0
PKT t=21481 RX ua=95 mt=R len=7
PKT t=21486 TX ua=95 mt=P len=0
PKT t=21496 RX ua=95 mt=R len=7
PKT t=21501 TX ua=95 mt=P len=0
PKT t=21511 RX ua=95 mt=R len=7
PKT t=21516 TX ua=95 mt=P len=0
PKT t=21526 RX ua=95 mt=R len=7
PKT t=21531 TX ua=95 mt=P len=0
PKT t=21541 RX ua=95 mt=R len=7
PKT t=21546 TX ua=95 mt=P len=0
PKT t=21575 RX ua=95 mt=R len=7
PKT t=21580 TX ua=95 mt=P len=0
PKT t=21590 RX ua=95 mt=R len=7
PKT t=21595 TX ua=95 mt=P len=0
PKT t=21605 RX ua=95 mt=R len=7
PKT t=21610 TX ua=95 mt=P len=0
PKT t=21620 RX ua=95 mt=R len=7
PKT t=21625 TX ua=95 mt=T len=7
PKT t=21638 TX ua=95 mt=P len=0
PKT t=21666 RX ua=95 mt=R len=7
PKT t=21671 TX ua=95 mt=P len=0
PKT t=21681 RX ua=95 mt=R len=7
PKT t=21686 TX ua=95 mt=P len=0
PKT t=21695 RX ua=95 mt=R len=7
PKT t=21700 TX ua=95 mt=P len=0
PKT t=21709 RX ua=95 mt=R len=7
PKT t=21714 TX ua=95 mt=P len=0
PKT t=21723 RX ua=95 mt=R len=7
PKT t=21728 TX ua=95 mt=P len=0
PKT t=21737 RX ua=95 mt=R len=7
PKT t=21742 TX ua=95 mt=P len=0
PKT t=21751 RX ua=95 mt=R len=7
PKT t=21756 TX ua=95 mt=P len=0
PKT t=21785 RX ua=95 mt=R len=7
PKT t=21790 TX ua=95 mt=P len=0
PKT t=21799 RX ua=95 mt=R len=7
PKT t=21804 TX ua=95 mt=P len=0
PKT t=21813 RX ua=95 mt=R len=7
PKT t=21818 TX ua=95 mt=P len=0
PKT t=21827 RX ua=95 mt=R len=7
PKT t=21832 TX ua=95 mt=P len=0
PKT t=21841 RX ua=95 mt=R len=7
PKT t=21846 TX ua=95 mt=P len=0
PKT t=21866 RX ua=95 mt=R len=7
PKT t=22121 TX ua=96 mt=P len=0
PKT t=22379 TX ua=95 mt=P len=0
PKT t=22388 RX ua=95 mt=R len=7
PKT t=22393 TX ua=95 mt=T len=7
PKT t=22405 TX ua=95 mt=P len=0
PKT t=22414 RX ua=95 mt=R len=7
PKT t=22419 TX ua=95 mt=P len=0
PKT t=22428 RX ua=95 mt=R len=7
PKT t=22433 TX ua=95 mt=P len=0
PKT t=22442 RX ua=95 mt=R len=7
PKT t=22447 TX ua=95 mt=P len=0
PKT t=22467 RX ua=95 mt=R len=7
PKT t=22722 TX ua=96 mt=P len=0
PKT t=22980 TX ua=95 mt=P len=0
PKT t=22989 RX ua=95 mt=R len=7
PKT t=22994 TX ua=95 mt=T len=7
PKT t=23006 TX ua=95 mt=P len=0
PKT t=23015 RX ua=95 mt=R len=7
PKT t=23020 TX ua=95 mt=P len=0
PKT t=23030 RX ua=95 mt=R len=7
PKT t=23035 TX ua=95 mt=P len=0
PKT t=23044 RX ua=95 mt=R len=7
PKT t=23066 TX ua=95 mt=P len=0
PKT t=23089 RX ua=95 mt=R len=7
PKT t=23094 TX ua=95 mt=P len=0
PKT t=23103 RX ua=95 mt=R len=7
PKT t=23108 TX ua=95 mt=P len=0
PKT t=23117 RX ua=95 mt=R len=7
PKT t=23122 TX ua=95 mt=T len=7
PKT t=23134 TX ua=95 mt=P len=0
PKT t=23143 RX ua=95 mt=R len=7
PKT t=23148 TX ua=95 mt=P len=0
PKT t=23157 RX ua=95 mt=R len=7
PKT t=23162 TX ua=95 mt=P len=0
PKT t=23192 RX ua=95 mt=R len=7
PKT t=23197 TX ua=95 mt=P len=0
PKT t=23206 RX ua=95 mt=R len=7
PKT t=23211 TX ua=95 mt=P len=0
PKT t=23220 RX ua=95 mt=R len=7
PKT t=23225 TX ua=95 mt=P len=0
PKT t=23234 RX ua=95 mt=R len=7
PKT t=23239 TX ua=95 mt=P len=0
PKT t=23266 RX ua=95 mt=R len=7
PKT t=23271 TX ua=95 mt=P len=0
PKT t=23290 RX ua=95 mt=R len=7
PKT t=23295 TX ua=95 mt=P len=0
PKT t=23304 RX ua=95 mt=R len=7
PKT t=23309 TX ua=95 mt=P len=0
PKT t=23318 RX ua=95 mt=R len=7
PKT t=23323 TX ua=95 mt=P len=0
PKT t=23332 RX ua=95 mt=R len=7
PKT t=23337 TX ua=95 mt=P len=0
PKT t=23346 RX ua=95 mt=R len=7
PKT t=23351 TX ua=95 mt=P len=0
PKT t=23360 RX ua=95 mt=R len=7
PKT t=23365 TX ua=95 mt=P len=0
PKT t=23395 RX ua=95 mt=R len=7
PKT t=23400 TX ua=95 mt=T len=7
PKT t=23412 TX ua=95 mt=P len=0
PKT t=23422 RX ua=95 mt=R len=7
PKT t=23427 TX ua=95 mt=P len=0
PKT t=23437 RX ua=95 mt=R len=7
PKT t=23442 TX ua=95 mt=P len=0
PKT t=23466 RX ua=95 mt=R len=7
PKT t=23471 TX ua=95 mt=P len=0
PKT t=23494 RX ua=95 mt=R len=7
PKT t=23499 TX ua=95 mt=P len=0
PKT t=23509 RX ua=95 mt=R len=7
PKT t=23514 TX ua=95 mt=P len=0
PKT t=23524 RX ua=95 mt=R len=7
PKT t=23529 TX ua=95 mt=P len=0
PKT t=23539 RX ua=95 mt=R len=7
PKT t=23544 TX ua=95 mt=P len=0
PKT t=23554 RX ua=95 mt=R len=7
PKT t=23559 TX ua=95 mt=P len=0
PKT t=23569 RX ua=95 mt=R len=7
PKT t=23574 TX ua=95 mt=P len=0
PKT t=23603 RX ua=95 mt=R len=7
PKT t=23608 TX ua=95 mt=P len=0
PKT t=23618 RX ua=95 mt=R len=7
PKT t=23623 TX ua=95 mt=T len=7
PKT t=23635 TX ua=95 mt=P len=0
PKT t=23644 RX ua=95 mt=R len=7
PKT t=23666 TX ua=95 mt=P len=0
PKT t=23676 RX ua=95 mt=R len=7
PKT t=23681 TX ua=95 mt=P len=0
PKT t=23709 RX ua=95 mt=R len=7
PKT t=23714 TX ua=95 mt=P len=0
PKT t=23723 RX ua=95 mt=R len=7
PKT t=23728 TX ua=95 mt=P len=0
PKT t=23737 RX ua=95 mt=R len=7
PKT t=23742 TX ua=95 mt=P len=0
PKT t=23751 RX ua=95 mt=R len=7
PKT t=23756 TX ua=95 mt=P len=0
PKT t=23765 RX ua=95 mt=R len=7
PKT t=23770 TX ua=95 mt=P len=0
PKT t=23779 RX ua=95 mt=R len=7
PKT t=23784 TX ua=95 mt=P len=0
PKT t=23813 RX ua=95 mt=R len=7
PKT t=23818 TX ua=95 mt=P len=0
PKT t=23827 RX ua=95 mt=R len=7
PKT t=23832 TX ua=95 mt=P len=0
PKT t=23841 RX ua=95 mt=R len=7
PKT t=23846 TX ua=95 mt=P len=0
PKT t=23866 RX ua=95 mt=R len=7
PKT t=24121 TX ua=96 mt=P len=0
PKT t=24379 TX ua=95 mt=P len=0
PKT t=24388 RX ua=95 mt=R len=7
PKT t=24393 TX ua=95 mt=T len=7
PKT t=24405 TX ua=95 mt=P len=0
PKT t=24414 RX ua=95 mt=R len=7
PKT t=24419 TX ua=95 mt=P len=0
PKT t=24428 RX ua=95 mt=R len=7
PKT t=24433 TX ua=95 mt=P len=0
PKT t=24442 RX ua=95 mt=R len=7
PKT t=24447 TX ua=95 mt=P len=0
PKT t=24467 RX ua=95 mt=R len=7
PKT t=24722 TX ua=96 mt=P len=0
PKT t=24980 TX ua=95 mt=P len=0
PKT t=24989 RX ua=95 mt=R len=7
PKT t=24994 TX ua=95 mt=T len=7
PKT t=25006 TX ua=95 mt=P len=0
PKT t=25015 RX ua=95 mt=R len=7
PKT t=25020 TX ua=95 mt=P len=0
PKT t=25029 RX ua=95 mt=R len=7
PKT t=25034 TX ua=95 mt=P len=0
PKT t=25043 RX ua=95 mt=R len=7
PKT t=25066 TX ua=95 mt=P len=0
PKT t=25075 RX ua=95 mt=R len=7
PKT t=25080 TX ua=95 mt=P len=0
PKT t=25113 RX ua=95 mt=R len=7
PKT t=25118 TX ua=95 mt=T len=7
PKT t=25130 TX ua=95 mt=P len=0
PKT t=25139 RX ua=95 mt=R len=7
PKT t=25144 TX ua=95 mt=P len=0
PKT t=25153 RX ua=95 mt=R len=7
PKT t=25158 TX ua=95 mt=P len=0
PKT t=25168 RX ua=95 mt=R len=7
PKT t=25173 TX ua=95 mt=P len=0
PKT t=25182 RX ua=95 mt=R len=7
PKT t=25187 TX ua=95 mt=P len=0
PKT t=25216 RX ua=95 mt=R len=7
PKT t=25221 TX ua=95 mt=P len=0
PKT t=25230 RX ua=95 mt=R len=7
PKT t=25235 TX ua=95 mt=P len=0
PKT t=25244 RX ua=95 mt=R len=7
PKT t=25266 TX ua=95 mt=P len=0
PKT t=25275 RX ua=95 mt=R len=7
PKT t=25280 TX ua=95 mt=P len=0
PKT t=25289 RX ua=95 mt=R len=7
PKT t=25294 TX ua=95 mt=P len=0
PKT t=25323 RX ua=95 mt=R len=7
PKT t=25328 TX ua=95 mt=P len=0
PKT t=25337 RX ua=95 mt=R len=7
PKT t=25342 TX ua=95 mt=P len=0
PKT t=25351 RX ua=95 mt=R len=7
PKT t=25356 TX ua=95 mt=P len=0
PKT t=25365 RX ua=95 mt=R len=7
PKT t=25370 TX ua=95 mt=T len=7
PKT t=25382 TX ua=95 mt=P len=0
PKT t=25392 RX ua=95 mt=R len=7
PKT t=25397 TX ua=95 mt=P len=0
PKT t=25426 RX ua=95 mt=R len=7
PKT t=25431 TX ua=95 mt=P len=0
PKT t=25441 RX ua=95 mt=R len=7
PKT t=25446 TX ua=95 mt=P len=0
PKT t=25466 RX ua=95 mt=R len=7
PKT t=25721 TX ua=96 mt=P len=0
PKT t=25979 TX ua=95 mt=P len=0
PKT t=25989 RX ua=95 mt=R len=7
PKT t=25994 TX ua=95 mt=T len=7
PKT t=26006 TX ua=95 mt=P len=0
PKT t=26027 RX ua=95 mt=R len=7
PKT t=26032 TX ua=95 mt=P len=0
PKT t=26041 RX ua=95 mt=R len=7
PKT t=26046 TX ua=95 mt=P len=0
PKT t=26066 RX ua=95 mt=R len=7
PKT t=26321 TX ua=96 mt=P len=0
PKT t=26579 TX ua=95 mt=P len=0
PKT t=26588 RX ua=95 mt=R len=7
PKT t=26593 TX ua=95 mt=T len=7
PKT t=26606 TX ua=95 mt=P len=0
PKT t=26628 RX ua=95 mt=R len=7
PKT t=26633 TX ua=95 mt=T len=7
PKT t=26646 TX ua=95 mt=P len=0
PKT t=26666 RX ua=95 mt=R len=7
PKT t=26921 TX ua=96 mt=P len=0
PKT t=27179 TX ua=95 mt=P len=0
PKT t=27188 RX ua=95 mt=R len=7
PKT t=27193 TX ua=95 mt=T len=7
PKT t=27205 TX ua=95 mt=P len=0
PKT t=27227 RX ua=95 mt=R len=7
PKT t=27232 TX ua=95 mt=P len=0
PKT t=27241 RX ua=95 mt=R len=7
PKT t=27246 TX ua=95 mt=P len=0
PKT t=27266 RX ua=95 mt=R len=7
PKT t=27521 TX ua=96 mt=P len=0
PKT t=27779 TX ua=95 mt=P len=0
PKT t=27788 RX ua=95 mt=R len=7
PKT t=27793 TX ua=95 mt=T len=7
PKT t=27805 TX ua=95 mt=P len=0
PKT t=27827 RX ua=95 mt=R len=7
PKT t=27832 TX ua=95 mt=P len=0
PKT t=27841 RX ua=95 mt=R len=7
PKT t=27846 TX ua=95 mt=P len=0
PKT t=27866 RX ua=95 mt=R len=7
PKT t=28121 TX ua=96 mt=P len=0
PKT t=28379 TX ua=95 mt=P len=0
PKT t=28388 RX ua=95 mt=R len=7
PKT t=28393 TX ua=95 mt=T len=7
PKT t=28405 TX ua=95 mt=P len=0
PKT t=28428 RX ua=95 mt=R len=7
PKT t=28433 TX ua=95 mt=P len=0
PKT t=28442 RX ua=95 mt=R len=7
PKT t=28447 TX ua=95 mt=P len=0
PKT t=28467 RX ua=95 mt=R len=7
PKT t=28722 TX ua=96 mt=P len=0
PKT t=28980 TX ua=95 mt=P len=0
PKT t=28989 RX ua=95 mt=R len=7
PKT t=28994 TX ua=95 mt=T len=7
PKT t=29006 TX ua=95 mt=P len=0
PKT t=29027 RX ua=95 mt=R len=7
PKT t=29032 TX ua=95 mt=P len=0
PKT t=29041 RX ua=95 mt=R len=7
PKT t=29046 TX ua=95 mt=P len=0
PKT t=29066 RX ua=95 mt=R len=7
PKT t=29321 TX ua=96 mt=P len=0
PKT t=29579 TX ua=95 mt=P len=0
PKT t=29588 RX ua=95 mt=R len=7
PKT t=29593 TX ua=95 mt=T len=7
PKT t=29606 TX ua=95 mt=P len=0
PKT t=29628 RX ua=95 mt=R len=7
PKT t=29633 TX ua=95 mt=T len=7
PKT t=29646 TX ua=95 mt=P len=0
PKT t=29666 RX ua=95 mt=R len=7
PKT t=29921 TX ua=96 mt=P len=0
PKT t=30179 TX ua=95 mt=P len=0
PKT t=30188 RX ua=95 mt=R len=7
PKT t=30193 TX ua=95 mt=T len=7
PKT t=30205 TX ua=95 mt=P len=0
PKT t=30227 RX ua=95 mt=R len=7
PKT t=30232 TX ua=95 mt=P len=0
PKT t=30241 RX ua=95 mt=R len=7
PKT t=30246 TX ua=95 mt=P len=0
PKT t=30266 RX ua=95 mt=R len=7
PKT t=30521 TX ua=96 mt=P len=0
PKT t=30779 TX ua=95 mt=P len=0
PKT t=30788 RX ua=95 mt=R len=7
PKT t=30793 TX ua=95 mt=T len=7
PKT t=30805 TX ua=95 mt=P len=0
PKT t=30827 RX ua=95 mt=R len=7
PKT t=30832 TX ua=95 mt=P len=0
PKT t=30841 RX ua=95 mt=R len=7
PKT t=30846 TX ua=95 mt=P len=0
PKT t=30866 RX ua=95 mt=R len=7
PKT t=31121 TX ua=96 mt=P len=0
PKT t=31379 TX ua=95 mt=P len=0
PKT t=31389 RX ua=95 mt=R len=7
PKT t=31393 TX ua=95 mt=T len=7
PKT t=31405 TX ua=95 mt=P len=0
PKT t=31428 RX ua=95 mt=R len=7
PKT t=31433 TX ua=95 mt=P len=0
PKT t=31443 RX ua=95 mt=R len=7
PKT t=31466 TX ua=95 mt=P len=0
PKT t=31476 RX ua=95 mt=R len=7
PKT t=31481 TX ua=95 mt=P len=0
PKT t=31491 RX ua=95 mt=R len=7
PKT t=31496 TX ua=95 mt=P len=0
PKT t=31526 RX ua=95 mt=R len=7
PKT t=31531 TX ua=95 mt=P len=0
PKT t=31541 RX ua=95 mt=R len=7
PKT t=31546 TX ua=95 mt=P len=0
PKT t=31556 RX ua=95 mt=R len=7
PKT t=31561 TX ua=95 mt=P len=0
PKT t=31571 RX ua=95 mt=R len=7
PKT t=31576 TX ua=95 mt=P len=0
PKT t=31586 RX ua=95 mt=R len=7
PKT t=31591 TX ua=95 mt=P len=0
PKT t=31601 RX ua=95 mt=R len=7
PKT t=31606 TX ua=95 mt=P len=0
PKT t=31635 RX ua=95 mt=R len=7
PKT t=31640 TX ua=95 mt=T len=7
PKT t=31666 TX ua=95 mt=P len=0
PKT t=31675 RX ua=95 mt=R len=7
PKT t=31680 TX ua=95 mt=P len=0
PKT t=31689 RX ua=95 mt=R len=7
PKT t=31694 TX ua=95 mt=P len=0
PKT t=31703 RX ua=95 mt=R len=7
PKT t=31708 TX ua=95 mt=P len=0
PKT t=31737 RX ua=95 mt=R len=7
PKT t=31742 TX ua=95 mt=P len=0
PKT t=31751 RX ua=95 mt=R len=7
PKT t=31756 TX ua=95 mt=P len=0
PKT t=31765 RX ua=95 mt=R len=7
PKT t=31770 TX ua=95 mt=P len=0
PKT t=31779 RX ua=95 mt=R len=7
PKT t=31784 TX ua=95 mt=P len=0
PKT t=31793 RX ua=95 mt=R len=7
PKT t=31798 TX ua=95 mt=P len=0
PKT t=31807 RX ua=95 mt=R len=7
PKT t=31812 TX ua=95 mt=P len=0
PKT t=31841 RX ua=95 mt=R len=7
PKT t=31846 TX ua=95 mt=P len=0
PKT t=31866 RX ua=95 mt=R len=7
PKT t=32121 TX ua=96 mt=P len=0
PKT t=32379 TX ua=95 mt=P len=0
PKT t=32388 RX ua=95 mt=R len=7
PKT t=32393 TX ua=95 mt=T len=7
PKT t=32405 TX ua=95 mt=P len=0
PKT t=32414 RX ua=95 mt=R len=7
PKT t=32419 TX ua=95 mt=P len=0
PKT t=32466 RX ua=95 mt=R len=7
PKT t=32471 TX ua=95 mt=P len=0
PKT t=32480 RX ua=95 mt=R len=7
PKT t=32485 TX ua=95 mt=P len=0
PKT t=32494 RX ua=95 mt=R len=7
PKT t=32499 TX ua=95 mt=P len=0
PKT t=32508 RX ua=95 mt=R len=7
PKT t=32513 TX ua=95 mt=P len=0
PKT t=32522 RX ua=95 mt=R len=7
PKT t=32527 TX ua=95 mt=P len=0
PKT t=32556 RX ua=95 mt=R len=7
PKT t=32561 TX ua=95 mt=P len=0
PKT t=32570 RX ua=95 mt=R len=7
PKT t=32575 TX ua=95 mt=P len=0
PKT t=32584 RX ua=95 mt=R len=7
PKT t=32589 TX ua=95 mt=P len=0
PKT t=32598 RX ua=95 mt=R len=7
PKT t=32603 TX ua=95 mt=P len=0
PKT t=32612 RX ua=95 mt=R len=7
PKT t=32617 TX ua=95 mt=P len=0
PKT t=32626 RX ua=95 mt=R len=7
PKT t=32631 TX ua=95 mt=T len=7
PKT t=32643 TX ua=95 mt=P len=0
PKT t=32666 RX ua=95 mt=R len=7
PKT t=32671 TX ua=95 mt=P len=0
PKT t=32680 RX ua=95 mt=R len=7
PKT t=32685 TX ua=95 mt=P len=0
PKT t=32694 RX ua=95 mt=R len=7
PKT t=32699 TX ua=95 mt=P len=0
PKT t=32708 RX ua=95 mt=R len=7
PKT t=32713 TX ua=95 mt=P len=0
PKT t=32722 RX ua=95 mt=R len=7
PKT t=32727 TX ua=95 mt=P len=0
PKT t=32759 RX ua=95 mt=R len=7
PKT t=32764 TX ua=95 mt=P len=0
PKT t=32773 RX ua=95 mt=R len=7
PKT t=32778 TX ua=95 mt=P len=0
PKT t=32787 RX ua=95 mt=R len=7
PKT t=32792 TX ua=95 mt=P len=0
PKT t=32801 RX ua=95 mt=R len=7
PKT t=32806 TX ua=95 mt=P len=0
PKT t=32815 RX ua=95 mt=R len=7
PKT t=32820 TX ua=95 mt=P len=0
PKT t=32829 RX ua=95 mt=R len=7
PKT t=32834 TX ua=95 mt=P len=0
PKT t=32866 RX ua=95 mt=R len=7
PKT t=32871 TX ua=95 mt=T len=7
PKT t=32883 TX ua=95 mt=P len=0
PKT t=32892 RX ua=95 mt=R len=7
PKT t=32897 TX ua=95 mt=P len=0
PKT t=32906 RX ua=95 mt=R len=7
PKT t=32911 TX ua=95 mt=P len=0
PKT t=32920 RX ua=95 mt=R len=7
PKT t=32925 TX ua=95 mt=P len=0
PKT t=32934 RX ua=95 mt=R len=7
PKT t=32939 TX ua=95 mt=P len=0
PKT t=32968 RX ua=95 mt=R len=7
PKT t=32973 TX ua=95 mt=P len=0
PKT t=32982 RX ua=95 mt=R len=7
PKT t=32987 TX ua=95 mt=P len=0
PKT t=32996 RX ua=95 mt=R len=7
PKT t=33001 TX ua=95 mt=P len=0
PKT t=33010 RX ua=95 mt=R len=7
PKT t=33015 TX ua=95 mt=P len=0
PKT t=33024 RX ua=95 mt=R len=7
PKT t=33029 TX ua=95 mt=P len=0
PKT t=33038 RX ua=95 mt=R len=7
PKT t=33043 TX ua=95 mt=P len=0
PKT t=33072 RX ua=95 mt=R len=7
PKT t=33077 TX ua=95 mt=P len=0
PKT t=33086 RX ua=95 mt=R len=7
PKT t=33091 TX ua=95 mt=P len=0
PKT t=33100 RX ua=95 mt=R len=7
PKT t=33105 TX ua=95 mt=P len=0
PKT t=33114 RX ua=95 mt=R len=7
PKT t=33119 TX ua=95 mt=T len=7
PKT t=33131 TX ua=95 mt=P len=0
PKT t=33140 RX ua=95 mt=R len=7
PKT t=33145 TX ua=95 mt=P len=0
PKT t=33174 RX ua=95 mt=R len=7
PKT t=33179 TX ua=95 mt=P len=0
PKT t=33188 RX ua=95 mt=R len=7
PKT t=33193 TX ua=95 mt=P len=0
PKT t=33202 RX ua=95 mt=R len=7
PKT t=33207 TX ua=95 mt=P len=0
PKT t=33216 RX ua=95 mt=R len=7
PKT t=33221 TX ua=95 mt=P len=0
PKT t=33230 RX ua=95 mt=R len=7
PKT t=33235 TX ua=95 mt=P len=0
PKT t=33244 RX ua=95 mt=R len=7
PKT t=33266 TX ua=95 mt=P len=0
PKT t=33278 RX ua=95 mt=R len=7
PKT t=33283 TX ua=95 mt=P len=0
PKT t=33292 RX ua=95 mt=R len=7
PKT t=33297 TX ua=95 mt=P len=0
PKT t=33306 RX ua=95 mt=R len=7
PKT t=33311 TX ua=95 mt=P len=0
PKT t=33320 RX ua=95 mt=R len=7
PKT t=33325 TX ua=95 mt=P len=0
PKT t=33334 RX ua=95 mt=R len=7
PKT t=33339 TX ua=95 mt=P len=0
PKT t=33348 RX ua=95 mt=R len=7
PKT t=33353 TX ua=95 mt=P len=0
PKT t=33383 RX ua=95 mt=R len=7
PKT t=33388 TX ua=95 mt=T len=7
PKT t=33400 TX ua=95 mt=P len=0
PKT t=33410 RX ua=95 mt=R len=7
PKT t=33415 TX ua=95 mt=P len=0
PKT t=33425 RX ua=95 mt=R len=7
PKT t=33430 TX ua=95 mt=P len=0
PKT t=33440 RX ua=95 mt=R len=7
PKT t=33445 TX ua=95 mt=P len=0
PKT t=33466 RX ua=95 mt=R len=7
PKT t=33721 TX ua=96 mt=P len=0
PKT t=33979 TX ua=95 mt=P len=0
PKT t=33989 RX ua=95 mt=R len=7
PKT t=33994 TX ua=95 mt=T len=7
PKT t=34006 TX ua=95 mt=P len=0
PKT t=34015 RX ua=95 mt=R len=7
PKT t=34021 TX ua=95 mt=P len=0
PKT t=34030 RX ua=95 mt=R len=7
PKT t=34035 TX ua=95 mt=P len=0
PKT t=34044 RX ua=95 mt=R len=7
PKT t=34066 TX ua=95 mt=P len=0
PKT t=34088 RX ua=95 mt=R len=7
PKT t=34092 TX ua=95 mt=P len=0
PKT t=34101 RX ua=95 mt=R len=7
PKT t=34106 TX ua=95 mt=P len=0
PKT t=34115 RX ua=95 mt=R len=7
PKT t=34120 TX ua=95 mt=T len=7
PKT t=34133 TX ua=95 mt=P len=0
PKT t=34142 RX ua=95 mt=R len=7
PKT t=34147 TX ua=95 mt=T len=7
PKT t=34160 TX ua=95 mt=P len=0
PKT t=34192 RX ua=95 mt=R len=7
PKT t=34197 TX ua=95 mt=P len=0
PKT t=34206 RX ua=95 mt=R len=7
PKT t=34211 TX ua=95 mt=P len=0
PKT t=34220 RX ua=95 mt=R len=7
PKT t=34225 TX ua=95 mt=P len=0
PKT t=34234 RX ua=95 mt=R len=7
PKT t=34239 TX ua=95 mt=P len=0
PKT t=34266 RX ua=95 mt=R len=7
PKT t=34271 TX ua=95 mt=P len=0
PKT t=34291 RX ua=95 mt=R len=7
PKT t=34296 TX ua=95 mt=P len=0
PKT t=34305 RX ua=95 mt=R len=7
PKT t=34310 TX ua=95 mt=P len=0
PKT t=34319 RX ua=95 mt=R len=7
PKT t=34324 TX ua=95 mt=P len=0
PKT t=34333 RX ua=95 mt=R len=7
PKT t=34338 TX ua=95 mt=P len=0
PKT t=34347 RX ua=95 mt=R len=7
PKT t=34352 TX ua=95 mt=P len=0
PKT t=34361 RX ua=95 mt=R len=7
PKT t=34366 TX ua=95 mt=P len=0
PKT t=34395 RX ua=95 mt=R len=7
PKT t=34400 TX ua=95 mt=T len=7
PKT t=34413 TX ua=95 mt=P len=0
PKT t=34422 RX ua=95 mt=R len=7
PKT t=34427 TX ua=95 mt=P len=0
PKT t=34436 RX ua=95 mt=R len=7
PKT t=34441 TX ua=95 mt=P len=0
PKT t=34466 RX ua=95 mt=R len=7
PKT t=34471 TX ua=95 mt=P len=0
PKT t=34495 RX ua=95 mt=R len=7
PKT t=34500 TX ua=95 mt=P len=0
PKT t=34509 RX ua=95 mt=R len=7
PKT t=34514 TX ua=95 mt=P len=0
PKT t=34523 RX ua=95 mt=R len=7
PKT t=34528 TX ua=95 mt=P len=0
PKT t=34537 RX ua=95 mt=R len=7
PKT t=34542 TX ua=95 mt=P len=0
PKT t=34551 RX ua=95 mt=R len=7
PKT t=34556 TX ua=95 mt=P len=0
PKT t=34565 RX ua=95 mt=R len=7
PKT t=34570 TX ua=95 mt=P len=0
PKT t=34599 RX ua=95 mt=R len=7
PKT t=34604 TX ua=95 mt=P len=0
PKT t=34613 RX ua=95 mt=R len=7
PKT t=34618 TX ua=95 mt=T len=7
PKT t=34631 TX ua=95 mt=P len=0
PKT t=34640 RX ua=95 mt=R len=7
PKT t=34645 TX ua=95 mt=P len=0
PKT t=34666 RX ua=95 mt=R len=7
PKT t=34921 TX ua=96 mt=P len=0
PKT t=35179 TX ua=95 mt=P len=0
PKT t=35188 RX ua=95 mt=R len=7
PKT t=35193 TX ua=95 mt=T len=7
PKT t=35205 TX ua=95 mt=P len=0
PKT t=35214 RX ua=95 mt=R len=7
PKT t=35219 TX ua=95 mt=P len=0
PKT t=35228 RX ua=95 mt=R len=7
PKT t=35233 TX ua=95 mt=P len=0
PKT t=35242 RX ua=95 mt=R len=7
PKT t=35247 TX ua=95 mt=P len=0
PKT t=35267 RX ua=95 mt=R len=7
PKT t=35522 TX ua=96 mt=P len=0
PKT t=35780 TX ua=95 mt=P len=0
PKT t=35789 RX ua=95 mt=R len=7
PKT t=35794 TX ua=95 mt=T len=7
PKT t=35806 TX ua=95 mt=P len=0
PKT t=35815 RX ua=95 mt=R len=7
PKT t=35820 TX ua=95 mt=P len=0
PKT t=35829 RX ua=95 mt=R len=7
PKT t=35834 TX ua=95 mt=P len=0
PKT t=35843 RX ua=95 mt=R len=7
PKT t=35866 TX ua=95 mt=P len=0
PKT t=35899 RX ua=95 mt=R len=7
PKT t=35903 TX ua=95 mt=T len=7
PKT t=35915 TX ua=95 mt=P len=0
PKT t=35924 RX ua=95 mt=R len=7
PKT t=35929 TX ua=95 mt=P len=0
PKT t=35938 RX ua=95 mt=R len=7
PKT t=35943 TX ua=95 mt=P len=0
PKT t=35952 RX ua=95 mt=R len=7
PKT t=35957 TX ua=95 mt=P len=0
PKT t=35966 RX ua=95 mt=R len=7
PKT t=35971 TX ua=95 mt=P len=0
PKT t=36000 RX ua=95 mt=R len=7
PKT t=36005 TX ua=95 mt=P len=0
PKT t=36014 RX ua=95 mt=R len=7
PKT t=36022 TX ua=95 mt=P len=0
PKT t=36031 RX ua=95 mt=R len=7
PKT t=36036 TX ua=95 mt=P len=0
PKT t=36045 RX ua=95 mt=R len=7
PKT t=36066 TX ua=95 mt=P len=0
PKT t=36099 RX ua=95 mt=R len=7
PKT t=36104 TX ua=95 mt=P len=0
PKT t=36113 RX ua=95 mt=R len=7
PKT t=36118 TX ua=95 mt=T len=7
PKT t=36130 TX ua=95 mt=P len=0
PKT t=36139 RX ua=95 mt=R len=7
PKT t=36144 TX ua=95 mt=P len=0
PKT t=36153 RX ua=95 mt=R len=7
PKT t=36158 TX ua=95 mt=P len=0
PKT t=36167 RX ua=95 mt=R len=7
PKT t=36172 TX ua=95 mt=P len=0
PKT t=36201 RX ua=95 mt=R len=7
PKT t=36206 TX ua=95 mt=P len=0
PKT t=36215 RX ua=95 mt=R len=7
PKT t=36220 TX ua=95 mt=P len=0
PKT t=36229 RX ua=95 mt=R len=7
PKT t=36234 TX ua=95 mt=P len=0
PKT t=36243 RX ua=95 mt=R len=7
PKT t=36266 TX ua=95 mt=P len=0
PKT t=36275 RX ua=95 mt=R len=7
PKT t=36280 TX ua=95 mt=P len=0
PKT t=36309 RX ua=95 mt=R len=7
PKT t=36314 TX ua=95 mt=P len=0
PKT t=36323 RX ua=95 mt=R len=7
PKT t=36328 TX ua=95 mt=P len=0
PKT t=36337 RX ua=95 mt=R len=7
PKT t=36342 TX ua=95 mt=P len=0
PKT t=36351 RX ua=95 mt=R len=7
PKT t=36356 TX ua=95 mt=P len=0
PKT t=36365 RX ua=95 mt=R len=7
PKT t=36370 TX ua=95 mt=T len=7
PKT t=36382 TX ua=95 mt=P len=0
PKT t=36410 RX ua=95 mt=R len=7
PKT t=36415 TX ua=95 mt=P len=0
PKT t=36424 RX ua=95 mt=R len=7
PKT t=36429 TX ua=95 mt=P len=0
PKT t=36438 RX ua=95 mt=R len=7
PKT t=36443 TX ua=95 mt=P len=0
PKT t=36466 RX ua=95 mt=R len=7
PKT t=36471 TX ua=95 mt=P len=0
PKT t=36480 RX ua=95 mt=R len=7
PKT t=36485 TX ua=95 mt=P len=0
PKT t=36514 RX ua=95 mt=R len=7
PKT t=36519 TX ua=95 mt=P len=0
PKT t=36528 RX ua=95 mt=R len=7
PKT t=36533 TX ua=95 mt=P len=0
PKT t=36542 RX ua=95 mt=R len=7
PKT t=36547 TX ua=95 mt=P len=0
PKT t=36556 RX ua=95 mt=R len=7
PKT t=36561 TX ua=95 mt=P len=0
PKT t=36570 RX ua=95 mt=R len=7
PKT t=36575 TX ua=95 mt=P len=0
PKT t=36584 RX ua=95 mt=R len=7
PKT t=36589 TX ua=95 mt=P len=0
PKT t=36618 RX ua=95 mt=R len=7
PKT t=36623 TX ua=95 mt=T len=7
PKT t=36635 TX ua=95 mt=P len=0
PKT t=36644 RX ua=95 mt=R len=7
PKT t=36666 TX ua=95 mt=P len=0
PKT t=36675 RX ua=95 mt=R len=7
PKT t=36680 TX ua=95 mt=P len=0
PKT t=36689 RX ua=95 mt=R len=7
PKT t=36694 TX ua=95 mt=P len=0
PKT t=36723 RX ua=95 mt=R len=7
PKT t=36728 TX ua=95 mt=P len=0
PKT t=36737 RX ua=95 mt=R len=7
PKT t=36742 TX ua=95 mt=P len=0
PKT t=36751 RX ua=95 mt=R len=7
PKT t=36756 TX ua=95 mt=P len=0
PKT t=36765 RX ua=95 mt=R len=7
PKT t=36770 TX ua=95 mt=P len=0
PKT t=36779 RX ua=95 mt=R len=7
PKT t=36784 TX ua=95 mt=P len=0
PKT t=36794 RX ua=95 mt=R len=7
PKT t=36799 TX ua=95 mt=P len=0
PKT t=36828 RX ua=95 mt=R len=7
PKT t=36833 TX ua=95 mt=P len=0
PKT t=36842 RX ua=95 mt=R len=7
PKT t=36847 TX ua=95 mt=P len=0
PKT t=36867 RX ua=95 mt=R len=7
PKT t=37122 TX ua=96 mt=P len=0
PKT t=37380 TX ua=95 mt=P len=0
