PKT t=7119 RX ua=95 mt=R len=7
PKT t=7124 TX ua=95 mt=T len=7
PKT t=7136 TX ua=95 mt=P len=0
PKT t=7147 RX ua=95 mt=R len=7
PKT t=7172 TX ua=95 mt=P len=0
PKT t=7190 RX ua=95 mt=R len=7
PKT t=7195 TX ua=95 mt=P len=0
PKT t=7204 RX ua=95 mt=R len=7
PKT t=7209 TX ua=95 mt=P len=0
PKT t=7218 RX ua=95 mt=R len=7
PKT t=7223 TX ua=95 mt=P len=0
PKT t=7232 RX ua=95 mt=R len=7
PKT t=7237 TX ua=95 mt=P len=0
PKT t=7246 RX ua=95 mt=R len=7
PKT t=7271 TX ua=95 mt=P len=0
PKT t=7289 RX ua=95 mt=R len=7
PKT t=7294 TX ua=95 mt=P len=0
PKT t=7303 RX ua=95 mt=R len=7
PKT t=7308 TX ua=95 mt=P len=0
PKT t=7317 RX ua=95 mt=R len=7
PKT t=7322 TX ua=95 mt=P len=0
PKT t=7331 RX ua=95 mt=R len=7
PKT t=7336 TX ua=95 mt=P len=0
PKT t=7345 RX ua=95 mt=R len=7
PKT t=7371 TX ua=95 mt=P len=0
PKT t=7389 RX ua=95 mt=R len=7
PKT t=7394 TX ua=95 mt=T len=7
PKT t=7406 TX ua=95 mt=P len=0
PKT t=7416 RX ua=95 mt=R len=7
PKT t=7421 TX ua=95 mt=P len=0
PKT t=7431 RX ua=95 mt=R len=7
PKT t=7436 TX ua=95 mt=P len=0
PKT t=7446 RX ua=95 mt=R len=7
PKT t=7471 TX ua=95 mt=P len=0
PKT t=7490 RX ua=95 mt=R len=7
PKT t=7495 TX ua=95 mt=P len=0
PKT t=7505 RX ua=95 mt=R len=7
PKT t=7510 TX ua=95 mt=P len=0
PKT t=7520 RX ua=95 mt=R len=7
PKT t=7525 TX ua=95 mt=P len=0
PKT t=7535 RX ua=95 mt=R len=7
PKT t=7540 TX ua=95 mt=P len=0
PKT t=7571 RX ua=95 mt=R len=7
PKT t=7576 TX ua=95 mt=P len=0
PKT t=7590 RX ua=95 mt=R len=7
PKT t=7595 TX ua=95 mt=P len=0
PKT t=7605 RX ua=95 mt=R len=7
PKT t=7610 TX ua=95 mt=P len=0
PKT t=7620 RX ua=95 mt=R len=7
PKT t=7625 TX ua=95 mt=T len=7
PKT t=7637 TX ua=95 mt=P len=0
PKT t=7646 RX ua=95 mt=R len=7
PKT t=7671 TX ua=95 mt=P len=0
PKT t=7689 RX ua=95 mt=R len=7
PKT t=7694 TX ua=95 mt=P len=0
PKT t=7703 RX ua=95 mt=R len=7
PKT t=7708 TX ua=95 mt=P len=0
PKT t=7717 RX ua=95 mt=R len=7
PKT t=7722 TX ua=95 mt=P len=0
PKT t=7731 RX ua=95 mt=R len=7
PKT t=7736 TX ua=95 mt=P len=0
PKT t=7745 RX ua=95 mt=R len=7
PKT t=7771 TX ua=95 mt=P len=0
PKT t=7789 RX ua=95 mt=R len=7
PKT t=7794 TX ua=95 mt=P len=0
PKT t=7803 RX ua=95 mt=R len=7
PKT t=7808 TX ua=95 mt=P len=0
PKT t=7817 RX ua=95 mt=R len=7
PKT t=7822 TX ua=95 mt=P len=0
PKT t=7831 RX ua=95 mt=R len=7
PKT t=7836 TX ua=95 mt=P len=0
PKT t=7845 RX ua=95 mt=R len=7
PKT t=7871 TX ua=95 mt=P len=0
PKT t=7889 RX ua=95 mt=R len=7
PKT t=7894 TX ua=95 mt=T len=7
PKT t=7906 TX ua=95 mt=P len=0
PKT t=7915 RX ua=95 mt=R len=7
PKT t=7920 TX ua=95 mt=P len=0
PKT t=7929 RX ua=95 mt=R len=7
PKT t=7934 TX ua=95 mt=P len=0
PKT t=7943 RX ua=95 mt=R len=7
PKT t=7971 TX ua=95 mt=P len=0
PKT t=7989 RX ua=95 mt=R len=7
PKT t=7994 TX ua=95 mt=P len=0
PKT t=8003 RX ua=95 mt=R len=7
PKT t=8008 TX ua=95 mt=P len=0
PKT t=8017 RX ua=95 mt=R len=7
PKT t=8022 TX ua=95 mt=P len=0
PKT t=8031 RX ua=95 mt=R len=7
PKT t=8036 TX ua=95 mt=P len=0
PKT t=8045 RX ua=95 mt=R len=7
PKT t=8071 TX ua=95 mt=P len=0
PKT t=8089 RX ua=95 mt=R len=7
PKT t=8094 TX ua=95 mt=P len=0
PKT t=8103 RX ua=95 mt=R len=7
PKT t=8108 TX ua=95 mt=P len=0
PKT t=8117 RX ua=95 mt=R len=7
PKT t=8122 TX ua=95 mt=T len=7
PKT t=8134 TX ua=95 mt=P len=0
PKT t=8143 RX ua=95 mt=R len=7
PKT t=8171 TX ua=95 mt=P len=0
PKT t=8189 RX ua=95 mt=R len=7
PKT t=8194 TX ua=95 mt=P len=0
PKT t=8204 RX ua=95 mt=R len=7
PKT t=8209 TX ua=95 mt=P len=0
PKT t=8218 RX ua=95 mt=R len=7
PKT t=8223 TX ua=95 mt=P len=0
PKT t=8232 RX ua=95 mt=R len=7
PKT t=8237 TX ua=95 mt=P len=0
PKT t=8246 RX ua=95 mt=R len=7
PKT t=8271 TX ua=95 mt=P len=0
PKT t=8289 RX ua=95 mt=R len=7
PKT t=8294 TX ua=95 mt=P len=0
PKT t=8304 RX ua=95 mt=R len=7
PKT t=8309 TX ua=95 mt=P len=0
PKT t=8318 RX ua=95 mt=R len=7
PKT t=8323 TX ua=95 mt=P len=0
PKT t=8332 RX ua=95 mt=R len=7
PKT t=8337 TX ua=95 mt=P len=0
PKT t=8346 RX ua=95 mt=R len=7
PKT t=8371 TX ua=95 mt=P len=0
PKT t=8389 RX ua=95 mt=R len=7
PKT t=8394 TX ua=95 mt=T len=7
PKT t=8406 TX ua=95 mt=P len=0
PKT t=8415 RX ua=95 mt=R len=7
PKT t=8420 TX ua=95 mt=P len=0
PKT t=8429 RX ua=95 mt=R len=7
PKT t=8434 TX ua=95 mt=P len=0
PKT t=8443 RX ua=95 mt=R len=7
PKT t=8471 TX ua=95 mt=P len=0
PKT t=8489 RX ua=95 mt=R len=7
PKT t=8494 TX ua=95 mt=P len=0
PKT t=8503 RX ua=95 mt=R len=7
PKT t=8508 TX ua=95 mt=P len=0
PKT t=8517 RX ua=95 mt=R len=7
PKT t=8522 TX ua=95 mt=P len=0
PKT t=8531 RX ua=95 mt=R len=7
PKT t=8536 TX ua=95 mt=P len=0
PKT t=8545 RX ua=95 mt=R len=7
PKT t=8571 TX ua=95 mt=P len=0
PKT t=8589 RX ua=95 mt=R len=7
PKT t=8594 TX ua=95 mt=P len=0
PKT t=8603 RX ua=95 mt=R len=7
PKT t=8608 TX ua=95 mt=P len=0
PKT t=8617 RX ua=95 mt=R len=7
PKT t=8622 TX ua=95 mt=T len=7
PKT t=8634 TX ua=95 mt=P len=0
PKT t=8643 RX ua=95 mt=R len=7
PKT t=8671 TX ua=95 mt=P len=0
PKT t=8689 RX ua=95 mt=R len=7
PKT t=8694 TX ua=95 mt=P len=0
PKT t=8703 RX ua=95 mt=R len=7
PKT t=8708 TX ua=95 mt=P len=0
PKT t=8717 RX ua=95 mt=R len=7
PKT t=8722 TX ua=95 mt=P len=0
PKT t=8731 RX ua=95 mt=R len=7
PKT t=8736 TX ua=95 mt=P len=0
PKT t=8745 RX ua=95 mt=R len=7
PKT t=8771 TX ua=95 mt=P len=0
PKT t=8789 RX ua=95 mt=R len=7
PKT t=8794 TX ua=95 mt=P len=0
PKT t=8803 RX ua=95 mt=R len=7
PKT t=8808 TX ua=95 mt=P len=0
PKT t=8817 RX ua=95 mt=R len=7
PKT t=8822 TX ua=95 mt=P len=0
PKT t=8831 RX ua=95 mt=R len=7
PKT t=8836 TX ua=95 mt=P len=0
PKT t=8845 RX ua=95 mt=R len=7
PKT t=8871 TX ua=95 mt=P len=0
PKT t=8889 RX ua=95 mt=R len=7
PKT t=8894 TX ua=95 mt=T len=7
PKT t=8906 TX ua=95 mt=P len=0
PKT t=8915 RX ua=95 mt=R len=7
PKT t=8920 TX ua=95 mt=P len=0
PKT t=8929 RX ua=95 mt=R len=7
PKT t=8934 TX ua=95 mt=P len=0
PKT t=8943 RX ua=95 mt=R len=7
PKT t=8971 TX ua=95 mt=P len=0
PKT t=8989 RX ua=95 mt=R len=7
PKT t=8994 TX ua=95 mt=P len=0
PKT t=9003 RX ua=95 mt=R len=7
PKT t=9008 TX ua=95 mt=P len=0
PKT t=9017 RX ua=95 mt=R len=7
PKT t=9022 TX ua=95 mt=P len=0
PKT t=9031 RX ua=95 mt=R len=7
PKT t=9036 TX ua=95 mt=P len=0
PKT t=9045 RX ua=95 mt=R len=7
PKT t=9071 TX ua=95 mt=P len=0
PKT t=9089 RX ua=95 mt=R len=7
PKT t=9094 TX ua=95 mt=P len=0
PKT t=9103 RX ua=95 mt=R len=7
PKT t=9108 TX ua=95 mt=P len=0
PKT t=9117 RX ua=95 mt=R len=7
PKT t=9122 TX ua=95 mt=T len=7
PKT t=9134 TX ua=95 mt=P len=0
PKT t=9143 RX ua=95 mt=R len=7
PKT t=9171 TX ua=95 mt=P len=0
PKT t=9189 RX ua=95 mt=R len=7
PKT t=9194 TX ua=96 mt=P len=0
PKT t=9471 TX ua=95 mt=P len=0
PKT t=9481 RX ua=95 mt=R len=7
PKT t=9486 TX ua=95 mt=T len=7
PKT t=9498 TX ua=95 mt=P len=0
PKT t=9508 RX ua=95 mt=R len=7
PKT t=9513 TX ua=95 mt=P len=0
PKT t=9523 RX ua=95 mt=R len=7
PKT t=9528 TX ua=95 mt=P len=0
PKT t=9538 RX ua=95 mt=R len=7
PKT t=9543 TX ua=95 mt=P len=0
PKT t=9571 RX ua=95 mt=R len=7
PKT t=9576 TX ua=95 mt=P len=0
PKT t=9589 RX ua=95 mt=R len=7
PKT t=9594 TX ua=95 mt=P len=0
PKT t=9604 RX ua=95 mt=R len=7
PKT t=9609 TX ua=95 mt=P len=0
PKT t=9619 RX ua=95 mt=R len=7
PKT t=9624 TX ua=95 mt=T len=7
PKT t=9636 TX ua=95 mt=P len=0
PKT t=9645 RX ua=95 mt=R len=7
PKT t=9671 TX ua=95 mt=P len=0
PKT t=9689 RX ua=95 mt=R len=7
PKT t=9694 TX ua=95 mt=P len=0
PKT t=9703 RX ua=95 mt=R len=7
PKT t=9708 TX ua=95 mt=P len=0
PKT t=9717 RX ua=95 mt=R len=7
PKT t=9722 TX ua=95 mt=P len=0
PKT t=9731 RX ua=95 mt=R len=7
PKT t=9736 TX ua=95 mt=P len=0
PKT t=9745 RX ua=95 mt=R len=7
PKT t=9771 TX ua=95 mt=P len=0
PKT t=9789 RX ua=95 mt=R len=7
PKT t=9794 TX ua=95 mt=P len=0
PKT t=9803 RX ua=95 mt=R len=7
PKT t=9808 TX ua=95 mt=P len=0
PKT t=9817 RX ua=95 mt=R len=7
PKT t=9822 TX ua=95 mt=P len=0
PKT t=9831 RX ua=95 mt=R len=7
PKT t=9836 TX ua=95 mt=P len=0
PKT t=9845 RX ua=95 mt=R len=7
PKT t=9871 TX ua=95 mt=P len=0
PKT t=9889 RX ua=95 mt=R len=7
PKT t=9894 TX ua=95 mt=T len=7
PKT t=9906 TX ua=95 mt=P len=0
PKT t=9915 RX ua=95 mt=R len=7
PKT t=9920 TX ua=95 mt=P len=0
PKT t=9929 RX ua=95 mt=R len=7
PKT t=9934 TX ua=95 mt=P len=0
PKT t=9943 RX ua=95 mt=R len=7
PKT t=9971 TX ua=95 mt=P len=0
PKT t=9989 RX ua=95 mt=R len=7
PKT t=9994 TX ua=95 mt=P len=0
PKT t=10003 RX ua=95 mt=R len=7
PKT t=10009 TX ua=95 mt=P len=0
PKT t=10018 RX ua=95 mt=R len=7
PKT t=10023 TX ua=95 mt=P len=0
PKT t=10032 RX ua=95 mt=R len=7
PKT t=10037 TX ua=95 mt=P len=0
PKT t=10046 RX ua=95 mt=R len=7
PKT t=10071 TX ua=95 mt=P len=0
PKT t=10089 RX ua=95 mt=R len=7
PKT t=10094 TX ua=95 mt=P len=0
PKT t=10103 RX ua=95 mt=R len=7
PKT t=10108 TX ua=95 mt=P len=0
PKT t=10117 RX ua=95 mt=R len=7
PKT t=10122 TX ua=95 mt=T len=7
PKT t=10135 TX ua=95 mt=P len=0
PKT t=10144 RX ua=95 mt=R len=7
PKT t=10171 TX ua=95 mt=T len=7
PKT t=10184 TX ua=95 mt=P len=0
PKT t=10193 RX ua=95 mt=R len=7
PKT t=10198 TX ua=95 mt=P len=0
PKT t=10207 RX ua=95 mt=R len=7
PKT t=10212 TX ua=95 mt=P len=0
PKT t=10221 RX ua=95 mt=R len=7
PKT t=10226 TX ua=95 mt=P len=0
PKT t=10235 RX ua=95 mt=R len=7
PKT t=10240 TX ua=95 mt=P len=0
PKT t=10271 RX ua=95 mt=R len=7
PKT t=10276 TX ua=95 mt=P len=0
PKT t=10289 RX ua=95 mt=R len=7
PKT t=10294 TX ua=95 mt=P len=0
PKT t=10303 RX ua=95 mt=R len=7
PKT t=10308 TX ua=95 mt=P len=0
PKT t=10317 RX ua=95 mt=R len=7
PKT t=10322 TX ua=95 mt=P len=0
PKT t=10331 RX ua=95 mt=R len=7
PKT t=10336 TX ua=95 mt=P len=0
PKT t=10345 RX ua=95 mt=R len=7
PKT t=10371 TX ua=95 mt=P len=0
PKT t=10389 RX ua=95 mt=R len=7
PKT t=10394 TX ua=95 mt=T len=7
PKT t=10407 TX ua=95 mt=P len=0
PKT t=10416 RX ua=95 mt=R len=7
PKT t=10421 TX ua=95 mt=P len=0
PKT t=10430 RX ua=95 mt=R len=7
PKT t=10435 TX ua=95 mt=P len=0
PKT t=10444 RX ua=95 mt=R len=7
PKT t=10471 TX ua=95 mt=P len=0
PKT t=10489 RX ua=95 mt=R len=7
PKT t=10494 TX ua=95 mt=P len=0
PKT t=10503 RX ua=95 mt=R len=7
PKT t=10508 TX ua=95 mt=P len=0
PKT t=10517 RX ua=95 mt=R len=7
PKT t=10522 TX ua=95 mt=P len=0
PKT t=10531 RX ua=95 mt=R len=7
PKT t=10536 TX ua=95 mt=P len=0
PKT t=10545 RX ua=95 mt=R len=7
PKT t=10571 TX ua=95 mt=P len=0
PKT t=10589 RX ua=95 mt=R len=7
PKT t=10594 TX ua=95 mt=P len=0
PKT t=10603 RX ua=95 mt=R len=7
PKT t=10608 TX ua=95 mt=P len=0
PKT t=10617 RX ua=95 mt=R len=7
PKT t=10622 TX ua=95 mt=T len=7
PKT t=10635 TX ua=95 mt=P len=0
PKT t=10644 RX ua=95 mt=R len=7
PKT t=10671 TX ua=95 mt=P len=0
PKT t=10689 RX ua=95 mt=R len=7
PKT t=10694 TX ua=95 mt=P len=0
PKT t=10703 RX ua=95 mt=R len=7
PKT t=10708 TX ua=95 mt=P len=0
PKT t=10717 RX ua=95 mt=R len=7
PKT t=10722 TX ua=95 mt=P len=0
PKT t=10731 RX ua=95 mt=R len=7
PKT t=10736 TX ua=95 mt=P len=0
PKT t=10745 RX ua=95 mt=R len=7
PKT t=10771 TX ua=95 mt=P len=0
PKT t=10789 RX ua=95 mt=R len=7
PKT t=10794 TX ua=95 mt=P len=0
PKT t=10803 RX ua=95 mt=R len=7
PKT t=10808 TX ua=95 mt=P len=0
PKT t=10817 RX ua=95 mt=R len=7
PKT t=10822 TX ua=95 mt=P len=0
PKT t=10831 RX ua=95 mt=R len=7
PKT t=10836 TX ua=95 mt=P len=0
PKT t=10845 RX ua=95 mt=R len=7
PKT t=10871 TX ua=95 mt=P len=0
PKT t=10889 RX ua=95 mt=R len=7
PKT t=10894 TX ua=95 mt=T len=7
PKT t=10907 TX ua=95 mt=P len=0
PKT t=10916 RX ua=95 mt=R len=7
PKT t=10921 TX ua=95 mt=P len=0
PKT t=10930 RX ua=95 mt=R len=7
PKT t=10935 TX ua=95 mt=P len=0
PKT t=10944 RX ua=95 mt=R len=7
PKT t=10971 TX ua=95 mt=P len=0
PKT t=10989 RX ua=95 mt=R len=7
PKT t=10994 TX ua=95 mt=P len=0
PKT t=11003 RX ua=95 mt=R len=7
PKT t=11008 TX ua=95 mt=P len=0
PKT t=11017 RX ua=95 mt=R len=7
PKT t=11022 TX ua=95 mt=P len=0
PKT t=11031 RX ua=95 mt=R len=7
PKT t=11036 TX ua=95 mt=P len=0
PKT t=11045 RX ua=95 mt=R len=7
PKT t=11071 TX ua=95 mt=P len=0
PKT t=11090 RX ua=95 mt=R len=7
PKT t=11095 TX ua=95 mt=P len=0
PKT t=11104 RX ua=95 mt=R len=7
PKT t=11109 TX ua=95 mt=P len=0
PKT t=11118 RX ua=95 mt=R len=7
PKT t=11123 TX ua=95 mt=T len=7
PKT t=11135 TX ua=95 mt=P len=0
PKT t=11145 RX ua=95 mt=R len=7
PKT t=11171 TX ua=95 mt=P len=0
PKT t=11189 RX ua=95 mt=R len=7
PKT t=11194 TX ua=95 mt=P len=0
PKT t=11203 RX ua=95 mt=R len=7
PKT t=11208 TX ua=95 mt=P len=0
PKT t=11217 RX ua=95 mt=R len=7
PKT t=11222 TX ua=95 mt=P len=0
PKT t=11231 RX ua=95 mt=R len=7
PKT t=11236 TX ua=95 mt=P len=0
PKT t=11246 RX ua=95 mt=R len=7
PKT t=11271 TX ua=95 mt=P len=0
PKT t=11289 RX ua=95 mt=R len=7
PKT t=11294 TX ua=95 mt=P len=0
PKT t=11303 RX ua=95 mt=R len=7
PKT t=11308 TX ua=95 mt=P len=0
PKT t=11317 RX ua=95 mt=R len=7
PKT t=11322 TX ua=95 mt=P len=0
PKT t=11331 RX ua=95 mt=R len=7
PKT t=11336 TX ua=95 mt=P len=0
PKT t=11345 RX ua=95 mt=R len=7
PKT t=11371 TX ua=95 mt=P len=0
PKT t=11389 RX ua=95 mt=R len=7
PKT t=11394 TX ua=95 mt=T len=7
PKT t=11406 TX ua=95 mt=P len=0
PKT t=11416 RX ua=95 mt=R len=7
PKT t=11421 TX ua=95 mt=P len=0
PKT t=11431 RX ua=95 mt=R len=7
PKT t=11436 TX ua=95 mt=P len=0
PKT t=11446 RX ua=95 mt=R len=7
PKT t=11471 TX ua=95 mt=P len=0
PKT t=11490 RX ua=95 mt=R len=7
PKT t=11495 TX ua=95 mt=P len=0
PKT t=11505 RX ua=95 mt=R len=7
PKT t=11510 TX ua=95 mt=P len=0
PKT t=11520 RX ua=95 mt=R len=7
PKT t=11525 TX ua=95 mt=P len=0
PKT t=11535 RX ua=95 mt=R len=7
PKT t=11540 TX ua=95 mt=P len=0
PKT t=11571 RX ua=95 mt=R len=7
PKT t=11576 TX ua=95 mt=P len=0
PKT t=11589 RX ua=95 mt=R len=7
PKT t=11594 TX ua=95 mt=P len=0
PKT t=11604 RX ua=95 mt=R len=7
PKT t=11609 TX ua=95 mt=P len=0
PKT t=11619 RX ua=95 mt=R len=7
PKT t=11624 TX ua=95 mt=T len=7
PKT t=11636 TX ua=95 mt=P len=0
PKT t=11645 RX ua=95 mt=R len=7
PKT t=11671 TX ua=95 mt=P len=0
PKT t=11689 RX ua=95 mt=R len=7
PKT t=11694 TX ua=95 mt=P len=0
PKT t=11703 RX ua=95 mt=R len=7
PKT t=11708 TX ua=95 mt=P len=0
PKT t=11717 RX ua=95 mt=R len=7
PKT t=11722 TX ua=95 mt=P len=0
PKT t=11731 RX ua=95 mt=R len=7
PKT t=11736 TX ua=95 mt=P len=0
PKT t=11745 RX ua=95 mt=R len=7
PKT t=11771 TX ua=95 mt=P len=0
PKT t=11789 RX ua=95 mt=R len=7
PKT t=11794 TX ua=95 mt=P len=0
PKT t=11803 RX ua=95 mt=R len=7
PKT t=11808 TX ua=95 mt=P len=0
PKT t=11817 RX ua=95 mt=R len=7
PKT t=11822 TX ua=95 mt=P len=0
PKT t=11831 RX ua=95 mt=R len=7
PKT t=11836 TX ua=95 mt=P len=0
PKT t=11845 RX ua=95 mt=R len=7
PKT t=11871 TX ua=95 mt=P len=0
PKT t=11889 RX ua=95 mt=R len=7
PKT t=11894 TX ua=95 mt=T len=7
PKT t=11906 TX ua=95 mt=P len=0
PKT t=11915 RX ua=95 mt=R len=7
PKT t=11920 TX ua=95 mt=P len=0
PKT t=11929 RX ua=95 mt=R len=7
PKT t=11934 TX ua=95 mt=P len=0
PKT t=11943 RX ua=95 mt=R len=7
PKT t=11971 TX ua=95 mt=P len=0
PKT t=11989 RX ua=95 mt=R len=7
PKT t=11994 TX ua=95 mt=P len=0
PKT t=12003 RX ua=95 mt=R len=7
PKT t=12010 TX ua=95 mt=P len=0
PKT t=12019 RX ua=95 mt=R len=7
PKT t=12024 TX ua=95 mt=P len=0
PKT t=12033 RX ua=95 mt=R len=7
PKT t=12038 TX ua=95 mt=P len=0
PKT t=12071 RX ua=95 mt=R len=7
PKT t=12076 TX ua=95 mt=P len=0
PKT t=12089 RX ua=95 mt=R len=7
PKT t=12094 TX ua=95 mt=P len=0
PKT t=12103 RX ua=95 mt=R len=7
PKT t=12108 TX ua=95 mt=P len=0
PKT t=12117 RX ua=95 mt=R len=7
PKT t=12122 TX ua=95 mt=T len=7
PKT t=12134 TX ua=95 mt=P len=0
PKT t=12143 RX ua=95 mt=R len=7
PKT t=12171 TX ua=95 mt=P len=0
PKT t=12189 RX ua=95 mt=R len=7
PKT t=12194 TX ua=95 mt=P len=0
PKT t=12203 RX ua=95 mt=R len=7
PKT t=12208 TX ua=95 mt=P len=0
PKT t=12217 RX ua=95 mt=R len=7
PKT t=12222 TX ua=95 mt=P len=0
PKT t=12231 RX ua=95 mt=R len=7
PKT t=12236 TX ua=95 mt=P len=0
PKT t=12245 RX ua=95 mt=R len=7
PKT t=12271 TX ua=95 mt=P len=0
PKT t=12289 RX ua=95 mt=R len=7
PKT t=12294 TX ua=95 mt=P len=0
PKT t=12303 RX ua=95 mt=R len=7
PKT t=12308 TX ua=95 mt=P len=0
PKT t=12317 RX ua=95 mt=R len=7
PKT t=12322 TX ua=95 mt=P len=0
PKT t=12331 RX ua=95 mt=R len=7
PKT t=12336 TX ua=95 mt=P len=0
PKT t=12345 RX ua=95 mt=R len=7
PKT t=12371 TX ua=95 mt=P len=0
PKT t=12390 RX ua=95 mt=R len=7
PKT t=12395 TX ua=95 mt=T len=7
PKT t=12407 TX ua=95 mt=P len=0
PKT t=12416 RX ua=95 mt=R len=7
PKT t=12421 TX ua=95 mt=P len=0
PKT t=12430 RX ua=95 mt=R len=7
PKT t=12435 TX ua=95 mt=P len=0
PKT t=12444 RX ua=95 mt=R len=7
PKT t=12471 TX ua=95 mt=P len=0
PKT t=12489 RX ua=95 mt=R len=7
PKT t=12494 TX ua=95 mt=P len=0
PKT t=12503 RX ua=95 mt=R len=7
PKT t=12508 TX ua=95 mt=P len=0
PKT t=12517 RX ua=95 mt=R len=7
PKT t=12522 TX ua=95 mt=P len=0
PKT t=12531 RX ua=95 mt=R len=7
PKT t=12536 TX ua=95 mt=P len=0
PKT t=12545 RX ua=95 mt=R len=7
PKT t=12571 TX ua=95 mt=P len=0
PKT t=12589 RX ua=95 mt=R len=7
PKT t=12594 TX ua=95 mt=P len=0
PKT t=12603 RX ua=95 mt=R len=7
PKT t=12608 TX ua=95 mt=P len=0
PKT t=12617 RX ua=95 mt=R len=7
PKT t=12622 TX ua=95 mt=T len=7
PKT t=12634 TX ua=95 mt=P len=0
PKT t=12643 RX ua=95 mt=R len=7
PKT t=12671 TX ua=95 mt=P len=0
PKT t=12689 RX ua=95 mt=R len=7
PKT t=12694 TX ua=95 mt=P len=0
PKT t=12703 RX ua=95 mt=R len=7
PKT t=12708 TX ua=95 mt=P len=0
PKT t=12717 RX ua=95 mt=R len=7
PKT t=12722 TX ua=95 mt=P len=0
PKT t=12731 RX ua=95 mt=R len=7
PKT t=12736 TX ua=95 mt=P len=0
PKT t=12745 RX ua=95 mt=R len=7
PKT t=12771 TX ua=95 mt=P len=0
PKT t=12789 RX ua=95 mt=R len=7
PKT t=12794 TX ua=95 mt=P len=0
PKT t=12803 RX ua=95 mt=R len=7
PKT t=12808 TX ua=95 mt=P len=0
PKT t=12817 RX ua=95 mt=R len=7
PKT t=12822 TX ua=95 mt=P len=0
PKT t=12831 RX ua=95 mt=R len=7
PKT t=12836 TX ua=95 mt=P len=0
PKT t=12845 RX ua=95 mt=R len=7
PKT t=12871 TX ua=95 mt=P len=0
PKT t=12889 RX ua=95 mt=R len=7
PKT t=12894 TX ua=95 mt=T len=7
PKT t=12906 TX ua=95 mt=P len=0
PKT t=12915 RX ua=95 mt=R len=7
PKT t=12920 TX ua=95 mt=P len=0
PKT t=12929 RX ua=95 mt=R len=7
PKT t=12934 TX ua=95 mt=P len=0
PKT t=12943 RX ua=95 mt=R len=7
PKT t=12971 TX ua=95 mt=P len=0
PKT t=12989 RX ua=95 mt=R len=7
PKT t=12994 TX ua=95 mt=P len=0
PKT t=13003 RX ua=95 mt=R len=7
PKT t=13008 TX ua=95 mt=P len=0
PKT t=13017 RX ua=95 mt=R len=7
PKT t=13022 TX ua=95 mt=P len=0
PKT t=13031 RX ua=95 mt=R len=7
PKT t=13036 TX ua=95 mt=P len=0
PKT t=13045 RX ua=95 mt=R len=7
PKT t=13071 TX ua=95 mt=P len=0
PKT t=13089 RX ua=95 mt=R len=7
PKT t=13094 TX ua=95 mt=P len=0
PKT t=13103 RX ua=95 mt=R len=7
PKT t=13108 TX ua=95 mt=P len=0
PKT t=13117 RX ua=95 mt=R len=7
PKT t=13122 TX ua=95 mt=T len=7
PKT t=13135 TX ua=95 mt=P len=0
PKT t=13144 RX ua=95 mt=R len=7
PKT t=13171 TX ua=95 mt=P len=0
PKT t=13189 RX ua=95 mt=R len=7
PKT t=13194 TX ua=95 mt=P len=0
PKT t=13203 RX ua=95 mt=R len=7
PKT t=13208 TX ua=95 mt=P len=0
PKT t=13217 RX ua=95 mt=R len=7
PKT t=13222 TX ua=95 mt=P len=0
PKT t=13231 RX ua=95 mt=R len=7
PKT t=13236 TX ua=95 mt=P len=0
PKT t=13245 RX ua=95 mt=R len=7
PKT t=13271 TX ua=95 mt=P len=0
PKT t=13289 RX ua=95 mt=R len=7
PKT t=13294 TX ua=95 mt=P len=0
PKT t=13303 RX ua=95 mt=R len=7
PKT t=13308 TX ua=95 mt=P len=0
PKT t=13318 RX ua=95 mt=R len=7
PKT t=13323 TX ua=95 mt=P len=0
PKT t=13332 RX ua=95 mt=R len=7
PKT t=13337 TX ua=95 mt=P len=0
PKT t=13346 RX ua=95 mt=R len=7
PKT t=13371 TX ua=95 mt=P len=0
PKT t=13389 RX ua=95 mt=R len=7
PKT t=13394 TX ua=95 mt=T len=7
PKT t=13407 TX ua=95 mt=P len=0
PKT t=13417 RX ua=95 mt=R len=7
PKT t=13422 TX ua=95 mt=P len=0
PKT t=13432 RX ua=95 mt=R len=7
PKT t=13437 TX ua=95 mt=P len=0
PKT t=13471 RX ua=95 mt=R len=7
PKT t=13476 TX ua=95 mt=P len=0
PKT t=13489 RX ua=95 mt=R len=7
PKT t=13494 TX ua=95 mt=P len=0
PKT t=13504 RX ua=95 mt=R len=7
PKT t=13509 TX ua=95 mt=P len=0
PKT t=13519 RX ua=95 mt=R len=7
PKT t=13524 TX ua=95 mt=P len=0
PKT t=13534 RX ua=95 mt=R len=7
PKT t=13539 TX ua=95 mt=P len=0
PKT t=13571 RX ua=95 mt=R len=7
PKT t=13576 TX ua=95 mt=P len=0
PKT t=13589 RX ua=95 mt=R len=7
PKT t=13594 TX ua=95 mt=P len=0
PKT t=13604 RX ua=95 mt=R len=7
PKT t=13609 TX ua=95 mt=P len=0
PKT t=13619 RX ua=95 mt=R len=7
PKT t=13624 TX ua=95 mt=T len=7
PKT t=13637 TX ua=95 mt=P len=0
PKT t=13646 RX ua=95 mt=R len=7
PKT t=13671 TX ua=95 mt=P len=0
PKT t=13689 RX ua=95 mt=R len=7
PKT t=13694 TX ua=95 mt=P len=0
PKT t=13703 RX ua=95 mt=R len=7
PKT t=13708 TX ua=95 mt=P len=0
PKT t=13717 RX ua=95 mt=R len=7
PKT t=13722 TX ua=95 mt=P len=0
PKT t=13731 RX ua=95 mt=R len=7
PKT t=13736 TX ua=95 mt=P len=0
PKT t=13745 RX ua=95 mt=R len=7
PKT t=13771 TX ua=95 mt=P len=0
PKT t=13789 RX ua=95 mt=R len=7
PKT t=13794 TX ua=95 mt=P len=0
PKT t=13803 RX ua=95 mt=R len=7
PKT t=13808 TX ua=95 mt=P len=0
PKT t=13817 RX ua=95 mt=R len=7
PKT t=13822 TX ua=95 mt=P len=0
PKT t=13831 RX ua=95 mt=R len=7
PKT t=13836 TX ua=95 mt=P len=0
PKT t=13845 RX ua=95 mt=R len=7
PKT t=13871 TX ua=95 mt=P len=0
PKT t=13889 RX ua=95 mt=R len=7
PKT t=13894 TX ua=95 mt=T len=7
PKT t=13907 TX ua=95 mt=P len=0
PKT t=13916 RX ua=95 mt=R len=7
PKT t=13921 TX ua=95 mt=P len=0
PKT t=13930 RX ua=95 mt=R len=7
PKT t=13935 TX ua=95 mt=P len=0
PKT t=13944 RX ua=95 mt=R len=7
PKT t=13971 TX ua=95 mt=P len=0
PKT t=13989 RX ua=95 mt=R len=7
PKT t=13994 TX ua=95 mt=P len=0
PKT t=14003 RX ua=95 mt=R len=7
PKT t=14011 TX ua=95 mt=P len=0
PKT t=14020 RX ua=95 mt=R len=7
PKT t=14025 TX ua=95 mt=P len=0
PKT t=14034 RX ua=95 mt=R len=7
PKT t=14039 TX ua=95 mt=P len=0
PKT t=14071 RX ua=95 mt=R len=7
PKT t=14076 TX ua=95 mt=P len=0
PKT t=14089 RX ua=95 mt=R len=7
PKT t=14094 TX ua=95 mt=P len=0
PKT t=14103 RX ua=95 mt=R len=7
PKT t=14108 TX ua=95 mt=P len=0
PKT t=14117 RX ua=95 mt=R len=7
PKT t=14122 TX ua=95 mt=T len=7
PKT t=14134 TX ua=95 mt=P len=0
PKT t=14143 RX ua=95 mt=R len=7
PKT t=14171 TX ua=95 mt=P len=0
PKT t=14190 RX ua=95 mt=R len=7
PKT t=14195 TX ua=95 mt=P len=0
PKT t=14204 RX ua=95 mt=R len=7
PKT t=14209 TX ua=95 mt=P len=0
PKT t=14218 RX ua=95 mt=R len=7
PKT t=14223 TX ua=95 mt=P len=0
PKT t=14232 RX ua=95 mt=R len=7
PKT t=14237 TX ua=95 mt=P len=0
PKT t=14246 RX ua=95 mt=R len=7
PKT t=14271 TX ua=95 mt=P len=0
PKT t=14289 RX ua=95 mt=R len=7
PKT t=14294 TX ua=95 mt=P len=0
PKT t=14303 RX ua=95 mt=R len=7
PKT t=14308 TX ua=95 mt=P len=0
PKT t=14317 RX ua=95 mt=R len=7
PKT t=14322 TX ua=95 mt=P len=0
PKT t=14331 RX ua=95 mt=R len=7
PKT t=14336 TX ua=95 mt=P len=0
PKT t=14345 RX ua=95 mt=R len=7
PKT t=14371 TX ua=95 mt=P len=0
PKT t=14390 RX ua=95 mt=R len=7
PKT t=14395 TX ua=95 mt=T len=7
PKT t=14407 TX ua=95 mt=P len=0
PKT t=14417 RX ua=95 mt=R len=7
PKT t=14422 TX ua=95 mt=P len=0
PKT t=14431 RX ua=95 mt=R len=7
PKT t=14436 TX ua=95 mt=P len=0
PKT t=14445 RX ua=95 mt=R len=7
PKT t=14471 TX ua=95 mt=P len=0
PKT t=14489 RX ua=95 mt=R len=7
PKT t=14494 TX ua=95 mt=P len=0
PKT t=14503 RX ua=95 mt=R len=7
PKT t=14508 TX ua=95 mt=P len=0
PKT t=14517 RX ua=95 mt=R len=7
PKT t=14522 TX ua=95 mt=P len=0
PKT t=14531 RX ua=95 mt=R len=7
PKT t=14536 TX ua=95 mt=P len=0
PKT t=14545 RX ua=95 mt=R len=7
PKT t=14571 TX ua=95 mt=P len=0
PKT t=14589 RX ua=95 mt=R len=7
PKT t=14594 TX ua=95 mt=P len=0
PKT t=14603 RX ua=95 mt=R len=7
PKT t=14608 TX ua=95 mt=P len=0
PKT t=14617 RX ua=95 mt=R len=7
PKT t=14622 TX ua=95 mt=T len=7
PKT t=14634 TX ua=95 mt=P len=0
PKT t=14643 RX ua=95 mt=R len=7
PKT t=14671 TX ua=95 mt=P len=0
PKT t=14689 RX ua=95 mt=R len=7
PKT t=14694 TX ua=95 mt=P len=0
PKT t=14703 RX ua=95 mt=R len=7
PKT t=14708 TX ua=95 mt=P len=0
PKT t=14717 RX ua=95 mt=R len=7
PKT t=14722 TX ua=95 mt=P len=0
PKT t=14731 RX ua=95 mt=R len=7
PKT t=14736 TX ua=95 mt=P len=0
PKT t=14745 RX ua=95 mt=R len=7
PKT t=14771 TX ua=95 mt=P len=0
PKT t=14789 RX ua=95 mt=R len=7
PKT t=14794 TX ua=95 mt=P len=0
PKT t=14803 RX ua=95 mt=R len=7
PKT t=14808 TX ua=95 mt=P len=0
PKT t=14817 RX ua=95 mt=R len=7
PKT t=14822 TX ua=95 mt=P len=0
PKT t=14831 RX ua=95 mt=R len=7
PKT t=14836 TX ua=95 mt=P len=0
PKT t=14845 RX ua=95 mt=R len=7
PKT t=14871 TX ua=95 mt=P len=0
PKT t=14889 RX ua=95 mt=R len=7
PKT t=14894 TX ua=95 mt=T len=7
PKT t=14906 TX ua=95 mt=P len=0
PKT t=14915 RX ua=95 mt=R len=7
PKT t=14920 TX ua=95 mt=P len=0
PKT t=14929 RX ua=95 mt=R len=7
PKT t=14934 TX ua=95 mt=P len=0
PKT t=14943 RX ua=95 mt=R len=7
PKT t=14971 TX ua=95 mt=P len=0
PKT t=14989 RX ua=95 mt=R len=7
PKT t=14994 TX ua=95 mt=P len=0
PKT t=15003 RX ua=95 mt=R len=7
PKT t=15008 TX ua=95 mt=P len=0
PKT t=15017 RX ua=95 mt=R len=7
PKT t=15022 TX ua=95 mt=P len=0
PKT t=15031 RX ua=95 mt=R len=7
PKT t=15036 TX ua=95 mt=P len=0
PKT t=15045 RX ua=95 mt=R len=7
PKT t=15071 TX ua=95 mt=P len=0
PKT t=15089 RX ua=95 mt=R len=7
PKT t=15094 TX ua=95 mt=P len=0
PKT t=15103 RX ua=95 mt=R len=7
PKT t=15108 TX ua=95 mt=P len=0
PKT t=15117 RX ua=95 mt=R len=7
PKT t=15122 TX ua=95 mt=T len=7
PKT t=15134 TX ua=95 mt=P len=0
PKT t=15143 RX ua=95 mt=R len=7
PKT t=15171 TX ua=95 mt=P len=0
PKT t=15189 RX ua=95 mt=R len=7
PKT t=15194 TX ua=95 mt=P len=0
PKT t=15203 RX ua=95 mt=R len=7
PKT t=15208 TX ua=95 mt=P len=0
PKT t=15217 RX ua=95 mt=R len=7
PKT t=15222 TX ua=95 mt=P len=0
PKT t=15231 RX ua=95 mt=R len=7
PKT t=15236 TX ua=95 mt=P len=0
PKT t=15245 RX ua=95 mt=R len=7
PKT t=15271 TX ua=95 mt=P len=0
PKT t=15289 RX ua=95 mt=R len=7
PKT t=15294 TX ua=95 mt=P len=0
PKT t=15303 RX ua=95 mt=R len=7
PKT t=15308 TX ua=95 mt=P len=0
PKT t=15317 RX ua=95 mt=R len=7
PKT t=15322 TX ua=95 mt=P len=0
PKT t=15331 RX ua=95 mt=R len=7
PKT t=15336 TX ua=95 mt=P len=0
PKT t=15345 RX ua=95 mt=R len=7
PKT t=15371 TX ua=95 mt=P len=0
PKT t=15389 RX ua=95 mt=R len=7
PKT t=15394 TX ua=95 mt=T len=7
PKT t=15406 TX ua=95 mt=P len=0
PKT t=15416 RX ua=95 mt=R len=7
PKT t=15421 TX ua=95 mt=P len=0
PKT t=15431 RX ua=95 mt=R len=7
PKT t=15436 TX ua=95 mt=P len=0
PKT t=15446 RX ua=95 mt=R len=7
PKT t=15471 TX ua=95 mt=P len=0
PKT t=15489 RX ua=95 mt=R len=7
PKT t=15494 TX ua=95 mt=P len=0
PKT t=15504 RX ua=95 mt=R len=7
PKT t=15509 TX ua=95 mt=P len=0
PKT t=15519 RX ua=95 mt=R len=7
PKT t=15524 TX ua=95 mt=P len=0
PKT t=15534 RX ua=95 mt=R len=7
PKT t=15539 TX ua=95 mt=P len=0
PKT t=15571 RX ua=95 mt=R len=7
PKT t=15576 TX ua=95 mt=P len=0
PKT t=15589 RX ua=95 mt=R len=7
PKT t=15594 TX ua=95 mt=P len=0
PKT t=15604 RX ua=95 mt=R len=7
PKT t=15609 TX ua=95 mt=P len=0
PKT t=15619 RX ua=95 mt=R len=7
PKT t=15624 TX ua=95 mt=T len=7
PKT t=15636 TX ua=95 mt=P len=0
PKT t=15645 RX ua=95 mt=R len=7
PKT t=15671 TX ua=95 mt=P len=0
PKT t=15689 RX ua=95 mt=R len=7
PKT t=15694 TX ua=95 mt=P len=0
PKT t=15703 RX ua=95 mt=R len=7
PKT t=15708 TX ua=95 mt=P len=0
PKT t=15717 RX ua=95 mt=R len=7
PKT t=15722 TX ua=95 mt=P len=0
PKT t=15731 RX ua=95 mt=R len=7
PKT t=15736 TX ua=95 mt=P len=0
PKT t=15745 RX ua=95 mt=R len=7
PKT t=15771 TX ua=95 mt=P len=0
PKT t=15789 RX ua=95 mt=R len=7
PKT t=15794 TX ua=95 mt=P len=0
PKT t=15803 RX ua=95 mt=R len=7
PKT t=15808 TX ua=95 mt=P len=0
PKT t=15817 RX ua=95 mt=R len=7
PKT t=15822 TX ua=95 mt=P len=0
PKT t=15831 RX ua=95 mt=R len=7
PKT t=15836 TX ua=95 mt=P len=0
PKT t=15845 RX ua=95 mt=R len=7
PKT t=15871 TX ua=95 mt=P len=0
PKT t=15889 RX ua=95 mt=R len=7
PKT t=15894 TX ua=95 mt=T len=7
PKT t=15906 TX ua=95 mt=P len=0
PKT t=15915 RX ua=95 mt=R len=7
PKT t=15920 TX ua=95 mt=P len=0
PKT t=15929 RX ua=95 mt=R len=7
PKT t=15934 TX ua=95 mt=P len=0
PKT t=15943 RX ua=95 mt=R len=7
PKT t=15971 TX ua=95 mt=P len=0
PKT t=15989 RX ua=95 mt=R len=7
PKT t=15994 TX ua=95 mt=P len=0
PKT t=16003 RX ua=95 mt=R len=7
PKT t=16012 TX ua=95 mt=P len=0
PKT t=16021 RX ua=95 mt=R len=7
PKT t=16026 TX ua=95 mt=P len=0
PKT t=16035 RX ua=95 mt=R len=7
PKT t=16040 TX ua=95 mt=P len=0
PKT t=16071 RX ua=95 mt=R len=7
PKT t=16076 TX ua=95 mt=P len=0
PKT t=16089 RX ua=95 mt=R len=7
PKT t=16094 TX ua=95 mt=P len=0
PKT t=16103 RX ua=95 mt=R len=7
PKT t=16108 TX ua=95 mt=P len=0
PKT t=16117 RX ua=95 mt=R len=7
PKT t=16122 TX ua=95 mt=T len=7
PKT t=16134 TX ua=95 mt=P len=0
PKT t=16143 RX ua=95 mt=R len=7
PKT t=16171 TX ua=95 mt=P len=0
PKT t=16189 RX ua=95 mt=R len=7
PKT t=16194 TX ua=95 mt=P len=0
PKT t=16203 RX ua=95 mt=R len=7
PKT t=16208 TX ua=95 mt=P len=0
PKT t=16217 RX ua=95 mt=R len=7
PKT t=16222 TX ua=95 mt=P len=0
PKT t=16231 RX ua=95 mt=R len=7
PKT t=16236 TX ua=95 mt=P len=0
PKT t=16245 RX ua=95 mt=R len=7
PKT t=16271 TX ua=95 mt=P len=0
PKT t=16289 RX ua=95 mt=R len=7
PKT t=16294 TX ua=95 mt=P len=0
PKT t=16303 RX ua=95 mt=R len=7
PKT t=16308 TX ua=95 mt=P len=0
PKT t=16317 RX ua=95 mt=R len=7
PKT t=16322 TX ua=95 mt=P len=0
PKT t=16331 RX ua=95 mt=R len=7
PKT t=16336 TX ua=95 mt=P len=0
PKT t=16345 RX ua=95 mt=R len=7
PKT t=16371 TX ua=95 mt=P len=0
PKT t=16389 RX ua=95 mt=R len=7
PKT t=16394 TX ua=95 mt=T len=7
PKT t=16406 TX ua=95 mt=P len=0
PKT t=16415 RX ua=95 mt=R len=7
PKT t=16420 TX ua=95 mt=P len=0
PKT t=16429 RX ua=95 mt=R len=7
PKT t=16434 TX ua=95 mt=P len=0
PKT t=16443 RX ua=95 mt=R len=7
PKT t=16471 TX ua=95 mt=P len=0
PKT t=16489 RX ua=95 mt=R len=7
PKT t=16494 TX ua=95 mt=P len=0
PKT t=16503 RX ua=95 mt=R len=7
PKT t=16508 TX ua=95 mt=P len=0
PKT t=16517 RX ua=95 mt=R len=7
PKT t=16522 TX ua=95 mt=P len=0
PKT t=16531 RX ua=95 mt=R len=7
PKT t=16536 TX ua=95 mt=P len=0
PKT t=16545 RX ua=95 mt=R len=7
PKT t=16571 TX ua=95 mt=P len=0
PKT t=16589 RX ua=95 mt=R len=7
PKT t=16594 TX ua=95 mt=P len=0
PKT t=16603 RX ua=95 mt=R len=7
PKT t=16608 TX ua=95 mt=P len=0
PKT t=16617 RX ua=95 mt=R len=7
PKT t=16622 TX ua=95 mt=T len=7
PKT t=16634 TX ua=95 mt=P len=0
PKT t=16643 RX ua=95 mt=R len=7
PKT t=16671 TX ua=95 mt=P len=0
PKT t=16689 RX ua=95 mt=R len=7
PKT t=16694 TX ua=95 mt=P len=0
PKT t=16703 RX ua=95 mt=R len=7
PKT t=16708 TX ua=95 mt=P len=0
PKT t=16717 RX ua=95 mt=R len=7
PKT t=16722 TX ua=95 mt=P len=0
PKT t=16731 RX ua=95 mt=R len=7
PKT t=16736 TX ua=95 mt=P len=0
PKT t=16745 RX ua=95 mt=R len=7
PKT t=16771 TX ua=95 mt=P len=0
PKT t=16789 RX ua=95 mt=R len=7
PKT t=16794 TX ua=95 mt=P len=0
PKT t=16803 RX ua=95 mt=R len=7
PKT t=16808 TX ua=95 mt=P len=0
PKT t=16817 RX ua=95 mt=R len=7
PKT t=16822 TX ua=95 mt=P len=0
PKT t=16831 RX ua=95 mt=R len=7
PKT t=16836 TX ua=95 mt=P len=0
PKT t=16845 RX ua=95 mt=R len=7
PKT t=16871 TX ua=95 mt=P len=0
PKT t=16889 RX ua=95 mt=R len=7
PKT t=16894 TX ua=95 mt=T len=7
PKT t=16906 TX ua=95 mt=P len=0
PKT t=16915 RX ua=95 mt=R len=7
PKT t=16920 TX ua=95 mt=P len=0
PKT t=16929 RX ua=95 mt=R len=7
PKT t=16934 TX ua=95 mt=P len=0
PKT t=16943 RX ua=95 mt=R len=7
PKT t=16971 TX ua=95 mt=P len=0
PKT t=16989 RX ua=95 mt=R len=7
PKT t=16994 TX ua=95 mt=P len=0
PKT t=17003 RX ua=95 mt=R len=7
PKT t=17008 TX ua=95 mt=P len=0
PKT t=17017 RX ua=95 mt=R len=7
PKT t=17022 TX ua=95 mt=P len=0
PKT t=17031 RX ua=95 mt=R len=7
PKT t=17036 TX ua=95 mt=P len=0
PKT t=17045 RX ua=95 mt=R len=7
PKT t=17071 TX ua=95 mt=P len=0
PKT t=17089 RX ua=95 mt=R len=7
PKT t=17094 TX ua=95 mt=P len=0
PKT t=17103 RX ua=95 mt=R len=7
PKT t=17108 TX ua=95 mt=P len=0
PKT t=17117 RX ua=95 mt=R len=7
PKT t=17122 TX ua=95 mt=T len=7
PKT t=17134 TX ua=95 mt=P len=0
PKT t=17143 RX ua=95 mt=R len=7
PKT t=17171 TX ua=95 mt=P len=0
PKT t=17189 RX ua=95 mt=R len=7
PKT t=17194 TX ua=95 mt=P len=0
PKT t=17203 RX ua=95 mt=R len=7
PKT t=17208 TX ua=95 mt=P len=0
PKT t=17217 RX ua=95 mt=R len=7
PKT t=17222 TX ua=95 mt=P len=0
PKT t=17231 RX ua=95 mt=R len=7
PKT t=17236 TX ua=95 mt=P len=0
PKT t=17245 RX ua=95 mt=R len=7
PKT t=17271 TX ua=95 mt=P len=0
PKT t=17289 RX ua=95 mt=R len=7
PKT t=17294 TX ua=95 mt=P len=0
PKT t=17303 RX ua=95 mt=R len=7
PKT t=17308 TX ua=95 mt=P len=0
PKT t=17317 RX ua=95 mt=R len=7
PKT t=17322 TX ua=95 mt=P len=0
PKT t=17331 RX ua=95 mt=R len=7
PKT t=17336 TX ua=95 mt=P len=0
PKT t=17345 RX ua=95 mt=R len=7
PKT t=17371 TX ua=95 mt=P len=0
PKT t=17389 RX ua=95 mt=R len=7
PKT t=17394 TX ua=95 mt=T len=7
PKT t=17406 TX ua=95 mt=P len=0
PKT t=17416 RX ua=95 mt=R len=7
PKT t=17421 TX ua=95 mt=P len=0
PKT t=17431 RX ua=95 mt=R len=7
PKT t=17436 TX ua=95 mt=P len=0
PKT t=17446 RX ua=95 mt=R len=7
PKT t=17471 TX ua=96 mt=I len=13
PKT t=17979 TX ua=96 mt=T len=4
PKT t=17990 TX ua=95 mt=P len=0
PKT t=18000 RX ua=95 mt=R len=7
PKT t=18005 TX ua=96 mt=P len=0
PKT t=18276 TX ua=95 mt=P len=0
PKT t=18286 RX ua=95 mt=R len=7
PKT t=18291 TX ua=95 mt=T len=7
PKT t=18304 TX ua=95 mt=P len=0
PKT t=18313 RX ua=95 mt=R len=7
PKT t=18318 TX ua=95 mt=T len=7
PKT t=18331 TX ua=95 mt=P len=0
PKT t=18340 RX ua=95 mt=R len=7
PKT t=18345 TX ua=95 mt=P len=0
PKT t=18371 RX ua=95 mt=R len=7
PKT t=18626 TX ua=96 mt=P len=0
PKT t=18884 TX ua=95 mt=P len=0
PKT t=18893 RX ua=95 mt=R len=7
PKT t=18898 TX ua=95 mt=T len=7
PKT t=18911 TX ua=95 mt=P len=0
PKT t=18920 RX ua=95 mt=R len=7
PKT t=18925 TX ua=95 mt=P len=0
PKT t=18934 RX ua=95 mt=R len=7
PKT t=18939 TX ua=95 mt=P len=0
PKT t=18971 RX ua=95 mt=R len=7
PKT t=18976 TX ua=95 mt=P len=0
PKT t=18989 RX ua=95 mt=R len=7
PKT t=18994 TX ua=95 mt=P len=0
PKT t=19003 RX ua=95 mt=R len=7
PKT t=19008 TX ua=95 mt=P len=0
PKT t=19017 RX ua=95 mt=R len=7
PKT t=19022 TX ua=95 mt=P len=0
PKT t=19031 RX ua=95 mt=R len=7
PKT t=19036 TX ua=95 mt=P len=0
PKT t=19045 RX ua=95 mt=R len=7
PKT t=19071 TX ua=95 mt=P len=0
PKT t=19089 RX ua=95 mt=R len=7
PKT t=19094 TX ua=95 mt=P len=0
PKT t=19103 RX ua=95 mt=R len=7
PKT t=19108 TX ua=95 mt=P len=0
PKT t=19117 RX ua=95 mt=R len=7
PKT t=19122 TX ua=95 mt=T len=7
PKT t=19134 TX ua=95 mt=P len=0
PKT t=19143 RX ua=95 mt=R len=7
PKT t=19171 TX ua=95 mt=P len=0
PKT t=19189 RX ua=95 mt=R len=7
PKT t=19194 TX ua=95 mt=P len=0
PKT t=19203 RX ua=95 mt=R len=7
PKT t=19208 TX ua=95 mt=P len=0
PKT t=19217 RX ua=95 mt=R len=7
PKT t=19222 TX ua=95 mt=P len=0
PKT t=19231 RX ua=95 mt=R len=7
PKT t=19236 TX ua=95 mt=P len=0
PKT t=19245 RX ua=95 mt=R len=7
PKT t=19271 TX ua=95 mt=P len=0
PKT t=19289 RX ua=95 mt=R len=7
PKT t=19294 TX ua=95 mt=P len=0
PKT t=19303 RX ua=95 mt=R len=7
PKT t=19308 TX ua=95 mt=P len=0
PKT t=19317 RX ua=95 mt=R len=7
PKT t=19322 TX ua=95 mt=P len=0
PKT t=19331 RX ua=95 mt=R len=7
PKT t=19336 TX ua=95 mt=P len=0
PKT t=19345 RX ua=95 mt=R len=7
PKT t=19371 TX ua=95 mt=P len=0
PKT t=19389 RX ua=95 mt=R len=7
PKT t=19394 TX ua=95 mt=T len=7
PKT t=19406 TX ua=95 mt=P len=0
PKT t=19416 RX ua=95 mt=R len=7
PKT t=19421 TX ua=95 mt=P len=0
PKT t=19431 RX ua=95 mt=R len=7
PKT t=19436 TX ua=95 mt=P len=0
PKT t=19446 RX ua=95 mt=R len=7
PKT t=19471 TX ua=95 mt=P len=0
PKT t=19489 RX ua=95 mt=R len=7
PKT t=19494 TX ua=95 mt=P len=0
PKT t=19504 RX ua=95 mt=R len=7
PKT t=19509 TX ua=95 mt=P len=0
PKT t=19519 RX ua=95 mt=R len=7
PKT t=19524 TX ua=95 mt=P len=0
PKT t=19534 RX ua=95 mt=R len=7
PKT t=19539 TX ua=95 mt=P len=0
PKT t=19571 RX ua=95 mt=R len=7
PKT t=19576 TX ua=95 mt=P len=0
PKT t=19589 RX ua=95 mt=R len=7
PKT t=19594 TX ua=95 mt=P len=0
PKT t=19604 RX ua=95 mt=R len=7
PKT t=19609 TX ua=95 mt=P len=0
PKT t=19619 RX ua=95 mt=R len=7
PKT t=19624 TX ua=95 mt=T len=7
PKT t=19636 TX ua=95 mt=P len=0
PKT t=19645 RX ua=95 mt=R len=7
PKT t=19671 TX ua=95 mt=P len=0
PKT t=19689 RX ua=95 mt=R len=7
PKT t=19694 TX ua=95 mt=P len=0
PKT t=19703 RX ua=95 mt=R len=7
PKT t=19708 TX ua=95 mt=P len=0
PKT t=19717 RX ua=95 mt=R len=7
PKT t=19722 TX ua=95 mt=P len=0
PKT t=19732 RX ua=95 mt=R len=7
PKT t=19737 TX ua=95 mt=P len=0
PKT t=19746 RX ua=95 mt=R len=7
PKT t=19771 TX ua=95 mt=P len=0
PKT t=19789 RX ua=95 mt=R len=7
PKT t=19794 TX ua=95 mt=P len=0
PKT t=19803 RX ua=95 mt=R len=7
PKT t=19808 TX ua=95 mt=P len=0
PKT t=19817 RX ua=95 mt=R len=7
PKT t=19822 TX ua=95 mt=P len=0
PKT t=19831 RX ua=95 mt=R len=7
PKT t=19836 TX ua=95 mt=P len=0
PKT t=19845 RX ua=95 mt=R len=7
PKT t=19871 TX ua=95 mt=P len=0
PKT t=19889 RX ua=95 mt=R len=7
PKT t=19894 TX ua=95 mt=T len=7
PKT t=19906 TX ua=95 mt=P len=0
PKT t=19915 RX ua=95 mt=R len=7
PKT t=19920 TX ua=95 mt=P len=0
PKT t=19929 RX ua=95 mt=R len=7
PKT t=19934 TX ua=95 mt=P len=0
PKT t=19943 RX ua=95 mt=R len=7
PKT t=19971 TX ua=95 mt=P len=0
PKT t=19989 RX ua=95 mt=R len=7
PKT t=19994 TX ua=95 mt=P len=0
PKT t=20003 RX ua=95 mt=R len=7
PKT t=20008 TX ua=95 mt=P len=0
PKT t=20017 RX ua=95 mt=R len=7
PKT t=20022 TX ua=95 mt=P len=0
PKT t=20031 RX ua=95 mt=R len=7
PKT t=20036 TX ua=95 mt=P len=0
PKT t=20045 RX ua=95 mt=R len=7
PKT t=20071 TX ua=95 mt=P len=0
PKT t=20089 RX ua=95 mt=R len=7
PKT t=20094 TX ua=95 mt=P len=0
PKT t=20103 RX ua=95 mt=R len=7
PKT t=20108 TX ua=95 mt=P len=0
PKT t=20117 RX ua=95 mt=R len=7
PKT t=20122 TX ua=95 mt=T len=7
PKT t=20134 TX ua=95 mt=P len=0
PKT t=20143 RX ua=95 mt=R len=7
PKT t=20171 TX ua=95 mt=P len=0
PKT t=20189 RX ua=95 mt=R len=7
PKT t=20194 TX ua=95 mt=P len=0
PKT t=20203 RX ua=95 mt=R len=7
PKT t=20208 TX ua=95 mt=P len=0
PKT t=20217 RX ua=95 mt=R len=7
PKT t=20222 TX ua=95 mt=P len=0
PKT t=20231 RX ua=95 mt=R len=7
PKT t=20236 TX ua=95 mt=P len=0
PKT t=20245 RX ua=95 mt=R len=7
PKT t=20271 TX ua=95 mt=P len=0
PKT t=20289 RX ua=95 mt=R len=7
PKT t=20294 TX ua=95 mt=P len=0
PKT t=20303 RX ua=95 mt=R len=7
PKT t=20308 TX ua=95 mt=P len=0
PKT t=20317 RX ua=95 mt=R len=7
PKT t=20322 TX ua=95 mt=P len=0
PKT t=20331 RX ua=95 mt=R len=7
PKT t=20336 TX ua=95 mt=P len=0
PKT t=20345 RX ua=95 mt=R len=7
PKT t=20371 TX ua=95 mt=P len=0
PKT t=20390 RX ua=95 mt=R len=7
PKT t=20395 TX ua=95 mt=T len=7
PKT t=20407 TX ua=95 mt=P len=0
PKT t=20416 RX ua=95 mt=R len=7
PKT t=20421 TX ua=95 mt=P len=0
PKT t=20430 RX ua=95 mt=R len=7
PKT t=20435 TX ua=95 mt=P len=0
PKT t=20444 RX ua=95 mt=R len=7
PKT t=20471 TX ua=95 mt=P len=0
PKT t=20489 RX ua=95 mt=R len=7
PKT t=20494 TX ua=95 mt=P len=0
PKT t=20503 RX ua=95 mt=R len=7
PKT t=20508 TX ua=95 mt=P len=0
PKT t=20517 RX ua=95 mt=R len=7
PKT t=20522 TX ua=95 mt=P len=0
PKT t=20531 RX ua=95 mt=R len=7
PKT t=20536 TX ua=95 mt=P len=0
PKT t=20545 RX ua=95 mt=R len=7
PKT t=20571 TX ua=95 mt=P len=0
PKT t=20589 RX ua=95 mt=R len=7
PKT t=20594 TX ua=95 mt=P len=0
PKT t=20603 RX ua=95 mt=R len=7
PKT t=20608 TX ua=95 mt=P len=0
PKT t=20617 RX ua=95 mt=R len=7
PKT t=20622 TX ua=95 mt=T len=7
PKT t=20634 TX ua=95 mt=P len=0
PKT t=20643 RX ua=95 mt=R len=7
PKT t=20671 TX ua=95 mt=P len=0
PKT t=20689 RX ua=95 mt=R len=7
PKT t=20694 TX ua=95 mt=P len=0
PKT t=20703 RX ua=95 mt=R len=7
PKT t=20708 TX ua=95 mt=P len=0
PKT t=20717 RX ua=95 mt=R len=7
PKT t=20722 TX ua=95 mt=P len=0
PKT t=20731 RX ua=95 mt=R len=7
PKT t=20736 TX ua=95 mt=P len=0
PKT t=20745 RX ua=95 mt=R len=7
PKT t=20771 TX ua=95 mt=P len=0
PKT t=20789 RX ua=95 mt=R len=7
PKT t=20794 TX ua=95 mt=P len=0
PKT t=20803 RX ua=95 mt=R len=7
PKT t=20808 TX ua=95 mt=P len=0
PKT t=20817 RX ua=95 mt=R len=7
PKT t=20822 TX ua=95 mt=P len=0
PKT t=20831 RX ua=95 mt=R len=7
PKT t=20836 TX ua=95 mt=P len=0
PKT t=20845 RX ua=95 mt=R len=7
PKT t=20871 TX ua=95 mt=P len=0
PKT t=20889 RX ua=95 mt=R len=7
PKT t=20894 TX ua=95 mt=T len=7
PKT t=20906 TX ua=95 mt=P len=0
PKT t=20915 RX ua=95 mt=R len=7
PKT t=20920 TX ua=95 mt=P len=0
PKT t=20929 RX ua=95 mt=R len=7
PKT t=20934 TX ua=95 mt=P len=0
PKT t=20943 RX ua=95 mt=R len=7
PKT t=20971 TX ua=95 mt=P len=0
PKT t=20989 RX ua=95 mt=R len=7
PKT t=20994 TX ua=95 mt=P len=0
PKT t=21003 RX ua=95 mt=R len=7
PKT t=21008 TX ua=95 mt=P len=0
PKT t=21018 RX ua=95 mt=R len=7
PKT t=21022 TX ua=95 mt=P len=0
PKT t=21031 RX ua=95 mt=R len=7
PKT t=21036 TX ua=95 mt=P len=0
PKT t=21045 RX ua=95 mt=R len=7
PKT t=21071 TX ua=95 mt=P len=0
PKT t=21089 RX ua=95 mt=R len=7
PKT t=21094 TX ua=95 mt=P len=0
PKT t=21103 RX ua=95 mt=R len=7
PKT t=21108 TX ua=95 mt=P len=0
PKT t=21117 RX ua=95 mt=R len=7
PKT t=21122 TX ua=95 mt=T len=7
PKT t=21135 TX ua=95 mt=P len=0
PKT t=21144 RX ua=95 mt=R len=7
PKT t=21171 TX ua=95 mt=P len=0
PKT t=21189 RX ua=95 mt=R len=7
PKT t=21194 TX ua=95 mt=P len=0
PKT t=21203 RX ua=95 mt=R len=7
PKT t=21208 TX ua=95 mt=P len=0
PKT t=21217 RX ua=95 mt=R len=7
PKT t=21222 TX ua=95 mt=P len=0
PKT t=21231 RX ua=95 mt=R len=7
PKT t=21236 TX ua=95 mt=P len=0
PKT t=21246 RX ua=95 mt=R len=7
PKT t=21271 TX ua=95 mt=P len=0
PKT t=21289 RX ua=95 mt=R len=7
PKT t=21294 TX ua=95 mt=P len=0
PKT t=21303 RX ua=95 mt=R len=7
PKT t=21308 TX ua=95 mt=P len=0
PKT t=21317 RX ua=95 mt=R len=7
PKT t=21322 TX ua=95 mt=P len=0
PKT t=21331 RX ua=95 mt=R len=7
PKT t=21336 TX ua=95 mt=P len=0
PKT t=21345 RX ua=95 mt=R len=7
PKT t=21371 TX ua=95 mt=P len=0
PKT t=21389 RX ua=95 mt=R len=7
PKT t=21394 TX ua=95 mt=T len=7
PKT t=21407 TX ua=95 mt=P len=0
PKT t=21417 RX ua=95 mt=R len=7
PKT t=21422 TX ua=95 mt=P len=0
PKT t=21432 RX ua=95 mt=R len=7
PKT t=21437 TX ua=95 mt=P len=0
PKT t=21471 RX ua=95 mt=R len=7
PKT t=21476 TX ua=95 mt=P len=0
PKT t=21490 RX ua=95 mt=R len=7
PKT t=21495 TX ua=95 mt=P len=0
PKT t=21505 RX ua=95 mt=R len=7
PKT t=21510 TX ua=95 mt=P len=0
PKT t=21520 RX ua=95 mt=R len=7
PKT t=21525 TX ua=95 mt=P len=0
PKT t=21535 RX ua=95 mt=R len=7
PKT t=21540 TX ua=95 mt=P len=0
PKT t=21571 RX ua=95 mt=R len=7
PKT t=21576 TX ua=95 mt=P len=0
PKT t=21590 RX ua=95 mt=R len=7
PKT t=21594 TX ua=95 mt=P len=0
PKT t=21604 RX ua=95 mt=R len=7
PKT t=21609 TX ua=95 mt=P len=0
PKT t=21619 RX ua=95 mt=R len=7
PKT t=21624 TX ua=95 mt=T len=7
PKT t=21637 TX ua=95 mt=P len=0
PKT t=21646 RX ua=95 mt=R len=7
PKT t=21671 TX ua=95 mt=P len=0
PKT t=21689 RX ua=95 mt=R len=7
PKT t=21694 TX ua=95 mt=P len=0
PKT t=21703 RX ua=95 mt=R len=7
PKT t=21708 TX ua=95 mt=P len=0
PKT t=21717 RX ua=95 mt=R len=7
PKT t=21722 TX ua=95 mt=P len=0
PKT t=21731 RX ua=95 mt=R len=7
PKT t=21736 TX ua=95 mt=P len=0
PKT t=21745 RX ua=95 mt=R len=7
PKT t=21771 TX ua=95 mt=P len=0
PKT t=21789 RX ua=95 mt=R len=7
PKT t=21794 TX ua=95 mt=P len=0
PKT t=21803 RX ua=95 mt=R len=7
PKT t=21808 TX ua=95 mt=P len=0
PKT t=21817 RX ua=95 mt=R len=7
PKT t=21822 TX ua=95 mt=P len=0
PKT t=21831 RX ua=95 mt=R len=7
PKT t=21836 TX ua=95 mt=P len=0
PKT t=21845 RX ua=95 mt=R len=7
PKT t=21871 TX ua=95 mt=P len=0
PKT t=21889 RX ua=95 mt=R len=7
PKT t=21894 TX ua=95 mt=T len=7
PKT t=21907 TX ua=95 mt=P len=0
PKT t=21916 RX ua=95 mt=R len=7
PKT t=21921 TX ua=95 mt=P len=0
PKT t=21930 RX ua=95 mt=R len=7
PKT t=21935 TX ua=95 mt=P len=0
PKT t=21944 RX ua=95 mt=R len=7
PKT t=21971 TX ua=95 mt=P len=0
PKT t=21989 RX ua=95 mt=R len=7
PKT t=21994 TX ua=95 mt=P len=0
PKT t=22003 RX ua=95 mt=R len=7
PKT t=22008 TX ua=95 mt=P len=0
PKT t=22017 RX ua=95 mt=R len=7
PKT t=22022 TX ua=95 mt=P len=0
PKT t=22031 RX ua=95 mt=R len=7
PKT t=22036 TX ua=95 mt=P len=0
PKT t=22045 RX ua=95 mt=R len=7
PKT t=22071 TX ua=95 mt=P len=0
PKT t=22089 RX ua=95 mt=R len=7
PKT t=22094 TX ua=95 mt=P len=0
PKT t=22103 RX ua=95 mt=R len=7
PKT t=22108 TX ua=95 mt=P len=0
PKT t=22117 RX ua=95 mt=R len=7
PKT t=22122 TX ua=95 mt=T len=7
PKT t=22134 TX ua=95 mt=P len=0
PKT t=22143 RX ua=95 mt=R len=7
PKT t=22171 TX ua=95 mt=P len=0
PKT t=22189 RX ua=95 mt=R len=7
PKT t=22194 TX ua=95 mt=P len=0
PKT t=22203 RX ua=95 mt=R len=7
PKT t=22208 TX ua=95 mt=P len=0
PKT t=22217 RX ua=95 mt=R len=7
PKT t=22222 TX ua=95 mt=P len=0
PKT t=22231 RX ua=95 mt=R len=7
PKT t=22236 TX ua=95 mt=P len=0
PKT t=22245 RX ua=95 mt=R len=7
PKT t=22271 TX ua=95 mt=P len=0
PKT t=22289 RX ua=95 mt=R len=7
PKT t=22294 TX ua=95 mt=P len=0
PKT t=22303 RX ua=95 mt=R len=7
PKT t=22308 TX ua=95 mt=P len=0
PKT t=22317 RX ua=95 mt=R len=7
PKT t=22322 TX ua=95 mt=P len=0
PKT t=22331 RX ua=95 mt=R len=7
PKT t=22336 TX ua=95 mt=P len=0
PKT t=22345 RX ua=95 mt=R len=7
PKT t=22371 TX ua=95 mt=P len=0
PKT t=22389 RX ua=95 mt=R len=7
PKT t=22394 TX ua=95 mt=T len=7
PKT t=22406 TX ua=95 mt=P len=0
PKT t=22415 RX ua=95 mt=R len=7
PKT t=22420 TX ua=95 mt=P len=0
PKT t=22429 RX ua=95 mt=R len=7
PKT t=22434 TX ua=95 mt=P len=0
PKT t=22443 RX ua=95 mt=R len=7
PKT t=22471 TX ua=95 mt=P len=0
PKT t=22489 RX ua=95 mt=R len=7
PKT t=22494 TX ua=95 mt=P len=0
PKT t=22503 RX ua=95 mt=R len=7
PKT t=22508 TX ua=95 mt=P len=0
PKT t=22517 RX ua=95 mt=R len=7
PKT t=22522 TX ua=95 mt=P len=0
PKT t=22531 RX ua=95 mt=R len=7
PKT t=22536 TX ua=95 mt=P len=0
PKT t=22545 RX ua=95 mt=R len=7
PKT t=22571 TX ua=95 mt=P len=0
PKT t=22589 RX ua=95 mt=R len=7
PKT t=22594 TX ua=95 mt=P len=0
PKT t=22603 RX ua=95 mt=R len=7
PKT t=22608 TX ua=95 mt=P len=0
PKT t=22617 RX ua=95 mt=R len=7
PKT t=22622 TX ua=95 mt=T len=7
PKT t=22634 TX ua=95 mt=P len=0
PKT t=22644 RX ua=95 mt=R len=7
PKT t=22671 TX ua=95 mt=P len=0
PKT t=22689 RX ua=95 mt=R len=7
PKT t=22694 TX ua=95 mt=P len=0
PKT t=22703 RX ua=95 mt=R len=7
PKT t=22708 TX ua=95 mt=P len=0
PKT t=22717 RX ua=95 mt=R len=7
PKT t=22722 TX ua=95 mt=P len=0
PKT t=22731 RX ua=95 mt=R len=7
PKT t=22736 TX ua=95 mt=P len=0
PKT t=22745 RX ua=95 mt=R len=7
PKT t=22771 TX ua=95 mt=P len=0
PKT t=22789 RX ua=95 mt=R len=7
PKT t=22794 TX ua=95 mt=P len=0
PKT t=22803 RX ua=95 mt=R len=7
PKT t=22808 TX ua=95 mt=P len=0
PKT t=22817 RX ua=95 mt=R len=7
PKT t=22822 TX ua=95 mt=P len=0
PKT t=22831 RX ua=95 mt=R len=7
PKT t=22836 TX ua=95 mt=P len=0
PKT t=22845 RX ua=95 mt=R len=7
PKT t=22871 TX ua=95 mt=P len=0
PKT t=22889 RX ua=95 mt=R len=7
PKT t=22894 TX ua=95 mt=T len=7
PKT t=22906 TX ua=95 mt=P len=0
PKT t=22915 RX ua=95 mt=R len=7
PKT t=22920 TX ua=95 mt=P len=0
PKT t=22929 RX ua=95 mt=R len=7
PKT t=22934 TX ua=95 mt=P len=0
PKT t=22943 RX ua=95 mt=R len=7
PKT t=22971 TX ua=95 mt=P len=0
PKT t=22989 RX ua=95 mt=R len=7
PKT t=22994 TX ua=95 mt=P len=0
PKT t=23003 RX ua=95 mt=R len=7
PKT t=23008 TX ua=95 mt=P len=0
PKT t=23017 RX ua=95 mt=R len=7
PKT t=23022 TX ua=95 mt=P len=0
PKT t=23031 RX ua=95 mt=R len=7
PKT t=23036 TX ua=95 mt=P len=0
PKT t=23045 RX ua=95 mt=R len=7
PKT t=23071 TX ua=95 mt=P len=0
PKT t=23089 RX ua=95 mt=R len=7
PKT t=23094 TX ua=95 mt=P len=0
PKT t=23103 RX ua=95 mt=R len=7
PKT t=23108 TX ua=95 mt=P len=0
PKT t=23117 RX ua=95 mt=R len=7
PKT t=23122 TX ua=95 mt=T len=7
PKT t=23134 TX ua=95 mt=P len=0
PKT t=23143 RX ua=95 mt=R len=7
PKT t=23171 TX ua=95 mt=P len=0
PKT t=23189 RX ua=95 mt=R len=7
PKT t=23194 TX ua=95 mt=P len=0
PKT t=23203 RX ua=95 mt=R len=7
PKT t=23208 TX ua=95 mt=P len=0
PKT t=23217 RX ua=95 mt=R len=7
PKT t=23222 TX ua=95 mt=P len=0
PKT t=23231 RX ua=95 mt=R len=7
PKT t=23236 TX ua=95 mt=P len=0
PKT t=23245 RX ua=95 mt=R len=7
PKT t=23271 TX ua=95 mt=P len=0
PKT t=23289 RX ua=95 mt=R len=7
PKT t=23294 TX ua=95 mt=P len=0
PKT t=23303 RX ua=95 mt=R len=7
PKT t=23308 TX ua=95 mt=P len=0
PKT t=23317 RX ua=95 mt=R len=7
PKT t=23322 TX ua=95 mt=P len=0
PKT t=23331 RX ua=95 mt=R len=7
PKT t=23336 TX ua=95 mt=P len=0
PKT t=23345 RX ua=95 mt=R len=7
PKT t=23371 TX ua=95 mt=P len=0
PKT t=23389 RX ua=95 mt=R len=7
PKT t=23394 TX ua=95 mt=T len=7
PKT t=23406 TX ua=95 mt=P len=0
PKT t=23416 RX ua=95 mt=R len=7
PKT t=23421 TX ua=95 mt=P len=0
PKT t=23431 RX ua=95 mt=R len=7
PKT t=23436 TX ua=95 mt=P len=0
PKT t=23446 RX ua=95 mt=R len=7
PKT t=23471 TX ua=95 mt=P len=0
PKT t=23489 RX ua=95 mt=R len=7
PKT t=23494 TX ua=95 mt=P len=0
PKT t=23504 RX ua=95 mt=R len=7
PKT t=23509 TX ua=95 mt=P len=0
PKT t=23519 RX ua=95 mt=R len=7
PKT t=23524 TX ua=95 mt=P len=0
PKT t=23534 RX ua=95 mt=R len=7
PKT t=23539 TX ua=95 mt=P len=0
PKT t=23571 RX ua=95 mt=R len=7
PKT t=23576 TX ua=95 mt=P len=0
PKT t=23589 RX ua=95 mt=R len=7
PKT t=23594 TX ua=95 mt=P len=0
PKT t=23604 RX ua=95 mt=R len=7
PKT t=23609 TX ua=95 mt=P len=0
PKT t=23619 RX ua=95 mt=R len=7
PKT t=23624 TX ua=95 mt=T len=7
PKT t=23636 TX ua=95 mt=P len=0
PKT t=23645 RX ua=95 mt=R len=7
PKT t=23671 TX ua=95 mt=P len=0
PKT t=23689 RX ua=95 mt=R len=7
PKT t=23694 TX ua=95 mt=P len=0
PKT t=23703 RX ua=95 mt=R len=7
PKT t=23708 TX ua=95 mt=P len=0
PKT t=23717 RX ua=95 mt=R len=7
PKT t=23722 TX ua=95 mt=P len=0
PKT t=23731 RX ua=95 mt=R len=7
PKT t=23736 TX ua=95 mt=P len=0
PKT t=23745 RX ua=95 mt=R len=7
PKT t=23771 TX ua=95 mt=P len=0
PKT t=23789 RX ua=95 mt=R len=7
PKT t=23794 TX ua=95 mt=P len=0
PKT t=23803 RX ua=95 mt=R len=7
PKT t=23808 TX ua=95 mt=P len=0
PKT t=23817 RX ua=95 mt=R len=7
PKT t=23822 TX ua=95 mt=P len=0
PKT t=23831 RX ua=95 mt=R len=7
PKT t=23836 TX ua=95 mt=P len=0
PKT t=23845 RX ua=95 mt=R len=7
PKT t=23871 TX ua=95 mt=P len=0
PKT t=23889 RX ua=95 mt=R len=7
PKT t=23894 TX ua=95 mt=T len=7
PKT t=23906 TX ua=95 mt=P len=0
PKT t=23915 RX ua=95 mt=R len=7
PKT t=23920 TX ua=95 mt=P len=0
PKT t=23929 RX ua=95 mt=R len=7
PKT t=23934 TX ua=95 mt=P len=0
PKT t=23943 RX ua=95 mt=R len=7
PKT t=23971 TX ua=95 mt=P len=0
PKT t=23989 RX ua=95 mt=R len=7
PKT t=23994 TX ua=95 mt=P len=0
PKT t=24003 RX ua=95 mt=R len=7
PKT t=24008 TX ua=95 mt=P len=0
PKT t=24017 RX ua=95 mt=R len=7
PKT t=24022 TX ua=95 mt=P len=0
PKT t=24031 RX ua=95 mt=R len=7
PKT t=24036 TX ua=95 mt=P len=0
PKT t=24045 RX ua=95 mt=R len=7
PKT t=24071 TX ua=95 mt=P len=0
PKT t=24089 RX ua=95 mt=R len=7
PKT t=24094 TX ua=95 mt=P len=0
PKT t=24103 RX ua=95 mt=R len=7
PKT t=24108 TX ua=95 mt=P len=0
PKT t=24117 RX ua=95 mt=R len=7
PKT t=24122 TX ua=95 mt=T len=7
PKT t=24134 TX ua=95 mt=P len=0
PKT t=24143 RX ua=95 mt=R len=7
PKT t=24171 TX ua=95 mt=P len=0
PKT t=24189 RX ua=95 mt=R len=7
PKT t=24194 TX ua=95 mt=P len=0
PKT t=24203 RX ua=95 mt=R len=7
PKT t=24208 TX ua=95 mt=P len=0
PKT t=24217 RX ua=95 mt=R len=7
PKT t=24222 TX ua=95 mt=P len=0
PKT t=24231 RX ua=95 mt=R len=7
PKT t=24236 TX ua=95 mt=P len=0
PKT t=24245 RX ua=95 mt=R len=7
PKT t=24271 TX ua=95 mt=P len=0
PKT t=24289 RX ua=95 mt=R len=7
PKT t=24294 TX ua=95 mt=P len=0
PKT t=24303 RX ua=95 mt=R len=7
PKT t=24308 TX ua=95 mt=P len=0
PKT t=24317 RX ua=95 mt=R len=7
PKT t=24322 TX ua=95 mt=P len=0
PKT t=24331 RX ua=95 mt=R len=7
PKT t=24336 TX ua=95 mt=P len=0
PKT t=24345 RX ua=95 mt=R len=7
PKT t=24371 TX ua=95 mt=P len=0
PKT t=24389 RX ua=95 mt=R len=7
PKT t=24394 TX ua=95 mt=T len=7
PKT t=24406 TX ua=95 mt=P len=0
PKT t=24415 RX ua=95 mt=R len=7
PKT t=24420 TX ua=95 mt=P len=0
PKT t=24429 RX ua=95 mt=R len=7
PKT t=24434 TX ua=95 mt=P len=0
PKT t=24443 RX ua=95 mt=R len=7
PKT t=24471 TX ua=95 mt=P len=0
PKT t=24489 RX ua=95 mt=R len=7
PKT t=24494 TX ua=95 mt=P len=0
PKT t=24503 RX ua=95 mt=R len=7
PKT t=24508 TX ua=95 mt=P len=0
PKT t=24517 RX ua=95 mt=R len=7
PKT t=24522 TX ua=95 mt=P len=0
PKT t=24531 RX ua=95 mt=R len=7
PKT t=24536 TX ua=95 mt=P len=0
PKT t=24545 RX ua=95 mt=R len=7
PKT t=24571 TX ua=95 mt=P len=0
PKT t=24589 RX ua=95 mt=R len=7
PKT t=24594 TX ua=95 mt=P len=0
PKT t=24603 RX ua=95 mt=R len=7
PKT t=24608 TX ua=95 mt=P len=0
PKT t=24617 RX ua=95 mt=R len=7
PKT t=24622 TX ua=95 mt=T len=7
PKT t=24634 TX ua=95 mt=P len=0
PKT t=24643 RX ua=95 mt=R len=7
PKT t=24671 TX ua=95 mt=P len=0
PKT t=24689 RX ua=95 mt=R len=7
PKT t=24694 TX ua=95 mt=P len=0
PKT t=24703 RX ua=95 mt=R len=7
PKT t=24708 TX ua=95 mt=P len=0
PKT t=24717 RX ua=95 mt=R len=7
PKT t=24722 TX ua=95 mt=P len=0
PKT t=24731 RX ua=95 mt=R len=7
PKT t=24736 TX ua=95 mt=P len=0
PKT t=24745 RX ua=95 mt=R len=7
PKT t=24771 TX ua=95 mt=P len=0
PKT t=24789 RX ua=95 mt=R len=7
PKT t=24794 TX ua=95 mt=P len=0
PKT t=24803 RX ua=95 mt=R len=7
PKT t=24808 TX ua=95 mt=P len=0
PKT t=24817 RX ua=95 mt=R len=7
PKT t=24822 TX ua=95 mt=P len=0
PKT t=24831 RX ua=95 mt=R len=7
PKT t=24836 TX ua=95 mt=P len=0
PKT t=24845 RX ua=95 mt=R len=7
PKT t=24871 TX ua=95 mt=P len=0
PKT t=24889 RX ua=95 mt=R len=7
PKT t=24894 TX ua=95 mt=T len=7
PKT t=24906 TX ua=95 mt=P len=0
PKT t=24915 RX ua=95 mt=R len=7
PKT t=24920 TX ua=95 mt=P len=0
PKT t=24929 RX ua=95 mt=R len=7
PKT t=24934 TX ua=95 mt=P len=0
PKT t=24943 RX ua=95 mt=R len=7
PKT t=24971 TX ua=95 mt=P len=0
PKT t=24989 RX ua=95 mt=R len=7
PKT t=24994 TX ua=95 mt=P len=0
PKT t=25003 RX ua=95 mt=R len=7
PKT t=25008 TX ua=95 mt=P len=0
PKT t=25017 RX ua=95 mt=R len=7
PKT t=25022 TX ua=95 mt=P len=0
PKT t=25032 RX ua=95 mt=R len=7
PKT t=25037 TX ua=95 mt=P len=0
PKT t=25046 RX ua=95 mt=R len=7
PKT t=25071 TX ua=95 mt=P len=0
PKT t=25089 RX ua=95 mt=R len=7
PKT t=25094 TX ua=95 mt=P len=0
PKT t=25103 RX ua=95 mt=R len=7
PKT t=25108 TX ua=95 mt=P len=0
PKT t=25117 RX ua=95 mt=R len=7
PKT t=25122 TX ua=95 mt=T len=7
PKT t=25134 TX ua=95 mt=P len=0
PKT t=25143 RX ua=95 mt=R len=7
PKT t=25171 TX ua=95 mt=P len=0
PKT t=25189 RX ua=95 mt=R len=7
PKT t=25194 TX ua=95 mt=P len=0
PKT t=25204 RX ua=95 mt=R len=7
PKT t=25209 TX ua=95 mt=P len=0
PKT t=25218 RX ua=95 mt=R len=7
PKT t=25223 TX ua=95 mt=P len=0
PKT t=25232 RX ua=95 mt=R len=7
PKT t=25237 TX ua=95 mt=P len=0
PKT t=25246 RX ua=95 mt=R len=7
PKT t=25271 TX ua=95 mt=P len=0
PKT t=25290 RX ua=95 mt=R len=7
PKT t=25294 TX ua=95 mt=P len=0
PKT t=25303 RX ua=95 mt=R len=7
PKT t=25308 TX ua=95 mt=P len=0
PKT t=25317 RX ua=95 mt=R len=7
PKT t=25322 TX ua=95 mt=P len=0
PKT t=25331 RX ua=95 mt=R len=7
PKT t=25336 TX ua=95 mt=P len=0
PKT t=25346 RX ua=95 mt=R len=7
PKT t=25371 TX ua=95 mt=P len=0
PKT t=25389 RX ua=95 mt=R len=7
PKT t=25394 TX ua=95 mt=T len=7
PKT t=25406 TX ua=95 mt=P len=0
PKT t=25416 RX ua=95 mt=R len=7
PKT t=25421 TX ua=95 mt=P len=0
PKT t=25431 RX ua=95 mt=R len=7
PKT t=25436 TX ua=95 mt=P len=0
PKT t=25446 RX ua=95 mt=R len=7
PKT t=25471 TX ua=95 mt=P len=0
PKT t=25489 RX ua=95 mt=R len=7
PKT t=25494 TX ua=95 mt=P len=0
PKT t=25504 RX ua=95 mt=R len=7
PKT t=25509 TX ua=95 mt=P len=0
PKT t=25519 RX ua=95 mt=R len=7
PKT t=25524 TX ua=95 mt=P len=0
PKT t=25534 RX ua=95 mt=R len=7
PKT t=25539 TX ua=95 mt=P len=0
PKT t=25571 RX ua=95 mt=R len=7
PKT t=25576 TX ua=95 mt=P len=0
PKT t=25590 RX ua=95 mt=R len=7
PKT t=25595 TX ua=95 mt=P len=0
PKT t=25605 RX ua=95 mt=R len=7
PKT t=25610 TX ua=95 mt=P len=0
PKT t=25620 RX ua=95 mt=R len=7
PKT t=25625 TX ua=95 mt=T len=7
PKT t=25637 TX ua=95 mt=P len=0
PKT t=25646 RX ua=95 mt=R len=7
PKT t=25671 TX ua=95 mt=P len=0
PKT t=25690 RX ua=95 mt=R len=7
PKT t=25695 TX ua=95 mt=P len=0
PKT t=25704 RX ua=95 mt=R len=7
PKT t=25709 TX ua=95 mt=P len=0
PKT t=25718 RX ua=95 mt=R len=7
PKT t=25723 TX ua=95 mt=P len=0
PKT t=25732 RX ua=95 mt=R len=7
PKT t=25737 TX ua=95 mt=P len=0
PKT t=25746 RX ua=95 mt=R len=7
PKT t=25771 TX ua=95 mt=P len=0
PKT t=25789 RX ua=95 mt=R len=7
PKT t=25794 TX ua=95 mt=P len=0
PKT t=25804 RX ua=95 mt=R len=7
PKT t=25809 TX ua=95 mt=P len=0
PKT t=25818 RX ua=95 mt=R len=7
PKT t=25823 TX ua=95 mt=P len=0
PKT t=25832 RX ua=95 mt=R len=7
PKT t=25837 TX ua=95 mt=P len=0
PKT t=25846 RX ua=95 mt=R len=7
PKT t=25871 TX ua=95 mt=P len=0
PKT t=25889 RX ua=95 mt=R len=7
PKT t=25894 TX ua=95 mt=T len=7
PKT t=25906 TX ua=95 mt=P len=0
PKT t=25915 RX ua=95 mt=R len=7
PKT t=25920 TX ua=95 mt=P len=0
PKT t=25929 RX ua=95 mt=R len=7
PKT t=25934 TX ua=95 mt=P len=0
PKT t=25943 RX ua=95 mt=R len=7
PKT t=25971 TX ua=95 mt=P len=0
PKT t=25989 RX ua=95 mt=R len=7
PKT t=25994 TX ua=95 mt=P len=0
PKT t=26003 RX ua=95 mt=R len=7
PKT t=26008 TX ua=95 mt=P len=0
PKT t=26017 RX ua=95 mt=R len=7
PKT t=26022 TX ua=95 mt=P len=0
PKT t=26031 RX ua=95 mt=R len=7
PKT t=26036 TX ua=95 mt=P len=0
PKT t=26045 RX ua=95 mt=R len=7
PKT t=26071 TX ua=95 mt=P len=0
PKT t=26090 RX ua=95 mt=R len=7
PKT t=26095 TX ua=95 mt=P len=0
PKT t=26104 RX ua=95 mt=R len=7
PKT t=26109 TX ua=95 mt=P len=0
PKT t=26118 RX ua=95 mt=R len=7
PKT t=26123 TX ua=95 mt=T len=7
PKT t=26136 TX ua=95 mt=P len=0
PKT t=26145 RX ua=95 mt=R len=7
PKT t=26171 TX ua=95 mt=T len=7
PKT t=26184 TX ua=95 mt=P len=0
PKT t=26193 RX ua=95 mt=R len=7
PKT t=26198 TX ua=95 mt=P len=0
PKT t=26207 RX ua=95 mt=R len=7
PKT t=26212 TX ua=95 mt=P len=0
PKT t=26221 RX ua=95 mt=R len=7
PKT t=26226 TX ua=95 mt=P len=0
PKT t=26235 RX ua=95 mt=R len=7
PKT t=26240 TX ua=95 mt=P len=0
PKT t=26271 RX ua=95 mt=R len=7
PKT t=26276 TX ua=95 mt=P len=0
PKT t=26290 RX ua=95 mt=R len=7
PKT t=26295 TX ua=95 mt=P len=0
PKT t=26304 RX ua=95 mt=R len=7
PKT t=26309 TX ua=95 mt=P len=0
PKT t=26318 RX ua=95 mt=R len=7
PKT t=26323 TX ua=95 mt=P len=0
PKT t=26332 RX ua=95 mt=R len=7
PKT t=26337 TX ua=95 mt=P len=0
PKT t=26346 RX ua=95 mt=R len=7
PKT t=26371 TX ua=95 mt=P len=0
PKT t=26390 RX ua=95 mt=R len=7
PKT t=26395 TX ua=95 mt=T len=7
PKT t=26408 TX ua=95 mt=P len=0
PKT t=26417 RX ua=95 mt=R len=7
PKT t=26422 TX ua=95 mt=P len=0
PKT t=26431 RX ua=95 mt=R len=7
PKT t=26436 TX ua=95 mt=P len=0
PKT t=26445 RX ua=95 mt=R len=7
PKT t=26471 TX ua=95 mt=P len=0
PKT t=26489 RX ua=95 mt=R len=7
PKT t=26494 TX ua=95 mt=P len=0
PKT t=26503 RX ua=95 mt=R len=7
PKT t=26508 TX ua=95 mt=P len=0
PKT t=26517 RX ua=95 mt=R len=7
PKT t=26522 TX ua=95 mt=P len=0
PKT t=26531 RX ua=95 mt=R len=7
PKT t=26536 TX ua=95 mt=P len=0
PKT t=26545 RX ua=95 mt=R len=7
PKT t=26571 TX ua=95 mt=P len=0
PKT t=26589 RX ua=95 mt=R len=7
PKT t=26594 TX ua=95 mt=P len=0
PKT t=26603 RX ua=95 mt=R len=7
PKT t=26608 TX ua=95 mt=P len=0
PKT t=26617 RX ua=95 mt=R len=7
PKT t=26622 TX ua=95 mt=T len=7
PKT t=26635 TX ua=95 mt=P len=0
PKT t=26644 RX ua=95 mt=R len=7
PKT t=26671 TX ua=95 mt=P len=0
PKT t=26689 RX ua=95 mt=R len=7
PKT t=26694 TX ua=95 mt=P len=0
PKT t=26703 RX ua=95 mt=R len=7
PKT t=26708 TX ua=95 mt=P len=0
PKT t=26717 RX ua=95 mt=R len=7
PKT t=26722 TX ua=95 mt=P len=0
PKT t=26731 RX ua=95 mt=R len=7
PKT t=26736 TX ua=95 mt=P len=0
PKT t=26745 RX ua=95 mt=R len=7
PKT t=26771 TX ua=95 mt=P len=0
PKT t=26789 RX ua=95 mt=R len=7
PKT t=26794 TX ua=95 mt=P len=0
PKT t=26803 RX ua=95 mt=R len=7
PKT t=26808 TX ua=95 mt=P len=0
PKT t=26817 RX ua=95 mt=R len=7
PKT t=26822 TX ua=95 mt=P len=0
PKT t=26831 RX ua=95 mt=R len=7
PKT t=26836 TX ua=95 mt=P len=0
PKT t=26845 RX ua=95 mt=R len=7
PKT t=26871 TX ua=95 mt=P len=0
PKT t=26889 RX ua=95 mt=R len=7
PKT t=26894 TX ua=95 mt=T len=7
PKT t=26907 TX ua=95 mt=P len=0
PKT t=26916 RX ua=95 mt=R len=7
PKT t=26921 TX ua=95 mt=P len=0
PKT t=26930 RX ua=95 mt=R len=7
PKT t=26935 TX ua=95 mt=P len=0
PKT t=26944 RX ua=95 mt=R len=7
PKT t=26971 TX ua=95 mt=P len=0
PKT t=26989 RX ua=95 mt=R len=7
PKT t=26994 TX ua=95 mt=P len=0
PKT t=27003 RX ua=95 mt=R len=7
PKT t=27008 TX ua=95 mt=P len=0
PKT t=27017 RX ua=95 mt=R len=7
PKT t=27022 TX ua=95 mt=P len=0
PKT t=27031 RX ua=95 mt=R len=7
PKT t=27036 TX ua=95 mt=P len=0
PKT t=27046 RX ua=95 mt=R len=7
PKT t=27071 TX ua=95 mt=P len=0
PKT t=27089 RX ua=95 mt=R len=7
PKT t=27094 TX ua=95 mt=P len=0
PKT t=27103 RX ua=95 mt=R len=7
PKT t=27108 TX ua=95 mt=P len=0
PKT t=27117 RX ua=95 mt=R len=7
PKT t=27122 TX ua=95 mt=T len=7
PKT t=27134 TX ua=95 mt=P len=0
PKT t=27143 RX ua=95 mt=R len=7
PKT t=27171 TX ua=95 mt=P len=0
PKT t=27189 RX ua=95 mt=R len=7
PKT t=27194 TX ua=95 mt=P len=0
PKT t=27203 RX ua=95 mt=R len=7
PKT t=27208 TX ua=95 mt=P len=0
PKT t=27217 RX ua=95 mt=R len=7
PKT t=27222 TX ua=95 mt=P len=0
PKT t=27231 RX ua=95 mt=R len=7
PKT t=27236 TX ua=95 mt=P len=0
PKT t=27245 RX ua=95 mt=R len=7
PKT t=27271 TX ua=95 mt=P len=0
PKT t=27289 RX ua=95 mt=R len=7
PKT t=27294 TX ua=95 mt=P len=0
PKT t=27303 RX ua=95 mt=R len=7
PKT t=27308 TX ua=95 mt=P len=0
PKT t=27317 RX ua=95 mt=R len=7
PKT t=27322 TX ua=95 mt=P len=0
PKT t=27331 RX ua=95 mt=R len=7
PKT t=27336 TX ua=95 mt=P len=0
PKT t=27345 RX ua=95 mt=R len=7
PKT t=27371 TX ua=95 mt=P len=0
PKT t=27389 RX ua=95 mt=R len=7
PKT t=27394 TX ua=95 mt=T len=7
PKT t=27406 TX ua=95 mt=P len=0
PKT t=27416 RX ua=95 mt=R len=7
PKT t=27421 TX ua=95 mt=P len=0
PKT t=27431 RX ua=95 mt=R len=7
PKT t=27436 TX ua=95 mt=P len=0
PKT t=27446 RX ua=95 mt=R len=7
PKT t=27471 TX ua=95 mt=P len=0
PKT t=27489 RX ua=95 mt=R len=7
PKT t=27494 TX ua=95 mt=P len=0
PKT t=27504 RX ua=95 mt=R len=7
PKT t=27509 TX ua=95 mt=P len=0
PKT t=27519 RX ua=95 mt=R len=7
PKT t=27524 TX ua=95 mt=P len=0
PKT t=27534 RX ua=95 mt=R len=7
PKT t=27539 TX ua=95 mt=P len=0
PKT t=27571 RX ua=95 mt=R len=7
PKT t=27576 TX ua=95 mt=P len=0
PKT t=27589 RX ua=95 mt=R len=7
PKT t=27594 TX ua=95 mt=P len=0
PKT t=27604 RX ua=95 mt=R len=7
PKT t=27609 TX ua=95 mt=P len=0
PKT t=27619 RX ua=95 mt=R len=7
PKT t=27624 TX ua=95 mt=T len=7
PKT t=27636 TX ua=95 mt=P len=0
PKT t=27645 RX ua=95 mt=R len=7
PKT t=27671 TX ua=95 mt=P len=0
PKT t=27689 RX ua=95 mt=R len=7
PKT t=27694 TX ua=95 mt=P len=0
PKT t=27703 RX ua=95 mt=R len=7
PKT t=27708 TX ua=95 mt=P len=0
PKT t=27717 RX ua=95 mt=R len=7
PKT t=27722 TX ua=95 mt=P len=0
PKT t=27731 RX ua=95 mt=R len=7
PKT t=27736 TX ua=95 mt=P len=0
PKT t=27745 RX ua=95 mt=R len=7
PKT t=27771 TX ua=95 mt=P len=0
PKT t=27789 RX ua=95 mt=R len=7
PKT t=27794 TX ua=95 mt=P len=0
PKT t=27803 RX ua=95 mt=R len=7
PKT t=27808 TX ua=95 mt=P len=0
PKT t=27817 RX ua=95 mt=R len=7
PKT t=27822 TX ua=95 mt=P len=0
PKT t=27831 RX ua=95 mt=R len=7
PKT t=27836 TX ua=95 mt=P len=0
PKT t=27845 RX ua=95 mt=R len=7
PKT t=27871 TX ua=95 mt=P len=0
PKT t=27889 RX ua=95 mt=R len=7
PKT t=27894 TX ua=95 mt=T len=7
PKT t=27906 TX ua=95 mt=P len=0
PKT t=27915 RX ua=95 mt=R len=7
PKT t=27920 TX ua=95 mt=P len=0
PKT t=27929 RX ua=95 mt=R len=7
PKT t=27934 TX ua=95 mt=P len=0
PKT t=27943 RX ua=95 mt=R len=7
PKT t=27971 TX ua=95 mt=P len=0
PKT t=27989 RX ua=95 mt=R len=7
PKT t=27994 TX ua=95 mt=P len=0
PKT t=28003 RX ua=95 mt=R len=7
PKT t=28008 TX ua=95 mt=P len=0
PKT t=28018 RX ua=95 mt=R len=7
PKT t=28023 TX ua=95 mt=P len=0
PKT t=28032 RX ua=95 mt=R len=7
PKT t=28037 TX ua=95 mt=P len=0
PKT t=28046 RX ua=95 mt=R len=7
PKT t=28071 TX ua=95 mt=P len=0
PKT t=28089 RX ua=95 mt=R len=7
PKT t=28094 TX ua=95 mt=P len=0
PKT t=28103 RX ua=95 mt=R len=7
PKT t=28108 TX ua=95 mt=P len=0
PKT t=28117 RX ua=95 mt=R len=7
PKT t=28122 TX ua=95 mt=T len=7
PKT t=28134 TX ua=95 mt=P len=0
PKT t=28143 RX ua=95 mt=R len=7
PKT t=28171 TX ua=95 mt=P len=0
PKT t=28190 RX ua=95 mt=R len=7
PKT t=28195 TX ua=95 mt=P len=0
PKT t=28204 RX ua=95 mt=R len=7
PKT t=28209 TX ua=95 mt=P len=0
PKT t=28218 RX ua=95 mt=R len=7
PKT t=28223 TX ua=95 mt=P len=0
PKT t=28232 RX ua=95 mt=R len=7
PKT t=28237 TX ua=95 mt=P len=0
PKT t=28246 RX ua=95 mt=R len=7
PKT t=28271 TX ua=95 mt=P len=0
PKT t=28289 RX ua=95 mt=R len=7
PKT t=28294 TX ua=95 mt=P len=0
PKT t=28303 RX ua=95 mt=R len=7
PKT t=28308 TX ua=95 mt=P len=0
PKT t=28317 RX ua=95 mt=R len=7
PKT t=28322 TX ua=95 mt=P len=0
PKT t=28331 RX ua=95 mt=R len=7
PKT t=28336 TX ua=95 mt=P len=0
PKT t=28345 RX ua=95 mt=R len=7
PKT t=28371 TX ua=95 mt=P len=0
PKT t=28390 RX ua=95 mt=R len=7
PKT t=28395 TX ua=95 mt=T len=7
PKT t=28407 TX ua=95 mt=P len=0
PKT t=28416 RX ua=95 mt=R len=7
PKT t=28421 TX ua=95 mt=P len=0
PKT t=28430 RX ua=95 mt=R len=7
PKT t=28435 TX ua=95 mt=P len=0
PKT t=28444 RX ua=95 mt=R len=7
PKT t=28471 TX ua=95 mt=P len=0
PKT t=28489 RX ua=95 mt=R len=7
PKT t=28494 TX ua=95 mt=P len=0
PKT t=28503 RX ua=95 mt=R len=7
PKT t=28508 TX ua=95 mt=P len=0
PKT t=28517 RX ua=95 mt=R len=7
PKT t=28522 TX ua=95 mt=P len=0
PKT t=28531 RX ua=95 mt=R len=7
PKT t=28536 TX ua=95 mt=P len=0
PKT t=28545 RX ua=95 mt=R len=7
PKT t=28571 TX ua=95 mt=P len=0
PKT t=28589 RX ua=95 mt=R len=7
PKT t=28594 TX ua=95 mt=P len=0
PKT t=28603 RX ua=95 mt=R len=7
PKT t=28608 TX ua=95 mt=P len=0
PKT t=28617 RX ua=95 mt=R len=7
PKT t=28622 TX ua=95 mt=T len=7
PKT t=28634 TX ua=95 mt=P len=0
PKT t=28643 RX ua=95 mt=R len=7
PKT t=28671 TX ua=95 mt=P len=0
PKT t=28689 RX ua=95 mt=R len=7
PKT t=28694 TX ua=95 mt=P len=0
PKT t=28703 RX ua=95 mt=R len=7
PKT t=28708 TX ua=95 mt=P len=0
PKT t=28717 RX ua=95 mt=R len=7
PKT t=28722 TX ua=95 mt=P len=0
PKT t=28731 RX ua=95 mt=R len=7
PKT t=28736 TX ua=95 mt=P len=0
PKT t=28745 RX ua=95 mt=R len=7
PKT t=28771 TX ua=95 mt=P len=0
PKT t=28789 RX ua=95 mt=R len=7
PKT t=28794 TX ua=95 mt=P len=0
PKT t=28803 RX ua=95 mt=R len=7
PKT t=28808 TX ua=95 mt=P len=0
PKT t=28817 RX ua=95 mt=R len=7
PKT t=28822 TX ua=95 mt=P len=0
PKT t=28831 RX ua=95 mt=R len=7
PKT t=28836 TX ua=95 mt=P len=0
PKT t=28845 RX ua=95 mt=R len=7
PKT t=28871 TX ua=95 mt=P len=0
PKT t=28889 RX ua=95 mt=R len=7
PKT t=28894 TX ua=95 mt=T len=7
PKT t=28906 TX ua=95 mt=P len=0
PKT t=28915 RX ua=95 mt=R len=7
PKT t=28920 TX ua=95 mt=P len=0
PKT t=28929 RX ua=95 mt=R len=7
PKT t=28934 TX ua=95 mt=P len=0
PKT t=28943 RX ua=95 mt=R len=7
PKT t=28971 TX ua=95 mt=P len=0
PKT t=28989 RX ua=95 mt=R len=7
PKT t=28994 TX ua=95 mt=P len=0
PKT t=29003 RX ua=95 mt=R len=7
PKT t=29008 TX ua=95 mt=P len=0
PKT t=29017 RX ua=95 mt=R len=7
PKT t=29022 TX ua=95 mt=P len=0
PKT t=29031 RX ua=95 mt=R len=7
PKT t=29036 TX ua=95 mt=P len=0
PKT t=29045 RX ua=95 mt=R len=7
PKT t=29071 TX ua=95 mt=P len=0
PKT t=29089 RX ua=95 mt=R len=7
PKT t=29094 TX ua=95 mt=P len=0
PKT t=29103 RX ua=95 mt=R len=7
PKT t=29108 TX ua=95 mt=P len=0
PKT t=29117 RX ua=95 mt=R len=7
PKT t=29122 TX ua=95 mt=T len=7
PKT t=29135 TX ua=95 mt=P len=0
PKT t=29144 RX ua=95 mt=R len=7
PKT t=29171 TX ua=95 mt=P len=0
PKT t=29189 RX ua=95 mt=R len=7
PKT t=29194 TX ua=95 mt=P len=0
PKT t=29203 RX ua=95 mt=R len=7
PKT t=29208 TX ua=95 mt=P len=0
PKT t=29217 RX ua=95 mt=R len=7
PKT t=29222 TX ua=95 mt=P len=0
PKT t=29231 RX ua=95 mt=R len=7
PKT t=29236 TX ua=95 mt=P len=0
PKT t=29245 RX ua=95 mt=R len=7
PKT t=29271 TX ua=95 mt=P len=0
PKT t=29290 RX ua=95 mt=R len=7
PKT t=29294 TX ua=95 mt=P len=0
PKT t=29303 RX ua=95 mt=R len=7
PKT t=29308 TX ua=95 mt=P len=0
PKT t=29317 RX ua=95 mt=R len=7
PKT t=29322 TX ua=95 mt=P len=0
PKT t=29331 RX ua=95 mt=R len=7
PKT t=29336 TX ua=95 mt=P len=0
PKT t=29345 RX ua=95 mt=R len=7
PKT t=29371 TX ua=95 mt=P len=0
PKT t=29389 RX ua=95 mt=R len=7
PKT t=29394 TX ua=95 mt=T len=7
PKT t=29407 TX ua=95 mt=P len=0
PKT t=29417 RX ua=95 mt=R len=7
PKT t=29422 TX ua=95 mt=P len=0
PKT t=29432 RX ua=95 mt=R len=7
PKT t=29437 TX ua=95 mt=P len=0
PKT t=29471 RX ua=95 mt=R len=7
PKT t=29476 TX ua=95 mt=P len=0
PKT t=29489 RX ua=95 mt=R len=7
PKT t=29494 TX ua=95 mt=P len=0
PKT t=29504 RX ua=95 mt=R len=7
PKT t=29509 TX ua=95 mt=P len=0
PKT t=29519 RX ua=95 mt=R len=7
PKT t=29524 TX ua=95 mt=P len=0
PKT t=29534 RX ua=95 mt=R len=7
PKT t=29539 TX ua=95 mt=P len=0
PKT t=29571 RX ua=95 mt=R len=7
PKT t=29576 TX ua=95 mt=P len=0
PKT t=29589 RX ua=95 mt=R len=7
PKT t=29594 TX ua=95 mt=P len=0
PKT t=29604 RX ua=95 mt=R len=7
PKT t=29609 TX ua=95 mt=P len=0
PKT t=29619 RX ua=95 mt=R len=7
PKT t=29624 TX ua=95 mt=T len=7
PKT t=29637 TX ua=95 mt=P len=0
PKT t=29646 RX ua=95 mt=R len=7
PKT t=29671 TX ua=95 mt=P len=0
PKT t=29689 RX ua=95 mt=R len=7
PKT t=29694 TX ua=95 mt=P len=0
PKT t=29703 RX ua=95 mt=R len=7
PKT t=29708 TX ua=95 mt=P len=0
PKT t=29717 RX ua=95 mt=R len=7
PKT t=29722 TX ua=95 mt=P len=0
PKT t=29731 RX ua=95 mt=R len=7
PKT t=29736 TX ua=95 mt=P len=0
PKT t=29745 RX ua=95 mt=R len=7
PKT t=29771 TX ua=95 mt=P len=0
PKT t=29789 RX ua=95 mt=R len=7
PKT t=29794 TX ua=95 mt=P len=0
PKT t=29803 RX ua=95 mt=R len=7
PKT t=29808 TX ua=95 mt=P len=0
PKT t=29817 RX ua=95 mt=R len=7
PKT t=29822 TX ua=95 mt=P len=0
PKT t=29831 RX ua=95 mt=R len=7
PKT t=29836 TX ua=95 mt=P len=0
PKT t=29845 RX ua=95 mt=R len=7
PKT t=29871 TX ua=95 mt=P len=0
PKT t=29889 RX ua=95 mt=R len=7
PKT t=29894 TX ua=95 mt=T len=7
PKT t=29907 TX ua=95 mt=P len=0
PKT t=29916 RX ua=95 mt=R len=7
PKT t=29921 TX ua=95 mt=P len=0
PKT t=29930 RX ua=95 mt=R len=7
PKT t=29935 TX ua=95 mt=P len=0
PKT t=29944 RX ua=95 mt=R len=7
PKT t=29971 TX ua=95 mt=P len=0
PKT t=29989 RX ua=95 mt=R len=7
PKT t=29994 TX ua=95 mt=P len=0
PKT t=30003 RX ua=95 mt=R len=7
PKT t=30008 TX ua=95 mt=P len=0
PKT t=30019 RX ua=95 mt=R len=7
PKT t=30024 TX ua=95 mt=P len=0
PKT t=30033 RX ua=95 mt=R len=7
PKT t=30038 TX ua=95 mt=P len=0
PKT t=30071 RX ua=95 mt=R len=7
PKT t=30076 TX ua=95 mt=P len=0
PKT t=30089 RX ua=95 mt=R len=7
PKT t=30094 TX ua=95 mt=P len=0
PKT t=30103 RX ua=95 mt=R len=7
PKT t=30108 TX ua=95 mt=P len=0
PKT t=30117 RX ua=95 mt=R len=7
PKT t=30122 TX ua=95 mt=T len=7
PKT t=30134 TX ua=95 mt=P len=0
PKT t=30143 RX ua=95 mt=R len=7
PKT t=30171 TX ua=95 mt=P len=0
PKT t=30189 RX ua=95 mt=R len=7
PKT t=30194 TX ua=95 mt=P len=0
PKT t=30203 RX ua=95 mt=R len=7
PKT t=30208 TX ua=95 mt=P len=0
PKT t=30217 RX ua=95 mt=R len=7
PKT t=30222 TX ua=95 mt=P len=0
PKT t=30231 RX ua=95 mt=R len=7
PKT t=30236 TX ua=95 mt=P len=0
PKT t=30245 RX ua=95 mt=R len=7
PKT t=30271 TX ua=95 mt=P len=0
PKT t=30289 RX ua=95 mt=R len=7
PKT t=30294 TX ua=95 mt=P len=0
PKT t=30303 RX ua=95 mt=R len=7
PKT t=30308 TX ua=95 mt=P len=0
PKT t=30317 RX ua=95 mt=R len=7
PKT t=30322 TX ua=95 mt=P len=0
PKT t=30331 RX ua=95 mt=R len=7
PKT t=30336 TX ua=95 mt=P len=0
PKT t=30345 RX ua=95 mt=R len=7
PKT t=30371 TX ua=95 mt=P len=0
PKT t=30389 RX ua=95 mt=R len=7
PKT t=30394 TX ua=95 mt=T len=7
PKT t=30406 TX ua=95 mt=P len=0
PKT t=30415 RX ua=95 mt=R len=7
PKT t=30420 TX ua=95 mt=P len=0
PKT t=30429 RX ua=95 mt=R len=7
PKT t=30434 TX ua=95 mt=P len=0
PKT t=30443 RX ua=95 mt=R len=7
PKT t=30471 TX ua=95 mt=P len=0
PKT t=30489 RX ua=95 mt=R len=7
PKT t=30494 TX ua=95 mt=P len=0
PKT t=30503 RX ua=95 mt=R len=7
PKT t=30508 TX ua=95 mt=P len=0
PKT t=30517 RX ua=95 mt=R len=7
PKT t=30522 TX ua=95 mt=P len=0
PKT t=30531 RX ua=95 mt=R len=7
PKT t=30536 TX ua=95 mt=P len=0
PKT t=30545 RX ua=95 mt=R len=7
PKT t=30571 TX ua=95 mt=P len=0
PKT t=30589 RX ua=95 mt=R len=7
PKT t=30594 TX ua=95 mt=P len=0
PKT t=30603 RX ua=95 mt=R len=7
PKT t=30608 TX ua=95 mt=P len=0
PKT t=30617 RX ua=95 mt=R len=7
PKT t=30622 TX ua=95 mt=T len=7
PKT t=30634 TX ua=95 mt=P len=0
PKT t=30643 RX ua=95 mt=R len=7
PKT t=30671 TX ua=95 mt=P len=0
PKT t=30689 RX ua=95 mt=R len=7
PKT t=30694 TX ua=95 mt=P len=0
PKT t=30703 RX ua=95 mt=R len=7
PKT t=30708 TX ua=95 mt=P len=0
PKT t=30717 RX ua=95 mt=R len=7
PKT t=30722 TX ua=95 mt=P len=0
PKT t=30731 RX ua=95 mt=R len=7
PKT t=30736 TX ua=95 mt=P len=0
PKT t=30745 RX ua=95 mt=R len=7
PKT t=30771 TX ua=95 mt=P len=0
PKT t=30789 RX ua=95 mt=R len=7
PKT t=30794 TX ua=95 mt=P len=0
PKT t=30803 RX ua=95 mt=R len=7
PKT t=30808 TX ua=95 mt=P len=0
PKT t=30817 RX ua=95 mt=R len=7
PKT t=30822 TX ua=95 mt=P len=0
PKT t=30831 RX ua=95 mt=R len=7
PKT t=30836 TX ua=95 mt=P len=0
PKT t=30845 RX ua=95 mt=R len=7
PKT t=30871 TX ua=95 mt=P len=0
PKT t=30889 RX ua=95 mt=R len=7
PKT t=30894 TX ua=95 mt=T len=7
PKT t=30906 TX ua=95 mt=P len=0
PKT t=30915 RX ua=95 mt=R len=7
PKT t=30920 TX ua=95 mt=P len=0
PKT t=30929 RX ua=95 mt=R len=7
PKT t=30934 TX ua=95 mt=P len=0
PKT t=30943 RX ua=95 mt=R len=7
PKT t=30971 TX ua=95 mt=P len=0
PKT t=30989 RX ua=95 mt=R len=7
PKT t=30994 TX ua=95 mt=P len=0
PKT t=31003 RX ua=95 mt=R len=7
PKT t=31008 TX ua=95 mt=P len=0
PKT t=31017 RX ua=95 mt=R len=7
PKT t=31022 TX ua=95 mt=P len=0
PKT t=31031 RX ua=95 mt=R len=7
PKT t=31036 TX ua=95 mt=P len=0
PKT t=31045 RX ua=95 mt=R len=7
PKT t=31071 TX ua=95 mt=P len=0
PKT t=31089 RX ua=95 mt=R len=7
PKT t=31094 TX ua=95 mt=P len=0
PKT t=31103 RX ua=95 mt=R len=7
PKT t=31108 TX ua=95 mt=P len=0
PKT t=31117 RX ua=95 mt=R len=7
PKT t=31122 TX ua=95 mt=T len=7
PKT t=31134 TX ua=95 mt=P len=0
PKT t=31143 RX ua=95 mt=R len=7
PKT t=31171 TX ua=95 mt=P len=0
PKT t=31189 RX ua=95 mt=R len=7
PKT t=31194 TX ua=95 mt=P len=0
PKT t=31203 RX ua=95 mt=R len=7
PKT t=31208 TX ua=95 mt=P len=0
PKT t=31217 RX ua=95 mt=R len=7
PKT t=31222 TX ua=95 mt=P len=0
PKT t=31231 RX ua=95 mt=R len=7
PKT t=31236 TX ua=95 mt=P len=0
PKT t=31246 RX ua=95 mt=R len=7
PKT t=31271 TX ua=95 mt=P len=0
PKT t=31289 RX ua=95 mt=R len=7
PKT t=31294 TX ua=95 mt=P len=0
PKT t=31303 RX ua=95 mt=R len=7
PKT t=31308 TX ua=95 mt=P len=0
PKT t=31317 RX ua=95 mt=R len=7
PKT t=31322 TX ua=95 mt=P len=0
PKT t=31331 RX ua=95 mt=R len=7
PKT t=31336 TX ua=95 mt=P len=0
PKT t=31345 RX ua=95 mt=R len=7
PKT t=31371 TX ua=95 mt=P len=0
PKT t=31389 RX ua=95 mt=R len=7
PKT t=31394 TX ua=95 mt=T len=7
PKT t=31406 TX ua=95 mt=P len=0
PKT t=31416 RX ua=95 mt=R len=7
PKT t=31421 TX ua=95 mt=P len=0
PKT t=31431 RX ua=95 mt=R len=7
PKT t=31436 TX ua=95 mt=P len=0
PKT t=31446 RX ua=95 mt=R len=7
PKT t=31471 TX ua=95 mt=P len=0
PKT t=31490 RX ua=95 mt=R len=7
PKT t=31495 TX ua=95 mt=P len=0
PKT t=31505 RX ua=95 mt=R len=7
PKT t=31510 TX ua=95 mt=P len=0
PKT t=31520 RX ua=95 mt=R len=7
PKT t=31525 TX ua=95 mt=P len=0
PKT t=31535 RX ua=95 mt=R len=7
PKT t=31540 TX ua=95 mt=P len=0
PKT t=31571 RX ua=95 mt=R len=7
PKT t=31576 TX ua=95 mt=P len=0
PKT t=31589 RX ua=95 mt=R len=7
PKT t=31594 TX ua=95 mt=P len=0
PKT t=31604 RX ua=95 mt=R len=7
PKT t=31609 TX ua=95 mt=P len=0
PKT t=31619 RX ua=95 mt=R len=7
PKT t=31624 TX ua=95 mt=T len=7
PKT t=31636 TX ua=95 mt=P len=0
PKT t=31645 RX ua=95 mt=R len=7
PKT t=31671 TX ua=95 mt=P len=0
PKT t=31689 RX ua=95 mt=R len=7
PKT t=31694 TX ua=95 mt=P len=0
PKT t=31703 RX ua=95 mt=R len=7
PKT t=31708 TX ua=95 mt=P len=0
PKT t=31717 RX ua=95 mt=R len=7
PKT t=31722 TX ua=95 mt=P len=0
PKT t=31731 RX ua=95 mt=R len=7
PKT t=31736 TX ua=95 mt=P len=0
PKT t=31745 RX ua=95 mt=R len=7
PKT t=31771 TX ua=95 mt=P len=0
PKT t=31789 RX ua=95 mt=R len=7
PKT t=31794 TX ua=95 mt=P len=0
PKT t=31803 RX ua=95 mt=R len=7
PKT t=31808 TX ua=95 mt=P len=0
PKT t=31817 RX ua=95 mt=R len=7
PKT t=31822 TX ua=95 mt=P len=0
PKT t=31831 RX ua=95 mt=R len=7
PKT t=31836 TX ua=95 mt=P len=0
PKT t=31845 RX ua=95 mt=R len=7
PKT t=31871 TX ua=95 mt=P len=0
PKT t=31889 RX ua=95 mt=R len=7
PKT t=31894 TX ua=95 mt=T len=7
PKT t=31906 TX ua=95 mt=P len=0
PKT t=31915 RX ua=95 mt=R len=7
PKT t=31920 TX ua=95 mt=P len=0
PKT t=31929 RX ua=95 mt=R len=7
PKT t=31934 TX ua=95 mt=P len=0
PKT t=31943 RX ua=95 mt=R len=7
PKT t=31971 TX ua=95 mt=P len=0
PKT t=31989 RX ua=95 mt=R len=7
PKT t=31994 TX ua=95 mt=P len=0
PKT t=32003 RX ua=95 mt=R len=7
PKT t=32008 TX ua=95 mt=P len=0
PKT t=32020 RX ua=95 mt=R len=7
PKT t=32025 TX ua=95 mt=P len=0
PKT t=32034 RX ua=95 mt=R len=7
PKT t=32039 TX ua=95 mt=P len=0
PKT t=32071 RX ua=95 mt=R len=7
PKT t=32076 TX ua=95 mt=P len=0
PKT t=32089 RX ua=95 mt=R len=7
PKT t=32094 TX ua=95 mt=P len=0
PKT t=32103 RX ua=95 mt=R len=7
PKT t=32108 TX ua=95 mt=P len=0
PKT t=32117 RX ua=95 mt=R len=7
PKT t=32122 TX ua=95 mt=T len=7
PKT t=32134 TX ua=95 mt=P len=0
PKT t=32143 RX ua=95 mt=R len=7
PKT t=32171 TX ua=95 mt=P len=0
PKT t=32189 RX ua=95 mt=R len=7
PKT t=32194 TX ua=95 mt=P len=0
PKT t=32203 RX ua=95 mt=R len=7
PKT t=32208 TX ua=95 mt=P len=0
PKT t=32217 RX ua=95 mt=R len=7
PKT t=32222 TX ua=95 mt=P len=0
PKT t=32231 RX ua=95 mt=R len=7
PKT t=32236 TX ua=95 mt=P len=0
PKT t=32245 RX ua=95 mt=R len=7
PKT t=32271 TX ua=95 mt=P len=0
PKT t=32289 RX ua=95 mt=R len=7
PKT t=32294 TX ua=95 mt=P len=0
PKT t=32303 RX ua=95 mt=R len=7
PKT t=32308 TX ua=95 mt=P len=0
PKT t=32317 RX ua=95 mt=R len=7
PKT t=32322 TX ua=95 mt=P len=0
PKT t=32331 RX ua=95 mt=R len=7
PKT t=32336 TX ua=95 mt=P len=0
PKT t=32345 RX ua=95 mt=R len=7
PKT t=32371 TX ua=95 mt=P len=0
PKT t=32390 RX ua=95 mt=R len=7
PKT t=32395 TX ua=95 mt=T len=7
PKT t=32407 TX ua=95 mt=P len=0
PKT t=32416 RX ua=95 mt=R len=7
PKT t=32421 TX ua=95 mt=P len=0
PKT t=32430 RX ua=95 mt=R len=7
PKT t=32435 TX ua=95 mt=P len=0
PKT t=32444 RX ua=95 mt=R len=7
PKT t=32471 TX ua=95 mt=P len=0
PKT t=32489 RX ua=95 mt=R len=7
PKT t=32494 TX ua=95 mt=P len=0
PKT t=32503 RX ua=95 mt=R len=7
PKT t=32508 TX ua=95 mt=P len=0
PKT t=32517 RX ua=95 mt=R len=7
PKT t=32522 TX ua=95 mt=P len=0
PKT t=32531 RX ua=95 mt=R len=7
PKT t=32536 TX ua=95 mt=P len=0
PKT t=32545 RX ua=95 mt=R len=7
PKT t=32571 TX ua=95 mt=P len=0
PKT t=32589 RX ua=95 mt=R len=7
PKT t=32594 TX ua=95 mt=P len=0
PKT t=32603 RX ua=95 mt=R len=7
PKT t=32608 TX ua=95 mt=P len=0
PKT t=32617 RX ua=95 mt=R len=7
PKT t=32622 TX ua=95 mt=T len=7
PKT t=32634 TX ua=95 mt=P len=0
PKT t=32643 RX ua=95 mt=R len=7
PKT t=32671 TX ua=95 mt=P len=0
PKT t=32689 RX ua=95 mt=R len=7
PKT t=32694 TX ua=95 mt=P len=0
PKT t=32703 RX ua=95 mt=R len=7
PKT t=32708 TX ua=95 mt=P len=0
PKT t=32717 RX ua=95 mt=R len=7
PKT t=32722 TX ua=95 mt=P len=0
PKT t=32731 RX ua=95 mt=R len=7
PKT t=32736 TX ua=95 mt=P len=0
PKT t=32745 RX ua=95 mt=R len=7
PKT t=32771 TX ua=95 mt=P len=0
PKT t=32789 RX ua=95 mt=R len=7
PKT t=32794 TX ua=95 mt=P len=0
PKT t=32803 RX ua=95 mt=R len=7
PKT t=32808 TX ua=95 mt=P len=0
PKT t=32817 RX ua=95 mt=R len=7
PKT t=32822 TX ua=95 mt=P len=0
PKT t=32831 RX ua=95 mt=R len=7
PKT t=32836 TX ua=95 mt=P len=0
PKT t=32845 RX ua=95 mt=R len=7
PKT t=32871 TX ua=95 mt=P len=0
PKT t=32889 RX ua=95 mt=R len=7
PKT t=32894 TX ua=95 mt=T len=7
PKT t=32906 TX ua=95 mt=P len=0
PKT t=32915 RX ua=95 mt=R len=7
PKT t=32920 TX ua=95 mt=P len=0
PKT t=32929 RX ua=95 mt=R len=7
PKT t=32934 TX ua=95 mt=P len=0
PKT t=32943 RX ua=95 mt=R len=7
PKT t=32971 TX ua=95 mt=P len=0
PKT t=32989 RX ua=95 mt=R len=7
PKT t=32994 TX ua=95 mt=P len=0
PKT t=33003 RX ua=95 mt=R len=7
PKT t=33008 TX ua=95 mt=P len=0
PKT t=33017 RX ua=95 mt=R len=7
PKT t=33022 TX ua=95 mt=P len=0
PKT t=33031 RX ua=95 mt=R len=7
PKT t=33036 TX ua=95 mt=P len=0
PKT t=33045 RX ua=95 mt=R len=7
PKT t=33071 TX ua=95 mt=P len=0
PKT t=33089 RX ua=95 mt=R len=7
PKT t=33094 TX ua=95 mt=P len=0
PKT t=33103 RX ua=95 mt=R len=7
PKT t=33108 TX ua=95 mt=P len=0
PKT t=33117 RX ua=95 mt=R len=7
PKT t=33122 TX ua=95 mt=T len=7
PKT t=33134 TX ua=95 mt=P len=0
PKT t=33143 RX ua=95 mt=R len=7
PKT t=33171 TX ua=95 mt=P len=0
PKT t=33189 RX ua=95 mt=R len=7
PKT t=33194 TX ua=95 mt=P len=0
PKT t=33203 RX ua=95 mt=R len=7
PKT t=33208 TX ua=95 mt=P len=0
PKT t=33217 RX ua=95 mt=R len=7
PKT t=33222 TX ua=95 mt=P len=0
PKT t=33231 RX ua=95 mt=R len=7
PKT t=33236 TX ua=95 mt=P len=0
PKT t=33245 RX ua=95 mt=R len=7
PKT t=33271 TX ua=95 mt=P len=0
PKT t=33289 RX ua=95 mt=R len=7
PKT t=33294 TX ua=95 mt=P len=0
PKT t=33303 RX ua=95 mt=R len=7
PKT t=33308 TX ua=95 mt=P len=0
PKT t=33317 RX ua=95 mt=R len=7
PKT t=33322 TX ua=95 mt=P len=0
PKT t=33331 RX ua=95 mt=R len=7
PKT t=33336 TX ua=95 mt=P len=0
PKT t=33345 RX ua=95 mt=R len=7
PKT t=33371 TX ua=95 mt=P len=0
PKT t=33389 RX ua=95 mt=R len=7
PKT t=33394 TX ua=95 mt=T len=7
PKT t=33406 TX ua=95 mt=P len=0
PKT t=33416 RX ua=95 mt=R len=7
PKT t=33421 TX ua=95 mt=P len=0
PKT t=33431 RX ua=95 mt=R len=7
PKT t=33436 TX ua=95 mt=P len=0
PKT t=33446 RX ua=95 mt=R len=7
PKT t=33471 TX ua=95 mt=P len=0
PKT t=33489 RX ua=95 mt=R len=7
PKT t=33494 TX ua=95 mt=P len=0
PKT t=33504 RX ua=95 mt=R len=7
PKT t=33509 TX ua=95 mt=P len=0
PKT t=33519 RX ua=95 mt=R len=7
PKT t=33524 TX ua=95 mt=P len=0
PKT t=33534 RX ua=95 mt=R len=7
PKT t=33539 TX ua=95 mt=P len=0
PKT t=33571 RX ua=95 mt=R len=7
PKT t=33576 TX ua=95 mt=P len=0
PKT t=33589 RX ua=95 mt=R len=7
PKT t=33594 TX ua=95 mt=P len=0
PKT t=33604 RX ua=95 mt=R len=7
PKT t=33609 TX ua=95 mt=P len=0
PKT t=33619 RX ua=95 mt=R len=7
PKT t=33624 TX ua=95 mt=T len=7
PKT t=33636 TX ua=95 mt=P len=0
PKT t=33645 RX ua=95 mt=R len=7
PKT t=33671 TX ua=95 mt=P len=0
PKT t=33689 RX ua=95 mt=R len=7
PKT t=33694 TX ua=95 mt=P len=0
PKT t=33704 RX ua=95 mt=R len=7
PKT t=33709 TX ua=95 mt=P len=0
PKT t=33718 RX ua=95 mt=R len=7
PKT t=33723 TX ua=95 mt=P len=0
PKT t=33732 RX ua=95 mt=R len=7
PKT t=33737 TX ua=95 mt=P len=0
PKT t=33746 RX ua=95 mt=R len=7
PKT t=33771 TX ua=95 mt=P len=0
PKT t=33789 RX ua=95 mt=R len=7
PKT t=33794 TX ua=95 mt=P len=0
PKT t=33803 RX ua=95 mt=R len=7
PKT t=33808 TX ua=95 mt=P len=0
PKT t=33817 RX ua=95 mt=R len=7
PKT t=33822 TX ua=95 mt=P len=0
PKT t=33831 RX ua=95 mt=R len=7
PKT t=33836 TX ua=95 mt=P len=0
PKT t=33845 RX ua=95 mt=R len=7
PKT t=33871 TX ua=95 mt=P len=0
PKT t=33889 RX ua=95 mt=R len=7
PKT t=33894 TX ua=95 mt=T len=7
PKT t=33906 TX ua=95 mt=P len=0
PKT t=33915 RX ua=95 mt=R len=7
PKT t=33920 TX ua=95 mt=P len=0
PKT t=33929 RX ua=95 mt=R len=7
PKT t=33934 TX ua=95 mt=P len=0
PKT t=33943 RX ua=95 mt=R len=7
PKT t=33971 TX ua=95 mt=P len=0
PKT t=33989 RX ua=95 mt=R len=7
PKT t=33994 TX ua=95 mt=P len=0
PKT t=34003 RX ua=95 mt=R len=7
PKT t=34008 TX ua=95 mt=P len=0
PKT t=34021 RX ua=95 mt=R len=7
PKT t=34026 TX ua=95 mt=P len=0
PKT t=34035 RX ua=95 mt=R len=7
PKT t=34040 TX ua=95 mt=P len=0
PKT t=34071 RX ua=95 mt=R len=7
PKT t=34076 TX ua=95 mt=P len=0
PKT t=34089 RX ua=95 mt=R len=7
PKT t=34094 TX ua=95 mt=P len=0
PKT t=34103 RX ua=95 mt=R len=7
PKT t=34108 TX ua=95 mt=P len=0
PKT t=34117 RX ua=95 mt=R len=7
PKT t=34122 TX ua=95 mt=T len=7
PKT t=34135 TX ua=95 mt=P len=0
PKT t=34144 RX ua=95 mt=R len=7
PKT t=34171 TX ua=95 mt=T len=7
PKT t=34184 TX ua=95 mt=P len=0
PKT t=34193 RX ua=95 mt=R len=7
PKT t=34198 TX ua=95 mt=P len=0
PKT t=34207 RX ua=95 mt=R len=7
PKT t=34212 TX ua=95 mt=P len=0
PKT t=34221 RX ua=95 mt=R len=7
PKT t=34226 TX ua=95 mt=P len=0
PKT t=34235 RX ua=95 mt=R len=7
PKT t=34240 TX ua=95 mt=P len=0
PKT t=34271 RX ua=95 mt=R len=7
PKT t=34276 TX ua=95 mt=P len=0
PKT t=34289 RX ua=95 mt=R len=7
PKT t=34294 TX ua=95 mt=P len=0
PKT t=34303 RX ua=95 mt=R len=7
PKT t=34308 TX ua=95 mt=P len=0
PKT t=34317 RX ua=95 mt=R len=7
PKT t=34322 TX ua=95 mt=P len=0
PKT t=34331 RX ua=95 mt=R len=7
PKT t=34336 TX ua=95 mt=P len=0
PKT t=34345 RX ua=95 mt=R len=7
PKT t=34371 TX ua=95 mt=P len=0
PKT t=34390 RX ua=95 mt=R len=7
PKT t=34394 TX ua=95 mt=T len=7
PKT t=34407 TX ua=95 mt=P len=0
PKT t=34417 RX ua=95 mt=R len=7
PKT t=34422 TX ua=95 mt=P len=0
PKT t=34431 RX ua=95 mt=R len=7
PKT t=34436 TX ua=95 mt=P len=0
PKT t=34445 RX ua=95 mt=R len=7
PKT t=34471 TX ua=95 mt=P len=0
PKT t=34490 RX ua=95 mt=R len=7
PKT t=34495 TX ua=95 mt=P len=0
PKT t=34504 RX ua=95 mt=R len=7
PKT t=34509 TX ua=95 mt=P len=0
PKT t=34518 RX ua=95 mt=R len=7
PKT t=34523 TX ua=95 mt=P len=0
PKT t=34532 RX ua=95 mt=R len=7
PKT t=34537 TX ua=95 mt=P len=0
PKT t=34546 RX ua=95 mt=R len=7
PKT t=34571 TX ua=95 mt=P len=0
PKT t=34589 RX ua=95 mt=R len=7
PKT t=34594 TX ua=95 mt=P len=0
PKT t=34603 RX ua=95 mt=R len=7
PKT t=34608 TX ua=95 mt=P len=0
PKT t=34617 RX ua=95 mt=R len=7
PKT t=34622 TX ua=95 mt=T len=7
PKT t=34635 TX ua=95 mt=P len=0
PKT t=34644 RX ua=95 mt=R len=7
PKT t=34671 TX ua=95 mt=P len=0
PKT t=34689 RX ua=95 mt=R len=7
PKT t=34694 TX ua=95 mt=P len=0
PKT t=34703 RX ua=95 mt=R len=7
PKT t=34708 TX ua=95 mt=P len=0
PKT t=34717 RX ua=95 mt=R len=7
PKT t=34722 TX ua=95 mt=P len=0
PKT t=34731 RX ua=95 mt=R len=7
PKT t=34736 TX ua=95 mt=P len=0
PKT t=34745 RX ua=95 mt=R len=7
PKT t=34771 TX ua=95 mt=P len=0
PKT t=34789 RX ua=95 mt=R len=7
PKT t=34794 TX ua=95 mt=P len=0
PKT t=34803 RX ua=95 mt=R len=7
PKT t=34808 TX ua=95 mt=P len=0
PKT t=34817 RX ua=95 mt=R len=7
PKT t=34822 TX ua=95 mt=P len=0
PKT t=34831 RX ua=95 mt=R len=7
PKT t=34836 TX ua=95 mt=P len=0
PKT t=34845 RX ua=95 mt=R len=7
PKT t=34871 TX ua=95 mt=P len=0
PKT t=34889 RX ua=95 mt=R len=7
PKT t=34894 TX ua=95 mt=T len=7
PKT t=34907 TX ua=95 mt=P len=0
PKT t=34916 RX ua=95 mt=R len=7
PKT t=34921 TX ua=95 mt=P len=0
PKT t=34930 RX ua=95 mt=R len=7
PKT t=34935 TX ua=95 mt=P len=0
PKT t=34944 RX ua=95 mt=R len=7
PKT t=34971 TX ua=95 mt=P len=0
PKT t=34989 RX ua=95 mt=R len=7
PKT t=34994 TX ua=95 mt=P len=0
PKT t=35003 RX ua=95 mt=R len=7
PKT t=35008 TX ua=95 mt=P len=0
PKT t=35017 RX ua=95 mt=R len=7
PKT t=35022 TX ua=95 mt=P len=0
PKT t=35031 RX ua=95 mt=R len=7
PKT t=35036 TX ua=95 mt=P len=0
PKT t=35045 RX ua=95 mt=R len=7
PKT t=35071 TX ua=95 mt=P len=0
PKT t=35089 RX ua=95 mt=R len=7
PKT t=35094 TX ua=95 mt=P len=0
PKT t=35103 RX ua=95 mt=R len=7
PKT t=35108 TX ua=95 mt=P len=0
PKT t=35117 RX ua=95 mt=R len=7
PKT t=35122 TX ua=95 mt=T len=7
PKT t=35134 TX ua=95 mt=P len=0
PKT t=35143 RX ua=95 mt=R len=7
PKT t=35171 TX ua=95 mt=P len=0
PKT t=35189 RX ua=95 mt=R len=7
PKT t=35194 TX ua=95 mt=P len=0
PKT t=35203 RX ua=95 mt=R len=7
PKT t=35208 TX ua=95 mt=P len=0
PKT t=35217 RX ua=95 mt=R len=7
PKT t=35222 TX ua=95 mt=P len=0
PKT t=35231 RX ua=95 mt=R len=7
PKT t=35236 TX ua=95 mt=P len=0
PKT t=35245 RX ua=95 mt=R len=7
PKT t=35271 TX ua=95 mt=P len=0
PKT t=35289 RX ua=95 mt=R len=7
PKT t=35294 TX ua=95 mt=P len=0
PKT t=35303 RX ua=95 mt=R len=7
PKT t=35308 TX ua=95 mt=P len=0
PKT t=35318 RX ua=95 mt=R len=7
PKT t=35323 TX ua=95 mt=P len=0
PKT t=35332 RX ua=95 mt=R len=7
PKT t=35337 TX ua=95 mt=P len=0
PKT t=35346 RX ua=95 mt=R len=7
PKT t=35371 TX ua=95 mt=P len=0
PKT t=35389 RX ua=95 mt=R len=7
PKT t=35394 TX ua=95 mt=T len=7
PKT t=35406 TX ua=95 mt=P len=0
PKT t=35416 RX ua=95 mt=R len=7
PKT t=35421 TX ua=95 mt=P len=0
PKT t=35431 RX ua=95 mt=R len=7
PKT t=35436 TX ua=95 mt=P len=0
PKT t=35446 RX ua=95 mt=R len=7
PKT t=35471 TX ua=95 mt=P len=0
PKT t=35489 RX ua=95 mt=R len=7
PKT t=35494 TX ua=95 mt=P len=0
PKT t=35504 RX ua=95 mt=R len=7
PKT t=35509 TX ua=95 mt=P len=0
PKT t=35519 RX ua=95 mt=R len=7
PKT t=35524 TX ua=95 mt=P len=0
PKT t=35534 RX ua=95 mt=R len=7
PKT t=35539 TX ua=95 mt=P len=0
PKT t=35571 RX ua=95 mt=R len=7
PKT t=35576 TX ua=95 mt=P len=0
PKT t=35589 RX ua=95 mt=R len=7
PKT t=35594 TX ua=95 mt=P len=0
PKT t=35604 RX ua=95 mt=R len=7
PKT t=35609 TX ua=95 mt=P len=0
PKT t=35619 RX ua=95 mt=R len=7
PKT t=35624 TX ua=95 mt=T len=7
PKT t=35636 TX ua=95 mt=P len=0
PKT t=35645 RX ua=95 mt=R len=7
PKT t=35671 TX ua=95 mt=P len=0
PKT t=35689 RX ua=95 mt=R len=7
PKT t=35694 TX ua=95 mt=P len=0
PKT t=35703 RX ua=95 mt=R len=7
PKT t=35708 TX ua=95 mt=P len=0
PKT t=35717 RX ua=95 mt=R len=7
PKT t=35722 TX ua=95 mt=P len=0
PKT t=35731 RX ua=95 mt=R len=7
PKT t=35736 TX ua=95 mt=P len=0
PKT t=35745 RX ua=95 mt=R len=7
PKT t=35771 TX ua=95 mt=P len=0
PKT t=35789 RX ua=95 mt=R len=7
PKT t=35794 TX ua=95 mt=P len=0
PKT t=35803 RX ua=95 mt=R len=7
PKT t=35808 TX ua=95 mt=P len=0
PKT t=35817 RX ua=95 mt=R len=7
PKT t=35822 TX ua=95 mt=P len=0
PKT t=35831 RX ua=95 mt=R len=7
PKT t=35836 TX ua=95 mt=P len=0
PKT t=35845 RX ua=95 mt=R len=7
PKT t=35871 TX ua=95 mt=P len=0
PKT t=35889 RX ua=95 mt=R len=7
PKT t=35894 TX ua=95 mt=T len=7
PKT t=35906 TX ua=95 mt=P len=0
PKT t=35915 RX ua=95 mt=R len=7
PKT t=35920 TX ua=95 mt=P len=0
PKT t=35929 RX ua=95 mt=R len=7
PKT t=35934 TX ua=95 mt=P len=0
PKT t=35943 RX ua=95 mt=R len=7
PKT t=35971 TX ua=95 mt=P len=0
PKT t=35989 RX ua=95 mt=R len=7
PKT t=35994 TX ua=95 mt=P len=0
PKT t=36003 RX ua=95 mt=R len=7
PKT t=36008 TX ua=95 mt=P len=0
PKT t=36017 RX ua=95 mt=R len=7
PKT t=36022 TX ua=95 mt=P len=0
PKT t=36031 RX ua=95 mt=R len=7
PKT t=36036 TX ua=95 mt=P len=0
PKT t=36045 RX ua=95 mt=R len=7
PKT t=36071 TX ua=95 mt=P len=0
PKT t=36089 RX ua=95 mt=R len=7
PKT t=36094 TX ua=95 mt=P len=0
PKT t=36103 RX ua=95 mt=R len=7
PKT t=36108 TX ua=95 mt=P len=0
PKT t=36117 RX ua=95 mt=R len=7
PKT t=36122 TX ua=95 mt=T len=7
PKT t=36134 TX ua=95 mt=P len=0
PKT t=36143 RX ua=95 mt=R len=7
PKT t=36171 TX ua=95 mt=P len=0
PKT t=36189 RX ua=95 mt=R len=7
PKT t=36194 TX ua=95 mt=P len=0
PKT t=36203 RX ua=95 mt=R len=7
PKT t=36208 TX ua=95 mt=P len=0
PKT t=36217 RX ua=95 mt=R len=7
PKT t=36222 TX ua=95 mt=P len=0
PKT t=36231 RX ua=95 mt=R len=7
PKT t=36236 TX ua=95 mt=P len=0
PKT t=36245 RX ua=95 mt=R len=7
PKT t=36271 TX ua=95 mt=P len=0
PKT t=36289 RX ua=95 mt=R len=7
PKT t=36294 TX ua=95 mt=P len=0
PKT t=36303 RX ua=95 mt=R len=7
PKT t=36308 TX ua=95 mt=P len=0
PKT t=36317 RX ua=95 mt=R len=7
PKT t=36322 TX ua=95 mt=P len=0
PKT t=36331 RX ua=95 mt=R len=7
PKT t=36336 TX ua=95 mt=P len=0
PKT t=36345 RX ua=95 mt=R len=7
PKT t=36371 TX ua=95 mt=P len=0
PKT t=36389 RX ua=95 mt=R len=7
PKT t=36394 TX ua=95 mt=T len=7
PKT t=36406 TX ua=95 mt=P len=0
PKT t=36415 RX ua=95 mt=R len=7
PKT t=36420 TX ua=95 mt=P len=0
PKT t=36429 RX ua=95 mt=R len=7
PKT t=36434 TX ua=95 mt=P len=0
PKT t=36443 RX ua=95 mt=R len=7
PKT t=36471 TX ua=95 mt=P len=0
PKT t=36489 RX ua=95 mt=R len=7
PKT t=36494 TX ua=95 mt=P len=0
PKT t=36503 RX ua=95 mt=R len=7
PKT t=36508 TX ua=95 mt=P len=0
PKT t=36517 RX ua=95 mt=R len=7
PKT t=36522 TX ua=95 mt=P len=0
PKT t=36531 RX ua=95 mt=R len=7
PKT t=36536 TX ua=95 mt=P len=0
PKT t=36545 RX ua=95 mt=R len=7
PKT t=36571 TX ua=95 mt=P len=0
PKT t=36589 RX ua=95 mt=R len=7
PKT t=36594 TX ua=95 mt=P len=0
PKT t=36603 RX ua=95 mt=R len=7
PKT t=36608 TX ua=95 mt=P len=0
PKT t=36617 RX ua=95 mt=R len=7
PKT t=36622 TX ua=95 mt=T len=7
PKT t=36634 TX ua=95 mt=P len=0
PKT t=36643 RX ua=95 mt=R len=7
PKT t=36671 TX ua=95 mt=P len=0
PKT t=36689 RX ua=95 mt=R len=7
PKT t=36694 TX ua=95 mt=P len=0
PKT t=36703 RX ua=95 mt=R len=7
PKT t=36708 TX ua=95 mt=P len=0
PKT t=36717 RX ua=95 mt=R len=7
PKT t=36722 TX ua=95 mt=P len=0
PKT t=36731 RX ua=95 mt=R len=7
PKT t=36736 TX ua=95 mt=P len=0
PKT t=36745 RX ua=95 mt=R len=7
PKT t=36771 TX ua=95 mt=P len=0
PKT t=36789 RX ua=95 mt=R len=7
PKT t=36794 TX ua=95 mt=P len=0
PKT t=36803 RX ua=95 mt=R len=7
PKT t=36808 TX ua=95 mt=P len=0
PKT t=36817 RX ua=95 mt=R len=7
PKT t=36822 TX ua=95 mt=P len=0
PKT t=36831 RX ua=95 mt=R len=7
PKT t=36836 TX ua=95 mt=P len=0
PKT t=36845 RX ua=95 mt=R len=7
PKT t=36871 TX ua=95 mt=P len=0
PKT t=36889 RX ua=95 mt=R len=7
PKT t=36894 TX ua=95 mt=T len=7
PKT t=36906 TX ua=95 mt=P len=0
PKT t=36915 RX ua=95 mt=R len=7
PKT t=36920 TX ua=95 mt=P len=0
PKT t=36929 RX ua=95 mt=R len=7
PKT t=36934 TX ua=95 mt=P len=0
PKT t=36943 RX ua=95 mt=R len=7
PKT t=36971 TX ua=95 mt=P len=0
PKT t=36990 RX ua=95 mt=R len=7
PKT t=36995 TX ua=95 mt=P len=0
PKT t=37004 RX ua=95 mt=R len=7
PKT t=37009 TX ua=95 mt=P len=0
PKT t=37018 RX ua=95 mt=R len=7
PKT t=37023 TX ua=95 mt=P len=0
PKT t=37032 RX ua=95 mt=R len=7
PKT t=37037 TX ua=95 mt=P len=0
PKT t=37046 RX ua=95 mt=R len=7
PKT t=37071 TX ua=95 mt=P len=0
PKT t=37089 RX ua=95 mt=R len=7
PKT t=37094 TX ua=95 mt=P len=0
PKT t=37103 RX ua=95 mt=R len=7
PKT t=37108 TX ua=95 mt=P len=0
PKT t=37117 RX ua=95 mt=R len=7
PKT t=37122 TX ua=95 mt=T len=7
PKT t=37135 TX ua=95 mt=P len=0
PKT t=37144 RX ua=95 mt=R len=7
PKT t=37171 TX ua=95 mt=P len=0
PKT t=37189 RX ua=95 mt=R len=7
PKT t=37194 TX ua=95 mt=P len=0
PKT t=37203 RX ua=95 mt=R len=7
