PKT t=7112 RX ua=95 mt=R len=7
PKT t=7117 TX ua=95 mt=P len=0
PKT t=7126 RX ua=95 mt=R len=7
PKT t=7131 TX ua=95 mt=T len=7
PKT t=7143 TX ua=95 mt=P len=0
PKT t=7152 RX ua=95 mt=R len=7
PKT t=7157 TX ua=95 mt=P len=0
PKT t=7186 RX ua=95 mt=R len=7
PKT t=7191 TX ua=95 mt=P len=0
PKT t=7200 RX ua=95 mt=R len=7
PKT t=7205 TX ua=95 mt=P len=0
PKT t=7215 RX ua=95 mt=R len=7
PKT t=7220 TX ua=95 mt=P len=0
PKT t=7229 RX ua=95 mt=R len=7
PKT t=7234 TX ua=95 mt=P len=0
PKT t=7243 RX ua=95 mt=R len=7
PKT t=7276 TX ua=95 mt=P len=0
PKT t=7285 RX ua=95 mt=R len=7
PKT t=7290 TX ua=95 mt=P len=0
PKT t=7299 RX ua=95 mt=R len=7
PKT t=7304 TX ua=95 mt=P len=0
PKT t=7314 RX ua=95 mt=R len=7
PKT t=7319 TX ua=95 mt=P len=0
PKT t=7328 RX ua=95 mt=R len=7
PKT t=7333 TX ua=95 mt=P len=0
PKT t=7342 RX ua=95 mt=R len=7
PKT t=7347 TX ua=95 mt=P len=0
PKT t=7356 RX ua=95 mt=R len=7
PKT t=7361 TX ua=95 mt=P len=0
PKT t=7391 RX ua=95 mt=R len=7
PKT t=7396 TX ua=95 mt=T len=7
PKT t=7408 TX ua=95 mt=P len=0
PKT t=7418 RX ua=95 mt=R len=7
PKT t=7423 TX ua=95 mt=P len=0
PKT t=7433 RX ua=95 mt=R len=7
PKT t=7438 TX ua=95 mt=P len=0
PKT t=7448 RX ua=95 mt=R len=7
PKT t=7453 TX ua=95 mt=P len=0
PKT t=7463 RX ua=95 mt=R len=7
PKT t=7468 TX ua=95 mt=P len=0
PKT t=7497 RX ua=95 mt=R len=7
PKT t=7502 TX ua=95 mt=P len=0
PKT t=7512 RX ua=95 mt=R len=7
PKT t=7517 TX ua=95 mt=P len=0
PKT t=7527 RX ua=95 mt=R len=7
PKT t=7532 TX ua=95 mt=P len=0
PKT t=7542 RX ua=95 mt=R len=7
PKT t=7547 TX ua=95 mt=P len=0
PKT t=7577 RX ua=95 mt=R len=7
PKT t=7832 TX ua=96 mt=P len=0
PKT t=8090 TX ua=95 mt=P len=0
PKT t=8100 RX ua=95 mt=R len=7
PKT t=8105 TX ua=95 mt=T len=7
PKT t=8117 TX ua=95 mt=P len=0
PKT t=8126 RX ua=95 mt=R len=7
PKT t=8131 TX ua=95 mt=T len=7
PKT t=8143 TX ua=95 mt=P len=0
PKT t=8176 RX ua=95 mt=R len=7
PKT t=8181 TX ua=95 mt=P len=0
PKT t=8196 RX ua=95 mt=R len=7
PKT t=8201 TX ua=95 mt=P len=0
PKT t=8210 RX ua=95 mt=R len=7
PKT t=8215 TX ua=95 mt=P len=0
PKT t=8224 RX ua=95 mt=R len=7
PKT t=8229 TX ua=95 mt=P len=0
PKT t=8238 RX ua=95 mt=R len=7
PKT t=8243 TX ua=95 mt=P len=0
PKT t=8252 RX ua=95 mt=R len=7
PKT t=8257 TX ua=95 mt=P len=0
PKT t=8266 RX ua=95 mt=R len=7
PKT t=8271 TX ua=95 mt=P len=0
PKT t=8300 RX ua=95 mt=R len=7
PKT t=8305 TX ua=95 mt=P len=0
PKT t=8314 RX ua=95 mt=R len=7
PKT t=8319 TX ua=95 mt=P len=0
PKT t=8328 RX ua=95 mt=R len=7
PKT t=8333 TX ua=95 mt=P len=0
PKT t=8343 RX ua=95 mt=R len=7
PKT t=8348 TX ua=95 mt=P len=0
PKT t=8357 RX ua=95 mt=R len=7
PKT t=8362 TX ua=95 mt=P len=0
PKT t=8371 RX ua=95 mt=R len=7
PKT t=8376 TX ua=95 mt=P len=0
PKT t=8405 RX ua=95 mt=R len=7
PKT t=8410 TX ua=95 mt=T len=7
PKT t=8422 TX ua=95 mt=P len=0
PKT t=8431 RX ua=95 mt=R len=7
PKT t=8436 TX ua=95 mt=P len=0
PKT t=8445 RX ua=95 mt=R len=7
PKT t=8476 TX ua=95 mt=P len=0
PKT t=8504 RX ua=95 mt=R len=7
PKT t=8509 TX ua=95 mt=P len=0
PKT t=8518 RX ua=95 mt=R len=7
PKT t=8523 TX ua=95 mt=P len=0
PKT t=8532 RX ua=95 mt=R len=7
PKT t=8537 TX ua=95 mt=P len=0
PKT t=8546 RX ua=95 mt=R len=7
PKT t=8551 TX ua=95 mt=P len=0
PKT t=8560 RX ua=95 mt=R len=7
PKT t=8565 TX ua=95 mt=P len=0
PKT t=8574 RX ua=95 mt=R len=7
PKT t=8579 TX ua=95 mt=P len=0
PKT t=8608 RX ua=95 mt=R len=7
PKT t=8613 TX ua=95 mt=P len=0
PKT t=8622 RX ua=95 mt=R len=7
PKT t=8627 TX ua=95 mt=T len=7
PKT t=8639 TX ua=95 mt=P len=0
PKT t=8648 RX ua=95 mt=R len=7
PKT t=8653 TX ua=95 mt=P len=0
PKT t=8662 RX ua=95 mt=R len=7
PKT t=8667 TX ua=95 mt=P len=0
PKT t=8676 RX ua=95 mt=R len=7
PKT t=8681 TX ua=95 mt=P len=0
PKT t=8710 RX ua=95 mt=R len=7
PKT t=8715 TX ua=95 mt=P len=0
PKT t=8724 RX ua=95 mt=R len=7
PKT t=8729 TX ua=95 mt=P len=0
PKT t=8738 RX ua=95 mt=R len=7
PKT t=8743 TX ua=95 mt=P len=0
PKT t=8776 RX ua=95 mt=R len=7
PKT t=8781 TX ua=95 mt=P len=0
PKT t=8809 RX ua=95 mt=R len=7
PKT t=8814 TX ua=95 mt=P len=0
PKT t=8824 RX ua=95 mt=R len=7
PKT t=8829 TX ua=95 mt=P len=0
PKT t=8838 RX ua=95 mt=R len=7
PKT t=8843 TX ua=95 mt=P len=0
PKT t=8852 RX ua=95 mt=R len=7
PKT t=8857 TX ua=95 mt=P len=0
PKT t=8866 RX ua=95 mt=R len=7
PKT t=8871 TX ua=95 mt=P len=0
PKT t=8880 RX ua=95 mt=R len=7
PKT t=8885 TX ua=95 mt=T len=7
PKT t=8897 TX ua=95 mt=P len=0
PKT t=8916 RX ua=95 mt=R len=7
PKT t=8921 TX ua=95 mt=P len=0
PKT t=8930 RX ua=95 mt=R len=7
PKT t=8935 TX ua=95 mt=P len=0
PKT t=8944 RX ua=95 mt=R len=7
PKT t=8949 TX ua=95 mt=P len=0
PKT t=8958 RX ua=95 mt=R len=7
PKT t=8963 TX ua=95 mt=P len=0
PKT t=8972 RX ua=95 mt=R len=7
PKT t=8977 TX ua=95 mt=P len=0
PKT t=8986 RX ua=95 mt=R len=7
PKT t=8991 TX ua=95 mt=P len=0
PKT t=9020 RX ua=95 mt=R len=7
PKT t=9025 TX ua=95 mt=P len=0
PKT t=9034 RX ua=95 mt=R len=7
PKT t=9039 TX ua=95 mt=P len=0
PKT t=9076 RX ua=95 mt=R len=7
PKT t=9081 TX ua=95 mt=P len=0
PKT t=9090 RX ua=95 mt=R len=7
PKT t=9095 TX ua=95 mt=P len=0
PKT t=9124 RX ua=95 mt=R len=7
PKT t=9129 TX ua=95 mt=T len=7
PKT t=9141 TX ua=95 mt=P len=0
PKT t=9150 RX ua=95 mt=R len=7
PKT t=9155 TX ua=95 mt=P len=0
PKT t=9164 RX ua=95 mt=R len=7
PKT t=9169 TX ua=95 mt=P len=0
PKT t=9178 RX ua=95 mt=R len=7
PKT t=9183 TX ua=95 mt=P len=0
PKT t=9192 RX ua=95 mt=R len=7
PKT t=9197 TX ua=95 mt=P len=0
PKT t=9226 RX ua=95 mt=R len=7
PKT t=9231 TX ua=95 mt=P len=0
PKT t=9240 RX ua=95 mt=R len=7
PKT t=9245 TX ua=95 mt=P len=0
PKT t=9254 RX ua=95 mt=R len=7
PKT t=9259 TX ua=95 mt=P len=0
PKT t=9268 RX ua=95 mt=R len=7
PKT t=9273 TX ua=95 mt=P len=0
PKT t=9282 RX ua=95 mt=R len=7
PKT t=9287 TX ua=95 mt=P len=0
PKT t=9296 RX ua=95 mt=R len=7
PKT t=9301 TX ua=95 mt=P len=0
PKT t=9330 RX ua=95 mt=R len=7
PKT t=9335 TX ua=95 mt=P len=0
PKT t=9344 RX ua=95 mt=R len=7
PKT t=9376 TX ua=95 mt=P len=0
PKT t=9385 RX ua=95 mt=R len=7
PKT t=9390 TX ua=95 mt=T len=7
PKT t=9402 TX ua=95 mt=P len=0
PKT t=9430 RX ua=95 mt=R len=7
PKT t=9435 TX ua=95 mt=P len=0
PKT t=9445 RX ua=95 mt=R len=7
PKT t=9450 TX ua=95 mt=P len=0
PKT t=9460 RX ua=95 mt=R len=7
PKT t=9465 TX ua=95 mt=P len=0
PKT t=9475 RX ua=95 mt=R len=7
PKT t=9480 TX ua=95 mt=P len=0
PKT t=9490 RX ua=95 mt=R len=7
PKT t=9495 TX ua=95 mt=P len=0
PKT t=9505 RX ua=95 mt=R len=7
PKT t=9510 TX ua=95 mt=P len=0
PKT t=9539 RX ua=95 mt=R len=7
PKT t=9544 TX ua=95 mt=P len=0
PKT t=9554 RX ua=95 mt=R len=7
PKT t=9559 TX ua=95 mt=P len=0
PKT t=9569 RX ua=95 mt=R len=7
PKT t=9574 TX ua=95 mt=P len=0
PKT t=9584 RX ua=95 mt=R len=7
PKT t=9589 TX ua=95 mt=P len=0
PKT t=9599 RX ua=95 mt=R len=7
PKT t=9604 TX ua=95 mt=P len=0
PKT t=9614 RX ua=95 mt=R len=7
PKT t=9619 TX ua=95 mt=P len=0
PKT t=9676 RX ua=95 mt=R len=7
PKT t=9681 TX ua=95 mt=T len=7
PKT t=9693 TX ua=95 mt=P len=0
PKT t=9702 RX ua=95 mt=R len=7
PKT t=9707 TX ua=95 mt=P len=0
PKT t=9716 RX ua=95 mt=R len=7
PKT t=9721 TX ua=95 mt=P len=0
PKT t=9750 RX ua=95 mt=R len=7
PKT t=9755 TX ua=95 mt=P len=0
PKT t=9764 RX ua=95 mt=R len=7
PKT t=9769 TX ua=95 mt=P len=0
PKT t=9778 RX ua=95 mt=R len=7
PKT t=9783 TX ua=95 mt=P len=0
PKT t=9792 RX ua=95 mt=R len=7
PKT t=9797 TX ua=95 mt=P len=0
PKT t=9806 RX ua=95 mt=R len=7
PKT t=9811 TX ua=95 mt=P len=0
PKT t=9820 RX ua=95 mt=R len=7
PKT t=9825 TX ua=95 mt=P len=0
PKT t=9854 RX ua=95 mt=R len=7
PKT t=9859 TX ua=95 mt=P len=0
PKT t=9868 RX ua=95 mt=R len=7
PKT t=9873 TX ua=95 mt=P len=0
PKT t=9882 RX ua=95 mt=R len=7
PKT t=9887 TX ua=95 mt=T len=7
PKT t=9899 TX ua=95 mt=P len=0
PKT t=9908 RX ua=95 mt=R len=7
PKT t=9913 TX ua=95 mt=P len=0
PKT t=9922 RX ua=95 mt=R len=7
PKT t=9927 TX ua=95 mt=P len=0
PKT t=9976 RX ua=95 mt=R len=7
PKT t=9981 TX ua=95 mt=P len=0
PKT t=9990 RX ua=95 mt=R len=7
PKT t=9995 TX ua=95 mt=P len=0
PKT t=10004 RX ua=95 mt=R len=7
PKT t=10009 TX ua=95 mt=P len=0
PKT t=10018 RX ua=95 mt=R len=7
PKT t=10023 TX ua=95 mt=P len=0
PKT t=10055 RX ua=95 mt=R len=7
PKT t=10060 TX ua=95 mt=P len=0
PKT t=10069 RX ua=95 mt=R len=7
PKT t=10074 TX ua=95 mt=P len=0
PKT t=10083 RX ua=95 mt=R len=7
PKT t=10088 TX ua=95 mt=P len=0
PKT t=10098 RX ua=95 mt=R len=7
PKT t=10103 TX ua=95 mt=P len=0
PKT t=10112 RX ua=95 mt=R len=7
PKT t=10117 TX ua=95 mt=P len=0
PKT t=10126 RX ua=95 mt=R len=7
PKT t=10131 TX ua=95 mt=T len=7
PKT t=10144 TX ua=95 mt=P len=0
PKT t=10162 RX ua=95 mt=R len=7
PKT t=10167 TX ua=95 mt=T len=7
PKT t=10180 TX ua=95 mt=P len=0
PKT t=10189 RX ua=95 mt=R len=7
PKT t=10194 TX ua=95 mt=P len=0
PKT t=10203 RX ua=95 mt=R len=7
PKT t=10208 TX ua=95 mt=P len=0
PKT t=10217 RX ua=95 mt=R len=7
PKT t=10222 TX ua=95 mt=P len=0
PKT t=10231 RX ua=95 mt=R len=7
PKT t=10236 TX ua=95 mt=P len=0
PKT t=10276 RX ua=95 mt=R len=7
PKT t=10281 TX ua=95 mt=P len=0
PKT t=10290 RX ua=95 mt=R len=7
PKT t=10295 TX ua=95 mt=P len=0
PKT t=10304 RX ua=95 mt=R len=7
PKT t=10309 TX ua=95 mt=P len=0
PKT t=10318 RX ua=95 mt=R len=7
PKT t=10323 TX ua=95 mt=P len=0
PKT t=10332 RX ua=95 mt=R len=7
PKT t=10337 TX ua=95 mt=P len=0
PKT t=10366 RX ua=95 mt=R len=7
PKT t=10371 TX ua=95 mt=P len=0
PKT t=10380 RX ua=95 mt=R len=7
PKT t=10385 TX ua=95 mt=T len=7
PKT t=10398 TX ua=95 mt=P len=0
PKT t=10407 RX ua=95 mt=R len=7
PKT t=10412 TX ua=95 mt=P len=0
PKT t=10421 RX ua=95 mt=R len=7
PKT t=10426 TX ua=95 mt=P len=0
PKT t=10435 RX ua=95 mt=R len=7
PKT t=10440 TX ua=95 mt=P len=0
PKT t=10469 RX ua=95 mt=R len=7
PKT t=10474 TX ua=95 mt=P len=0
PKT t=10483 RX ua=95 mt=R len=7
PKT t=10488 TX ua=95 mt=P len=0
PKT t=10497 RX ua=95 mt=R len=7
PKT t=10502 TX ua=95 mt=P len=0
PKT t=10511 RX ua=95 mt=R len=7
PKT t=10516 TX ua=95 mt=P len=0
PKT t=10525 RX ua=95 mt=R len=7
PKT t=10530 TX ua=95 mt=P len=0
PKT t=10539 RX ua=95 mt=R len=7
PKT t=10544 TX ua=95 mt=P len=0
PKT t=10576 RX ua=95 mt=R len=7
PKT t=10581 TX ua=95 mt=P len=0
PKT t=10590 RX ua=95 mt=R len=7
PKT t=10595 TX ua=95 mt=P len=0
PKT t=10604 RX ua=95 mt=R len=7
PKT t=10609 TX ua=95 mt=P len=0
PKT t=10618 RX ua=95 mt=R len=7
PKT t=10623 TX ua=95 mt=P len=0
PKT t=10632 RX ua=95 mt=R len=7
PKT t=10637 TX ua=95 mt=T len=7
PKT t=10650 TX ua=95 mt=P len=0
PKT t=10678 RX ua=95 mt=R len=7
PKT t=10683 TX ua=95 mt=P len=0
PKT t=10692 RX ua=95 mt=R len=7
PKT t=10697 TX ua=95 mt=P len=0
PKT t=10706 RX ua=95 mt=R len=7
PKT t=10711 TX ua=95 mt=P len=0
PKT t=10720 RX ua=95 mt=R len=7
PKT t=10725 TX ua=95 mt=P len=0
PKT t=10734 RX ua=95 mt=R len=7
PKT t=10739 TX ua=95 mt=P len=0
PKT t=10748 RX ua=95 mt=R len=7
PKT t=10753 TX ua=95 mt=P len=0
PKT t=10783 RX ua=95 mt=R len=7
PKT t=10788 TX ua=95 mt=P len=0
PKT t=10797 RX ua=95 mt=R len=7
PKT t=10802 TX ua=95 mt=P len=0
PKT t=10811 RX ua=95 mt=R len=7
PKT t=10816 TX ua=95 mt=P len=0
PKT t=10825 RX ua=95 mt=R len=7
PKT t=10830 TX ua=95 mt=P len=0
PKT t=10839 RX ua=95 mt=R len=7
PKT t=10844 TX ua=95 mt=P len=0
PKT t=10876 RX ua=95 mt=R len=7
PKT t=10881 TX ua=95 mt=T len=7
PKT t=10894 TX ua=95 mt=P len=0
PKT t=10903 RX ua=95 mt=R len=7
PKT t=10908 TX ua=95 mt=P len=0
PKT t=10917 RX ua=95 mt=R len=7
PKT t=10922 TX ua=95 mt=P len=0
PKT t=10931 RX ua=95 mt=R len=7
PKT t=10936 TX ua=95 mt=P len=0
PKT t=10945 RX ua=95 mt=R len=7
PKT t=10950 TX ua=95 mt=P len=0
PKT t=10959 RX ua=95 mt=R len=7
PKT t=10964 TX ua=95 mt=P len=0
PKT t=10993 RX ua=95 mt=R len=7
PKT t=10998 TX ua=95 mt=P len=0
PKT t=11007 RX ua=95 mt=R len=7
PKT t=11012 TX ua=95 mt=P len=0
PKT t=11021 RX ua=95 mt=R len=7
PKT t=11026 TX ua=95 mt=P len=0
PKT t=11035 RX ua=95 mt=R len=7
PKT t=11040 TX ua=95 mt=P len=0
PKT t=11049 RX ua=95 mt=R len=7
PKT t=11054 TX ua=95 mt=P len=0
PKT t=11063 RX ua=95 mt=R len=7
PKT t=11068 TX ua=95 mt=P len=0
PKT t=11097 RX ua=95 mt=R len=7
PKT t=11102 TX ua=95 mt=P len=0
PKT t=11111 RX ua=95 mt=R len=7
PKT t=11116 TX ua=95 mt=P len=0
PKT t=11125 RX ua=95 mt=R len=7
PKT t=11130 TX ua=95 mt=T len=7
PKT t=11142 TX ua=95 mt=P len=0
PKT t=11176 RX ua=95 mt=R len=7
PKT t=11181 TX ua=95 mt=P len=0
PKT t=11196 RX ua=95 mt=R len=7
PKT t=11201 TX ua=95 mt=P len=0
PKT t=11210 RX ua=95 mt=R len=7
PKT t=11215 TX ua=95 mt=P len=0
PKT t=11224 RX ua=95 mt=R len=7
PKT t=11229 TX ua=95 mt=P len=0
PKT t=11238 RX ua=95 mt=R len=7
PKT t=11243 TX ua=95 mt=P len=0
PKT t=11252 RX ua=95 mt=R len=7
PKT t=11257 TX ua=95 mt=P len=0
PKT t=11266 RX ua=95 mt=R len=7
PKT t=11271 TX ua=95 mt=P len=0
PKT t=11300 RX ua=95 mt=R len=7
PKT t=11305 TX ua=95 mt=P len=0
PKT t=11314 RX ua=95 mt=R len=7
PKT t=11319 TX ua=95 mt=P len=0
PKT t=11328 RX ua=95 mt=R len=7
PKT t=11333 TX ua=95 mt=P len=0
PKT t=11342 RX ua=95 mt=R len=7
PKT t=11347 TX ua=95 mt=P len=0
PKT t=11356 RX ua=95 mt=R len=7
PKT t=11361 TX ua=95 mt=P len=0
PKT t=11370 RX ua=95 mt=R len=7
PKT t=11375 TX ua=95 mt=P len=0
PKT t=11404 RX ua=95 mt=R len=7
PKT t=11409 TX ua=95 mt=T len=7
PKT t=11421 TX ua=95 mt=P len=0
PKT t=11431 RX ua=95 mt=R len=7
PKT t=11436 TX ua=95 mt=P len=0
PKT t=11446 RX ua=95 mt=R len=7
PKT t=11476 TX ua=95 mt=P len=0
PKT t=11504 RX ua=95 mt=R len=7
PKT t=11509 TX ua=95 mt=P len=0
PKT t=11519 RX ua=95 mt=R len=7
PKT t=11524 TX ua=95 mt=P len=0
PKT t=11534 RX ua=95 mt=R len=7
PKT t=11539 TX ua=95 mt=P len=0
PKT t=11549 RX ua=95 mt=R len=7
PKT t=11554 TX ua=95 mt=P len=0
PKT t=11564 RX ua=95 mt=R len=7
PKT t=11569 TX ua=95 mt=P len=0
PKT t=11579 RX ua=95 mt=R len=7
PKT t=11584 TX ua=95 mt=P len=0
PKT t=11613 RX ua=95 mt=R len=7
PKT t=11618 TX ua=95 mt=P len=0
PKT t=11628 RX ua=95 mt=R len=7
PKT t=11633 TX ua=95 mt=T len=7
PKT t=11645 TX ua=95 mt=P len=0
PKT t=11654 RX ua=95 mt=R len=7
PKT t=11659 TX ua=95 mt=P len=0
PKT t=11668 RX ua=95 mt=R len=7
PKT t=11673 TX ua=95 mt=P len=0
PKT t=11682 RX ua=95 mt=R len=7
PKT t=11687 TX ua=95 mt=P len=0
PKT t=11716 RX ua=95 mt=R len=7
PKT t=11721 TX ua=95 mt=P len=0
PKT t=11730 RX ua=95 mt=R len=7
PKT t=11735 TX ua=95 mt=P len=0
PKT t=11744 RX ua=95 mt=R len=7
PKT t=11776 TX ua=95 mt=P len=0
PKT t=11786 RX ua=95 mt=R len=7
PKT t=11791 TX ua=95 mt=P len=0
PKT t=11820 RX ua=95 mt=R len=7
PKT t=11825 TX ua=95 mt=P len=0
PKT t=11834 RX ua=95 mt=R len=7
PKT t=11839 TX ua=95 mt=P len=0
PKT t=11848 RX ua=95 mt=R len=7
PKT t=11853 TX ua=95 mt=P len=0
PKT t=11862 RX ua=95 mt=R len=7
PKT t=11867 TX ua=95 mt=P len=0
PKT t=11876 RX ua=95 mt=R len=7
PKT t=11881 TX ua=95 mt=T len=7
PKT t=11893 TX ua=95 mt=P len=0
PKT t=11921 RX ua=95 mt=R len=7
PKT t=11926 TX ua=95 mt=P len=0
PKT t=11935 RX ua=95 mt=R len=7
PKT t=11940 TX ua=95 mt=P len=0
PKT t=11949 RX ua=95 mt=R len=7
PKT t=11954 TX ua=95 mt=P len=0
PKT t=11963 RX ua=95 mt=R len=7
PKT t=11968 TX ua=95 mt=P len=0
PKT t=11977 RX ua=95 mt=R len=7
PKT t=11982 TX ua=95 mt=P len=0
PKT t=11992 RX ua=95 mt=R len=7
PKT t=11997 TX ua=95 mt=P len=0
PKT t=12026 RX ua=95 mt=R len=7
PKT t=12031 TX ua=95 mt=P len=0
PKT t=12040 RX ua=95 mt=R len=7
PKT t=12045 TX ua=95 mt=P len=0
PKT t=12076 RX ua=95 mt=R len=7
PKT t=12331 TX ua=96 mt=I len=13
PKT t=12839 TX ua=96 mt=T len=4
PKT t=12850 TX ua=95 mt=P len=0
PKT t=12859 RX ua=95 mt=R len=7
PKT t=12864 TX ua=95 mt=T len=7
PKT t=12876 TX ua=95 mt=P len=0
PKT t=12885 RX ua=95 mt=R len=7
PKT t=12890 TX ua=95 mt=T len=7
PKT t=12902 TX ua=95 mt=P len=0
PKT t=12931 RX ua=95 mt=R len=7
PKT t=12935 TX ua=95 mt=P len=0
PKT t=12944 RX ua=95 mt=R len=7
PKT t=12976 TX ua=95 mt=P len=0
PKT t=12985 RX ua=95 mt=R len=7
PKT t=12990 TX ua=95 mt=P len=0
PKT t=12999 RX ua=95 mt=R len=7
PKT t=13004 TX ua=95 mt=P len=0
PKT t=13033 RX ua=95 mt=R len=7
PKT t=13038 TX ua=95 mt=P len=0
PKT t=13047 RX ua=95 mt=R len=7
PKT t=13052 TX ua=95 mt=P len=0
PKT t=13061 RX ua=95 mt=R len=7
PKT t=13066 TX ua=95 mt=P len=0
PKT t=13075 RX ua=95 mt=R len=7
PKT t=13080 TX ua=95 mt=P len=0
PKT t=13089 RX ua=95 mt=R len=7
PKT t=13094 TX ua=95 mt=P len=0
PKT t=13103 RX ua=95 mt=R len=7
PKT t=13108 TX ua=95 mt=P len=0
PKT t=13137 RX ua=95 mt=R len=7
PKT t=13142 TX ua=95 mt=T len=7
PKT t=13155 TX ua=95 mt=P len=0
PKT t=13164 RX ua=95 mt=R len=7
PKT t=13169 TX ua=95 mt=P len=0
PKT t=13178 RX ua=95 mt=R len=7
PKT t=13183 TX ua=95 mt=P len=0
PKT t=13192 RX ua=95 mt=R len=7
PKT t=13197 TX ua=95 mt=P len=0
PKT t=13206 RX ua=95 mt=R len=7
PKT t=13211 TX ua=95 mt=P len=0
PKT t=13240 RX ua=95 mt=R len=7
PKT t=13245 TX ua=95 mt=P len=0
PKT t=13276 RX ua=95 mt=R len=7
PKT t=13531 TX ua=96 mt=P len=0
PKT t=13789 TX ua=95 mt=P len=0
PKT t=13798 RX ua=95 mt=R len=7
PKT t=13803 TX ua=95 mt=T len=7
PKT t=13816 TX ua=95 mt=P len=0
PKT t=13843 RX ua=95 mt=R len=7
PKT t=13876 TX ua=95 mt=P len=0
PKT t=13885 RX ua=95 mt=R len=7
PKT t=13890 TX ua=95 mt=T len=7
PKT t=13903 TX ua=95 mt=P len=0
PKT t=13912 RX ua=95 mt=R len=7
PKT t=13917 TX ua=95 mt=P len=0
PKT t=13946 RX ua=95 mt=R len=7
PKT t=13951 TX ua=95 mt=P len=0
PKT t=13960 RX ua=95 mt=R len=7
PKT t=13965 TX ua=95 mt=P len=0
PKT t=13974 RX ua=95 mt=R len=7
PKT t=13979 TX ua=95 mt=P len=0
PKT t=13988 RX ua=95 mt=R len=7
PKT t=13993 TX ua=95 mt=P len=0
PKT t=14002 RX ua=95 mt=R len=7
PKT t=14011 TX ua=95 mt=P len=0
PKT t=14020 RX ua=95 mt=R len=7
PKT t=14025 TX ua=95 mt=P len=0
PKT t=14055 RX ua=95 mt=R len=7
PKT t=14060 TX ua=95 mt=P len=0
PKT t=14069 RX ua=95 mt=R len=7
PKT t=14074 TX ua=95 mt=P len=0
PKT t=14083 RX ua=95 mt=R len=7
PKT t=14088 TX ua=95 mt=P len=0
PKT t=14097 RX ua=95 mt=R len=7
PKT t=14102 TX ua=95 mt=P len=0
PKT t=14111 RX ua=95 mt=R len=7
PKT t=14116 TX ua=95 mt=P len=0
PKT t=14125 RX ua=95 mt=R len=7
PKT t=14130 TX ua=95 mt=T len=7
PKT t=14142 TX ua=95 mt=P len=0
PKT t=14176 RX ua=95 mt=R len=7
PKT t=14181 TX ua=95 mt=P len=0
PKT t=14190 RX ua=95 mt=R len=7
PKT t=14195 TX ua=95 mt=P len=0
PKT t=14204 RX ua=95 mt=R len=7
PKT t=14209 TX ua=95 mt=P len=0
PKT t=14218 RX ua=95 mt=R len=7
PKT t=14223 TX ua=95 mt=P len=0
PKT t=14232 RX ua=95 mt=R len=7
PKT t=14237 TX ua=95 mt=P len=0
PKT t=14266 RX ua=95 mt=R len=7
PKT t=14271 TX ua=95 mt=P len=0
PKT t=14280 RX ua=95 mt=R len=7
PKT t=14285 TX ua=95 mt=P len=0
PKT t=14294 RX ua=95 mt=R len=7
PKT t=14299 TX ua=95 mt=P len=0
PKT t=14308 RX ua=95 mt=R len=7
PKT t=14313 TX ua=95 mt=P len=0
PKT t=14322 RX ua=95 mt=R len=7
PKT t=14327 TX ua=95 mt=P len=0
PKT t=14336 RX ua=95 mt=R len=7
PKT t=14341 TX ua=95 mt=P len=0
PKT t=14370 RX ua=95 mt=R len=7
PKT t=14375 TX ua=95 mt=P len=0
PKT t=14384 RX ua=95 mt=R len=7
PKT t=14389 TX ua=95 mt=T len=7
PKT t=14401 TX ua=95 mt=P len=0
PKT t=14410 RX ua=95 mt=R len=7
PKT t=14415 TX ua=95 mt=P len=0
PKT t=14424 RX ua=95 mt=R len=7
PKT t=14429 TX ua=95 mt=P len=0
PKT t=14438 RX ua=95 mt=R len=7
PKT t=14443 TX ua=95 mt=P len=0
PKT t=14476 RX ua=95 mt=R len=7
PKT t=14481 TX ua=95 mt=P len=0
PKT t=14490 RX ua=95 mt=R len=7
PKT t=14495 TX ua=95 mt=P len=0
PKT t=14504 RX ua=95 mt=R len=7
PKT t=14509 TX ua=95 mt=P len=0
PKT t=14518 RX ua=95 mt=R len=7
PKT t=14523 TX ua=95 mt=P len=0
PKT t=14532 RX ua=95 mt=R len=7
PKT t=14537 TX ua=95 mt=P len=0
PKT t=14546 RX ua=95 mt=R len=7
PKT t=14551 TX ua=95 mt=P len=0
PKT t=14580 RX ua=95 mt=R len=7
PKT t=14585 TX ua=95 mt=P len=0
PKT t=14594 RX ua=95 mt=R len=7
PKT t=14599 TX ua=95 mt=P len=0
PKT t=14608 RX ua=95 mt=R len=7
PKT t=14613 TX ua=95 mt=P len=0
PKT t=14622 RX ua=95 mt=R len=7
PKT t=14627 TX ua=95 mt=T len=7
PKT t=14639 TX ua=95 mt=P len=0
PKT t=14648 RX ua=95 mt=R len=7
PKT t=14653 TX ua=95 mt=P len=0
PKT t=14682 RX ua=95 mt=R len=7
PKT t=14687 TX ua=95 mt=P len=0
PKT t=14696 RX ua=95 mt=R len=7
PKT t=14701 TX ua=95 mt=P len=0
PKT t=14710 RX ua=95 mt=R len=7
PKT t=14715 TX ua=95 mt=P len=0
PKT t=14724 RX ua=95 mt=R len=7
PKT t=14729 TX ua=95 mt=P len=0
PKT t=14738 RX ua=95 mt=R len=7
PKT t=14743 TX ua=95 mt=P len=0
PKT t=14776 RX ua=95 mt=R len=7
PKT t=14781 TX ua=95 mt=P len=0
PKT t=14790 RX ua=95 mt=R len=7
PKT t=14795 TX ua=95 mt=P len=0
PKT t=14804 RX ua=95 mt=R len=7
PKT t=14809 TX ua=95 mt=P len=0
PKT t=14818 RX ua=95 mt=R len=7
PKT t=14823 TX ua=95 mt=P len=0
PKT t=14832 RX ua=95 mt=R len=7
PKT t=14837 TX ua=95 mt=P len=0
PKT t=14846 RX ua=95 mt=R len=7
PKT t=14851 TX ua=95 mt=P len=0
PKT t=14860 RX ua=95 mt=R len=7
PKT t=14865 TX ua=95 mt=P len=0
PKT t=14894 RX ua=95 mt=R len=7
PKT t=14899 TX ua=95 mt=T len=7
PKT t=14911 TX ua=95 mt=P len=0
PKT t=14920 RX ua=95 mt=R len=7
PKT t=14925 TX ua=95 mt=P len=0
PKT t=14934 RX ua=95 mt=R len=7
PKT t=14939 TX ua=95 mt=P len=0
PKT t=14948 RX ua=95 mt=R len=7
PKT t=14953 TX ua=95 mt=P len=0
PKT t=14962 RX ua=95 mt=R len=7
PKT t=14967 TX ua=95 mt=P len=0
PKT t=14996 RX ua=95 mt=R len=7
PKT t=15001 TX ua=95 mt=P len=0
PKT t=15010 RX ua=95 mt=R len=7
PKT t=15015 TX ua=95 mt=P len=0
PKT t=15024 RX ua=95 mt=R len=7
PKT t=15029 TX ua=95 mt=P len=0
PKT t=15038 RX ua=95 mt=R len=7
PKT t=15043 TX ua=95 mt=P len=0
PKT t=15076 RX ua=95 mt=R len=7
PKT t=15081 TX ua=95 mt=P len=0
PKT t=15095 RX ua=95 mt=R len=7
PKT t=15100 TX ua=95 mt=P len=0
PKT t=15109 RX ua=95 mt=R len=7
PKT t=15114 TX ua=95 mt=P len=0
PKT t=15123 RX ua=95 mt=R len=7
PKT t=15128 TX ua=95 mt=T len=7
PKT t=15140 TX ua=95 mt=P len=0
PKT t=15149 RX ua=95 mt=R len=7
PKT t=15154 TX ua=95 mt=P len=0
PKT t=15163 RX ua=95 mt=R len=7
PKT t=15168 TX ua=95 mt=P len=0
PKT t=15197 RX ua=95 mt=R len=7
PKT t=15202 TX ua=95 mt=P len=0
PKT t=15211 RX ua=95 mt=R len=7
PKT t=15216 TX ua=95 mt=P len=0
PKT t=15225 RX ua=95 mt=R len=7
PKT t=15230 TX ua=95 mt=P len=0
PKT t=15239 RX ua=95 mt=R len=7
PKT t=15244 TX ua=95 mt=P len=0
PKT t=15253 RX ua=95 mt=R len=7
PKT t=15258 TX ua=95 mt=P len=0
PKT t=15267 RX ua=95 mt=R len=7
PKT t=15272 TX ua=95 mt=P len=0
PKT t=15301 RX ua=95 mt=R len=7
PKT t=15306 TX ua=95 mt=P len=0
PKT t=15315 RX ua=95 mt=R len=7
PKT t=15320 TX ua=95 mt=P len=0
PKT t=15329 RX ua=95 mt=R len=7
PKT t=15334 TX ua=95 mt=P len=0
PKT t=15343 RX ua=95 mt=R len=7
PKT t=15376 TX ua=95 mt=P len=0
PKT t=15400 RX ua=95 mt=R len=7
PKT t=15405 TX ua=95 mt=T len=7
PKT t=15417 TX ua=95 mt=P len=0
PKT t=15427 RX ua=95 mt=R len=7
PKT t=15432 TX ua=95 mt=P len=0
PKT t=15442 RX ua=95 mt=R len=7
PKT t=15447 TX ua=95 mt=P len=0
PKT t=15457 RX ua=95 mt=R len=7
PKT t=15462 TX ua=95 mt=P len=0
PKT t=15472 RX ua=95 mt=R len=7
PKT t=15477 TX ua=95 mt=P len=0
PKT t=15506 RX ua=95 mt=R len=7
PKT t=15511 TX ua=95 mt=P len=0
PKT t=15521 RX ua=95 mt=R len=7
PKT t=15526 TX ua=95 mt=P len=0
PKT t=15536 RX ua=95 mt=R len=7
PKT t=15541 TX ua=95 mt=P len=0
PKT t=15551 RX ua=95 mt=R len=7
PKT t=15556 TX ua=95 mt=P len=0
PKT t=15566 RX ua=95 mt=R len=7
PKT t=15571 TX ua=95 mt=P len=0
PKT t=15581 RX ua=95 mt=R len=7
PKT t=15586 TX ua=95 mt=P len=0
PKT t=15615 RX ua=95 mt=R len=7
PKT t=15620 TX ua=95 mt=P len=0
PKT t=15630 RX ua=95 mt=R len=7
PKT t=15635 TX ua=95 mt=T len=7
PKT t=15647 TX ua=95 mt=P len=0
PKT t=15677 RX ua=95 mt=R len=7
PKT t=15932 TX ua=96 mt=P len=0
PKT t=16190 TX ua=95 mt=P len=0
PKT t=16199 RX ua=95 mt=R len=7
PKT t=16204 TX ua=95 mt=T len=7
PKT t=16216 TX ua=95 mt=P len=0
PKT t=16225 RX ua=95 mt=R len=7
PKT t=16230 TX ua=95 mt=P len=0
PKT t=16241 RX ua=95 mt=R len=7
PKT t=16246 TX ua=95 mt=P len=0
PKT t=16276 RX ua=95 mt=R len=7
PKT t=16531 TX ua=96 mt=P len=0
PKT t=16789 TX ua=95 mt=P len=0
PKT t=16799 RX ua=95 mt=R len=7
PKT t=16804 TX ua=95 mt=T len=7
PKT t=16816 TX ua=95 mt=P len=0
PKT t=16825 RX ua=95 mt=R len=7
PKT t=16830 TX ua=95 mt=P len=0
PKT t=16839 RX ua=95 mt=R len=7
PKT t=16844 TX ua=95 mt=P len=0
PKT t=16876 RX ua=95 mt=R len=7
PKT t=16881 TX ua=95 mt=T len=7
PKT t=16893 TX ua=95 mt=P len=0
PKT t=16916 RX ua=95 mt=R len=7
PKT t=16921 TX ua=95 mt=P len=0
PKT t=16930 RX ua=95 mt=R len=7
PKT t=16935 TX ua=95 mt=P len=0
PKT t=16944 RX ua=95 mt=R len=7
PKT t=16949 TX ua=95 mt=P len=0
PKT t=16958 RX ua=95 mt=R len=7
PKT t=16963 TX ua=95 mt=P len=0
PKT t=16972 RX ua=95 mt=R len=7
PKT t=16977 TX ua=95 mt=P len=0
PKT t=16986 RX ua=95 mt=R len=7
PKT t=16991 TX ua=95 mt=P len=0
PKT t=17021 RX ua=95 mt=R len=7
PKT t=17026 TX ua=95 mt=P len=0
PKT t=17035 RX ua=95 mt=R len=7
PKT t=17040 TX ua=95 mt=P len=0
PKT t=17049 RX ua=95 mt=R len=7
PKT t=17054 TX ua=95 mt=P len=0
PKT t=17063 RX ua=95 mt=R len=7
PKT t=17068 TX ua=95 mt=P len=0
PKT t=17078 RX ua=95 mt=R len=7
PKT t=17083 TX ua=95 mt=P len=0
PKT t=17092 RX ua=95 mt=R len=7
PKT t=17097 TX ua=95 mt=P len=0
PKT t=17126 RX ua=95 mt=R len=7
PKT t=17131 TX ua=95 mt=T len=7
PKT t=17143 TX ua=95 mt=P len=0
PKT t=17176 RX ua=95 mt=R len=7
PKT t=17181 TX ua=95 mt=P len=0
PKT t=17190 RX ua=95 mt=R len=7
PKT t=17195 TX ua=95 mt=P len=0
PKT t=17226 RX ua=95 mt=R len=7
PKT t=17231 TX ua=95 mt=P len=0
PKT t=17240 RX ua=95 mt=R len=7
PKT t=17245 TX ua=95 mt=P len=0
PKT t=17254 RX ua=95 mt=R len=7
PKT t=17259 TX ua=95 mt=P len=0
PKT t=17268 RX ua=95 mt=R len=7
PKT t=17273 TX ua=95 mt=P len=0
PKT t=17282 RX ua=95 mt=R len=7
PKT t=17287 TX ua=95 mt=P len=0
PKT t=17296 RX ua=95 mt=R len=7
PKT t=17301 TX ua=95 mt=P len=0
PKT t=17332 RX ua=95 mt=R len=7
PKT t=17337 TX ua=95 mt=P len=0
PKT t=17346 RX ua=95 mt=R len=7
PKT t=17351 TX ua=95 mt=P len=0
PKT t=17360 RX ua=95 mt=R len=7
PKT t=17365 TX ua=95 mt=P len=0
PKT t=17374 RX ua=95 mt=R len=7
PKT t=17379 TX ua=95 mt=T len=7
PKT t=17391 TX ua=95 mt=P len=0
PKT t=17401 RX ua=95 mt=R len=7
PKT t=17406 TX ua=95 mt=P len=0
PKT t=17435 RX ua=95 mt=R len=7
PKT t=17440 TX ua=95 mt=P len=0
PKT t=17476 RX ua=95 mt=R len=7
PKT t=17481 TX ua=95 mt=P len=0
PKT t=17491 RX ua=95 mt=R len=7
PKT t=17496 TX ua=95 mt=P len=0
PKT t=17506 RX ua=95 mt=R len=7
PKT t=17511 TX ua=95 mt=P len=0
PKT t=17540 RX ua=95 mt=R len=7
PKT t=17545 TX ua=95 mt=P len=0
PKT t=17555 RX ua=95 mt=R len=7
PKT t=17560 TX ua=95 mt=P len=0
PKT t=17570 RX ua=95 mt=R len=7
PKT t=17575 TX ua=95 mt=P len=0
PKT t=17585 RX ua=95 mt=R len=7
PKT t=17590 TX ua=95 mt=P len=0
PKT t=17600 RX ua=95 mt=R len=7
PKT t=17605 TX ua=95 mt=P len=0
PKT t=17615 RX ua=95 mt=R len=7
PKT t=17620 TX ua=95 mt=P len=0
PKT t=17649 RX ua=95 mt=R len=7
PKT t=17654 TX ua=95 mt=T len=7
PKT t=17666 TX ua=95 mt=P len=0
PKT t=17675 RX ua=95 mt=R len=7
PKT t=17680 TX ua=95 mt=P len=0
PKT t=17689 RX ua=95 mt=R len=7
PKT t=17694 TX ua=95 mt=P len=0
PKT t=17703 RX ua=95 mt=R len=7
PKT t=17708 TX ua=95 mt=P len=0
PKT t=17717 RX ua=95 mt=R len=7
PKT t=17722 TX ua=95 mt=P len=0
PKT t=17776 RX ua=95 mt=R len=7
PKT t=17781 TX ua=95 mt=P len=0
PKT t=17790 RX ua=95 mt=R len=7
PKT t=17795 TX ua=95 mt=P len=0
PKT t=17804 RX ua=95 mt=R len=7
PKT t=17809 TX ua=95 mt=P len=0
PKT t=17818 RX ua=95 mt=R len=7
PKT t=17823 TX ua=95 mt=P len=0
PKT t=17852 RX ua=95 mt=R len=7
PKT t=17857 TX ua=95 mt=P len=0
PKT t=17866 RX ua=95 mt=R len=7
PKT t=17871 TX ua=95 mt=P len=0
PKT t=17880 RX ua=95 mt=R len=7
PKT t=17885 TX ua=95 mt=T len=7
PKT t=17897 TX ua=95 mt=P len=0
PKT t=17906 RX ua=95 mt=R len=7
PKT t=17911 TX ua=95 mt=P len=0
PKT t=17920 RX ua=95 mt=R len=7
PKT t=17925 TX ua=95 mt=P len=0
PKT t=17954 RX ua=95 mt=R len=7
PKT t=17959 TX ua=95 mt=P len=0
PKT t=17968 RX ua=95 mt=R len=7
PKT t=17973 TX ua=95 mt=P len=0
PKT t=17983 RX ua=95 mt=R len=7
PKT t=17988 TX ua=95 mt=P len=0
PKT t=17997 RX ua=95 mt=R len=7
PKT t=18002 TX ua=95 mt=P len=0
PKT t=18013 RX ua=95 mt=R len=7
PKT t=18018 TX ua=95 mt=P len=0
PKT t=18027 RX ua=95 mt=R len=7
PKT t=18032 TX ua=95 mt=P len=0
PKT t=18076 RX ua=95 mt=R len=7
PKT t=18081 TX ua=95 mt=P len=0
PKT t=18090 RX ua=95 mt=R len=7
PKT t=18095 TX ua=95 mt=P len=0
PKT t=18104 RX ua=95 mt=R len=7
PKT t=18109 TX ua=95 mt=P len=0
PKT t=18118 RX ua=95 mt=R len=7
PKT t=18123 TX ua=95 mt=T len=7
PKT t=18136 TX ua=95 mt=P len=0
PKT t=18163 RX ua=95 mt=R len=7
PKT t=18168 TX ua=95 mt=T len=7
PKT t=18181 TX ua=95 mt=P len=0
PKT t=18190 RX ua=95 mt=R len=7
PKT t=18195 TX ua=95 mt=P len=0
PKT t=18204 RX ua=95 mt=R len=7
PKT t=18209 TX ua=95 mt=P len=0
PKT t=18218 RX ua=95 mt=R len=7
PKT t=18223 TX ua=95 mt=P len=0
PKT t=18232 RX ua=95 mt=R len=7
PKT t=18237 TX ua=95 mt=P len=0
PKT t=18266 RX ua=95 mt=R len=7
PKT t=18271 TX ua=95 mt=P len=0
PKT t=18280 RX ua=95 mt=R len=7
PKT t=18285 TX ua=95 mt=P len=0
PKT t=18294 RX ua=95 mt=R len=7
PKT t=18299 TX ua=95 mt=P len=0
PKT t=18308 RX ua=95 mt=R len=7
PKT t=18313 TX ua=95 mt=P len=0
PKT t=18322 RX ua=95 mt=R len=7
PKT t=18327 TX ua=95 mt=P len=0
PKT t=18336 RX ua=95 mt=R len=7
PKT t=18341 TX ua=95 mt=P len=0
PKT t=18376 RX ua=95 mt=R len=7
PKT t=18381 TX ua=95 mt=T len=7
PKT t=18394 TX ua=95 mt=P len=0
PKT t=18403 RX ua=95 mt=R len=7
PKT t=18408 TX ua=95 mt=P len=0
PKT t=18417 RX ua=95 mt=R len=7
PKT t=18422 TX ua=95 mt=P len=0
PKT t=18431 RX ua=95 mt=R len=7
PKT t=18436 TX ua=95 mt=P len=0
PKT t=18470 RX ua=95 mt=R len=7
PKT t=18475 TX ua=95 mt=P len=0
PKT t=18484 RX ua=95 mt=R len=7
PKT t=18489 TX ua=95 mt=P len=0
PKT t=18498 RX ua=95 mt=R len=7
PKT t=18503 TX ua=95 mt=P len=0
PKT t=18512 RX ua=95 mt=R len=7
PKT t=18517 TX ua=95 mt=P len=0
PKT t=18526 RX ua=95 mt=R len=7
PKT t=18531 TX ua=95 mt=P len=0
PKT t=18540 RX ua=95 mt=R len=7
PKT t=18545 TX ua=95 mt=P len=0
PKT t=18574 RX ua=95 mt=R len=7
PKT t=18579 TX ua=95 mt=P len=0
PKT t=18589 RX ua=95 mt=R len=7
PKT t=18594 TX ua=95 mt=P len=0
PKT t=18603 RX ua=95 mt=R len=7
PKT t=18608 TX ua=95 mt=P len=0
PKT t=18617 RX ua=95 mt=R len=7
PKT t=18622 TX ua=95 mt=P len=0
PKT t=18631 RX ua=95 mt=R len=7
PKT t=18636 TX ua=95 mt=T len=7
PKT t=18676 TX ua=95 mt=P len=0
PKT t=18685 RX ua=95 mt=R len=7
PKT t=18690 TX ua=95 mt=P len=0
PKT t=18699 RX ua=95 mt=R len=7
PKT t=18704 TX ua=95 mt=P len=0
PKT t=18713 RX ua=95 mt=R len=7
PKT t=18718 TX ua=95 mt=P len=0
PKT t=18727 RX ua=95 mt=R len=7
PKT t=18732 TX ua=95 mt=P len=0
PKT t=18741 RX ua=95 mt=R len=7
PKT t=18746 TX ua=95 mt=P len=0
PKT t=18776 RX ua=95 mt=R len=7
PKT t=18781 TX ua=95 mt=P len=0
PKT t=18790 RX ua=95 mt=R len=7
PKT t=18795 TX ua=95 mt=P len=0
PKT t=18804 RX ua=95 mt=R len=7
PKT t=18809 TX ua=95 mt=P len=0
PKT t=18818 RX ua=95 mt=R len=7
PKT t=18823 TX ua=95 mt=P len=0
PKT t=18832 RX ua=95 mt=R len=7
PKT t=18837 TX ua=95 mt=P len=0
PKT t=18846 RX ua=95 mt=R len=7
PKT t=18851 TX ua=95 mt=P len=0
PKT t=18880 RX ua=95 mt=R len=7
PKT t=18885 TX ua=95 mt=T len=7
PKT t=18898 TX ua=95 mt=P len=0
PKT t=18907 RX ua=95 mt=R len=7
PKT t=18912 TX ua=95 mt=P len=0
PKT t=18921 RX ua=95 mt=R len=7
PKT t=18926 TX ua=95 mt=P len=0
PKT t=18935 RX ua=95 mt=R len=7
PKT t=18940 TX ua=95 mt=P len=0
PKT t=18976 RX ua=95 mt=R len=7
PKT t=18981 TX ua=95 mt=P len=0
PKT t=18990 RX ua=95 mt=R len=7
PKT t=18995 TX ua=95 mt=P len=0
PKT t=19004 RX ua=95 mt=R len=7
PKT t=19009 TX ua=95 mt=P len=0
PKT t=19018 RX ua=95 mt=R len=7
PKT t=19023 TX ua=95 mt=P len=0
PKT t=19032 RX ua=95 mt=R len=7
PKT t=19037 TX ua=95 mt=P len=0
PKT t=19046 RX ua=95 mt=R len=7
PKT t=19051 TX ua=95 mt=P len=0
PKT t=19082 RX ua=95 mt=R len=7
PKT t=19087 TX ua=95 mt=P len=0
PKT t=19096 RX ua=95 mt=R len=7
PKT t=19101 TX ua=95 mt=P len=0
PKT t=19110 RX ua=95 mt=R len=7
PKT t=19115 TX ua=95 mt=P len=0
PKT t=19124 RX ua=95 mt=R len=7
PKT t=19129 TX ua=95 mt=T len=7
PKT t=19141 TX ua=95 mt=P len=0
PKT t=19150 RX ua=95 mt=R len=7
PKT t=19155 TX ua=95 mt=P len=0
PKT t=19184 RX ua=95 mt=R len=7
PKT t=19189 TX ua=95 mt=P len=0
PKT t=19198 RX ua=95 mt=R len=7
PKT t=19203 TX ua=95 mt=P len=0
PKT t=19212 RX ua=95 mt=R len=7
PKT t=19217 TX ua=95 mt=P len=0
PKT t=19226 RX ua=95 mt=R len=7
PKT t=19231 TX ua=95 mt=P len=0
PKT t=19240 RX ua=95 mt=R len=7
PKT t=19245 TX ua=95 mt=P len=0
PKT t=19276 RX ua=95 mt=R len=7
PKT t=19531 TX ua=96 mt=P len=0
PKT t=19789 TX ua=95 mt=P len=0
PKT t=19798 RX ua=95 mt=R len=7
PKT t=19803 TX ua=95 mt=T len=7
PKT t=19815 TX ua=95 mt=P len=0
PKT t=19824 RX ua=95 mt=R len=7
PKT t=19829 TX ua=95 mt=P len=0
PKT t=19838 RX ua=95 mt=R len=7
PKT t=19843 TX ua=95 mt=P len=0
PKT t=19876 RX ua=95 mt=R len=7
PKT t=19881 TX ua=95 mt=T len=7
PKT t=19893 TX ua=95 mt=P len=0
PKT t=19902 RX ua=95 mt=R len=7
PKT t=19907 TX ua=95 mt=P len=0
PKT t=19916 RX ua=95 mt=R len=7
PKT t=19921 TX ua=95 mt=P len=0
PKT t=19930 RX ua=95 mt=R len=7
PKT t=19935 TX ua=95 mt=P len=0
PKT t=19944 RX ua=95 mt=R len=7
PKT t=19949 TX ua=95 mt=P len=0
PKT t=19958 RX ua=95 mt=R len=7
PKT t=19963 TX ua=95 mt=P len=0
PKT t=19992 RX ua=95 mt=R len=7
PKT t=19997 TX ua=95 mt=P len=0
PKT t=20006 RX ua=95 mt=R len=7
PKT t=20014 TX ua=95 mt=P len=0
PKT t=20023 RX ua=95 mt=R len=7
PKT t=20028 TX ua=95 mt=P len=0
PKT t=20037 RX ua=95 mt=R len=7
PKT t=20042 TX ua=95 mt=P len=0
PKT t=20051 RX ua=95 mt=R len=7
PKT t=20056 TX ua=95 mt=P len=0
PKT t=20065 RX ua=95 mt=R len=7
PKT t=20070 TX ua=95 mt=P len=0
PKT t=20099 RX ua=95 mt=R len=7
PKT t=20104 TX ua=95 mt=P len=0
PKT t=20113 RX ua=95 mt=R len=7
PKT t=20118 TX ua=95 mt=P len=0
PKT t=20127 RX ua=95 mt=R len=7
PKT t=20132 TX ua=95 mt=T len=7
PKT t=20144 TX ua=95 mt=P len=0
PKT t=20176 RX ua=95 mt=R len=7
PKT t=20181 TX ua=95 mt=P len=0
PKT t=20198 RX ua=95 mt=R len=7
PKT t=20203 TX ua=95 mt=P len=0
PKT t=20212 RX ua=95 mt=R len=7
PKT t=20217 TX ua=95 mt=P len=0
PKT t=20226 RX ua=95 mt=R len=7
PKT t=20231 TX ua=95 mt=P len=0
PKT t=20240 RX ua=95 mt=R len=7
PKT t=20245 TX ua=95 mt=P len=0
PKT t=20254 RX ua=95 mt=R len=7
PKT t=20259 TX ua=95 mt=P len=0
PKT t=20268 RX ua=95 mt=R len=7
PKT t=20273 TX ua=95 mt=P len=0
PKT t=20302 RX ua=95 mt=R len=7
PKT t=20307 TX ua=95 mt=P len=0
PKT t=20316 RX ua=95 mt=R len=7
PKT t=20321 TX ua=95 mt=P len=0
PKT t=20330 RX ua=95 mt=R len=7
PKT t=20335 TX ua=95 mt=P len=0
PKT t=20344 RX ua=95 mt=R len=7
PKT t=20349 TX ua=95 mt=P len=0
PKT t=20358 RX ua=95 mt=R len=7
PKT t=20363 TX ua=95 mt=P len=0
PKT t=20372 RX ua=95 mt=R len=7
PKT t=20377 TX ua=95 mt=T len=7
PKT t=20389 TX ua=95 mt=P len=0
PKT t=20408 RX ua=95 mt=R len=7
PKT t=20413 TX ua=95 mt=P len=0
PKT t=20422 RX ua=95 mt=R len=7
PKT t=20427 TX ua=95 mt=P len=0
PKT t=20436 RX ua=95 mt=R len=7
PKT t=20441 TX ua=95 mt=P len=0
PKT t=20476 RX ua=95 mt=R len=7
PKT t=20481 TX ua=95 mt=P len=0
PKT t=20505 RX ua=95 mt=R len=7
PKT t=20510 TX ua=95 mt=P len=0
PKT t=20519 RX ua=95 mt=R len=7
PKT t=20524 TX ua=95 mt=P len=0
PKT t=20533 RX ua=95 mt=R len=7
PKT t=20538 TX ua=95 mt=P len=0
PKT t=20547 RX ua=95 mt=R len=7
PKT t=20552 TX ua=95 mt=P len=0
PKT t=20561 RX ua=95 mt=R len=7
PKT t=20566 TX ua=95 mt=P len=0
PKT t=20575 RX ua=95 mt=R len=7
PKT t=20580 TX ua=95 mt=P len=0
PKT t=20609 RX ua=95 mt=R len=7
PKT t=20614 TX ua=95 mt=P len=0
PKT t=20623 RX ua=95 mt=R len=7
PKT t=20628 TX ua=95 mt=T len=7
PKT t=20640 TX ua=95 mt=P len=0
PKT t=20649 RX ua=95 mt=R len=7
PKT t=20654 TX ua=95 mt=P len=0
PKT t=20663 RX ua=95 mt=R len=7
PKT t=20668 TX ua=95 mt=P len=0
PKT t=20677 RX ua=95 mt=R len=7
PKT t=20682 TX ua=95 mt=P len=0
PKT t=20712 RX ua=95 mt=R len=7
PKT t=20717 TX ua=95 mt=P len=0
PKT t=20726 RX ua=95 mt=R len=7
PKT t=20731 TX ua=95 mt=P len=0
PKT t=20740 RX ua=95 mt=R len=7
PKT t=20745 TX ua=95 mt=P len=0
PKT t=20776 RX ua=95 mt=R len=7
PKT t=21031 TX ua=96 mt=P len=0
PKT t=21289 TX ua=95 mt=P len=0
PKT t=21298 RX ua=95 mt=R len=7
PKT t=21303 TX ua=95 mt=T len=7
PKT t=21316 TX ua=95 mt=P len=0
PKT t=21325 RX ua=95 mt=R len=7
PKT t=21330 TX ua=95 mt=P len=0
PKT t=21339 RX ua=95 mt=R len=7
PKT t=21344 TX ua=95 mt=P len=0
PKT t=21376 RX ua=95 mt=R len=7
PKT t=21381 TX ua=95 mt=T len=7
PKT t=21394 TX ua=95 mt=P len=0
PKT t=21413 RX ua=95 mt=R len=7
PKT t=21418 TX ua=95 mt=P len=0
PKT t=21428 RX ua=95 mt=R len=7
PKT t=21433 TX ua=95 mt=P len=0
PKT t=21443 RX ua=95 mt=R len=7
PKT t=21448 TX ua=95 mt=P len=0
PKT t=21458 RX ua=95 mt=R len=7
PKT t=21463 TX ua=95 mt=P len=0
PKT t=21473 RX ua=95 mt=R len=7
PKT t=21478 TX ua=95 mt=P len=0
PKT t=21511 RX ua=95 mt=R len=7
PKT t=21516 TX ua=95 mt=P len=0
PKT t=21526 RX ua=95 mt=R len=7
PKT t=21531 TX ua=95 mt=P len=0
PKT t=21541 RX ua=95 mt=R len=7
PKT t=21546 TX ua=95 mt=P len=0
PKT t=21556 RX ua=95 mt=R len=7
PKT t=21561 TX ua=95 mt=P len=0
PKT t=21571 RX ua=95 mt=R len=7
PKT t=21576 TX ua=95 mt=P len=0
PKT t=21586 RX ua=95 mt=R len=7
PKT t=21591 TX ua=95 mt=P len=0
PKT t=21620 RX ua=95 mt=R len=7
PKT t=21625 TX ua=95 mt=P len=0
PKT t=21635 RX ua=95 mt=R len=7
PKT t=21640 TX ua=95 mt=T len=7
PKT t=21681 TX ua=95 mt=P len=0
PKT t=21690 RX ua=95 mt=R len=7
PKT t=21695 TX ua=95 mt=P len=0
PKT t=21725 RX ua=95 mt=R len=7
PKT t=21730 TX ua=95 mt=P len=0
PKT t=21739 RX ua=95 mt=R len=7
PKT t=21744 TX ua=95 mt=P len=0
PKT t=21753 RX ua=95 mt=R len=7
PKT t=21758 TX ua=95 mt=P len=0
PKT t=21767 RX ua=95 mt=R len=7
PKT t=21772 TX ua=95 mt=P len=0
PKT t=21781 RX ua=95 mt=R len=7
PKT t=21786 TX ua=95 mt=P len=0
PKT t=21795 RX ua=95 mt=R len=7
PKT t=21800 TX ua=95 mt=P len=0
PKT t=21829 RX ua=95 mt=R len=7
PKT t=21834 TX ua=95 mt=P len=0
PKT t=21843 RX ua=95 mt=R len=7
PKT t=21848 TX ua=95 mt=P len=0
PKT t=21857 RX ua=95 mt=R len=7
PKT t=21862 TX ua=95 mt=P len=0
PKT t=21871 RX ua=95 mt=R len=7
PKT t=21876 TX ua=95 mt=P len=0
PKT t=21885 RX ua=95 mt=R len=7
PKT t=21890 TX ua=95 mt=T len=7
PKT t=21903 TX ua=95 mt=P len=0
PKT t=21930 RX ua=95 mt=R len=7
PKT t=21935 TX ua=95 mt=P len=0
PKT t=21944 RX ua=95 mt=R len=7
PKT t=21976 TX ua=95 mt=P len=0
PKT t=21985 RX ua=95 mt=R len=7
PKT t=21990 TX ua=95 mt=P len=0
PKT t=21999 RX ua=95 mt=R len=7
PKT t=22004 TX ua=95 mt=P len=0
PKT t=22033 RX ua=95 mt=R len=7
PKT t=22038 TX ua=95 mt=P len=0
PKT t=22047 RX ua=95 mt=R len=7
PKT t=22052 TX ua=95 mt=P len=0
PKT t=22061 RX ua=95 mt=R len=7
PKT t=22066 TX ua=95 mt=P len=0
PKT t=22075 RX ua=95 mt=R len=7
PKT t=22080 TX ua=95 mt=P len=0
PKT t=22089 RX ua=95 mt=R len=7
PKT t=22094 TX ua=95 mt=P len=0
PKT t=22103 RX ua=95 mt=R len=7
PKT t=22108 TX ua=95 mt=P len=0
PKT t=22141 RX ua=95 mt=R len=7
PKT t=22146 TX ua=95 mt=T len=7
PKT t=22158 TX ua=95 mt=P len=0
PKT t=22167 RX ua=95 mt=R len=7
PKT t=22172 TX ua=95 mt=P len=0
PKT t=22181 RX ua=95 mt=R len=7
PKT t=22186 TX ua=95 mt=P len=0
PKT t=22195 RX ua=95 mt=R len=7
PKT t=22200 TX ua=95 mt=P len=0
PKT t=22209 RX ua=95 mt=R len=7
PKT t=22214 TX ua=95 mt=P len=0
PKT t=22243 RX ua=95 mt=R len=7
PKT t=22276 TX ua=95 mt=P len=0
PKT t=22285 RX ua=95 mt=R len=7
PKT t=22290 TX ua=95 mt=P len=0
PKT t=22299 RX ua=95 mt=R len=7
PKT t=22304 TX ua=95 mt=P len=0
PKT t=22314 RX ua=95 mt=R len=7
PKT t=22319 TX ua=95 mt=P len=0
PKT t=22347 RX ua=95 mt=R len=7
PKT t=22352 TX ua=95 mt=P len=0
PKT t=22361 RX ua=95 mt=R len=7
PKT t=22366 TX ua=95 mt=P len=0
PKT t=22375 RX ua=95 mt=R len=7
PKT t=22380 TX ua=95 mt=T len=7
PKT t=22392 TX ua=95 mt=P len=0
PKT t=22401 RX ua=95 mt=R len=7
PKT t=22406 TX ua=95 mt=P len=0
PKT t=22415 RX ua=95 mt=R len=7
PKT t=22420 TX ua=95 mt=P len=0
PKT t=22449 RX ua=95 mt=R len=7
PKT t=22454 TX ua=95 mt=P len=0
PKT t=22463 RX ua=95 mt=R len=7
PKT t=22468 TX ua=95 mt=P len=0
PKT t=22477 RX ua=95 mt=R len=7
PKT t=22482 TX ua=95 mt=P len=0
PKT t=22491 RX ua=95 mt=R len=7
PKT t=22496 TX ua=95 mt=P len=0
PKT t=22505 RX ua=95 mt=R len=7
PKT t=22510 TX ua=95 mt=P len=0
PKT t=22519 RX ua=95 mt=R len=7
PKT t=22524 TX ua=95 mt=P len=0
PKT t=22576 RX ua=95 mt=R len=7
PKT t=22581 TX ua=95 mt=P len=0
PKT t=22590 RX ua=95 mt=R len=7
PKT t=22595 TX ua=95 mt=P len=0
PKT t=22604 RX ua=95 mt=R len=7
PKT t=22609 TX ua=95 mt=P len=0
PKT t=22618 RX ua=95 mt=R len=7
PKT t=22623 TX ua=95 mt=P len=0
PKT t=22652 RX ua=95 mt=R len=7
PKT t=22657 TX ua=95 mt=T len=7
PKT t=22669 TX ua=95 mt=P len=0
PKT t=22678 RX ua=95 mt=R len=7
PKT t=22683 TX ua=95 mt=P len=0
PKT t=22692 RX ua=95 mt=R len=7
PKT t=22697 TX ua=95 mt=P len=0
PKT t=22706 RX ua=95 mt=R len=7
PKT t=22711 TX ua=95 mt=P len=0
PKT t=22720 RX ua=95 mt=R len=7
PKT t=22725 TX ua=95 mt=P len=0
PKT t=22754 RX ua=95 mt=R len=7
PKT t=22759 TX ua=95 mt=P len=0
PKT t=22768 RX ua=95 mt=R len=7
PKT t=22773 TX ua=95 mt=P len=0
PKT t=22782 RX ua=95 mt=R len=7
PKT t=22787 TX ua=95 mt=P len=0
PKT t=22796 RX ua=95 mt=R len=7
PKT t=22801 TX ua=95 mt=P len=0
PKT t=22810 RX ua=95 mt=R len=7
PKT t=22815 TX ua=95 mt=P len=0
PKT t=22824 RX ua=95 mt=R len=7
PKT t=22829 TX ua=95 mt=P len=0
PKT t=22876 RX ua=95 mt=R len=7
PKT t=22881 TX ua=95 mt=T len=7
PKT t=22893 TX ua=95 mt=P len=0
PKT t=22902 RX ua=95 mt=R len=7
PKT t=22907 TX ua=95 mt=P len=0
PKT t=22916 RX ua=95 mt=R len=7
PKT t=22921 TX ua=95 mt=P len=0
PKT t=22930 RX ua=95 mt=R len=7
PKT t=22935 TX ua=95 mt=P len=0
PKT t=22964 RX ua=95 mt=R len=7
PKT t=22969 TX ua=95 mt=P len=0
PKT t=22978 RX ua=95 mt=R len=7
PKT t=22983 TX ua=95 mt=P len=0
PKT t=22992 RX ua=95 mt=R len=7
PKT t=22997 TX ua=95 mt=P len=0
PKT t=23006 RX ua=95 mt=R len=7
PKT t=23011 TX ua=95 mt=P len=0
PKT t=23020 RX ua=95 mt=R len=7
PKT t=23025 TX ua=95 mt=P len=0
PKT t=23034 RX ua=95 mt=R len=7
PKT t=23039 TX ua=95 mt=P len=0
PKT t=23068 RX ua=95 mt=R len=7
PKT t=23073 TX ua=95 mt=P len=0
PKT t=23082 RX ua=95 mt=R len=7
PKT t=23087 TX ua=95 mt=P len=0
PKT t=23096 RX ua=95 mt=R len=7
PKT t=23101 TX ua=95 mt=P len=0
PKT t=23110 RX ua=95 mt=R len=7
PKT t=23115 TX ua=95 mt=P len=0
PKT t=23124 RX ua=95 mt=R len=7
PKT t=23129 TX ua=95 mt=T len=7
PKT t=23141 TX ua=95 mt=P len=0
PKT t=23176 RX ua=95 mt=R len=7
PKT t=23181 TX ua=95 mt=P len=0
PKT t=23190 RX ua=95 mt=R len=7
PKT t=23195 TX ua=95 mt=P len=0
PKT t=23204 RX ua=95 mt=R len=7
PKT t=23209 TX ua=95 mt=P len=0
PKT t=23218 RX ua=95 mt=R len=7
PKT t=23223 TX ua=95 mt=P len=0
PKT t=23232 RX ua=95 mt=R len=7
PKT t=23237 TX ua=95 mt=P len=0
PKT t=23268 RX ua=95 mt=R len=7
PKT t=23273 TX ua=95 mt=P len=0
PKT t=23282 RX ua=95 mt=R len=7
PKT t=23287 TX ua=95 mt=P len=0
PKT t=23296 RX ua=95 mt=R len=7
PKT t=23301 TX ua=95 mt=P len=0
PKT t=23310 RX ua=95 mt=R len=7
PKT t=23315 TX ua=95 mt=P len=0
PKT t=23324 RX ua=95 mt=R len=7
PKT t=23329 TX ua=95 mt=P len=0
PKT t=23339 RX ua=95 mt=R len=7
PKT t=23344 TX ua=95 mt=P len=0
PKT t=23373 RX ua=95 mt=R len=7
PKT t=23378 TX ua=95 mt=T len=7
PKT t=23390 TX ua=95 mt=P len=0
PKT t=23400 RX ua=95 mt=R len=7
PKT t=23405 TX ua=95 mt=P len=0
PKT t=23415 RX ua=95 mt=R len=7
PKT t=23420 TX ua=95 mt=P len=0
PKT t=23430 RX ua=95 mt=R len=7
PKT t=23435 TX ua=95 mt=P len=0
PKT t=23445 RX ua=95 mt=R len=7
PKT t=23476 TX ua=95 mt=P len=0
PKT t=23486 RX ua=95 mt=R len=7
PKT t=23491 TX ua=95 mt=P len=0
PKT t=23501 RX ua=95 mt=R len=7
PKT t=23506 TX ua=95 mt=P len=0
PKT t=23516 RX ua=95 mt=R len=7
PKT t=23521 TX ua=95 mt=P len=0
PKT t=23531 RX ua=95 mt=R len=7
PKT t=23536 TX ua=95 mt=P len=0
PKT t=23546 RX ua=95 mt=R len=7
PKT t=23551 TX ua=95 mt=P len=0
PKT t=23580 RX ua=95 mt=R len=7
PKT t=23585 TX ua=95 mt=P len=0
PKT t=23595 RX ua=95 mt=R len=7
PKT t=23600 TX ua=95 mt=P len=0
PKT t=23610 RX ua=95 mt=R len=7
PKT t=23615 TX ua=95 mt=P len=0
PKT t=23625 RX ua=95 mt=R len=7
PKT t=23630 TX ua=95 mt=T len=7
PKT t=23642 TX ua=95 mt=P len=0
PKT t=23651 RX ua=95 mt=R len=7
PKT t=23656 TX ua=95 mt=P len=0
PKT t=23685 RX ua=95 mt=R len=7
PKT t=23690 TX ua=95 mt=P len=0
PKT t=23699 RX ua=95 mt=R len=7
PKT t=23704 TX ua=95 mt=P len=0
PKT t=23713 RX ua=95 mt=R len=7
PKT t=23718 TX ua=95 mt=P len=0
PKT t=23727 RX ua=95 mt=R len=7
PKT t=23732 TX ua=95 mt=P len=0
PKT t=23741 RX ua=95 mt=R len=7
PKT t=23746 TX ua=95 mt=P len=0
PKT t=23776 RX ua=95 mt=R len=7
PKT t=24031 TX ua=96 mt=P len=0
PKT t=24289 TX ua=95 mt=P len=0
PKT t=24298 RX ua=95 mt=R len=7
PKT t=24303 TX ua=95 mt=T len=7
PKT t=24315 TX ua=95 mt=P len=0
PKT t=24324 RX ua=95 mt=R len=7
PKT t=24329 TX ua=95 mt=P len=0
PKT t=24338 RX ua=95 mt=R len=7
PKT t=24343 TX ua=95 mt=P len=0
PKT t=24376 RX ua=95 mt=R len=7
PKT t=24381 TX ua=95 mt=T len=7
PKT t=24393 TX ua=95 mt=P len=0
PKT t=24402 RX ua=95 mt=R len=7
PKT t=24407 TX ua=95 mt=P len=0
PKT t=24416 RX ua=95 mt=R len=7
PKT t=24421 TX ua=95 mt=P len=0
PKT t=24430 RX ua=95 mt=R len=7
PKT t=24435 TX ua=95 mt=P len=0
PKT t=24444 RX ua=95 mt=R len=7
PKT t=24449 TX ua=95 mt=P len=0
PKT t=24458 RX ua=95 mt=R len=7
PKT t=24463 TX ua=95 mt=P len=0
PKT t=24492 RX ua=95 mt=R len=7
PKT t=24497 TX ua=95 mt=P len=0
PKT t=24506 RX ua=95 mt=R len=7
PKT t=24511 TX ua=95 mt=P len=0
PKT t=24520 RX ua=95 mt=R len=7
PKT t=24525 TX ua=95 mt=P len=0
PKT t=24534 RX ua=95 mt=R len=7
PKT t=24539 TX ua=95 mt=P len=0
PKT t=24548 RX ua=95 mt=R len=7
PKT t=24553 TX ua=95 mt=P len=0
PKT t=24562 RX ua=95 mt=R len=7
PKT t=24567 TX ua=95 mt=P len=0
PKT t=24596 RX ua=95 mt=R len=7
PKT t=24601 TX ua=95 mt=P len=0
PKT t=24610 RX ua=95 mt=R len=7
PKT t=24615 TX ua=95 mt=P len=0
PKT t=24624 RX ua=95 mt=R len=7
PKT t=24629 TX ua=95 mt=T len=7
PKT t=24641 TX ua=95 mt=P len=0
PKT t=24676 RX ua=95 mt=R len=7
PKT t=24681 TX ua=95 mt=P len=0
PKT t=24695 RX ua=95 mt=R len=7
PKT t=24700 TX ua=95 mt=P len=0
PKT t=24709 RX ua=95 mt=R len=7
PKT t=24714 TX ua=95 mt=P len=0
PKT t=24723 RX ua=95 mt=R len=7
PKT t=24728 TX ua=95 mt=P len=0
PKT t=24737 RX ua=95 mt=R len=7
PKT t=24742 TX ua=95 mt=P len=0
PKT t=24751 RX ua=95 mt=R len=7
PKT t=24756 TX ua=95 mt=P len=0
PKT t=24765 RX ua=95 mt=R len=7
PKT t=24770 TX ua=95 mt=P len=0
PKT t=24799 RX ua=95 mt=R len=7
PKT t=24804 TX ua=95 mt=P len=0
PKT t=24813 RX ua=95 mt=R len=7
PKT t=24818 TX ua=95 mt=P len=0
PKT t=24827 RX ua=95 mt=R len=7
PKT t=24832 TX ua=95 mt=P len=0
PKT t=24841 RX ua=95 mt=R len=7
PKT t=24846 TX ua=95 mt=P len=0
PKT t=24855 RX ua=95 mt=R len=7
PKT t=24860 TX ua=95 mt=P len=0
PKT t=24869 RX ua=95 mt=R len=7
PKT t=24874 TX ua=95 mt=P len=0
PKT t=24903 RX ua=95 mt=R len=7
PKT t=24908 TX ua=95 mt=T len=7
PKT t=24920 TX ua=95 mt=P len=0
PKT t=24929 RX ua=95 mt=R len=7
PKT t=24934 TX ua=95 mt=P len=0
PKT t=24943 RX ua=95 mt=R len=7
PKT t=24976 TX ua=95 mt=P len=0
PKT t=25002 RX ua=95 mt=R len=7
PKT t=25007 TX ua=95 mt=P len=0
PKT t=25016 RX ua=95 mt=R len=7
PKT t=25021 TX ua=95 mt=P len=0
PKT t=25030 RX ua=95 mt=R len=7
PKT t=25035 TX ua=95 mt=P len=0
PKT t=25044 RX ua=95 mt=R len=7
PKT t=25049 TX ua=95 mt=P len=0
PKT t=25058 RX ua=95 mt=R len=7
PKT t=25063 TX ua=95 mt=P len=0
PKT t=25072 RX ua=95 mt=R len=7
PKT t=25077 TX ua=95 mt=P len=0
PKT t=25107 RX ua=95 mt=R len=7
PKT t=25112 TX ua=95 mt=P len=0
PKT t=25121 RX ua=95 mt=R len=7
PKT t=25126 TX ua=95 mt=T len=7
PKT t=25138 TX ua=95 mt=P len=0
PKT t=25147 RX ua=95 mt=R len=7
PKT t=25152 TX ua=95 mt=P len=0
PKT t=25161 RX ua=95 mt=R len=7
PKT t=25166 TX ua=95 mt=P len=0
PKT t=25175 RX ua=95 mt=R len=7
PKT t=25180 TX ua=95 mt=P len=0
PKT t=25209 RX ua=95 mt=R len=7
PKT t=25214 TX ua=95 mt=P len=0
PKT t=25223 RX ua=95 mt=R len=7
PKT t=25228 TX ua=95 mt=P len=0
PKT t=25237 RX ua=95 mt=R len=7
PKT t=25242 TX ua=95 mt=P len=0
PKT t=25276 RX ua=95 mt=R len=7
PKT t=25281 TX ua=95 mt=P len=0
PKT t=25308 RX ua=95 mt=R len=7
PKT t=25313 TX ua=95 mt=P len=0
PKT t=25322 RX ua=95 mt=R len=7
PKT t=25327 TX ua=95 mt=P len=0
PKT t=25336 RX ua=95 mt=R len=7
PKT t=25341 TX ua=95 mt=P len=0
PKT t=25350 RX ua=95 mt=R len=7
PKT t=25355 TX ua=95 mt=P len=0
PKT t=25364 RX ua=95 mt=R len=7
PKT t=25369 TX ua=95 mt=P len=0
PKT t=25378 RX ua=95 mt=R len=7
PKT t=25383 TX ua=95 mt=T len=7
PKT t=25395 TX ua=95 mt=P len=0
PKT t=25414 RX ua=95 mt=R len=7
PKT t=25419 TX ua=95 mt=P len=0
PKT t=25429 RX ua=95 mt=R len=7
PKT t=25434 TX ua=95 mt=P len=0
PKT t=25444 RX ua=95 mt=R len=7
PKT t=25449 TX ua=95 mt=P len=0
PKT t=25459 RX ua=95 mt=R len=7
PKT t=25464 TX ua=95 mt=P len=0
PKT t=25474 RX ua=95 mt=R len=7
PKT t=25479 TX ua=95 mt=P len=0
PKT t=25512 RX ua=95 mt=R len=7
PKT t=25517 TX ua=95 mt=P len=0
PKT t=25527 RX ua=95 mt=R len=7
PKT t=25532 TX ua=95 mt=P len=0
PKT t=25542 RX ua=95 mt=R len=7
PKT t=25547 TX ua=95 mt=P len=0
PKT t=25577 RX ua=95 mt=R len=7
PKT t=25832 TX ua=96 mt=P len=0
PKT t=26090 TX ua=95 mt=P len=0
PKT t=26100 RX ua=95 mt=R len=7
PKT t=26105 TX ua=95 mt=T len=7
PKT t=26117 TX ua=95 mt=P len=0
PKT t=26126 RX ua=95 mt=R len=7
PKT t=26131 TX ua=95 mt=T len=7
PKT t=26144 TX ua=95 mt=P len=0
PKT t=26176 RX ua=95 mt=R len=7
PKT t=26181 TX ua=95 mt=T len=7
PKT t=26194 TX ua=95 mt=P len=0
PKT t=26213 RX ua=95 mt=R len=7
PKT t=26218 TX ua=95 mt=P len=0
PKT t=26227 RX ua=95 mt=R len=7
PKT t=26232 TX ua=95 mt=P len=0
PKT t=26242 RX ua=95 mt=R len=7
PKT t=26247 TX ua=95 mt=P len=0
PKT t=26256 RX ua=95 mt=R len=7
PKT t=26261 TX ua=95 mt=P len=0
PKT t=26270 RX ua=95 mt=R len=7
PKT t=26275 TX ua=95 mt=P len=0
PKT t=26284 RX ua=95 mt=R len=7
PKT t=26289 TX ua=95 mt=P len=0
PKT t=26318 RX ua=95 mt=R len=7
PKT t=26323 TX ua=95 mt=P len=0
PKT t=26332 RX ua=95 mt=R len=7
PKT t=26337 TX ua=95 mt=P len=0
PKT t=26346 RX ua=95 mt=R len=7
PKT t=26351 TX ua=95 mt=P len=0
PKT t=26360 RX ua=95 mt=R len=7
PKT t=26365 TX ua=95 mt=P len=0
PKT t=26374 RX ua=95 mt=R len=7
PKT t=26379 TX ua=95 mt=T len=7
PKT t=26392 TX ua=95 mt=P len=0
PKT t=26419 RX ua=95 mt=R len=7
PKT t=26424 TX ua=95 mt=P len=0
PKT t=26433 RX ua=95 mt=R len=7
PKT t=26438 TX ua=95 mt=P len=0
PKT t=26476 RX ua=95 mt=R len=7
PKT t=26481 TX ua=95 mt=P len=0
PKT t=26490 RX ua=95 mt=R len=7
PKT t=26495 TX ua=95 mt=P len=0
PKT t=26524 RX ua=95 mt=R len=7
PKT t=26529 TX ua=95 mt=P len=0
PKT t=26538 RX ua=95 mt=R len=7
PKT t=26543 TX ua=95 mt=P len=0
PKT t=26552 RX ua=95 mt=R len=7
PKT t=26557 TX ua=95 mt=P len=0
PKT t=26566 RX ua=95 mt=R len=7
PKT t=26571 TX ua=95 mt=P len=0
PKT t=26580 RX ua=95 mt=R len=7
PKT t=26585 TX ua=95 mt=P len=0
PKT t=26594 RX ua=95 mt=R len=7
PKT t=26599 TX ua=95 mt=P len=0
PKT t=26628 RX ua=95 mt=R len=7
PKT t=26633 TX ua=95 mt=T len=7
PKT t=26646 TX ua=95 mt=P len=0
PKT t=26655 RX ua=95 mt=R len=7
PKT t=26660 TX ua=95 mt=P len=0
PKT t=26669 RX ua=95 mt=R len=7
PKT t=26674 TX ua=95 mt=P len=0
PKT t=26683 RX ua=95 mt=R len=7
PKT t=26688 TX ua=95 mt=P len=0
PKT t=26697 RX ua=95 mt=R len=7
PKT t=26702 TX ua=95 mt=P len=0
PKT t=26731 RX ua=95 mt=R len=7
PKT t=26736 TX ua=95 mt=P len=0
PKT t=26745 RX ua=95 mt=R len=7
PKT t=26776 TX ua=95 mt=P len=0
PKT t=26785 RX ua=95 mt=R len=7
PKT t=26790 TX ua=95 mt=P len=0
PKT t=26799 RX ua=95 mt=R len=7
PKT t=26804 TX ua=95 mt=P len=0
PKT t=26833 RX ua=95 mt=R len=7
PKT t=26838 TX ua=95 mt=P len=0
PKT t=26847 RX ua=95 mt=R len=7
PKT t=26852 TX ua=95 mt=P len=0
PKT t=26861 RX ua=95 mt=R len=7
PKT t=26866 TX ua=95 mt=P len=0
PKT t=26875 RX ua=95 mt=R len=7
PKT t=26880 TX ua=95 mt=T len=7
PKT t=26893 TX ua=95 mt=P len=0
PKT t=26902 RX ua=95 mt=R len=7
PKT t=26907 TX ua=95 mt=P len=0
PKT t=26936 RX ua=95 mt=R len=7
PKT t=26941 TX ua=95 mt=P len=0
PKT t=26950 RX ua=95 mt=R len=7
PKT t=26955 TX ua=95 mt=P len=0
PKT t=26964 RX ua=95 mt=R len=7
PKT t=26969 TX ua=95 mt=P len=0
PKT t=26978 RX ua=95 mt=R len=7
PKT t=26983 TX ua=95 mt=P len=0
PKT t=26992 RX ua=95 mt=R len=7
PKT t=26997 TX ua=95 mt=P len=0
PKT t=27006 RX ua=95 mt=R len=7
PKT t=27011 TX ua=95 mt=P len=0
PKT t=27040 RX ua=95 mt=R len=7
PKT t=27045 TX ua=95 mt=P len=0
PKT t=27076 RX ua=95 mt=R len=7
PKT t=27331 TX ua=96 mt=P len=0
PKT t=27589 TX ua=95 mt=P len=0
PKT t=27598 RX ua=95 mt=R len=7
PKT t=27603 TX ua=95 mt=T len=7
PKT t=27615 TX ua=95 mt=P len=0
PKT t=27643 RX ua=95 mt=R len=7
PKT t=27676 TX ua=95 mt=T len=7
PKT t=27688 TX ua=95 mt=P len=0
PKT t=27697 RX ua=95 mt=R len=7
PKT t=27702 TX ua=95 mt=P len=0
PKT t=27711 RX ua=95 mt=R len=7
PKT t=27716 TX ua=95 mt=P len=0
PKT t=27745 RX ua=95 mt=R len=7
PKT t=27750 TX ua=95 mt=P len=0
PKT t=27759 RX ua=95 mt=R len=7
PKT t=27764 TX ua=95 mt=P len=0
PKT t=27773 RX ua=95 mt=R len=7
PKT t=27778 TX ua=95 mt=P len=0
PKT t=27787 RX ua=95 mt=R len=7
PKT t=27792 TX ua=95 mt=P len=0
PKT t=27801 RX ua=95 mt=R len=7
PKT t=27806 TX ua=95 mt=P len=0
PKT t=27815 RX ua=95 mt=R len=7
PKT t=27820 TX ua=95 mt=P len=0
PKT t=27849 RX ua=95 mt=R len=7
PKT t=27854 TX ua=95 mt=P len=0
PKT t=27863 RX ua=95 mt=R len=7
PKT t=27868 TX ua=95 mt=P len=0
PKT t=27877 RX ua=95 mt=R len=7
PKT t=27882 TX ua=95 mt=T len=7
PKT t=27894 TX ua=95 mt=P len=0
PKT t=27903 RX ua=95 mt=R len=7
PKT t=27908 TX ua=95 mt=P len=0
PKT t=27917 RX ua=95 mt=R len=7
PKT t=27922 TX ua=95 mt=P len=0
PKT t=27976 RX ua=95 mt=R len=7
PKT t=27981 TX ua=95 mt=P len=0
PKT t=27990 RX ua=95 mt=R len=7
PKT t=27995 TX ua=95 mt=P len=0
PKT t=28005 RX ua=95 mt=R len=7
PKT t=28010 TX ua=95 mt=P len=0
PKT t=28019 RX ua=95 mt=R len=7
PKT t=28024 TX ua=95 mt=P len=0
PKT t=28053 RX ua=95 mt=R len=7
PKT t=28058 TX ua=95 mt=P len=0
PKT t=28067 RX ua=95 mt=R len=7
PKT t=28072 TX ua=95 mt=P len=0
PKT t=28081 RX ua=95 mt=R len=7
PKT t=28086 TX ua=95 mt=P len=0
PKT t=28095 RX ua=95 mt=R len=7
PKT t=28100 TX ua=95 mt=P len=0
PKT t=28109 RX ua=95 mt=R len=7
PKT t=28114 TX ua=95 mt=P len=0
PKT t=28123 RX ua=95 mt=R len=7
PKT t=28128 TX ua=95 mt=T len=7
PKT t=28140 TX ua=95 mt=P len=0
PKT t=28163 RX ua=95 mt=R len=7
PKT t=28168 TX ua=95 mt=P len=0
PKT t=28177 RX ua=95 mt=R len=7
PKT t=28182 TX ua=95 mt=P len=0
PKT t=28191 RX ua=95 mt=R len=7
PKT t=28196 TX ua=95 mt=P len=0
PKT t=28205 RX ua=95 mt=R len=7
PKT t=28210 TX ua=95 mt=P len=0
PKT t=28219 RX ua=95 mt=R len=7
PKT t=28224 TX ua=95 mt=P len=0
PKT t=28276 RX ua=95 mt=R len=7
PKT t=28281 TX ua=95 mt=P len=0
PKT t=28290 RX ua=95 mt=R len=7
PKT t=28295 TX ua=95 mt=P len=0
PKT t=28304 RX ua=95 mt=R len=7
PKT t=28309 TX ua=95 mt=P len=0
PKT t=28318 RX ua=95 mt=R len=7
PKT t=28323 TX ua=95 mt=P len=0
PKT t=28356 RX ua=95 mt=R len=7
PKT t=28361 TX ua=95 mt=P len=0
PKT t=28370 RX ua=95 mt=R len=7
PKT t=28375 TX ua=95 mt=P len=0
PKT t=28384 RX ua=95 mt=R len=7
PKT t=28389 TX ua=95 mt=T len=7
PKT t=28401 TX ua=95 mt=P len=0
PKT t=28410 RX ua=95 mt=R len=7
PKT t=28415 TX ua=95 mt=P len=0
PKT t=28424 RX ua=95 mt=R len=7
PKT t=28429 TX ua=95 mt=P len=0
PKT t=28458 RX ua=95 mt=R len=7
PKT t=28463 TX ua=95 mt=P len=0
PKT t=28472 RX ua=95 mt=R len=7
PKT t=28477 TX ua=95 mt=P len=0
PKT t=28486 RX ua=95 mt=R len=7
PKT t=28491 TX ua=95 mt=P len=0
PKT t=28500 RX ua=95 mt=R len=7
PKT t=28505 TX ua=95 mt=P len=0
PKT t=28514 RX ua=95 mt=R len=7
PKT t=28519 TX ua=95 mt=P len=0
PKT t=28528 RX ua=95 mt=R len=7
PKT t=28533 TX ua=95 mt=P len=0
PKT t=28576 RX ua=95 mt=R len=7
PKT t=28581 TX ua=95 mt=P len=0
PKT t=28590 RX ua=95 mt=R len=7
PKT t=28595 TX ua=95 mt=P len=0
PKT t=28604 RX ua=95 mt=R len=7
PKT t=28609 TX ua=95 mt=P len=0
PKT t=28618 RX ua=95 mt=R len=7
PKT t=28623 TX ua=95 mt=P len=0
PKT t=28632 RX ua=95 mt=R len=7
PKT t=28637 TX ua=95 mt=T len=7
PKT t=28649 TX ua=95 mt=P len=0
PKT t=28668 RX ua=95 mt=R len=7
PKT t=28673 TX ua=95 mt=P len=0
PKT t=28682 RX ua=95 mt=R len=7
PKT t=28687 TX ua=95 mt=P len=0
PKT t=28696 RX ua=95 mt=R len=7
PKT t=28701 TX ua=95 mt=P len=0
PKT t=28710 RX ua=95 mt=R len=7
PKT t=28715 TX ua=95 mt=P len=0
PKT t=28724 RX ua=95 mt=R len=7
PKT t=28729 TX ua=95 mt=P len=0
PKT t=28738 RX ua=95 mt=R len=7
PKT t=28743 TX ua=95 mt=P len=0
PKT t=28772 RX ua=95 mt=R len=7
PKT t=28777 TX ua=95 mt=P len=0
PKT t=28786 RX ua=95 mt=R len=7
PKT t=28791 TX ua=95 mt=P len=0
PKT t=28800 RX ua=95 mt=R len=7
PKT t=28805 TX ua=95 mt=P len=0
PKT t=28814 RX ua=95 mt=R len=7
PKT t=28819 TX ua=95 mt=P len=0
PKT t=28828 RX ua=95 mt=R len=7
PKT t=28833 TX ua=95 mt=P len=0
PKT t=28842 RX ua=95 mt=R len=7
PKT t=28847 TX ua=95 mt=P len=0
PKT t=28877 RX ua=95 mt=R len=7
PKT t=29132 TX ua=96 mt=P len=0
PKT t=29390 TX ua=95 mt=P len=0
PKT t=29399 RX ua=95 mt=R len=7
PKT t=29404 TX ua=95 mt=T len=7
PKT t=29417 TX ua=95 mt=P len=0
PKT t=29427 RX ua=95 mt=R len=7
PKT t=29432 TX ua=95 mt=P len=0
PKT t=29442 RX ua=95 mt=R len=7
PKT t=29447 TX ua=95 mt=P len=0
PKT t=29477 RX ua=95 mt=R len=7
PKT t=29732 TX ua=96 mt=P len=0
PKT t=29990 TX ua=95 mt=P len=0
PKT t=30000 RX ua=95 mt=R len=7
PKT t=30005 TX ua=95 mt=T len=7
PKT t=30019 TX ua=95 mt=P len=0
PKT t=30028 RX ua=95 mt=R len=7
PKT t=30033 TX ua=95 mt=P len=0
PKT t=30042 RX ua=95 mt=R len=7
PKT t=30047 TX ua=95 mt=P len=0
PKT t=30077 RX ua=95 mt=R len=7
PKT t=30332 TX ua=96 mt=P len=0
PKT t=30590 TX ua=95 mt=P len=0
PKT t=30599 RX ua=95 mt=R len=7
PKT t=30604 TX ua=95 mt=T len=7
PKT t=30616 TX ua=95 mt=P len=0
PKT t=30625 RX ua=95 mt=R len=7
PKT t=30630 TX ua=95 mt=T len=7
PKT t=30642 TX ua=95 mt=P len=0
PKT t=30676 RX ua=95 mt=R len=7
PKT t=30681 TX ua=95 mt=P len=0
PKT t=30690 RX ua=95 mt=R len=7
PKT t=30695 TX ua=95 mt=P len=0
PKT t=30704 RX ua=95 mt=R len=7
PKT t=30709 TX ua=95 mt=P len=0
PKT t=30718 RX ua=95 mt=R len=7
PKT t=30723 TX ua=95 mt=P len=0
PKT t=30732 RX ua=95 mt=R len=7
PKT t=30737 TX ua=95 mt=P len=0
PKT t=30746 RX ua=95 mt=R len=7
PKT t=30751 TX ua=95 mt=P len=0
PKT t=30780 RX ua=95 mt=R len=7
PKT t=30785 TX ua=95 mt=P len=0
PKT t=30794 RX ua=95 mt=R len=7
PKT t=30799 TX ua=95 mt=P len=0
PKT t=30808 RX ua=95 mt=R len=7
PKT t=30813 TX ua=95 mt=P len=0
PKT t=30822 RX ua=95 mt=R len=7
PKT t=30827 TX ua=95 mt=P len=0
PKT t=30836 RX ua=95 mt=R len=7
PKT t=30841 TX ua=95 mt=P len=0
PKT t=30850 RX ua=95 mt=R len=7
PKT t=30855 TX ua=95 mt=P len=0
PKT t=30884 RX ua=95 mt=R len=7
PKT t=30889 TX ua=95 mt=T len=7
PKT t=30901 TX ua=95 mt=P len=0
PKT t=30910 RX ua=95 mt=R len=7
PKT t=30915 TX ua=95 mt=P len=0
PKT t=30924 RX ua=95 mt=R len=7
PKT t=30929 TX ua=95 mt=P len=0
PKT t=30938 RX ua=95 mt=R len=7
PKT t=30943 TX ua=95 mt=P len=0
PKT t=30976 RX ua=95 mt=R len=7
PKT t=30981 TX ua=95 mt=P len=0
PKT t=30990 RX ua=95 mt=R len=7
PKT t=30995 TX ua=95 mt=P len=0
PKT t=31004 RX ua=95 mt=R len=7
PKT t=31009 TX ua=95 mt=P len=0
PKT t=31018 RX ua=95 mt=R len=7
PKT t=31023 TX ua=95 mt=P len=0
PKT t=31032 RX ua=95 mt=R len=7
PKT t=31037 TX ua=95 mt=P len=0
PKT t=31046 RX ua=95 mt=R len=7
PKT t=31051 TX ua=95 mt=P len=0
PKT t=31060 RX ua=95 mt=R len=7
PKT t=31065 TX ua=95 mt=P len=0
PKT t=31094 RX ua=95 mt=R len=7
PKT t=31099 TX ua=95 mt=P len=0
PKT t=31108 RX ua=95 mt=R len=7
PKT t=31113 TX ua=95 mt=P len=0
PKT t=31123 RX ua=95 mt=R len=7
PKT t=31128 TX ua=95 mt=T len=7
PKT t=31140 TX ua=95 mt=P len=0
PKT t=31149 RX ua=95 mt=R len=7
PKT t=31154 TX ua=95 mt=P len=0
PKT t=31163 RX ua=95 mt=R len=7
PKT t=31168 TX ua=95 mt=P len=0
PKT t=31197 RX ua=95 mt=R len=7
PKT t=31202 TX ua=95 mt=P len=0
PKT t=31211 RX ua=95 mt=R len=7
PKT t=31216 TX ua=95 mt=P len=0
PKT t=31225 RX ua=95 mt=R len=7
PKT t=31230 TX ua=95 mt=P len=0
PKT t=31239 RX ua=95 mt=R len=7
PKT t=31244 TX ua=95 mt=P len=0
PKT t=31276 RX ua=95 mt=R len=7
PKT t=31281 TX ua=95 mt=P len=0
PKT t=31297 RX ua=95 mt=R len=7
PKT t=31302 TX ua=95 mt=P len=0
PKT t=31311 RX ua=95 mt=R len=7
PKT t=31316 TX ua=95 mt=P len=0
PKT t=31325 RX ua=95 mt=R len=7
PKT t=31330 TX ua=95 mt=P len=0
PKT t=31339 RX ua=95 mt=R len=7
PKT t=31344 TX ua=95 mt=P len=0
PKT t=31353 RX ua=95 mt=R len=7
PKT t=31358 TX ua=95 mt=P len=0
PKT t=31367 RX ua=95 mt=R len=7
PKT t=31372 TX ua=95 mt=P len=0
PKT t=31401 RX ua=95 mt=R len=7
PKT t=31406 TX ua=95 mt=T len=7
PKT t=31418 TX ua=95 mt=P len=0
PKT t=31428 RX ua=95 mt=R len=7
PKT t=31433 TX ua=95 mt=P len=0
PKT t=31443 RX ua=95 mt=R len=7
PKT t=31448 TX ua=95 mt=P len=0
PKT t=31458 RX ua=95 mt=R len=7
PKT t=31463 TX ua=95 mt=P len=0
PKT t=31473 RX ua=95 mt=R len=7
PKT t=31478 TX ua=95 mt=P len=0
PKT t=31507 RX ua=95 mt=R len=7
PKT t=31512 TX ua=95 mt=P len=0
PKT t=31522 RX ua=95 mt=R len=7
PKT t=31527 TX ua=95 mt=P len=0
PKT t=31537 RX ua=95 mt=R len=7
PKT t=31542 TX ua=95 mt=P len=0
PKT t=31576 RX ua=95 mt=R len=7
PKT t=31581 TX ua=95 mt=P len=0
PKT t=31607 RX ua=95 mt=R len=7
PKT t=31612 TX ua=95 mt=P len=0
PKT t=31622 RX ua=95 mt=R len=7
PKT t=31627 TX ua=95 mt=P len=0
PKT t=31637 RX ua=95 mt=R len=7
PKT t=31642 TX ua=95 mt=T len=7
PKT t=31654 TX ua=95 mt=P len=0
PKT t=31663 RX ua=95 mt=R len=7
PKT t=31668 TX ua=95 mt=P len=0
PKT t=31677 RX ua=95 mt=R len=7
PKT t=31682 TX ua=95 mt=P len=0
PKT t=31713 RX ua=95 mt=R len=7
PKT t=31717 TX ua=95 mt=P len=0
PKT t=31726 RX ua=95 mt=R len=7
PKT t=31731 TX ua=95 mt=P len=0
PKT t=31740 RX ua=95 mt=R len=7
PKT t=31745 TX ua=95 mt=P len=0
PKT t=31754 RX ua=95 mt=R len=7
PKT t=31759 TX ua=95 mt=P len=0
PKT t=31768 RX ua=95 mt=R len=7
PKT t=31773 TX ua=95 mt=P len=0
PKT t=31782 RX ua=95 mt=R len=7
PKT t=31787 TX ua=95 mt=P len=0
PKT t=31816 RX ua=95 mt=R len=7
PKT t=31821 TX ua=95 mt=P len=0
PKT t=31830 RX ua=95 mt=R len=7
PKT t=31835 TX ua=95 mt=P len=0
PKT t=31844 RX ua=95 mt=R len=7
PKT t=31876 TX ua=95 mt=P len=0
PKT t=31885 RX ua=95 mt=R len=7
PKT t=31890 TX ua=95 mt=T len=7
PKT t=31902 TX ua=95 mt=P len=0
PKT t=31921 RX ua=95 mt=R len=7
PKT t=31926 TX ua=95 mt=P len=0
PKT t=31935 RX ua=95 mt=R len=7
PKT t=31940 TX ua=95 mt=P len=0
PKT t=31949 RX ua=95 mt=R len=7
PKT t=31954 TX ua=95 mt=P len=0
PKT t=31963 RX ua=95 mt=R len=7
PKT t=31968 TX ua=95 mt=P len=0
PKT t=31977 RX ua=95 mt=R len=7
PKT t=31982 TX ua=95 mt=P len=0
PKT t=31991 RX ua=95 mt=R len=7
PKT t=31996 TX ua=95 mt=P len=0
PKT t=32025 RX ua=95 mt=R len=7
PKT t=32030 TX ua=95 mt=P len=0
PKT t=32039 RX ua=95 mt=R len=7
PKT t=32044 TX ua=95 mt=P len=0
PKT t=32053 RX ua=95 mt=R len=7
PKT t=32058 TX ua=95 mt=P len=0
PKT t=32067 RX ua=95 mt=R len=7
PKT t=32072 TX ua=95 mt=P len=0
PKT t=32081 RX ua=95 mt=R len=7
PKT t=32086 TX ua=95 mt=P len=0
PKT t=32095 RX ua=95 mt=R len=7
PKT t=32100 TX ua=95 mt=P len=0
PKT t=32129 RX ua=95 mt=R len=7
PKT t=32134 TX ua=95 mt=T len=7
PKT t=32146 TX ua=95 mt=P len=0
PKT t=32176 RX ua=95 mt=R len=7
PKT t=32431 TX ua=96 mt=P len=0
PKT t=32689 TX ua=95 mt=P len=0
PKT t=32698 RX ua=95 mt=R len=7
PKT t=32703 TX ua=95 mt=T len=7
PKT t=32715 TX ua=95 mt=P len=0
PKT t=32734 RX ua=95 mt=R len=7
PKT t=32739 TX ua=95 mt=P len=0
PKT t=32776 RX ua=95 mt=R len=7
PKT t=32781 TX ua=95 mt=P len=0
PKT t=32790 RX ua=95 mt=R len=7
PKT t=32795 TX ua=95 mt=P len=0
PKT t=32804 RX ua=95 mt=R len=7
PKT t=32809 TX ua=95 mt=P len=0
PKT t=32839 RX ua=95 mt=R len=7
PKT t=32844 TX ua=95 mt=P len=0
PKT t=32853 RX ua=95 mt=R len=7
PKT t=32858 TX ua=95 mt=P len=0
PKT t=32867 RX ua=95 mt=R len=7
PKT t=32872 TX ua=95 mt=P len=0
PKT t=32881 RX ua=95 mt=R len=7
PKT t=32886 TX ua=95 mt=T len=7
PKT t=32898 TX ua=95 mt=P len=0
PKT t=32907 RX ua=95 mt=R len=7
PKT t=32912 TX ua=95 mt=P len=0
PKT t=32941 RX ua=95 mt=R len=7
PKT t=32946 TX ua=95 mt=P len=0
PKT t=32955 RX ua=95 mt=R len=7
PKT t=32960 TX ua=95 mt=P len=0
PKT t=32969 RX ua=95 mt=R len=7
PKT t=32974 TX ua=95 mt=P len=0
PKT t=32983 RX ua=95 mt=R len=7
PKT t=32988 TX ua=95 mt=P len=0
PKT t=32997 RX ua=95 mt=R len=7
PKT t=33002 TX ua=95 mt=P len=0
PKT t=33011 RX ua=95 mt=R len=7
PKT t=33016 TX ua=95 mt=P len=0
PKT t=33045 RX ua=95 mt=R len=7
PKT t=33076 TX ua=95 mt=P len=0
PKT t=33086 RX ua=95 mt=R len=7
PKT t=33091 TX ua=95 mt=P len=0
PKT t=33100 RX ua=95 mt=R len=7
PKT t=33105 TX ua=95 mt=P len=0
PKT t=33114 RX ua=95 mt=R len=7
PKT t=33119 TX ua=95 mt=T len=7
PKT t=33131 TX ua=95 mt=T len=7
PKT t=33143 TX ua=95 mt=P len=0
PKT t=33154 RX ua=95 mt=R len=7
PKT t=33159 TX ua=95 mt=P len=0
PKT t=33168 RX ua=95 mt=R len=7
PKT t=33173 TX ua=95 mt=P len=0
PKT t=33183 RX ua=95 mt=R len=7
PKT t=33188 TX ua=95 mt=P len=0
PKT t=33197 RX ua=95 mt=R len=7
PKT t=33202 TX ua=95 mt=P len=0
PKT t=33211 RX ua=95 mt=R len=7
PKT t=33216 TX ua=95 mt=P len=0
PKT t=33247 RX ua=95 mt=R len=7
PKT t=33252 TX ua=95 mt=P len=0
PKT t=33261 RX ua=95 mt=R len=7
PKT t=33266 TX ua=95 mt=P len=0
PKT t=33275 RX ua=95 mt=R len=7
PKT t=33280 TX ua=95 mt=P len=0
PKT t=33289 RX ua=95 mt=R len=7
PKT t=33294 TX ua=95 mt=P len=0
PKT t=33303 RX ua=95 mt=R len=7
PKT t=33308 TX ua=95 mt=P len=0
PKT t=33317 RX ua=95 mt=R len=7
PKT t=33322 TX ua=95 mt=P len=0
PKT t=33376 RX ua=95 mt=R len=7
PKT t=33381 TX ua=95 mt=T len=7
PKT t=33393 TX ua=95 mt=P len=0
PKT t=33403 RX ua=95 mt=R len=7
PKT t=33408 TX ua=95 mt=P len=0
PKT t=33418 RX ua=95 mt=R len=7
PKT t=33423 TX ua=95 mt=P len=0
PKT t=33453 RX ua=95 mt=R len=7
PKT t=33458 TX ua=95 mt=P len=0
PKT t=33468 RX ua=95 mt=R len=7
PKT t=33473 TX ua=95 mt=P len=0
PKT t=33483 RX ua=95 mt=R len=7
PKT t=33488 TX ua=95 mt=P len=0
PKT t=33498 RX ua=95 mt=R len=7
PKT t=33503 TX ua=95 mt=P len=0
PKT t=33513 RX ua=95 mt=R len=7
PKT t=33518 TX ua=95 mt=P len=0
PKT t=33552 RX ua=95 mt=R len=7
PKT t=33557 TX ua=95 mt=P len=0
PKT t=33567 RX ua=95 mt=R len=7
PKT t=33572 TX ua=95 mt=P len=0
PKT t=33582 RX ua=95 mt=R len=7
PKT t=33587 TX ua=95 mt=P len=0
PKT t=33597 RX ua=95 mt=R len=7
PKT t=33602 TX ua=95 mt=P len=0
PKT t=33612 RX ua=95 mt=R len=7
PKT t=33617 TX ua=95 mt=P len=0
PKT t=33627 RX ua=95 mt=R len=7
PKT t=33632 TX ua=95 mt=T len=7
PKT t=33644 TX ua=95 mt=P len=0
PKT t=33676 RX ua=95 mt=R len=7
PKT t=33681 TX ua=95 mt=P len=0
PKT t=33690 RX ua=95 mt=R len=7
PKT t=33695 TX ua=95 mt=P len=0
PKT t=33704 RX ua=95 mt=R len=7
PKT t=33709 TX ua=95 mt=P len=0
PKT t=33718 RX ua=95 mt=R len=7
PKT t=33723 TX ua=95 mt=P len=0
PKT t=33732 RX ua=95 mt=R len=7
PKT t=33737 TX ua=95 mt=P len=0
PKT t=33767 RX ua=95 mt=R len=7
PKT t=33772 TX ua=95 mt=P len=0
PKT t=33781 RX ua=95 mt=R len=7
PKT t=33786 TX ua=95 mt=P len=0
PKT t=33795 RX ua=95 mt=R len=7
PKT t=33800 TX ua=95 mt=P len=0
PKT t=33809 RX ua=95 mt=R len=7
PKT t=33814 TX ua=95 mt=P len=0
PKT t=33823 RX ua=95 mt=R len=7
PKT t=33828 TX ua=95 mt=P len=0
PKT t=33837 RX ua=95 mt=R len=7
PKT t=33842 TX ua=95 mt=P len=0
PKT t=33871 RX ua=95 mt=R len=7
PKT t=33876 TX ua=95 mt=P len=0
PKT t=33885 RX ua=95 mt=R len=7
PKT t=33890 TX ua=95 mt=T len=7
PKT t=33902 TX ua=95 mt=P len=0
PKT t=33911 RX ua=95 mt=R len=7
PKT t=33916 TX ua=95 mt=P len=0
PKT t=33925 RX ua=95 mt=R len=7
PKT t=33930 TX ua=95 mt=P len=0
PKT t=33939 RX ua=95 mt=R len=7
PKT t=33944 TX ua=95 mt=P len=0
PKT t=33976 RX ua=95 mt=R len=7
PKT t=33981 TX ua=95 mt=P len=0
PKT t=33990 RX ua=95 mt=R len=7
PKT t=33995 TX ua=95 mt=P len=0
PKT t=34004 RX ua=95 mt=R len=7
PKT t=34009 TX ua=95 mt=P len=0
PKT t=34021 RX ua=95 mt=R len=7
PKT t=34026 TX ua=95 mt=P len=0
PKT t=34035 RX ua=95 mt=R len=7
PKT t=34040 TX ua=95 mt=P len=0
PKT t=34073 RX ua=95 mt=R len=7
PKT t=34078 TX ua=95 mt=P len=0
PKT t=34087 RX ua=95 mt=R len=7
PKT t=34092 TX ua=95 mt=P len=0
PKT t=34101 RX ua=95 mt=R len=7
PKT t=34106 TX ua=95 mt=P len=0
PKT t=34115 RX ua=95 mt=R len=7
PKT t=34120 TX ua=95 mt=T len=7
PKT t=34133 TX ua=95 mt=P len=0
PKT t=34142 RX ua=95 mt=R len=7
PKT t=34147 TX ua=95 mt=T len=7
PKT t=34160 TX ua=95 mt=P len=0
PKT t=34182 RX ua=95 mt=R len=7
PKT t=34187 TX ua=95 mt=P len=0
PKT t=34196 RX ua=95 mt=R len=7
PKT t=34201 TX ua=95 mt=P len=0
PKT t=34210 RX ua=95 mt=R len=7
PKT t=34215 TX ua=95 mt=P len=0
PKT t=34224 RX ua=95 mt=R len=7
PKT t=34229 TX ua=95 mt=P len=0
PKT t=34238 RX ua=95 mt=R len=7
PKT t=34243 TX ua=95 mt=P len=0
PKT t=34276 RX ua=95 mt=R len=7
PKT t=34281 TX ua=95 mt=P len=0
PKT t=34290 RX ua=95 mt=R len=7
PKT t=34295 TX ua=95 mt=P len=0
PKT t=34304 RX ua=95 mt=R len=7
PKT t=34309 TX ua=95 mt=P len=0
PKT t=34318 RX ua=95 mt=R len=7
PKT t=34323 TX ua=95 mt=P len=0
PKT t=34332 RX ua=95 mt=R len=7
PKT t=34337 TX ua=95 mt=P len=0
PKT t=34346 RX ua=95 mt=R len=7
PKT t=34351 TX ua=95 mt=P len=0
PKT t=34380 RX ua=95 mt=R len=7
PKT t=34385 TX ua=95 mt=T len=7
PKT t=34398 TX ua=95 mt=P len=0
PKT t=34407 RX ua=95 mt=R len=7
PKT t=34412 TX ua=95 mt=P len=0
PKT t=34421 RX ua=95 mt=R len=7
PKT t=34426 TX ua=95 mt=P len=0
PKT t=34435 RX ua=95 mt=R len=7
PKT t=34440 TX ua=95 mt=P len=0
PKT t=34449 RX ua=95 mt=R len=7
PKT t=34454 TX ua=95 mt=P len=0
PKT t=34483 RX ua=95 mt=R len=7
PKT t=34488 TX ua=95 mt=P len=0
PKT t=34497 RX ua=95 mt=R len=7
PKT t=34502 TX ua=95 mt=P len=0
PKT t=34511 RX ua=95 mt=R len=7
PKT t=34516 TX ua=95 mt=P len=0
PKT t=34525 RX ua=95 mt=R len=7
PKT t=34530 TX ua=95 mt=P len=0
PKT t=34539 RX ua=95 mt=R len=7
PKT t=34544 TX ua=95 mt=P len=0
PKT t=34576 RX ua=95 mt=R len=7
PKT t=34581 TX ua=95 mt=P len=0
PKT t=34590 RX ua=95 mt=R len=7
PKT t=34595 TX ua=95 mt=P len=0
PKT t=34604 RX ua=95 mt=R len=7
PKT t=34609 TX ua=95 mt=P len=0
PKT t=34618 RX ua=95 mt=R len=7
PKT t=34623 TX ua=95 mt=P len=0
PKT t=34632 RX ua=95 mt=R len=7
PKT t=34637 TX ua=95 mt=T len=7
PKT t=34650 TX ua=95 mt=P len=0
PKT t=34659 RX ua=95 mt=R len=7
PKT t=34664 TX ua=95 mt=P len=0
PKT t=34693 RX ua=95 mt=R len=7
PKT t=34698 TX ua=95 mt=P len=0
PKT t=34707 RX ua=95 mt=R len=7
PKT t=34712 TX ua=95 mt=P len=0
PKT t=34721 RX ua=95 mt=R len=7
PKT t=34726 TX ua=95 mt=P len=0
PKT t=34735 RX ua=95 mt=R len=7
PKT t=34740 TX ua=95 mt=P len=0
PKT t=34749 RX ua=95 mt=R len=7
PKT t=34754 TX ua=95 mt=P len=0
PKT t=34764 RX ua=95 mt=R len=7
PKT t=34769 TX ua=95 mt=P len=0
PKT t=34798 RX ua=95 mt=R len=7
PKT t=34803 TX ua=95 mt=P len=0
PKT t=34812 RX ua=95 mt=R len=7
PKT t=34817 TX ua=95 mt=P len=0
PKT t=34826 RX ua=95 mt=R len=7
PKT t=34831 TX ua=95 mt=P len=0
PKT t=34840 RX ua=95 mt=R len=7
PKT t=34845 TX ua=95 mt=P len=0
PKT t=34876 RX ua=95 mt=R len=7
PKT t=35131 TX ua=96 mt=P len=0
PKT t=35389 TX ua=95 mt=P len=0
PKT t=35398 RX ua=95 mt=R len=7
PKT t=35403 TX ua=95 mt=T len=7
PKT t=35415 TX ua=95 mt=P len=0
PKT t=35425 RX ua=95 mt=R len=7
PKT t=35430 TX ua=95 mt=P len=0
PKT t=35440 RX ua=95 mt=R len=7
PKT t=35445 TX ua=95 mt=P len=0
PKT t=35476 RX ua=95 mt=R len=7
PKT t=35731 TX ua=96 mt=P len=0
PKT t=35989 TX ua=95 mt=P len=0
PKT t=35999 RX ua=95 mt=R len=7
PKT t=36004 TX ua=95 mt=T len=7
PKT t=36016 TX ua=95 mt=P len=0
PKT t=36025 RX ua=95 mt=R len=7
PKT t=36030 TX ua=95 mt=P len=0
PKT t=36039 RX ua=95 mt=R len=7
PKT t=36044 TX ua=95 mt=P len=0
PKT t=36076 RX ua=95 mt=R len=7
PKT t=36081 TX ua=95 mt=P len=0
PKT t=36098 RX ua=95 mt=R len=7
PKT t=36102 TX ua=95 mt=P len=0
PKT t=36111 RX ua=95 mt=R len=7
PKT t=36116 TX ua=95 mt=P len=0
PKT t=36125 RX ua=95 mt=R len=7
PKT t=36130 TX ua=95 mt=T len=7
PKT t=36142 TX ua=95 mt=P len=0
PKT t=36151 RX ua=95 mt=R len=7
PKT t=36156 TX ua=95 mt=P len=0
PKT t=36165 RX ua=95 mt=R len=7
PKT t=36170 TX ua=95 mt=P len=0
PKT t=36203 RX ua=95 mt=R len=7
PKT t=36208 TX ua=95 mt=P len=0
PKT t=36217 RX ua=95 mt=R len=7
PKT t=36222 TX ua=95 mt=P len=0
PKT t=36231 RX ua=95 mt=R len=7
PKT t=36236 TX ua=95 mt=P len=0
PKT t=36245 RX ua=95 mt=R len=7
PKT t=36250 TX ua=95 mt=P len=0
PKT t=36259 RX ua=95 mt=R len=7
PKT t=36264 TX ua=95 mt=P len=0
PKT t=36273 RX ua=95 mt=R len=7
PKT t=36278 TX ua=95 mt=P len=0
PKT t=36307 RX ua=95 mt=R len=7
PKT t=36312 TX ua=95 mt=P len=0
PKT t=36321 RX ua=95 mt=R len=7
PKT t=36326 TX ua=95 mt=P len=0
PKT t=36335 RX ua=95 mt=R len=7
PKT t=36340 TX ua=95 mt=P len=0
PKT t=36376 RX ua=95 mt=R len=7
PKT t=36381 TX ua=95 mt=T len=7
PKT t=36393 TX ua=95 mt=P len=0
PKT t=36408 RX ua=95 mt=R len=7
PKT t=36413 TX ua=95 mt=P len=0
PKT t=36422 RX ua=95 mt=R len=7
PKT t=36427 TX ua=95 mt=P len=0
PKT t=36436 RX ua=95 mt=R len=7
PKT t=36441 TX ua=95 mt=P len=0
PKT t=36450 RX ua=95 mt=R len=7
PKT t=36455 TX ua=95 mt=P len=0
PKT t=36464 RX ua=95 mt=R len=7
PKT t=36469 TX ua=95 mt=P len=0
PKT t=36478 RX ua=95 mt=R len=7
PKT t=36483 TX ua=95 mt=P len=0
PKT t=36512 RX ua=95 mt=R len=7
PKT t=36517 TX ua=95 mt=P len=0
PKT t=36526 RX ua=95 mt=R len=7
PKT t=36531 TX ua=95 mt=P len=0
PKT t=36540 RX ua=95 mt=R len=7
PKT t=36545 TX ua=95 mt=P len=0
PKT t=36554 RX ua=95 mt=R len=7
PKT t=36559 TX ua=95 mt=P len=0
PKT t=36568 RX ua=95 mt=R len=7
PKT t=36573 TX ua=95 mt=P len=0
PKT t=36582 RX ua=95 mt=R len=7
PKT t=36587 TX ua=95 mt=P len=0
PKT t=36616 RX ua=95 mt=R len=7
PKT t=36621 TX ua=95 mt=P len=0
PKT t=36630 RX ua=95 mt=R len=7
PKT t=36635 TX ua=95 mt=T len=7
PKT t=36647 TX ua=95 mt=P len=0
PKT t=36677 RX ua=95 mt=R len=7
PKT t=36932 TX ua=96 mt=P len=0
PKT t=37190 TX ua=95 mt=P len=0
PKT t=37199 RX ua=95 mt=R len=7
PKT t=37204 TX ua=95 mt=T len=7
PKT t=37217 TX ua=95 mt=P len=0
PKT t=37226 RX ua=95 mt=R len=7
PKT t=37231 TX ua=95 mt=P len=0
PKT t=37240 RX ua=95 mt=R len=7
PKT t=37245 TX ua=95 mt=P len=0
PKT t=37276 RX ua=95 mt=R len=7
