PKT t=7140 TX ua=95 mt=P len=0
PKT t=7181 RX ua=95 mt=R len=7
PKT t=7186 TX ua=95 mt=P len=0
PKT t=7195 RX ua=95 mt=R len=7
PKT t=7200 TX ua=95 mt=P len=0
PKT t=7209 RX ua=95 mt=R len=7
PKT t=7214 TX ua=95 mt=P len=0
PKT t=7223 RX ua=95 mt=R len=7
PKT t=7228 TX ua=95 mt=P len=0
PKT t=7237 RX ua=95 mt=R len=7
PKT t=7242 TX ua=95 mt=P len=0
PKT t=7281 RX ua=95 mt=R len=7
PKT t=7286 TX ua=95 mt=P len=0
PKT t=7295 RX ua=95 mt=R len=7
PKT t=7300 TX ua=95 mt=P len=0
PKT t=7309 RX ua=95 mt=R len=7
PKT t=7314 TX ua=95 mt=P len=0
PKT t=7323 RX ua=95 mt=R len=7
PKT t=7328 TX ua=95 mt=P len=0
PKT t=7337 RX ua=95 mt=R len=7
PKT t=7342 TX ua=95 mt=P len=0
PKT t=7381 RX ua=95 mt=R len=7
PKT t=7386 TX ua=95 mt=T len=7
PKT t=7398 TX ua=95 mt=P len=0
PKT t=7408 RX ua=95 mt=R len=7
PKT t=7413 TX ua=95 mt=P len=0
PKT t=7423 RX ua=95 mt=R len=7
PKT t=7428 TX ua=95 mt=P len=0
PKT t=7438 RX ua=95 mt=R len=7
PKT t=7443 TX ua=95 mt=P len=0
PKT t=7481 RX ua=95 mt=R len=7
PKT t=7486 TX ua=95 mt=P len=0
PKT t=7496 RX ua=95 mt=R len=7
PKT t=7501 TX ua=95 mt=P len=0
PKT t=7511 RX ua=95 mt=R len=7
PKT t=7516 TX ua=95 mt=P len=0
PKT t=7526 RX ua=95 mt=R len=7
PKT t=7531 TX ua=95 mt=P len=0
PKT t=7541 RX ua=95 mt=R len=7
PKT t=7546 TX ua=95 mt=P len=0
PKT t=7581 RX ua=95 mt=R len=7
PKT t=7836 TX ua=96 mt=I len=13
PKT t=8344 TX ua=96 mt=T len=4
PKT t=8388 TX ua=95 mt=P len=0
PKT t=8398 RX ua=95 mt=R len=7
PKT t=8403 TX ua=95 mt=T len=7
PKT t=8415 TX ua=95 mt=P len=0
PKT t=8424 RX ua=95 mt=R len=7
PKT t=8429 TX ua=95 mt=P len=0
PKT t=8438 RX ua=95 mt=R len=7
PKT t=8443 TX ua=95 mt=P len=0
PKT t=8481 RX ua=95 mt=R len=7
PKT t=8486 TX ua=95 mt=P len=0
PKT t=8495 RX ua=95 mt=R len=7
PKT t=8500 TX ua=95 mt=P len=0
PKT t=8509 RX ua=95 mt=R len=7
PKT t=8514 TX ua=95 mt=P len=0
PKT t=8523 RX ua=95 mt=R len=7
PKT t=8528 TX ua=95 mt=P len=0
PKT t=8537 RX ua=95 mt=R len=7
PKT t=8542 TX ua=95 mt=P len=0
PKT t=8581 RX ua=95 mt=R len=7
PKT t=8586 TX ua=95 mt=P len=0
PKT t=8595 RX ua=95 mt=R len=7
PKT t=8600 TX ua=95 mt=P len=0
PKT t=8609 RX ua=95 mt=R len=7
PKT t=8614 TX ua=95 mt=P len=0
PKT t=8623 RX ua=95 mt=R len=7
PKT t=8628 TX ua=95 mt=P len=0
PKT t=8637 RX ua=95 mt=R len=7
PKT t=8642 TX ua=95 mt=T len=7
PKT t=8686 TX ua=95 mt=P len=0
PKT t=8695 RX ua=95 mt=R len=7
PKT t=8700 TX ua=95 mt=P len=0
PKT t=8709 RX ua=95 mt=R len=7
PKT t=8714 TX ua=95 mt=P len=0
PKT t=8723 RX ua=95 mt=R len=7
PKT t=8728 TX ua=95 mt=P len=0
PKT t=8737 RX ua=95 mt=R len=7
PKT t=8742 TX ua=95 mt=P len=0
PKT t=8781 RX ua=95 mt=R len=7
PKT t=8786 TX ua=95 mt=P len=0
PKT t=8795 RX ua=95 mt=R len=7
PKT t=8800 TX ua=95 mt=P len=0
PKT t=8809 RX ua=95 mt=R len=7
PKT t=8814 TX ua=95 mt=P len=0
PKT t=8823 RX ua=95 mt=R len=7
PKT t=8828 TX ua=95 mt=P len=0
PKT t=8837 RX ua=95 mt=R len=7
PKT t=8842 TX ua=95 mt=P len=0
PKT t=8881 RX ua=95 mt=R len=7
PKT t=8886 TX ua=95 mt=T len=7
PKT t=8898 TX ua=95 mt=P len=0
PKT t=8907 RX ua=95 mt=R len=7
PKT t=8912 TX ua=95 mt=P len=0
PKT t=8921 RX ua=95 mt=R len=7
PKT t=8926 TX ua=95 mt=P len=0
PKT t=8935 RX ua=95 mt=R len=7
PKT t=8940 TX ua=95 mt=P len=0
PKT t=8981 RX ua=95 mt=R len=7
PKT t=8986 TX ua=95 mt=P len=0
PKT t=8995 RX ua=95 mt=R len=7
PKT t=9000 TX ua=95 mt=P len=0
PKT t=9009 RX ua=95 mt=R len=7
PKT t=9014 TX ua=95 mt=P len=0
PKT t=9023 RX ua=95 mt=R len=7
PKT t=9028 TX ua=95 mt=P len=0
PKT t=9037 RX ua=95 mt=R len=7
PKT t=9042 TX ua=95 mt=P len=0
PKT t=9081 RX ua=95 mt=R len=7
PKT t=9086 TX ua=95 mt=P len=0
PKT t=9095 RX ua=95 mt=R len=7
PKT t=9100 TX ua=95 mt=P len=0
PKT t=9109 RX ua=95 mt=R len=7
PKT t=9114 TX ua=95 mt=P len=0
PKT t=9123 RX ua=95 mt=R len=7
PKT t=9128 TX ua=95 mt=T len=7
PKT t=9140 TX ua=95 mt=P len=0
PKT t=9181 RX ua=95 mt=R len=7
PKT t=9186 TX ua=95 mt=P len=0
PKT t=9195 RX ua=95 mt=R len=7
PKT t=9200 TX ua=95 mt=P len=0
PKT t=9209 RX ua=95 mt=R len=7
PKT t=9214 TX ua=95 mt=P len=0
PKT t=9223 RX ua=95 mt=R len=7
PKT t=9228 TX ua=95 mt=P len=0
PKT t=9237 RX ua=95 mt=R len=7
PKT t=9242 TX ua=95 mt=P len=0
PKT t=9281 RX ua=95 mt=R len=7
PKT t=9286 TX ua=95 mt=P len=0
PKT t=9295 RX ua=95 mt=R len=7
PKT t=9300 TX ua=95 mt=P len=0
PKT t=9309 RX ua=95 mt=R len=7
PKT t=9314 TX ua=95 mt=P len=0
PKT t=9323 RX ua=95 mt=R len=7
PKT t=9328 TX ua=95 mt=P len=0
PKT t=9337 RX ua=95 mt=R len=7
PKT t=9342 TX ua=95 mt=P len=0
PKT t=9381 RX ua=95 mt=R len=7
PKT t=9386 TX ua=95 mt=T len=7
PKT t=9398 TX ua=95 mt=P len=0
PKT t=9408 RX ua=95 mt=R len=7
PKT t=9413 TX ua=95 mt=P len=0
PKT t=9423 RX ua=95 mt=R len=7
PKT t=9428 TX ua=95 mt=P len=0
PKT t=9438 RX ua=95 mt=R len=7
PKT t=9443 TX ua=95 mt=P len=0
PKT t=9481 RX ua=95 mt=R len=7
PKT t=9486 TX ua=95 mt=P len=0
PKT t=9496 RX ua=95 mt=R len=7
PKT t=9501 TX ua=95 mt=P len=0
PKT t=9511 RX ua=95 mt=R len=7
PKT t=9516 TX ua=95 mt=P len=0
PKT t=9526 RX ua=95 mt=R len=7
PKT t=9531 TX ua=95 mt=P len=0
PKT t=9541 RX ua=95 mt=R len=7
PKT t=9546 TX ua=95 mt=P len=0
PKT t=9581 RX ua=95 mt=R len=7
PKT t=9836 TX ua=96 mt=P len=0
PKT t=10094 TX ua=95 mt=P len=0
PKT t=10104 RX ua=95 mt=R len=7
PKT t=10109 TX ua=95 mt=T len=7
PKT t=10121 TX ua=95 mt=P len=0
PKT t=10130 RX ua=95 mt=R len=7
PKT t=10135 TX ua=95 mt=T len=7
PKT t=10181 TX ua=95 mt=P len=0
PKT t=10196 RX ua=95 mt=R len=7
PKT t=10201 TX ua=95 mt=T len=7
PKT t=10214 TX ua=95 mt=P len=0
PKT t=10223 RX ua=95 mt=R len=7
PKT t=10228 TX ua=95 mt=P len=0
PKT t=10237 RX ua=95 mt=R len=7
PKT t=10242 TX ua=95 mt=P len=0
PKT t=10281 RX ua=95 mt=R len=7
PKT t=10286 TX ua=95 mt=P len=0
PKT t=10297 RX ua=95 mt=R len=7
PKT t=10302 TX ua=95 mt=P len=0
PKT t=10311 RX ua=95 mt=R len=7
PKT t=10316 TX ua=95 mt=P len=0
PKT t=10325 RX ua=95 mt=R len=7
PKT t=10330 TX ua=95 mt=P len=0
PKT t=10339 RX ua=95 mt=R len=7
PKT t=10344 TX ua=95 mt=P len=0
PKT t=10381 RX ua=95 mt=R len=7
PKT t=10386 TX ua=95 mt=T len=7
PKT t=10399 TX ua=95 mt=P len=0
PKT t=10408 RX ua=95 mt=R len=7
PKT t=10413 TX ua=95 mt=P len=0
PKT t=10422 RX ua=95 mt=R len=7
PKT t=10427 TX ua=95 mt=P len=0
PKT t=10436 RX ua=95 mt=R len=7
PKT t=10441 TX ua=95 mt=P len=0
PKT t=10481 RX ua=95 mt=R len=7
PKT t=10486 TX ua=95 mt=P len=0
PKT t=10496 RX ua=95 mt=R len=7
PKT t=10501 TX ua=95 mt=P len=0
PKT t=10510 RX ua=95 mt=R len=7
PKT t=10515 TX ua=95 mt=P len=0
PKT t=10524 RX ua=95 mt=R len=7
PKT t=10529 TX ua=95 mt=P len=0
PKT t=10538 RX ua=95 mt=R len=7
PKT t=10543 TX ua=95 mt=P len=0
PKT t=10581 RX ua=95 mt=R len=7
PKT t=10586 TX ua=95 mt=P len=0
PKT t=10596 RX ua=95 mt=R len=7
PKT t=10601 TX ua=95 mt=P len=0
PKT t=10610 RX ua=95 mt=R len=7
PKT t=10615 TX ua=95 mt=P len=0
PKT t=10624 RX ua=95 mt=R len=7
PKT t=10629 TX ua=95 mt=P len=0
PKT t=10638 RX ua=95 mt=R len=7
PKT t=10643 TX ua=95 mt=T len=7
PKT t=10688 TX ua=95 mt=P len=0
PKT t=10697 RX ua=95 mt=R len=7
PKT t=10702 TX ua=95 mt=P len=0
PKT t=10711 RX ua=95 mt=R len=7
PKT t=10716 TX ua=95 mt=P len=0
PKT t=10725 RX ua=95 mt=R len=7
PKT t=10730 TX ua=95 mt=P len=0
PKT t=10739 RX ua=95 mt=R len=7
PKT t=10744 TX ua=95 mt=P len=0
PKT t=10781 RX ua=95 mt=R len=7
PKT t=10786 TX ua=95 mt=P len=0
PKT t=10796 RX ua=95 mt=R len=7
PKT t=10801 TX ua=95 mt=P len=0
PKT t=10810 RX ua=95 mt=R len=7
PKT t=10815 TX ua=95 mt=P len=0
PKT t=10824 RX ua=95 mt=R len=7
PKT t=10829 TX ua=95 mt=P len=0
PKT t=10838 RX ua=95 mt=R len=7
PKT t=10843 TX ua=95 mt=P len=0
PKT t=10881 RX ua=95 mt=R len=7
PKT t=10886 TX ua=95 mt=T len=7
PKT t=10899 TX ua=95 mt=P len=0
PKT t=10908 RX ua=95 mt=R len=7
PKT t=10913 TX ua=95 mt=P len=0
PKT t=10922 RX ua=95 mt=R len=7
PKT t=10927 TX ua=95 mt=P len=0
PKT t=10936 RX ua=95 mt=R len=7
PKT t=10941 TX ua=95 mt=P len=0
PKT t=10981 RX ua=95 mt=R len=7
PKT t=10986 TX ua=95 mt=P len=0
PKT t=10996 RX ua=95 mt=R len=7
PKT t=11001 TX ua=95 mt=P len=0
PKT t=11010 RX ua=95 mt=R len=7
PKT t=11015 TX ua=95 mt=P len=0
PKT t=11024 RX ua=95 mt=R len=7
PKT t=11029 TX ua=95 mt=P len=0
PKT t=11038 RX ua=95 mt=R len=7
PKT t=11043 TX ua=95 mt=P len=0
PKT t=11081 RX ua=95 mt=R len=7
PKT t=11086 TX ua=95 mt=P len=0
PKT t=11096 RX ua=95 mt=R len=7
PKT t=11101 TX ua=95 mt=P len=0
PKT t=11110 RX ua=95 mt=R len=7
PKT t=11115 TX ua=95 mt=P len=0
PKT t=11124 RX ua=95 mt=R len=7
PKT t=11129 TX ua=95 mt=T len=7
PKT t=11141 TX ua=95 mt=P len=0
PKT t=11181 RX ua=95 mt=R len=7
PKT t=11186 TX ua=95 mt=P len=0
PKT t=11196 RX ua=95 mt=R len=7
PKT t=11201 TX ua=95 mt=P len=0
PKT t=11210 RX ua=95 mt=R len=7
PKT t=11215 TX ua=95 mt=P len=0
PKT t=11224 RX ua=95 mt=R len=7
PKT t=11229 TX ua=95 mt=P len=0
PKT t=11238 RX ua=95 mt=R len=7
PKT t=11243 TX ua=95 mt=P len=0
PKT t=11281 RX ua=95 mt=R len=7
PKT t=11286 TX ua=95 mt=P len=0
PKT t=11296 RX ua=95 mt=R len=7
PKT t=11301 TX ua=95 mt=P len=0
PKT t=11310 RX ua=95 mt=R len=7
PKT t=11315 TX ua=95 mt=P len=0
PKT t=11324 RX ua=95 mt=R len=7
PKT t=11329 TX ua=95 mt=P len=0
PKT t=11338 RX ua=95 mt=R len=7
PKT t=11343 TX ua=95 mt=P len=0
PKT t=11381 RX ua=95 mt=R len=7
PKT t=11386 TX ua=95 mt=T len=7
PKT t=11398 TX ua=95 mt=P len=0
PKT t=11408 RX ua=95 mt=R len=7
PKT t=11413 TX ua=95 mt=P len=0
PKT t=11423 RX ua=95 mt=R len=7
PKT t=11428 TX ua=95 mt=P len=0
PKT t=11438 RX ua=95 mt=R len=7
PKT t=11443 TX ua=95 mt=P len=0
PKT t=11481 RX ua=95 mt=R len=7
PKT t=11486 TX ua=95 mt=P len=0
PKT t=11496 RX ua=95 mt=R len=7
PKT t=11501 TX ua=95 mt=P len=0
PKT t=11511 RX ua=95 mt=R len=7
PKT t=11516 TX ua=95 mt=P len=0
PKT t=11526 RX ua=95 mt=R len=7
PKT t=11531 TX ua=95 mt=P len=0
PKT t=11541 RX ua=95 mt=R len=7
PKT t=11546 TX ua=95 mt=P len=0
PKT t=11581 RX ua=95 mt=R len=7
PKT t=11836 TX ua=96 mt=P len=0
PKT t=12094 TX ua=95 mt=P len=0
PKT t=12104 RX ua=95 mt=R len=7
PKT t=12109 TX ua=95 mt=T len=7
PKT t=12121 TX ua=95 mt=P len=0
PKT t=12130 RX ua=95 mt=R len=7
PKT t=12135 TX ua=95 mt=T len=7
PKT t=12147 TX ua=95 mt=P len=0
PKT t=12182 RX ua=95 mt=R len=7
PKT t=12437 TX ua=96 mt=P len=0
PKT t=12695 TX ua=95 mt=P len=0
PKT t=12704 RX ua=95 mt=R len=7
PKT t=12709 TX ua=95 mt=T len=7
PKT t=12721 TX ua=95 mt=P len=0
PKT t=12730 RX ua=95 mt=R len=7
PKT t=12735 TX ua=95 mt=P len=0
PKT t=12744 RX ua=95 mt=R len=7
PKT t=12781 TX ua=95 mt=P len=0
PKT t=12797 RX ua=95 mt=R len=7
PKT t=12802 TX ua=95 mt=P len=0
PKT t=12811 RX ua=95 mt=R len=7
PKT t=12816 TX ua=95 mt=P len=0
PKT t=12825 RX ua=95 mt=R len=7
PKT t=12830 TX ua=95 mt=P len=0
PKT t=12839 RX ua=95 mt=R len=7
PKT t=12844 TX ua=95 mt=P len=0
PKT t=12881 RX ua=95 mt=R len=7
PKT t=12886 TX ua=95 mt=T len=7
PKT t=12898 TX ua=95 mt=P len=0
PKT t=12907 RX ua=95 mt=R len=7
PKT t=12912 TX ua=95 mt=P len=0
PKT t=12921 RX ua=95 mt=R len=7
PKT t=12926 TX ua=95 mt=P len=0
PKT t=12935 RX ua=95 mt=R len=7
PKT t=12940 TX ua=95 mt=P len=0
PKT t=12981 RX ua=95 mt=R len=7
PKT t=12986 TX ua=95 mt=P len=0
PKT t=12997 RX ua=95 mt=R len=7
PKT t=13002 TX ua=95 mt=P len=0
PKT t=13011 RX ua=95 mt=R len=7
PKT t=13016 TX ua=95 mt=P len=0
PKT t=13025 RX ua=95 mt=R len=7
PKT t=13030 TX ua=95 mt=P len=0
PKT t=13039 RX ua=95 mt=R len=7
PKT t=13044 TX ua=95 mt=P len=0
PKT t=13081 RX ua=95 mt=R len=7
PKT t=13086 TX ua=95 mt=P len=0
PKT t=13097 RX ua=95 mt=R len=7
PKT t=13102 TX ua=95 mt=P len=0
PKT t=13111 RX ua=95 mt=R len=7
PKT t=13116 TX ua=95 mt=P len=0
PKT t=13125 RX ua=95 mt=R len=7
PKT t=13130 TX ua=95 mt=T len=7
PKT t=13143 TX ua=95 mt=P len=0
PKT t=13181 RX ua=95 mt=R len=7
PKT t=13186 TX ua=95 mt=P len=0
PKT t=13197 RX ua=95 mt=R len=7
PKT t=13202 TX ua=95 mt=P len=0
PKT t=13211 RX ua=95 mt=R len=7
PKT t=13216 TX ua=95 mt=P len=0
PKT t=13225 RX ua=95 mt=R len=7
PKT t=13230 TX ua=95 mt=P len=0
PKT t=13239 RX ua=95 mt=R len=7
PKT t=13244 TX ua=95 mt=P len=0
PKT t=13281 RX ua=95 mt=R len=7
PKT t=13286 TX ua=95 mt=P len=0
PKT t=13297 RX ua=95 mt=R len=7
PKT t=13302 TX ua=95 mt=P len=0
PKT t=13311 RX ua=95 mt=R len=7
PKT t=13316 TX ua=95 mt=P len=0
PKT t=13325 RX ua=95 mt=R len=7
PKT t=13330 TX ua=95 mt=P len=0
PKT t=13339 RX ua=95 mt=R len=7
PKT t=13344 TX ua=95 mt=P len=0
PKT t=13381 RX ua=95 mt=R len=7
PKT t=13386 TX ua=95 mt=T len=7
PKT t=13399 TX ua=95 mt=P len=0
PKT t=13409 RX ua=95 mt=R len=7
PKT t=13414 TX ua=95 mt=P len=0
PKT t=13424 RX ua=95 mt=R len=7
PKT t=13429 TX ua=95 mt=P len=0
PKT t=13439 RX ua=95 mt=R len=7
PKT t=13444 TX ua=95 mt=P len=0
PKT t=13481 RX ua=95 mt=R len=7
PKT t=13486 TX ua=95 mt=P len=0
PKT t=13498 RX ua=95 mt=R len=7
PKT t=13503 TX ua=95 mt=P len=0
PKT t=13513 RX ua=95 mt=R len=7
PKT t=13518 TX ua=95 mt=P len=0
PKT t=13528 RX ua=95 mt=R len=7
PKT t=13533 TX ua=95 mt=P len=0
PKT t=13543 RX ua=95 mt=R len=7
PKT t=13581 TX ua=95 mt=P len=0
PKT t=13597 RX ua=95 mt=R len=7
PKT t=13602 TX ua=95 mt=P len=0
PKT t=13612 RX ua=95 mt=R len=7
PKT t=13617 TX ua=95 mt=P len=0
PKT t=13627 RX ua=95 mt=R len=7
PKT t=13632 TX ua=95 mt=T len=7
PKT t=13645 TX ua=95 mt=P len=0
PKT t=13681 RX ua=95 mt=R len=7
PKT t=13936 TX ua=96 mt=P len=0
PKT t=14194 TX ua=95 mt=P len=0
PKT t=14203 RX ua=95 mt=R len=7
PKT t=14208 TX ua=95 mt=T len=7
PKT t=14220 TX ua=95 mt=P len=0
PKT t=14229 RX ua=95 mt=R len=7
PKT t=14234 TX ua=95 mt=P len=0
PKT t=14243 RX ua=95 mt=R len=7
PKT t=14281 TX ua=95 mt=P len=0
PKT t=14298 RX ua=95 mt=R len=7
PKT t=14303 TX ua=95 mt=P len=0
PKT t=14312 RX ua=95 mt=R len=7
PKT t=14317 TX ua=95 mt=P len=0
PKT t=14326 RX ua=95 mt=R len=7
PKT t=14331 TX ua=95 mt=P len=0
PKT t=14340 RX ua=95 mt=R len=7
PKT t=14345 TX ua=95 mt=P len=0
PKT t=14381 RX ua=95 mt=R len=7
PKT t=14636 TX ua=96 mt=P len=0
PKT t=14894 TX ua=95 mt=P len=0
PKT t=14903 RX ua=95 mt=R len=7
PKT t=14908 TX ua=95 mt=T len=7
PKT t=14920 TX ua=95 mt=P len=0
PKT t=14929 RX ua=95 mt=R len=7
PKT t=14934 TX ua=95 mt=P len=0
PKT t=14943 RX ua=95 mt=R len=7
PKT t=14981 TX ua=95 mt=P len=0
PKT t=14998 RX ua=95 mt=R len=7
PKT t=15003 TX ua=95 mt=P len=0
PKT t=15012 RX ua=95 mt=R len=7
PKT t=15017 TX ua=95 mt=P len=0
PKT t=15026 RX ua=95 mt=R len=7
PKT t=15031 TX ua=95 mt=P len=0
PKT t=15040 RX ua=95 mt=R len=7
PKT t=15045 TX ua=95 mt=P len=0
PKT t=15081 RX ua=95 mt=R len=7
PKT t=15336 TX ua=96 mt=P len=0
PKT t=15594 TX ua=95 mt=P len=0
PKT t=15603 RX ua=95 mt=R len=7
PKT t=15608 TX ua=95 mt=T len=7
PKT t=15620 TX ua=95 mt=P len=0
PKT t=15630 RX ua=95 mt=R len=7
PKT t=15635 TX ua=95 mt=T len=7
PKT t=15647 TX ua=95 mt=P len=0
PKT t=15682 RX ua=95 mt=R len=7
PKT t=15937 TX ua=96 mt=P len=0
PKT t=16195 TX ua=95 mt=P len=0
PKT t=16204 RX ua=95 mt=R len=7
PKT t=16209 TX ua=95 mt=T len=7
PKT t=16221 TX ua=95 mt=P len=0
PKT t=16230 RX ua=95 mt=R len=7
PKT t=16235 TX ua=95 mt=P len=0
PKT t=16245 RX ua=95 mt=R len=7
PKT t=16281 TX ua=95 mt=P len=0
PKT t=16299 RX ua=95 mt=R len=7
PKT t=16304 TX ua=95 mt=P len=0
PKT t=16313 RX ua=95 mt=R len=7
PKT t=16318 TX ua=95 mt=P len=0
PKT t=16327 RX ua=95 mt=R len=7
PKT t=16332 TX ua=95 mt=P len=0
PKT t=16341 RX ua=95 mt=R len=7
PKT t=16346 TX ua=95 mt=P len=0
PKT t=16381 RX ua=95 mt=R len=7
PKT t=16636 TX ua=96 mt=P len=0
PKT t=16894 TX ua=95 mt=P len=0
PKT t=16903 RX ua=95 mt=R len=7
PKT t=16908 TX ua=95 mt=T len=7
PKT t=16920 TX ua=95 mt=P len=0
PKT t=16929 RX ua=95 mt=R len=7
PKT t=16934 TX ua=95 mt=P len=0
PKT t=16943 RX ua=95 mt=R len=7
PKT t=16981 TX ua=95 mt=P len=0
PKT t=16999 RX ua=95 mt=R len=7
PKT t=17004 TX ua=95 mt=P len=0
PKT t=17013 RX ua=95 mt=R len=7
PKT t=17018 TX ua=95 mt=P len=0
PKT t=17027 RX ua=95 mt=R len=7
PKT t=17032 TX ua=95 mt=P len=0
PKT t=17041 RX ua=95 mt=R len=7
PKT t=17046 TX ua=95 mt=P len=0
PKT t=17081 RX ua=95 mt=R len=7
PKT t=17336 TX ua=96 mt=P len=0
PKT t=17594 TX ua=95 mt=P len=0
PKT t=17603 RX ua=95 mt=R len=7
PKT t=17608 TX ua=95 mt=T len=7
PKT t=17620 TX ua=95 mt=P len=0
PKT t=17630 RX ua=95 mt=R len=7
PKT t=17635 TX ua=95 mt=T len=7
PKT t=17647 TX ua=95 mt=P len=0
PKT t=17682 RX ua=95 mt=R len=7
PKT t=17937 TX ua=96 mt=P len=0
PKT t=18195 TX ua=95 mt=P len=0
PKT t=18204 RX ua=95 mt=R len=7
PKT t=18209 TX ua=95 mt=T len=7
PKT t=18222 TX ua=95 mt=P len=0
PKT t=18231 RX ua=95 mt=R len=7
PKT t=18236 TX ua=95 mt=T len=7
PKT t=18281 TX ua=95 mt=P len=0
PKT t=18300 RX ua=95 mt=R len=7
PKT t=18305 TX ua=95 mt=P len=0
PKT t=18314 RX ua=95 mt=R len=7
PKT t=18319 TX ua=95 mt=P len=0
PKT t=18328 RX ua=95 mt=R len=7
PKT t=18333 TX ua=95 mt=P len=0
PKT t=18342 RX ua=95 mt=R len=7
PKT t=18347 TX ua=95 mt=P len=0
PKT t=18382 RX ua=95 mt=R len=7
PKT t=18637 TX ua=96 mt=P len=0
PKT t=18895 TX ua=95 mt=P len=0
PKT t=18904 RX ua=95 mt=R len=7
PKT t=18909 TX ua=95 mt=T len=7
PKT t=18922 TX ua=95 mt=P len=0
PKT t=18931 RX ua=95 mt=R len=7
PKT t=18936 TX ua=95 mt=P len=0
PKT t=18945 RX ua=95 mt=R len=7
PKT t=18981 TX ua=95 mt=P len=0
PKT t=19000 RX ua=95 mt=R len=7
PKT t=19005 TX ua=95 mt=P len=0
PKT t=19014 RX ua=95 mt=R len=7
PKT t=19019 TX ua=95 mt=P len=0
PKT t=19028 RX ua=95 mt=R len=7
PKT t=19033 TX ua=95 mt=P len=0
PKT t=19042 RX ua=95 mt=R len=7
PKT t=19047 TX ua=95 mt=P len=0
PKT t=19082 RX ua=95 mt=R len=7
PKT t=19337 TX ua=96 mt=P len=0
PKT t=19595 TX ua=95 mt=P len=0
PKT t=19604 RX ua=95 mt=R len=7
PKT t=19609 TX ua=95 mt=T len=7
PKT t=19621 TX ua=95 mt=P len=0
PKT t=19631 RX ua=95 mt=R len=7
PKT t=19636 TX ua=95 mt=T len=7
PKT t=19681 TX ua=95 mt=P len=0
PKT t=19700 RX ua=95 mt=R len=7
PKT t=19705 TX ua=95 mt=P len=0
PKT t=19714 RX ua=95 mt=R len=7
PKT t=19719 TX ua=95 mt=P len=0
PKT t=19728 RX ua=95 mt=R len=7
PKT t=19733 TX ua=95 mt=P len=0
PKT t=19742 RX ua=95 mt=R len=7
PKT t=19747 TX ua=95 mt=P len=0
PKT t=19782 RX ua=95 mt=R len=7
PKT t=20037 TX ua=96 mt=P len=0
PKT t=20295 TX ua=95 mt=P len=0
PKT t=20304 RX ua=95 mt=R len=7
PKT t=20309 TX ua=95 mt=T len=7
PKT t=20321 TX ua=95 mt=P len=0
PKT t=20330 RX ua=95 mt=R len=7
PKT t=20335 TX ua=95 mt=P len=0
PKT t=20344 RX ua=95 mt=R len=7
PKT t=20381 TX ua=95 mt=P len=0
PKT t=20401 RX ua=95 mt=R len=7
PKT t=20406 TX ua=95 mt=T len=7
PKT t=20418 TX ua=95 mt=P len=0
PKT t=20427 RX ua=95 mt=R len=7
PKT t=20432 TX ua=95 mt=P len=0
PKT t=20441 RX ua=95 mt=R len=7
PKT t=20446 TX ua=95 mt=P len=0
PKT t=20481 RX ua=95 mt=R len=7
PKT t=20736 TX ua=96 mt=P len=0
PKT t=20994 TX ua=95 mt=P len=0
PKT t=21003 RX ua=95 mt=R len=7
PKT t=21008 TX ua=95 mt=T len=7
PKT t=21020 TX ua=95 mt=P len=0
PKT t=21029 RX ua=95 mt=R len=7
PKT t=21034 TX ua=95 mt=P len=0
PKT t=21043 RX ua=95 mt=R len=7
PKT t=21081 TX ua=95 mt=P len=0
PKT t=21101 RX ua=95 mt=R len=7
PKT t=21106 TX ua=95 mt=P len=0
PKT t=21115 RX ua=95 mt=R len=7
PKT t=21120 TX ua=95 mt=P len=0
PKT t=21129 RX ua=95 mt=R len=7
PKT t=21134 TX ua=95 mt=T len=7
PKT t=21147 TX ua=95 mt=P len=0
PKT t=21182 RX ua=95 mt=R len=7
PKT t=21437 TX ua=96 mt=P len=0
PKT t=21695 TX ua=95 mt=P len=0
PKT t=21704 RX ua=95 mt=R len=7
PKT t=21709 TX ua=95 mt=T len=7
PKT t=21722 TX ua=95 mt=P len=0
PKT t=21731 RX ua=95 mt=R len=7
PKT t=21736 TX ua=95 mt=P len=0
PKT t=21745 RX ua=95 mt=R len=7
PKT t=21781 TX ua=95 mt=P len=0
PKT t=21801 RX ua=95 mt=R len=7
PKT t=21806 TX ua=95 mt=P len=0
PKT t=21815 RX ua=95 mt=R len=7
PKT t=21820 TX ua=95 mt=P len=0
PKT t=21829 RX ua=95 mt=R len=7
PKT t=21834 TX ua=95 mt=P len=0
PKT t=21843 RX ua=95 mt=R len=7
PKT t=21881 TX ua=95 mt=P len=0
PKT t=21901 RX ua=95 mt=R len=7
PKT t=21906 TX ua=95 mt=T len=7
PKT t=21919 TX ua=95 mt=P len=0
PKT t=21928 RX ua=95 mt=R len=7
PKT t=21933 TX ua=95 mt=P len=0
PKT t=21942 RX ua=95 mt=R len=7
PKT t=21947 TX ua=95 mt=P len=0
PKT t=21982 RX ua=95 mt=R len=7
PKT t=22237 TX ua=96 mt=P len=0
PKT t=22495 TX ua=95 mt=P len=0
PKT t=22504 RX ua=95 mt=R len=7
PKT t=22509 TX ua=95 mt=T len=7
PKT t=22521 TX ua=95 mt=P len=0
PKT t=22530 RX ua=95 mt=R len=7
PKT t=22535 TX ua=95 mt=P len=0
PKT t=22544 RX ua=95 mt=R len=7
PKT t=22581 TX ua=95 mt=P len=0
PKT t=22602 RX ua=95 mt=R len=7
PKT t=22607 TX ua=95 mt=P len=0
PKT t=22616 RX ua=95 mt=R len=7
PKT t=22621 TX ua=95 mt=P len=0
PKT t=22630 RX ua=95 mt=R len=7
PKT t=22635 TX ua=95 mt=T len=7
PKT t=22647 TX ua=95 mt=P len=0
PKT t=22682 RX ua=95 mt=R len=7
PKT t=22937 TX ua=96 mt=P len=0
PKT t=23195 TX ua=95 mt=P len=0
PKT t=23204 RX ua=95 mt=R len=7
PKT t=23209 TX ua=95 mt=T len=7
PKT t=23221 TX ua=95 mt=P len=0
PKT t=23230 RX ua=95 mt=R len=7
PKT t=23235 TX ua=95 mt=P len=0
PKT t=23244 RX ua=95 mt=R len=7
PKT t=23281 TX ua=95 mt=P len=0
PKT t=23302 RX ua=95 mt=R len=7
PKT t=23307 TX ua=95 mt=P len=0
PKT t=23316 RX ua=95 mt=R len=7
PKT t=23321 TX ua=95 mt=P len=0
PKT t=23330 RX ua=95 mt=R len=7
PKT t=23335 TX ua=95 mt=P len=0
PKT t=23344 RX ua=95 mt=R len=7
PKT t=23381 TX ua=95 mt=P len=0
PKT t=23402 RX ua=95 mt=R len=7
PKT t=23407 TX ua=95 mt=T len=7
PKT t=23419 TX ua=95 mt=P len=0
PKT t=23429 RX ua=95 mt=R len=7
PKT t=23434 TX ua=95 mt=P len=0
PKT t=23444 RX ua=95 mt=R len=7
PKT t=23481 TX ua=95 mt=P len=0
PKT t=23503 RX ua=95 mt=R len=7
PKT t=23508 TX ua=95 mt=P len=0
PKT t=23518 RX ua=95 mt=R len=7
PKT t=23523 TX ua=95 mt=P len=0
PKT t=23533 RX ua=95 mt=R len=7
PKT t=23538 TX ua=95 mt=P len=0
PKT t=23581 RX ua=95 mt=R len=7
PKT t=23586 TX ua=95 mt=P len=0
PKT t=23602 RX ua=95 mt=R len=7
PKT t=23607 TX ua=95 mt=P len=0
PKT t=23617 RX ua=95 mt=R len=7
PKT t=23622 TX ua=95 mt=P len=0
PKT t=23632 RX ua=95 mt=R len=7
PKT t=23637 TX ua=95 mt=T len=7
PKT t=23681 TX ua=95 mt=P len=0
PKT t=23702 RX ua=95 mt=R len=7
PKT t=23707 TX ua=95 mt=P len=0
PKT t=23716 RX ua=95 mt=R len=7
PKT t=23721 TX ua=95 mt=P len=0
PKT t=23730 RX ua=95 mt=R len=7
PKT t=23735 TX ua=95 mt=P len=0
PKT t=23744 RX ua=95 mt=R len=7
PKT t=23781 TX ua=95 mt=P len=0
PKT t=23802 RX ua=95 mt=R len=7
PKT t=23807 TX ua=95 mt=P len=0
PKT t=23816 RX ua=95 mt=R len=7
PKT t=23821 TX ua=95 mt=P len=0
PKT t=23830 RX ua=95 mt=R len=7
PKT t=23835 TX ua=95 mt=P len=0
PKT t=23844 RX ua=95 mt=R len=7
PKT t=23881 TX ua=95 mt=P len=0
PKT t=23902 RX ua=95 mt=R len=7
PKT t=23907 TX ua=95 mt=T len=7
PKT t=23919 TX ua=95 mt=P len=0
PKT t=23928 RX ua=95 mt=R len=7
PKT t=23933 TX ua=95 mt=P len=0
PKT t=23942 RX ua=95 mt=R len=7
PKT t=23947 TX ua=95 mt=P len=0
PKT t=23982 RX ua=95 mt=R len=7
PKT t=24237 TX ua=96 mt=P len=0
PKT t=24495 TX ua=95 mt=P len=0
PKT t=24504 RX ua=95 mt=R len=7
PKT t=24509 TX ua=95 mt=T len=7
PKT t=24521 TX ua=95 mt=P len=0
PKT t=24530 RX ua=95 mt=R len=7
PKT t=24535 TX ua=95 mt=P len=0
PKT t=24544 RX ua=95 mt=R len=7
PKT t=24581 TX ua=95 mt=P len=0
PKT t=24603 RX ua=95 mt=R len=7
PKT t=24608 TX ua=95 mt=P len=0
PKT t=24617 RX ua=95 mt=R len=7
PKT t=24622 TX ua=95 mt=P len=0
PKT t=24631 RX ua=95 mt=R len=7
PKT t=24636 TX ua=95 mt=T len=7
PKT t=24681 TX ua=95 mt=P len=0
PKT t=24704 RX ua=95 mt=R len=7
PKT t=24709 TX ua=95 mt=P len=0
PKT t=24718 RX ua=95 mt=R len=7
PKT t=24723 TX ua=95 mt=P len=0
PKT t=24732 RX ua=95 mt=R len=7
PKT t=24737 TX ua=95 mt=P len=0
PKT t=24746 RX ua=95 mt=R len=7
PKT t=24781 TX ua=95 mt=P len=0
PKT t=24803 RX ua=95 mt=R len=7
PKT t=24808 TX ua=95 mt=P len=0
PKT t=24817 RX ua=95 mt=R len=7
PKT t=24822 TX ua=95 mt=P len=0
PKT t=24831 RX ua=95 mt=R len=7
PKT t=24836 TX ua=95 mt=P len=0
PKT t=24845 RX ua=95 mt=R len=7
PKT t=24881 TX ua=95 mt=P len=0
PKT t=24903 RX ua=95 mt=R len=7
PKT t=24908 TX ua=95 mt=T len=7
PKT t=24920 TX ua=95 mt=P len=0
PKT t=24929 RX ua=95 mt=R len=7
PKT t=24934 TX ua=95 mt=P len=0
PKT t=24943 RX ua=95 mt=R len=7
PKT t=24981 TX ua=95 mt=P len=0
PKT t=25003 RX ua=95 mt=R len=7
PKT t=25008 TX ua=95 mt=P len=0
PKT t=25017 RX ua=95 mt=R len=7
PKT t=25022 TX ua=95 mt=P len=0
PKT t=25031 RX ua=95 mt=R len=7
PKT t=25036 TX ua=95 mt=P len=0
PKT t=25045 RX ua=95 mt=R len=7
PKT t=25081 TX ua=95 mt=P len=0
PKT t=25103 RX ua=95 mt=R len=7
PKT t=25108 TX ua=95 mt=P len=0
PKT t=25117 RX ua=95 mt=R len=7
PKT t=25122 TX ua=95 mt=P len=0
PKT t=25131 RX ua=95 mt=R len=7
PKT t=25136 TX ua=95 mt=T len=7
PKT t=25181 TX ua=95 mt=P len=0
PKT t=25203 RX ua=95 mt=R len=7
PKT t=25208 TX ua=95 mt=P len=0
PKT t=25217 RX ua=95 mt=R len=7
PKT t=25222 TX ua=95 mt=P len=0
PKT t=25231 RX ua=95 mt=R len=7
PKT t=25236 TX ua=95 mt=P len=0
PKT t=25245 RX ua=95 mt=R len=7
PKT t=25281 TX ua=95 mt=P len=0
PKT t=25303 RX ua=95 mt=R len=7
PKT t=25308 TX ua=95 mt=P len=0
PKT t=25317 RX ua=95 mt=R len=7
PKT t=25322 TX ua=95 mt=P len=0
PKT t=25331 RX ua=95 mt=R len=7
PKT t=25336 TX ua=95 mt=P len=0
PKT t=25345 RX ua=95 mt=R len=7
PKT t=25381 TX ua=95 mt=P len=0
PKT t=25403 RX ua=95 mt=R len=7
PKT t=25408 TX ua=95 mt=T len=7
PKT t=25420 TX ua=95 mt=P len=0
PKT t=25430 RX ua=95 mt=R len=7
PKT t=25435 TX ua=95 mt=P len=0
PKT t=25445 RX ua=95 mt=R len=7
PKT t=25481 TX ua=95 mt=P len=0
PKT t=25503 RX ua=95 mt=R len=7
PKT t=25508 TX ua=95 mt=P len=0
PKT t=25518 RX ua=95 mt=R len=7
PKT t=25523 TX ua=95 mt=P len=0
PKT t=25533 RX ua=95 mt=R len=7
PKT t=25538 TX ua=95 mt=P len=0
PKT t=25581 RX ua=95 mt=R len=7
PKT t=25586 TX ua=95 mt=P len=0
PKT t=25604 RX ua=95 mt=R len=7
PKT t=25608 TX ua=95 mt=P len=0
PKT t=25618 RX ua=95 mt=R len=7
PKT t=25623 TX ua=95 mt=P len=0
PKT t=25633 RX ua=95 mt=R len=7
PKT t=25638 TX ua=95 mt=T len=7
PKT t=25681 TX ua=95 mt=P len=0
PKT t=25703 RX ua=95 mt=R len=7
PKT t=25708 TX ua=95 mt=P len=0
PKT t=25717 RX ua=95 mt=R len=7
PKT t=25722 TX ua=95 mt=P len=0
PKT t=25731 RX ua=95 mt=R len=7
PKT t=25736 TX ua=95 mt=P len=0
PKT t=25745 RX ua=95 mt=R len=7
PKT t=25781 TX ua=95 mt=P len=0
PKT t=25803 RX ua=95 mt=R len=7
PKT t=25808 TX ua=95 mt=P len=0
PKT t=25817 RX ua=95 mt=R len=7
PKT t=25822 TX ua=95 mt=P len=0
PKT t=25831 RX ua=95 mt=R len=7
PKT t=25836 TX ua=95 mt=P len=0
PKT t=25845 RX ua=95 mt=R len=7
PKT t=25881 TX ua=95 mt=P len=0
PKT t=25903 RX ua=95 mt=R len=7
PKT t=25908 TX ua=95 mt=T len=7
PKT t=25920 TX ua=95 mt=P len=0
PKT t=25929 RX ua=95 mt=R len=7
PKT t=25934 TX ua=95 mt=P len=0
PKT t=25943 RX ua=95 mt=R len=7
PKT t=25981 TX ua=95 mt=P len=0
PKT t=26003 RX ua=95 mt=R len=7
PKT t=26008 TX ua=95 mt=P len=0
PKT t=26017 RX ua=95 mt=R len=7
PKT t=26022 TX ua=95 mt=P len=0
PKT t=26031 RX ua=95 mt=R len=7
PKT t=26036 TX ua=95 mt=P len=0
PKT t=26045 RX ua=95 mt=R len=7
PKT t=26081 TX ua=95 mt=P len=0
PKT t=26104 RX ua=95 mt=R len=7
PKT t=26109 TX ua=95 mt=P len=0
PKT t=26118 RX ua=95 mt=R len=7
PKT t=26123 TX ua=95 mt=P len=0
PKT t=26132 RX ua=95 mt=R len=7
PKT t=26137 TX ua=95 mt=T len=7
PKT t=26181 TX ua=95 mt=P len=0
PKT t=26204 RX ua=95 mt=R len=7
PKT t=26209 TX ua=95 mt=T len=7
PKT t=26222 TX ua=95 mt=P len=0
PKT t=26231 RX ua=95 mt=R len=7
PKT t=26236 TX ua=95 mt=P len=0
PKT t=26245 RX ua=95 mt=R len=7
PKT t=26281 TX ua=95 mt=P len=0
PKT t=26304 RX ua=95 mt=R len=7
PKT t=26309 TX ua=95 mt=P len=0
PKT t=26318 RX ua=95 mt=R len=7
PKT t=26323 TX ua=95 mt=P len=0
PKT t=26332 RX ua=95 mt=R len=7
PKT t=26337 TX ua=95 mt=P len=0
PKT t=26346 RX ua=95 mt=R len=7
PKT t=26381 TX ua=95 mt=P len=0
PKT t=26404 RX ua=95 mt=R len=7
PKT t=26409 TX ua=95 mt=T len=7
PKT t=26422 TX ua=95 mt=P len=0
PKT t=26431 RX ua=95 mt=R len=7
PKT t=26436 TX ua=95 mt=P len=0
PKT t=26446 RX ua=95 mt=R len=7
PKT t=26481 TX ua=95 mt=P len=0
PKT t=26504 RX ua=95 mt=R len=7
PKT t=26509 TX ua=95 mt=P len=0
PKT t=26518 RX ua=95 mt=R len=7
PKT t=26523 TX ua=95 mt=P len=0
PKT t=26532 RX ua=95 mt=R len=7
PKT t=26537 TX ua=95 mt=P len=0
PKT t=26546 RX ua=95 mt=R len=7
PKT t=26581 TX ua=95 mt=P len=0
PKT t=26604 RX ua=95 mt=R len=7
PKT t=26609 TX ua=95 mt=P len=0
PKT t=26618 RX ua=95 mt=R len=7
PKT t=26623 TX ua=95 mt=P len=0
PKT t=26632 RX ua=95 mt=R len=7
PKT t=26637 TX ua=95 mt=T len=7
PKT t=26681 TX ua=95 mt=P len=0
PKT t=26704 RX ua=95 mt=R len=7
PKT t=26709 TX ua=95 mt=P len=0
PKT t=26718 RX ua=95 mt=R len=7
PKT t=26723 TX ua=95 mt=P len=0
PKT t=26732 RX ua=95 mt=R len=7
PKT t=26737 TX ua=95 mt=P len=0
PKT t=26746 RX ua=95 mt=R len=7
PKT t=26781 TX ua=95 mt=P len=0
PKT t=26804 RX ua=95 mt=R len=7
PKT t=26809 TX ua=95 mt=P len=0
PKT t=26818 RX ua=95 mt=R len=7
PKT t=26823 TX ua=95 mt=P len=0
PKT t=26832 RX ua=95 mt=R len=7
PKT t=26837 TX ua=95 mt=P len=0
PKT t=26846 RX ua=95 mt=R len=7
PKT t=26881 TX ua=95 mt=P len=0
PKT t=26904 RX ua=95 mt=R len=7
PKT t=26909 TX ua=95 mt=T len=7
PKT t=26922 TX ua=95 mt=P len=0
PKT t=26933 RX ua=95 mt=R len=7
PKT t=26938 TX ua=95 mt=P len=0
PKT t=26981 RX ua=95 mt=R len=7
PKT t=26986 TX ua=95 mt=P len=0
PKT t=27004 RX ua=95 mt=R len=7
PKT t=27009 TX ua=95 mt=P len=0
PKT t=27018 RX ua=95 mt=R len=7
PKT t=27023 TX ua=95 mt=P len=0
PKT t=27032 RX ua=95 mt=R len=7
PKT t=27037 TX ua=95 mt=P len=0
PKT t=27046 RX ua=95 mt=R len=7
PKT t=27081 TX ua=95 mt=P len=0
PKT t=27104 RX ua=95 mt=R len=7
PKT t=27109 TX ua=95 mt=P len=0
PKT t=27118 RX ua=95 mt=R len=7
PKT t=27123 TX ua=95 mt=P len=0
PKT t=27132 RX ua=95 mt=R len=7
PKT t=27137 TX ua=95 mt=T len=7
PKT t=27181 TX ua=95 mt=P len=0
PKT t=27204 RX ua=95 mt=R len=7
PKT t=27209 TX ua=95 mt=P len=0
PKT t=27218 RX ua=95 mt=R len=7
PKT t=27223 TX ua=95 mt=P len=0
PKT t=27232 RX ua=95 mt=R len=7
PKT t=27237 TX ua=95 mt=P len=0
PKT t=27246 RX ua=95 mt=R len=7
PKT t=27281 TX ua=95 mt=P len=0
PKT t=27304 RX ua=95 mt=R len=7
PKT t=27309 TX ua=95 mt=P len=0
PKT t=27318 RX ua=95 mt=R len=7
PKT t=27323 TX ua=95 mt=P len=0
PKT t=27332 RX ua=95 mt=R len=7
PKT t=27337 TX ua=95 mt=P len=0
PKT t=27381 RX ua=95 mt=R len=7
PKT t=27386 TX ua=95 mt=T len=7
PKT t=27398 TX ua=95 mt=P len=0
PKT t=27408 RX ua=95 mt=R len=7
PKT t=27413 TX ua=95 mt=P len=0
PKT t=27423 RX ua=95 mt=R len=7
PKT t=27428 TX ua=95 mt=P len=0
PKT t=27438 RX ua=95 mt=R len=7
PKT t=27443 TX ua=95 mt=P len=0
PKT t=27481 RX ua=95 mt=R len=7
PKT t=27486 TX ua=95 mt=P len=0
PKT t=27505 RX ua=95 mt=R len=7
PKT t=27510 TX ua=95 mt=P len=0
PKT t=27520 RX ua=95 mt=R len=7
PKT t=27525 TX ua=95 mt=P len=0
PKT t=27535 RX ua=95 mt=R len=7
PKT t=27540 TX ua=95 mt=P len=0
PKT t=27581 RX ua=95 mt=R len=7
PKT t=27586 TX ua=95 mt=P len=0
PKT t=27605 RX ua=95 mt=R len=7
PKT t=27610 TX ua=95 mt=P len=0
PKT t=27620 RX ua=95 mt=R len=7
PKT t=27625 TX ua=95 mt=P len=0
PKT t=27635 RX ua=95 mt=R len=7
PKT t=27640 TX ua=95 mt=T len=7
PKT t=27681 TX ua=95 mt=P len=0
PKT t=27704 RX ua=95 mt=R len=7
PKT t=27709 TX ua=95 mt=P len=0
PKT t=27718 RX ua=95 mt=R len=7
PKT t=27723 TX ua=95 mt=P len=0
PKT t=27732 RX ua=95 mt=R len=7
PKT t=27737 TX ua=95 mt=P len=0
PKT t=27746 RX ua=95 mt=R len=7
PKT t=27781 TX ua=95 mt=P len=0
PKT t=27804 RX ua=95 mt=R len=7
PKT t=27809 TX ua=95 mt=P len=0
PKT t=27818 RX ua=95 mt=R len=7
PKT t=27823 TX ua=95 mt=P len=0
PKT t=27832 RX ua=95 mt=R len=7
PKT t=27837 TX ua=95 mt=P len=0
PKT t=27846 RX ua=95 mt=R len=7
PKT t=27881 TX ua=95 mt=P len=0
PKT t=27904 RX ua=95 mt=R len=7
PKT t=27909 TX ua=95 mt=T len=7
PKT t=27921 TX ua=95 mt=P len=0
PKT t=27930 RX ua=95 mt=R len=7
PKT t=27935 TX ua=95 mt=P len=0
PKT t=27944 RX ua=95 mt=R len=7
PKT t=27981 TX ua=95 mt=P len=0
PKT t=28004 RX ua=95 mt=R len=7
PKT t=28009 TX ua=95 mt=P len=0
PKT t=28018 RX ua=95 mt=R len=7
PKT t=28023 TX ua=95 mt=P len=0
PKT t=28032 RX ua=95 mt=R len=7
PKT t=28037 TX ua=95 mt=P len=0
PKT t=28046 RX ua=95 mt=R len=7
PKT t=28081 TX ua=95 mt=P len=0
PKT t=28105 RX ua=95 mt=R len=7
PKT t=28110 TX ua=95 mt=P len=0
PKT t=28119 RX ua=95 mt=R len=7
PKT t=28124 TX ua=95 mt=T len=7
PKT t=28136 TX ua=95 mt=T len=7
PKT t=28181 TX ua=95 mt=P len=0
PKT t=28205 RX ua=95 mt=R len=7
PKT t=28210 TX ua=95 mt=P len=0
PKT t=28219 RX ua=95 mt=R len=7
PKT t=28224 TX ua=95 mt=P len=0
PKT t=28233 RX ua=95 mt=R len=7
PKT t=28238 TX ua=95 mt=P len=0
PKT t=28281 RX ua=95 mt=R len=7
PKT t=28286 TX ua=95 mt=P len=0
PKT t=28305 RX ua=95 mt=R len=7
PKT t=28310 TX ua=95 mt=P len=0
PKT t=28319 RX ua=95 mt=R len=7
PKT t=28324 TX ua=95 mt=P len=0
PKT t=28333 RX ua=95 mt=R len=7
PKT t=28338 TX ua=95 mt=P len=0
PKT t=28381 RX ua=95 mt=R len=7
PKT t=28386 TX ua=95 mt=T len=7
PKT t=28398 TX ua=95 mt=P len=0
PKT t=28407 RX ua=95 mt=R len=7
PKT t=28412 TX ua=95 mt=P len=0
PKT t=28421 RX ua=95 mt=R len=7
PKT t=28426 TX ua=95 mt=P len=0
PKT t=28435 RX ua=95 mt=R len=7
PKT t=28440 TX ua=95 mt=P len=0
PKT t=28481 RX ua=95 mt=R len=7
PKT t=28486 TX ua=95 mt=P len=0
PKT t=28505 RX ua=95 mt=R len=7
PKT t=28510 TX ua=95 mt=P len=0
PKT t=28519 RX ua=95 mt=R len=7
PKT t=28524 TX ua=95 mt=P len=0
PKT t=28533 RX ua=95 mt=R len=7
PKT t=28538 TX ua=95 mt=P len=0
PKT t=28581 RX ua=95 mt=R len=7
PKT t=28586 TX ua=95 mt=P len=0
PKT t=28605 RX ua=95 mt=R len=7
PKT t=28610 TX ua=95 mt=P len=0
PKT t=28619 RX ua=95 mt=R len=7
PKT t=28624 TX ua=95 mt=P len=0
PKT t=28633 RX ua=95 mt=R len=7
PKT t=28638 TX ua=95 mt=T len=7
PKT t=28681 TX ua=95 mt=P len=0
PKT t=28705 RX ua=95 mt=R len=7
PKT t=28710 TX ua=95 mt=P len=0
PKT t=28719 RX ua=95 mt=R len=7
PKT t=28724 TX ua=95 mt=P len=0
PKT t=28733 RX ua=95 mt=R len=7
PKT t=28738 TX ua=95 mt=P len=0
PKT t=28781 RX ua=95 mt=R len=7
PKT t=28786 TX ua=95 mt=P len=0
PKT t=28805 RX ua=95 mt=R len=7
PKT t=28810 TX ua=95 mt=P len=0
PKT t=28819 RX ua=95 mt=R len=7
PKT t=28824 TX ua=95 mt=P len=0
PKT t=28833 RX ua=95 mt=R len=7
PKT t=28838 TX ua=95 mt=P len=0
PKT t=28881 RX ua=95 mt=R len=7
PKT t=28886 TX ua=95 mt=T len=7
PKT t=28898 TX ua=95 mt=P len=0
PKT t=28907 RX ua=95 mt=R len=7
PKT t=28912 TX ua=95 mt=P len=0
PKT t=28921 RX ua=95 mt=R len=7
PKT t=28926 TX ua=95 mt=P len=0
PKT t=28935 RX ua=95 mt=R len=7
PKT t=28940 TX ua=95 mt=P len=0
PKT t=28981 RX ua=95 mt=R len=7
PKT t=28986 TX ua=95 mt=P len=0
PKT t=29006 RX ua=95 mt=R len=7
PKT t=29011 TX ua=95 mt=P len=0
PKT t=29020 RX ua=95 mt=R len=7
PKT t=29025 TX ua=95 mt=P len=0
PKT t=29034 RX ua=95 mt=R len=7
PKT t=29039 TX ua=95 mt=P len=0
PKT t=29081 RX ua=95 mt=R len=7
PKT t=29086 TX ua=95 mt=P len=0
PKT t=29105 RX ua=95 mt=R len=7
PKT t=29110 TX ua=95 mt=P len=0
PKT t=29119 RX ua=95 mt=R len=7
PKT t=29124 TX ua=95 mt=T len=7
PKT t=29137 TX ua=95 mt=T len=7
PKT t=29181 TX ua=95 mt=P len=0
PKT t=29205 RX ua=95 mt=R len=7
PKT t=29210 TX ua=95 mt=P len=0
PKT t=29219 RX ua=95 mt=R len=7
PKT t=29224 TX ua=95 mt=P len=0
PKT t=29233 RX ua=95 mt=R len=7
PKT t=29238 TX ua=95 mt=P len=0
PKT t=29281 RX ua=95 mt=R len=7
PKT t=29286 TX ua=95 mt=P len=0
PKT t=29305 RX ua=95 mt=R len=7
PKT t=29310 TX ua=95 mt=P len=0
PKT t=29319 RX ua=95 mt=R len=7
PKT t=29324 TX ua=95 mt=P len=0
PKT t=29333 RX ua=95 mt=R len=7
PKT t=29338 TX ua=95 mt=P len=0
PKT t=29381 RX ua=95 mt=R len=7
PKT t=29386 TX ua=95 mt=T len=7
PKT t=29399 TX ua=95 mt=P len=0
PKT t=29409 RX ua=95 mt=R len=7
PKT t=29414 TX ua=95 mt=P len=0
PKT t=29424 RX ua=95 mt=R len=7
PKT t=29429 TX ua=95 mt=P len=0
PKT t=29439 RX ua=95 mt=R len=7
PKT t=29444 TX ua=95 mt=P len=0
PKT t=29481 RX ua=95 mt=R len=7
PKT t=29486 TX ua=95 mt=P len=0
PKT t=29506 RX ua=95 mt=R len=7
PKT t=29511 TX ua=95 mt=P len=0
PKT t=29521 RX ua=95 mt=R len=7
PKT t=29526 TX ua=95 mt=P len=0
PKT t=29536 RX ua=95 mt=R len=7
PKT t=29541 TX ua=95 mt=P len=0
PKT t=29581 RX ua=95 mt=R len=7
PKT t=29586 TX ua=95 mt=P len=0
PKT t=29606 RX ua=95 mt=R len=7
PKT t=29611 TX ua=95 mt=P len=0
PKT t=29621 RX ua=95 mt=R len=7
PKT t=29626 TX ua=95 mt=P len=0
PKT t=29636 RX ua=95 mt=R len=7
PKT t=29641 TX ua=95 mt=T len=7
PKT t=29686 TX ua=95 mt=P len=0
PKT t=29705 RX ua=95 mt=R len=7
PKT t=29710 TX ua=95 mt=P len=0
PKT t=29719 RX ua=95 mt=R len=7
PKT t=29724 TX ua=95 mt=P len=0
PKT t=29733 RX ua=95 mt=R len=7
PKT t=29738 TX ua=95 mt=P len=0
PKT t=29781 RX ua=95 mt=R len=7
PKT t=29786 TX ua=95 mt=P len=0
PKT t=29805 RX ua=95 mt=R len=7
PKT t=29810 TX ua=95 mt=P len=0
PKT t=29819 RX ua=95 mt=R len=7
PKT t=29824 TX ua=95 mt=P len=0
PKT t=29833 RX ua=95 mt=R len=7
PKT t=29838 TX ua=95 mt=P len=0
PKT t=29881 RX ua=95 mt=R len=7
PKT t=29886 TX ua=95 mt=T len=7
PKT t=29899 TX ua=95 mt=P len=0
PKT t=29908 RX ua=95 mt=R len=7
PKT t=29913 TX ua=95 mt=P len=0
PKT t=29922 RX ua=95 mt=R len=7
PKT t=29927 TX ua=95 mt=P len=0
PKT t=29936 RX ua=95 mt=R len=7
PKT t=29941 TX ua=95 mt=P len=0
PKT t=29981 RX ua=95 mt=R len=7
PKT t=29986 TX ua=95 mt=P len=0
PKT t=30005 RX ua=95 mt=R len=7
PKT t=30010 TX ua=95 mt=P len=0
PKT t=30019 RX ua=95 mt=R len=7
PKT t=30024 TX ua=95 mt=P len=0
PKT t=30033 RX ua=95 mt=R len=7
PKT t=30038 TX ua=95 mt=P len=0
PKT t=30081 RX ua=95 mt=R len=7
PKT t=30086 TX ua=95 mt=P len=0
PKT t=30107 RX ua=95 mt=R len=7
PKT t=30112 TX ua=95 mt=P len=0
PKT t=30121 RX ua=95 mt=R len=7
PKT t=30126 TX ua=95 mt=T len=7
PKT t=30138 TX ua=95 mt=P len=0
PKT t=30181 RX ua=95 mt=R len=7
PKT t=30186 TX ua=95 mt=P len=0
PKT t=30207 RX ua=95 mt=R len=7
PKT t=30212 TX ua=95 mt=P len=0
PKT t=30221 RX ua=95 mt=R len=7
PKT t=30226 TX ua=95 mt=P len=0
PKT t=30235 RX ua=95 mt=R len=7
PKT t=30240 TX ua=95 mt=P len=0
PKT t=30281 RX ua=95 mt=R len=7
PKT t=30286 TX ua=95 mt=P len=0
PKT t=30307 RX ua=95 mt=R len=7
PKT t=30311 TX ua=95 mt=P len=0
PKT t=30321 RX ua=95 mt=R len=7
PKT t=30325 TX ua=95 mt=P len=0
PKT t=30334 RX ua=95 mt=R len=7
PKT t=30339 TX ua=95 mt=P len=0
PKT t=30381 RX ua=95 mt=R len=7
PKT t=30386 TX ua=95 mt=T len=7
PKT t=30398 TX ua=95 mt=P len=0
PKT t=30408 RX ua=95 mt=R len=7
PKT t=30413 TX ua=95 mt=P len=0
PKT t=30423 RX ua=95 mt=R len=7
PKT t=30428 TX ua=95 mt=P len=0
PKT t=30437 RX ua=95 mt=R len=7
PKT t=30442 TX ua=95 mt=P len=0
PKT t=30481 RX ua=95 mt=R len=7
PKT t=30486 TX ua=95 mt=P len=0
PKT t=30506 RX ua=95 mt=R len=7
PKT t=30511 TX ua=95 mt=P len=0
PKT t=30520 RX ua=95 mt=R len=7
PKT t=30525 TX ua=95 mt=P len=0
PKT t=30534 RX ua=95 mt=R len=7
PKT t=30539 TX ua=95 mt=P len=0
PKT t=30581 RX ua=95 mt=R len=7
PKT t=30586 TX ua=95 mt=P len=0
PKT t=30606 RX ua=95 mt=R len=7
PKT t=30611 TX ua=95 mt=P len=0
PKT t=30620 RX ua=95 mt=R len=7
PKT t=30625 TX ua=95 mt=P len=0
PKT t=30634 RX ua=95 mt=R len=7
PKT t=30639 TX ua=95 mt=T len=7
PKT t=30681 TX ua=95 mt=P len=0
PKT t=30706 RX ua=95 mt=R len=7
PKT t=30711 TX ua=95 mt=P len=0
PKT t=30720 RX ua=95 mt=R len=7
PKT t=30725 TX ua=95 mt=P len=0
PKT t=30734 RX ua=95 mt=R len=7
PKT t=30739 TX ua=95 mt=P len=0
PKT t=30781 RX ua=95 mt=R len=7
PKT t=30786 TX ua=95 mt=P len=0
PKT t=30807 RX ua=95 mt=R len=7
PKT t=30812 TX ua=95 mt=P len=0
PKT t=30821 RX ua=95 mt=R len=7
PKT t=30826 TX ua=95 mt=P len=0
PKT t=30835 RX ua=95 mt=R len=7
PKT t=30840 TX ua=95 mt=P len=0
PKT t=30881 RX ua=95 mt=R len=7
PKT t=30886 TX ua=95 mt=T len=7
PKT t=30898 TX ua=95 mt=P len=0
PKT t=30909 RX ua=95 mt=R len=7
PKT t=30914 TX ua=95 mt=P len=0
PKT t=30923 RX ua=95 mt=R len=7
PKT t=30928 TX ua=95 mt=P len=0
PKT t=30937 RX ua=95 mt=R len=7
PKT t=30942 TX ua=95 mt=P len=0
PKT t=30981 RX ua=95 mt=R len=7
PKT t=30986 TX ua=95 mt=P len=0
PKT t=31006 RX ua=95 mt=R len=7
PKT t=31011 TX ua=95 mt=P len=0
PKT t=31020 RX ua=95 mt=R len=7
PKT t=31025 TX ua=95 mt=P len=0
PKT t=31034 RX ua=95 mt=R len=7
PKT t=31039 TX ua=95 mt=P len=0
PKT t=31081 RX ua=95 mt=R len=7
PKT t=31086 TX ua=95 mt=P len=0
PKT t=31106 RX ua=95 mt=R len=7
PKT t=31111 TX ua=95 mt=P len=0
PKT t=31120 RX ua=95 mt=R len=7
PKT t=31125 TX ua=95 mt=T len=7
PKT t=31137 TX ua=95 mt=T len=7
PKT t=31181 TX ua=95 mt=P len=0
PKT t=31206 RX ua=95 mt=R len=7
PKT t=31211 TX ua=95 mt=P len=0
PKT t=31220 RX ua=95 mt=R len=7
PKT t=31225 TX ua=95 mt=P len=0
PKT t=31235 RX ua=95 mt=R len=7
PKT t=31240 TX ua=95 mt=P len=0
PKT t=31281 RX ua=95 mt=R len=7
PKT t=31286 TX ua=95 mt=P len=0
PKT t=31306 RX ua=95 mt=R len=7
PKT t=31311 TX ua=95 mt=P len=0
PKT t=31320 RX ua=95 mt=R len=7
PKT t=31325 TX ua=95 mt=P len=0
PKT t=31334 RX ua=95 mt=R len=7
PKT t=31339 TX ua=95 mt=P len=0
PKT t=31381 RX ua=95 mt=R len=7
PKT t=31386 TX ua=95 mt=T len=7
PKT t=31398 TX ua=95 mt=P len=0
PKT t=31409 RX ua=95 mt=R len=7
PKT t=31414 TX ua=95 mt=P len=0
PKT t=31424 RX ua=95 mt=R len=7
PKT t=31429 TX ua=95 mt=P len=0
PKT t=31439 RX ua=95 mt=R len=7
PKT t=31444 TX ua=95 mt=P len=0
PKT t=31481 RX ua=95 mt=R len=7
PKT t=31486 TX ua=95 mt=P len=0
PKT t=31507 RX ua=95 mt=R len=7
PKT t=31512 TX ua=95 mt=P len=0
PKT t=31522 RX ua=95 mt=R len=7
PKT t=31527 TX ua=95 mt=P len=0
PKT t=31537 RX ua=95 mt=R len=7
PKT t=31542 TX ua=95 mt=P len=0
PKT t=31581 RX ua=95 mt=R len=7
PKT t=31586 TX ua=95 mt=P len=0
PKT t=31607 RX ua=95 mt=R len=7
PKT t=31612 TX ua=95 mt=P len=0
PKT t=31622 RX ua=95 mt=R len=7
PKT t=31627 TX ua=95 mt=P len=0
PKT t=31637 RX ua=95 mt=R len=7
PKT t=31642 TX ua=95 mt=T len=7
PKT t=31686 TX ua=95 mt=P len=0
PKT t=31706 RX ua=95 mt=R len=7
PKT t=31711 TX ua=95 mt=P len=0
PKT t=31720 RX ua=95 mt=R len=7
PKT t=31725 TX ua=95 mt=P len=0
PKT t=31734 RX ua=95 mt=R len=7
PKT t=31739 TX ua=95 mt=P len=0
PKT t=31781 RX ua=95 mt=R len=7
PKT t=31786 TX ua=95 mt=P len=0
PKT t=31806 RX ua=95 mt=R len=7
PKT t=31811 TX ua=95 mt=P len=0
PKT t=31820 RX ua=95 mt=R len=7
PKT t=31825 TX ua=95 mt=P len=0
PKT t=31834 RX ua=95 mt=R len=7
PKT t=31839 TX ua=95 mt=P len=0
PKT t=31881 RX ua=95 mt=R len=7
PKT t=31886 TX ua=95 mt=T len=7
PKT t=31898 TX ua=95 mt=P len=0
PKT t=31908 RX ua=95 mt=R len=7
PKT t=31913 TX ua=95 mt=P len=0
PKT t=31922 RX ua=95 mt=R len=7
PKT t=31927 TX ua=95 mt=P len=0
PKT t=31936 RX ua=95 mt=R len=7
PKT t=31941 TX ua=95 mt=P len=0
PKT t=31981 RX ua=95 mt=R len=7
PKT t=31986 TX ua=95 mt=P len=0
PKT t=32006 RX ua=95 mt=R len=7
PKT t=32011 TX ua=95 mt=P len=0
PKT t=32020 RX ua=95 mt=R len=7
PKT t=32025 TX ua=95 mt=P len=0
PKT t=32034 RX ua=95 mt=R len=7
PKT t=32039 TX ua=95 mt=P len=0
PKT t=32081 RX ua=95 mt=R len=7
PKT t=32086 TX ua=95 mt=P len=0
PKT t=32108 RX ua=95 mt=R len=7
PKT t=32113 TX ua=95 mt=P len=0
PKT t=32122 RX ua=95 mt=R len=7
PKT t=32127 TX ua=95 mt=T len=7
PKT t=32139 TX ua=95 mt=P len=0
PKT t=32181 RX ua=95 mt=R len=7
PKT t=32186 TX ua=95 mt=P len=0
PKT t=32207 RX ua=95 mt=R len=7
PKT t=32212 TX ua=95 mt=P len=0
PKT t=32221 RX ua=95 mt=R len=7
PKT t=32226 TX ua=95 mt=P len=0
PKT t=32235 RX ua=95 mt=R len=7
PKT t=32240 TX ua=95 mt=P len=0
PKT t=32281 RX ua=95 mt=R len=7
PKT t=32286 TX ua=95 mt=P len=0
PKT t=32307 RX ua=95 mt=R len=7
PKT t=32312 TX ua=95 mt=P len=0
PKT t=32322 RX ua=95 mt=R len=7
PKT t=32327 TX ua=95 mt=P len=0
PKT t=32336 RX ua=95 mt=R len=7
PKT t=32341 TX ua=95 mt=P len=0
PKT t=32381 RX ua=95 mt=R len=7
PKT t=32386 TX ua=95 mt=T len=7
PKT t=32398 TX ua=95 mt=P len=0
PKT t=32409 RX ua=95 mt=R len=7
PKT t=32414 TX ua=95 mt=P len=0
PKT t=32423 RX ua=95 mt=R len=7
PKT t=32428 TX ua=95 mt=P len=0
PKT t=32437 RX ua=95 mt=R len=7
PKT t=32442 TX ua=95 mt=P len=0
PKT t=32481 RX ua=95 mt=R len=7
PKT t=32486 TX ua=95 mt=P len=0
PKT t=32507 RX ua=95 mt=R len=7
PKT t=32512 TX ua=95 mt=P len=0
PKT t=32521 RX ua=95 mt=R len=7
PKT t=32526 TX ua=95 mt=P len=0
PKT t=32535 RX ua=95 mt=R len=7
PKT t=32540 TX ua=95 mt=P len=0
PKT t=32581 RX ua=95 mt=R len=7
PKT t=32586 TX ua=95 mt=P len=0
PKT t=32607 RX ua=95 mt=R len=7
PKT t=32612 TX ua=95 mt=P len=0
PKT t=32621 RX ua=95 mt=R len=7
PKT t=32626 TX ua=95 mt=P len=0
PKT t=32635 RX ua=95 mt=R len=7
PKT t=32640 TX ua=95 mt=T len=7
PKT t=32681 TX ua=95 mt=P len=0
PKT t=32707 RX ua=95 mt=R len=7
PKT t=32712 TX ua=95 mt=P len=0
PKT t=32721 RX ua=95 mt=R len=7
PKT t=32726 TX ua=95 mt=P len=0
PKT t=32735 RX ua=95 mt=R len=7
PKT t=32740 TX ua=95 mt=P len=0
PKT t=32781 RX ua=95 mt=R len=7
PKT t=32786 TX ua=95 mt=P len=0
PKT t=32807 RX ua=95 mt=R len=7
PKT t=32812 TX ua=95 mt=P len=0
PKT t=32821 RX ua=95 mt=R len=7
PKT t=32826 TX ua=95 mt=P len=0
PKT t=32835 RX ua=95 mt=R len=7
PKT t=32840 TX ua=95 mt=P len=0
PKT t=32881 RX ua=95 mt=R len=7
PKT t=32886 TX ua=95 mt=T len=7
PKT t=32898 TX ua=95 mt=P len=0
PKT t=32910 RX ua=95 mt=R len=7
PKT t=32914 TX ua=95 mt=P len=0
PKT t=32923 RX ua=95 mt=R len=7
PKT t=32928 TX ua=95 mt=P len=0
PKT t=32937 RX ua=95 mt=R len=7
PKT t=32942 TX ua=95 mt=P len=0
PKT t=32981 RX ua=95 mt=R len=7
PKT t=32986 TX ua=95 mt=P len=0
PKT t=33007 RX ua=95 mt=R len=7
PKT t=33012 TX ua=95 mt=P len=0
PKT t=33021 RX ua=95 mt=R len=7
PKT t=33026 TX ua=95 mt=P len=0
PKT t=33036 RX ua=95 mt=R len=7
PKT t=33041 TX ua=95 mt=P len=0
PKT t=33081 RX ua=95 mt=R len=7
PKT t=33086 TX ua=95 mt=P len=0
PKT t=33107 RX ua=95 mt=R len=7
PKT t=33112 TX ua=95 mt=P len=0
PKT t=33121 RX ua=95 mt=R len=7
PKT t=33126 TX ua=95 mt=T len=7
PKT t=33138 TX ua=95 mt=P len=0
PKT t=33181 RX ua=95 mt=R len=7
PKT t=33186 TX ua=95 mt=P len=0
PKT t=33207 RX ua=95 mt=R len=7
PKT t=33212 TX ua=95 mt=P len=0
PKT t=33221 RX ua=95 mt=R len=7
PKT t=33226 TX ua=95 mt=P len=0
PKT t=33235 RX ua=95 mt=R len=7
PKT t=33240 TX ua=95 mt=P len=0
PKT t=33281 RX ua=95 mt=R len=7
PKT t=33286 TX ua=95 mt=P len=0
PKT t=33307 RX ua=95 mt=R len=7
PKT t=33312 TX ua=95 mt=P len=0
PKT t=33321 RX ua=95 mt=R len=7
PKT t=33326 TX ua=95 mt=P len=0
PKT t=33335 RX ua=95 mt=R len=7
PKT t=33340 TX ua=95 mt=P len=0
PKT t=33381 RX ua=95 mt=R len=7
PKT t=33386 TX ua=95 mt=T len=7
PKT t=33398 TX ua=95 mt=P len=0
PKT t=33409 RX ua=95 mt=R len=7
PKT t=33414 TX ua=95 mt=P len=0
PKT t=33424 RX ua=95 mt=R len=7
PKT t=33429 TX ua=95 mt=P len=0
PKT t=33439 RX ua=95 mt=R len=7
PKT t=33444 TX ua=95 mt=P len=0
PKT t=33481 RX ua=95 mt=R len=7
PKT t=33486 TX ua=95 mt=P len=0
PKT t=33508 RX ua=95 mt=R len=7
PKT t=33513 TX ua=95 mt=P len=0
PKT t=33523 RX ua=95 mt=R len=7
PKT t=33528 TX ua=95 mt=P len=0
PKT t=33538 RX ua=95 mt=R len=7
PKT t=33543 TX ua=95 mt=P len=0
PKT t=33581 RX ua=95 mt=R len=7
PKT t=33586 TX ua=95 mt=P len=0
PKT t=33608 RX ua=95 mt=R len=7
PKT t=33613 TX ua=95 mt=P len=0
PKT t=33623 RX ua=95 mt=R len=7
PKT t=33628 TX ua=95 mt=P len=0
PKT t=33638 RX ua=95 mt=R len=7
PKT t=33643 TX ua=95 mt=T len=7
PKT t=33688 TX ua=95 mt=P len=0
PKT t=33707 RX ua=95 mt=R len=7
PKT t=33712 TX ua=95 mt=P len=0
PKT t=33721 RX ua=95 mt=R len=7
PKT t=33726 TX ua=95 mt=P len=0
PKT t=33735 RX ua=95 mt=R len=7
PKT t=33740 TX ua=95 mt=P len=0
PKT t=33781 RX ua=95 mt=R len=7
PKT t=33786 TX ua=95 mt=P len=0
PKT t=33807 RX ua=95 mt=R len=7
PKT t=33812 TX ua=95 mt=P len=0
PKT t=33821 RX ua=95 mt=R len=7
PKT t=33826 TX ua=95 mt=P len=0
PKT t=33835 RX ua=95 mt=R len=7
PKT t=33840 TX ua=95 mt=P len=0
PKT t=33881 RX ua=95 mt=R len=7
PKT t=33886 TX ua=95 mt=T len=7
PKT t=33898 TX ua=95 mt=P len=0
PKT t=33910 RX ua=95 mt=R len=7
PKT t=33915 TX ua=95 mt=P len=0
PKT t=33924 RX ua=95 mt=R len=7
PKT t=33929 TX ua=95 mt=P len=0
PKT t=33938 RX ua=95 mt=R len=7
PKT t=33943 TX ua=95 mt=P len=0
PKT t=33981 RX ua=95 mt=R len=7
PKT t=33986 TX ua=95 mt=P len=0
PKT t=34007 RX ua=95 mt=R len=7
PKT t=34012 TX ua=95 mt=P len=0
PKT t=34021 RX ua=95 mt=R len=7
PKT t=34026 TX ua=95 mt=P len=0
PKT t=34035 RX ua=95 mt=R len=7
PKT t=34040 TX ua=95 mt=P len=0
PKT t=34081 RX ua=95 mt=R len=7
PKT t=34086 TX ua=95 mt=P len=0
PKT t=34109 RX ua=95 mt=R len=7
PKT t=34114 TX ua=95 mt=P len=0
PKT t=34123 RX ua=95 mt=R len=7
PKT t=34128 TX ua=95 mt=T len=7
PKT t=34141 TX ua=95 mt=P len=0
PKT t=34181 RX ua=95 mt=R len=7
PKT t=34186 TX ua=95 mt=T len=7
PKT t=34199 TX ua=95 mt=P len=0
PKT t=34210 RX ua=95 mt=R len=7
PKT t=34215 TX ua=95 mt=P len=0
PKT t=34224 RX ua=95 mt=R len=7
PKT t=34229 TX ua=95 mt=P len=0
PKT t=34238 RX ua=95 mt=R len=7
PKT t=34243 TX ua=95 mt=P len=0
PKT t=34281 RX ua=95 mt=R len=7
PKT t=34286 TX ua=95 mt=P len=0
PKT t=34308 RX ua=95 mt=R len=7
PKT t=34313 TX ua=95 mt=P len=0
PKT t=34322 RX ua=95 mt=R len=7
PKT t=34327 TX ua=95 mt=P len=0
PKT t=34336 RX ua=95 mt=R len=7
PKT t=34341 TX ua=95 mt=P len=0
PKT t=34381 RX ua=95 mt=R len=7
PKT t=34386 TX ua=95 mt=T len=7
PKT t=34399 TX ua=95 mt=P len=0
PKT t=34410 RX ua=95 mt=R len=7
PKT t=34415 TX ua=95 mt=P len=0
PKT t=34424 RX ua=95 mt=R len=7
PKT t=34429 TX ua=95 mt=P len=0
PKT t=34439 RX ua=95 mt=R len=7
PKT t=34444 TX ua=95 mt=P len=0
PKT t=34481 RX ua=95 mt=R len=7
PKT t=34486 TX ua=95 mt=P len=0
PKT t=34509 RX ua=95 mt=R len=7
PKT t=34514 TX ua=95 mt=P len=0
PKT t=34523 RX ua=95 mt=R len=7
PKT t=34528 TX ua=95 mt=P len=0
PKT t=34537 RX ua=95 mt=R len=7
PKT t=34542 TX ua=95 mt=P len=0
PKT t=34581 RX ua=95 mt=R len=7
PKT t=34586 TX ua=95 mt=P len=0
PKT t=34608 RX ua=95 mt=R len=7
PKT t=34613 TX ua=95 mt=P len=0
PKT t=34622 RX ua=95 mt=R len=7
PKT t=34627 TX ua=95 mt=P len=0
PKT t=34636 RX ua=95 mt=R len=7
PKT t=34641 TX ua=95 mt=T len=7
PKT t=34686 TX ua=95 mt=P len=0
PKT t=34708 RX ua=95 mt=R len=7
PKT t=34713 TX ua=95 mt=P len=0
PKT t=34722 RX ua=95 mt=R len=7
PKT t=34727 TX ua=95 mt=P len=0
PKT t=34736 RX ua=95 mt=R len=7
PKT t=34741 TX ua=95 mt=P len=0
PKT t=34781 RX ua=95 mt=R len=7
PKT t=34786 TX ua=95 mt=P len=0
PKT t=34808 RX ua=95 mt=R len=7
PKT t=34813 TX ua=95 mt=P len=0
PKT t=34822 RX ua=95 mt=R len=7
PKT t=34827 TX ua=95 mt=P len=0
PKT t=34836 RX ua=95 mt=R len=7
PKT t=34841 TX ua=95 mt=P len=0
PKT t=34881 RX ua=95 mt=R len=7
PKT t=34886 TX ua=95 mt=T len=7
PKT t=34899 TX ua=95 mt=P len=0
PKT t=34910 RX ua=95 mt=R len=7
PKT t=34915 TX ua=95 mt=P len=0
PKT t=34924 RX ua=95 mt=R len=7
PKT t=34929 TX ua=95 mt=P len=0
PKT t=34938 RX ua=95 mt=R len=7
PKT t=34943 TX ua=95 mt=P len=0
PKT t=34981 RX ua=95 mt=R len=7
PKT t=34986 TX ua=95 mt=P len=0
PKT t=35008 RX ua=95 mt=R len=7
PKT t=35013 TX ua=95 mt=P len=0
PKT t=35022 RX ua=95 mt=R len=7
PKT t=35027 TX ua=95 mt=P len=0
PKT t=35036 RX ua=95 mt=R len=7
PKT t=35041 TX ua=95 mt=P len=0
PKT t=35081 RX ua=95 mt=R len=7
PKT t=35086 TX ua=95 mt=P len=0
PKT t=35108 RX ua=95 mt=R len=7
PKT t=35113 TX ua=95 mt=P len=0
PKT t=35122 RX ua=95 mt=R len=7
PKT t=35127 TX ua=95 mt=T len=7
PKT t=35139 TX ua=95 mt=P len=0
PKT t=35181 RX ua=95 mt=R len=7
PKT t=35186 TX ua=95 mt=P len=0
PKT t=35208 RX ua=95 mt=R len=7
PKT t=35213 TX ua=95 mt=P len=0
PKT t=35222 RX ua=95 mt=R len=7
PKT t=35227 TX ua=95 mt=P len=0
PKT t=35236 RX ua=95 mt=R len=7
PKT t=35241 TX ua=95 mt=P len=0
PKT t=35281 RX ua=95 mt=R len=7
PKT t=35286 TX ua=95 mt=P len=0
PKT t=35308 RX ua=95 mt=R len=7
PKT t=35313 TX ua=95 mt=P len=0
PKT t=35322 RX ua=95 mt=R len=7
PKT t=35327 TX ua=95 mt=P len=0
PKT t=35336 RX ua=95 mt=R len=7
PKT t=35341 TX ua=95 mt=P len=0
PKT t=35381 RX ua=95 mt=R len=7
PKT t=35386 TX ua=95 mt=T len=7
PKT t=35398 TX ua=95 mt=P len=0
PKT t=35410 RX ua=95 mt=R len=7
PKT t=35415 TX ua=95 mt=P len=0
PKT t=35425 RX ua=95 mt=R len=7
PKT t=35430 TX ua=95 mt=P len=0
PKT t=35440 RX ua=95 mt=R len=7
PKT t=35445 TX ua=95 mt=P len=0
PKT t=35481 RX ua=95 mt=R len=7
PKT t=35736 TX ua=96 mt=P len=0
PKT t=35994 TX ua=95 mt=P len=0
PKT t=36004 RX ua=95 mt=R len=7
PKT t=36009 TX ua=95 mt=T len=7
PKT t=36022 TX ua=95 mt=P len=0
PKT t=36031 RX ua=95 mt=R len=7
PKT t=36036 TX ua=95 mt=P len=0
PKT t=36045 RX ua=95 mt=R len=7
PKT t=36081 TX ua=95 mt=P len=0
PKT t=36110 RX ua=95 mt=R len=7
PKT t=36115 TX ua=95 mt=P len=0
PKT t=36124 RX ua=95 mt=R len=7
PKT t=36129 TX ua=95 mt=T len=7
PKT t=36141 TX ua=95 mt=P len=0
PKT t=36181 RX ua=95 mt=R len=7
PKT t=36186 TX ua=95 mt=P len=0
PKT t=36209 RX ua=95 mt=R len=7
PKT t=36214 TX ua=95 mt=P len=0
PKT t=36223 RX ua=95 mt=R len=7
PKT t=36228 TX ua=95 mt=P len=0
PKT t=36237 RX ua=95 mt=R len=7
PKT t=36242 TX ua=95 mt=P len=0
PKT t=36281 RX ua=95 mt=R len=7
PKT t=36286 TX ua=95 mt=P len=0
PKT t=36309 RX ua=95 mt=R len=7
PKT t=36314 TX ua=95 mt=P len=0
PKT t=36323 RX ua=95 mt=R len=7
PKT t=36328 TX ua=95 mt=P len=0
PKT t=36337 RX ua=95 mt=R len=7
PKT t=36342 TX ua=95 mt=P len=0
PKT t=36381 RX ua=95 mt=R len=7
PKT t=36386 TX ua=95 mt=T len=7
PKT t=36398 TX ua=95 mt=P len=0
PKT t=36411 RX ua=95 mt=R len=7
PKT t=36416 TX ua=95 mt=P len=0
PKT t=36425 RX ua=95 mt=R len=7
PKT t=36430 TX ua=95 mt=P len=0
PKT t=36439 RX ua=95 mt=R len=7
PKT t=36444 TX ua=95 mt=P len=0
PKT t=36481 RX ua=95 mt=R len=7
PKT t=36486 TX ua=95 mt=P len=0
PKT t=36509 RX ua=95 mt=R len=7
PKT t=36514 TX ua=95 mt=P len=0
PKT t=36523 RX ua=95 mt=R len=7
PKT t=36528 TX ua=95 mt=P len=0
PKT t=36537 RX ua=95 mt=R len=7
PKT t=36542 TX ua=95 mt=P len=0
PKT t=36581 RX ua=95 mt=R len=7
PKT t=36586 TX ua=95 mt=P len=0
PKT t=36609 RX ua=95 mt=R len=7
PKT t=36614 TX ua=95 mt=P len=0
PKT t=36623 RX ua=95 mt=R len=7
PKT t=36628 TX ua=95 mt=P len=0
PKT t=36637 RX ua=95 mt=R len=7
PKT t=36642 TX ua=95 mt=T len=7
PKT t=36686 TX ua=95 mt=P len=0
PKT t=36709 RX ua=95 mt=R len=7
PKT t=36714 TX ua=95 mt=P len=0
PKT t=36723 RX ua=95 mt=R len=7
PKT t=36728 TX ua=95 mt=P len=0
PKT t=36737 RX ua=95 mt=R len=7
PKT t=36742 TX ua=95 mt=P len=0
PKT t=36781 RX ua=95 mt=R len=7
PKT t=36786 TX ua=95 mt=P len=0
PKT t=36809 RX ua=95 mt=R len=7
PKT t=36814 TX ua=95 mt=P len=0
PKT t=36823 RX ua=95 mt=R len=7
PKT t=36828 TX ua=95 mt=P len=0
PKT t=36837 RX ua=95 mt=R len=7
PKT t=36842 TX ua=95 mt=P len=0
PKT t=36881 RX ua=95 mt=R len=7
PKT t=36886 TX ua=95 mt=T len=7
PKT t=36898 TX ua=95 mt=P len=0
PKT t=36912 RX ua=95 mt=R len=7
PKT t=36917 TX ua=95 mt=P len=0
PKT t=36926 RX ua=95 mt=R len=7
PKT t=36931 TX ua=95 mt=P len=0
PKT t=36940 RX ua=95 mt=R len=7
PKT t=36945 TX ua=95 mt=P len=0
PKT t=36981 RX ua=95 mt=R len=7
PKT t=37236 TX ua=96 mt=P len=0
