PKT t=7120 TX ua=95 mt=P len=0
PKT t=7129 RX ua=95 mt=R len=7
PKT t=7134 TX ua=95 mt=P len=0
PKT t=7143 RX ua=95 mt=R len=7
PKT t=7153 TX ua=95 mt=P len=0
PKT t=7162 RX ua=95 mt=R len=7
PKT t=7167 TX ua=95 mt=P len=0
PKT t=7203 RX ua=95 mt=R len=7
PKT t=7208 TX ua=95 mt=P len=0
PKT t=7217 RX ua=95 mt=R len=7
PKT t=7222 TX ua=95 mt=P len=0
PKT t=7231 RX ua=95 mt=R len=7
PKT t=7236 TX ua=95 mt=P len=0
PKT t=7245 RX ua=95 mt=R len=7
PKT t=7253 TX ua=95 mt=P len=0
PKT t=7262 RX ua=95 mt=R len=7
PKT t=7267 TX ua=95 mt=P len=0
PKT t=7303 RX ua=95 mt=R len=7
PKT t=7308 TX ua=95 mt=P len=0
PKT t=7317 RX ua=95 mt=R len=7
PKT t=7322 TX ua=95 mt=P len=0
PKT t=7331 RX ua=95 mt=R len=7
PKT t=7336 TX ua=95 mt=P len=0
PKT t=7345 RX ua=95 mt=R len=7
PKT t=7353 TX ua=95 mt=T len=7
PKT t=7365 TX ua=95 mt=P len=0
PKT t=7403 RX ua=95 mt=R len=7
PKT t=7408 TX ua=95 mt=P len=0
PKT t=7418 RX ua=95 mt=R len=7
PKT t=7423 TX ua=95 mt=P len=0
PKT t=7433 RX ua=95 mt=R len=7
PKT t=7438 TX ua=95 mt=P len=0
PKT t=7453 RX ua=95 mt=R len=7
PKT t=7458 TX ua=95 mt=P len=0
PKT t=7468 RX ua=95 mt=R len=7
PKT t=7473 TX ua=95 mt=P len=0
PKT t=7503 RX ua=95 mt=R len=7
PKT t=7508 TX ua=95 mt=P len=0
PKT t=7518 RX ua=95 mt=R len=7
PKT t=7523 TX ua=95 mt=P len=0
PKT t=7533 RX ua=95 mt=R len=7
PKT t=7538 TX ua=95 mt=P len=0
PKT t=7553 RX ua=95 mt=R len=7
PKT t=7558 TX ua=95 mt=P len=0
PKT t=7568 RX ua=95 mt=R len=7
PKT t=7573 TX ua=95 mt=P len=0
PKT t=7603 RX ua=95 mt=R len=7
PKT t=7608 TX ua=95 mt=T len=7
PKT t=7620 TX ua=95 mt=P len=0
PKT t=7629 RX ua=95 mt=R len=7
PKT t=7634 TX ua=95 mt=P len=0
PKT t=7643 RX ua=95 mt=R len=7
PKT t=7653 TX ua=95 mt=P len=0
PKT t=7662 RX ua=95 mt=R len=7
PKT t=7667 TX ua=95 mt=P len=0
PKT t=7676 RX ua=95 mt=R len=7
PKT t=7681 TX ua=95 mt=P len=0
PKT t=7710 RX ua=95 mt=R len=7
PKT t=7715 TX ua=95 mt=P len=0
PKT t=7724 RX ua=95 mt=R len=7
PKT t=7729 TX ua=95 mt=P len=0
PKT t=7738 RX ua=95 mt=R len=7
PKT t=7743 TX ua=95 mt=P len=0
PKT t=7753 RX ua=95 mt=R len=7
PKT t=7758 TX ua=95 mt=P len=0
PKT t=7767 RX ua=95 mt=R len=7
PKT t=7772 TX ua=95 mt=P len=0
PKT t=7781 RX ua=95 mt=R len=7
PKT t=7786 TX ua=95 mt=P len=0
PKT t=7815 RX ua=95 mt=R len=7
PKT t=7820 TX ua=95 mt=P len=0
PKT t=7829 RX ua=95 mt=R len=7
PKT t=7834 TX ua=95 mt=P len=0
PKT t=7843 RX ua=95 mt=R len=7
PKT t=7853 TX ua=95 mt=T len=7
PKT t=7865 TX ua=95 mt=P len=0
PKT t=7874 RX ua=95 mt=R len=7
PKT t=7879 TX ua=95 mt=P len=0
PKT t=7889 RX ua=95 mt=R len=7
PKT t=7894 TX ua=95 mt=P len=0
PKT t=7923 RX ua=95 mt=R len=7
PKT t=7928 TX ua=95 mt=P len=0
PKT t=7937 RX ua=95 mt=R len=7
PKT t=7942 TX ua=95 mt=P len=0
PKT t=7953 RX ua=95 mt=R len=7
PKT t=7958 TX ua=95 mt=P len=0
PKT t=7967 RX ua=95 mt=R len=7
PKT t=7972 TX ua=95 mt=P len=0
PKT t=7981 RX ua=95 mt=R len=7
PKT t=7986 TX ua=95 mt=P len=0
PKT t=7995 RX ua=95 mt=R len=7
PKT t=8003 TX ua=95 mt=P len=0
PKT t=8029 RX ua=95 mt=R len=7
PKT t=8034 TX ua=95 mt=P len=0
PKT t=8043 RX ua=95 mt=R len=7
PKT t=8053 TX ua=95 mt=P len=0
PKT t=8062 RX ua=95 mt=R len=7
PKT t=8067 TX ua=95 mt=P len=0
PKT t=8076 RX ua=95 mt=R len=7
PKT t=8081 TX ua=95 mt=P len=0
PKT t=8090 RX ua=95 mt=R len=7
PKT t=8095 TX ua=95 mt=P len=0
PKT t=8104 RX ua=95 mt=R len=7
PKT t=8109 TX ua=95 mt=T len=7
PKT t=8121 TX ua=95 mt=P len=0
PKT t=8140 RX ua=95 mt=R len=7
PKT t=8145 TX ua=95 mt=P len=0
PKT t=8154 RX ua=95 mt=R len=7
PKT t=8159 TX ua=95 mt=P len=0
PKT t=8168 RX ua=95 mt=R len=7
PKT t=8173 TX ua=95 mt=P len=0
PKT t=8182 RX ua=95 mt=R len=7
PKT t=8187 TX ua=95 mt=P len=0
PKT t=8196 RX ua=95 mt=R len=7
PKT t=8203 TX ua=95 mt=P len=0
PKT t=8212 RX ua=95 mt=R len=7
PKT t=8217 TX ua=95 mt=P len=0
PKT t=8246 RX ua=95 mt=R len=7
PKT t=8253 TX ua=95 mt=P len=0
PKT t=8262 RX ua=95 mt=R len=7
PKT t=8267 TX ua=95 mt=P len=0
PKT t=8276 RX ua=95 mt=R len=7
PKT t=8281 TX ua=95 mt=P len=0
PKT t=8290 RX ua=95 mt=R len=7
PKT t=8295 TX ua=95 mt=P len=0
PKT t=8304 RX ua=95 mt=R len=7
PKT t=8309 TX ua=95 mt=P len=0
PKT t=8318 RX ua=95 mt=R len=7
PKT t=8323 TX ua=95 mt=P len=0
PKT t=8353 RX ua=95 mt=R len=7
PKT t=8358 TX ua=95 mt=T len=7
PKT t=8370 TX ua=95 mt=P len=0
PKT t=8379 RX ua=95 mt=R len=7
PKT t=8384 TX ua=95 mt=P len=0
PKT t=8393 RX ua=95 mt=R len=7
PKT t=8403 TX ua=95 mt=P len=0
PKT t=8412 RX ua=95 mt=R len=7
PKT t=8417 TX ua=95 mt=P len=0
PKT t=8428 RX ua=95 mt=R len=7
PKT t=8433 TX ua=95 mt=P len=0
PKT t=8462 RX ua=95 mt=R len=7
PKT t=8467 TX ua=95 mt=P len=0
PKT t=8476 RX ua=95 mt=R len=7
PKT t=8481 TX ua=95 mt=P len=0
PKT t=8490 RX ua=95 mt=R len=7
PKT t=8495 TX ua=95 mt=P len=0
PKT t=8504 RX ua=95 mt=R len=7
PKT t=8509 TX ua=95 mt=P len=0
PKT t=8518 RX ua=95 mt=R len=7
PKT t=8523 TX ua=95 mt=P len=0
PKT t=8532 RX ua=95 mt=R len=7
PKT t=8537 TX ua=95 mt=P len=0
PKT t=8566 RX ua=95 mt=R len=7
PKT t=8571 TX ua=95 mt=P len=0
PKT t=8580 RX ua=95 mt=R len=7
PKT t=8585 TX ua=95 mt=P len=0
PKT t=8594 RX ua=95 mt=R len=7
PKT t=8603 TX ua=95 mt=T len=7
PKT t=8615 TX ua=95 mt=P len=0
PKT t=8624 RX ua=95 mt=R len=7
PKT t=8629 TX ua=95 mt=P len=0
PKT t=8638 RX ua=95 mt=R len=7
PKT t=8643 TX ua=95 mt=P len=0
PKT t=8672 RX ua=95 mt=R len=7
PKT t=8677 TX ua=95 mt=P len=0
PKT t=8687 RX ua=95 mt=R len=7
PKT t=8691 TX ua=95 mt=P len=0
PKT t=8703 RX ua=95 mt=R len=7
PKT t=8708 TX ua=95 mt=P len=0
PKT t=8717 RX ua=95 mt=R len=7
PKT t=8722 TX ua=95 mt=P len=0
PKT t=8731 RX ua=95 mt=R len=7
PKT t=8736 TX ua=95 mt=P len=0
PKT t=8745 RX ua=95 mt=R len=7
PKT t=8753 TX ua=95 mt=P len=0
PKT t=8779 RX ua=95 mt=R len=7
PKT t=8784 TX ua=95 mt=P len=0
PKT t=8793 RX ua=95 mt=R len=7
PKT t=8803 TX ua=95 mt=P len=0
PKT t=8812 RX ua=95 mt=R len=7
PKT t=8817 TX ua=95 mt=P len=0
PKT t=8826 RX ua=95 mt=R len=7
PKT t=8831 TX ua=95 mt=P len=0
PKT t=8840 RX ua=95 mt=R len=7
PKT t=8845 TX ua=95 mt=P len=0
PKT t=8854 RX ua=95 mt=R len=7
PKT t=8859 TX ua=95 mt=T len=7
PKT t=8871 TX ua=95 mt=P len=0
PKT t=8890 RX ua=95 mt=R len=7
PKT t=8895 TX ua=95 mt=P len=0
PKT t=8904 RX ua=95 mt=R len=7
PKT t=8909 TX ua=95 mt=P len=0
PKT t=8918 RX ua=95 mt=R len=7
PKT t=8923 TX ua=95 mt=P len=0
PKT t=8932 RX ua=95 mt=R len=7
PKT t=8937 TX ua=95 mt=P len=0
PKT t=8946 RX ua=95 mt=R len=7
PKT t=8953 TX ua=95 mt=P len=0
PKT t=8962 RX ua=95 mt=R len=7
PKT t=8967 TX ua=95 mt=P len=0
PKT t=8996 RX ua=95 mt=R len=7
PKT t=9003 TX ua=95 mt=P len=0
PKT t=9012 RX ua=95 mt=R len=7
PKT t=9017 TX ua=95 mt=P len=0
PKT t=9026 RX ua=95 mt=R len=7
PKT t=9031 TX ua=95 mt=P len=0
PKT t=9040 RX ua=95 mt=R len=7
PKT t=9045 TX ua=95 mt=P len=0
PKT t=9054 RX ua=95 mt=R len=7
PKT t=9059 TX ua=95 mt=P len=0
PKT t=9068 RX ua=95 mt=R len=7
PKT t=9073 TX ua=95 mt=P len=0
PKT t=9103 RX ua=95 mt=R len=7
PKT t=9108 TX ua=95 mt=T len=7
PKT t=9120 TX ua=95 mt=P len=0
PKT t=9129 RX ua=95 mt=R len=7
PKT t=9134 TX ua=95 mt=P len=0
PKT t=9143 RX ua=95 mt=R len=7
PKT t=9153 TX ua=95 mt=P len=0
PKT t=9162 RX ua=95 mt=R len=7
PKT t=9167 TX ua=95 mt=P len=0
PKT t=9176 RX ua=95 mt=R len=7
PKT t=9181 TX ua=95 mt=P len=0
PKT t=9210 RX ua=95 mt=R len=7
PKT t=9215 TX ua=95 mt=P len=0
PKT t=9224 RX ua=95 mt=R len=7
PKT t=9229 TX ua=95 mt=P len=0
PKT t=9238 RX ua=95 mt=R len=7
PKT t=9243 TX ua=95 mt=P len=0
PKT t=9253 RX ua=95 mt=R len=7
PKT t=9258 TX ua=95 mt=P len=0
PKT t=9267 RX ua=95 mt=R len=7
PKT t=9272 TX ua=95 mt=P len=0
PKT t=9281 RX ua=95 mt=R len=7
PKT t=9286 TX ua=95 mt=P len=0
PKT t=9315 RX ua=95 mt=R len=7
PKT t=9320 TX ua=95 mt=P len=0
PKT t=9329 RX ua=95 mt=R len=7
PKT t=9334 TX ua=95 mt=P len=0
PKT t=9343 RX ua=95 mt=R len=7
PKT t=9353 TX ua=95 mt=T len=7
PKT t=9365 TX ua=95 mt=P len=0
PKT t=9375 RX ua=95 mt=R len=7
PKT t=9380 TX ua=95 mt=P len=0
PKT t=9390 RX ua=95 mt=R len=7
PKT t=9395 TX ua=95 mt=P len=0
PKT t=9424 RX ua=95 mt=R len=7
PKT t=9429 TX ua=95 mt=P len=0
PKT t=9439 RX ua=95 mt=R len=7
PKT t=9444 TX ua=95 mt=P len=0
PKT t=9454 RX ua=95 mt=R len=7
PKT t=9459 TX ua=95 mt=P len=0
PKT t=9469 RX ua=95 mt=R len=7
PKT t=9474 TX ua=95 mt=P len=0
PKT t=9484 RX ua=95 mt=R len=7
PKT t=9489 TX ua=95 mt=P len=0
PKT t=9503 RX ua=95 mt=R len=7
PKT t=9508 TX ua=95 mt=P len=0
PKT t=9533 RX ua=95 mt=R len=7
PKT t=9538 TX ua=95 mt=P len=0
PKT t=9553 RX ua=95 mt=R len=7
PKT t=9558 TX ua=95 mt=P len=0
PKT t=9568 RX ua=95 mt=R len=7
PKT t=9573 TX ua=95 mt=P len=0
PKT t=9583 RX ua=95 mt=R len=7
PKT t=9588 TX ua=95 mt=P len=0
PKT t=9603 RX ua=95 mt=R len=7
PKT t=9608 TX ua=95 mt=T len=7
PKT t=9620 TX ua=95 mt=P len=0
PKT t=9634 RX ua=95 mt=R len=7
PKT t=9639 TX ua=95 mt=P len=0
PKT t=9653 RX ua=95 mt=R len=7
PKT t=9658 TX ua=95 mt=P len=0
PKT t=9667 RX ua=95 mt=R len=7
PKT t=9672 TX ua=95 mt=P len=0
PKT t=9681 RX ua=95 mt=R len=7
PKT t=9686 TX ua=95 mt=P len=0
PKT t=9695 RX ua=95 mt=R len=7
PKT t=9703 TX ua=95 mt=P len=0
PKT t=9732 RX ua=95 mt=R len=7
PKT t=9737 TX ua=95 mt=P len=0
PKT t=9746 RX ua=95 mt=R len=7
PKT t=9753 TX ua=95 mt=P len=0
PKT t=9762 RX ua=95 mt=R len=7
PKT t=9767 TX ua=95 mt=P len=0
PKT t=9776 RX ua=95 mt=R len=7
PKT t=9781 TX ua=95 mt=P len=0
PKT t=9790 RX ua=95 mt=R len=7
PKT t=9795 TX ua=95 mt=P len=0
PKT t=9804 RX ua=95 mt=R len=7
PKT t=9809 TX ua=95 mt=P len=0
PKT t=9838 RX ua=95 mt=R len=7
PKT t=9843 TX ua=95 mt=P len=0
PKT t=9853 RX ua=95 mt=R len=7
PKT t=9858 TX ua=95 mt=T len=7
PKT t=9870 TX ua=95 mt=P len=0
PKT t=9879 RX ua=95 mt=R len=7
PKT t=9884 TX ua=95 mt=P len=0
PKT t=9893 RX ua=95 mt=R len=7
PKT t=9903 TX ua=95 mt=P len=0
PKT t=9912 RX ua=95 mt=R len=7
PKT t=9917 TX ua=95 mt=P len=0
PKT t=9946 RX ua=95 mt=R len=7
PKT t=9953 TX ua=95 mt=P len=0
PKT t=9962 RX ua=95 mt=R len=7
PKT t=9967 TX ua=95 mt=P len=0
PKT t=9976 RX ua=95 mt=R len=7
PKT t=9981 TX ua=95 mt=P len=0
PKT t=9990 RX ua=95 mt=R len=7
PKT t=9995 TX ua=95 mt=P len=0
PKT t=10004 RX ua=95 mt=R len=7
PKT t=10011 TX ua=95 mt=P len=0
PKT t=10020 RX ua=95 mt=R len=7
PKT t=10025 TX ua=95 mt=P len=0
PKT t=10054 RX ua=95 mt=R len=7
PKT t=10059 TX ua=95 mt=P len=0
PKT t=10068 RX ua=95 mt=R len=7
PKT t=10073 TX ua=95 mt=P len=0
PKT t=10082 RX ua=95 mt=R len=7
PKT t=10087 TX ua=95 mt=P len=0
PKT t=10096 RX ua=95 mt=R len=7
PKT t=10103 TX ua=95 mt=T len=7
PKT t=10116 TX ua=95 mt=P len=0
PKT t=10125 RX ua=95 mt=R len=7
PKT t=10130 TX ua=95 mt=T len=7
PKT t=10143 TX ua=96 mt=P len=0
PKT t=10403 TX ua=95 mt=P len=0
PKT t=10412 RX ua=95 mt=R len=7
PKT t=10417 TX ua=95 mt=T len=7
PKT t=10430 TX ua=95 mt=P len=0
PKT t=10460 RX ua=95 mt=R len=7
PKT t=10465 TX ua=95 mt=P len=0
PKT t=10475 RX ua=95 mt=R len=7
PKT t=10480 TX ua=95 mt=P len=0
PKT t=10489 RX ua=95 mt=R len=7
PKT t=10494 TX ua=95 mt=P len=0
PKT t=10503 RX ua=95 mt=R len=7
PKT t=10508 TX ua=95 mt=P len=0
PKT t=10517 RX ua=95 mt=R len=7
PKT t=10522 TX ua=95 mt=P len=0
PKT t=10531 RX ua=95 mt=R len=7
PKT t=10536 TX ua=95 mt=P len=0
PKT t=10565 RX ua=95 mt=R len=7
PKT t=10570 TX ua=95 mt=P len=0
PKT t=10579 RX ua=95 mt=R len=7
PKT t=10584 TX ua=95 mt=P len=0
PKT t=10593 RX ua=95 mt=R len=7
PKT t=10603 TX ua=95 mt=T len=7
PKT t=10616 TX ua=95 mt=P len=0
PKT t=10625 RX ua=95 mt=R len=7
PKT t=10630 TX ua=95 mt=P len=0
PKT t=10639 RX ua=95 mt=R len=7
PKT t=10644 TX ua=95 mt=P len=0
PKT t=10673 RX ua=95 mt=R len=7
PKT t=10678 TX ua=95 mt=P len=0
PKT t=10687 RX ua=95 mt=R len=7
PKT t=10692 TX ua=95 mt=P len=0
PKT t=10703 RX ua=95 mt=R len=7
PKT t=10708 TX ua=95 mt=P len=0
PKT t=10717 RX ua=95 mt=R len=7
PKT t=10722 TX ua=95 mt=P len=0
PKT t=10731 RX ua=95 mt=R len=7
PKT t=10736 TX ua=95 mt=P len=0
PKT t=10745 RX ua=95 mt=R len=7
PKT t=10753 TX ua=95 mt=P len=0
PKT t=10779 RX ua=95 mt=R len=7
PKT t=10784 TX ua=95 mt=P len=0
PKT t=10793 RX ua=95 mt=R len=7
PKT t=10803 TX ua=95 mt=P len=0
PKT t=10812 RX ua=95 mt=R len=7
PKT t=10817 TX ua=95 mt=P len=0
PKT t=10826 RX ua=95 mt=R len=7
PKT t=10831 TX ua=95 mt=P len=0
PKT t=10840 RX ua=95 mt=R len=7
PKT t=10845 TX ua=95 mt=P len=0
PKT t=10854 RX ua=95 mt=R len=7
PKT t=10859 TX ua=95 mt=T len=7
PKT t=10872 TX ua=95 mt=P len=0
PKT t=10890 RX ua=95 mt=R len=7
PKT t=10895 TX ua=95 mt=P len=0
PKT t=10904 RX ua=95 mt=R len=7
PKT t=10909 TX ua=95 mt=P len=0
PKT t=10918 RX ua=95 mt=R len=7
PKT t=10923 TX ua=95 mt=P len=0
PKT t=10932 RX ua=95 mt=R len=7
PKT t=10937 TX ua=95 mt=P len=0
PKT t=10946 RX ua=95 mt=R len=7
PKT t=10953 TX ua=95 mt=P len=0
PKT t=10962 RX ua=95 mt=R len=7
PKT t=10967 TX ua=95 mt=P len=0
PKT t=10996 RX ua=95 mt=R len=7
PKT t=11003 TX ua=95 mt=P len=0
PKT t=11012 RX ua=95 mt=R len=7
PKT t=11017 TX ua=95 mt=P len=0
PKT t=11026 RX ua=95 mt=R len=7
PKT t=11031 TX ua=95 mt=P len=0
PKT t=11040 RX ua=95 mt=R len=7
PKT t=11045 TX ua=95 mt=P len=0
PKT t=11054 RX ua=95 mt=R len=7
PKT t=11059 TX ua=95 mt=P len=0
PKT t=11068 RX ua=95 mt=R len=7
PKT t=11073 TX ua=95 mt=P len=0
PKT t=11103 RX ua=95 mt=R len=7
PKT t=11108 TX ua=95 mt=T len=7
PKT t=11120 TX ua=95 mt=P len=0
PKT t=11129 RX ua=95 mt=R len=7
PKT t=11134 TX ua=95 mt=P len=0
PKT t=11143 RX ua=95 mt=R len=7
PKT t=11153 TX ua=95 mt=P len=0
PKT t=11162 RX ua=95 mt=R len=7
PKT t=11167 TX ua=95 mt=P len=0
PKT t=11176 RX ua=95 mt=R len=7
PKT t=11181 TX ua=95 mt=P len=0
PKT t=11210 RX ua=95 mt=R len=7
PKT t=11215 TX ua=95 mt=P len=0
PKT t=11224 RX ua=95 mt=R len=7
PKT t=11229 TX ua=95 mt=P len=0
PKT t=11238 RX ua=95 mt=R len=7
PKT t=11243 TX ua=95 mt=P len=0
PKT t=11253 RX ua=95 mt=R len=7
PKT t=11258 TX ua=95 mt=P len=0
PKT t=11267 RX ua=95 mt=R len=7
PKT t=11272 TX ua=95 mt=P len=0
PKT t=11281 RX ua=95 mt=R len=7
PKT t=11286 TX ua=95 mt=P len=0
PKT t=11315 RX ua=95 mt=R len=7
PKT t=11320 TX ua=95 mt=P len=0
PKT t=11329 RX ua=95 mt=R len=7
PKT t=11334 TX ua=95 mt=P len=0
PKT t=11343 RX ua=95 mt=R len=7
PKT t=11353 TX ua=95 mt=T len=7
PKT t=11365 TX ua=95 mt=P len=0
PKT t=11375 RX ua=95 mt=R len=7
PKT t=11380 TX ua=95 mt=P len=0
PKT t=11390 RX ua=95 mt=R len=7
PKT t=11395 TX ua=95 mt=P len=0
PKT t=11424 RX ua=95 mt=R len=7
PKT t=11429 TX ua=95 mt=P len=0
PKT t=11439 RX ua=95 mt=R len=7
PKT t=11444 TX ua=95 mt=P len=0
PKT t=11454 RX ua=95 mt=R len=7
PKT t=11459 TX ua=95 mt=P len=0
PKT t=11469 RX ua=95 mt=R len=7
PKT t=11474 TX ua=95 mt=P len=0
PKT t=11484 RX ua=95 mt=R len=7
PKT t=11489 TX ua=95 mt=P len=0
PKT t=11503 RX ua=95 mt=R len=7
PKT t=11508 TX ua=95 mt=P len=0
PKT t=11533 RX ua=95 mt=R len=7
PKT t=11538 TX ua=95 mt=P len=0
PKT t=11553 RX ua=95 mt=R len=7
PKT t=11558 TX ua=95 mt=P len=0
PKT t=11568 RX ua=95 mt=R len=7
PKT t=11573 TX ua=95 mt=P len=0
PKT t=11583 RX ua=95 mt=R len=7
PKT t=11588 TX ua=95 mt=P len=0
PKT t=11603 RX ua=95 mt=R len=7
PKT t=11608 TX ua=95 mt=T len=7
PKT t=11620 TX ua=95 mt=P len=0
PKT t=11634 RX ua=95 mt=R len=7
PKT t=11639 TX ua=95 mt=P len=0
PKT t=11653 RX ua=95 mt=R len=7
PKT t=11658 TX ua=95 mt=P len=0
PKT t=11667 RX ua=95 mt=R len=7
PKT t=11672 TX ua=95 mt=P len=0
PKT t=11681 RX ua=95 mt=R len=7
PKT t=11686 TX ua=95 mt=P len=0
PKT t=11695 RX ua=95 mt=R len=7
PKT t=11703 TX ua=95 mt=P len=0
PKT t=11732 RX ua=95 mt=R len=7
PKT t=11737 TX ua=95 mt=P len=0
PKT t=11746 RX ua=95 mt=R len=7
PKT t=11753 TX ua=95 mt=P len=0
PKT t=11762 RX ua=95 mt=R len=7
PKT t=11767 TX ua=95 mt=P len=0
PKT t=11776 RX ua=95 mt=R len=7
PKT t=11781 TX ua=95 mt=P len=0
PKT t=11790 RX ua=95 mt=R len=7
PKT t=11795 TX ua=95 mt=P len=0
PKT t=11804 RX ua=95 mt=R len=7
PKT t=11809 TX ua=95 mt=P len=0
PKT t=11838 RX ua=95 mt=R len=7
PKT t=11843 TX ua=95 mt=P len=0
PKT t=11853 RX ua=95 mt=R len=7
PKT t=11858 TX ua=95 mt=T len=7
PKT t=11870 TX ua=95 mt=P len=0
PKT t=11879 RX ua=95 mt=R len=7
PKT t=11884 TX ua=95 mt=P len=0
PKT t=11893 RX ua=95 mt=R len=7
PKT t=11903 TX ua=95 mt=P len=0
PKT t=11912 RX ua=95 mt=R len=7
PKT t=11917 TX ua=95 mt=P len=0
PKT t=11946 RX ua=95 mt=R len=7
PKT t=11953 TX ua=95 mt=P len=0
PKT t=11962 RX ua=95 mt=R len=7
PKT t=11967 TX ua=95 mt=P len=0
PKT t=11976 RX ua=95 mt=R len=7
PKT t=11981 TX ua=95 mt=P len=0
PKT t=11990 RX ua=95 mt=R len=7
PKT t=11995 TX ua=95 mt=P len=0
PKT t=12004 RX ua=95 mt=R len=7
PKT t=12012 TX ua=95 mt=P len=0
PKT t=12021 RX ua=95 mt=R len=7
PKT t=12026 TX ua=95 mt=P len=0
PKT t=12055 RX ua=95 mt=R len=7
PKT t=12060 TX ua=95 mt=P len=0
PKT t=12069 RX ua=95 mt=R len=7
PKT t=12074 TX ua=95 mt=P len=0
PKT t=12083 RX ua=95 mt=R len=7
PKT t=12088 TX ua=95 mt=P len=0
PKT t=12103 RX ua=95 mt=R len=7
PKT t=12108 TX ua=95 mt=T len=7
PKT t=12120 TX ua=95 mt=P len=0
PKT t=12129 RX ua=95 mt=R len=7
PKT t=12134 TX ua=95 mt=P len=0
PKT t=12163 RX ua=95 mt=R len=7
PKT t=12168 TX ua=95 mt=P len=0
PKT t=12177 RX ua=95 mt=R len=7
PKT t=12182 TX ua=95 mt=P len=0
PKT t=12191 RX ua=95 mt=R len=7
PKT t=12196 TX ua=95 mt=P len=0
PKT t=12205 RX ua=95 mt=R len=7
PKT t=12210 TX ua=95 mt=P len=0
PKT t=12219 RX ua=95 mt=R len=7
PKT t=12224 TX ua=95 mt=P len=0
PKT t=12233 RX ua=95 mt=R len=7
PKT t=12238 TX ua=95 mt=P len=0
PKT t=12267 RX ua=95 mt=R len=7
PKT t=12272 TX ua=95 mt=P len=0
PKT t=12281 RX ua=95 mt=R len=7
PKT t=12286 TX ua=95 mt=P len=0
PKT t=12295 RX ua=95 mt=R len=7
PKT t=12303 TX ua=95 mt=P len=0
PKT t=12312 RX ua=95 mt=R len=7
PKT t=12317 TX ua=95 mt=P len=0
PKT t=12326 RX ua=95 mt=R len=7
PKT t=12331 TX ua=95 mt=P len=0
PKT t=12340 RX ua=95 mt=R len=7
PKT t=12345 TX ua=95 mt=P len=0
PKT t=12374 RX ua=95 mt=R len=7
PKT t=12379 TX ua=95 mt=T len=7
PKT t=12391 TX ua=95 mt=P len=0
PKT t=12403 RX ua=95 mt=R len=7
PKT t=12408 TX ua=95 mt=P len=0
PKT t=12417 RX ua=95 mt=R len=7
PKT t=12422 TX ua=95 mt=P len=0
PKT t=12432 RX ua=95 mt=R len=7
PKT t=12437 TX ua=95 mt=P len=0
PKT t=12446 RX ua=95 mt=R len=7
PKT t=12453 TX ua=95 mt=P len=0
PKT t=12480 RX ua=95 mt=R len=7
PKT t=12485 TX ua=95 mt=P len=0
PKT t=12494 RX ua=95 mt=R len=7
PKT t=12503 TX ua=95 mt=P len=0
PKT t=12512 RX ua=95 mt=R len=7
PKT t=12517 TX ua=95 mt=P len=0
PKT t=12526 RX ua=95 mt=R len=7
PKT t=12531 TX ua=95 mt=P len=0
PKT t=12540 RX ua=95 mt=R len=7
PKT t=12545 TX ua=95 mt=P len=0
PKT t=12554 RX ua=95 mt=R len=7
PKT t=12559 TX ua=95 mt=P len=0
PKT t=12588 RX ua=95 mt=R len=7
PKT t=12593 TX ua=95 mt=P len=0
PKT t=12603 RX ua=95 mt=R len=7
PKT t=12608 TX ua=95 mt=T len=7
PKT t=12620 TX ua=95 mt=P len=0
PKT t=12629 RX ua=95 mt=R len=7
PKT t=12634 TX ua=95 mt=P len=0
PKT t=12643 RX ua=95 mt=R len=7
PKT t=12653 TX ua=95 mt=P len=0
PKT t=12662 RX ua=95 mt=R len=7
PKT t=12667 TX ua=95 mt=P len=0
PKT t=12696 RX ua=95 mt=R len=7
PKT t=12703 TX ua=95 mt=P len=0
PKT t=12712 RX ua=95 mt=R len=7
PKT t=12717 TX ua=95 mt=P len=0
PKT t=12726 RX ua=95 mt=R len=7
PKT t=12731 TX ua=95 mt=P len=0
PKT t=12740 RX ua=95 mt=R len=7
PKT t=12745 TX ua=95 mt=P len=0
PKT t=12754 RX ua=95 mt=R len=7
PKT t=12759 TX ua=95 mt=P len=0
PKT t=12768 RX ua=95 mt=R len=7
PKT t=12773 TX ua=95 mt=P len=0
PKT t=12803 RX ua=95 mt=R len=7
PKT t=12808 TX ua=95 mt=P len=0
PKT t=12817 RX ua=95 mt=R len=7
PKT t=12822 TX ua=95 mt=P len=0
PKT t=12831 RX ua=95 mt=R len=7
PKT t=12836 TX ua=95 mt=P len=0
PKT t=12845 RX ua=95 mt=R len=7
PKT t=12853 TX ua=95 mt=T len=7
PKT t=12865 TX ua=95 mt=P len=0
PKT t=12874 RX ua=95 mt=R len=7
PKT t=12879 TX ua=95 mt=P len=0
PKT t=12908 RX ua=95 mt=R len=7
PKT t=12913 TX ua=95 mt=P len=0
PKT t=12922 RX ua=95 mt=R len=7
PKT t=12927 TX ua=95 mt=P len=0
PKT t=12936 RX ua=95 mt=R len=7
PKT t=12941 TX ua=95 mt=P len=0
PKT t=12953 RX ua=95 mt=R len=7
PKT t=12958 TX ua=95 mt=P len=0
PKT t=12967 RX ua=95 mt=R len=7
PKT t=12972 TX ua=95 mt=P len=0
PKT t=12981 RX ua=95 mt=R len=7
PKT t=12986 TX ua=95 mt=P len=0
PKT t=13015 RX ua=95 mt=R len=7
PKT t=13020 TX ua=95 mt=P len=0
PKT t=13029 RX ua=95 mt=R len=7
PKT t=13034 TX ua=95 mt=P len=0
PKT t=13043 RX ua=95 mt=R len=7
PKT t=13053 TX ua=95 mt=P len=0
PKT t=13062 RX ua=95 mt=R len=7
PKT t=13067 TX ua=95 mt=P len=0
PKT t=13076 RX ua=95 mt=R len=7
PKT t=13081 TX ua=95 mt=P len=0
PKT t=13090 RX ua=95 mt=R len=7
PKT t=13095 TX ua=95 mt=P len=0
PKT t=13124 RX ua=95 mt=R len=7
PKT t=13129 TX ua=95 mt=T len=7
PKT t=13142 TX ua=95 mt=P len=0
PKT t=13153 RX ua=95 mt=R len=7
PKT t=13158 TX ua=95 mt=P len=0
PKT t=13167 RX ua=95 mt=R len=7
PKT t=13172 TX ua=95 mt=P len=0
PKT t=13181 RX ua=95 mt=R len=7
PKT t=13186 TX ua=95 mt=P len=0
PKT t=13195 RX ua=95 mt=R len=7
PKT t=13203 TX ua=95 mt=P len=0
PKT t=13229 RX ua=95 mt=R len=7
PKT t=13234 TX ua=95 mt=P len=0
PKT t=13243 RX ua=95 mt=R len=7
PKT t=13253 TX ua=95 mt=P len=0
PKT t=13262 RX ua=95 mt=R len=7
PKT t=13267 TX ua=95 mt=P len=0
PKT t=13276 RX ua=95 mt=R len=7
PKT t=13281 TX ua=95 mt=P len=0
PKT t=13290 RX ua=95 mt=R len=7
PKT t=13295 TX ua=95 mt=P len=0
PKT t=13304 RX ua=95 mt=R len=7
PKT t=13309 TX ua=95 mt=P len=0
PKT t=13338 RX ua=95 mt=R len=7
PKT t=13343 TX ua=95 mt=P len=0
PKT t=13353 RX ua=95 mt=R len=7
PKT t=13358 TX ua=95 mt=T len=7
PKT t=13371 TX ua=95 mt=P len=0
PKT t=13381 RX ua=95 mt=R len=7
PKT t=13386 TX ua=95 mt=P len=0
PKT t=13396 RX ua=95 mt=R len=7
PKT t=13403 TX ua=95 mt=P len=0
PKT t=13413 RX ua=95 mt=R len=7
PKT t=13418 TX ua=95 mt=P len=0
PKT t=13453 RX ua=95 mt=R len=7
PKT t=13458 TX ua=95 mt=P len=0
PKT t=13468 RX ua=95 mt=R len=7
PKT t=13473 TX ua=95 mt=P len=0
PKT t=13483 RX ua=95 mt=R len=7
PKT t=13488 TX ua=95 mt=P len=0
PKT t=13503 RX ua=95 mt=R len=7
PKT t=13508 TX ua=95 mt=P len=0
PKT t=13518 RX ua=95 mt=R len=7
PKT t=13523 TX ua=95 mt=P len=0
PKT t=13553 RX ua=95 mt=R len=7
PKT t=13558 TX ua=95 mt=P len=0
PKT t=13568 RX ua=95 mt=R len=7
PKT t=13573 TX ua=95 mt=P len=0
PKT t=13583 RX ua=95 mt=R len=7
PKT t=13588 TX ua=95 mt=P len=0
PKT t=13603 RX ua=95 mt=R len=7
PKT t=13608 TX ua=95 mt=T len=7
PKT t=13621 TX ua=95 mt=P len=0
PKT t=13653 RX ua=95 mt=R len=7
PKT t=13658 TX ua=95 mt=P len=0
PKT t=13667 RX ua=95 mt=R len=7
PKT t=13672 TX ua=95 mt=P len=0
PKT t=13681 RX ua=95 mt=R len=7
PKT t=13686 TX ua=95 mt=P len=0
PKT t=13695 RX ua=95 mt=R len=7
PKT t=13703 TX ua=95 mt=P len=0
PKT t=13712 RX ua=95 mt=R len=7
PKT t=13717 TX ua=95 mt=P len=0
PKT t=13726 RX ua=95 mt=R len=7
PKT t=13731 TX ua=95 mt=P len=0
PKT t=13760 RX ua=95 mt=R len=7
PKT t=13765 TX ua=95 mt=P len=0
PKT t=13774 RX ua=95 mt=R len=7
PKT t=13779 TX ua=95 mt=P len=0
PKT t=13788 RX ua=95 mt=R len=7
PKT t=13793 TX ua=95 mt=P len=0
PKT t=13803 RX ua=95 mt=R len=7
PKT t=13808 TX ua=95 mt=P len=0
PKT t=13817 RX ua=95 mt=R len=7
PKT t=13822 TX ua=95 mt=P len=0
PKT t=13831 RX ua=95 mt=R len=7
PKT t=13836 TX ua=95 mt=P len=0
PKT t=13865 RX ua=95 mt=R len=7
PKT t=13870 TX ua=95 mt=T len=7
PKT t=13883 TX ua=95 mt=P len=0
PKT t=13892 RX ua=95 mt=R len=7
PKT t=13897 TX ua=95 mt=P len=0
PKT t=13906 RX ua=95 mt=R len=7
PKT t=13911 TX ua=95 mt=P len=0
PKT t=13920 RX ua=95 mt=R len=7
PKT t=13925 TX ua=95 mt=P len=0
PKT t=13934 RX ua=95 mt=R len=7
PKT t=13939 TX ua=95 mt=P len=0
PKT t=13968 RX ua=95 mt=R len=7
PKT t=13973 TX ua=95 mt=P len=0
PKT t=13982 RX ua=95 mt=R len=7
PKT t=13987 TX ua=95 mt=P len=0
PKT t=13996 RX ua=95 mt=R len=7
PKT t=14003 TX ua=95 mt=P len=0
PKT t=14013 RX ua=95 mt=R len=7
PKT t=14018 TX ua=95 mt=P len=0
PKT t=14027 RX ua=95 mt=R len=7
PKT t=14032 TX ua=95 mt=P len=0
PKT t=14041 RX ua=95 mt=R len=7
PKT t=14046 TX ua=95 mt=P len=0
PKT t=14075 RX ua=95 mt=R len=7
PKT t=14080 TX ua=95 mt=P len=0
PKT t=14089 RX ua=95 mt=R len=7
PKT t=14094 TX ua=95 mt=P len=0
PKT t=14103 RX ua=95 mt=R len=7
PKT t=14108 TX ua=95 mt=T len=7
PKT t=14120 TX ua=95 mt=P len=0
PKT t=14129 RX ua=95 mt=R len=7
PKT t=14134 TX ua=95 mt=P len=0
PKT t=14143 RX ua=95 mt=R len=7
PKT t=14153 TX ua=95 mt=P len=0
PKT t=14177 RX ua=95 mt=R len=7
PKT t=14182 TX ua=95 mt=P len=0
PKT t=14191 RX ua=95 mt=R len=7
PKT t=14196 TX ua=95 mt=P len=0
PKT t=14205 RX ua=95 mt=R len=7
PKT t=14210 TX ua=95 mt=P len=0
PKT t=14219 RX ua=95 mt=R len=7
PKT t=14224 TX ua=95 mt=P len=0
PKT t=14233 RX ua=95 mt=R len=7
PKT t=14238 TX ua=95 mt=P len=0
PKT t=14253 RX ua=95 mt=R len=7
PKT t=14258 TX ua=95 mt=P len=0
PKT t=14281 RX ua=95 mt=R len=7
PKT t=14286 TX ua=95 mt=P len=0
PKT t=14295 RX ua=95 mt=R len=7
PKT t=14303 TX ua=95 mt=P len=0
PKT t=14312 RX ua=95 mt=R len=7
PKT t=14317 TX ua=95 mt=P len=0
PKT t=14326 RX ua=95 mt=R len=7
PKT t=14331 TX ua=95 mt=P len=0
PKT t=14340 RX ua=95 mt=R len=7
PKT t=14345 TX ua=95 mt=P len=0
PKT t=14354 RX ua=95 mt=R len=7
PKT t=14359 TX ua=95 mt=T len=7
PKT t=14371 TX ua=95 mt=P len=0
PKT t=14390 RX ua=95 mt=R len=7
PKT t=14395 TX ua=95 mt=P len=0
PKT t=14404 RX ua=95 mt=R len=7
PKT t=14409 TX ua=95 mt=P len=0
PKT t=14418 RX ua=95 mt=R len=7
PKT t=14423 TX ua=95 mt=P len=0
PKT t=14432 RX ua=95 mt=R len=7
PKT t=14437 TX ua=95 mt=P len=0
PKT t=14446 RX ua=95 mt=R len=7
PKT t=14453 TX ua=95 mt=P len=0
PKT t=14462 RX ua=95 mt=R len=7
PKT t=14467 TX ua=95 mt=P len=0
PKT t=14496 RX ua=95 mt=R len=7
PKT t=14503 TX ua=95 mt=P len=0
PKT t=14512 RX ua=95 mt=R len=7
PKT t=14517 TX ua=95 mt=P len=0
PKT t=14526 RX ua=95 mt=R len=7
PKT t=14531 TX ua=95 mt=P len=0
PKT t=14540 RX ua=95 mt=R len=7
PKT t=14545 TX ua=95 mt=P len=0
PKT t=14554 RX ua=95 mt=R len=7
PKT t=14559 TX ua=95 mt=P len=0
PKT t=14568 RX ua=95 mt=R len=7
PKT t=14573 TX ua=95 mt=P len=0
PKT t=14603 RX ua=95 mt=R len=7
PKT t=14608 TX ua=95 mt=T len=7
PKT t=14620 TX ua=95 mt=P len=0
PKT t=14629 RX ua=95 mt=R len=7
PKT t=14634 TX ua=95 mt=P len=0
PKT t=14643 RX ua=95 mt=R len=7
PKT t=14653 TX ua=95 mt=P len=0
PKT t=14662 RX ua=95 mt=R len=7
PKT t=14667 TX ua=95 mt=P len=0
PKT t=14676 RX ua=95 mt=R len=7
PKT t=14681 TX ua=95 mt=P len=0
PKT t=14710 RX ua=95 mt=R len=7
PKT t=14715 TX ua=95 mt=P len=0
PKT t=14724 RX ua=95 mt=R len=7
PKT t=14729 TX ua=95 mt=P len=0
PKT t=14738 RX ua=95 mt=R len=7
PKT t=14743 TX ua=95 mt=P len=0
PKT t=14753 RX ua=95 mt=R len=7
PKT t=14758 TX ua=95 mt=P len=0
PKT t=14767 RX ua=95 mt=R len=7
PKT t=14772 TX ua=95 mt=P len=0
PKT t=14781 RX ua=95 mt=R len=7
PKT t=14786 TX ua=95 mt=P len=0
PKT t=14816 RX ua=95 mt=R len=7
PKT t=14821 TX ua=95 mt=P len=0
PKT t=14830 RX ua=95 mt=R len=7
PKT t=14835 TX ua=95 mt=P len=0
PKT t=14844 RX ua=95 mt=R len=7
PKT t=14853 TX ua=95 mt=T len=7
PKT t=14865 TX ua=95 mt=P len=0
PKT t=14874 RX ua=95 mt=R len=7
PKT t=14879 TX ua=95 mt=P len=0
PKT t=14888 RX ua=95 mt=R len=7
PKT t=14893 TX ua=95 mt=P len=0
PKT t=14922 RX ua=95 mt=R len=7
PKT t=14927 TX ua=95 mt=P len=0
PKT t=14936 RX ua=95 mt=R len=7
PKT t=14941 TX ua=95 mt=P len=0
PKT t=14953 RX ua=95 mt=R len=7
PKT t=14958 TX ua=95 mt=P len=0
PKT t=14967 RX ua=95 mt=R len=7
PKT t=14972 TX ua=95 mt=P len=0
PKT t=14981 RX ua=95 mt=R len=7
PKT t=14986 TX ua=95 mt=P len=0
PKT t=14995 RX ua=95 mt=R len=7
PKT t=15003 TX ua=95 mt=P len=0
PKT t=15029 RX ua=95 mt=R len=7
PKT t=15034 TX ua=95 mt=P len=0
PKT t=15043 RX ua=95 mt=R len=7
PKT t=15053 TX ua=95 mt=P len=0
PKT t=15062 RX ua=95 mt=R len=7
PKT t=15067 TX ua=95 mt=P len=0
PKT t=15076 RX ua=95 mt=R len=7
PKT t=15081 TX ua=95 mt=P len=0
PKT t=15090 RX ua=95 mt=R len=7
PKT t=15095 TX ua=95 mt=P len=0
PKT t=15104 RX ua=95 mt=R len=7
PKT t=15109 TX ua=95 mt=T len=7
PKT t=15121 TX ua=95 mt=P len=0
PKT t=15140 RX ua=95 mt=R len=7
PKT t=15145 TX ua=95 mt=P len=0
PKT t=15154 RX ua=95 mt=R len=7
PKT t=15159 TX ua=95 mt=P len=0
PKT t=15168 RX ua=95 mt=R len=7
PKT t=15173 TX ua=95 mt=P len=0
PKT t=15182 RX ua=95 mt=R len=7
PKT t=15187 TX ua=95 mt=P len=0
PKT t=15196 RX ua=95 mt=R len=7
PKT t=15203 TX ua=95 mt=P len=0
PKT t=15212 RX ua=95 mt=R len=7
PKT t=15217 TX ua=95 mt=P len=0
PKT t=15246 RX ua=95 mt=R len=7
PKT t=15253 TX ua=95 mt=P len=0
PKT t=15262 RX ua=95 mt=R len=7
PKT t=15267 TX ua=95 mt=P len=0
PKT t=15276 RX ua=95 mt=R len=7
PKT t=15281 TX ua=95 mt=P len=0
PKT t=15290 RX ua=95 mt=R len=7
PKT t=15295 TX ua=95 mt=P len=0
PKT t=15304 RX ua=95 mt=R len=7
PKT t=15309 TX ua=95 mt=P len=0
PKT t=15318 RX ua=95 mt=R len=7
PKT t=15323 TX ua=95 mt=P len=0
PKT t=15353 RX ua=95 mt=R len=7
PKT t=15358 TX ua=95 mt=T len=7
PKT t=15370 TX ua=95 mt=P len=0
PKT t=15380 RX ua=95 mt=R len=7
PKT t=15385 TX ua=95 mt=P len=0
PKT t=15395 RX ua=95 mt=R len=7
PKT t=15403 TX ua=95 mt=P len=0
PKT t=15413 RX ua=95 mt=R len=7
PKT t=15418 TX ua=95 mt=P len=0
PKT t=15428 RX ua=95 mt=R len=7
PKT t=15433 TX ua=95 mt=P len=0
PKT t=15462 RX ua=95 mt=R len=7
PKT t=15467 TX ua=95 mt=P len=0
PKT t=15477 RX ua=95 mt=R len=7
PKT t=15482 TX ua=95 mt=P len=0
PKT t=15492 RX ua=95 mt=R len=7
PKT t=15497 TX ua=95 mt=P len=0
PKT t=15507 RX ua=95 mt=R len=7
PKT t=15512 TX ua=95 mt=P len=0
PKT t=15522 RX ua=95 mt=R len=7
PKT t=15527 TX ua=95 mt=P len=0
PKT t=15537 RX ua=95 mt=R len=7
PKT t=15542 TX ua=95 mt=P len=0
PKT t=15572 RX ua=95 mt=R len=7
PKT t=15577 TX ua=95 mt=P len=0
PKT t=15587 RX ua=95 mt=R len=7
PKT t=15592 TX ua=95 mt=P len=0
PKT t=15603 RX ua=95 mt=R len=7
PKT t=15608 TX ua=95 mt=T len=7
PKT t=15620 TX ua=95 mt=P len=0
PKT t=15629 RX ua=95 mt=R len=7
PKT t=15634 TX ua=95 mt=P len=0
PKT t=15643 RX ua=95 mt=R len=7
PKT t=15653 TX ua=95 mt=P len=0
PKT t=15677 RX ua=95 mt=R len=7
PKT t=15682 TX ua=95 mt=P len=0
PKT t=15691 RX ua=95 mt=R len=7
PKT t=15696 TX ua=95 mt=P len=0
PKT t=15705 RX ua=95 mt=R len=7
PKT t=15710 TX ua=95 mt=P len=0
PKT t=15719 RX ua=95 mt=R len=7
PKT t=15724 TX ua=95 mt=P len=0
PKT t=15733 RX ua=95 mt=R len=7
PKT t=15738 TX ua=95 mt=P len=0
PKT t=15753 RX ua=95 mt=R len=7
PKT t=15758 TX ua=95 mt=P len=0
PKT t=15782 RX ua=95 mt=R len=7
PKT t=15787 TX ua=95 mt=P len=0
PKT t=15796 RX ua=95 mt=R len=7
PKT t=15803 TX ua=95 mt=P len=0
PKT t=15812 RX ua=95 mt=R len=7
PKT t=15817 TX ua=95 mt=P len=0
PKT t=15826 RX ua=95 mt=R len=7
PKT t=15831 TX ua=95 mt=P len=0
PKT t=15840 RX ua=95 mt=R len=7
PKT t=15845 TX ua=95 mt=P len=0
PKT t=15854 RX ua=95 mt=R len=7
PKT t=15859 TX ua=95 mt=T len=7
PKT t=15871 TX ua=95 mt=P len=0
PKT t=15890 RX ua=95 mt=R len=7
PKT t=15895 TX ua=95 mt=P len=0
PKT t=15904 RX ua=95 mt=R len=7
PKT t=15909 TX ua=95 mt=P len=0
PKT t=15918 RX ua=95 mt=R len=7
PKT t=15923 TX ua=95 mt=P len=0
PKT t=15932 RX ua=95 mt=R len=7
PKT t=15937 TX ua=95 mt=P len=0
PKT t=15946 RX ua=95 mt=R len=7
PKT t=15953 TX ua=95 mt=P len=0
PKT t=15962 RX ua=95 mt=R len=7
PKT t=15967 TX ua=95 mt=P len=0
PKT t=15996 RX ua=95 mt=R len=7
PKT t=16003 TX ua=95 mt=P len=0
PKT t=16014 RX ua=95 mt=R len=7
PKT t=16019 TX ua=95 mt=P len=0
PKT t=16028 RX ua=95 mt=R len=7
PKT t=16033 TX ua=95 mt=P len=0
PKT t=16042 RX ua=95 mt=R len=7
PKT t=16047 TX ua=95 mt=P len=0
PKT t=16056 RX ua=95 mt=R len=7
PKT t=16061 TX ua=95 mt=P len=0
PKT t=16070 RX ua=95 mt=R len=7
PKT t=16075 TX ua=95 mt=P len=0
PKT t=16104 RX ua=95 mt=R len=7
PKT t=16109 TX ua=95 mt=T len=7
PKT t=16121 TX ua=95 mt=P len=0
PKT t=16130 RX ua=95 mt=R len=7
PKT t=16135 TX ua=95 mt=P len=0
PKT t=16144 RX ua=95 mt=R len=7
PKT t=16153 TX ua=95 mt=P len=0
PKT t=16162 RX ua=95 mt=R len=7
PKT t=16167 TX ua=95 mt=P len=0
PKT t=16176 RX ua=95 mt=R len=7
PKT t=16181 TX ua=95 mt=P len=0
PKT t=16210 RX ua=95 mt=R len=7
PKT t=16215 TX ua=95 mt=P len=0
PKT t=16224 RX ua=95 mt=R len=7
PKT t=16229 TX ua=95 mt=P len=0
PKT t=16238 RX ua=95 mt=R len=7
PKT t=16243 TX ua=95 mt=P len=0
PKT t=16253 RX ua=95 mt=R len=7
PKT t=16258 TX ua=95 mt=P len=0
PKT t=16267 RX ua=95 mt=R len=7
PKT t=16272 TX ua=95 mt=P len=0
PKT t=16281 RX ua=95 mt=R len=7
PKT t=16286 TX ua=95 mt=P len=0
PKT t=16315 RX ua=95 mt=R len=7
PKT t=16320 TX ua=95 mt=P len=0
PKT t=16329 RX ua=95 mt=R len=7
PKT t=16334 TX ua=95 mt=P len=0
PKT t=16343 RX ua=95 mt=R len=7
PKT t=16353 TX ua=95 mt=T len=7
PKT t=16365 TX ua=95 mt=P len=0
PKT t=16375 RX ua=95 mt=R len=7
PKT t=16380 TX ua=95 mt=P len=0
PKT t=16389 RX ua=95 mt=R len=7
PKT t=16394 TX ua=95 mt=P len=0
PKT t=16423 RX ua=95 mt=R len=7
PKT t=16428 TX ua=95 mt=P len=0
PKT t=16437 RX ua=95 mt=R len=7
PKT t=16442 TX ua=95 mt=P len=0
PKT t=16453 RX ua=95 mt=R len=7
PKT t=16458 TX ua=95 mt=P len=0
PKT t=16467 RX ua=95 mt=R len=7
PKT t=16472 TX ua=95 mt=P len=0
PKT t=16481 RX ua=95 mt=R len=7
PKT t=16486 TX ua=95 mt=P len=0
PKT t=16495 RX ua=95 mt=R len=7
PKT t=16503 TX ua=95 mt=P len=0
PKT t=16529 RX ua=95 mt=R len=7
PKT t=16534 TX ua=95 mt=P len=0
PKT t=16543 RX ua=95 mt=R len=7
PKT t=16553 TX ua=95 mt=P len=0
PKT t=16562 RX ua=95 mt=R len=7
PKT t=16567 TX ua=95 mt=P len=0
PKT t=16576 RX ua=95 mt=R len=7
PKT t=16581 TX ua=95 mt=P len=0
PKT t=16590 RX ua=95 mt=R len=7
PKT t=16595 TX ua=95 mt=P len=0
PKT t=16604 RX ua=95 mt=R len=7
PKT t=16609 TX ua=95 mt=T len=7
PKT t=16621 TX ua=95 mt=P len=0
PKT t=16640 RX ua=95 mt=R len=7
PKT t=16645 TX ua=95 mt=P len=0
PKT t=16654 RX ua=95 mt=R len=7
PKT t=16659 TX ua=95 mt=P len=0
PKT t=16668 RX ua=95 mt=R len=7
PKT t=16673 TX ua=95 mt=P len=0
PKT t=16682 RX ua=95 mt=R len=7
PKT t=16687 TX ua=95 mt=P len=0
PKT t=16696 RX ua=95 mt=R len=7
PKT t=16703 TX ua=95 mt=P len=0
PKT t=16712 RX ua=95 mt=R len=7
PKT t=16717 TX ua=95 mt=P len=0
PKT t=16746 RX ua=95 mt=R len=7
PKT t=16753 TX ua=95 mt=P len=0
PKT t=16762 RX ua=95 mt=R len=7
PKT t=16767 TX ua=95 mt=P len=0
PKT t=16776 RX ua=95 mt=R len=7
PKT t=16781 TX ua=95 mt=P len=0
PKT t=16790 RX ua=95 mt=R len=7
PKT t=16795 TX ua=95 mt=P len=0
PKT t=16804 RX ua=95 mt=R len=7
PKT t=16809 TX ua=95 mt=P len=0
PKT t=16818 RX ua=95 mt=R len=7
PKT t=16823 TX ua=95 mt=P len=0
PKT t=16853 RX ua=95 mt=R len=7
PKT t=16858 TX ua=95 mt=T len=7
PKT t=16870 TX ua=95 mt=P len=0
PKT t=16879 RX ua=95 mt=R len=7
PKT t=16884 TX ua=95 mt=P len=0
PKT t=16893 RX ua=95 mt=R len=7
PKT t=16903 TX ua=95 mt=P len=0
PKT t=16912 RX ua=95 mt=R len=7
PKT t=16917 TX ua=95 mt=P len=0
PKT t=16926 RX ua=95 mt=R len=7
PKT t=16931 TX ua=95 mt=P len=0
PKT t=16960 RX ua=95 mt=R len=7
PKT t=16965 TX ua=95 mt=P len=0
PKT t=16974 RX ua=95 mt=R len=7
PKT t=16979 TX ua=95 mt=P len=0
PKT t=16988 RX ua=95 mt=R len=7
PKT t=16993 TX ua=95 mt=P len=0
PKT t=17003 RX ua=95 mt=R len=7
PKT t=17008 TX ua=95 mt=P len=0
PKT t=17017 RX ua=95 mt=R len=7
PKT t=17022 TX ua=95 mt=P len=0
PKT t=17031 RX ua=95 mt=R len=7
PKT t=17036 TX ua=95 mt=P len=0
PKT t=17065 RX ua=95 mt=R len=7
PKT t=17070 TX ua=95 mt=P len=0
PKT t=17079 RX ua=95 mt=R len=7
PKT t=17084 TX ua=95 mt=P len=0
PKT t=17093 RX ua=95 mt=R len=7
PKT t=17103 TX ua=95 mt=T len=7
PKT t=17115 TX ua=95 mt=P len=0
PKT t=17124 RX ua=95 mt=R len=7
PKT t=17129 TX ua=95 mt=P len=0
PKT t=17138 RX ua=95 mt=R len=7
PKT t=17143 TX ua=95 mt=P len=0
PKT t=17172 RX ua=95 mt=R len=7
PKT t=17177 TX ua=95 mt=P len=0
PKT t=17186 RX ua=95 mt=R len=7
PKT t=17191 TX ua=95 mt=P len=0
PKT t=17203 RX ua=95 mt=R len=7
PKT t=17208 TX ua=95 mt=P len=0
PKT t=17217 RX ua=95 mt=R len=7
PKT t=17222 TX ua=95 mt=P len=0
PKT t=17231 RX ua=95 mt=R len=7
PKT t=17236 TX ua=95 mt=P len=0
PKT t=17245 RX ua=95 mt=R len=7
PKT t=17253 TX ua=95 mt=P len=0
PKT t=17279 RX ua=95 mt=R len=7
PKT t=17284 TX ua=95 mt=P len=0
PKT t=17293 RX ua=95 mt=R len=7
PKT t=17303 TX ua=95 mt=P len=0
PKT t=17312 RX ua=95 mt=R len=7
PKT t=17317 TX ua=95 mt=P len=0
PKT t=17326 RX ua=95 mt=R len=7
PKT t=17331 TX ua=95 mt=P len=0
PKT t=17340 RX ua=95 mt=R len=7
PKT t=17345 TX ua=95 mt=P len=0
PKT t=17354 RX ua=95 mt=R len=7
PKT t=17359 TX ua=95 mt=T len=7
PKT t=17371 TX ua=95 mt=P len=0
PKT t=17390 RX ua=95 mt=R len=7
PKT t=17395 TX ua=95 mt=P len=0
PKT t=17405 RX ua=95 mt=R len=7
PKT t=17410 TX ua=95 mt=P len=0
PKT t=17420 RX ua=95 mt=R len=7
PKT t=17425 TX ua=95 mt=P len=0
PKT t=17435 RX ua=95 mt=R len=7
PKT t=17440 TX ua=95 mt=P len=0
PKT t=17453 RX ua=95 mt=R len=7
PKT t=17458 TX ua=95 mt=P len=0
PKT t=17488 RX ua=95 mt=R len=7
PKT t=17493 TX ua=95 mt=P len=0
PKT t=17503 RX ua=95 mt=R len=7
PKT t=17508 TX ua=95 mt=P len=0
PKT t=17518 RX ua=95 mt=R len=7
PKT t=17523 TX ua=95 mt=P len=0
PKT t=17533 RX ua=95 mt=R len=7
PKT t=17538 TX ua=95 mt=P len=0
PKT t=17553 RX ua=95 mt=R len=7
PKT t=17558 TX ua=95 mt=P len=0
PKT t=17588 RX ua=95 mt=R len=7
PKT t=17593 TX ua=95 mt=P len=0
PKT t=17603 RX ua=95 mt=R len=7
PKT t=17608 TX ua=95 mt=T len=7
PKT t=17620 TX ua=95 mt=P len=0
PKT t=17629 RX ua=95 mt=R len=7
PKT t=17634 TX ua=95 mt=P len=0
PKT t=17643 RX ua=95 mt=R len=7
PKT t=17653 TX ua=95 mt=P len=0
PKT t=17662 RX ua=95 mt=R len=7
PKT t=17667 TX ua=95 mt=P len=0
PKT t=17696 RX ua=95 mt=R len=7
PKT t=17703 TX ua=95 mt=P len=0
PKT t=17712 RX ua=95 mt=R len=7
PKT t=17717 TX ua=95 mt=P len=0
PKT t=17726 RX ua=95 mt=R len=7
PKT t=17731 TX ua=95 mt=P len=0
PKT t=17740 RX ua=95 mt=R len=7
PKT t=17745 TX ua=95 mt=P len=0
PKT t=17754 RX ua=95 mt=R len=7
PKT t=17759 TX ua=95 mt=P len=0
PKT t=17768 RX ua=95 mt=R len=7
PKT t=17773 TX ua=95 mt=P len=0
PKT t=17803 RX ua=95 mt=R len=7
PKT t=17808 TX ua=95 mt=P len=0
PKT t=17817 RX ua=95 mt=R len=7
PKT t=17822 TX ua=95 mt=P len=0
PKT t=17831 RX ua=95 mt=R len=7
PKT t=17836 TX ua=95 mt=P len=0
PKT t=17845 RX ua=95 mt=R len=7
PKT t=17853 TX ua=95 mt=T len=7
PKT t=17865 TX ua=95 mt=P len=0
PKT t=17874 RX ua=95 mt=R len=7
PKT t=17879 TX ua=95 mt=P len=0
PKT t=17908 RX ua=95 mt=R len=7
PKT t=17913 TX ua=95 mt=P len=0
PKT t=17922 RX ua=95 mt=R len=7
PKT t=17927 TX ua=95 mt=P len=0
PKT t=17936 RX ua=95 mt=R len=7
PKT t=17941 TX ua=95 mt=P len=0
PKT t=17953 RX ua=95 mt=R len=7
PKT t=17958 TX ua=95 mt=P len=0
PKT t=17967 RX ua=95 mt=R len=7
PKT t=17972 TX ua=95 mt=P len=0
PKT t=17981 RX ua=95 mt=R len=7
PKT t=17986 TX ua=95 mt=P len=0
PKT t=18015 RX ua=95 mt=R len=7
PKT t=18020 TX ua=95 mt=P len=0
PKT t=18029 RX ua=95 mt=R len=7
PKT t=18034 TX ua=95 mt=P len=0
PKT t=18043 RX ua=95 mt=R len=7
PKT t=18053 TX ua=95 mt=P len=0
PKT t=18062 RX ua=95 mt=R len=7
PKT t=18067 TX ua=95 mt=P len=0
PKT t=18076 RX ua=95 mt=R len=7
PKT t=18081 TX ua=95 mt=P len=0
PKT t=18090 RX ua=95 mt=R len=7
PKT t=18095 TX ua=95 mt=P len=0
PKT t=18128 RX ua=95 mt=R len=7
PKT t=18133 TX ua=95 mt=T len=7
PKT t=18146 TX ua=95 mt=P len=0
PKT t=18155 RX ua=95 mt=R len=7
PKT t=18160 TX ua=95 mt=T len=7
PKT t=18173 TX ua=95 mt=P len=0
PKT t=18182 RX ua=95 mt=R len=7
PKT t=18187 TX ua=95 mt=P len=0
PKT t=18196 RX ua=95 mt=R len=7
PKT t=18203 TX ua=95 mt=P len=0
PKT t=18230 RX ua=95 mt=R len=7
PKT t=18235 TX ua=95 mt=P len=0
PKT t=18244 RX ua=95 mt=R len=7
PKT t=18253 TX ua=95 mt=P len=0
PKT t=18262 RX ua=95 mt=R len=7
PKT t=18267 TX ua=95 mt=P len=0
PKT t=18276 RX ua=95 mt=R len=7
PKT t=18281 TX ua=95 mt=P len=0
PKT t=18290 RX ua=95 mt=R len=7
PKT t=18295 TX ua=95 mt=P len=0
PKT t=18304 RX ua=95 mt=R len=7
PKT t=18309 TX ua=95 mt=P len=0
PKT t=18338 RX ua=95 mt=R len=7
PKT t=18343 TX ua=95 mt=P len=0
PKT t=18353 RX ua=95 mt=R len=7
PKT t=18358 TX ua=95 mt=T len=7
PKT t=18371 TX ua=95 mt=P len=0
PKT t=18380 RX ua=95 mt=R len=7
PKT t=18385 TX ua=95 mt=P len=0
PKT t=18394 RX ua=95 mt=R len=7
PKT t=18403 TX ua=96 mt=I len=13
PKT t=18911 TX ua=96 mt=T len=4
PKT t=18922 TX ua=95 mt=P len=0
PKT t=18931 RX ua=95 mt=R len=7
PKT t=18936 TX ua=96 mt=P len=0
PKT t=19194 TX ua=95 mt=P len=0
PKT t=19203 RX ua=95 mt=R len=7
PKT t=19208 TX ua=95 mt=T len=7
PKT t=19220 TX ua=95 mt=P len=0
PKT t=19240 RX ua=95 mt=R len=7
PKT t=19245 TX ua=95 mt=P len=0
PKT t=19254 RX ua=95 mt=R len=7
PKT t=19259 TX ua=95 mt=P len=0
PKT t=19268 RX ua=95 mt=R len=7
PKT t=19273 TX ua=95 mt=P len=0
PKT t=19282 RX ua=95 mt=R len=7
PKT t=19287 TX ua=95 mt=P len=0
PKT t=19296 RX ua=95 mt=R len=7
PKT t=19303 TX ua=95 mt=P len=0
PKT t=19312 RX ua=95 mt=R len=7
PKT t=19317 TX ua=95 mt=P len=0
PKT t=19346 RX ua=95 mt=R len=7
PKT t=19353 TX ua=95 mt=T len=7
PKT t=19365 TX ua=95 mt=P len=0
PKT t=19375 RX ua=95 mt=R len=7
PKT t=19380 TX ua=95 mt=P len=0
PKT t=19390 RX ua=95 mt=R len=7
PKT t=19395 TX ua=95 mt=P len=0
PKT t=19405 RX ua=95 mt=R len=7
PKT t=19410 TX ua=95 mt=P len=0
PKT t=19420 RX ua=95 mt=R len=7
PKT t=19425 TX ua=95 mt=P len=0
PKT t=19454 RX ua=95 mt=R len=7
PKT t=19459 TX ua=95 mt=P len=0
PKT t=19469 RX ua=95 mt=R len=7
PKT t=19474 TX ua=95 mt=P len=0
PKT t=19484 RX ua=95 mt=R len=7
PKT t=19489 TX ua=95 mt=P len=0
PKT t=19503 RX ua=95 mt=R len=7
PKT t=19508 TX ua=95 mt=P len=0
PKT t=19518 RX ua=95 mt=R len=7
PKT t=19523 TX ua=95 mt=P len=0
PKT t=19553 RX ua=95 mt=R len=7
PKT t=19558 TX ua=95 mt=P len=0
PKT t=19568 RX ua=95 mt=R len=7
PKT t=19573 TX ua=95 mt=P len=0
PKT t=19583 RX ua=95 mt=R len=7
PKT t=19588 TX ua=95 mt=P len=0
PKT t=19603 RX ua=95 mt=R len=7
PKT t=19608 TX ua=95 mt=T len=7
PKT t=19620 TX ua=95 mt=P len=0
PKT t=19653 RX ua=95 mt=R len=7
PKT t=19658 TX ua=95 mt=P len=0
PKT t=19667 RX ua=95 mt=R len=7
PKT t=19672 TX ua=95 mt=P len=0
PKT t=19681 RX ua=95 mt=R len=7
PKT t=19686 TX ua=95 mt=P len=0
PKT t=19695 RX ua=95 mt=R len=7
PKT t=19703 TX ua=95 mt=P len=0
PKT t=19712 RX ua=95 mt=R len=7
PKT t=19717 TX ua=95 mt=P len=0
PKT t=19726 RX ua=95 mt=R len=7
PKT t=19731 TX ua=95 mt=P len=0
PKT t=19760 RX ua=95 mt=R len=7
PKT t=19765 TX ua=95 mt=P len=0
PKT t=19774 RX ua=95 mt=R len=7
PKT t=19779 TX ua=95 mt=P len=0
PKT t=19788 RX ua=95 mt=R len=7
PKT t=19793 TX ua=95 mt=P len=0
PKT t=19803 RX ua=95 mt=R len=7
PKT t=19808 TX ua=95 mt=P len=0
PKT t=19817 RX ua=95 mt=R len=7
PKT t=19822 TX ua=95 mt=P len=0
PKT t=19831 RX ua=95 mt=R len=7
PKT t=19836 TX ua=95 mt=P len=0
PKT t=19865 RX ua=95 mt=R len=7
PKT t=19870 TX ua=95 mt=T len=7
PKT t=19882 TX ua=95 mt=P len=0
PKT t=19891 RX ua=95 mt=R len=7
PKT t=19896 TX ua=95 mt=P len=0
PKT t=19905 RX ua=95 mt=R len=7
PKT t=19910 TX ua=95 mt=P len=0
PKT t=19919 RX ua=95 mt=R len=7
PKT t=19924 TX ua=95 mt=P len=0
PKT t=19933 RX ua=95 mt=R len=7
PKT t=19938 TX ua=95 mt=P len=0
PKT t=19967 RX ua=95 mt=R len=7
PKT t=19972 TX ua=95 mt=P len=0
PKT t=19981 RX ua=95 mt=R len=7
PKT t=19986 TX ua=95 mt=P len=0
PKT t=19995 RX ua=95 mt=R len=7
PKT t=20003 TX ua=95 mt=P len=0
PKT t=20016 RX ua=95 mt=R len=7
PKT t=20021 TX ua=95 mt=P len=0
PKT t=20030 RX ua=95 mt=R len=7
PKT t=20035 TX ua=95 mt=P len=0
PKT t=20067 RX ua=95 mt=R len=7
PKT t=20072 TX ua=95 mt=P len=0
PKT t=20081 RX ua=95 mt=R len=7
PKT t=20086 TX ua=95 mt=P len=0
PKT t=20095 RX ua=95 mt=R len=7
PKT t=20103 TX ua=95 mt=T len=7
PKT t=20115 TX ua=95 mt=P len=0
PKT t=20124 RX ua=95 mt=R len=7
PKT t=20129 TX ua=95 mt=P len=0
PKT t=20138 RX ua=95 mt=R len=7
PKT t=20143 TX ua=95 mt=P len=0
PKT t=20172 RX ua=95 mt=R len=7
PKT t=20177 TX ua=95 mt=P len=0
PKT t=20186 RX ua=95 mt=R len=7
PKT t=20191 TX ua=95 mt=P len=0
PKT t=20203 RX ua=95 mt=R len=7
PKT t=20208 TX ua=95 mt=P len=0
PKT t=20217 RX ua=95 mt=R len=7
PKT t=20222 TX ua=95 mt=P len=0
PKT t=20231 RX ua=95 mt=R len=7
PKT t=20236 TX ua=95 mt=P len=0
PKT t=20245 RX ua=95 mt=R len=7
PKT t=20253 TX ua=95 mt=P len=0
PKT t=20279 RX ua=95 mt=R len=7
PKT t=20284 TX ua=95 mt=P len=0
PKT t=20293 RX ua=95 mt=R len=7
PKT t=20303 TX ua=95 mt=P len=0
PKT t=20312 RX ua=95 mt=R len=7
PKT t=20317 TX ua=95 mt=P len=0
PKT t=20326 RX ua=95 mt=R len=7
PKT t=20331 TX ua=95 mt=P len=0
PKT t=20340 RX ua=95 mt=R len=7
PKT t=20345 TX ua=95 mt=P len=0
PKT t=20354 RX ua=95 mt=R len=7
PKT t=20359 TX ua=95 mt=T len=7
PKT t=20371 TX ua=95 mt=P len=0
PKT t=20390 RX ua=95 mt=R len=7
PKT t=20395 TX ua=95 mt=P len=0
PKT t=20404 RX ua=95 mt=R len=7
PKT t=20409 TX ua=95 mt=P len=0
PKT t=20418 RX ua=95 mt=R len=7
PKT t=20423 TX ua=95 mt=P len=0
PKT t=20432 RX ua=95 mt=R len=7
PKT t=20437 TX ua=95 mt=P len=0
PKT t=20446 RX ua=95 mt=R len=7
PKT t=20453 TX ua=95 mt=P len=0
PKT t=20462 RX ua=95 mt=R len=7
PKT t=20467 TX ua=95 mt=P len=0
PKT t=20496 RX ua=95 mt=R len=7
PKT t=20503 TX ua=95 mt=P len=0
PKT t=20512 RX ua=95 mt=R len=7
PKT t=20517 TX ua=95 mt=P len=0
PKT t=20526 RX ua=95 mt=R len=7
PKT t=20531 TX ua=95 mt=P len=0
PKT t=20540 RX ua=95 mt=R len=7
PKT t=20545 TX ua=95 mt=P len=0
PKT t=20554 RX ua=95 mt=R len=7
PKT t=20559 TX ua=95 mt=P len=0
PKT t=20568 RX ua=95 mt=R len=7
PKT t=20573 TX ua=95 mt=P len=0
PKT t=20603 RX ua=95 mt=R len=7
PKT t=20608 TX ua=95 mt=T len=7
PKT t=20620 TX ua=95 mt=P len=0
PKT t=20629 RX ua=95 mt=R len=7
PKT t=20634 TX ua=95 mt=P len=0
PKT t=20643 RX ua=95 mt=R len=7
PKT t=20653 TX ua=95 mt=P len=0
PKT t=20662 RX ua=95 mt=R len=7
PKT t=20667 TX ua=95 mt=P len=0
PKT t=20676 RX ua=95 mt=R len=7
PKT t=20681 TX ua=95 mt=P len=0
PKT t=20710 RX ua=95 mt=R len=7
PKT t=20715 TX ua=95 mt=P len=0
PKT t=20724 RX ua=95 mt=R len=7
PKT t=20729 TX ua=95 mt=P len=0
PKT t=20738 RX ua=95 mt=R len=7
PKT t=20743 TX ua=95 mt=P len=0
PKT t=20753 RX ua=95 mt=R len=7
PKT t=20758 TX ua=95 mt=P len=0
PKT t=20767 RX ua=95 mt=R len=7
PKT t=20772 TX ua=95 mt=P len=0
PKT t=20781 RX ua=95 mt=R len=7
PKT t=20786 TX ua=95 mt=P len=0
PKT t=20815 RX ua=95 mt=R len=7
PKT t=20820 TX ua=95 mt=P len=0
PKT t=20829 RX ua=95 mt=R len=7
PKT t=20834 TX ua=95 mt=P len=0
PKT t=20843 RX ua=95 mt=R len=7
PKT t=20853 TX ua=95 mt=T len=7
PKT t=20865 TX ua=95 mt=P len=0
PKT t=20874 RX ua=95 mt=R len=7
PKT t=20879 TX ua=95 mt=P len=0
PKT t=20888 RX ua=95 mt=R len=7
PKT t=20893 TX ua=95 mt=P len=0
PKT t=20922 RX ua=95 mt=R len=7
PKT t=20927 TX ua=95 mt=P len=0
PKT t=20936 RX ua=95 mt=R len=7
PKT t=20941 TX ua=95 mt=P len=0
PKT t=20953 RX ua=95 mt=R len=7
PKT t=20958 TX ua=95 mt=P len=0
PKT t=20967 RX ua=95 mt=R len=7
PKT t=20972 TX ua=95 mt=P len=0
PKT t=20981 RX ua=95 mt=R len=7
PKT t=20986 TX ua=95 mt=P len=0
PKT t=20995 RX ua=95 mt=R len=7
PKT t=21003 TX ua=95 mt=P len=0
PKT t=21029 RX ua=95 mt=R len=7
PKT t=21034 TX ua=95 mt=P len=0
PKT t=21043 RX ua=95 mt=R len=7
PKT t=21053 TX ua=95 mt=P len=0
PKT t=21062 RX ua=95 mt=R len=7
PKT t=21067 TX ua=95 mt=P len=0
PKT t=21076 RX ua=95 mt=R len=7
PKT t=21081 TX ua=95 mt=P len=0
PKT t=21090 RX ua=95 mt=R len=7
PKT t=21095 TX ua=95 mt=P len=0
PKT t=21104 RX ua=95 mt=R len=7
PKT t=21109 TX ua=95 mt=T len=7
PKT t=21122 TX ua=95 mt=P len=0
PKT t=21140 RX ua=95 mt=R len=7
PKT t=21145 TX ua=95 mt=P len=0
PKT t=21154 RX ua=95 mt=R len=7
PKT t=21159 TX ua=95 mt=P len=0
PKT t=21168 RX ua=95 mt=R len=7
PKT t=21173 TX ua=95 mt=P len=0
PKT t=21182 RX ua=95 mt=R len=7
PKT t=21187 TX ua=95 mt=P len=0
PKT t=21196 RX ua=95 mt=R len=7
PKT t=21203 TX ua=95 mt=P len=0
PKT t=21212 RX ua=95 mt=R len=7
PKT t=21217 TX ua=95 mt=P len=0
PKT t=21246 RX ua=95 mt=R len=7
PKT t=21253 TX ua=95 mt=P len=0
PKT t=21262 RX ua=95 mt=R len=7
PKT t=21267 TX ua=95 mt=P len=0
PKT t=21276 RX ua=95 mt=R len=7
PKT t=21281 TX ua=95 mt=P len=0
PKT t=21290 RX ua=95 mt=R len=7
PKT t=21295 TX ua=95 mt=P len=0
PKT t=21304 RX ua=95 mt=R len=7
PKT t=21309 TX ua=95 mt=P len=0
PKT t=21318 RX ua=95 mt=R len=7
PKT t=21323 TX ua=95 mt=P len=0
PKT t=21353 RX ua=95 mt=R len=7
PKT t=21358 TX ua=95 mt=T len=7
PKT t=21371 TX ua=95 mt=P len=0
PKT t=21381 RX ua=95 mt=R len=7
PKT t=21386 TX ua=95 mt=P len=0
PKT t=21396 RX ua=95 mt=R len=7
PKT t=21403 TX ua=95 mt=P len=0
PKT t=21413 RX ua=95 mt=R len=7
PKT t=21418 TX ua=95 mt=P len=0
PKT t=21428 RX ua=95 mt=R len=7
PKT t=21433 TX ua=95 mt=P len=0
PKT t=21462 RX ua=95 mt=R len=7
PKT t=21467 TX ua=95 mt=P len=0
PKT t=21477 RX ua=95 mt=R len=7
PKT t=21482 TX ua=95 mt=P len=0
PKT t=21492 RX ua=95 mt=R len=7
PKT t=21497 TX ua=95 mt=P len=0
PKT t=21507 RX ua=95 mt=R len=7
PKT t=21512 TX ua=95 mt=P len=0
PKT t=21522 RX ua=95 mt=R len=7
PKT t=21527 TX ua=95 mt=P len=0
PKT t=21537 RX ua=95 mt=R len=7
PKT t=21542 TX ua=95 mt=P len=0
PKT t=21571 RX ua=95 mt=R len=7
PKT t=21576 TX ua=95 mt=P len=0
PKT t=21586 RX ua=95 mt=R len=7
PKT t=21591 TX ua=95 mt=P len=0
PKT t=21603 RX ua=95 mt=R len=7
PKT t=21608 TX ua=95 mt=T len=7
PKT t=21621 TX ua=95 mt=P len=0
PKT t=21630 RX ua=95 mt=R len=7
PKT t=21635 TX ua=95 mt=P len=0
PKT t=21644 RX ua=95 mt=R len=7
PKT t=21653 TX ua=95 mt=P len=0
PKT t=21678 RX ua=95 mt=R len=7
PKT t=21683 TX ua=95 mt=P len=0
PKT t=21692 RX ua=95 mt=R len=7
PKT t=21697 TX ua=95 mt=P len=0
PKT t=21706 RX ua=95 mt=R len=7
PKT t=21711 TX ua=95 mt=P len=0
PKT t=21720 RX ua=95 mt=R len=7
PKT t=21725 TX ua=95 mt=P len=0
PKT t=21734 RX ua=95 mt=R len=7
PKT t=21739 TX ua=95 mt=P len=0
PKT t=21753 RX ua=95 mt=R len=7
PKT t=21758 TX ua=95 mt=P len=0
PKT t=21782 RX ua=95 mt=R len=7
PKT t=21787 TX ua=95 mt=P len=0
PKT t=21796 RX ua=95 mt=R len=7
PKT t=21803 TX ua=95 mt=P len=0
PKT t=21812 RX ua=95 mt=R len=7
PKT t=21817 TX ua=95 mt=P len=0
PKT t=21826 RX ua=95 mt=R len=7
PKT t=21831 TX ua=95 mt=P len=0
PKT t=21840 RX ua=95 mt=R len=7
PKT t=21845 TX ua=95 mt=P len=0
PKT t=21854 RX ua=95 mt=R len=7
PKT t=21859 TX ua=95 mt=T len=7
PKT t=21872 TX ua=95 mt=P len=0
PKT t=21890 RX ua=95 mt=R len=7
PKT t=21895 TX ua=95 mt=P len=0
PKT t=21904 RX ua=95 mt=R len=7
PKT t=21909 TX ua=95 mt=P len=0
PKT t=21918 RX ua=95 mt=R len=7
PKT t=21923 TX ua=95 mt=P len=0
PKT t=21932 RX ua=95 mt=R len=7
PKT t=21937 TX ua=95 mt=P len=0
PKT t=21946 RX ua=95 mt=R len=7
PKT t=21953 TX ua=95 mt=P len=0
PKT t=21962 RX ua=95 mt=R len=7
PKT t=21967 TX ua=95 mt=P len=0
PKT t=21996 RX ua=95 mt=R len=7
PKT t=22003 TX ua=95 mt=P len=0
PKT t=22012 RX ua=95 mt=R len=7
PKT t=22017 TX ua=95 mt=P len=0
PKT t=22026 RX ua=95 mt=R len=7
PKT t=22031 TX ua=95 mt=P len=0
PKT t=22040 RX ua=95 mt=R len=7
PKT t=22045 TX ua=95 mt=P len=0
PKT t=22054 RX ua=95 mt=R len=7
PKT t=22059 TX ua=95 mt=P len=0
PKT t=22068 RX ua=95 mt=R len=7
PKT t=22073 TX ua=95 mt=P len=0
PKT t=22103 RX ua=95 mt=R len=7
PKT t=22108 TX ua=95 mt=T len=7
PKT t=22120 TX ua=95 mt=P len=0
PKT t=22129 RX ua=95 mt=R len=7
PKT t=22134 TX ua=95 mt=P len=0
PKT t=22143 RX ua=95 mt=R len=7
PKT t=22153 TX ua=95 mt=P len=0
PKT t=22162 RX ua=95 mt=R len=7
PKT t=22167 TX ua=95 mt=P len=0
PKT t=22176 RX ua=95 mt=R len=7
PKT t=22181 TX ua=95 mt=P len=0
PKT t=22210 RX ua=95 mt=R len=7
PKT t=22215 TX ua=95 mt=P len=0
PKT t=22225 RX ua=95 mt=R len=7
PKT t=22230 TX ua=95 mt=P len=0
PKT t=22239 RX ua=95 mt=R len=7
PKT t=22244 TX ua=95 mt=P len=0
PKT t=22253 RX ua=95 mt=R len=7
PKT t=22258 TX ua=95 mt=P len=0
PKT t=22267 RX ua=95 mt=R len=7
PKT t=22272 TX ua=95 mt=P len=0
PKT t=22281 RX ua=95 mt=R len=7
PKT t=22286 TX ua=95 mt=P len=0
PKT t=22315 RX ua=95 mt=R len=7
PKT t=22320 TX ua=95 mt=P len=0
PKT t=22329 RX ua=95 mt=R len=7
PKT t=22334 TX ua=95 mt=P len=0
PKT t=22343 RX ua=95 mt=R len=7
PKT t=22353 TX ua=95 mt=T len=7
PKT t=22365 TX ua=95 mt=P len=0
PKT t=22374 RX ua=95 mt=R len=7
PKT t=22379 TX ua=95 mt=P len=0
PKT t=22388 RX ua=95 mt=R len=7
PKT t=22393 TX ua=95 mt=P len=0
PKT t=22422 RX ua=95 mt=R len=7
PKT t=22427 TX ua=95 mt=P len=0
PKT t=22436 RX ua=95 mt=R len=7
PKT t=22441 TX ua=95 mt=P len=0
PKT t=22453 RX ua=95 mt=R len=7
PKT t=22458 TX ua=95 mt=P len=0
PKT t=22467 RX ua=95 mt=R len=7
PKT t=22472 TX ua=95 mt=P len=0
PKT t=22481 RX ua=95 mt=R len=7
PKT t=22486 TX ua=95 mt=P len=0
PKT t=22495 RX ua=95 mt=R len=7
PKT t=22503 TX ua=95 mt=P len=0
PKT t=22529 RX ua=95 mt=R len=7
PKT t=22534 TX ua=95 mt=P len=0
PKT t=22543 RX ua=95 mt=R len=7
PKT t=22553 TX ua=95 mt=P len=0
PKT t=22562 RX ua=95 mt=R len=7
PKT t=22567 TX ua=95 mt=P len=0
PKT t=22576 RX ua=95 mt=R len=7
PKT t=22581 TX ua=95 mt=P len=0
PKT t=22590 RX ua=95 mt=R len=7
PKT t=22595 TX ua=95 mt=P len=0
PKT t=22604 RX ua=95 mt=R len=7
PKT t=22609 TX ua=95 mt=T len=7
PKT t=22621 TX ua=95 mt=P len=0
PKT t=22640 RX ua=95 mt=R len=7
PKT t=22645 TX ua=95 mt=P len=0
PKT t=22654 RX ua=95 mt=R len=7
PKT t=22659 TX ua=95 mt=P len=0
PKT t=22668 RX ua=95 mt=R len=7
PKT t=22673 TX ua=95 mt=P len=0
PKT t=22682 RX ua=95 mt=R len=7
PKT t=22687 TX ua=95 mt=P len=0
PKT t=22696 RX ua=95 mt=R len=7
PKT t=22703 TX ua=95 mt=P len=0
PKT t=22712 RX ua=95 mt=R len=7
PKT t=22717 TX ua=95 mt=P len=0
PKT t=22746 RX ua=95 mt=R len=7
PKT t=22753 TX ua=95 mt=P len=0
PKT t=22762 RX ua=95 mt=R len=7
PKT t=22767 TX ua=95 mt=P len=0
PKT t=22776 RX ua=95 mt=R len=7
PKT t=22781 TX ua=95 mt=P len=0
PKT t=22790 RX ua=95 mt=R len=7
PKT t=22795 TX ua=95 mt=P len=0
PKT t=22804 RX ua=95 mt=R len=7
PKT t=22809 TX ua=95 mt=P len=0
PKT t=22818 RX ua=95 mt=R len=7
PKT t=22823 TX ua=95 mt=P len=0
PKT t=22853 RX ua=95 mt=R len=7
PKT t=22858 TX ua=95 mt=T len=7
PKT t=22870 TX ua=95 mt=P len=0
PKT t=22879 RX ua=95 mt=R len=7
PKT t=22884 TX ua=95 mt=P len=0
PKT t=22893 RX ua=95 mt=R len=7
PKT t=22903 TX ua=95 mt=P len=0
PKT t=22912 RX ua=95 mt=R len=7
PKT t=22917 TX ua=95 mt=P len=0
PKT t=22926 RX ua=95 mt=R len=7
PKT t=22931 TX ua=95 mt=P len=0
PKT t=22960 RX ua=95 mt=R len=7
PKT t=22965 TX ua=95 mt=P len=0
PKT t=22974 RX ua=95 mt=R len=7
PKT t=22979 TX ua=95 mt=P len=0
PKT t=22988 RX ua=95 mt=R len=7
PKT t=22993 TX ua=95 mt=P len=0
PKT t=23003 RX ua=95 mt=R len=7
PKT t=23008 TX ua=95 mt=P len=0
PKT t=23017 RX ua=95 mt=R len=7
PKT t=23022 TX ua=95 mt=P len=0
PKT t=23031 RX ua=95 mt=R len=7
PKT t=23036 TX ua=95 mt=P len=0
PKT t=23065 RX ua=95 mt=R len=7
PKT t=23070 TX ua=95 mt=P len=0
PKT t=23079 RX ua=95 mt=R len=7
PKT t=23084 TX ua=95 mt=P len=0
PKT t=23093 RX ua=95 mt=R len=7
PKT t=23103 TX ua=95 mt=T len=7
PKT t=23115 TX ua=95 mt=P len=0
PKT t=23124 RX ua=95 mt=R len=7
PKT t=23129 TX ua=95 mt=P len=0
PKT t=23138 RX ua=95 mt=R len=7
PKT t=23143 TX ua=95 mt=P len=0
PKT t=23172 RX ua=95 mt=R len=7
PKT t=23177 TX ua=95 mt=P len=0
PKT t=23186 RX ua=95 mt=R len=7
PKT t=23191 TX ua=95 mt=P len=0
PKT t=23203 RX ua=95 mt=R len=7
PKT t=23208 TX ua=95 mt=P len=0
PKT t=23217 RX ua=95 mt=R len=7
PKT t=23222 TX ua=95 mt=P len=0
PKT t=23231 RX ua=95 mt=R len=7
PKT t=23236 TX ua=95 mt=P len=0
PKT t=23245 RX ua=95 mt=R len=7
PKT t=23253 TX ua=95 mt=P len=0
PKT t=23279 RX ua=95 mt=R len=7
PKT t=23284 TX ua=95 mt=P len=0
PKT t=23293 RX ua=95 mt=R len=7
PKT t=23303 TX ua=95 mt=P len=0
PKT t=23312 RX ua=95 mt=R len=7
PKT t=23317 TX ua=95 mt=P len=0
PKT t=23326 RX ua=95 mt=R len=7
PKT t=23331 TX ua=95 mt=P len=0
PKT t=23340 RX ua=95 mt=R len=7
PKT t=23345 TX ua=95 mt=P len=0
PKT t=23354 RX ua=95 mt=R len=7
PKT t=23359 TX ua=95 mt=T len=7
PKT t=23371 TX ua=95 mt=P len=0
PKT t=23391 RX ua=95 mt=R len=7
PKT t=23395 TX ua=95 mt=P len=0
PKT t=23405 RX ua=95 mt=R len=7
PKT t=23410 TX ua=95 mt=P len=0
PKT t=23420 RX ua=95 mt=R len=7
PKT t=23425 TX ua=95 mt=P len=0
PKT t=23435 RX ua=95 mt=R len=7
PKT t=23440 TX ua=95 mt=P len=0
PKT t=23453 RX ua=95 mt=R len=7
PKT t=23458 TX ua=95 mt=P len=0
PKT t=23489 RX ua=95 mt=R len=7
PKT t=23494 TX ua=95 mt=P len=0
PKT t=23504 RX ua=95 mt=R len=7
PKT t=23509 TX ua=95 mt=P len=0
PKT t=23519 RX ua=95 mt=R len=7
PKT t=23524 TX ua=95 mt=P len=0
PKT t=23534 RX ua=95 mt=R len=7
PKT t=23539 TX ua=95 mt=P len=0
PKT t=23553 RX ua=95 mt=R len=7
PKT t=23558 TX ua=95 mt=P len=0
PKT t=23589 RX ua=95 mt=R len=7
PKT t=23593 TX ua=95 mt=P len=0
PKT t=23603 RX ua=95 mt=R len=7
PKT t=23608 TX ua=95 mt=T len=7
PKT t=23620 TX ua=95 mt=P len=0
PKT t=23629 RX ua=95 mt=R len=7
PKT t=23634 TX ua=95 mt=P len=0
PKT t=23643 RX ua=95 mt=R len=7
PKT t=23653 TX ua=95 mt=P len=0
PKT t=23662 RX ua=95 mt=R len=7
PKT t=23667 TX ua=95 mt=P len=0
PKT t=23696 RX ua=95 mt=R len=7
PKT t=23703 TX ua=95 mt=P len=0
PKT t=23712 RX ua=95 mt=R len=7
PKT t=23717 TX ua=95 mt=P len=0
PKT t=23726 RX ua=95 mt=R len=7
PKT t=23731 TX ua=95 mt=P len=0
PKT t=23740 RX ua=95 mt=R len=7
PKT t=23745 TX ua=95 mt=P len=0
PKT t=23754 RX ua=95 mt=R len=7
PKT t=23759 TX ua=95 mt=P len=0
PKT t=23768 RX ua=95 mt=R len=7
PKT t=23773 TX ua=95 mt=P len=0
PKT t=23803 RX ua=95 mt=R len=7
PKT t=23808 TX ua=95 mt=P len=0
PKT t=23817 RX ua=95 mt=R len=7
PKT t=23822 TX ua=95 mt=P len=0
PKT t=23831 RX ua=95 mt=R len=7
PKT t=23836 TX ua=95 mt=P len=0
PKT t=23845 RX ua=95 mt=R len=7
PKT t=23853 TX ua=95 mt=T len=7
PKT t=23865 TX ua=95 mt=P len=0
PKT t=23874 RX ua=95 mt=R len=7
PKT t=23879 TX ua=95 mt=P len=0
PKT t=23908 RX ua=95 mt=R len=7
PKT t=23913 TX ua=95 mt=P len=0
PKT t=23922 RX ua=95 mt=R len=7
PKT t=23927 TX ua=95 mt=P len=0
PKT t=23936 RX ua=95 mt=R len=7
PKT t=23941 TX ua=95 mt=P len=0
PKT t=23953 RX ua=95 mt=R len=7
PKT t=23958 TX ua=95 mt=P len=0
PKT t=23967 RX ua=95 mt=R len=7
PKT t=23972 TX ua=95 mt=P len=0
PKT t=23981 RX ua=95 mt=R len=7
PKT t=23986 TX ua=95 mt=P len=0
PKT t=24018 RX ua=95 mt=R len=7
PKT t=24023 TX ua=95 mt=P len=0
PKT t=24032 RX ua=95 mt=R len=7
PKT t=24037 TX ua=95 mt=P len=0
PKT t=24046 RX ua=95 mt=R len=7
PKT t=24053 TX ua=95 mt=P len=0
PKT t=24062 RX ua=95 mt=R len=7
PKT t=24067 TX ua=95 mt=P len=0
PKT t=24076 RX ua=95 mt=R len=7
PKT t=24081 TX ua=95 mt=P len=0
PKT t=24114 RX ua=95 mt=R len=7
PKT t=24119 TX ua=95 mt=T len=7
PKT t=24131 TX ua=95 mt=P len=0
PKT t=24142 RX ua=95 mt=R len=7
PKT t=24147 TX ua=95 mt=P len=0
PKT t=24156 RX ua=95 mt=R len=7
PKT t=24161 TX ua=95 mt=P len=0
PKT t=24170 RX ua=95 mt=R len=7
PKT t=24175 TX ua=95 mt=P len=0
PKT t=24184 RX ua=95 mt=R len=7
PKT t=24189 TX ua=95 mt=P len=0
PKT t=24218 RX ua=95 mt=R len=7
PKT t=24223 TX ua=95 mt=P len=0
PKT t=24232 RX ua=95 mt=R len=7
PKT t=24237 TX ua=95 mt=P len=0
PKT t=24246 RX ua=95 mt=R len=7
PKT t=24253 TX ua=95 mt=P len=0
PKT t=24262 RX ua=95 mt=R len=7
PKT t=24267 TX ua=95 mt=P len=0
PKT t=24276 RX ua=95 mt=R len=7
PKT t=24281 TX ua=95 mt=P len=0
PKT t=24290 RX ua=95 mt=R len=7
PKT t=24295 TX ua=95 mt=P len=0
PKT t=24324 RX ua=95 mt=R len=7
PKT t=24329 TX ua=95 mt=P len=0
PKT t=24338 RX ua=95 mt=R len=7
PKT t=24343 TX ua=95 mt=P len=0
PKT t=24353 RX ua=95 mt=R len=7
PKT t=24358 TX ua=95 mt=T len=7
PKT t=24370 TX ua=95 mt=P len=0
PKT t=24379 RX ua=95 mt=R len=7
PKT t=24384 TX ua=95 mt=P len=0
PKT t=24393 RX ua=95 mt=R len=7
PKT t=24403 TX ua=95 mt=P len=0
PKT t=24427 RX ua=95 mt=R len=7
PKT t=24432 TX ua=95 mt=P len=0
PKT t=24441 RX ua=95 mt=R len=7
PKT t=24446 TX ua=95 mt=P len=0
PKT t=24455 RX ua=95 mt=R len=7
PKT t=24460 TX ua=95 mt=P len=0
PKT t=24469 RX ua=95 mt=R len=7
PKT t=24474 TX ua=95 mt=P len=0
PKT t=24483 RX ua=95 mt=R len=7
PKT t=24488 TX ua=95 mt=P len=0
PKT t=24503 RX ua=95 mt=R len=7
PKT t=24508 TX ua=95 mt=P len=0
PKT t=24531 RX ua=95 mt=R len=7
PKT t=24536 TX ua=95 mt=P len=0
PKT t=24545 RX ua=95 mt=R len=7
PKT t=24553 TX ua=95 mt=P len=0
PKT t=24562 RX ua=95 mt=R len=7
PKT t=24567 TX ua=95 mt=P len=0
PKT t=24576 RX ua=95 mt=R len=7
PKT t=24581 TX ua=95 mt=P len=0
PKT t=24590 RX ua=95 mt=R len=7
PKT t=24595 TX ua=95 mt=P len=0
PKT t=24604 RX ua=95 mt=R len=7
PKT t=24609 TX ua=95 mt=T len=7
PKT t=24621 TX ua=95 mt=P len=0
PKT t=24640 RX ua=95 mt=R len=7
PKT t=24645 TX ua=95 mt=P len=0
PKT t=24654 RX ua=95 mt=R len=7
PKT t=24659 TX ua=95 mt=P len=0
PKT t=24668 RX ua=95 mt=R len=7
PKT t=24673 TX ua=95 mt=P len=0
PKT t=24682 RX ua=95 mt=R len=7
PKT t=24687 TX ua=95 mt=P len=0
PKT t=24696 RX ua=95 mt=R len=7
PKT t=24703 TX ua=95 mt=P len=0
PKT t=24712 RX ua=95 mt=R len=7
PKT t=24717 TX ua=95 mt=P len=0
PKT t=24746 RX ua=95 mt=R len=7
PKT t=24753 TX ua=95 mt=P len=0
PKT t=24763 RX ua=95 mt=R len=7
PKT t=24768 TX ua=95 mt=P len=0
PKT t=24777 RX ua=95 mt=R len=7
PKT t=24782 TX ua=95 mt=P len=0
PKT t=24791 RX ua=95 mt=R len=7
PKT t=24796 TX ua=95 mt=P len=0
PKT t=24805 RX ua=95 mt=R len=7
PKT t=24810 TX ua=95 mt=P len=0
PKT t=24819 RX ua=95 mt=R len=7
PKT t=24824 TX ua=95 mt=P len=0
PKT t=24853 RX ua=95 mt=R len=7
PKT t=24858 TX ua=95 mt=T len=7
PKT t=24870 TX ua=95 mt=P len=0
PKT t=24879 RX ua=95 mt=R len=7
PKT t=24884 TX ua=95 mt=P len=0
PKT t=24893 RX ua=95 mt=R len=7
PKT t=24903 TX ua=95 mt=P len=0
PKT t=24912 RX ua=95 mt=R len=7
PKT t=24917 TX ua=95 mt=P len=0
PKT t=24926 RX ua=95 mt=R len=7
PKT t=24931 TX ua=95 mt=P len=0
PKT t=24960 RX ua=95 mt=R len=7
PKT t=24965 TX ua=95 mt=P len=0
PKT t=24974 RX ua=95 mt=R len=7
PKT t=24979 TX ua=95 mt=P len=0
PKT t=24988 RX ua=95 mt=R len=7
PKT t=24993 TX ua=95 mt=P len=0
PKT t=25003 RX ua=95 mt=R len=7
PKT t=25008 TX ua=95 mt=P len=0
PKT t=25017 RX ua=95 mt=R len=7
PKT t=25022 TX ua=95 mt=P len=0
PKT t=25031 RX ua=95 mt=R len=7
PKT t=25036 TX ua=95 mt=P len=0
PKT t=25065 RX ua=95 mt=R len=7
PKT t=25070 TX ua=95 mt=P len=0
PKT t=25079 RX ua=95 mt=R len=7
PKT t=25084 TX ua=95 mt=P len=0
PKT t=25093 RX ua=95 mt=R len=7
PKT t=25103 TX ua=95 mt=T len=7
PKT t=25115 TX ua=95 mt=P len=0
PKT t=25124 RX ua=95 mt=R len=7
PKT t=25129 TX ua=95 mt=P len=0
PKT t=25138 RX ua=95 mt=R len=7
PKT t=25143 TX ua=95 mt=P len=0
PKT t=25172 RX ua=95 mt=R len=7
PKT t=25177 TX ua=95 mt=P len=0
PKT t=25186 RX ua=95 mt=R len=7
PKT t=25191 TX ua=95 mt=P len=0
PKT t=25203 RX ua=95 mt=R len=7
PKT t=25208 TX ua=95 mt=P len=0
PKT t=25217 RX ua=95 mt=R len=7
PKT t=25222 TX ua=95 mt=P len=0
PKT t=25231 RX ua=95 mt=R len=7
PKT t=25236 TX ua=95 mt=P len=0
PKT t=25245 RX ua=95 mt=R len=7
PKT t=25253 TX ua=95 mt=P len=0
PKT t=25279 RX ua=95 mt=R len=7
PKT t=25284 TX ua=95 mt=P len=0
PKT t=25293 RX ua=95 mt=R len=7
PKT t=25303 TX ua=95 mt=P len=0
PKT t=25312 RX ua=95 mt=R len=7
PKT t=25317 TX ua=95 mt=P len=0
PKT t=25326 RX ua=95 mt=R len=7
PKT t=25331 TX ua=95 mt=P len=0
PKT t=25340 RX ua=95 mt=R len=7
PKT t=25345 TX ua=95 mt=P len=0
PKT t=25378 RX ua=95 mt=R len=7
PKT t=25383 TX ua=95 mt=T len=7
PKT t=25395 TX ua=95 mt=P len=0
PKT t=25405 RX ua=95 mt=R len=7
PKT t=25410 TX ua=95 mt=P len=0
PKT t=25420 RX ua=95 mt=R len=7
PKT t=25425 TX ua=95 mt=P len=0
PKT t=25435 RX ua=95 mt=R len=7
PKT t=25440 TX ua=95 mt=P len=0
PKT t=25453 RX ua=95 mt=R len=7
PKT t=25458 TX ua=95 mt=P len=0
PKT t=25484 RX ua=95 mt=R len=7
PKT t=25489 TX ua=95 mt=P len=0
PKT t=25503 RX ua=95 mt=R len=7
PKT t=25508 TX ua=95 mt=P len=0
PKT t=25518 RX ua=95 mt=R len=7
PKT t=25523 TX ua=95 mt=P len=0
PKT t=25533 RX ua=95 mt=R len=7
PKT t=25538 TX ua=95 mt=P len=0
PKT t=25553 RX ua=95 mt=R len=7
PKT t=25558 TX ua=95 mt=P len=0
PKT t=25583 RX ua=95 mt=R len=7
PKT t=25588 TX ua=95 mt=P len=0
PKT t=25603 RX ua=95 mt=R len=7
PKT t=25608 TX ua=95 mt=T len=7
PKT t=25620 TX ua=95 mt=P len=0
PKT t=25629 RX ua=95 mt=R len=7
PKT t=25634 TX ua=95 mt=P len=0
PKT t=25643 RX ua=95 mt=R len=7
PKT t=25653 TX ua=95 mt=P len=0
PKT t=25683 RX ua=95 mt=R len=7
PKT t=25688 TX ua=95 mt=P len=0
PKT t=25703 RX ua=95 mt=R len=7
PKT t=25708 TX ua=95 mt=P len=0
PKT t=25717 RX ua=95 mt=R len=7
PKT t=25722 TX ua=95 mt=P len=0
PKT t=25731 RX ua=95 mt=R len=7
PKT t=25736 TX ua=95 mt=P len=0
PKT t=25745 RX ua=95 mt=R len=7
PKT t=25753 TX ua=95 mt=P len=0
PKT t=25783 RX ua=95 mt=R len=7
PKT t=25788 TX ua=95 mt=P len=0
PKT t=25803 RX ua=95 mt=R len=7
PKT t=25808 TX ua=95 mt=P len=0
PKT t=25817 RX ua=95 mt=R len=7
PKT t=25822 TX ua=95 mt=P len=0
PKT t=25831 RX ua=95 mt=R len=7
PKT t=25836 TX ua=95 mt=P len=0
PKT t=25845 RX ua=95 mt=R len=7
PKT t=25853 TX ua=95 mt=T len=7
PKT t=25865 TX ua=95 mt=P len=0
PKT t=25885 RX ua=95 mt=R len=7
PKT t=25890 TX ua=95 mt=P len=0
PKT t=25903 RX ua=95 mt=R len=7
PKT t=25908 TX ua=95 mt=P len=0
PKT t=25917 RX ua=95 mt=R len=7
PKT t=25922 TX ua=95 mt=P len=0
PKT t=25931 RX ua=95 mt=R len=7
PKT t=25936 TX ua=95 mt=P len=0
PKT t=25945 RX ua=95 mt=R len=7
PKT t=25953 TX ua=95 mt=P len=0
PKT t=25983 RX ua=95 mt=R len=7
PKT t=25988 TX ua=95 mt=P len=0
PKT t=26003 RX ua=95 mt=R len=7
PKT t=26008 TX ua=95 mt=P len=0
PKT t=26019 RX ua=95 mt=R len=7
PKT t=26024 TX ua=95 mt=P len=0
PKT t=26033 RX ua=95 mt=R len=7
PKT t=26038 TX ua=95 mt=P len=0
PKT t=26053 RX ua=95 mt=R len=7
PKT t=26058 TX ua=95 mt=P len=0
PKT t=26083 RX ua=95 mt=R len=7
PKT t=26088 TX ua=95 mt=P len=0
PKT t=26103 RX ua=95 mt=R len=7
PKT t=26108 TX ua=95 mt=T len=7
PKT t=26121 TX ua=95 mt=P len=0
PKT t=26130 RX ua=95 mt=R len=7
PKT t=26135 TX ua=95 mt=T len=7
PKT t=26153 TX ua=95 mt=P len=0
PKT t=26183 RX ua=95 mt=R len=7
PKT t=26188 TX ua=95 mt=P len=0
PKT t=26203 RX ua=95 mt=R len=7
PKT t=26208 TX ua=95 mt=P len=0
PKT t=26217 RX ua=95 mt=R len=7
PKT t=26222 TX ua=95 mt=P len=0
PKT t=26231 RX ua=95 mt=R len=7
PKT t=26236 TX ua=95 mt=P len=0
PKT t=26245 RX ua=95 mt=R len=7
PKT t=26253 TX ua=95 mt=P len=0
PKT t=26283 RX ua=95 mt=R len=7
PKT t=26288 TX ua=95 mt=P len=0
PKT t=26303 RX ua=95 mt=R len=7
PKT t=26308 TX ua=95 mt=P len=0
PKT t=26317 RX ua=95 mt=R len=7
PKT t=26322 TX ua=95 mt=P len=0
PKT t=26331 RX ua=95 mt=R len=7
PKT t=26336 TX ua=95 mt=P len=0
PKT t=26345 RX ua=95 mt=R len=7
PKT t=26353 TX ua=95 mt=T len=7
PKT t=26366 TX ua=95 mt=P len=0
PKT t=26385 RX ua=95 mt=R len=7
PKT t=26390 TX ua=95 mt=P len=0
PKT t=26403 RX ua=95 mt=R len=7
PKT t=26408 TX ua=95 mt=P len=0
PKT t=26417 RX ua=95 mt=R len=7
PKT t=26422 TX ua=95 mt=P len=0
PKT t=26431 RX ua=95 mt=R len=7
PKT t=26436 TX ua=95 mt=P len=0
PKT t=26445 RX ua=95 mt=R len=7
PKT t=26453 TX ua=95 mt=P len=0
PKT t=26483 RX ua=95 mt=R len=7
PKT t=26488 TX ua=95 mt=P len=0
PKT t=26503 RX ua=95 mt=R len=7
PKT t=26508 TX ua=95 mt=P len=0
PKT t=26517 RX ua=95 mt=R len=7
PKT t=26522 TX ua=95 mt=P len=0
PKT t=26531 RX ua=95 mt=R len=7
PKT t=26536 TX ua=95 mt=P len=0
PKT t=26545 RX ua=95 mt=R len=7
PKT t=26553 TX ua=95 mt=P len=0
PKT t=26583 RX ua=95 mt=R len=7
PKT t=26588 TX ua=95 mt=P len=0
PKT t=26603 RX ua=95 mt=R len=7
PKT t=26608 TX ua=95 mt=T len=7
PKT t=26621 TX ua=95 mt=P len=0
PKT t=26630 RX ua=95 mt=R len=7
PKT t=26635 TX ua=95 mt=P len=0
PKT t=26644 RX ua=95 mt=R len=7
PKT t=26653 TX ua=95 mt=P len=0
PKT t=26683 RX ua=95 mt=R len=7
PKT t=26688 TX ua=95 mt=P len=0
PKT t=26703 RX ua=95 mt=R len=7
PKT t=26708 TX ua=95 mt=P len=0
PKT t=26717 RX ua=95 mt=R len=7
PKT t=26722 TX ua=95 mt=P len=0
PKT t=26731 RX ua=95 mt=R len=7
PKT t=26736 TX ua=95 mt=P len=0
PKT t=26745 RX ua=95 mt=R len=7
PKT t=26753 TX ua=95 mt=P len=0
PKT t=26783 RX ua=95 mt=R len=7
PKT t=26788 TX ua=95 mt=P len=0
PKT t=26803 RX ua=95 mt=R len=7
PKT t=26808 TX ua=95 mt=P len=0
PKT t=26817 RX ua=95 mt=R len=7
PKT t=26822 TX ua=95 mt=P len=0
PKT t=26831 RX ua=95 mt=R len=7
PKT t=26836 TX ua=95 mt=P len=0
PKT t=26845 RX ua=95 mt=R len=7
PKT t=26853 TX ua=95 mt=T len=7
PKT t=26866 TX ua=95 mt=P len=0
PKT t=26885 RX ua=95 mt=R len=7
PKT t=26890 TX ua=95 mt=P len=0
PKT t=26903 RX ua=95 mt=R len=7
PKT t=26908 TX ua=95 mt=P len=0
PKT t=26917 RX ua=95 mt=R len=7
PKT t=26922 TX ua=95 mt=P len=0
PKT t=26931 RX ua=95 mt=R len=7
PKT t=26936 TX ua=95 mt=P len=0
PKT t=26945 RX ua=95 mt=R len=7
PKT t=26953 TX ua=95 mt=P len=0
PKT t=26983 RX ua=95 mt=R len=7
PKT t=26988 TX ua=95 mt=P len=0
PKT t=27003 RX ua=95 mt=R len=7
PKT t=27008 TX ua=95 mt=P len=0
PKT t=27017 RX ua=95 mt=R len=7
PKT t=27022 TX ua=95 mt=P len=0
PKT t=27031 RX ua=95 mt=R len=7
PKT t=27036 TX ua=95 mt=P len=0
PKT t=27045 RX ua=95 mt=R len=7
PKT t=27053 TX ua=95 mt=P len=0
PKT t=27083 RX ua=95 mt=R len=7
PKT t=27088 TX ua=95 mt=P len=0
PKT t=27103 RX ua=95 mt=R len=7
PKT t=27108 TX ua=95 mt=T len=7
PKT t=27120 TX ua=95 mt=P len=0
PKT t=27129 RX ua=95 mt=R len=7
PKT t=27134 TX ua=95 mt=P len=0
PKT t=27144 RX ua=95 mt=R len=7
PKT t=27153 TX ua=95 mt=P len=0
PKT t=27183 RX ua=95 mt=R len=7
PKT t=27188 TX ua=95 mt=P len=0
PKT t=27203 RX ua=95 mt=R len=7
PKT t=27208 TX ua=95 mt=P len=0
PKT t=27217 RX ua=95 mt=R len=7
PKT t=27222 TX ua=95 mt=P len=0
PKT t=27231 RX ua=95 mt=R len=7
PKT t=27236 TX ua=95 mt=P len=0
PKT t=27245 RX ua=95 mt=R len=7
PKT t=27253 TX ua=95 mt=P len=0
PKT t=27283 RX ua=95 mt=R len=7
PKT t=27288 TX ua=95 mt=P len=0
PKT t=27303 RX ua=95 mt=R len=7
PKT t=27308 TX ua=95 mt=P len=0
PKT t=27317 RX ua=95 mt=R len=7
PKT t=27322 TX ua=95 mt=P len=0
PKT t=27331 RX ua=95 mt=R len=7
PKT t=27336 TX ua=95 mt=P len=0
PKT t=27345 RX ua=95 mt=R len=7
PKT t=27353 TX ua=95 mt=T len=7
PKT t=27365 TX ua=95 mt=P len=0
PKT t=27385 RX ua=95 mt=R len=7
PKT t=27390 TX ua=95 mt=P len=0
PKT t=27403 RX ua=95 mt=R len=7
PKT t=27408 TX ua=95 mt=P len=0
PKT t=27418 RX ua=95 mt=R len=7
PKT t=27423 TX ua=95 mt=P len=0
PKT t=27433 RX ua=95 mt=R len=7
PKT t=27438 TX ua=95 mt=P len=0
PKT t=27453 RX ua=95 mt=R len=7
PKT t=27458 TX ua=95 mt=P len=0
PKT t=27484 RX ua=95 mt=R len=7
PKT t=27488 TX ua=95 mt=P len=0
PKT t=27503 RX ua=95 mt=R len=7
PKT t=27508 TX ua=95 mt=P len=0
PKT t=27518 RX ua=95 mt=R len=7
PKT t=27523 TX ua=95 mt=P len=0
PKT t=27533 RX ua=95 mt=R len=7
PKT t=27538 TX ua=95 mt=P len=0
PKT t=27553 RX ua=95 mt=R len=7
PKT t=27558 TX ua=95 mt=P len=0
PKT t=27584 RX ua=95 mt=R len=7
PKT t=27589 TX ua=95 mt=P len=0
PKT t=27603 RX ua=95 mt=R len=7
PKT t=27608 TX ua=95 mt=T len=7
PKT t=27620 TX ua=95 mt=P len=0
PKT t=27629 RX ua=95 mt=R len=7
PKT t=27634 TX ua=95 mt=P len=0
PKT t=27643 RX ua=95 mt=R len=7
PKT t=27653 TX ua=95 mt=P len=0
PKT t=27683 RX ua=95 mt=R len=7
PKT t=27688 TX ua=95 mt=P len=0
PKT t=27703 RX ua=95 mt=R len=7
PKT t=27708 TX ua=95 mt=P len=0
PKT t=27717 RX ua=95 mt=R len=7
PKT t=27722 TX ua=95 mt=P len=0
PKT t=27731 RX ua=95 mt=R len=7
PKT t=27736 TX ua=95 mt=P len=0
PKT t=27745 RX ua=95 mt=R len=7
PKT t=27753 TX ua=95 mt=P len=0
PKT t=27783 RX ua=95 mt=R len=7
PKT t=27788 TX ua=95 mt=P len=0
PKT t=27803 RX ua=95 mt=R len=7
PKT t=27808 TX ua=95 mt=P len=0
PKT t=27817 RX ua=95 mt=R len=7
PKT t=27822 TX ua=95 mt=P len=0
PKT t=27831 RX ua=95 mt=R len=7
PKT t=27836 TX ua=95 mt=P len=0
PKT t=27845 RX ua=95 mt=R len=7
PKT t=27853 TX ua=95 mt=T len=7
PKT t=27865 TX ua=95 mt=P len=0
PKT t=27886 RX ua=95 mt=R len=7
PKT t=27891 TX ua=95 mt=P len=0
PKT t=27903 RX ua=95 mt=R len=7
PKT t=27908 TX ua=95 mt=P len=0
PKT t=27917 RX ua=95 mt=R len=7
PKT t=27922 TX ua=95 mt=P len=0
PKT t=27931 RX ua=95 mt=R len=7
PKT t=27936 TX ua=95 mt=P len=0
PKT t=27945 RX ua=95 mt=R len=7
PKT t=27953 TX ua=95 mt=P len=0
PKT t=27983 RX ua=95 mt=R len=7
PKT t=27988 TX ua=95 mt=P len=0
PKT t=28003 RX ua=95 mt=R len=7
PKT t=28008 TX ua=95 mt=P len=0
PKT t=28020 RX ua=95 mt=R len=7
PKT t=28025 TX ua=95 mt=P len=0
PKT t=28034 RX ua=95 mt=R len=7
PKT t=28039 TX ua=95 mt=P len=0
PKT t=28053 RX ua=95 mt=R len=7
PKT t=28058 TX ua=95 mt=P len=0
PKT t=28083 RX ua=95 mt=R len=7
PKT t=28088 TX ua=95 mt=P len=0
PKT t=28103 RX ua=95 mt=R len=7
PKT t=28108 TX ua=95 mt=T len=7
PKT t=28120 TX ua=95 mt=P len=0
PKT t=28129 RX ua=95 mt=R len=7
PKT t=28134 TX ua=95 mt=P len=0
PKT t=28144 RX ua=95 mt=R len=7
PKT t=28153 TX ua=95 mt=P len=0
PKT t=28184 RX ua=95 mt=R len=7
PKT t=28189 TX ua=95 mt=P len=0
PKT t=28203 RX ua=95 mt=R len=7
PKT t=28208 TX ua=95 mt=P len=0
PKT t=28217 RX ua=95 mt=R len=7
PKT t=28222 TX ua=95 mt=P len=0
PKT t=28231 RX ua=95 mt=R len=7
PKT t=28236 TX ua=95 mt=P len=0
PKT t=28245 RX ua=95 mt=R len=7
PKT t=28253 TX ua=95 mt=P len=0
PKT t=28283 RX ua=95 mt=R len=7
PKT t=28288 TX ua=95 mt=P len=0
PKT t=28303 RX ua=95 mt=R len=7
PKT t=28308 TX ua=95 mt=P len=0
PKT t=28317 RX ua=95 mt=R len=7
PKT t=28322 TX ua=95 mt=P len=0
PKT t=28331 RX ua=95 mt=R len=7
PKT t=28336 TX ua=95 mt=P len=0
PKT t=28345 RX ua=95 mt=R len=7
PKT t=28353 TX ua=95 mt=T len=7
PKT t=28365 TX ua=95 mt=P len=0
PKT t=28385 RX ua=95 mt=R len=7
PKT t=28390 TX ua=95 mt=P len=0
PKT t=28403 RX ua=95 mt=R len=7
PKT t=28408 TX ua=95 mt=P len=0
PKT t=28417 RX ua=95 mt=R len=7
PKT t=28422 TX ua=95 mt=P len=0
PKT t=28431 RX ua=95 mt=R len=7
PKT t=28436 TX ua=95 mt=P len=0
PKT t=28445 RX ua=95 mt=R len=7
PKT t=28453 TX ua=95 mt=P len=0
PKT t=28483 RX ua=95 mt=R len=7
PKT t=28488 TX ua=95 mt=P len=0
PKT t=28503 RX ua=95 mt=R len=7
PKT t=28508 TX ua=95 mt=P len=0
PKT t=28517 RX ua=95 mt=R len=7
PKT t=28522 TX ua=95 mt=P len=0
PKT t=28531 RX ua=95 mt=R len=7
PKT t=28536 TX ua=95 mt=P len=0
PKT t=28545 RX ua=95 mt=R len=7
PKT t=28553 TX ua=95 mt=P len=0
PKT t=28583 RX ua=95 mt=R len=7
PKT t=28588 TX ua=95 mt=P len=0
PKT t=28603 RX ua=95 mt=R len=7
PKT t=28608 TX ua=95 mt=T len=7
PKT t=28620 TX ua=95 mt=P len=0
PKT t=28629 RX ua=95 mt=R len=7
PKT t=28634 TX ua=95 mt=P len=0
PKT t=28643 RX ua=95 mt=R len=7
PKT t=28653 TX ua=95 mt=P len=0
PKT t=28683 RX ua=95 mt=R len=7
PKT t=28688 TX ua=95 mt=P len=0
PKT t=28703 RX ua=95 mt=R len=7
PKT t=28708 TX ua=95 mt=P len=0
PKT t=28717 RX ua=95 mt=R len=7
PKT t=28722 TX ua=95 mt=P len=0
PKT t=28731 RX ua=95 mt=R len=7
PKT t=28736 TX ua=95 mt=P len=0
PKT t=28745 RX ua=95 mt=R len=7
PKT t=28753 TX ua=95 mt=P len=0
PKT t=28783 RX ua=95 mt=R len=7
PKT t=28788 TX ua=95 mt=P len=0
PKT t=28803 RX ua=95 mt=R len=7
PKT t=28808 TX ua=95 mt=P len=0
PKT t=28817 RX ua=95 mt=R len=7
PKT t=28822 TX ua=95 mt=P len=0
PKT t=28831 RX ua=95 mt=R len=7
PKT t=28836 TX ua=95 mt=P len=0
PKT t=28845 RX ua=95 mt=R len=7
PKT t=28853 TX ua=95 mt=T len=7
PKT t=28865 TX ua=95 mt=P len=0
PKT t=28885 RX ua=95 mt=R len=7
PKT t=28890 TX ua=95 mt=P len=0
PKT t=28903 RX ua=95 mt=R len=7
PKT t=28908 TX ua=95 mt=P len=0
PKT t=28917 RX ua=95 mt=R len=7
PKT t=28922 TX ua=95 mt=P len=0
PKT t=28931 RX ua=95 mt=R len=7
PKT t=28936 TX ua=95 mt=P len=0
PKT t=28945 RX ua=95 mt=R len=7
PKT t=28953 TX ua=95 mt=P len=0
PKT t=28984 RX ua=95 mt=R len=7
PKT t=28989 TX ua=95 mt=P len=0
PKT t=29003 RX ua=95 mt=R len=7
PKT t=29008 TX ua=95 mt=P len=0
PKT t=29017 RX ua=95 mt=R len=7
PKT t=29022 TX ua=95 mt=P len=0
PKT t=29031 RX ua=95 mt=R len=7
PKT t=29036 TX ua=95 mt=P len=0
PKT t=29045 RX ua=95 mt=R len=7
PKT t=29053 TX ua=95 mt=P len=0
PKT t=29083 RX ua=95 mt=R len=7
PKT t=29088 TX ua=95 mt=P len=0
PKT t=29103 RX ua=95 mt=R len=7
PKT t=29108 TX ua=95 mt=T len=7
PKT t=29121 TX ua=95 mt=P len=0
PKT t=29130 RX ua=95 mt=R len=7
PKT t=29135 TX ua=95 mt=P len=0
PKT t=29144 RX ua=95 mt=R len=7
PKT t=29153 TX ua=95 mt=P len=0
PKT t=29183 RX ua=95 mt=R len=7
PKT t=29188 TX ua=95 mt=P len=0
PKT t=29203 RX ua=95 mt=R len=7
PKT t=29208 TX ua=95 mt=P len=0
PKT t=29217 RX ua=95 mt=R len=7
PKT t=29222 TX ua=95 mt=P len=0
PKT t=29231 RX ua=95 mt=R len=7
PKT t=29236 TX ua=95 mt=P len=0
PKT t=29245 RX ua=95 mt=R len=7
PKT t=29253 TX ua=95 mt=P len=0
PKT t=29284 RX ua=95 mt=R len=7
PKT t=29289 TX ua=95 mt=P len=0
PKT t=29303 RX ua=95 mt=R len=7
PKT t=29308 TX ua=95 mt=P len=0
PKT t=29317 RX ua=95 mt=R len=7
PKT t=29322 TX ua=95 mt=P len=0
PKT t=29331 RX ua=95 mt=R len=7
PKT t=29336 TX ua=95 mt=P len=0
PKT t=29345 RX ua=95 mt=R len=7
PKT t=29353 TX ua=95 mt=T len=7
PKT t=29366 TX ua=95 mt=P len=0
PKT t=29385 RX ua=95 mt=R len=7
PKT t=29390 TX ua=95 mt=P len=0
PKT t=29403 RX ua=95 mt=R len=7
PKT t=29408 TX ua=95 mt=P len=0
PKT t=29418 RX ua=95 mt=R len=7
PKT t=29423 TX ua=95 mt=P len=0
PKT t=29433 RX ua=95 mt=R len=7
PKT t=29438 TX ua=95 mt=P len=0
PKT t=29453 RX ua=95 mt=R len=7
PKT t=29458 TX ua=95 mt=P len=0
PKT t=29483 RX ua=95 mt=R len=7
PKT t=29488 TX ua=95 mt=P len=0
PKT t=29503 RX ua=95 mt=R len=7
PKT t=29508 TX ua=95 mt=P len=0
PKT t=29518 RX ua=95 mt=R len=7
PKT t=29523 TX ua=95 mt=P len=0
PKT t=29533 RX ua=95 mt=R len=7
PKT t=29538 TX ua=95 mt=P len=0
PKT t=29553 RX ua=95 mt=R len=7
PKT t=29558 TX ua=95 mt=P len=0
PKT t=29583 RX ua=95 mt=R len=7
PKT t=29588 TX ua=95 mt=P len=0
PKT t=29603 RX ua=95 mt=R len=7
PKT t=29608 TX ua=95 mt=T len=7
PKT t=29621 TX ua=95 mt=P len=0
PKT t=29630 RX ua=95 mt=R len=7
PKT t=29635 TX ua=95 mt=P len=0
PKT t=29644 RX ua=95 mt=R len=7
PKT t=29653 TX ua=95 mt=P len=0
PKT t=29683 RX ua=95 mt=R len=7
PKT t=29688 TX ua=95 mt=P len=0
PKT t=29703 RX ua=95 mt=R len=7
PKT t=29708 TX ua=95 mt=P len=0
PKT t=29717 RX ua=95 mt=R len=7
PKT t=29722 TX ua=95 mt=P len=0
PKT t=29731 RX ua=95 mt=R len=7
PKT t=29736 TX ua=95 mt=P len=0
PKT t=29745 RX ua=95 mt=R len=7
PKT t=29753 TX ua=95 mt=P len=0
PKT t=29783 RX ua=95 mt=R len=7
PKT t=29788 TX ua=95 mt=P len=0
PKT t=29803 RX ua=95 mt=R len=7
PKT t=29808 TX ua=95 mt=P len=0
PKT t=29817 RX ua=95 mt=R len=7
PKT t=29822 TX ua=95 mt=P len=0
PKT t=29831 RX ua=95 mt=R len=7
PKT t=29836 TX ua=95 mt=P len=0
PKT t=29845 RX ua=95 mt=R len=7
PKT t=29853 TX ua=95 mt=T len=7
PKT t=29866 TX ua=95 mt=P len=0
PKT t=29885 RX ua=95 mt=R len=7
PKT t=29890 TX ua=95 mt=P len=0
PKT t=29903 RX ua=95 mt=R len=7
PKT t=29908 TX ua=95 mt=P len=0
PKT t=29917 RX ua=95 mt=R len=7
PKT t=29922 TX ua=95 mt=P len=0
PKT t=29931 RX ua=95 mt=R len=7
PKT t=29936 TX ua=95 mt=P len=0
PKT t=29945 RX ua=95 mt=R len=7
PKT t=29953 TX ua=95 mt=P len=0
PKT t=29983 RX ua=95 mt=R len=7
PKT t=29988 TX ua=95 mt=P len=0
PKT t=30003 RX ua=95 mt=R len=7
PKT t=30008 TX ua=95 mt=P len=0
PKT t=30021 RX ua=95 mt=R len=7
PKT t=30026 TX ua=95 mt=P len=0
PKT t=30035 RX ua=95 mt=R len=7
PKT t=30040 TX ua=95 mt=P len=0
PKT t=30053 RX ua=95 mt=R len=7
PKT t=30058 TX ua=95 mt=P len=0
PKT t=30083 RX ua=95 mt=R len=7
PKT t=30088 TX ua=95 mt=P len=0
PKT t=30103 RX ua=95 mt=R len=7
PKT t=30108 TX ua=95 mt=T len=7
PKT t=30120 TX ua=95 mt=P len=0
PKT t=30129 RX ua=95 mt=R len=7
PKT t=30134 TX ua=95 mt=P len=0
PKT t=30145 RX ua=95 mt=R len=7
PKT t=30153 TX ua=95 mt=P len=0
PKT t=30183 RX ua=95 mt=R len=7
PKT t=30188 TX ua=95 mt=P len=0
PKT t=30203 RX ua=95 mt=R len=7
PKT t=30208 TX ua=95 mt=P len=0
PKT t=30217 RX ua=95 mt=R len=7
PKT t=30222 TX ua=95 mt=P len=0
PKT t=30231 RX ua=95 mt=R len=7
PKT t=30236 TX ua=95 mt=P len=0
PKT t=30245 RX ua=95 mt=R len=7
PKT t=30253 TX ua=95 mt=P len=0
PKT t=30283 RX ua=95 mt=R len=7
PKT t=30288 TX ua=95 mt=P len=0
PKT t=30303 RX ua=95 mt=R len=7
PKT t=30308 TX ua=95 mt=P len=0
PKT t=30317 RX ua=95 mt=R len=7
PKT t=30322 TX ua=95 mt=P len=0
PKT t=30331 RX ua=95 mt=R len=7
PKT t=30336 TX ua=95 mt=P len=0
PKT t=30345 RX ua=95 mt=R len=7
PKT t=30353 TX ua=95 mt=T len=7
PKT t=30365 TX ua=95 mt=P len=0
PKT t=30385 RX ua=95 mt=R len=7
PKT t=30390 TX ua=95 mt=P len=0
PKT t=30403 RX ua=95 mt=R len=7
PKT t=30408 TX ua=95 mt=P len=0
PKT t=30417 RX ua=95 mt=R len=7
PKT t=30422 TX ua=95 mt=P len=0
PKT t=30431 RX ua=95 mt=R len=7
PKT t=30436 TX ua=95 mt=P len=0
PKT t=30445 RX ua=95 mt=R len=7
PKT t=30453 TX ua=95 mt=P len=0
PKT t=30483 RX ua=95 mt=R len=7
PKT t=30488 TX ua=95 mt=P len=0
PKT t=30503 RX ua=95 mt=R len=7
PKT t=30508 TX ua=95 mt=P len=0
PKT t=30517 RX ua=95 mt=R len=7
PKT t=30522 TX ua=95 mt=P len=0
PKT t=30531 RX ua=95 mt=R len=7
PKT t=30536 TX ua=95 mt=P len=0
PKT t=30545 RX ua=95 mt=R len=7
PKT t=30553 TX ua=95 mt=P len=0
PKT t=30583 RX ua=95 mt=R len=7
PKT t=30588 TX ua=95 mt=P len=0
PKT t=30603 RX ua=95 mt=R len=7
PKT t=30608 TX ua=95 mt=T len=7
PKT t=30620 TX ua=95 mt=P len=0
PKT t=30629 RX ua=95 mt=R len=7
PKT t=30634 TX ua=95 mt=P len=0
PKT t=30643 RX ua=95 mt=R len=7
PKT t=30653 TX ua=95 mt=P len=0
PKT t=30683 RX ua=95 mt=R len=7
PKT t=30688 TX ua=95 mt=P len=0
PKT t=30703 RX ua=95 mt=R len=7
PKT t=30708 TX ua=95 mt=P len=0
PKT t=30717 RX ua=95 mt=R len=7
PKT t=30722 TX ua=95 mt=P len=0
PKT t=30731 RX ua=95 mt=R len=7
PKT t=30736 TX ua=95 mt=P len=0
PKT t=30745 RX ua=95 mt=R len=7
PKT t=30753 TX ua=95 mt=P len=0
PKT t=30783 RX ua=95 mt=R len=7
PKT t=30788 TX ua=95 mt=P len=0
PKT t=30803 RX ua=95 mt=R len=7
PKT t=30808 TX ua=95 mt=P len=0
PKT t=30817 RX ua=95 mt=R len=7
PKT t=30822 TX ua=95 mt=P len=0
PKT t=30831 RX ua=95 mt=R len=7
PKT t=30836 TX ua=95 mt=P len=0
PKT t=30845 RX ua=95 mt=R len=7
PKT t=30853 TX ua=95 mt=T len=7
PKT t=30865 TX ua=95 mt=P len=0
PKT t=30885 RX ua=95 mt=R len=7
PKT t=30890 TX ua=95 mt=P len=0
PKT t=30903 RX ua=95 mt=R len=7
PKT t=30908 TX ua=95 mt=P len=0
PKT t=30917 RX ua=95 mt=R len=7
PKT t=30922 TX ua=95 mt=P len=0
PKT t=30931 RX ua=95 mt=R len=7
PKT t=30936 TX ua=95 mt=P len=0
PKT t=30945 RX ua=95 mt=R len=7
PKT t=30953 TX ua=95 mt=P len=0
PKT t=30983 RX ua=95 mt=R len=7
PKT t=30988 TX ua=95 mt=P len=0
PKT t=31003 RX ua=95 mt=R len=7
PKT t=31008 TX ua=95 mt=P len=0
PKT t=31017 RX ua=95 mt=R len=7
PKT t=31022 TX ua=95 mt=P len=0
PKT t=31031 RX ua=95 mt=R len=7
PKT t=31036 TX ua=95 mt=P len=0
PKT t=31045 RX ua=95 mt=R len=7
PKT t=31053 TX ua=95 mt=P len=0
PKT t=31083 RX ua=95 mt=R len=7
PKT t=31088 TX ua=95 mt=P len=0
PKT t=31103 RX ua=95 mt=R len=7
PKT t=31108 TX ua=95 mt=T len=7
PKT t=31120 TX ua=95 mt=P len=0
PKT t=31129 RX ua=95 mt=R len=7
PKT t=31134 TX ua=95 mt=P len=0
PKT t=31143 RX ua=95 mt=R len=7
PKT t=31153 TX ua=95 mt=P len=0
PKT t=31183 RX ua=95 mt=R len=7
PKT t=31188 TX ua=95 mt=P len=0
PKT t=31203 RX ua=95 mt=R len=7
PKT t=31208 TX ua=95 mt=P len=0
PKT t=31217 RX ua=95 mt=R len=7
PKT t=31222 TX ua=95 mt=P len=0
PKT t=31231 RX ua=95 mt=R len=7
PKT t=31236 TX ua=95 mt=P len=0
PKT t=31245 RX ua=95 mt=R len=7
PKT t=31253 TX ua=95 mt=P len=0
PKT t=31283 RX ua=95 mt=R len=7
PKT t=31288 TX ua=95 mt=P len=0
PKT t=31303 RX ua=95 mt=R len=7
PKT t=31308 TX ua=95 mt=P len=0
PKT t=31317 RX ua=95 mt=R len=7
PKT t=31322 TX ua=95 mt=P len=0
PKT t=31331 RX ua=95 mt=R len=7
PKT t=31336 TX ua=95 mt=P len=0
PKT t=31345 RX ua=95 mt=R len=7
PKT t=31353 TX ua=95 mt=T len=7
PKT t=31365 TX ua=95 mt=P len=0
PKT t=31386 RX ua=95 mt=R len=7
PKT t=31390 TX ua=95 mt=P len=0
PKT t=31403 RX ua=95 mt=R len=7
PKT t=31408 TX ua=95 mt=P len=0
PKT t=31418 RX ua=95 mt=R len=7
PKT t=31423 TX ua=95 mt=P len=0
PKT t=31433 RX ua=95 mt=R len=7
PKT t=31438 TX ua=95 mt=P len=0
PKT t=31453 RX ua=95 mt=R len=7
PKT t=31458 TX ua=95 mt=P len=0
PKT t=31484 RX ua=95 mt=R len=7
PKT t=31488 TX ua=95 mt=P len=0
PKT t=31503 RX ua=95 mt=R len=7
PKT t=31508 TX ua=95 mt=P len=0
PKT t=31518 RX ua=95 mt=R len=7
PKT t=31523 TX ua=95 mt=P len=0
PKT t=31533 RX ua=95 mt=R len=7
PKT t=31538 TX ua=95 mt=P len=0
PKT t=31553 RX ua=95 mt=R len=7
PKT t=31558 TX ua=95 mt=P len=0
PKT t=31583 RX ua=95 mt=R len=7
PKT t=31588 TX ua=95 mt=P len=0
PKT t=31603 RX ua=95 mt=R len=7
PKT t=31608 TX ua=95 mt=T len=7
PKT t=31620 TX ua=95 mt=P len=0
PKT t=31629 RX ua=95 mt=R len=7
PKT t=31634 TX ua=95 mt=P len=0
PKT t=31643 RX ua=95 mt=R len=7
PKT t=31653 TX ua=95 mt=P len=0
PKT t=31683 RX ua=95 mt=R len=7
PKT t=31688 TX ua=95 mt=P len=0
PKT t=31703 RX ua=95 mt=R len=7
PKT t=31708 TX ua=95 mt=P len=0
PKT t=31717 RX ua=95 mt=R len=7
PKT t=31722 TX ua=95 mt=P len=0
PKT t=31731 RX ua=95 mt=R len=7
PKT t=31736 TX ua=95 mt=P len=0
PKT t=31745 RX ua=95 mt=R len=7
PKT t=31753 TX ua=95 mt=P len=0
PKT t=31783 RX ua=95 mt=R len=7
PKT t=31788 TX ua=95 mt=P len=0
PKT t=31803 RX ua=95 mt=R len=7
PKT t=31808 TX ua=95 mt=P len=0
PKT t=31817 RX ua=95 mt=R len=7
PKT t=31822 TX ua=95 mt=P len=0
PKT t=31831 RX ua=95 mt=R len=7
PKT t=31836 TX ua=95 mt=P len=0
PKT t=31845 RX ua=95 mt=R len=7
PKT t=31853 TX ua=95 mt=T len=7
PKT t=31865 TX ua=95 mt=P len=0
PKT t=31885 RX ua=95 mt=R len=7
PKT t=31890 TX ua=95 mt=P len=0
PKT t=31903 RX ua=95 mt=R len=7
PKT t=31908 TX ua=95 mt=P len=0
PKT t=31917 RX ua=95 mt=R len=7
PKT t=31922 TX ua=95 mt=P len=0
PKT t=31931 RX ua=95 mt=R len=7
PKT t=31936 TX ua=95 mt=P len=0
PKT t=31945 RX ua=95 mt=R len=7
PKT t=31953 TX ua=95 mt=P len=0
PKT t=31983 RX ua=95 mt=R len=7
PKT t=31988 TX ua=95 mt=P len=0
PKT t=32003 RX ua=95 mt=R len=7
PKT t=32008 TX ua=95 mt=P len=0
PKT t=32017 RX ua=95 mt=R len=7
PKT t=32022 TX ua=95 mt=P len=0
PKT t=32031 RX ua=95 mt=R len=7
PKT t=32036 TX ua=95 mt=P len=0
PKT t=32045 RX ua=95 mt=R len=7
PKT t=32053 TX ua=95 mt=P len=0
PKT t=32083 RX ua=95 mt=R len=7
PKT t=32088 TX ua=95 mt=P len=0
PKT t=32103 RX ua=95 mt=R len=7
PKT t=32108 TX ua=95 mt=T len=7
PKT t=32120 TX ua=95 mt=P len=0
PKT t=32129 RX ua=95 mt=R len=7
PKT t=32134 TX ua=95 mt=P len=0
PKT t=32143 RX ua=95 mt=R len=7
PKT t=32153 TX ua=95 mt=P len=0
PKT t=32183 RX ua=95 mt=R len=7
PKT t=32188 TX ua=95 mt=P len=0
PKT t=32203 RX ua=95 mt=R len=7
PKT t=32208 TX ua=95 mt=P len=0
PKT t=32217 RX ua=95 mt=R len=7
PKT t=32222 TX ua=95 mt=P len=0
PKT t=32231 RX ua=95 mt=R len=7
PKT t=32236 TX ua=95 mt=P len=0
PKT t=32245 RX ua=95 mt=R len=7
PKT t=32253 TX ua=95 mt=P len=0
PKT t=32283 RX ua=95 mt=R len=7
PKT t=32288 TX ua=95 mt=P len=0
PKT t=32303 RX ua=95 mt=R len=7
PKT t=32308 TX ua=95 mt=P len=0
PKT t=32317 RX ua=95 mt=R len=7
PKT t=32322 TX ua=95 mt=P len=0
PKT t=32331 RX ua=95 mt=R len=7
PKT t=32336 TX ua=95 mt=P len=0
PKT t=32345 RX ua=95 mt=R len=7
PKT t=32353 TX ua=95 mt=T len=7
PKT t=32365 TX ua=95 mt=P len=0
PKT t=32386 RX ua=95 mt=R len=7
PKT t=32391 TX ua=95 mt=P len=0
PKT t=32403 RX ua=95 mt=R len=7
PKT t=32408 TX ua=95 mt=P len=0
PKT t=32417 RX ua=95 mt=R len=7
PKT t=32422 TX ua=95 mt=P len=0
PKT t=32431 RX ua=95 mt=R len=7
PKT t=32436 TX ua=95 mt=P len=0
PKT t=32445 RX ua=95 mt=R len=7
PKT t=32453 TX ua=95 mt=P len=0
PKT t=32483 RX ua=95 mt=R len=7
PKT t=32488 TX ua=95 mt=P len=0
PKT t=32503 RX ua=95 mt=R len=7
PKT t=32508 TX ua=95 mt=P len=0
PKT t=32517 RX ua=95 mt=R len=7
PKT t=32522 TX ua=95 mt=P len=0
PKT t=32531 RX ua=95 mt=R len=7
PKT t=32536 TX ua=95 mt=P len=0
PKT t=32545 RX ua=95 mt=R len=7
PKT t=32553 TX ua=95 mt=P len=0
PKT t=32583 RX ua=95 mt=R len=7
PKT t=32588 TX ua=95 mt=P len=0
PKT t=32603 RX ua=95 mt=R len=7
PKT t=32608 TX ua=95 mt=T len=7
PKT t=32620 TX ua=95 mt=P len=0
PKT t=32629 RX ua=95 mt=R len=7
PKT t=32634 TX ua=95 mt=P len=0
PKT t=32643 RX ua=95 mt=R len=7
PKT t=32653 TX ua=95 mt=P len=0
PKT t=32683 RX ua=95 mt=R len=7
PKT t=32688 TX ua=95 mt=P len=0
PKT t=32703 RX ua=95 mt=R len=7
PKT t=32708 TX ua=95 mt=P len=0
PKT t=32717 RX ua=95 mt=R len=7
PKT t=32722 TX ua=95 mt=P len=0
PKT t=32731 RX ua=95 mt=R len=7
PKT t=32736 TX ua=95 mt=P len=0
PKT t=32745 RX ua=95 mt=R len=7
PKT t=32753 TX ua=95 mt=P len=0
PKT t=32783 RX ua=95 mt=R len=7
PKT t=32788 TX ua=95 mt=P len=0
PKT t=32803 RX ua=95 mt=R len=7
PKT t=32808 TX ua=95 mt=P len=0
PKT t=32817 RX ua=95 mt=R len=7
PKT t=32822 TX ua=95 mt=P len=0
PKT t=32831 RX ua=95 mt=R len=7
PKT t=32836 TX ua=95 mt=P len=0
PKT t=32845 RX ua=95 mt=R len=7
PKT t=32853 TX ua=95 mt=T len=7
PKT t=32865 TX ua=95 mt=P len=0
PKT t=32885 RX ua=95 mt=R len=7
PKT t=32890 TX ua=95 mt=P len=0
PKT t=32903 RX ua=95 mt=R len=7
PKT t=32908 TX ua=95 mt=P len=0
PKT t=32917 RX ua=95 mt=R len=7
PKT t=32922 TX ua=95 mt=P len=0
PKT t=32931 RX ua=95 mt=R len=7
PKT t=32936 TX ua=95 mt=P len=0
PKT t=32945 RX ua=95 mt=R len=7
PKT t=32953 TX ua=95 mt=P len=0
PKT t=32983 RX ua=95 mt=R len=7
PKT t=32988 TX ua=95 mt=P len=0
PKT t=33003 RX ua=95 mt=R len=7
PKT t=33008 TX ua=95 mt=P len=0
PKT t=33017 RX ua=95 mt=R len=7
PKT t=33022 TX ua=95 mt=P len=0
PKT t=33031 RX ua=95 mt=R len=7
PKT t=33036 TX ua=95 mt=P len=0
PKT t=33045 RX ua=95 mt=R len=7
PKT t=33053 TX ua=95 mt=P len=0
PKT t=33083 RX ua=95 mt=R len=7
PKT t=33088 TX ua=95 mt=P len=0
PKT t=33103 RX ua=95 mt=R len=7
PKT t=33108 TX ua=95 mt=T len=7
PKT t=33120 TX ua=95 mt=P len=0
PKT t=33129 RX ua=95 mt=R len=7
PKT t=33134 TX ua=95 mt=P len=0
PKT t=33143 RX ua=95 mt=R len=7
PKT t=33153 TX ua=95 mt=P len=0
PKT t=33183 RX ua=95 mt=R len=7
PKT t=33188 TX ua=95 mt=P len=0
PKT t=33203 RX ua=95 mt=R len=7
PKT t=33208 TX ua=95 mt=P len=0
PKT t=33217 RX ua=95 mt=R len=7
PKT t=33222 TX ua=95 mt=P len=0
PKT t=33231 RX ua=95 mt=R len=7
PKT t=33236 TX ua=95 mt=P len=0
PKT t=33245 RX ua=95 mt=R len=7
PKT t=33253 TX ua=95 mt=P len=0
PKT t=33284 RX ua=95 mt=R len=7
PKT t=33289 TX ua=95 mt=P len=0
PKT t=33303 RX ua=95 mt=R len=7
PKT t=33308 TX ua=95 mt=P len=0
PKT t=33317 RX ua=95 mt=R len=7
PKT t=33322 TX ua=95 mt=P len=0
PKT t=33331 RX ua=95 mt=R len=7
PKT t=33336 TX ua=95 mt=P len=0
PKT t=33345 RX ua=95 mt=R len=7
PKT t=33353 TX ua=95 mt=T len=7
PKT t=33365 TX ua=95 mt=P len=0
PKT t=33387 RX ua=95 mt=R len=7
PKT t=33392 TX ua=95 mt=P len=0
PKT t=33403 RX ua=95 mt=R len=7
PKT t=33408 TX ua=95 mt=P len=0
PKT t=33418 RX ua=95 mt=R len=7
PKT t=33423 TX ua=95 mt=P len=0
PKT t=33433 RX ua=95 mt=R len=7
PKT t=33438 TX ua=95 mt=P len=0
PKT t=33453 RX ua=95 mt=R len=7
PKT t=33458 TX ua=95 mt=P len=0
PKT t=33484 RX ua=95 mt=R len=7
PKT t=33488 TX ua=95 mt=P len=0
PKT t=33503 RX ua=95 mt=R len=7
PKT t=33508 TX ua=95 mt=P len=0
PKT t=33518 RX ua=95 mt=R len=7
PKT t=33523 TX ua=95 mt=P len=0
PKT t=33533 RX ua=95 mt=R len=7
PKT t=33538 TX ua=95 mt=P len=0
PKT t=33553 RX ua=95 mt=R len=7
PKT t=33558 TX ua=95 mt=P len=0
PKT t=33584 RX ua=95 mt=R len=7
PKT t=33589 TX ua=95 mt=P len=0
PKT t=33603 RX ua=95 mt=R len=7
PKT t=33608 TX ua=95 mt=T len=7
PKT t=33620 TX ua=95 mt=P len=0
PKT t=33629 RX ua=95 mt=R len=7
PKT t=33634 TX ua=95 mt=P len=0
PKT t=33643 RX ua=95 mt=R len=7
PKT t=33653 TX ua=95 mt=P len=0
PKT t=33683 RX ua=95 mt=R len=7
PKT t=33688 TX ua=95 mt=P len=0
PKT t=33703 RX ua=95 mt=R len=7
PKT t=33708 TX ua=95 mt=P len=0
PKT t=33717 RX ua=95 mt=R len=7
PKT t=33722 TX ua=95 mt=P len=0
PKT t=33731 RX ua=95 mt=R len=7
PKT t=33736 TX ua=95 mt=P len=0
PKT t=33745 RX ua=95 mt=R len=7
PKT t=33753 TX ua=95 mt=P len=0
PKT t=33783 RX ua=95 mt=R len=7
PKT t=33788 TX ua=95 mt=P len=0
PKT t=33803 RX ua=95 mt=R len=7
PKT t=33808 TX ua=95 mt=P len=0
PKT t=33817 RX ua=95 mt=R len=7
PKT t=33822 TX ua=95 mt=P len=0
PKT t=33831 RX ua=95 mt=R len=7
PKT t=33836 TX ua=95 mt=P len=0
PKT t=33845 RX ua=95 mt=R len=7
PKT t=33853 TX ua=95 mt=T len=7
PKT t=33865 TX ua=95 mt=P len=0
PKT t=33885 RX ua=95 mt=R len=7
PKT t=33890 TX ua=95 mt=P len=0
PKT t=33903 RX ua=95 mt=R len=7
PKT t=33908 TX ua=95 mt=P len=0
PKT t=33917 RX ua=95 mt=R len=7
PKT t=33922 TX ua=95 mt=P len=0
PKT t=33931 RX ua=95 mt=R len=7
PKT t=33936 TX ua=95 mt=P len=0
PKT t=33945 RX ua=95 mt=R len=7
PKT t=33953 TX ua=95 mt=P len=0
PKT t=33983 RX ua=95 mt=R len=7
PKT t=33988 TX ua=95 mt=P len=0
PKT t=34003 RX ua=95 mt=R len=7
PKT t=34008 TX ua=95 mt=P len=0
PKT t=34017 RX ua=95 mt=R len=7
PKT t=34023 TX ua=95 mt=P len=0
PKT t=34032 RX ua=95 mt=R len=7
PKT t=34037 TX ua=95 mt=P len=0
PKT t=34046 RX ua=95 mt=R len=7
PKT t=34053 TX ua=95 mt=P len=0
PKT t=34083 RX ua=95 mt=R len=7
PKT t=34088 TX ua=95 mt=P len=0
PKT t=34103 RX ua=95 mt=R len=7
PKT t=34108 TX ua=95 mt=T len=7
PKT t=34121 TX ua=95 mt=P len=0
PKT t=34130 RX ua=95 mt=R len=7
PKT t=34135 TX ua=95 mt=T len=7
PKT t=34153 TX ua=95 mt=P len=0
PKT t=34183 RX ua=95 mt=R len=7
PKT t=34188 TX ua=95 mt=P len=0
PKT t=34203 RX ua=95 mt=R len=7
PKT t=34208 TX ua=95 mt=P len=0
PKT t=34217 RX ua=95 mt=R len=7
PKT t=34222 TX ua=95 mt=P len=0
PKT t=34231 RX ua=95 mt=R len=7
PKT t=34236 TX ua=95 mt=P len=0
PKT t=34245 RX ua=95 mt=R len=7
PKT t=34253 TX ua=95 mt=P len=0
PKT t=34283 RX ua=95 mt=R len=7
PKT t=34288 TX ua=95 mt=P len=0
PKT t=34303 RX ua=95 mt=R len=7
PKT t=34308 TX ua=95 mt=P len=0
PKT t=34317 RX ua=95 mt=R len=7
PKT t=34322 TX ua=95 mt=P len=0
PKT t=34331 RX ua=95 mt=R len=7
PKT t=34336 TX ua=95 mt=P len=0
PKT t=34345 RX ua=95 mt=R len=7
PKT t=34353 TX ua=95 mt=T len=7
PKT t=34366 TX ua=95 mt=P len=0
PKT t=34386 RX ua=95 mt=R len=7
PKT t=34391 TX ua=95 mt=P len=0
PKT t=34403 RX ua=95 mt=R len=7
PKT t=34408 TX ua=95 mt=P len=0
PKT t=34417 RX ua=95 mt=R len=7
PKT t=34422 TX ua=95 mt=P len=0
PKT t=34431 RX ua=95 mt=R len=7
PKT t=34436 TX ua=95 mt=P len=0
PKT t=34445 RX ua=95 mt=R len=7
PKT t=34453 TX ua=95 mt=P len=0
PKT t=34483 RX ua=95 mt=R len=7
PKT t=34488 TX ua=95 mt=P len=0
PKT t=34503 RX ua=95 mt=R len=7
PKT t=34508 TX ua=95 mt=P len=0
PKT t=34517 RX ua=95 mt=R len=7
PKT t=34522 TX ua=95 mt=P len=0
PKT t=34531 RX ua=95 mt=R len=7
PKT t=34536 TX ua=95 mt=P len=0
PKT t=34545 RX ua=95 mt=R len=7
PKT t=34553 TX ua=95 mt=P len=0
PKT t=34583 RX ua=95 mt=R len=7
PKT t=34588 TX ua=95 mt=P len=0
PKT t=34603 RX ua=95 mt=R len=7
PKT t=34608 TX ua=95 mt=T len=7
PKT t=34621 TX ua=95 mt=P len=0
PKT t=34630 RX ua=95 mt=R len=7
PKT t=34635 TX ua=95 mt=P len=0
PKT t=34644 RX ua=95 mt=R len=7
PKT t=34653 TX ua=95 mt=P len=0
PKT t=34683 RX ua=95 mt=R len=7
PKT t=34688 TX ua=95 mt=P len=0
PKT t=34703 RX ua=95 mt=R len=7
PKT t=34708 TX ua=95 mt=P len=0
PKT t=34717 RX ua=95 mt=R len=7
PKT t=34722 TX ua=95 mt=P len=0
PKT t=34731 RX ua=95 mt=R len=7
PKT t=34736 TX ua=95 mt=P len=0
PKT t=34745 RX ua=95 mt=R len=7
PKT t=34753 TX ua=95 mt=P len=0
PKT t=34783 RX ua=95 mt=R len=7
PKT t=34788 TX ua=95 mt=P len=0
PKT t=34803 RX ua=95 mt=R len=7
PKT t=34808 TX ua=95 mt=P len=0
PKT t=34817 RX ua=95 mt=R len=7
PKT t=34822 TX ua=95 mt=P len=0
PKT t=34831 RX ua=95 mt=R len=7
PKT t=34836 TX ua=95 mt=P len=0
PKT t=34845 RX ua=95 mt=R len=7
PKT t=34853 TX ua=95 mt=T len=7
PKT t=34866 TX ua=95 mt=P len=0
PKT t=34885 RX ua=95 mt=R len=7
PKT t=34890 TX ua=95 mt=P len=0
PKT t=34903 RX ua=95 mt=R len=7
PKT t=34908 TX ua=95 mt=P len=0
PKT t=34917 RX ua=95 mt=R len=7
PKT t=34922 TX ua=95 mt=P len=0
PKT t=34931 RX ua=95 mt=R len=7
PKT t=34936 TX ua=95 mt=P len=0
PKT t=34945 RX ua=95 mt=R len=7
PKT t=34953 TX ua=95 mt=P len=0
PKT t=34983 RX ua=95 mt=R len=7
PKT t=34988 TX ua=95 mt=P len=0
PKT t=35003 RX ua=95 mt=R len=7
PKT t=35008 TX ua=95 mt=P len=0
PKT t=35017 RX ua=95 mt=R len=7
PKT t=35022 TX ua=95 mt=P len=0
PKT t=35031 RX ua=95 mt=R len=7
PKT t=35036 TX ua=95 mt=P len=0
PKT t=35045 RX ua=95 mt=R len=7
PKT t=35053 TX ua=95 mt=P len=0
PKT t=35083 RX ua=95 mt=R len=7
PKT t=35088 TX ua=95 mt=P len=0
PKT t=35103 RX ua=95 mt=R len=7
PKT t=35108 TX ua=95 mt=T len=7
PKT t=35120 TX ua=95 mt=P len=0
PKT t=35129 RX ua=95 mt=R len=7
PKT t=35134 TX ua=95 mt=P len=0
PKT t=35143 RX ua=95 mt=R len=7
PKT t=35153 TX ua=95 mt=P len=0
PKT t=35183 RX ua=95 mt=R len=7
PKT t=35188 TX ua=95 mt=P len=0
PKT t=35203 RX ua=95 mt=R len=7
PKT t=35208 TX ua=96 mt=P len=0
PKT t=35466 TX ua=95 mt=P len=0
PKT t=35475 RX ua=95 mt=R len=7
PKT t=35480 TX ua=95 mt=T len=7
PKT t=35492 TX ua=95 mt=P len=0
PKT t=35503 RX ua=95 mt=R len=7
PKT t=35508 TX ua=95 mt=P len=0
PKT t=35518 RX ua=95 mt=R len=7
PKT t=35523 TX ua=95 mt=P len=0
PKT t=35533 RX ua=95 mt=R len=7
PKT t=35538 TX ua=95 mt=P len=0
PKT t=35553 RX ua=95 mt=R len=7
PKT t=35558 TX ua=95 mt=P len=0
PKT t=35583 RX ua=95 mt=R len=7
PKT t=35588 TX ua=95 mt=P len=0
PKT t=35603 RX ua=95 mt=R len=7
PKT t=35608 TX ua=95 mt=T len=7
PKT t=35620 TX ua=95 mt=P len=0
PKT t=35629 RX ua=95 mt=R len=7
PKT t=35634 TX ua=95 mt=P len=0
PKT t=35643 RX ua=95 mt=R len=7
PKT t=35653 TX ua=95 mt=P len=0
PKT t=35683 RX ua=95 mt=R len=7
PKT t=35688 TX ua=95 mt=P len=0
PKT t=35703 RX ua=95 mt=R len=7
PKT t=35708 TX ua=95 mt=P len=0
PKT t=35717 RX ua=95 mt=R len=7
PKT t=35722 TX ua=95 mt=P len=0
PKT t=35731 RX ua=95 mt=R len=7
PKT t=35736 TX ua=95 mt=P len=0
PKT t=35745 RX ua=95 mt=R len=7
PKT t=35753 TX ua=95 mt=P len=0
PKT t=35783 RX ua=95 mt=R len=7
PKT t=35788 TX ua=95 mt=P len=0
PKT t=35803 RX ua=95 mt=R len=7
PKT t=35808 TX ua=95 mt=P len=0
PKT t=35817 RX ua=95 mt=R len=7
PKT t=35822 TX ua=95 mt=P len=0
PKT t=35831 RX ua=95 mt=R len=7
PKT t=35836 TX ua=95 mt=P len=0
PKT t=35845 RX ua=95 mt=R len=7
PKT t=35853 TX ua=95 mt=T len=7
PKT t=35865 TX ua=95 mt=P len=0
PKT t=35885 RX ua=95 mt=R len=7
PKT t=35890 TX ua=95 mt=P len=0
PKT t=35903 RX ua=95 mt=R len=7
PKT t=35908 TX ua=95 mt=P len=0
PKT t=35917 RX ua=95 mt=R len=7
PKT t=35922 TX ua=95 mt=P len=0
PKT t=35931 RX ua=95 mt=R len=7
PKT t=35936 TX ua=95 mt=P len=0
PKT t=35945 RX ua=95 mt=R len=7
PKT t=35953 TX ua=95 mt=P len=0
PKT t=35983 RX ua=95 mt=R len=7
PKT t=35988 TX ua=95 mt=P len=0
PKT t=36003 RX ua=95 mt=R len=7
PKT t=36008 TX ua=95 mt=P len=0
PKT t=36017 RX ua=95 mt=R len=7
PKT t=36024 TX ua=95 mt=P len=0
PKT t=36033 RX ua=95 mt=R len=7
PKT t=36038 TX ua=95 mt=P len=0
PKT t=36053 RX ua=95 mt=R len=7
PKT t=36058 TX ua=95 mt=P len=0
PKT t=36083 RX ua=95 mt=R len=7
PKT t=36088 TX ua=95 mt=P len=0
PKT t=36103 RX ua=95 mt=R len=7
PKT t=36108 TX ua=95 mt=T len=7
PKT t=36120 TX ua=95 mt=P len=0
PKT t=36129 RX ua=95 mt=R len=7
PKT t=36134 TX ua=95 mt=P len=0
PKT t=36143 RX ua=95 mt=R len=7
PKT t=36153 TX ua=95 mt=P len=0
PKT t=36183 RX ua=95 mt=R len=7
PKT t=36188 TX ua=95 mt=P len=0
PKT t=36203 RX ua=95 mt=R len=7
PKT t=36208 TX ua=95 mt=P len=0
PKT t=36217 RX ua=95 mt=R len=7
PKT t=36222 TX ua=95 mt=P len=0
PKT t=36231 RX ua=95 mt=R len=7
PKT t=36236 TX ua=95 mt=P len=0
PKT t=36245 RX ua=95 mt=R len=7
PKT t=36253 TX ua=95 mt=P len=0
PKT t=36283 RX ua=95 mt=R len=7
PKT t=36288 TX ua=95 mt=P len=0
PKT t=36303 RX ua=95 mt=R len=7
PKT t=36308 TX ua=95 mt=P len=0
PKT t=36317 RX ua=95 mt=R len=7
PKT t=36322 TX ua=95 mt=P len=0
PKT t=36331 RX ua=95 mt=R len=7
PKT t=36336 TX ua=95 mt=P len=0
PKT t=36345 RX ua=95 mt=R len=7
PKT t=36353 TX ua=95 mt=T len=7
PKT t=36365 TX ua=95 mt=P len=0
PKT t=36385 RX ua=95 mt=R len=7
PKT t=36390 TX ua=95 mt=P len=0
PKT t=36403 RX ua=95 mt=R len=7
PKT t=36408 TX ua=95 mt=P len=0
PKT t=36417 RX ua=95 mt=R len=7
PKT t=36422 TX ua=95 mt=P len=0
PKT t=36431 RX ua=95 mt=R len=7
PKT t=36436 TX ua=95 mt=P len=0
PKT t=36445 RX ua=95 mt=R len=7
PKT t=36453 TX ua=95 mt=P len=0
PKT t=36483 RX ua=95 mt=R len=7
PKT t=36488 TX ua=95 mt=P len=0
PKT t=36503 RX ua=95 mt=R len=7
PKT t=36508 TX ua=95 mt=P len=0
PKT t=36517 RX ua=95 mt=R len=7
PKT t=36522 TX ua=95 mt=P len=0
PKT t=36531 RX ua=95 mt=R len=7
PKT t=36536 TX ua=95 mt=P len=0
PKT t=36545 RX ua=95 mt=R len=7
PKT t=36553 TX ua=95 mt=P len=0
PKT t=36583 RX ua=95 mt=R len=7
PKT t=36588 TX ua=95 mt=P len=0
PKT t=36603 RX ua=95 mt=R len=7
PKT t=36608 TX ua=95 mt=T len=7
PKT t=36620 TX ua=95 mt=P len=0
PKT t=36629 RX ua=95 mt=R len=7
PKT t=36634 TX ua=95 mt=P len=0
PKT t=36643 RX ua=95 mt=R len=7
PKT t=36653 TX ua=95 mt=P len=0
PKT t=36683 RX ua=95 mt=R len=7
PKT t=36688 TX ua=95 mt=P len=0
PKT t=36703 RX ua=95 mt=R len=7
PKT t=36708 TX ua=95 mt=P len=0
PKT t=36717 RX ua=95 mt=R len=7
PKT t=36722 TX ua=95 mt=P len=0
PKT t=36731 RX ua=95 mt=R len=7
PKT t=36736 TX ua=95 mt=P len=0
PKT t=36745 RX ua=95 mt=R len=7
PKT t=36753 TX ua=95 mt=P len=0
PKT t=36783 RX ua=95 mt=R len=7
PKT t=36788 TX ua=95 mt=P len=0
PKT t=36803 RX ua=95 mt=R len=7
PKT t=36808 TX ua=95 mt=P len=0
PKT t=36817 RX ua=95 mt=R len=7
PKT t=36822 TX ua=95 mt=P len=0
PKT t=36831 RX ua=95 mt=R len=7
PKT t=36836 TX ua=95 mt=P len=0
PKT t=36845 RX ua=95 mt=R len=7
PKT t=36853 TX ua=95 mt=T len=7
PKT t=36865 TX ua=95 mt=P len=0
PKT t=36885 RX ua=95 mt=R len=7
PKT t=36890 TX ua=95 mt=P len=0
PKT t=36903 RX ua=95 mt=R len=7
PKT t=36908 TX ua=95 mt=P len=0
PKT t=36917 RX ua=95 mt=R len=7
PKT t=36922 TX ua=95 mt=P len=0
PKT t=36931 RX ua=95 mt=R len=7
PKT t=36936 TX ua=95 mt=P len=0
PKT t=36945 RX ua=95 mt=R len=7
PKT t=36953 TX ua=95 mt=P len=0
PKT t=36983 RX ua=95 mt=R len=7
PKT t=36988 TX ua=95 mt=P len=0
PKT t=37003 RX ua=95 mt=R len=7
PKT t=37008 TX ua=95 mt=P len=0
PKT t=37017 RX ua=95 mt=R len=7
PKT t=37022 TX ua=95 mt=P len=0
PKT t=37031 RX ua=95 mt=R len=7
PKT t=37036 TX ua=95 mt=P len=0
PKT t=37045 RX ua=95 mt=R len=7
PKT t=37053 TX ua=95 mt=P len=0
PKT t=37083 RX ua=95 mt=R len=7
PKT t=37088 TX ua=95 mt=P len=0
PKT t=37103 RX ua=95 mt=R len=7
PKT t=37108 TX ua=95 mt=T len=7
PKT t=37121 TX ua=95 mt=P len=0
PKT t=37130 RX ua=95 mt=R len=7
PKT t=37135 TX ua=95 mt=P len=0
PKT t=37144 RX ua=95 mt=R len=7
PKT t=37153 TX ua=95 mt=P len=0
PKT t=37183 RX ua=95 mt=R len=7
PKT t=37188 TX ua=95 mt=P len=0
PKT t=37203 RX ua=95 mt=R len=7
PKT t=37208 TX ua=95 mt=P len=0
PKT t=37217 RX ua=95 mt=R len=7
PKT t=37222 TX ua=95 mt=P len=0
PKT t=37231 RX ua=95 mt=R len=7
PKT t=37236 TX ua=95 mt=P len=0
PKT t=37245 RX ua=95 mt=R len=7
PKT t=37253 TX ua=95 mt=P len=0
