PKT t=7688 RX ua=95 mt=R len=7
PKT t=7692 TX ua=95 mt=P len=0
PKT t=7704 RX ua=95 mt=R len=7
PKT t=7709 TX ua=95 mt=P len=0
PKT t=7718 RX ua=95 mt=R len=7
PKT t=7723 TX ua=95 mt=P len=0
PKT t=7732 RX ua=95 mt=R len=7
PKT t=7737 TX ua=95 mt=P len=0
PKT t=7746 RX ua=95 mt=R len=7
PKT t=7754 TX ua=95 mt=P len=0
PKT t=7787 RX ua=95 mt=R len=7
PKT t=7792 TX ua=95 mt=P len=0
PKT t=7804 RX ua=95 mt=R len=7
PKT t=7809 TX ua=95 mt=P len=0
PKT t=7818 RX ua=95 mt=R len=7
PKT t=7823 TX ua=95 mt=P len=0
PKT t=7832 RX ua=95 mt=R len=7
PKT t=7837 TX ua=95 mt=P len=0
PKT t=7846 RX ua=95 mt=R len=7
PKT t=7854 TX ua=95 mt=T len=7
PKT t=7866 TX ua=95 mt=P len=0
PKT t=7889 RX ua=95 mt=R len=7
PKT t=7894 TX ua=95 mt=P len=0
PKT t=7904 RX ua=95 mt=R len=7
PKT t=7909 TX ua=95 mt=P len=0
PKT t=7918 RX ua=95 mt=R len=7
PKT t=7923 TX ua=95 mt=P len=0
PKT t=7932 RX ua=95 mt=R len=7
PKT t=7937 TX ua=95 mt=P len=0
PKT t=7946 RX ua=95 mt=R len=7
PKT t=7954 TX ua=95 mt=P len=0
PKT t=7987 RX ua=95 mt=R len=7
PKT t=7992 TX ua=95 mt=P len=0
PKT t=8004 RX ua=95 mt=R len=7
PKT t=8012 TX ua=95 mt=P len=0
PKT t=8021 RX ua=95 mt=R len=7
PKT t=8026 TX ua=95 mt=P len=0
PKT t=8035 RX ua=95 mt=R len=7
PKT t=8040 TX ua=95 mt=P len=0
PKT t=8054 RX ua=95 mt=R len=7
PKT t=8059 TX ua=95 mt=P len=0
PKT t=8088 RX ua=95 mt=R len=7
PKT t=8093 TX ua=95 mt=P len=0
PKT t=8104 RX ua=95 mt=R len=7
PKT t=8109 TX ua=95 mt=T len=7
PKT t=8121 TX ua=95 mt=P len=0
PKT t=8130 RX ua=95 mt=R len=7
PKT t=8135 TX ua=95 mt=P len=0
PKT t=8144 RX ua=95 mt=R len=7
PKT t=8154 TX ua=95 mt=P len=0
PKT t=8188 RX ua=95 mt=R len=7
PKT t=8192 TX ua=95 mt=P len=0
PKT t=8204 RX ua=95 mt=R len=7
PKT t=8209 TX ua=95 mt=P len=0
PKT t=8218 RX ua=95 mt=R len=7
PKT t=8223 TX ua=95 mt=P len=0
PKT t=8232 RX ua=95 mt=R len=7
PKT t=8237 TX ua=95 mt=P len=0
PKT t=8246 RX ua=95 mt=R len=7
PKT t=8254 TX ua=95 mt=P len=0
PKT t=8287 RX ua=95 mt=R len=7
PKT t=8292 TX ua=95 mt=P len=0
PKT t=8304 RX ua=95 mt=R len=7
PKT t=8309 TX ua=95 mt=P len=0
PKT t=8318 RX ua=95 mt=R len=7
PKT t=8323 TX ua=95 mt=P len=0
PKT t=8332 RX ua=95 mt=R len=7
PKT t=8337 TX ua=95 mt=P len=0
PKT t=8346 RX ua=95 mt=R len=7
PKT t=8354 TX ua=95 mt=T len=7
PKT t=8366 TX ua=95 mt=P len=0
PKT t=8389 RX ua=95 mt=R len=7
PKT t=8394 TX ua=95 mt=P len=0
PKT t=8404 RX ua=95 mt=R len=7
PKT t=8409 TX ua=95 mt=P len=0
PKT t=8418 RX ua=95 mt=R len=7
PKT t=8423 TX ua=95 mt=P len=0
PKT t=8432 RX ua=95 mt=R len=7
PKT t=8437 TX ua=95 mt=P len=0
PKT t=8446 RX ua=95 mt=R len=7
PKT t=8454 TX ua=95 mt=P len=0
PKT t=8487 RX ua=95 mt=R len=7
PKT t=8492 TX ua=95 mt=P len=0
PKT t=8504 RX ua=95 mt=R len=7
PKT t=8509 TX ua=95 mt=P len=0
PKT t=8518 RX ua=95 mt=R len=7
PKT t=8523 TX ua=95 mt=P len=0
PKT t=8532 RX ua=95 mt=R len=7
PKT t=8537 TX ua=95 mt=P len=0
PKT t=8546 RX ua=95 mt=R len=7
PKT t=8554 TX ua=95 mt=P len=0
PKT t=8587 RX ua=95 mt=R len=7
PKT t=8592 TX ua=95 mt=P len=0
PKT t=8604 RX ua=95 mt=R len=7
PKT t=8609 TX ua=95 mt=T len=7
PKT t=8621 TX ua=95 mt=P len=0
PKT t=8630 RX ua=95 mt=R len=7
PKT t=8635 TX ua=95 mt=P len=0
PKT t=8644 RX ua=95 mt=R len=7
PKT t=8654 TX ua=95 mt=P len=0
PKT t=8687 RX ua=95 mt=R len=7
PKT t=8692 TX ua=95 mt=P len=0
PKT t=8704 RX ua=95 mt=R len=7
PKT t=8709 TX ua=95 mt=P len=0
PKT t=8718 RX ua=95 mt=R len=7
PKT t=8723 TX ua=95 mt=P len=0
PKT t=8732 RX ua=95 mt=R len=7
PKT t=8737 TX ua=95 mt=P len=0
PKT t=8746 RX ua=95 mt=R len=7
PKT t=8754 TX ua=95 mt=P len=0
PKT t=8788 RX ua=95 mt=R len=7
PKT t=8792 TX ua=95 mt=P len=0
PKT t=8804 RX ua=95 mt=R len=7
PKT t=8809 TX ua=95 mt=P len=0
PKT t=8818 RX ua=95 mt=R len=7
PKT t=8823 TX ua=95 mt=P len=0
PKT t=8832 RX ua=95 mt=R len=7
PKT t=8837 TX ua=95 mt=P len=0
PKT t=8846 RX ua=95 mt=R len=7
PKT t=8854 TX ua=95 mt=T len=7
PKT t=8866 TX ua=95 mt=P len=0
PKT t=8889 RX ua=95 mt=R len=7
PKT t=8894 TX ua=95 mt=P len=0
PKT t=8904 RX ua=95 mt=R len=7
PKT t=8909 TX ua=95 mt=P len=0
PKT t=8918 RX ua=95 mt=R len=7
PKT t=8923 TX ua=95 mt=P len=0
PKT t=8932 RX ua=95 mt=R len=7
PKT t=8937 TX ua=95 mt=P len=0
PKT t=8946 RX ua=95 mt=R len=7
PKT t=8954 TX ua=95 mt=P len=0
PKT t=8988 RX ua=95 mt=R len=7
PKT t=8992 TX ua=95 mt=P len=0
PKT t=9004 RX ua=95 mt=R len=7
PKT t=9009 TX ua=95 mt=P len=0
PKT t=9018 RX ua=95 mt=R len=7
PKT t=9023 TX ua=95 mt=P len=0
PKT t=9032 RX ua=95 mt=R len=7
PKT t=9037 TX ua=95 mt=P len=0
PKT t=9046 RX ua=95 mt=R len=7
PKT t=9054 TX ua=95 mt=P len=0
PKT t=9087 RX ua=95 mt=R len=7
PKT t=9092 TX ua=95 mt=P len=0
PKT t=9104 RX ua=95 mt=R len=7
PKT t=9109 TX ua=95 mt=T len=7
PKT t=9121 TX ua=95 mt=P len=0
PKT t=9130 RX ua=95 mt=R len=7
PKT t=9135 TX ua=95 mt=P len=0
PKT t=9144 RX ua=95 mt=R len=7
PKT t=9154 TX ua=95 mt=P len=0
PKT t=9187 RX ua=95 mt=R len=7
PKT t=9192 TX ua=95 mt=P len=0
PKT t=9204 RX ua=95 mt=R len=7
PKT t=9209 TX ua=95 mt=P len=0
PKT t=9218 RX ua=95 mt=R len=7
PKT t=9223 TX ua=95 mt=P len=0
PKT t=9232 RX ua=95 mt=R len=7
PKT t=9237 TX ua=95 mt=P len=0
PKT t=9246 RX ua=95 mt=R len=7
PKT t=9254 TX ua=95 mt=P len=0
PKT t=9287 RX ua=95 mt=R len=7
PKT t=9292 TX ua=95 mt=P len=0
PKT t=9304 RX ua=95 mt=R len=7
PKT t=9309 TX ua=95 mt=P len=0
PKT t=9318 RX ua=95 mt=R len=7
PKT t=9323 TX ua=95 mt=P len=0
PKT t=9332 RX ua=95 mt=R len=7
PKT t=9337 TX ua=95 mt=P len=0
PKT t=9346 RX ua=95 mt=R len=7
PKT t=9354 TX ua=95 mt=T len=7
PKT t=9366 TX ua=95 mt=P len=0
PKT t=9390 RX ua=95 mt=R len=7
PKT t=9395 TX ua=95 mt=P len=0
PKT t=9405 RX ua=95 mt=R len=7
PKT t=9410 TX ua=95 mt=P len=0
PKT t=9420 RX ua=95 mt=R len=7
PKT t=9425 TX ua=95 mt=P len=0
PKT t=9435 RX ua=95 mt=R len=7
PKT t=9440 TX ua=95 mt=P len=0
PKT t=9454 RX ua=95 mt=R len=7
PKT t=9459 TX ua=95 mt=P len=0
PKT t=9488 RX ua=95 mt=R len=7
PKT t=9493 TX ua=95 mt=P len=0
PKT t=9504 RX ua=95 mt=R len=7
PKT t=9509 TX ua=95 mt=P len=0
PKT t=9519 RX ua=95 mt=R len=7
PKT t=9524 TX ua=95 mt=P len=0
PKT t=9534 RX ua=95 mt=R len=7
PKT t=9539 TX ua=95 mt=P len=0
PKT t=9554 RX ua=95 mt=R len=7
PKT t=9559 TX ua=95 mt=P len=0
PKT t=9588 RX ua=95 mt=R len=7
PKT t=9593 TX ua=95 mt=P len=0
PKT t=9604 RX ua=95 mt=R len=7
PKT t=9609 TX ua=95 mt=T len=7
PKT t=9621 TX ua=95 mt=P len=0
PKT t=9630 RX ua=95 mt=R len=7
PKT t=9635 TX ua=95 mt=P len=0
PKT t=9644 RX ua=95 mt=R len=7
PKT t=9654 TX ua=95 mt=P len=0
PKT t=9687 RX ua=95 mt=R len=7
PKT t=9692 TX ua=95 mt=P len=0
PKT t=9704 RX ua=95 mt=R len=7
PKT t=9709 TX ua=95 mt=P len=0
PKT t=9718 RX ua=95 mt=R len=7
PKT t=9723 TX ua=95 mt=P len=0
PKT t=9732 RX ua=95 mt=R len=7
PKT t=9737 TX ua=95 mt=P len=0
PKT t=9746 RX ua=95 mt=R len=7
PKT t=9754 TX ua=95 mt=P len=0
PKT t=9788 RX ua=95 mt=R len=7
PKT t=9792 TX ua=95 mt=P len=0
PKT t=9804 RX ua=95 mt=R len=7
PKT t=9809 TX ua=95 mt=P len=0
PKT t=9818 RX ua=95 mt=R len=7
PKT t=9823 TX ua=95 mt=P len=0
PKT t=9832 RX ua=95 mt=R len=7
PKT t=9837 TX ua=95 mt=P len=0
PKT t=9846 RX ua=95 mt=R len=7
PKT t=9854 TX ua=95 mt=T len=7
PKT t=9866 TX ua=95 mt=P len=0
PKT t=9890 RX ua=95 mt=R len=7
PKT t=9895 TX ua=95 mt=P len=0
PKT t=9904 RX ua=95 mt=R len=7
PKT t=9909 TX ua=95 mt=P len=0
PKT t=9918 RX ua=95 mt=R len=7
PKT t=9923 TX ua=95 mt=P len=0
PKT t=9932 RX ua=95 mt=R len=7
PKT t=9937 TX ua=95 mt=P len=0
PKT t=9946 RX ua=95 mt=R len=7
PKT t=9954 TX ua=95 mt=P len=0
PKT t=9988 RX ua=95 mt=R len=7
PKT t=9993 TX ua=95 mt=P len=0
PKT t=10004 RX ua=95 mt=R len=7
PKT t=10013 TX ua=95 mt=P len=0
PKT t=10022 RX ua=95 mt=R len=7
PKT t=10027 TX ua=95 mt=P len=0
PKT t=10036 RX ua=95 mt=R len=7
PKT t=10041 TX ua=95 mt=P len=0
PKT t=10054 RX ua=95 mt=R len=7
PKT t=10059 TX ua=95 mt=P len=0
PKT t=10087 RX ua=95 mt=R len=7
PKT t=10092 TX ua=95 mt=P len=0
PKT t=10104 RX ua=95 mt=R len=7
PKT t=10109 TX ua=95 mt=T len=7
PKT t=10122 TX ua=95 mt=P len=0
PKT t=10131 RX ua=95 mt=R len=7
PKT t=10136 TX ua=95 mt=T len=7
PKT t=10154 TX ua=96 mt=P len=0
PKT t=10412 TX ua=95 mt=P len=0
PKT t=10421 RX ua=95 mt=R len=7
PKT t=10426 TX ua=95 mt=T len=7
PKT t=10439 TX ua=95 mt=P len=0
PKT t=10454 RX ua=95 mt=R len=7
PKT t=10459 TX ua=95 mt=P len=0
PKT t=10487 RX ua=95 mt=R len=7
PKT t=10492 TX ua=95 mt=P len=0
PKT t=10504 RX ua=95 mt=R len=7
PKT t=10509 TX ua=95 mt=P len=0
PKT t=10518 RX ua=95 mt=R len=7
PKT t=10523 TX ua=95 mt=P len=0
PKT t=10532 RX ua=95 mt=R len=7
PKT t=10537 TX ua=95 mt=P len=0
PKT t=10546 RX ua=95 mt=R len=7
PKT t=10554 TX ua=95 mt=P len=0
PKT t=10588 RX ua=95 mt=R len=7
PKT t=10592 TX ua=95 mt=P len=0
PKT t=10604 RX ua=95 mt=R len=7
PKT t=10609 TX ua=95 mt=T len=7
PKT t=10622 TX ua=95 mt=P len=0
PKT t=10631 RX ua=95 mt=R len=7
PKT t=10636 TX ua=95 mt=P len=0
PKT t=10645 RX ua=95 mt=R len=7
PKT t=10654 TX ua=95 mt=P len=0
PKT t=10687 RX ua=95 mt=R len=7
PKT t=10692 TX ua=95 mt=P len=0
PKT t=10704 RX ua=95 mt=R len=7
PKT t=10709 TX ua=95 mt=P len=0
PKT t=10718 RX ua=95 mt=R len=7
PKT t=10723 TX ua=95 mt=P len=0
PKT t=10732 RX ua=95 mt=R len=7
PKT t=10737 TX ua=95 mt=P len=0
PKT t=10746 RX ua=95 mt=R len=7
PKT t=10754 TX ua=95 mt=P len=0
PKT t=10787 RX ua=95 mt=R len=7
PKT t=10792 TX ua=95 mt=P len=0
PKT t=10804 RX ua=95 mt=R len=7
PKT t=10809 TX ua=95 mt=P len=0
PKT t=10818 RX ua=95 mt=R len=7
PKT t=10823 TX ua=95 mt=P len=0
PKT t=10832 RX ua=95 mt=R len=7
PKT t=10837 TX ua=95 mt=P len=0
PKT t=10846 RX ua=95 mt=R len=7
PKT t=10854 TX ua=95 mt=T len=7
PKT t=10867 TX ua=95 mt=P len=0
PKT t=10889 RX ua=95 mt=R len=7
PKT t=10894 TX ua=95 mt=P len=0
PKT t=10904 RX ua=95 mt=R len=7
PKT t=10909 TX ua=95 mt=P len=0
PKT t=10918 RX ua=95 mt=R len=7
PKT t=10923 TX ua=95 mt=P len=0
PKT t=10932 RX ua=95 mt=R len=7
PKT t=10937 TX ua=95 mt=P len=0
PKT t=10946 RX ua=95 mt=R len=7
PKT t=10954 TX ua=95 mt=P len=0
PKT t=10987 RX ua=95 mt=R len=7
PKT t=10992 TX ua=95 mt=P len=0
PKT t=11004 RX ua=95 mt=R len=7
PKT t=11009 TX ua=95 mt=P len=0
PKT t=11018 RX ua=95 mt=R len=7
PKT t=11023 TX ua=95 mt=P len=0
PKT t=11032 RX ua=95 mt=R len=7
PKT t=11037 TX ua=95 mt=P len=0
PKT t=11046 RX ua=95 mt=R len=7
PKT t=11054 TX ua=95 mt=P len=0
PKT t=11088 RX ua=95 mt=R len=7
PKT t=11093 TX ua=95 mt=P len=0
PKT t=11104 RX ua=95 mt=R len=7
PKT t=11109 TX ua=95 mt=T len=7
PKT t=11121 TX ua=95 mt=P len=0
PKT t=11130 RX ua=95 mt=R len=7
PKT t=11135 TX ua=95 mt=P len=0
PKT t=11144 RX ua=95 mt=R len=7
PKT t=11154 TX ua=95 mt=P len=0
PKT t=11187 RX ua=95 mt=R len=7
PKT t=11192 TX ua=95 mt=P len=0
PKT t=11204 RX ua=95 mt=R len=7
PKT t=11209 TX ua=95 mt=P len=0
PKT t=11218 RX ua=95 mt=R len=7
PKT t=11223 TX ua=95 mt=P len=0
PKT t=11232 RX ua=95 mt=R len=7
PKT t=11237 TX ua=95 mt=P len=0
PKT t=11246 RX ua=95 mt=R len=7
PKT t=11254 TX ua=95 mt=P len=0
PKT t=11287 RX ua=95 mt=R len=7
PKT t=11292 TX ua=95 mt=P len=0
PKT t=11304 RX ua=95 mt=R len=7
PKT t=11309 TX ua=95 mt=P len=0
PKT t=11318 RX ua=95 mt=R len=7
PKT t=11323 TX ua=95 mt=P len=0
PKT t=11332 RX ua=95 mt=R len=7
PKT t=11337 TX ua=95 mt=P len=0
PKT t=11346 RX ua=95 mt=R len=7
PKT t=11354 TX ua=95 mt=T len=7
PKT t=11366 TX ua=95 mt=P len=0
PKT t=11390 RX ua=95 mt=R len=7
PKT t=11395 TX ua=95 mt=P len=0
PKT t=11405 RX ua=95 mt=R len=7
PKT t=11410 TX ua=95 mt=P len=0
PKT t=11420 RX ua=95 mt=R len=7
PKT t=11425 TX ua=95 mt=P len=0
PKT t=11435 RX ua=95 mt=R len=7
PKT t=11440 TX ua=95 mt=P len=0
PKT t=11454 RX ua=95 mt=R len=7
PKT t=11459 TX ua=95 mt=P len=0
PKT t=11488 RX ua=95 mt=R len=7
PKT t=11493 TX ua=95 mt=P len=0
PKT t=11504 RX ua=95 mt=R len=7
PKT t=11509 TX ua=95 mt=P len=0
PKT t=11519 RX ua=95 mt=R len=7
PKT t=11524 TX ua=95 mt=P len=0
PKT t=11534 RX ua=95 mt=R len=7
PKT t=11539 TX ua=95 mt=P len=0
PKT t=11554 RX ua=95 mt=R len=7
PKT t=11559 TX ua=95 mt=P len=0
PKT t=11588 RX ua=95 mt=R len=7
PKT t=11593 TX ua=95 mt=P len=0
PKT t=11604 RX ua=95 mt=R len=7
PKT t=11609 TX ua=95 mt=T len=7
PKT t=11621 TX ua=95 mt=P len=0
PKT t=11630 RX ua=95 mt=R len=7
PKT t=11635 TX ua=95 mt=P len=0
PKT t=11644 RX ua=95 mt=R len=7
PKT t=11654 TX ua=95 mt=P len=0
PKT t=11687 RX ua=95 mt=R len=7
PKT t=11692 TX ua=95 mt=P len=0
PKT t=11704 RX ua=95 mt=R len=7
PKT t=11709 TX ua=95 mt=P len=0
PKT t=11718 RX ua=95 mt=R len=7
PKT t=11723 TX ua=95 mt=P len=0
PKT t=11732 RX ua=95 mt=R len=7
PKT t=11737 TX ua=95 mt=P len=0
PKT t=11746 RX ua=95 mt=R len=7
PKT t=11754 TX ua=95 mt=P len=0
PKT t=11787 RX ua=95 mt=R len=7
PKT t=11792 TX ua=95 mt=P len=0
PKT t=11804 RX ua=95 mt=R len=7
PKT t=11809 TX ua=95 mt=P len=0
PKT t=11818 RX ua=95 mt=R len=7
PKT t=11823 TX ua=95 mt=P len=0
PKT t=11832 RX ua=95 mt=R len=7
PKT t=11837 TX ua=95 mt=P len=0
PKT t=11846 RX ua=95 mt=R len=7
PKT t=11854 TX ua=95 mt=T len=7
PKT t=11866 TX ua=95 mt=P len=0
PKT t=11889 RX ua=95 mt=R len=7
PKT t=11894 TX ua=95 mt=P len=0
PKT t=11904 RX ua=95 mt=R len=7
PKT t=11909 TX ua=95 mt=P len=0
PKT t=11918 RX ua=95 mt=R len=7
PKT t=11923 TX ua=95 mt=P len=0
PKT t=11932 RX ua=95 mt=R len=7
PKT t=11937 TX ua=95 mt=P len=0
PKT t=11946 RX ua=95 mt=R len=7
PKT t=11954 TX ua=95 mt=P len=0
PKT t=11987 RX ua=95 mt=R len=7
PKT t=11992 TX ua=95 mt=P len=0
PKT t=12004 RX ua=95 mt=R len=7
PKT t=12009 TX ua=95 mt=P len=0
PKT t=12018 RX ua=95 mt=R len=7
PKT t=12023 TX ua=95 mt=P len=0
PKT t=12033 RX ua=95 mt=R len=7
PKT t=12038 TX ua=95 mt=P len=0
PKT t=12054 RX ua=95 mt=R len=7
PKT t=12059 TX ua=95 mt=P len=0
PKT t=12087 RX ua=95 mt=R len=7
PKT t=12092 TX ua=95 mt=P len=0
PKT t=12104 RX ua=95 mt=R len=7
PKT t=12109 TX ua=95 mt=T len=7
PKT t=12121 TX ua=95 mt=P len=0
PKT t=12130 RX ua=95 mt=R len=7
PKT t=12135 TX ua=95 mt=P len=0
PKT t=12144 RX ua=95 mt=R len=7
PKT t=12154 TX ua=95 mt=P len=0
PKT t=12188 RX ua=95 mt=R len=7
PKT t=12193 TX ua=95 mt=P len=0
PKT t=12204 RX ua=95 mt=R len=7
PKT t=12209 TX ua=95 mt=P len=0
PKT t=12218 RX ua=95 mt=R len=7
PKT t=12223 TX ua=95 mt=P len=0
PKT t=12232 RX ua=95 mt=R len=7
PKT t=12237 TX ua=95 mt=P len=0
PKT t=12246 RX ua=95 mt=R len=7
PKT t=12254 TX ua=95 mt=P len=0
PKT t=12287 RX ua=95 mt=R len=7
PKT t=12292 TX ua=95 mt=P len=0
PKT t=12304 RX ua=95 mt=R len=7
PKT t=12309 TX ua=95 mt=P len=0
PKT t=12318 RX ua=95 mt=R len=7
PKT t=12323 TX ua=95 mt=P len=0
PKT t=12332 RX ua=95 mt=R len=7
PKT t=12337 TX ua=95 mt=P len=0
PKT t=12346 RX ua=95 mt=R len=7
PKT t=12354 TX ua=95 mt=T len=7
PKT t=12366 TX ua=95 mt=P len=0
PKT t=12389 RX ua=95 mt=R len=7
PKT t=12394 TX ua=95 mt=P len=0
PKT t=12404 RX ua=95 mt=R len=7
PKT t=12409 TX ua=95 mt=P len=0
PKT t=12418 RX ua=95 mt=R len=7
PKT t=12423 TX ua=95 mt=P len=0
PKT t=12432 RX ua=95 mt=R len=7
PKT t=12437 TX ua=95 mt=P len=0
PKT t=12446 RX ua=95 mt=R len=7
PKT t=12454 TX ua=95 mt=P len=0
PKT t=12487 RX ua=95 mt=R len=7
PKT t=12492 TX ua=95 mt=P len=0
PKT t=12504 RX ua=95 mt=R len=7
PKT t=12509 TX ua=95 mt=P len=0
PKT t=12518 RX ua=95 mt=R len=7
PKT t=12523 TX ua=95 mt=P len=0
PKT t=12532 RX ua=95 mt=R len=7
PKT t=12537 TX ua=95 mt=P len=0
PKT t=12546 RX ua=95 mt=R len=7
PKT t=12554 TX ua=95 mt=P len=0
PKT t=12587 RX ua=95 mt=R len=7
PKT t=12592 TX ua=95 mt=P len=0
PKT t=12604 RX ua=95 mt=R len=7
PKT t=12609 TX ua=95 mt=T len=7
PKT t=12621 TX ua=95 mt=P len=0
PKT t=12630 RX ua=95 mt=R len=7
PKT t=12635 TX ua=95 mt=P len=0
PKT t=12644 RX ua=95 mt=R len=7
PKT t=12654 TX ua=95 mt=P len=0
PKT t=12687 RX ua=95 mt=R len=7
PKT t=12692 TX ua=95 mt=P len=0
PKT t=12704 RX ua=95 mt=R len=7
PKT t=12709 TX ua=95 mt=P len=0
PKT t=12718 RX ua=95 mt=R len=7
PKT t=12723 TX ua=95 mt=P len=0
PKT t=12732 RX ua=95 mt=R len=7
PKT t=12737 TX ua=95 mt=P len=0
PKT t=12746 RX ua=95 mt=R len=7
PKT t=12754 TX ua=95 mt=P len=0
PKT t=12787 RX ua=95 mt=R len=7
PKT t=12792 TX ua=95 mt=P len=0
PKT t=12804 RX ua=95 mt=R len=7
PKT t=12809 TX ua=95 mt=P len=0
PKT t=12818 RX ua=95 mt=R len=7
PKT t=12823 TX ua=95 mt=P len=0
PKT t=12832 RX ua=95 mt=R len=7
PKT t=12837 TX ua=95 mt=P len=0
PKT t=12846 RX ua=95 mt=R len=7
PKT t=12854 TX ua=95 mt=T len=7
PKT t=12866 TX ua=95 mt=P len=0
PKT t=12889 RX ua=95 mt=R len=7
PKT t=12894 TX ua=95 mt=P len=0
PKT t=12904 RX ua=95 mt=R len=7
PKT t=12909 TX ua=95 mt=P len=0
PKT t=12918 RX ua=95 mt=R len=7
PKT t=12923 TX ua=95 mt=P len=0
PKT t=12932 RX ua=95 mt=R len=7
PKT t=12937 TX ua=95 mt=P len=0
PKT t=12946 RX ua=95 mt=R len=7
PKT t=12954 TX ua=95 mt=P len=0
PKT t=12987 RX ua=95 mt=R len=7
PKT t=12992 TX ua=95 mt=P len=0
PKT t=13004 RX ua=95 mt=R len=7
PKT t=13009 TX ua=95 mt=P len=0
PKT t=13018 RX ua=95 mt=R len=7
PKT t=13023 TX ua=95 mt=P len=0
PKT t=13032 RX ua=95 mt=R len=7
PKT t=13037 TX ua=95 mt=P len=0
PKT t=13046 RX ua=95 mt=R len=7
PKT t=13054 TX ua=95 mt=P len=0
PKT t=13088 RX ua=95 mt=R len=7
PKT t=13093 TX ua=95 mt=P len=0
PKT t=13104 RX ua=95 mt=R len=7
PKT t=13109 TX ua=95 mt=T len=7
PKT t=13122 TX ua=95 mt=P len=0
PKT t=13131 RX ua=95 mt=R len=7
PKT t=13136 TX ua=95 mt=P len=0
PKT t=13145 RX ua=95 mt=R len=7
PKT t=13154 TX ua=95 mt=P len=0
PKT t=13188 RX ua=95 mt=R len=7
PKT t=13193 TX ua=95 mt=P len=0
PKT t=13204 RX ua=95 mt=R len=7
PKT t=13209 TX ua=95 mt=P len=0
PKT t=13218 RX ua=95 mt=R len=7
PKT t=13223 TX ua=95 mt=P len=0
PKT t=13232 RX ua=95 mt=R len=7
PKT t=13237 TX ua=95 mt=P len=0
PKT t=13246 RX ua=95 mt=R len=7
PKT t=13254 TX ua=95 mt=P len=0
PKT t=13287 RX ua=95 mt=R len=7
PKT t=13292 TX ua=95 mt=P len=0
PKT t=13304 RX ua=95 mt=R len=7
PKT t=13309 TX ua=95 mt=P len=0
PKT t=13318 RX ua=95 mt=R len=7
PKT t=13323 TX ua=95 mt=P len=0
PKT t=13332 RX ua=95 mt=R len=7
PKT t=13337 TX ua=95 mt=P len=0
PKT t=13346 RX ua=95 mt=R len=7
PKT t=13354 TX ua=95 mt=T len=7
PKT t=13367 TX ua=95 mt=P len=0
PKT t=13390 RX ua=95 mt=R len=7
PKT t=13395 TX ua=95 mt=P len=0
PKT t=13405 RX ua=95 mt=R len=7
PKT t=13410 TX ua=95 mt=P len=0
PKT t=13420 RX ua=95 mt=R len=7
PKT t=13425 TX ua=95 mt=P len=0
PKT t=13435 RX ua=95 mt=R len=7
PKT t=13440 TX ua=95 mt=P len=0
PKT t=13454 RX ua=95 mt=R len=7
PKT t=13459 TX ua=95 mt=P len=0
PKT t=13488 RX ua=95 mt=R len=7
PKT t=13493 TX ua=95 mt=P len=0
PKT t=13504 RX ua=95 mt=R len=7
PKT t=13509 TX ua=95 mt=P len=0
PKT t=13519 RX ua=95 mt=R len=7
PKT t=13524 TX ua=95 mt=P len=0
PKT t=13534 RX ua=95 mt=R len=7
PKT t=13539 TX ua=95 mt=P len=0
PKT t=13554 RX ua=95 mt=R len=7
PKT t=13559 TX ua=95 mt=P len=0
PKT t=13588 RX ua=95 mt=R len=7
PKT t=13593 TX ua=95 mt=P len=0
PKT t=13604 RX ua=95 mt=R len=7
PKT t=13609 TX ua=95 mt=T len=7
PKT t=13622 TX ua=95 mt=P len=0
PKT t=13631 RX ua=95 mt=R len=7
PKT t=13636 TX ua=95 mt=P len=0
PKT t=13645 RX ua=95 mt=R len=7
PKT t=13654 TX ua=95 mt=P len=0
PKT t=13687 RX ua=95 mt=R len=7
PKT t=13692 TX ua=95 mt=P len=0
PKT t=13704 RX ua=95 mt=R len=7
PKT t=13709 TX ua=95 mt=P len=0
PKT t=13718 RX ua=95 mt=R len=7
PKT t=13723 TX ua=95 mt=P len=0
PKT t=13732 RX ua=95 mt=R len=7
PKT t=13737 TX ua=95 mt=P len=0
PKT t=13746 RX ua=95 mt=R len=7
PKT t=13754 TX ua=95 mt=P len=0
PKT t=13787 RX ua=95 mt=R len=7
PKT t=13792 TX ua=95 mt=P len=0
PKT t=13804 RX ua=95 mt=R len=7
PKT t=13809 TX ua=95 mt=P len=0
PKT t=13818 RX ua=95 mt=R len=7
PKT t=13823 TX ua=95 mt=P len=0
PKT t=13832 RX ua=95 mt=R len=7
PKT t=13837 TX ua=95 mt=P len=0
PKT t=13846 RX ua=95 mt=R len=7
PKT t=13854 TX ua=95 mt=T len=7
PKT t=13867 TX ua=95 mt=P len=0
PKT t=13889 RX ua=95 mt=R len=7
PKT t=13894 TX ua=95 mt=P len=0
PKT t=13904 RX ua=95 mt=R len=7
PKT t=13909 TX ua=95 mt=P len=0
PKT t=13918 RX ua=95 mt=R len=7
PKT t=13923 TX ua=95 mt=P len=0
PKT t=13932 RX ua=95 mt=R len=7
PKT t=13937 TX ua=95 mt=P len=0
PKT t=13946 RX ua=95 mt=R len=7
PKT t=13954 TX ua=95 mt=P len=0
PKT t=13987 RX ua=95 mt=R len=7
PKT t=13992 TX ua=95 mt=P len=0
PKT t=14004 RX ua=95 mt=R len=7
PKT t=14009 TX ua=95 mt=P len=0
PKT t=14018 RX ua=95 mt=R len=7
PKT t=14023 TX ua=95 mt=P len=0
PKT t=14032 RX ua=95 mt=R len=7
PKT t=14037 TX ua=95 mt=P len=0
PKT t=14046 RX ua=95 mt=R len=7
PKT t=14054 TX ua=95 mt=P len=0
PKT t=14087 RX ua=95 mt=R len=7
PKT t=14092 TX ua=95 mt=P len=0
PKT t=14104 RX ua=95 mt=R len=7
PKT t=14109 TX ua=95 mt=T len=7
PKT t=14121 TX ua=95 mt=P len=0
PKT t=14130 RX ua=95 mt=R len=7
PKT t=14135 TX ua=95 mt=P len=0
PKT t=14144 RX ua=95 mt=R len=7
PKT t=14154 TX ua=95 mt=P len=0
PKT t=14187 RX ua=95 mt=R len=7
PKT t=14192 TX ua=95 mt=P len=0
PKT t=14204 RX ua=95 mt=R len=7
PKT t=14209 TX ua=95 mt=P len=0
PKT t=14218 RX ua=95 mt=R len=7
PKT t=14223 TX ua=95 mt=P len=0
PKT t=14232 RX ua=95 mt=R len=7
PKT t=14237 TX ua=95 mt=P len=0
PKT t=14246 RX ua=95 mt=R len=7
PKT t=14254 TX ua=95 mt=P len=0
PKT t=14288 RX ua=95 mt=R len=7
PKT t=14293 TX ua=95 mt=P len=0
PKT t=14304 RX ua=95 mt=R len=7
PKT t=14309 TX ua=95 mt=P len=0
PKT t=14318 RX ua=95 mt=R len=7
PKT t=14323 TX ua=95 mt=P len=0
PKT t=14332 RX ua=95 mt=R len=7
PKT t=14337 TX ua=95 mt=P len=0
PKT t=14346 RX ua=95 mt=R len=7
PKT t=14354 TX ua=95 mt=T len=7
PKT t=14366 TX ua=95 mt=P len=0
PKT t=14389 RX ua=95 mt=R len=7
PKT t=14394 TX ua=95 mt=P len=0
PKT t=14404 RX ua=95 mt=R len=7
PKT t=14409 TX ua=95 mt=P len=0
PKT t=14418 RX ua=95 mt=R len=7
PKT t=14423 TX ua=95 mt=P len=0
PKT t=14432 RX ua=95 mt=R len=7
PKT t=14437 TX ua=95 mt=P len=0
PKT t=14446 RX ua=95 mt=R len=7
PKT t=14454 TX ua=95 mt=P len=0
PKT t=14487 RX ua=95 mt=R len=7
PKT t=14492 TX ua=95 mt=P len=0
PKT t=14504 RX ua=95 mt=R len=7
PKT t=14509 TX ua=95 mt=P len=0
PKT t=14518 RX ua=95 mt=R len=7
PKT t=14523 TX ua=95 mt=P len=0
PKT t=14532 RX ua=95 mt=R len=7
PKT t=14537 TX ua=95 mt=P len=0
PKT t=14546 RX ua=95 mt=R len=7
PKT t=14554 TX ua=95 mt=P len=0
PKT t=14587 RX ua=95 mt=R len=7
PKT t=14592 TX ua=95 mt=P len=0
PKT t=14604 RX ua=95 mt=R len=7
PKT t=14609 TX ua=95 mt=T len=7
PKT t=14621 TX ua=95 mt=P len=0
PKT t=14630 RX ua=95 mt=R len=7
PKT t=14635 TX ua=95 mt=P len=0
PKT t=14644 RX ua=95 mt=R len=7
PKT t=14654 TX ua=95 mt=P len=0
PKT t=14687 RX ua=95 mt=R len=7
PKT t=14692 TX ua=95 mt=P len=0
PKT t=14704 RX ua=95 mt=R len=7
PKT t=14709 TX ua=95 mt=P len=0
PKT t=14718 RX ua=95 mt=R len=7
PKT t=14723 TX ua=95 mt=P len=0
PKT t=14732 RX ua=95 mt=R len=7
PKT t=14737 TX ua=95 mt=P len=0
PKT t=14746 RX ua=95 mt=R len=7
PKT t=14754 TX ua=95 mt=P len=0
PKT t=14788 RX ua=95 mt=R len=7
PKT t=14793 TX ua=95 mt=P len=0
PKT t=14804 RX ua=95 mt=R len=7
PKT t=14809 TX ua=95 mt=P len=0
PKT t=14818 RX ua=95 mt=R len=7
PKT t=14823 TX ua=95 mt=P len=0
PKT t=14832 RX ua=95 mt=R len=7
PKT t=14837 TX ua=95 mt=P len=0
PKT t=14846 RX ua=95 mt=R len=7
PKT t=14854 TX ua=95 mt=T len=7
PKT t=14866 TX ua=95 mt=P len=0
PKT t=14889 RX ua=95 mt=R len=7
PKT t=14894 TX ua=95 mt=P len=0
PKT t=14904 RX ua=95 mt=R len=7
PKT t=14909 TX ua=95 mt=P len=0
PKT t=14918 RX ua=95 mt=R len=7
PKT t=14923 TX ua=95 mt=P len=0
PKT t=14932 RX ua=95 mt=R len=7
PKT t=14937 TX ua=95 mt=P len=0
PKT t=14946 RX ua=95 mt=R len=7
PKT t=14954 TX ua=95 mt=P len=0
PKT t=14987 RX ua=95 mt=R len=7
PKT t=14992 TX ua=95 mt=P len=0
PKT t=15004 RX ua=95 mt=R len=7
PKT t=15009 TX ua=95 mt=P len=0
PKT t=15018 RX ua=95 mt=R len=7
PKT t=15023 TX ua=95 mt=P len=0
PKT t=15032 RX ua=95 mt=R len=7
PKT t=15037 TX ua=95 mt=P len=0
PKT t=15046 RX ua=95 mt=R len=7
PKT t=15054 TX ua=95 mt=P len=0
PKT t=15087 RX ua=95 mt=R len=7
PKT t=15092 TX ua=95 mt=P len=0
PKT t=15104 RX ua=95 mt=R len=7
PKT t=15109 TX ua=95 mt=T len=7
PKT t=15121 TX ua=95 mt=P len=0
PKT t=15130 RX ua=95 mt=R len=7
PKT t=15135 TX ua=95 mt=P len=0
PKT t=15144 RX ua=95 mt=R len=7
PKT t=15154 TX ua=95 mt=P len=0
PKT t=15187 RX ua=95 mt=R len=7
PKT t=15192 TX ua=95 mt=P len=0
PKT t=15204 RX ua=95 mt=R len=7
PKT t=15209 TX ua=95 mt=P len=0
PKT t=15218 RX ua=95 mt=R len=7
PKT t=15223 TX ua=95 mt=P len=0
PKT t=15232 RX ua=95 mt=R len=7
PKT t=15237 TX ua=95 mt=P len=0
PKT t=15246 RX ua=95 mt=R len=7
PKT t=15254 TX ua=95 mt=P len=0
PKT t=15287 RX ua=95 mt=R len=7
PKT t=15292 TX ua=95 mt=P len=0
PKT t=15304 RX ua=95 mt=R len=7
PKT t=15309 TX ua=95 mt=P len=0
PKT t=15318 RX ua=95 mt=R len=7
PKT t=15323 TX ua=95 mt=P len=0
PKT t=15332 RX ua=95 mt=R len=7
PKT t=15337 TX ua=95 mt=P len=0
PKT t=15346 RX ua=95 mt=R len=7
PKT t=15354 TX ua=95 mt=T len=7
PKT t=15366 TX ua=95 mt=P len=0
PKT t=15390 RX ua=95 mt=R len=7
PKT t=15395 TX ua=95 mt=P len=0
PKT t=15405 RX ua=95 mt=R len=7
PKT t=15410 TX ua=95 mt=P len=0
PKT t=15420 RX ua=95 mt=R len=7
PKT t=15425 TX ua=95 mt=P len=0
PKT t=15435 RX ua=95 mt=R len=7
PKT t=15440 TX ua=95 mt=P len=0
PKT t=15454 RX ua=95 mt=R len=7
PKT t=15459 TX ua=95 mt=P len=0
PKT t=15488 RX ua=95 mt=R len=7
PKT t=15493 TX ua=95 mt=P len=0
PKT t=15504 RX ua=95 mt=R len=7
PKT t=15509 TX ua=95 mt=P len=0
PKT t=15519 RX ua=95 mt=R len=7
PKT t=15524 TX ua=95 mt=P len=0
PKT t=15534 RX ua=95 mt=R len=7
PKT t=15539 TX ua=95 mt=P len=0
PKT t=15554 RX ua=95 mt=R len=7
PKT t=15559 TX ua=95 mt=P len=0
PKT t=15588 RX ua=95 mt=R len=7
PKT t=15593 TX ua=95 mt=P len=0
PKT t=15604 RX ua=95 mt=R len=7
PKT t=15609 TX ua=95 mt=T len=7
PKT t=15621 TX ua=95 mt=P len=0
PKT t=15630 RX ua=95 mt=R len=7
PKT t=15635 TX ua=95 mt=P len=0
PKT t=15644 RX ua=95 mt=R len=7
PKT t=15654 TX ua=95 mt=P len=0
PKT t=15687 RX ua=95 mt=R len=7
PKT t=15692 TX ua=95 mt=P len=0
PKT t=15704 RX ua=95 mt=R len=7
PKT t=15709 TX ua=95 mt=P len=0
PKT t=15718 RX ua=95 mt=R len=7
PKT t=15723 TX ua=95 mt=P len=0
PKT t=15732 RX ua=95 mt=R len=7
PKT t=15737 TX ua=95 mt=P len=0
PKT t=15746 RX ua=95 mt=R len=7
PKT t=15754 TX ua=95 mt=P len=0
PKT t=15787 RX ua=95 mt=R len=7
PKT t=15792 TX ua=95 mt=P len=0
PKT t=15804 RX ua=95 mt=R len=7
PKT t=15809 TX ua=95 mt=P len=0
PKT t=15818 RX ua=95 mt=R len=7
PKT t=15823 TX ua=95 mt=P len=0
PKT t=15832 RX ua=95 mt=R len=7
PKT t=15837 TX ua=95 mt=P len=0
PKT t=15846 RX ua=95 mt=R len=7
PKT t=15854 TX ua=95 mt=T len=7
PKT t=15866 TX ua=95 mt=P len=0
PKT t=15889 RX ua=95 mt=R len=7
PKT t=15894 TX ua=95 mt=P len=0
PKT t=15904 RX ua=95 mt=R len=7
PKT t=15909 TX ua=95 mt=P len=0
PKT t=15918 RX ua=95 mt=R len=7
PKT t=15923 TX ua=95 mt=P len=0
PKT t=15932 RX ua=95 mt=R len=7
PKT t=15937 TX ua=95 mt=P len=0
PKT t=15946 RX ua=95 mt=R len=7
PKT t=15954 TX ua=95 mt=P len=0
PKT t=15987 RX ua=95 mt=R len=7
PKT t=15992 TX ua=95 mt=P len=0
PKT t=16004 RX ua=95 mt=R len=7
PKT t=16009 TX ua=95 mt=P len=0
PKT t=16018 RX ua=95 mt=R len=7
PKT t=16023 TX ua=95 mt=P len=0
PKT t=16032 RX ua=95 mt=R len=7
PKT t=16037 TX ua=95 mt=P len=0
PKT t=16046 RX ua=95 mt=R len=7
PKT t=16054 TX ua=95 mt=P len=0
PKT t=16087 RX ua=95 mt=R len=7
PKT t=16092 TX ua=95 mt=P len=0
PKT t=16104 RX ua=95 mt=R len=7
PKT t=16109 TX ua=95 mt=T len=7
PKT t=16121 TX ua=95 mt=P len=0
PKT t=16130 RX ua=95 mt=R len=7
PKT t=16135 TX ua=95 mt=P len=0
PKT t=16144 RX ua=95 mt=R len=7
PKT t=16154 TX ua=95 mt=P len=0
PKT t=16187 RX ua=95 mt=R len=7
PKT t=16192 TX ua=95 mt=P len=0
PKT t=16204 RX ua=95 mt=R len=7
PKT t=16209 TX ua=95 mt=P len=0
PKT t=16218 RX ua=95 mt=R len=7
PKT t=16223 TX ua=95 mt=P len=0
PKT t=16232 RX ua=95 mt=R len=7
PKT t=16237 TX ua=95 mt=P len=0
PKT t=16246 RX ua=95 mt=R len=7
PKT t=16254 TX ua=95 mt=P len=0
PKT t=16287 RX ua=95 mt=R len=7
PKT t=16292 TX ua=95 mt=P len=0
PKT t=16304 RX ua=95 mt=R len=7
PKT t=16309 TX ua=95 mt=P len=0
PKT t=16318 RX ua=95 mt=R len=7
PKT t=16323 TX ua=95 mt=P len=0
PKT t=16332 RX ua=95 mt=R len=7
PKT t=16337 TX ua=95 mt=P len=0
PKT t=16346 RX ua=95 mt=R len=7
PKT t=16354 TX ua=95 mt=T len=7
PKT t=16366 TX ua=95 mt=P len=0
PKT t=16389 RX ua=95 mt=R len=7
PKT t=16394 TX ua=95 mt=P len=0
PKT t=16404 RX ua=95 mt=R len=7
PKT t=16409 TX ua=95 mt=P len=0
PKT t=16418 RX ua=95 mt=R len=7
PKT t=16423 TX ua=95 mt=P len=0
PKT t=16432 RX ua=95 mt=R len=7
PKT t=16437 TX ua=95 mt=P len=0
PKT t=16446 RX ua=95 mt=R len=7
PKT t=16454 TX ua=95 mt=P len=0
PKT t=16487 RX ua=95 mt=R len=7
PKT t=16492 TX ua=95 mt=P len=0
PKT t=16504 RX ua=95 mt=R len=7
PKT t=16509 TX ua=95 mt=P len=0
PKT t=16518 RX ua=95 mt=R len=7
PKT t=16523 TX ua=95 mt=P len=0
PKT t=16532 RX ua=95 mt=R len=7
PKT t=16537 TX ua=95 mt=P len=0
PKT t=16546 RX ua=95 mt=R len=7
PKT t=16554 TX ua=95 mt=P len=0
PKT t=16588 RX ua=95 mt=R len=7
PKT t=16593 TX ua=95 mt=P len=0
PKT t=16604 RX ua=95 mt=R len=7
PKT t=16609 TX ua=95 mt=T len=7
PKT t=16621 TX ua=95 mt=P len=0
PKT t=16630 RX ua=95 mt=R len=7
PKT t=16635 TX ua=95 mt=P len=0
PKT t=16644 RX ua=95 mt=R len=7
PKT t=16654 TX ua=95 mt=P len=0
PKT t=16687 RX ua=95 mt=R len=7
PKT t=16692 TX ua=95 mt=P len=0
PKT t=16704 RX ua=95 mt=R len=7
PKT t=16709 TX ua=95 mt=P len=0
PKT t=16718 RX ua=95 mt=R len=7
PKT t=16723 TX ua=95 mt=P len=0
PKT t=16732 RX ua=95 mt=R len=7
PKT t=16737 TX ua=95 mt=P len=0
PKT t=16746 RX ua=95 mt=R len=7
PKT t=16754 TX ua=95 mt=P len=0
PKT t=16787 RX ua=95 mt=R len=7
PKT t=16792 TX ua=95 mt=P len=0
PKT t=16804 RX ua=95 mt=R len=7
PKT t=16809 TX ua=95 mt=P len=0
PKT t=16818 RX ua=95 mt=R len=7
PKT t=16823 TX ua=95 mt=P len=0
PKT t=16832 RX ua=95 mt=R len=7
PKT t=16837 TX ua=95 mt=P len=0
PKT t=16846 RX ua=95 mt=R len=7
PKT t=16854 TX ua=95 mt=T len=7
PKT t=16866 TX ua=95 mt=P len=0
PKT t=16889 RX ua=95 mt=R len=7
PKT t=16894 TX ua=95 mt=P len=0
PKT t=16904 RX ua=95 mt=R len=7
PKT t=16909 TX ua=95 mt=P len=0
PKT t=16918 RX ua=95 mt=R len=7
PKT t=16923 TX ua=95 mt=P len=0
PKT t=16932 RX ua=95 mt=R len=7
PKT t=16937 TX ua=95 mt=P len=0
PKT t=16946 RX ua=95 mt=R len=7
PKT t=16954 TX ua=95 mt=P len=0
PKT t=16987 RX ua=95 mt=R len=7
PKT t=16992 TX ua=95 mt=P len=0
PKT t=17004 RX ua=95 mt=R len=7
PKT t=17009 TX ua=95 mt=P len=0
PKT t=17018 RX ua=95 mt=R len=7
PKT t=17023 TX ua=95 mt=P len=0
PKT t=17032 RX ua=95 mt=R len=7
PKT t=17037 TX ua=95 mt=P len=0
PKT t=17046 RX ua=95 mt=R len=7
PKT t=17054 TX ua=95 mt=P len=0
PKT t=17087 RX ua=95 mt=R len=7
PKT t=17092 TX ua=95 mt=P len=0
PKT t=17104 RX ua=95 mt=R len=7
PKT t=17109 TX ua=95 mt=T len=7
PKT t=17121 TX ua=95 mt=P len=0
PKT t=17130 RX ua=95 mt=R len=7
PKT t=17135 TX ua=95 mt=P len=0
PKT t=17144 RX ua=95 mt=R len=7
PKT t=17154 TX ua=95 mt=P len=0
PKT t=17188 RX ua=95 mt=R len=7
PKT t=17193 TX ua=95 mt=P len=0
PKT t=17204 RX ua=95 mt=R len=7
PKT t=17209 TX ua=95 mt=P len=0
PKT t=17218 RX ua=95 mt=R len=7
PKT t=17223 TX ua=95 mt=P len=0
PKT t=17232 RX ua=95 mt=R len=7
PKT t=17237 TX ua=95 mt=P len=0
PKT t=17246 RX ua=95 mt=R len=7
PKT t=17254 TX ua=95 mt=P len=0
PKT t=17287 RX ua=95 mt=R len=7
PKT t=17292 TX ua=95 mt=P len=0
PKT t=17304 RX ua=95 mt=R len=7
PKT t=17309 TX ua=95 mt=P len=0
PKT t=17318 RX ua=95 mt=R len=7
PKT t=17323 TX ua=95 mt=P len=0
PKT t=17332 RX ua=95 mt=R len=7
PKT t=17337 TX ua=95 mt=P len=0
PKT t=17346 RX ua=95 mt=R len=7
PKT t=17354 TX ua=95 mt=T len=7
PKT t=17366 TX ua=95 mt=P len=0
PKT t=17390 RX ua=95 mt=R len=7
PKT t=17395 TX ua=95 mt=P len=0
PKT t=17405 RX ua=95 mt=R len=7
PKT t=17410 TX ua=95 mt=P len=0
PKT t=17420 RX ua=95 mt=R len=7
PKT t=17425 TX ua=95 mt=P len=0
PKT t=17435 RX ua=95 mt=R len=7
PKT t=17440 TX ua=95 mt=P len=0
PKT t=17454 RX ua=95 mt=R len=7
PKT t=17459 TX ua=95 mt=P len=0
PKT t=17488 RX ua=95 mt=R len=7
PKT t=17493 TX ua=95 mt=P len=0
PKT t=17504 RX ua=95 mt=R len=7
PKT t=17509 TX ua=95 mt=P len=0
PKT t=17519 RX ua=95 mt=R len=7
PKT t=17524 TX ua=95 mt=P len=0
PKT t=17534 RX ua=95 mt=R len=7
PKT t=17539 TX ua=95 mt=P len=0
PKT t=17554 RX ua=95 mt=R len=7
PKT t=17559 TX ua=95 mt=P len=0
PKT t=17588 RX ua=95 mt=R len=7
PKT t=17593 TX ua=95 mt=P len=0
PKT t=17604 RX ua=95 mt=R len=7
PKT t=17609 TX ua=95 mt=T len=7
PKT t=17621 TX ua=95 mt=P len=0
PKT t=17630 RX ua=95 mt=R len=7
PKT t=17635 TX ua=95 mt=P len=0
PKT t=17644 RX ua=95 mt=R len=7
PKT t=17654 TX ua=95 mt=P len=0
PKT t=17688 RX ua=95 mt=R len=7
PKT t=17693 TX ua=95 mt=P len=0
PKT t=17704 RX ua=95 mt=R len=7
PKT t=17709 TX ua=95 mt=P len=0
PKT t=17718 RX ua=95 mt=R len=7
PKT t=17723 TX ua=95 mt=P len=0
PKT t=17732 RX ua=95 mt=R len=7
PKT t=17737 TX ua=95 mt=P len=0
PKT t=17746 RX ua=95 mt=R len=7
PKT t=17754 TX ua=95 mt=P len=0
PKT t=17787 RX ua=95 mt=R len=7
PKT t=17792 TX ua=95 mt=P len=0
PKT t=17804 RX ua=95 mt=R len=7
PKT t=17809 TX ua=95 mt=P len=0
PKT t=17818 RX ua=95 mt=R len=7
PKT t=17823 TX ua=95 mt=P len=0
PKT t=17832 RX ua=95 mt=R len=7
PKT t=17837 TX ua=95 mt=P len=0
PKT t=17846 RX ua=95 mt=R len=7
PKT t=17854 TX ua=95 mt=T len=7
PKT t=17866 TX ua=95 mt=P len=0
PKT t=17889 RX ua=95 mt=R len=7
PKT t=17894 TX ua=95 mt=P len=0
PKT t=17904 RX ua=95 mt=R len=7
PKT t=17909 TX ua=95 mt=P len=0
PKT t=17918 RX ua=95 mt=R len=7
PKT t=17923 TX ua=95 mt=P len=0
PKT t=17932 RX ua=95 mt=R len=7
PKT t=17937 TX ua=95 mt=P len=0
PKT t=17946 RX ua=95 mt=R len=7
PKT t=17954 TX ua=95 mt=P len=0
PKT t=17987 RX ua=95 mt=R len=7
PKT t=17992 TX ua=95 mt=P len=0
PKT t=18004 RX ua=95 mt=R len=7
PKT t=18009 TX ua=95 mt=P len=0
PKT t=18018 RX ua=95 mt=R len=7
PKT t=18023 TX ua=95 mt=P len=0
PKT t=18032 RX ua=95 mt=R len=7
PKT t=18037 TX ua=95 mt=P len=0
PKT t=18046 RX ua=95 mt=R len=7
PKT t=18054 TX ua=95 mt=P len=0
PKT t=18087 RX ua=95 mt=R len=7
PKT t=18092 TX ua=95 mt=P len=0
PKT t=18104 RX ua=95 mt=R len=7
PKT t=18109 TX ua=95 mt=T len=7
PKT t=18122 TX ua=95 mt=P len=0
PKT t=18131 RX ua=95 mt=R len=7
PKT t=18136 TX ua=95 mt=T len=7
PKT t=18154 TX ua=95 mt=P len=0
PKT t=18187 RX ua=95 mt=R len=7
PKT t=18192 TX ua=95 mt=P len=0
PKT t=18204 RX ua=95 mt=R len=7
PKT t=18209 TX ua=95 mt=P len=0
PKT t=18218 RX ua=95 mt=R len=7
PKT t=18223 TX ua=95 mt=P len=0
PKT t=18232 RX ua=95 mt=R len=7
PKT t=18237 TX ua=95 mt=P len=0
PKT t=18246 RX ua=95 mt=R len=7
PKT t=18254 TX ua=95 mt=P len=0
PKT t=18288 RX ua=95 mt=R len=7
PKT t=18292 TX ua=95 mt=P len=0
PKT t=18304 RX ua=95 mt=R len=7
PKT t=18309 TX ua=95 mt=P len=0
PKT t=18318 RX ua=95 mt=R len=7
PKT t=18323 TX ua=95 mt=P len=0
PKT t=18332 RX ua=95 mt=R len=7
PKT t=18337 TX ua=95 mt=P len=0
PKT t=18346 RX ua=95 mt=R len=7
PKT t=18354 TX ua=95 mt=T len=7
PKT t=18367 TX ua=95 mt=P len=0
PKT t=18389 RX ua=95 mt=R len=7
PKT t=18394 TX ua=95 mt=P len=0
PKT t=18404 RX ua=95 mt=R len=7
PKT t=18409 TX ua=96 mt=I len=13
PKT t=18917 TX ua=96 mt=T len=4
PKT t=18928 TX ua=95 mt=P len=0
PKT t=18937 RX ua=95 mt=R len=7
PKT t=18942 TX ua=96 mt=P len=0
PKT t=19204 TX ua=95 mt=P len=0
PKT t=19213 RX ua=95 mt=R len=7
PKT t=19218 TX ua=95 mt=T len=7
PKT t=19230 TX ua=95 mt=P len=0
PKT t=19239 RX ua=95 mt=R len=7
PKT t=19244 TX ua=95 mt=P len=0
PKT t=19254 RX ua=95 mt=R len=7
PKT t=19259 TX ua=95 mt=P len=0
PKT t=19288 RX ua=95 mt=R len=7
PKT t=19293 TX ua=95 mt=P len=0
PKT t=19304 RX ua=95 mt=R len=7
PKT t=19309 TX ua=95 mt=P len=0
PKT t=19318 RX ua=95 mt=R len=7
PKT t=19323 TX ua=95 mt=P len=0
PKT t=19332 RX ua=95 mt=R len=7
PKT t=19337 TX ua=95 mt=P len=0
PKT t=19346 RX ua=95 mt=R len=7
PKT t=19354 TX ua=95 mt=T len=7
PKT t=19366 TX ua=95 mt=P len=0
PKT t=19390 RX ua=95 mt=R len=7
PKT t=19395 TX ua=95 mt=P len=0
PKT t=19405 RX ua=95 mt=R len=7
PKT t=19410 TX ua=95 mt=P len=0
PKT t=19420 RX ua=95 mt=R len=7
PKT t=19425 TX ua=95 mt=P len=0
PKT t=19435 RX ua=95 mt=R len=7
PKT t=19440 TX ua=95 mt=P len=0
PKT t=19454 RX ua=95 mt=R len=7
PKT t=19459 TX ua=95 mt=P len=0
PKT t=19488 RX ua=95 mt=R len=7
PKT t=19493 TX ua=95 mt=P len=0
PKT t=19504 RX ua=95 mt=R len=7
PKT t=19509 TX ua=95 mt=P len=0
PKT t=19519 RX ua=95 mt=R len=7
PKT t=19524 TX ua=95 mt=P len=0
PKT t=19534 RX ua=95 mt=R len=7
PKT t=19539 TX ua=95 mt=P len=0
PKT t=19554 RX ua=95 mt=R len=7
PKT t=19559 TX ua=95 mt=P len=0
PKT t=19588 RX ua=95 mt=R len=7
PKT t=19593 TX ua=95 mt=P len=0
PKT t=19604 RX ua=95 mt=R len=7
PKT t=19609 TX ua=95 mt=T len=7
PKT t=19621 TX ua=95 mt=P len=0
PKT t=19630 RX ua=95 mt=R len=7
PKT t=19635 TX ua=95 mt=P len=0
PKT t=19644 RX ua=95 mt=R len=7
PKT t=19654 TX ua=95 mt=P len=0
PKT t=19687 RX ua=95 mt=R len=7
PKT t=19692 TX ua=95 mt=P len=0
PKT t=19704 RX ua=95 mt=R len=7
PKT t=19709 TX ua=95 mt=P len=0
PKT t=19718 RX ua=95 mt=R len=7
PKT t=19723 TX ua=95 mt=P len=0
PKT t=19732 RX ua=95 mt=R len=7
PKT t=19737 TX ua=95 mt=P len=0
PKT t=19746 RX ua=95 mt=R len=7
PKT t=19754 TX ua=95 mt=P len=0
PKT t=19788 RX ua=95 mt=R len=7
PKT t=19793 TX ua=95 mt=P len=0
PKT t=19804 RX ua=95 mt=R len=7
PKT t=19809 TX ua=95 mt=P len=0
PKT t=19818 RX ua=95 mt=R len=7
PKT t=19823 TX ua=95 mt=P len=0
PKT t=19832 RX ua=95 mt=R len=7
PKT t=19837 TX ua=95 mt=P len=0
PKT t=19846 RX ua=95 mt=R len=7
PKT t=19854 TX ua=95 mt=T len=7
PKT t=19866 TX ua=95 mt=P len=0
PKT t=19890 RX ua=95 mt=R len=7
PKT t=19894 TX ua=95 mt=P len=0
PKT t=19904 RX ua=95 mt=R len=7
PKT t=19909 TX ua=95 mt=P len=0
PKT t=19918 RX ua=95 mt=R len=7
PKT t=19923 TX ua=95 mt=P len=0
PKT t=19932 RX ua=95 mt=R len=7
PKT t=19937 TX ua=95 mt=P len=0
PKT t=19946 RX ua=95 mt=R len=7
PKT t=19954 TX ua=95 mt=P len=0
PKT t=19987 RX ua=95 mt=R len=7
PKT t=19992 TX ua=95 mt=P len=0
PKT t=20004 RX ua=95 mt=R len=7
PKT t=20009 TX ua=95 mt=P len=0
PKT t=20018 RX ua=95 mt=R len=7
PKT t=20023 TX ua=95 mt=P len=0
PKT t=20032 RX ua=95 mt=R len=7
PKT t=20037 TX ua=95 mt=P len=0
PKT t=20046 RX ua=95 mt=R len=7
PKT t=20054 TX ua=95 mt=P len=0
PKT t=20087 RX ua=95 mt=R len=7
PKT t=20092 TX ua=95 mt=P len=0
PKT t=20104 RX ua=95 mt=R len=7
PKT t=20109 TX ua=95 mt=T len=7
PKT t=20121 TX ua=95 mt=P len=0
PKT t=20130 RX ua=95 mt=R len=7
PKT t=20135 TX ua=95 mt=P len=0
PKT t=20144 RX ua=95 mt=R len=7
PKT t=20154 TX ua=95 mt=P len=0
PKT t=20188 RX ua=95 mt=R len=7
PKT t=20193 TX ua=95 mt=P len=0
PKT t=20204 RX ua=95 mt=R len=7
PKT t=20209 TX ua=95 mt=P len=0
PKT t=20218 RX ua=95 mt=R len=7
PKT t=20223 TX ua=95 mt=P len=0
PKT t=20232 RX ua=95 mt=R len=7
PKT t=20237 TX ua=95 mt=P len=0
PKT t=20246 RX ua=95 mt=R len=7
PKT t=20254 TX ua=95 mt=P len=0
PKT t=20288 RX ua=95 mt=R len=7
PKT t=20293 TX ua=95 mt=P len=0
PKT t=20304 RX ua=95 mt=R len=7
PKT t=20309 TX ua=95 mt=P len=0
PKT t=20318 RX ua=95 mt=R len=7
PKT t=20323 TX ua=95 mt=P len=0
PKT t=20332 RX ua=95 mt=R len=7
PKT t=20337 TX ua=95 mt=P len=0
PKT t=20346 RX ua=95 mt=R len=7
PKT t=20354 TX ua=95 mt=T len=7
PKT t=20366 TX ua=95 mt=P len=0
PKT t=20389 RX ua=95 mt=R len=7
PKT t=20394 TX ua=95 mt=P len=0
PKT t=20404 RX ua=95 mt=R len=7
PKT t=20409 TX ua=95 mt=P len=0
PKT t=20418 RX ua=95 mt=R len=7
PKT t=20423 TX ua=95 mt=P len=0
PKT t=20432 RX ua=95 mt=R len=7
PKT t=20437 TX ua=95 mt=P len=0
PKT t=20446 RX ua=95 mt=R len=7
PKT t=20454 TX ua=95 mt=P len=0
PKT t=20487 RX ua=95 mt=R len=7
PKT t=20492 TX ua=95 mt=P len=0
PKT t=20504 RX ua=95 mt=R len=7
PKT t=20509 TX ua=95 mt=P len=0
PKT t=20518 RX ua=95 mt=R len=7
PKT t=20523 TX ua=95 mt=P len=0
PKT t=20532 RX ua=95 mt=R len=7
PKT t=20537 TX ua=95 mt=P len=0
PKT t=20546 RX ua=95 mt=R len=7
PKT t=20554 TX ua=95 mt=P len=0
PKT t=20588 RX ua=95 mt=R len=7
PKT t=20592 TX ua=95 mt=P len=0
PKT t=20604 RX ua=95 mt=R len=7
PKT t=20609 TX ua=95 mt=T len=7
PKT t=20621 TX ua=95 mt=P len=0
PKT t=20630 RX ua=95 mt=R len=7
PKT t=20635 TX ua=95 mt=P len=0
PKT t=20644 RX ua=95 mt=R len=7
PKT t=20654 TX ua=95 mt=P len=0
PKT t=20687 RX ua=95 mt=R len=7
PKT t=20692 TX ua=95 mt=P len=0
PKT t=20704 RX ua=95 mt=R len=7
PKT t=20709 TX ua=95 mt=P len=0
PKT t=20718 RX ua=95 mt=R len=7
PKT t=20723 TX ua=95 mt=P len=0
PKT t=20732 RX ua=95 mt=R len=7
PKT t=20737 TX ua=95 mt=P len=0
PKT t=20746 RX ua=95 mt=R len=7
PKT t=20754 TX ua=95 mt=P len=0
PKT t=20788 RX ua=95 mt=R len=7
PKT t=20793 TX ua=95 mt=P len=0
PKT t=20804 RX ua=95 mt=R len=7
PKT t=20809 TX ua=95 mt=P len=0
PKT t=20818 RX ua=95 mt=R len=7
PKT t=20823 TX ua=95 mt=P len=0
PKT t=20832 RX ua=95 mt=R len=7
PKT t=20837 TX ua=95 mt=P len=0
PKT t=20846 RX ua=95 mt=R len=7
PKT t=20854 TX ua=95 mt=T len=7
PKT t=20866 TX ua=95 mt=P len=0
PKT t=20890 RX ua=95 mt=R len=7
PKT t=20895 TX ua=95 mt=P len=0
PKT t=20904 RX ua=95 mt=R len=7
PKT t=20909 TX ua=95 mt=P len=0
PKT t=20918 RX ua=95 mt=R len=7
PKT t=20923 TX ua=95 mt=P len=0
PKT t=20932 RX ua=95 mt=R len=7
PKT t=20937 TX ua=95 mt=P len=0
PKT t=20946 RX ua=95 mt=R len=7
PKT t=20954 TX ua=95 mt=P len=0
PKT t=20988 RX ua=95 mt=R len=7
PKT t=20993 TX ua=95 mt=P len=0
PKT t=21004 RX ua=95 mt=R len=7
PKT t=21009 TX ua=95 mt=P len=0
PKT t=21018 RX ua=95 mt=R len=7
PKT t=21023 TX ua=95 mt=P len=0
PKT t=21032 RX ua=95 mt=R len=7
PKT t=21037 TX ua=95 mt=P len=0
PKT t=21046 RX ua=95 mt=R len=7
PKT t=21054 TX ua=95 mt=P len=0
PKT t=21087 RX ua=95 mt=R len=7
PKT t=21092 TX ua=95 mt=P len=0
PKT t=21104 RX ua=95 mt=R len=7
PKT t=21109 TX ua=95 mt=T len=7
PKT t=21122 TX ua=95 mt=P len=0
PKT t=21131 RX ua=95 mt=R len=7
PKT t=21136 TX ua=95 mt=P len=0
PKT t=21145 RX ua=95 mt=R len=7
PKT t=21154 TX ua=95 mt=P len=0
PKT t=21187 RX ua=95 mt=R len=7
PKT t=21192 TX ua=95 mt=P len=0
PKT t=21204 RX ua=95 mt=R len=7
PKT t=21209 TX ua=95 mt=P len=0
PKT t=21218 RX ua=95 mt=R len=7
PKT t=21223 TX ua=95 mt=P len=0
PKT t=21232 RX ua=95 mt=R len=7
PKT t=21237 TX ua=95 mt=P len=0
PKT t=21246 RX ua=95 mt=R len=7
PKT t=21254 TX ua=95 mt=P len=0
PKT t=21287 RX ua=95 mt=R len=7
PKT t=21292 TX ua=95 mt=P len=0
PKT t=21304 RX ua=95 mt=R len=7
PKT t=21309 TX ua=95 mt=P len=0
PKT t=21318 RX ua=95 mt=R len=7
PKT t=21323 TX ua=95 mt=P len=0
PKT t=21332 RX ua=95 mt=R len=7
PKT t=21337 TX ua=95 mt=P len=0
PKT t=21346 RX ua=95 mt=R len=7
PKT t=21354 TX ua=95 mt=T len=7
PKT t=21367 TX ua=95 mt=P len=0
PKT t=21390 RX ua=95 mt=R len=7
PKT t=21395 TX ua=95 mt=P len=0
PKT t=21405 RX ua=95 mt=R len=7
PKT t=21410 TX ua=95 mt=P len=0
PKT t=21420 RX ua=95 mt=R len=7
PKT t=21425 TX ua=95 mt=P len=0
PKT t=21435 RX ua=95 mt=R len=7
PKT t=21440 TX ua=95 mt=P len=0
PKT t=21454 RX ua=95 mt=R len=7
PKT t=21459 TX ua=95 mt=P len=0
PKT t=21488 RX ua=95 mt=R len=7
PKT t=21493 TX ua=95 mt=P len=0
PKT t=21504 RX ua=95 mt=R len=7
PKT t=21509 TX ua=95 mt=P len=0
PKT t=21519 RX ua=95 mt=R len=7
PKT t=21524 TX ua=95 mt=P len=0
PKT t=21534 RX ua=95 mt=R len=7
PKT t=21539 TX ua=95 mt=P len=0
PKT t=21554 RX ua=95 mt=R len=7
PKT t=21559 TX ua=95 mt=P len=0
PKT t=21588 RX ua=95 mt=R len=7
PKT t=21593 TX ua=95 mt=P len=0
PKT t=21604 RX ua=95 mt=R len=7
PKT t=21609 TX ua=95 mt=T len=7
PKT t=21622 TX ua=95 mt=P len=0
PKT t=21631 RX ua=95 mt=R len=7
PKT t=21636 TX ua=95 mt=P len=0
PKT t=21645 RX ua=95 mt=R len=7
PKT t=21654 TX ua=95 mt=P len=0
PKT t=21688 RX ua=95 mt=R len=7
PKT t=21693 TX ua=95 mt=P len=0
PKT t=21704 RX ua=95 mt=R len=7
PKT t=21709 TX ua=95 mt=P len=0
PKT t=21718 RX ua=95 mt=R len=7
PKT t=21723 TX ua=95 mt=P len=0
PKT t=21732 RX ua=95 mt=R len=7
PKT t=21737 TX ua=95 mt=P len=0
PKT t=21746 RX ua=95 mt=R len=7
PKT t=21754 TX ua=95 mt=P len=0
PKT t=21788 RX ua=95 mt=R len=7
PKT t=21793 TX ua=95 mt=P len=0
PKT t=21804 RX ua=95 mt=R len=7
PKT t=21809 TX ua=95 mt=P len=0
PKT t=21818 RX ua=95 mt=R len=7
PKT t=21823 TX ua=95 mt=P len=0
PKT t=21832 RX ua=95 mt=R len=7
PKT t=21837 TX ua=95 mt=P len=0
PKT t=21846 RX ua=95 mt=R len=7
PKT t=21854 TX ua=95 mt=T len=7
PKT t=21867 TX ua=95 mt=P len=0
PKT t=21889 RX ua=95 mt=R len=7
PKT t=21894 TX ua=95 mt=P len=0
PKT t=21904 RX ua=95 mt=R len=7
PKT t=21909 TX ua=95 mt=P len=0
PKT t=21918 RX ua=95 mt=R len=7
PKT t=21923 TX ua=95 mt=P len=0
PKT t=21932 RX ua=95 mt=R len=7
PKT t=21937 TX ua=95 mt=P len=0
PKT t=21946 RX ua=95 mt=R len=7
PKT t=21954 TX ua=95 mt=P len=0
PKT t=21988 RX ua=95 mt=R len=7
PKT t=21993 TX ua=95 mt=P len=0
PKT t=22004 RX ua=95 mt=R len=7
PKT t=22009 TX ua=95 mt=P len=0
PKT t=22019 RX ua=95 mt=R len=7
PKT t=22024 TX ua=95 mt=P len=0
PKT t=22033 RX ua=95 mt=R len=7
PKT t=22038 TX ua=95 mt=P len=0
PKT t=22054 RX ua=95 mt=R len=7
PKT t=22059 TX ua=95 mt=P len=0
PKT t=22088 RX ua=95 mt=R len=7
PKT t=22093 TX ua=95 mt=P len=0
PKT t=22104 RX ua=95 mt=R len=7
PKT t=22109 TX ua=95 mt=T len=7
PKT t=22121 TX ua=95 mt=P len=0
PKT t=22130 RX ua=95 mt=R len=7
PKT t=22135 TX ua=95 mt=P len=0
PKT t=22144 RX ua=95 mt=R len=7
PKT t=22154 TX ua=95 mt=P len=0
PKT t=22188 RX ua=95 mt=R len=7
PKT t=22192 TX ua=95 mt=P len=0
PKT t=22204 RX ua=95 mt=R len=7
PKT t=22209 TX ua=95 mt=P len=0
PKT t=22219 RX ua=95 mt=R len=7
PKT t=22224 TX ua=95 mt=P len=0
PKT t=22233 RX ua=95 mt=R len=7
PKT t=22238 TX ua=95 mt=P len=0
PKT t=22254 RX ua=95 mt=R len=7
PKT t=22259 TX ua=95 mt=P len=0
PKT t=22288 RX ua=95 mt=R len=7
PKT t=22293 TX ua=95 mt=P len=0
PKT t=22304 RX ua=95 mt=R len=7
PKT t=22309 TX ua=95 mt=P len=0
PKT t=22318 RX ua=95 mt=R len=7
PKT t=22323 TX ua=95 mt=P len=0
PKT t=22332 RX ua=95 mt=R len=7
PKT t=22337 TX ua=95 mt=P len=0
PKT t=22346 RX ua=95 mt=R len=7
PKT t=22354 TX ua=95 mt=T len=7
PKT t=22366 TX ua=95 mt=P len=0
PKT t=22390 RX ua=95 mt=R len=7
PKT t=22395 TX ua=95 mt=P len=0
PKT t=22404 RX ua=95 mt=R len=7
PKT t=22409 TX ua=95 mt=P len=0
PKT t=22418 RX ua=95 mt=R len=7
PKT t=22423 TX ua=95 mt=P len=0
PKT t=22432 RX ua=95 mt=R len=7
PKT t=22437 TX ua=95 mt=P len=0
PKT t=22446 RX ua=95 mt=R len=7
PKT t=22454 TX ua=95 mt=P len=0
PKT t=22488 RX ua=95 mt=R len=7
PKT t=22492 TX ua=95 mt=P len=0
PKT t=22504 RX ua=95 mt=R len=7
PKT t=22509 TX ua=95 mt=P len=0
PKT t=22518 RX ua=95 mt=R len=7
PKT t=22523 TX ua=95 mt=P len=0
PKT t=22532 RX ua=95 mt=R len=7
PKT t=22537 TX ua=95 mt=P len=0
PKT t=22546 RX ua=95 mt=R len=7
PKT t=22554 TX ua=95 mt=P len=0
PKT t=22587 RX ua=95 mt=R len=7
PKT t=22592 TX ua=95 mt=P len=0
PKT t=22604 RX ua=95 mt=R len=7
PKT t=22609 TX ua=95 mt=T len=7
PKT t=22621 TX ua=95 mt=P len=0
PKT t=22630 RX ua=95 mt=R len=7
PKT t=22635 TX ua=95 mt=P len=0
PKT t=22644 RX ua=95 mt=R len=7
PKT t=22654 TX ua=95 mt=P len=0
PKT t=22687 RX ua=95 mt=R len=7
PKT t=22692 TX ua=95 mt=P len=0
PKT t=22704 RX ua=95 mt=R len=7
PKT t=22709 TX ua=95 mt=P len=0
PKT t=22718 RX ua=95 mt=R len=7
PKT t=22723 TX ua=95 mt=P len=0
PKT t=22732 RX ua=95 mt=R len=7
PKT t=22737 TX ua=95 mt=P len=0
PKT t=22746 RX ua=95 mt=R len=7
PKT t=22754 TX ua=95 mt=P len=0
PKT t=22787 RX ua=95 mt=R len=7
PKT t=22792 TX ua=95 mt=P len=0
PKT t=22804 RX ua=95 mt=R len=7
PKT t=22809 TX ua=95 mt=P len=0
PKT t=22818 RX ua=95 mt=R len=7
PKT t=22823 TX ua=95 mt=P len=0
PKT t=22832 RX ua=95 mt=R len=7
PKT t=22837 TX ua=95 mt=P len=0
PKT t=22846 RX ua=95 mt=R len=7
PKT t=22854 TX ua=95 mt=T len=7
PKT t=22866 TX ua=95 mt=P len=0
PKT t=22889 RX ua=95 mt=R len=7
PKT t=22894 TX ua=95 mt=P len=0
PKT t=22904 RX ua=95 mt=R len=7
PKT t=22909 TX ua=95 mt=P len=0
PKT t=22918 RX ua=95 mt=R len=7
PKT t=22923 TX ua=95 mt=P len=0
PKT t=22932 RX ua=95 mt=R len=7
PKT t=22937 TX ua=95 mt=P len=0
PKT t=22946 RX ua=95 mt=R len=7
PKT t=22954 TX ua=95 mt=P len=0
PKT t=22987 RX ua=95 mt=R len=7
PKT t=22992 TX ua=95 mt=P len=0
PKT t=23004 RX ua=95 mt=R len=7
PKT t=23009 TX ua=95 mt=P len=0
PKT t=23018 RX ua=95 mt=R len=7
PKT t=23023 TX ua=95 mt=P len=0
PKT t=23032 RX ua=95 mt=R len=7
PKT t=23037 TX ua=95 mt=P len=0
PKT t=23046 RX ua=95 mt=R len=7
PKT t=23054 TX ua=95 mt=P len=0
PKT t=23088 RX ua=95 mt=R len=7
PKT t=23093 TX ua=95 mt=P len=0
PKT t=23104 RX ua=95 mt=R len=7
PKT t=23109 TX ua=95 mt=T len=7
PKT t=23121 TX ua=95 mt=P len=0
PKT t=23130 RX ua=95 mt=R len=7
PKT t=23135 TX ua=95 mt=P len=0
PKT t=23144 RX ua=95 mt=R len=7
PKT t=23154 TX ua=95 mt=P len=0
PKT t=23188 RX ua=95 mt=R len=7
PKT t=23193 TX ua=95 mt=P len=0
PKT t=23204 RX ua=95 mt=R len=7
PKT t=23209 TX ua=95 mt=P len=0
PKT t=23218 RX ua=95 mt=R len=7
PKT t=23223 TX ua=95 mt=P len=0
PKT t=23232 RX ua=95 mt=R len=7
PKT t=23237 TX ua=95 mt=P len=0
PKT t=23246 RX ua=95 mt=R len=7
PKT t=23254 TX ua=95 mt=P len=0
PKT t=23288 RX ua=95 mt=R len=7
PKT t=23293 TX ua=95 mt=P len=0
PKT t=23304 RX ua=95 mt=R len=7
PKT t=23309 TX ua=95 mt=P len=0
PKT t=23318 RX ua=95 mt=R len=7
PKT t=23323 TX ua=95 mt=P len=0
PKT t=23332 RX ua=95 mt=R len=7
PKT t=23337 TX ua=95 mt=P len=0
PKT t=23346 RX ua=95 mt=R len=7
PKT t=23354 TX ua=95 mt=T len=7
PKT t=23366 TX ua=95 mt=P len=0
PKT t=23390 RX ua=95 mt=R len=7
PKT t=23395 TX ua=95 mt=P len=0
PKT t=23405 RX ua=95 mt=R len=7
PKT t=23410 TX ua=95 mt=P len=0
PKT t=23420 RX ua=95 mt=R len=7
PKT t=23425 TX ua=95 mt=P len=0
PKT t=23435 RX ua=95 mt=R len=7
PKT t=23440 TX ua=95 mt=P len=0
PKT t=23454 RX ua=95 mt=R len=7
PKT t=23459 TX ua=95 mt=P len=0
PKT t=23488 RX ua=95 mt=R len=7
PKT t=23493 TX ua=95 mt=P len=0
PKT t=23504 RX ua=95 mt=R len=7
PKT t=23509 TX ua=95 mt=P len=0
PKT t=23519 RX ua=95 mt=R len=7
PKT t=23524 TX ua=95 mt=P len=0
PKT t=23534 RX ua=95 mt=R len=7
PKT t=23539 TX ua=95 mt=P len=0
PKT t=23554 RX ua=95 mt=R len=7
PKT t=23559 TX ua=95 mt=P len=0
PKT t=23588 RX ua=95 mt=R len=7
PKT t=23593 TX ua=95 mt=P len=0
PKT t=23604 RX ua=95 mt=R len=7
PKT t=23609 TX ua=95 mt=T len=7
PKT t=23621 TX ua=95 mt=P len=0
PKT t=23630 RX ua=95 mt=R len=7
PKT t=23635 TX ua=95 mt=P len=0
PKT t=23644 RX ua=95 mt=R len=7
PKT t=23654 TX ua=95 mt=P len=0
PKT t=23687 RX ua=95 mt=R len=7
PKT t=23692 TX ua=95 mt=P len=0
PKT t=23704 RX ua=95 mt=R len=7
PKT t=23709 TX ua=95 mt=P len=0
PKT t=23718 RX ua=95 mt=R len=7
PKT t=23723 TX ua=95 mt=P len=0
PKT t=23732 RX ua=95 mt=R len=7
PKT t=23737 TX ua=95 mt=P len=0
PKT t=23746 RX ua=95 mt=R len=7
PKT t=23754 TX ua=95 mt=P len=0
PKT t=23787 RX ua=95 mt=R len=7
PKT t=23792 TX ua=95 mt=P len=0
PKT t=23804 RX ua=95 mt=R len=7
PKT t=23809 TX ua=95 mt=P len=0
PKT t=23818 RX ua=95 mt=R len=7
PKT t=23823 TX ua=95 mt=P len=0
PKT t=23832 RX ua=95 mt=R len=7
PKT t=23837 TX ua=95 mt=P len=0
PKT t=23846 RX ua=95 mt=R len=7
PKT t=23854 TX ua=95 mt=T len=7
PKT t=23866 TX ua=95 mt=P len=0
PKT t=23889 RX ua=95 mt=R len=7
PKT t=23894 TX ua=95 mt=P len=0
PKT t=23904 RX ua=95 mt=R len=7
PKT t=23909 TX ua=95 mt=P len=0
PKT t=23918 RX ua=95 mt=R len=7
PKT t=23923 TX ua=95 mt=P len=0
PKT t=23932 RX ua=95 mt=R len=7
PKT t=23937 TX ua=95 mt=P len=0
PKT t=23946 RX ua=95 mt=R len=7
PKT t=23954 TX ua=95 mt=P len=0
PKT t=23987 RX ua=95 mt=R len=7
PKT t=23992 TX ua=95 mt=P len=0
PKT t=24004 RX ua=95 mt=R len=7
PKT t=24009 TX ua=95 mt=P len=0
PKT t=24020 RX ua=95 mt=R len=7
PKT t=24025 TX ua=95 mt=P len=0
PKT t=24034 RX ua=95 mt=R len=7
PKT t=24039 TX ua=95 mt=P len=0
PKT t=24054 RX ua=95 mt=R len=7
PKT t=24059 TX ua=95 mt=P len=0
PKT t=24089 RX ua=95 mt=R len=7
PKT t=24094 TX ua=95 mt=P len=0
PKT t=24104 RX ua=95 mt=R len=7
PKT t=24109 TX ua=95 mt=T len=7
PKT t=24121 TX ua=95 mt=P len=0
PKT t=24130 RX ua=95 mt=R len=7
PKT t=24135 TX ua=95 mt=P len=0
PKT t=24144 RX ua=95 mt=R len=7
PKT t=24154 TX ua=95 mt=P len=0
PKT t=24163 RX ua=95 mt=R len=7
PKT t=24168 TX ua=95 mt=P len=0
PKT t=24204 RX ua=95 mt=R len=7
PKT t=24209 TX ua=95 mt=P len=0
PKT t=24218 RX ua=95 mt=R len=7
PKT t=24223 TX ua=95 mt=P len=0
PKT t=24232 RX ua=95 mt=R len=7
PKT t=24237 TX ua=95 mt=P len=0
PKT t=24246 RX ua=95 mt=R len=7
PKT t=24254 TX ua=95 mt=P len=0
PKT t=24263 RX ua=95 mt=R len=7
PKT t=24268 TX ua=95 mt=P len=0
PKT t=24304 RX ua=95 mt=R len=7
PKT t=24309 TX ua=95 mt=P len=0
PKT t=24318 RX ua=95 mt=R len=7
PKT t=24323 TX ua=95 mt=P len=0
PKT t=24332 RX ua=95 mt=R len=7
PKT t=24337 TX ua=95 mt=P len=0
PKT t=24346 RX ua=95 mt=R len=7
PKT t=24354 TX ua=95 mt=T len=7
PKT t=24366 TX ua=95 mt=P len=0
PKT t=24396 RX ua=95 mt=R len=7
PKT t=24404 TX ua=95 mt=P len=0
PKT t=24413 RX ua=95 mt=R len=7
PKT t=24418 TX ua=95 mt=P len=0
PKT t=24427 RX ua=95 mt=R len=7
PKT t=24432 TX ua=95 mt=P len=0
PKT t=24442 RX ua=95 mt=R len=7
PKT t=24447 TX ua=95 mt=P len=0
PKT t=24456 RX ua=95 mt=R len=7
PKT t=24461 TX ua=95 mt=P len=0
PKT t=24470 RX ua=95 mt=R len=7
PKT t=24475 TX ua=95 mt=P len=0
PKT t=24505 RX ua=95 mt=R len=7
PKT t=24510 TX ua=95 mt=P len=0
PKT t=24519 RX ua=95 mt=R len=7
PKT t=24524 TX ua=95 mt=P len=0
PKT t=24533 RX ua=95 mt=R len=7
PKT t=24538 TX ua=95 mt=P len=0
PKT t=24554 RX ua=95 mt=R len=7
PKT t=24559 TX ua=95 mt=P len=0
PKT t=24568 RX ua=95 mt=R len=7
PKT t=24573 TX ua=95 mt=P len=0
PKT t=24604 RX ua=95 mt=R len=7
PKT t=24609 TX ua=95 mt=T len=7
PKT t=24621 TX ua=95 mt=P len=0
PKT t=24630 RX ua=95 mt=R len=7
PKT t=24635 TX ua=95 mt=P len=0
PKT t=24644 RX ua=95 mt=R len=7
PKT t=24654 TX ua=95 mt=P len=0
PKT t=24663 RX ua=95 mt=R len=7
PKT t=24668 TX ua=95 mt=P len=0
PKT t=24677 RX ua=95 mt=R len=7
PKT t=24682 TX ua=95 mt=P len=0
PKT t=24711 RX ua=95 mt=R len=7
PKT t=24716 TX ua=95 mt=P len=0
PKT t=24725 RX ua=95 mt=R len=7
PKT t=24730 TX ua=95 mt=P len=0
PKT t=24739 RX ua=95 mt=R len=7
PKT t=24744 TX ua=95 mt=P len=0
PKT t=24754 RX ua=95 mt=R len=7
PKT t=24759 TX ua=95 mt=P len=0
PKT t=24768 RX ua=95 mt=R len=7
PKT t=24773 TX ua=95 mt=P len=0
PKT t=24783 RX ua=95 mt=R len=7
PKT t=24787 TX ua=95 mt=P len=0
PKT t=24817 RX ua=95 mt=R len=7
PKT t=24822 TX ua=95 mt=P len=0
PKT t=24831 RX ua=95 mt=R len=7
PKT t=24836 TX ua=95 mt=P len=0
PKT t=24845 RX ua=95 mt=R len=7
PKT t=24854 TX ua=95 mt=T len=7
PKT t=24866 TX ua=95 mt=P len=0
PKT t=24875 RX ua=95 mt=R len=7
PKT t=24880 TX ua=95 mt=P len=0
PKT t=24889 RX ua=95 mt=R len=7
PKT t=24894 TX ua=95 mt=P len=0
PKT t=24923 RX ua=95 mt=R len=7
PKT t=24928 TX ua=95 mt=P len=0
PKT t=24937 RX ua=95 mt=R len=7
PKT t=24942 TX ua=95 mt=P len=0
PKT t=24954 RX ua=95 mt=R len=7
PKT t=24959 TX ua=95 mt=P len=0
PKT t=24968 RX ua=95 mt=R len=7
PKT t=24973 TX ua=95 mt=P len=0
PKT t=24982 RX ua=95 mt=R len=7
PKT t=24987 TX ua=95 mt=P len=0
PKT t=24996 RX ua=95 mt=R len=7
PKT t=25004 TX ua=95 mt=P len=0
PKT t=25030 RX ua=95 mt=R len=7
PKT t=25035 TX ua=95 mt=P len=0
PKT t=25044 RX ua=95 mt=R len=7
PKT t=25054 TX ua=95 mt=P len=0
PKT t=25063 RX ua=95 mt=R len=7
PKT t=25068 TX ua=95 mt=P len=0
PKT t=25077 RX ua=95 mt=R len=7
PKT t=25082 TX ua=95 mt=P len=0
PKT t=25091 RX ua=95 mt=R len=7
PKT t=25096 TX ua=95 mt=P len=0
PKT t=25130 RX ua=95 mt=R len=7
PKT t=25135 TX ua=95 mt=T len=7
PKT t=25147 TX ua=95 mt=P len=0
PKT t=25156 RX ua=95 mt=R len=7
PKT t=25161 TX ua=95 mt=P len=0
PKT t=25170 RX ua=95 mt=R len=7
PKT t=25175 TX ua=95 mt=P len=0
PKT t=25184 RX ua=95 mt=R len=7
PKT t=25189 TX ua=95 mt=P len=0
PKT t=25204 RX ua=95 mt=R len=7
PKT t=25209 TX ua=95 mt=P len=0
PKT t=25233 RX ua=95 mt=R len=7
PKT t=25238 TX ua=95 mt=P len=0
PKT t=25254 RX ua=95 mt=R len=7
PKT t=25259 TX ua=95 mt=P len=0
PKT t=25268 RX ua=95 mt=R len=7
PKT t=25273 TX ua=95 mt=P len=0
PKT t=25282 RX ua=95 mt=R len=7
PKT t=25287 TX ua=95 mt=P len=0
PKT t=25296 RX ua=95 mt=R len=7
PKT t=25304 TX ua=95 mt=P len=0
PKT t=25332 RX ua=95 mt=R len=7
PKT t=25337 TX ua=95 mt=P len=0
PKT t=25346 RX ua=95 mt=R len=7
PKT t=25354 TX ua=95 mt=T len=7
PKT t=25366 TX ua=95 mt=P len=0
PKT t=25376 RX ua=95 mt=R len=7
PKT t=25381 TX ua=95 mt=P len=0
PKT t=25391 RX ua=95 mt=R len=7
PKT t=25396 TX ua=95 mt=P len=0
PKT t=25406 RX ua=95 mt=R len=7
PKT t=25411 TX ua=95 mt=P len=0
PKT t=25440 RX ua=95 mt=R len=7
PKT t=25445 TX ua=95 mt=P len=0
PKT t=25455 RX ua=95 mt=R len=7
PKT t=25460 TX ua=95 mt=P len=0
PKT t=25470 RX ua=95 mt=R len=7
PKT t=25475 TX ua=95 mt=P len=0
PKT t=25485 RX ua=95 mt=R len=7
PKT t=25490 TX ua=95 mt=P len=0
PKT t=25504 RX ua=95 mt=R len=7
PKT t=25509 TX ua=95 mt=P len=0
PKT t=25539 RX ua=95 mt=R len=7
PKT t=25544 TX ua=95 mt=P len=0
PKT t=25554 RX ua=95 mt=R len=7
PKT t=25559 TX ua=95 mt=P len=0
PKT t=25569 RX ua=95 mt=R len=7
PKT t=25574 TX ua=95 mt=P len=0
PKT t=25584 RX ua=95 mt=R len=7
PKT t=25589 TX ua=95 mt=P len=0
PKT t=25604 RX ua=95 mt=R len=7
PKT t=25609 TX ua=95 mt=T len=7
PKT t=25621 TX ua=95 mt=P len=0
PKT t=25641 RX ua=95 mt=R len=7
PKT t=25646 TX ua=95 mt=P len=0
PKT t=25655 RX ua=95 mt=R len=7
PKT t=25660 TX ua=95 mt=P len=0
PKT t=25669 RX ua=95 mt=R len=7
PKT t=25674 TX ua=95 mt=P len=0
PKT t=25683 RX ua=95 mt=R len=7
PKT t=25688 TX ua=95 mt=P len=0
PKT t=25704 RX ua=95 mt=R len=7
PKT t=25709 TX ua=95 mt=P len=0
PKT t=25740 RX ua=95 mt=R len=7
PKT t=25745 TX ua=95 mt=P len=0
PKT t=25754 RX ua=95 mt=R len=7
PKT t=25759 TX ua=95 mt=P len=0
PKT t=25768 RX ua=95 mt=R len=7
PKT t=25773 TX ua=95 mt=P len=0
PKT t=25782 RX ua=95 mt=R len=7
PKT t=25787 TX ua=95 mt=P len=0
PKT t=25796 RX ua=95 mt=R len=7
PKT t=25804 TX ua=95 mt=P len=0
PKT t=25813 RX ua=95 mt=R len=7
PKT t=25818 TX ua=95 mt=P len=0
PKT t=25854 RX ua=95 mt=R len=7
PKT t=25859 TX ua=95 mt=T len=7
PKT t=25871 TX ua=95 mt=P len=0
PKT t=25880 RX ua=95 mt=R len=7
PKT t=25885 TX ua=95 mt=P len=0
PKT t=25894 RX ua=95 mt=R len=7
PKT t=25904 TX ua=95 mt=P len=0
PKT t=25913 RX ua=95 mt=R len=7
PKT t=25918 TX ua=95 mt=P len=0
PKT t=25954 RX ua=95 mt=R len=7
PKT t=25959 TX ua=95 mt=P len=0
PKT t=25968 RX ua=95 mt=R len=7
PKT t=25973 TX ua=95 mt=P len=0
PKT t=25982 RX ua=95 mt=R len=7
PKT t=25987 TX ua=95 mt=P len=0
PKT t=25996 RX ua=95 mt=R len=7
PKT t=26004 TX ua=95 mt=P len=0
PKT t=26013 RX ua=95 mt=R len=7
PKT t=26021 TX ua=95 mt=P len=0
PKT t=26054 RX ua=95 mt=R len=7
PKT t=26059 TX ua=95 mt=P len=0
PKT t=26068 RX ua=95 mt=R len=7
PKT t=26073 TX ua=95 mt=P len=0
PKT t=26082 RX ua=95 mt=R len=7
PKT t=26087 TX ua=95 mt=P len=0
PKT t=26096 RX ua=95 mt=R len=7
PKT t=26104 TX ua=95 mt=T len=7
PKT t=26117 TX ua=95 mt=P len=0
PKT t=26154 RX ua=95 mt=R len=7
PKT t=26159 TX ua=95 mt=T len=7
PKT t=26172 TX ua=95 mt=P len=0
PKT t=26181 RX ua=95 mt=R len=7
PKT t=26186 TX ua=95 mt=P len=0
PKT t=26195 RX ua=95 mt=R len=7
PKT t=26204 TX ua=95 mt=P len=0
PKT t=26213 RX ua=95 mt=R len=7
PKT t=26218 TX ua=95 mt=P len=0
PKT t=26254 RX ua=95 mt=R len=7
PKT t=26259 TX ua=95 mt=P len=0
PKT t=26268 RX ua=95 mt=R len=7
PKT t=26273 TX ua=95 mt=P len=0
PKT t=26282 RX ua=95 mt=R len=7
PKT t=26287 TX ua=95 mt=P len=0
PKT t=26296 RX ua=95 mt=R len=7
PKT t=26304 TX ua=95 mt=P len=0
PKT t=26313 RX ua=95 mt=R len=7
PKT t=26318 TX ua=95 mt=P len=0
PKT t=26354 RX ua=95 mt=R len=7
PKT t=26359 TX ua=95 mt=T len=7
PKT t=26372 TX ua=95 mt=P len=0
PKT t=26381 RX ua=95 mt=R len=7
PKT t=26386 TX ua=95 mt=P len=0
PKT t=26395 RX ua=95 mt=R len=7
PKT t=26404 TX ua=95 mt=P len=0
PKT t=26413 RX ua=95 mt=R len=7
PKT t=26418 TX ua=95 mt=P len=0
PKT t=26454 RX ua=95 mt=R len=7
PKT t=26459 TX ua=95 mt=P len=0
PKT t=26468 RX ua=95 mt=R len=7
PKT t=26473 TX ua=95 mt=P len=0
PKT t=26482 RX ua=95 mt=R len=7
PKT t=26487 TX ua=95 mt=P len=0
PKT t=26496 RX ua=95 mt=R len=7
PKT t=26504 TX ua=95 mt=P len=0
PKT t=26513 RX ua=95 mt=R len=7
PKT t=26518 TX ua=95 mt=P len=0
PKT t=26554 RX ua=95 mt=R len=7
PKT t=26559 TX ua=95 mt=P len=0
PKT t=26568 RX ua=95 mt=R len=7
PKT t=26573 TX ua=95 mt=P len=0
PKT t=26582 RX ua=95 mt=R len=7
PKT t=26587 TX ua=95 mt=P len=0
PKT t=26596 RX ua=95 mt=R len=7
PKT t=26604 TX ua=95 mt=T len=7
PKT t=26617 TX ua=95 mt=P len=0
PKT t=26646 RX ua=95 mt=R len=7
PKT t=26655 TX ua=95 mt=P len=0
PKT t=26664 RX ua=95 mt=R len=7
PKT t=26669 TX ua=95 mt=P len=0
PKT t=26678 RX ua=95 mt=R len=7
PKT t=26683 TX ua=95 mt=P len=0
PKT t=26692 RX ua=95 mt=R len=7
PKT t=26697 TX ua=95 mt=P len=0
PKT t=26706 RX ua=95 mt=R len=7
PKT t=26711 TX ua=95 mt=P len=0
PKT t=26720 RX ua=95 mt=R len=7
PKT t=26725 TX ua=95 mt=P len=0
PKT t=26754 RX ua=95 mt=R len=7
PKT t=26759 TX ua=95 mt=P len=0
PKT t=26768 RX ua=95 mt=R len=7
PKT t=26773 TX ua=95 mt=P len=0
PKT t=26782 RX ua=95 mt=R len=7
PKT t=26787 TX ua=95 mt=P len=0
PKT t=26796 RX ua=95 mt=R len=7
PKT t=26804 TX ua=95 mt=P len=0
PKT t=26813 RX ua=95 mt=R len=7
PKT t=26818 TX ua=95 mt=P len=0
PKT t=26827 RX ua=95 mt=R len=7
PKT t=26832 TX ua=95 mt=P len=0
PKT t=26861 RX ua=95 mt=R len=7
PKT t=26866 TX ua=95 mt=T len=7
PKT t=26879 TX ua=95 mt=P len=0
PKT t=26888 RX ua=95 mt=R len=7
PKT t=26893 TX ua=95 mt=P len=0
PKT t=26904 RX ua=95 mt=R len=7
PKT t=26909 TX ua=95 mt=P len=0
PKT t=26918 RX ua=95 mt=R len=7
PKT t=26923 TX ua=95 mt=P len=0
PKT t=26932 RX ua=95 mt=R len=7
PKT t=26937 TX ua=95 mt=P len=0
PKT t=26966 RX ua=95 mt=R len=7
PKT t=26971 TX ua=95 mt=P len=0
PKT t=26980 RX ua=95 mt=R len=7
PKT t=26985 TX ua=95 mt=P len=0
PKT t=26994 RX ua=95 mt=R len=7
PKT t=27004 TX ua=95 mt=P len=0
PKT t=27013 RX ua=95 mt=R len=7
PKT t=27018 TX ua=95 mt=P len=0
PKT t=27027 RX ua=95 mt=R len=7
PKT t=27032 TX ua=95 mt=P len=0
PKT t=27066 RX ua=95 mt=R len=7
PKT t=27071 TX ua=95 mt=P len=0
PKT t=27080 RX ua=95 mt=R len=7
PKT t=27085 TX ua=95 mt=P len=0
PKT t=27094 RX ua=95 mt=R len=7
PKT t=27104 TX ua=95 mt=T len=7
PKT t=27116 TX ua=95 mt=P len=0
PKT t=27125 RX ua=95 mt=R len=7
PKT t=27130 TX ua=95 mt=P len=0
PKT t=27139 RX ua=95 mt=R len=7
PKT t=27144 TX ua=95 mt=P len=0
PKT t=27173 RX ua=95 mt=R len=7
PKT t=27178 TX ua=95 mt=P len=0
PKT t=27187 RX ua=95 mt=R len=7
PKT t=27192 TX ua=95 mt=P len=0
PKT t=27204 RX ua=95 mt=R len=7
PKT t=27209 TX ua=95 mt=P len=0
PKT t=27218 RX ua=95 mt=R len=7
PKT t=27223 TX ua=95 mt=P len=0
PKT t=27232 RX ua=95 mt=R len=7
PKT t=27237 TX ua=95 mt=P len=0
PKT t=27246 RX ua=95 mt=R len=7
PKT t=27254 TX ua=95 mt=P len=0
PKT t=27280 RX ua=95 mt=R len=7
PKT t=27285 TX ua=95 mt=P len=0
PKT t=27294 RX ua=95 mt=R len=7
PKT t=27304 TX ua=95 mt=P len=0
PKT t=27313 RX ua=95 mt=R len=7
PKT t=27318 TX ua=95 mt=P len=0
PKT t=27327 RX ua=95 mt=R len=7
PKT t=27332 TX ua=95 mt=P len=0
PKT t=27341 RX ua=95 mt=R len=7
PKT t=27346 TX ua=95 mt=P len=0
PKT t=27379 RX ua=95 mt=R len=7
PKT t=27384 TX ua=95 mt=T len=7
PKT t=27396 TX ua=95 mt=P len=0
PKT t=27406 RX ua=95 mt=R len=7
PKT t=27411 TX ua=95 mt=P len=0
PKT t=27421 RX ua=95 mt=R len=7
PKT t=27426 TX ua=95 mt=P len=0
PKT t=27436 RX ua=95 mt=R len=7
PKT t=27441 TX ua=95 mt=P len=0
PKT t=27454 RX ua=95 mt=R len=7
PKT t=27459 TX ua=95 mt=P len=0
PKT t=27485 RX ua=95 mt=R len=7
PKT t=27490 TX ua=95 mt=P len=0
PKT t=27504 RX ua=95 mt=R len=7
PKT t=27509 TX ua=95 mt=P len=0
PKT t=27519 RX ua=95 mt=R len=7
PKT t=27524 TX ua=95 mt=P len=0
PKT t=27534 RX ua=95 mt=R len=7
PKT t=27539 TX ua=95 mt=P len=0
PKT t=27554 RX ua=95 mt=R len=7
PKT t=27559 TX ua=95 mt=P len=0
PKT t=27584 RX ua=95 mt=R len=7
PKT t=27589 TX ua=95 mt=P len=0
PKT t=27604 RX ua=95 mt=R len=7
PKT t=27609 TX ua=95 mt=T len=7
PKT t=27621 TX ua=95 mt=P len=0
PKT t=27630 RX ua=95 mt=R len=7
PKT t=27635 TX ua=95 mt=P len=0
PKT t=27644 RX ua=95 mt=R len=7
PKT t=27654 TX ua=95 mt=P len=0
PKT t=27684 RX ua=95 mt=R len=7
PKT t=27689 TX ua=95 mt=P len=0
PKT t=27704 RX ua=95 mt=R len=7
PKT t=27709 TX ua=95 mt=P len=0
PKT t=27718 RX ua=95 mt=R len=7
PKT t=27723 TX ua=95 mt=P len=0
PKT t=27732 RX ua=95 mt=R len=7
PKT t=27737 TX ua=95 mt=P len=0
PKT t=27746 RX ua=95 mt=R len=7
PKT t=27754 TX ua=95 mt=P len=0
PKT t=27784 RX ua=95 mt=R len=7
PKT t=27789 TX ua=95 mt=P len=0
PKT t=27804 RX ua=95 mt=R len=7
PKT t=27809 TX ua=95 mt=P len=0
PKT t=27818 RX ua=95 mt=R len=7
PKT t=27823 TX ua=95 mt=P len=0
PKT t=27832 RX ua=95 mt=R len=7
PKT t=27837 TX ua=95 mt=P len=0
PKT t=27846 RX ua=95 mt=R len=7
PKT t=27854 TX ua=95 mt=T len=7
PKT t=27866 TX ua=95 mt=P len=0
PKT t=27885 RX ua=95 mt=R len=7
PKT t=27890 TX ua=95 mt=P len=0
PKT t=27904 RX ua=95 mt=R len=7
PKT t=27909 TX ua=95 mt=P len=0
PKT t=27918 RX ua=95 mt=R len=7
PKT t=27923 TX ua=95 mt=P len=0
PKT t=27932 RX ua=95 mt=R len=7
PKT t=27937 TX ua=95 mt=P len=0
PKT t=27946 RX ua=95 mt=R len=7
PKT t=27954 TX ua=95 mt=P len=0
PKT t=27983 RX ua=95 mt=R len=7
PKT t=27988 TX ua=95 mt=P len=0
PKT t=28004 RX ua=95 mt=R len=7
PKT t=28009 TX ua=95 mt=P len=0
PKT t=28022 RX ua=95 mt=R len=7
PKT t=28027 TX ua=95 mt=P len=0
PKT t=28036 RX ua=95 mt=R len=7
PKT t=28041 TX ua=95 mt=P len=0
PKT t=28054 RX ua=95 mt=R len=7
PKT t=28059 TX ua=95 mt=P len=0
PKT t=28089 RX ua=95 mt=R len=7
PKT t=28094 TX ua=95 mt=P len=0
PKT t=28104 RX ua=95 mt=R len=7
PKT t=28109 TX ua=95 mt=T len=7
PKT t=28121 TX ua=95 mt=P len=0
PKT t=28130 RX ua=95 mt=R len=7
PKT t=28135 TX ua=95 mt=P len=0
PKT t=28144 RX ua=95 mt=R len=7
PKT t=28154 TX ua=95 mt=P len=0
PKT t=28184 RX ua=95 mt=R len=7
PKT t=28189 TX ua=95 mt=P len=0
PKT t=28204 RX ua=95 mt=R len=7
PKT t=28209 TX ua=95 mt=P len=0
PKT t=28218 RX ua=95 mt=R len=7
PKT t=28223 TX ua=95 mt=P len=0
PKT t=28232 RX ua=95 mt=R len=7
PKT t=28237 TX ua=95 mt=P len=0
PKT t=28246 RX ua=95 mt=R len=7
PKT t=28254 TX ua=95 mt=P len=0
PKT t=28284 RX ua=95 mt=R len=7
PKT t=28288 TX ua=95 mt=P len=0
PKT t=28304 RX ua=95 mt=R len=7
PKT t=28309 TX ua=95 mt=P len=0
PKT t=28318 RX ua=95 mt=R len=7
PKT t=28323 TX ua=95 mt=P len=0
PKT t=28332 RX ua=95 mt=R len=7
PKT t=28337 TX ua=95 mt=P len=0
PKT t=28346 RX ua=95 mt=R len=7
PKT t=28354 TX ua=95 mt=T len=7
PKT t=28366 TX ua=95 mt=P len=0
PKT t=28385 RX ua=95 mt=R len=7
PKT t=28390 TX ua=95 mt=P len=0
PKT t=28404 RX ua=95 mt=R len=7
PKT t=28409 TX ua=95 mt=P len=0
PKT t=28418 RX ua=95 mt=R len=7
PKT t=28423 TX ua=95 mt=P len=0
PKT t=28432 RX ua=95 mt=R len=7
PKT t=28437 TX ua=95 mt=P len=0
PKT t=28446 RX ua=95 mt=R len=7
PKT t=28454 TX ua=95 mt=P len=0
PKT t=28483 RX ua=95 mt=R len=7
PKT t=28488 TX ua=95 mt=P len=0
PKT t=28504 RX ua=95 mt=R len=7
PKT t=28509 TX ua=95 mt=P len=0
PKT t=28518 RX ua=95 mt=R len=7
PKT t=28523 TX ua=95 mt=P len=0
PKT t=28532 RX ua=95 mt=R len=7
PKT t=28537 TX ua=95 mt=P len=0
PKT t=28546 RX ua=95 mt=R len=7
PKT t=28554 TX ua=95 mt=P len=0
PKT t=28584 RX ua=95 mt=R len=7
PKT t=28588 TX ua=95 mt=P len=0
PKT t=28604 RX ua=95 mt=R len=7
PKT t=28609 TX ua=95 mt=T len=7
PKT t=28621 TX ua=95 mt=P len=0
PKT t=28630 RX ua=95 mt=R len=7
PKT t=28635 TX ua=95 mt=P len=0
PKT t=28644 RX ua=95 mt=R len=7
PKT t=28654 TX ua=95 mt=P len=0
PKT t=28684 RX ua=95 mt=R len=7
PKT t=28689 TX ua=95 mt=P len=0
PKT t=28704 RX ua=95 mt=R len=7
PKT t=28709 TX ua=95 mt=P len=0
PKT t=28718 RX ua=95 mt=R len=7
PKT t=28723 TX ua=95 mt=P len=0
PKT t=28732 RX ua=95 mt=R len=7
PKT t=28737 TX ua=95 mt=P len=0
PKT t=28746 RX ua=95 mt=R len=7
PKT t=28754 TX ua=95 mt=P len=0
PKT t=28784 RX ua=95 mt=R len=7
PKT t=28789 TX ua=95 mt=P len=0
PKT t=28804 RX ua=95 mt=R len=7
PKT t=28809 TX ua=95 mt=P len=0
PKT t=28818 RX ua=95 mt=R len=7
PKT t=28823 TX ua=95 mt=P len=0
PKT t=28832 RX ua=95 mt=R len=7
PKT t=28837 TX ua=95 mt=P len=0
PKT t=28846 RX ua=95 mt=R len=7
PKT t=28854 TX ua=95 mt=T len=7
PKT t=28866 TX ua=95 mt=P len=0
PKT t=28885 RX ua=95 mt=R len=7
PKT t=28890 TX ua=95 mt=P len=0
PKT t=28904 RX ua=95 mt=R len=7
PKT t=28909 TX ua=95 mt=P len=0
PKT t=28918 RX ua=95 mt=R len=7
PKT t=28923 TX ua=95 mt=P len=0
PKT t=28932 RX ua=95 mt=R len=7
PKT t=28937 TX ua=95 mt=P len=0
PKT t=28946 RX ua=95 mt=R len=7
PKT t=28954 TX ua=95 mt=P len=0
PKT t=28984 RX ua=95 mt=R len=7
PKT t=28989 TX ua=95 mt=P len=0
PKT t=29004 RX ua=95 mt=R len=7
PKT t=29009 TX ua=95 mt=P len=0
PKT t=29018 RX ua=95 mt=R len=7
PKT t=29023 TX ua=95 mt=P len=0
PKT t=29032 RX ua=95 mt=R len=7
PKT t=29037 TX ua=95 mt=P len=0
PKT t=29046 RX ua=95 mt=R len=7
PKT t=29054 TX ua=95 mt=P len=0
PKT t=29084 RX ua=95 mt=R len=7
PKT t=29088 TX ua=95 mt=P len=0
PKT t=29104 RX ua=95 mt=R len=7
PKT t=29109 TX ua=95 mt=T len=7
PKT t=29122 TX ua=95 mt=P len=0
PKT t=29131 RX ua=95 mt=R len=7
PKT t=29136 TX ua=95 mt=P len=0
PKT t=29145 RX ua=95 mt=R len=7
PKT t=29154 TX ua=95 mt=P len=0
PKT t=29184 RX ua=95 mt=R len=7
PKT t=29188 TX ua=95 mt=P len=0
PKT t=29204 RX ua=95 mt=R len=7
PKT t=29209 TX ua=95 mt=P len=0
PKT t=29218 RX ua=95 mt=R len=7
PKT t=29223 TX ua=95 mt=P len=0
PKT t=29232 RX ua=95 mt=R len=7
PKT t=29237 TX ua=95 mt=P len=0
PKT t=29246 RX ua=95 mt=R len=7
PKT t=29254 TX ua=95 mt=P len=0
PKT t=29284 RX ua=95 mt=R len=7
PKT t=29288 TX ua=95 mt=P len=0
PKT t=29304 RX ua=95 mt=R len=7
PKT t=29309 TX ua=95 mt=P len=0
PKT t=29318 RX ua=95 mt=R len=7
PKT t=29323 TX ua=95 mt=P len=0
PKT t=29332 RX ua=95 mt=R len=7
PKT t=29337 TX ua=95 mt=P len=0
PKT t=29346 RX ua=95 mt=R len=7
PKT t=29354 TX ua=95 mt=T len=7
PKT t=29367 TX ua=95 mt=P len=0
PKT t=29386 RX ua=95 mt=R len=7
PKT t=29391 TX ua=95 mt=P len=0
PKT t=29404 RX ua=95 mt=R len=7
PKT t=29409 TX ua=95 mt=P len=0
PKT t=29419 RX ua=95 mt=R len=7
PKT t=29424 TX ua=95 mt=P len=0
PKT t=29434 RX ua=95 mt=R len=7
PKT t=29439 TX ua=95 mt=P len=0
PKT t=29454 RX ua=95 mt=R len=7
PKT t=29459 TX ua=95 mt=P len=0
PKT t=29484 RX ua=95 mt=R len=7
PKT t=29489 TX ua=95 mt=P len=0
PKT t=29504 RX ua=95 mt=R len=7
PKT t=29509 TX ua=95 mt=P len=0
PKT t=29519 RX ua=95 mt=R len=7
PKT t=29524 TX ua=95 mt=P len=0
PKT t=29534 RX ua=95 mt=R len=7
PKT t=29539 TX ua=95 mt=P len=0
PKT t=29554 RX ua=95 mt=R len=7
PKT t=29559 TX ua=95 mt=P len=0
PKT t=29584 RX ua=95 mt=R len=7
PKT t=29589 TX ua=95 mt=P len=0
PKT t=29604 RX ua=95 mt=R len=7
PKT t=29609 TX ua=95 mt=T len=7
PKT t=29622 TX ua=95 mt=P len=0
PKT t=29631 RX ua=95 mt=R len=7
PKT t=29636 TX ua=95 mt=P len=0
PKT t=29645 RX ua=95 mt=R len=7
PKT t=29654 TX ua=95 mt=P len=0
PKT t=29684 RX ua=95 mt=R len=7
PKT t=29689 TX ua=95 mt=P len=0
PKT t=29704 RX ua=95 mt=R len=7
PKT t=29709 TX ua=95 mt=P len=0
PKT t=29718 RX ua=95 mt=R len=7
PKT t=29723 TX ua=95 mt=P len=0
PKT t=29733 RX ua=95 mt=R len=7
PKT t=29738 TX ua=95 mt=P len=0
PKT t=29754 RX ua=95 mt=R len=7
PKT t=29759 TX ua=95 mt=P len=0
PKT t=29785 RX ua=95 mt=R len=7
PKT t=29790 TX ua=95 mt=P len=0
PKT t=29804 RX ua=95 mt=R len=7
PKT t=29809 TX ua=95 mt=P len=0
PKT t=29818 RX ua=95 mt=R len=7
PKT t=29823 TX ua=95 mt=P len=0
PKT t=29832 RX ua=95 mt=R len=7
PKT t=29837 TX ua=95 mt=P len=0
PKT t=29846 RX ua=95 mt=R len=7
PKT t=29854 TX ua=95 mt=T len=7
PKT t=29867 TX ua=95 mt=P len=0
PKT t=29886 RX ua=95 mt=R len=7
PKT t=29890 TX ua=95 mt=P len=0
PKT t=29904 RX ua=95 mt=R len=7
PKT t=29909 TX ua=95 mt=P len=0
PKT t=29918 RX ua=95 mt=R len=7
PKT t=29923 TX ua=95 mt=P len=0
PKT t=29932 RX ua=95 mt=R len=7
PKT t=29937 TX ua=95 mt=P len=0
PKT t=29946 RX ua=95 mt=R len=7
PKT t=29954 TX ua=95 mt=P len=0
PKT t=29983 RX ua=95 mt=R len=7
PKT t=29988 TX ua=95 mt=P len=0
PKT t=30004 RX ua=95 mt=R len=7
PKT t=30009 TX ua=95 mt=P len=0
PKT t=30018 RX ua=95 mt=R len=7
PKT t=30023 TX ua=95 mt=P len=0
PKT t=30032 RX ua=95 mt=R len=7
PKT t=30037 TX ua=95 mt=P len=0
PKT t=30046 RX ua=95 mt=R len=7
PKT t=30054 TX ua=95 mt=P len=0
PKT t=30084 RX ua=95 mt=R len=7
PKT t=30089 TX ua=95 mt=P len=0
PKT t=30104 RX ua=95 mt=R len=7
PKT t=30109 TX ua=95 mt=T len=7
PKT t=30121 TX ua=95 mt=P len=0
PKT t=30130 RX ua=95 mt=R len=7
PKT t=30135 TX ua=95 mt=P len=0
PKT t=30144 RX ua=95 mt=R len=7
PKT t=30154 TX ua=95 mt=P len=0
PKT t=30184 RX ua=95 mt=R len=7
PKT t=30189 TX ua=95 mt=P len=0
PKT t=30204 RX ua=95 mt=R len=7
PKT t=30209 TX ua=95 mt=P len=0
PKT t=30218 RX ua=95 mt=R len=7
PKT t=30223 TX ua=95 mt=P len=0
PKT t=30232 RX ua=95 mt=R len=7
PKT t=30237 TX ua=95 mt=P len=0
PKT t=30246 RX ua=95 mt=R len=7
PKT t=30254 TX ua=95 mt=P len=0
PKT t=30284 RX ua=95 mt=R len=7
PKT t=30288 TX ua=95 mt=P len=0
PKT t=30304 RX ua=95 mt=R len=7
PKT t=30309 TX ua=95 mt=P len=0
PKT t=30318 RX ua=95 mt=R len=7
PKT t=30323 TX ua=95 mt=P len=0
PKT t=30332 RX ua=95 mt=R len=7
PKT t=30337 TX ua=95 mt=P len=0
PKT t=30346 RX ua=95 mt=R len=7
PKT t=30354 TX ua=95 mt=T len=7
PKT t=30366 TX ua=95 mt=P len=0
PKT t=30385 RX ua=95 mt=R len=7
PKT t=30390 TX ua=95 mt=P len=0
PKT t=30404 RX ua=95 mt=R len=7
PKT t=30409 TX ua=95 mt=P len=0
PKT t=30418 RX ua=95 mt=R len=7
PKT t=30423 TX ua=95 mt=P len=0
PKT t=30432 RX ua=95 mt=R len=7
PKT t=30437 TX ua=95 mt=P len=0
PKT t=30446 RX ua=95 mt=R len=7
PKT t=30454 TX ua=95 mt=P len=0
PKT t=30484 RX ua=95 mt=R len=7
PKT t=30488 TX ua=95 mt=P len=0
PKT t=30504 RX ua=95 mt=R len=7
PKT t=30509 TX ua=95 mt=P len=0
PKT t=30518 RX ua=95 mt=R len=7
PKT t=30523 TX ua=95 mt=P len=0
PKT t=30532 RX ua=95 mt=R len=7
PKT t=30537 TX ua=95 mt=P len=0
PKT t=30546 RX ua=95 mt=R len=7
PKT t=30554 TX ua=95 mt=P len=0
PKT t=30583 RX ua=95 mt=R len=7
PKT t=30588 TX ua=95 mt=P len=0
PKT t=30604 RX ua=95 mt=R len=7
PKT t=30609 TX ua=95 mt=T len=7
PKT t=30621 TX ua=95 mt=P len=0
PKT t=30630 RX ua=95 mt=R len=7
PKT t=30635 TX ua=95 mt=P len=0
PKT t=30644 RX ua=95 mt=R len=7
PKT t=30654 TX ua=95 mt=P len=0
PKT t=30684 RX ua=95 mt=R len=7
PKT t=30689 TX ua=95 mt=P len=0
PKT t=30704 RX ua=95 mt=R len=7
PKT t=30709 TX ua=95 mt=P len=0
PKT t=30718 RX ua=95 mt=R len=7
PKT t=30723 TX ua=95 mt=P len=0
PKT t=30732 RX ua=95 mt=R len=7
PKT t=30737 TX ua=95 mt=P len=0
PKT t=30746 RX ua=95 mt=R len=7
PKT t=30754 TX ua=95 mt=P len=0
PKT t=30785 RX ua=95 mt=R len=7
PKT t=30790 TX ua=95 mt=P len=0
PKT t=30804 RX ua=95 mt=R len=7
PKT t=30809 TX ua=95 mt=P len=0
PKT t=30818 RX ua=95 mt=R len=7
PKT t=30823 TX ua=95 mt=P len=0
PKT t=30832 RX ua=95 mt=R len=7
PKT t=30837 TX ua=95 mt=P len=0
PKT t=30846 RX ua=95 mt=R len=7
PKT t=30854 TX ua=95 mt=T len=7
PKT t=30866 TX ua=95 mt=P len=0
PKT t=30887 RX ua=95 mt=R len=7
PKT t=30892 TX ua=95 mt=P len=0
PKT t=30904 RX ua=95 mt=R len=7
PKT t=30909 TX ua=95 mt=P len=0
PKT t=30918 RX ua=95 mt=R len=7
PKT t=30923 TX ua=95 mt=P len=0
PKT t=30932 RX ua=95 mt=R len=7
PKT t=30937 TX ua=95 mt=P len=0
PKT t=30946 RX ua=95 mt=R len=7
PKT t=30954 TX ua=95 mt=P len=0
PKT t=30984 RX ua=95 mt=R len=7
PKT t=30989 TX ua=95 mt=P len=0
PKT t=31004 RX ua=95 mt=R len=7
PKT t=31009 TX ua=95 mt=P len=0
PKT t=31018 RX ua=95 mt=R len=7
PKT t=31023 TX ua=95 mt=P len=0
PKT t=31032 RX ua=95 mt=R len=7
PKT t=31037 TX ua=95 mt=P len=0
PKT t=31046 RX ua=95 mt=R len=7
PKT t=31054 TX ua=95 mt=P len=0
PKT t=31084 RX ua=95 mt=R len=7
PKT t=31088 TX ua=95 mt=P len=0
PKT t=31104 RX ua=95 mt=R len=7
PKT t=31109 TX ua=95 mt=T len=7
PKT t=31121 TX ua=95 mt=P len=0
PKT t=31130 RX ua=95 mt=R len=7
PKT t=31135 TX ua=95 mt=P len=0
PKT t=31144 RX ua=95 mt=R len=7
PKT t=31154 TX ua=95 mt=P len=0
PKT t=31184 RX ua=95 mt=R len=7
PKT t=31189 TX ua=95 mt=P len=0
PKT t=31204 RX ua=95 mt=R len=7
PKT t=31209 TX ua=95 mt=P len=0
PKT t=31218 RX ua=95 mt=R len=7
PKT t=31223 TX ua=95 mt=P len=0
PKT t=31232 RX ua=95 mt=R len=7
PKT t=31237 TX ua=95 mt=P len=0
PKT t=31246 RX ua=95 mt=R len=7
PKT t=31254 TX ua=95 mt=P len=0
PKT t=31284 RX ua=95 mt=R len=7
PKT t=31288 TX ua=95 mt=P len=0
PKT t=31304 RX ua=95 mt=R len=7
PKT t=31309 TX ua=95 mt=P len=0
PKT t=31318 RX ua=95 mt=R len=7
PKT t=31323 TX ua=95 mt=P len=0
PKT t=31332 RX ua=95 mt=R len=7
PKT t=31337 TX ua=95 mt=P len=0
PKT t=31346 RX ua=95 mt=R len=7
PKT t=31354 TX ua=95 mt=T len=7
PKT t=31366 TX ua=95 mt=P len=0
PKT t=31386 RX ua=95 mt=R len=7
PKT t=31391 TX ua=95 mt=P len=0
PKT t=31404 RX ua=95 mt=R len=7
PKT t=31409 TX ua=95 mt=P len=0
PKT t=31419 RX ua=95 mt=R len=7
PKT t=31424 TX ua=95 mt=P len=0
PKT t=31434 RX ua=95 mt=R len=7
PKT t=31439 TX ua=95 mt=P len=0
PKT t=31454 RX ua=95 mt=R len=7
PKT t=31459 TX ua=95 mt=P len=0
PKT t=31484 RX ua=95 mt=R len=7
PKT t=31489 TX ua=95 mt=P len=0
PKT t=31504 RX ua=95 mt=R len=7
PKT t=31509 TX ua=95 mt=P len=0
PKT t=31519 RX ua=95 mt=R len=7
PKT t=31524 TX ua=95 mt=P len=0
PKT t=31534 RX ua=95 mt=R len=7
PKT t=31539 TX ua=95 mt=P len=0
PKT t=31554 RX ua=95 mt=R len=7
PKT t=31559 TX ua=95 mt=P len=0
PKT t=31584 RX ua=95 mt=R len=7
PKT t=31589 TX ua=95 mt=P len=0
PKT t=31604 RX ua=95 mt=R len=7
PKT t=31609 TX ua=95 mt=T len=7
PKT t=31621 TX ua=95 mt=P len=0
PKT t=31630 RX ua=95 mt=R len=7
PKT t=31635 TX ua=95 mt=P len=0
PKT t=31644 RX ua=95 mt=R len=7
PKT t=31654 TX ua=95 mt=P len=0
PKT t=31684 RX ua=95 mt=R len=7
PKT t=31688 TX ua=95 mt=P len=0
PKT t=31704 RX ua=95 mt=R len=7
PKT t=31709 TX ua=95 mt=P len=0
PKT t=31718 RX ua=95 mt=R len=7
PKT t=31723 TX ua=95 mt=P len=0
PKT t=31732 RX ua=95 mt=R len=7
PKT t=31737 TX ua=95 mt=P len=0
PKT t=31746 RX ua=95 mt=R len=7
PKT t=31754 TX ua=95 mt=P len=0
PKT t=31784 RX ua=95 mt=R len=7
PKT t=31789 TX ua=95 mt=P len=0
PKT t=31804 RX ua=95 mt=R len=7
PKT t=31809 TX ua=95 mt=P len=0
PKT t=31818 RX ua=95 mt=R len=7
PKT t=31823 TX ua=95 mt=P len=0
PKT t=31832 RX ua=95 mt=R len=7
PKT t=31837 TX ua=95 mt=P len=0
PKT t=31846 RX ua=95 mt=R len=7
PKT t=31854 TX ua=95 mt=T len=7
PKT t=31866 TX ua=95 mt=P len=0
PKT t=31885 RX ua=95 mt=R len=7
PKT t=31890 TX ua=95 mt=P len=0
PKT t=31904 RX ua=95 mt=R len=7
PKT t=31909 TX ua=95 mt=P len=0
PKT t=31918 RX ua=95 mt=R len=7
PKT t=31923 TX ua=95 mt=P len=0
PKT t=31932 RX ua=95 mt=R len=7
PKT t=31937 TX ua=95 mt=P len=0
PKT t=31946 RX ua=95 mt=R len=7
PKT t=31954 TX ua=95 mt=P len=0
PKT t=31984 RX ua=95 mt=R len=7
PKT t=31988 TX ua=95 mt=P len=0
PKT t=32004 RX ua=95 mt=R len=7
PKT t=32009 TX ua=95 mt=P len=0
PKT t=32018 RX ua=95 mt=R len=7
PKT t=32024 TX ua=95 mt=P len=0
PKT t=32033 RX ua=95 mt=R len=7
PKT t=32038 TX ua=95 mt=P len=0
PKT t=32054 RX ua=95 mt=R len=7
PKT t=32059 TX ua=95 mt=P len=0
PKT t=32084 RX ua=95 mt=R len=7
PKT t=32089 TX ua=95 mt=P len=0
PKT t=32104 RX ua=95 mt=R len=7
PKT t=32109 TX ua=95 mt=T len=7
PKT t=32121 TX ua=95 mt=P len=0
PKT t=32131 RX ua=95 mt=R len=7
PKT t=32136 TX ua=95 mt=P len=0
PKT t=32145 RX ua=95 mt=R len=7
PKT t=32154 TX ua=95 mt=P len=0
PKT t=32184 RX ua=95 mt=R len=7
PKT t=32189 TX ua=95 mt=P len=0
PKT t=32204 RX ua=95 mt=R len=7
PKT t=32209 TX ua=95 mt=P len=0
PKT t=32218 RX ua=95 mt=R len=7
PKT t=32223 TX ua=95 mt=P len=0
PKT t=32232 RX ua=95 mt=R len=7
PKT t=32237 TX ua=95 mt=P len=0
PKT t=32246 RX ua=95 mt=R len=7
PKT t=32254 TX ua=95 mt=P len=0
PKT t=32284 RX ua=95 mt=R len=7
PKT t=32288 TX ua=95 mt=P len=0
PKT t=32304 RX ua=95 mt=R len=7
PKT t=32309 TX ua=95 mt=P len=0
PKT t=32318 RX ua=95 mt=R len=7
PKT t=32323 TX ua=95 mt=P len=0
PKT t=32332 RX ua=95 mt=R len=7
PKT t=32337 TX ua=95 mt=P len=0
PKT t=32346 RX ua=95 mt=R len=7
PKT t=32354 TX ua=95 mt=T len=7
PKT t=32366 TX ua=95 mt=P len=0
PKT t=32386 RX ua=95 mt=R len=7
PKT t=32391 TX ua=95 mt=P len=0
PKT t=32404 RX ua=95 mt=R len=7
PKT t=32409 TX ua=95 mt=P len=0
PKT t=32418 RX ua=95 mt=R len=7
PKT t=32423 TX ua=95 mt=P len=0
PKT t=32432 RX ua=95 mt=R len=7
PKT t=32437 TX ua=95 mt=P len=0
PKT t=32446 RX ua=95 mt=R len=7
PKT t=32454 TX ua=95 mt=P len=0
PKT t=32484 RX ua=95 mt=R len=7
PKT t=32488 TX ua=95 mt=P len=0
PKT t=32504 RX ua=95 mt=R len=7
PKT t=32509 TX ua=95 mt=P len=0
PKT t=32518 RX ua=95 mt=R len=7
PKT t=32523 TX ua=95 mt=P len=0
PKT t=32532 RX ua=95 mt=R len=7
PKT t=32537 TX ua=95 mt=P len=0
PKT t=32546 RX ua=95 mt=R len=7
PKT t=32554 TX ua=95 mt=P len=0
PKT t=32583 RX ua=95 mt=R len=7
PKT t=32588 TX ua=95 mt=P len=0
PKT t=32604 RX ua=95 mt=R len=7
PKT t=32609 TX ua=95 mt=T len=7
PKT t=32621 TX ua=95 mt=P len=0
PKT t=32630 RX ua=95 mt=R len=7
PKT t=32635 TX ua=95 mt=P len=0
PKT t=32644 RX ua=95 mt=R len=7
PKT t=32654 TX ua=95 mt=P len=0
PKT t=32684 RX ua=95 mt=R len=7
PKT t=32689 TX ua=95 mt=P len=0
PKT t=32704 RX ua=95 mt=R len=7
PKT t=32709 TX ua=95 mt=P len=0
PKT t=32718 RX ua=95 mt=R len=7
PKT t=32723 TX ua=95 mt=P len=0
PKT t=32732 RX ua=95 mt=R len=7
PKT t=32737 TX ua=95 mt=P len=0
PKT t=32746 RX ua=95 mt=R len=7
PKT t=32754 TX ua=95 mt=P len=0
PKT t=32784 RX ua=95 mt=R len=7
PKT t=32789 TX ua=95 mt=P len=0
PKT t=32804 RX ua=95 mt=R len=7
PKT t=32809 TX ua=95 mt=P len=0
PKT t=32818 RX ua=95 mt=R len=7
PKT t=32823 TX ua=95 mt=P len=0
PKT t=32832 RX ua=95 mt=R len=7
PKT t=32837 TX ua=95 mt=P len=0
PKT t=32846 RX ua=95 mt=R len=7
PKT t=32854 TX ua=95 mt=T len=7
PKT t=32866 TX ua=95 mt=P len=0
PKT t=32885 RX ua=95 mt=R len=7
PKT t=32890 TX ua=95 mt=P len=0
PKT t=32904 RX ua=95 mt=R len=7
PKT t=32909 TX ua=95 mt=P len=0
PKT t=32918 RX ua=95 mt=R len=7
PKT t=32923 TX ua=95 mt=P len=0
PKT t=32932 RX ua=95 mt=R len=7
PKT t=32937 TX ua=95 mt=P len=0
PKT t=32946 RX ua=95 mt=R len=7
PKT t=32954 TX ua=95 mt=P len=0
PKT t=32983 RX ua=95 mt=R len=7
PKT t=32988 TX ua=95 mt=P len=0
PKT t=33004 RX ua=95 mt=R len=7
PKT t=33009 TX ua=95 mt=P len=0
PKT t=33018 RX ua=95 mt=R len=7
PKT t=33023 TX ua=95 mt=P len=0
PKT t=33032 RX ua=95 mt=R len=7
PKT t=33037 TX ua=95 mt=P len=0
PKT t=33046 RX ua=95 mt=R len=7
PKT t=33054 TX ua=95 mt=P len=0
PKT t=33083 RX ua=95 mt=R len=7
PKT t=33088 TX ua=95 mt=P len=0
PKT t=33104 RX ua=95 mt=R len=7
PKT t=33109 TX ua=95 mt=T len=7
PKT t=33121 TX ua=95 mt=P len=0
PKT t=33130 RX ua=95 mt=R len=7
PKT t=33135 TX ua=95 mt=P len=0
PKT t=33144 RX ua=95 mt=R len=7
PKT t=33154 TX ua=95 mt=P len=0
PKT t=33184 RX ua=95 mt=R len=7
PKT t=33189 TX ua=95 mt=P len=0
PKT t=33204 RX ua=95 mt=R len=7
PKT t=33209 TX ua=95 mt=P len=0
PKT t=33218 RX ua=95 mt=R len=7
PKT t=33223 TX ua=95 mt=P len=0
PKT t=33232 RX ua=95 mt=R len=7
PKT t=33237 TX ua=95 mt=P len=0
PKT t=33246 RX ua=95 mt=R len=7
PKT t=33254 TX ua=95 mt=P len=0
PKT t=33284 RX ua=95 mt=R len=7
PKT t=33289 TX ua=95 mt=P len=0
PKT t=33304 RX ua=95 mt=R len=7
PKT t=33309 TX ua=95 mt=P len=0
PKT t=33318 RX ua=95 mt=R len=7
PKT t=33323 TX ua=95 mt=P len=0
PKT t=33332 RX ua=95 mt=R len=7
PKT t=33337 TX ua=95 mt=P len=0
PKT t=33346 RX ua=95 mt=R len=7
PKT t=33354 TX ua=95 mt=T len=7
PKT t=33366 TX ua=95 mt=P len=0
PKT t=33386 RX ua=95 mt=R len=7
PKT t=33391 TX ua=95 mt=P len=0
PKT t=33404 RX ua=95 mt=R len=7
PKT t=33409 TX ua=95 mt=P len=0
PKT t=33419 RX ua=95 mt=R len=7
PKT t=33424 TX ua=95 mt=P len=0
PKT t=33434 RX ua=95 mt=R len=7
PKT t=33439 TX ua=95 mt=P len=0
PKT t=33454 RX ua=95 mt=R len=7
PKT t=33459 TX ua=95 mt=P len=0
PKT t=33484 RX ua=95 mt=R len=7
PKT t=33489 TX ua=95 mt=P len=0
PKT t=33504 RX ua=95 mt=R len=7
PKT t=33509 TX ua=95 mt=P len=0
PKT t=33519 RX ua=95 mt=R len=7
PKT t=33524 TX ua=95 mt=P len=0
PKT t=33534 RX ua=95 mt=R len=7
PKT t=33539 TX ua=95 mt=P len=0
PKT t=33554 RX ua=95 mt=R len=7
PKT t=33559 TX ua=95 mt=P len=0
PKT t=33584 RX ua=95 mt=R len=7
PKT t=33589 TX ua=95 mt=P len=0
PKT t=33604 RX ua=95 mt=R len=7
PKT t=33609 TX ua=95 mt=T len=7
PKT t=33621 TX ua=95 mt=P len=0
PKT t=33630 RX ua=95 mt=R len=7
PKT t=33635 TX ua=95 mt=P len=0
PKT t=33644 RX ua=95 mt=R len=7
PKT t=33654 TX ua=95 mt=P len=0
PKT t=33684 RX ua=95 mt=R len=7
PKT t=33688 TX ua=95 mt=P len=0
PKT t=33704 RX ua=95 mt=R len=7
PKT t=33709 TX ua=95 mt=P len=0
PKT t=33718 RX ua=95 mt=R len=7
PKT t=33723 TX ua=95 mt=P len=0
PKT t=33732 RX ua=95 mt=R len=7
PKT t=33737 TX ua=95 mt=P len=0
PKT t=33746 RX ua=95 mt=R len=7
PKT t=33754 TX ua=95 mt=P len=0
PKT t=33783 RX ua=95 mt=R len=7
PKT t=33788 TX ua=95 mt=P len=0
PKT t=33804 RX ua=95 mt=R len=7
PKT t=33809 TX ua=95 mt=P len=0
PKT t=33818 RX ua=95 mt=R len=7
PKT t=33823 TX ua=95 mt=P len=0
PKT t=33832 RX ua=95 mt=R len=7
PKT t=33837 TX ua=95 mt=P len=0
PKT t=33846 RX ua=95 mt=R len=7
PKT t=33854 TX ua=95 mt=T len=7
PKT t=33866 TX ua=95 mt=P len=0
PKT t=33886 RX ua=95 mt=R len=7
PKT t=33890 TX ua=95 mt=P len=0
PKT t=33904 RX ua=95 mt=R len=7
PKT t=33909 TX ua=95 mt=P len=0
PKT t=33918 RX ua=95 mt=R len=7
PKT t=33923 TX ua=95 mt=P len=0
PKT t=33932 RX ua=95 mt=R len=7
PKT t=33937 TX ua=95 mt=P len=0
PKT t=33946 RX ua=95 mt=R len=7
PKT t=33954 TX ua=95 mt=P len=0
PKT t=33984 RX ua=95 mt=R len=7
PKT t=33989 TX ua=95 mt=P len=0
PKT t=34004 RX ua=95 mt=R len=7
PKT t=34009 TX ua=95 mt=P len=0
PKT t=34018 RX ua=95 mt=R len=7
PKT t=34025 TX ua=95 mt=P len=0
PKT t=34034 RX ua=95 mt=R len=7
PKT t=34039 TX ua=95 mt=P len=0
PKT t=34054 RX ua=95 mt=R len=7
PKT t=34059 TX ua=95 mt=P len=0
PKT t=34084 RX ua=95 mt=R len=7
PKT t=34089 TX ua=95 mt=P len=0
PKT t=34104 RX ua=95 mt=R len=7
PKT t=34109 TX ua=95 mt=T len=7
PKT t=34122 TX ua=95 mt=P len=0
PKT t=34131 RX ua=95 mt=R len=7
PKT t=34136 TX ua=95 mt=T len=7
PKT t=34154 TX ua=95 mt=P len=0
PKT t=34184 RX ua=95 mt=R len=7
PKT t=34189 TX ua=95 mt=P len=0
PKT t=34204 RX ua=95 mt=R len=7
PKT t=34209 TX ua=95 mt=P len=0
PKT t=34218 RX ua=95 mt=R len=7
PKT t=34223 TX ua=95 mt=P len=0
PKT t=34232 RX ua=95 mt=R len=7
PKT t=34237 TX ua=95 mt=P len=0
PKT t=34246 RX ua=95 mt=R len=7
PKT t=34254 TX ua=95 mt=P len=0
PKT t=34284 RX ua=95 mt=R len=7
PKT t=34289 TX ua=95 mt=P len=0
PKT t=34304 RX ua=95 mt=R len=7
PKT t=34309 TX ua=95 mt=P len=0
PKT t=34318 RX ua=95 mt=R len=7
PKT t=34323 TX ua=95 mt=P len=0
PKT t=34332 RX ua=95 mt=R len=7
PKT t=34337 TX ua=95 mt=P len=0
PKT t=34346 RX ua=95 mt=R len=7
PKT t=34354 TX ua=95 mt=T len=7
PKT t=34367 TX ua=95 mt=P len=0
PKT t=34385 RX ua=95 mt=R len=7
PKT t=34390 TX ua=95 mt=P len=0
PKT t=34404 RX ua=95 mt=R len=7
PKT t=34409 TX ua=95 mt=P len=0
PKT t=34418 RX ua=95 mt=R len=7
PKT t=34423 TX ua=95 mt=P len=0
PKT t=34432 RX ua=95 mt=R len=7
PKT t=34437 TX ua=95 mt=P len=0
PKT t=34446 RX ua=95 mt=R len=7
PKT t=34454 TX ua=95 mt=P len=0
PKT t=34484 RX ua=95 mt=R len=7
PKT t=34488 TX ua=95 mt=P len=0
PKT t=34504 RX ua=95 mt=R len=7
PKT t=34509 TX ua=95 mt=P len=0
PKT t=34518 RX ua=95 mt=R len=7
PKT t=34523 TX ua=95 mt=P len=0
PKT t=34532 RX ua=95 mt=R len=7
PKT t=34537 TX ua=95 mt=P len=0
PKT t=34546 RX ua=95 mt=R len=7
PKT t=34554 TX ua=95 mt=P len=0
PKT t=34584 RX ua=95 mt=R len=7
PKT t=34588 TX ua=95 mt=P len=0
PKT t=34604 RX ua=95 mt=R len=7
PKT t=34609 TX ua=95 mt=T len=7
PKT t=34622 TX ua=95 mt=P len=0
PKT t=34631 RX ua=95 mt=R len=7
PKT t=34636 TX ua=95 mt=P len=0
PKT t=34645 RX ua=95 mt=R len=7
PKT t=34654 TX ua=95 mt=P len=0
PKT t=34684 RX ua=95 mt=R len=7
PKT t=34688 TX ua=95 mt=P len=0
PKT t=34704 RX ua=95 mt=R len=7
PKT t=34709 TX ua=95 mt=P len=0
PKT t=34718 RX ua=95 mt=R len=7
PKT t=34723 TX ua=95 mt=P len=0
PKT t=34732 RX ua=95 mt=R len=7
PKT t=34737 TX ua=95 mt=P len=0
PKT t=34746 RX ua=95 mt=R len=7
PKT t=34754 TX ua=95 mt=P len=0
PKT t=34784 RX ua=95 mt=R len=7
PKT t=34788 TX ua=95 mt=P len=0
PKT t=34804 RX ua=95 mt=R len=7
PKT t=34809 TX ua=95 mt=P len=0
PKT t=34818 RX ua=95 mt=R len=7
PKT t=34823 TX ua=95 mt=P len=0
PKT t=34832 RX ua=95 mt=R len=7
PKT t=34837 TX ua=95 mt=P len=0
PKT t=34846 RX ua=95 mt=R len=7
PKT t=34854 TX ua=95 mt=T len=7
PKT t=34867 TX ua=95 mt=P len=0
PKT t=34885 RX ua=95 mt=R len=7
PKT t=34890 TX ua=95 mt=P len=0
PKT t=34904 RX ua=95 mt=R len=7
PKT t=34909 TX ua=95 mt=P len=0
PKT t=34918 RX ua=95 mt=R len=7
PKT t=34923 TX ua=95 mt=P len=0
PKT t=34932 RX ua=95 mt=R len=7
PKT t=34937 TX ua=95 mt=P len=0
PKT t=34946 RX ua=95 mt=R len=7
PKT t=34954 TX ua=95 mt=P len=0
PKT t=34984 RX ua=95 mt=R len=7
PKT t=34988 TX ua=95 mt=P len=0
PKT t=35004 RX ua=95 mt=R len=7
PKT t=35009 TX ua=95 mt=P len=0
PKT t=35018 RX ua=95 mt=R len=7
PKT t=35023 TX ua=95 mt=P len=0
PKT t=35032 RX ua=95 mt=R len=7
PKT t=35037 TX ua=95 mt=P len=0
PKT t=35046 RX ua=95 mt=R len=7
PKT t=35054 TX ua=95 mt=P len=0
PKT t=35084 RX ua=95 mt=R len=7
PKT t=35088 TX ua=95 mt=P len=0
PKT t=35104 RX ua=95 mt=R len=7
PKT t=35109 TX ua=95 mt=T len=7
PKT t=35121 TX ua=95 mt=P len=0
PKT t=35130 RX ua=95 mt=R len=7
PKT t=35135 TX ua=95 mt=P len=0
PKT t=35144 RX ua=95 mt=R len=7
PKT t=35154 TX ua=95 mt=P len=0
PKT t=35184 RX ua=95 mt=R len=7
PKT t=35189 TX ua=95 mt=P len=0
PKT t=35204 RX ua=95 mt=R len=7
PKT t=35209 TX ua=96 mt=P len=0
PKT t=35467 TX ua=95 mt=P len=0
PKT t=35476 RX ua=95 mt=R len=7
PKT t=35481 TX ua=95 mt=T len=7
PKT t=35493 TX ua=95 mt=P len=0
PKT t=35504 RX ua=95 mt=R len=7
PKT t=35509 TX ua=95 mt=P len=0
PKT t=35519 RX ua=95 mt=R len=7
PKT t=35524 TX ua=95 mt=P len=0
PKT t=35534 RX ua=95 mt=R len=7
PKT t=35539 TX ua=95 mt=P len=0
PKT t=35554 RX ua=95 mt=R len=7
PKT t=35559 TX ua=95 mt=P len=0
PKT t=35584 RX ua=95 mt=R len=7
PKT t=35589 TX ua=95 mt=P len=0
PKT t=35604 RX ua=95 mt=R len=7
PKT t=35609 TX ua=95 mt=T len=7
PKT t=35621 TX ua=95 mt=P len=0
PKT t=35630 RX ua=95 mt=R len=7
PKT t=35635 TX ua=95 mt=P len=0
PKT t=35644 RX ua=95 mt=R len=7
PKT t=35654 TX ua=95 mt=P len=0
PKT t=35684 RX ua=95 mt=R len=7
PKT t=35689 TX ua=95 mt=P len=0
PKT t=35704 RX ua=95 mt=R len=7
PKT t=35709 TX ua=95 mt=P len=0
PKT t=35718 RX ua=95 mt=R len=7
PKT t=35723 TX ua=95 mt=P len=0
PKT t=35732 RX ua=95 mt=R len=7
PKT t=35737 TX ua=95 mt=P len=0
PKT t=35746 RX ua=95 mt=R len=7
PKT t=35754 TX ua=95 mt=P len=0
PKT t=35784 RX ua=95 mt=R len=7
PKT t=35789 TX ua=95 mt=P len=0
PKT t=35804 RX ua=95 mt=R len=7
PKT t=35809 TX ua=95 mt=P len=0
PKT t=35818 RX ua=95 mt=R len=7
PKT t=35823 TX ua=95 mt=P len=0
PKT t=35832 RX ua=95 mt=R len=7
PKT t=35837 TX ua=95 mt=P len=0
PKT t=35846 RX ua=95 mt=R len=7
PKT t=35854 TX ua=95 mt=T len=7
PKT t=35866 TX ua=95 mt=P len=0
PKT t=35885 RX ua=95 mt=R len=7
PKT t=35890 TX ua=95 mt=P len=0
PKT t=35904 RX ua=95 mt=R len=7
PKT t=35909 TX ua=95 mt=P len=0
PKT t=35918 RX ua=95 mt=R len=7
PKT t=35923 TX ua=95 mt=P len=0
PKT t=35932 RX ua=95 mt=R len=7
PKT t=35937 TX ua=95 mt=P len=0
PKT t=35946 RX ua=95 mt=R len=7
PKT t=35954 TX ua=95 mt=P len=0
PKT t=35984 RX ua=95 mt=R len=7
PKT t=35988 TX ua=95 mt=P len=0
PKT t=36004 RX ua=95 mt=R len=7
PKT t=36009 TX ua=95 mt=P len=0
PKT t=36018 RX ua=95 mt=R len=7
PKT t=36026 TX ua=95 mt=P len=0
PKT t=36035 RX ua=95 mt=R len=7
PKT t=36040 TX ua=95 mt=P len=0
PKT t=36054 RX ua=95 mt=R len=7
PKT t=36059 TX ua=95 mt=P len=0
PKT t=36084 RX ua=95 mt=R len=7
PKT t=36088 TX ua=95 mt=P len=0
PKT t=36104 RX ua=95 mt=R len=7
PKT t=36109 TX ua=95 mt=T len=7
PKT t=36121 TX ua=95 mt=P len=0
PKT t=36130 RX ua=95 mt=R len=7
PKT t=36135 TX ua=95 mt=P len=0
PKT t=36144 RX ua=95 mt=R len=7
PKT t=36154 TX ua=95 mt=P len=0
PKT t=36184 RX ua=95 mt=R len=7
PKT t=36189 TX ua=95 mt=P len=0
PKT t=36204 RX ua=95 mt=R len=7
PKT t=36209 TX ua=95 mt=P len=0
PKT t=36218 RX ua=95 mt=R len=7
PKT t=36223 TX ua=95 mt=P len=0
PKT t=36232 RX ua=95 mt=R len=7
PKT t=36237 TX ua=95 mt=P len=0
PKT t=36246 RX ua=95 mt=R len=7
PKT t=36254 TX ua=95 mt=P len=0
PKT t=36284 RX ua=95 mt=R len=7
PKT t=36289 TX ua=95 mt=P len=0
PKT t=36304 RX ua=95 mt=R len=7
PKT t=36309 TX ua=95 mt=P len=0
PKT t=36318 RX ua=95 mt=R len=7
PKT t=36323 TX ua=95 mt=P len=0
PKT t=36332 RX ua=95 mt=R len=7
PKT t=36337 TX ua=95 mt=P len=0
PKT t=36346 RX ua=95 mt=R len=7
PKT t=36354 TX ua=95 mt=T len=7
PKT t=36366 TX ua=95 mt=P len=0
PKT t=36385 RX ua=95 mt=R len=7
PKT t=36390 TX ua=95 mt=P len=0
PKT t=36404 RX ua=95 mt=R len=7
PKT t=36409 TX ua=95 mt=P len=0
PKT t=36418 RX ua=95 mt=R len=7
PKT t=36423 TX ua=95 mt=P len=0
PKT t=36432 RX ua=95 mt=R len=7
PKT t=36437 TX ua=95 mt=P len=0
PKT t=36446 RX ua=95 mt=R len=7
PKT t=36454 TX ua=95 mt=P len=0
PKT t=36484 RX ua=95 mt=R len=7
PKT t=36489 TX ua=95 mt=P len=0
PKT t=36504 RX ua=95 mt=R len=7
PKT t=36509 TX ua=95 mt=P len=0
PKT t=36518 RX ua=95 mt=R len=7
PKT t=36523 TX ua=95 mt=P len=0
PKT t=36532 RX ua=95 mt=R len=7
PKT t=36537 TX ua=95 mt=P len=0
PKT t=36546 RX ua=95 mt=R len=7
PKT t=36554 TX ua=95 mt=P len=0
PKT t=36584 RX ua=95 mt=R len=7
PKT t=36588 TX ua=95 mt=P len=0
PKT t=36604 RX ua=95 mt=R len=7
PKT t=36609 TX ua=95 mt=T len=7
PKT t=36621 TX ua=95 mt=P len=0
PKT t=36630 RX ua=95 mt=R len=7
PKT t=36635 TX ua=95 mt=P len=0
PKT t=36644 RX ua=95 mt=R len=7
PKT t=36654 TX ua=95 mt=P len=0
PKT t=36684 RX ua=95 mt=R len=7
PKT t=36688 TX ua=95 mt=P len=0
PKT t=36704 RX ua=95 mt=R len=7
PKT t=36709 TX ua=95 mt=P len=0
PKT t=36718 RX ua=95 mt=R len=7
PKT t=36723 TX ua=95 mt=P len=0
PKT t=36732 RX ua=95 mt=R len=7
PKT t=36737 TX ua=95 mt=P len=0
PKT t=36746 RX ua=95 mt=R len=7
PKT t=36754 TX ua=95 mt=P len=0
PKT t=36784 RX ua=95 mt=R len=7
PKT t=36788 TX ua=95 mt=P len=0
PKT t=36804 RX ua=95 mt=R len=7
PKT t=36809 TX ua=95 mt=P len=0
PKT t=36818 RX ua=95 mt=R len=7
PKT t=36823 TX ua=95 mt=P len=0
PKT t=36832 RX ua=95 mt=R len=7
PKT t=36837 TX ua=95 mt=P len=0
PKT t=36846 RX ua=95 mt=R len=7
PKT t=36854 TX ua=95 mt=T len=7
PKT t=36866 TX ua=95 mt=P len=0
PKT t=36885 RX ua=95 mt=R len=7
PKT t=36890 TX ua=95 mt=P len=0
PKT t=36904 RX ua=95 mt=R len=7
PKT t=36909 TX ua=95 mt=P len=0
PKT t=36918 RX ua=95 mt=R len=7
PKT t=36923 TX ua=95 mt=P len=0
PKT t=36932 RX ua=95 mt=R len=7
PKT t=36937 TX ua=95 mt=P len=0
PKT t=36946 RX ua=95 mt=R len=7
PKT t=36954 TX ua=95 mt=P len=0
PKT t=36984 RX ua=95 mt=R len=7
PKT t=36988 TX ua=95 mt=P len=0
PKT t=37004 RX ua=95 mt=R len=7
PKT t=37009 TX ua=95 mt=P len=0
PKT t=37018 RX ua=95 mt=R len=7
PKT t=37023 TX ua=95 mt=P len=0
PKT t=37032 RX ua=95 mt=R len=7
PKT t=37037 TX ua=95 mt=P len=0
PKT t=37046 RX ua=95 mt=R len=7
PKT t=37054 TX ua=95 mt=P len=0
PKT t=37084 RX ua=95 mt=R len=7
PKT t=37088 TX ua=95 mt=P len=0
PKT t=37104 RX ua=95 mt=R len=7
PKT t=37109 TX ua=95 mt=T len=7
PKT t=37122 TX ua=95 mt=P len=0
PKT t=37131 RX ua=95 mt=R len=7
PKT t=37136 TX ua=95 mt=P len=0
PKT t=37145 RX ua=95 mt=R len=7
PKT t=37154 TX ua=95 mt=P len=0
PKT t=37184 RX ua=95 mt=R len=7
PKT t=37189 TX ua=95 mt=P len=0
PKT t=37204 RX ua=95 mt=R len=7
PKT t=37209 TX ua=95 mt=P len=0
PKT t=37218 RX ua=95 mt=R len=7
PKT t=37223 TX ua=95 mt=P len=0
PKT t=37232 RX ua=95 mt=R len=7
PKT t=37237 TX ua=95 mt=P len=0
PKT t=37246 RX ua=95 mt=R len=7
PKT t=37254 TX ua=95 mt=P len=0
PKT t=37284 RX ua=95 mt=R len=7
PKT t=37289 TX ua=95 mt=P len=0
PKT t=37304 RX ua=95 mt=R len=7
PKT t=37309 TX ua=95 mt=P len=0
PKT t=37318 RX ua=95 mt=R len=7
PKT t=37323 TX ua=95 mt=P len=0
PKT t=37332 RX ua=95 mt=R len=7
PKT t=37337 TX ua=95 mt=P len=0
PKT t=37346 RX ua=95 mt=R len=7
PKT t=37354 TX ua=95 mt=T len=7
PKT t=37367 TX ua=95 mt=P len=0
PKT t=37386 RX ua=95 mt=R len=7
PKT t=37391 TX ua=95 mt=P len=0
PKT t=37404 RX ua=95 mt=R len=7
PKT t=37409 TX ua=95 mt=P len=0
PKT t=37419 RX ua=95 mt=R len=7
PKT t=37424 TX ua=95 mt=P len=0
PKT t=37434 RX ua=95 mt=R len=7
PKT t=37439 TX ua=95 mt=P len=0
PKT t=37454 RX ua=95 mt=R len=7
PKT t=37459 TX ua=95 mt=P len=0
PKT t=37484 RX ua=95 mt=R len=7
PKT t=37489 TX ua=95 mt=P len=0
PKT t=37504 RX ua=95 mt=R len=7
PKT t=37509 TX ua=95 mt=P len=0
PKT t=37519 RX ua=95 mt=R len=7
PKT t=37524 TX ua=95 mt=P len=0
PKT t=37534 RX ua=95 mt=R len=7
PKT t=37539 TX ua=95 mt=P len=0
PKT t=37554 RX ua=95 mt=R len=7
PKT t=37559 TX ua=95 mt=P len=0
PKT t=37584 RX ua=95 mt=R len=7
PKT t=37589 TX ua=95 mt=P len=0
PKT t=37604 RX ua=95 mt=R len=7
PKT t=37609 TX ua=95 mt=T len=7
PKT t=37622 TX ua=95 mt=P len=0
PKT t=37631 RX ua=95 mt=R len=7
PKT t=37636 TX ua=95 mt=P len=0
PKT t=37645 RX ua=95 mt=R len=7
PKT t=37654 TX ua=95 mt=P len=0
PKT t=37684 RX ua=95 mt=R len=7
PKT t=37688 TX ua=95 mt=P len=0
PKT t=37704 RX ua=95 mt=R len=7
PKT t=37709 TX ua=95 mt=P len=0
PKT t=37718 RX ua=95 mt=R len=7
PKT t=37723 TX ua=95 mt=P len=0
PKT t=37732 RX ua=95 mt=R len=7
PKT t=37737 TX ua=95 mt=P len=0
PKT t=37746 RX ua=95 mt=R len=7
PKT t=37754 TX ua=95 mt=P len=0
PKT t=37784 RX ua=95 mt=R len=7
PKT t=37788 TX ua=95 mt=P len=0
PKT t=37804 RX ua=95 mt=R len=7
PKT t=37809 TX ua=95 mt=P len=0
PKT t=37818 RX ua=95 mt=R len=7
PKT t=37823 TX ua=95 mt=P len=0
PKT t=37832 RX ua=95 mt=R len=7
PKT t=37837 TX ua=95 mt=P len=0
PKT t=37846 RX ua=95 mt=R len=7
PKT t=37854 TX ua=95 mt=T len=7
PKT t=37867 TX ua=95 mt=P len=0
PKT t=37885 RX ua=95 mt=R len=7
